INITIAL 0.015843469482518788 [0.9992505586739364, 0.9955394215919106, 0.9945756678298822, 0.9964479304226643, 0.9959228421035877, 0.9970964793962264, 0.9959105506468875, 0.9965338644160915, 0.9945756678298822, 0.9955394215919106, 0.9910157039530597, 0.999189955994715, 0.9956584933009441, 0.9831525248079118, 0.9922903686027034, 0.9823043032414508, 0.990512772587085, 0.9965847906955259, 0.996021654337841, 0.9835604625234814, 0.9713029409821415, 0.9979966086389749, 0.9898204033913953, 0.99825357475597, 0.9897714943053428, 0.989595702702967, 0.9976795417539214, 0.9900154377940855, 0.9976971428409928, 0.9911507995243434, 0.9865328155452825, 0.9765761404878499, 0.9645313681039868, 0.9821589612206669, 0.9723912382925052, 0.9493650708695214, 0.9886989804357029, 0.9962719236178288, 0.9628111258482188, 0.9509767445631462, 0.9824005164449618, 0.9901634153464106, 0.9836273255701857, 0.9750284438008698, 0.9910793722623286] seconds 6.949235026957467
ITER 1 calls 2 loss 0.01337226843308401 mean 0.9866823586434611 min 0.9447123755316832 valid True seconds 11.38
ITER 2 calls 3 loss 0.016764672780892595 mean 0.9842480822903926 min 0.9278137211479651 valid True seconds 15.53
ITER 3 calls 5 loss 0.013629106411055504 mean 0.9862609326996132 min 0.9453143208499761 valid True seconds 24.6
ITER 4 calls 7 loss 0.011704758055907743 mean 0.9878640197932278 min 0.9515792487722716 valid True seconds 34.05
ITER 5 calls 8 loss 0.011251080646045169 mean 0.9882186422625078 min 0.9540944411429827 valid True seconds 38.64
ITER 6 calls 9 loss 0.011013473135567555 mean 0.9884009149833491 min 0.9561461943446997 valid True seconds 43.02
ITER 7 calls 10 loss 0.010821116142952732 mean 0.9885520579746359 min 0.9559612127866897 valid True seconds 47.58
ITER 8 calls 11 loss 0.010554097407342804 mean 0.9887820833762657 min 0.955591885538144 valid True seconds 51.94
ITER 9 calls 12 loss 0.010376189250585711 mean 0.9889450937972477 min 0.9554438649727708 valid True seconds 56.36
ITER 10 calls 13 loss 0.010226632360068374 mean 0.9890860539348664 min 0.9558024806231722 valid True seconds 60.65
SCORES [0.9991808478606257, 0.9968020796636683, 0.9936455464257687, 0.9946960222749622, 0.9971710303111053, 0.9973409825206725, 0.9964364339764653, 0.994678028365257, 0.9936455464257687, 0.9968020796636683, 0.9874385654753134, 0.9985126384286752, 0.9926601955233781, 0.984710563555368, 0.9877244464479831, 0.990143923421077, 0.9937119244696011, 0.9947892162981904, 0.9937435784006683, 0.9882981334851212, 0.9806178032127912, 0.9971546997128402, 0.9931499650331992, 0.9974282944798676, 0.9933367955908871, 0.9927256364518076, 0.9979557110578275, 0.9929960408937282, 0.9979900916988005, 0.9901907112612698, 0.9790339188080877, 0.9857660526169582, 0.9700881731095075, 0.9780998972095856, 0.9787914348055022, 0.9691384119179455, 0.9902531986197617, 0.9956244193308508, 0.9558024806231722, 0.9694518499212773, 0.9885297067125014, 0.9850871878165995, 0.9859745143232306, 0.9849895477911098, 0.9865641010765471]
ITER 11 calls 14 loss 0.009986667005925657 mean 0.9893230217613858 min 0.9566666398932708 valid True seconds 64.72
ITER 12 calls 15 loss 0.00975386951796699 mean 0.9895619154020517 min 0.9580986736506513 valid True seconds 68.81
ITER 13 calls 16 loss 0.00961913699778894 mean 0.9896966088413137 min 0.9594300081393501 valid True seconds 73.08
ITER 14 calls 17 loss 0.009538386632057746 mean 0.9897644155118536 min 0.9602240891103111 valid True seconds 77.02
ITER 15 calls 18 loss 0.009390351928356362 mean 0.9899111759230135 min 0.9625145903425238 valid True seconds 81.73
ITER 16 calls 19 loss 0.00930420036957337 mean 0.990011477375823 min 0.9639974835680242 valid True seconds 85.77
ITER 17 calls 20 loss 0.009151276168655617 mean 0.9901871608449084 min 0.9673095135469432 valid True seconds 89.79
ITER 18 calls 21 loss 0.009072066113277811 mean 0.9902635116710976 min 0.9692094766182866 valid True seconds 93.75
ITER 19 calls 22 loss 0.009017872140564235 mean 0.9903060173697872 min 0.9699925623188715 valid True seconds 97.62
ITER 20 calls 23 loss 0.008950194617188493 mean 0.9903753013496263 min 0.9690465352905265 valid True seconds 100.94
SCORES [0.9994363689568418, 0.9975538717891906, 0.9947423506743958, 0.9946122209260435, 0.9945064476583427, 0.9972766188285493, 0.9963933323059171, 0.9950025020221362, 0.9947423506743958, 0.9975538717891906, 0.9899306371530893, 0.9988351719659272, 0.9934453316722115, 0.9862024560375781, 0.9902204270548026, 0.9872326755885195, 0.9938320885387366, 0.9952329995661278, 0.9939731613875162, 0.9874628458421791, 0.9828269593227883, 0.9958498507916924, 0.9963417698119224, 0.9962032462270743, 0.9964933343415878, 0.9953218909690643, 0.99741169804234, 0.9956517812724673, 0.9974473414010598, 0.9859180474134177, 0.9872660338988292, 0.9895945956664519, 0.9690465352905265, 0.9842526705017977, 0.9795040400038536, 0.977829802019104, 0.9900822786305432, 0.9925012854255926, 0.971666089691658, 0.9790280937427713, 0.986632707716847, 0.987058396972068, 0.9814499044086685, 0.9887285762928848, 0.9845939004464835]
ITER 21 calls 24 loss 0.008921978745801262 mean 0.9904049682846247 min 0.9688876851328763 valid True seconds 104.75
ITER 22 calls 25 loss 0.008885476739217699 mean 0.9904399004237511 min 0.9691890442006148 valid True seconds 108.34
ITER 23 calls 26 loss 0.00886142330738218 mean 0.9904575447580353 min 0.9694467117992374 valid True seconds 112.59
ITER 24 calls 27 loss 0.008815131664697499 mean 0.9904906205808263 min 0.9699582676776867 valid True seconds 116.07
ITER 25 calls 28 loss 0.008771312836092655 mean 0.9905270912483976 min 0.9700109317512822 valid True seconds 119.87
ITER 26 calls 29 loss 0.0086982865951185 mean 0.9905957300194033 min 0.9696144655985601 valid True seconds 123.42
ITER 27 calls 30 loss 0.008664090986346648 mean 0.9906300846440657 min 0.9692223185814702 valid True seconds 126.79
ITER 28 calls 31 loss 0.008645773974168117 mean 0.9906500267765177 min 0.9690134678312023 valid True seconds 130.23
ITER 29 calls 32 loss 0.008614653307515726 mean 0.9906803021360457 min 0.9690569438212422 valid True seconds 134.4
ITER 30 calls 33 loss 0.008545563693828027 mean 0.9907664330045068 min 0.9693282821464749 valid True seconds 137.88
SCORES [0.9994512463676576, 0.9976169871841905, 0.9946316115056346, 0.9954111029133568, 0.994507041935083, 0.9971492499189507, 0.9961660594872268, 0.9949393155211954, 0.9946316115056346, 0.9976169871841905, 0.9893631425537037, 0.9988741608716353, 0.9930497263247859, 0.986920690339792, 0.9898411180320507, 0.9883232157466663, 0.9938856353485545, 0.9951724090469815, 0.9941964909412571, 0.9878675244234859, 0.9839276168374059, 0.9961870388365144, 0.9970304847740706, 0.996524696823831, 0.9972152557208241, 0.996347755555784, 0.9975016965000307, 0.9966487404703408, 0.997558824925085, 0.9865988615254715, 0.9867398081032276, 0.990963245246505, 0.9693282821464749, 0.9838191304924966, 0.9809694705680764, 0.9803124754434768, 0.9909732116060866, 0.9929347826091672, 0.9708595569534487, 0.981803947347527, 0.9873746503430753, 0.9869093987014566, 0.9826424701595533, 0.9892970702533923, 0.9844056861074612]
ITER 31 calls 34 loss 0.008497336681499244 mean 0.9908184286481525 min 0.9697777316265352 valid True seconds 141.29
ITER 32 calls 35 loss 0.008405340762391501 mean 0.990894712417833 min 0.9709649982554689 valid True seconds 144.77
ITER 33 calls 36 loss 0.008364049674571735 mean 0.990926329383377 min 0.9713077785996658 valid True seconds 148.22
ITER 34 calls 37 loss 0.008326922401906613 mean 0.990962396393302 min 0.9714597290327749 valid True seconds 151.93
ITER 35 calls 38 loss 0.008276360201389213 mean 0.9910166439810144 min 0.9714885803868758 valid True seconds 155.63
ITER 36 calls 39 loss 0.00822530612323475 mean 0.9910664243313783 min 0.9709678587049563 valid True seconds 159.03
ITER 37 calls 40 loss 0.008175625266145325 mean 0.9911067320129489 min 0.9706002833893537 valid True seconds 162.63
ITER 38 calls 41 loss 0.008141373377614353 mean 0.9911344218126974 min 0.9706735903771164 valid True seconds 166.47
ITER 39 calls 42 loss 0.008103537210177432 mean 0.9911680791975014 min 0.9710195779444878 valid True seconds 170.18
ITER 40 calls 43 loss 0.008061505440491978 mean 0.9912052936697141 min 0.9718618969068465 valid True seconds 173.53
SCORES [0.9994947614203286, 0.9982566862413451, 0.9956246033634139, 0.9955120498940397, 0.9939807702116302, 0.9970706269972996, 0.9963394552429785, 0.9953571445114185, 0.9956246033634139, 0.9982566862413451, 0.9919095739188462, 0.9989104664330423, 0.9939781459732258, 0.9873776042753136, 0.9889768993354734, 0.9877443820568734, 0.9939381660614757, 0.9949510956678514, 0.9929748934731458, 0.9871773231371653, 0.9854944459271684, 0.9957629185285662, 0.9976736157950074, 0.9961141581522527, 0.9978397270385118, 0.9969722758603518, 0.9974348283817418, 0.9972684488486679, 0.9974951338740596, 0.9881025675006372, 0.986083412722456, 0.9925291886791323, 0.9718618969068465, 0.986624862265956, 0.9798750079435685, 0.9821352658720877, 0.990561139638022, 0.9932141483661382, 0.9724257423868621, 0.9859126807516717, 0.9889545555162897, 0.9874335232197389, 0.9809558889818911, 0.988906878445816, 0.9831499657140799]
ITER 41 calls 44 loss 0.008029798443349665 mean 0.9912309456199103 min 0.9725179069212216 valid True seconds 176.8
ITER 42 calls 45 loss 0.008004260101017891 mean 0.9912468709306351 min 0.972239051503663 valid True seconds 179.98
ITER 43 calls 46 loss 0.007973976061492312 mean 0.991270615688245 min 0.972527720612439 valid True seconds 183.39
ITER 44 calls 47 loss 0.00794528186495213 mean 0.9913022750665613 min 0.9727034014120355 valid True seconds 186.73
ITER 45 calls 48 loss 0.007893287973867142 mean 0.9913644386055934 min 0.9731138427403964 valid True seconds 190.1
ITER 46 calls 49 loss 0.007846139350270105 mean 0.9914135940733099 min 0.9729486475516731 valid True seconds 193.51
ITER 47 calls 50 loss 0.007820804726545358 mean 0.9914333947013017 min 0.9730392397590125 valid True seconds 196.93
ITER 48 calls 51 loss 0.0078018592431235816 mean 0.9914537101581657 min 0.973250149881432 valid True seconds 200.42
ITER 49 calls 52 loss 0.007783167802533632 mean 0.9914808654542528 min 0.9735004492880649 valid True seconds 203.66
ITER 50 calls 53 loss 0.007768148112757006 mean 0.9914974694816329 min 0.973710368474602 valid True seconds 207.64
SCORES [0.9995391565025288, 0.9982696237451998, 0.9961882806794911, 0.9953090144811196, 0.9943322505827541, 0.9970671289118351, 0.9964362930646783, 0.9958767337739189, 0.9961882806794911, 0.9982696237451998, 0.9931429351360627, 0.9988927597606566, 0.9940863973270448, 0.9884564323944176, 0.9891967126301103, 0.9883449250191696, 0.9939589455944754, 0.9947605950072617, 0.9924706403034392, 0.9867885590493717, 0.9873218438884063, 0.9963575896631585, 0.9975220939134727, 0.9967038503852588, 0.9976378296178953, 0.9966794381357413, 0.9975725635885152, 0.9970002005973523, 0.9976227890390925, 0.9905963247057817, 0.9854241283406484, 0.9921940859487153, 0.973710368474602, 0.9866048859691565, 0.9781172078005941, 0.9825381304528911, 0.9908829685135965, 0.9934744042317025, 0.9739633412992487, 0.9873957025667914, 0.9895328237848224, 0.9864698002710244, 0.9812289043100938, 0.988331937065249, 0.984927625721448]
ITER 51 calls 54 loss 0.007750848572532599 mean 0.9915165074346451 min 0.9738598691088378 valid True seconds 211.07
ITER 52 calls 55 loss 0.007737934233016153 mean 0.991529770570646 min 0.9739563640078022 valid True seconds 214.57
ITER 53 calls 56 loss 0.00771576942605137 mean 0.991553824161988 min 0.9740494258055622 valid True seconds 218.51
ITER 54 calls 57 loss 0.007689423159336833 mean 0.9915792737546929 min 0.9740575201764705 valid True seconds 222.56
ITER 55 calls 58 loss 0.007653898153004027 mean 0.991608733274511 min 0.9739240163969946 valid True seconds 226.38
ITER 56 calls 59 loss 0.00762391912894854 mean 0.991633620797423 min 0.9736191876615851 valid True seconds 230.37
ITER 57 calls 60 loss 0.007584933934664331 mean 0.9916699138456528 min 0.9732893753806102 valid True seconds 234.52
ITER 58 calls 61 loss 0.00757265749300016 mean 0.9916790491352415 min 0.9735101593940736 valid True seconds 239.46
ITER 59 calls 62 loss 0.007559902469623499 mean 0.9916879886868497 min 0.9739409063982546 valid True seconds 244.57
ITER 60 calls 63 loss 0.007547129162916583 mean 0.991697012626729 min 0.9743628914882426 valid True seconds 250.02
SCORES [0.9996194802669177, 0.998244545351965, 0.9967494990428016, 0.9951623407595948, 0.9943743180308714, 0.9970498513862603, 0.9967761059559691, 0.9961042102847506, 0.9967494990428016, 0.998244545351965, 0.9932514572420852, 0.99892232038698, 0.9938973390641677, 0.9893877387342453, 0.989882396058196, 0.9892508428536081, 0.9941437641111505, 0.9947564372128284, 0.9930711361210918, 0.9867017417984821, 0.98845302142533, 0.9964399251315511, 0.9975113205023077, 0.9968172765262028, 0.9975748843470058, 0.9963449944265256, 0.9976028634319632, 0.9966957769835327, 0.997612758521771, 0.9909371071965818, 0.9860208179664504, 0.9924535210750178, 0.9743628914882426, 0.9861870033975443, 0.9770278010438695, 0.9829544511143185, 0.991320728063684, 0.9930286324063995, 0.974942197387968, 0.9889275406043586, 0.9897667478109783, 0.9857990912207633, 0.9812836635563399, 0.9882718933498328, 0.985689090167541]
ITER 61 calls 64 loss 0.007523566851887907 mean 0.9917172278195626 min 0.9744679698547954 valid True seconds 254.76
ITER 62 calls 65 loss 0.0074935561910845876 mean 0.9917410916637611 min 0.9739094711527986 valid True seconds 259.14
ITER 63 calls 66 loss 0.007474258466071096 mean 0.9917570007750082 min 0.9737757653122652 valid True seconds 263.6
ITER 64 calls 67 loss 0.007438527817203836 mean 0.9917926021459776 min 0.9736931946915937 valid True seconds 268.38
ITER 65 calls 68 loss 0.007420808443297029 mean 0.9918124975512281 min 0.9737663725861615 valid True seconds 273.51
ITER 66 calls 69 loss 0.007395263041843783 mean 0.9918446007785652 min 0.9738469057909442 valid True seconds 277.85
ITER 67 calls 70 loss 0.007373959714775419 mean 0.9918723114648915 min 0.9739103255401016 valid True seconds 283.27
ITER 68 calls 71 loss 0.007360185098224541 mean 0.9918876204631006 min 0.9737791508744679 valid True seconds 287.92
ITER 69 calls 72 loss 0.007345517648389992 mean 0.9919021657065378 min 0.9735383707334979 valid True seconds 292.93
ITER 70 calls 73 loss 0.007329910471626223 mean 0.9919146242446303 min 0.9731777029123999 valid True seconds 297.98
SCORES [0.9996384992740586, 0.9983427370743685, 0.9967934978573036, 0.9952682298983466, 0.9944245465308472, 0.9967893770760399, 0.9970413355889686, 0.9956992177372307, 0.9967934978573036, 0.9983427370743685, 0.9925188210377884, 0.9989895893695871, 0.9933950234407398, 0.9893513460500816, 0.9903254561802444, 0.9903564325260235, 0.9938665383685945, 0.9945831988381473, 0.9941085019720369, 0.9879643766402553, 0.9883296904252927, 0.9969615539498773, 0.9976523149426968, 0.9973241998938309, 0.9977383332255689, 0.9968427226936307, 0.9978396834520524, 0.9971623965959393, 0.9978331697090098, 0.9909414530635885, 0.9859091949989593, 0.9926080215365655, 0.9764299337894949, 0.9844997383550927, 0.9788891436545185, 0.9830696207224174, 0.9927415172463551, 0.9931949547796151, 0.9731777029123999, 0.989019999859616, 0.9908134742003301, 0.9853564377474581, 0.9829872107801435, 0.9880842867510534, 0.9861583753305151]
ITER 71 calls 74 loss 0.00730454389398328 mean 0.9919361309828035 min 0.9728540470780153 valid True seconds 303.2
ITER 72 calls 75 loss 0.007273293700460694 mean 0.9919670956710931 min 0.972878825689659 valid True seconds 307.84
ITER 73 calls 76 loss 0.007238028362479153 mean 0.9920027848028279 min 0.9731124263229103 valid True seconds 312.38
ITER 74 calls 77 loss 0.007196280712682307 mean 0.9920517513341339 min 0.974241054140758 valid True seconds 317.02
ITER 75 calls 78 loss 0.0071764296470008095 mean 0.9920787345099452 min 0.9749364977615234 valid True seconds 321.25
ITER 76 calls 79 loss 0.0071661029652751625 mean 0.9920899804959699 min 0.9748744956437245 valid True seconds 325.82
ITER 77 calls 80 loss 0.0071499558145048285 mean 0.992103699774547 min 0.9743782922217231 valid True seconds 330.38
ITER 78 calls 81 loss 0.007133713783909758 mean 0.9921139302423706 min 0.9737555198993164 valid True seconds 335.18
ITER 79 calls 82 loss 0.0071127477937136495 mean 0.9921246423191293 min 0.9729348758310117 valid True seconds 340.84
ITER 80 calls 83 loss 0.007094314392629755 mean 0.9921387232159133 min 0.9729135940170761 valid True seconds 346.35
SCORES [0.9996535287278681, 0.998574528943987, 0.9976762492836201, 0.9951957978830719, 0.9944630190781673, 0.996855933942407, 0.9977688485985978, 0.9958799716412123, 0.9976762492836201, 0.998574528943987, 0.9931788628710884, 0.998922568962546, 0.9936688131725863, 0.989421499458199, 0.9900420948840755, 0.991191245752568, 0.9938974982590236, 0.9945420940346318, 0.9941942930080967, 0.9888158622731072, 0.9884310423416254, 0.9970910715349218, 0.9976238279457235, 0.9974404538593156, 0.9976744189435088, 0.9968790394283091, 0.9979240664751003, 0.9971789255349259, 0.99786995592567, 0.9911892904025675, 0.9858087632914986, 0.9933195643657627, 0.9784479748451451, 0.9845561161484347, 0.9793692938065413, 0.9824005951657308, 0.9927300124827599, 0.9934324432495317, 0.9729135940170761, 0.9900983203546075, 0.9915446938262839, 0.985384914383545, 0.9839266216447489, 0.9874595152559574, 0.9853545404843485]
ITER 81 calls 84 loss 0.007065985534951918 mean 0.9921710646086745 min 0.9737291564551266 valid True seconds 351.57
ITER 82 calls 85 loss 0.007042402677989877 mean 0.9922050289111088 min 0.9748637766670928 valid True seconds 357.06
ITER 83 calls 86 loss 0.0070295627463820495 mean 0.9922265967285616 min 0.9755573389862482 valid True seconds 361.92
ITER 84 calls 87 loss 0.007018774037699271 mean 0.9922435012630668 min 0.9759390399526465 valid True seconds 367.23
ITER 85 calls 88 loss 0.007007641330958243 mean 0.9922566046877119 min 0.9759692421529389 valid True seconds 372.42
ITER 86 calls 89 loss 0.007000306238904391 mean 0.9922611839542345 min 0.9757030422795135 valid True seconds 377.65
ITER 87 calls 90 loss 0.006993670247319787 mean 0.9922641127623998 min 0.9753843580979514 valid True seconds 382.52
ITER 88 calls 91 loss 0.006983766776740556 mean 0.9922705623303505 min 0.9750765063504542 valid True seconds 387.63
ITER 89 calls 92 loss 0.006966421264249964 mean 0.99228403129719 min 0.9747947688464791 valid True seconds 393.15
ITER 90 calls 93 loss 0.006940286969932706 mean 0.9923096965256639 min 0.9748375200911638 valid True seconds 398.39
SCORES [0.9996144165679202, 0.9987532358767179, 0.9978008116414742, 0.9948413766069438, 0.9947501566002032, 0.9969281768687045, 0.9976375176804108, 0.9959737948154561, 0.9978008116414742, 0.9987532358767179, 0.9934508842028116, 0.9989934768286963, 0.993728971628084, 0.9897472268610453, 0.9910007478502724, 0.9896610240086374, 0.9942013606209329, 0.9945189167750195, 0.994417372574398, 0.9879327299857023, 0.9887350541255226, 0.9974707339410713, 0.9977023166276366, 0.9978040042941213, 0.997766544255316, 0.996871976793038, 0.9981830971832492, 0.9971556264869473, 0.9981313226613424, 0.9919555014285519, 0.986920225434434, 0.9937799070585812, 0.9789570779087401, 0.9828313282371863, 0.979764154123236, 0.9829752670391627, 0.9928657012618487, 0.994024878696662, 0.9748375200911638, 0.9906658722545889, 0.99089229467974, 0.9842237363371069, 0.9841453171810615, 0.9884499321175985, 0.9863207079253521]
ITER 91 calls 94 loss 0.006915781626930248 mean 0.9923372840366178 min 0.9753205746014774 valid True seconds 438.86
ITER 92 calls 95 loss 0.006882990459062568 mean 0.9923758781883606 min 0.9760496408156348 valid True seconds 444.45
ITER 93 calls 96 loss 0.00686448113838642 mean 0.9923918204577696 min 0.9761716633657386 valid True seconds 450.54
ITER 94 calls 97 loss 0.006852069610784337 mean 0.9923971473415509 min 0.9758506626481822 valid True seconds 456.19
ITER 95 calls 98 loss 0.006841526140037075 mean 0.9923975561766377 min 0.9753214743397368 valid True seconds 462.31
ITER 96 calls 99 loss 0.006830591854007007 mean 0.9923998737464345 min 0.9748811536555474 valid True seconds 468.85
ITER 97 calls 100 loss 0.006815259223253662 mean 0.9924101299617839 min 0.9746710966928118 valid True seconds 475.82
ITER 98 calls 101 loss 0.0067970399932958305 mean 0.992432341405763 min 0.9749418338473168 valid True seconds 481.69
ITER 99 calls 102 loss 0.006781057603440544 mean 0.9924634357256235 min 0.9757381082901369 valid True seconds 489.8
ITER 100 calls 103 loss 0.0067746275487771904 mean 0.9924783940352795 min 0.9761159840406903 valid True seconds 496.73
SCORES [0.9996271763725881, 0.9987714737985743, 0.9981722919896379, 0.9948896257429422, 0.9944271573189644, 0.9969989440795652, 0.997852764397921, 0.9962336041623719, 0.9981722919896379, 0.9987714737985743, 0.9939053419023188, 0.9989942452666523, 0.9941054138116217, 0.9902188946429286, 0.9911058387343645, 0.9895688763897547, 0.9942751091749815, 0.99467473065193, 0.9943405791801125, 0.9878980396041318, 0.9890101492593681, 0.9974780653196956, 0.9977362259131588, 0.9978111884553008, 0.9977922830801861, 0.9969249834759658, 0.9982083798237513, 0.9972054962916107, 0.9981599641637735, 0.9922710419564482, 0.9874713051580524, 0.9947481562181667, 0.9788385286101028, 0.983034033169825, 0.9797390530133392, 0.9833936129043964, 0.9928030880594725, 0.9941520679238738, 0.9761159840406903, 0.9920227259319068, 0.9904553388011422, 0.984037349886579, 0.9841331984566495, 0.9888032498658589, 0.9861783887986899]
