INITIAL 28 0.15611916591167999
BEST 28 loss 0.15611916591167999 fidelity 0.8499741325795597
ITER 0 loss 0.15240526620416533 best 0.15611916591167999 seconds 2.8206424560630694
BEST 28 loss 0.15240526620416533 fidelity 0.8534015750875253
ITER 1 loss 0.15062721069649265 best 0.15240526620416533 seconds 5.442215429968201
BEST 28 loss 0.15062721069649265 fidelity 0.8550449284540588
ITER 2 loss 0.14843884492445925 best 0.15062721069649265 seconds 8.356227557989769
BEST 28 loss 0.14843884492445925 fidelity 0.8570696777461677
ITER 3 loss 0.1483730135904722 best 0.14843884492445925 seconds 10.67898313200567
BEST 28 loss 0.1483730135904722 fidelity 0.8571306242000074
ITER 4 loss 0.14837301359014107 best 0.1483730135904722 seconds 13.234118435997516
BEST 28 loss 0.14837301359014107 fidelity 0.8571306242003139
ITER 5 loss 0.1483730135900358 best 0.14837301359014107 seconds 15.637597599998116
BEST 28 loss 0.1483730135900358 fidelity 0.8571306242004114
ITER 6 loss 0.1483730135900358 best 0.1483730135900358 seconds 19.090799245983362
ITER 7 loss 0.14890983896945237 best 0.1483730135900358 seconds 22.76066427899059
ITER 8 loss 0.1483730135902485 best 0.1483730135900358 seconds 26.70032570103649
ITER 9 loss 0.14837301359006855 best 0.1483730135900358 seconds 29.125313471071422
ITER 10 loss 0.14837301359001234 best 0.1483730135900358 seconds 32.55983300704975
BEST 28 loss 0.14837301359001234 fidelity 0.8571306242004332
ITER 11 loss 0.1489098389694523 best 0.14837301359001234 seconds 35.65277069504373
ITER 12 loss 0.14837301359024846 best 0.14837301359001234 seconds 38.37496317597106
ITER 13 loss 0.1497358951286385 best 0.14837301359001234 seconds 42.53693383501377
ITER 14 loss 0.14837301359024793 best 0.14837301359001234 seconds 46.68273697106633
ITER 15 loss 0.14837301359006969 best 0.14837301359001234 seconds 50.11420846998226
ITER 16 loss 0.1483730135900131 best 0.14837301359001234 seconds 52.65501651598606
ITER 17 loss 0.1484388449246457 best 0.14837301359001234 seconds 55.16417092096526
ITER 18 loss 0.1483730135904722 best 0.14837301359001234 seconds 57.62214088696055
ITER 19 loss 0.14837301359014105 best 0.14837301359001234 seconds 60.31962546496652
ITER 20 loss 0.1483730135900358 best 0.14837301359001234 seconds 64.04679491603747
ITER 21 loss 0.14926461798092444 best 0.14837301359001234 seconds 66.35609419597313
ITER 22 loss 0.14837301359030075 best 0.14837301359001234 seconds 69.10145275807008
ITER 23 loss 0.14837301359008645 best 0.14837301359001234 seconds 71.84655871603172
ITER 24 loss 0.1483730135900184 best 0.14837301359001234 seconds 74.56161399499979
ITER 25 loss 0.1483730135900184 best 0.14837301359001234 seconds 77.26664677099325
ITER 26 loss 0.14837301358999683 best 0.14837301359001234 seconds 80.2341928089736
BEST 28 loss 0.14837301358999683 fidelity 0.8571306242004476
ITER 27 loss 0.6234122714372741 best 0.14837301358999683 seconds 84.17558772303164
ITER 28 loss 0.40693567335115804 best 0.14837301358999683 seconds 91.56645918800496
ITER 29 loss 0.3303723844731984 best 0.14837301358999683 seconds 97.83104436995927
