[
  {
    "case": "g1_control",
    "broadening": 0.032,
    "pin_potential": 1.65,
    "width": 12,
    "energy_count": 31,
    "completed_runs": 0,
    "completed_stages": 0,
    "total_nfev": 0,
    "optimizer_seconds_sum": 0,
    "optimizer_cpu_seconds_sum": 0,
    "best_spectral": null,
    "best_valid": null,
    "passing_stages": 0,
    "witness_verified": true
  },
  {
    "case": "u12_eta0.004_v1.65",
    "broadening": 0.004,
    "pin_potential": 1.65,
    "width": 12,
    "energy_count": 301,
    "completed_runs": 0,
    "completed_stages": 0,
    "total_nfev": 0,
    "optimizer_seconds_sum": 0,
    "optimizer_cpu_seconds_sum": 0,
    "best_spectral": null,
    "best_valid": null,
    "passing_stages": 0,
    "witness_verified": true
  },
  {
    "case": "u12_eta0.004_v3.2",
    "broadening": 0.004,
    "pin_potential": 3.2,
    "width": 12,
    "energy_count": 301,
    "completed_runs": 0,
    "completed_stages": 0,
    "total_nfev": 0,
    "optimizer_seconds_sum": 0,
    "optimizer_cpu_seconds_sum": 0,
    "best_spectral": null,
    "best_valid": null,
    "passing_stages": 0,
    "witness_verified": true
  },
  {
    "case": "u12_eta0.004_v6",
    "broadening": 0.004,
    "pin_potential": 6.0,
    "width": 12,
    "energy_count": 301,
    "completed_runs": 0,
    "completed_stages": 0,
    "total_nfev": 0,
    "optimizer_seconds_sum": 0,
    "optimizer_cpu_seconds_sum": 0,
    "best_spectral": null,
    "best_valid": null,
    "passing_stages": 0,
    "witness_verified": true
  },
  {
    "case": "u12_eta0.008_v1.65",
    "broadening": 0.008,
    "pin_potential": 1.65,
    "width": 12,
    "energy_count": 151,
    "completed_runs": 0,
    "completed_stages": 0,
    "total_nfev": 0,
    "optimizer_seconds_sum": 0,
    "optimizer_cpu_seconds_sum": 0,
    "best_spectral": null,
    "best_valid": null,
    "passing_stages": 0,
    "witness_verified": true
  },
  {
    "case": "u12_eta0.008_v3.2",
    "broadening": 0.008,
    "pin_potential": 3.2,
    "width": 12,
    "energy_count": 151,
    "completed_runs": 0,
    "completed_stages": 0,
    "total_nfev": 0,
    "optimizer_seconds_sum": 0,
    "optimizer_cpu_seconds_sum": 0,
    "best_spectral": null,
    "best_valid": null,
    "passing_stages": 0,
    "witness_verified": true
  },
  {
    "case": "u12_eta0.008_v6",
    "broadening": 0.008,
    "pin_potential": 6.0,
    "width": 12,
    "energy_count": 151,
    "completed_runs": 0,
    "completed_stages": 0,
    "total_nfev": 0,
    "optimizer_seconds_sum": 0,
    "optimizer_cpu_seconds_sum": 0,
    "best_spectral": null,
    "best_valid": null,
    "passing_stages": 0,
    "witness_verified": true
  },
  {
    "case": "u12_eta0.02_v1.65",
    "broadening": 0.02,
    "pin_potential": 1.65,
    "width": 12,
    "energy_count": 61,
    "completed_runs": 0,
    "completed_stages": 0,
    "total_nfev": 0,
    "optimizer_seconds_sum": 0,
    "optimizer_cpu_seconds_sum": 0,
    "best_spectral": null,
    "best_valid": null,
    "passing_stages": 0,
    "witness_verified": true
  },
  {
    "case": "u12_eta0.02_v3.2",
    "broadening": 0.02,
    "pin_potential": 3.2,
    "width": 12,
    "energy_count": 61,
    "completed_runs": 0,
    "completed_stages": 0,
    "total_nfev": 0,
    "optimizer_seconds_sum": 0,
    "optimizer_cpu_seconds_sum": 0,
    "best_spectral": null,
    "best_valid": null,
    "passing_stages": 0,
    "witness_verified": true
  },
  {
    "case": "u12_eta0.02_v6",
    "broadening": 0.02,
    "pin_potential": 6.0,
    "width": 12,
    "energy_count": 61,
    "completed_runs": 0,
    "completed_stages": 0,
    "total_nfev": 0,
    "optimizer_seconds_sum": 0,
    "optimizer_cpu_seconds_sum": 0,
    "best_spectral": null,
    "best_valid": null,
    "passing_stages": 0,
    "witness_verified": true
  },
  {
    "case": "u12_eta0.04_v1.65",
    "broadening": 0.04,
    "pin_potential": 1.65,
    "width": 12,
    "energy_count": 31,
    "completed_runs": 0,
    "completed_stages": 0,
    "total_nfev": 0,
    "optimizer_seconds_sum": 0,
    "optimizer_cpu_seconds_sum": 0,
    "best_spectral": null,
    "best_valid": null,
    "passing_stages": 0,
    "witness_verified": true
  },
  {
    "case": "u12_eta0.04_v3.2",
    "broadening": 0.04,
    "pin_potential": 3.2,
    "width": 12,
    "energy_count": 31,
    "completed_runs": 0,
    "completed_stages": 0,
    "total_nfev": 0,
    "optimizer_seconds_sum": 0,
    "optimizer_cpu_seconds_sum": 0,
    "best_spectral": null,
    "best_valid": null,
    "passing_stages": 0,
    "witness_verified": true
  },
  {
    "case": "u12_eta0.04_v6",
    "broadening": 0.04,
    "pin_potential": 6.0,
    "width": 12,
    "energy_count": 31,
    "completed_runs": 0,
    "completed_stages": 0,
    "total_nfev": 0,
    "optimizer_seconds_sum": 0,
    "optimizer_cpu_seconds_sum": 0,
    "best_spectral": null,
    "best_valid": null,
    "passing_stages": 0,
    "witness_verified": true
  },
  {
    "case": "u14_eta0.008_v3.2",
    "broadening": 0.008,
    "pin_potential": 3.2,
    "width": 14,
    "energy_count": 151,
    "completed_runs": 0,
    "completed_stages": 0,
    "total_nfev": 0,
    "optimizer_seconds_sum": 0,
    "optimizer_cpu_seconds_sum": 0,
    "best_spectral": null,
    "best_valid": null,
    "passing_stages": 0,
    "witness_verified": true
  },
  {
    "case": "u16_eta0.004_v6",
    "broadening": 0.004,
    "pin_potential": 6.0,
    "width": 16,
    "energy_count": 301,
    "completed_runs": 0,
    "completed_stages": 0,
    "total_nfev": 0,
    "optimizer_seconds_sum": 0,
    "optimizer_cpu_seconds_sum": 0,
    "best_spectral": null,
    "best_valid": null,
    "passing_stages": 0,
    "witness_verified": true
  }
]
