{"event": "stage", "case": "u12_eta0.004_v1.65", "mode": "cdf", "seed": 10, "stage": 0, "nfev": 200, "optimizer_seconds": 115.407409137988, "continuous_relative_rmse": 0.3250462586669595, "score": {"relative_rmse": 1.0917530255450922, "family_errors": [1.0542674947326571, 1.1553300290632371, 1.0627824706192017], "core_score": 0.0, "worst_family_score": 0.0, "valid": true, "checker_seconds": 0.09168672398664057, "passed": false}}
{"event": "stage", "case": "u12_eta0.004_v1.65", "mode": "cdf", "seed": 10, "stage": 1, "nfev": 200, "optimizer_seconds": 101.83466649602633, "continuous_relative_rmse": 0.00036110085588668303, "score": {"relative_rmse": 3.4191297358366793e-13, "family_errors": [3.691395439150094e-13, 1.9265399555205674e-13, 4.211102939023515e-13], "core_score": 0.999999999999658, "worst_family_score": 0.9999999999995789, "valid": true, "checker_seconds": 0.08568832202581689, "passed": true}}
{"event": "stage", "case": "u12_eta0.004_v1.65", "mode": "cdf", "seed": 10, "stage": 2, "nfev": 4, "optimizer_seconds": 1.4595159320160747, "continuous_relative_rmse": 0.00024388490788645393, "score": {"relative_rmse": 3.4191297358366793e-13, "family_errors": [3.691395439150094e-13, 1.9265399555205674e-13, 4.211102939023515e-13], "core_score": 0.999999999999658, "worst_family_score": 0.9999999999995789, "valid": true, "checker_seconds": 0.08590561698656529, "passed": true}}
{"event": "finished", "case": "u12_eta0.004_v1.65", "mode": "cdf", "seed": 10, "score": {"relative_rmse": 3.4191297358366793e-13, "family_errors": [3.691395439150094e-13, 1.9265399555205674e-13, 4.211102939023515e-13], "core_score": 0.999999999999658, "worst_family_score": 0.9999999999995789, "valid": true, "checker_seconds": 0.08568832202581689, "passed": true}, "seconds": 219.00010551902233}
[
  {
    "case": "g1_control",
    "broadening": 0.032,
    "pin_potential": 1.65,
    "width": 12,
    "energy_count": 31,
    "completed_runs": 4,
    "completed_stages": 7,
    "total_nfev": 897,
    "optimizer_seconds_sum": 122.61622645508032,
    "optimizer_cpu_seconds_sum": 122.54818557499999,
    "best_spectral": {
      "relative_rmse": 3.5195648253669444e-14,
      "family_errors": [
        3.8410773902393006e-14,
        3.8990823698171363e-14,
        2.684267280926842e-14
      ],
      "core_score": 0.9999999999999648,
      "worst_family_score": 0.999999999999961,
      "valid": true,
      "checker_seconds": 0.0809070710092783,
      "passed": true
    },
    "best_valid": {
      "relative_rmse": 3.5195648253669444e-14,
      "family_errors": [
        3.8410773902393006e-14,
        3.8990823698171363e-14,
        2.684267280926842e-14
      ],
      "core_score": 0.9999999999999648,
      "worst_family_score": 0.999999999999961,
      "valid": true,
      "checker_seconds": 0.0809070710092783,
      "passed": true
    },
    "passing_stages": 1,
    "witness_verified": true
  },
  {
    "case": "u12_eta0.004_v1.65",
    "broadening": 0.004,
    "pin_potential": 1.65,
    "width": 12,
    "energy_count": 301,
    "completed_runs": 4,
    "completed_stages": 6,
    "total_nfev": 1004,
    "optimizer_seconds_sum": 600.8276729110512,
    "optimizer_cpu_seconds_sum": 600.7179701169999,
    "best_spectral": {
      "relative_rmse": 3.4191297358366793e-13,
      "family_errors": [
        3.691395439150094e-13,
        1.9265399555205674e-13,
        4.211102939023515e-13
      ],
      "core_score": 0.999999999999658,
      "worst_family_score": 0.9999999999995789,
      "valid": true,
      "checker_seconds": 0.08568832202581689,
      "passed": true
    },
    "best_valid": {
      "relative_rmse": 3.4191297358366793e-13,
      "family_errors": [
        3.691395439150094e-13,
        1.9265399555205674e-13,
        4.211102939023515e-13
      ],
      "core_score": 0.999999999999658,
      "worst_family_score": 0.9999999999995789,
      "valid": true,
      "checker_seconds": 0.08568832202581689,
      "passed": true
    },
    "passing_stages": 2,
    "witness_verified": true
  },
  {
    "case": "u12_eta0.004_v3.2",
    "broadening": 0.004,
    "pin_potential": 3.2,
    "width": 12,
    "energy_count": 301,
    "completed_runs": 3,
    "completed_stages": 3,
    "total_nfev": 600,
    "optimizer_seconds_sum": 398.5405296050012,
    "optimizer_cpu_seconds_sum": 398.41641941200004,
    "best_spectral": {
      "relative_rmse": 1.7456817987032964,
      "family_errors": [
        1.7996975762109322,
        1.5894295409957033,
        1.837666236116508
      ],
      "core_score": 0.0,
      "worst_family_score": 0.0,
      "valid": true,
      "checker_seconds": 0.09792412701062858,
      "passed": false
    },
    "best_valid": {
      "relative_rmse": 1.7456817987032964,
      "family_errors": [
        1.7996975762109322,
        1.5894295409957033,
        1.837666236116508
      ],
      "core_score": 0.0,
      "worst_family_score": 0.0,
      "valid": true,
      "checker_seconds": 0.09792412701062858,
      "passed": false
    },
    "passing_stages": 0,
    "witness_verified": true
  },
  {
    "case": "u12_eta0.004_v6",
    "broadening": 0.004,
    "pin_potential": 6.0,
    "width": 12,
    "energy_count": 301,
    "completed_runs": 3,
    "completed_stages": 3,
    "total_nfev": 600,
    "optimizer_seconds_sum": 390.995448050031,
    "optimizer_cpu_seconds_sum": 390.92440676399997,
    "best_spectral": {
      "relative_rmse": 3.798062721255953,
      "family_errors": [
        3.8146474535793784,
        3.6592435963672147,
        3.91589611853129
      ],
      "core_score": 0.0,
      "worst_family_score": 0.0,
      "valid": true,
      "checker_seconds": 0.10259747295640409,
      "passed": false
    },
    "best_valid": {
      "relative_rmse": 3.798062721255953,
      "family_errors": [
        3.8146474535793784,
        3.6592435963672147,
        3.91589611853129
      ],
      "core_score": 0.0,
      "worst_family_score": 0.0,
      "valid": true,
      "checker_seconds": 0.10259747295640409,
      "passed": false
    },
    "passing_stages": 0,
    "witness_verified": true
  },
  {
    "case": "u12_eta0.008_v1.65",
    "broadening": 0.008,
    "pin_potential": 1.65,
    "width": 12,
    "energy_count": 151,
    "completed_runs": 3,
    "completed_stages": 3,
    "total_nfev": 586,
    "optimizer_seconds_sum": 230.9230551389628,
    "optimizer_cpu_seconds_sum": 230.887475263,
    "best_spectral": {
      "relative_rmse": 1.6860623986257513e-13,
      "family_errors": [
        1.8231706188710594e-13,
        9.500758593458645e-14,
        2.0740838922648232e-13
      ],
      "core_score": 0.9999999999998314,
      "worst_family_score": 0.9999999999997926,
      "valid": true,
      "checker_seconds": 0.09402134799165651,
      "passed": true
    },
    "best_valid": {
      "relative_rmse": 1.6860623986257513e-13,
      "family_errors": [
        1.8231706188710594e-13,
        9.500758593458645e-14,
        2.0740838922648232e-13
      ],
      "core_score": 0.9999999999998314,
      "worst_family_score": 0.9999999999997926,
      "valid": true,
      "checker_seconds": 0.09402134799165651,
      "passed": true
    },
    "passing_stages": 2,
    "witness_verified": true
  },
  {
    "case": "u12_eta0.008_v3.2",
    "broadening": 0.008,
    "pin_potential": 3.2,
    "width": 12,
    "energy_count": 151,
    "completed_runs": 9,
    "completed_stages": 17,
    "total_nfev": 3139,
    "optimizer_seconds_sum": 1037.6876449271804,
    "optimizer_cpu_seconds_sum": 1037.453844693,
    "best_spectral": {
      "relative_rmse": 1.3131544761705558,
      "family_errors": [
        1.2998448919547823,
        1.378390468409456,
        1.258398588809333
      ],
      "core_score": 0.0,
      "worst_family_score": 0.0,
      "valid": true,
      "checker_seconds": 0.07262534799519926,
      "passed": false
    },
    "best_valid": {
      "relative_rmse": 1.3131544761705558,
      "family_errors": [
        1.2998448919547823,
        1.378390468409456,
        1.258398588809333
      ],
      "core_score": 0.0,
      "worst_family_score": 0.0,
      "valid": true,
      "checker_seconds": 0.07262534799519926,
      "passed": false
    },
    "passing_stages": 0,
    "witness_verified": true
  },
  {
    "case": "u12_eta0.008_v6",
    "broadening": 0.008,
    "pin_potential": 6.0,
    "width": 12,
    "energy_count": 151,
    "completed_runs": 3,
    "completed_stages": 3,
    "total_nfev": 600,
    "optimizer_seconds_sum": 234.91085686004953,
    "optimizer_cpu_seconds_sum": 234.827983963,
    "best_spectral": {
      "relative_rmse": 3.434609176517503,
      "family_errors": [
        3.5299083654583594,
        3.4023730450657568,
        3.3694547303579814
      ],
      "core_score": 0.0,
      "worst_family_score": 0.0,
      "valid": true,
      "checker_seconds": 0.1389828950050287,
      "passed": false
    },
    "best_valid": {
      "relative_rmse": 3.434609176517503,
      "family_errors": [
        3.5299083654583594,
        3.4023730450657568,
        3.3694547303579814
      ],
      "core_score": 0.0,
      "worst_family_score": 0.0,
      "valid": true,
      "checker_seconds": 0.1389828950050287,
      "passed": false
    },
    "passing_stages": 0,
    "witness_verified": true
  },
  {
    "case": "u12_eta0.02_v1.65",
    "broadening": 0.02,
    "pin_potential": 1.65,
    "width": 12,
    "energy_count": 61,
    "completed_runs": 3,
    "completed_stages": 3,
    "total_nfev": 345,
    "optimizer_seconds_sum": 69.50112486700527,
    "optimizer_cpu_seconds_sum": 69.48675650300001,
    "best_spectral": {
      "relative_rmse": 6.168074230995509e-14,
      "family_errors": [
        6.757029869447298e-14,
        3.590983275120566e-14,
        7.455387690684765e-14
      ],
      "core_score": 0.9999999999999383,
      "worst_family_score": 0.9999999999999254,
      "valid": true,
      "checker_seconds": 0.0800222439575009,
      "passed": true
    },
    "best_valid": {
      "relative_rmse": 6.168074230995509e-14,
      "family_errors": [
        6.757029869447298e-14,
        3.590983275120566e-14,
        7.455387690684765e-14
      ],
      "core_score": 0.9999999999999383,
      "worst_family_score": 0.9999999999999254,
      "valid": true,
      "checker_seconds": 0.0800222439575009,
      "passed": true
    },
    "passing_stages": 2,
    "witness_verified": true
  },
  {
    "case": "u12_eta0.02_v3.2",
    "broadening": 0.02,
    "pin_potential": 3.2,
    "width": 12,
    "energy_count": 61,
    "completed_runs": 3,
    "completed_stages": 3,
    "total_nfev": 600,
    "optimizer_seconds_sum": 122.99609540292295,
    "optimizer_cpu_seconds_sum": 122.98215717400001,
    "best_spectral": {
      "relative_rmse": 0.891749496139389,
      "family_errors": [
        0.8973515715952466,
        0.9725450913704871,
        0.7965975733086782
      ],
      "core_score": 0.10825050386061097,
      "worst_family_score": 0.027454908629512942,
      "valid": true,
      "checker_seconds": 0.07953307795105502,
      "passed": false
    },
    "best_valid": {
      "relative_rmse": 0.891749496139389,
      "family_errors": [
        0.8973515715952466,
        0.9725450913704871,
        0.7965975733086782
      ],
      "core_score": 0.10825050386061097,
      "worst_family_score": 0.027454908629512942,
      "valid": true,
      "checker_seconds": 0.07953307795105502,
      "passed": false
    },
    "passing_stages": 0,
    "witness_verified": true
  },
  {
    "case": "u12_eta0.02_v6",
    "broadening": 0.02,
    "pin_potential": 6.0,
    "width": 12,
    "energy_count": 61,
    "completed_runs": 9,
    "completed_stages": 17,
    "total_nfev": 2847,
    "optimizer_seconds_sum": 558.6388329938636,
    "optimizer_cpu_seconds_sum": 558.536106692,
    "best_spectral": {
      "relative_rmse": 0.9300125861894285,
      "family_errors": [
        0.9383220189835152,
        0.9099643936220942,
        0.9414280760859651
      ],
      "core_score": 0.0699874138105715,
      "worst_family_score": 0.058571923914034874,
      "valid": true,
      "checker_seconds": 0.07210935797775164,
      "passed": false
    },
    "best_valid": {
      "relative_rmse": 0.9300125861894285,
      "family_errors": [
        0.9383220189835152,
        0.9099643936220942,
        0.9414280760859651
      ],
      "core_score": 0.0699874138105715,
      "worst_family_score": 0.058571923914034874,
      "valid": true,
      "checker_seconds": 0.07210935797775164,
      "passed": false
    },
    "passing_stages": 0,
    "witness_verified": true
  },
  {
    "case": "u12_eta0.04_v1.65",
    "broadening": 0.04,
    "pin_potential": 1.65,
    "width": 12,
    "energy_count": 31,
    "completed_runs": 3,
    "completed_stages": 3,
    "total_nfev": 265,
    "optimizer_seconds_sum": 36.162788768997416,
    "optimizer_cpu_seconds_sum": 36.159609337000006,
    "best_spectral": {
      "relative_rmse": 2.5221409359460638e-14,
      "family_errors": [
        2.7417275052120715e-14,
        1.7271700511995092e-14,
        2.9297437778289986e-14
      ],
      "core_score": 0.9999999999999748,
      "worst_family_score": 0.9999999999999707,
      "valid": true,
      "checker_seconds": 0.07858468301128596,
      "passed": true
    },
    "best_valid": {
      "relative_rmse": 2.5221409359460638e-14,
      "family_errors": [
        2.7417275052120715e-14,
        1.7271700511995092e-14,
        2.9297437778289986e-14
      ],
      "core_score": 0.9999999999999748,
      "worst_family_score": 0.9999999999999707,
      "valid": true,
      "checker_seconds": 0.07858468301128596,
      "passed": true
    },
    "passing_stages": 3,
    "witness_verified": true
  },
  {
    "case": "u12_eta0.04_v3.2",
    "broadening": 0.04,
    "pin_potential": 3.2,
    "width": 12,
    "energy_count": 31,
    "completed_runs": 3,
    "completed_stages": 3,
    "total_nfev": 550,
    "optimizer_seconds_sum": 74.35789873194881,
    "optimizer_cpu_seconds_sum": 74.34944235200001,
    "best_spectral": {
      "relative_rmse": 0.5203681261290607,
      "family_errors": [
        0.507741662009922,
        0.4927088991004946,
        0.5583773862539483
      ],
      "core_score": 0.4796318738709393,
      "worst_family_score": 0.4416226137460517,
      "valid": true,
      "checker_seconds": 0.10078170197084546,
      "passed": false
    },
    "best_valid": {
      "relative_rmse": 0.5203681261290607,
      "family_errors": [
        0.507741662009922,
        0.4927088991004946,
        0.5583773862539483
      ],
      "core_score": 0.4796318738709393,
      "worst_family_score": 0.4416226137460517,
      "valid": true,
      "checker_seconds": 0.10078170197084546,
      "passed": false
    },
    "passing_stages": 0,
    "witness_verified": true
  },
  {
    "case": "u12_eta0.04_v6",
    "broadening": 0.04,
    "pin_potential": 6.0,
    "width": 12,
    "energy_count": 31,
    "completed_runs": 6,
    "completed_stages": 14,
    "total_nfev": 1842,
    "optimizer_seconds_sum": 226.1309824672062,
    "optimizer_cpu_seconds_sum": 226.037946334,
    "best_spectral": {
      "relative_rmse": 0.8045740038487607,
      "family_errors": [
        0.8052815045533666,
        0.8265698249946147,
        0.7812310835087881
      ],
      "core_score": 0.19542599615123935,
      "worst_family_score": 0.17343017500538527,
      "valid": true,
      "checker_seconds": 0.0648842949885875,
      "passed": false
    },
    "best_valid": {
      "relative_rmse": 0.8045740038487607,
      "family_errors": [
        0.8052815045533666,
        0.8265698249946147,
        0.7812310835087881
      ],
      "core_score": 0.19542599615123935,
      "worst_family_score": 0.17343017500538527,
      "valid": true,
      "checker_seconds": 0.0648842949885875,
      "passed": false
    },
    "passing_stages": 0,
    "witness_verified": true
  },
  {
    "case": "u14_eta0.008_v3.2",
    "broadening": 0.008,
    "pin_potential": 3.2,
    "width": 14,
    "energy_count": 151,
    "completed_runs": 3,
    "completed_stages": 3,
    "total_nfev": 600,
    "optimizer_seconds_sum": 371.3523531429819,
    "optimizer_cpu_seconds_sum": 371.266496261,
    "best_spectral": {
      "relative_rmse": 1.4950950207608922,
      "family_errors": [
        1.3761510958358418,
        1.6364805491508723,
        1.4608445971398556
      ],
      "core_score": 0.0,
      "worst_family_score": 0.0,
      "valid": true,
      "checker_seconds": 0.1833866200176999,
      "passed": false
    },
    "best_valid": {
      "relative_rmse": 1.4950950207608922,
      "family_errors": [
        1.3761510958358418,
        1.6364805491508723,
        1.4608445971398556
      ],
      "core_score": 0.0,
      "worst_family_score": 0.0,
      "valid": true,
      "checker_seconds": 0.1833866200176999,
      "passed": false
    },
    "passing_stages": 0,
    "witness_verified": true
  },
  {
    "case": "u16_eta0.004_v6",
    "broadening": 0.004,
    "pin_potential": 6.0,
    "width": 16,
    "energy_count": 301,
    "completed_runs": 0,
    "completed_stages": 0,
    "total_nfev": 0,
    "optimizer_seconds_sum": 0,
    "optimizer_cpu_seconds_sum": 0,
    "best_spectral": null,
    "best_valid": null,
    "passing_stages": 0,
    "witness_verified": true
  }
]
