0 4 0.1 41.03556567759383 39.00893013 1.0
1 8 0.03 40.3676687991236 38.837845021 1.0
2 12 0.01 40.24188471920501 38.583017931 1.0
pair 3 12 40.23329469828388 37.872013291
4 12 0.001 40.23025844854567 37.660597411000005 1.0
5 12 0.0001 40.23002135748386 37.452715711 1.0
6 12 1e-05 40.2299003040502 37.239217831000005 1.0
7 12 1e-05 40.22981716961002 37.010223301 1.0
8 12 0.0 40.22978060054742 36.790686881 0.8157757002515141
9 12 0.0 40.22976123987872 36.576379161000006 0.4644589728791318
10 12 0.0 40.22975466419432 36.371244922 0.17324497619926482
11 12 0.0 40.22975388803615 36.166550522 1.6560035387262588
12 12 0.0 40.22975250748723 35.907423452 1.9044040695351976
13 12 0.0 40.22974549078474 35.682743742 12.0
14 12 0.0 40.22973451387269 35.436720812000004 0.1
15 12 0.0 40.22973165073378 35.187950822000005 1.6519538843653472
16 12 0.0 40.22972496096312 34.950394562 2.374321843074706
17 12 0.0 40.22971798985569 34.690277372000004 0.5090391756245382
18 12 0.0 40.22971637433819 34.418604052000006 1.1938008173856132
19 12 0.0 40.229715057355364 34.199251543 1.372870939993455
20 12 0.0 40.22971303024434 33.961344903000004 1.5788015809924734
21 12 0.0 40.229708093007964 33.705279043000004 1.8156218181413442
22 12 0.0 40.229696909333775 33.444559553000005 0.11792692621934982
23 12 0.0 40.2296847037081 33.213342003 0.47585458059101227
24 12 0.0 40.229683042833265 32.990031383 0.8104301069285933
25 12 0.0 40.22968122801378 32.773014173 0.9319946229678823
26 12 0.0 40.2296783179785 32.567798223000004 4.209914270323351
27 12 0.0 40.22967741817644 32.292409503 1.1320105653079626
28 12 0.0 40.22967698405733 32.097422503000004 1.103623959821723
29 12 0.0 40.2296769714393 31.834876003 0.24083921096501967
30 12 0.0 40.22967696851133 31.580414653000005 3.1982904743108445
31 12 0.0 40.229676964846256 31.335726913000002 4.198887008143593
32 12 0.0 40.22967696401062 31.091704893000003 6.641147696134132
33 12 0.0 40.22967696377171 30.835494873000002 0.764841111598852
34 12 0.0 40.229676963559896 30.585083474 12.0
35 12 0.0 40.22967696235166 30.338687474000004 12.0
36 12 0.0 40.229676962246586 30.109019114000002 2.1768095425959015
37 12 0.0 40.22967696200254 29.862103074000004 12.0
38 12 0.0 40.22967696108019 29.614518204000003 12.0
39 12 0.0 40.22967696088077 29.395531384 0.8541420398346933
40 12 0.0 40.229676960679605 29.180065434000003 12.0
41 12 0.0 40.229676958984136 28.912793134000005 12.0
42 12 0.0 40.229676958666076 28.664949044000004 2.8556214001578093
43 12 0.0 40.22967695753802 28.422870775000003 3.2839646101814806
44 12 0.0 40.22967695568515 28.170427775 3.7765593017087022
45 12 0.0 40.229676952452856 27.959825265000003 12.0
46 12 0.0 40.22967695066059 27.706661285000003 2.4021171458873263
47 12 0.0 40.22967694459476 27.452110595 2.762434717770425
48 12 0.0 40.229676931192905 27.201539695 3.1767999254359887
49 12 0.0 40.22967689565453 26.966303885000002 3.653319914251387
50 12 0.0 40.22967676833993 26.738480625 4.2013179013890944
51 12 0.0 40.22967629629769 26.466968236000003 12.0
52 12 0.0 40.22967567000827 26.199067916000004 0.1
53 12 0.0 40.22967517007708 25.905214476000005 7.8980272123694695
54 12 0.0 40.2296748081103 25.645414866000003 0.2665080237035627
55 12 0.0 40.22967454815973 25.372615336000003 2.141551431961033
56 12 0.0 40.22967443009151 25.135441586000002 1.5760664485579505
57 12 0.0 40.22967442283868 24.916136646000005 0.3179189939706542
58 12 0.0 40.22967442144373 24.707677337000003 1.3339153594338082
59 12 0.0 40.22967442107347 24.493681597000005 1.3775669419215049
60 12 0.0 40.22967442107086 24.282054997000003 0.13830798054971566
61 12 0.0 40.22967442107047 24.038212487000003 0.159054177632173
62 12 0.0 40.229674421070435 23.786918217 0.18291230427699892
63 12 0.0 40.22967442107029 23.547508197000003 0.21034914991854875
pair 64 12 40.23135379782374 22.926302577
