single 0 44.368229353304024 38.66746292
single 1 43.69013893837077 38.5434665
single 2 43.540362625608175 38.37947071
single 3 43.51335176069344 38.2114741
single 4 43.51019279738459 38.08747587
single 5 43.50957624539362 37.90747903
single 6 43.5093489489664 37.77948155
single 7 43.5092437047349 37.65554366
single 8 43.50921076860003 37.56354458
single 9 43.50920173534643 37.46760643
single 10 43.50919885237628 37.35164447
single 11 43.509197645434874 37.23966745
single 12 43.50919701905144 37.131684629999995
single 13 43.50919666101249 37.027685911
single 14 43.509196446492396 36.919688421
single 15 43.509196312225875 36.815690231
single 16 43.50919622396085 36.711693751
single 17 43.509196162791255 36.607695061
single 18 43.50919611803927 36.503773881
single 19 43.50919608347332 36.399776611
single 20 43.50919605530126 36.295777500999996
single 21 43.509196031088585 36.191779941
single 22 43.50919600915386 36.083782321
single 23 43.509195988209484 35.975784491
single 24 43.50919596711518 35.875786520999995
single 25 43.50919594467205 35.771788901
single 26 43.50919591937917 35.667790701
single 27 43.50919588906083 35.563792751
single 28 43.5091958501753 35.459795340999996
single 29 43.50919579636746 35.355796931
single 30 43.5091957151219 35.231800041
single 31 43.50919557926347 35.103838651
single 32 43.50919532317939 34.995833961
single 33 43.50919477157396 34.891861631
single 34 43.50919344302847 34.783862510999995
single 35 43.50919040674986 34.679866141
single 36 43.509186244176455 34.572016991
single 37 43.50918409559049 34.464017571
single 38 43.50918361748377 34.360017402
single 39 43.50918354208881 34.256022582
single 40 43.509183531269805 34.156025312
single 41 43.50918352975965 34.056024162
single 42 43.50918352955023 33.960029092
single 43 43.509183529521124 33.868030382
single 44 43.50918352951694 33.780032372
single 45 43.509183529516285 33.692033862
single 46 43.50918352951624 33.608036051999996
single 47 43.5091835295163 33.520037752
cpu_before_save 5.883962538
cpu_after_save 5.895962288
