target 4 {'bias': 0.023974680540879922, 'residual': 0.0038113693098866808, 'tail': 0.006526193186256968, 'amplitude': 0.9961886306901133} cycles 124 frozen 97
failed 0 [-8 -1  0]
failed 1 [-8 -1  0]
failed 2 [-8 -1  0]
failed 3 [8 0 0]
failed 4 [-8 -1  0]
failed 5 [-8  0  0]
failed 6 [-8 -1  0]
failed 7 [-8  0  0]
failed 8 [-8  0  0]
failed 9 [-8  0  0]
failed 10 [8 0 0]
failed 11 [8 0 0]
failed 12 [-8 -1  0]
failed 13 [-8 -1  0]
failed 14 [-8  0  0]
failed 15 [-8  0  0]
failed 16 [-8 -1  0]
failed 17 [-8 -1  0]
failed 18 [ 8 -1  0]
failed 19 [-8 -1  0]
failed 20 [ 8 -1  0]
failed 21 [8 0 0]
failed 22 [-8 -1  0]
failed 23 [-8  1  0]
failed 24 [-8  0  0]
failed 25 [-8 -1  0]
failed 26 [-8  0  0]
failed 27 [-8 -1  0]
failed 28 [-8  0  0]
failed 29 [-8  0  0]
failed 30 [-8  0  0]
failed 31 [-8 -1  0]
failed 32 [-8 -1  0]
failed 33 [-8 -1  0]
failed 34 [8 0 0]
failed 35 [-8 -1  0]
failed 36 [-8 -1  0]
failed 37 [-8 -1  0]
failed 38 [-8 -1  0]
failed 39 [8 0 0]
failed 40 [-8  0  0]
failed 41 [-8 -1  0]
failed 42 [-8  0  0]
failed 43 [ 8 -1  0]
failed 44 [-8  0  0]
failed 45 [-8  0  0]
failed 46 [-24   0   0]
failed 47 [-8 -1  0]
failed 48 [8 0 0]
failed 49 [-24   0   0]
failed 50 [-8  0  0]
failed 51 [-8 -1  0]
failed 52 [-24   0   0]
failed 53 [ 8 -1  0]
failed 54 [-8  0  0]
failed 55 [-8  0  0]
failed 56 [-8  0  0]
failed 57 [8 0 0]
failed 58 [-8  0  0]
failed 59 [-8  0  0]
failed 60 [-8 -1  0]
failed 61 [-8  0  0]
failed 62 [-8  0  0]
failed 63 [-8 -1  0]
failed 64 [-8  0  0]
failed 65 [-8 -1  0]
failed 66 [-8 -1  0]
failed 67 [-8 -1  0]
failed 68 [-8  0  0]
failed 69 [-8  0  0]
failed 70 [-8  0  0]
failed 71 [-8  0  0]
failed 72 [-8 -1  0]
failed 73 [-24   0   0]
failed 74 [8 0 0]
failed 75 [-8  0  0]
