BEST 0 0 [1, 5, 8, 12, 17, 18] 0.42990697401659606 0.2
/usr/lib/python3/dist-packages/scipy/optimize/_optimize.py:284: RuntimeWarning: Values in x were outside bounds during a minimize step, clipping to bounds
  warnings.warn("Values in x were outside bounds during a "
progress 0 1.1236498780567563 0.5
BEST 2 0 [2, 3, 5, 13] 0.7281788367724977 1.5
BEST 5 0 [1, 9, 14, 15, 18] 0.8413029245070452 3.6
BEST 5 2 [1, 9, 15, 18, 19] 0.8465054905671655 3.8
progress 10 0.7914963736493476 9.5
progress 20 0.9574118277915552 16.3
progress 30 1.1530549600218218 22.4
progress 40 0.7600702632131154 27.4
progress 50 0.945569494091229 32.5
progress 60 0.9447270252240556 38.1
progress 70 0.7888615321485851 44.2
progress 80 0.9285764829362679 49.5
progress 90 0.9880659713205303 54.9
progress 100 0.8356413448593647 61.2
progress 110 0.8525883654000727 67.6
progress 120 1.1535668407261725 73.1
progress 130 0.9390146091294617 78.3
progress 140 0.9788012700105856 84.8
progress 150 0.8851107187339385 90.1
progress 160 0.91030615176866 95.6
progress 170 1.0383203808431367 101.4
progress 180 1.0823816736842033 106.2
progress 190 0.9609927368679585 111.7
progress 200 0.8339649908697397 117.0
progress 210 1.036188714379812 122.3
progress 220 0.9356483146336315 127.7
progress 230 0.9805303906167996 133.7
progress 240 1.0554036287257815 139.5
progress 250 0.874792854337577 145.9
progress 260 0.7360963101965843 151.7
progress 270 1.1313336501118574 159.0
progress 280 0.8445024349007606 164.0
progress 290 0.838209763557438 169.4
progress 300 1.0477455409183905 174.3
progress 310 0.8167327305191624 179.9
progress 320 0.8424670610863491 185.6
progress 330 0.8857288563683394 192.8
progress 340 0.847034754399522 200.5
progress 350 0.8113743784402334 213.5
progress 360 1.0434263499483742 218.8
progress 370 0.8428455420201934 224.9
progress 380 0.8776724942272622 231.4
progress 390 1.0724313337017528 237.7
progress 400 0.7956609055395397 245.3
progress 410 0.7663900143859275 251.7
progress 420 0.9750119950141855 260.3
progress 430 0.8197819012243145 268.3
progress 440 0.8400067741670288 276.9
progress 450 0.9804340777444606 285.9
progress 460 0.8274267323142266 293.7
progress 470 0.7738668236423112 301.8
progress 480 1.1828697798148298 309.1
progress 490 0.8555187605792746 315.9
progress 500 0.7863113521683741 323.1
progress 510 0.9018723633615978 329.9
progress 520 0.737244790615411 337.0
progress 530 0.8677733544339186 343.9
progress 540 1.013606852949708 350.8
progress 550 0.8524492951533229 359.4
progress 560 0.8920893484797338 369.6
progress 570 1.0341731434947439 375.9
progress 580 0.8192326423041559 381.5
progress 590 0.8007951232065034 387.6
progress 600 0.9555689316633065 393.8
progress 610 0.8794910934537267 399.1
progress 620 0.8020265133920841 404.5
progress 630 0.8724768878223722 410.5
progress 640 0.8806251152915087 416.5
progress 650 0.9496479214233291 421.5
progress 660 1.0214195554174799 428.0
progress 670 0.7713731982710424 433.6
progress 680 0.7885045110833498 440.1
progress 690 1.0255792893459872 445.1
progress 700 0.8572016426511122 450.5
progress 710 0.9955466073504081 455.6
progress 720 1.1244401013316039 460.8
progress 730 0.8753635674535584 465.9
progress 740 0.6901427816590092 471.4
progress 750 0.8584368108781799 477.1
progress 760 0.792936350359158 482.1
progress 770 0.7250758483752626 487.8
progress 780 0.9875393718122858 493.8
progress 790 0.813690293953697 499.8
progress 800 0.704160645830209 505.9
progress 810 0.9170280340534009 512.8
progress 820 0.7124951697741837 518.7
progress 830 0.8333557434549241 525.3
progress 840 0.9860768374872296 530.6
progress 850 0.8006215574286671 536.2
progress 860 0.8864436930944989 541.3
progress 870 0.9317718891632095 546.0
progress 880 0.8372072187338612 550.7
progress 890 0.9789619535176657 555.6
progress 900 0.9593284745437508 560.7
progress 910 0.8280227734024221 566.0
progress 920 0.9882956732071096 571.4
progress 930 1.0552311564331884 577.0
progress 940 0.7955906837206209 582.4
progress 950 0.8309070880859136 587.2
progress 960 0.9800533695314546 592.6
