{
  "feasibility": "unknown",
  "official": {
    "core_score": 0.06984391375378864,
    "worst_family_score": 0.03942085073822282,
    "runtime_seconds": 33.92214390297886,
    "resource_score": 0.00039999999999995595,
    "passed": false,
    "valid": true,
    "reason": "overall fourfold loss-risk budget exceeded; a regime exceeds its fivefold loss-risk budget; intact-design efficiency guard violated",
    "loss_risk_reduction": 0.998892732417307,
    "loss_to_champion_intact_ratio": 14.317639809320616,
    "family_scores": {
      "anisotropic": 0.03942085073822282,
      "detuned": 0.08935330382711155,
      "long_coherence": 0.0995533020195292,
      "mixed": 0.057964415817059536,
      "near_nominal": 0.12410836850443982,
      "readout": 0.11589472149996863
    },
    "mean_loss_risk": 70.99778229269543,
    "family_loss_risks": {
      "anisotropic": 152.50817619767065,
      "detuned": 45.032531566870645,
      "long_coherence": 36.313279146675264,
      "mixed": 110.99602349822176,
      "near_nominal": 32.20622303073931,
      "readout": 48.93046031599498
    },
    "mean_intact_risk": 5.950998974458877,
    "intact_mean_ratio": 1.2000974829139808,
    "intact_guard_passed": false,
    "execution_ticks": 1599360,
    "distinct_circuits": 24
  },
  "protected_artifacts_unchanged": true
}
