0 4 0.1 43.749451788827166 38.877876480000005 1.0
1 8 0.03 43.049185654891005 38.717933470000006 1.0
2 16 0.01 42.925487683792674 38.489969550000005 1.0
pair 3 16 42.92071649259825 37.786488840000004
4 16 0.001 42.91927231809359 37.550548991 1.0
5 16 0.0001 42.91917257179943 37.306749681 1.0
6 16 1e-05 42.9191431215455 37.074771791 1.0
7 16 1e-05 42.91913112711419 36.878788381 1.0
8 16 0.0 42.91912528706951 36.653728811 1.0
9 16 0.0 42.91911987967443 36.318799371000004 1.815660060585369
10 16 0.0 42.91911806933628 36.024894171 1.1887043267344692
11 16 0.0 42.91911637227764 35.741321431 0.5000302851980066
12 16 0.0 42.91911487439748 35.450673701 0.5750348279777076
13 16 0.0 42.91911290305635 35.144688152 12.0
14 16 0.0 42.91911169432543 34.848489552000004 0.1
15 16 0.0 42.91911065385258 34.540944272000004 4.742004357448329
16 16 0.0 42.91911001519348 34.238055992 1.3284237055220238
17 16 0.0 42.919109271532264 33.940432012 2.640354346782241
18 16 0.0 42.91910915850773 33.629207622 1.5425594728120635
19 16 0.0 42.91910910013971 33.321586162 0.1
20 16 0.0 42.91910909833825 33.021936112000006 1.8427149083937704
21 16 0.0 42.91910909697993 32.72305329300001 2.37829320335991
22 16 0.0 42.91910909684681 32.416746063000005 2.609377723086582
23 16 0.0 42.919109096833054 32.105015413000004 0.43700676077296835
24 16 0.0 42.91910909682848 31.801232483000003 2.0039580933274754
25 16 0.0 42.9191090968244 31.501532603 2.959145403586708
26 16 0.0 42.9191090968236 31.186978933000002 3.4030172141247137
27 16 0.0 42.91910909682322 30.875305373000003 0.6597850247144715
28 16 0.0 42.9191090968232 30.556386593000003 0.7587527784216422
pair 29 16 42.919397219848385 29.676792894000002
30 16 0.0 42.91912846402962 29.396016504000002 0.1
31 16 0.0 42.91912482129555 29.119969724 0.7996264399475452
32 16 0.0 42.91912331459548 28.816524214000005 2.7234333379122195
33 16 0.0 42.91912228541702 28.512647404000003 1.6139318672660572
34 16 0.0 42.91912049481575 28.208869294000003 0.10506173879724588
35 16 0.0 42.91912022051372 27.908994014 4.779075656736054
36 16 0.0 42.91911932746943 27.601028315 8.157990718174375
37 16 0.0 42.919118633637375 27.293080565000004 0.8011992793578817
38 16 0.0 42.919117651576464 26.967697115000004 0.9213791712615639
39 16 0.0 42.91911605847115 26.599880175000003 2.36722555992392
40 16 0.0 42.91911545613704 26.276565465000004 1.0082519248732291
41 16 0.0 42.91911503825353 25.889339275000005 2.9844570260839953
42 16 0.0 42.91911470014324 25.529529435 3.2169817987058873
43 16 0.0 42.91911466607862 25.188111636000002 0.13616382112656733
44 16 0.0 42.91911466261457 24.887440786000003 1.3865226642950685
45 16 0.0 42.919114660714115 24.620389536000005 2.045197715837615
46 16 0.0 42.9191146605511 24.175206346000003 1.736572727633527
47 16 0.0 42.91911466052243 23.871176676000005 0.37678257214519745
48 16 0.0 42.919114660514246 23.589382976000003 2.8243378491134443
49 16 0.0 42.919114660504064 23.269529186000003 6.034868924697059
50 16 0.0 42.91911466050086 22.930941067000003 5.135425532058627
51 16 0.0 42.919114660499865 22.607134607000003 0.2968185248241148
52 16 0.0 42.91911466049963 22.283603597000003 0.341341303547732
53 16 0.0 42.91911466049954 21.959722007000003 0.170670651773866
