INVENTORY 271 fresh files; 172 unique family circuits
SCREENED 20 of 172
SCREENED 40 of 172
SCREENED 60 of 172
SCREENED 80 of 172
SCREENED 100 of 172
SCREENED 120 of 172
SCREENED 140 of 172
SCREENED 160 of 172
{
  "runtime_seconds": 24.480174759984948,
  "deadline_fingerprints_unchanged_before_and_after": true,
  "participant_unchanged": true,
  "trusted_source_hashes_unchanged": true,
  "unique_family_candidates_screened": 172,
  "fresh_files_inspected": 271,
  "passing_family_candidates": {
    "ladder16": [],
    "grid20": [],
    "bridge18": []
  },
  "solvability": "unknown"
}
