ENDPOINT [[0, -5, 3], [-5, -4, -3]]
0 error 3.901909580577737 integer 0.42247670700615875 0.49893977458821515 steps 56 seconds 0.30863189697265625
1 error 4.433671534332781 integer 0.4858754291616494 0.4964183692285298 steps 70 seconds 1.3998475074768066
2 error 3.966057548564216 integer 0.4788977156932108 0.4976405303646274 steps 75 seconds 0.4912450313568115
3 error 5.031162723345324 integer 0.4925387857540784 0.4998037336449457 steps 57 seconds 0.32764387130737305
4 error 4.37343232153686 integer 0.49357802380465615 0.4967136104292784 steps 42 seconds 0.24307894706726074
5 error 3.8903441885230534 integer 0.49934129294491925 0.49837665503069317 steps 68 seconds 0.5514168739318848
6 error 6.435796195267664 integer 0.49687074303606904 0.49983597951707714 steps 87 seconds 0.4425642490386963
7 error 3.6869145116485367 integer 0.47016561067933793 0.4985173088018904 steps 68 seconds 0.7375268936157227
8 error 3.488258136359729 integer 0.49676122225284636 0.4932058863456348 steps 66 seconds 1.2329018115997314
9 error 4.001480937327389 integer 0.49928886526659877 0.4970019756478101 steps 102 seconds 0.8822019100189209
10 error 6.0060246003662705 integer 0.44942051399435323 0.49836318582380157 steps 120 seconds 0.7034194469451904
11 error 2.572216669800969 integer 0.46462857897034127 0.4997421679978711 steps 49 seconds 0.19896864891052246
12 error 5.248713994299082 integer 0.4998133005695098 0.4999188475113523 steps 46 seconds 0.5135200023651123
13 error 4.762888798461802 integer 0.48217896314551556 0.49505920141401116 steps 85 seconds 0.7377829551696777
14 error 3.784860097732348 integer 0.4897824886128501 0.49863393465346206 steps 48 seconds 0.13370347023010254
15 error 4.789239907636045 integer 0.48819111570236196 0.4968971573485135 steps 56 seconds 0.21437859535217285
16 error 3.901909580577423 integer 0.4224769488460219 0.4989373642360202 steps 65 seconds 0.308276891708374
17 error 2.5840742689834495 integer 0.49283003831506966 0.49808486700418264 steps 67 seconds 0.2803025245666504
18 error 6.074093089877693 integer 0.48961055816201315 0.49680848389690535 steps 149 seconds 0.3811314105987549
19 error 4.931561398929116 integer 0.49053225949246215 0.49786656462775447 steps 38 seconds 0.09392738342285156
20 error 3.6100244693785317 integer 0.4983372472798928 0.4995859085269281 steps 48 seconds 0.11595630645751953
21 error 3.6100244693784367 integer 0.4983372401680479 0.4995860317554204 steps 36 seconds 0.12480735778808594
22 error 4.250158155903164 integer 0.4940872704593948 0.4973332834467423 steps 77 seconds 0.2770531177520752
23 error 4.059969292840359 integer 0.4605653379442223 0.4951523635790558 steps 52 seconds 0.21057748794555664
24 error 3.6520876296567875 integer 0.4930333652477561 0.4951287307875267 steps 112 seconds 0.35488390922546387
25 error 4.353606032269431 integer 0.48434399110691495 0.49278358205217554 steps 61 seconds 0.17763400077819824
26 error 4.789239907635409 integer 0.4881902515141573 0.49689014290627265 steps 57 seconds 0.12567758560180664
27 error 5.7405160148261976 integer 0.48636677428573094 0.4969215032629606 steps 67 seconds 0.15057706832885742
28 error 4.789239907635107 integer 0.4881903969310456 0.49689075848836506 steps 50 seconds 0.14487051963806152
29 error 5.238462593007987 integer 0.45901991926036434 0.49664398639183815 steps 54 seconds 0.15060019493103027
30 error 4.05996929283714 integer 0.46056062856311675 0.4951475969360466 steps 72 seconds 0.3417525291442871
31 error 4.598075018492771 integer 0.4960179612288731 0.49063367440242445 steps 67 seconds 0.18567633628845215
32 error 5.740516014826149 integer 0.4863673153628172 0.49690734996231356 steps 62 seconds 0.20113539695739746
33 error 4.01179324394964 integer 0.48933821033875 0.49919945112814135 steps 49 seconds 0.1435840129852295
34 error 4.7628887984613035 integer 0.4822042179018631 0.49503229587836817 steps 80 seconds 0.2102501392364502
35 error 6.024413428420142 integer 0.48611686365863394 0.4987308293826658 steps 51 seconds 0.15128707885742188
36 error 3.6212613057780008 integer 0.47151461524924465 0.4968664900829225 steps 66 seconds 0.155684232711792
37 error 3.6869145116482316 integer 0.4701659398328255 0.4985187676927325 steps 80 seconds 0.23543238639831543
38 error 4.250158155902116 integer 0.4940875666964035 0.4973321573806162 steps 62 seconds 0.25090718269348145
39 error 5.796268922175423 integer 0.49060230870837174 0.4890749510637633 steps 68 seconds 0.2906374931335449
40 error 5.58219603726148 integer 0.4905438878960555 0.4991646521640085 steps 55 seconds 0.20226407051086426
41 error 4.598075018489827 integer 0.4960183712391255 0.4906443602997186 steps 77 seconds 0.20427846908569336
42 error 2.2993020966565867 integer 0.49428312008924724 0.49168382239674635 steps 47 seconds 0.1119832992553711
43 error 3.610024469377253 integer 0.4983370402960152 0.499587814596552 steps 54 seconds 0.16592621803283691
44 error 3.48825813636022 integer 0.4967617618493543 0.4932113834493421 steps 93 seconds 0.4206843376159668
45 error 3.9409397940333952 integer 0.4601152593518525 0.496316640180158 steps 80 seconds 0.28009819984436035
46 error 4.83783496179815 integer 0.4998242408909479 0.4979289939574443 steps 50 seconds 0.1366734504699707
47 error 3.6885233578154444 integer 0.4982493704252673 0.4941891085832175 steps 40 seconds 0.11037993431091309
48 error 2.2993020966581006 integer 0.4942809191393098 0.4916816083851572 steps 111 seconds 0.3003664016723633
49 error 3.900432273774447 integer 0.47425061690489356 0.49694635105737106 steps 92 seconds 0.24285078048706055
50 error 4.433671534332349 integer 0.4858762487579771 0.4964153560686517 steps 52 seconds 0.13364005088806152
51 error 3.621261305777822 integer 0.47151422321644376 0.496867851389899 steps 48 seconds 0.123931884765625
52 error 3.7763783055865074 integer 0.4759314006623132 0.49933227839308003 steps 72 seconds 0.19518303871154785
53 error 5.740516014827255 integer 0.4863666231866892 0.4969241113748666 steps 57 seconds 0.14011549949645996
54 error 3.5460317384312283 integer 0.49716047680349695 0.4896771991229141 steps 62 seconds 0.16694426536560059
55 error 4.6402986533200545 integer 0.4753122938850072 0.4957713082307684 steps 43 seconds 0.11620283126831055
56 error 2.5722166698009574 integer 0.46462857689609915 0.499742187316885 steps 46 seconds 0.12039589881896973
57 error 2.5722166698013478 integer 0.4646285825383716 0.49974248153621303 steps 32 seconds 0.08473706245422363
58 error 3.610024469378079 integer 0.49833721421700394 0.4995865044431689 steps 68 seconds 0.24046087265014648
59 error 2.5840742689831324 integer 0.49282985568896204 0.49808582240638977 steps 60 seconds 0.15094685554504395
60 error 3.488258136359859 integer 0.4967616245504902 0.4932114592380543 steps 94 seconds 0.2719399929046631
61 error 3.9409397940329955 integer 0.4601151919234092 0.4963141277856451 steps 72 seconds 0.2018446922302246
62 error 3.488258136362473 integer 0.49676225224615156 0.4932178839472954 steps 81 seconds 0.3020517826080322
63 error 3.6520876296558207 integer 0.49303164978741254 0.4951126789892841 steps 83 seconds 0.21632909774780273
64 error 4.53817569323417 integer 0.47007105187782905 0.49950271251074874 steps 67 seconds 0.2091531753540039
65 error 3.9019095805776107 integer 0.42247671186130786 0.49893875406335253 steps 53 seconds 0.1656942367553711
66 error 3.6212613057781002 integer 0.4715145513334016 0.49686551553835123 steps 38 seconds 0.1216888427734375
67 error 3.8903441885241676 integer 0.4993417273674665 0.4983733950141236 steps 50 seconds 0.16965103149414062
68 error 5.925087038672476 integer 0.49431653639157613 0.4991561125509705 steps 52 seconds 0.17695260047912598
69 error 4.789239907635521 integer 0.48819064904807663 0.4968911440587007 steps 60 seconds 0.21037507057189941
70 error 3.6885233578166012 integer 0.49825018424545187 0.4941916915042466 steps 41 seconds 0.12464380264282227
71 error 4.353606032270666 integer 0.484338132673589 0.49277467086245075 steps 87 seconds 0.24363470077514648
72 error 3.6885233578163095 integer 0.4982504902716882 0.49419093972414707 steps 63 seconds 0.27619242668151855
73 error 5.045212078115296 integer 0.49485556547207654 0.4896312991608909 steps 93 seconds 0.2762730121612549
74 error 6.074093089859279 integer 0.4896110731406942 0.496800026144693 steps 122 seconds 0.49864745140075684
75 error 3.9019095805784354 integer 0.42247702601540793 0.49893998441120124 steps 103 seconds 0.2498025894165039
76 error 3.688523357816295 integer 0.4982504829032939 0.49419091869661 steps 75 seconds 0.20664572715759277
77 error 4.855909475840046 integer 0.48899865811137294 0.49547747266672815 steps 119 seconds 0.31290102005004883
78 error 4.598075018490126 integer 0.49601778024075394 0.49064479939661965 steps 54 seconds 0.15570878982543945
79 error 6.396979416608458 integer 0.4845034015167673 0.49957401929389356 steps 106 seconds 0.4297213554382324
80 error 5.582196037261459 integer 0.4905436185973622 0.49916446357221744 steps 72 seconds 0.18675780296325684
81 error 4.0599692928393685 integer 0.4605643593137905 0.4951514217638504 steps 53 seconds 0.14973759651184082
82 error 3.610024469378403 integer 0.4983368577445204 0.4995929090513975 steps 44 seconds 0.2557361125946045
83 error 5.267417183148353 integer 0.4968467075504988 0.499446210923713 steps 104 seconds 0.30451083183288574
84 error 4.0117932439489135 integer 0.4893382032112399 0.49919908036162863 steps 145 seconds 0.3930690288543701
85 error 4.8368918593174755 integer 0.49210067731207063 0.4989463446094584 steps 70 seconds 0.2240307331085205
86 error 2.299302096656531 integer 0.49428290748407067 0.4916830481339556 steps 67 seconds 0.17087984085083008
87 error 4.361468219259104 integer 0.4866442234335784 0.4997487654737842 steps 128 seconds 0.3665015697479248
88 error 4.190449049640311 integer 0.456653501117414 0.49847900114204613 steps 100 seconds 0.30206847190856934
89 error 3.6212613057782583 integer 0.4715133724766747 0.4968677300736637 steps 68 seconds 0.20921993255615234
90 error 2.2993020966567332 integer 0.49428215512266593 0.49168493635719024 steps 88 seconds 0.26209235191345215
91 error 4.001480937326769 integer 0.4992883838362676 0.4969947571467519 steps 103 seconds 0.3049032688140869
92 error 6.320036595177104 integer 0.4958257598127034 0.49992692159546825 steps 61 seconds 0.17704510688781738
93 error 4.190449049640664 integer 0.45665382712329383 0.4984786209172114 steps 74 seconds 0.22867655754089355
94 error 4.05996929283604 integer 0.4605609642484181 0.49514036797182825 steps 65 seconds 0.2006053924560547
95 error 4.059969292836566 integer 0.4605603717458293 0.49514573126711525 steps 92 seconds 0.27004146575927734
96 error 4.4336715343331825 integer 0.4858753861774536 0.496409485649286 steps 49 seconds 0.14950919151306152
97 error 4.059969292839026 integer 0.46056277621383934 0.49514137383576795 steps 71 seconds 0.208543062210083
98 error 2.5722166698010693 integer 0.46462830319735193 0.49974474618714737 steps 41 seconds 0.21282100677490234
99 error 5.658881669556167 integer 0.4755487104251195 0.49706672954423325 steps 53 seconds 0.4613645076751709
100 error 6.074093089865896 integer 0.489604231472649 0.4968162288314506 steps 98 seconds 0.2680659294128418
101 error 2.572216669801024 integer 0.4646283109836178 0.49974467012185286 steps 41 seconds 0.12125349044799805
102 error 5.05439819125062 integer 0.4861817932480388 0.49940181707944475 steps 57 seconds 0.14106249809265137
103 error 5.031162723345803 integer 0.49253892911967423 0.4998048277992737 steps 43 seconds 0.11425900459289551
104 error 4.808410665889971 integer 0.4785673838899336 0.4998141186237923 steps 59 seconds 0.14019012451171875
105 error 5.692101180592869 integer 0.40981204034684937 0.4998136008432539 steps 161 seconds 0.46295595169067383
106 error 3.488258136360481 integer 0.4967611342990019 0.49320662577857277 steps 81 seconds 0.27081751823425293
107 error 3.610024469377195 integer 0.4983368865436937 0.4995904634706143 steps 68 seconds 0.2259235382080078
108 error 4.957105071482186 integer 0.4748516854628573 0.49720419139692673 steps 71 seconds 0.2267146110534668
109 error 4.059969292837895 integer 0.46056068976471565 0.4951493567553946 steps 82 seconds 0.2660789489746094
110 error 2.5722166698010587 integer 0.4646283051770528 0.4997447243714337 steps 55 seconds 0.4256272315979004
111 error 4.059969292836644 integer 0.4605621711967789 0.4951446454480788 steps 60 seconds 0.20013189315795898
112 error 4.059969292836592 integer 0.46056176707557483 0.4951448393135358 steps 74 seconds 0.3240840435028076
113 error 4.373432321536302 integer 0.4935779306063565 0.4967045595038755 steps 40 seconds 0.11694669723510742
114 error 4.5980750184906665 integer 0.49601775322478137 0.49064753470956646 steps 69 seconds 0.3129923343658447
115 error 4.001480937328095 integer 0.49928836976348023 0.49699672715279464 steps 116 seconds 0.8374819755554199
116 error 4.059969292837198 integer 0.4605624054796067 0.4951468291133807 steps 62 seconds 0.37406134605407715
117 error 5.267417183144624 integer 0.4968491336801401 0.4994424047367909 steps 93 seconds 0.41724658012390137
118 error 4.353606032270516 integer 0.48433818495869274 0.4927742481161923 steps 79 seconds 0.2208569049835205
119 error 5.406702516303916 integer 0.4948319423780756 0.49788958981117304 steps 65 seconds 0.18407058715820312
120 error 4.056970183218834 integer 0.47910776059788773 0.49973638600356196 steps 58 seconds 0.24425911903381348
121 error 4.789239907635345 integer 0.4881902485892574 0.49689149578429825 steps 54 seconds 0.16543054580688477
122 error 4.373432321536135 integer 0.49357794216364276 0.49670505415222266 steps 44 seconds 0.12376785278320312
123 error 3.610024469377169 integer 0.49833688482281513 0.499590344483547 steps 56 seconds 0.15864324569702148
124 error 6.006024600365189 integer 0.44942216821432934 0.4983931686712415 steps 85 seconds 0.22416043281555176
125 error 2.2993020966578706 integer 0.4942806246671614 0.49168031894608255 steps 46 seconds 0.1211385726928711
126 error 4.190449049640366 integer 0.4566535569218162 0.49847893742649596 steps 61 seconds 0.1637277603149414
127 error 5.684802015931729 integer 0.4840441120259582 0.4957602181479075 steps 41 seconds 0.10834121704101562
128 error 4.001480937325325 integer 0.49928848675995585 0.4969896635568136 steps 101 seconds 0.2670319080352783
129 error 2.5722166698009516 integer 0.46462832387166664 0.4997445498121049 steps 43 seconds 0.11776089668273926
130 error 3.610024469378182 integer 0.4983372223673648 0.49958635804043183 steps 56 seconds 0.15584778785705566
131 error 4.001480937326495 integer 0.49928440419695974 0.4968432016433906 steps 114 seconds 0.30077266693115234
132 error 3.6100244693783328 integer 0.4983368627489657 0.49959281840606096 steps 49 seconds 0.1352090835571289
133 error 3.6100244693780565 integer 0.4983368853779999 0.4995924210004006 steps 53 seconds 0.3584113121032715
134 error 3.901909580577736 integer 0.4224765674321072 0.4989375289195723 steps 94 seconds 0.2651534080505371
135 error 2.299302096656527 integer 0.4942829264154853 0.49168350432255714 steps 48 seconds 0.12699675559997559
136 error 3.6212613057787917 integer 0.4715138145216644 0.4968684749663641 steps 74 seconds 0.2581665515899658
137 error 4.059969292836389 integer 0.46056085344743547 0.49513797435848517 steps 69 seconds 0.18177556991577148
138 error 4.5381756932355914 integer 0.47007121484590897 0.49950729195260735 steps 48 seconds 0.12553787231445312
139 error 4.056970183218854 integer 0.4791046934102612 0.4997680617476332 steps 57 seconds 0.14789390563964844
140 error 4.353606032269383 integer 0.4843387436368502 0.4927777262277937 steps 105 seconds 0.31496763229370117
141 error 4.1904490496405815 integer 0.45665375865987357 0.498478695662385 steps 60 seconds 0.38127851486206055
142 error 2.572216669801013 integer 0.4646285834488717 0.49974214720083765 steps 48 seconds 0.33295440673828125
143 error 2.2993020966567617 integer 0.49428242170435555 0.491684308865711 steps 95 seconds 0.6330690383911133
144 error 5.756145583380082 integer 0.4559844760769227 0.4962969082956299 steps 47 seconds 0.1549375057220459
145 error 5.267417183150872 integer 0.496850157121595 0.4994433133414038 steps 102 seconds 0.2883455753326416
146 error 4.125822000798961 integer 0.4997477606778724 0.4967675061175605 steps 53 seconds 0.15191435813903809
147 error 3.900432273774448 integer 0.4742506168994465 0.4969463510763674 steps 112 seconds 0.29531359672546387
148 error 4.001480937327511 integer 0.49928852453130546 0.4969998719252192 steps 97 seconds 0.27108097076416016
149 error 5.267417183146209 integer 0.4968481363109239 0.4994439207163044 steps 114 seconds 0.32634663581848145
ENDPOINT [[0, -5, 3], [5, 4, 3]]
0 error 6.970452609834808 integer 0.4972976686987703 0.49797085879317016 steps 71 seconds 0.20630788803100586
1 error 5.088940653473687 integer 0.48931898219718195 0.4967949775778786 steps 46 seconds 0.2661929130554199
2 error 5.459072493689553 integer 0.49761523535346197 0.4976787149627384 steps 117 seconds 0.5724663734436035
3 error 6.970452609832651 integer 0.4972975698958218 0.49796939947275654 steps 101 seconds 0.30928540229797363
4 error 5.565473745460991 integer 0.4794336936884025 0.4998067127368351 steps 132 seconds 0.3940138816833496
5 error 5.993272037144807 integer 0.45199579610363827 0.49586018807359267 steps 55 seconds 0.15901875495910645
6 error 5.6275630280356035 integer 0.4621706635292393 0.4920205259528325 steps 67 seconds 0.1909029483795166
7 error 5.132896151911813 integer 0.4998149797468181 0.49429395903103934 steps 78 seconds 0.22929787635803223
8 error 5.2358736280416975 integer 0.4944543102633489 0.49994462154740305 steps 51 seconds 0.1412959098815918
9 error 5.791953323568025 integer 0.4812752599572181 0.49598561803621877 steps 71 seconds 0.4556539058685303
10 error 4.6586455575326005 integer 0.4986960222824104 0.4961829081728304 steps 39 seconds 0.2341325283050537
11 error 5.389872104878865 integer 0.4942617725343985 0.49907569002916397 steps 71 seconds 0.20724701881408691
12 error 6.595984822382342 integer 0.4901920635522179 0.4999831535718897 steps 56 seconds 0.1608903408050537
13 error 4.513897037227221 integer 0.487661380971959 0.495725257232003 steps 63 seconds 0.18945908546447754
14 error 5.459072493687936 integer 0.4976156299323313 0.4976682305107474 steps 119 seconds 0.29364848136901855
15 error 7.1302499961008206 integer 0.4989580720263518 0.4980745084980791 steps 209 seconds 0.8306801319122314
16 error 7.975937243896777 integer 0.4986375658475444 0.4929614796226218 steps 63 seconds 0.3320028781890869
17 error 5.982894271539974 integer 0.4990190086675743 0.49721112534003353 steps 61 seconds 0.1551809310913086
18 error 5.283766813027579 integer 0.4606589841070585 0.499900145649665 steps 100 seconds 0.2708165645599365
19 error 5.565473745460964 integer 0.4794337194136036 0.49980666070323654 steps 83 seconds 0.2300255298614502
20 error 7.824234119282708 integer 0.45968414493444887 0.4961541474974567 steps 72 seconds 0.17980027198791504
21 error 11.822644436476685 integer 0.4886037632932587 0.49785285277357794 steps 103 seconds 0.40020036697387695
22 error 4.513897037227293 integer 0.4876590486212149 0.4957244410778472 steps 124 seconds 0.38026976585388184
23 error 5.791953323567062 integer 0.48127571502988653 0.495987618256569 steps 57 seconds 0.1612567901611328
24 error 4.164625514170157 integer 0.4735875555347245 0.4842848267799891 steps 120 seconds 0.4483461380004883
25 error 6.7963537124625155 integer 0.48984535679433705 0.49317869672443315 steps 528 seconds 1.2448222637176514
26 error 5.459072493685314 integer 0.49761991121961935 0.4976485195548861 steps 123 seconds 0.32832789421081543
27 error 5.565473745460983 integer 0.47943370168795596 0.49980669685438817 steps 150 seconds 0.4648902416229248
28 error 7.824234119279328 integer 0.4596858590905022 0.4961478746130439 steps 93 seconds 0.454143762588501
29 error 5.679274291875605 integer 0.4987611835085892 0.4968521131278898 steps 78 seconds 0.22203397750854492
30 error 5.56547374546098 integer 0.479433703847405 0.49980669251569143 steps 134 seconds 0.3642144203186035
31 error 9.379681139114753 integer 0.4953172166677442 0.49966576519650374 steps 85 seconds 0.21131157875061035
32 error 5.9828942715403235 integer 0.49901264735793793 0.4971976396187934 steps 47 seconds 0.11881279945373535
33 error 4.51389703722728 integer 0.4876606348971082 0.49572342028841376 steps 61 seconds 0.29451894760131836
34 error 4.371894525061152 integer 0.49201805700685153 0.4977102409326051 steps 55 seconds 0.15143203735351562
35 error 5.039062214342825 integer 0.48852187689428517 0.4978752925392085 steps 64 seconds 0.1749260425567627
36 error 6.568360798270119 integer 0.48066495767389017 0.4984383895231925 steps 51 seconds 0.16587185859680176
37 error 6.140188660564838 integer 0.43943651345244517 0.4985780359183778 steps 131 seconds 0.3506441116333008
38 error 5.132896151912593 integer 0.49981884101339835 0.494295145263826 steps 139 seconds 0.5095272064208984
39 error 5.282789514399766 integer 0.488900890498837 0.4995788432041408 steps 49 seconds 0.13802671432495117
40 error 5.088940653473889 integer 0.48931921482500496 0.496794723739554 steps 98 seconds 0.3735771179199219
41 error 5.5654737454609595 integer 0.4794337203339447 0.499806658371585 steps 140 seconds 0.5380737781524658
42 error 7.536031521549456 integer 0.4976222790413356 0.4967940273164366 steps 85 seconds 0.25806760787963867
43 error 5.982894271543172 integer 0.49901131848799807 0.4971958010891022 steps 54 seconds 0.14641904830932617
44 error 7.975937243895425 integer 0.49863989705013 0.49297090905026053 steps 58 seconds 0.17245078086853027
45 error 5.23587362804146 integer 0.4944547577007678 0.4999445960668023 steps 58 seconds 0.19772005081176758
46 error 7.5360315215481934 integer 0.4976213790700279 0.49677615823001453 steps 88 seconds 0.24909329414367676
47 error 5.627563028038281 integer 0.46217130321014266 0.49201903993801555 steps 48 seconds 0.13156533241271973
48 error 4.513897037227552 integer 0.48765894049544034 0.49572448282849635 steps 50 seconds 0.12622904777526855
49 error 5.791953323566734 integer 0.48127607701779374 0.4959937192276991 steps 77 seconds 0.4892730712890625
50 error 4.513897037228002 integer 0.48765882333905397 0.49572463007351786 steps 78 seconds 0.46891236305236816
51 error 4.8357340102927155 integer 0.4992917558253547 0.49589483768149556 steps 382 seconds 2.063899517059326
52 error 5.088940653474183 integer 0.4893194835806134 0.49679427771002516 steps 47 seconds 0.13570928573608398
53 error 5.931802056336198 integer 0.46946971568823503 0.49728379927209687 steps 40 seconds 0.10517191886901855
54 error 7.710287423593417 integer 0.48774294442313026 0.49514966844045194 steps 75 seconds 0.19425272941589355
55 error 5.901950897339277 integer 0.49879154780123613 0.4994385144981237 steps 147 seconds 0.42479968070983887
56 error 4.164625514169466 integer 0.47358774599693876 0.4842838381628596 steps 145 seconds 0.39075636863708496
57 error 6.15236101751078 integer 0.4550313085962183 0.49727312221765985 steps 71 seconds 0.20512700080871582
58 error 4.513897037227104 integer 0.4876591831765946 0.4957244782593371 steps 124 seconds 0.38220858573913574
59 error 6.990424877493999 integer 0.44764879856695483 0.49835430182951823 steps 134 seconds 0.45711517333984375
60 error 11.476675268217704 integer 0.48683384950750863 0.49708976804530813 steps 180 seconds 0.916015625
61 error 6.990424877493598 integer 0.4476477779493546 0.4983549028551906 steps 129 seconds 0.5756311416625977
62 error 11.72755236176816 integer 0.4956497658751191 0.49586970128711627 steps 118 seconds 0.35621142387390137
63 error 5.235873628041404 integer 0.4944558017892628 0.4999451405660844 steps 55 seconds 0.18111276626586914
64 error 4.513897037227339 integer 0.487660719099567 0.495723526990961 steps 128 seconds 0.3736727237701416
65 error 6.442816976362604 integer 0.4804295334919111 0.4980072460231284 steps 47 seconds 0.13514423370361328
66 error 5.452674502132856 integer 0.4733458963615824 0.4973478809793761 steps 69 seconds 0.19470739364624023
67 error 4.513897037227335 integer 0.48766071742562955 0.49572352781390805 steps 115 seconds 0.3575584888458252
68 error 4.513897037227082 integer 0.4876590680435 0.49572424160513506 steps 85 seconds 0.2672691345214844
69 error 7.130249996100939 integer 0.4989584586407074 0.49807323049502816 steps 130 seconds 0.4025380611419678
70 error 4.5055795632578 integer 0.4660362180481141 0.49944912733235114 steps 69 seconds 0.3424544334411621
71 error 11.727552361759265 integer 0.49564874278718185 0.4958810186308611 steps 93 seconds 0.22821402549743652
72 error 7.824234119278907 integer 0.45968594656956174 0.4961482167041211 steps 70 seconds 0.19712042808532715
73 error 7.650220840673558 integer 0.4572757576069173 0.49536837251681365 steps 54 seconds 0.15050125122070312
74 error 4.164625514170658 integer 0.4735968064922818 0.48423680939730307 steps 174 seconds 0.616363525390625
75 error 4.513897037227334 integer 0.4876607173759413 0.49572352783846085 steps 117 seconds 0.3302271366119385
76 error 4.505579563257787 integer 0.46603621157001385 0.4994491231663041 steps 75 seconds 0.2106637954711914
77 error 4.513897037227618 integer 0.4876589336986257 0.49572452702259895 steps 78 seconds 0.24003887176513672
78 error 5.08894065347458 integer 0.4893170724891238 0.49679752116342435 steps 35 seconds 0.10318517684936523
79 error 5.565473745460953 integer 0.4794337224171237 0.49980665322635853 steps 115 seconds 0.3375985622406006
80 error 8.792556438221814 integer 0.49578451670188084 0.4963222652776338 steps 53 seconds 0.15549159049987793
81 error 4.164625514171107 integer 0.4735873048977407 0.48428612774258806 steps 132 seconds 0.5826735496520996
82 error 4.513897037227323 integer 0.48766071248926446 0.49572353020842286 steps 74 seconds 0.1943981647491455
83 error 4.164625514170825 integer 0.4735873781014912 0.4842857477692277 steps 155 seconds 0.3885817527770996
84 error 5.931802056336551 integer 0.46946892824391995 0.49729487230113634 steps 47 seconds 0.12245321273803711
85 error 4.513897037227075 integer 0.4876590736379187 0.49572424507682555 steps 60 seconds 0.15487933158874512
86 error 4.513897037227334 integer 0.48766071771442476 0.49572352767191674 steps 82 seconds 0.21564435958862305
87 error 6.140188660567157 integer 0.4394374164979862 0.4985867996500204 steps 118 seconds 0.27782773971557617
88 error 5.0889406534740536 integer 0.48931937606281106 0.49679446980700526 steps 45 seconds 0.11503076553344727
89 error 5.235873628041596 integer 0.4944561299592858 0.49994571679838273 steps 81 seconds 0.23661327362060547
90 error 5.56547374546099 integer 0.4794336970883446 0.499806706153223 steps 98 seconds 0.4331355094909668
91 error 4.371894525061458 integer 0.4920185052636601 0.4977092259306204 steps 69 seconds 0.1843245029449463
92 error 4.5138970372275855 integer 0.48765900770157833 0.4957246332173604 steps 84 seconds 0.2324221134185791
93 error 9.831533887712112 integer 0.46030596101959853 0.4996658564331824 steps 67 seconds 0.14859628677368164
94 error 4.16462551417 integer 0.4735966300263382 0.4842377253334673 steps 153 seconds 0.381502628326416
95 error 5.132896151910993 integer 0.4998170530453103 0.49429661148575876 steps 103 seconds 0.29695701599121094
96 error 4.513897037227338 integer 0.4876607188274007 0.49572352712454304 steps 98 seconds 0.3163764476776123
97 error 5.389872104879168 integer 0.494261797772344 0.4990749601772375 steps 73 seconds 0.2894289493560791
98 error 6.152361017511505 integer 0.45502988187550253 0.4972813317848761 steps 88 seconds 0.3291659355163574
99 error 6.384614080819527 integer 0.4991068870628541 0.4994821736759789 steps 169 seconds 0.4600355625152588
100 error 5.952158367117758 integer 0.4315204495314373 0.48938617956247743 steps 66 seconds 0.1853170394897461
101 error 5.931802056335935 integer 0.46946950356011286 0.4972869091881682 steps 42 seconds 0.14167523384094238
102 error 5.679274291875459 integer 0.498761159887982 0.49685210724491213 steps 38 seconds 0.1130838394165039
103 error 6.3846140808209615 integer 0.4991075683761941 0.4994886601837347 steps 185 seconds 0.5335557460784912
104 error 5.23587362804296 integer 0.49445285083256046 0.4999450639285179 steps 75 seconds 0.309450626373291
105 error 5.132896151910387 integer 0.4998165634594294 0.4942966873868242 steps 67 seconds 0.20958781242370605
106 error 4.505579563258092 integer 0.4660362583580002 0.4994491878023126 steps 167 seconds 0.5549590587615967
107 error 8.145995526840135 integer 0.49129479989623537 0.49916073521447313 steps 86 seconds 0.37448930740356445
108 error 5.4590724936822195 integer 0.49761940463621035 0.4976426163945433 steps 126 seconds 0.3121919631958008
109 error 4.505579563258185 integer 0.46603638257212676 0.49944923962795684 steps 187 seconds 0.5212876796722412
110 error 5.901950897332731 integer 0.4987898342875363 0.49944252682503887 steps 159 seconds 0.42836999893188477
111 error 5.982894271538629 integer 0.4990139067517192 0.49720027366350195 steps 59 seconds 0.15714287757873535
112 error 4.164625514169546 integer 0.4735877236789212 0.48428395400721147 steps 119 seconds 0.33309173583984375
113 error 5.459072493687406 integer 0.4976193817862229 0.49765953773047755 steps 113 seconds 0.2953314781188965
114 error 7.650220840674085 integer 0.4572758237044998 0.4953678634398233 steps 64 seconds 0.2015538215637207
115 error 7.824234119280394 integer 0.4596864300150574 0.4961463184607666 steps 66 seconds 0.33364176750183105
116 error 4.164625514169824 integer 0.4735876462851876 0.4842843557286507 steps 98 seconds 0.36197781562805176
117 error 5.283766813028883 integer 0.4606608928004263 0.49988526078103845 steps 91 seconds 0.33420634269714355
118 error 4.371894525061469 integer 0.4920185205885632 0.49770920330687574 steps 59 seconds 0.18144845962524414
119 error 10.71730915942858 integer 0.4564289083271449 0.49949251733734545 steps 182 seconds 0.5070545673370361
120 error 5.088940653473897 integer 0.48931922577758913 0.49679470349530686 steps 95 seconds 0.2731897830963135
121 error 5.13289615191093 integer 0.4998169417581224 0.4942959261495954 steps 67 seconds 0.18320155143737793
122 error 5.459072493682676 integer 0.4976284409235947 0.49752063746541353 steps 141 seconds 0.3764057159423828
123 error 4.513897037227205 integer 0.4876591427659718 0.4957245130813064 steps 61 seconds 0.2455141544342041
124 error 6.887517025286145 integer 0.4851716330109044 0.49928693594465656 steps 123 seconds 0.32338714599609375
125 error 4.505579563257514 integer 0.466035929598418 0.4994489837477296 steps 80 seconds 0.22031927108764648
126 error 6.7963537125287194 integer 0.4898392031042009 0.4932426518152928 steps 510 seconds 1.6161513328552246
127 error 5.679274291875996 integer 0.49876123075500844 0.49685211964244225 steps 72 seconds 0.3349173069000244
128 error 13.171725026693704 integer 0.4842673531726911 0.49027925203425227 steps 59 seconds 0.2593047618865967
129 error 5.235873628043968 integer 0.49445493986089817 0.4999465061291559 steps 88 seconds 0.24133610725402832
130 error 5.28376681303132 integer 0.46066255413547186 0.4998790947630489 steps 72 seconds 0.1935722827911377
131 error 5.283766813028042 integer 0.4606609589921513 0.4998917733087289 steps 70 seconds 0.2060997486114502
132 error 11.157853050352731 integer 0.4983830587813498 0.49907111945047866 steps 67 seconds 0.163238525390625
133 error 4.371894525061114 integer 0.4920179806727969 0.4977101912062949 steps 47 seconds 0.13150334358215332
134 error 4.513897037227471 integer 0.4876589956551016 0.49572451191401967 steps 143 seconds 0.4011819362640381
135 error 4.513897037227244 integer 0.4876590923426285 0.4957244730688757 steps 128 seconds 0.5529165267944336
136 error 7.093287119231019 integer 0.48688256119880746 0.49596949943533275 steps 70 seconds 0.3599560260772705
137 error 5.132896151911108 integer 0.4998170501900112 0.4942951684952357 steps 79 seconds 0.4008195400238037
138 error 6.1401886605593665 integer 0.4394417768177248 0.49882093709831565 steps 119 seconds 0.4304490089416504
139 error 5.533065717636555 integer 0.4971479378245475 0.4970942572522581 steps 68 seconds 0.23363256454467773
140 error 4.513897037227986 integer 0.48765889765895265 0.4957247950593633 steps 123 seconds 0.6512739658355713
141 error 7.82423411927959 integer 0.4596862281650338 0.4961472290619007 steps 108 seconds 0.27707433700561523
142 error 5.132896151911096 integer 0.4998169987596528 0.4942952455000911 steps 87 seconds 0.21302390098571777
143 error 4.5138970372271645 integer 0.4876591266786612 0.4957244506723839 steps 83 seconds 0.2097187042236328
144 error 11.727552361760589 integer 0.4956488836283588 0.4958791235430624 steps 81 seconds 0.1867537498474121
145 error 5.283766813032782 integer 0.46066200492431175 0.4998716250503463 steps 101 seconds 0.2544376850128174
146 error 5.805717934720517 integer 0.47315594810073436 0.4993786992611078 steps 71 seconds 0.18870806694030762
147 error 4.835734010292794 integer 0.4992918061271343 0.4958953049496593 steps 395 seconds 1.2671258449554443
148 error 4.371894525061125 integer 0.4920180154476972 0.4977103755682677 steps 49 seconds 0.1709914207458496
149 error 6.417085780442802 integer 0.49440277758907303 0.49395552012087407 steps 50 seconds 0.13597798347473145
ENDPOINT [[0, 5, -3], [-5, -4, -3]]
0 error 1.027408944833662 integer 0.4880442286693687 0.4976352468436307 steps 46 seconds 0.15453076362609863
1 error 4.912366706618354 integer 0.4657684975572205 0.49851282603626235 steps 35 seconds 0.2435469627380371
2 error 5.1272418148722805 integer 0.4979709236900778 0.49942992609235404 steps 115 seconds 0.3686044216156006
3 error 2.5921421989584754 integer 0.4927831423973722 0.4994544900948623 steps 77 seconds 0.20269465446472168
4 error 0.5616714415956686 integer 0.4990816106703817 0.4990923690659379 steps 61 seconds 0.26761865615844727
5 error 2.5921421989592655 integer 0.4927836823250147 0.49944819147030706 steps 77 seconds 0.2593545913696289
6 error 0.5616714415956882 integer 0.49908163172941444 0.4990921644925699 steps 84 seconds 0.23500704765319824
7 error 2.592142198958657 integer 0.49278350514561753 0.49945373676646687 steps 51 seconds 0.14988327026367188
8 error 1.7259756355742386 integer 0.4951090815331498 0.49865812159165657 steps 50 seconds 0.14840030670166016
9 error 5.122733677725483 integer 0.45109169807003857 0.49917022651299003 steps 68 seconds 0.1713550090789795
10 error 1.304847003801056 integer 0.48757188904118465 0.4952176017369503 steps 60 seconds 0.14082694053649902
11 error 2.592142198958526 integer 0.49278327588412696 0.4994544232868008 steps 72 seconds 0.19858312606811523
12 error 0.5004118755184538 integer 0.49964059540763417 0.4994736125870052 steps 62 seconds 0.179779052734375
13 error 2.4197889792710265 integer 0.45900890830698443 0.4849259936047652 steps 54 seconds 0.13092899322509766
14 error 0.3992110200653157 integer 0.47265643153427295 0.49871768866458055 steps 37 seconds 0.15551161766052246
15 error 0.5004118755184652 integer 0.4996406030999516 0.49947370814444625 steps 68 seconds 0.300459623336792
16 error 0.5616714415956807 integer 0.49908151715206106 0.49909226145030416 steps 71 seconds 0.2536888122558594
17 error 8.97291595296407e-08 integer 9.099601649964484e-08 1.3056982908210557e-06 steps 56 seconds 0.22692275047302246
