BEST 0 1291.4008104097968 2.281780469002743 (1.1353937774802159, 0.49533272017982677, 0.49893894969668257, False) 0.18758773803710938
BEST 1 1291.4008103870135 2.2817802145758304 (1.1353937775822263, 0.4953327323773622, 0.4989418601102059, False) 0.26485657691955566
BEST 14 284.93137847513503 3.0308544929441323 (0.530943051543375, 0.49498507597618957, 0.49911074866445126, False) 1.509425163269043
BEST 15 284.93137841808016 3.030853924543425 (0.5309430520249199, 0.49498487706891225, 0.49911003561808087, False) 1.6022937297821045
BEST 17 284.93137840339875 3.0308537773955804 (0.5309430521496662, 0.4949849259441601, 0.49911002531093374, False) 1.8090834617614746
BEST 18 284.93137836202703 3.030853352815476 (0.5309430525105414, 0.49498475591820146, 0.4991095459038295, False) 1.9237644672393799
STATUS 19 best 284.93137836202703 current 284.9313783727485 seconds 2.0300815105438232
BEST 32 2.1480311248746427 2.145840265305434 (0.0014801552517248525, 0.43304396859542216, 0.4849824363294122, False) 3.518611192703247
BEST 35 2.1480311241441417 2.145840257678427 (0.001480157581379314, 0.4330442763070166, 0.4849825481408869, False) 4.530785799026489
BEST 37 2.1480311235870317 2.1458402518424364 (0.0014801593645939334, 0.4330445117358024, 0.48498263344221915, False) 5.396353006362915
STATUS 39 best 2.1480311235870317 current 2.148031124090299 seconds 6.25786018371582
BEST 40 2.1480311234470166 2.1458402503732628 (0.0014801598135856374, 0.43304457112940486, 0.4849826552094143, False) 6.448385715484619
STATUS 59 best 2.1480311234470166 current 2.1480311413799447 seconds 12.321173906326294
STATUS 79 best 2.1480311234470166 current 2.1480311431185424 seconds 17.49479913711548
STATUS 99 best 2.1480311234470166 current 2.1480311234470166 seconds 22.397411584854126
STATUS 119 best 2.1480311234470166 current 2.148031125030166 seconds 28.065584659576416
STATUS 139 best 2.1480311234470166 current 2.148031143211497 seconds 34.641674757003784
STATUS 159 best 2.1480311234470166 current 2.2549780169069993 seconds 39.16086983680725
STATUS 179 best 2.1480311234470166 current 2.1480311246955712 seconds 44.03139019012451
STATUS 199 best 2.1480311234470166 current 2.1480311234470166 seconds 49.86854910850525
STATUS 219 best 2.1480311234470166 current 2.148031125010068 seconds 54.251280546188354
STATUS 239 best 2.1480311234470166 current 2.148031124493539 seconds 60.788630962371826
STATUS 259 best 2.1480311234470166 current 2.1480311254723854 seconds 66.75132465362549
STATUS 279 best 2.1480311234470166 current 2.2549780167181397 seconds 72.4494698047638
STATUS 299 best 2.1480311234470166 current 2.1480311234470166 seconds 79.47454452514648
STATUS 319 best 2.1480311234470166 current 2.1480311245371646 seconds 85.66666603088379
STATUS 339 best 2.1480311234470166 current 2.1480311258452742 seconds 91.11604118347168
