ENDPOINT 38 [[0, -3, -3, 0], [4, -4, 5, 4], [-3, 2, 3, -1]]
0 initial (3.125861121007029, 0.49579558385546196, 0.4981732688631304, False) 250
0 final (3.587856849833865, 0.42016312069542383, 0.49791360775643057, False) cost 3.8180049546571007 best 3.8180049546571007 seconds 9.245586633682251
1 initial (9.734263820106841, 0.49445217960621024, 0.4991126669622048, False) 250
1 final (5.807853754176446, 0.3659932544855278, 0.49999271672640333, False) cost 6.036395481481545 best 3.8180049546571007 seconds 11.756829261779785
2 initial (3.102534989202449, 0.4986665876365395, 0.49922538670702465, False) 250
2 final (3.5878568498338534, 0.42016312069544526, 0.4979136077564803, False) cost 3.81800495465709 best 3.81800495465709 seconds 10.056583881378174
3 initial (6.067217699756451, 0.4837851816160459, 0.49933898435338975, False) 250
3 final (3.6777436175335327, 0.4159459467223572, 0.4998073336828508, False) cost 3.892731216495098 best 3.81800495465709 seconds 12.79811978340149
4 initial (4.120968199850493, 0.4973200850316334, 0.4998997676088698, False) 250
4 final (4.390668900813855, 0.3219638246825456, 0.4997877660003134, False) cost 4.61390110583203 best 3.81800495465709 seconds 8.881504535675049
5 initial (3.1056017220346943, 0.4875192810752722, 0.4986498140826967, False) 250
5 final (3.5878568498338517, 0.4201631206954497, 0.4979136077564945, False) cost 3.8180049546570882 best 3.8180049546570882 seconds 9.544673204421997
6 initial (5.502723749692677, 0.4789187790643452, 0.4992429750742333, False) 250
6 final (3.812482212422745, 0.35165832568794153, 0.4999372970243563, False) cost 4.051162423579615 best 3.8180049546570882 seconds 11.829405307769775
7 initial (6.274619932319918, 0.49436914110440755, 0.49874299742936956, False) 250
7 final (6.272968091442592, 0.4346607826520845, 0.49763912538696253, False) cost 6.5144496576278845 best 3.8180049546570882 seconds 9.989224910736084
8 initial (3.0476190525226765, 0.48993358685294686, 0.4981007703240543, False) 250
8 final (3.7898690442400738, 0.40892182756070444, 0.49984697282435064, False) cost 3.998056168640036 best 3.8180049546570882 seconds 10.988039255142212
9 initial (3.5470133217882873, 0.49751341009699135, 0.49980362097869246, False) 250
9 final (4.208698922887489, 0.42968516648785116, 0.49954742281305897, False) cost 4.446537122224109 best 3.8180049546570882 seconds 10.408787727355957
