Pool ready 300 pairs 29178
{"attempt": 0, "mismatch": 0.0007834293043202933, "ratio": 3.9958185230152328, "valid": false, "cost": 1.1851923250042127e-05, "nfev": 46, "seconds": 1.8132573630427942}
{"attempt": 1, "mismatch": 2.1399548799649892e-14, "ratio": 3.9999999999998854, "valid": true, "cost": 9.030491203122625e-27, "nfev": 48, "seconds": 3.65936105302535}
Saved /srv/home/xuandong/mnt/jingxu/ALE/tasks_v4/eerad3_event_shapes_and_jet_rates_in_electron_positron_annihilation_at__1402_4140/concept_2/attempts/v_2/submission.json
[
  {
    "tau": 0.15186876122763804,
    "C": 0.5830532346166446,
    "rho_H": 0.07045192596860297,
    "B_T": 0.22728191335991915,
    "B_W": 0.12783152543434653,
    "y45": 0.008664744733425435,
    "y34": 0.022233725260929742,
    "y23": 0.0443091002296572,
    "thrust_gap": 0.11146637063966972,
    "hemisphere_margin": 0.06610986782950244,
    "hemisphere_occupancy": 2,
    "merge_gap": 0.00326713793393406,
    "pseudojet_norm": 0.10911909336668317
  },
  {
    "tau": 0.1518687612276377,
    "C": 0.5830532346166435,
    "rho_H": 0.0704519259686164,
    "B_T": 0.2272819133599212,
    "B_W": 0.12783152543432513,
    "y45": 0.002166186183356421,
    "y34": 0.01976898735411705,
    "y23": 0.04430910022966606,
    "thrust_gap": 0.06907652218783912,
    "hemisphere_margin": 0.047447532725972505,
    "hemisphere_occupancy": 2,
    "merge_gap": 0.007391043807915398,
    "pseudojet_norm": 0.1101891465632336
  }
]
