adversaries 3 min 0.934360831393384
EXPLORE 0 pool 790 train 54 min 0.9327084192626101 incumbent 0.9327084192626101
anneal 0 best 0.9327084192626101 seconds 0.04085659980773926
gauge best 142 0.9328775708302495 seconds 7.201951265335083
anneal 500 best 0.9328775708302495 seconds 23.02310848236084
gauge best 841 0.9349716540912432 seconds 37.4081768989563
anneal 1000 best 0.9349716540912432 seconds 46.368178606033325
anneal 1500 best 0.9349716540912432 seconds 72.52841377258301
anneal 2000 best 0.9349716540912432 seconds 96.77520275115967
anneal 2500 best 0.9349716540912432 seconds 118.5599479675293
eval=1 seconds=0.1 min=0.934971654 mean=0.942612437 best=0.934971654
eval=20 seconds=4.0 min=0.938516027 mean=0.944184478 best=0.938516027
eval=40 seconds=6.2 min=0.942593772 mean=0.947158645 best=0.942593772
eval=60 seconds=9.7 min=0.945376846 mean=0.949121786 best=0.945376846
eval=80 seconds=12.2 min=0.946560919 mean=0.950019012 best=0.946560919
eval=100 seconds=14.7 min=0.947099113 mean=0.950597933 best=0.947099113
eval=120 seconds=19.2 min=0.947328911 mean=0.950882102 best=0.947328911
eval=140 seconds=23.2 min=0.947533354 mean=0.951017594 best=0.947533354
eval=160 seconds=26.0 min=0.947569541 mean=0.951049816 best=0.947569541
eval=180 seconds=29.1 min=0.947547324 mean=0.951067102 best=0.947573269
eval=200 seconds=31.1 min=0.947540525 mean=0.951087707 best=0.947573269
eval=220 seconds=33.4 min=0.947533774 mean=0.951107135 best=0.947573269
eval=240 seconds=36.1 min=0.947532021 mean=0.951110179 best=0.947573269
eval=260 seconds=38.1 min=0.947532443 mean=0.951107034 best=0.947573269
eval=280 seconds=40.1 min=0.947534818 mean=0.951106101 best=0.947573269
eval=300 seconds=43.2 min=0.947534877 mean=0.951105693 best=0.947573269
eval=320 seconds=46.4 min=0.947535057 mean=0.951105987 best=0.947573269
eval=340 seconds=48.0 min=0.947535125 mean=0.951106031 best=0.947573269
eval=360 seconds=49.6 min=0.947535207 mean=0.951106093 best=0.947573269
CONVERGENCE: REL_REDUCTION_OF_F_<=_FACTR*EPSMCH iterations 341
EXPLORE AFTER 0 0.9467489491407939 0.9583211791142279
adversaries 4 min 0.9468150704832745
EXPLORE 1 pool 822 train 55 min 0.9467489491407939 incumbent 0.9467489491407939
anneal 0 best 0.9467489491407939 seconds 0.12271356582641602
anneal 500 best 0.9467489491407939 seconds 18.112261533737183
anneal 1000 best 0.9467489491407939 seconds 39.48776364326477
