adversaries 3 min 0.9472718982038563
SURROGATE seconds 1.2735481262207031 predicted best 0.9467334536391632 candidates 12
EXACT GAUGES [(0.9471506492043869, 0), (0.9471506492043869, 0), (0.9450687758250556, 6916106), (0.9439722890048892, 49226), (0.9411260172448058, 8685840), (0.9398938303263291, 8683594), (0.9397774015958831, 6475872), (0.9388761812418942, 6426624)]
minimax 1 min 0.9471506492043869 best 0.9471506492043869 seconds 0.6864840984344482
minimax 20 min 0.947279056486193 best 0.947279056486193 seconds 4.729227066040039
minimax 40 min 0.9472812738842619 best 0.9472812738842619 seconds 8.588139533996582
Optimization terminated successfully    (Exit mode 0)
            Current function value: -0.9472813006383316
            Iterations: 44
            Function evaluations: 53
            Gradient evaluations: 44
minimax result Optimization terminated successfully nit 44
SURROGATE REFINED 0 0 min 0.9472813006375246 incumbent 0.9471506492043869
minimax 1 min 0.9450687758250556 best 0.9450687758250556 seconds 0.11611390113830566
minimax 20 min 0.9493956669836042 best 0.9493956669836042 seconds 4.141831159591675
minimax 40 min 0.9502217669014699 best 0.9502217669014699 seconds 6.794635534286499
minimax 60 min 0.950308820693942 best 0.950308820693942 seconds 12.0159752368927
Optimization terminated successfully    (Exit mode 0)
            Current function value: -0.9503093223675966
            Iterations: 61
            Function evaluations: 75
            Gradient evaluations: 61
minimax result Optimization terminated successfully nit 61
SURROGATE REFINED 0 2 min 0.9463559502110211 incumbent 0.9472813006375246
adversaries 3 min 0.9464944356964078
SURROGATE seconds 1.288344383239746 predicted best 0.9478168721777582 candidates 17
EXACT GAUGES [(0.9464944356964078, 0), (0.9464944356964078, 0), (0.9446447700596365, 6916106), (0.9435860869860769, 49226), (0.9417294145243094, 8700370), (0.9412604415623167, 6392191), (0.9409965780388598, 8685840), (0.9397033081985965, 11372552)]
minimax 1 min 0.9464944356964078 best 0.9464944356964078 seconds 0.10404562950134277
minimax 20 min 0.9471398982561678 best 0.9471398982561678 seconds 2.9120500087738037
minimax 40 min 0.9471514817282501 best 0.9471514817282501 seconds 7.476345062255859
Optimization terminated successfully    (Exit mode 0)
            Current function value: -0.9471515070971491
            Iterations: 45
            Function evaluations: 54
            Gradient evaluations: 45
minimax result Optimization terminated successfully nit 45
SURROGATE REFINED 1 0 min 0.9471515070962113 incumbent 0.9464944356964078
minimax 1 min 0.9446447700596365 best 0.9446447700596365 seconds 0.14779925346374512
minimax 20 min 0.9494115588010545 best 0.9494115588010545 seconds 2.7831296920776367
minimax 40 min 0.9502460484473637 best 0.9502460484473637 seconds 6.108752250671387
minimax 60 min 0.9503088561221588 best 0.9503088561221588 seconds 9.889614582061768
Optimization terminated successfully    (Exit mode 0)
            Current function value: -0.9503093223672063
            Iterations: 62
            Function evaluations: 75
            Gradient evaluations: 62
minimax result Optimization terminated successfully nit 62
SURROGATE REFINED 1 2 min 0.9463559647143661 incumbent 0.9471515070962113
adversaries 3 min 0.9456454685785403
SURROGATE seconds 1.1699657440185547 predicted best 0.9447542408656734 candidates 13
EXACT GAUGES [(0.9456454685785403, 0), (0.9456454685785403, 0), (0.944049084984883, 6916106), (0.9429144010442632, 6426694), (0.9411523041910197, 10977355), (0.9408460238087234, 8685840), (0.9398040502693976, 8683594), (0.9390380719164017, 5245200)]
minimax 1 min 0.9456454685785403 best 0.9456454685785403 seconds 0.145674467086792
minimax 20 min 0.9467150660870371 best 0.9467150660870371 seconds 3.4593842029571533
minimax 40 min 0.9467194845516965 best 0.9467194845516965 seconds 7.447594881057739
Optimization terminated successfully    (Exit mode 0)
            Current function value: -0.946719840198748
            Iterations: 50
            Function evaluations: 59
            Gradient evaluations: 50
minimax result Optimization terminated successfully nit 50
SURROGATE REFINED 2 0 min 0.9467198401980315 incumbent 0.9456454685785403
minimax 1 min 0.944049084984883 best 0.944049084984883 seconds 0.13212800025939941
minimax 20 min 0.9495373643619401 best 0.9496549919873446 seconds 3.8248178958892822
minimax 40 min 0.9508859810210321 best 0.9508859810210321 seconds 8.446844816207886
minimax 60 min 0.9509629619102948 best 0.9509629619102948 seconds 13.05586576461792
