single 0 31.64094484913374 38.81166719
single 1 31.22568325607488 38.719726439999995
single 2 31.159655748664274 38.57694532
single 3 31.151372137543554 38.384952551
single 4 31.151129998718528 38.163494111
single 5 31.151111060658703 37.797546271
single 6 31.15110563153053 37.586892350999996
single 7 31.15110299129858 37.421103730999995
single 8 31.15110152871071 37.287859771
single 9 31.151100631237668 37.158700890999995
single 10 31.15110000434597 37.007053481
single 11 31.151099557035412 36.874809031
single 12 31.151099144748922 36.763629421
single 13 31.151098641266785 36.618024481
single 14 31.15109792115091 36.478025681
single 15 31.151096995007624 36.338795031
single 16 31.1510963679146 36.198791160999995
single 17 31.1510960629332 36.059573951
single 18 31.151095859758765 35.939142741
single 19 31.15109568848468 35.823145212
single 20 31.15109553501732 35.703156922
single 21 31.15109540606817 35.583159412
single 22 31.151095309888788 35.467173861999996
single 23 31.151095244549772 35.323345182
single 24 31.151095200240867 35.176234492
single 25 31.15109516636404 35.034093892
single 26 31.151095134812095 34.890094512
single 27 31.151095099741628 34.750129611999995
single 28 31.151095056457578 34.604319452
single 29 31.151095000846986 34.451941141999995
single 30 31.151094930092377 34.304293582
single 31 31.151094845041865 34.152743512
single 32 31.151094752974934 34.012889982
single 33 31.15109466673523 33.869004132
single 34 31.151094598047173 33.725551152
single 35 31.151094551005528 33.589565022
single 36 31.151094522408236 33.451581812
single 37 31.15109450638455 33.311606602
single 38 31.15109449783595 33.175645552999995
single 39 31.151094493390616 33.040041873
single 40 31.151094491103468 32.912042353
single 41 31.15109448992926 32.780103972999996
single 42 31.15109448932498 32.652105113
single 43 31.151094489012667 32.528123973
single 44 31.15109448885042 32.400141962999996
single 45 31.15109448876577 32.276635623
single 46 31.151094488721338 32.158707093
single 47 31.151094488697904 32.040431803
single 48 31.151094488685484 31.928642732999997
single 49 31.151094488678915 31.812858542999997
single 50 31.15109448867544 31.693075002999997
single 51 31.151094488673614 31.580856902999997
single 52 31.151094488672523 31.473704063
single 53 31.15109448867206 31.379600353
single 54 31.151094488671824 31.277033173
single 55 31.15109448867166 31.184495632999997
cpu_before_save 8.219126627
cpu_after_save 8.233818287
