single 0 25.00311711983813 39.32108242
single 1 24.63013491046705 38.94057311
single 2 24.617961271404997 38.493909821
single 3 24.61712234325974 37.935343041
single 4 24.6170486660605 37.321601401
single 5 24.61702503832258 36.610527741000006
single 6 24.61701824305362 35.922578542000004
single 7 24.61701597194794 35.297875072000004
single 8 24.61701518951982 34.52092752200001
single 9 24.617014932413664 33.73873030200001
single 10 24.617014847755186 32.97115941300001
single 11 24.617014819510466 32.253816863000004
single 12 24.61701480895736 31.730980653000003
single 13 24.617014805206583 31.187945374000005
single 14 24.617014803689052 28.832977485000008
single 15 24.617014803028393 27.136885615000004
single 16 24.617014802718494 26.650168955000005
single 17 24.617014802562363 26.254745506000006
single 18 24.617014802478543 25.859135896000005
single 19 24.61701480243151 25.415684146000004
single 20 24.61701480240427 24.955013456000003
single 21 24.61701480238816 24.531383446000007
experiments/example_symmetric.json 15.176966614000001 {'energy': 24.617014802388205, 'parity': 1.0, 'norm_after_canonicalization': 0.9999999999999982, 'max_bond': 16}
single 0 31.640949358887937 39.00589120100001
single 1 31.22568823906143 38.44591657100001
single 2 31.15965436430015 37.848613631000006
single 3 31.151381453834386 36.89478162200001
single 4 31.15112597728697 35.51248417200001
single 5 31.151109731748157 34.068945983000006
single 6 31.151106834368914 32.64154649300001
single 7 31.15110520975127 31.393993963000007
single 8 31.151103359467964 30.144624493000006
single 9 31.151101602612435 29.03756681400001
single 10 31.1511001256308 27.942812094000008
single 11 31.151098940160097 26.86465846400001
single 12 31.1510980602858 25.259993054000006
single 13 31.151097426775262 23.743003615000006
single 14 31.151096970005906 22.56416760500001
single 15 31.1510966364975 21.38160274500001
single 16 31.15109637949406 19.536623106000008
single 17 31.151096160297474 17.244055937000006
single 18 31.151095961889837 13.873922588000006
single 19 31.15109579075561 12.28320380800001
single 20 31.1510956597241 11.09112157900001
single 21 31.15109557022613 9.991171099000006
single 22 31.15109551176744 9.046583750000003
single 23 31.15109547095419 7.964313180000005
single 24 31.151095437090156 7.0284761300000085
single 25 31.151095402728274 6.127981541000004
single 26 31.151095362380488 5.245206671000005
single 27 31.151095311469987 4.283176481000005
single 28 31.151095246400846 3.2910618520000057
single 29 31.151095166259527 2.2141527320000094
single 30 31.151095075687476 1.4062817630000097
single 31 31.15109498583358 0.30886024300000514
experiments/example_odd.json 39.721434237000004 {'energy': 31.151094964566372, 'parity': -1.0, 'norm_after_canonicalization': 1.0000000000000007, 'max_bond': 20}
single 0 24.466585794571007 39.272386110000014
single 1 24.357734065199544 38.89916377000001
single 2 24.34199625685567 38.43922683000001
single 3 24.34100476991483 37.77184320000001
single 4 24.34096410135956 36.890031731000015
single 5 24.340947912209224 35.90364266100001
single 6 24.340943423825827 35.01580628100001
single 7 24.3409415805852 34.257474062000014
single 8 24.340940824123805 33.299804412000015
single 9 24.340940520498876 32.563264472000014
single 10 24.340940411595767 31.58808868300001
single 11 24.34094034898161 30.742641743000007
single 12 24.34094033805562 29.991832903000017
single 13 24.3409403345484 29.489010553000014
single 14 24.34094033338238 28.91120986300001
single 15 24.34094033299201 28.296336103000016
single 16 24.340940332860296 27.794536534000017
single 17 24.340940332815535 27.346404394000018
single 18 24.34094033280006 26.946155144000016
experiments/example_nonuniform.json 12.759349016000009 {'energy': 24.34094033280021, 'parity': 0.9997362519449464, 'norm_after_canonicalization': 0.9999999999999956, 'max_bond': 16}
