single 0 48.70723594957064 39.298132120000005
single 1 48.10214769743909 39.07118554
single 2 48.01205879100122 38.81277055
single 3 48.00028553706556 38.297217960000005
single 4 48.00015330812999 37.608734101
single 5 48.00014854220327 36.903159571
single 6 48.000147739744236 36.309994621
single 7 48.00014746714287 35.780300141000005
single 8 48.0001473215426 35.142300062000004
single 9 48.00014722215918 34.423467202000005
single 10 48.00014714700325 33.69183494200001
single 11 48.000147086793184 33.042710703000004
single 12 48.000147036521454 32.375652593000005
single 13 48.00014699311284 31.692424673000005
single 14 48.00014695453912 31.110761913000005
single 15 48.000146919397594 30.540093364000004
single 16 48.000146886684306 29.712258174000006
single 17 48.00014685566266 28.988267954000005
single 18 48.000146825784455 28.261886704000005
single 19 48.00014679664063 27.556009595000006
single 20 48.00014676793528 26.816996495000005
single 21 48.0001467394681 26.097458665000005
single 22 48.00014671112396 25.433798626000005
single 23 48.00014668286006 24.729480426000002
single 24 48.0001466546885 24.059842156000002
single 25 48.000146626667025 23.397883236000006
single 26 48.00014659891434 22.775390367000004
single 27 48.00014657164221 22.152112247000005
single 28 48.00014654513307 21.556134417000003
single 29 48.000146519596285 20.919422897000004
single 30 48.000146494958656 20.326727828000003
single 31 48.00014647082149 19.741028838000005
single 32 48.00014644675687 19.162953208000005
single 33 48.00014642282157 18.563621448000003
single 34 48.000146399851566 18.056895108000003
single 35 48.00014637910378 17.596889518000005
single 36 48.00014636136094 17.081286848000005
single 37 48.00014634626056 16.617254348000003
single 38 48.00014633242011 16.134223358000003
single 39 48.00014631806421 15.668521558000005
single 40 48.000146301599656 15.222576999000005
single 41 48.0001462820698 14.813066189000004
single 42 48.000146259684364 14.373461439000003
single 43 48.00014623628306 13.930012729000005
single 44 48.000146214961404 13.523645659000003
single 45 48.0001461984205 13.116512439000005
single 46 48.000146187363384 12.706228620000005
single 47 48.00014618061811 12.308046010000005
single 48 48.00014617642857 11.910113350000003
single 49 48.00014617337593 11.511422600000003
single 50 48.000146170551375 11.114625340000003
single 51 48.00014616737592 10.707827700000003
single 52 48.000146163396394 10.348866360000006
single 53 48.00014615813078 9.963554890000005
single 54 48.000146150956134 9.574592880000004
single 55 48.00014614103649 9.202915510000004
single 56 48.000146127332144 8.825007060000004
single 57 48.00014610885486 8.412487010000003
single 58 48.00014608541262 8.001714410000005
single 59 48.00014605878466 7.580592441000007
single 60 48.000146033153236 7.1644445510000025
single 61 48.000146013081824 6.661760101000006
single 62 48.00014600038288 6.1844386110000045
single 63 48.00014599369268 5.7389370610000014
single 64 48.000145990606775 5.373281201000005
single 65 48.00014598929675 4.967471061000005
single 66 48.00014598876376 4.604676411000007
single 67 48.00014598854903 3.655236701000007
single 68 48.00014598845883 1.8955973620000037
single 69 48.000145988416996 1.4956473220000035
single 70 48.00014598839338 1.107292612000002
single 71 48.00014598837606 0.7112680020000042
experiments/large_even.json 38.998684948000005 {'energy': 48.00014598837635, 'parity': 1.0, 'norm_after_canonicalization': 1.0000000000000016, 'max_bond': 24}
single 0 44.33940323569228 39.38057511000001
single 1 43.7549686226158 39.14525338000001
single 2 43.64399431557391 38.82020854000001
single 3 43.62312577259629 38.131151040000006
single 4 43.62272211065238 37.31912425000001
single 5 43.622690596808006 36.60607355000001
single 6 43.62268206864296 35.97654710000001
single 7 43.622678670027966 35.49477238000001
single 8 43.62267678578656 34.90813264000001
single 9 43.622675349121714 34.30635728100001
single 10 43.62267390281977 33.72583471100001
single 11 43.622672210695775 33.16333347100001
single 12 43.622670344592095 32.603476451000006
single 13 43.62266851926315 31.98973459100001
single 14 43.622666740964256 31.302276751000008
single 15 43.62266495500605 30.716172481000008
single 16 43.622663243201295 30.07256274200001
single 17 43.62266183303869 29.46962065200001
single 18 43.622660913996256 28.854282702000006
single 19 43.62266042714709 27.16712776300001
single 20 43.622660188373 26.44094705300001
single 21 43.62266006632999 25.685975663000008
single 22 43.622659998223604 24.868162264000006
single 23 43.62265995687102 24.097791684000008
single 24 43.6226599300963 23.428436884000007
single 25 43.622659911963645 22.72846190500001
single 26 43.62265989929875 22.04920620500001
single 27 43.622659890261886 21.41022032500001
single 28 43.62265988371621 20.784272175000012
single 29 43.6226598789244 20.202382516000007
single 30 43.62265987539001 19.570380316000012
single 31 43.62265987276882 19.085015536000007
single 32 43.622659870817984 18.640097126000008
single 33 43.62265986936212 18.21560007600001
single 34 43.62265986827393 17.791325557000008
single 35 43.62265986745913 17.36199208700001
single 36 43.62265986684878 16.921952597000008
single 37 43.622659866390876 16.38875218700001
single 38 43.62265986604732 15.870923997000013
single 39 43.62265986578928 15.326696388000016
single 40 43.622659865595644 14.780632118000014
single 41 43.62265986544998 14.237926078000015
single 42 43.62265986534063 13.706720508000004
single 43 43.62265986525844 13.180976208000004
single 44 43.62265986519654 12.542777849000004
single 45 43.62265986515004 12.031001489000005
single 46 43.62265986511478 11.520412549000014
single 47 43.622659865088536 11.011259259000013
single 48 43.622659865068606 10.495832359000005
experiments/large_odd.json 29.214427251000004 {'energy': 43.622659865068876, 'parity': -1.0, 'norm_after_canonicalization': 1.0000000000000002, 'max_bond': 24}
single 0 10.968257473484618 39.53955733000001
single 1 10.90517975039024 39.45557325
single 2 10.902019549296941 39.361198470000005
single 3 10.90196931101319 39.26816033
single 4 10.901948266674905 39.16166941
single 5 10.901928284667939 39.05499849
single 6 10.901916849835786 38.96010416
single 7 10.901912495586426 38.862414040000004
single 8 10.901911465090064 38.74332405
single 9 10.901911263917992 38.63388648
single 10 10.901911224403253 38.53814354000001
single 11 10.901911216241565 38.43161705
single 12 10.901911214430296 38.32677221
single 13 10.90191121399107 38.223859450000006
single 14 10.901911213873772 38.12899697
single 15 10.901911213839535 38.02902761
single 16 10.901911213828734 37.931243789999996
experiments/ordered_odd.json 1.7741487199999995 {'energy': 10.901911213828729, 'parity': -1.0, 'norm_after_canonicalization': 1.0000000000000022, 'max_bond': 12}
single 0 34.995585484882554 39.27496755
single 1 34.89026449620528 39.147269851000004
single 2 34.887357051624846 38.984110761
single 3 34.88703066990695 38.632727011
single 4 34.887024057269194 38.00213603099999
single 5 34.887023373312466 37.464232571
single 6 34.8870232283757 37.013138051
single 7 34.887023158885526 36.602209781
single 8 34.88702311769795 35.971574562
single 9 34.88702309546587 35.335310362
single 10 34.88702307424688 34.721291552
single 11 34.88702305948617 34.141817942
single 12 34.887023051274824 33.597755953000004
single 13 34.887023043110275 33.077372083
single 14 34.887023033626896 32.638351543
single 15 34.887023027177634 32.22417784299999
single 16 34.88702302574694 31.835555943000003
single 17 34.88702302551342 31.490906463
single 18 34.887023025340184 31.147596054000005
single 19 34.887023025054 30.707234314000004
single 20 34.8870230244543 30.412928924
single 21 34.88702302294984 30.109578994000003
single 22 34.88702301917965 29.759323293999998
single 23 34.887023013460364 29.403123043999997
single 24 34.887023009186066 29.077425183999992
single 25 34.88702300791347 28.771707583999998
single 26 34.887023007754 28.456462274999993
single 27 34.887023007734186 28.188417915000002
experiments/critical_field.json 11.517522084999996 {'energy': 34.887023007733845, 'parity': 2.7833415773674888e-05, 'norm_after_canonicalization': 1.0000000000000036, 'max_bond': 24}
