single 0 25.003104825187847 5.4515456
single 1 24.630128334985958 5.31924364
single 2 24.617962904085445 5.19152525
single 3 24.61710870294671 5.02231742
single 4 24.61704547573455 4.77979126
single 5 24.61702413316137 4.40010751
single 6 24.617017553139462 4.134548661
single 7 24.617015389996958 3.8954986810000003
single 8 24.617014681016084 3.615996131
single 9 24.617014451151846 3.348914261
single 10 24.61701437688737 3.0813565510000003
single 11 24.61701435276951 2.8101911210000003
single 12 24.61701434482036 2.5459587310000003
single 13 24.617014342126833 2.297620531
single 14 24.61701434117129 2.0564539510000004
single 15 24.61701434080833 1.835483171
single 16 24.617014340657327 1.6593545120000002
single 17 24.617014340587893 1.5110775520000006
single 18 24.61701434055297 1.3507888719999999
single 19 24.617014340533935 1.1768524120000006
experiments/example_symmetric.json 4.529532668 {'energy': 24.617014340533974, 'parity': 1.0, 'norm_after_canonicalization': 0.9999999999999993, 'max_bond': 16}
single 0 31.64094484913374 5.46174338
single 1 31.22568325607488 5.3009694199999995
single 2 31.159655748664274 5.127928509999999
single 3 31.151372137543554 4.819822019999999
single 4 31.151129992473507 4.4291715599999995
single 5 31.151111070987525 3.9733623
single 6 31.151105642524946 3.634292951
single 7 31.15110300352008 3.329898911
single 8 31.151101537558304 2.9525041009999997
single 9 31.151100633865838 2.579073210999999
single 10 31.1510999993047 2.208975381
single 11 31.151099542358338 1.7989121909999994
single 12 31.15109911944328 1.4541192209999991
single 13 31.151098604067553 1.1484676619999998
single 14 31.151097869084136 0.835559452
single 15 31.15109694698904 0.5287923919999997
single 16 31.151096345977468 0.1405647419999987
experiments/example_odd.json 5.6584987280000005 {'energy': 31.151096251197618, 'parity': -1.0, 'norm_after_canonicalization': 1.0000000000000009, 'max_bond': 20}
single 0 10.968257473484618 5.57287919
single 1 10.90517975039024 5.498776679999999
single 2 10.902019549296941 5.390651859999998
single 3 10.90196931101319 5.297516119999999
single 4 10.901948266674905 5.1783956799999995
single 5 10.901927820179935 5.076422579999999
single 6 10.901916419862573 5.000461139999999
single 7 10.901912094512461 4.926970709999999
single 8 10.901911082183613 4.83314425
single 9 10.90191088988976 4.74949309
single 10 10.901910854051419 4.67027107
single 11 10.901910847292717 4.552542069999999
single 12 10.90191084599878 4.442613639999999
single 13 10.901910845747674 4.345930689999999
single 14 10.901910845698357 4.252140149999999
single 15 10.901910845688555 4.146033339999999
experiments/ordered_odd.json 1.5577692699999997 {'energy': 10.901910845688585, 'parity': -1.0, 'norm_after_canonicalization': 0.9999999999999987, 'max_bond': 12}
