single 0 16.77452145621375 38.794492999999996
single 1 16.758672030087222 38.73049717
single 2 16.758448970139725 38.65894203
single 3 16.758420523161508 38.55910736
single 4 16.758418348410487 38.44414103
single 5 16.758418106490442 38.32826946
single 6 16.75841804179693 38.2203504
single 7 16.75841798994619 38.112354181
single 8 16.758417945602872 38.028363260999996
single 9 16.7584179136336 37.948371281
single 10 16.758417891714778 37.864909471
single 11 16.758417878732555 37.782690171
single 12 16.758417872733254 37.703563841
single 13 16.75841787025135 37.619568301
single 14 16.758417868626424 37.543570990999996
single 15 16.75841786642462 37.471967541
single 16 16.758417863137183 37.395045001
single 17 16.75841785987723 37.326581141
single 18 16.75841785815174 37.262585591
single 19 16.758417857622412 37.200168571
single 20 16.758417857496582 37.142961021
single 21 16.758417857468196 37.086960861
single 22 16.758417857461666 37.029321271
single 23 16.75841785746007 36.971225441
single 24 16.75841785745975 36.919254061
single 25 16.758417857459534 36.867349200999996
single 26 16.758417857459527 36.815347371
cpu_before_save 2.588651099
cpu_after_save 2.744204079
