seed crowded_singlets_7915004 1e-07 [(0, 0.7357657), (31, 0.6031584), (33, 0.5997647), (90, 0.431145), (4, 0.2063843), (24, 0.1839465), (22, 0.1728509), (13, 0.1613726), (23, 0.1338658), (28, 0.1288905), (14, 0.1271254), (17, 0.1166184), (6, 0.1124568), (37, 0.1123202), (18, 0.1058538)]
crowded_singlets_7915004 best 3.2082917931808297e-06 trace 4.932629196499218 support [0, 4, 13, 22, 23, 24, 28, 31, 33, 90]
seed crowded_singlets_7915004 1e-09 [(0, 0.7357657), (33, 0.6437583), (31, 0.5782629), (24, 0.4624832), (13, 0.3307212), (10, 0.192013), (32, 0.1890889), (4, 0.1729795), (37, 0.1278753), (12, 0.1239188), (5, 0.1159521), (8, 0.0987988), (7, 0.0879908), (21, 0.0879263), (15, 0.0875062)]
seed crowded_singlets_7915004 1e-05 [(0, 0.7357654), (31, 0.45806), (72, 0.3205539), (32, 0.2828399), (29, 0.255899), (8, 0.2291849), (17, 0.2030232), (9, 0.2005698), (34, 0.1954399), (6, 0.1852373), (25, 0.1782577), (18, 0.1406071), (11, 0.1276242), (15, 0.1194474), (28, 0.116114)]
seed crowded_singlets_7915004 1e-11 [(0, 0.7357657), (33, 0.6029047), (31, 0.5577324), (23, 0.3615475), (11, 0.2775392), (14, 0.2069347), (6, 0.2059205), (12, 0.1808284), (24, 0.1722126), (66, 0.1622497), (32, 0.160734), (4, 0.1301834), (15, 0.1246152), (27, 0.1136315), (72, 0.1088365)]
seed crowded_singlets_7915004 0.001 [(0, 0.7357579), (30, 0.4283996), (72, 0.3838337), (32, 0.2492914), (15, 0.2435928), (34, 0.2434917), (29, 0.1945233), (28, 0.1598718), (19, 0.1523562), (6, 0.1188199), (8, 0.1114272), (66, 0.1095128), (7, 0.1067997), (9, 0.1023132), (27, 0.1019916)]
seed crowded_singlets_7915004 1e-13 [(0, 0.7357657), (33, 0.4925245), (23, 0.4700479), (31, 0.4439381), (11, 0.2797714), (28, 0.2323087), (32, 0.2250673), (12, 0.2136375), (6, 0.1968686), (72, 0.1956133), (14, 0.1832443), (4, 0.1445605), (15, 0.1227594), (78, 0.1089703), (90, 0.1017347)]
seed crowded_singlets_7915004 1.0 [(0, 0.7358066), (29, 0.5295208), (7, 0.4333684), (9, 0.2344131), (32, 0.2235118), (31, 0.1718515), (28, 0.1675971), (66, 0.1561832), (33, 0.1477221), (72, 0.1425749), (27, 0.1407001), (26, 0.120224), (42, 0.1169513), (10, 0.1006045), (30, 0.0960363)]
crowded_singlets_7915004 best 3.2082917931808297e-06 trace 4.932629196499218 support [0, 4, 13, 22, 23, 24, 28, 31, 33, 90]
crowded_singlets_7915004 best 3.2082917931808297e-06 trace 4.932629196499218 support [0, 4, 13, 22, 23, 24, 28, 31, 33, 90]
SWEEP crowded_singlets_7915004 0 3.2082917931808297e-06
crowded_singlets_7915004 best 2.2983751767532055e-06 trace 4.932629392660472 support [0, 4, 13, 21, 22, 24, 28, 31, 33, 90]
crowded_singlets_7915004 best 2.2519155285875376e-06 trace 4.932629415537305 support [0, 4, 13, 22, 24, 28, 31, 33, 42, 90]
crowded_singlets_7915004 best 2.2046591969619262e-06 trace 4.932629456671693 support [0, 4, 13, 20, 22, 24, 28, 31, 33, 90]
crowded_singlets_7915004 best 2.1664744486356766e-06 trace 4.93262940895894 support [0, 4, 13, 16, 22, 24, 28, 31, 33, 90]
crowded_singlets_7915004 best 1.9864150901012976e-06 trace 4.932629742510702 support [0, 4, 13, 22, 24, 28, 31, 33, 55, 90]
crowded_singlets_7915004 best 1.6007816427040153e-06 trace 4.932629622675862 support [0, 4, 6, 13, 22, 24, 28, 31, 33, 90]
crowded_singlets_7915004 best 1.5437678332815426e-06 trace 4.932629697449824 support [0, 3, 4, 13, 22, 24, 28, 31, 33, 90]
crowded_singlets_7915004 best 9.29950836539327e-07 trace 4.932629579278994 support [0, 2, 4, 13, 22, 24, 28, 31, 33, 90]
TimeoutError stage allowance exhausted
crowded_singlets_7915004 best 9.29950836539327e-07 trace 4.932629579278994 support [0, 2, 4, 13, 22, 24, 28, 31, 33, 90]
crowded_singlets_7915004 best 9.29950836539327e-07 trace 4.932629579278994 support [0, 2, 4, 13, 22, 24, 28, 31, 33, 90]
REFINE crowded_singlets_7915004 0.001 1182 2.3999570350330145e-05
REFINE crowded_singlets_7915004 0.0001 56 2.711183833950166e-05
REFINE crowded_singlets_7915004 1e-05 97 0.001879207771037217
REFINE crowded_singlets_7915004 1e-06 409 0.016303021373135308
REFINE crowded_singlets_7915004 1e-07 176 0.011417260744428753
REFINE crowded_singlets_7915004 1e-08 86 0.026408439003567295
crowded_singlets_7915004 best 9.29950836539327e-07 trace 4.932629579278994 support [0, 2, 4, 13, 22, 24, 28, 31, 33, 90]
crowded_singlets_7915004 best 9.29950836539327e-07 trace 4.932629579278994 support [0, 2, 4, 13, 22, 24, 28, 31, 33, 90]
ENUMERATED 10240 loss 71174011.13515638 (0, 1, 2, 3, 4, 9, 19, 21, 22, 23)
ENUMERATED 20480 loss 14728781.66250501 (0, 1, 2, 3, 5, 14, 17, 20, 22, 23)
ENUMERATED 30720 loss 9488534.916717192 (0, 1, 2, 3, 7, 12, 16, 20, 22, 23)
ENUMERATED 40960 loss 8636909.656855391 (0, 1, 2, 3, 8, 12, 16, 20, 22, 23)
ENUMERATED 51200 loss 8636909.656855391 (0, 1, 2, 3, 8, 12, 16, 20, 22, 23)
ENUMERATED 61440 loss 7289809.84852291 (0, 1, 2, 4, 7, 12, 16, 19, 22, 23)
ENUMERATED 71680 loss 7289809.84852291 (0, 1, 2, 4, 7, 12, 16, 19, 22, 23)
ENUMERATED 81920 loss 7289809.84852291 (0, 1, 2, 4, 7, 12, 16, 19, 22, 23)
ENUMERATED 92160 loss 7289809.84852291 (0, 1, 2, 4, 7, 12, 16, 19, 22, 23)
ENUMERATED 102400 loss 7289809.84852291 (0, 1, 2, 4, 7, 12, 16, 19, 22, 23)
ENUMERATED 112640 loss 7289809.84852291 (0, 1, 2, 4, 7, 12, 16, 19, 22, 23)
ENUMERATED 122880 loss 7289809.84852291 (0, 1, 2, 4, 7, 12, 16, 19, 22, 23)
ENUMERATED 133120 loss 7289809.84852291 (0, 1, 2, 4, 7, 12, 16, 19, 22, 23)
ENUMERATED 143360 loss 7289809.84852291 (0, 1, 2, 4, 7, 12, 16, 19, 22, 23)
ENUMERATED 153600 loss 7289809.84852291 (0, 1, 2, 4, 7, 12, 16, 19, 22, 23)
ENUMERATED 163840 loss 7289809.84852291 (0, 1, 2, 4, 7, 12, 16, 19, 22, 23)
ENUMERATED 174080 loss 7289809.84852291 (0, 1, 2, 4, 7, 12, 16, 19, 22, 23)
ENUMERATED 184320 loss 7289809.84852291 (0, 1, 2, 4, 7, 12, 16, 19, 22, 23)
ENUMERATED 194560 loss 7289809.84852291 (0, 1, 2, 4, 7, 12, 16, 19, 22, 23)
ENUMERATED 204800 loss 7289809.84852291 (0, 1, 2, 4, 7, 12, 16, 19, 22, 23)
ENUMERATED 215040 loss 7289809.84852291 (0, 1, 2, 4, 7, 12, 16, 19, 22, 23)
ENUMERATED 225280 loss 7289809.84852291 (0, 1, 2, 4, 7, 12, 16, 19, 22, 23)
ENUMERATED 235520 loss 7289809.84852291 (0, 1, 2, 4, 7, 12, 16, 19, 22, 23)
ENUMERATED 245760 loss 7289809.84852291 (0, 1, 2, 4, 7, 12, 16, 19, 22, 23)
ENUMERATED 256000 loss 7289809.84852291 (0, 1, 2, 4, 7, 12, 16, 19, 22, 23)
ENUMERATED 266240 loss 7289809.84852291 (0, 1, 2, 4, 7, 12, 16, 19, 22, 23)
ENUMERATED 276480 loss 7289809.84852291 (0, 1, 2, 4, 7, 12, 16, 19, 22, 23)
ENUMERATED 286720 loss 7289809.84852291 (0, 1, 2, 4, 7, 12, 16, 19, 22, 23)
ENUMERATED 296960 loss 7289809.84852291 (0, 1, 2, 4, 7, 12, 16, 19, 22, 23)
ENUMERATED 307200 loss 7289809.84852291 (0, 1, 2, 4, 7, 12, 16, 19, 22, 23)
ENUMERATED 317440 loss 7289809.84852291 (0, 1, 2, 4, 7, 12, 16, 19, 22, 23)
ENUMERATED 327680 loss 7289809.84852291 (0, 1, 2, 4, 7, 12, 16, 19, 22, 23)
ENUMERATED 337920 loss 7289809.84852291 (0, 1, 2, 4, 7, 12, 16, 19, 22, 23)
ENUMERATED 348160 loss 7289809.84852291 (0, 1, 2, 4, 7, 12, 16, 19, 22, 23)
ENUMERATED 358400 loss 7289809.84852291 (0, 1, 2, 4, 7, 12, 16, 19, 22, 23)
ENUMERATED 368640 loss 7289809.84852291 (0, 1, 2, 4, 7, 12, 16, 19, 22, 23)
ENUMERATED 378880 loss 7289809.84852291 (0, 1, 2, 4, 7, 12, 16, 19, 22, 23)
ENUMERATED 389120 loss 7289809.84852291 (0, 1, 2, 4, 7, 12, 16, 19, 22, 23)
ENUMERATED 399360 loss 7289809.84852291 (0, 1, 2, 4, 7, 12, 16, 19, 22, 23)
ENUMERATED 409600 loss 7289809.84852291 (0, 1, 2, 4, 7, 12, 16, 19, 22, 23)
ENUMERATED 419840 loss 7289809.84852291 (0, 1, 2, 4, 7, 12, 16, 19, 22, 23)
ENUMERATED 430080 loss 7289809.84852291 (0, 1, 2, 4, 7, 12, 16, 19, 22, 23)
ENUMERATED 440320 loss 7289809.84852291 (0, 1, 2, 4, 7, 12, 16, 19, 22, 23)
ENUMERATED 450560 loss 7289809.84852291 (0, 1, 2, 4, 7, 12, 16, 19, 22, 23)
ENUMERATED 460800 loss 7289809.84852291 (0, 1, 2, 4, 7, 12, 16, 19, 22, 23)
ENUMERATED 471040 loss 7289809.84852291 (0, 1, 2, 4, 7, 12, 16, 19, 22, 23)
ENUMERATED 481280 loss 7289809.84852291 (0, 1, 2, 4, 7, 12, 16, 19, 22, 23)
ENUMERATED 491520 loss 7289809.84852291 (0, 1, 2, 4, 7, 12, 16, 19, 22, 23)
ENUMERATED 501760 loss 7289809.84852291 (0, 1, 2, 4, 7, 12, 16, 19, 22, 23)
ENUMERATED 512000 loss 7289809.84852291 (0, 1, 2, 4, 7, 12, 16, 19, 22, 23)
ENUMERATED 522240 loss 7289809.84852291 (0, 1, 2, 4, 7, 12, 16, 19, 22, 23)
ENUMERATED 532480 loss 7289809.84852291 (0, 1, 2, 4, 7, 12, 16, 19, 22, 23)
ENUMERATED 542720 loss 7289809.84852291 (0, 1, 2, 4, 7, 12, 16, 19, 22, 23)
ENUMERATED 552960 loss 7289809.84852291 (0, 1, 2, 4, 7, 12, 16, 19, 22, 23)
ENUMERATED 563200 loss 7289809.84852291 (0, 1, 2, 4, 7, 12, 16, 19, 22, 23)
ENUMERATED 573440 loss 7289809.84852291 (0, 1, 2, 4, 7, 12, 16, 19, 22, 23)
ENUMERATED 583680 loss 7289809.84852291 (0, 1, 2, 4, 7, 12, 16, 19, 22, 23)
ENUMERATED 593920 loss 7289809.84852291 (0, 1, 2, 4, 7, 12, 16, 19, 22, 23)
ENUMERATED 604160 loss 7289809.84852291 (0, 1, 2, 4, 7, 12, 16, 19, 22, 23)
ENUMERATED 614400 loss 7289809.84852291 (0, 1, 2, 4, 7, 12, 16, 19, 22, 23)
ENUMERATED 624640 loss 7289809.84852291 (0, 1, 2, 4, 7, 12, 16, 19, 22, 23)
ENUMERATED 634880 loss 7289809.84852291 (0, 1, 2, 4, 7, 12, 16, 19, 22, 23)
ENUMERATED 645120 loss 7289809.84852291 (0, 1, 2, 4, 7, 12, 16, 19, 22, 23)
ENUMERATED 655360 loss 7289809.84852291 (0, 1, 2, 4, 7, 12, 16, 19, 22, 23)
ENUMERATED 665600 loss 7289809.84852291 (0, 1, 2, 4, 7, 12, 16, 19, 22, 23)
TimeoutError stage allowance exhausted
