BEST 50 0 12087118165401.145 energy 0.2073666974628142 secondary 10 mags [0.03398505 0.03398505 0.03398505 0.03398505 0.03398505 0.03398505
 0.03398505 0.03398505 0.03398505 0.03398505 0.18586921 0.40014312
 0.03398505] time 0.0802506199106574
BEST 50 2 21213641732535.258 energy 0.25706351214812045 secondary 10 mags [0.03785083 0.03785083 0.03785083 0.03785083 0.03785083 0.03785083
 0.03785083 0.03785083 0.03785083 0.03785083 0.16049826 0.46426747
 0.03785083] time 0.2380446980241686
BEST 50 6 38925812718425.55 energy 0.1264970615786168 secondary 9 mags [0.02641823 0.02641823 0.02641823 0.02641823 0.02641823 0.02641823
 0.02641823 0.02641823 0.02641823 0.09337637 0.02641823 0.33181435
 0.02641823] time 0.3870405670022592
BEST 50 12 56807103912480.36 energy 0.1470078562473627 secondary 8 mags [0.02727469 0.02727469 0.02727469 0.02727469 0.02727469 0.02727469
 0.02727469 0.02727469 0.11718596 0.02727469 0.02727469 0.35368391
 0.02727469] time 0.5006083109183237
BEST 50 14 90627235332231.03 energy 0.10997298777733154 secondary 1 mags [0.0231789  0.09752549 0.0231789  0.0231789  0.0231789  0.0231789
 0.0231789  0.0231789  0.0231789  0.0231789  0.0231789  0.30749291
 0.0231789 ] time 0.5920489879790694
BEST 50 195 96716298322302.4 energy 0.11181346912041873 secondary 3 mags [0.02327561 0.02327561 0.02327561 0.09452352 0.02327561 0.02327561
 0.02327561 0.02327561 0.02327561 0.02327561 0.02327561 0.31131894
 0.02327561] time 1.0124268289655447
BEST 50 242 104902897177209.81 energy 0.08995100187526159 secondary 9 mags [0.02080442 0.02080442 0.02080442 0.02080442 0.02080442 0.02080442
 0.02080442 0.02080442 0.02080442 0.09521116 0.02080442 0.27590718
 0.02080442] time 1.262188975000754
BEST 50 1344 111826995034262.47 energy 0.08622333671464513 secondary 4 mags [0.02038009 0.02038009 0.02038009 0.02038009 0.08731513 0.02038009
 0.02038009 0.02038009 0.02038009 0.02038009 0.02038009 0.2720856
 0.02038009] time 3.497042890987359
BEST 50 1422 117496503375944.58 energy 0.08996481187933751 secondary 6 mags [0.02085567 0.02085567 0.02085567 0.02085567 0.02085567 0.02085567
 0.08257212 0.02085567 0.02085567 0.02085567 0.02085567 0.27993232
 0.02085567] time 3.857755762990564
BEST 50 6102 124198440585783.56 energy 0.08846304873290715 secondary 10 mags [0.02085061 0.02085061 0.02085061 0.02085061 0.02085061 0.02085061
 0.02085061 0.02085061 0.02085061 0.02085061 0.08299646 0.27711443
 0.02085061] time 12.329670339939184
DONE 50 124198440585783.56 20.138514293939807
