dev_ring qualified 1.449
dev_holes qualified 1.32
dev_pattern qualified 1.137
dev_stack qualified 2.483
dev_ring fixed12 1.736
dev_holes fixed12 1.181
dev_pattern fixed12 1.263
dev_stack fixed12 1.712
dev_ring coarse 0.978
dev_holes coarse 0.788
dev_pattern coarse 10.225
dev_stack coarse 1.184
dev_ring refined 2.895
dev_holes refined 2.245
dev_pattern refined 2.546
dev_stack refined 3.197
dev_ring reference 6.311
dev_holes reference 4.211
dev_pattern reference 4.628
dev_stack reference 8.79
dev_ring smoothed_material 1.955
dev_holes smoothed_material 1.408
dev_pattern smoothed_material 1.311
dev_stack smoothed_material 3.053
dev_ring no_coupling 1.476
dev_holes no_coupling 1.11
dev_pattern no_coupling 1.098
dev_stack no_coupling 1.12
dev_ring bare_flux_control 2.671
dev_holes bare_flux_control 9.165
dev_pattern bare_flux_control 1.607
dev_stack bare_flux_control 3.11
/srv/home/xuandong/mnt/jingxu/ALE/tasks_v2/superscreen_an_open_source_package_for_simulating_the_magnetic_respons__2203_13388/concept_01/participant/v_01/workspace/runtime/joblib/externals/loky/backend/context.py:131: UserWarning: Could not find the number of physical cores for the following reason:
found 0 physical cores < 1
Returning the number of logical cores instead. You can silence this warning by setting LOKY_MAX_CPU_COUNT to the number of cores you want to use.
  warnings.warn(
  File "/srv/home/xuandong/mnt/jingxu/ALE/tasks_v2/superscreen_an_open_source_package_for_simulating_the_magnetic_respons__2203_13388/concept_01/participant/v_01/workspace/runtime/joblib/externals/loky/backend/context.py", line 255, in _count_physical_cores
    raise ValueError(f"found {cpu_count_physical} physical cores < 1")
dev_ring legacy 21.799
/srv/home/xuandong/mnt/jingxu/ALE/tasks_v2/superscreen_an_open_source_package_for_simulating_the_magnetic_respons__2203_13388/concept_01/participant/v_01/workspace/runtime/joblib/externals/loky/backend/context.py:131: UserWarning: Could not find the number of physical cores for the following reason:
found 0 physical cores < 1
Returning the number of logical cores instead. You can silence this warning by setting LOKY_MAX_CPU_COUNT to the number of cores you want to use.
  warnings.warn(
  File "/srv/home/xuandong/mnt/jingxu/ALE/tasks_v2/superscreen_an_open_source_package_for_simulating_the_magnetic_respons__2203_13388/concept_01/participant/v_01/workspace/runtime/joblib/externals/loky/backend/context.py", line 255, in _count_physical_cores
    raise ValueError(f"found {cpu_count_physical} physical cores < 1")
dev_holes legacy 22.608
/srv/home/xuandong/mnt/jingxu/ALE/tasks_v2/superscreen_an_open_source_package_for_simulating_the_magnetic_respons__2203_13388/concept_01/participant/v_01/workspace/runtime/joblib/externals/loky/backend/context.py:131: UserWarning: Could not find the number of physical cores for the following reason:
found 0 physical cores < 1
Returning the number of logical cores instead. You can silence this warning by setting LOKY_MAX_CPU_COUNT to the number of cores you want to use.
  warnings.warn(
  File "/srv/home/xuandong/mnt/jingxu/ALE/tasks_v2/superscreen_an_open_source_package_for_simulating_the_magnetic_respons__2203_13388/concept_01/participant/v_01/workspace/runtime/joblib/externals/loky/backend/context.py", line 255, in _count_physical_cores
    raise ValueError(f"found {cpu_count_physical} physical cores < 1")
dev_pattern legacy 3.629
/srv/home/xuandong/mnt/jingxu/ALE/tasks_v2/superscreen_an_open_source_package_for_simulating_the_magnetic_respons__2203_13388/concept_01/participant/v_01/workspace/runtime/joblib/externals/loky/backend/context.py:131: UserWarning: Could not find the number of physical cores for the following reason:
found 0 physical cores < 1
Returning the number of logical cores instead. You can silence this warning by setting LOKY_MAX_CPU_COUNT to the number of cores you want to use.
  warnings.warn(
  File "/srv/home/xuandong/mnt/jingxu/ALE/tasks_v2/superscreen_an_open_source_package_for_simulating_the_magnetic_respons__2203_13388/concept_01/participant/v_01/workspace/runtime/joblib/externals/loky/backend/context.py", line 255, in _count_physical_cores
    raise ValueError(f"found {cpu_count_physical} physical cores < 1")
dev_stack legacy 27.446
/srv/home/xuandong/mnt/jingxu/ALE/tasks_v2/superscreen_an_open_source_package_for_simulating_the_magnetic_respons__2203_13388/concept_01/participant/v_01/workspace/runtime/joblib/externals/loky/backend/context.py:131: UserWarning: Could not find the number of physical cores for the following reason:
found 0 physical cores < 1
Returning the number of logical cores instead. You can silence this warning by setting LOKY_MAX_CPU_COUNT to the number of cores you want to use.
  warnings.warn(
  File "/srv/home/xuandong/mnt/jingxu/ALE/tasks_v2/superscreen_an_open_source_package_for_simulating_the_magnetic_respons__2203_13388/concept_01/participant/v_01/workspace/runtime/joblib/externals/loky/backend/context.py", line 255, in _count_physical_cores
    raise ValueError(f"found {cpu_count_physical} physical cores < 1")
dev_ring uncoupled 3.971
/srv/home/xuandong/mnt/jingxu/ALE/tasks_v2/superscreen_an_open_source_package_for_simulating_the_magnetic_respons__2203_13388/concept_01/participant/v_01/workspace/runtime/joblib/externals/loky/backend/context.py:131: UserWarning: Could not find the number of physical cores for the following reason:
found 0 physical cores < 1
Returning the number of logical cores instead. You can silence this warning by setting LOKY_MAX_CPU_COUNT to the number of cores you want to use.
  warnings.warn(
  File "/srv/home/xuandong/mnt/jingxu/ALE/tasks_v2/superscreen_an_open_source_package_for_simulating_the_magnetic_respons__2203_13388/concept_01/participant/v_01/workspace/runtime/joblib/externals/loky/backend/context.py", line 255, in _count_physical_cores
    raise ValueError(f"found {cpu_count_physical} physical cores < 1")
dev_holes uncoupled 3.723
/srv/home/xuandong/mnt/jingxu/ALE/tasks_v2/superscreen_an_open_source_package_for_simulating_the_magnetic_respons__2203_13388/concept_01/participant/v_01/workspace/runtime/joblib/externals/loky/backend/context.py:131: UserWarning: Could not find the number of physical cores for the following reason:
found 0 physical cores < 1
Returning the number of logical cores instead. You can silence this warning by setting LOKY_MAX_CPU_COUNT to the number of cores you want to use.
  warnings.warn(
  File "/srv/home/xuandong/mnt/jingxu/ALE/tasks_v2/superscreen_an_open_source_package_for_simulating_the_magnetic_respons__2203_13388/concept_01/participant/v_01/workspace/runtime/joblib/externals/loky/backend/context.py", line 255, in _count_physical_cores
    raise ValueError(f"found {cpu_count_physical} physical cores < 1")
dev_pattern uncoupled 3.954
/srv/home/xuandong/mnt/jingxu/ALE/tasks_v2/superscreen_an_open_source_package_for_simulating_the_magnetic_respons__2203_13388/concept_01/participant/v_01/workspace/runtime/joblib/externals/loky/backend/context.py:131: UserWarning: Could not find the number of physical cores for the following reason:
found 0 physical cores < 1
Returning the number of logical cores instead. You can silence this warning by setting LOKY_MAX_CPU_COUNT to the number of cores you want to use.
  warnings.warn(
  File "/srv/home/xuandong/mnt/jingxu/ALE/tasks_v2/superscreen_an_open_source_package_for_simulating_the_magnetic_respons__2203_13388/concept_01/participant/v_01/workspace/runtime/joblib/externals/loky/backend/context.py", line 255, in _count_physical_cores
    raise ValueError(f"found {cpu_count_physical} physical cores < 1")
dev_stack uncoupled 18.725
/srv/home/xuandong/mnt/jingxu/ALE/tasks_v2/superscreen_an_open_source_package_for_simulating_the_magnetic_respons__2203_13388/concept_01/participant/v_01/workspace/runtime/joblib/externals/loky/backend/context.py:131: UserWarning: Could not find the number of physical cores for the following reason:
found 0 physical cores < 1
Returning the number of logical cores instead. You can silence this warning by setting LOKY_MAX_CPU_COUNT to the number of cores you want to use.
  warnings.warn(
  File "/srv/home/xuandong/mnt/jingxu/ALE/tasks_v2/superscreen_an_open_source_package_for_simulating_the_magnetic_respons__2203_13388/concept_01/participant/v_01/workspace/runtime/joblib/externals/loky/backend/context.py", line 255, in _count_physical_cores
    raise ValueError(f"found {cpu_count_physical} physical cores < 1")
dev_ring legacy_exact_readout 3.579
/srv/home/xuandong/mnt/jingxu/ALE/tasks_v2/superscreen_an_open_source_package_for_simulating_the_magnetic_respons__2203_13388/concept_01/participant/v_01/workspace/runtime/joblib/externals/loky/backend/context.py:131: UserWarning: Could not find the number of physical cores for the following reason:
found 0 physical cores < 1
Returning the number of logical cores instead. You can silence this warning by setting LOKY_MAX_CPU_COUNT to the number of cores you want to use.
  warnings.warn(
  File "/srv/home/xuandong/mnt/jingxu/ALE/tasks_v2/superscreen_an_open_source_package_for_simulating_the_magnetic_respons__2203_13388/concept_01/participant/v_01/workspace/runtime/joblib/externals/loky/backend/context.py", line 255, in _count_physical_cores
    raise ValueError(f"found {cpu_count_physical} physical cores < 1")
dev_holes legacy_exact_readout 3.544
/srv/home/xuandong/mnt/jingxu/ALE/tasks_v2/superscreen_an_open_source_package_for_simulating_the_magnetic_respons__2203_13388/concept_01/participant/v_01/workspace/runtime/joblib/externals/loky/backend/context.py:131: UserWarning: Could not find the number of physical cores for the following reason:
found 0 physical cores < 1
Returning the number of logical cores instead. You can silence this warning by setting LOKY_MAX_CPU_COUNT to the number of cores you want to use.
  warnings.warn(
  File "/srv/home/xuandong/mnt/jingxu/ALE/tasks_v2/superscreen_an_open_source_package_for_simulating_the_magnetic_respons__2203_13388/concept_01/participant/v_01/workspace/runtime/joblib/externals/loky/backend/context.py", line 255, in _count_physical_cores
    raise ValueError(f"found {cpu_count_physical} physical cores < 1")
dev_pattern legacy_exact_readout 10.198
/srv/home/xuandong/mnt/jingxu/ALE/tasks_v2/superscreen_an_open_source_package_for_simulating_the_magnetic_respons__2203_13388/concept_01/participant/v_01/workspace/runtime/joblib/externals/loky/backend/context.py:131: UserWarning: Could not find the number of physical cores for the following reason:
found 0 physical cores < 1
Returning the number of logical cores instead. You can silence this warning by setting LOKY_MAX_CPU_COUNT to the number of cores you want to use.
  warnings.warn(
  File "/srv/home/xuandong/mnt/jingxu/ALE/tasks_v2/superscreen_an_open_source_package_for_simulating_the_magnetic_respons__2203_13388/concept_01/participant/v_01/workspace/runtime/joblib/externals/loky/backend/context.py", line 255, in _count_physical_cores
    raise ValueError(f"found {cpu_count_physical} physical cores < 1")
dev_stack legacy_exact_readout 5.873
