stage 0 shots 6000 queries 27 cpu 0.159
stage 1 shots 14000 queries 36 cpu 0.35
stage 2 shots 26000 queries 45 cpu 0.507
stage 3 shots 40000 queries 54 cpu 0.622
0 0 cpu 1.23 risk [0.0499, 0.05, 0.045, 0.0534] mean 0.0496
stage 0 shots 6000 queries 26 cpu 0.15
stage 1 shots 14000 queries 35 cpu 0.395
stage 2 shots 26000 queries 43 cpu 0.553
stage 3 shots 40000 queries 52 cpu 0.689
1 0 cpu 1.39 risk [0.043, 0.0805, 0.0312, 0.0629] mean 0.0544
stage 0 shots 6000 queries 25 cpu 0.231
stage 1 shots 14000 queries 34 cpu 0.472
stage 2 shots 26000 queries 43 cpu 0.659
stage 3 shots 40000 queries 52 cpu 0.818
2 0 cpu 2.12 risk [0.0457, 0.0675, 0.0402, 0.0454] mean 0.0497
stage 0 shots 6000 queries 27 cpu 0.304
stage 1 shots 14000 queries 36 cpu 0.591
stage 2 shots 26000 queries 45 cpu 0.842
stage 3 shots 40000 queries 54 cpu 1.049
3 0 cpu 2.51 risk [0.0293, 0.0381, 0.0462, 0.05] mean 0.0409
stage 0 shots 6000 queries 26 cpu 1.132
stage 1 shots 14000 queries 35 cpu 1.829
stage 2 shots 26000 queries 43 cpu 2.463
stage 3 shots 40000 queries 52 cpu 3.047
4 0 cpu 5.49 risk [0.0938, 0.0876, 0.0483, 0.0356] mean 0.0663
stage 0 shots 6000 queries 25 cpu 0.645
stage 1 shots 14000 queries 33 cpu 1.056
stage 2 shots 26000 queries 41 cpu 1.378
stage 3 shots 40000 queries 50 cpu 1.686
5 0 cpu 4.09 risk [0.048, 0.0494, 0.022, 0.0578] mean 0.0443
stage 0 shots 6000 queries 26 cpu 0.126
stage 1 shots 14000 queries 34 cpu 0.274
stage 2 shots 26000 queries 42 cpu 0.42
stage 3 shots 40000 queries 50 cpu 0.559
0 1 cpu 1.29 risk [0.0524, 0.0606, 0.0308, 0.0543] mean 0.0495
stage 0 shots 6000 queries 27 cpu 0.167
stage 1 shots 14000 queries 36 cpu 0.368
stage 2 shots 26000 queries 46 cpu 0.511
stage 3 shots 40000 queries 56 cpu 0.648
1 1 cpu 1.4 risk [0.0584, 0.0508, 0.0489, 0.0248] mean 0.0457
stage 0 shots 6000 queries 26 cpu 0.211
stage 1 shots 14000 queries 35 cpu 0.379
stage 2 shots 26000 queries 43 cpu 0.539
stage 3 shots 40000 queries 50 cpu 0.671
2 1 cpu 1.74 risk [0.0504, 0.0225, 0.0387, 0.0648] mean 0.0441
stage 0 shots 6000 queries 25 cpu 0.24
stage 1 shots 14000 queries 31 cpu 0.441
stage 2 shots 26000 queries 37 cpu 0.624
stage 3 shots 40000 queries 43 cpu 0.806
3 1 cpu 1.87 risk [0.039, 0.0693, 0.0355, 0.0582] mean 0.0505
stage 0 shots 6000 queries 26 cpu 0.514
stage 1 shots 14000 queries 34 cpu 0.895
stage 2 shots 26000 queries 43 cpu 1.153
stage 3 shots 40000 queries 52 cpu 1.445
4 1 cpu 3.66 risk [0.0373, 0.0495, 0.0167, 0.0423] mean 0.0365
stage 0 shots 6000 queries 25 cpu 0.501
stage 1 shots 14000 queries 32 cpu 0.874
stage 2 shots 26000 queries 39 cpu 1.169
stage 3 shots 40000 queries 46 cpu 1.434
5 1 cpu 3.69 risk [0.0387, 0.0571, 0.0307, 0.0363] mean 0.0407
stage 0 shots 6000 queries 27 cpu 0.148
stage 1 shots 14000 queries 35 cpu 0.283
stage 2 shots 26000 queries 43 cpu 0.384
stage 3 shots 40000 queries 51 cpu 0.493
0 2 cpu 1.1 risk [0.0393, 0.0598, 0.0435, 0.0196] mean 0.0405
stage 0 shots 6000 queries 28 cpu 0.154
stage 1 shots 14000 queries 38 cpu 0.327
stage 2 shots 26000 queries 48 cpu 0.547
stage 3 shots 40000 queries 58 cpu 0.67
1 2 cpu 1.35 risk [0.0336, 0.083, 0.0847, 0.0426] mean 0.061
stage 0 shots 6000 queries 28 cpu 0.266
stage 1 shots 14000 queries 38 cpu 0.491
stage 2 shots 26000 queries 48 cpu 0.666
stage 3 shots 40000 queries 58 cpu 0.805
2 2 cpu 1.96 risk [0.0635, 0.0419, 0.0264, 0.0793] mean 0.0528
stage 0 shots 6000 queries 26 cpu 0.281
stage 1 shots 14000 queries 34 cpu 0.507
stage 2 shots 26000 queries 42 cpu 0.671
stage 3 shots 40000 queries 50 cpu 0.818
3 2 cpu 1.99 risk [0.0414, 0.056, 0.04, 0.012] mean 0.0374
stage 0 shots 6000 queries 23 cpu 0.496
stage 1 shots 14000 queries 28 cpu 0.766
stage 2 shots 26000 queries 33 cpu 1.01
stage 3 shots 40000 queries 38 cpu 1.26
4 2 cpu 3.45 risk [0.0445, 0.0287, 0.0471, 0.0354] mean 0.0389
stage 0 shots 6000 queries 26 cpu 0.497
stage 1 shots 14000 queries 34 cpu 0.801
stage 2 shots 26000 queries 42 cpu 1.073
stage 3 shots 40000 queries 50 cpu 1.313
5 2 cpu 3.69 risk [0.0294, 0.0423, 0.0279, 0.0656] mean 0.0413
stage 0 shots 6000 queries 24 cpu 0.157
stage 1 shots 14000 queries 31 cpu 0.322
stage 2 shots 26000 queries 39 cpu 0.459
stage 3 shots 40000 queries 48 cpu 0.57
0 3 cpu 1.13 risk [0.0186, 0.0412, 0.0385, 0.0311] mean 0.0324
stage 0 shots 6000 queries 27 cpu 0.141
stage 1 shots 14000 queries 37 cpu 0.309
stage 2 shots 26000 queries 47 cpu 0.464
stage 3 shots 40000 queries 56 cpu 0.639
1 3 cpu 1.26 risk [0.1112, 0.0589, 0.1117, 0.0811] mean 0.0907
stage 0 shots 6000 queries 27 cpu 0.259
stage 1 shots 14000 queries 36 cpu 0.454
stage 2 shots 26000 queries 45 cpu 0.602
stage 3 shots 40000 queries 54 cpu 0.738
2 3 cpu 1.8 risk [0.048, 0.0359, 0.0257, 0.04] mean 0.0374
stage 0 shots 6000 queries 25 cpu 0.244
stage 1 shots 14000 queries 33 cpu 0.446
stage 2 shots 26000 queries 41 cpu 0.6
stage 3 shots 40000 queries 49 cpu 0.789
3 3 cpu 2.0 risk [0.0245, 0.0376, 0.0425, 0.0603] mean 0.0412
stage 0 shots 6000 queries 23 cpu 0.538
stage 1 shots 14000 queries 28 cpu 0.968
stage 2 shots 26000 queries 33 cpu 1.327
stage 3 shots 40000 queries 39 cpu 1.657
4 3 cpu 3.91 risk [0.0562, 0.032, 0.0546, 0.0265] mean 0.0423
stage 0 shots 6000 queries 25 cpu 0.522
stage 1 shots 14000 queries 32 cpu 0.834
stage 2 shots 26000 queries 39 cpu 1.093
stage 3 shots 40000 queries 46 cpu 1.335
5 3 cpu 3.49 risk [0.0386, 0.0336, 0.0443, 0.052] mean 0.0421
stage 0 shots 6000 queries 25 cpu 0.13
stage 1 shots 14000 queries 32 cpu 0.276
stage 2 shots 26000 queries 40 cpu 0.37
stage 3 shots 40000 queries 48 cpu 0.454
0 4 cpu 1.02 risk [0.1096, 0.0487, 0.0442, 0.034] mean 0.0591
stage 0 shots 6000 queries 25 cpu 0.172
stage 1 shots 14000 queries 33 cpu 0.342
stage 2 shots 26000 queries 41 cpu 0.438
stage 3 shots 40000 queries 49 cpu 0.51
1 4 cpu 1.08 risk [0.0317, 0.055, 0.0619, 0.0433] mean 0.048
stage 0 shots 6000 queries 26 cpu 0.246
stage 1 shots 14000 queries 34 cpu 0.449
stage 2 shots 26000 queries 42 cpu 0.58
stage 3 shots 40000 queries 50 cpu 0.686
2 4 cpu 1.74 risk [0.0505, 0.0378, 0.0393, 0.0155] mean 0.0358
stage 0 shots 6000 queries 24 cpu 0.297
stage 1 shots 14000 queries 31 cpu 0.501
stage 2 shots 26000 queries 40 cpu 0.675
stage 3 shots 40000 queries 48 cpu 0.829
3 4 cpu 1.88 risk [0.0325, 0.0621, 0.0436, 0.0407] mean 0.0447
stage 0 shots 6000 queries 26 cpu 0.538
stage 1 shots 14000 queries 34 cpu 0.913
stage 2 shots 26000 queries 43 cpu 1.221
stage 3 shots 40000 queries 53 cpu 1.499
4 4 cpu 3.7 risk [0.036, 0.0475, 0.0414, 0.0295] mean 0.0386
stage 0 shots 6000 queries 26 cpu 0.521
stage 1 shots 14000 queries 34 cpu 0.849
stage 2 shots 26000 queries 42 cpu 1.174
stage 3 shots 40000 queries 50 cpu 1.459
5 4 cpu 3.75 risk [0.0389, 0.063, 0.0333, 0.1094] mean 0.0611
stage 0 shots 6000 queries 27 cpu 0.151
stage 1 shots 14000 queries 36 cpu 0.294
stage 2 shots 26000 queries 45 cpu 0.427
stage 3 shots 40000 queries 54 cpu 0.531
0 5 cpu 1.17 risk [0.0885, 0.033, 0.0283, 0.0269] mean 0.0442
stage 0 shots 6000 queries 26 cpu 0.156
stage 1 shots 14000 queries 33 cpu 0.316
stage 2 shots 26000 queries 40 cpu 0.437
stage 3 shots 40000 queries 47 cpu 0.519
1 5 cpu 1.14 risk [0.0753, 0.0488, 0.0478, 0.0408] mean 0.0532
stage 0 shots 6000 queries 26 cpu 0.267
stage 1 shots 14000 queries 34 cpu 0.457
stage 2 shots 26000 queries 42 cpu 0.613
stage 3 shots 40000 queries 49 cpu 0.764
2 5 cpu 1.88 risk [0.0401, 0.0517, 0.0685, 0.0598] mean 0.055
stage 0 shots 6000 queries 25 cpu 0.283
stage 1 shots 14000 queries 32 cpu 0.491
stage 2 shots 26000 queries 39 cpu 0.678
stage 3 shots 40000 queries 47 cpu 0.851
3 5 cpu 2.04 risk [0.0526, 0.0494, 0.0768, 0.064] mean 0.0607
stage 0 shots 6000 queries 25 cpu 0.556
stage 1 shots 14000 queries 32 cpu 0.927
stage 2 shots 26000 queries 38 cpu 1.249
stage 3 shots 40000 queries 45 cpu 1.568
4 5 cpu 3.78 risk [0.0477, 0.0456, 0.0202, 0.0641] mean 0.0444
stage 0 shots 6000 queries 27 cpu 0.496
stage 1 shots 14000 queries 36 cpu 0.801
stage 2 shots 26000 queries 45 cpu 1.055
stage 3 shots 40000 queries 54 cpu 1.283
5 5 cpu 3.44 risk [0.0461, 0.0366, 0.0681, 0.0473] mean 0.0495
stage 0 shots 6000 queries 24 cpu 0.149
stage 1 shots 14000 queries 30 cpu 0.311
stage 2 shots 26000 queries 37 cpu 0.454
stage 3 shots 40000 queries 45 cpu 0.596
0 6 cpu 1.36 risk [0.0307, 0.0572, 0.0461, 0.0311] mean 0.0413
stage 0 shots 6000 queries 26 cpu 0.203
stage 1 shots 14000 queries 37 cpu 0.408
stage 2 shots 26000 queries 48 cpu 0.578
stage 3 shots 40000 queries 56 cpu 0.732
1 6 cpu 1.46 risk [0.0295, 0.1166, 0.0477, 0.0354] mean 0.0573
stage 0 shots 6000 queries 24 cpu 0.271
stage 1 shots 14000 queries 30 cpu 0.485
stage 2 shots 26000 queries 36 cpu 0.667
stage 3 shots 40000 queries 44 cpu 0.821
2 6 cpu 1.98 risk [0.0504, 0.0255, 0.0716, 0.0216] mean 0.0423
stage 0 shots 6000 queries 27 cpu 0.237
stage 1 shots 14000 queries 36 cpu 0.482
stage 2 shots 26000 queries 45 cpu 0.689
stage 3 shots 40000 queries 54 cpu 0.849
3 6 cpu 2.0 risk [0.0391, 0.034, 0.0909, 0.0201] mean 0.046
stage 0 shots 6000 queries 26 cpu 0.577
stage 1 shots 14000 queries 34 cpu 0.984
stage 2 shots 26000 queries 42 cpu 1.367
stage 3 shots 40000 queries 50 cpu 1.782
4 6 cpu 4.25 risk [0.0273, 0.0315, 0.0843, 0.0199] mean 0.0408
stage 0 shots 6000 queries 26 cpu 0.578
stage 1 shots 14000 queries 34 cpu 0.999
stage 2 shots 26000 queries 42 cpu 1.362
stage 3 shots 40000 queries 50 cpu 1.659
5 6 cpu 4.18 risk [0.054, 0.0389, 0.0444, 0.065] mean 0.0506
stage 0 shots 6000 queries 28 cpu 0.182
stage 1 shots 14000 queries 38 cpu 0.391
stage 2 shots 26000 queries 48 cpu 0.581
stage 3 shots 40000 queries 57 cpu 0.735
0 7 cpu 1.46 risk [0.0504, 0.065, 0.035, 0.0549] mean 0.0513
stage 0 shots 6000 queries 26 cpu 0.173
stage 1 shots 14000 queries 36 cpu 0.343
stage 2 shots 26000 queries 47 cpu 0.466
stage 3 shots 40000 queries 56 cpu 0.588
1 7 cpu 1.31 risk [0.0262, 0.0903, 0.028, 0.063] mean 0.0519
stage 0 shots 6000 queries 28 cpu 0.313
stage 1 shots 14000 queries 38 cpu 0.578
stage 2 shots 26000 queries 48 cpu 0.811
stage 3 shots 40000 queries 58 cpu 1.04
2 7 cpu 2.3 risk [0.0423, 0.0445, 0.016, 0.0863] mean 0.0473
stage 0 shots 6000 queries 26 cpu 0.215
stage 1 shots 14000 queries 35 cpu 0.438
stage 2 shots 26000 queries 43 cpu 0.595
stage 3 shots 40000 queries 51 cpu 0.749
3 7 cpu 1.99 risk [0.0332, 0.0481, 0.0293, 0.0416] mean 0.0381
stage 0 shots 6000 queries 25 cpu 0.656
stage 1 shots 14000 queries 32 cpu 1.084
stage 2 shots 26000 queries 39 cpu 1.484
stage 3 shots 40000 queries 46 cpu 1.821
4 7 cpu 4.23 risk [0.0586, 0.064, 0.0417, 0.0214] mean 0.0465
stage 0 shots 6000 queries 26 cpu 0.523
stage 1 shots 14000 queries 33 cpu 0.853
stage 2 shots 26000 queries 40 cpu 1.147
stage 3 shots 40000 queries 47 cpu 1.411
5 7 cpu 3.91 risk [0.0509, 0.0356, 0.0325, 0.0475] mean 0.0416
stage 0 shots 6000 queries 26 cpu 0.127
stage 1 shots 14000 queries 34 cpu 0.243
stage 2 shots 26000 queries 43 cpu 0.319
stage 3 shots 40000 queries 50 cpu 0.397
0 8 cpu 1.04 risk [0.0458, 0.0505, 0.0275, 0.0431] mean 0.0417
stage 0 shots 6000 queries 26 cpu 0.165
stage 1 shots 14000 queries 36 cpu 0.385
stage 2 shots 26000 queries 45 cpu 0.543
stage 3 shots 40000 queries 55 cpu 0.682
1 8 cpu 1.29 risk [0.0524, 0.0499, 0.0516, 0.0455] mean 0.0498
stage 0 shots 6000 queries 24 cpu 0.249
stage 1 shots 14000 queries 30 cpu 0.47
stage 2 shots 26000 queries 36 cpu 0.637
stage 3 shots 40000 queries 42 cpu 0.778
2 8 cpu 2.0 risk [0.0407, 0.0356, 0.126, 0.0653] mean 0.0669
stage 0 shots 6000 queries 26 cpu 0.275
stage 1 shots 14000 queries 34 cpu 0.528
stage 2 shots 26000 queries 42 cpu 0.733
stage 3 shots 40000 queries 51 cpu 0.918
3 8 cpu 2.23 risk [0.0583, 0.0631, 0.1444, 0.0327] mean 0.0746
stage 0 shots 6000 queries 25 cpu 0.595
stage 1 shots 14000 queries 32 cpu 0.943
stage 2 shots 26000 queries 39 cpu 1.284
stage 3 shots 40000 queries 46 cpu 1.592
4 8 cpu 4.77 risk [0.049, 0.0747, 0.0504, 0.0275] mean 0.0504
stage 0 shots 6000 queries 25 cpu 0.558
stage 1 shots 14000 queries 32 cpu 0.884
stage 2 shots 26000 queries 39 cpu 1.161
stage 3 shots 40000 queries 46 cpu 1.484
5 8 cpu 3.88 risk [0.0338, 0.0394, 0.0243, 0.0332] mean 0.0327
stage 0 shots 6000 queries 26 cpu 0.102
stage 1 shots 14000 queries 35 cpu 0.209
stage 2 shots 26000 queries 44 cpu 0.303
stage 3 shots 40000 queries 52 cpu 0.394
0 9 cpu 1.04 risk [0.0307, 0.0411, 0.0487, 0.0334] mean 0.0384
stage 0 shots 6000 queries 25 cpu 0.174
stage 1 shots 14000 queries 32 cpu 0.401
stage 2 shots 26000 queries 38 cpu 0.582
stage 3 shots 40000 queries 46 cpu 0.74
1 9 cpu 1.47 risk [0.1108, 0.1061, 0.0574, 0.0354] mean 0.0774
stage 0 shots 6000 queries 25 cpu 0.263
stage 1 shots 14000 queries 32 cpu 0.541
stage 2 shots 26000 queries 38 cpu 0.763
stage 3 shots 40000 queries 44 cpu 0.988
2 9 cpu 2.29 risk [0.0419, 0.0498, 0.0298, 0.0284] mean 0.0375
stage 0 shots 6000 queries 26 cpu 0.24
stage 1 shots 14000 queries 34 cpu 0.419
stage 2 shots 26000 queries 42 cpu 0.576
stage 3 shots 40000 queries 50 cpu 0.719
3 9 cpu 1.92 risk [0.0359, 0.038, 0.0367, 0.0361] mean 0.0367
stage 0 shots 6000 queries 26 cpu 0.721
stage 1 shots 14000 queries 36 cpu 1.083
stage 2 shots 26000 queries 46 cpu 1.445
stage 3 shots 40000 queries 56 cpu 1.753
4 9 cpu 4.24 risk [0.036, 0.0415, 0.0857, 0.038] mean 0.0503
stage 0 shots 6000 queries 26 cpu 0.61
stage 1 shots 14000 queries 34 cpu 0.981
stage 2 shots 26000 queries 41 cpu 1.315
stage 3 shots 40000 queries 48 cpu 1.608
5 9 cpu 4.02 risk [0.0475, 0.0542, 0.0364, 0.0486] mean 0.0467
burst_aliases [0.04768, 0.04995, 0.04665, 0.04942]
chain_hooks [0.06144, 0.06594, 0.05182, 0.04529]
patch_crosstalk [0.04399, 0.04721, 0.06276, 0.05044]
MEAN 0.0518837338164864 WORST 0.06594379514599698
