branched_14 round 0 count 198 depth 69 score 1.41031
branched_14 round 1 count 198 depth 68 score 1.38988
branched_14 round 2 count 198 depth 67 score 1.36945
progress 100 1679
progress 200 3434
progress 300 5224
progress 400 7004
progress 500 8688
progress 600 10489
progress 700 12274
progress 800 14050
progress 900 15740
progress 1000 17501
progress 1100 19266
progress 1200 21015
progress 1300 22697
progress 1400 24343
progress 1500 26056
progress 1600 27817
progress 1700 29529
progress 1800 31223
progress 1900 32968
progress 2000 34708
progress 2100 36426
progress 2200 38193
progress 2300 39978
progress 2400 41696
progress 2500 43424
progress 2600 45193
progress 2700 46917
progress 2800 48551
progress 2900 50311
progress 3000 52035
progress 3100 53746
progress 3200 55542
branched_14 round 3242 count 205 depth 66 score 1.34905
branched_14 round 3244 count 203 depth 65 score 1.32861
branched_14 round 3250 count 202 depth 65 score 1.32861
branched_14 round 3256 count 199 depth 65 score 1.3286
branched_14 round 3281 count 199 depth 64 score 1.30817
progress 3300 57160
progress 3400 58799
branched_14 round 3420 count 208 depth 63 score 1.28777
branched_14 round 3435 count 208 depth 62 score 1.26734
progress 3500 60459
progress 3600 62173
progress 3700 63924
progress 3800 65622
progress 3900 67380
progress 4000 69134
progress 4100 70813
progress 4200 72489
progress 4300 74201
progress 4400 75927
branched_14 round 4430 count 207 depth 62 score 1.26734
branched_14 round 4495 count 206 depth 62 score 1.26734
branched_14 round 4499 count 204 depth 62 score 1.26733
progress 4500 77553
