progress 0 0 33 589.993
progress 0 5 28 569.835
progress 0 10 23 558.828
progress 0 15 18 550.415
progress 0 20 13 540.045
progress 0 25 8 529.08
progress 0 30 3 536.318
COMPACT grid_20 count 433 depth 166
grid_20 attempt 0 FINAL count 433 depth 166
COMPACT grid_20 count 398 depth 159
grid_20 attempt 0 FINAL count 398 depth 159
grid_20 attempt 0 FINAL count 427 depth 148
COMPACT grid_20 count 389 depth 150
COMPACT grid_20 count 374 depth 151
grid_20 attempt 0 FINAL count 394 depth 144
progress 1 0 33 553.717
progress 1 5 27 542.279
progress 1 10 22 530.66
progress 1 15 17 523.557
progress 1 20 12 525.789
progress 1 25 7 548.499
progress 1 30 2 566.436
grid_20 attempt 1 step 33 count 378 depth 138
COMPACT grid_20 count 366 depth 143
grid_20 attempt 1 step 33 count 400 depth 136
COMPACT grid_20 count 364 depth 142
grid_20 attempt 1 step 33 count 378 depth 133
grid_20 attempt 1 step 33 count 385 depth 132
grid_20 attempt 1 step 33 count 408 depth 129
grid_20 attempt 1 step 33 count 371 depth 129
COMPACT grid_20 count 363 depth 157
COMPACT grid_20 count 362 depth 128
grid_20 attempt 1 step 33 count 362 depth 128
COMPACT grid_20 count 353 depth 134
progress 2 0 33 522.657
progress 2 5 28 500.181
progress 2 10 23 478.884
progress 2 15 18 460.679
progress 2 20 13 443.819
progress 2 25 8 421.428
progress 2 30 3 412.464
progress 3 0 33 709.322
progress 3 5 28 675.623
progress 3 10 23 648.336
progress 3 15 18 626.411
progress 3 20 13 597.279
progress 3 25 8 581.384
progress 3 30 3 561.677
progress 4 0 33 615.188
progress 4 5 28 591.212
progress 4 10 23 572.722
progress 4 15 18 561.19
progress 4 20 13 555.735
progress 4 25 8 552.709
progress 4 30 3 573.666
progress 5 0 33 627.64
progress 5 5 27 600.72
progress 5 10 22 579.676
progress 5 15 17 561.449
progress 5 20 12 552.172
progress 5 25 7 547.576
progress 5 30 2 526.059
COMPACT grid_20 count 351 depth 132
progress 6 0 33 253.483
progress 6 5 27 244.59
progress 6 10 22 238.931
progress 6 15 17 234.799
progress 6 20 12 234.996
progress 6 25 7 237.158
progress 6 30 2 237.246
COMPACT grid_20 count 343 depth 138
progress 7 0 33 613.996
progress 7 5 28 574.731
progress 7 10 23 536.442
progress 7 15 18 497.606
progress 7 20 13 457.974
progress 7 25 8 415.635
progress 7 30 3 387.252
progress 8 0 33 843.187
progress 8 5 27 796.906
progress 8 10 22 760.361
progress 8 15 17 719.377
progress 8 20 12 687.077
progress 8 25 7 667.754
progress 8 30 2 643.589
COMPACT grid_20 count 339 depth 135
grid_20 attempt 8 step 33 count 370 depth 126
progress 9 0 33 851.593
progress 9 5 28 812.544
progress 9 10 23 779.812
progress 9 15 18 756.034
progress 9 20 13 735.581
progress 9 25 8 722.722
progress 9 30 3 709.539
progress 10 0 33 282.856
progress 10 5 27 274.707
progress 10 10 22 270.26
progress 10 15 18 270.848
progress 10 20 12 269.626
progress 10 25 7 273.466
progress 10 30 2 285.806
grid_20 attempt 10 step 33 count 368 depth 126
grid_20 attempt 10 step 33 count 379 depth 125
grid_20 attempt 10 step 33 count 359 depth 125
grid_20 attempt 10 step 33 count 353 depth 125
grid_20 attempt 10 step 33 count 370 depth 122
grid_20 attempt 10 step 33 count 363 depth 121
COMPACT grid_20 count 331 depth 132
progress 11 0 33 539.623
progress 11 5 28 525.656
progress 11 10 23 519.465
progress 11 15 18 519.011
progress 11 20 13 518.817
progress 11 25 8 527.609
progress 11 30 3 543.496
progress 12 0 33 643.184
progress 12 5 28 620.052
progress 12 10 23 601.385
progress 12 15 18 585.613
progress 12 20 13 582.343
progress 12 25 8 566.001
progress 12 30 3 575.853
progress 13 0 33 247.099
progress 13 5 28 245.199
progress 13 10 23 252.489
progress 13 15 18 259.124
progress 13 20 13 280.781
progress 13 25 8 308.259
progress 13 30 3 337.852
progress 14 0 33 641.914
progress 14 5 28 617.893
progress 14 10 23 603.541
progress 14 15 18 588.421
progress 14 20 13 581.59
progress 14 25 8 584.747
progress 14 30 3 591.204
progress 15 0 33 855.283
progress 15 5 28 812.552
progress 15 10 23 776.873
progress 15 15 18 740.198
progress 15 20 13 707.435
progress 15 25 8 676.072
progress 15 30 3 647.197
progress 16 0 33 761.297
progress 16 5 28 716.694
progress 16 10 23 679.494
progress 16 15 18 635.415
progress 16 20 13 600.529
progress 16 25 8 560.271
progress 16 30 3 531.354
progress 17 0 33 544.754
progress 17 5 27 517.461
progress 17 10 22 496.391
progress 17 15 17 481.354
progress 17 20 12 472.178
progress 17 25 7 468.514
progress 17 30 2 453.395
progress 18 0 33 539.7
progress 18 5 27 532.976
progress 18 10 22 527.626
progress 18 15 17 527.546
progress 18 20 12 542.977
progress 18 25 7 571.208
progress 18 30 2 602.591
progress 19 0 33 571.433
progress 19 5 27 546.038
progress 19 10 22 528.245
progress 19 15 17 506.751
progress 19 20 12 497.552
progress 19 25 7 492.948
progress 19 30 2 483.882
progress 20 0 33 494.991
progress 20 5 28 474.194
progress 20 10 23 458.053
progress 20 15 18 445.329
progress 20 20 13 435.722
progress 20 25 8 432.744
progress 20 30 3 429.048
progress 21 0 33 588.526
progress 21 5 26 540.573
progress 21 10 21 501.46
progress 21 15 16 469.81
progress 21 20 10 436.444
progress 21 25 5 415.758
grid_20 attempt 21 step 30 count 451 depth 120
progress 21 30 0 400.043
progress 22 0 33 397.309
progress 22 5 27 374.571
progress 22 10 22 358.506
progress 22 15 17 347.062
progress 22 20 12 331.95
progress 22 25 7 322.025
progress 22 30 2 322.243
progress 23 0 33 390.608
progress 23 5 27 365.337
progress 23 10 22 346.648
progress 23 15 17 334.46
progress 23 20 11 319.381
progress 23 25 6 313.356
progress 23 30 1 308.266
progress 24 0 33 526.687
progress 24 5 28 492.214
progress 24 10 23 457.301
progress 24 15 18 425.869
progress 24 20 13 390.897
progress 24 25 8 359.771
progress 24 30 3 334.502
progress 25 0 33 609.727
progress 25 5 27 581.66
progress 25 10 22 563.496
progress 25 15 17 547.536
progress 25 20 12 536.292
progress 25 25 7 543.269
progress 25 30 2 556.063
progress 26 0 33 397.175
progress 26 5 28 386.788
progress 26 10 23 385.946
progress 26 15 18 384.199
progress 26 20 13 391.627
progress 26 25 8 400.093
progress 26 30 3 419.234
progress 27 0 33 813.021
progress 27 5 28 771.434
progress 27 10 23 731.49
progress 27 15 18 696.49
progress 27 20 13 664.015
progress 27 25 8 628.766
progress 27 30 3 618.33
progress 28 0 33 513.471
progress 28 5 27 489.501
progress 28 10 22 473.396
progress 28 15 17 462.76
progress 28 20 12 455.345
progress 28 25 7 448.808
progress 28 30 2 447.371
progress 29 0 33 342.594
progress 29 5 27 324.225
progress 29 10 22 313.883
progress 29 15 17 303.993
progress 29 20 12 303.094
progress 29 25 7 306.994
progress 29 30 2 314.892
progress 30 0 33 634.803
progress 30 5 27 589.124
progress 30 10 22 552.758
progress 30 15 15 519.119
progress 30 20 10 495.012
progress 30 25 4 466.266
progress 30 30 0 450.818
progress 31 0 33 417.03
progress 31 5 27 395.586
progress 31 10 22 384.452
progress 31 15 17 375.474
progress 31 20 12 370.195
progress 31 25 7 376.937
progress 31 30 2 384.024
grid_20 attempt 31 step 33 count 422 depth 119
progress 32 0 33 655.916
progress 32 5 27 636.13
progress 32 10 22 615.939
progress 32 15 17 601.381
progress 32 20 13 595.681
progress 32 25 8 611.516
progress 32 30 2 617.077
progress 33 0 33 670.776
progress 33 5 28 648.484
progress 33 10 23 624.358
progress 33 15 18 626.468
progress 33 20 13 630.054
progress 33 25 8 628.497
progress 33 30 3 657.116
progress 34 0 33 710.305
progress 34 5 27 667.083
progress 34 10 22 633.767
progress 34 15 17 597.94
progress 34 20 12 572.252
progress 34 25 7 550.026
progress 34 30 2 526.299
progress 35 0 33 515.635
progress 35 5 28 478.059
progress 35 10 23 437.924
progress 35 15 18 394.366
progress 35 20 13 358.727
progress 35 25 8 309.416
progress 35 30 3 275.068
progress 36 0 33 440.451
progress 36 5 28 419.623
progress 36 10 23 404.236
progress 36 15 18 392.434
progress 36 20 13 381.454
progress 36 25 8 373.096
progress 36 30 3 375.05
progress 37 0 33 499.417
progress 37 5 28 482.199
progress 37 10 23 475.864
progress 37 15 18 464.37
progress 37 20 13 461.534
progress 37 25 8 459.986
progress 37 30 3 469.424
progress 38 0 33 591.957
progress 38 5 27 562.713
progress 38 10 22 541.995
progress 38 15 17 523.125
progress 38 20 12 512.818
progress 38 25 7 508.634
progress 38 30 2 508.12
progress 39 0 33 565.141
progress 39 5 28 529.347
progress 39 10 23 494.345
progress 39 15 18 461.952
progress 39 20 13 424.868
progress 39 25 8 388.65
progress 39 30 3 360.607
progress 40 0 33 742.245
progress 40 5 27 703.795
progress 40 10 22 668.598
progress 40 15 17 634.661
progress 40 20 12 608.382
progress 40 25 7 589.647
progress 40 30 2 571.385
progress 41 0 33 446.551
progress 41 5 27 416.384
progress 41 10 22 390.953
progress 41 15 17 370.442
progress 41 20 12 347.539
progress 41 25 7 324.186
progress 41 30 1 314.886
grid_20 attempt 41 step 32 count 378 depth 119
progress 42 0 33 392.342
progress 42 5 27 383.919
progress 42 10 22 380.084
progress 42 15 18 377.646
progress 42 20 13 384.594
progress 42 25 7 403.377
progress 42 30 3 412.926
progress 43 0 33 607.031
progress 43 5 28 595.144
progress 43 10 23 591.148
progress 43 15 18 601.759
progress 43 20 13 611.66
progress 43 25 8 640.529
progress 43 30 3 670.768
progress 44 0 33 550.303
progress 44 5 28 522.722
progress 44 10 23 500.905
progress 44 15 18 481.339
progress 44 20 13 461.137
progress 44 25 8 440.192
progress 44 30 3 434.441
progress 45 0 33 502.644
progress 45 5 28 474.115
progress 45 10 23 448.233
progress 45 15 18 420.161
progress 45 20 13 403.802
progress 45 25 8 387.21
progress 45 30 3 376.511
progress 46 0 33 828.851
progress 46 5 28 786.066
progress 46 10 23 741.619
progress 46 15 18 710.308
progress 46 20 13 673.746
progress 46 25 8 644.441
progress 46 30 3 623.483
progress 47 0 33 609.435
progress 47 5 27 594.97
progress 47 10 22 581.08
progress 47 15 17 572.157
progress 47 20 12 564.677
progress 47 25 7 593.674
progress 47 30 2 607.385
progress 48 0 33 577.426
progress 48 5 28 552.452
progress 48 10 23 528.832
progress 48 15 18 517.465
progress 48 20 13 513.2
progress 48 25 8 494.237
progress 48 30 3 502.773
progress 49 0 33 687.046
progress 49 5 27 662.006
progress 49 10 22 642.454
progress 49 15 17 627.767
progress 49 20 12 615.104
progress 49 25 7 630.515
progress 49 30 2 639.839
progress 50 0 33 578.769
progress 50 5 28 564.309
progress 50 10 23 566.393
progress 50 15 18 566.413
progress 50 20 13 583.28
progress 50 25 8 604.207
progress 50 30 3 633.905
progress 51 0 33 245.978
progress 51 5 28 240.117
progress 51 10 23 238.242
progress 51 15 18 238.786
progress 51 20 13 241.531
progress 51 25 8 249.479
progress 51 30 3 260.766
progress 52 0 33 535.623
progress 52 5 27 522.186
progress 52 10 22 515.617
progress 52 15 18 511.221
progress 52 20 13 516.386
progress 52 25 8 527.652
progress 52 30 3 549.682
progress 53 0 33 663.933
progress 53 5 28 640.176
progress 53 10 23 615.646
progress 53 15 18 613.739
progress 53 20 13 609.598
progress 53 25 8 616.528
progress 53 30 3 629.818
progress 54 0 33 554.207
progress 54 5 27 499.807
progress 54 10 22 453.808
progress 54 15 17 412.248
progress 54 20 10 356.584
progress 54 25 2 298.524
progress 55 0 33 744.749
progress 55 5 28 705.212
progress 55 10 23 663.962
progress 55 15 18 633.795
progress 55 20 13 597.86
progress 55 25 8 589.546
progress 55 30 3 553.375
progress 56 0 33 442.931
progress 56 5 27 430.796
progress 56 10 22 422.917
progress 56 15 17 415.639
progress 56 20 12 420.939
progress 56 25 7 440.155
progress 56 30 2 455.98
progress 57 0 33 609.368
progress 57 5 28 584.15
progress 57 10 23 566.262
progress 57 15 18 553.496
progress 57 20 13 539.073
progress 57 25 8 536.388
progress 57 30 3 530.389
progress 58 0 33 716.322
progress 58 5 27 693.539
progress 58 10 22 671.974
progress 58 15 17 655.351
progress 58 20 12 651.018
progress 58 25 7 666.885
progress 58 30 2 664.064
progress 59 0 33 359.725
progress 59 5 28 348.537
progress 59 10 23 342.589
progress 59 15 18 341.196
progress 59 20 13 343.254
progress 59 25 8 350.607
progress 59 30 3 365.075
progress 60 0 33 507.023
progress 60 5 27 488.222
progress 60 10 22 479.617
progress 60 15 17 472.649
progress 60 20 12 479.182
progress 60 25 7 491.023
progress 60 30 2 505.067
progress 61 0 33 609.007
progress 61 5 28 570.82
progress 61 10 23 531.639
progress 61 15 18 495.069
progress 61 20 13 465.104
progress 61 25 8 424.937
progress 61 30 3 400.529
progress 62 0 33 289.89
progress 62 5 28 283.165
progress 62 10 23 284.617
progress 62 15 18 284.348
progress 62 20 13 291.427
progress 62 25 8 305.373
progress 62 30 3 325.942
progress 63 0 33 563.617
progress 63 5 27 516.808
progress 63 10 21 478.817
progress 63 15 15 439.056
progress 63 20 9 403.497
progress 63 25 4 378.701
progress 64 0 33 505.925
progress 64 5 28 480.376
progress 64 10 23 458.914
progress 64 15 18 436.063
progress 64 20 13 418.158
progress 64 25 8 401.708
progress 64 30 3 389.056
progress 65 0 33 454.48
progress 65 5 28 439.046
progress 65 10 23 431.98
progress 65 15 18 425.211
progress 65 20 13 420.036
progress 65 25 8 417.093
progress 65 30 3 424.028
progress 66 0 33 462.797
progress 66 5 28 457.023
progress 66 10 23 458.72
progress 66 15 18 470.205
progress 66 20 13 487.761
progress 66 25 8 519.443
progress 66 30 3 554.404
progress 67 0 33 826.472
progress 67 5 27 773.134
progress 67 10 22 723.571
progress 67 15 17 678.902
progress 67 20 12 639.596
progress 67 25 7 616.597
progress 67 30 1 576.727
grid_20 attempt 67 step 32 count 375 depth 119
progress 68 0 33 582.714
progress 68 5 27 547.381
progress 68 10 22 519.172
progress 68 15 17 497.245
progress 68 20 12 480.739
progress 68 25 7 470.254
progress 68 30 2 459.245
grid_20 attempt 68 step 33 count 356 depth 117
progress 69 0 33 485.201
progress 69 5 27 474.162
progress 69 10 22 469.732
progress 69 15 18 467.601
progress 69 20 13 475.868
progress 69 25 8 500.034
progress 69 30 3 512.955
progress 70 0 33 564.489
progress 70 5 28 569.963
progress 70 10 22 562.05
progress 70 15 18 584.576
progress 70 20 13 619.013
progress 70 25 8 652.626
progress 70 30 3 693.762
progress 71 0 33 331.634
progress 71 5 28 326.593
progress 71 10 23 328.541
progress 71 15 18 330.779
progress 71 20 13 344.145
progress 71 25 8 360.984
progress 71 30 3 390.193
progress 72 0 33 589.513
progress 72 5 28 570.148
progress 72 10 23 561.08
progress 72 15 18 554.53
progress 72 20 13 547.704
progress 72 25 8 541.881
progress 72 30 3 556.372
progress 73 0 33 757.271
progress 73 5 28 727.935
progress 73 10 23 702.449
progress 73 15 18 690.627
progress 73 20 13 678.971
progress 73 25 8 684.558
progress 73 30 3 700.701
progress 74 0 33 801.512
progress 74 5 27 743.387
progress 74 10 22 694.551
progress 74 15 17 648.59
progress 74 20 12 596.168
progress 74 25 5 556.957
progress 74 30 1 517.675
progress 75 0 33 455.127
progress 75 5 28 445.637
progress 75 10 23 440.747
progress 75 15 18 445.809
progress 75 20 13 450.6
progress 75 25 8 485.419
progress 75 30 3 518.418
progress 76 0 33 547.727
progress 76 5 27 519.098
progress 76 10 22 495.799
progress 76 15 17 480.828
progress 76 20 12 460.278
progress 76 25 7 447.661
progress 76 30 2 439.977
progress 77 0 33 790.889
progress 77 5 28 743.797
progress 77 10 23 698.326
progress 77 15 18 654.242
progress 77 20 13 617.755
progress 77 25 8 572.181
progress 77 30 3 534.88
progress 78 0 33 334.074
progress 78 5 27 311.476
progress 78 10 22 294.588
progress 78 15 17 280.218
progress 78 20 12 269.79
progress 78 25 7 260.74
progress 78 30 2 256.428
progress 79 0 33 736.585
progress 79 5 28 705.055
progress 79 10 23 682.459
progress 79 15 18 662.871
progress 79 20 13 651.282
progress 79 25 8 648.405
progress 79 30 3 638.635
progress 80 0 33 599.998
progress 80 5 28 581.972
progress 80 10 23 579.226
progress 80 15 18 571.146
progress 80 20 13 574.548
progress 80 25 8 584.409
progress 80 30 3 604.103
progress 81 0 33 526.642
progress 81 5 27 475.979
progress 81 10 21 433.24
progress 81 15 15 389.636
progress 81 20 9 346.505
progress 81 25 4 311.025
progress 81 30 0 287.599
progress 82 0 33 371.155
progress 82 5 28 355.608
progress 82 10 23 340.786
progress 82 15 18 330.763
progress 82 20 13 323.368
progress 82 25 8 316.473
progress 82 30 3 321.892
progress 83 0 33 806.752
progress 83 5 27 764.769
progress 83 10 22 728.724
progress 83 15 17 697.193
progress 83 20 12 664.961
progress 83 25 7 644.846
progress 83 30 1 621.995
progress 84 0 33 551.158
progress 84 5 27 549.456
progress 84 10 22 551.299
progress 84 15 17 552.763
progress 84 20 12 575.091
progress 84 25 7 608.18
progress 84 30 2 644.268
progress 85 0 33 355.22
progress 85 5 28 359.191
progress 85 10 22 366.444
progress 85 15 18 376.831
progress 85 20 13 405.885
progress 85 25 8 438.512
progress 85 30 3 486.307
progress 86 0 33 578.335
progress 86 5 28 550.558
progress 86 10 23 528.396
progress 86 15 18 510.945
progress 86 20 13 486.144
progress 86 25 8 476.042
progress 86 30 3 466.116
progress 87 0 33 404.534
progress 87 5 28 396.881
progress 87 10 23 399.968
progress 87 15 18 402.765
progress 87 20 13 411.326
progress 87 25 8 421.903
progress 87 30 3 447.393
progress 88 0 33 546.904
progress 88 5 27 523.322
progress 88 10 22 504.492
progress 88 15 17 488.759
progress 88 20 12 477.333
progress 88 25 7 474.666
progress 88 30 2 470.717
progress 89 0 33 650.381
progress 89 5 28 627.655
progress 89 10 23 600.506
progress 89 15 18 593.576
progress 89 20 13 581.006
progress 89 25 8 587.395
progress 89 30 3 585.02
progress 90 0 33 685.936
progress 90 5 27 642.838
progress 90 10 22 607.773
progress 90 15 17 581.311
progress 90 20 12 556.582
progress 90 25 7 538.758
progress 90 30 1 528.868
progress 91 0 33 440.114
progress 91 5 27 428.253
progress 91 10 22 418.614
progress 91 15 18 408.934
progress 91 20 12 398.779
progress 91 25 7 409.073
progress 91 30 2 412.407
progress 92 0 33 408.098
progress 92 5 27 407.067
progress 92 10 23 403.796
progress 92 15 18 405.139
progress 92 20 12 419.32
progress 92 25 8 445.427
progress 92 30 3 461.559
progress 93 0 33 708.143
progress 93 5 28 673.806
progress 93 10 23 642.708
progress 93 15 18 612.198
progress 93 20 13 573.051
progress 93 25 8 551.271
progress 93 30 3 530.026
progress 94 0 33 645.184
progress 94 5 27 609.682
progress 94 10 22 578.073
progress 94 15 17 550.645
progress 94 20 12 529.53
progress 94 25 7 517.441
progress 94 30 2 495.916
progress 95 0 33 687.841
progress 95 5 27 649.885
progress 95 10 22 624.655
progress 95 15 17 599.728
progress 95 20 12 583.118
progress 95 25 7 575.137
progress 95 30 2 566.8
progress 96 0 33 734.532
progress 96 5 28 700.916
progress 96 10 23 674.406
progress 96 15 18 647.57
progress 96 20 13 628.868
progress 96 25 8 605.458
progress 96 30 3 592.436
progress 97 0 33 718.105
progress 97 5 28 684.559
progress 97 10 23 659.223
progress 97 15 18 640.818
progress 97 20 13 625.212
progress 97 25 8 613.252
progress 97 30 3 613.099
progress 98 0 33 458.145
progress 98 5 27 444.593
progress 98 10 22 434.626
progress 98 15 17 428.926
progress 98 20 12 435.321
progress 98 25 7 448.409
progress 98 30 2 472.194
progress 99 0 33 299.865
progress 99 5 28 300.222
progress 99 10 23 313.099
progress 99 15 18 322.398
progress 99 20 13 343.763
progress 99 25 8 372.709
progress 99 30 3 412.543
progress 100 0 33 757.916
progress 100 5 28 733.83
progress 100 10 23 716.017
progress 100 15 18 711.769
progress 100 20 13 706.544
progress 100 25 8 725.239
progress 100 30 3 741.991
progress 101 0 33 312.227
progress 101 5 27 306.842
progress 101 10 22 303.833
progress 101 15 18 305.811
progress 101 20 13 315.264
progress 101 25 8 328.868
progress 101 30 3 344.854
progress 102 0 33 760.478
progress 102 5 28 720.245
progress 102 10 23 678.8
progress 102 15 18 643.393
progress 102 20 13 604.884
progress 102 25 8 562.662
progress 102 30 3 526.503
progress 103 0 33 705.791
progress 103 5 28 653.441
progress 103 10 23 596.946
progress 103 15 18 544.213
progress 103 20 13 489.024
progress 103 25 8 424.547
progress 103 30 3 378.314
progress 104 0 33 448.949
progress 104 5 27 442.408
progress 104 10 22 435.574
progress 104 15 17 436.812
progress 104 20 12 442.072
progress 104 25 7 467.507
progress 104 30 2 496.831
progress 105 0 33 656.073
progress 105 5 27 634.946
progress 105 10 22 612.627
progress 105 15 17 591.599
progress 105 20 12 574.575
progress 105 25 7 568.126
progress 105 30 2 565.622
progress 106 0 33 501.161
progress 106 5 28 484.154
progress 106 10 23 477.669
progress 106 15 18 473.093
progress 106 20 13 474.039
progress 106 25 8 475.144
progress 106 30 3 468.837
progress 107 0 33 764.351
progress 107 5 27 724.949
progress 107 10 22 691.115
progress 107 15 17 655.104
progress 107 20 12 626.856
progress 107 25 7 620.3
progress 107 30 2 577.055
progress 108 0 33 668.456
progress 108 5 27 626.188
progress 108 10 22 594.558
progress 108 15 17 561.819
progress 108 20 12 536.892
progress 108 25 6 514.125
progress 108 30 2 499.438
progress 109 0 33 560.543
progress 109 5 27 545.323
progress 109 10 22 531.689
progress 109 15 17 520.977
progress 109 20 12 517.007
progress 109 25 7 533.598
progress 109 30 2 546.07
progress 110 0 33 489.326
progress 110 5 27 467.351
progress 110 10 22 449.239
progress 110 15 17 429.518
progress 110 20 12 414.542
progress 110 25 7 414.388
progress 110 30 2 413.514
progress 111 0 33 468.761
progress 111 5 28 447.024
progress 111 10 23 423.924
progress 111 15 18 409.501
progress 111 20 13 392.734
progress 111 25 8 376.21
progress 111 30 3 370.122
progress 112 0 33 428.981
progress 112 5 27 414.076
progress 112 10 22 401.981
progress 112 15 17 391.938
progress 112 20 12 382.87
progress 112 25 7 382.737
progress 112 30 2 374.547
progress 113 0 33 416.398
progress 113 5 28 398.484
progress 113 10 23 384.523
progress 113 15 18 374.904
progress 113 20 13 363.958
progress 113 25 8 354.321
progress 113 30 3 352.314
progress 114 0 33 620.581
progress 114 5 27 593.676
progress 114 10 22 571.953
progress 114 15 17 552.997
progress 114 20 12 537.439
progress 114 25 7 531.759
progress 114 30 2 523.403
progress 115 0 33 713.732
progress 115 5 27 678.095
progress 115 10 22 646.839
progress 115 15 17 611.378
progress 115 20 12 583.16
progress 115 25 7 582.17
progress 115 30 2 556.002
progress 116 0 33 916.39
progress 116 5 28 864.633
progress 116 10 23 814.217
progress 116 15 18 774.863
progress 116 20 13 733.063
progress 116 25 8 686.449
progress 116 30 3 660.74
progress 117 0 33 523.393
progress 117 5 28 521.67
progress 117 10 22 504.875
progress 117 15 17 523.21
progress 117 20 12 523.574
progress 117 25 7 537.717
progress 117 30 2 568.813
progress 118 0 33 334.748
progress 118 5 28 323.5
progress 118 10 23 315.103
progress 118 15 18 306.186
progress 118 20 13 306.78
progress 118 25 8 308.338
progress 118 30 3 312.961
progress 119 0 33 524.429
progress 119 5 27 494.861
progress 119 10 22 471.151
progress 119 15 17 453.152
progress 119 20 12 439.655
progress 119 25 7 430.226
progress 119 30 2 415.416
progress 120 0 33 621.045
progress 120 5 27 602.403
progress 120 10 22 578.738
progress 120 15 17 561.836
progress 120 20 12 536.829
progress 120 25 7 543.93
progress 120 30 2 541.933
progress 121 0 33 627.714
progress 121 5 27 608.606
progress 121 10 22 590.923
progress 121 15 17 573.914
progress 121 20 12 560.774
progress 121 25 7 577.757
progress 121 30 2 561.74
progress 122 0 33 636.116
progress 122 5 28 599.851
progress 122 10 23 564.096
progress 122 15 18 529.344
progress 122 20 13 490.793
progress 122 25 8 459.205
progress 122 30 3 426.7
progress 123 0 33 534.673
progress 123 5 27 516.951
progress 123 10 22 497.96
progress 123 15 17 481.633
progress 123 20 12 468.992
progress 123 25 7 466.281
progress 123 30 2 467.928
progress 124 0 33 560.739
progress 124 5 28 537.996
progress 124 10 23 524.853
progress 124 15 18 513.684
progress 124 20 13 509.874
progress 124 25 8 518.155
progress 124 30 3 510.251
progress 125 0 33 644.629
progress 125 5 28 616.735
progress 125 10 23 594.877
progress 125 15 18 575.419
progress 125 20 13 560.716
progress 125 25 8 537.645
progress 125 30 3 535.996
progress 126 0 33 630.16
progress 126 5 27 598.209
progress 126 10 22 569.532
progress 126 15 17 542.336
progress 126 20 12 524.005
progress 126 25 7 505.301
progress 126 30 2 498.307
progress 127 0 33 293.574
progress 127 5 28 291.95
progress 127 10 23 300.231
progress 127 15 18 310.206
progress 127 20 13 333.13
progress 127 25 8 366.25
progress 127 30 3 398.367
progress 128 0 33 487.914
progress 128 5 27 483.805
progress 128 10 22 477.036
progress 128 15 18 477.931
progress 128 20 13 491.586
progress 128 25 8 518.432
progress 128 30 3 555.86
progress 129 0 33 533.084
progress 129 5 28 504.959
progress 129 10 23 480.845
progress 129 15 18 454.2
progress 129 20 13 431.573
progress 129 25 8 408.019
progress 129 30 3 388.744
progress 130 0 33 622.694
progress 130 5 27 593.983
progress 130 10 22 572.584
progress 130 15 17 556.814
progress 130 20 12 547.291
progress 130 25 7 540.32
progress 130 30 2 536.791
progress 131 0 33 239.622
progress 131 5 27 228.176
progress 131 10 22 220.688
progress 131 15 17 214.561
progress 131 20 12 212.174
progress 131 25 7 211.087
progress 131 30 2 215.59
progress 132 0 33 618.898
progress 132 5 27 599.578
progress 132 10 22 573.87
progress 132 15 17 567.321
progress 132 20 12 554.606
progress 132 25 7 570.142
progress 132 30 2 581.588
progress 133 0 33 792.786
progress 133 5 28 759.625
progress 133 10 23 738.211
progress 133 15 18 724.286
progress 133 20 13 708.859
progress 133 25 8 701.72
progress 133 30 3 718.421
progress 134 0 33 436.22
progress 134 5 28 434.877
progress 134 10 22 430.034
progress 134 15 18 448.715
progress 134 20 13 462.779
progress 134 25 8 483.555
progress 134 30 3 514.972
progress 135 0 33 657.361
progress 135 5 28 630.415
progress 135 10 23 616.007
progress 135 15 18 597.974
progress 135 20 13 582.275
progress 135 25 8 575.299
progress 135 30 3 561.81
progress 136 0 33 644.457
progress 136 5 27 612.758
progress 136 10 22 591.4
progress 136 15 17 571.081
progress 136 20 12 549.463
progress 136 25 7 540.306
progress 136 30 2 535.734
progress 137 0 33 770.61
progress 137 5 28 736.644
progress 137 10 23 712.837
progress 137 15 18 688.746
progress 137 20 13 669.024
progress 137 25 8 642.261
progress 137 30 3 629.131
progress 138 0 33 636.825
progress 138 5 28 610.082
progress 138 10 23 586.153
progress 138 15 18 574.549
progress 138 20 13 560.112
progress 138 25 8 556.579
progress 138 30 3 563.117
progress 139 0 33 558.574
progress 139 5 27 555.694
progress 139 10 22 542.928
progress 139 15 18 558.815
progress 139 20 13 563.976
progress 139 25 8 598.591
progress 139 30 3 625.035
progress 140 0 33 442.472
progress 140 5 28 411.812
progress 140 10 23 381.535
progress 140 15 18 348.2
progress 140 20 13 323.23
progress 140 25 8 294.63
progress 140 30 3 272.924
progress 141 0 33 318.848
progress 141 5 27 305.817
progress 141 10 22 296.997
progress 141 15 17 292.2
progress 141 20 12 291.389
progress 141 25 7 292.193
progress 141 30 2 296.975
progress 142 0 33 656.85
progress 142 5 27 630.782
progress 142 10 22 609.135
progress 142 15 17 589.586
progress 142 20 12 569.983
progress 142 25 7 562.193
progress 142 30 2 552.123
progress 143 0 33 513.546
progress 143 5 28 500.26
progress 143 10 23 494.133
progress 143 15 18 496.628
progress 143 20 13 498.505
progress 143 25 8 501.036
progress 143 30 3 518.939
progress 144 0 33 474.009
progress 144 5 27 444.968
progress 144 10 22 418.99
progress 144 15 17 402.597
progress 144 20 12 385.113
progress 144 25 7 370.223
progress 144 30 2 356.201
progress 145 0 33 701.487
progress 145 5 28 663.492
progress 145 10 23 627.817
progress 145 15 18 600.467
progress 145 20 13 571.371
progress 145 25 8 545.64
progress 145 30 3 535.515
progress 146 0 33 857.513
progress 146 5 27 803.071
progress 146 10 22 756.878
progress 146 15 17 710.009
progress 146 20 12 673.405
progress 146 25 7 647.815
progress 146 30 2 609.323
progress 147 0 33 561.362
progress 147 5 27 515.058
progress 147 10 22 477.578
progress 147 15 16 443.379
progress 147 20 9 407.114
progress 147 25 5 383.7
progress 147 30 2 362.463
progress 148 0 33 360.042
progress 148 5 27 343.024
progress 148 10 22 330.793
progress 148 15 17 323.881
progress 148 20 12 317.56
progress 148 25 7 315.297
progress 148 30 2 320.044
progress 149 0 33 577.903
progress 149 5 27 535.827
progress 149 10 22 497.875
progress 149 15 17 468.126
progress 149 20 12 432.072
progress 149 25 7 396.714
progress 149 30 2 374.583
progress 150 0 33 486.308
progress 150 5 27 455.312
progress 150 10 22 434.369
progress 150 15 17 413.696
progress 150 20 12 398.792
progress 150 25 7 388.377
progress 150 30 1 381.215
progress 151 0 33 610.863
progress 151 5 27 589.687
progress 151 10 22 568.315
progress 151 15 17 546.078
progress 151 20 12 529.543
progress 151 25 7 531.17
progress 151 30 2 536.457
progress 152 0 33 622.607
progress 152 5 27 595.017
progress 152 10 22 570.645
progress 152 15 17 546.909
progress 152 20 12 517.336
progress 152 25 7 514.648
progress 152 30 2 512.206
progress 153 0 33 343.91
progress 153 5 28 335.568
progress 153 10 23 334.131
progress 153 15 18 335.051
progress 153 20 13 346.058
progress 153 25 8 363.538
progress 153 30 3 388.762
progress 154 0 33 273.541
progress 154 5 28 271.406
progress 154 10 23 277.483
progress 154 15 18 283.711
progress 154 20 13 301.105
progress 154 25 8 327.425
progress 154 30 3 364.148
progress 155 0 33 728.879
progress 155 5 28 697.672
progress 155 10 23 671.069
progress 155 15 18 652.78
progress 155 20 13 641.641
progress 155 25 8 623.483
progress 155 30 3 618.753
progress 156 0 33 459.457
progress 156 5 28 443.401
progress 156 10 23 429.635
progress 156 15 18 420.54
progress 156 20 13 417.504
progress 156 25 8 414.735
progress 156 30 3 411.899
progress 157 0 33 720.979
progress 157 5 28 685.913
progress 157 10 23 655.278
progress 157 15 18 623.039
progress 157 20 13 597.802
progress 157 25 8 583.831
progress 157 30 3 550.183
progress 158 0 33 497.757
progress 158 5 28 480.241
progress 158 10 23 472.707
progress 158 15 18 461.402
progress 158 20 13 457.26
progress 158 25 8 452.114
progress 158 30 3 468.875
progress 159 0 33 634.147
progress 159 5 27 604.683
progress 159 10 22 579.351
progress 159 15 17 558.114
progress 159 20 12 535.277
progress 159 25 7 524.316
progress 159 30 2 507.626
progress 160 0 33 739.201
progress 160 5 28 711.668
progress 160 10 23 690.759
progress 160 15 18 683.158
progress 160 20 13 683.034
progress 160 25 8 695.213
progress 160 30 3 709.244
progress 161 0 33 436.774
progress 161 5 28 413.236
progress 161 10 23 390.473
progress 161 15 18 367.652
progress 161 20 13 350.355
progress 161 25 8 330.569
progress 161 30 3 317.117
progress 162 0 33 507.813
progress 162 5 27 491.723
progress 162 10 22 479.964
progress 162 15 17 471.019
progress 162 20 12 477.002
progress 162 25 7 501.049
progress 162 30 2 518.695
progress 163 0 33 797.479
progress 163 5 27 763.215
progress 163 10 22 729.646
progress 163 15 17 703.575
progress 163 20 12 689.702
progress 163 25 7 674.331
progress 163 30 1 672.729
progress 164 0 33 563.104
progress 164 5 28 538.921
progress 164 10 23 519.043
progress 164 15 18 502.463
progress 164 20 13 483.163
progress 164 25 8 468.629
progress 164 30 3 458.552
progress 165 0 33 735.94
progress 165 5 27 710.023
progress 165 10 22 686.905
progress 165 15 17 670.079
progress 165 20 12 645.375
progress 165 25 7 664.558
progress 165 30 2 667.513
progress 166 0 33 453.789
progress 166 5 27 442.492
progress 166 10 22 435.998
progress 166 15 18 435.107
progress 166 20 13 446.385
progress 166 25 8 465.05
progress 166 30 3 485.04
progress 167 0 33 422.393
progress 167 5 28 399.311
progress 167 10 23 378.618
progress 167 15 18 355.498
progress 167 20 13 342.839
progress 167 25 8 325.71
progress 167 30 3 318.272
progress 168 0 33 581.153
progress 168 5 28 568.3
progress 168 10 23 563.333
progress 168 15 18 573.521
progress 168 20 13 584.911
progress 168 25 8 606.543
progress 168 30 3 635.381
progress 169 0 33 395.804
progress 169 5 28 387.465
progress 169 10 23 388.443
progress 169 15 18 396.329
progress 169 20 13 406.211
progress 169 25 8 435.737
progress 169 30 3 462.667
progress 170 0 33 532.162
progress 170 5 27 479.945
progress 170 10 22 433.237
progress 170 15 15 385.431
progress 170 20 9 335.251
progress 170 25 4 285.484
progress 171 0 33 556.154
progress 171 5 27 518.174
progress 171 10 22 485.395
progress 171 15 17 463.007
progress 171 20 12 442.932
progress 171 25 7 428.309
progress 171 30 2 404.882
progress 172 0 33 457.122
progress 172 5 27 452.932
progress 172 10 22 443.449
progress 172 15 17 443.037
progress 172 20 12 447.533
progress 172 25 7 463.34
progress 172 30 2 489.465
progress 173 0 33 783.195
progress 173 5 28 745.446
progress 173 10 23 712.42
progress 173 15 18 681.374
progress 173 20 13 644.297
progress 173 25 8 619.907
progress 173 30 3 604.608
progress 174 0 33 853.858
progress 174 5 28 807.95
progress 174 10 23 773.648
progress 174 15 18 743.982
progress 174 20 13 707.848
progress 174 25 8 673.946
progress 174 30 3 657.998
progress 175 0 33 513.023
progress 175 5 27 476.489
progress 175 10 22 450.381
progress 175 15 17 423.412
progress 175 20 12 399.806
progress 175 25 7 378.779
progress 175 30 1 361.66
progress 176 0 33 538.458
progress 176 5 28 525.642
progress 176 10 23 514.032
progress 176 15 18 517.507
progress 176 20 13 515.319
progress 176 25 8 538.437
progress 176 30 3 551.187
progress 177 0 33 612.595
progress 177 5 28 590.855
progress 177 10 23 568.436
progress 177 15 18 564.113
progress 177 20 13 564.274
progress 177 25 8 571.779
progress 177 30 3 571.149
progress 178 0 33 391.182
progress 178 5 27 357.2
progress 178 10 22 328.118
progress 178 15 16 304.34
progress 178 20 10 273.593
progress 178 25 5 250.486
progress 178 30 0 234.549
progress 179 0 33 417.901
progress 179 5 28 420.667
progress 179 10 23 422.233
progress 179 15 18 430.35
progress 179 20 13 456.612
progress 179 25 8 489.713
progress 179 30 3 542.458
progress 180 0 33 664.431
progress 180 5 27 650.404
progress 180 10 22 638.202
progress 180 15 18 626.853
progress 180 20 12 626.626
progress 180 25 8 646.97
progress 180 30 3 661.463
progress 181 0 33 537.837
progress 181 5 28 507.652
progress 181 10 23 481.908
progress 181 15 18 461.588
progress 181 20 13 439.759
progress 181 25 8 427.7
progress 181 30 3 414.125
progress 182 0 33 389.655
progress 182 5 28 392.948
progress 182 10 23 397.528
progress 182 15 18 406.173
progress 182 20 13 438.004
progress 182 25 8 466.048
progress 182 30 3 512.401
progress 183 0 33 507.087
progress 183 5 27 454.915
progress 183 10 21 407.845
progress 183 15 15 362.817
progress 183 20 10 314.998
progress 183 25 5 269.847
progress 183 30 0 238.508
progress 184 0 33 722.459
progress 184 5 27 671.825
progress 184 10 22 623.59
progress 184 15 17 587.414
progress 184 20 11 549.759
progress 184 25 6 523.338
progress 184 30 1 500.54
progress 185 0 33 762.211
progress 185 5 27 708.09
progress 185 10 22 656.652
progress 185 15 17 616.945
progress 185 20 12 576.367
progress 185 25 7 529.058
progress 185 30 2 500.954
grid_20 attempt 185 step 33 count 379 depth 115
progress 186 0 33 710.924
progress 186 5 28 678.796
progress 186 10 23 644.45
progress 186 15 18 619.855
progress 186 20 13 597.201
progress 186 25 8 570.142
progress 186 30 3 545.266
progress 187 0 33 302.819
progress 187 5 28 288.62
progress 187 10 23 276.264
progress 187 15 18 262.492
progress 187 20 13 250.238
progress 187 25 8 236.244
progress 187 30 3 224.405
progress 188 0 33 357.091
progress 188 5 28 344.378
progress 188 10 23 338.872
progress 188 15 18 337.257
progress 188 20 13 337.245
progress 188 25 8 344.49
progress 188 30 3 357.636
progress 189 0 33 432.004
progress 189 5 28 418.162
progress 189 10 23 414.394
progress 189 15 18 411.357
progress 189 20 13 407.52
progress 189 25 8 406.628
progress 189 30 3 416.643
progress 190 0 33 460.067
progress 190 5 28 437.849
progress 190 10 23 423.764
progress 190 15 18 406.884
progress 190 20 13 397.784
progress 190 25 8 391.305
progress 190 30 3 385.575
progress 191 0 33 472.702
progress 191 5 27 457.896
progress 191 10 22 445.475
progress 191 15 17 432.681
progress 191 20 12 424.637
progress 191 25 7 430.415
progress 191 30 2 428.418
progress 192 0 33 452.706
progress 192 5 28 443.007
progress 192 10 23 441.157
progress 192 15 18 446.669
progress 192 20 13 456.903
progress 192 25 8 462.648
progress 192 30 3 484.432
