branched_14 round 7 count 194 depth 68 score 1.38986
branched_14 round 9 count 194 depth 67 score 1.36944
branched_14 round 22 count 193 depth 67 score 1.36943
branched_14 round 41 count 189 depth 67 score 1.36942
branched_14 round 48 count 189 depth 66 score 1.34899
branched_14 round 55 count 187 depth 64 score 1.30812
branched_14 round 65 count 186 depth 64 score 1.30812
progress 100 1581
branched_14 round 121 count 188 depth 63 score 1.2877
branched_14 round 128 count 188 depth 62 score 1.26727
progress 200 3215
branched_14 round 259 count 193 depth 61 score 1.24686
progress 300 4799
branched_14 round 330 count 196 depth 60 score 1.22644
branched_14 round 331 count 196 depth 59 score 1.20601
progress 400 6439
branched_14 round 426 count 195 depth 59 score 1.20601
branched_14 round 438 count 194 depth 59 score 1.20601
branched_14 round 450 count 194 depth 57 score 1.16515
progress 500 8073
branched_14 round 528 count 197 depth 56 score 1.14473
branched_14 round 550 count 196 depth 56 score 1.14473
branched_14 round 576 count 194 depth 56 score 1.14472
progress 600 9715
progress 700 11396
progress 800 13091
progress 900 14766
progress 1000 16429
progress 1100 18075
progress 1200 19694
progress 1300 21398
progress 1400 23087
branched_14 round 1449 count 193 depth 56 score 1.14472
progress 1500 24680
progress 1600 26451
progress 1700 27971
progress 1800 29735
progress 1900 31336
branched_14 round 1914 count 192 depth 56 score 1.14471
progress 2000 32930
progress 2100 34592
progress 2200 36250
progress 2300 37888
branched_14 round 2356 count 191 depth 56 score 1.14471
progress 2400 39450
progress 2500 41151
progress 2600 42804
