progress 0 0 cost 844.008 remaining 27
progress 0 20 cost 625.932 remaining 20
progress 0 40 cost 476.62 remaining 14
progress 0 60 cost 369.671 remaining 10
progress 0 80 cost 253.477 remaining 4
progress 0 100 cost 187.534 remaining 3
progress 0 120 cost 131.231 remaining 1
progress 0 140 cost 97.5456 remaining 0
progress 0 160 cost 86.9287 remaining 0
progress 0 180 cost 74.5482 remaining 0
progress 0 200 cost 73.1806 remaining 0
progress 0 220 cost 73.1806 remaining 0
progress 1 0 cost 702.488 remaining 28
progress 1 20 cost 534.377 remaining 23
progress 1 40 cost 468.778 remaining 20
progress 1 60 cost 426.342 remaining 19
progress 1 80 cost 395.692 remaining 17
progress 1 100 cost 385.199 remaining 17
progress 1 120 cost 385.199 remaining 17
progress 2 0 cost 1003.19 remaining 27
progress 2 20 cost 787.317 remaining 23
progress 2 40 cost 680.053 remaining 20
progress 2 60 cost 560.061 remaining 15
progress 2 80 cost 486.521 remaining 12
progress 2 100 cost 435.745 remaining 11
progress 2 120 cost 371.676 remaining 9
progress 2 140 cost 323.113 remaining 8
progress 2 160 cost 298.1 remaining 8
progress 2 180 cost 265.998 remaining 7
progress 2 200 cost 261.604 remaining 7
progress 2 220 cost 261.604 remaining 7
progress 2 240 cost 261.604 remaining 7
progress 2 260 cost 257.204 remaining 7
progress 2 280 cost 257.204 remaining 7
progress 3 0 cost 940.264 remaining 27
progress 3 20 cost 737.593 remaining 22
progress 3 40 cost 614.953 remaining 18
progress 3 60 cost 553.06 remaining 16
progress 3 80 cost 493.028 remaining 14
progress 3 100 cost 421.171 remaining 11
progress 3 120 cost 358.598 remaining 8
progress 3 140 cost 321.005 remaining 8
progress 3 160 cost 293.8 remaining 8
progress 3 180 cost 260.39 remaining 7
progress 3 200 cost 239.149 remaining 6
progress 3 220 cost 221.547 remaining 6
progress 3 240 cost 221.547 remaining 6
progress 4 0 cost 691.854 remaining 28
progress 4 20 cost 519.809 remaining 26
progress 4 40 cost 470.752 remaining 25
progress 4 60 cost 432.535 remaining 24
progress 4 80 cost 383.995 remaining 23
progress 4 100 cost 346.015 remaining 22
progress 4 120 cost 307.224 remaining 22
progress 4 140 cost 283.352 remaining 22
progress 4 160 cost 262.478 remaining 22
progress 4 180 cost 242.183 remaining 22
progress 4 200 cost 240.357 remaining 22
progress 4 220 cost 240.357 remaining 22
progress 5 0 cost 1310.58 remaining 27
progress 5 20 cost 1014.67 remaining 22
progress 5 40 cost 881.314 remaining 20
progress 5 60 cost 745.179 remaining 16
progress 5 80 cost 647.422 remaining 13
progress 5 100 cost 577.528 remaining 12
progress 5 120 cost 529.301 remaining 10
progress 5 140 cost 415.468 remaining 7
progress 5 160 cost 397.706 remaining 7
progress 5 180 cost 392.043 remaining 7
progress 5 200 cost 341.666 remaining 5
progress 5 220 cost 304.811 remaining 5
progress 5 240 cost 279.512 remaining 4
progress 5 260 cost 237.35 remaining 3
progress 5 280 cost 217.098 remaining 3
progress 5 300 cost 217.098 remaining 3
progress 6 0 cost 535.655 remaining 28
progress 6 20 cost 408.312 remaining 23
progress 6 40 cost 358.072 remaining 19
progress 6 60 cost 320.318 remaining 19
progress 6 80 cost 294.492 remaining 16
progress 6 100 cost 267.721 remaining 14
progress 6 120 cost 257.648 remaining 13
progress 6 140 cost 257.351 remaining 13
progress 6 160 cost 254.24 remaining 13
progress 6 180 cost 247.914 remaining 13
progress 6 200 cost 247.914 remaining 13
progress 7 0 cost 835.947 remaining 27
progress 7 20 cost 640.998 remaining 20
progress 7 40 cost 514.536 remaining 15
progress 7 60 cost 438.288 remaining 12
progress 7 80 cost 366.009 remaining 9
progress 7 100 cost 289.223 remaining 6
progress 7 120 cost 235.946 remaining 4
progress 7 140 cost 201.32 remaining 4
progress 7 160 cost 161.606 remaining 2
progress 7 180 cost 135.683 remaining 1
progress 7 200 cost 100.557 remaining 1
progress 7 220 cost 63.5693 remaining 1
progress 7 240 cost 25.4456 remaining 0
progress 7 260 cost 11.9008 remaining 0
FOUND grid_16 attempt 7 step 269 count 260 depth 97
FOUND grid_16 attempt 7 step 271 count 260 depth 96
progress 7 280 cost 0 remaining 0
FOUND grid_16 attempt 7 step 284 count 261 depth 95
FOUND grid_16 attempt 7 step 287 count 260 depth 95
progress 7 300 cost 1.48761 remaining 0
progress 8 0 cost 953.873 remaining 27
progress 8 20 cost 736.142 remaining 22
progress 8 40 cost 619.9 remaining 18
progress 8 60 cost 527.401 remaining 13
progress 8 80 cost 436.457 remaining 10
progress 8 100 cost 377.333 remaining 9
progress 8 120 cost 312.448 remaining 7
progress 8 140 cost 270.767 remaining 6
progress 8 160 cost 233.911 remaining 5
progress 8 180 cost 209.39 remaining 5
progress 8 200 cost 182.691 remaining 4
progress 8 220 cost 163.505 remaining 4
progress 8 240 cost 137.882 remaining 4
progress 8 260 cost 106.212 remaining 3
progress 8 280 cost 82.9047 remaining 3
progress 8 300 cost 53.797 remaining 2
progress 8 320 cost 26.3311 remaining 1
progress 8 340 cost 2.08669 remaining 0
progress 8 360 cost 2.08669 remaining 0
progress 9 0 cost 456.865 remaining 27
progress 9 20 cost 345.717 remaining 22
progress 9 40 cost 287.005 remaining 18
progress 9 60 cost 242.01 remaining 14
progress 9 80 cost 212.407 remaining 12
progress 9 100 cost 183.408 remaining 10
progress 9 120 cost 161.199 remaining 8
progress 9 140 cost 153.542 remaining 8
progress 9 160 cost 153.281 remaining 8
progress 9 180 cost 153.281 remaining 8
progress 9 200 cost 153.281 remaining 8
progress 9 220 cost 151.274 remaining 8
progress 9 240 cost 151.274 remaining 8
progress 10 0 cost 743.982 remaining 28
progress 10 20 cost 564.148 remaining 24
progress 10 40 cost 485.925 remaining 22
progress 10 60 cost 446.219 remaining 20
progress 10 80 cost 416.354 remaining 18
progress 10 100 cost 407.535 remaining 18
progress 10 120 cost 407.535 remaining 18
progress 10 140 cost 399.661 remaining 17
progress 10 160 cost 397.216 remaining 17
progress 10 180 cost 397.216 remaining 17
progress 11 0 cost 444.687 remaining 27
progress 11 20 cost 341.205 remaining 23
progress 11 40 cost 301.507 remaining 20
progress 11 60 cost 267.834 remaining 19
progress 11 80 cost 247.03 remaining 19
progress 11 100 cost 236.097 remaining 19
progress 11 120 cost 226.632 remaining 19
progress 11 140 cost 220.492 remaining 19
progress 11 160 cost 216.165 remaining 19
progress 11 180 cost 185.83 remaining 14
progress 11 200 cost 171.449 remaining 14
progress 11 220 cost 160.317 remaining 14
progress 11 240 cost 153.282 remaining 14
progress 11 260 cost 151.591 remaining 14
progress 11 280 cost 145.774 remaining 13
progress 11 300 cost 145.666 remaining 13
progress 12 0 cost 804.982 remaining 27
progress 12 20 cost 620.061 remaining 23
progress 12 40 cost 547.012 remaining 20
progress 12 60 cost 477.274 remaining 18
progress 12 80 cost 426.804 remaining 16
progress 12 100 cost 410.519 remaining 16
progress 12 120 cost 379.655 remaining 15
progress 12 140 cost 349.158 remaining 14
progress 12 160 cost 314.056 remaining 13
progress 12 180 cost 296.914 remaining 13
progress 12 200 cost 286.781 remaining 13
progress 12 220 cost 257.608 remaining 12
progress 12 240 cost 249.536 remaining 12
progress 12 260 cost 230.092 remaining 11
progress 12 280 cost 200.809 remaining 11
progress 12 300 cost 166.262 remaining 9
progress 12 320 cost 126.55 remaining 7
progress 12 340 cost 104.023 remaining 6
progress 12 360 cost 89.4323 remaining 6
progress 12 380 cost 62.2016 remaining 4
progress 12 400 cost 41.8676 remaining 3
progress 12 420 cost 19.88 remaining 1
progress 12 440 cost 0 remaining 0
progress 12 460 cost 0 remaining 0
progress 13 0 cost 742.602 remaining 28
progress 13 20 cost 570.327 remaining 23
progress 13 40 cost 490.681 remaining 20
progress 13 60 cost 432.193 remaining 18
progress 13 80 cost 401.155 remaining 17
progress 13 100 cost 377.375 remaining 16
progress 13 120 cost 356.423 remaining 15
progress 13 140 cost 348.097 remaining 15
progress 13 160 cost 348.097 remaining 15
progress 14 0 cost 775.012 remaining 27
progress 14 20 cost 589.607 remaining 20
progress 14 40 cost 471.034 remaining 14
progress 14 60 cost 389.097 remaining 12
progress 14 80 cost 335.681 remaining 10
progress 14 100 cost 277.742 remaining 8
progress 14 120 cost 272.271 remaining 8
progress 14 140 cost 231.061 remaining 6
progress 14 160 cost 186.759 remaining 4
progress 14 180 cost 151.467 remaining 3
progress 14 200 cost 110.941 remaining 1
progress 14 220 cost 94.0293 remaining 1
progress 14 240 cost 72.5195 remaining 1
progress 14 260 cost 63.0694 remaining 1
progress 14 280 cost 59.8183 remaining 1
progress 14 300 cost 57.9293 remaining 1
progress 14 320 cost 57.9293 remaining 1
progress 15 0 cost 660.233 remaining 27
progress 15 20 cost 515.345 remaining 22
progress 15 40 cost 443.221 remaining 19
progress 15 60 cost 407.273 remaining 19
progress 15 80 cost 363.611 remaining 17
progress 15 100 cost 312.271 remaining 13
progress 15 120 cost 274.621 remaining 12
progress 15 140 cost 257.727 remaining 12
progress 15 160 cost 252.982 remaining 12
progress 15 180 cost 245.491 remaining 11
progress 15 200 cost 235.878 remaining 11
progress 15 220 cost 234.6 remaining 11
progress 15 240 cost 234.6 remaining 11
progress 16 0 cost 673.584 remaining 28
progress 16 20 cost 513.203 remaining 24
progress 16 40 cost 441.889 remaining 23
progress 16 60 cost 401.181 remaining 22
progress 16 80 cost 373.47 remaining 22
progress 16 100 cost 362.691 remaining 22
progress 16 120 cost 358.642 remaining 22
progress 16 140 cost 357.238 remaining 22
progress 16 160 cost 356.223 remaining 22
progress 17 0 cost 601.485 remaining 27
progress 17 20 cost 465.686 remaining 23
progress 17 40 cost 400.817 remaining 21
progress 17 60 cost 358.866 remaining 19
progress 17 80 cost 316.815 remaining 14
progress 17 100 cost 255.205 remaining 10
progress 17 120 cost 222.9 remaining 7
progress 17 140 cost 183.27 remaining 7
progress 17 160 cost 157.142 remaining 4
progress 17 180 cost 149.235 remaining 4
progress 17 200 cost 149.885 remaining 4
progress 17 220 cost 121.093 remaining 2
progress 17 240 cost 117.662 remaining 2
progress 17 260 cost 114.99 remaining 2
progress 17 280 cost 114.99 remaining 2
progress 18 0 cost 433.16 remaining 28
progress 18 20 cost 334.808 remaining 23
progress 18 40 cost 290.698 remaining 22
progress 18 60 cost 257.043 remaining 18
progress 18 80 cost 229.816 remaining 17
progress 18 100 cost 218.915 remaining 15
progress 18 120 cost 206.279 remaining 15
progress 18 140 cost 202.262 remaining 15
progress 18 160 cost 198.003 remaining 15
progress 18 180 cost 193.326 remaining 14
progress 18 200 cost 188.445 remaining 13
progress 18 220 cost 186.213 remaining 13
progress 18 240 cost 186.622 remaining 13
progress 19 0 cost 901.232 remaining 27
progress 19 20 cost 695.804 remaining 23
progress 19 40 cost 604.807 remaining 19
progress 19 60 cost 556.537 remaining 19
progress 19 80 cost 499.757 remaining 17
progress 19 100 cost 459.395 remaining 15
progress 19 120 cost 405.041 remaining 13
progress 19 140 cost 382.372 remaining 13
progress 19 160 cost 377.619 remaining 13
progress 19 180 cost 377.619 remaining 13
progress 20 0 cost 763.604 remaining 28
progress 20 20 cost 586.696 remaining 23
progress 20 40 cost 507.626 remaining 21
progress 20 60 cost 455.188 remaining 18
progress 20 80 cost 428.64 remaining 17
progress 20 100 cost 430.622 remaining 17
progress 20 120 cost 396.937 remaining 15
progress 20 140 cost 372.698 remaining 13
progress 20 160 cost 351.243 remaining 12
progress 20 180 cost 344.109 remaining 12
progress 20 200 cost 339.389 remaining 12
progress 20 220 cost 339.589 remaining 12
progress 20 240 cost 331.499 remaining 12
progress 20 260 cost 313.188 remaining 11
progress 20 280 cost 313.188 remaining 11
progress 20 300 cost 293.346 remaining 10
progress 20 320 cost 279.618 remaining 9
progress 20 340 cost 276.821 remaining 9
progress 20 360 cost 276.821 remaining 9
progress 21 0 cost 869.306 remaining 27
progress 21 20 cost 663.211 remaining 23
progress 21 40 cost 571.801 remaining 19
progress 21 60 cost 494.859 remaining 16
progress 21 80 cost 458.117 remaining 14
progress 21 100 cost 413.981 remaining 13
progress 21 120 cost 396.379 remaining 13
progress 21 140 cost 374.332 remaining 12
progress 21 160 cost 345.465 remaining 11
progress 21 180 cost 291.705 remaining 7
progress 21 200 cost 258.993 remaining 6
progress 21 220 cost 201.27 remaining 3
progress 21 240 cost 160.787 remaining 2
progress 21 260 cost 125.55 remaining 1
progress 21 280 cost 98.0631 remaining 1
progress 21 300 cost 65.2042 remaining 0
progress 21 320 cost 40.7261 remaining 0
progress 21 340 cost 6.27063 remaining 0
progress 21 360 cost 0 remaining 0
progress 21 380 cost 0 remaining 0
progress 22 0 cost 592.259 remaining 27
progress 22 20 cost 456.196 remaining 23
progress 22 40 cost 393.754 remaining 19
progress 22 60 cost 337.231 remaining 16
progress 22 80 cost 292.686 remaining 15
progress 22 100 cost 263.319 remaining 12
progress 22 120 cost 244.553 remaining 11
progress 22 140 cost 212.497 remaining 10
progress 22 160 cost 193.464 remaining 9
progress 22 180 cost 180.928 remaining 9
progress 22 200 cost 162.406 remaining 8
progress 22 220 cost 141.233 remaining 7
progress 22 240 cost 99.2424 remaining 4
progress 22 260 cost 93.4353 remaining 4
progress 22 280 cost 68.4386 remaining 2
progress 22 300 cost 64.2482 remaining 2
progress 22 320 cost 61.9421 remaining 2
progress 22 340 cost 51.5778 remaining 2
progress 22 360 cost 32.509 remaining 2
progress 22 380 cost 29.9093 remaining 2
progress 22 400 cost 17.0235 remaining 1
progress 22 420 cost 17.0235 remaining 1
progress 22 440 cost 8.73487 remaining 1
progress 22 460 cost 1.85711 remaining 0
progress 23 0 cost 781.681 remaining 28
progress 23 20 cost 604.987 remaining 23
progress 23 40 cost 539.844 remaining 22
progress 23 60 cost 479.104 remaining 20
progress 23 80 cost 451.019 remaining 19
progress 23 100 cost 400.234 remaining 17
progress 23 120 cost 347.82 remaining 15
progress 23 140 cost 313.101 remaining 15
progress 23 160 cost 260.641 remaining 13
progress 23 180 cost 239.07 remaining 12
progress 23 200 cost 209.556 remaining 13
progress 23 220 cost 185.679 remaining 12
progress 23 240 cost 167.016 remaining 12
progress 23 260 cost 140.935 remaining 10
progress 23 280 cost 112.348 remaining 8
progress 23 300 cost 90.1523 remaining 7
progress 23 320 cost 64.7745 remaining 5
progress 23 340 cost 63.7963 remaining 5
progress 23 360 cost 26.7077 remaining 2
progress 23 380 cost 2.30801 remaining 0
progress 23 400 cost 2.30801 remaining 0
progress 24 0 cost 954.132 remaining 27
progress 24 20 cost 739.555 remaining 22
progress 24 40 cost 615.332 remaining 19
progress 24 60 cost 540.492 remaining 17
progress 24 80 cost 459.64 remaining 14
progress 24 100 cost 403.717 remaining 12
progress 24 120 cost 343.129 remaining 8
progress 24 140 cost 288.652 remaining 6
progress 24 160 cost 233.886 remaining 5
progress 24 180 cost 215.265 remaining 5
progress 24 200 cost 180.916 remaining 4
progress 24 220 cost 158.904 remaining 4
progress 24 240 cost 156.39 remaining 4
progress 25 0 cost 936.461 remaining 27
progress 25 20 cost 728.03 remaining 22
progress 25 40 cost 601.189 remaining 16
progress 25 60 cost 517.298 remaining 14
progress 25 80 cost 469.624 remaining 13
progress 25 100 cost 446.323 remaining 13
progress 25 120 cost 414.408 remaining 13
progress 25 140 cost 381.148 remaining 12
progress 25 160 cost 356.824 remaining 12
progress 25 180 cost 339.19 remaining 12
progress 25 200 cost 324.197 remaining 12
progress 25 220 cost 323.456 remaining 12
progress 26 0 cost 1167.4 remaining 27
progress 26 20 cost 878.794 remaining 19
progress 26 40 cost 639.488 remaining 12
progress 26 60 cost 536.104 remaining 11
progress 26 80 cost 455.174 remaining 9
progress 26 100 cost 405.986 remaining 8
progress 26 120 cost 274.62 remaining 3
progress 26 140 cost 235.627 remaining 3
progress 26 160 cost 165.731 remaining 1
progress 26 180 cost 113.039 remaining 0
progress 26 200 cost 90.0977 remaining 0
progress 26 220 cost 78.4256 remaining 0
progress 26 240 cost 63.2266 remaining 0
progress 26 260 cost 59.0558 remaining 0
progress 26 280 cost 51.4124 remaining 0
progress 26 300 cost 46.1068 remaining 0
progress 26 320 cost 43.9374 remaining 0
progress 26 340 cost 40.3033 remaining 0
progress 26 360 cost 39.8854 remaining 0
progress 26 380 cost 33.7597 remaining 0
progress 26 400 cost 32.7515 remaining 0
progress 26 420 cost 31.5978 remaining 0
progress 26 440 cost 32.5178 remaining 0
progress 26 460 cost 27.4576 remaining 0
progress 26 480 cost 28.7877 remaining 0
progress 27 0 cost 750.639 remaining 27
progress 27 20 cost 578.761 remaining 24
progress 27 40 cost 493.672 remaining 20
progress 27 60 cost 451.89 remaining 18
progress 27 80 cost 432.925 remaining 18
progress 27 100 cost 431.053 remaining 18
progress 27 120 cost 427.578 remaining 18
progress 27 140 cost 427.723 remaining 18
progress 28 0 cost 1151.93 remaining 27
progress 28 20 cost 865.363 remaining 19
progress 28 40 cost 628.185 remaining 12
progress 28 60 cost 487.129 remaining 8
progress 28 80 cost 389.385 remaining 6
progress 28 100 cost 273.973 remaining 3
progress 28 120 cost 237.055 remaining 3
progress 28 140 cost 226.869 remaining 3
progress 28 160 cost 222.931 remaining 3
progress 28 180 cost 194.228 remaining 2
progress 28 200 cost 122.725 remaining 0
progress 28 220 cost 104.839 remaining 0
progress 28 240 cost 103.426 remaining 0
progress 28 260 cost 102.951 remaining 0
progress 28 280 cost 102.951 remaining 0
progress 29 0 cost 563.311 remaining 28
progress 29 20 cost 433.059 remaining 24
progress 29 40 cost 371.783 remaining 21
progress 29 60 cost 319.662 remaining 17
progress 29 80 cost 281.186 remaining 15
progress 29 100 cost 263.316 remaining 15
progress 29 120 cost 239.11 remaining 13
progress 29 140 cost 202.672 remaining 11
progress 29 160 cost 166.185 remaining 7
progress 29 180 cost 130.693 remaining 6
progress 29 200 cost 99.9642 remaining 6
progress 29 220 cost 78.4103 remaining 4
progress 29 240 cost 62.8191 remaining 4
