progress 0 0 cost 436.313 remaining 23
progress 0 20 cost 322.234 remaining 15
progress 0 40 cost 253.046 remaining 12
progress 0 60 cost 223.594 remaining 9
progress 0 80 cost 210.493 remaining 8
progress 0 100 cost 192.102 remaining 7
progress 0 120 cost 181.061 remaining 7
progress 0 140 cost 177.841 remaining 6
progress 0 160 cost 177.841 remaining 6
progress 1 0 cost 985.057 remaining 23
progress 1 20 cost 653.98 remaining 12
progress 1 40 cost 446.082 remaining 7
progress 1 60 cost 282.315 remaining 2
progress 1 80 cost 216.717 remaining 2
progress 1 100 cost 130.781 remaining 0
progress 1 120 cost 93.9835 remaining 0
progress 1 140 cost 89.6039 remaining 0
progress 1 160 cost 89.6039 remaining 0
progress 2 0 cost 373.725 remaining 23
progress 2 20 cost 255.574 remaining 14
progress 2 40 cost 178.194 remaining 8
progress 2 60 cost 124.593 remaining 4
progress 2 80 cost 96.1696 remaining 2
progress 2 100 cost 93.0297 remaining 2
progress 2 120 cost 93.4942 remaining 2
progress 3 0 cost 795.142 remaining 23
progress 3 20 cost 554.148 remaining 12
progress 3 40 cost 440.331 remaining 10
progress 3 60 cost 373.006 remaining 8
progress 3 80 cost 302.355 remaining 5
progress 3 100 cost 225.55 remaining 3
progress 3 120 cost 175.118 remaining 2
progress 3 140 cost 161.505 remaining 2
progress 3 160 cost 161.446 remaining 2
progress 4 0 cost 582.842 remaining 23
progress 4 20 cost 398.25 remaining 13
progress 4 40 cost 288.049 remaining 8
progress 4 60 cost 210.915 remaining 4
progress 4 80 cost 154.633 remaining 2
progress 4 100 cost 145.6 remaining 2
progress 4 120 cost 145.6 remaining 2
progress 5 0 cost 452.59 remaining 23
progress 5 20 cost 315.636 remaining 14
progress 5 40 cost 248.006 remaining 9
progress 5 60 cost 201.64 remaining 7
progress 5 80 cost 160.765 remaining 3
progress 5 100 cost 154.36 remaining 3
progress 5 120 cost 145.143 remaining 3
progress 5 140 cost 144.302 remaining 3
progress 5 160 cost 137.375 remaining 3
progress 5 180 cost 137.375 remaining 3
progress 5 200 cost 137.375 remaining 3
progress 6 0 cost 697.145 remaining 23
progress 6 20 cost 464.519 remaining 12
progress 6 40 cost 320.922 remaining 6
progress 6 60 cost 223.676 remaining 2
progress 6 80 cost 146.256 remaining 0
progress 6 100 cost 112.931 remaining 0
progress 6 120 cost 87.5093 remaining 0
progress 6 140 cost 51.9842 remaining 0
progress 6 160 cost 27.7949 remaining 0
progress 6 180 cost 10.9532 remaining 0
FOUND branched_14 attempt 6 step 193 count 186 depth 84
FOUND branched_14 attempt 6 step 195 count 186 depth 83
progress 6 200 cost 0 remaining 0
progress 6 220 cost 0 remaining 0
progress 7 0 cost 531.546 remaining 23
progress 7 20 cost 376.958 remaining 13
progress 7 40 cost 295.484 remaining 11
progress 7 60 cost 255.664 remaining 9
progress 7 80 cost 211.22 remaining 6
progress 7 100 cost 177.796 remaining 6
progress 7 120 cost 176.421 remaining 6
progress 7 140 cost 175.617 remaining 6
progress 8 0 cost 679.858 remaining 23
progress 8 20 cost 447.525 remaining 13
progress 8 40 cost 311.134 remaining 8
progress 8 60 cost 191.444 remaining 2
progress 8 80 cost 152.453 remaining 2
progress 8 100 cost 127.327 remaining 2
progress 8 120 cost 121.257 remaining 2
progress 8 140 cost 107.623 remaining 2
progress 8 160 cost 72.1849 remaining 0
progress 8 180 cost 72.1849 remaining 0
progress 8 200 cost 65.0416 remaining 0
progress 8 220 cost 65.0416 remaining 0
progress 8 240 cost 52.8253 remaining 0
progress 8 260 cost 49.2017 remaining 0
progress 8 280 cost 39.4358 remaining 0
progress 8 300 cost 31.5678 remaining 0
progress 8 320 cost 30.1184 remaining 0
progress 8 340 cost 30.1184 remaining 0
progress 8 360 cost 29.5659 remaining 0
progress 8 380 cost 27.2195 remaining 0
progress 8 400 cost 25.77 remaining 0
progress 8 420 cost 25.77 remaining 0
progress 9 0 cost 480.869 remaining 23
progress 9 20 cost 330.715 remaining 13
progress 9 40 cost 265.456 remaining 10
progress 9 60 cost 224.532 remaining 8
progress 9 80 cost 206.953 remaining 7
progress 9 100 cost 205.605 remaining 7
progress 9 120 cost 204.447 remaining 7
progress 9 140 cost 202.701 remaining 7
progress 9 160 cost 202.235 remaining 7
progress 9 180 cost 180.266 remaining 6
progress 9 200 cost 172.887 remaining 6
progress 9 220 cost 172.887 remaining 6
progress 9 240 cost 171.979 remaining 6
progress 9 260 cost 171.979 remaining 6
progress 9 280 cost 171.979 remaining 6
progress 10 0 cost 436.099 remaining 23
progress 10 20 cost 281.689 remaining 12
progress 10 40 cost 189.909 remaining 6
progress 10 60 cost 130.389 remaining 3
progress 10 80 cost 102.001 remaining 2
progress 10 100 cost 102.001 remaining 2
progress 10 120 cost 102.001 remaining 2
progress 10 140 cost 102.001 remaining 2
progress 11 0 cost 856.444 remaining 23
progress 11 20 cost 583.694 remaining 14
progress 11 40 cost 407.23 remaining 7
progress 11 60 cost 306.924 remaining 5
progress 11 80 cost 218.822 remaining 2
progress 11 100 cost 161.082 remaining 0
progress 11 120 cost 161.082 remaining 0
progress 12 0 cost 1045.23 remaining 23
progress 12 20 cost 706.675 remaining 13
progress 12 40 cost 524.183 remaining 7
progress 12 60 cost 414.844 remaining 5
progress 12 80 cost 363.268 remaining 5
progress 12 100 cost 296.846 remaining 3
progress 12 120 cost 247.193 remaining 3
progress 12 140 cost 190.035 remaining 1
progress 12 160 cost 146.975 remaining 1
progress 12 180 cost 92.5146 remaining 0
progress 12 200 cost 42.6566 remaining 0
progress 12 220 cost 13.3797 remaining 0
progress 12 240 cost 0 remaining 0
progress 12 260 cost 0 remaining 0
progress 13 0 cost 826.109 remaining 23
progress 13 20 cost 507.153 remaining 12
progress 13 40 cost 308.676 remaining 6
progress 13 60 cost 204.172 remaining 2
progress 13 80 cost 159.877 remaining 2
progress 13 100 cost 104.861 remaining 0
progress 13 120 cost 83.734 remaining 0
progress 13 140 cost 83.2738 remaining 0
progress 14 0 cost 558.811 remaining 23
progress 14 20 cost 411.132 remaining 16
progress 14 40 cost 331.67 remaining 12
progress 14 60 cost 264.305 remaining 11
progress 14 80 cost 197.159 remaining 10
progress 14 100 cost 169.286 remaining 8
progress 14 120 cost 169.286 remaining 8
progress 15 0 cost 541.789 remaining 23
progress 15 20 cost 374.949 remaining 17
progress 15 40 cost 287.039 remaining 10
progress 15 60 cost 209.227 remaining 6
progress 15 80 cost 162.6 remaining 4
progress 15 100 cost 115.191 remaining 1
progress 15 120 cost 99.3394 remaining 1
progress 15 140 cost 98.133 remaining 1
progress 15 160 cost 98.133 remaining 1
progress 15 180 cost 95.8534 remaining 1
progress 15 200 cost 94.3897 remaining 1
progress 15 220 cost 87.7191 remaining 1
progress 15 240 cost 87.6507 remaining 1
progress 15 260 cost 81.1565 remaining 0
progress 15 280 cost 76.8543 remaining 0
progress 16 0 cost 353.076 remaining 23
progress 16 20 cost 256.604 remaining 18
progress 16 40 cost 208.804 remaining 14
progress 16 60 cost 179.485 remaining 11
progress 16 80 cost 167.214 remaining 11
progress 16 100 cost 161.43 remaining 10
progress 16 120 cost 160.062 remaining 10
progress 16 140 cost 160.062 remaining 10
progress 16 160 cost 160.062 remaining 10
progress 17 0 cost 724.344 remaining 23
progress 17 20 cost 505.907 remaining 13
progress 17 40 cost 407.96 remaining 11
progress 17 60 cost 344.458 remaining 8
progress 17 80 cost 292.198 remaining 5
progress 17 100 cost 234.314 remaining 3
progress 17 120 cost 211.7 remaining 2
progress 17 140 cost 211.466 remaining 2
progress 18 0 cost 528.85 remaining 23
progress 18 20 cost 381.906 remaining 19
progress 18 40 cost 300.757 remaining 15
progress 18 60 cost 253.61 remaining 10
progress 18 80 cost 206.736 remaining 6
progress 18 100 cost 165.846 remaining 1
progress 18 120 cost 119.547 remaining 0
progress 18 140 cost 95.7378 remaining 0
progress 18 160 cost 95.1782 remaining 0
progress 18 180 cost 95.1782 remaining 0
progress 19 0 cost 637.225 remaining 23
progress 19 20 cost 391.727 remaining 12
progress 19 40 cost 221.992 remaining 4
progress 19 60 cost 127.452 remaining 0
progress 19 80 cost 91.2843 remaining 0
progress 19 100 cost 84.4218 remaining 0
progress 19 120 cost 83.7129 remaining 0
progress 19 140 cost 83.5624 remaining 0
progress 20 0 cost 441.361 remaining 23
progress 20 20 cost 285.61 remaining 13
progress 20 40 cost 179.227 remaining 6
progress 20 60 cost 125.177 remaining 2
progress 20 80 cost 103.277 remaining 1
progress 20 100 cost 104.092 remaining 1
progress 21 0 cost 664.362 remaining 23
progress 21 20 cost 411.739 remaining 12
progress 21 40 cost 240.614 remaining 4
progress 21 60 cost 150.174 remaining 1
progress 21 80 cost 104.067 remaining 0
progress 21 100 cost 92.0373 remaining 0
progress 21 120 cost 90.1035 remaining 0
progress 21 140 cost 89.6782 remaining 0
progress 22 0 cost 605.027 remaining 23
progress 22 20 cost 428.296 remaining 17
progress 22 40 cost 321.373 remaining 10
progress 22 60 cost 250.721 remaining 10
progress 22 80 cost 197.535 remaining 8
progress 22 100 cost 143.389 remaining 4
progress 22 120 cost 125.675 remaining 4
progress 22 140 cost 118.689 remaining 3
progress 22 160 cost 114.375 remaining 3
progress 23 0 cost 681.217 remaining 23
progress 23 20 cost 471.563 remaining 18
progress 23 40 cost 360.721 remaining 10
progress 23 60 cost 292.65 remaining 7
progress 23 80 cost 243.248 remaining 5
progress 23 100 cost 190.12 remaining 5
progress 23 120 cost 172.366 remaining 5
progress 23 140 cost 171.236 remaining 5
progress 23 160 cost 171.236 remaining 5
progress 24 0 cost 381.225 remaining 23
progress 24 20 cost 265.606 remaining 13
progress 24 40 cost 197.144 remaining 8
progress 24 60 cost 140.345 remaining 4
progress 24 80 cost 102.378 remaining 2
progress 24 100 cost 101.439 remaining 2
progress 24 120 cost 101.574 remaining 2
progress 25 0 cost 682.899 remaining 23
progress 25 20 cost 480.073 remaining 13
progress 25 40 cost 381.481 remaining 10
progress 25 60 cost 320.556 remaining 8
progress 25 80 cost 289.238 remaining 8
progress 25 100 cost 245.522 remaining 5
progress 25 120 cost 223.305 remaining 4
progress 25 140 cost 223.305 remaining 4
progress 25 160 cost 212.266 remaining 3
progress 25 180 cost 211.251 remaining 3
progress 25 200 cost 211.251 remaining 3
progress 26 0 cost 504.195 remaining 23
progress 26 20 cost 353.991 remaining 13
progress 26 40 cost 282.614 remaining 10
progress 26 60 cost 252.458 remaining 9
progress 26 80 cost 232.196 remaining 9
progress 26 100 cost 232.196 remaining 9
progress 27 0 cost 400.597 remaining 23
progress 27 20 cost 291.636 remaining 19
progress 27 40 cost 227.766 remaining 15
progress 27 60 cost 196.014 remaining 11
progress 27 80 cost 169.732 remaining 9
progress 27 100 cost 141.65 remaining 4
progress 27 120 cost 114.251 remaining 2
progress 27 140 cost 110.638 remaining 2
progress 27 160 cost 91.2597 remaining 2
progress 27 180 cost 70.6311 remaining 2
progress 27 200 cost 63.9344 remaining 1
progress 27 220 cost 63.9344 remaining 1
progress 28 0 cost 1151.84 remaining 23
progress 28 20 cost 785.512 remaining 12
progress 28 40 cost 546.705 remaining 8
progress 28 60 cost 417.597 remaining 5
progress 28 80 cost 300.031 remaining 2
progress 28 100 cost 222.283 remaining 2
progress 28 120 cost 124.411 remaining 0
progress 28 140 cost 89.4928 remaining 0
progress 28 160 cost 61.1946 remaining 0
progress 28 180 cost 17.4072 remaining 0
progress 28 200 cost 0 remaining 0
progress 28 220 cost 0 remaining 0
progress 29 0 cost 466.608 remaining 23
progress 29 20 cost 308.363 remaining 14
progress 29 40 cost 195.618 remaining 6
progress 29 60 cost 141.538 remaining 3
progress 29 80 cost 115.577 remaining 2
progress 29 100 cost 80.0832 remaining 1
progress 29 120 cost 42.1761 remaining 0
progress 29 140 cost 19.4169 remaining 0
progress 29 160 cost 19.0293 remaining 0
progress 29 180 cost 18.0126 remaining 0
progress 29 200 cost 14.9622 remaining 0
progress 29 220 cost 7.89261 remaining 0
progress 29 240 cost 7.26341 remaining 0
progress 29 260 cost 4.45469 remaining 0
progress 29 280 cost 4.45469 remaining 0
progress 30 0 cost 436.924 remaining 23
progress 30 20 cost 312.961 remaining 14
progress 30 40 cost 245.65 remaining 12
progress 30 60 cost 207.814 remaining 10
progress 30 80 cost 181.75 remaining 10
progress 30 100 cost 179.588 remaining 9
progress 30 120 cost 173.181 remaining 9
progress 30 140 cost 173.181 remaining 9
progress 30 160 cost 169.574 remaining 8
progress 30 180 cost 168.544 remaining 8
progress 30 200 cost 169.574 remaining 8
progress 31 0 cost 868.163 remaining 23
progress 31 20 cost 537.031 remaining 12
progress 31 40 cost 328.028 remaining 6
progress 31 60 cost 178.706 remaining 1
progress 31 80 cost 120.826 remaining 0
progress 31 100 cost 89.6093 remaining 0
progress 31 120 cost 87.3602 remaining 0
progress 31 140 cost 87.3602 remaining 0
progress 31 160 cost 77.1585 remaining 0
progress 31 180 cost 67.7781 remaining 0
progress 31 200 cost 59.6965 remaining 0
progress 31 220 cost 58.1799 remaining 0
progress 31 240 cost 47.8372 remaining 0
progress 31 260 cost 23.8617 remaining 0
progress 31 280 cost 17.2796 remaining 0
progress 32 0 cost 786.089 remaining 23
progress 32 20 cost 551.2 remaining 13
progress 32 40 cost 435.844 remaining 10
progress 32 60 cost 358.597 remaining 6
progress 32 80 cost 268.292 remaining 3
progress 32 100 cost 219.85 remaining 2
progress 32 120 cost 171.386 remaining 2
progress 32 140 cost 138.989 remaining 2
progress 32 160 cost 138.989 remaining 2
progress 33 0 cost 980.27 remaining 23
progress 33 20 cost 594.483 remaining 12
progress 33 40 cost 345.412 remaining 5
progress 33 60 cost 195.684 remaining 1
progress 33 80 cost 127.812 remaining 0
progress 33 100 cost 107.21 remaining 0
progress 33 120 cost 87.6318 remaining 0
progress 33 140 cost 87.6318 remaining 0
progress 34 0 cost 440.029 remaining 23
progress 34 20 cost 308.497 remaining 14
progress 34 40 cost 248.06 remaining 10
progress 34 60 cost 207.348 remaining 8
progress 34 80 cost 186.925 remaining 7
progress 34 100 cost 152.297 remaining 5
progress 34 120 cost 117.123 remaining 4
progress 34 140 cost 105.552 remaining 3
progress 34 160 cost 101.561 remaining 3
progress 34 180 cost 74.448 remaining 1
progress 34 200 cost 74.448 remaining 1
progress 34 220 cost 74.4528 remaining 1
progress 34 240 cost 71.4909 remaining 1
progress 34 260 cost 71.4909 remaining 1
progress 35 0 cost 356.491 remaining 23
progress 35 20 cost 253.017 remaining 14
progress 35 40 cost 197.793 remaining 11
progress 35 60 cost 167.081 remaining 8
progress 35 80 cost 135.915 remaining 7
progress 35 100 cost 122.388 remaining 5
progress 35 120 cost 107.308 remaining 5
progress 35 140 cost 107.308 remaining 5
progress 36 0 cost 539.851 remaining 23
progress 36 20 cost 364.585 remaining 13
progress 36 40 cost 270.672 remaining 7
progress 36 60 cost 212.562 remaining 5
progress 36 80 cost 201.49 remaining 5
progress 36 100 cost 201.49 remaining 5
progress 37 0 cost 731.486 remaining 23
progress 37 20 cost 516.138 remaining 18
progress 37 40 cost 392.265 remaining 14
progress 37 60 cost 299.774 remaining 11
progress 37 80 cost 217.936 remaining 8
progress 37 100 cost 184.593 remaining 6
progress 37 120 cost 123.043 remaining 5
progress 37 140 cost 86.323 remaining 4
progress 37 160 cost 59.8164 remaining 3
progress 37 180 cost 45.4023 remaining 2
progress 37 200 cost 30.2761 remaining 2
progress 37 220 cost 13.5984 remaining 1
progress 37 240 cost 0 remaining 0
progress 37 260 cost 0 remaining 0
progress 38 0 cost 744.121 remaining 23
progress 38 20 cost 500.041 remaining 13
progress 38 40 cost 331.801 remaining 5
progress 38 60 cost 248.798 remaining 3
progress 38 80 cost 213.6 remaining 3
progress 38 100 cost 207.213 remaining 3
progress 38 120 cost 181.761 remaining 3
progress 38 140 cost 181.761 remaining 3
progress 39 0 cost 327.144 remaining 23
progress 39 20 cost 237.796 remaining 19
progress 39 40 cost 187.034 remaining 15
progress 39 60 cost 162.03 remaining 10
progress 39 80 cost 145.485 remaining 8
progress 39 100 cost 129.247 remaining 7
progress 39 120 cost 126.455 remaining 6
progress 39 140 cost 122.96 remaining 6
progress 39 160 cost 119.971 remaining 6
progress 39 180 cost 115.415 remaining 4
progress 39 200 cost 113.826 remaining 4
progress 39 220 cost 113.274 remaining 4
progress 39 240 cost 113.274 remaining 4
progress 40 0 cost 406.526 remaining 23
progress 40 20 cost 285.274 remaining 13
progress 40 40 cost 229.544 remaining 12
progress 40 60 cost 204.172 remaining 10
progress 40 80 cost 158.058 remaining 5
progress 40 100 cost 158.458 remaining 5
progress 40 120 cost 156.934 remaining 5
progress 41 0 cost 735.786 remaining 23
progress 41 20 cost 532.846 remaining 19
progress 41 40 cost 418.221 remaining 16
progress 41 60 cost 366.26 remaining 11
progress 41 80 cost 327.4 remaining 9
progress 41 100 cost 281.571 remaining 6
progress 41 120 cost 230.6 remaining 5
progress 41 140 cost 227.228 remaining 4
progress 41 160 cost 203.87 remaining 4
progress 41 180 cost 126.785 remaining 2
progress 41 200 cost 69.6721 remaining 0
progress 41 220 cost 66.7137 remaining 0
progress 41 240 cost 59.3179 remaining 0
progress 42 0 cost 637.152 remaining 23
progress 42 20 cost 462.404 remaining 19
progress 42 40 cost 372.09 remaining 14
progress 42 60 cost 292.262 remaining 14
progress 42 80 cost 256.046 remaining 10
progress 42 100 cost 247.148 remaining 10
progress 42 120 cost 196.239 remaining 10
progress 42 140 cost 153.515 remaining 8
progress 42 160 cost 104.104 remaining 8
progress 42 180 cost 75.8373 remaining 6
progress 42 200 cost 50.8263 remaining 4
progress 42 220 cost 31.416 remaining 3
progress 42 240 cost 10.9916 remaining 2
progress 42 260 cost 0 remaining 0
progress 42 280 cost 0 remaining 0
progress 43 0 cost 575.302 remaining 23
progress 43 20 cost 405.216 remaining 14
progress 43 40 cost 325.108 remaining 11
progress 43 60 cost 275.416 remaining 10
progress 43 80 cost 257.205 remaining 9
progress 43 100 cost 257.205 remaining 9
progress 43 120 cost 256.246 remaining 9
progress 43 140 cost 247.624 remaining 9
progress 43 160 cost 247.624 remaining 9
progress 44 0 cost 827.753 remaining 23
progress 44 20 cost 587.129 remaining 15
progress 44 40 cost 474.23 remaining 11
progress 44 60 cost 393.899 remaining 8
progress 44 80 cost 344.11 remaining 6
progress 44 100 cost 271.67 remaining 5
progress 44 120 cost 245.002 remaining 3
progress 44 140 cost 245.002 remaining 3
progress 45 0 cost 687.524 remaining 23
progress 45 20 cost 490.112 remaining 14
progress 45 40 cost 375.814 remaining 10
progress 45 60 cost 297.793 remaining 7
progress 45 80 cost 263.527 remaining 6
progress 45 100 cost 213.813 remaining 3
progress 45 120 cost 174.964 remaining 3
progress 45 140 cost 174.964 remaining 3
progress 45 160 cost 174.215 remaining 3
progress 45 180 cost 174.964 remaining 3
progress 46 0 cost 310.272 remaining 23
progress 46 20 cost 223.205 remaining 19
progress 46 40 cost 176.438 remaining 15
progress 46 60 cost 132.213 remaining 13
progress 46 80 cost 121.382 remaining 9
progress 46 100 cost 120.678 remaining 9
progress 46 120 cost 119.446 remaining 9
progress 46 140 cost 120.295 remaining 9
progress 47 0 cost 665.809 remaining 23
progress 47 20 cost 426.384 remaining 12
progress 47 40 cost 280.74 remaining 6
progress 47 60 cost 203.512 remaining 4
progress 47 80 cost 122.215 remaining 0
progress 47 100 cost 98.5666 remaining 0
progress 47 120 cost 91.4666 remaining 0
progress 47 140 cost 87.0107 remaining 0
progress 47 160 cost 84.4187 remaining 0
progress 48 0 cost 819.778 remaining 23
progress 48 20 cost 544.368 remaining 12
progress 48 40 cost 353.042 remaining 5
progress 48 60 cost 234.552 remaining 2
progress 48 80 cost 154.905 remaining 0
progress 48 100 cost 119.561 remaining 0
progress 48 120 cost 84.4199 remaining 0
progress 48 140 cost 54.3626 remaining 0
progress 48 160 cost 29.9407 remaining 0
progress 48 180 cost 9.27572 remaining 0
FOUND branched_14 attempt 48 step 189 count 178 depth 83
FOUND branched_14 attempt 48 step 190 count 181 depth 81
FOUND branched_14 attempt 48 step 191 count 182 depth 80
FOUND branched_14 attempt 48 step 192 count 181 depth 80
FOUND branched_14 attempt 48 step 196 count 181 depth 79
progress 48 200 cost 0 remaining 0
progress 48 220 cost 0 remaining 0
progress 49 0 cost 588.473 remaining 24
progress 49 20 cost 401.102 remaining 13
progress 49 40 cost 284.757 remaining 7
progress 49 60 cost 207.431 remaining 3
progress 49 80 cost 161.83 remaining 2
progress 49 100 cost 146.757 remaining 2
progress 49 120 cost 145.623 remaining 2
progress 49 140 cost 145.623 remaining 2
progress 50 0 cost 849.473 remaining 23
progress 50 20 cost 495.078 remaining 12
progress 50 40 cost 274.845 remaining 6
progress 50 60 cost 159.159 remaining 2
progress 50 80 cost 91.4651 remaining 0
progress 50 100 cost 86.9355 remaining 0
progress 50 120 cost 86.5269 remaining 0
progress 50 140 cost 84.9131 remaining 0
progress 50 160 cost 71.1219 remaining 0
progress 50 180 cost 71.071 remaining 0
progress 51 0 cost 848.198 remaining 23
progress 51 20 cost 523.695 remaining 12
progress 51 40 cost 308.196 remaining 5
progress 51 60 cost 177.256 remaining 1
progress 51 80 cost 115.272 remaining 0
progress 51 100 cost 99.6935 remaining 0
progress 51 120 cost 76.7158 remaining 0
progress 51 140 cost 56.2664 remaining 0
progress 51 160 cost 50.2385 remaining 0
progress 51 180 cost 50.2385 remaining 0
progress 52 0 cost 525.978 remaining 23
progress 52 20 cost 336.734 remaining 13
progress 52 40 cost 209.652 remaining 5
progress 52 60 cost 139.004 remaining 1
progress 52 80 cost 96.9903 remaining 0
progress 52 100 cost 84.6059 remaining 0
progress 52 120 cost 78.1617 remaining 0
progress 52 140 cost 74.1057 remaining 0
progress 52 160 cost 70.008 remaining 0
progress 52 180 cost 62.4002 remaining 0
progress 52 200 cost 62.4002 remaining 0
progress 52 220 cost 55.2769 remaining 0
progress 52 240 cost 54.8899 remaining 0
progress 52 260 cost 53.3553 remaining 0
progress 52 280 cost 50.6452 remaining 0
progress 52 300 cost 50.6452 remaining 0
progress 53 0 cost 943.64 remaining 23
progress 53 20 cost 604.321 remaining 12
progress 53 40 cost 387.38 remaining 5
progress 53 60 cost 238.44 remaining 1
progress 53 80 cost 160.756 remaining 0
progress 53 100 cost 128.936 remaining 0
progress 53 120 cost 128.936 remaining 0
progress 53 140 cost 128.486 remaining 0
progress 53 160 cost 128.486 remaining 0
progress 54 0 cost 592.394 remaining 23
progress 54 20 cost 372.452 remaining 14
progress 54 40 cost 230.207 remaining 7
progress 54 60 cost 130.419 remaining 0
progress 54 80 cost 102.627 remaining 0
progress 54 100 cost 74.8452 remaining 0
progress 54 120 cost 70.5558 remaining 0
progress 54 140 cost 70.5558 remaining 0
progress 54 160 cost 68.5005 remaining 0
progress 54 180 cost 67.4715 remaining 0
progress 55 0 cost 433.256 remaining 24
progress 55 20 cost 312.463 remaining 15
progress 55 40 cost 247.033 remaining 13
progress 55 60 cost 222.357 remaining 11
progress 55 80 cost 222.357 remaining 11
progress 55 100 cost 219.736 remaining 11
progress 55 120 cost 181.159 remaining 9
progress 55 140 cost 135.292 remaining 6
progress 55 160 cost 123.927 remaining 4
progress 55 180 cost 123.927 remaining 4
progress 55 200 cost 123.927 remaining 4
progress 55 220 cost 123.927 remaining 4
progress 56 0 cost 845.412 remaining 23
progress 56 20 cost 584.611 remaining 16
progress 56 40 cost 441.207 remaining 11
progress 56 60 cost 330.254 remaining 8
progress 56 80 cost 220.384 remaining 5
progress 56 100 cost 135.503 remaining 3
progress 56 120 cost 76.9967 remaining 2
progress 56 140 cost 40.4973 remaining 1
progress 56 160 cost 8.54523 remaining 0
FOUND branched_14 attempt 56 step 164 count 163 depth 78
FOUND branched_14 attempt 56 step 165 count 164 depth 77
FOUND branched_14 attempt 56 step 166 count 165 depth 75
progress 56 180 cost 0 remaining 0
progress 56 200 cost 0 remaining 0
progress 57 0 cost 439.492 remaining 23
progress 57 20 cost 317.771 remaining 18
progress 57 40 cost 257.182 remaining 15
progress 57 60 cost 218.522 remaining 14
progress 57 80 cost 202.533 remaining 8
progress 57 100 cost 177.951 remaining 9
progress 57 120 cost 144.653 remaining 7
progress 57 140 cost 99.7215 remaining 7
progress 57 160 cost 61.7263 remaining 6
progress 57 180 cost 36.5062 remaining 4
progress 57 200 cost 21.1121 remaining 2
progress 57 220 cost 5.40297 remaining 1
progress 57 240 cost 4.27274 remaining 1
progress 57 260 cost 3.70762 remaining 1
progress 57 280 cost 0 remaining 0
progress 57 300 cost 0 remaining 0
progress 58 0 cost 492.132 remaining 23
progress 58 20 cost 346.869 remaining 14
progress 58 40 cost 273.707 remaining 11
progress 58 60 cost 238.411 remaining 9
progress 58 80 cost 202.724 remaining 6
progress 58 100 cost 191.055 remaining 5
progress 58 120 cost 190.797 remaining 5
progress 58 140 cost 188.657 remaining 5
progress 58 160 cost 186.043 remaining 5
progress 58 180 cost 186.043 remaining 5
progress 59 0 cost 778.691 remaining 23
progress 59 20 cost 507.305 remaining 12
progress 59 40 cost 351.771 remaining 7
progress 59 60 cost 242.389 remaining 4
progress 59 80 cost 182.047 remaining 2
progress 59 100 cost 154.011 remaining 2
progress 59 120 cost 149.131 remaining 2
progress 60 0 cost 484.511 remaining 23
progress 60 20 cost 334.108 remaining 12
progress 60 40 cost 237.65 remaining 8
progress 60 60 cost 165.499 remaining 3
progress 60 80 cost 151.955 remaining 3
progress 60 100 cost 144.581 remaining 3
progress 60 120 cost 143.737 remaining 3
progress 61 0 cost 306.188 remaining 24
progress 61 20 cost 219.906 remaining 14
progress 61 40 cost 171.869 remaining 12
progress 61 60 cost 147.452 remaining 8
progress 61 80 cost 127.76 remaining 6
progress 61 100 cost 124.502 remaining 6
progress 61 120 cost 118.055 remaining 6
progress 61 140 cost 113.925 remaining 5
progress 61 160 cost 114.153 remaining 5
progress 61 180 cost 111.192 remaining 5
progress 61 200 cost 111.192 remaining 5
progress 62 0 cost 625.429 remaining 23
progress 62 20 cost 435.131 remaining 13
progress 62 40 cost 325.4 remaining 10
progress 62 60 cost 248.047 remaining 8
progress 62 80 cost 174.849 remaining 5
progress 62 100 cost 120.433 remaining 3
progress 62 120 cost 90.0897 remaining 3
progress 62 140 cost 72.1703 remaining 2
progress 62 160 cost 29.6798 remaining 1
progress 62 180 cost 5.5842 remaining 0
FOUND branched_14 attempt 62 step 183 count 180 depth 71
FOUND branched_14 attempt 62 step 184 count 179 depth 71
FOUND branched_14 attempt 62 step 189 count 180 depth 70
progress 62 200 cost 1.8614 remaining 0
progress 63 0 cost 787.929 remaining 23
progress 63 20 cost 530.05 remaining 12
progress 63 40 cost 370.21 remaining 6
progress 63 60 cost 252.318 remaining 3
progress 63 80 cost 197.088 remaining 2
progress 63 100 cost 158.426 remaining 1
progress 63 120 cost 158.426 remaining 1
progress 63 140 cost 157.632 remaining 1
progress 63 160 cost 158.426 remaining 1
progress 64 0 cost 622.248 remaining 23
progress 64 20 cost 452.453 remaining 14
progress 64 40 cost 356.324 remaining 12
progress 64 60 cost 279.578 remaining 9
progress 64 80 cost 271.872 remaining 8
progress 64 100 cost 270.077 remaining 8
progress 64 120 cost 268.945 remaining 8
progress 64 140 cost 269.318 remaining 8
progress 65 0 cost 753.032 remaining 23
progress 65 20 cost 469.007 remaining 12
progress 65 40 cost 290.273 remaining 6
progress 65 60 cost 163.316 remaining 1
progress 65 80 cost 113.363 remaining 0
progress 65 100 cost 101.466 remaining 0
progress 65 120 cost 101.466 remaining 0
progress 66 0 cost 663.928 remaining 23
progress 66 20 cost 464.196 remaining 14
progress 66 40 cost 346.368 remaining 8
progress 66 60 cost 256.07 remaining 6
progress 66 80 cost 185.023 remaining 3
progress 66 100 cost 153.684 remaining 3
progress 66 120 cost 153.684 remaining 3
progress 66 140 cost 153.684 remaining 3
progress 67 0 cost 713.286 remaining 23
progress 67 20 cost 432.777 remaining 12
progress 67 40 cost 235.718 remaining 4
progress 67 60 cost 121.167 remaining 0
progress 67 80 cost 100.769 remaining 0
progress 67 100 cost 100.769 remaining 0
progress 67 120 cost 99.9738 remaining 0
progress 67 140 cost 99.222 remaining 0
progress 67 160 cost 92.105 remaining 0
progress 67 180 cost 92.105 remaining 0
progress 68 0 cost 603.859 remaining 24
progress 68 20 cost 413.546 remaining 14
progress 68 40 cost 280.986 remaining 7
progress 68 60 cost 211.905 remaining 3
progress 68 80 cost 152.422 remaining 1
progress 68 100 cost 128.419 remaining 0
progress 68 120 cost 128.419 remaining 0
progress 69 0 cost 463.905 remaining 23
progress 69 20 cost 314.377 remaining 12
progress 69 40 cost 219.279 remaining 7
progress 69 60 cost 155.4 remaining 2
progress 69 80 cost 123.29 remaining 2
progress 69 100 cost 104.804 remaining 2
progress 69 120 cost 104.507 remaining 2
progress 70 0 cost 424.029 remaining 23
progress 70 20 cost 299.642 remaining 13
progress 70 40 cost 230.93 remaining 10
progress 70 60 cost 195.15 remaining 8
progress 70 80 cost 160.329 remaining 5
progress 70 100 cost 157.251 remaining 5
progress 70 120 cost 154.788 remaining 5
progress 71 0 cost 662.629 remaining 23
progress 71 20 cost 486.465 remaining 19
progress 71 40 cost 391.315 remaining 14
progress 71 60 cost 321.115 remaining 9
progress 71 80 cost 264.014 remaining 7
progress 71 100 cost 215.56 remaining 6
progress 71 120 cost 195.378 remaining 5
progress 71 140 cost 171.111 remaining 5
progress 71 160 cost 110.583 remaining 3
progress 71 180 cost 82.5075 remaining 3
progress 71 200 cost 60.3329 remaining 2
progress 71 220 cost 44.4765 remaining 1
progress 71 240 cost 33.9289 remaining 0
progress 71 260 cost 33.9289 remaining 0
progress 72 0 cost 833.533 remaining 23
progress 72 20 cost 555.67 remaining 13
progress 72 40 cost 376.526 remaining 7
progress 72 60 cost 274.757 remaining 3
progress 72 80 cost 189.134 remaining 0
progress 72 100 cost 161.627 remaining 0
progress 72 120 cost 164.975 remaining 0
progress 73 0 cost 543.885 remaining 23
progress 73 20 cost 382.756 remaining 15
progress 73 40 cost 302.492 remaining 12
progress 73 60 cost 233.724 remaining 10
progress 73 80 cost 188.225 remaining 7
progress 73 100 cost 184.335 remaining 7
progress 73 120 cost 182.694 remaining 7
progress 73 140 cost 165.5 remaining 5
progress 73 160 cost 165.5 remaining 5
progress 74 0 cost 574.116 remaining 23
progress 74 20 cost 416.484 remaining 19
progress 74 40 cost 324.46 remaining 15
progress 74 60 cost 260.984 remaining 10
progress 74 80 cost 230.844 remaining 6
progress 74 100 cost 183.497 remaining 6
progress 74 120 cost 161.551 remaining 4
progress 74 140 cost 154.355 remaining 4
progress 74 160 cost 154.355 remaining 4
progress 74 180 cost 147.499 remaining 4
progress 74 200 cost 147.499 remaining 4
progress 75 0 cost 797.7 remaining 23
progress 75 20 cost 496.352 remaining 12
progress 75 40 cost 294.868 remaining 5
progress 75 60 cost 181.495 remaining 1
progress 75 80 cost 130.812 remaining 0
progress 75 100 cost 104.056 remaining 0
progress 75 120 cost 72.8295 remaining 0
progress 75 140 cost 71.4073 remaining 0
progress 75 160 cost 70.8086 remaining 0
progress 76 0 cost 960.045 remaining 23
progress 76 20 cost 677.704 remaining 14
progress 76 40 cost 539.852 remaining 11
progress 76 60 cost 399.991 remaining 6
progress 76 80 cost 321.657 remaining 4
progress 76 100 cost 315.731 remaining 4
progress 76 120 cost 315.731 remaining 4
progress 77 0 cost 549.372 remaining 23
progress 77 20 cost 365.639 remaining 12
progress 77 40 cost 257.383 remaining 8
progress 77 60 cost 175.675 remaining 3
progress 77 80 cost 170.504 remaining 3
progress 77 100 cost 132.64 remaining 2
progress 77 120 cost 114.185 remaining 1
progress 77 140 cost 107.644 remaining 1
progress 77 160 cost 107.259 remaining 1
progress 78 0 cost 623.012 remaining 23
progress 78 20 cost 432.568 remaining 13
progress 78 40 cost 333.992 remaining 9
progress 78 60 cost 252.674 remaining 6
progress 78 80 cost 175.173 remaining 3
progress 78 100 cost 149.236 remaining 2
progress 78 120 cost 114.995 remaining 1
progress 78 140 cost 111.435 remaining 1
progress 78 160 cost 109.767 remaining 1
progress 78 180 cost 109.767 remaining 1
progress 78 200 cost 89.3645 remaining 1
progress 78 220 cost 60.9889 remaining 0
progress 78 240 cost 36.1899 remaining 0
progress 78 260 cost 20.4271 remaining 0
progress 78 280 cost 15.7131 remaining 0
progress 78 300 cost 12.5705 remaining 0
progress 78 320 cost 12.5705 remaining 0
progress 79 0 cost 444.985 remaining 23
progress 79 20 cost 287.637 remaining 14
progress 79 40 cost 175.699 remaining 6
progress 79 60 cost 117.083 remaining 2
progress 79 80 cost 83.882 remaining 0
progress 79 100 cost 80.3122 remaining 0
progress 79 120 cost 79.56 remaining 0
progress 79 140 cost 77.9729 remaining 0
progress 79 160 cost 76.2045 remaining 0
progress 79 180 cost 75.8349 remaining 0
progress 79 200 cost 73.7723 remaining 0
progress 79 220 cost 73.7723 remaining 0
progress 79 240 cost 73.5084 remaining 0
progress 80 0 cost 1138.76 remaining 23
progress 80 20 cost 748.334 remaining 12
progress 80 40 cost 496.152 remaining 7
progress 80 60 cost 332.497 remaining 2
progress 80 80 cost 249.58 remaining 2
progress 80 100 cost 159.57 remaining 0
progress 80 120 cost 153.96 remaining 0
progress 80 140 cost 153.96 remaining 0
progress 81 0 cost 907.088 remaining 23
progress 81 20 cost 628.266 remaining 14
progress 81 40 cost 447.235 remaining 7
progress 81 60 cost 307.478 remaining 4
progress 81 80 cost 258.201 remaining 3
progress 81 100 cost 258.18 remaining 3
progress 82 0 cost 825.657 remaining 23
progress 82 20 cost 542.686 remaining 12
progress 82 40 cost 369.69 remaining 6
progress 82 60 cost 254.783 remaining 2
progress 82 80 cost 207.471 remaining 2
progress 82 100 cost 171.581 remaining 2
progress 82 120 cost 171.581 remaining 2
progress 83 0 cost 452.653 remaining 23
progress 83 20 cost 310.043 remaining 13
progress 83 40 cost 238.348 remaining 8
progress 83 60 cost 167.94 remaining 3
progress 83 80 cost 131.012 remaining 2
progress 83 100 cost 99.2385 remaining 1
progress 83 120 cost 82.3348 remaining 1
progress 83 140 cost 82.3348 remaining 1
progress 84 0 cost 608.592 remaining 23
progress 84 20 cost 461.949 remaining 16
progress 84 40 cost 365.376 remaining 12
progress 84 60 cost 310.54 remaining 9
progress 84 80 cost 246.708 remaining 9
progress 84 100 cost 244.418 remaining 9
progress 84 120 cost 241.72 remaining 9
progress 84 140 cost 233.924 remaining 9
progress 84 160 cost 233.924 remaining 9
progress 84 180 cost 230.08 remaining 8
progress 84 200 cost 230.08 remaining 8
progress 85 0 cost 595.59 remaining 23
progress 85 20 cost 389.308 remaining 13
progress 85 40 cost 260.314 remaining 7
progress 85 60 cost 164.922 remaining 2
progress 85 80 cost 115.616 remaining 0
progress 85 100 cost 88.3442 remaining 0
progress 85 120 cost 86.4561 remaining 0
progress 85 140 cost 81.6721 remaining 0
progress 85 160 cost 81.6721 remaining 0
progress 86 0 cost 599.072 remaining 23
progress 86 20 cost 386.589 remaining 13
progress 86 40 cost 243.205 remaining 5
progress 86 60 cost 155.084 remaining 0
progress 86 80 cost 109.002 remaining 0
progress 86 100 cost 78.4376 remaining 0
progress 86 120 cost 73.5613 remaining 0
progress 86 140 cost 74.5496 remaining 0
progress 87 0 cost 832.359 remaining 23
progress 87 20 cost 532.044 remaining 12
progress 87 40 cost 363.067 remaining 7
progress 87 60 cost 220.638 remaining 2
progress 87 80 cost 140.237 remaining 0
progress 87 100 cost 97.4946 remaining 0
progress 87 120 cost 71.1352 remaining 0
progress 87 140 cost 71.1352 remaining 0
progress 88 0 cost 844.525 remaining 23
progress 88 20 cost 590.438 remaining 14
progress 88 40 cost 468.653 remaining 11
progress 88 60 cost 405.005 remaining 9
progress 88 80 cost 328.379 remaining 6
progress 88 100 cost 228.485 remaining 2
progress 88 120 cost 204.423 remaining 2
progress 88 140 cost 202.1 remaining 2
progress 88 160 cost 194.622 remaining 2
progress 88 180 cost 194.622 remaining 2
progress 89 0 cost 595.629 remaining 23
progress 89 20 cost 420.539 remaining 15
progress 89 40 cost 334.294 remaining 12
progress 89 60 cost 269.484 remaining 9
progress 89 80 cost 192.329 remaining 7
progress 89 100 cost 147.244 remaining 4
progress 89 120 cost 117.099 remaining 4
progress 89 140 cost 89.3475 remaining 4
progress 89 160 cost 59.1119 remaining 4
progress 89 180 cost 40.5339 remaining 2
progress 89 200 cost 21.7528 remaining 2
progress 89 220 cost 10.8764 remaining 1
progress 89 240 cost 0 remaining 0
progress 89 260 cost 0 remaining 0
progress 90 0 cost 543.605 remaining 23
progress 90 20 cost 382.138 remaining 13
progress 90 40 cost 315.038 remaining 10
progress 90 60 cost 262.634 remaining 8
progress 90 80 cost 222.113 remaining 7
progress 90 100 cost 213.209 remaining 6
progress 90 120 cost 193.133 remaining 6
progress 90 140 cost 189.413 remaining 6
progress 90 160 cost 189.253 remaining 6
progress 91 0 cost 508.25 remaining 23
progress 91 20 cost 302.063 remaining 12
progress 91 40 cost 166.347 remaining 5
progress 91 60 cost 88.5733 remaining 1
progress 91 80 cost 63.611 remaining 0
progress 91 100 cost 59.1485 remaining 0
progress 91 120 cost 59.8082 remaining 0
progress 91 140 cost 58.2842 remaining 0
progress 91 160 cost 56.9648 remaining 0
progress 91 180 cost 52.87 remaining 0
progress 91 200 cost 52.2665 remaining 0
progress 91 220 cost 51.5118 remaining 0
progress 91 240 cost 51.5118 remaining 0
progress 92 0 cost 438.046 remaining 23
progress 92 20 cost 295.258 remaining 12
progress 92 40 cost 207.793 remaining 6
progress 92 60 cost 147.719 remaining 3
progress 92 80 cost 112.608 remaining 2
progress 92 100 cost 108.977 remaining 2
progress 92 120 cost 108.977 remaining 2
progress 93 0 cost 847.951 remaining 23
progress 93 20 cost 594.293 remaining 13
progress 93 40 cost 470.815 remaining 10
progress 93 60 cost 401.74 remaining 8
progress 93 80 cost 345.906 remaining 7
progress 93 100 cost 323.439 remaining 6
progress 93 120 cost 319.639 remaining 6
progress 93 140 cost 317.533 remaining 6
progress 93 160 cost 314.945 remaining 6
progress 93 180 cost 306.293 remaining 6
progress 93 200 cost 291.184 remaining 5
progress 93 220 cost 217.159 remaining 3
progress 93 240 cost 193.262 remaining 2
progress 93 260 cost 192.729 remaining 2
progress 93 280 cost 185.045 remaining 2
progress 93 300 cost 167.888 remaining 2
progress 93 320 cost 167.888 remaining 2
progress 94 0 cost 695.594 remaining 23
progress 94 20 cost 411.648 remaining 12
progress 94 40 cost 211.527 remaining 4
progress 94 60 cost 97.2618 remaining 0
progress 94 80 cost 73.3433 remaining 0
progress 94 100 cost 66.6571 remaining 0
progress 94 120 cost 54.4037 remaining 0
progress 94 140 cost 50.0033 remaining 0
progress 94 160 cost 50.5522 remaining 0
progress 95 0 cost 532.296 remaining 23
progress 95 20 cost 345.426 remaining 12
progress 95 40 cost 230.703 remaining 6
progress 95 60 cost 162.478 remaining 3
progress 95 80 cost 130.109 remaining 2
progress 95 100 cost 119.863 remaining 2
progress 95 120 cost 117.672 remaining 2
progress 95 140 cost 117.672 remaining 2
progress 96 0 cost 454.501 remaining 23
progress 96 20 cost 321.93 remaining 13
progress 96 40 cost 268.1 remaining 10
progress 96 60 cost 223.553 remaining 8
progress 96 80 cost 177.594 remaining 6
progress 96 100 cost 168.729 remaining 6
progress 96 120 cost 168.729 remaining 6
progress 97 0 cost 507.331 remaining 23
progress 97 20 cost 341.348 remaining 12
progress 97 40 cost 237.285 remaining 6
progress 97 60 cost 175.174 remaining 4
progress 97 80 cost 146.576 remaining 3
progress 97 100 cost 121.431 remaining 2
progress 97 120 cost 121.431 remaining 2
progress 97 140 cost 120.77 remaining 2
progress 97 160 cost 108.028 remaining 2
progress 97 180 cost 108.028 remaining 2
progress 98 0 cost 281.515 remaining 24
progress 98 20 cost 197.053 remaining 14
progress 98 40 cost 144.539 remaining 9
progress 98 60 cost 108.003 remaining 4
progress 98 80 cost 91.3165 remaining 3
progress 98 100 cost 70.6183 remaining 2
progress 98 120 cost 65.7142 remaining 2
progress 98 140 cost 64.2087 remaining 2
progress 98 160 cost 64.2087 remaining 2
progress 98 180 cost 64.2087 remaining 2
progress 99 0 cost 703.027 remaining 23
progress 99 20 cost 406.167 remaining 12
progress 99 40 cost 199.608 remaining 5
progress 99 60 cost 82.4515 remaining 0
progress 99 80 cost 57.0546 remaining 0
progress 99 100 cost 48.4961 remaining 0
progress 99 120 cost 48.4961 remaining 0
progress 99 140 cost 46.6739 remaining 0
progress 100 0 cost 957.678 remaining 23
progress 100 20 cost 624.156 remaining 12
progress 100 40 cost 411.962 remaining 5
progress 100 60 cost 276.309 remaining 2
progress 100 80 cost 212.755 remaining 2
progress 100 100 cost 146.028 remaining 0
progress 100 120 cost 101.465 remaining 0
progress 100 140 cost 101.465 remaining 0
progress 101 0 cost 963.679 remaining 23
progress 101 20 cost 618.652 remaining 12
progress 101 40 cost 416.403 remaining 6
progress 101 60 cost 245.371 remaining 2
progress 101 80 cost 148.19 remaining 0
progress 101 100 cost 110.131 remaining 0
progress 101 120 cost 77.2506 remaining 0
progress 101 140 cost 37.5888 remaining 0
progress 101 160 cost 20.0681 remaining 0
progress 101 180 cost 0 remaining 0
progress 101 200 cost 0 remaining 0
progress 102 0 cost 997.976 remaining 23
progress 102 20 cost 607.037 remaining 12
progress 102 40 cost 356.645 remaining 5
progress 102 60 cost 206.396 remaining 1
progress 102 80 cost 125.709 remaining 0
progress 102 100 cost 92.9748 remaining 0
progress 102 120 cost 81.6893 remaining 0
progress 102 140 cost 81.6893 remaining 0
progress 103 0 cost 821.592 remaining 23
progress 103 20 cost 576.87 remaining 16
progress 103 40 cost 436.99 remaining 10
progress 103 60 cost 310.835 remaining 7
progress 103 80 cost 214.52 remaining 3
progress 103 100 cost 182.143 remaining 3
progress 103 120 cost 181.618 remaining 3
progress 104 0 cost 749.047 remaining 23
progress 104 20 cost 480.794 remaining 12
progress 104 40 cost 317.881 remaining 7
progress 104 60 cost 193.942 remaining 1
progress 104 80 cost 176.523 remaining 1
progress 104 100 cost 174.789 remaining 1
progress 104 120 cost 174.128 remaining 1
progress 104 140 cost 174.789 remaining 1
progress 104 160 cost 162.345 remaining 1
progress 104 180 cost 153.344 remaining 1
progress 104 200 cost 148.566 remaining 1
progress 104 220 cost 147.967 remaining 1
progress 104 240 cost 147.967 remaining 1
progress 105 0 cost 454.844 remaining 24
progress 105 20 cost 296.844 remaining 13
progress 105 40 cost 190.998 remaining 7
progress 105 60 cost 136.398 remaining 4
progress 105 80 cost 85.9069 remaining 1
progress 105 100 cost 58.0565 remaining 0
progress 105 120 cost 54.5248 remaining 0
progress 105 140 cost 54.5248 remaining 0
progress 106 0 cost 859.526 remaining 23
progress 106 20 cost 597.305 remaining 13
progress 106 40 cost 415.827 remaining 6
progress 106 60 cost 331.183 remaining 5
progress 106 80 cost 255.437 remaining 4
progress 106 100 cost 217.346 remaining 3
progress 106 120 cost 214.332 remaining 3
progress 106 140 cost 214.332 remaining 3
progress 106 160 cost 213.415 remaining 3
progress 107 0 cost 901.518 remaining 23
progress 107 20 cost 612.695 remaining 12
progress 107 40 cost 422.49 remaining 8
progress 107 60 cost 297.655 remaining 3
progress 107 80 cost 220.297 remaining 2
progress 107 100 cost 201.483 remaining 2
progress 107 120 cost 200.581 remaining 2
progress 108 0 cost 862.714 remaining 23
progress 108 20 cost 613.624 remaining 14
progress 108 40 cost 483.125 remaining 11
progress 108 60 cost 376.615 remaining 9
progress 108 80 cost 317.31 remaining 4
progress 108 100 cost 258.109 remaining 3
progress 108 120 cost 238.668 remaining 3
progress 108 140 cost 238.668 remaining 3
progress 109 0 cost 692.356 remaining 23
progress 109 20 cost 452.107 remaining 12
progress 109 40 cost 290.212 remaining 4
progress 109 60 cost 177.806 remaining 1
progress 109 80 cost 116.1 remaining 0
progress 109 100 cost 98.4189 remaining 0
progress 109 120 cost 96.2684 remaining 0
progress 109 140 cost 88.4925 remaining 0
progress 109 160 cost 88.4925 remaining 0
progress 110 0 cost 524.488 remaining 24
progress 110 20 cost 371.02 remaining 15
progress 110 40 cost 275.477 remaining 10
progress 110 60 cost 209.81 remaining 6
progress 110 80 cost 162.433 remaining 4
progress 110 100 cost 120.257 remaining 3
progress 110 120 cost 109.962 remaining 3
progress 110 140 cost 109.962 remaining 3
progress 111 0 cost 725.157 remaining 23
progress 111 20 cost 512.661 remaining 14
progress 111 40 cost 410.855 remaining 12
progress 111 60 cost 315.178 remaining 8
progress 111 80 cost 251.059 remaining 7
progress 111 100 cost 185.31 remaining 5
progress 111 120 cost 138.427 remaining 4
progress 111 140 cost 124.366 remaining 3
progress 111 160 cost 124.366 remaining 3
progress 112 0 cost 802.054 remaining 23
progress 112 20 cost 484.484 remaining 12
progress 112 40 cost 281.173 remaining 5
progress 112 60 cost 145.324 remaining 0
progress 112 80 cost 103.407 remaining 0
progress 112 100 cost 86.67 remaining 0
progress 112 120 cost 86.67 remaining 0
progress 113 0 cost 614.649 remaining 24
progress 113 20 cost 421.275 remaining 13
progress 113 40 cost 306.564 remaining 9
progress 113 60 cost 219.741 remaining 4
progress 113 80 cost 150.548 remaining 0
progress 113 100 cost 122.84 remaining 0
progress 113 120 cost 122.84 remaining 0
progress 114 0 cost 635.239 remaining 23
progress 114 20 cost 406.641 remaining 14
progress 114 40 cost 255.614 remaining 5
progress 114 60 cost 161.239 remaining 0
progress 114 80 cost 119.507 remaining 0
progress 114 100 cost 82.0207 remaining 0
progress 114 120 cost 70.9376 remaining 0
progress 114 140 cost 70.1438 remaining 0
progress 114 160 cost 70.1438 remaining 0
progress 115 0 cost 365.939 remaining 24
progress 115 20 cost 244.904 remaining 14
progress 115 40 cost 159.889 remaining 6
progress 115 60 cost 113.948 remaining 2
progress 115 80 cost 77.8111 remaining 0
progress 115 100 cost 58.5939 remaining 0
progress 115 120 cost 58.3485 remaining 0
progress 115 140 cost 58.159 remaining 0
progress 115 160 cost 56.9445 remaining 0
progress 115 180 cost 55.4847 remaining 0
progress 115 200 cost 40.1639 remaining 0
progress 115 220 cost 24.4984 remaining 0
progress 115 240 cost 14.1078 remaining 0
progress 115 260 cost 11.9978 remaining 0
progress 115 280 cost 11.9978 remaining 0
progress 116 0 cost 599.333 remaining 23
progress 116 20 cost 416.607 remaining 14
progress 116 40 cost 332.478 remaining 10
progress 116 60 cost 285.733 remaining 9
progress 116 80 cost 218.166 remaining 5
progress 116 100 cost 156.747 remaining 2
progress 116 120 cost 142.483 remaining 2
progress 116 140 cost 141.622 remaining 2
progress 116 160 cost 141.622 remaining 2
progress 116 180 cost 134.744 remaining 2
progress 116 200 cost 134.744 remaining 2
progress 117 0 cost 823.627 remaining 23
progress 117 20 cost 517.595 remaining 12
progress 117 40 cost 325.923 remaining 5
progress 117 60 cost 193.48 remaining 1
progress 117 80 cost 146.487 remaining 0
progress 117 100 cost 118.888 remaining 0
progress 117 120 cost 113.509 remaining 0
progress 117 140 cost 113.082 remaining 0
progress 117 160 cost 111.445 remaining 0
progress 117 180 cost 103.775 remaining 0
progress 117 200 cost 103.775 remaining 0
progress 118 0 cost 603.415 remaining 23
progress 118 20 cost 438.657 remaining 17
progress 118 40 cost 346.189 remaining 12
progress 118 60 cost 287.27 remaining 11
progress 118 80 cost 236.814 remaining 8
progress 118 100 cost 222.189 remaining 8
progress 118 120 cost 221.955 remaining 8
progress 118 140 cost 222.346 remaining 8
progress 118 160 cost 220.166 remaining 8
progress 119 0 cost 678.816 remaining 23
progress 119 20 cost 460.702 remaining 16
progress 119 40 cost 336.055 remaining 9
progress 119 60 cost 243.605 remaining 3
progress 119 80 cost 186.055 remaining 3
progress 119 100 cost 134.104 remaining 0
progress 119 120 cost 88.1746 remaining 0
progress 119 140 cost 52.0759 remaining 0
progress 119 160 cost 37.7782 remaining 0
progress 119 180 cost 9.67228 remaining 0
progress 119 200 cost 0 remaining 0
progress 119 220 cost 0 remaining 0
progress 120 0 cost 368.417 remaining 23
progress 120 20 cost 257.865 remaining 14
progress 120 40 cost 208.105 remaining 10
progress 120 60 cost 178.655 remaining 8
progress 120 80 cost 172.35 remaining 8
progress 120 100 cost 153.795 remaining 7
progress 120 120 cost 131.076 remaining 6
progress 120 140 cost 130.591 remaining 6
progress 121 0 cost 287.767 remaining 23
progress 121 20 cost 197.679 remaining 13
progress 121 40 cost 140.795 remaining 6
progress 121 60 cost 122.764 remaining 6
progress 121 80 cost 120.244 remaining 6
progress 121 100 cost 110.609 remaining 6
progress 121 120 cost 108.518 remaining 6
progress 121 140 cost 107.847 remaining 6
progress 121 160 cost 107.867 remaining 6
progress 122 0 cost 493.449 remaining 23
progress 122 20 cost 328.415 remaining 13
progress 122 40 cost 230.383 remaining 7
progress 122 60 cost 159.348 remaining 4
progress 122 80 cost 115.611 remaining 2
progress 122 100 cost 114.168 remaining 2
progress 122 120 cost 105.081 remaining 2
progress 122 140 cost 105.804 remaining 2
progress 123 0 cost 762.346 remaining 23
progress 123 20 cost 467.808 remaining 12
progress 123 40 cost 278.229 remaining 5
progress 123 60 cost 156.285 remaining 1
progress 123 80 cost 112.994 remaining 0
progress 123 100 cost 112.994 remaining 0
progress 123 120 cost 106.437 remaining 0
progress 123 140 cost 104.841 remaining 0
progress 123 160 cost 103.953 remaining 0
progress 123 180 cost 103.953 remaining 0
progress 124 0 cost 864.399 remaining 23
progress 124 20 cost 599.856 remaining 13
progress 124 40 cost 480.64 remaining 9
progress 124 60 cost 385.128 remaining 5
progress 124 80 cost 297.216 remaining 4
progress 124 100 cost 229.553 remaining 3
progress 124 120 cost 191.692 remaining 3
progress 124 140 cost 121.641 remaining 2
progress 124 160 cost 90.5372 remaining 1
progress 124 180 cost 90.5372 remaining 1
progress 125 0 cost 870.828 remaining 23
progress 125 20 cost 562.888 remaining 12
progress 125 40 cost 358.059 remaining 6
progress 125 60 cost 221.087 remaining 1
progress 125 80 cost 157.104 remaining 0
progress 125 100 cost 139.608 remaining 0
progress 125 120 cost 139.608 remaining 0
progress 125 140 cost 139.608 remaining 0
progress 126 0 cost 379.833 remaining 23
progress 126 20 cost 266.603 remaining 14
progress 126 40 cost 209.007 remaining 10
progress 126 60 cost 183.419 remaining 9
progress 126 80 cost 149.229 remaining 4
progress 126 100 cost 119.168 remaining 3
progress 126 120 cost 117.867 remaining 2
progress 126 140 cost 114.145 remaining 2
progress 126 160 cost 114.145 remaining 2
progress 126 180 cost 104.431 remaining 1
progress 126 200 cost 103.741 remaining 1
progress 126 220 cost 98.0236 remaining 1
progress 126 240 cost 95.9882 remaining 1
progress 126 260 cost 95.9882 remaining 1
progress 127 0 cost 931.533 remaining 23
progress 127 20 cost 598.833 remaining 12
progress 127 40 cost 376.787 remaining 5
progress 127 60 cost 265.951 remaining 3
progress 127 80 cost 164.344 remaining 0
progress 127 100 cost 127.295 remaining 0
progress 127 120 cost 97.9563 remaining 0
progress 127 140 cost 95.75 remaining 0
progress 127 160 cost 95.4499 remaining 0
progress 127 180 cost 77.5168 remaining 0
progress 127 200 cost 76.6164 remaining 0
progress 127 220 cost 67.8611 remaining 0
progress 127 240 cost 67.3912 remaining 0
progress 127 260 cost 58.0228 remaining 0
progress 127 280 cost 54.4478 remaining 0
progress 127 300 cost 54.4478 remaining 0
progress 128 0 cost 523.164 remaining 23
progress 128 20 cost 360.339 remaining 15
progress 128 40 cost 259.302 remaining 9
progress 128 60 cost 191.108 remaining 5
progress 128 80 cost 152.119 remaining 2
progress 128 100 cost 112.935 remaining 1
progress 128 120 cost 101.934 remaining 1
progress 128 140 cost 96.8825 remaining 1
progress 128 160 cost 96.6766 remaining 1
progress 128 180 cost 57.303 remaining 0
progress 128 200 cost 57.303 remaining 0
progress 128 220 cost 53.7048 remaining 0
progress 128 240 cost 51.7536 remaining 0
progress 128 260 cost 52.9023 remaining 0
progress 128 280 cost 52.9023 remaining 0
progress 128 300 cost 52.9023 remaining 0
progress 129 0 cost 1136.76 remaining 23
progress 129 20 cost 746.897 remaining 12
progress 129 40 cost 504.184 remaining 6
progress 129 60 cost 343.794 remaining 3
progress 129 80 cost 241.044 remaining 2
progress 129 100 cost 158.189 remaining 2
progress 129 120 cost 67.6457 remaining 0
progress 129 140 cost 51.9824 remaining 0
progress 129 160 cost 51.9824 remaining 0
progress 130 0 cost 476.537 remaining 23
progress 130 20 cost 318.644 remaining 15
progress 130 40 cost 216.763 remaining 8
progress 130 60 cost 153.039 remaining 3
progress 130 80 cost 108.641 remaining 1
progress 130 100 cost 95.3928 remaining 1
progress 130 120 cost 91.094 remaining 1
progress 130 140 cost 91.2481 remaining 1
progress 131 0 cost 410.516 remaining 23
progress 131 20 cost 273.171 remaining 12
progress 131 40 cost 187.092 remaining 6
progress 131 60 cost 128.197 remaining 3
progress 131 80 cost 125.694 remaining 3
progress 131 100 cost 123.163 remaining 3
progress 132 0 cost 366.93 remaining 24
progress 132 20 cost 252.066 remaining 13
progress 132 40 cost 184.93 remaining 9
progress 132 60 cost 126.891 remaining 3
progress 132 80 cost 110.485 remaining 3
progress 132 100 cost 82.4266 remaining 2
progress 132 120 cost 77.7467 remaining 2
progress 132 140 cost 77.3693 remaining 2
progress 133 0 cost 563.706 remaining 23
progress 133 20 cost 379.498 remaining 14
progress 133 40 cost 270.064 remaining 8
progress 133 60 cost 194.546 remaining 3
progress 133 80 cost 128.402 remaining 2
progress 133 100 cost 101.656 remaining 1
progress 133 120 cost 101.656 remaining 1
progress 133 140 cost 101.656 remaining 1
progress 134 0 cost 805.438 remaining 23
progress 134 20 cost 559.06 remaining 14
progress 134 40 cost 449.897 remaining 11
progress 134 60 cost 356.317 remaining 8
progress 134 80 cost 288.554 remaining 6
progress 134 100 cost 210.931 remaining 4
progress 134 120 cost 156.918 remaining 2
progress 134 140 cost 156.918 remaining 2
progress 134 160 cost 153.507 remaining 2
progress 134 180 cost 153.507 remaining 2
progress 135 0 cost 841.133 remaining 23
progress 135 20 cost 561.044 remaining 13
progress 135 40 cost 389.693 remaining 8
progress 135 60 cost 259.532 remaining 3
progress 135 80 cost 188.042 remaining 2
progress 135 100 cost 151.186 remaining 2
progress 135 120 cost 111.513 remaining 1
progress 135 140 cost 90.0835 remaining 1
progress 135 160 cost 82.1583 remaining 1
progress 135 180 cost 79.0275 remaining 1
progress 135 200 cost 78.1957 remaining 1
progress 136 0 cost 859.338 remaining 23
progress 136 20 cost 527.396 remaining 12
progress 136 40 cost 329.266 remaining 6
progress 136 60 cost 154.297 remaining 0
progress 136 80 cost 120.044 remaining 0
progress 136 100 cost 107.37 remaining 0
progress 136 120 cost 88.0469 remaining 0
progress 136 140 cost 71.9056 remaining 0
progress 136 160 cost 69.9672 remaining 0
progress 136 180 cost 54.641 remaining 0
progress 136 200 cost 45.3979 remaining 0
progress 136 220 cost 40.5906 remaining 0
progress 136 240 cost 40.5906 remaining 0
progress 137 0 cost 516.967 remaining 23
progress 137 20 cost 362.558 remaining 13
progress 137 40 cost 290.27 remaining 9
progress 137 60 cost 241.486 remaining 8
progress 137 80 cost 198.976 remaining 4
progress 137 100 cost 190.383 remaining 4
progress 137 120 cost 178.294 remaining 4
progress 137 140 cost 120.271 remaining 2
progress 137 160 cost 99.9422 remaining 2
progress 137 180 cost 80.5173 remaining 2
progress 137 200 cost 80.5173 remaining 2
progress 138 0 cost 562.061 remaining 23
progress 138 20 cost 373.616 remaining 13
progress 138 40 cost 256.006 remaining 7
progress 138 60 cost 178.948 remaining 4
progress 138 80 cost 133.321 remaining 2
progress 138 100 cost 122.87 remaining 1
progress 138 120 cost 122.87 remaining 1
progress 138 140 cost 122.87 remaining 1
progress 139 0 cost 540.158 remaining 23
progress 139 20 cost 366.206 remaining 13
progress 139 40 cost 262.5 remaining 7
progress 139 60 cost 184.129 remaining 4
progress 139 80 cost 135.289 remaining 2
progress 139 100 cost 116.852 remaining 2
progress 139 120 cost 116.852 remaining 2
progress 139 140 cost 116.852 remaining 2
progress 140 0 cost 455.657 remaining 23
progress 140 20 cost 311.577 remaining 13
progress 140 40 cost 215.051 remaining 7
progress 140 60 cost 148.694 remaining 3
progress 140 80 cost 124.181 remaining 2
progress 140 100 cost 111.009 remaining 2
progress 140 120 cost 111.009 remaining 2
progress 141 0 cost 788.253 remaining 23
progress 141 20 cost 544.864 remaining 14
progress 141 40 cost 390.277 remaining 8
progress 141 60 cost 276.765 remaining 4
progress 141 80 cost 212.783 remaining 2
progress 141 100 cost 177.476 remaining 2
progress 141 120 cost 148.546 remaining 2
progress 141 140 cost 145.527 remaining 2
progress 141 160 cost 145.527 remaining 2
progress 142 0 cost 389.169 remaining 23
progress 142 20 cost 276.485 remaining 19
progress 142 40 cost 210.299 remaining 14
progress 142 60 cost 168.014 remaining 12
progress 142 80 cost 123.648 remaining 9
progress 142 100 cost 115.533 remaining 8
progress 142 120 cost 115.533 remaining 8
progress 142 140 cost 107.689 remaining 7
progress 142 160 cost 100.664 remaining 7
progress 142 180 cost 100.664 remaining 7
progress 142 200 cost 99.3255 remaining 7
progress 143 0 cost 494.062 remaining 23
progress 143 20 cost 340.644 remaining 14
progress 143 40 cost 252.673 remaining 9
progress 143 60 cost 165.816 remaining 3
progress 143 80 cost 113.33 remaining 1
progress 143 100 cost 106.689 remaining 1
progress 143 120 cost 106.067 remaining 1
progress 144 0 cost 929.715 remaining 23
progress 144 20 cost 630.658 remaining 12
progress 144 40 cost 446.675 remaining 8
progress 144 60 cost 311.99 remaining 3
progress 144 80 cost 236.394 remaining 2
progress 144 100 cost 196.292 remaining 2
progress 144 120 cost 135.686 remaining 2
progress 144 140 cost 78.755 remaining 0
progress 144 160 cost 42.2375 remaining 0
progress 144 180 cost 14.5791 remaining 0
progress 144 200 cost 0 remaining 0
progress 144 220 cost 0 remaining 0
progress 145 0 cost 558.871 remaining 23
progress 145 20 cost 378.282 remaining 15
progress 145 40 cost 261.111 remaining 8
progress 145 60 cost 182.292 remaining 3
progress 145 80 cost 150.625 remaining 3
progress 145 100 cost 103.952 remaining 1
progress 145 120 cost 94.2723 remaining 1
progress 145 140 cost 94.2723 remaining 1
progress 146 0 cost 478.915 remaining 23
progress 146 20 cost 330.899 remaining 14
progress 146 40 cost 231.617 remaining 7
progress 146 60 cost 164.007 remaining 4
progress 146 80 cost 133.438 remaining 3
progress 146 100 cost 109.726 remaining 2
progress 146 120 cost 103.233 remaining 2
progress 146 140 cost 103.233 remaining 2
progress 147 0 cost 748.127 remaining 23
progress 147 20 cost 473.089 remaining 12
progress 147 40 cost 286.994 remaining 5
progress 147 60 cost 177.849 remaining 0
progress 147 80 cost 118.205 remaining 0
progress 147 100 cost 91.1286 remaining 0
progress 147 120 cost 74.4023 remaining 0
progress 147 140 cost 53.8991 remaining 0
progress 147 160 cost 40.6212 remaining 0
progress 147 180 cost 29.393 remaining 0
progress 147 200 cost 9.38802 remaining 0
progress 147 220 cost 0 remaining 0
progress 147 240 cost 0 remaining 0
progress 148 0 cost 822.702 remaining 23
progress 148 20 cost 528.597 remaining 12
progress 148 40 cost 347.302 remaining 6
progress 148 60 cost 235.449 remaining 3
progress 148 80 cost 183.592 remaining 2
progress 148 100 cost 123.301 remaining 0
progress 148 120 cost 81.2974 remaining 0
progress 148 140 cost 50.2655 remaining 0
progress 148 160 cost 50.2655 remaining 0
progress 149 0 cost 716.339 remaining 23
progress 149 20 cost 503.023 remaining 17
progress 149 40 cost 379.56 remaining 9
progress 149 60 cost 258.536 remaining 5
progress 149 80 cost 191.473 remaining 1
progress 149 100 cost 156.934 remaining 1
progress 149 120 cost 156.429 remaining 1
progress 149 140 cost 152.965 remaining 1
progress 149 160 cost 152.07 remaining 1
progress 149 180 cost 148.382 remaining 1
progress 149 200 cost 148.382 remaining 1
progress 150 0 cost 651.705 remaining 23
progress 150 20 cost 440.454 remaining 12
progress 150 40 cost 303.384 remaining 7
progress 150 60 cost 196.443 remaining 2
progress 150 80 cost 162.818 remaining 2
progress 150 100 cost 120.227 remaining 1
progress 150 120 cost 100.435 remaining 1
progress 150 140 cost 77.8586 remaining 1
progress 150 160 cost 77.8586 remaining 1
progress 151 0 cost 533.707 remaining 23
progress 151 20 cost 358.904 remaining 13
progress 151 40 cost 241.599 remaining 8
progress 151 60 cost 162.385 remaining 3
progress 151 80 cost 115.295 remaining 1
progress 151 100 cost 88.0077 remaining 0
progress 151 120 cost 84.6793 remaining 0
progress 151 140 cost 82.0332 remaining 0
progress 151 160 cost 82.0332 remaining 0
progress 152 0 cost 1012.53 remaining 23
progress 152 20 cost 611.093 remaining 12
progress 152 40 cost 351.646 remaining 5
progress 152 60 cost 200.227 remaining 1
progress 152 80 cost 119.431 remaining 0
progress 152 100 cost 79.0898 remaining 0
progress 152 120 cost 58.8346 remaining 0
progress 152 140 cost 45.9289 remaining 0
progress 152 160 cost 27.5232 remaining 0
progress 152 180 cost 12.3967 remaining 0
progress 152 200 cost 0 remaining 0
progress 152 220 cost 0 remaining 0
progress 153 0 cost 576.898 remaining 23
progress 153 20 cost 413.939 remaining 14
progress 153 40 cost 327.014 remaining 12
progress 153 60 cost 262.702 remaining 8
progress 153 80 cost 229.7 remaining 6
progress 153 100 cost 193.529 remaining 5
progress 153 120 cost 125.606 remaining 4
progress 153 140 cost 99.0468 remaining 1
progress 153 160 cost 99.0468 remaining 1
progress 153 180 cost 98.8965 remaining 1
progress 154 0 cost 922.043 remaining 23
progress 154 20 cost 619.147 remaining 12
progress 154 40 cost 428.561 remaining 7
progress 154 60 cost 305.993 remaining 4
progress 154 80 cost 230.094 remaining 2
progress 154 100 cost 213.886 remaining 2
progress 154 120 cost 211.781 remaining 2
progress 154 140 cost 210.428 remaining 2
progress 154 160 cost 208.102 remaining 2
progress 154 180 cost 207.631 remaining 2
progress 155 0 cost 1184.62 remaining 23
progress 155 20 cost 818.666 remaining 14
progress 155 40 cost 641.999 remaining 11
progress 155 60 cost 532.191 remaining 8
progress 155 80 cost 414.185 remaining 4
progress 155 100 cost 316.784 remaining 1
progress 155 120 cost 241.875 remaining 0
progress 155 140 cost 227.751 remaining 0
progress 155 160 cost 227.751 remaining 0
progress 156 0 cost 856.039 remaining 23
progress 156 20 cost 594.398 remaining 13
progress 156 40 cost 465.216 remaining 9
progress 156 60 cost 362.693 remaining 5
progress 156 80 cost 317.371 remaining 4
progress 156 100 cost 235.867 remaining 3
progress 156 120 cost 174.308 remaining 1
progress 156 140 cost 165.989 remaining 1
progress 156 160 cost 164.802 remaining 1
progress 156 180 cost 164.105 remaining 1
progress 156 200 cost 164.105 remaining 1
progress 157 0 cost 737.233 remaining 23
progress 157 20 cost 502.785 remaining 13
progress 157 40 cost 376.799 remaining 7
progress 157 60 cost 307.095 remaining 5
progress 157 80 cost 231.083 remaining 3
progress 157 100 cost 214.765 remaining 3
progress 157 120 cost 210.849 remaining 3
progress 158 0 cost 535.982 remaining 23
progress 158 20 cost 387.456 remaining 17
progress 158 40 cost 320.306 remaining 15
progress 158 60 cost 290.803 remaining 14
progress 158 80 cost 287.775 remaining 13
progress 158 100 cost 261.943 remaining 12
progress 158 120 cost 252.279 remaining 11
progress 158 140 cost 242.134 remaining 11
progress 158 160 cost 234.787 remaining 10
progress 158 180 cost 233.759 remaining 10
progress 159 0 cost 537.703 remaining 23
progress 159 20 cost 380.43 remaining 14
progress 159 40 cost 304.94 remaining 11
progress 159 60 cost 258.409 remaining 10
progress 159 80 cost 236.758 remaining 9
progress 159 100 cost 236.758 remaining 9
progress 159 120 cost 235.781 remaining 9
progress 159 140 cost 235.781 remaining 9
progress 160 0 cost 490.086 remaining 24
progress 160 20 cost 332.146 remaining 13
progress 160 40 cost 229.319 remaining 9
progress 160 60 cost 165.531 remaining 4
progress 160 80 cost 132.823 remaining 3
progress 160 100 cost 127.754 remaining 3
progress 160 120 cost 127.348 remaining 3
progress 161 0 cost 914.945 remaining 23
progress 161 20 cost 567.829 remaining 12
progress 161 40 cost 324.77 remaining 4
progress 161 60 cost 213.318 remaining 2
progress 161 80 cost 149.939 remaining 1
progress 161 100 cost 94.8024 remaining 0
progress 161 120 cost 72.1895 remaining 0
progress 161 140 cost 72.1895 remaining 0
progress 162 0 cost 800.604 remaining 23
progress 162 20 cost 501.552 remaining 12
progress 162 40 cost 304.822 remaining 5
progress 162 60 cost 189.906 remaining 2
progress 162 80 cost 119.282 remaining 0
progress 162 100 cost 81.0376 remaining 0
progress 162 120 cost 68.2878 remaining 0
progress 162 140 cost 68.2878 remaining 0
progress 162 160 cost 66.0788 remaining 0
progress 163 0 cost 530.028 remaining 23
progress 163 20 cost 368.364 remaining 13
progress 163 40 cost 285.021 remaining 8
progress 163 60 cost 243.808 remaining 7
progress 163 80 cost 223.165 remaining 6
progress 163 100 cost 220.088 remaining 6
progress 164 0 cost 745.892 remaining 23
progress 164 20 cost 487.741 remaining 14
progress 164 40 cost 324.398 remaining 7
progress 164 60 cost 223.047 remaining 3
progress 164 80 cost 180.32 remaining 2
progress 164 100 cost 180.32 remaining 2
progress 165 0 cost 716.639 remaining 23
progress 165 20 cost 457.439 remaining 12
progress 165 40 cost 286.465 remaining 5
progress 165 60 cost 189.865 remaining 1
progress 165 80 cost 145.542 remaining 0
progress 165 100 cost 131.768 remaining 0
progress 165 120 cost 131.768 remaining 0
progress 165 140 cost 131.075 remaining 0
progress 165 160 cost 128.067 remaining 0
progress 165 180 cost 112.149 remaining 0
progress 165 200 cost 102.055 remaining 0
progress 165 220 cost 102.055 remaining 0
progress 165 240 cost 102.055 remaining 0
progress 165 260 cost 102.055 remaining 0
progress 166 0 cost 486.433 remaining 23
progress 166 20 cost 341.069 remaining 13
progress 166 40 cost 264.787 remaining 11
progress 166 60 cost 207.119 remaining 7
progress 166 80 cost 166.326 remaining 3
progress 166 100 cost 159.794 remaining 3
progress 166 120 cost 159.794 remaining 3
progress 167 0 cost 485.588 remaining 23
progress 167 20 cost 334.104 remaining 16
progress 167 40 cost 255.832 remaining 11
progress 167 60 cost 183.636 remaining 4
progress 167 80 cost 139.446 remaining 2
progress 167 100 cost 139.446 remaining 2
progress 167 120 cost 134.635 remaining 2
progress 167 140 cost 97.0543 remaining 1
progress 167 160 cost 68.1618 remaining 1
progress 167 180 cost 32.4581 remaining 0
progress 167 200 cost 30.4557 remaining 0
progress 167 220 cost 22.4462 remaining 0
progress 167 240 cost 20.731 remaining 0
progress 167 260 cost 16.8657 remaining 0
progress 167 280 cost 10.0538 remaining 0
progress 167 300 cost 10.0538 remaining 0
progress 168 0 cost 380.382 remaining 23
progress 168 20 cost 262.562 remaining 12
progress 168 40 cost 183.2 remaining 7
progress 168 60 cost 129.368 remaining 4
progress 168 80 cost 95.8375 remaining 2
progress 168 100 cost 94.6964 remaining 2
progress 168 120 cost 94.3925 remaining 2
progress 168 140 cost 94.6251 remaining 2
progress 168 160 cost 84.8923 remaining 2
progress 168 180 cost 82.8396 remaining 2
progress 168 200 cost 82.8396 remaining 2
progress 169 0 cost 455.385 remaining 23
progress 169 20 cost 320.075 remaining 13
progress 169 40 cost 252.575 remaining 10
progress 169 60 cost 224.022 remaining 9
progress 169 80 cost 195.643 remaining 8
progress 169 100 cost 152.084 remaining 6
progress 169 120 cost 132.665 remaining 6
progress 169 140 cost 128.864 remaining 6
progress 169 160 cost 128.864 remaining 6
progress 170 0 cost 863.114 remaining 23
progress 170 20 cost 524.365 remaining 12
progress 170 40 cost 300.272 remaining 5
progress 170 60 cost 168.873 remaining 1
progress 170 80 cost 118.13 remaining 0
progress 170 100 cost 95.3298 remaining 0
progress 170 120 cost 94.4218 remaining 0
progress 170 140 cost 94.0417 remaining 0
progress 171 0 cost 526.565 remaining 24
progress 171 20 cost 371.745 remaining 14
progress 171 40 cost 287.905 remaining 10
progress 171 60 cost 208.069 remaining 5
progress 171 80 cost 160.654 remaining 2
progress 171 100 cost 160.385 remaining 2
progress 171 120 cost 150.632 remaining 2
progress 171 140 cost 146.203 remaining 2
progress 171 160 cost 145.346 remaining 2
progress 171 180 cost 145.346 remaining 2
progress 172 0 cost 576.649 remaining 23
progress 172 20 cost 360.046 remaining 12
progress 172 40 cost 212.646 remaining 5
progress 172 60 cost 122.748 remaining 0
progress 172 80 cost 88.8899 remaining 0
progress 172 100 cost 61.7115 remaining 0
progress 172 120 cost 47.3399 remaining 0
progress 172 140 cost 47.3368 remaining 0
progress 173 0 cost 401.851 remaining 24
progress 173 20 cost 287.85 remaining 15
progress 173 40 cost 227.557 remaining 12
progress 173 60 cost 196.156 remaining 9
progress 173 80 cost 191.82 remaining 9
progress 173 100 cost 184.43 remaining 9
progress 173 120 cost 184.43 remaining 9
progress 173 140 cost 184.43 remaining 9
progress 174 0 cost 541.522 remaining 23
progress 174 20 cost 385.805 remaining 14
progress 174 40 cost 299.894 remaining 12
progress 174 60 cost 245.785 remaining 10
progress 174 80 cost 230.528 remaining 9
progress 174 100 cost 224.052 remaining 9
progress 174 120 cost 221.98 remaining 9
progress 174 140 cost 221.98 remaining 9
progress 175 0 cost 839.186 remaining 23
progress 175 20 cost 591.374 remaining 14
progress 175 40 cost 469.923 remaining 12
progress 175 60 cost 380.589 remaining 8
progress 175 80 cost 314.709 remaining 6
progress 175 100 cost 282.252 remaining 4
progress 175 120 cost 282.252 remaining 4
progress 176 0 cost 968.314 remaining 23
progress 176 20 cost 661.059 remaining 13
progress 176 40 cost 476.719 remaining 8
progress 176 60 cost 335.34 remaining 2
progress 176 80 cost 241.945 remaining 1
progress 176 100 cost 181.762 remaining 1
progress 176 120 cost 172.968 remaining 1
progress 176 140 cost 172.968 remaining 1
progress 177 0 cost 561.096 remaining 23
progress 177 20 cost 387.196 remaining 13
progress 177 40 cost 316.558 remaining 11
progress 177 60 cost 243.874 remaining 7
progress 177 80 cost 195.296 remaining 5
progress 177 100 cost 155.159 remaining 4
progress 177 120 cost 117.342 remaining 3
progress 177 140 cost 87.269 remaining 2
progress 177 160 cost 72.1518 remaining 2
progress 177 180 cost 59.6059 remaining 2
progress 177 200 cost 37.3263 remaining 1
progress 177 220 cost 23.0565 remaining 0
progress 177 240 cost 12.9126 remaining 0
progress 177 260 cost 0 remaining 0
progress 177 280 cost 0 remaining 0
progress 178 0 cost 714.965 remaining 23
progress 178 20 cost 464.776 remaining 12
progress 178 40 cost 304.234 remaining 5
progress 178 60 cost 224.272 remaining 4
progress 178 80 cost 164.398 remaining 2
progress 178 100 cost 160.265 remaining 2
progress 178 120 cost 160.265 remaining 2
progress 179 0 cost 741.43 remaining 23
progress 179 20 cost 499.953 remaining 15
progress 179 40 cost 346.468 remaining 9
progress 179 60 cost 245.159 remaining 3
progress 179 80 cost 182.261 remaining 2
progress 179 100 cost 148.914 remaining 0
progress 179 120 cost 127.166 remaining 0
progress 179 140 cost 102.101 remaining 0
progress 179 160 cost 102.623 remaining 0
progress 179 180 cost 75.2031 remaining 0
progress 179 200 cost 58.2701 remaining 0
progress 179 220 cost 37.0257 remaining 0
progress 179 240 cost 10.9392 remaining 0
progress 179 260 cost 13.1271 remaining 0
progress 179 280 cost 7.65745 remaining 0
progress 179 300 cost 7.65745 remaining 0
progress 179 320 cost 4.37569 remaining 0
progress 179 340 cost 4.37569 remaining 0
progress 180 0 cost 1022.55 remaining 23
progress 180 20 cost 685.985 remaining 12
progress 180 40 cost 491.615 remaining 7
progress 180 60 cost 352.258 remaining 4
progress 180 80 cost 258.247 remaining 2
progress 180 100 cost 250.894 remaining 2
progress 180 120 cost 250.894 remaining 2
progress 181 0 cost 640.31 remaining 23
progress 181 20 cost 447.371 remaining 13
progress 181 40 cost 362.806 remaining 10
progress 181 60 cost 309.426 remaining 8
progress 181 80 cost 254.033 remaining 7
progress 181 100 cost 246.104 remaining 7
progress 181 120 cost 246.104 remaining 7
progress 182 0 cost 696.106 remaining 23
progress 182 20 cost 428.559 remaining 12
progress 182 40 cost 249.018 remaining 5
progress 182 60 cost 139.479 remaining 0
progress 182 80 cost 107.011 remaining 0
progress 182 100 cost 87.7914 remaining 0
progress 182 120 cost 86.9748 remaining 0
progress 182 140 cost 86.9624 remaining 0
progress 183 0 cost 880.258 remaining 23
progress 183 20 cost 545.592 remaining 12
progress 183 40 cost 338.94 remaining 6
progress 183 60 cost 188.42 remaining 1
progress 183 80 cost 114.949 remaining 0
progress 183 100 cost 95.0121 remaining 0
progress 183 120 cost 89.8592 remaining 0
progress 183 140 cost 89.8592 remaining 0
progress 183 160 cost 80.7311 remaining 0
progress 183 180 cost 66.4628 remaining 0
progress 183 200 cost 66.4628 remaining 0
progress 184 0 cost 592.125 remaining 23
progress 184 20 cost 401.882 remaining 15
progress 184 40 cost 281.674 remaining 8
progress 184 60 cost 194.294 remaining 3
progress 184 80 cost 153.625 remaining 1
progress 184 100 cost 153.625 remaining 1
progress 184 120 cost 153.276 remaining 1
progress 185 0 cost 455.356 remaining 23
progress 185 20 cost 309.724 remaining 12
progress 185 40 cost 206.544 remaining 7
progress 185 60 cost 155.421 remaining 4
progress 185 80 cost 123.896 remaining 3
progress 185 100 cost 120.856 remaining 3
progress 185 120 cost 118.418 remaining 3
progress 185 140 cost 115.414 remaining 3
progress 185 160 cost 115.414 remaining 3
progress 186 0 cost 859.585 remaining 23
progress 186 20 cost 518.205 remaining 12
progress 186 40 cost 311.894 remaining 6
progress 186 60 cost 144.304 remaining 1
progress 186 80 cost 85.4518 remaining 0
progress 186 100 cost 65.746 remaining 0
progress 186 120 cost 57.9241 remaining 0
progress 186 140 cost 57.5807 remaining 0
progress 186 160 cost 57.5807 remaining 0
progress 187 0 cost 540.448 remaining 24
