progress 0 0 27 274.068
progress 0 5 22 257.277
progress 0 10 17 243.152
progress 0 15 12 242.519
progress 0 20 10 249.344
progress 0 25 8 264.194
progress 0 30 4 275.717
progress 0 35 3 286.383
COMPACT grid_16 count 341 depth 108
grid_16 attempt 0 step 39 count 341 depth 108
COMPACT grid_16 count 331 depth 129
COMPACT grid_16 count 313 depth 113
grid_16 attempt 0 step 39 count 318 depth 102
COMPACT grid_16 count 308 depth 105
COMPACT grid_16 count 306 depth 117
progress 0 40 2 308.397
COMPACT grid_16 count 303 depth 120
COMPACT grid_16 count 299 depth 107
COMPACT grid_16 count 297 depth 109
COMPACT grid_16 count 288 depth 112
grid_16 attempt 0 step 42 count 313 depth 101
grid_16 attempt 0 step 42 count 306 depth 100
grid_16 attempt 0 step 42 count 318 depth 98
COMPACT grid_16 count 285 depth 112
COMPACT grid_16 count 281 depth 114
progress 0 45 1 338.996
COMPACT grid_16 count 275 depth 112
grid_16 attempt 0 step 47 count 288 depth 98
progress 0 50 0 365.355
grid_16 attempt 0 step 52 count 279 depth 96
progress 0 55 0 385.324
progress 0 60 0 408.699
progress 0 65 0 428.277
progress 0 70 0 470.639
progress 0 75 0 498.955
progress 0 80 0 523.403
progress 0 85 0 552.47
progress 0 90 0 567.77
progress 0 95 0 598.716
progress 0 100 0 623.049
progress 0 105 0 644.401
progress 0 110 0 664.272
progress 0 115 0 693.178
progress 0 120 0 710.924
progress 0 125 0 736.916
progress 0 130 0 779.274
progress 1 0 27 334.191
progress 1 5 22 316.909
progress 1 10 18 313.774
progress 1 15 15 317.848
progress 1 20 12 341.087
progress 1 25 9 364.713
progress 1 30 6 385.668
progress 1 35 7 414.365
progress 1 40 11 434.505
progress 1 45 9 466.108
progress 1 50 9 489.812
progress 1 55 7 516.482
progress 1 60 6 540.17
progress 1 65 5 563
progress 1 70 5 588.785
progress 1 75 3 605.578
progress 1 80 3 637.649
progress 1 85 3 656.171
progress 1 90 1 690.311
progress 1 95 2 715.038
progress 1 100 1 747.313
progress 1 105 0 777.882
progress 1 110 0 808.081
progress 1 115 0 847.323
progress 1 120 0 879.884
progress 1 125 0 914.543
progress 1 130 0 950.964
progress 2 0 27 478.899
progress 2 5 22 437.832
progress 2 10 17 404.846
progress 2 15 12 386.31
progress 2 20 7 389.385
progress 2 25 4 389.992
COMPACT grid_16 count 255 depth 97
progress 2 30 3 401.395
progress 2 35 1 412.339
progress 2 40 1 425.902
grid_16 attempt 2 step 42 count 267 depth 95
COMPACT grid_16 count 253 depth 102
COMPACT grid_16 count 248 depth 101
grid_16 attempt 2 step 44 count 254 depth 87
progress 2 45 0 440.777
progress 2 50 0 460.886
progress 2 55 0 475.514
progress 2 60 0 498.247
progress 2 65 0 517.708
progress 2 70 0 544.886
progress 2 75 0 571.559
progress 2 80 0 586.999
progress 2 85 0 611.661
progress 2 90 0 641.449
progress 2 95 0 663.259
progress 2 100 0 713.984
progress 2 105 0 757.795
progress 3 0 27 464.587
progress 3 5 24 420.477
progress 3 10 20 393.602
progress 3 15 17 392.753
progress 3 20 16 397.083
progress 3 25 12 397.882
progress 3 30 16 400.419
progress 3 35 16 414.057
progress 3 40 15 422.638
progress 3 45 14 436.749
progress 3 50 14 450.17
progress 3 55 12 467.024
progress 3 60 11 489.217
progress 3 65 10 505.168
progress 3 70 9 524.148
progress 3 75 9 536.915
progress 3 80 7 554.977
progress 3 85 7 562.93
progress 3 90 8 573.855
progress 3 95 8 592.732
progress 3 100 8 614.007
progress 3 105 6 628.881
progress 3 110 5 649.436
progress 3 115 5 664.893
progress 3 120 4 691.02
progress 3 125 3 708.435
progress 3 130 2 727.246
progress 4 0 27 394.325
progress 4 5 22 361.349
progress 4 10 17 338.684
progress 4 15 13 323.26
progress 4 20 10 323.383
progress 4 25 9 328.407
progress 4 30 8 331.072
progress 4 35 11 338.402
progress 4 40 9 345.55
progress 4 45 7 355.251
progress 4 50 6 363.908
progress 4 55 5 371.05
progress 4 60 4 372.919
progress 4 65 2 382.751
progress 4 70 2 389.435
COMPACT grid_16 count 242 depth 96
progress 4 75 2 405.859
COMPACT grid_16 count 241 depth 89
COMPACT grid_16 count 240 depth 93
COMPACT grid_16 count 239 depth 95
progress 4 80 0 416.295
COMPACT grid_16 count 237 depth 94
COMPACT grid_16 count 236 depth 101
progress 4 85 0 430.025
progress 4 90 0 445.297
progress 4 95 0 457.518
progress 4 100 0 474.17
progress 4 105 0 488.489
progress 4 110 0 512.138
progress 4 115 0 538.033
progress 4 120 0 567.737
progress 4 125 0 596.208
progress 4 130 0 630.015
progress 5 0 27 430.155
progress 5 5 22 393.675
progress 5 10 18 357.352
progress 5 15 15 343.259
progress 5 20 14 338.372
progress 5 25 10 340.025
progress 5 30 8 340.693
progress 5 35 6 340.106
progress 5 40 3 344.463
progress 5 45 1 350.472
progress 5 50 1 353.087
progress 5 55 1 357.095
progress 5 60 1 365.099
progress 5 65 1 374.268
progress 5 70 1 386.408
progress 5 75 0 398.49
progress 5 80 0 410.481
progress 5 85 0 423.946
progress 5 90 0 439.178
progress 5 95 0 457.171
progress 5 100 0 475.041
progress 5 105 0 501.715
progress 5 110 0 528.365
progress 5 115 0 553.838
progress 5 120 0 576.65
progress 5 125 0 605.713
progress 5 130 0 627.28
progress 6 0 27 209.444
progress 6 5 22 206.841
progress 6 10 17 213.434
progress 6 15 15 233.13
progress 6 20 12 253.883
progress 6 25 8 279.13
progress 6 30 5 310.993
progress 6 35 5 343.775
progress 6 40 2 374.454
progress 6 45 3 408.006
progress 6 50 3 439.819
progress 6 55 1 469.289
progress 6 60 2 495.231
progress 6 65 2 529.188
progress 6 70 2 562.606
progress 6 75 1 593.928
progress 6 80 0 628.154
progress 6 85 0 662.841
progress 6 90 0 687.022
progress 6 95 0 722.918
progress 6 100 0 759.614
progress 6 105 0 797.005
progress 6 110 0 832.556
progress 6 115 0 873.236
progress 6 120 0 906.487
progress 6 125 0 934.816
progress 6 130 0 979.795
progress 7 0 27 506.879
progress 7 5 23 468.805
progress 7 10 20 434.971
progress 7 15 18 439.487
progress 7 20 14 447.373
progress 7 25 14 463.028
progress 7 30 12 474.726
progress 7 35 10 483.585
progress 7 40 8 504.726
progress 7 45 7 527.527
progress 7 50 6 544.914
progress 7 55 6 566.519
progress 7 60 4 588.797
progress 7 65 3 610.523
progress 7 70 3 629.466
progress 7 75 2 648.882
progress 7 80 2 658.608
progress 7 85 2 685.449
progress 7 90 1 709.299
progress 7 95 1 724.424
progress 7 100 2 755.266
progress 7 105 2 776.07
progress 7 110 1 801.05
progress 7 115 0 837.391
progress 7 120 0 876.176
progress 8 0 27 535.607
progress 8 5 22 498.7
progress 8 10 20 473.484
progress 8 15 16 480.148
progress 8 20 14 498.44
progress 8 25 12 520.097
progress 8 30 11 539.76
progress 8 35 9 563.999
progress 8 40 6 585.428
progress 8 45 4 608.933
progress 8 50 4 630.644
progress 8 55 2 658.208
progress 8 60 3 684.993
progress 8 65 2 710.053
progress 8 70 2 734.974
progress 8 75 2 776.166
progress 8 80 1 803.464
progress 8 85 0 844.795
progress 8 90 0 872.437
progress 8 95 0 908.081
progress 8 100 1 947.438
progress 8 105 0 997.256
progress 8 110 0 1038.01
progress 8 115 0 1078.46
progress 8 120 0 1104.08
progress 8 125 0 1151.29
progress 8 130 0 1203.23
progress 9 0 27 473.943
progress 9 5 22 449.001
progress 9 10 18 428.588
progress 9 15 15 409.123
progress 9 20 15 420.059
progress 9 25 13 443.683
progress 9 30 10 458.858
progress 9 35 10 469.946
progress 9 40 9 503.083
progress 9 45 7 526.086
progress 9 50 7 543.762
progress 9 55 7 559.923
progress 9 60 7 588.267
progress 9 65 6 617.503
progress 9 70 5 643.543
progress 9 75 6 664.647
progress 9 80 5 688.462
progress 9 85 5 712.722
progress 9 90 6 728.043
progress 9 95 5 752.241
progress 9 100 4 781.065
progress 9 105 3 809.251
progress 9 110 3 846.021
progress 9 115 3 856.114
progress 9 120 3 880.233
progress 9 125 2 914.249
progress 9 130 1 942.018
progress 10 0 27 436.91
progress 10 5 22 403.07
progress 10 10 17 384.497
progress 10 15 14 377.552
progress 10 20 8 382.141
progress 10 25 8 402.813
progress 10 30 5 415.695
progress 10 35 3 432.502
progress 10 40 2 451.285
progress 10 45 2 474.879
progress 10 50 2 503.353
progress 10 55 2 516.71
progress 10 60 1 546.303
progress 10 65 0 571.446
progress 10 70 0 595.646
progress 10 75 0 622.948
progress 10 80 0 651.836
progress 10 85 0 679.609
progress 10 90 0 708.835
progress 10 95 0 733.764
progress 10 100 0 768.427
progress 10 105 0 798.4
progress 10 110 0 835.177
progress 10 115 0 885.965
progress 11 0 27 609.804
progress 11 5 22 541.104
progress 11 10 17 474.433
progress 11 15 14 427.244
progress 11 20 12 398.211
progress 11 25 8 371.867
progress 11 30 5 354.12
progress 11 35 2 330.402
progress 11 40 1 307.851
progress 11 45 1 294.197
progress 11 50 1 292.894
progress 11 55 1 299.794
progress 11 60 1 301.423
progress 11 65 0 303.993
progress 11 70 0 314.122
progress 11 75 0 321.491
progress 11 80 0 338.348
progress 12 0 27 452.284
progress 12 5 22 424.981
progress 12 10 20 406.841
progress 12 15 17 415.325
progress 12 20 13 433.172
progress 12 25 11 456.678
progress 12 30 10 475.241
progress 12 35 9 491.319
progress 12 40 8 512.225
progress 12 45 8 536.172
progress 12 50 6 561.005
progress 12 55 5 588.847
progress 12 60 5 608.214
progress 12 65 4 627.204
progress 12 70 4 659.227
progress 12 75 3 692.31
progress 12 80 2 707.196
progress 12 85 1 738.752
progress 12 90 2 772.245
progress 12 95 1 808.603
progress 12 100 0 846.078
progress 12 105 0 875.476
progress 12 110 0 919.155
progress 12 115 0 958.316
progress 12 120 0 991.802
progress 12 125 0 1029.02
progress 12 130 0 1075.85
progress 13 0 27 335.134
progress 13 5 22 322.338
progress 13 10 18 312.636
progress 13 15 16 304.875
progress 13 20 13 315.897
progress 13 25 11 327.896
progress 13 30 9 338.918
progress 13 35 8 351.624
progress 13 40 7 364.783
progress 13 45 6 378.615
progress 13 50 6 394.504
progress 13 55 4 407.411
progress 13 60 3 420.478
progress 13 65 2 436.254
progress 13 70 2 453.94
progress 13 75 0 474.501
progress 13 80 1 492.728
progress 13 85 1 514.606
progress 13 90 1 530.467
progress 13 95 1 554.794
progress 13 100 0 574.662
progress 13 105 0 600.491
progress 13 110 0 618.738
progress 13 115 0 644.107
progress 13 120 0 676.087
progress 14 0 27 511.549
progress 14 5 22 489.993
progress 14 10 20 480.534
progress 14 15 15 461.648
progress 14 20 14 490.459
progress 14 25 12 513.748
progress 14 30 11 544.585
progress 14 35 9 568.798
progress 14 40 9 595.72
progress 14 45 8 627.97
progress 14 50 6 657.03
progress 14 55 5 699.035
progress 14 60 5 726.526
progress 14 65 5 755.83
progress 14 70 5 786.751
progress 14 75 4 828.753
progress 14 80 4 856.74
progress 14 85 4 893.315
progress 14 90 5 917.252
progress 14 95 4 964.534
progress 14 100 3 997.805
progress 14 105 2 1038.55
progress 14 110 2 1069.48
progress 14 115 2 1109.97
progress 14 120 2 1142.58
progress 14 125 1 1186.07
progress 14 130 0 1218.17
progress 15 0 27 299.395
progress 15 5 22 273.165
progress 15 10 17 252.646
progress 15 15 14 243.164
progress 15 20 10 241.637
progress 15 25 7 241.183
progress 15 30 4 247.149
progress 15 35 2 249.011
progress 15 40 3 256.166
progress 15 45 2 262.095
progress 15 50 3 272.806
progress 15 55 3 281.85
progress 15 60 2 292.527
progress 15 65 0 303.534
progress 15 70 0 310.454
progress 15 75 0 318.486
progress 15 80 0 335.735
progress 15 85 0 351.396
progress 15 90 0 366.048
progress 15 95 0 379.419
progress 15 100 0 398.246
progress 15 105 0 417.277
progress 15 110 0 433.887
progress 15 115 0 463.075
progress 15 120 0 485.715
progress 15 125 0 513.917
progress 15 130 0 537.425
progress 16 0 27 349.718
progress 16 5 22 333.38
progress 16 10 17 335.422
progress 16 15 15 346.045
progress 16 20 12 370.088
progress 16 25 9 394.238
progress 16 30 8 415.982
progress 16 35 6 448.46
progress 16 40 6 479.229
progress 16 45 5 509.476
progress 16 50 3 543.028
progress 16 55 3 576.458
progress 16 60 4 615.415
progress 16 65 3 639.79
progress 16 70 3 673.212
progress 16 75 1 690.314
progress 16 80 0 716.769
progress 16 85 0 753.53
progress 16 90 0 787.1
progress 16 95 0 825.659
progress 16 100 0 854.589
progress 16 105 0 891.784
progress 16 110 0 920.594
progress 16 115 0 949.502
progress 16 120 0 988.051
progress 16 125 0 1019.51
progress 16 130 0 1065.9
progress 17 0 27 351.158
progress 17 5 22 315.064
progress 17 10 17 285.057
progress 17 15 13 265.552
progress 17 20 9 257.928
progress 17 25 4 249.258
progress 17 30 2 242.405
progress 17 35 2 243.648
progress 17 40 1 250.079
progress 17 45 0 256.804
progress 17 50 1 260.202
progress 17 55 0 267.032
progress 17 60 0 273.778
progress 17 65 0 282.194
progress 17 70 0 289.635
progress 17 75 0 303.247
progress 17 80 0 313.422
progress 18 0 27 384.757
progress 18 5 22 354.585
progress 18 10 18 336.53
progress 18 15 12 329.853
progress 18 20 10 335.419
progress 18 25 7 344.762
progress 18 30 5 347.157
progress 18 35 4 367.887
progress 18 40 4 381.065
progress 18 45 2 397.062
progress 18 50 1 412.99
progress 18 55 0 428.809
progress 18 60 0 452
progress 18 65 0 472.624
progress 18 70 0 498.021
