progress 0 0 33 776.605
progress 0 5 28 741.296
progress 0 10 23 713.555
progress 0 15 18 699.513
progress 0 20 13 692.147
progress 0 25 8 698.147
progress 0 30 3 709.261
grid_20 attempt 0 FINAL count 494 depth 144
grid_20 attempt 0 FINAL count 444 depth 140
grid_20 attempt 0 FINAL count 470 depth 137
grid_20 attempt 0 FINAL count 521 depth 136
progress 1 0 33 731.037
progress 1 5 27 706.798
progress 1 10 22 685.245
progress 1 15 17 665.415
progress 1 20 12 653.386
progress 1 25 7 655.549
progress 1 30 2 646.35
grid_20 attempt 1 step 33 count 370 depth 132
grid_20 attempt 1 step 33 count 374 depth 124
grid_20 attempt 1 step 33 count 432 depth 118
progress 2 0 33 298.98
progress 2 5 28 306.254
progress 2 10 23 316.697
progress 2 15 18 335.606
progress 2 20 13 367.045
progress 2 25 8 404.2
progress 2 30 3 472.777
progress 3 0 33 428.442
progress 3 5 27 419.535
progress 3 10 22 410.674
progress 3 15 17 415.076
progress 3 20 12 436.725
progress 3 25 7 455.648
progress 3 30 2 496.073
progress 4 0 33 718.347
progress 4 5 27 672.725
progress 4 10 22 642.09
progress 4 15 17 611.55
progress 4 20 12 593.537
progress 4 25 7 575.895
progress 4 30 2 569.313
grid_20 attempt 4 step 33 count 387 depth 118
grid_20 attempt 4 step 33 count 429 depth 116
progress 5 0 33 483.188
progress 5 5 27 458.44
progress 5 10 22 449.479
progress 5 15 17 443.725
progress 5 20 12 440.362
progress 5 25 7 458.65
progress 5 30 2 490.34
progress 6 0 33 567.087
progress 6 5 28 534.589
progress 6 10 23 511.288
progress 6 15 18 485.746
progress 6 20 13 468.09
progress 6 25 8 458.087
progress 6 30 3 466.107
progress 7 0 33 679.548
progress 7 5 27 659.361
progress 7 10 21 634.467
progress 7 15 17 629.718
progress 7 20 12 635.431
progress 7 25 7 651.656
progress 7 30 2 682.029
progress 8 0 33 360.152
progress 8 5 27 358.994
progress 8 10 23 358.47
progress 8 15 18 369.111
progress 8 20 13 387.744
progress 8 25 8 414.313
progress 8 30 3 459.493
progress 9 0 33 663.427
progress 9 5 28 642.311
progress 9 10 23 626.13
progress 9 15 18 617.925
progress 9 20 13 617.485
progress 9 25 8 645.117
progress 9 30 3 670.271
progress 10 0 33 566.526
progress 10 5 27 551.363
progress 10 10 21 541.013
progress 10 15 17 535.764
progress 10 20 12 533.252
progress 10 25 7 541.636
progress 10 30 2 570.906
progress 11 0 33 510.553
progress 11 5 27 498.888
progress 11 10 22 488.943
progress 11 15 17 490.686
progress 11 20 12 499.447
progress 11 25 7 515.618
progress 11 30 2 563.739
progress 12 0 33 643.811
progress 12 5 28 622.282
progress 12 10 23 612.272
progress 12 15 18 605.802
progress 12 20 13 597.691
progress 12 25 8 600.571
progress 12 30 3 611.956
progress 13 0 33 576.529
progress 13 5 28 557.255
progress 13 10 23 553.598
progress 13 15 18 544.13
progress 13 20 13 538.268
progress 13 25 8 550.291
progress 13 30 3 548.624
progress 14 0 33 666.79
progress 14 5 27 628.261
progress 14 10 22 596.058
progress 14 15 17 567.021
progress 14 20 12 544.882
progress 14 25 7 535.499
progress 14 30 2 519.594
progress 15 0 33 660.44
progress 15 5 27 641.369
progress 15 10 22 620.503
progress 15 15 17 611.641
progress 15 20 12 605.338
progress 15 25 7 620.103
progress 15 30 2 637.015
progress 16 0 33 628.677
progress 16 5 27 594.707
progress 16 10 22 567.339
progress 16 15 17 542.879
progress 16 20 12 528.913
progress 16 25 7 516.304
progress 16 30 2 514.392
progress 17 0 33 465.785
progress 17 5 28 439.902
progress 17 10 23 420.712
progress 17 15 18 402.767
progress 17 20 13 391.227
progress 17 25 8 389.8
progress 17 30 3 401.378
progress 18 0 33 467.982
progress 18 5 28 451.801
progress 18 10 23 443.548
progress 18 15 18 438.519
progress 18 20 13 431.129
progress 18 25 8 431.977
progress 18 30 3 446.856
progress 19 0 33 636.408
progress 19 5 28 614.785
progress 19 10 23 591.797
progress 19 15 18 594.165
progress 19 20 13 603.458
progress 19 25 8 620.048
progress 19 30 3 665.296
progress 20 0 33 294.219
progress 20 5 28 295.513
progress 20 10 23 301.36
progress 20 15 18 313.406
progress 20 20 13 336.404
progress 20 25 8 362.472
progress 20 30 3 401.172
progress 21 0 33 438.302
progress 21 5 27 425.476
progress 21 10 22 416.292
progress 21 15 17 414.075
progress 21 20 12 421.261
progress 21 25 7 429.351
progress 21 30 2 472.218
progress 22 0 33 786.428
progress 22 5 27 747.722
progress 22 10 22 712.272
progress 22 15 17 688.661
progress 22 20 12 671.989
progress 22 25 7 652.228
progress 22 30 2 657.912
grid_20 attempt 22 step 33 count 376 depth 113
progress 23 0 33 555.438
progress 23 5 28 537.121
progress 23 10 23 523.637
progress 23 15 18 529.813
progress 23 20 13 534.562
progress 23 25 8 546.94
progress 23 30 3 570.543
progress 24 0 33 603.376
progress 24 5 27 573.404
progress 24 10 22 551.906
progress 24 15 17 528.021
progress 24 20 12 511.759
progress 24 25 7 510.635
progress 24 30 2 496.833
progress 25 0 33 572.1
progress 25 5 28 547.364
progress 25 10 23 537.195
progress 25 15 18 521.731
progress 25 20 13 523.245
progress 25 25 8 532.634
progress 25 30 3 545.479
progress 26 0 33 683.501
progress 26 5 27 627.768
progress 26 10 22 587.44
progress 26 15 17 541.799
progress 26 20 12 486.28
progress 26 25 7 452.251
progress 26 30 2 421.31
progress 27 0 33 652.596
progress 27 5 28 625.12
progress 27 10 23 610.445
progress 27 15 18 591.484
progress 27 20 13 577.691
progress 27 25 8 572.954
progress 27 30 3 581.88
progress 28 0 33 834.214
progress 28 5 28 788.725
progress 28 10 23 743.658
progress 28 15 18 704.061
progress 28 20 13 673.353
progress 28 25 8 632.886
progress 28 30 3 605.02
progress 29 0 33 399.192
progress 29 5 27 400.061
progress 29 10 23 399.454
progress 29 15 18 409.243
progress 29 20 13 431.672
progress 29 25 8 450.679
progress 29 30 3 498.567
progress 30 0 33 276.726
progress 30 5 28 269.6
progress 30 10 23 269.221
progress 30 15 18 266.648
progress 30 20 13 269.834
progress 30 25 8 281.455
progress 30 30 3 300.488
progress 31 0 33 694.794
progress 31 5 28 661.967
progress 31 10 23 631.498
progress 31 15 18 607.032
progress 31 20 13 588.583
progress 31 25 8 562.529
progress 31 30 3 560.48
progress 32 0 33 620.111
progress 32 5 27 593.568
progress 32 10 22 572.068
progress 32 15 17 549.346
progress 32 20 12 534.473
progress 32 25 7 532.633
progress 32 30 2 528.09
progress 33 0 33 381.78
progress 33 5 27 373.915
progress 33 10 22 366.233
progress 33 15 17 369.721
progress 33 20 12 385.948
progress 33 25 7 400.342
progress 33 30 2 436.774
progress 34 0 33 575.46
progress 34 5 28 546.898
progress 34 10 23 523.368
progress 34 15 18 502.411
progress 34 20 13 481.789
progress 34 25 8 470.598
progress 34 30 3 460.886
progress 35 0 33 397.701
progress 35 5 27 392.057
progress 35 10 22 378.852
progress 35 15 17 381.391
progress 35 20 12 380.814
progress 35 25 7 397.929
progress 35 30 2 417.133
progress 36 0 33 647.931
progress 36 5 27 630.186
progress 36 10 22 593.116
progress 36 15 17 577.217
progress 36 20 12 549.622
progress 36 25 7 537.635
progress 36 30 2 541.154
progress 37 0 33 494.878
progress 37 5 28 493.474
progress 37 10 23 486.963
progress 37 15 18 506.952
progress 37 20 13 529.42
progress 37 25 8 552.827
progress 37 30 3 597.809
progress 38 0 33 677.318
progress 38 5 28 638.72
progress 38 10 23 605.974
progress 38 15 18 576.327
progress 38 20 13 540.174
progress 38 25 8 518.976
progress 38 30 3 499.356
progress 39 0 33 649.574
progress 39 5 28 630.316
progress 39 10 23 627.126
progress 39 15 18 632.237
progress 39 20 13 637.554
progress 39 25 8 677.544
progress 39 30 3 721.687
progress 40 0 33 451.968
progress 40 5 28 435.039
progress 40 10 23 426.422
progress 40 15 18 420.186
progress 40 20 13 411.63
progress 40 25 8 429.277
progress 40 30 3 437.94
progress 41 0 33 368.627
progress 41 5 27 352.419
progress 41 10 22 346.863
progress 41 15 17 341.068
progress 41 20 12 347.937
progress 41 25 7 355.805
progress 41 30 2 373.282
progress 42 0 33 484.749
progress 42 5 28 468.301
progress 42 10 23 459.303
progress 42 15 18 457.64
progress 42 20 13 463.789
progress 42 25 8 481.982
progress 42 30 3 509.045
progress 43 0 33 754.858
progress 43 5 28 711.685
progress 43 10 23 675.673
progress 43 15 18 636.45
progress 43 20 13 603.516
progress 43 25 8 569.613
progress 43 30 3 537.589
progress 44 0 33 363.817
progress 44 5 28 362.951
progress 44 10 23 364.361
progress 44 15 18 374.057
progress 44 20 13 396.996
progress 44 25 8 421.531
progress 44 30 3 462.343
progress 45 0 33 381.394
progress 45 5 27 377.798
progress 45 10 22 370.654
progress 45 15 17 375.521
progress 45 20 12 386.329
progress 45 25 7 393.8
progress 45 30 2 421.887
progress 46 0 33 597.183
progress 46 5 27 558.38
progress 46 10 22 526.392
progress 46 15 17 500.38
progress 46 20 12 477.507
progress 46 25 7 458.446
progress 46 30 2 435.424
progress 47 0 33 585.215
progress 47 5 28 540.011
progress 47 10 23 492.956
progress 47 15 18 445.946
progress 47 20 13 398.668
progress 47 25 8 352.779
progress 47 30 3 312.612
progress 48 0 33 687.2
progress 48 5 28 649.218
progress 48 10 23 622.553
progress 48 15 18 595.977
progress 48 20 13 572.154
progress 48 25 8 567.212
progress 48 30 3 575.863
progress 49 0 33 591.886
progress 49 5 28 570.132
progress 49 10 23 561.001
progress 49 15 18 552.546
progress 49 20 13 547.023
progress 49 25 8 548.008
progress 49 30 3 554.446
progress 50 0 33 684.083
progress 50 5 27 650.1
progress 50 10 22 625.391
progress 50 15 17 604.948
progress 50 20 12 595.593
progress 50 25 7 590.581
progress 50 30 2 603.364
progress 51 0 33 510.574
progress 51 5 28 495.3
progress 51 10 23 486.293
progress 51 15 18 487.682
progress 51 20 13 499.219
progress 51 25 8 534.193
progress 51 30 3 564.922
progress 52 0 33 488.501
progress 52 5 28 463.208
progress 52 10 23 439.688
progress 52 15 18 415.221
progress 52 20 13 396.661
progress 52 25 8 374.608
progress 52 30 3 360.553
progress 53 0 33 802.219
progress 53 5 27 764.184
progress 53 10 22 732.222
progress 53 15 17 712.333
progress 53 20 12 701.216
progress 53 25 7 702.993
progress 53 30 2 728.198
progress 54 0 33 402.118
progress 54 5 27 372.898
progress 54 10 22 355.926
progress 54 15 17 338.857
progress 54 20 12 330.04
progress 54 25 6 324.787
progress 54 30 2 322.782
progress 55 0 33 660.291
progress 55 5 28 615.761
progress 55 10 23 568.997
progress 55 15 18 521.452
progress 55 20 13 473.388
progress 55 25 8 421.662
progress 55 30 3 376.785
progress 56 0 33 602.43
progress 56 5 27 595.696
progress 56 10 22 585.772
progress 56 15 17 592.963
progress 56 20 12 610.496
progress 56 25 7 627.976
progress 56 30 2 662.815
progress 57 0 33 417.289
progress 57 5 28 398.294
progress 57 10 23 383.505
progress 57 15 18 372.302
progress 57 20 13 364.614
progress 57 25 8 364.139
progress 57 30 3 368.025
progress 58 0 33 708.222
progress 58 5 28 671.144
progress 58 10 23 644.329
progress 58 15 18 620.965
progress 58 20 13 593.07
progress 58 25 8 574.847
progress 58 30 3 566.404
progress 59 0 33 248.215
progress 59 5 28 250.16
progress 59 10 23 260.113
progress 59 15 18 276.042
progress 59 20 13 302.483
progress 59 25 8 342.306
progress 59 30 3 394.857
progress 60 0 33 448.404
progress 60 5 27 421.233
progress 60 10 22 401.882
progress 60 15 17 386.501
progress 60 20 12 372.021
progress 60 25 7 356.374
progress 60 30 2 362.832
progress 61 0 33 517.985
progress 61 5 27 472.645
progress 61 10 22 432.394
progress 61 15 17 401.687
progress 61 20 12 377.796
progress 61 25 7 344.506
progress 61 30 2 327.946
progress 62 0 33 576.023
progress 62 5 27 528.139
progress 62 10 22 487.741
progress 62 15 17 455.132
progress 62 20 12 420.406
progress 62 25 7 392.369
progress 62 30 1 368.037
progress 63 0 33 641.301
progress 63 5 28 600.479
progress 63 10 23 559.165
progress 63 15 18 514.969
progress 63 20 13 472.106
progress 63 25 8 422.014
progress 63 30 3 375.873
progress 64 0 33 499.151
progress 64 5 27 465.92
progress 64 10 22 441.441
progress 64 15 17 422.669
progress 64 20 12 411.874
progress 64 25 7 403.283
progress 64 30 2 398.067
progress 65 0 33 406.103
progress 65 5 28 385.186
progress 65 10 23 365.573
progress 65 15 18 341.594
progress 65 20 13 322.626
progress 65 25 8 305.143
progress 65 30 3 298.517
progress 66 0 33 528.047
progress 66 5 28 513.536
progress 66 10 23 500.362
progress 66 15 18 512.18
progress 66 20 13 523.708
progress 66 25 8 553.652
progress 66 30 3 590.723
progress 67 0 33 690.588
progress 67 5 27 647.179
progress 67 10 22 617.52
progress 67 15 17 588.798
progress 67 20 12 571.872
progress 67 25 7 559.432
progress 67 30 2 562.496
progress 68 0 33 521.025
progress 68 5 28 505.222
progress 68 10 23 490.073
progress 68 15 18 492.361
progress 68 20 13 497.872
progress 68 25 8 502.239
progress 68 30 3 535.294
progress 69 0 33 397.987
progress 69 5 27 383.118
progress 69 10 22 371.941
progress 69 15 17 365.37
progress 69 20 12 361.927
progress 69 25 7 369.989
progress 69 30 2 372.798
progress 70 0 33 478.97
progress 70 5 28 457.57
progress 70 10 23 439.918
progress 70 15 18 426.186
progress 70 20 13 414.6
progress 70 25 8 413.32
progress 70 30 3 417.054
progress 71 0 33 563.08
progress 71 5 28 536.333
progress 71 10 23 516.015
progress 71 15 18 499.744
progress 71 20 13 485.503
progress 71 25 8 483.465
progress 71 30 3 498.827
progress 72 0 33 398.003
progress 72 5 27 370.375
progress 72 10 21 350.21
progress 72 15 17 339.406
progress 72 20 11 334.334
progress 72 25 7 332.89
progress 72 30 2 330.361
progress 73 0 33 443.671
progress 73 5 28 426.328
progress 73 10 23 417.787
progress 73 15 18 409.624
progress 73 20 13 407.331
progress 73 25 8 414.948
progress 73 30 3 437.245
progress 74 0 33 288.686
progress 74 5 28 282.579
progress 74 10 22 282.543
progress 74 15 18 286.58
progress 74 20 13 297.82
progress 74 25 8 311.263
progress 74 30 3 334.426
progress 75 0 33 693.134
progress 75 5 28 664.096
progress 75 10 23 648.489
progress 75 15 18 632.944
progress 75 20 13 610.278
progress 75 25 8 605.083
progress 75 30 3 599.228
progress 76 0 33 512.434
progress 76 5 28 492.96
progress 76 10 23 474.761
progress 76 15 18 466.268
progress 76 20 13 456.593
progress 76 25 8 455.653
progress 76 30 3 461.197
progress 77 0 33 547.962
progress 77 5 28 516.705
progress 77 10 23 490.288
progress 77 15 18 464.978
progress 77 20 13 434.816
progress 77 25 8 406.88
progress 77 30 3 387.102
progress 78 0 33 474.082
progress 78 5 27 471.613
progress 78 10 22 462.447
progress 78 15 18 462.758
progress 78 20 13 474.004
progress 78 25 8 489.847
progress 78 30 3 519.456
progress 79 0 33 674.501
progress 79 5 27 645.913
progress 79 10 22 623.744
progress 79 15 17 596.121
progress 79 20 12 600.318
progress 79 25 7 593.959
progress 79 30 2 590.5
progress 80 0 33 548.817
progress 80 5 28 521.665
progress 80 10 23 504.68
progress 80 15 18 487.914
progress 80 20 13 473.291
progress 80 25 8 460.403
progress 80 30 3 455.867
progress 81 0 33 806.079
progress 81 5 27 749.968
progress 81 10 22 702.196
progress 81 15 17 660.759
progress 81 20 12 624.146
progress 81 25 7 592.036
progress 81 30 2 556.809
progress 82 0 33 799.838
progress 82 5 27 741.679
progress 82 10 22 689.499
progress 82 15 17 637.955
progress 82 20 12 580.505
progress 82 25 7 543.052
progress 82 30 1 485.125
progress 83 0 33 558.469
progress 83 5 28 530.17
progress 83 10 23 505.334
progress 83 15 18 481.867
progress 83 20 13 460.409
progress 83 25 8 442.553
progress 83 30 3 439.109
progress 84 0 33 450.686
progress 84 5 28 429.049
progress 84 10 23 418.352
progress 84 15 18 404.325
progress 84 20 13 394.641
progress 84 25 8 401.291
progress 84 30 3 405.692
progress 85 0 33 632.19
progress 85 5 27 584.414
progress 85 10 22 553.13
progress 85 15 17 512.563
progress 85 20 11 492.055
progress 85 25 7 469.83
progress 85 30 2 457.922
progress 86 0 33 472.278
progress 86 5 28 457.233
progress 86 10 23 451.013
progress 86 15 18 455.818
progress 86 20 13 453.954
progress 86 25 8 460.223
progress 86 30 3 484.974
progress 87 0 33 817.01
progress 87 5 27 761.658
progress 87 10 22 722.024
progress 87 15 17 688.354
progress 87 20 12 663.991
progress 87 25 7 636.061
progress 87 30 1 630.93
progress 88 0 33 717.102
progress 88 5 27 689.988
progress 88 10 22 667.8
progress 88 15 17 651.312
progress 88 20 12 640.404
progress 88 25 7 647.823
progress 88 30 2 639.15
progress 89 0 33 785.983
progress 89 5 28 746.756
progress 89 10 23 713.838
progress 89 15 18 680.546
progress 89 20 13 645.793
progress 89 25 8 619.708
progress 89 30 3 605.99
progress 90 0 33 504.852
progress 90 5 28 478.082
progress 90 10 23 456.821
progress 90 15 18 442.097
progress 90 20 13 427.815
progress 90 25 8 427.18
progress 90 30 3 441.493
progress 91 0 33 620.711
progress 91 5 27 586.97
progress 91 10 22 567.102
progress 91 15 17 552.961
progress 91 20 12 545.495
progress 91 25 7 544.091
progress 91 30 2 566.782
progress 92 0 33 476.741
progress 92 5 28 464.649
progress 92 10 23 460.13
progress 92 15 18 465.54
progress 92 20 13 472.843
progress 92 25 8 483.631
progress 92 30 3 513.903
progress 93 0 33 367.545
progress 93 5 27 342.892
progress 93 10 21 323.782
progress 93 15 17 309.857
progress 93 20 12 294.177
progress 93 25 7 289.356
progress 93 30 2 287.881
progress 94 0 33 408.285
progress 94 5 28 402.326
progress 94 10 23 408.567
progress 94 15 18 416.311
progress 94 20 13 430.821
progress 94 25 8 465.133
progress 94 30 3 502.729
progress 95 0 33 432.549
progress 95 5 27 407.774
progress 95 10 22 387.891
progress 95 15 17 370.11
progress 95 20 12 362.103
progress 95 25 7 350.12
progress 95 30 2 343.004
progress 96 0 33 463.561
progress 96 5 28 438.659
progress 96 10 23 420.55
progress 96 15 18 400.855
progress 96 20 13 389.214
progress 96 25 8 386.56
progress 96 30 3 397.292
progress 97 0 33 683.504
progress 97 5 28 637.284
progress 97 10 23 589.46
progress 97 15 18 541.031
progress 97 20 13 498.314
progress 97 25 8 448.606
progress 97 30 3 402.279
progress 98 0 33 762.621
progress 98 5 27 713.558
progress 98 10 22 676.503
progress 98 15 17 632.853
progress 98 20 12 599.453
progress 98 25 7 571.71
progress 98 30 1 547.106
progress 99 0 33 565.629
progress 99 5 27 528.883
progress 99 10 22 508.057
progress 99 15 17 485.582
progress 99 20 12 472.505
progress 99 25 7 466.719
progress 99 30 2 474.821
progress 100 0 33 573.695
progress 100 5 28 544.528
progress 100 10 23 523.201
progress 100 15 18 504.729
progress 100 20 13 491.282
progress 100 25 8 482.163
progress 100 30 3 476.142
progress 101 0 33 654.393
progress 101 5 28 611.447
progress 101 10 23 568.173
progress 101 15 18 524.871
progress 101 20 13 491.651
progress 101 25 8 443.381
progress 101 30 3 406.246
progress 102 0 33 914.803
progress 102 5 28 868.793
progress 102 10 23 834.883
progress 102 15 18 799.804
progress 102 20 13 776.128
progress 102 25 8 749.688
progress 102 30 3 735.034
progress 103 0 33 623.928
progress 103 5 27 608.718
progress 103 10 22 587.935
progress 103 15 17 587.486
progress 103 20 12 592.854
progress 103 25 7 607.57
progress 103 30 2 631.786
progress 104 0 33 394.133
progress 104 5 28 384.942
progress 104 10 23 387.95
progress 104 15 18 390.934
progress 104 20 13 405.584
progress 104 25 8 426.817
progress 104 30 3 461.16
progress 105 0 33 752.146
progress 105 5 27 729.17
progress 105 10 22 708.017
progress 105 15 17 701
progress 105 20 12 692.787
progress 105 25 7 702.723
progress 105 30 2 726.579
progress 106 0 33 441.749
progress 106 5 28 422.93
progress 106 10 23 411.285
progress 106 15 18 404.317
progress 106 20 13 394.653
progress 106 25 8 392.38
progress 106 30 3 392.584
progress 107 0 33 640.541
progress 107 5 27 625.085
progress 107 10 22 604.448
progress 107 15 16 599.89
progress 107 20 11 610.165
progress 107 25 6 627.099
progress 107 30 1 658.868
progress 108 0 33 564.196
progress 108 5 28 550.868
progress 108 10 23 540.573
progress 108 15 18 552.962
progress 108 20 13 564.672
progress 108 25 8 582.583
progress 108 30 3 619.059
progress 109 0 33 487.84
progress 109 5 27 459.722
progress 109 10 22 443.872
progress 109 15 17 428.381
progress 109 20 12 418.986
progress 109 25 6 405.777
progress 109 30 2 427.496
progress 110 0 33 679.596
progress 110 5 27 659.849
progress 110 10 22 642.835
progress 110 15 17 635.326
progress 110 20 12 641.706
progress 110 25 7 670.223
progress 110 30 2 698.436
progress 111 0 33 741.736
progress 111 5 28 703.989
progress 111 10 23 681.395
progress 111 15 18 651.941
progress 111 20 13 637.281
progress 111 25 8 632.471
progress 111 30 3 635.646
progress 112 0 33 737.221
progress 112 5 27 683.273
progress 112 10 22 641.296
progress 112 15 17 597.875
progress 112 20 12 561.558
progress 112 25 7 533.486
progress 112 30 2 501.167
progress 113 0 33 466.917
progress 113 5 28 440.976
progress 113 10 23 418.905
progress 113 15 18 397.198
progress 113 20 13 373.552
progress 113 25 8 352.959
progress 113 30 3 342.408
progress 114 0 33 697.05
progress 114 5 28 662.274
progress 114 10 23 641.432
progress 114 15 18 616.228
progress 114 20 13 582.793
progress 114 25 8 573.25
progress 114 30 3 570.513
progress 115 0 33 673.773
progress 115 5 28 635.703
progress 115 10 23 600.775
progress 115 15 18 567.746
progress 115 20 13 531.446
progress 115 25 8 492.82
progress 115 30 3 461.519
progress 116 0 33 705.533
progress 116 5 27 658.634
progress 116 10 22 619.291
progress 116 15 17 576.697
progress 116 20 12 538.994
progress 116 25 7 508.32
progress 116 30 2 472.617
progress 117 0 33 487.731
progress 117 5 28 471.496
progress 117 10 23 467.407
progress 117 15 18 463.666
progress 117 20 13 465.141
progress 117 25 8 481.55
progress 117 30 3 507.805
progress 118 0 33 593.469
progress 118 5 28 572.427
progress 118 10 23 560.482
progress 118 15 18 553.509
progress 118 20 13 540.641
progress 118 25 8 538.523
progress 118 30 3 543.778
progress 119 0 33 401.771
progress 119 5 27 376.436
progress 119 10 22 358.105
progress 119 15 17 342.678
progress 119 20 12 334.371
progress 119 25 7 326.832
progress 119 30 2 326.474
progress 120 0 33 652.273
progress 120 5 28 626.12
progress 120 10 23 605.862
progress 120 15 18 586.571
progress 120 20 13 579.502
progress 120 25 8 572.455
progress 120 30 3 566.775
progress 121 0 33 865.095
progress 121 5 28 812.071
progress 121 10 23 767.602
progress 121 15 18 720.038
progress 121 20 13 668.554
progress 121 25 8 623.544
progress 121 30 3 576.547
progress 122 0 33 231.516
progress 122 5 28 230.718
progress 122 10 23 236.551
progress 122 15 18 246.105
progress 122 20 13 262.967
progress 122 25 8 282.136
progress 122 30 3 317.955
progress 123 0 33 622.239
progress 123 5 28 593.055
progress 123 10 23 570.225
progress 123 15 18 538.522
progress 123 20 13 526.067
progress 123 25 8 498.97
progress 123 30 3 494.149
progress 124 0 33 565.288
progress 124 5 28 543.262
progress 124 10 23 528.873
progress 124 15 18 516.938
progress 124 20 13 501.047
progress 124 25 8 495.228
progress 124 30 3 507.051
progress 125 0 33 665.049
progress 125 5 27 611.586
progress 125 10 22 575.263
progress 125 15 17 538.593
progress 125 20 12 511.238
progress 125 25 7 474.321
progress 125 30 2 446.112
progress 126 0 33 556.148
progress 126 5 27 519.064
progress 126 10 22 491.009
progress 126 15 17 460.361
progress 126 20 12 433.621
progress 126 25 7 422.107
progress 126 30 2 402.144
progress 127 0 33 818.928
progress 127 5 27 770.497
progress 127 10 22 724.697
progress 127 15 17 688.293
progress 127 20 12 639.781
progress 127 25 7 620.948
progress 127 30 2 591.928
progress 128 0 33 772
progress 128 5 28 731.362
progress 128 10 23 697.279
progress 128 15 18 665.744
progress 128 20 13 633.768
progress 128 25 8 629.422
progress 128 30 3 624.641
progress 129 0 33 560.949
progress 129 5 28 536.796
progress 129 10 23 513.915
progress 129 15 18 505.268
progress 129 20 13 484.745
progress 129 25 8 493.566
progress 129 30 3 486.853
progress 130 0 33 702.146
progress 130 5 27 663.86
progress 130 10 22 633.437
progress 130 15 17 601.474
progress 130 20 12 578.816
progress 130 25 7 579.486
progress 130 30 2 573.095
progress 131 0 33 646.405
progress 131 5 27 595.378
progress 131 10 21 551.438
progress 131 15 16 513.345
progress 131 20 11 476.39
progress 131 25 4 432.226
progress 131 30 0 414.369
progress 132 0 33 545.679
progress 132 5 28 520.7
progress 132 10 23 506.058
progress 132 15 18 493.325
progress 132 20 13 484.239
progress 132 25 8 495.914
progress 132 30 3 517.471
progress 133 0 33 398.248
progress 133 5 27 384.896
progress 133 10 22 374.611
progress 133 15 17 372.67
progress 133 20 12 376.723
progress 133 25 7 381.027
progress 133 30 2 410.372
progress 134 0 33 307.772
progress 134 5 28 307.855
progress 134 10 23 308.972
progress 134 15 18 317.011
progress 134 20 13 333.453
progress 134 25 8 354.407
progress 134 30 3 395.125
progress 135 0 33 545.366
progress 135 5 27 524.206
progress 135 10 22 511.133
progress 135 15 17 504.485
progress 135 20 12 510.883
progress 135 25 7 517.908
progress 135 30 2 545.109
progress 136 0 33 544.297
progress 136 5 28 523.068
progress 136 10 23 514.267
progress 136 15 18 503.737
progress 136 20 13 497.84
progress 136 25 8 499.406
progress 136 30 3 514.322
progress 137 0 33 491.978
progress 137 5 27 458.336
progress 137 10 22 440.431
progress 137 15 17 420.865
progress 137 20 12 406.682
progress 137 25 7 409.646
progress 137 30 2 423.504
progress 138 0 33 595.207
progress 138 5 28 570.19
progress 138 10 23 556.865
progress 138 15 18 550.367
progress 138 20 13 536.297
progress 138 25 8 532.999
progress 138 30 3 550.868
grid_20 attempt 138 FINAL count 349 depth 112
progress 139 0 33 615.23
progress 139 5 28 576.766
progress 139 10 23 546.096
progress 139 15 18 515.034
progress 139 20 13 487.573
progress 139 25 8 469.358
progress 139 30 3 471.857
progress 140 0 33 650.538
progress 140 5 27 636.547
progress 140 10 22 621.623
progress 140 15 17 610.356
progress 140 20 12 615.831
progress 140 25 7 626.093
progress 140 30 2 649.994
progress 141 0 33 521.534
progress 141 5 28 500.811
progress 141 10 23 488.103
progress 141 15 18 477.282
progress 141 20 13 466.782
progress 141 25 8 468.228
progress 141 30 3 484.454
progress 142 0 33 617.199
progress 142 5 28 594.026
progress 142 10 23 582.753
progress 142 15 18 571.015
progress 142 20 13 562.184
progress 142 25 8 560.549
progress 142 30 3 570.011
progress 143 0 33 571.589
progress 143 5 27 553.775
progress 143 10 22 537.13
progress 143 15 17 523.721
progress 143 20 12 521.359
progress 143 25 7 539.312
progress 143 30 2 550.316
progress 144 0 33 730.942
progress 144 5 27 708.063
progress 144 10 22 687.721
progress 144 15 17 682.836
progress 144 20 12 689.575
progress 144 25 7 700.441
progress 144 30 2 736.427
progress 145 0 33 410.918
progress 145 5 28 393.699
progress 145 10 23 382.759
progress 145 15 18 376.507
progress 145 20 13 371.656
progress 145 25 8 374.079
progress 145 30 3 392.088
progress 146 0 33 639.652
progress 146 5 28 610.369
progress 146 10 23 592.78
progress 146 15 18 568.015
progress 146 20 13 549.537
progress 146 25 8 537.752
progress 146 30 3 526.804
progress 147 0 33 847.475
progress 147 5 28 797.504
progress 147 10 23 759.861
progress 147 15 18 715.503
progress 147 20 13 686.542
progress 147 25 8 660.788
progress 147 30 3 656.381
progress 148 0 33 526.405
progress 148 5 27 512.969
progress 148 10 22 500.325
progress 148 15 17 491.781
progress 148 20 12 488.607
progress 148 25 7 496.732
progress 148 30 2 512.859
progress 149 0 33 694.284
progress 149 5 27 677.609
progress 149 10 22 643.735
progress 149 15 18 635.747
progress 149 20 13 619.179
progress 149 25 8 621.245
progress 149 30 3 625.626
progress 150 0 33 534.989
progress 150 5 27 521.035
progress 150 10 22 486.894
progress 150 15 17 471.93
progress 150 20 12 462.483
progress 150 25 7 449.164
progress 150 30 2 448.826
progress 151 0 33 561.011
progress 151 5 28 558.78
progress 151 10 22 547.603
progress 151 15 18 563.052
progress 151 20 13 584.379
progress 151 25 8 616.041
progress 151 30 3 657.673
progress 152 0 33 471.819
progress 152 5 27 445.238
progress 152 10 21 427.93
progress 152 15 17 417.369
progress 152 20 12 416.316
progress 152 25 7 409.161
progress 152 30 2 427.999
progress 153 0 33 552.942
progress 153 5 28 547.761
progress 153 10 22 539.965
progress 153 15 18 556.891
progress 153 20 13 568.468
progress 153 25 8 594
progress 153 30 3 632.949
progress 154 0 33 507.768
progress 154 5 27 494.411
progress 154 10 21 479.304
progress 154 15 18 480.772
progress 154 20 13 488.405
progress 154 25 8 496.816
progress 154 30 3 530.705
progress 155 0 33 602.431
progress 155 5 27 589.002
progress 155 10 22 569.302
progress 155 15 17 572.355
progress 155 20 12 579.896
progress 155 25 7 593.085
progress 155 30 2 609.514
progress 156 0 33 476.868
progress 156 5 27 465.987
progress 156 10 22 455.724
progress 156 15 17 460.149
progress 156 20 12 471.949
progress 156 25 7 482.41
progress 156 30 2 520.152
progress 157 0 33 550.158
progress 157 5 28 525.18
progress 157 10 23 508.843
progress 157 15 18 493.266
progress 157 20 13 485.743
progress 157 25 8 491.666
progress 157 30 3 511.049
progress 158 0 33 692.212
progress 158 5 28 657.634
progress 158 10 23 635.506
progress 158 15 18 611.369
progress 158 20 13 596.823
progress 158 25 8 583.649
progress 158 30 3 589.959
progress 159 0 33 682.564
progress 159 5 28 648.188
progress 159 10 23 620.631
progress 159 15 18 596.048
progress 159 20 13 575.21
progress 159 25 8 558.853
progress 159 30 3 543.855
progress 160 0 33 694.268
progress 160 5 27 649.751
progress 160 10 22 615.908
progress 160 15 17 578.611
progress 160 20 12 548.573
progress 160 25 7 538.462
progress 160 30 1 508.105
progress 161 0 33 740.869
progress 161 5 27 707.062
progress 161 10 22 675.672
progress 161 15 17 658.312
progress 161 20 12 654.594
progress 161 25 7 645.744
progress 161 30 2 671.881
progress 162 0 33 421.781
progress 162 5 28 409.445
progress 162 10 23 405.92
progress 162 15 18 408.549
progress 162 20 13 416.271
progress 162 25 8 427.494
progress 162 30 3 462.274
progress 163 0 33 564.309
progress 163 5 27 540.795
progress 163 10 22 525.276
progress 163 15 17 508.283
progress 163 20 12 511.177
progress 163 25 7 524.022
progress 163 30 2 518.266
progress 164 0 33 716.02
progress 164 5 28 670.502
progress 164 10 23 629.508
progress 164 15 18 594.314
progress 164 20 13 560.126
progress 164 25 8 530.078
progress 164 30 3 502.929
progress 165 0 33 417.92
progress 165 5 27 385.187
progress 165 10 22 360.472
progress 165 15 17 337.287
progress 165 20 12 317.373
progress 165 25 7 300.91
progress 165 30 2 289.368
progress 166 0 33 868.279
progress 166 5 27 815.861
progress 166 10 22 772.249
progress 166 15 17 733.471
progress 166 20 12 711.32
progress 166 25 7 674.314
progress 166 30 2 673.612
progress 167 0 33 688.707
progress 167 5 27 638.035
progress 167 10 22 595.974
progress 167 15 17 560.876
progress 167 20 12 530.306
progress 167 25 7 504.589
progress 167 30 2 485.756
progress 168 0 33 634.272
progress 168 5 27 592.606
progress 168 10 22 559.371
progress 168 15 17 522.934
progress 168 20 12 489.208
progress 168 25 7 472.657
progress 168 30 2 438.348
progress 169 0 33 578.209
progress 169 5 28 549.595
progress 169 10 23 526.462
progress 169 15 18 506.936
progress 169 20 13 492.382
progress 169 25 8 485.551
progress 169 30 3 496.565
progress 170 0 33 539.166
progress 170 5 28 538.603
progress 170 10 22 528.005
progress 170 15 18 533.085
progress 170 20 13 551.327
progress 170 25 8 575.264
progress 170 30 3 616.55
progress 171 0 33 493.398
progress 171 5 28 487.747
progress 171 10 23 493.62
progress 171 15 18 516.707
progress 171 20 13 549.609
progress 171 25 8 599.071
progress 171 30 3 642.073
progress 172 0 33 468.816
progress 172 5 27 461.89
progress 172 10 22 457.133
progress 172 15 18 462.767
progress 172 20 13 473.398
progress 172 25 8 487.507
progress 172 30 3 525.318
progress 173 0 33 451.389
progress 173 5 28 438.308
progress 173 10 23 436.124
progress 173 15 18 439.302
progress 173 20 13 444.128
progress 173 25 8 464.992
progress 173 30 3 493.92
progress 174 0 33 619.831
progress 174 5 28 577.448
progress 174 10 23 535.444
progress 174 15 18 491.887
progress 174 20 13 448.769
progress 174 25 8 402.698
progress 174 30 3 368.205
progress 175 0 33 726.542
progress 175 5 27 678.804
progress 175 10 22 638.604
progress 175 15 17 597.977
progress 175 20 12 563.942
progress 175 25 7 536.502
progress 175 30 1 500.561
progress 176 0 33 546.736
progress 176 5 28 516.943
progress 176 10 23 487.961
progress 176 15 18 460.53
progress 176 20 13 429.097
progress 176 25 8 403.181
progress 176 30 3 387.33
progress 177 0 33 520.633
progress 177 5 28 510.438
progress 177 10 23 515.619
progress 177 15 18 527.804
progress 177 20 13 537.429
progress 177 25 8 587.76
progress 177 30 3 654.872
progress 178 0 33 373.301
progress 178 5 28 362.38
progress 178 10 23 363.006
progress 178 15 18 362.266
progress 178 20 13 370.293
progress 178 25 8 387.703
progress 178 30 3 417.409
progress 179 0 33 379.848
progress 179 5 28 367.948
progress 179 10 23 363.579
progress 179 15 18 368.559
progress 179 20 13 375.966
progress 179 25 8 398.456
progress 179 30 3 418.21
progress 180 0 33 287.91
progress 180 5 28 278.533
progress 180 10 23 276.168
progress 180 15 18 278.167
progress 180 20 13 289.299
progress 180 25 8 311.216
progress 180 30 3 342.557
progress 181 0 33 309.954
progress 181 5 28 293.866
progress 181 10 23 282.419
progress 181 15 18 273.239
progress 181 20 13 267.32
progress 181 25 8 266.822
progress 181 30 3 275.097
progress 182 0 33 416.431
progress 182 5 27 412.315
progress 182 10 22 396.924
progress 182 15 17 392.603
progress 182 20 12 394.058
progress 182 25 7 397.931
progress 182 30 2 414.95
progress 183 0 33 324.182
progress 183 5 28 315.007
progress 183 10 23 313.981
progress 183 15 18 314.121
progress 183 20 13 319.151
progress 183 25 8 333.447
progress 183 30 3 339.682
progress 184 0 33 619.475
progress 184 5 28 584.58
progress 184 10 23 555.954
progress 184 15 18 527.747
progress 184 20 13 502.404
progress 184 25 8 488.002
progress 184 30 3 482.978
progress 185 0 33 545.094
progress 185 5 27 512.764
progress 185 10 22 487.918
progress 185 15 17 470.4
progress 185 20 12 458.841
progress 185 25 7 450.078
progress 185 30 2 456.735
progress 186 0 33 562.114
progress 186 5 27 540.956
progress 186 10 22 521.695
progress 186 15 17 501.753
progress 186 20 12 489.529
progress 186 25 7 490.594
progress 186 30 2 489.485
progress 187 0 33 442.871
progress 187 5 28 430.408
progress 187 10 23 428.464
progress 187 15 18 429.583
progress 187 20 13 432.901
progress 187 25 8 440.627
progress 187 30 3 459.704
progress 188 0 33 598.422
progress 188 5 28 564.272
progress 188 10 23 537.27
progress 188 15 18 510.971
progress 188 20 13 484.075
progress 188 25 8 473.799
progress 188 30 3 465.301
progress 189 0 33 399.304
progress 189 5 27 387.391
progress 189 10 22 383.971
progress 189 15 17 386.125
progress 189 20 12 400.642
progress 189 25 8 407.736
progress 189 30 3 435.739
progress 190 0 33 460.928
progress 190 5 27 457.35
progress 190 10 22 451.108
progress 190 15 18 456.356
progress 190 20 13 470.766
progress 190 25 8 492.798
progress 190 30 3 532.091
progress 191 0 33 589.776
progress 191 5 27 574.587
progress 191 10 22 558.244
progress 191 15 17 554.381
progress 191 20 12 553.178
progress 191 25 7 563.485
progress 191 30 2 574.804
progress 192 0 33 535.112
progress 192 5 27 505.884
progress 192 10 21 489.362
progress 192 15 17 479.729
progress 192 20 12 478.953
progress 192 25 7 476.351
progress 192 30 2 494.737
progress 193 0 33 745.827
progress 193 5 27 709.344
progress 193 10 22 678.742
progress 193 15 17 656.361
progress 193 20 12 637.631
progress 193 25 7 627.36
progress 193 30 2 634.258
progress 194 0 33 321.1
progress 194 5 27 311.854
progress 194 10 22 314.451
progress 194 15 18 317.247
progress 194 20 13 332.235
progress 194 25 8 348.419
progress 194 30 3 386.851
progress 195 0 33 757.335
progress 195 5 27 713.669
progress 195 10 22 678.742
progress 195 15 17 642.246
progress 195 20 12 611.568
progress 195 25 7 595.365
progress 195 30 2 569.398
progress 196 0 33 551.131
progress 196 5 27 534.024
progress 196 10 22 501.922
progress 196 15 17 501.493
progress 196 20 12 500.499
progress 196 25 7 500.049
progress 196 30 2 515.839
progress 197 0 33 489.007
progress 197 5 27 438.209
progress 197 10 22 396.13
progress 197 15 16 358.642
progress 197 20 10 311.496
progress 197 25 5 277.941
progress 197 30 0 251.213
progress 198 0 33 521.581
progress 198 5 28 485.34
progress 198 10 23 449.37
progress 198 15 18 413.002
progress 198 20 13 374.882
progress 198 25 8 338.717
progress 198 30 3 310.86
progress 199 0 33 646.209
progress 199 5 28 614.026
progress 199 10 23 590.951
progress 199 15 18 566.258
progress 199 20 13 540.659
progress 199 25 8 512.323
progress 199 30 3 494.551
progress 200 0 33 556.873
progress 200 5 27 530.835
progress 200 10 22 510.567
progress 200 15 17 489.285
progress 200 20 12 470.897
progress 200 25 7 461.822
progress 200 30 2 459.917
progress 201 0 33 640.954
progress 201 5 27 612.818
progress 201 10 22 593.406
progress 201 15 17 573.555
progress 201 20 12 565.927
progress 201 25 6 563.861
progress 201 30 2 588.957
progress 202 0 33 456.252
progress 202 5 27 449.564
progress 202 10 22 438.489
progress 202 15 17 433.916
progress 202 20 12 449.639
progress 202 25 7 456.074
progress 202 30 2 485.492
progress 203 0 33 507.257
progress 203 5 26 461.259
progress 203 10 21 426.704
progress 203 15 16 396.094
progress 203 20 9 358.158
progress 203 25 4 342.133
progress 203 30 0 351.507
progress 204 0 33 441.563
progress 204 5 28 433.198
progress 204 10 23 439.237
progress 204 15 18 446.837
progress 204 20 13 465.063
progress 204 25 8 493.54
progress 204 30 3 539.415
progress 205 0 33 502.245
progress 205 5 27 468.553
progress 205 10 21 445.149
progress 205 15 17 429.066
progress 205 20 12 415.195
progress 205 25 7 413.879
progress 205 30 2 412.619
progress 206 0 33 519.898
progress 206 5 28 497.133
progress 206 10 23 482.715
progress 206 15 18 469.729
progress 206 20 13 451.874
progress 206 25 8 449.421
progress 206 30 3 456.522
progress 207 0 33 293.132
progress 207 5 27 291.992
progress 207 10 22 289.035
progress 207 15 18 292.046
progress 207 20 13 303.554
progress 207 25 8 324.923
progress 207 30 3 343.937
progress 208 0 33 628.227
progress 208 5 27 595.694
progress 208 10 22 565.327
progress 208 15 17 538.971
progress 208 20 12 509.444
progress 208 25 7 487.734
progress 208 30 2 471.524
progress 209 0 33 789.811
progress 209 5 28 759.933
progress 209 10 23 739.124
progress 209 15 18 722.338
progress 209 20 13 706.119
progress 209 25 8 720.436
progress 209 30 3 734.078
progress 210 0 33 717.119
progress 210 5 28 690.331
progress 210 10 23 678.862
progress 210 15 18 664.215
progress 210 20 13 665.859
progress 210 25 8 668.725
progress 210 30 3 679.953
progress 211 0 33 383.338
progress 211 5 28 370.56
progress 211 10 23 362.957
progress 211 15 18 363.313
progress 211 20 13 366.627
progress 211 25 8 381.098
progress 211 30 3 414.781
progress 212 0 33 670.472
progress 212 5 28 634.465
progress 212 10 23 610.145
progress 212 15 18 585.072
progress 212 20 13 555.267
progress 212 25 8 528.452
progress 212 30 3 509.164
progress 213 0 33 739.023
progress 213 5 28 706.177
progress 213 10 23 688.553
progress 213 15 18 668.979
progress 213 20 13 648.178
progress 213 25 8 632.072
progress 213 30 3 631.78
progress 214 0 33 408.532
progress 214 5 28 391.604
progress 214 10 23 376.72
progress 214 15 18 364.998
progress 214 20 13 351.475
progress 214 25 8 341.889
progress 214 30 3 338.714
progress 215 0 33 486.891
progress 215 5 28 446.765
progress 215 10 23 405.53
progress 215 15 18 363.411
progress 215 20 13 321.046
progress 215 25 8 281.41
progress 215 30 3 245.72
progress 216 0 33 790.017
progress 216 5 27 765.248
progress 216 10 22 738.537
progress 216 15 17 729.364
progress 216 20 12 729.936
progress 216 25 7 747.533
progress 216 30 2 774.705
progress 217 0 33 870.181
progress 217 5 28 816.583
progress 217 10 23 769.727
progress 217 15 18 718.682
progress 217 20 13 669.347
progress 217 25 8 622.144
progress 217 30 3 592.278
progress 218 0 33 377.385
progress 218 5 28 367.555
progress 218 10 23 368.343
progress 218 15 18 369.929
progress 218 20 13 376.9
progress 218 25 8 397.991
progress 218 30 3 406.066
progress 219 0 33 405.196
progress 219 5 27 394.303
progress 219 10 22 383.418
progress 219 15 17 383.071
progress 219 20 12 387.05
progress 219 25 7 397.545
progress 219 30 2 432.962
progress 220 0 33 666.014
progress 220 5 28 621.321
progress 220 10 23 575.518
progress 220 15 18 529.402
progress 220 20 13 490.483
progress 220 25 8 439.522
progress 220 30 3 401.539
progress 221 0 33 266.091
progress 221 5 27 256.551
progress 221 10 22 251.2
progress 221 15 17 249.052
progress 221 20 12 247.239
progress 221 25 7 250.501
progress 221 30 2 261.104
progress 222 0 33 383.188
progress 222 5 28 364.572
progress 222 10 23 350.353
progress 222 15 18 337.942
progress 222 20 13 322.971
progress 222 25 8 311.451
progress 222 30 3 306.223
progress 223 0 33 661.478
progress 223 5 28 629.767
progress 223 10 23 603.661
progress 223 15 18 578.185
progress 223 20 13 558.274
progress 223 25 8 541.076
progress 223 30 3 529.04
progress 224 0 33 311.608
progress 224 5 27 297.202
progress 224 10 22 289.047
progress 224 15 17 285.289
progress 224 20 12 284.348
progress 224 25 7 285.45
progress 224 30 2 306.259
progress 225 0 33 405.443
progress 225 5 28 391.093
progress 225 10 23 379.775
progress 225 15 18 373.615
progress 225 20 13 373.123
progress 225 25 8 373.964
progress 225 30 3 378.739
progress 226 0 33 411.319
progress 226 5 28 399.031
progress 226 10 23 395.878
progress 226 15 18 393.455
progress 226 20 13 397.402
progress 226 25 8 415.644
progress 226 30 3 450.57
progress 227 0 33 556.123
progress 227 5 28 521.361
progress 227 10 23 489.848
progress 227 15 18 458.333
progress 227 20 13 430.494
progress 227 25 8 403.32
progress 227 30 3 387.434
progress 228 0 33 340.08
progress 228 5 27 317.88
progress 228 10 22 302.111
progress 228 15 17 287.701
progress 228 20 12 276.688
progress 228 25 7 264.707
progress 228 30 2 260.582
progress 229 0 33 649.846
progress 229 5 27 616.596
progress 229 10 22 592.301
progress 229 15 17 571.793
progress 229 20 12 574.439
progress 229 25 7 563.105
progress 229 30 2 579.03
progress 230 0 33 433.877
progress 230 5 27 407.773
progress 230 10 22 391.994
progress 230 15 17 378.093
progress 230 20 12 372.094
progress 230 25 7 375.711
progress 230 30 2 395.081
progress 231 0 33 336.628
progress 231 5 28 335.591
progress 231 10 23 342.045
progress 231 15 18 354.289
progress 231 20 13 371.127
progress 231 25 8 407.868
progress 231 30 3 461.599
progress 232 0 33 635.363
progress 232 5 28 605.412
progress 232 10 23 582.384
progress 232 15 18 561.189
progress 232 20 13 540.647
progress 232 25 8 539.311
progress 232 30 3 538.553
progress 233 0 33 731.214
progress 233 5 27 692.937
progress 233 10 22 666.618
progress 233 15 17 639.551
progress 233 20 12 635.302
progress 233 25 7 639.041
progress 233 30 2 643.802
progress 234 0 33 565.242
progress 234 5 28 542.636
progress 234 10 23 527.414
progress 234 15 18 516.264
progress 234 20 13 506.653
progress 234 25 8 502.635
progress 234 30 3 508.91
progress 235 0 33 522.306
progress 235 5 27 484.709
progress 235 10 22 458.722
progress 235 15 17 441.097
progress 235 20 12 433.512
progress 235 25 7 418.385
progress 235 30 2 422.357
progress 236 0 33 630.877
progress 236 5 28 596.247
progress 236 10 23 564.432
progress 236 15 18 529.267
progress 236 20 13 498.95
progress 236 25 8 458.557
progress 236 30 3 434.969
progress 237 0 33 506.151
progress 237 5 28 485.832
progress 237 10 23 463.433
progress 237 15 18 451.96
progress 237 20 13 440.259
progress 237 25 8 436.165
progress 237 30 3 449.363
progress 238 0 33 736.727
progress 238 5 27 679.15
progress 238 10 22 634.005
progress 238 15 17 587.848
progress 238 20 12 538.184
progress 238 25 7 500.622
progress 238 30 1 468.683
progress 239 0 33 613.234
progress 239 5 27 601.896
progress 239 10 22 588.151
progress 239 15 17 582.09
progress 239 20 12 597.184
progress 239 25 7 608.226
progress 239 30 2 657.167
progress 240 0 33 689.009
progress 240 5 27 675.431
progress 240 10 22 660.611
progress 240 15 17 660.255
progress 240 20 12 680.188
progress 240 25 7 697.825
progress 240 30 2 739.325
progress 241 0 33 547.614
progress 241 5 27 524.461
progress 241 10 22 508.306
progress 241 15 17 501.402
progress 241 20 12 504.727
progress 241 25 7 506.445
progress 241 30 2 521.71
progress 242 0 33 517.232
progress 242 5 28 502.386
progress 242 10 23 497.307
progress 242 15 18 506.092
progress 242 20 13 523.831
progress 242 25 8 555.296
progress 242 30 3 607.515
progress 243 0 33 660.633
progress 243 5 27 619.051
progress 243 10 22 585.22
progress 243 15 17 559.063
progress 243 20 12 542.177
progress 243 25 7 527.742
progress 243 30 2 509.405
progress 244 0 33 544.022
progress 244 5 28 540.485
progress 244 10 22 522.753
progress 244 15 17 545.2
progress 244 20 12 564.291
progress 244 25 7 593.297
progress 244 30 2 640.924
progress 245 0 33 520.514
progress 245 5 28 491.867
progress 245 10 23 467.923
progress 245 15 18 447.86
progress 245 20 13 431.582
progress 245 25 8 424.372
progress 245 30 3 436.327
progress 246 0 33 351.079
progress 246 5 27 325.021
progress 246 10 22 308.137
progress 246 15 17 290.634
progress 246 20 12 277.407
progress 246 25 7 265.223
progress 246 30 2 257.076
progress 247 0 33 774.709
progress 247 5 28 747.349
progress 247 10 23 729.168
progress 247 15 18 719.232
progress 247 20 13 717.626
progress 247 25 8 735.636
progress 247 30 3 762.633
progress 248 0 33 450.57
progress 248 5 28 432.398
progress 248 10 23 419.507
progress 248 15 18 408.695
progress 248 20 13 396.777
progress 248 25 8 395.729
progress 248 30 3 401.406
progress 249 0 33 614.313
progress 249 5 28 589.754
progress 249 10 23 572.788
progress 249 15 18 560.506
progress 249 20 13 554.584
progress 249 25 8 553.313
progress 249 30 3 555.826
progress 250 0 33 545.792
progress 250 5 27 497.591
progress 250 10 22 459.695
progress 250 15 17 422.12
progress 250 20 12 385.082
progress 250 25 7 352.205
progress 250 30 1 324.133
progress 251 0 33 507.987
progress 251 5 27 496.79
progress 251 10 22 488.29
progress 251 15 17 488.487
progress 251 20 12 509.662
progress 251 25 7 531.863
progress 251 30 2 569.665
progress 252 0 33 385.829
progress 252 5 27 381.048
progress 252 10 22 376.092
progress 252 15 17 381.309
progress 252 20 12 393.276
progress 252 25 7 407.091
progress 252 30 2 438.627
progress 253 0 33 469.212
progress 253 5 28 440.992
progress 253 10 23 417.787
progress 253 15 18 395.292
progress 253 20 13 378.902
progress 253 25 8 367.681
progress 253 30 3 369.458
progress 254 0 33 465.636
progress 254 5 27 455.299
progress 254 10 22 440.954
progress 254 15 17 434.269
progress 254 20 12 438.885
progress 254 25 6 439.737
progress 254 30 1 467.505
progress 255 0 33 594.813
progress 255 5 28 551.42
progress 255 10 23 511.287
progress 255 15 18 474.48
progress 255 20 13 435.189
progress 255 25 8 400.903
progress 255 30 3 387.306
progress 256 0 33 660.148
progress 256 5 28 628.923
progress 256 10 23 599.331
progress 256 15 18 575.637
progress 256 20 13 554.493
progress 256 25 8 529.822
progress 256 30 3 507.402
progress 257 0 33 611.177
progress 257 5 28 589.374
progress 257 10 23 564.826
progress 257 15 18 552.975
progress 257 20 13 548.178
progress 257 25 8 572.581
progress 257 30 3 580.666
progress 258 0 33 768.019
progress 258 5 28 737.85
progress 258 10 23 722.992
progress 258 15 18 706.323
progress 258 20 13 685.918
progress 258 25 8 693.822
progress 258 30 3 702.514
progress 259 0 33 589.941
progress 259 5 27 581.207
progress 259 10 22 568.913
progress 259 15 17 574.814
progress 259 20 12 586.502
progress 259 25 7 615.589
progress 259 30 2 646.366
progress 260 0 33 719.685
progress 260 5 28 679.58
progress 260 10 23 643.791
progress 260 15 18 609.383
progress 260 20 13 573.739
progress 260 25 8 523.186
progress 260 30 3 484.047
progress 261 0 33 470.776
progress 261 5 28 460.441
progress 261 10 23 462.484
progress 261 15 18 468.443
progress 261 20 13 478.127
progress 261 25 8 501.561
progress 261 30 3 540.448
progress 262 0 33 318.614
progress 262 5 27 306.317
progress 262 10 22 301.786
progress 262 15 17 301.6
progress 262 20 12 310.293
progress 262 25 7 320.489
progress 262 30 2 343.877
progress 263 0 33 763.203
progress 263 5 28 732.386
progress 263 10 23 716.98
progress 263 15 18 712.621
progress 263 20 13 707.376
progress 263 25 8 695.02
progress 263 30 3 713.857
progress 264 0 33 404.424
progress 264 5 28 394.449
progress 264 10 23 388.696
progress 264 15 18 395.692
progress 264 20 13 404.499
progress 264 25 8 425.33
progress 264 30 3 449.489
progress 265 0 33 693.383
progress 265 5 27 643.105
progress 265 10 22 608.597
progress 265 15 17 574.705
progress 265 20 12 551.72
progress 265 25 7 529.657
progress 265 30 2 516.159
progress 266 0 33 448.584
progress 266 5 27 439.538
progress 266 10 22 427.313
progress 266 15 18 426.623
progress 266 20 13 431.863
progress 266 25 8 445.849
progress 266 30 3 466.718
progress 267 0 33 817.868
progress 267 5 27 771.026
progress 267 10 22 731.186
progress 267 15 17 685.758
progress 267 20 12 668.305
progress 267 25 7 644.335
progress 267 30 2 629.674
progress 268 0 33 469.337
progress 268 5 28 453.3
progress 268 10 23 444.885
progress 268 15 18 445.567
progress 268 20 13 455.155
progress 268 25 8 468.796
progress 268 30 3 479.933
progress 269 0 33 422.479
progress 269 5 27 421.015
progress 269 10 22 416.268
progress 269 15 17 418.586
progress 269 20 12 430.545
progress 269 25 7 453.207
progress 269 30 2 488.422
progress 270 0 33 592.742
progress 270 5 28 563.635
progress 270 10 23 542.977
progress 270 15 18 519.813
progress 270 20 13 503.588
progress 270 25 8 492.361
progress 270 30 3 483.162
progress 271 0 33 477.789
progress 271 5 27 463.502
progress 271 10 22 457.335
progress 271 15 18 459.176
progress 271 20 13 469.682
progress 271 25 8 490.274
progress 271 30 3 531.193
progress 272 0 33 329.642
progress 272 5 28 331.284
progress 272 10 23 334.031
progress 272 15 18 348.379
progress 272 20 13 364.675
progress 272 25 8 378.501
progress 272 30 3 423.684
progress 273 0 33 368.274
progress 273 5 28 353.144
progress 273 10 23 345.009
progress 273 15 18 336.72
progress 273 20 13 333.347
progress 273 25 8 340.804
progress 273 30 3 357.693
progress 274 0 33 411.491
progress 274 5 28 386.401
progress 274 10 23 359.53
progress 274 15 18 333.236
progress 274 20 13 301.785
progress 274 25 8 273.761
progress 274 30 3 256.537
progress 275 0 33 658.865
progress 275 5 28 636.098
progress 275 10 23 631.978
progress 275 15 18 615.264
progress 275 20 13 613.187
progress 275 25 8 617.616
progress 275 30 3 637.49
progress 276 0 33 479.318
progress 276 5 27 452.546
progress 276 10 22 434.801
progress 276 15 17 421.474
progress 276 20 12 410.864
progress 276 25 7 417.042
progress 276 30 2 424.399
progress 277 0 33 548.109
progress 277 5 27 503.625
progress 277 10 21 470.483
progress 277 15 16 449.226
progress 277 20 11 428.625
progress 277 25 6 422.276
progress 277 30 1 428.856
progress 278 0 33 434.869
progress 278 5 27 420.396
progress 278 10 22 409.703
progress 278 15 17 401.759
progress 278 20 12 411.164
progress 278 25 7 410.214
progress 278 30 2 430.718
progress 279 0 33 456.249
progress 279 5 28 456.173
progress 279 10 23 455.56
progress 279 15 18 469.754
progress 279 20 13 486.577
progress 279 25 8 507.095
progress 279 30 3 567.339
progress 280 0 33 382.284
progress 280 5 27 366.396
progress 280 10 22 357.956
progress 280 15 17 353.751
progress 280 20 12 353.475
progress 280 25 7 359.101
progress 280 30 2 366.911
progress 281 0 33 392.142
progress 281 5 27 381.763
progress 281 10 22 371.476
progress 281 15 17 370.08
progress 281 20 12 378.531
progress 281 25 7 392.216
progress 281 30 2 421.104
progress 282 0 33 349.416
progress 282 5 27 351.021
progress 282 10 22 353.04
progress 282 15 17 367.918
progress 282 20 13 383.732
progress 282 25 8 402.482
progress 282 30 3 445.913
progress 283 0 33 573.41
progress 283 5 28 545.865
progress 283 10 23 526.543
progress 283 15 18 506.865
progress 283 20 13 484.888
progress 283 25 8 478.186
progress 283 30 3 477.838
progress 284 0 33 647.864
progress 284 5 27 624.585
progress 284 10 22 605.893
progress 284 15 17 600.198
progress 284 20 12 606.634
progress 284 25 7 615.615
progress 284 30 2 644.351
progress 285 0 33 877.315
progress 285 5 28 821.878
progress 285 10 23 776.87
progress 285 15 18 731.787
progress 285 20 13 683.682
progress 285 25 8 642.049
progress 285 30 3 609.545
progress 286 0 33 634.827
progress 286 5 27 626.474
progress 286 10 23 603.833
progress 286 15 16 586.336
progress 286 20 12 589.776
progress 286 25 7 599.435
progress 286 30 2 606.164
progress 287 0 33 392.189
progress 287 5 28 373.987
progress 287 10 23 360.468
progress 287 15 18 352.094
progress 287 20 13 348.401
progress 287 25 8 354.368
progress 287 30 3 367.683
progress 288 0 33 594.307
progress 288 5 28 567.27
progress 288 10 23 546.977
progress 288 15 18 531.645
progress 288 20 13 520.925
progress 288 25 8 518.515
progress 288 30 3 525.822
progress 289 0 33 416.216
progress 289 5 28 402.281
progress 289 10 23 397.208
progress 289 15 18 393.523
progress 289 20 13 397.705
progress 289 25 8 417.055
progress 289 30 3 455.017
progress 290 0 33 708.826
progress 290 5 27 666
progress 290 10 22 631.334
progress 290 15 17 602.691
progress 290 20 12 578.617
progress 290 25 7 560.672
progress 290 30 2 550.622
progress 291 0 33 436.69
progress 291 5 27 411.355
progress 291 10 22 400.387
progress 291 15 17 384.355
progress 291 20 12 379.677
progress 291 25 7 383.403
progress 291 30 2 392.601
progress 292 0 33 530.06
progress 292 5 27 506.329
progress 292 10 22 487.002
progress 292 15 17 467.158
progress 292 20 12 456.157
progress 292 25 7 453.392
progress 292 30 2 445.135
progress 293 0 33 568.22
progress 293 5 27 556.093
progress 293 10 22 533.385
progress 293 15 17 542.692
progress 293 20 12 550.83
progress 293 25 7 571.032
progress 293 30 2 613.138
progress 294 0 33 477.024
progress 294 5 28 458.924
progress 294 10 23 448.216
progress 294 15 18 442.594
progress 294 20 13 442.215
progress 294 25 8 460.551
progress 294 30 3 480.432
progress 295 0 33 486.27
progress 295 5 28 473.568
progress 295 10 23 463.968
progress 295 15 18 474.218
progress 295 20 13 484.09
progress 295 25 8 499.753
progress 295 30 3 520.413
progress 296 0 33 463.293
progress 296 5 27 425.04
progress 296 10 22 400.142
progress 296 15 17 374.045
progress 296 20 12 349.093
progress 296 25 7 325.781
progress 296 30 2 306.572
progress 297 0 33 762.87
progress 297 5 28 727.01
progress 297 10 23 704.303
progress 297 15 18 677.053
progress 297 20 13 655.314
progress 297 25 8 654.419
progress 297 30 3 666.192
progress 298 0 33 376.192
progress 298 5 27 346.492
progress 298 10 22 325.821
progress 298 15 17 315.464
progress 298 20 12 290.944
progress 298 25 6 269.634
progress 298 30 1 263.661
progress 299 0 33 692.033
progress 299 5 28 662.141
progress 299 10 23 641.553
progress 299 15 18 628.424
progress 299 20 13 612.189
progress 299 25 8 603.027
progress 299 30 3 604.791
progress 300 0 33 524.519
progress 300 5 27 517.225
progress 300 10 22 507.437
progress 300 15 17 512.761
progress 300 20 13 528.939
progress 300 25 8 549.026
progress 300 30 3 569.306
progress 301 0 33 583.283
progress 301 5 28 559.803
progress 301 10 23 536.893
progress 301 15 18 534.83
progress 301 20 13 529.413
progress 301 25 8 539.06
progress 301 30 3 557.069
progress 302 0 33 586.587
progress 302 5 27 570.614
progress 302 10 22 554.45
progress 302 15 17 550.01
progress 302 20 12 547.284
progress 302 25 7 554.942
progress 302 30 2 566.373
progress 303 0 33 744.447
progress 303 5 27 724.02
progress 303 10 22 703.904
progress 303 15 17 698.035
progress 303 20 12 695.887
progress 303 25 7 702.183
progress 303 30 2 748.892
progress 304 0 33 371.983
progress 304 5 27 364.554
progress 304 10 22 361.188
progress 304 15 17 365.392
progress 304 20 12 380.358
progress 304 25 7 391.432
progress 304 30 2 426.79
progress 305 0 33 295.259
progress 305 5 28 290.575
progress 305 10 22 291.7
progress 305 15 18 299.946
progress 305 20 13 312.94
progress 305 25 8 334.437
progress 305 30 3 374.019
progress 306 0 33 853.171
progress 306 5 27 790.128
progress 306 10 22 735.748
progress 306 15 17 685.621
progress 306 20 12 635.427
progress 306 25 7 593.165
progress 306 30 1 548.607
progress 307 0 33 394.348
progress 307 5 28 376.077
progress 307 10 23 362.147
progress 307 15 18 352.637
progress 307 20 13 350.754
progress 307 25 8 358.459
progress 307 30 3 370.655
progress 308 0 33 782.677
progress 308 5 28 739.696
progress 308 10 23 700.604
progress 308 15 18 670.348
progress 308 20 13 628.69
progress 308 25 8 606.647
progress 308 30 3 586.62
progress 309 0 33 552.778
progress 309 5 27 513.937
progress 309 10 22 486.023
progress 309 15 17 457.178
progress 309 20 12 437.064
progress 309 25 7 417.867
progress 309 30 2 396.353
progress 310 0 33 485.207
progress 310 5 28 468.963
progress 310 10 23 462.726
progress 310 15 18 461.005
progress 310 20 13 456.443
progress 310 25 8 470.475
progress 310 30 3 494.874
progress 311 0 33 552.607
progress 311 5 27 519.049
progress 311 10 22 494.598
progress 311 15 17 473.372
progress 311 20 12 462.833
progress 311 25 7 460.981
progress 311 30 2 456.066
progress 312 0 33 631.438
progress 312 5 28 594.854
progress 312 10 23 566.789
progress 312 15 18 541.681
progress 312 20 13 514.096
progress 312 25 8 488.059
progress 312 30 3 471.217
progress 313 0 33 292.754
progress 313 5 27 292.333
progress 313 10 23 288.84
progress 313 15 18 291.747
progress 313 20 13 304.607
progress 313 25 8 324.592
progress 313 30 3 338.872
progress 314 0 33 728.519
progress 314 5 27 674.327
progress 314 10 22 637.828
progress 314 15 17 598.993
progress 314 20 12 578.969
progress 314 25 7 557.181
progress 314 30 2 545.787
progress 315 0 33 527.11
progress 315 5 28 488.236
progress 315 10 23 448.188
progress 315 15 18 407.365
progress 315 20 13 365.147
progress 315 25 8 325.918
progress 315 30 3 290.45
progress 316 0 33 655.445
progress 316 5 27 623.277
progress 316 10 22 598.014
progress 316 15 17 574.912
progress 316 20 12 560.679
progress 316 25 7 554.502
progress 316 30 2 561.796
progress 317 0 33 368.164
progress 317 5 27 349.246
progress 317 10 22 335.944
progress 317 15 17 328.232
progress 317 20 12 326.961
progress 317 25 7 322.824
progress 317 30 2 335.863
progress 318 0 33 575.491
progress 318 5 27 540.712
progress 318 10 22 510.839
progress 318 15 17 479.989
progress 318 20 12 452.788
progress 318 25 7 439.069
progress 318 30 2 419.693
progress 319 0 33 462.895
progress 319 5 28 439.951
progress 319 10 23 424.214
progress 319 15 18 411.01
progress 319 20 13 396.552
progress 319 25 8 393.475
progress 319 30 3 396.289
progress 320 0 33 431.159
progress 320 5 28 415.022
progress 320 10 23 405.2
progress 320 15 18 394.429
progress 320 20 13 384.583
progress 320 25 8 379.589
progress 320 30 3 394.375
progress 321 0 33 302.811
progress 321 5 27 287.78
progress 321 10 22 278.033
progress 321 15 17 269.884
progress 321 20 12 265.756
progress 321 25 7 263.262
progress 321 30 2 262.874
progress 322 0 33 717.13
progress 322 5 27 690.965
progress 322 10 22 667.833
progress 322 15 17 655.539
progress 322 20 12 654.88
progress 322 25 7 645.662
progress 322 30 2 648.446
progress 323 0 33 489.743
progress 323 5 28 464.926
progress 323 10 23 440.541
progress 323 15 18 420.926
progress 323 20 13 395.18
progress 323 25 8 378.852
progress 323 30 3 372.987
progress 324 0 33 333.39
progress 324 5 27 323.431
progress 324 10 22 319.963
progress 324 15 18 323.167
progress 324 20 13 331.072
progress 324 25 8 340.11
progress 324 30 3 371.013
progress 325 0 33 358.146
progress 325 5 27 343.147
progress 325 10 22 330.114
progress 325 15 17 322.131
progress 325 20 12 317.506
progress 325 25 7 326.654
progress 325 30 2 332.925
progress 326 0 33 512.851
progress 326 5 27 491.716
progress 326 10 22 476.976
progress 326 15 17 466.04
progress 326 20 12 463.434
progress 326 25 7 467.268
progress 326 30 2 475.08
progress 327 0 33 662.546
progress 327 5 28 645.255
progress 327 10 23 634.275
progress 327 15 18 637.535
progress 327 20 13 645.769
progress 327 25 8 685.889
progress 327 30 3 750.916
progress 328 0 33 542.319
progress 328 5 27 504.823
progress 328 10 22 475.32
progress 328 15 17 445.496
progress 328 20 12 411.755
progress 328 25 7 391.342
progress 328 30 2 371.52
progress 329 0 33 358.629
progress 329 5 28 345.876
progress 329 10 23 339.447
progress 329 15 18 336.786
progress 329 20 13 340.066
progress 329 25 8 354.957
progress 329 30 3 383.647
progress 330 0 33 622.397
progress 330 5 28 598.718
progress 330 10 23 575.864
progress 330 15 18 574.507
progress 330 20 13 573.862
progress 330 25 8 593.487
progress 330 30 3 625.242
progress 331 0 33 594.72
progress 331 5 28 570.635
progress 331 10 23 561.31
progress 331 15 18 551.187
progress 331 20 13 541.552
progress 331 25 8 531.142
progress 331 30 3 538.772
grid_20 attempt 331 FINAL count 384 depth 111
progress 332 0 33 408.808
progress 332 5 27 384.024
progress 332 10 22 366.08
progress 332 15 17 345.609
progress 332 20 12 333.682
progress 332 25 7 326.363
progress 332 30 1 316.743
progress 333 0 33 345.406
progress 333 5 27 342.355
progress 333 10 22 339.214
progress 333 15 17 344.146
progress 333 20 13 355.066
progress 333 25 8 369.877
progress 333 30 3 393.579
progress 334 0 33 450.569
progress 334 5 27 425.155
progress 334 10 22 407.487
progress 334 15 17 388.577
progress 334 20 12 379.013
progress 334 25 7 370.682
progress 334 30 1 363.792
progress 335 0 33 677.127
progress 335 5 28 644.545
progress 335 10 23 612.018
progress 335 15 18 585.576
progress 335 20 13 562.329
progress 335 25 8 541.956
progress 335 30 3 524.414
progress 336 0 33 646.25
progress 336 5 27 612.074
progress 336 10 22 580.424
progress 336 15 17 551.724
progress 336 20 12 519.768
progress 336 25 7 510.365
progress 336 30 1 485.985
progress 337 0 33 439.004
progress 337 5 27 424.747
progress 337 10 22 416.878
progress 337 15 17 412.852
progress 337 20 13 422.64
progress 337 25 8 434.496
progress 337 30 3 453.256
progress 338 0 33 367.08
progress 338 5 28 347.753
progress 338 10 23 333.445
progress 338 15 18 319.118
progress 338 20 13 306.136
progress 338 25 8 291.597
progress 338 30 3 294.285
progress 339 0 33 467.153
progress 339 5 28 467.302
progress 339 10 23 461.327
progress 339 15 18 470.568
progress 339 20 13 488.75
progress 339 25 8 514.741
progress 339 30 3 553.692
progress 340 0 33 647.824
progress 340 5 28 614.305
progress 340 10 23 585.689
progress 340 15 18 554.221
progress 340 20 13 535.028
progress 340 25 8 513.063
progress 340 30 3 469.745
progress 341 0 33 475.073
progress 341 5 27 460.66
progress 341 10 22 448.769
progress 341 15 17 439.086
progress 341 20 12 444.661
progress 341 25 7 451.156
progress 341 30 2 476.089
progress 342 0 33 444.09
progress 342 5 27 435.396
progress 342 10 22 425.53
progress 342 15 17 425.85
progress 342 20 12 438.307
progress 342 25 7 449.448
progress 342 30 2 494.407
progress 343 0 33 747.981
progress 343 5 27 706.472
progress 343 10 22 676.081
progress 343 15 17 643.185
progress 343 20 12 628.099
progress 343 25 7 629.342
progress 343 30 2 632.143
progress 344 0 33 416.539
progress 344 5 28 407.151
progress 344 10 23 408.542
progress 344 15 18 413.673
progress 344 20 13 424.635
progress 344 25 8 440.994
progress 344 30 3 470.717
progress 345 0 33 375.274
progress 345 5 28 352.908
progress 345 10 23 331.183
progress 345 15 18 311.018
progress 345 20 13 292.145
progress 345 25 8 272.355
progress 345 30 3 270.626
progress 346 0 33 693.758
progress 346 5 27 668.711
progress 346 10 22 653.728
progress 346 15 17 628.634
progress 346 20 12 624.902
progress 346 25 7 614.818
progress 346 30 2 612.077
grid_20 attempt 346 step 33 count 399 depth 106
progress 347 0 33 543.28
progress 347 5 27 534.913
progress 347 10 22 524.428
progress 347 15 17 523.716
progress 347 20 12 536.876
progress 347 25 7 568.6
progress 347 30 2 593.765
progress 348 0 33 650.197
progress 348 5 27 603.794
progress 348 10 22 569.507
progress 348 15 17 534.583
progress 348 20 12 523.4
progress 348 25 7 517.206
progress 348 30 2 486.711
progress 349 0 33 622.43
progress 349 5 28 580.031
progress 349 10 23 536.764
progress 349 15 18 495.912
progress 349 20 13 452.296
progress 349 25 8 407.593
progress 349 30 3 383.241
progress 350 0 33 266.752
progress 350 5 27 254.996
progress 350 10 22 247.463
progress 350 15 17 241.909
progress 350 20 12 244.749
progress 350 25 7 247.327
progress 350 30 2 257.472
progress 351 0 33 672.647
progress 351 5 28 646.063
progress 351 10 23 637.711
progress 351 15 18 629.27
progress 351 20 13 631.47
progress 351 25 8 639.733
progress 351 30 3 662.555
progress 352 0 33 415.238
progress 352 5 28 407.837
progress 352 10 23 411.043
progress 352 15 18 425.907
progress 352 20 13 436.855
progress 352 25 8 477.338
progress 352 30 3 531.287
progress 353 0 33 322.434
progress 353 5 27 315.542
progress 353 10 23 311.005
progress 353 15 17 313.415
progress 353 20 13 326.921
progress 353 25 7 338.907
progress 353 30 2 368.647
progress 354 0 33 564.416
progress 354 5 27 537.42
progress 354 10 21 511.661
progress 354 15 17 500.389
progress 354 20 12 492.668
progress 354 25 7 490.584
progress 354 30 2 506.751
progress 355 0 33 658.316
progress 355 5 27 635.727
progress 355 10 22 620.672
progress 355 15 17 603.431
progress 355 20 12 600.972
progress 355 25 7 609.929
progress 355 30 2 622.423
progress 356 0 33 488.074
progress 356 5 28 468.046
progress 356 10 23 459.287
progress 356 15 18 451.636
progress 356 20 13 439.229
progress 356 25 8 437.961
progress 356 30 3 449.994
progress 357 0 33 743.626
progress 357 5 28 712.933
progress 357 10 23 696.917
progress 357 15 18 685.027
progress 357 20 13 670.857
progress 357 25 8 691.654
progress 357 30 3 707.326
progress 358 0 33 852.519
progress 358 5 28 810.359
progress 358 10 23 785.442
progress 358 15 18 759.44
progress 358 20 13 731.296
progress 358 25 8 697.31
progress 358 30 3 692.901
progress 359 0 33 600.05
progress 359 5 28 570.492
progress 359 10 23 545.639
progress 359 15 18 515.907
progress 359 20 13 488.879
progress 359 25 8 477.379
progress 359 30 3 459.07
progress 360 0 33 274.663
progress 360 5 28 272.94
progress 360 10 23 279.298
progress 360 15 18 293.686
progress 360 20 13 322.1
progress 360 25 8 350.976
progress 360 30 3 402.523
progress 361 0 33 658.303
progress 361 5 27 621.947
progress 361 10 22 595.346
progress 361 15 17 564.819
progress 361 20 12 538.226
progress 361 25 7 525.883
progress 361 30 2 503.012
progress 362 0 33 439.558
progress 362 5 27 432.798
progress 362 10 22 427.601
progress 362 15 18 432.255
progress 362 20 13 448.421
progress 362 25 8 468.262
progress 362 30 3 499.414
progress 363 0 33 555.843
progress 363 5 28 538.585
progress 363 10 23 531.966
progress 363 15 18 532.871
progress 363 20 13 541.9
progress 363 25 8 557.77
progress 363 30 3 595.206
progress 364 0 33 450.37
progress 364 5 27 436.421
progress 364 10 22 427.212
progress 364 15 17 420.798
progress 364 20 12 424.822
progress 364 25 7 429.611
progress 364 30 2 444.807
progress 365 0 33 516.486
progress 365 5 27 496.525
progress 365 10 22 482.717
progress 365 15 17 478.722
progress 365 20 12 483.384
progress 365 25 7 496.126
progress 365 30 2 515.286
progress 366 0 33 721.759
progress 366 5 27 673.251
progress 366 10 22 633.265
progress 366 15 17 593.21
progress 366 20 12 557.056
progress 366 25 7 528.972
progress 366 30 2 506.69
progress 367 0 33 329.625
progress 367 5 27 315.668
progress 367 10 22 307.459
progress 367 15 17 303.799
progress 367 20 12 309.192
progress 367 25 7 313.059
progress 367 30 2 325.829
progress 368 0 33 429.383
progress 368 5 27 408.378
progress 368 10 22 396.593
progress 368 15 17 386.612
progress 368 20 12 387.498
progress 368 25 7 385.339
progress 368 30 2 388.887
progress 369 0 33 623.682
progress 369 5 27 609.205
progress 369 10 22 593.547
progress 369 15 17 596.703
progress 369 20 12 608.045
progress 369 25 7 635.376
progress 369 30 2 664.231
progress 370 0 33 627.718
progress 370 5 26 586.656
progress 370 10 21 554.166
progress 370 15 17 533.81
progress 370 20 12 521.017
progress 370 25 6 510.636
progress 370 30 2 520.995
progress 371 0 33 688.789
progress 371 5 28 657.184
progress 371 10 23 636.911
progress 371 15 18 606.618
progress 371 20 13 591.786
progress 371 25 8 591.783
progress 371 30 3 589.103
progress 372 0 33 514.747
progress 372 5 27 475.603
progress 372 10 22 449.619
progress 372 15 17 424.895
progress 372 20 12 406.668
progress 372 25 7 388.183
progress 372 30 2 389.494
progress 373 0 33 473.282
progress 373 5 27 440.673
progress 373 10 22 418.585
progress 373 15 17 401.545
progress 373 20 10 388.812
progress 373 25 7 377.478
progress 373 30 2 378.789
progress 374 0 33 603.96
progress 374 5 28 591.503
progress 374 10 23 580.739
progress 374 15 18 586.958
progress 374 20 13 604.128
progress 374 25 8 648.058
progress 374 30 3 682.805
progress 375 0 33 630.449
progress 375 5 28 613.211
progress 375 10 23 606.595
progress 375 15 18 617.27
progress 375 20 13 621.912
progress 375 25 8 651.38
progress 375 30 3 696.406
progress 376 0 33 545.808
progress 376 5 28 533.184
progress 376 10 23 531.915
progress 376 15 18 541.696
progress 376 20 13 554.694
progress 376 25 8 567.887
progress 376 30 3 604.008
progress 377 0 33 525.63
progress 377 5 27 513.189
progress 377 10 22 503.375
progress 377 15 17 503.877
progress 377 20 12 521.465
progress 377 25 7 530.556
progress 377 30 2 575.924
progress 378 0 33 597.729
progress 378 5 28 567.211
progress 378 10 23 542.853
progress 378 15 18 519.402
progress 378 20 13 502.541
progress 378 25 8 495.829
progress 378 30 3 490.757
progress 379 0 33 692.503
progress 379 5 27 662.709
progress 379 10 22 637.735
progress 379 15 17 616.426
progress 379 20 12 613.845
progress 379 25 7 601.462
progress 379 30 2 623.009
progress 380 0 33 504.791
progress 380 5 28 469.984
progress 380 10 23 435.695
progress 380 15 18 402.231
progress 380 20 13 374.391
progress 380 25 8 336.25
progress 380 30 3 309.766
progress 381 0 33 691.122
progress 381 5 28 662.665
progress 381 10 23 640.186
progress 381 15 18 619.418
progress 381 20 13 604.478
progress 381 25 8 588.652
progress 381 30 3 580.848
progress 382 0 33 852.387
progress 382 5 27 807.911
progress 382 10 22 769.583
progress 382 15 17 737.052
progress 382 20 12 715.954
progress 382 25 7 702.345
progress 382 30 2 692.741
progress 383 0 33 319.634
progress 383 5 28 310.838
progress 383 10 23 309.838
progress 383 15 18 314.227
progress 383 20 13 326.625
progress 383 25 8 346.065
progress 383 30 3 381.784
progress 384 0 33 734.02
progress 384 5 28 699.498
progress 384 10 23 665.658
progress 384 15 18 646.938
progress 384 20 13 640.056
progress 384 25 8 618.926
progress 384 30 3 632.497
progress 385 0 33 715.031
progress 385 5 28 681.05
progress 385 10 23 661.378
progress 385 15 18 641.648
progress 385 20 13 622.316
progress 385 25 8 611.417
progress 385 30 3 624.817
progress 386 0 33 388.38
progress 386 5 27 369.62
progress 386 10 22 362.068
progress 386 15 17 353.228
progress 386 20 12 344.885
progress 386 25 7 345.168
progress 386 30 2 348.648
