branched_14 round 8 count 245 depth 96 score 1.96205
branched_14 round 12 count 250 depth 92 score 1.88036
branched_14 round 13 count 247 depth 90 score 1.83949
branched_14 round 16 count 237 depth 90 score 1.83945
branched_14 round 18 count 235 depth 90 score 1.83945
branched_14 round 20 count 239 depth 89 score 1.81903
branched_14 round 34 count 244 depth 86 score 1.75776
branched_14 round 40 count 238 depth 84 score 1.71688
branched_14 round 48 count 235 depth 84 score 1.71687
branched_14 round 55 count 236 depth 81 score 1.65559
branched_14 round 56 count 234 depth 81 score 1.65558
branched_14 round 81 count 230 depth 81 score 1.65557
branched_14 round 88 count 230 depth 80 score 1.63514
progress 100 241
branched_14 round 104 count 227 depth 77 score 1.57384
branched_14 round 107 count 227 depth 76 score 1.55342
branched_14 round 111 count 223 depth 75 score 1.53297
branched_14 round 112 count 220 depth 75 score 1.53296
branched_14 round 143 count 220 depth 74 score 1.51253
branched_14 round 160 count 218 depth 74 score 1.51252
branched_14 round 167 count 216 depth 74 score 1.51252
branched_14 round 181 count 215 depth 74 score 1.51251
progress 200 563
branched_14 round 287 count 214 depth 74 score 1.51251
progress 300 921
branched_14 round 388 count 210 depth 74 score 1.51249
progress 400 1270
branched_14 round 402 count 210 depth 73 score 1.49207
branched_14 round 405 count 210 depth 72 score 1.47164
progress 500 1594
branched_14 round 570 count 209 depth 72 score 1.47163
progress 600 2024
progress 700 2304
branched_14 round 768 count 208 depth 72 score 1.47163
branched_14 round 776 count 208 depth 71 score 1.4512
progress 800 2645
progress 900 2928
branched_14 round 912 count 207 depth 71 score 1.4512
branched_14 round 949 count 205 depth 70 score 1.43076
progress 1000 3189
progress 1100 3489
branched_14 round 1162 count 203 depth 70 score 1.43075
progress 1200 3868
progress 1300 4204
progress 1400 4600
branched_14 round 1463 count 204 depth 69 score 1.41033
progress 1500 5005
branched_14 round 1510 count 203 depth 69 score 1.41033
progress 1600 5335
progress 1700 5614
progress 1800 5894
progress 1900 6178
progress 2000 6548
progress 2100 7055
progress 2200 7357
branched_14 round 2207 count 202 depth 69 score 1.41032
progress 2300 7756
progress 2400 8254
progress 2500 8673
progress 2600 9165
progress 2700 9537
progress 2800 9849
progress 2900 10136
progress 3000 10503
progress 3100 10802
progress 3200 11171
progress 3300 11600
progress 3400 11983
progress 3500 12377
progress 3600 12757
progress 3700 13111
progress 3800 13482
progress 3900 13874
branched_14 round 3952 count 201 depth 69 score 1.41032
progress 4000 14213
progress 4100 14558
progress 4200 14879
progress 4300 15145
progress 4400 15579
branched_14 round 4475 count 199 depth 69 score 1.41031
progress 4500 15906
progress 4600 16199
progress 4700 16527
progress 4800 16809
progress 4900 17201
progress 5000 17618
progress 5100 18002
progress 5200 18378
progress 5300 18714
progress 5400 18982
branched_14 round 5417 count 198 depth 69 score 1.41031
branched_14 round 5448 count 206 depth 68 score 1.38991
branched_14 round 5455 count 206 depth 67 score 1.36948
progress 5500 19332
progress 5600 19608
progress 5700 19983
branched_14 round 5759 count 203 depth 67 score 1.36947
progress 5800 20279
