progress 0 0 33 602.092
progress 0 5 28 567.685
progress 0 10 23 541.168
progress 0 15 18 508.654
progress 0 20 13 479.68
progress 0 25 8 451.323
progress 0 30 3 441.666
COMPACT grid_20 count 590 depth 278
grid_20 attempt 0 FINAL count 590 depth 278
grid_20 attempt 0 FINAL count 601 depth 263
grid_20 attempt 0 FINAL count 614 depth 258
COMPACT grid_20 count 493 depth 189
grid_20 attempt 0 FINAL count 493 depth 189
COMPACT grid_20 count 477 depth 182
grid_20 attempt 0 FINAL count 477 depth 182
progress 1 0 33 528.734
progress 1 5 27 500.691
progress 1 10 22 484.761
progress 1 15 17 470.013
progress 1 20 12 458.434
progress 1 25 7 458.365
progress 1 30 2 457.985
COMPACT grid_20 count 469 depth 185
COMPACT grid_20 count 464 depth 195
grid_20 attempt 1 step 33 count 519 depth 181
grid_20 attempt 1 step 33 count 474 depth 180
COMPACT grid_20 count 449 depth 165
grid_20 attempt 1 step 33 count 449 depth 165
COMPACT grid_20 count 434 depth 187
progress 2 0 33 610.622
progress 2 5 28 581.963
progress 2 10 23 553.134
progress 2 15 18 532.421
progress 2 20 13 503.084
progress 2 25 8 474.418
progress 2 30 3 469.649
progress 3 0 33 582.369
progress 3 5 28 561.939
progress 3 10 23 548.827
progress 3 15 18 549.211
progress 3 20 13 552.419
progress 3 25 8 560.384
progress 3 30 3 587.909
progress 4 0 33 393.367
progress 4 5 28 386.493
progress 4 10 23 392.258
progress 4 15 18 397.414
progress 4 20 13 412.09
progress 4 25 8 439.69
progress 4 30 3 484.433
progress 5 0 33 447.984
progress 5 5 28 429.615
progress 5 10 23 419.109
progress 5 15 18 409.891
progress 5 20 13 406.927
progress 5 25 8 406.869
progress 5 30 3 425.542
progress 6 0 33 770.721
progress 6 5 27 734.002
progress 6 10 22 708.914
progress 6 15 17 689.047
progress 6 20 12 681.534
progress 6 25 7 667.441
progress 6 30 2 680.842
progress 7 0 33 702.308
progress 7 5 27 667.836
progress 7 10 21 636.811
progress 7 15 17 621.534
progress 7 20 12 612.435
progress 7 25 7 599.02
progress 7 30 2 610.735
COMPACT grid_20 count 432 depth 145
grid_20 attempt 7 step 33 count 432 depth 145
progress 8 0 33 468.777
progress 8 5 27 435.426
progress 8 10 22 409.74
progress 8 15 17 387.361
progress 8 20 12 368.284
progress 8 25 6 357.246
progress 8 30 2 348.815
progress 9 0 33 721.558
progress 9 5 27 678.384
progress 9 10 22 644.987
progress 9 15 17 615.488
progress 9 20 12 590.644
progress 9 25 7 573.935
progress 9 30 2 553.633
progress 10 0 33 632.541
progress 10 5 27 593.133
progress 10 10 21 562.566
progress 10 15 17 539.221
progress 10 20 12 525.243
progress 10 25 7 512.813
progress 10 30 2 526.692
progress 11 0 33 456.121
progress 11 5 28 438.5
progress 11 10 23 427.262
progress 11 15 18 424.762
progress 11 20 13 420.899
progress 11 25 8 423.21
progress 11 30 3 438.924
progress 12 0 33 350.086
progress 12 5 27 338.45
progress 12 10 22 334.722
progress 12 15 17 335.835
progress 12 20 12 346.907
progress 12 25 7 355.03
progress 12 30 2 383.371
progress 13 0 33 411.687
progress 13 5 28 396.022
progress 13 10 23 385.418
progress 13 15 18 383.11
progress 13 20 13 388.883
progress 13 25 8 393.783
progress 13 30 3 407.971
progress 14 0 33 658.095
progress 14 5 28 638.055
progress 14 10 23 627.128
progress 14 15 18 639.364
progress 14 20 13 642.988
progress 14 25 8 676.794
progress 14 30 3 741.131
progress 15 0 33 557.347
progress 15 5 28 525.348
progress 15 10 23 500.998
progress 15 15 18 478.127
progress 15 20 13 456.176
progress 15 25 8 437.118
progress 15 30 3 438.892
progress 16 0 33 564.389
progress 16 5 27 530.834
progress 16 10 22 502.739
progress 16 15 17 480.898
progress 16 20 12 463.95
progress 16 25 7 450.269
progress 16 30 2 438.411
COMPACT grid_20 count 418 depth 166
progress 17 0 33 480.145
progress 17 5 27 442.436
progress 17 10 22 414.235
progress 17 15 17 386.082
progress 17 20 12 359.347
progress 17 25 7 339.439
progress 17 30 2 322.023
progress 18 0 33 409.05
progress 18 5 28 400.072
progress 18 10 23 398.734
progress 18 15 18 404.751
progress 18 20 13 417.195
progress 18 25 8 441.319
progress 18 30 3 474.044
progress 19 0 33 535.738
progress 19 5 28 518.539
progress 19 10 23 514.36
progress 19 15 18 517.373
progress 19 20 13 522.03
progress 19 25 8 536.484
progress 19 30 3 567.229
progress 20 0 33 634.423
progress 20 5 28 613.345
progress 20 10 23 599.399
progress 20 15 18 590.723
progress 20 20 13 578.404
progress 20 25 8 592.768
progress 20 30 3 597.793
COMPACT grid_20 count 417 depth 165
progress 21 0 33 608.182
progress 21 5 28 586.888
progress 21 10 23 579.163
progress 21 15 18 575.574
progress 21 20 13 576.293
progress 21 25 8 595.655
progress 21 30 3 626.004
progress 22 0 33 799.598
progress 22 5 28 757.535
progress 22 10 23 720.22
progress 22 15 18 691.698
progress 22 20 13 659.904
progress 22 25 8 644.036
progress 22 30 3 637.452
progress 23 0 33 507.564
progress 23 5 28 476.773
progress 23 10 23 448.344
progress 23 15 18 417.263
progress 23 20 13 387.885
progress 23 25 8 360.444
progress 23 30 3 337.576
progress 24 0 33 299.361
progress 24 5 27 293.202
progress 24 10 22 287.121
progress 24 15 17 287.398
progress 24 20 12 296.197
progress 24 25 7 298.302
progress 24 30 2 322.44
progress 25 0 33 697.422
progress 25 5 28 662.093
progress 25 10 23 636.519
progress 25 15 18 616.091
progress 25 20 13 587.884
progress 25 25 8 568.48
progress 25 30 3 568.448
progress 26 0 33 558.184
progress 26 5 27 535.283
progress 26 10 22 517.481
progress 26 15 17 509.664
progress 26 20 12 512.568
progress 26 25 7 517.489
progress 26 30 2 532.496
progress 27 0 33 242.05
progress 27 5 28 234.255
progress 27 10 23 231.209
progress 27 15 18 229.247
progress 27 20 13 227.072
progress 27 25 8 231.817
progress 27 30 3 244.574
progress 28 0 33 549.758
progress 28 5 28 532.899
progress 28 10 23 526.704
progress 28 15 18 529.751
progress 28 20 13 536.35
progress 28 25 8 552.215
progress 28 30 3 576.311
progress 29 0 33 401.388
progress 29 5 28 401.613
progress 29 10 22 400.807
progress 29 15 18 411.774
progress 29 20 13 428.28
progress 29 25 8 432.819
progress 29 30 3 505.865
progress 30 0 33 850.489
progress 30 5 27 800.814
progress 30 10 22 758.407
progress 30 15 17 725.736
progress 30 20 12 701.887
progress 30 25 7 675.885
progress 30 30 2 669.556
progress 31 0 33 867.264
progress 31 5 27 804.138
progress 31 10 22 751.991
progress 31 15 17 695.877
progress 31 20 11 639.419
progress 31 25 7 598.78
progress 31 30 1 560.025
progress 32 0 33 521.993
progress 32 5 28 492.423
progress 32 10 23 471.548
progress 32 15 18 451.144
progress 32 20 13 434.778
progress 32 25 8 422.212
progress 32 30 3 436.144
progress 33 0 33 649.096
progress 33 5 28 610.967
progress 33 10 23 577.634
progress 33 15 18 541.585
progress 33 20 13 512.578
progress 33 25 8 481.489
progress 33 30 3 458.051
progress 34 0 33 569.31
progress 34 5 27 536.914
progress 34 10 22 511.588
progress 34 15 17 491.618
progress 34 20 12 479.992
progress 34 25 7 468.539
progress 34 30 2 452.011
