progress 0 0
progress 20 0
progress 40 0
progress 60 0
progress 80 0
progress 100 0
progress 120 0
progress 140 0
progress 160 0
progress 180 0
progress 200 0
progress 220 0
progress 240 0
progress 260 0
progress 280 0
progress 300 0
progress 320 0
progress 340 0
progress 360 0
progress 380 0
progress 400 0
progress 420 0
progress 440 0
progress 460 0
progress 480 0
progress 500 0
progress 520 0
progress 540 0
progress 560 0
progress 580 0
progress 600 0
progress 620 0
progress 640 0
progress 660 0
progress 680 0
progress 700 0
progress 720 0
progress 740 0
progress 760 0
progress 780 0
progress 800 0
progress 820 0
progress 840 0
progress 860 0
progress 880 0
progress 900 0
progress 920 0
progress 940 0
progress 960 0
progress 980 0
progress 1000 0
progress 1020 0
progress 1040 0
progress 1060 0
progress 1080 0
progress 1100 0
progress 1120 0
progress 1140 0
progress 1160 0
progress 1180 0
progress 1200 0
progress 1220 0
progress 1240 0
progress 1260 0
progress 1280 0
progress 1300 0
progress 1320 0
progress 1340 0
progress 1360 0
