Progress 0 0 minimum 0.9998000249784379 seconds 0.0
Progress 0 500 minimum 0.9996135794302031 seconds 6.5
Best 0.9947188627372414 restart 0 iteration 744 seconds 9.9
Progress 0 1000 minimum 0.9908060389393684 seconds 13.9
Best 0.9893858591611193 restart 0 iteration 1020 seconds 14.2
Best 0.9835971549368208 restart 0 iteration 1064 seconds 14.8
Best 0.9719294734260517 restart 0 iteration 1082 seconds 15.0
Best 0.965836046227428 restart 0 iteration 1122 seconds 15.6
Best 0.9608224555299362 restart 0 iteration 1167 seconds 16.2
Best 0.9534750570574247 restart 0 iteration 1200 seconds 16.6
Best 0.9320991397593368 restart 0 iteration 1206 seconds 16.8
Best 0.9257655359655936 restart 0 iteration 1221 seconds 17.1
Best 0.9192921058184305 restart 0 iteration 1231 seconds 17.2
Best 0.9113538356165335 restart 0 iteration 1232 seconds 17.2
Best 0.8978922824517114 restart 0 iteration 1252 seconds 17.6
Best 0.8856560619052621 restart 0 iteration 1314 seconds 18.4
Best 0.8713121033745405 restart 0 iteration 1338 seconds 18.7
Best 0.8659202526730787 restart 0 iteration 1360 seconds 19.0
Best 0.8597368861052302 restart 0 iteration 1388 seconds 19.3
Best 0.8546267755870859 restart 0 iteration 1422 seconds 19.8
Best 0.8471080367307132 restart 0 iteration 1459 seconds 20.3
Best 0.8392051679910041 restart 0 iteration 1491 seconds 20.7
Progress 0 1500 minimum 0.8370819063762969 seconds 20.9
Best 0.8341796909616698 restart 0 iteration 1525 seconds 21.2
Best 0.8134681679023243 restart 0 iteration 1558 seconds 21.6
Best 0.8081535544440444 restart 0 iteration 1595 seconds 22.1
Best 0.7971244440843523 restart 0 iteration 1603 seconds 22.2
Best 0.7841122889680759 restart 0 iteration 1619 seconds 22.3
Best 0.7729247114122083 restart 0 iteration 1644 seconds 22.8
Best 0.7633336142399185 restart 0 iteration 1709 seconds 23.8
Best 0.7466266240214603 restart 0 iteration 1721 seconds 23.9
Best 0.7347810770439874 restart 0 iteration 1722 seconds 23.9
Best 0.7296633520585177 restart 0 iteration 1751 seconds 24.3
Best 0.723896789011389 restart 0 iteration 1763 seconds 24.5
Best 0.7180100112810361 restart 0 iteration 1783 seconds 24.8
Best 0.6916959903177018 restart 0 iteration 1792 seconds 25.0
Best 0.6852293312910704 restart 0 iteration 1873 seconds 26.5
Best 0.6798596978575082 restart 0 iteration 1949 seconds 27.5
Progress 0 2000 minimum 0.6760631966800398 seconds 28.1
Best 0.662486989206874 restart 0 iteration 2001 seconds 28.1
Best 0.6480920711560065 restart 0 iteration 2006 seconds 28.1
Best 0.6424856760733895 restart 0 iteration 2142 seconds 29.8
Best 0.6362812261547628 restart 0 iteration 2195 seconds 30.5
Best 0.6272850034791362 restart 0 iteration 2216 seconds 30.7
Best 0.6202590501503567 restart 0 iteration 2222 seconds 30.8
Best 0.6058735831538978 restart 0 iteration 2247 seconds 31.0
Best 0.5929072399415702 restart 0 iteration 2318 seconds 31.9
Best 0.5878620940419073 restart 0 iteration 2372 seconds 32.6
Best 0.5688194591179895 restart 0 iteration 2471 seconds 34.1
Progress 0 2500 minimum 0.5674078589928849 seconds 34.6
Best 0.5623400704865112 restart 0 iteration 2589 seconds 35.7
Best 0.5571429534513863 restart 0 iteration 2751 seconds 38.2
Best 0.551242371705674 restart 0 iteration 2942 seconds 40.6
Best 0.5445361319889371 restart 0 iteration 2957 seconds 40.8
Progress 1 0 minimum 0.8375261105194794 seconds 41.3
Best 0.5270492073459211 restart 1 iteration 486 seconds 49.4
Best 0.5191038952071635 restart 1 iteration 499 seconds 49.6
Progress 1 500 minimum 0.5191038952071635 seconds 49.6
Best 0.4915571139017695 restart 1 iteration 533 seconds 50.2
Best 0.479077509105261 restart 1 iteration 565 seconds 50.8
Best 0.47235472227575165 restart 1 iteration 708 seconds 53.5
Best 0.46712069608576884 restart 1 iteration 725 seconds 53.8
Best 0.46206028727189624 restart 1 iteration 764 seconds 54.6
Best 0.44952162550538877 restart 1 iteration 789 seconds 55.0
Best 0.44044840806749547 restart 1 iteration 795 seconds 55.1
Best 0.4273714652326311 restart 1 iteration 862 seconds 56.3
Best 0.41727591792804813 restart 1 iteration 887 seconds 56.7
Best 0.40839529962611754 restart 1 iteration 892 seconds 57.0
Best 0.3935361292011024 restart 1 iteration 917 seconds 57.4
Best 0.3790988797330957 restart 1 iteration 951 seconds 58.2
Best 0.3635369103375405 restart 1 iteration 965 seconds 58.4
Progress 1 1000 minimum 0.3635369103375405 seconds 58.9
Best 0.3361832693021026 restart 1 iteration 1017 seconds 59.2
Best 0.3226143657507859 restart 1 iteration 1103 seconds 60.5
Best 0.26438213310956904 restart 1 iteration 1137 seconds 61.1
Best 0.2293237676080642 restart 1 iteration 1212 seconds 62.3
Best 0.19921140589986422 restart 1 iteration 1220 seconds 62.5
Best 0.11674926201052561 restart 1 iteration 1223 seconds 62.5
Best 0.020111996488650623 restart 1 iteration 1224 seconds 62.5
Best 0.011190743757721977 restart 1 iteration 1309 seconds 64.1
Best 0.0033132055091001146 restart 1 iteration 1328 seconds 64.5
Progress 1 1500 minimum 0.0033132055091001146 seconds 67.1
Progress 1 2000 minimum 0.00017839577652706254 seconds 75.2
Progress 1 2500 minimum 0.00017839577652706254 seconds 82.9
Progress 2 0 minimum 0.7977139520076914 seconds 90.7
Progress 2 500 minimum 0.019417182078375613 seconds 97.2
Progress 2 1000 minimum 6.768612569124058e-05 seconds 103.9
FOUND [-1.0, -1.0, -1.0]
Elapsed 109.06437718193047
