adversaries 3 min 0.9516668678875785
MINIMAX EPOCH 0 pool 1429 train 120 min 0.9516668678875785
minimax 1 min 0.9516668678875785 best 0.9516668678875785 seconds 0.16666102409362793
minimax 20 min 0.9530658895833056 best 0.9530658895833056 seconds 3.10611629486084
minimax 40 min 0.9530772309581497 best 0.9530772309581497 seconds 5.857485771179199
minimax 60 min 0.9530775691109318 best 0.9530775691109318 seconds 8.693674325942993
Optimization terminated successfully    (Exit mode 0)
            Current function value: -0.9530775691301673
            Iterations: 53
            Function evaluations: 63
            Gradient evaluations: 53
minimax result Optimization terminated successfully nit 53
MINIMAX AFTER 0 min 0.9530775691289066 incumbent 0.9516668678875785
adversaries 3 min 0.9527393179273066
MINIMAX EPOCH 1 pool 1462 train 119 min 0.9527393179273066
minimax 1 min 0.9527393179273066 best 0.9527393179273066 seconds 0.1538856029510498
minimax 20 min 0.9530682309855983 best 0.9530682309855983 seconds 4.986291885375977
minimax 40 min 0.9530686548825709 best 0.9530686548825709 seconds 9.208497285842896
minimax 60 min 0.9530686685969422 best 0.9530686685969422 seconds 11.967849493026733
Optimization terminated successfully    (Exit mode 0)
            Current function value: -0.9530686685975824
            Iterations: 49
            Function evaluations: 60
            Gradient evaluations: 49
minimax result Optimization terminated successfully nit 49
MINIMAX AFTER 1 min 0.9530686685969422 incumbent 0.9527393179273066
adversaries 3 min 0.953322229607591
MINIMAX EPOCH 2 pool 1495 train 119 min 0.9530686685969422
minimax 1 min 0.9530686685969422 best 0.9530686685969422 seconds 0.11540365219116211
Optimization terminated successfully    (Exit mode 0)
            Current function value: -0.9530686685973374
            Iterations: 2
            Function evaluations: 2
            Gradient evaluations: 2
minimax result Optimization terminated successfully nit 2
MINIMAX AFTER 2 min 0.9530686685972574 incumbent 0.9530686685969422
