beam 1 states 55 best 1.5479996030635959 worst 1.7550408607109176 elapsed 0.10101842880249023
beam 2 states 150 best 1.3705597024490679 worst 1.5368788099496837 elapsed 3.025958776473999
beam 3 states 150 best 1.24224222933158 worst 1.3430512336800717 elapsed 11.576326847076416
beam 4 states 150 best 1.134804389631655 worst 1.190410552557525 elapsed 18.97121548652649
beam 5 states 150 best 0.9567836680090704 worst 1.0626672466184155 elapsed 28.799976110458374
beam 6 states 150 best 0.8302061166131389 worst 0.9395026555610002 elapsed 35.75460481643677
beam 7 states 150 best 0.7385568952155296 worst 0.8052175755413654 elapsed 40.691924810409546
beam 8 states 150 best 0.662107852395919 worst 0.7067588528610893 elapsed 44.87285041809082
beam 9 states 150 best 0.5874682560157555 worst 0.6183971465862439 elapsed 51.6272292137146
beam 10 states 150 best 0.5130216429516407 worst 0.543419694284526 elapsed 59.162039041519165
beam 11 states 150 best 0.4469340121797205 worst 0.47334671536136186 elapsed 63.50920796394348
beam 12 states 150 best 0.39212658419201757 worst 0.41443762431646786 elapsed 67.4614269733429
beam 13 states 150 best 0.33485188014285167 worst 0.359920783625096 elapsed 72.1553647518158
beam 14 states 150 best 0.2849472029526046 worst 0.308668001976209 elapsed 76.12942886352539
beam 15 states 150 best 0.24320375758427634 worst 0.2623745761419971 elapsed 82.78860759735107
beam 16 states 150 best 0.20969797361606365 worst 0.2220667767756069 elapsed 87.45224618911743
beam 17 states 150 best 0.17192460950870356 worst 0.18780241498719938 elapsed 91.92210078239441
beam 18 states 150 best 0.14499535350422346 worst 0.1573346260408708 elapsed 97.19905424118042
beam 19 states 150 best 0.1255781659441179 worst 0.13283007898871566 elapsed 104.00386929512024
beam 20 states 150 best 0.1032730545025266 worst 0.11441737595331898 elapsed 108.38831520080566
beam 21 states 150 best 0.08935086579742027 worst 0.09586445083265759 elapsed 112.74844479560852
beam 22 states 150 best 0.07468154906775225 worst 0.08222801698337805 elapsed 117.72600555419922
beam 23 states 150 best 0.06520793612574513 worst 0.06931729593761564 elapsed 124.8365089893341
beam 24 states 150 best 0.053172969208586184 worst 0.05971093917209476 elapsed 131.81984972953796
