beam 1 states 55 best 1.5699485559289212 worst 1.756070318166108 elapsed 0.14243173599243164
beam 2 states 80 best 1.3975940097491495 worst 1.5270388513702988 elapsed 1.6324057579040527
beam 3 states 80 best 1.2759171530651472 worst 1.3501317554052947 elapsed 4.498522520065308
beam 4 states 80 best 1.1585537067498146 worst 1.210504341681174 elapsed 8.567838430404663
beam 5 states 80 best 0.9899974233253946 worst 1.084716686361654 elapsed 12.186480522155762
beam 6 states 80 best 0.8532062303248507 worst 0.9548040813317352 elapsed 14.81157922744751
beam 7 states 80 best 0.76082885337043 worst 0.8368372276196878 elapsed 20.53785467147827
beam 8 states 80 best 0.6642329977395389 worst 0.7293613988135282 elapsed 22.46118998527527
beam 9 states 80 best 0.5820483245443786 worst 0.6273604316581949 elapsed 24.15696358680725
beam 10 states 80 best 0.5112836716725188 worst 0.5432645294380709 elapsed 25.91307020187378
beam 11 states 80 best 0.4444220745601963 worst 0.4756306131988325 elapsed 27.74455976486206
beam 12 states 80 best 0.3862598650623883 worst 0.4088267848325874 elapsed 29.38403081893921
beam 13 states 80 best 0.3388725967840984 worst 0.3559423829076305 elapsed 31.911839962005615
beam 14 states 80 best 0.2943346762420704 worst 0.30826116740192183 elapsed 34.28678345680237
beam 15 states 80 best 0.2573454662341692 worst 0.2679601191840057 elapsed 36.60265278816223
beam 16 states 80 best 0.22122965253460428 worst 0.23407094690902705 elapsed 38.532941579818726
beam 17 states 80 best 0.1837379326840425 worst 0.2044146496953778 elapsed 40.88100266456604
beam 18 states 80 best 0.16366656064704424 worst 0.171573876349446 elapsed 43.619653940200806
beam 19 states 80 best 0.14212375311514194 worst 0.14856706330601566 elapsed 46.36948609352112
beam 20 states 80 best 0.1225722777236734 worst 0.12882087972221712 elapsed 49.28682780265808
beam 21 states 80 best 0.10494379621296251 worst 0.11057222317993726 elapsed 52.53938174247742
beam 22 states 80 best 0.08840457816966805 worst 0.09340184431355779 elapsed 55.0463330745697
beam 23 states 80 best 0.06804648260917548 worst 0.07829153853252761 elapsed 57.67867088317871
beam 24 states 80 best 0.05722293674000012 worst 0.06431896931704394 elapsed 60.33988618850708
