7 sweepaltdown 1 100 loss 0.9688588603204586 sec 3.0500876903533936
7 sweepaltdown 1 200 loss 0.9612939520422709 sec 5.610758543014526
7 sweepaltdown 1 300 loss 0.9581101071017336 sec 9.736235618591309
7 sweepaltdown 1 400 loss 0.9494891585501272 sec 14.458919286727905
7 sweepaltdown 1 500 loss 0.9270492286084193 sec 25.30527400970459
7 sweepaltdown 1 600 loss 0.9049725064336444 sec 34.11789131164551
7 sweepaltdown 1 700 loss 0.9023860583825692 sec 38.82658314704895
7 sweepaltdown 1 800 loss 0.9013897730805424 sec 42.85886001586914
7 sweepaltdown 1 900 loss 0.9013333433605665 sec 47.30764937400818
7 sweepaltdown 1 1000 loss 0.9013332511756889 sec 51.95148944854736
DONE 7 sweepaltdown 1 0.9013332511123596 1035 54.73933410644531
7 sweepaltdown 2 100 loss 0.9712906380008306 sec 4.328859806060791
7 sweepaltdown 2 200 loss 0.9681694208014242 sec 7.646361827850342
7 sweepaltdown 2 300 loss 0.9669717647136948 sec 12.070920944213867
7 sweepaltdown 2 400 loss 0.9668001962636531 sec 16.028433084487915
7 sweepaltdown 2 500 loss 0.966796699744656 sec 19.99137783050537
7 sweepaltdown 2 600 loss 0.9662106008668712 sec 24.46737551689148
7 sweepaltdown 2 700 loss 0.965704197366695 sec 29.02864718437195
7 sweepaltdown 2 800 loss 0.9614420637541431 sec 33.636409759521484
7 sweepaltdown 2 900 loss 0.9485561754614599 sec 38.17829918861389
7 sweepaltdown 2 1000 loss 0.9439453990914204 sec 42.8273286819458
7 sweepaltdown 2 1100 loss 0.9304756372027524 sec 46.751469135284424
7 sweepaltdown 2 1200 loss 0.9285712538629526 sec 51.673681020736694
7 sweepaltdown 2 1300 loss 0.9254754368527103 sec 56.57052159309387
7 sweepaltdown 2 1400 loss 0.9252092581877716 sec 60.38424301147461
7 sweepaltdown 2 1500 loss 0.9252048042177583 sec 64.70217537879944
7 sweepaltdown 2 1600 loss 0.9252040191603241 sec 69.23428511619568
7 sweepaltdown 2 1700 loss 0.9251962428857619 sec 73.84590578079224
7 sweepaltdown 2 1800 loss 0.9251961915366458 sec 79.12653255462646
7 sweepaltdown 2 1900 loss 0.925196191391279 sec 83.55211663246155
DONE 7 sweepaltdown 2 0.925196191391209 1866 83.76824998855591
7 sweepaltdown 3 100 loss 0.9623918214711982 sec 4.275041818618774
7 sweepaltdown 3 200 loss 0.9465051432666766 sec 8.541364669799805
7 sweepaltdown 3 300 loss 0.9272096105753087 sec 12.520128726959229
7 sweepaltdown 3 400 loss 0.9162878613418993 sec 15.787420749664307
7 sweepaltdown 3 500 loss 0.9074104618459146 sec 19.484636545181274
7 sweepaltdown 3 600 loss 0.9020908681286715 sec 23.020185947418213
7 sweepaltdown 3 700 loss 0.8986249682054959 sec 26.715345859527588
7 sweepaltdown 3 800 loss 0.8980909585141698 sec 29.973958730697632
7 sweepaltdown 3 900 loss 0.8980361492723445 sec 33.75801134109497
7 sweepaltdown 3 1000 loss 0.898035511978146 sec 37.11470437049866
7 sweepaltdown 3 1100 loss 0.8980355010225458 sec 40.96267890930176
DONE 7 sweepaltdown 3 0.8980355010167951 1137 42.94086027145386
7 sweepaltdown 4 100 loss 0.9687417922111764 sec 3.7298805713653564
7 sweepaltdown 4 200 loss 0.9621154810411429 sec 7.753946542739868
7 sweepaltdown 4 300 loss 0.951524211397889 sec 13.373160600662231
7 sweepaltdown 4 400 loss 0.9381759309551111 sec 17.706608772277832
7 sweepaltdown 4 500 loss 0.9349508675237616 sec 21.839114665985107
7 sweepaltdown 4 600 loss 0.9346807587793873 sec 26.2130606174469
7 sweepaltdown 4 700 loss 0.9346737457029485 sec 30.43887209892273
7 sweepaltdown 4 800 loss 0.9346736804274417 sec 35.218599796295166
7 sweepaltdown 4 900 loss 0.934673679930044 sec 39.466498374938965
DONE 7 sweepaltdown 4 0.9346736799297202 899 40.126983642578125
7 sweepaltdown 5 100 loss 0.9671206025031769 sec 6.9511878490448
7 sweepaltdown 5 200 loss 0.9669129600095551 sec 15.183104515075684
7 sweepaltdown 5 300 loss 0.9668819578080815 sec 20.416425943374634
7 sweepaltdown 5 400 loss 0.9668807525645344 sec 24.826009035110474
7 sweepaltdown 5 500 loss 0.9668771777062473 sec 28.65763258934021
7 sweepaltdown 5 600 loss 0.9668133956139053 sec 33.10375761985779
7 sweepaltdown 5 700 loss 0.9668132896133497 sec 37.03201746940613
DONE 7 sweepaltdown 5 0.96681328961323 691 37.28618788719177
7 sweepaltdown 6 100 loss 0.9640646351313138 sec 3.734818696975708
7 sweepaltdown 6 200 loss 0.9520368388811534 sec 7.784670114517212
7 sweepaltdown 6 300 loss 0.9370957985944691 sec 13.775959968566895
7 sweepaltdown 6 400 loss 0.9285267124422489 sec 17.766154050827026
7 sweepaltdown 6 500 loss 0.9224208369559637 sec 21.5925555229187
7 sweepaltdown 6 600 loss 0.921185570776634 sec 26.16252613067627
7 sweepaltdown 6 700 loss 0.9211468360358755 sec 30.01069450378418
7 sweepaltdown 6 800 loss 0.9211427818810627 sec 33.78559684753418
7 sweepaltdown 6 900 loss 0.9211427737289661 sec 38.11299729347229
DONE 7 sweepaltdown 6 0.9211427737286729 886 38.55223727226257
7 sweepaltdown 7 100 loss 0.9716721217617437 sec 3.266995668411255
7 sweepaltdown 7 200 loss 0.9658912027048416 sec 8.839195251464844
7 sweepaltdown 7 300 loss 0.9648122148756919 sec 14.121022462844849
7 sweepaltdown 7 400 loss 0.9576425990422706 sec 17.755786418914795
7 sweepaltdown 7 500 loss 0.915472996415571 sec 21.69529151916504
7 sweepaltdown 7 600 loss 0.9024865477466827 sec 26.905437231063843
7 sweepaltdown 7 700 loss 0.9022330439922838 sec 30.483734369277954
7 sweepaltdown 7 800 loss 0.9022281448754856 sec 33.887417793273926
7 sweepaltdown 7 900 loss 0.9022281433521991 sec 37.92221474647522
DONE 7 sweepaltdown 7 0.9022281433518059 893 38.38459348678589
7 sweepaltdown 8 100 loss 0.9701325369308712 sec 3.8726165294647217
7 sweepaltdown 8 200 loss 0.9669577648019839 sec 7.8982672691345215
7 sweepaltdown 8 300 loss 0.9660415619499928 sec 12.151474714279175
7 sweepaltdown 8 400 loss 0.9643210482626353 sec 19.721200227737427
7 sweepaltdown 8 500 loss 0.9642473123061936 sec 23.161625623703003
7 sweepaltdown 8 600 loss 0.964244385867419 sec 25.78269386291504
DONE 7 sweepaltdown 8 0.9642443850743873 673 29.32777738571167
7 sweepaltdown 9 100 loss 0.9722817136166514 sec 3.8508763313293457
7 sweepaltdown 9 200 loss 0.9693494478594533 sec 8.233937501907349
7 sweepaltdown 9 300 loss 0.9680429403395465 sec 12.134032249450684
7 sweepaltdown 9 400 loss 0.9673264153343212 sec 16.224005222320557
7 sweepaltdown 9 500 loss 0.9661318140884081 sec 20.240729808807373
7 sweepaltdown 9 600 loss 0.962971002349053 sec 23.91124439239502
7 sweepaltdown 9 700 loss 0.9591048106642943 sec 27.091336011886597
7 sweepaltdown 9 800 loss 0.9549852194251658 sec 30.728611946105957
7 sweepaltdown 9 900 loss 0.9521183365677485 sec 34.7249596118927
7 sweepaltdown 9 1000 loss 0.945680775308957 sec 38.10594153404236
7 sweepaltdown 9 1100 loss 0.9443254529814666 sec 40.72796177864075
7 sweepaltdown 9 1200 loss 0.9422595778025143 sec 43.68600106239319
7 sweepaltdown 9 1300 loss 0.9339138603447414 sec 46.547558546066284
7 sweepaltdown 9 1400 loss 0.9293510100918677 sec 50.18543744087219
7 sweepaltdown 9 1500 loss 0.9274135687982449 sec 53.788031816482544
7 sweepaltdown 9 1600 loss 0.9258044901787795 sec 57.411850929260254
7 sweepaltdown 9 1700 loss 0.9257744412638502 sec 60.95663380622864
7 sweepaltdown 9 1800 loss 0.9257673357360624 sec 64.66995811462402
7 sweepaltdown 9 1900 loss 0.9257643605500819 sec 67.8275682926178
7 sweepaltdown 9 2000 loss 0.9257641147611122 sec 71.37927150726318
7 sweepaltdown 9 2100 loss 0.9257640876754035 sec 74.54456567764282
7 sweepaltdown 9 2200 loss 0.9257640857803738 sec 77.48114204406738
7 sweepaltdown 9 2300 loss 0.9257640848983528 sec 81.30340456962585
7 sweepaltdown 9 2400 loss 0.9257640848621032 sec 84.55966782569885
DONE 7 sweepaltdown 9 0.9257640848612152 2388 85.4460346698761
7 sweepaltdown 10 100 loss 0.9705081895483703 sec 3.1882569789886475
7 sweepaltdown 10 200 loss 0.9650252601970527 sec 7.0917747020721436
7 sweepaltdown 10 300 loss 0.9631213433231441 sec 10.847053289413452
7 sweepaltdown 10 400 loss 0.9631174534131898 sec 14.165924072265625
7 sweepaltdown 10 500 loss 0.9631166844609917 sec 17.431888580322266
7 sweepaltdown 10 600 loss 0.9631166592556492 sec 20.446033477783203
DONE 7 sweepaltdown 10 0.9631166592550644 622 21.363703966140747
