7 sweepalt 30 100 loss 0.9680725576745127 sec 1.776841163635254
7 sweepalt 30 200 loss 0.9489623309203659 sec 4.53015661239624
7 sweepalt 30 300 loss 0.926334321362513 sec 7.320858716964722
7 sweepalt 30 400 loss 0.921681047136861 sec 10.108863830566406
7 sweepalt 30 500 loss 0.9183416781357536 sec 12.964069604873657
7 sweepalt 30 600 loss 0.9178085311095943 sec 15.8483247756958
7 sweepalt 30 700 loss 0.9159286333125696 sec 18.281973838806152
7 sweepalt 30 800 loss 0.9107122892842082 sec 20.43046474456787
7 sweepalt 30 900 loss 0.9106201908422165 sec 23.217299461364746
7 sweepalt 30 1000 loss 0.9106200851677213 sec 26.07604169845581
7 sweepalt 30 1100 loss 0.9106170166924895 sec 28.48716115951538
7 sweepalt 30 1200 loss 0.9106167987765569 sec 30.75190830230713
DONE 7 sweepalt 30 0.9106167987027379 1262 32.60275387763977
7 sweepalt 31 100 loss 0.971108715882645 sec 1.9451408386230469
7 sweepalt 31 200 loss 0.9644404929245243 sec 4.020264148712158
7 sweepalt 31 300 loss 0.9476121478360559 sec 6.248869895935059
7 sweepalt 31 400 loss 0.9314353525780593 sec 8.844178915023804
7 sweepalt 31 500 loss 0.9265969888266156 sec 11.25983190536499
7 sweepalt 31 600 loss 0.919623173459162 sec 14.237296342849731
7 sweepalt 31 700 loss 0.9065173015965252 sec 17.34762668609619
7 sweepalt 31 800 loss 0.9037380204644896 sec 20.374919652938843
7 sweepalt 31 900 loss 0.9031976559123108 sec 23.045323610305786
7 sweepalt 31 1000 loss 0.9031671221502585 sec 25.969422578811646
7 sweepalt 31 1100 loss 0.9031670967814863 sec 29.098506689071655
DONE 7 sweepalt 31 0.9031670967632809 1150 30.82222604751587
7 sweepalt 32 100 loss 0.9680886860321053 sec 2.7447009086608887
7 sweepalt 32 200 loss 0.961725796360725 sec 5.341814279556274
7 sweepalt 32 300 loss 0.9591832442890537 sec 7.618356466293335
7 sweepalt 32 400 loss 0.9536127726011119 sec 9.978070735931396
7 sweepalt 32 500 loss 0.9522870370145982 sec 12.269821882247925
7 sweepalt 32 600 loss 0.9476248262336224 sec 14.680509805679321
7 sweepalt 32 700 loss 0.9446859134887347 sec 17.03982448577881
7 sweepalt 32 800 loss 0.9425967245364371 sec 19.633482694625854
7 sweepalt 32 900 loss 0.9419144978607585 sec 22.04665493965149
7 sweepalt 32 1000 loss 0.941894764503642 sec 24.41772961616516
7 sweepalt 32 1100 loss 0.9418942859623619 sec 26.743204355239868
7 sweepalt 32 1200 loss 0.941892665148123 sec 29.72733163833618
7 sweepalt 32 1300 loss 0.9418925320020407 sec 32.23974585533142
7 sweepalt 32 1400 loss 0.941892530824271 sec 34.7217800617218
DONE 7 sweepalt 32 0.9418925308181786 1430 36.15293216705322
7 sweepalt 33 100 loss 0.9718307091886321 sec 2.39481782913208
7 sweepalt 33 200 loss 0.9635395560090984 sec 5.759526252746582
7 sweepalt 33 300 loss 0.9539312970088397 sec 9.0220365524292
7 sweepalt 33 400 loss 0.9315123847226949 sec 12.303391933441162
7 sweepalt 33 500 loss 0.9155593010510714 sec 14.463818550109863
7 sweepalt 33 600 loss 0.9069210626494082 sec 16.557642698287964
7 sweepalt 33 700 loss 0.906237643505037 sec 18.583726406097412
7 sweepalt 33 800 loss 0.9060505796690821 sec 20.912397384643555
7 sweepalt 33 900 loss 0.9060448381565193 sec 23.195773124694824
7 sweepalt 33 1000 loss 0.9060448311693154 sec 25.628034830093384
7 sweepalt 33 1100 loss 0.9060447536741253 sec 28.19460678100586
7 sweepalt 33 1200 loss 0.9060446973691797 sec 31.035983324050903
DONE 7 sweepalt 33 0.9060446969377852 1272 33.36690616607666
7 sweepalt 34 100 loss 0.965876559891873 sec 2.4919660091400146
7 sweepalt 34 200 loss 0.9580937378249632 sec 5.257132053375244
7 sweepalt 34 300 loss 0.9555696890933564 sec 7.989515781402588
7 sweepalt 34 400 loss 0.9551260806108282 sec 10.243080139160156
7 sweepalt 34 500 loss 0.9543248891529295 sec 12.849181413650513
7 sweepalt 34 600 loss 0.9539199949911085 sec 15.205421447753906
7 sweepalt 34 700 loss 0.9526075202338066 sec 18.0575270652771
7 sweepalt 34 800 loss 0.9504485793519651 sec 20.852660655975342
7 sweepalt 34 900 loss 0.9456900535827962 sec 23.33491611480713
7 sweepalt 34 1000 loss 0.9213783903558544 sec 26.450801372528076
7 sweepalt 34 1100 loss 0.9199917149192135 sec 28.947519779205322
7 sweepalt 34 1200 loss 0.919572977870154 sec 31.52100396156311
7 sweepalt 34 1300 loss 0.9125727079851403 sec 34.01824951171875
7 sweepalt 34 1400 loss 0.909043029569028 sec 36.66348671913147
7 sweepalt 34 1500 loss 0.9058220464023222 sec 39.30258750915527
7 sweepalt 34 1600 loss 0.9052644280543071 sec 41.929983377456665
7 sweepalt 34 1700 loss 0.904910529884054 sec 44.45219349861145
7 sweepalt 34 1800 loss 0.9048799242736749 sec 47.09843134880066
7 sweepalt 34 1900 loss 0.9048431128032346 sec 50.86585760116577
7 sweepalt 34 2000 loss 0.9048428746432118 sec 53.93375849723816
7 sweepalt 34 2100 loss 0.9048428741924763 sec 56.424532413482666
DONE 7 sweepalt 34 0.9048428741918685 2087 56.91337490081787
7 sweepalt 35 100 loss 0.964496398932635 sec 2.3378493785858154
7 sweepalt 35 200 loss 0.9584123770803826 sec 6.550482988357544
7 sweepalt 35 300 loss 0.9563431789699505 sec 9.790831565856934
7 sweepalt 35 400 loss 0.956224148728719 sec 12.433746337890625
7 sweepalt 35 500 loss 0.9562227082988971 sec 15.270225763320923
7 sweepalt 35 600 loss 0.9562226971941145 sec 18.171147346496582
DONE 7 sweepalt 35 0.9562226971547746 658 20.359036207199097
7 sweepalt 36 100 loss 0.9682221727671713 sec 2.675241231918335
7 sweepalt 36 200 loss 0.9614823057455375 sec 5.345781087875366
7 sweepalt 36 300 loss 0.9535373376169622 sec 8.69337010383606
7 sweepalt 36 400 loss 0.9423461548054276 sec 12.122367143630981
7 sweepalt 36 500 loss 0.9241283727900428 sec 15.71821928024292
7 sweepalt 36 600 loss 0.922106853499527 sec 18.666563749313354
7 sweepalt 36 700 loss 0.9215032252316739 sec 21.86273455619812
7 sweepalt 36 800 loss 0.9206901446840029 sec 24.56547236442566
7 sweepalt 36 900 loss 0.9197874302809718 sec 27.55060601234436
7 sweepalt 36 1000 loss 0.9157184948528602 sec 30.21322202682495
7 sweepalt 36 1100 loss 0.9154422081724084 sec 32.87034034729004
7 sweepalt 36 1200 loss 0.9154390354366996 sec 35.57462406158447
7 sweepalt 36 1300 loss 0.915439018797996 sec 38.20556998252869
DONE 7 sweepalt 36 0.9154390187591527 1339 40.36562466621399
7 sweepalt 37 100 loss 0.9631164740958273 sec 2.631310224533081
7 sweepalt 37 200 loss 0.9462278578364722 sec 5.70938515663147
7 sweepalt 37 300 loss 0.9320532153008547 sec 8.869041681289673
7 sweepalt 37 400 loss 0.9264106836430182 sec 12.14710259437561
7 sweepalt 37 500 loss 0.9199728352192933 sec 15.710574388504028
7 sweepalt 37 600 loss 0.9107940506465384 sec 19.086875438690186
7 sweepalt 37 700 loss 0.9055785919192256 sec 21.979522466659546
7 sweepalt 37 800 loss 0.9044113865695682 sec 24.719505310058594
7 sweepalt 37 900 loss 0.9041964069463868 sec 27.311314344406128
7 sweepalt 37 1000 loss 0.9041827829677245 sec 29.927581310272217
7 sweepalt 37 1100 loss 0.9041826307691438 sec 33.30255484580994
7 sweepalt 37 1200 loss 0.9041826165793955 sec 35.78988432884216
7 sweepalt 37 1300 loss 0.9041826161387496 sec 38.93566560745239
7 sweepalt 37 1400 loss 0.9041826160734092 sec 42.248345375061035
DONE 7 sweepalt 37 0.9041826160733241 1372 42.38078284263611
7 sweepalt 38 100 loss 0.9639819903718125 sec 2.632260322570801
7 sweepalt 38 200 loss 0.9563938560289758 sec 5.389001131057739
7 sweepalt 38 300 loss 0.9521599365959388 sec 8.492116212844849
7 sweepalt 38 400 loss 0.9383114268531325 sec 11.870857000350952
7 sweepalt 38 500 loss 0.9186841223088825 sec 14.615676164627075
7 sweepalt 38 600 loss 0.914222590461582 sec 17.140472173690796
7 sweepalt 38 700 loss 0.9110277205873314 sec 19.66085648536682
7 sweepalt 38 800 loss 0.9100277097237964 sec 22.97096848487854
7 sweepalt 38 900 loss 0.9095743934529206 sec 26.42685842514038
7 sweepalt 38 1000 loss 0.906989900835075 sec 29.828604459762573
7 sweepalt 38 1100 loss 0.9053156580478973 sec 32.51398825645447
7 sweepalt 38 1200 loss 0.8978210070566333 sec 36.29644060134888
7 sweepalt 38 1300 loss 0.895277938875907 sec 39.577311515808105
7 sweepalt 38 1400 loss 0.8951381232728182 sec 42.38618016242981
7 sweepalt 38 1500 loss 0.8950768548529259 sec 44.92427110671997
7 sweepalt 38 1600 loss 0.89506568158203 sec 47.804455518722534
7 sweepalt 38 1700 loss 0.8950192389468894 sec 50.68624830245972
7 sweepalt 38 1800 loss 0.894882978929221 sec 53.57924723625183
7 sweepalt 38 1900 loss 0.8948795593827789 sec 56.06731057167053
7 sweepalt 38 2000 loss 0.8948795097359059 sec 60.55770230293274
7 sweepalt 38 2100 loss 0.8948795035850509 sec 63.42380881309509
7 sweepalt 38 2200 loss 0.8948795030675857 sec 66.35881471633911
7 sweepalt 38 2300 loss 0.8948795029897771 sec 69.54331636428833
DONE 7 sweepalt 38 0.8948795029891148 2272 70.19169759750366
7 sweepalt 39 100 loss 0.9661527596371781 sec 2.873156785964966
7 sweepalt 39 200 loss 0.9569005289299516 sec 5.907998085021973
7 sweepalt 39 300 loss 0.9547987358906819 sec 8.830743789672852
7 sweepalt 39 400 loss 0.9452079673003656 sec 11.707430601119995
7 sweepalt 39 500 loss 0.91776876760003 sec 14.807412147521973
7 sweepalt 39 600 loss 0.8979711139565537 sec 18.23086953163147
7 sweepalt 39 700 loss 0.8913388429455351 sec 21.444193124771118
7 sweepalt 39 800 loss 0.891172017771995 sec 25.012849807739258
7 sweepalt 39 900 loss 0.8898755245963896 sec 27.932579517364502
7 sweepalt 39 1000 loss 0.8895910464195943 sec 30.6506085395813
7 sweepalt 39 1100 loss 0.8895908403059593 sec 33.17830300331116
DONE 7 sweepalt 39 0.8895908402658582 1144 35.063976764678955
