8 70 brick0 1 k 1 loss 0.052505487071646595 nit 1022 time 1.8549692630767822
8 70 brick0 1 k 2 loss 0.26956558349430537 nit 1222 time 3.9657070636749268
8 70 brick0 2 k 1 loss 0.06136966970493518 nit 969 time 5.18746018409729
8 70 brick0 2 k 2 loss 0.28377577910002494 nit 761 time 6.528084754943848
8 70 brick0 3 k 1 loss 0.05584285125711386 nit 1781 time 8.72337555885315
8 70 brick0 3 k 2 loss 0.2712682078027666 nit 1553 time 12.106558322906494
8 70 brick0 4 k 1 loss 0.05398667926124445 nit 2000 time 15.082504272460938
8 70 brick0 4 k 2 loss 0.263058958509958 nit 859 time 16.54379415512085
8 70 brick0 5 k 1 loss 0.0594585638450551 nit 1999 time 19.435978412628174
8 70 brick0 5 k 2 loss 0.27165983216837186 nit 904 time 21.0711989402771
8 70 brick0 6 k 1 loss 0.05595248999764979 nit 2000 time 23.910853624343872
8 70 brick0 6 k 2 loss 0.2777938056882149 nit 608 time 24.979664087295532
8 70 brick0 7 k 1 loss 0.05951775426712502 nit 1831 time 27.50649929046631
8 70 brick0 7 k 2 loss 0.28252559019417056 nit 629 time 28.797325372695923
8 70 brick0 8 k 1 loss 0.06393941339299025 nit 2000 time 31.552279949188232
8 70 brick0 8 k 2 loss 0.2816353359261625 nit 914 time 33.02968740463257
8 70 brick0 9 k 1 loss 0.056485236042648324 nit 1474 time 34.95009469985962
8 70 brick0 9 k 2 loss 0.28477489879459983 nit 1089 time 37.21329593658447
8 70 brick0 10 k 1 loss 0.056946063239117106 nit 1993 time 40.06972002983093
8 70 brick0 10 k 2 loss 0.27417775633983565 nit 629 time 41.24220299720764
8 70 brick0 11 k 1 loss 0.052589640262974746 nit 1537 time 43.458362340927124
8 70 brick0 11 k 2 loss 0.27464256867889536 nit 817 time 45.291725635528564
8 70 brick0 12 k 1 loss 0.060060518762615644 nit 1945 time 47.82033109664917
8 70 brick0 12 k 2 loss 0.27517488167464577 nit 1620 time 50.61970043182373
8 70 brick0 13 k 1 loss 0.05714391083123893 nit 2000 time 53.39700746536255
8 70 brick0 13 k 2 loss 0.29181010836058896 nit 528 time 54.38317537307739
8 70 brick0 14 k 1 loss 0.06784429766140443 nit 2000 time 57.29051613807678
8 70 brick0 14 k 2 loss 0.2715539407980708 nit 530 time 58.26873707771301
8 70 brick0 15 k 1 loss 0.05813851166158446 nit 1380 time 60.07819581031799
8 70 brick0 15 k 2 loss 0.289860093516758 nit 794 time 61.59840416908264
8 70 brick0 16 k 1 loss 0.05771700167758809 nit 1328 time 63.47250437736511
8 70 brick0 16 k 2 loss 0.27973798631086155 nit 776 time 64.96130466461182
8 70 brick0 17 k 1 loss 0.05148795643346993 nit 2000 time 67.83701992034912
8 70 brick0 17 k 2 loss 0.2654784066332351 nit 1208 time 70.23773956298828
8 70 brick0 18 k 1 loss 0.062008833475302505 nit 995 time 71.44018530845642
8 70 brick0 18 k 2 loss 0.2736550274668218 nit 736 time 72.97561597824097
8 70 brick0 19 k 1 loss 0.06280837139532236 nit 965 time 74.52187490463257
8 70 brick0 19 k 2 loss 0.2814145657317839 nit 579 time 75.84180235862732
8 70 brick0 20 k 1 loss 0.05124304137352298 nit 2000 time 78.86708974838257
8 70 brick0 20 k 2 loss 0.2803482186735554 nit 1527 time 81.66788578033447
8 70 brick0 21 k 1 loss 0.05737648616295543 nit 1703 time 83.9337728023529
8 70 brick0 21 k 2 loss 0.28443576517806923 nit 738 time 85.3615472316742
8 70 brick0 22 k 1 loss 0.04889693665521566 nit 2000 time 88.48621892929077
8 70 brick0 22 k 2 loss 0.2690080672678894 nit 711 time 89.7510232925415
8 70 brick0 23 k 1 loss 0.04998255602630053 nit 1386 time 91.79011583328247
8 70 brick0 23 k 2 loss 0.28385190946082206 nit 660 time 93.26614832878113
8 70 brick0 24 k 1 loss 0.05348976894965585 nit 1847 time 95.79401445388794
8 70 brick0 24 k 2 loss 0.27115939427285307 nit 632 time 97.03740692138672
8 70 brick0 25 k 1 loss 0.05789088958572597 nit 1442 time 99.29232382774353
8 70 brick0 25 k 2 loss 0.27284801157483707 nit 910 time 101.3159728050232
8 70 brick0 26 k 1 loss 0.06039082493568282 nit 1679 time 103.59403324127197
8 70 brick0 26 k 2 loss 0.2741776104914092 nit 782 time 105.06527495384216
8 70 brick0 27 k 1 loss 0.06100179568777542 nit 2000 time 107.67050123214722
8 70 brick0 27 k 2 loss 0.2750605270011077 nit 764 time 109.17926120758057
8 70 brick0 28 k 1 loss 0.056155763919577883 nit 1472 time 111.52588772773743
8 70 brick0 28 k 2 loss 0.2833288259136435 nit 560 time 112.49528193473816
8 70 brick0 29 k 1 loss 0.05958627151990625 nit 1697 time 115.60965704917908
8 70 brick0 29 k 2 loss 0.27202138926786334 nit 880 time 117.50611996650696
8 70 brick0 30 k 1 loss 0.05981830607943961 nit 1825 time 119.74457883834839
8 70 brick0 30 k 2 loss 0.27914383319476066 nit 920 time 121.91488122940063
8 70 brick0 31 k 1 loss 0.060653621816835646 nit 2000 time 125.5347306728363
8 70 brick0 31 k 2 loss 0.27892249235373057 nit 1146 time 127.68667960166931
8 70 brick0 32 k 1 loss 0.0595829025454746 nit 988 time 128.89381504058838
8 70 brick0 32 k 2 loss 0.2888047364542006 nit 551 time 130.19230341911316
8 70 brick0 33 k 1 loss 0.055181487634785364 nit 1532 time 132.25121641159058
8 70 brick0 33 k 2 loss 0.2928911297346295 nit 817 time 133.68543004989624
8 70 brick0 34 k 1 loss 0.06145741253997328 nit 1073 time 134.9570028781891
8 70 brick0 34 k 2 loss 0.27297733826953485 nit 761 time 136.14349699020386
8 70 brick0 35 k 1 loss 0.06059337920150398 nit 2000 time 138.89643335342407
8 70 brick0 35 k 2 loss 0.27513770940960536 nit 1016 time 140.6234495639801
8 70 brick0 36 k 1 loss 0.0549140408052724 nit 2000 time 143.09066343307495
8 70 brick0 36 k 2 loss 0.2774612296588135 nit 918 time 144.6203579902649
8 70 brick0 37 k 1 loss 0.06301340706447467 nit 2000 time 147.21909356117249
8 70 brick0 37 k 2 loss 0.275732326992154 nit 1351 time 149.94006037712097
8 70 brick0 38 k 1 loss 0.05330499463443206 nit 1780 time 152.79897260665894
8 70 brick0 38 k 2 loss 0.27303224016074445 nit 811 time 155.23713612556458
8 70 brick0 39 k 1 loss 0.05625396956330375 nit 1635 time 157.7820224761963
8 70 brick0 39 k 2 loss 0.27472474626734567 nit 1837 time 161.31153964996338
8 70 brick0 40 k 1 loss 0.057279542104851755 nit 2000 time 164.04428100585938
8 70 brick0 40 k 2 loss 0.27937269756189953 nit 975 time 166.28523206710815
8 70 brick0 41 k 1 loss 0.06218286087749558 nit 950 time 167.53504419326782
8 70 brick0 41 k 2 loss 0.2743051222642867 nit 726 time 168.78529810905457
8 70 brick0 42 k 1 loss 0.05904449557707103 nit 1150 time 170.5540726184845
8 70 brick0 42 k 2 loss 0.2964792613151682 nit 502 time 171.54790258407593
8 70 brick0 43 k 1 loss 0.056677733185175216 nit 1486 time 173.45590114593506
8 70 brick0 43 k 2 loss 0.2751229712676654 nit 946 time 176.02613401412964
8 70 brick0 44 k 1 loss 0.06097142624473273 nit 1054 time 177.70915699005127
8 70 brick0 44 k 2 loss 0.27158066587831986 nit 901 time 179.17623281478882
8 70 brick0 45 k 1 loss 0.06483155569906918 nit 2000 time 181.89398002624512
8 70 brick0 45 k 2 loss 0.2732855788297367 nit 729 time 183.45129990577698
8 70 brick0 46 k 1 loss 0.06537606669731799 nit 1411 time 185.5501823425293
8 70 brick0 46 k 2 loss 0.2725104137604625 nit 1218 time 188.06208515167236
8 70 brick0 47 k 1 loss 0.06912279222119955 nit 1391 time 190.02554631233215
8 70 brick0 47 k 2 loss 0.2778525511304387 nit 2000 time 194.32882118225098
8 70 brick0 48 k 1 loss 0.057429405646664544 nit 1672 time 196.49691319465637
8 70 brick0 48 k 2 loss 0.28027117185916084 nit 1766 time 200.80021381378174
8 70 brick0 49 k 1 loss 0.058862139753109166 nit 2000 time 203.40403151512146
8 70 brick0 49 k 2 loss 0.2803307442747581 nit 1296 time 205.99180722236633
8 70 brick0 50 k 1 loss 0.05472219861043981 nit 1197 time 207.45703673362732
8 70 brick0 50 k 2 loss 0.28231130035986407 nit 530 time 208.495698928833
8 70 brick0 51 k 1 loss 0.06484352571836172 nit 1002 time 209.96986770629883
8 70 brick0 51 k 2 loss 0.28050732903751197 nit 967 time 211.53251695632935
8 70 brick0 52 k 1 loss 0.061988409340483774 nit 1538 time 213.8995659351349
8 70 brick0 52 k 2 loss 0.2852950541913142 nit 639 time 217.40016841888428
8 70 brick0 53 k 1 loss 0.05996060182309604 nit 1469 time 220.1293535232544
8 70 brick0 53 k 2 loss 0.2774798622745577 nit 1208 time 222.6188759803772
8 70 brick0 54 k 1 loss 0.05865150239253203 nit 1915 time 225.04222011566162
8 70 brick0 54 k 2 loss 0.27799767345364157 nit 1129 time 227.3093740940094
8 70 brick0 55 k 1 loss 0.055146758427816245 nit 1541 time 229.86978387832642
8 70 brick0 55 k 2 loss 0.289274318904193 nit 588 time 231.22683143615723
8 70 brick0 56 k 1 loss 0.057151543720518894 nit 1774 time 234.23666310310364
8 70 brick0 56 k 2 loss 0.27971163371092844 nit 532 time 235.26890110969543
8 70 brick0 57 k 1 loss 0.055554099901724996 nit 1690 time 237.39140939712524
8 70 brick0 57 k 2 loss 0.2814885173198932 nit 807 time 238.79617428779602
8 70 brick0 58 k 1 loss 0.06203449718180165 nit 2000 time 241.26238107681274
8 70 brick0 58 k 2 loss 0.2831389187215938 nit 698 time 242.35015201568604
8 70 brick0 59 k 1 loss 0.05636275094669796 nit 2000 time 245.24781918525696
8 70 brick0 59 k 2 loss 0.2925827706701053 nit 636 time 246.19495391845703
8 70 brick0 60 k 1 loss 0.05457723438515294 nit 1276 time 248.15297198295593
8 70 brick0 60 k 2 loss 0.2807268148927349 nit 741 time 249.56493997573853
8 70 brick0 61 k 1 loss 0.05359561383554401 nit 1357 time 251.3341670036316
8 70 brick0 61 k 2 loss 0.2775118814777915 nit 1210 time 253.54488444328308
8 70 brick0 62 k 1 loss 0.05850855630323215 nit 1000 time 254.72181510925293
8 70 brick0 62 k 2 loss 0.2771549700697078 nit 1022 time 256.8061547279358
8 70 brick0 63 k 1 loss 0.04810641769944113 nit 2000 time 259.70862913131714
8 70 brick0 63 k 2 loss 0.27817882707048247 nit 1126 time 261.5367794036865
8 70 brick0 64 k 1 loss 0.054951642129640765 nit 2000 time 263.79476165771484
8 70 brick0 64 k 2 loss 0.2809589681071758 nit 827 time 265.0471329689026
8 70 brick0 65 k 1 loss 0.06538947685302587 nit 1512 time 266.9506392478943
8 70 brick0 65 k 2 loss 0.28774909083916034 nit 835 time 268.62014079093933
8 70 brick0 66 k 1 loss 0.06141289738830236 nit 1733 time 270.9657332897186
8 70 brick0 66 k 2 loss 0.28220176749717585 nit 872 time 272.4415979385376
8 70 brick0 67 k 1 loss 0.05835216558833167 nit 2000 time 275.1015672683716
8 70 brick0 67 k 2 loss 0.2881644476331501 nit 924 time 276.7454266548157
8 70 brick0 68 k 1 loss 0.05706350984684527 nit 1875 time 279.2350387573242
8 70 brick0 68 k 2 loss 0.28021913903861384 nit 813 time 280.73938512802124
8 70 brick0 69 k 1 loss 0.04725686902012105 nit 1680 time 282.85209131240845
8 70 brick0 69 k 2 loss 0.2642281284632394 nit 870 time 284.6877784729004
8 70 brick0 70 k 1 loss 0.05646036668247223 nit 1817 time 287.2737934589386
8 70 brick0 70 k 2 loss 0.2699676127037671 nit 854 time 288.96619296073914
8 70 brick0 71 k 1 loss 0.055846237302792145 nit 1326 time 290.8427081108093
8 70 brick0 71 k 2 loss 0.28241801058699467 nit 868 time 292.63034224510193
8 70 brick0 72 k 1 loss 0.056381002045390316 nit 1422 time 294.48526191711426
8 70 brick0 72 k 2 loss 0.27753796581251233 nit 814 time 296.30602836608887
8 70 brick0 73 k 1 loss 0.06353514667509141 nit 1046 time 299.9412455558777
8 70 brick0 73 k 2 loss 0.28552441484529445 nit 584 time 300.993558883667
8 70 brick0 74 k 1 loss 0.061018000560323804 nit 2000 time 303.7868766784668
8 70 brick0 74 k 2 loss 0.2805181027202265 nit 679 time 305.12430214881897
8 70 brick0 75 k 1 loss 0.05703455939167601 nit 2000 time 307.95419001579285
8 70 brick0 75 k 2 loss 0.2841537959394853 nit 741 time 309.58065128326416
8 70 brick0 76 k 1 loss 0.06415393927467661 nit 1631 time 311.7369484901428
8 70 brick0 76 k 2 loss 0.29379141628066907 nit 550 time 312.5537757873535
8 70 brick0 77 k 1 loss 0.05875223713832611 nit 982 time 313.6821765899658
8 70 brick0 77 k 2 loss 0.27170713602008223 nit 1147 time 315.5126497745514
8 70 brick0 78 k 1 loss 0.056990647034340314 nit 2000 time 318.26809525489807
8 70 brick0 78 k 2 loss 0.28802901704502304 nit 700 time 319.47057366371155
8 70 brick0 79 k 1 loss 0.05867170417434009 nit 2000 time 322.244740486145
8 70 brick0 79 k 2 loss 0.2765246082262285 nit 1002 time 323.9955132007599
8 70 brick0 80 k 1 loss 0.058489673733632785 nit 2000 time 326.66684579849243
8 70 brick0 80 k 2 loss 0.2792502065502538 nit 729 time 328.0374240875244
8 70 brick0 81 k 1 loss 0.05411131500999233 nit 2000 time 331.0534167289734
8 70 brick0 81 k 2 loss 0.26639611225475246 nit 656 time 332.22695660591125
8 70 brick0 82 k 1 loss 0.05824479108431091 nit 2000 time 334.8059506416321
8 70 brick0 82 k 2 loss 0.2884667648430791 nit 975 time 336.5811665058136
8 70 brick0 83 k 1 loss 0.05660476730557229 nit 1254 time 337.8716444969177
8 70 brick0 83 k 2 loss 0.27413096781305824 nit 1102 time 339.8767545223236
8 70 brick0 84 k 1 loss 0.05728909761504486 nit 1555 time 342.1743948459625
8 70 brick0 84 k 2 loss 0.29699494267999316 nit 653 time 343.23335790634155
8 70 brick0 85 k 1 loss 0.059786165789633694 nit 2000 time 345.7668209075928
8 70 brick0 85 k 2 loss 0.2709436307569477 nit 1455 time 348.4262635707855
8 70 brick0 86 k 1 loss 0.06436028573554264 nit 969 time 350.2027635574341
8 70 brick0 86 k 2 loss 0.2797657916001932 nit 991 time 352.8758111000061
8 70 brick0 87 k 1 loss 0.05360792748067611 nit 1276 time 354.78084087371826
8 70 brick0 87 k 2 loss 0.2856724408418917 nit 536 time 355.9102237224579
8 70 brick0 88 k 1 loss 0.05658465731139606 nit 2000 time 359.22679018974304
8 70 brick0 88 k 2 loss 0.2718905496567122 nit 780 time 361.02205204963684
8 70 brick0 89 k 1 loss 0.06391389532197755 nit 1556 time 362.8120377063751
8 70 brick0 89 k 2 loss 0.28032032616685054 nit 702 time 363.97824263572693
8 70 brick0 90 k 1 loss 0.05136667615928703 nit 1962 time 366.379177570343
8 70 brick0 90 k 2 loss 0.279737631650102 nit 668 time 367.42352843284607
8 70 brick0 91 k 1 loss 0.058444061984185836 nit 2000 time 370.3440570831299
8 70 brick0 91 k 2 loss 0.26036505236921137 nit 792 time 371.97362327575684
8 70 brick0 92 k 1 loss 0.051610656339814986 nit 2000 time 374.8130736351013
8 70 brick0 92 k 2 loss 0.27942308723799025 nit 1001 time 376.69776010513306
8 70 brick0 93 k 1 loss 0.05747072558717503 nit 2000 time 379.51825189590454
8 70 brick0 93 k 2 loss 0.2717291631447575 nit 779 time 380.89993810653687
8 70 brick0 94 k 1 loss 0.0620153574765866 nit 1891 time 383.3467147350311
8 70 brick0 94 k 2 loss 0.2794311601028078 nit 798 time 385.05416679382324
8 70 brick0 95 k 1 loss 0.053913955406679204 nit 2000 time 387.40881967544556
8 70 brick0 95 k 2 loss 0.28434862088422674 nit 1090 time 389.2748246192932
8 70 brick0 96 k 1 loss 0.05495106117508586 nit 944 time 390.424929857254
8 70 brick0 96 k 2 loss 0.2797235384973088 nit 1092 time 392.0774247646332
8 70 brick0 97 k 1 loss 0.053933670228199726 nit 1954 time 394.88240933418274
8 70 brick0 97 k 2 loss 0.2793910261880854 nit 953 time 396.6524386405945
8 70 brick0 98 k 1 loss 0.05724151237479247 nit 1339 time 398.10869574546814
8 70 brick0 98 k 2 loss 0.28853670237818885 nit 1118 time 399.7015995979309
8 70 brick0 99 k 1 loss 0.0527534745284316 nit 1696 time 402.00054836273193
8 70 brick0 99 k 2 loss 0.2742133526221314 nit 981 time 403.8304958343506
8 70 brick0 100 k 1 loss 0.06056428005256498 nit 1828 time 406.28610014915466
8 70 brick0 100 k 2 loss 0.27935122509138344 nit 937 time 407.99370646476746
8 70 brick0 101 k 1 loss 0.05261033360977341 nit 2000 time 410.5634677410126
8 70 brick0 101 k 2 loss 0.2714353620336962 nit 706 time 411.6842119693756
8 70 brick0 102 k 1 loss 0.05992776674211331 nit 2000 time 413.8307647705078
8 70 brick0 102 k 2 loss 0.2810451219606245 nit 1411 time 416.36506175994873
8 70 brick0 103 k 1 loss 0.05057403016938711 nit 2000 time 418.7581784725189
8 70 brick0 103 k 2 loss 0.2800911358629117 nit 782 time 420.05311250686646
8 70 brick0 104 k 1 loss 0.06309228281299983 nit 1263 time 421.5922739505768
8 70 brick0 104 k 2 loss 0.2727535915207828 nit 1552 time 424.16035175323486
8 70 brick0 105 k 1 loss 0.05871263246206493 nit 2000 time 426.53098011016846
8 70 brick0 105 k 2 loss 0.2756127494823748 nit 1014 time 428.72901129722595
8 70 brick0 106 k 1 loss 0.06110037312320182 nit 1508 time 431.248193025589
8 70 brick0 106 k 2 loss 0.2778626978096327 nit 580 time 432.40830755233765
8 70 brick0 107 k 1 loss 0.04787155693784295 nit 1779 time 434.72812247276306
8 70 brick0 107 k 2 loss 0.2736646144170152 nit 1013 time 436.2094757556915
8 70 brick0 108 k 1 loss 0.059882579581406636 nit 2000 time 438.66133189201355
8 70 brick0 108 k 2 loss 0.2740890788281737 nit 780 time 439.8640639781952
8 70 brick0 109 k 1 loss 0.05905955579214195 nit 1854 time 442.05701780319214
8 70 brick0 109 k 2 loss 0.2849999906473003 nit 777 time 443.22795963287354
8 70 brick0 110 k 1 loss 0.05644358224187074 nit 2000 time 445.6990783214569
8 70 brick0 110 k 2 loss 0.2782150154930966 nit 718 time 446.65011525154114
8 70 brick0 111 k 1 loss 0.06488424958632488 nit 1699 time 448.3738257884979
8 70 brick0 111 k 2 loss 0.2739305469417561 nit 1619 time 450.94704413414
8 70 brick0 112 k 1 loss 0.06089007800831148 nit 2000 time 453.51217222213745
8 70 brick0 112 k 2 loss 0.27892216404384074 nit 944 time 454.7069227695465
8 70 brick0 113 k 1 loss 0.051633777926440305 nit 1952 time 456.7336196899414
8 70 brick0 113 k 2 loss 0.28189120251229305 nit 892 time 458.29339504241943
8 70 brick0 114 k 1 loss 0.05455724910319626 nit 1795 time 460.43210649490356
8 70 brick0 114 k 2 loss 0.2735866307497289 nit 989 time 461.70328998565674
8 70 brick0 115 k 1 loss 0.060297749677001855 nit 1283 time 463.0787444114685
8 70 brick0 115 k 2 loss 0.2757839252421683 nit 1195 time 464.97411251068115
8 70 brick0 116 k 1 loss 0.05772090559783505 nit 1271 time 466.5703036785126
8 70 brick0 116 k 2 loss 0.28258505253444877 nit 676 time 467.8263120651245
8 70 brick0 117 k 1 loss 0.05379300597708103 nit 1222 time 469.46898102760315
8 70 brick0 117 k 2 loss 0.2791004130912983 nit 728 time 470.7829439640045
8 70 brick0 118 k 1 loss 0.06162879166523183 nit 1267 time 472.44747018814087
8 70 brick0 118 k 2 loss 0.27987071781109474 nit 1184 time 474.6498281955719
8 70 brick0 119 k 1 loss 0.05565770675705162 nit 1128 time 476.1281044483185
8 70 brick0 119 k 2 loss 0.2758576804492796 nit 1017 time 478.0597743988037
8 70 brick0 120 k 1 loss 0.05801952015501266 nit 958 time 479.3360161781311
8 70 brick0 120 k 2 loss 0.29112393361229905 nit 1035 time 481.3060109615326
8 70 brick0 121 k 1 loss 0.05880905830115757 nit 2000 time 483.5436751842499
8 70 brick0 121 k 2 loss 0.26923991390782864 nit 1097 time 485.2865014076233
8 70 brick0 122 k 1 loss 0.056109449816362345 nit 2000 time 487.9660367965698
8 70 brick0 122 k 2 loss 0.2749050494348698 nit 939 time 489.6003029346466
8 70 brick0 123 k 1 loss 0.05745473019122882 nit 1489 time 491.17594027519226
8 70 brick0 123 k 2 loss 0.27418435000352204 nit 1001 time 492.8879749774933
8 70 brick0 124 k 1 loss 0.0566637275087184 nit 2000 time 495.3485767841339
8 70 brick0 124 k 2 loss 0.2688457074495184 nit 1012 time 497.1094241142273
8 70 brick0 125 k 1 loss 0.05585270234995665 nit 2000 time 499.5648512840271
8 70 brick0 125 k 2 loss 0.2693920533844909 nit 871 time 501.09441590309143
8 70 brick0 126 k 1 loss 0.05750708235186108 nit 2000 time 503.5634717941284
8 70 brick0 126 k 2 loss 0.26044356342822694 nit 1024 time 505.19735956192017
8 70 brick0 127 k 1 loss 0.05413119472439176 nit 2000 time 507.4202010631561
8 70 brick0 127 k 2 loss 0.29429974000191395 nit 539 time 508.1859292984009
8 70 brick0 128 k 1 loss 0.06038205181513956 nit 2000 time 510.4642758369446
8 70 brick0 128 k 2 loss 0.2855946737261982 nit 747 time 511.9708619117737
8 70 brick0 129 k 1 loss 0.0629944087420945 nit 1271 time 513.6324133872986
8 70 brick0 129 k 2 loss 0.2772411767727291 nit 1670 time 517.4975728988647
8 70 brick0 130 k 1 loss 0.05108380363364373 nit 2000 time 520.5452806949615
8 70 brick0 130 k 2 loss 0.27932186276384463 nit 724 time 522.3650946617126
8 70 brick0 131 k 1 loss 0.056489123051589596 nit 1641 time 524.7561001777649
8 70 brick0 131 k 2 loss 0.27301774322961536 nit 884 time 526.3688123226166
8 70 brick0 132 k 1 loss 0.06377004255379748 nit 1886 time 528.4591290950775
8 70 brick0 132 k 2 loss 0.27591055383059215 nit 648 time 529.7112448215485
8 70 brick0 133 k 1 loss 0.05397870469586552 nit 1373 time 531.4144310951233
8 70 brick0 133 k 2 loss 0.2795785332429439 nit 835 time 532.8345704078674
8 70 brick0 134 k 1 loss 0.05796167423774812 nit 2000 time 535.4908845424652
8 70 brick0 134 k 2 loss 0.2726446932740957 nit 677 time 536.5009877681732
8 70 brick0 135 k 1 loss 0.06002844656121453 nit 1108 time 537.7753055095673
8 70 brick0 135 k 2 loss 0.27794783332154493 nit 988 time 539.2349720001221
8 70 brick0 136 k 1 loss 0.06096000202847873 nit 1821 time 541.2132277488708
8 70 brick0 136 k 2 loss 0.2965379384844462 nit 827 time 542.4939630031586
8 70 brick0 137 k 1 loss 0.058758189551960105 nit 2000 time 544.8406419754028
8 70 brick0 137 k 2 loss 0.27953193456747893 nit 741 time 546.2320470809937
8 70 brick0 138 k 1 loss 0.05285887751104046 nit 2000 time 549.8447413444519
8 70 brick0 138 k 2 loss 0.28726886058830825 nit 800 time 551.4083154201508
8 70 brick0 139 k 1 loss 0.06196451766820832 nit 1697 time 553.475269317627
8 70 brick0 139 k 2 loss 0.28123242811054505 nit 773 time 554.690881729126
8 70 brick0 140 k 1 loss 0.06296436288987584 nit 2000 time 557.0923697948456
8 70 brick0 140 k 2 loss 0.27964746456500933 nit 882 time 558.7128245830536
8 70 brick0 141 k 1 loss 0.0662502799375273 nit 2000 time 561.1550889015198
8 70 brick0 141 k 2 loss 0.28353401518335297 nit 980 time 563.1971340179443
8 70 brick0 142 k 1 loss 0.056262809394121205 nit 1733 time 565.6837947368622
8 70 brick0 142 k 2 loss 0.282417694256605 nit 624 time 566.9312980175018
8 70 brick0 143 k 1 loss 0.06182508961501032 nit 2000 time 569.4487807750702
8 70 brick0 143 k 2 loss 0.2854629150657244 nit 725 time 570.888575553894
8 70 brick0 144 k 1 loss 0.061864386676055205 nit 1711 time 573.3273842334747
8 70 brick0 144 k 2 loss 0.2776436900174494 nit 780 time 576.7818024158478
8 70 brick0 145 k 1 loss 0.060200918964662065 nit 1540 time 580.7617642879486
8 70 brick0 145 k 2 loss 0.29238318508953465 nit 741 time 583.9660401344299
8 70 brick0 146 k 1 loss 0.06055720271745424 nit 842 time 586.1036698818207
8 70 brick0 146 k 2 loss 0.2845698062677572 nit 1150 time 590.5078384876251
8 70 brick0 147 k 1 loss 0.0540606622648826 nit 1514 time 593.6812510490417
8 70 brick0 147 k 2 loss 0.28839689409450997 nit 573 time 595.076206445694
8 70 brick0 148 k 1 loss 0.05167577557390157 nit 1445 time 596.6365501880646
8 70 brick0 148 k 2 loss 0.26330460952711854 nit 1166 time 598.5623157024384
8 70 brick0 149 k 1 loss 0.058544872988959384 nit 2000 time 601.6864016056061
8 70 brick0 149 k 2 loss 0.2790135544296126 nit 861 time 603.3648636341095
8 70 brick0 150 k 1 loss 0.056428363388193126 nit 1890 time 606.0362424850464
8 70 brick0 150 k 2 loss 0.281150427676376 nit 872 time 607.265814781189
8 70 brick0 151 k 1 loss 0.05190184929308028 nit 1970 time 609.6593017578125
8 70 brick0 151 k 2 loss 0.28721163305264386 nit 831 time 611.1391656398773
8 70 brick0 152 k 1 loss 0.0628310124576934 nit 1816 time 613.5193746089935
8 70 brick0 152 k 2 loss 0.29513284002345475 nit 824 time 615.0355250835419
8 70 brick0 153 k 1 loss 0.0644913308254329 nit 1010 time 616.2240643501282
8 70 brick0 153 k 2 loss 0.27801778604157723 nit 749 time 617.7813403606415
8 70 brick0 154 k 1 loss 0.06306155188435003 nit 2000 time 620.0306403636932
8 70 brick0 154 k 2 loss 0.2948869153708511 nit 902 time 621.7607200145721
8 70 brick0 155 k 1 loss 0.056012567658617396 nit 1861 time 623.9318239688873
8 70 brick0 155 k 2 loss 0.2770204059895457 nit 782 time 625.1611521244049
8 70 brick0 156 k 1 loss 0.06343562982806883 nit 1868 time 627.3969619274139
8 70 brick0 156 k 2 loss 0.2783947958292885 nit 650 time 628.399876832962
8 70 brick0 157 k 1 loss 0.0576960055527348 nit 2000 time 630.7515630722046
8 70 brick0 157 k 2 loss 0.28600913298696806 nit 768 time 632.2618501186371
8 70 brick0 158 k 1 loss 0.0578862694039739 nit 2000 time 634.8600306510925
8 70 brick0 158 k 2 loss 0.2700025647936316 nit 1037 time 636.5857756137848
8 70 brick0 159 k 1 loss 0.05183752720185408 nit 1301 time 637.9608442783356
8 70 brick0 159 k 2 loss 0.2798073294864798 nit 535 time 639.2079927921295
8 70 brick0 160 k 1 loss 0.06076916058247028 nit 2000 time 642.7578990459442
8 70 brick0 160 k 2 loss 0.2823152220366979 nit 966 time 644.3946146965027
8 70 brick0 161 k 1 loss 0.05259681291130047 nit 2000 time 646.9152264595032
8 70 brick0 161 k 2 loss 0.27945040365776086 nit 637 time 648.0256915092468
8 70 brick0 162 k 1 loss 0.06355992932800103 nit 2000 time 650.5503880977631
8 70 brick0 162 k 2 loss 0.27983299506267323 nit 864 time 653.5893661975861
8 70 brick0 163 k 1 loss 0.06186468622819552 nit 1195 time 656.0402503013611
8 70 brick0 163 k 2 loss 0.28305102877567323 nit 788 time 659.052164554596
8 70 brick0 164 k 1 loss 0.06064604406961749 nit 2000 time 661.8780498504639
8 70 brick0 164 k 2 loss 0.2747362470221516 nit 889 time 664.3153529167175
8 70 brick0 165 k 1 loss 0.05521162240723787 nit 1418 time 666.7256419658661
8 70 brick0 165 k 2 loss 0.28838874405700543 nit 977 time 668.1515574455261
8 70 brick0 166 k 1 loss 0.060353128408773604 nit 2000 time 670.516031742096
8 70 brick0 166 k 2 loss 0.2737204141864342 nit 1001 time 672.6415491104126
8 70 brick0 167 k 1 loss 0.057860564515809565 nit 1569 time 675.3059957027435
8 70 brick0 167 k 2 loss 0.27572386944241334 nit 667 time 676.9177849292755
8 70 brick0 168 k 1 loss 0.05736143002024474 nit 1532 time 679.228518486023
8 70 brick0 168 k 2 loss 0.27591567624956304 nit 772 time 681.2842171192169
8 70 brick0 169 k 1 loss 0.052610545975143475 nit 1001 time 682.7873132228851
8 70 brick0 169 k 2 loss 0.2848089178615628 nit 798 time 684.4983596801758
8 70 brick0 170 k 1 loss 0.05845248366327671 nit 2000 time 687.488511800766
8 70 brick0 170 k 2 loss 0.281661148490314 nit 582 time 688.7044751644135
8 70 brick0 171 k 1 loss 0.053140156942763084 nit 1729 time 691.0784256458282
8 70 brick0 171 k 2 loss 0.27764201788384324 nit 1234 time 693.5126087665558
8 70 brick0 172 k 1 loss 0.060124616758485794 nit 1410 time 695.5903344154358
8 70 brick0 172 k 2 loss 0.26571237943279613 nit 1239 time 697.9396150112152
8 70 brick0 173 k 1 loss 0.053192878303355506 nit 1954 time 700.3097655773163
8 70 brick0 173 k 2 loss 0.2762601771212083 nit 762 time 701.6766276359558
8 70 brick0 174 k 1 loss 0.053942321695102824 nit 1426 time 703.7246286869049
8 70 brick0 174 k 2 loss 0.2835874964568448 nit 724 time 705.5187079906464
8 70 brick0 175 k 1 loss 0.052326879666685255 nit 1934 time 708.4446513652802
8 70 brick0 175 k 2 loss 0.27140179765105543 nit 759 time 709.7880434989929
8 70 brick0 176 k 1 loss 0.05660890868065249 nit 1244 time 711.425106048584
8 70 brick0 176 k 2 loss 0.2825181678657278 nit 522 time 712.6200153827667
8 70 brick0 177 k 1 loss 0.057927823824267644 nit 2000 time 716.1927034854889
8 70 brick0 177 k 2 loss 0.2643008689541515 nit 435 time 717.2649338245392
8 70 brick0 178 k 1 loss 0.058525855262847704 nit 2000 time 720.6228771209717
8 70 brick0 178 k 2 loss 0.2783623116387446 nit 702 time 722.2803885936737
8 70 brick0 179 k 1 loss 0.062067945360576804 nit 1005 time 723.9694843292236
8 70 brick0 179 k 2 loss 0.27175401461319104 nit 969 time 726.2678966522217
8 70 brick0 180 k 1 loss 0.05706172527237463 nit 1769 time 728.8276374340057
8 70 brick0 180 k 2 loss 0.2789516780826484 nit 1334 time 735.9470047950745
8 70 brick0 181 k 1 loss 0.060535379660456745 nit 1504 time 738.2296528816223
8 70 brick0 181 k 2 loss 0.29418793384621145 nit 720 time 739.584237575531
8 70 brick0 182 k 1 loss 0.05975702926036541 nit 2000 time 742.3859951496124
8 70 brick0 182 k 2 loss 0.2797178560420561 nit 714 time 743.7456030845642
8 70 brick0 183 k 1 loss 0.05992465977060779 nit 1624 time 745.5817716121674
8 70 brick0 183 k 2 loss 0.2859109659362845 nit 888 time 747.3640849590302
8 70 brick0 184 k 1 loss 0.0586691336619356 nit 2000 time 750.3986644744873
8 70 brick0 184 k 2 loss 0.2735144172399404 nit 1257 time 753.180100440979
8 70 brick0 185 k 1 loss 0.056468231447442285 nit 1935 time 756.1677131652832
8 70 brick0 185 k 2 loss 0.2868595744965381 nit 637 time 757.1546361446381
8 70 brick0 186 k 1 loss 0.06434209315848827 nit 2000 time 759.8441987037659
8 70 brick0 186 k 2 loss 0.2726905028742673 nit 810 time 761.412754535675
8 70 brick0 187 k 1 loss 0.057886421909131625 nit 1310 time 763.013444185257
8 70 brick0 187 k 2 loss 0.2707899680104574 nit 823 time 764.1841940879822
8 70 brick0 188 k 1 loss 0.06037027391938521 nit 1038 time 765.7048876285553
8 70 brick0 188 k 2 loss 0.2766218021155855 nit 1750 time 769.26526927948
8 70 brick0 189 k 1 loss 0.06555097473937288 nit 1509 time 771.5960240364075
8 70 brick0 189 k 2 loss 0.2710987199956034 nit 859 time 773.9025876522064
8 70 brick0 190 k 1 loss 0.06126682225197133 nit 1150 time 775.5974495410919
8 70 brick0 190 k 2 loss 0.27162092036952457 nit 616 time 776.7814464569092
8 70 brick0 191 k 1 loss 0.06465347498141061 nit 2000 time 779.2611713409424
8 70 brick0 191 k 2 loss 0.2822480175915433 nit 884 time 780.8122146129608
8 70 brick0 192 k 1 loss 0.057594952937202626 nit 998 time 782.1057155132294
8 70 brick0 192 k 2 loss 0.28366508269145296 nit 780 time 783.4503331184387
8 70 brick0 193 k 1 loss 0.0609535921530413 nit 1532 time 785.2523300647736
8 70 brick0 193 k 2 loss 0.2742076540921846 nit 1080 time 787.1150217056274
8 70 brick0 194 k 1 loss 0.06179332727144371 nit 1460 time 789.0781688690186
8 70 brick0 194 k 2 loss 0.2609814128270488 nit 657 time 790.1961567401886
8 70 brick0 195 k 1 loss 0.05189713037414545 nit 2000 time 792.3025481700897
8 70 brick0 195 k 2 loss 0.29786350355880575 nit 575 time 793.1150085926056
8 70 brick0 196 k 1 loss 0.05740748460378231 nit 1653 time 795.304411649704
8 70 brick0 196 k 2 loss 0.2833064170479299 nit 864 time 797.1522350311279
8 70 brick0 197 k 1 loss 0.058471512574527096 nit 1516 time 798.8224816322327
8 70 brick0 197 k 2 loss 0.27509717587285487 nit 721 time 799.8353819847107
8 70 brick0 198 k 1 loss 0.05811022112269937 nit 1660 time 801.796549320221
8 70 brick0 198 k 2 loss 0.2792531161709031 nit 698 time 803.0202438831329
8 70 brick0 199 k 1 loss 0.060675342314312264 nit 2000 time 805.4571325778961
8 70 brick0 199 k 2 loss 0.2864448126761776 nit 713 time 806.4723534584045
8 70 brick0 200 k 1 loss 0.05730623447437588 nit 2000 time 809.1698660850525
8 70 brick0 200 k 2 loss 0.27685555050334076 nit 942 time 810.7763667106628
