8 80 brick0 1 k 1 loss 0.029823596757539095 nit 2000 time 4.028149604797363
8 80 brick0 1 k 2 loss 0.22800538361998834 nit 742 time 5.445824861526489
8 80 brick0 2 k 1 loss 0.03188974076079165 nit 1366 time 7.342938184738159
8 80 brick0 2 k 2 loss 0.22332908106461813 nit 637 time 8.622657060623169
8 80 brick0 3 k 1 loss 0.03674271012575947 nit 2000 time 11.953439950942993
8 80 brick0 3 k 2 loss 0.23059630747801318 nit 1038 time 13.953078746795654
8 80 brick0 4 k 1 loss 0.03252664064284627 nit 2000 time 17.271249055862427
8 80 brick0 4 k 2 loss 0.23083476660156776 nit 1006 time 19.851011037826538
8 80 brick0 5 k 1 loss 0.03276693026895783 nit 1947 time 22.920844554901123
8 80 brick0 5 k 2 loss 0.2301184302867405 nit 738 time 24.27964472770691
8 80 brick0 6 k 1 loss 0.028997757318799833 nit 1210 time 25.945366621017456
8 80 brick0 6 k 2 loss 0.2212237623876413 nit 1683 time 29.422962188720703
8 80 brick0 7 k 1 loss 0.030899075598506354 nit 1618 time 31.951727628707886
8 80 brick0 7 k 2 loss 0.2298120981596784 nit 686 time 33.2342643737793
8 80 brick0 8 k 1 loss 0.03332468858567428 nit 1318 time 35.48308300971985
8 80 brick0 8 k 2 loss 0.2292452275535667 nit 686 time 36.76803636550903
8 80 brick0 9 k 1 loss 0.03258562543914789 nit 2000 time 39.74613952636719
8 80 brick0 9 k 2 loss 0.21761159918317752 nit 1371 time 43.378140926361084
8 80 brick0 10 k 1 loss 0.027460501505042534 nit 2000 time 46.97026181221008
8 80 brick0 10 k 2 loss 0.2302520428420699 nit 1007 time 49.241114139556885
8 80 brick0 11 k 1 loss 0.029731672711447055 nit 2000 time 52.67751336097717
8 80 brick0 11 k 2 loss 0.23256907746320654 nit 771 time 54.78038477897644
8 80 brick0 12 k 1 loss 0.029193961531286505 nit 2000 time 58.366323709487915
8 80 brick0 12 k 2 loss 0.22139008997676335 nit 954 time 62.22407269477844
8 80 brick0 13 k 1 loss 0.031390594042272846 nit 2000 time 65.30714917182922
8 80 brick0 13 k 2 loss 0.22418571159484946 nit 693 time 66.90795087814331
8 80 brick0 14 k 1 loss 0.03352568569405756 nit 1659 time 69.44928240776062
8 80 brick0 14 k 2 loss 0.22763804819390432 nit 910 time 71.213130235672
8 80 brick0 15 k 1 loss 0.030084381702049967 nit 1894 time 73.98159980773926
8 80 brick0 15 k 2 loss 0.23853044514996202 nit 995 time 75.76228952407837
8 80 brick0 16 k 1 loss 0.0324301506179272 nit 2000 time 78.85594868659973
8 80 brick0 16 k 2 loss 0.23380039899824423 nit 814 time 80.4092185497284
8 80 brick0 17 k 1 loss 0.03000710730670819 nit 2000 time 83.52873206138611
8 80 brick0 17 k 2 loss 0.23118001359107532 nit 830 time 85.1436722278595
8 80 brick0 18 k 1 loss 0.02933963484427171 nit 1468 time 87.24418234825134
8 80 brick0 18 k 2 loss 0.221402854992633 nit 1419 time 90.06195044517517
8 80 brick0 19 k 1 loss 0.028513284789400184 nit 2000 time 92.9389636516571
8 80 brick0 19 k 2 loss 0.22161087013928327 nit 689 time 94.32317233085632
8 80 brick0 20 k 1 loss 0.03384268060352147 nit 1215 time 96.15829205513
8 80 brick0 20 k 2 loss 0.22885264225753588 nit 987 time 98.28297138214111
8 80 brick0 21 k 1 loss 0.030592063929990254 nit 1409 time 100.57455468177795
8 80 brick0 21 k 2 loss 0.21935418362657033 nit 981 time 102.54975056648254
8 80 brick0 22 k 1 loss 0.029782977184322545 nit 2000 time 106.55589699745178
8 80 brick0 22 k 2 loss 0.22993012871496932 nit 815 time 107.96028470993042
8 80 brick0 23 k 1 loss 0.03554010826144138 nit 1084 time 109.70328974723816
8 80 brick0 23 k 2 loss 0.21207880269951085 nit 2000 time 115.16478753089905
8 80 brick0 24 k 1 loss 0.03567336807798449 nit 1501 time 117.37644529342651
8 80 brick0 24 k 2 loss 0.22426433437020665 nit 743 time 119.24322319030762
8 80 brick0 25 k 1 loss 0.029886661993942076 nit 2000 time 123.31058979034424
8 80 brick0 25 k 2 loss 0.23334190307034475 nit 975 time 125.77917695045471
8 80 brick0 26 k 1 loss 0.032674772448822775 nit 1282 time 127.97696566581726
8 80 brick0 26 k 2 loss 0.2241923396169816 nit 871 time 130.18248748779297
8 80 brick0 27 k 1 loss 0.0304536855092592 nit 2000 time 133.5461618900299
8 80 brick0 27 k 2 loss 0.23444716877267258 nit 1186 time 135.85405039787292
8 80 brick0 28 k 1 loss 0.030233874215229162 nit 2000 time 138.90703654289246
8 80 brick0 28 k 2 loss 0.2210790049391952 nit 523 time 140.0009777545929
8 80 brick0 29 k 1 loss 0.03524936802173628 nit 1442 time 142.06115102767944
8 80 brick0 29 k 2 loss 0.21863537138286415 nit 1514 time 145.0673348903656
8 80 brick0 30 k 1 loss 0.02806786177261056 nit 1589 time 147.29625582695007
8 80 brick0 30 k 2 loss 0.2172774376699076 nit 892 time 149.16255450248718
8 80 brick0 31 k 1 loss 0.03137148131925116 nit 2000 time 152.28519988059998
8 80 brick0 31 k 2 loss 0.233737235734364 nit 952 time 154.47293210029602
8 80 brick0 32 k 1 loss 0.032168395535262295 nit 1729 time 156.930979013443
8 80 brick0 32 k 2 loss 0.2302442096171996 nit 967 time 158.78701734542847
8 80 brick0 33 k 1 loss 0.029159201744056507 nit 2000 time 161.99063849449158
8 80 brick0 33 k 2 loss 0.2324400140701598 nit 1241 time 165.44643664360046
8 80 brick0 34 k 1 loss 0.03235415056998603 nit 2000 time 168.68924570083618
8 80 brick0 34 k 2 loss 0.2312885672137085 nit 640 time 170.45235896110535
8 80 brick0 35 k 1 loss 0.02875378647596072 nit 2000 time 174.52376699447632
8 80 brick0 35 k 2 loss 0.24273604147339634 nit 809 time 176.17658519744873
8 80 brick0 36 k 1 loss 0.03155628666834576 nit 2000 time 179.70267391204834
8 80 brick0 36 k 2 loss 0.2204179736264935 nit 845 time 181.3464641571045
8 80 brick0 37 k 1 loss 0.031263843148742976 nit 1688 time 184.06208395957947
8 80 brick0 37 k 2 loss 0.2378813597411068 nit 659 time 185.5920295715332
8 80 brick0 38 k 1 loss 0.03131839470329245 nit 2000 time 188.97934246063232
8 80 brick0 38 k 2 loss 0.23258673905445004 nit 1380 time 192.41271924972534
8 80 brick0 39 k 1 loss 0.03062784643522265 nit 1916 time 195.7364263534546
8 80 brick0 39 k 2 loss 0.23150722928990564 nit 677 time 197.22880601882935
8 80 brick0 40 k 1 loss 0.03315229015993959 nit 2000 time 200.4094681739807
8 80 brick0 40 k 2 loss 0.22724856251861347 nit 667 time 201.88346934318542
8 80 brick0 41 k 1 loss 0.03192442352483593 nit 2000 time 204.68673825263977
8 80 brick0 41 k 2 loss 0.23435579966673614 nit 859 time 206.30521607398987
8 80 brick0 42 k 1 loss 0.029358858541698396 nit 1355 time 208.81085777282715
8 80 brick0 42 k 2 loss 0.2331281602379811 nit 938 time 211.45476698875427
8 80 brick0 43 k 1 loss 0.03323851880646922 nit 2000 time 214.43109393119812
8 80 brick0 43 k 2 loss 0.22685182353907474 nit 834 time 216.15508699417114
8 80 brick0 44 k 1 loss 0.031881200331078996 nit 2000 time 219.23232221603394
8 80 brick0 44 k 2 loss 0.21897814260881998 nit 1041 time 221.50906801223755
8 80 brick0 45 k 1 loss 0.03254982216187208 nit 2000 time 227.2049605846405
8 80 brick0 45 k 2 loss 0.22643069600962862 nit 720 time 228.5062198638916
8 80 brick0 46 k 1 loss 0.02893427808035498 nit 1302 time 230.49489641189575
8 80 brick0 46 k 2 loss 0.23452282436338723 nit 942 time 232.4393572807312
8 80 brick0 47 k 1 loss 0.027862271137320094 nit 2000 time 235.54196667671204
8 80 brick0 47 k 2 loss 0.2174876124144508 nit 1076 time 237.7638349533081
8 80 brick0 48 k 1 loss 0.031667282018067455 nit 2000 time 240.72252750396729
8 80 brick0 48 k 2 loss 0.23104392259441808 nit 1238 time 244.51227688789368
8 80 brick0 49 k 1 loss 0.03214251155877634 nit 2000 time 247.58085083961487
8 80 brick0 49 k 2 loss 0.23433434569054346 nit 802 time 249.24133443832397
8 80 brick0 50 k 1 loss 0.03171586258701342 nit 1569 time 252.25677347183228
8 80 brick0 50 k 2 loss 0.22203986977587398 nit 1078 time 254.66119027137756
8 80 brick0 51 k 1 loss 0.0292434152862191 nit 2000 time 257.82001304626465
8 80 brick0 51 k 2 loss 0.22845135846939657 nit 1387 time 260.2373652458191
8 80 brick0 52 k 1 loss 0.031880720963514686 nit 2000 time 263.56775164604187
8 80 brick0 52 k 2 loss 0.24517767115871314 nit 601 time 264.95617055892944
8 80 brick0 53 k 1 loss 0.03528303507451103 nit 2000 time 268.1814765930176
8 80 brick0 53 k 2 loss 0.23093824180119515 nit 1101 time 270.2878830432892
8 80 brick0 54 k 1 loss 0.031848873148954016 nit 2000 time 273.2414391040802
8 80 brick0 54 k 2 loss 0.22758317176007847 nit 1029 time 275.32506108283997
8 80 brick0 55 k 1 loss 0.032410343096570204 nit 2000 time 277.7496178150177
8 80 brick0 55 k 2 loss 0.2264386203546147 nit 1105 time 280.0740463733673
8 80 brick0 56 k 1 loss 0.029316967779615455 nit 2000 time 283.3264636993408
8 80 brick0 56 k 2 loss 0.23383679665156198 nit 1115 time 285.6852560043335
8 80 brick0 57 k 1 loss 0.031329028399245784 nit 1720 time 288.1748089790344
8 80 brick0 57 k 2 loss 0.2214489052582722 nit 902 time 290.12906980514526
8 80 brick0 58 k 1 loss 0.02851547573682811 nit 2000 time 292.84623742103577
8 80 brick0 58 k 2 loss 0.2241115999069755 nit 1379 time 295.1469621658325
8 80 brick0 59 k 1 loss 0.03098397456669255 nit 2000 time 297.74942207336426
8 80 brick0 59 k 2 loss 0.2224666520597307 nit 984 time 299.41875743865967
8 80 brick0 60 k 1 loss 0.02577465402481982 nit 2000 time 302.2418191432953
8 80 brick0 60 k 2 loss 0.22022367782190932 nit 759 time 304.0002520084381
8 80 brick0 61 k 1 loss 0.031243775181170053 nit 1973 time 307.2481424808502
8 80 brick0 61 k 2 loss 0.23601143150554205 nit 978 time 309.1923415660858
8 80 brick0 62 k 1 loss 0.029461764800268186 nit 2000 time 311.80021929740906
8 80 brick0 62 k 2 loss 0.23187117543779134 nit 1472 time 315.0544285774231
8 80 brick0 63 k 1 loss 0.03152320529274233 nit 1792 time 317.5078213214874
8 80 brick0 63 k 2 loss 0.22387220304623268 nit 730 time 319.13711810112
8 80 brick0 64 k 1 loss 0.03270946024102239 nit 1705 time 322.2271583080292
8 80 brick0 64 k 2 loss 0.2408595700885524 nit 836 time 323.8912534713745
8 80 brick0 65 k 1 loss 0.0337498576949784 nit 1767 time 326.6484942436218
8 80 brick0 65 k 2 loss 0.2347109647065425 nit 787 time 328.35451912879944
8 80 brick0 66 k 1 loss 0.031064528698163563 nit 1805 time 331.1369972229004
8 80 brick0 66 k 2 loss 0.22425099056488207 nit 813 time 332.95179748535156
8 80 brick0 67 k 1 loss 0.032704745237693844 nit 1567 time 335.4694502353668
8 80 brick0 67 k 2 loss 0.22795853364579888 nit 654 time 337.24824118614197
8 80 brick0 68 k 1 loss 0.03265539925213101 nit 1400 time 339.1778621673584
8 80 brick0 68 k 2 loss 0.22312810815270767 nit 764 time 340.5655725002289
8 80 brick0 69 k 1 loss 0.03289987713056797 nit 1844 time 343.674236536026
8 80 brick0 69 k 2 loss 0.20912915703392254 nit 915 time 346.0195915699005
8 80 brick0 70 k 1 loss 0.02707925336503547 nit 2000 time 349.01104044914246
8 80 brick0 70 k 2 loss 0.22123643858830722 nit 1214 time 351.2773652076721
8 80 brick0 71 k 1 loss 0.03077341756223151 nit 1411 time 353.4737627506256
8 80 brick0 71 k 2 loss 0.2274050100943198 nit 822 time 355.4051659107208
8 80 brick0 72 k 1 loss 0.031852761733776824 nit 1296 time 357.4764652252197
8 80 brick0 72 k 2 loss 0.2279368724098536 nit 1429 time 360.62973618507385
8 80 brick0 73 k 1 loss 0.029794235390278256 nit 1188 time 362.51587748527527
8 80 brick0 73 k 2 loss 0.230923199467176 nit 1254 time 365.25025153160095
8 80 brick0 74 k 1 loss 0.028810466054067008 nit 2000 time 368.3528256416321
8 80 brick0 74 k 2 loss 0.24193780196314962 nit 736 time 369.89228892326355
8 80 brick0 75 k 1 loss 0.03336516452561933 nit 2000 time 372.64719104766846
8 80 brick0 75 k 2 loss 0.2274976703788555 nit 1460 time 375.98786330223083
8 80 brick0 76 k 1 loss 0.03186374182048579 nit 1483 time 378.0430648326874
8 80 brick0 76 k 2 loss 0.2228340302189743 nit 1300 time 381.0681314468384
8 80 brick0 77 k 1 loss 0.02836348978674641 nit 1448 time 383.62299060821533
8 80 brick0 77 k 2 loss 0.22446288276215487 nit 1049 time 386.02749371528625
8 80 brick0 78 k 1 loss 0.036570796412151996 nit 1737 time 388.177533864975
8 80 brick0 78 k 2 loss 0.21944678217223546 nit 1767 time 391.6882219314575
8 80 brick0 79 k 1 loss 0.029443946309829272 nit 1806 time 394.11219215393066
8 80 brick0 79 k 2 loss 0.2307206584226772 nit 791 time 395.7349262237549
8 80 brick0 80 k 1 loss 0.03189411754546434 nit 2000 time 399.38054871559143
8 80 brick0 80 k 2 loss 0.2294294794210464 nit 836 time 401.73021173477173
8 80 brick0 81 k 1 loss 0.03191413038911428 nit 1966 time 404.6261034011841
8 80 brick0 81 k 2 loss 0.23723482948780816 nit 637 time 405.85031270980835
8 80 brick0 82 k 1 loss 0.033836236925133045 nit 1917 time 408.85114765167236
8 80 brick0 82 k 2 loss 0.23279695004975265 nit 739 time 410.134259223938
8 80 brick0 83 k 1 loss 0.028401602887875188 nit 1010 time 411.4140396118164
8 80 brick0 83 k 2 loss 0.23554636950301344 nit 579 time 412.6119737625122
8 80 brick0 84 k 1 loss 0.03421744243799374 nit 2000 time 415.30784583091736
8 80 brick0 84 k 2 loss 0.22651351883965964 nit 1180 time 417.48939871788025
8 80 brick0 85 k 1 loss 0.028064774563424155 nit 2000 time 420.6147298812866
8 80 brick0 85 k 2 loss 0.2170859754932727 nit 1498 time 423.6093978881836
8 80 brick0 86 k 1 loss 0.03172195939044575 nit 1645 time 425.9730315208435
8 80 brick0 86 k 2 loss 0.22930717126811084 nit 639 time 427.00855827331543
8 80 brick0 87 k 1 loss 0.030076361307450727 nit 1894 time 429.41737270355225
8 80 brick0 87 k 2 loss 0.22276700736382116 nit 802 time 430.6957411766052
8 80 brick0 88 k 1 loss 0.0271838666880021 nit 1714 time 432.8867175579071
8 80 brick0 88 k 2 loss 0.22831028644046092 nit 836 time 434.7305088043213
8 80 brick0 89 k 1 loss 0.03163932529536673 nit 2000 time 437.7774670124054
8 80 brick0 89 k 2 loss 0.2182010430350657 nit 1203 time 439.8009543418884
8 80 brick0 90 k 1 loss 0.029128353366457138 nit 1987 time 442.59210896492004
8 80 brick0 90 k 2 loss 0.21560451847386408 nit 1246 time 445.204598903656
8 80 brick0 91 k 1 loss 0.03146008021707647 nit 2000 time 450.4606945514679
8 80 brick0 91 k 2 loss 0.2336122375290861 nit 870 time 452.06085324287415
8 80 brick0 92 k 1 loss 0.02921398649824336 nit 1845 time 454.40203523635864
8 80 brick0 92 k 2 loss 0.2299104935784072 nit 1547 time 456.99970960617065
8 80 brick0 93 k 1 loss 0.02725345027801418 nit 2000 time 459.44849920272827
8 80 brick0 93 k 2 loss 0.22604808757942552 nit 1078 time 461.8776361942291
8 80 brick0 94 k 1 loss 0.025515486714448476 nit 2000 time 464.77335810661316
8 80 brick0 94 k 2 loss 0.22228447281799535 nit 911 time 466.7329480648041
8 80 brick0 95 k 1 loss 0.029777684823820372 nit 2000 time 469.9118618965149
8 80 brick0 95 k 2 loss 0.2210238482795157 nit 1047 time 472.3961284160614
8 80 brick0 96 k 1 loss 0.034588783623524244 nit 2000 time 476.06107997894287
8 80 brick0 96 k 2 loss 0.23003465169973558 nit 660 time 477.67630791664124
8 80 brick0 97 k 1 loss 0.027128942655279986 nit 2000 time 480.80918192863464
8 80 brick0 97 k 2 loss 0.24008728813478664 nit 856 time 482.5489218235016
8 80 brick0 98 k 1 loss 0.03442459358160466 nit 2000 time 485.6075325012207
8 80 brick0 98 k 2 loss 0.22892907143454 nit 632 time 486.84040570259094
8 80 brick0 99 k 1 loss 0.030681096171756406 nit 2000 time 489.81422877311707
8 80 brick0 99 k 2 loss 0.2260717758162194 nit 843 time 491.72195076942444
8 80 brick0 100 k 1 loss 0.03338871993455572 nit 2000 time 494.3428132534027
8 80 brick0 100 k 2 loss 0.22744789408267418 nit 990 time 496.16944456100464
8 80 brick0 101 k 1 loss 0.03394334891186701 nit 2000 time 499.42668557167053
8 80 brick0 101 k 2 loss 0.22651685437920965 nit 1027 time 502.7512516975403
8 80 brick0 102 k 1 loss 0.02953966713802536 nit 2000 time 506.8087697029114
8 80 brick0 102 k 2 loss 0.2306900568384539 nit 790 time 508.5506498813629
8 80 brick0 103 k 1 loss 0.03338653621976406 nit 2000 time 512.5558242797852
8 80 brick0 103 k 2 loss 0.23287922603764855 nit 965 time 515.4508743286133
8 80 brick0 104 k 1 loss 0.028576898834711817 nit 1047 time 517.3015925884247
8 80 brick0 104 k 2 loss 0.23790951024856055 nit 755 time 519.5237238407135
8 80 brick0 105 k 1 loss 0.032941042215996474 nit 2000 time 522.5356934070587
8 80 brick0 105 k 2 loss 0.23635599574605726 nit 664 time 523.8832619190216
8 80 brick0 106 k 1 loss 0.03327959192902885 nit 2000 time 526.9711434841156
8 80 brick0 106 k 2 loss 0.23033675529238518 nit 1013 time 529.0408797264099
8 80 brick0 107 k 1 loss 0.02891038446837002 nit 2000 time 532.0235171318054
8 80 brick0 107 k 2 loss 0.21456280156911112 nit 1243 time 534.6006603240967
8 80 brick0 108 k 1 loss 0.0307775188415641 nit 2000 time 538.6050407886505
8 80 brick0 108 k 2 loss 0.23012450873170698 nit 579 time 540.0970425605774
8 80 brick0 109 k 1 loss 0.0307815312574935 nit 1929 time 543.4086756706238
8 80 brick0 109 k 2 loss 0.22676176466851516 nit 1082 time 546.2530407905579
8 80 brick0 110 k 1 loss 0.027591986653741962 nit 1860 time 549.6928448677063
8 80 brick0 110 k 2 loss 0.23398354054944648 nit 1021 time 552.3057429790497
8 80 brick0 111 k 1 loss 0.031171216555315184 nit 1812 time 555.736576795578
8 80 brick0 111 k 2 loss 0.21983745767594076 nit 2000 time 561.1416864395142
8 80 brick0 112 k 1 loss 0.029630954911031182 nit 1158 time 563.5464050769806
8 80 brick0 112 k 2 loss 0.22728546621379087 nit 655 time 565.3583641052246
8 80 brick0 113 k 1 loss 0.029441597596580937 nit 2000 time 568.5348200798035
8 80 brick0 113 k 2 loss 0.22570494726182744 nit 877 time 570.2372860908508
8 80 brick0 114 k 1 loss 0.032924867479734 nit 2000 time 574.1186411380768
8 80 brick0 114 k 2 loss 0.2234410402432918 nit 1157 time 575.8356750011444
8 80 brick0 115 k 1 loss 0.034528818269389694 nit 1256 time 578.5471289157867
8 80 brick0 115 k 2 loss 0.2407061569552562 nit 885 time 581.7170286178589
8 80 brick0 116 k 1 loss 0.029950924558928338 nit 1460 time 583.7077496051788
8 80 brick0 116 k 2 loss 0.2252729969893097 nit 789 time 585.933091878891
8 80 brick0 117 k 1 loss 0.03132540175714993 nit 1740 time 588.9164628982544
8 80 brick0 117 k 2 loss 0.2330614248038959 nit 1177 time 592.0266213417053
8 80 brick0 118 k 1 loss 0.03070915920357753 nit 2000 time 595.4853899478912
8 80 brick0 118 k 2 loss 0.22922462471184057 nit 820 time 597.6691451072693
8 80 brick0 119 k 1 loss 0.03418647621686832 nit 2000 time 600.7748262882233
8 80 brick0 119 k 2 loss 0.22399777783947805 nit 987 time 603.2701623439789
8 80 brick0 120 k 1 loss 0.02877991030498539 nit 1574 time 605.982833147049
8 80 brick0 120 k 2 loss 0.22416922770424286 nit 957 time 609.2865872383118
8 80 brick0 121 k 1 loss 0.032154254032947804 nit 1872 time 612.7080116271973
8 80 brick0 121 k 2 loss 0.23109242798545948 nit 1035 time 616.05246758461
8 80 brick0 122 k 1 loss 0.029004772246590704 nit 2000 time 619.9314312934875
8 80 brick0 122 k 2 loss 0.2201870847249252 nit 1049 time 623.101354598999
8 80 brick0 123 k 1 loss 0.028925918581865773 nit 1968 time 626.9303240776062
8 80 brick0 123 k 2 loss 0.2292280998169528 nit 1152 time 629.5441341400146
8 80 brick0 124 k 1 loss 0.029412721224892246 nit 2000 time 632.3461301326752
8 80 brick0 124 k 2 loss 0.23078395856394007 nit 962 time 634.2824745178223
8 80 brick0 125 k 1 loss 0.032359742289470694 nit 2000 time 637.2762358188629
8 80 brick0 125 k 2 loss 0.21397573295245598 nit 779 time 638.7740068435669
8 80 brick0 126 k 1 loss 0.03127418412317684 nit 1346 time 640.7188465595245
8 80 brick0 126 k 2 loss 0.22073748015044403 nit 1543 time 645.0124490261078
8 80 brick0 127 k 1 loss 0.032054061387028376 nit 2000 time 648.0810105800629
8 80 brick0 127 k 2 loss 0.2302390324223279 nit 753 time 649.6370799541473
8 80 brick0 128 k 1 loss 0.03070337568404624 nit 2000 time 652.6738140583038
8 80 brick0 128 k 2 loss 0.22339837140988494 nit 1084 time 655.113331079483
8 80 brick0 129 k 1 loss 0.0291483375569076 nit 2000 time 658.2912037372589
8 80 brick0 129 k 2 loss 0.232000073799138 nit 774 time 660.1757748126984
8 80 brick0 130 k 1 loss 0.03015753711647262 nit 1925 time 664.1832807064056
8 80 brick0 130 k 2 loss 0.22399741119102468 nit 980 time 666.9746763706207
8 80 brick0 131 k 1 loss 0.029554582336131285 nit 2000 time 670.1732261180878
8 80 brick0 131 k 2 loss 0.22806741004468045 nit 719 time 672.17591381073
8 80 brick0 132 k 1 loss 0.036596264197834794 nit 2000 time 676.0880653858185
8 80 brick0 132 k 2 loss 0.23567905003398348 nit 980 time 679.6525237560272
8 80 brick0 133 k 1 loss 0.030174025211058497 nit 2000 time 684.1146929264069
8 80 brick0 133 k 2 loss 0.23813031951866293 nit 709 time 685.7663328647614
8 80 brick0 134 k 1 loss 0.031216952797776365 nit 1662 time 688.7332787513733
8 80 brick0 134 k 2 loss 0.22832927026238492 nit 802 time 690.6465141773224
8 80 brick0 135 k 1 loss 0.029884941081574357 nit 2000 time 694.117428779602
8 80 brick0 135 k 2 loss 0.2428959645926676 nit 787 time 696.0902006626129
8 80 brick0 136 k 1 loss 0.030929977573014078 nit 2000 time 698.8917164802551
8 80 brick0 136 k 2 loss 0.23065411712419037 nit 830 time 700.4830205440521
8 80 brick0 137 k 1 loss 0.029953251513059165 nit 1794 time 703.2432103157043
8 80 brick0 137 k 2 loss 0.2294819133976439 nit 799 time 704.9131412506104
8 80 brick0 138 k 1 loss 0.03122343835318775 nit 2000 time 708.0941352844238
8 80 brick0 138 k 2 loss 0.2207712266438695 nit 1011 time 710.1772861480713
8 80 brick0 139 k 1 loss 0.029914910934771943 nit 1387 time 712.2927415370941
8 80 brick0 139 k 2 loss 0.22993838420983148 nit 1104 time 715.25044298172
8 80 brick0 140 k 1 loss 0.03142256914753172 nit 2000 time 718.5517349243164
8 80 brick0 140 k 2 loss 0.22874915528527673 nit 937 time 721.7266936302185
8 80 brick0 141 k 1 loss 0.03128534414092876 nit 2000 time 725.0656278133392
8 80 brick0 141 k 2 loss 0.2215084910547881 nit 1635 time 728.8862500190735
8 80 brick0 142 k 1 loss 0.029988098684139874 nit 1514 time 732.1627855300903
8 80 brick0 142 k 2 loss 0.23105139018568532 nit 914 time 734.2722606658936
8 80 brick0 143 k 1 loss 0.029133965711010346 nit 2000 time 737.3411109447479
8 80 brick0 143 k 2 loss 0.23210191871781816 nit 907 time 739.1850471496582
8 80 brick0 144 k 1 loss 0.029263453949197715 nit 2000 time 743.8696420192719
8 80 brick0 144 k 2 loss 0.22520116789409572 nit 934 time 746.799179315567
8 80 brick0 145 k 1 loss 0.03335925527807482 nit 2000 time 749.8224666118622
8 80 brick0 145 k 2 loss 0.22114081584970913 nit 1301 time 752.8238787651062
8 80 brick0 146 k 1 loss 0.03168538301139079 nit 2000 time 755.7182583808899
8 80 brick0 146 k 2 loss 0.22209169363688286 nit 812 time 757.3858156204224
8 80 brick0 147 k 1 loss 0.03476565019451039 nit 2000 time 760.8521585464478
8 80 brick0 147 k 2 loss 0.22536178045790878 nit 1000 time 763.4324314594269
8 80 brick0 148 k 1 loss 0.02849319003890216 nit 2000 time 767.0267307758331
8 80 brick0 148 k 2 loss 0.2204969514259415 nit 753 time 768.7810459136963
8 80 brick0 149 k 1 loss 0.03026873330614055 nit 2000 time 771.8108327388763
8 80 brick0 149 k 2 loss 0.22808388437888494 nit 1485 time 774.9081630706787
8 80 brick0 150 k 1 loss 0.02796133748877605 nit 1879 time 777.6061563491821
8 80 brick0 150 k 2 loss 0.2215672355299111 nit 906 time 780.0973608493805
8 80 brick0 151 k 1 loss 0.0326471289916318 nit 2000 time 783.4424731731415
8 80 brick0 151 k 2 loss 0.22675236683917155 nit 1035 time 785.7577171325684
8 80 brick0 152 k 1 loss 0.029492727655731188 nit 1850 time 788.7383453845978
8 80 brick0 152 k 2 loss 0.22308143575047312 nit 1423 time 791.3427088260651
8 80 brick0 153 k 1 loss 0.030205537736286647 nit 1143 time 792.8538160324097
8 80 brick0 153 k 2 loss 0.22829786842484856 nit 580 time 793.9966208934784
8 80 brick0 154 k 1 loss 0.03251663536770022 nit 2000 time 796.6859652996063
8 80 brick0 154 k 2 loss 0.23410819861301801 nit 780 time 799.2110388278961
8 80 brick0 155 k 1 loss 0.029427870400077993 nit 2000 time 802.6786389350891
8 80 brick0 155 k 2 loss 0.2398190247761447 nit 707 time 804.362761259079
8 80 brick0 156 k 1 loss 0.032798700983223794 nit 2000 time 807.2271399497986
8 80 brick0 156 k 2 loss 0.22640508502541556 nit 725 time 809.0028176307678
8 80 brick0 157 k 1 loss 0.033426149904515645 nit 1134 time 810.6502146720886
8 80 brick0 157 k 2 loss 0.2383726217721348 nit 553 time 811.9481172561646
8 80 brick0 158 k 1 loss 0.026653936306374137 nit 2000 time 815.3963935375214
8 80 brick0 158 k 2 loss 0.22166512970386476 nit 908 time 817.9308285713196
8 80 brick0 159 k 1 loss 0.03179042272751975 nit 2000 time 820.8930892944336
8 80 brick0 159 k 2 loss 0.2224828882779526 nit 936 time 823.4486427307129
8 80 brick0 160 k 1 loss 0.028930426456959868 nit 2000 time 827.100335597992
8 80 brick0 160 k 2 loss 0.21818360524196234 nit 775 time 828.9053859710693
8 80 brick0 161 k 1 loss 0.030350710176346607 nit 2000 time 832.7601971626282
8 80 brick0 161 k 2 loss 0.23876889598856954 nit 1068 time 835.9407458305359
8 80 brick0 162 k 1 loss 0.03160604916478793 nit 2000 time 838.8082301616669
8 80 brick0 162 k 2 loss 0.2262386295134623 nit 974 time 841.1658482551575
8 80 brick0 163 k 1 loss 0.03235797622573444 nit 1447 time 843.8572452068329
8 80 brick0 163 k 2 loss 0.23072063505611573 nit 1337 time 846.9046194553375
8 80 brick0 164 k 1 loss 0.03566598524663456 nit 1597 time 849.5775964260101
8 80 brick0 164 k 2 loss 0.22534639159661762 nit 690 time 851.5541365146637
8 80 brick0 165 k 1 loss 0.027394282670057613 nit 2000 time 854.4033508300781
8 80 brick0 165 k 2 loss 0.2259911260067503 nit 818 time 856.1388428211212
8 80 brick0 166 k 1 loss 0.03360766481510369 nit 1434 time 858.6326277256012
8 80 brick0 166 k 2 loss 0.2197857277116917 nit 755 time 860.3016550540924
8 80 brick0 167 k 1 loss 0.031103066185329542 nit 2000 time 863.4480912685394
8 80 brick0 167 k 2 loss 0.2253345650116697 nit 747 time 865.2987115383148
8 80 brick0 168 k 1 loss 0.030882977958802238 nit 2000 time 869.5282890796661
8 80 brick0 168 k 2 loss 0.23592639534397208 nit 789 time 872.1425602436066
8 80 brick0 169 k 1 loss 0.03017038101040226 nit 2000 time 875.0965304374695
8 80 brick0 169 k 2 loss 0.23153369784193034 nit 1142 time 878.8154938220978
8 80 brick0 170 k 1 loss 0.030914504512377983 nit 2000 time 882.1705987453461
8 80 brick0 170 k 2 loss 0.23436056579833842 nit 1090 time 884.9367780685425
8 80 brick0 171 k 1 loss 0.02962753450501654 nit 1491 time 887.587733745575
8 80 brick0 171 k 2 loss 0.23198155528077347 nit 1002 time 890.0480401515961
8 80 brick0 172 k 1 loss 0.03337759810335872 nit 1652 time 893.0011329650879
8 80 brick0 172 k 2 loss 0.22826669742478056 nit 747 time 898.0995256900787
8 80 brick0 173 k 1 loss 0.028604679268747324 nit 1715 time 904.1026895046234
8 80 brick0 173 k 2 loss 0.2165430790850793 nit 1279 time 910.2761187553406
8 80 brick0 174 k 1 loss 0.028410260790020514 nit 1818 time 913.3475952148438
8 80 brick0 174 k 2 loss 0.23268079171716838 nit 1551 time 917.8282194137573
8 80 brick0 175 k 1 loss 0.029130011504573616 nit 1870 time 923.279265165329
8 80 brick0 175 k 2 loss 0.22275809226768162 nit 1324 time 926.1065437793732
8 80 brick0 176 k 1 loss 0.028816513066062144 nit 1733 time 929.3465876579285
8 80 brick0 176 k 2 loss 0.21785648146667747 nit 743 time 930.8846483230591
8 80 brick0 177 k 1 loss 0.030973793837896446 nit 1302 time 932.8296689987183
8 80 brick0 177 k 2 loss 0.23220424742677404 nit 837 time 934.8985555171967
8 80 brick0 178 k 1 loss 0.02845396140144829 nit 2000 time 938.6116828918457
8 80 brick0 178 k 2 loss 0.22161596687189467 nit 1442 time 941.608404636383
8 80 brick0 179 k 1 loss 0.03254686612048807 nit 2000 time 944.2826330661774
8 80 brick0 179 k 2 loss 0.22804571342666413 nit 1033 time 945.8985607624054
8 80 brick0 180 k 1 loss 0.030253455852331412 nit 1900 time 948.238641500473
8 80 brick0 180 k 2 loss 0.21597336706269565 nit 1172 time 950.2162697315216
8 80 brick0 181 k 1 loss 0.027388317869781242 nit 2000 time 953.1272597312927
8 80 brick0 181 k 2 loss 0.22784658282398706 nit 926 time 954.7217669487
8 80 brick0 182 k 1 loss 0.0310534710554643 nit 2000 time 958.3945617675781
8 80 brick0 182 k 2 loss 0.21426286572116793 nit 1031 time 960.432984828949
8 80 brick0 183 k 1 loss 0.0313863371295382 nit 2000 time 963.4347734451294
8 80 brick0 183 k 2 loss 0.2265770327678508 nit 1233 time 965.6348834037781
8 80 brick0 184 k 1 loss 0.02696610491504625 nit 2000 time 968.1687786579132
8 80 brick0 184 k 2 loss 0.23440830665373025 nit 1123 time 970.7543234825134
8 80 brick0 185 k 1 loss 0.03029787336226808 nit 2000 time 973.6423382759094
8 80 brick0 185 k 2 loss 0.2284358941762129 nit 919 time 976.0162103176117
8 80 brick0 186 k 1 loss 0.030524993167994063 nit 2000 time 979.4266095161438
8 80 brick0 186 k 2 loss 0.23012060054126948 nit 787 time 981.137336730957
8 80 brick0 187 k 1 loss 0.03098310258325654 nit 1749 time 983.7770376205444
8 80 brick0 187 k 2 loss 0.2285625411986112 nit 1652 time 987.6654627323151
8 80 brick0 188 k 1 loss 0.033013469227593184 nit 2000 time 990.6655912399292
8 80 brick0 188 k 2 loss 0.22692731627596385 nit 536 time 991.7650101184845
8 80 brick0 189 k 1 loss 0.03569109309923846 nit 950 time 993.302205324173
8 80 brick0 189 k 2 loss 0.22536281300737304 nit 952 time 995.0288977622986
8 80 brick0 190 k 1 loss 0.02515558055828815 nit 2000 time 998.0989038944244
8 80 brick0 190 k 2 loss 0.23303275189961015 nit 534 time 999.19664311409
8 80 brick0 191 k 1 loss 0.029260005347994555 nit 1901 time 1003.7694528102875
8 80 brick0 191 k 2 loss 0.2228397720068508 nit 1420 time 1007.6669607162476
8 80 brick0 192 k 1 loss 0.03187738975355259 nit 1948 time 1010.5660741329193
8 80 brick0 192 k 2 loss 0.22828044969475625 nit 915 time 1013.0979361534119
8 80 brick0 193 k 1 loss 0.029101272817520396 nit 2000 time 1016.481006860733
8 80 brick0 193 k 2 loss 0.22730096776737108 nit 1017 time 1018.6884851455688
8 80 brick0 194 k 1 loss 0.032168204729936534 nit 1873 time 1021.3918297290802
8 80 brick0 194 k 2 loss 0.2309188289139137 nit 758 time 1022.6390845775604
8 80 brick0 195 k 1 loss 0.030099280444043086 nit 1705 time 1025.412470817566
8 80 brick0 195 k 2 loss 0.23084266358116268 nit 1077 time 1027.7981970310211
8 80 brick0 196 k 1 loss 0.031242192731044782 nit 1523 time 1029.8891396522522
8 80 brick0 196 k 2 loss 0.22845883273528744 nit 859 time 1031.5203368663788
8 80 brick0 197 k 1 loss 0.02920487896065893 nit 2000 time 1034.1289660930634
8 80 brick0 197 k 2 loss 0.22813082071854007 nit 990 time 1036.107873916626
8 80 brick0 198 k 1 loss 0.030043593471358654 nit 1577 time 1038.5819261074066
8 80 brick0 198 k 2 loss 0.22031899884118988 nit 507 time 1039.7860419750214
8 80 brick0 199 k 1 loss 0.03060649484707012 nit 1692 time 1042.3819665908813
8 80 brick0 199 k 2 loss 0.2328024046136593 nit 1160 time 1045.4846625328064
8 80 brick0 200 k 1 loss 0.03207693368460085 nit 2000 time 1051.0787539482117
8 80 brick0 200 k 2 loss 0.23015328014044656 nit 1160 time 1053.4728152751923
