DONE 7 6 sweepup 0 0.9322666048584229 77 0.820723295211792
DONE 7 6 sweepup 1 0.9336833611266048 91 1.6103723049163818
DONE 7 6 sweepup 2 0.9364647535053406 73 2.148766040802002
DONE 7 6 sweepup 3 0.9299676905453946 108 2.900247097015381
DONE 7 6 sweepup 4 0.9322389890262655 138 4.103811025619507
DONE 7 6 sweepup 5 0.9303617486385954 105 4.826295614242554
DONE 7 6 sweepup 6 0.9386564802349525 126 5.708673715591431
DONE 7 6 sweepup 7 0.9318482519120913 99 6.404634952545166
DONE 7 6 sweepup 8 0.9342699591038953 112 7.349766969680786
DONE 7 6 sweepup 9 0.9298133122532255 112 8.127474546432495
DONE 7 6 sweepup 10 0.9339160714596546 83 8.789126873016357
DONE 7 6 sweepup 11 0.9314838041842505 145 9.902594327926636
DONE 7 6 sweepup 12 0.9360115213500415 84 10.556347370147705
DONE 7 6 sweepup 13 0.9340819246037529 95 11.29152536392212
DONE 7 6 sweepup 14 0.9330029931428682 102 12.19369912147522
DONE 7 6 sweepup 15 0.9306156259310654 212 13.759138584136963
DONE 7 6 sweepup 16 0.9344130834208424 106 14.490556240081787
DONE 7 6 sweepup 17 0.9290719648976921 108 15.179893016815186
DONE 7 6 sweepup 18 0.9301694333143016 131 16.088209629058838
DONE 7 6 sweepup 19 0.9331205911640235 96 16.975730419158936
DONE 7 6 sweepup 20 0.9316587003597451 109 18.000595092773438
DONE 7 6 sweepup 21 0.931602086962706 106 18.853026151657104
DONE 7 6 sweepup 22 0.9367882873832651 108 19.607824563980103
DONE 7 6 sweepup 23 0.9334621432367178 83 20.141016244888306
DONE 7 6 sweepup 24 0.9341166567331016 99 20.794349431991577
DONE 7 6 sweepup 25 0.9334453312096925 135 21.75482702255249
DONE 7 6 sweepup 26 0.9336464144224457 141 22.646804094314575
DONE 7 6 sweepup 27 0.9325888068037171 107 23.632322549819946
DONE 7 6 sweepup 28 0.932975183913305 85 24.36523699760437
DONE 7 6 sweepup 29 0.933973391461885 86 25.07382321357727
