best 0.0012827411778744136 default 0 1 7q 3 0.006206729330472172 8q 10 0.0012827411778744136 sec 0.0003447532653808594
best 0.0008466890121781034 default 0 2 7q 204 0.009176587290312455 8q 30 0.0008466890121781034 sec 0.0005099773406982422
AT default 0 0.0005366802215576172
best 0.0002903340016899847 default 1 2 7q 128 0.0005101009892314323 8q 2 0.0002903340016899847 sec 0.0006716251373291016
best 7.967824785737321e-05 default 2 1 7q 18 0.0003425965614951565 8q 232 7.967824785737321e-05 sec 0.0007588863372802734
best 4.589165655488614e-05 default 5 1 7q 70 4.589165655488614e-05 8q 117 0.0009102876301767537 sec 0.0010030269622802734
best 1.391196383337956e-05 default 24 1 7q 165 1.391196383337956e-05 8q 223 0.0007965852128108963 sec 0.0024099349975585938
best 6.029757059877738e-06 default 38 1 7q 155 6.029757059877738e-06 8q 172 0.0008189140971808229 sec 0.0034911632537841797
best 1.1119518603663892e-06 default 43 1 7q 133 1.1119518603663892e-06 8q 176 0.001798352433979744 sec 0.003922700881958008
best 4.6777859097346663e-07 default 1324 1 7q 104 0.0011874548636114923 8q 189 4.6777859097346663e-07 sec 0.09542012214660645
best 8.244023774750531e-08 default 1574 1 7q 150 8.244023774750531e-08 8q 120 0.0006891323064337485 sec 0.11278796195983887
best 6.174389000079827e-08 default 9478 1 7q 7 6.174389000079827e-08 8q 117 1.8452386939316057e-05 sec 0.6863343715667725
best 1.0516032489249483e-08 default 9624 1 7q 106 1.0390667739557102e-06 8q 25 1.0516032489249483e-08 sec 0.6977496147155762
AT default 10000 0.7257239818572998
AT default 20000 1.5663173198699951
best 2.078195393551141e-09 default 27118 2 7q 84 2.078195393551141e-09 8q 34 0.0026266682702953403 sec 2.216372013092041
AT default 30000 2.486797571182251
AT default 40000 3.453000783920288
AT default 50000 4.411473751068115
AT default 60000 5.335617542266846
AT default 70000 6.311697483062744
AT default 80000 7.044846534729004
AT default 90000 7.814733982086182
AT default 100000 8.623718738555908
AT default 110000 9.696980237960815
AT default 120000 10.758969783782959
AT default 130000 11.652976751327515
AT default 140000 12.384063482284546
AT default 150000 13.121520519256592
AT default 160000 13.83142876625061
AT default 170000 14.565845727920532
AT default 180000 15.706626415252686
AT default 190000 16.684911012649536
AT default 200000 17.445682048797607
AT default 210000 18.587995767593384
best 1.0586518328636885e-09 default 210681 1 7q 73 1.0586518328636885e-09 8q 76 0.0012932561603520298 sec 18.645289659500122
HIT [7, 'default', 210681, 1, 73, 1.0586518328636885e-09]
AT default 220000 19.475879907608032
AT default 230000 20.674771547317505
AT default 240000 21.734501123428345
AT default 250000 22.79218029975891
AT default 260000 23.857798099517822
AT default 270000 24.83719253540039
AT default 280000 25.726361751556396
AT default 290000 26.654767513275146
AT default 300000 27.592419624328613
AT default 310000 28.602385759353638
AT default 320000 29.514565467834473
AT default 330000 30.500314474105835
AT default 340000 31.637619733810425
AT default 350000 32.72460150718689
AT default 360000 33.80391311645508
AT default 370000 34.87880539894104
AT default 380000 36.01913547515869
AT default 390000 37.38299202919006
AT default 400000 38.466920137405396
AT default 410000 39.48944926261902
AT default 420000 40.43287515640259
AT default 430000 41.71095824241638
best 8.676579454913735e-10 default 430338 1 7q 188 8.676579454913735e-10 8q 117 0.0018025113822659478 sec 41.75125551223755
HIT [7, 'default', 430338, 1, 188, 8.676579454913735e-10]
AT default 440000 42.7884886264801
AT default 450000 43.83297038078308
AT default 460000 44.879711627960205
AT default 470000 46.24053692817688
AT default 480000 47.49591946601868
AT default 490000 48.63255023956299
AT default 500000 49.801645278930664
AT default 510000 51.07546615600586
AT default 520000 52.29938507080078
AT default 530000 53.45878624916077
AT default 540000 54.680461406707764
AT default 550000 55.920902252197266
AT default 560000 57.25718927383423
AT default 570000 58.28053879737854
AT default 580000 59.1374614238739
AT default 590000 59.98624587059021
AT default 600000 60.90607285499573
AT default 610000 61.817389488220215
AT default 620000 62.83274960517883
AT default 630000 63.90692114830017
AT default 640000 64.97859525680542
AT default 650000 66.1057939529419
AT default 660000 67.19281101226807
AT default 670000 68.2786033153534
AT default 680000 69.36098885536194
AT default 690000 70.43307185173035
AT default 700000 71.55062961578369
AT default 710000 72.56988024711609
AT default 720000 73.90130186080933
AT default 730000 75.34081292152405
AT default 740000 76.72498321533203
AT default 750000 77.85427784919739
AT default 760000 78.91256713867188
AT default 770000 79.99336552619934
AT default 780000 81.07611560821533
AT default 790000 82.28297233581543
AT default 800000 83.37003755569458
AT default 810000 84.45227980613708
AT default 820000 85.5240728855133
AT default 830000 86.60981798171997
AT default 840000 87.84388208389282
AT default 850000 89.34517621994019
AT default 860000 90.75944399833679
AT default 870000 92.16293430328369
best 7.494236342608929e-10 default 870002 1 7q 127 0.0006088866721256636 8q 78 7.494236342608929e-10 sec 92.16323208808899
HIT [8, 'default', 870002, 1, 78, 7.494236342608929e-10]
AT default 880000 93.5670394897461
HIT [8, 'default', 887137, 2, 107, 1.3369572116062045e-09]
AT default 890000 94.96409749984741
AT default 900000 96.3342170715332
AT default 910000 97.71424150466919
AT default 920000 99.03375744819641
AT default 930000 100.43759989738464
AT default 940000 101.4857337474823
AT default 950000 102.35663676261902
AT default 960000 103.58695363998413
AT default 970000 105.05287194252014
AT default 980000 106.44076132774353
AT default 990000 107.49439096450806
AT default 1000000 108.62478733062744
