best 0.00039580070642841747 python False 0 7 89 [0, 1, 0] 1 0.0005018711090087891
best 0.00036509874280454824 python False 0 8 94 [1, 0, 0] 1 0.0009171962738037109
best 0.00036385012936079875 python False 0 7 103 [1, 1, 1] 2 0.001009225845336914
best 8.107441090032808e-06 python False 0 8 12 [1, 1, 0] 2 0.0010800361633300781
AT 0 0.001172780990600586
best 9.957857400877401e-07 python False 1 8 104 [1, 0, 1] 2 0.0015616416931152344
best 2.167981136835806e-07 python False 15 8 38 [1, 0, -1] 1 0.0057523250579833984
best 1.1122756404802203e-07 python False 275 7 72 [0, 0, 1] 2 0.08689641952514648
best 1.0469661049228307e-07 python False 466 7 44 [1, -1, 0] 2 0.1469566822052002
best 2.3037500795908272e-09 python False 693 7 233 [0, 1, 0] 1 0.2192075252532959
AT 10000 3.3042261600494385
AT 20000 6.9769251346588135
AT 30000 10.253199100494385
AT 40000 13.708009719848633
AT 50000 17.348088026046753
AT 60000 21.06405782699585
best 6.83940015733242e-10 python False 60473 8 173 [1, 1, 1] 2 21.20684313774109
best 2.6830093702301383e-10 python False 69273 8 90 [0, 1, 0] 2 24.287214517593384
AT 70000 24.54033064842224
AT 80000 27.941702365875244
AT 90000 31.885690212249756
AT 100000 37.114890575408936
