best 0.00021722183691252894 default True 0 7 11 [1, 1, 1] 6.283185307179586 0.00041031837463378906
AT 0 0.0006403923034667969
best 9.953722849331825e-05 default True 1 7 72 [0, 0, 1] 6.283185307179586 0.0007975101470947266
best 4.144348014278876e-05 default True 1 7 151 [1, 0, 0] 2 0.0009202957153320312
best 8.655678939817335e-06 default True 3 8 32 [1, 0, 0] 6.283185307179586 0.0013217926025390625
best 5.672569841408404e-06 default True 13 8 67 [1, -1, 0] 2 0.003287076950073242
best 5.626952315651579e-06 default True 22 7 161 [1, 0, 1] 2 0.00498652458190918
best 8.558618773690796e-07 default True 23 8 151 [1, 0, 0] 6.283185307179586 0.005181074142456055
best 4.1862301713990746e-07 default True 86 7 76 [0, 1, 0] 2 0.016784191131591797
best 3.1274345246856683e-07 default True 98 7 60 [1, 0, 1] 6.283185307179586 0.019010305404663086
best 9.217018259732868e-09 default True 142 8 89 [0, 1, 0] 6.283185307179586 0.027138233184814453
best 5.834863259224221e-09 default True 4666 8 126 [1, 0, 0] 2 0.9542815685272217
AT 10000 2.2855448722839355
best 2.2869670601721737e-09 default True 11988 8 180 [1, 0, -1] 2 2.7431447505950928
AT 20000 4.3846189975738525
best 1.8950458979816176e-09 default True 26854 8 81 [1, 0, 1] 2 5.661457538604736
AT 30000 6.263239860534668
AT 40000 8.65912389755249
AT 50000 10.646021842956543
AT 60000 12.701615810394287
AT 70000 15.40326714515686
best 5.397282620833721e-10 default True 76439 7 38 [1, 0, 0] 6.283185307179586 16.86756682395935
AT 80000 17.64610505104065
AT 90000 19.690857648849487
AT 100000 21.622423887252808
best 9.691802915767767e-11 default True 20180113 7 130 [1, 0, 1] 2 23.077696800231934
