best 6.957998903089901e-05 default False 0 7 133 [0, 0, 1] 1 0.00043892860412597656
best 4.876773618889274e-05 default False 0 7 158 [1, 0, 0] 2 0.0006761550903320312
AT 0 0.0007390975952148438
best 2.3764039724483155e-05 default False 2 8 214 [0, 0, 1] 1 0.0011386871337890625
best 2.155077157794949e-05 default False 3 8 43 [1, 0, -1] 1 0.0013568401336669922
best 9.697566838440252e-07 default False 4 7 97 [0, 0, 1] 2 0.0015985965728759766
best 8.03170223662164e-08 default False 148 7 41 [0, 1, 0] 1 0.02764415740966797
best 5.517772194707504e-08 default False 2031 8 99 [1, 0, -1] 2 0.44193315505981445
best 9.271339251881727e-09 default False 4341 7 3 [0, 1, -1] 2 0.9493060111999512
best 5.583046913670842e-09 default False 7738 7 205 [1, 0, -1] 2 1.606693983078003
AT 10000 2.0780014991760254
best 3.258662673033541e-09 default False 13675 8 228 [1, 0, -1] 2 2.6881086826324463
AT 20000 3.862044334411621
AT 30000 6.532042741775513
AT 40000 8.876693725585938
best 1.8184209693572484e-10 default False 45606 8 139 [0, 1, -1] 2 9.99116563796997
AT 50000 11.00918960571289
AT 60000 13.038356304168701
AT 70000 15.006473541259766
AT 80000 17.194626808166504
AT 90000 19.441689252853394
AT 100000 22.80740523338318
AT 110000 26.391028881072998
AT 120000 28.70821523666382
AT 130000 30.868112802505493
AT 140000 33.20713019371033
AT 150000 36.53557109832764
AT 160000 38.653011083602905
AT 170000 40.979326009750366
AT 180000 44.16543197631836
AT 190000 47.34891486167908
AT 200000 51.736878871917725
AT 210000 54.45101499557495
AT 220000 57.18974208831787
AT 230000 59.68338751792908
AT 240000 62.867990255355835
AT 250000 65.22946953773499
AT 260000 68.206538438797
AT 270000 70.7362916469574
AT 280000 72.8485975265503
AT 290000 75.50265717506409
AT 300000 77.5491669178009
AT 310000 79.5700466632843
AT 320000 81.94274163246155
AT 330000 84.3004002571106
AT 340000 86.66580963134766
AT 350000 89.2068145275116
AT 360000 91.69213581085205
AT 370000 94.21909093856812
AT 380000 96.29507184028625
best 1.1095835361629725e-10 default False 389965 7 149 [1, 1, 1] 2 98.39076209068298
AT 390000 98.39818358421326
AT 400000 100.43056511878967
AT 410000 102.60713863372803
AT 420000 105.65552544593811
best 3.637978807091713e-11 default False 427020 7 210 [1, 1, 1] 1 107.93506979942322
HIT ['default', False, 427020, 7, 210, [1, 1, 1], 1, 3.637978807091713e-11]
AT 430000 108.74889874458313
AT 440000 111.20857453346252
best 1.5802470443304628e-11 default False 442119 8 17 [1, 0, 0] 2 111.67302823066711
HIT ['default', False, 442119, 8, 17, [1, 0, 0], 2, 1.5802470443304628e-11]
AT 450000 113.11793303489685
AT 460000 114.80295586585999
AT 470000 117.23457622528076
AT 480000 121.7386908531189
AT 490000 125.44123649597168
AT 500000 128.4512197971344
