best 2.273605946356838e-05 default 0 7 ('range', -1.2, 1.2) 41 0.0008571147918701172
AT 0 0.0012028217315673828
best 3.201663055563131e-06 default 3 7 ('range', -0.4, 0.4) 124 0.002755403518676758
best 2.9577222449006513e-06 default 12 7 ('phaserand', 'first-1') 95 0.00749516487121582
best 2.454607056279201e-06 default 21 7 ('phase', 0.123456) 128 0.012726306915283203
best 1.9058583120568073e-06 default 30 7 ('phase', 0.314159) 5 0.01795482635498047
best 1.522384991403669e-07 default 55 7 ('phase', 0.7) 70 0.030985116958618164
best 9.3812559498474e-08 default 92 7 ('phase', 0.12345) 89 0.05384540557861328
best 2.686813616037398e-08 default 461 7 ('range', -0.9, 0.9) 88 0.2573418617248535
best 1.8160335457650945e-08 default 2247 8 ('range', -6.0, 6.0) 132 1.134868860244751
best 2.3646862246096134e-09 default 6053 8 ('phase', 0.3) 163 3.0389480590820312
AT 10000 5.056412935256958
best 1.7844286048784852e-09 default 19590 8 ('phase', 0.123) 57 10.041163682937622
AT 20000 10.661904096603394
best 1.709850039333105e-10 default 21160 8 ('phaserand', 'last-1') 160 11.25460696220398
AT 30000 15.619216680526733
AT 40000 20.769399642944336
AT 50000 25.171446561813354
AT 60000 30.478637218475342
AT 70000 35.48061394691467
AT 80000 40.94141602516174
AT 90000 46.69100570678711
AT 100000 52.40497088432312
