best 1.1890480529075376e-05 default 0 7 ('quat', 0, 1) 59 0.0009353160858154297
AT 0 0.001207113265991211
best 6.632651462723516e-06 default 12 7 (0, 0) 182 0.009246587753295898
best 5.570349230765714e-06 default 12 8 ('quat', 0, 3) 161 0.009439229965209961
best 4.2472995573916705e-06 default 13 7 (0, 1) 230 0.010085105895996094
best 5.558453040066524e-07 default 14 8 (0, 0, 'neg') 187 0.010878324508666992
best 3.5458583624858875e-08 default 91 8 ('quat', 0, 2, 'neg') 107 0.05514979362487793
best 1.4168676898407284e-08 default 147 7 ('quat', 0, 2) 194 0.1508948802947998
best 1.5039631762192585e-09 default 1979 8 ('quat', 0, 3) 52 1.1242268085479736
AT 10000 5.343097686767578
AT 20000 10.965528726577759
AT 30000 15.751576900482178
best 1.1218830309189798e-09 default 37700 7 ('quat', 0, 1, 'neg') 15 20.292133569717407
AT 40000 21.56039547920227
AT 50000 27.307907581329346
best 6.789377948734909e-10 default 51471 8 ('quat', 1, 3, 'neg') 122 28.238125562667847
AT 60000 33.67696237564087
AT 70000 39.202312707901
AT 80000 44.833248138427734
AT 90000 51.034910678863525
best 4.3584869047208485e-10 default 90104 7 (0, 0) 67 51.0950403213501
AT 100000 59.805323123931885
