best 0.0001970895764316083 default 0 7 156 79 1 0.0005960464477539062
best 0.00013430184890239616 default 0 7 132 91 2 0.0008130073547363281
best 2.468170532665681e-05 default 0 8 6 104 1 0.0009288787841796875
best 2.262861653434811e-05 default 0 7 49 89 1 0.0011448860168457031
best 1.536953277536668e-05 default 0 8 185 146 1 0.001569986343383789
AT 0 0.0016560554504394531
best 1.0905429462582106e-05 default 2 7 146 77 2 0.0033538341522216797
best 9.063178367796354e-07 default 3 7 232 97 1 0.003955841064453125
best 2.463239070493728e-07 default 15 7 206 117 1 0.014719724655151367
best 6.474783731391653e-08 default 38 7 223 168 2 0.034436702728271484
best 5.1277311285957694e-08 default 718 7 178 127 1 0.6014053821563721
best 3.6961864680051804e-09 default 798 8 231 140 1 0.6712319850921631
best 6.184563972055912e-10 default 3117 7 78 210 1 2.7373433113098145
AT 10000 8.674205541610718
best 5.438778316602111e-10 default 13810 8 64 128 1 11.614047288894653
AT 20000 16.20737385749817
best 1.2369127944111824e-10 default 21261 8 7 216 1 17.314971208572388
AT 30000 23.99139094352722
AT 40000 33.4151713848114
AT 50000 43.44724655151367
AT 60000 52.079224586486816
AT 70000 63.0561203956604
AT 80000 74.89614963531494
AT 90000 85.90771436691284
AT 100000 96.92930579185486
