best 0.0013885307362215826 python basic 0 7 188 sec 0.0005614757537841797
best 0.000939927403578622 python basic 0 8 7 sec 0.07018446922302246
best 0.0009073464643734042 python phaselast 0 8 67 sec 0.07032370567321777
best 0.0006076614336052444 python columns 0 7 51 sec 0.07035207748413086
best 0.0003840264216705691 python offset1 0 8 167 sec 0.07039976119995117
best 0.00013206454877945362 python twoangles 0 7 226 sec 0.07042407989501953
AT python 0 0.07047510147094727
best 0.00011081543561886065 python negative 1 7 145 sec 0.07092022895812988
best 8.203157631214708e-05 python twoangles 2 8 59 sec 0.07149100303649902
best 2.3112424059945624e-05 python basic 5 7 124 sec 0.0731351375579834
best 2.020386045842315e-05 python columns 6 7 18 sec 0.07374858856201172
best 6.6942757683818854e-06 python theta_phi0 11 8 47 sec 0.07733774185180664
best 2.3749907995807007e-06 python basic 32 7 155 sec 0.08786654472351074
best 1.2690234143519774e-06 python columns 98 7 32 sec 0.12066173553466797
best 2.3891016098787077e-07 python twoangles 183 8 59 sec 0.16062378883361816
best 9.894574759528041e-08 python columns 1154 7 155 sec 0.6821465492248535
best 8.821348274068441e-08 python offset1 3322 7 26 sec 1.6132872104644775
best 6.542904884554446e-08 python columns 3826 8 119 sec 1.8036003112792969
best 2.26737029151991e-08 python phaselast 5921 7 215 sec 2.7441937923431396
best 2.2188032744452357e-08 python basic 6286 8 44 sec 2.884350538253784
AT python 10000 4.403951406478882
best 6.7739165388047695e-09 python offset1 18569 7 150 sec 8.820365905761719
AT python 20000 9.785607099533081
best 6.3313478904092335e-09 python theta_phi0 20054 7 16 sec 9.818026542663574
AT python 30000 14.621400117874146
AT python 40000 18.941384077072144
AT python 50000 23.603924989700317
AT python 60000 28.306987762451172
best 2.0469315131776966e-09 python offset1 64983 7 14 sec 30.69449281692505
AT python 70000 33.05993390083313
AT python 80000 38.020145654678345
AT python 90000 42.72284960746765
AT python 100000 48.093398332595825
AT python 110000 53.97373962402344
AT python 120000 59.3211030960083
AT python 130000 64.74501824378967
AT python 140000 69.75656652450562
AT python 150000 75.1005265712738
AT python 160000 79.62247323989868
AT python 170000 84.65055179595947
AT python 180000 89.26297736167908
AT python 190000 94.711923122406
AT python 200000 100.21058320999146
