0.0001 100 0.8553564864367001 2.387368679046631
0.0001 200 0.8533260708971298 4.8734753131866455
0.0001 300 0.8511799107263179 7.884299993515015
0.0001 400 0.8497077981047187 10.851752281188965
0.0001 500 0.8444599726905675 13.38949465751648
0.0001 600 0.8424250960197611 16.09094762802124
0.0001 700 0.8420785419095551 19.108217477798462
0.0001 800 0.8415904315377666 24.117011547088623
0.0001 900 0.8394299444170649 27.803468227386475
0.0001 1000 0.8380980553133793 31.32834553718567
0.0001 1100 0.8373302688216092 34.05925631523132
0.0001 1200 0.837265456218641 37.11394786834717
0.0001 1300 0.8372178059964592 39.84275221824646
0.0001 1400 0.8371515600951679 42.116079568862915
0.0001 1500 0.837099192734592 44.73266005516052
0.0001 1600 0.8370855892965581 47.93693923950195
0.0001 1700 0.8370810738951932 50.920623540878296
0.0001 1800 0.837079314888245 53.87646245956421
0.0001 1900 0.8370782985648351 57.162402629852295
0.0001 2000 0.8370776455528213 59.80565047264099
0.0001 2100 0.8370773342177747 62.36545372009277
0.0001 2200 0.837077206400785 64.82171964645386
0.0001 2300 0.8370771635087931 67.22763800621033
0.0001 2400 0.8370771540173292 70.14848184585571
0.0001 2500 0.8370771505083491 72.81406593322754
0.0001 2600 0.8370771492302854 75.7570948600769
0.0001 2700 0.8370771481324782 78.65933322906494
0.0001 2800 0.8370771473323446 81.42572546005249
0.0001 2900 0.8370771466111766 83.88240385055542
0.0001 3000 0.8370771460354209 86.30034136772156
0.0001 3100 0.8370771454998281 90.97305226325989
DONE 0.0001 0.8370771454762654 3000 91.11757802963257
0.001 3200 0.8528323000674978 93.06840658187866
0.001 3300 0.8516943369493625 95.27746891975403
0.001 3400 0.8499208806425437 98.21922659873962
0.001 3500 0.8477500453407034 101.26111912727356
0.001 3600 0.8461367917880745 104.36506009101868
0.001 3700 0.8459681502253884 107.16392350196838
0.001 3800 0.8459592816973621 109.81808686256409
0.001 3900 0.8437117025989416 112.84732103347778
0.001 4000 0.8419085967604804 115.81184458732605
0.001 4100 0.8416633778113082 117.90674829483032
0.001 4200 0.8416351272047712 120.20996689796448
0.001 4300 0.8416287258414685 122.53514122962952
0.001 4400 0.8416264979898733 125.71609139442444
0.001 4500 0.8416262314379696 128.37678861618042
DONE 0.001 0.8416262307732482 1425 130.7973494529724
0.01 4600 0.8990550576650812 131.1417989730835
0.01 4700 0.8760186093213242 134.52090716362
0.01 4800 0.8722647237213996 137.41188025474548
0.01 4900 0.871783213116809 140.27225160598755
0.01 5000 0.8679584865382387 143.34244918823242
0.01 5100 0.8626063066719758 146.68508219718933
0.01 5200 0.8620863708943429 150.112890958786
0.01 5300 0.8581453447108904 155.5452790260315
0.01 5400 0.8504898981833197 158.34110951423645
0.01 5500 0.8463515787440369 161.8606481552124
0.01 5600 0.8460410509513889 165.7170763015747
0.01 5700 0.8460407464882318 168.49584078788757
DONE 0.01 0.8460407444713567 1105 171.2427248954773
0.1 5800 0.9519436827554297 171.4056327342987
0.1 5900 0.8842417940077199 174.2698631286621
0.1 6000 0.880044290225528 177.3865475654602
0.1 6100 0.8748106028427773 180.49285411834717
0.1 6200 0.872497212416821 183.87146162986755
0.1 6300 0.872471019523304 190.5201027393341
DONE 0.1 0.8724710008809898 549 195.69339776039124
1.0 6400 0.9210471757001983 196.15164399147034
1.0 6500 0.9203482038990758 199.3732087612152
1.0 6600 0.9203349200879855 203.34199857711792
1.0 6700 0.9203346008763507 207.2646083831787
1.0 6800 0.9203345992866213 210.6026577949524
DONE 1.0 0.9203345992822921 413 211.09710717201233
