7 60 brick0 1 0 0.9811951620941747 0.03159976005554199
7 60 brick0 1 20 0.9478398393076735 0.7324681282043457
7 60 brick0 1 40 0.9425373230185818 1.333841323852539
7 60 brick0 1 60 0.9394423462612381 1.8758316040039062
7 60 brick0 1 80 0.9383522248695251 2.420574188232422
7 60 brick0 1 100 0.938102380457472 2.967400550842285
7 60 brick0 1 120 0.9378840647594727 3.5268402099609375
7 60 brick0 1 140 0.9375635257551209 4.098259210586548
7 60 brick0 1 160 0.9372484275659073 4.7712366580963135
7 60 brick0 1 180 0.9369973421753088 5.478044033050537
7 60 brick0 1 200 0.9368462649684632 6.160577297210693
7 60 brick0 1 220 0.9367656696879095 6.684480667114258
7 60 brick0 1 240 0.93670859943768 7.296686410903931
7 60 brick0 1 260 0.9366675138448345 7.9628942012786865
7 60 brick0 1 280 0.9366202019058004 8.572447299957275
7 60 brick0 1 300 0.9365350283948606 9.185792207717896
7 60 brick0 1 320 0.9364222296674112 9.74077820777893
7 60 brick0 1 340 0.9363154324267331 10.377925395965576
7 60 brick0 1 360 0.9362421100198095 10.937408924102783
7 60 brick0 1 380 0.9362048678886505 11.466504335403442
7 60 brick0 1 400 0.9361859378249721 12.060453653335571
7 60 brick0 1 420 0.9361726807417021 12.746716976165771
7 60 brick0 1 440 0.9361598867123888 13.400694847106934
7 60 brick0 1 460 0.9361444836643666 13.899661540985107
7 60 brick0 1 480 0.9361244001021243 14.359801530838013
7 60 brick0 1 500 0.9360991219949479 14.771290302276611
7 60 brick0 1 520 0.9360697481692903 15.44578242301941
7 60 brick0 1 540 0.9360380374338526 15.898245811462402
7 60 brick0 1 560 0.9360093375972255 16.580644607543945
7 60 brick0 1 580 0.9359904889899374 17.16573691368103
7 60 brick0 1 600 0.9359804058197465 17.581452131271362
7 60 brick0 1 620 0.935974721179684 18.016658306121826
7 60 brick0 1 640 0.9359708583609077 18.48546576499939
7 60 brick0 1 660 0.9359674432904149 18.94318175315857
7 60 brick0 1 680 0.9359634163520728 19.539028644561768
7 60 brick0 1 700 0.9359577706664629 20.2380313873291
7 60 brick0 1 720 0.9359498004953254 20.960272550582886
7 60 brick0 1 740 0.9359398645712985 21.660759925842285
7 60 brick0 1 760 0.9359298155005031 22.367052793502808
7 60 brick0 1 780 0.9359217337618646 23.33897614479065
7 60 brick0 1 800 0.9359162631157906 23.835705995559692
7 60 brick0 1 820 0.9359128168641043 24.394401788711548
7 60 brick0 1 840 0.9359106031939544 24.94831657409668
7 60 brick0 1 860 0.9359090712571858 25.629374504089355
7 60 brick0 1 880 0.9359079077407595 26.30619978904724
7 60 brick0 1 900 0.935906934556219 26.956724166870117
7 60 brick0 1 920 0.9359060243831822 27.605886220932007
7 60 brick0 1 940 0.9359050425731853 28.257180213928223
7 60 brick0 1 960 0.9359037926492129 28.89731454849243
7 60 brick0 1 980 0.9359019259344942 29.573370218276978
7 60 brick0 1 1000 0.9358987432116938 30.255372047424316
7 60 brick0 1 1020 0.9358927585314348 31.26952576637268
7 60 brick0 1 1040 0.9358810122013425 31.88843011856079
7 60 brick0 1 1060 0.9358596974799694 32.49126863479614
7 60 brick0 1 1080 0.9358307893917154 33.05195736885071
7 60 brick0 1 1100 0.935805795048284 33.67025923728943
7 60 brick0 1 1120 0.9357898582211635 34.220452070236206
7 60 brick0 1 1140 0.9357792473960959 34.8323609828949
7 60 brick0 1 1160 0.9357708746277956 35.355791330337524
7 60 brick0 1 1180 0.9357636564561217 35.90690231323242
7 60 brick0 1 1200 0.9357573078328774 36.47747468948364
7 60 brick0 1 1220 0.9357517523554975 36.90319609642029
7 60 brick0 1 1240 0.9357469566697432 37.409693002700806
7 60 brick0 1 1260 0.9357428998595269 37.95276165008545
7 60 brick0 1 1280 0.9357395637074498 38.53509497642517
7 60 brick0 1 1300 0.9357369165862044 39.23319172859192
7 60 brick0 1 1320 0.9357348990814405 40.51094722747803
7 60 brick0 1 1340 0.9357334228625129 41.0267858505249
7 60 brick0 1 1360 0.9357323829081491 41.537399768829346
7 60 brick0 1 1380 0.9357316742126714 42.1412296295166
7 60 brick0 1 1400 0.9357312045553858 42.72188377380371
7 60 brick0 1 1420 0.9357309003633412 43.410239696502686
7 60 brick0 1 1440 0.9357307069662402 44.20265769958496
7 60 brick0 1 1460 0.9357305858309055 44.93741416931152
7 60 brick0 1 1480 0.9357305108562763 45.60046434402466
7 60 brick0 1 1500 0.9357304648894297 46.24819469451904
7 60 brick0 1 1520 0.9357304369173377 46.77946877479553
7 60 brick0 1 1540 0.9357304199954039 47.33520817756653
7 60 brick0 1 1560 0.9357304098053738 47.79841089248657
7 60 brick0 1 1580 0.9357304036911387 48.265092849731445
7 60 brick0 1 1600 0.93573040003268 48.697959899902344
7 60 brick0 1 1620 0.9357303978483577 49.12460517883301
7 60 brick0 1 1640 0.9357303965463596 49.72767353057861
7 60 brick0 1 1660 0.935730395771281 50.2913281917572
7 60 brick0 1 1680 0.935730395310333 50.848637104034424
7 60 brick0 1 1700 0.9357303950364081 51.500529050827026
7 60 brick0 1 1720 0.9357303948737213 52.09756064414978
7 60 brick0 1 1740 0.9357303947771407 52.71224236488342
7 60 brick0 1 1760 0.9357303947198251 53.37125062942505
7 60 brick0 1 1780 0.9357303946858198 53.98266911506653
7 60 brick0 1 1800 0.9357303946656484 54.6484899520874
7 60 brick0 1 1820 0.9357303946536838 55.276652574539185
7 60 brick0 1 1840 0.935730394646589 55.857813119888306
7 60 brick0 1 1860 0.9357303946423812 56.377748012542725
7 60 brick0 1 1880 0.9357303946398857 56.850417613983154
7 60 brick0 1 1900 0.9357303946384078 57.39780879020691
7 60 brick0 1 1920 0.9357303946375296 58.120744705200195
7 60 brick0 1 1940 0.9357303946370105 58.86771869659424
7 60 brick0 1 1960 0.9357303946367015 59.456029415130615
7 60 brick0 1 1980 0.9357303946365182 59.979979276657104
7 60 brick0 1 2000 0.9357303946364106 60.39574337005615
7 60 brick0 1 2020 0.9357303946363463 60.879464626312256
7 60 brick0 1 2040 0.9357303946363084 61.345343589782715
7 60 brick0 1 2060 0.9357303946362865 61.8051016330719
7 60 brick0 1 2080 0.935730394636272 62.54993534088135
7 60 brick0 1 2100 0.935730394636264 63.02196431159973
7 60 brick0 1 2120 0.9357303946362592 63.46418476104736
7 60 brick0 1 2140 0.9357303946362563 63.91088652610779
7 60 brick0 1 2160 0.9357303946362553 64.43797326087952
7 60 brick0 1 2180 0.9357303946362538 65.12435221672058
7 60 brick0 1 2200 0.9357303946362535 65.77235007286072
7 60 brick0 1 2220 0.9357303946362527 66.41688513755798
7 60 brick0 1 2240 0.9357303946362525 66.90410161018372
7 60 brick0 1 2260 0.9357303946362525 67.29532241821289
7 60 brick0 1 2280 0.9357303946362514 67.70064115524292
7 60 brick0 1 2300 0.9357303946362533 68.24951529502869
7 60 brick0 1 2320 0.9357303946362515 68.79831862449646
7 60 brick0 1 2340 0.9357303946362523 69.36571049690247
7 60 brick0 1 2360 0.9357303946362518 69.94553184509277
7 60 brick0 1 2380 0.9357303946362525 70.5020055770874
7 60 brick0 1 2400 0.9357303946362515 70.95346808433533
7 60 brick0 1 2420 0.935730394636252 71.41177105903625
7 60 brick0 1 2440 0.9357303946362527 71.97632932662964
7 60 brick0 1 2460 0.9357303946362524 72.52704167366028
7 60 brick0 1 2480 0.9357303946362523 73.10976195335388
7 60 brick0 1 2500 0.935730394636252 73.65756559371948
7 60 brick0 1 2520 0.9357303946362521 74.1578209400177
7 60 brick0 1 2540 0.9357303946362534 74.62811255455017
7 60 brick0 1 2560 0.9357303946362527 75.0788357257843
7 60 brick0 1 2580 0.9357303946362517 75.522878408432
7 60 brick0 1 2600 0.9357303946362526 75.98590326309204
7 60 brick0 1 2620 0.9357303946362524 76.48770427703857
7 60 brick0 1 2640 0.9357303946362517 77.13675594329834
7 60 brick0 1 2660 0.9357303946362523 77.64455127716064
7 60 brick0 1 2680 0.9357303946362523 78.13200783729553
7 60 brick0 1 2700 0.9357303946362525 78.8248519897461
7 60 brick0 1 2720 0.9357303946362518 79.29821681976318
7 60 brick0 1 2740 0.9357303946362528 79.85111856460571
7 60 brick0 1 2760 0.9357303946362522 80.32178163528442
7 60 brick0 1 2780 0.9357303946362522 80.82352375984192
7 60 brick0 1 2800 0.9357303946362521 81.32860970497131
7 60 brick0 1 2820 0.9357303946362522 81.88772201538086
7 60 brick0 1 2840 0.935730394636252 82.46044778823853
7 60 brick0 1 2860 0.9357303946362522 83.02930688858032
7 60 brick0 1 2880 0.935730394636252 83.59962487220764
7 60 brick0 1 2900 0.9357303946362521 84.16516852378845
7 60 brick0 1 2920 0.9357303946362524 84.73078227043152
7 60 brick0 1 2940 0.9357303946362513 85.29740238189697
7 60 brick0 1 2960 0.9357303946362514 85.77938938140869
7 60 brick0 1 2980 0.9357303946362518 86.21400856971741
