8 80 sweepaltdown 1 k 1 loss 0.024037456365643695 nit 2000 time 2.4890785217285156
8 80 sweepaltdown 1 k 2 loss 0.22375618753660398 nit 1137 time 4.929963111877441
8 80 sweepaltdown 2 k 1 loss 0.024257365348522297 nit 1685 time 7.3369574546813965
8 80 sweepaltdown 2 k 2 loss 0.2341946354173483 nit 728 time 9.674782037734985
8 80 sweepaltdown 3 k 1 loss 0.01990082355418854 nit 1682 time 17.749995946884155
8 80 sweepaltdown 3 k 2 loss 0.2273232462683381 nit 1196 time 20.752472162246704
8 80 sweepaltdown 4 k 1 loss 0.02301806078229829 nit 1236 time 22.845924615859985
8 80 sweepaltdown 4 k 2 loss 0.23615854613219533 nit 646 time 24.435718059539795
8 80 sweepaltdown 5 k 1 loss 0.023021998166526725 nit 1560 time 26.986345291137695
8 80 sweepaltdown 5 k 2 loss 0.2232779872646916 nit 1296 time 29.909401893615723
8 80 sweepaltdown 6 k 1 loss 0.024124594779515562 nit 1134 time 31.559155702590942
8 80 sweepaltdown 6 k 2 loss 0.22789439367078212 nit 997 time 34.19981789588928
8 80 sweepaltdown 7 k 1 loss 0.021213802398789117 nit 2000 time 38.03954577445984
8 80 sweepaltdown 7 k 2 loss 0.22770398746892295 nit 1323 time 41.79611921310425
8 80 sweepaltdown 8 k 1 loss 0.02417410387507113 nit 2000 time 45.067811489105225
8 80 sweepaltdown 8 k 2 loss 0.22091747654146265 nit 1525 time 48.86759042739868
8 80 sweepaltdown 9 k 1 loss 0.024440539895293822 nit 2000 time 52.60156011581421
8 80 sweepaltdown 9 k 2 loss 0.23322209580925923 nit 928 time 55.069746255874634
8 80 sweepaltdown 10 k 1 loss 0.022254400509672534 nit 2000 time 58.01681041717529
8 80 sweepaltdown 10 k 2 loss 0.2309460288884898 nit 614 time 59.525649547576904
8 80 sweepaltdown 11 k 1 loss 0.02214060385821548 nit 2000 time 62.62596130371094
8 80 sweepaltdown 11 k 2 loss 0.23009678218242635 nit 2000 time 68.1464946269989
8 80 sweepaltdown 12 k 1 loss 0.022057037318202743 nit 1881 time 71.2227373123169
8 80 sweepaltdown 12 k 2 loss 0.23322217686858815 nit 1079 time 74.28814721107483
8 80 sweepaltdown 13 k 1 loss 0.019737146371846315 nit 1623 time 77.3857569694519
8 80 sweepaltdown 13 k 2 loss 0.23420558971892003 nit 1205 time 80.14498710632324
8 80 sweepaltdown 14 k 1 loss 0.023752898974738534 nit 1482 time 83.11032104492188
8 80 sweepaltdown 14 k 2 loss 0.22417850236271897 nit 816 time 85.05023121833801
8 80 sweepaltdown 15 k 1 loss 0.02508201531602905 nit 1655 time 88.45370221138
8 80 sweepaltdown 15 k 2 loss 0.22754901718466114 nit 712 time 90.27896523475647
8 80 sweepaltdown 16 k 1 loss 0.024018861249330725 nit 1878 time 93.7666232585907
8 80 sweepaltdown 16 k 2 loss 0.22674136023134295 nit 1269 time 97.94107055664062
8 80 sweepaltdown 17 k 1 loss 0.024628954754594368 nit 885 time 99.49017286300659
8 80 sweepaltdown 17 k 2 loss 0.2282570430588039 nit 1961 time 105.36542272567749
8 80 sweepaltdown 18 k 1 loss 0.024098425053777017 nit 1863 time 110.1508800983429
8 80 sweepaltdown 18 k 2 loss 0.23175345373394562 nit 1002 time 112.81365084648132
8 80 sweepaltdown 19 k 1 loss 0.02183953958535756 nit 1499 time 115.69569182395935
8 80 sweepaltdown 19 k 2 loss 0.23708493878837456 nit 1215 time 119.08828449249268
8 80 sweepaltdown 20 k 1 loss 0.02179640877020128 nit 2000 time 122.6258020401001
8 80 sweepaltdown 20 k 2 loss 0.23303521982960773 nit 1788 time 126.90494537353516
8 80 sweepaltdown 21 k 1 loss 0.020062807587532205 nit 1167 time 128.64305686950684
8 80 sweepaltdown 21 k 2 loss 0.2309267003793648 nit 774 time 130.38637018203735
8 80 sweepaltdown 22 k 1 loss 0.0208252684484187 nit 1894 time 133.49132752418518
8 80 sweepaltdown 22 k 2 loss 0.225512472090722 nit 1097 time 136.14480924606323
8 80 sweepaltdown 23 k 1 loss 0.02144816575632602 nit 1551 time 139.0834732055664
8 80 sweepaltdown 23 k 2 loss 0.23377831412876016 nit 980 time 142.1173186302185
8 80 sweepaltdown 24 k 1 loss 0.02219502011346064 nit 1570 time 145.2248477935791
8 80 sweepaltdown 24 k 2 loss 0.23655502513141813 nit 1299 time 147.91592454910278
8 80 sweepaltdown 25 k 1 loss 0.02464202448832331 nit 1808 time 150.94092726707458
8 80 sweepaltdown 25 k 2 loss 0.22527088283101804 nit 999 time 153.97441935539246
8 80 sweepaltdown 26 k 1 loss 0.024219725210712473 nit 1621 time 156.6055121421814
8 80 sweepaltdown 26 k 2 loss 0.2339506904154801 nit 1001 time 158.47136735916138
8 80 sweepaltdown 27 k 1 loss 0.023762564047912438 nit 1505 time 160.94236779212952
8 80 sweepaltdown 27 k 2 loss 0.23005191673576575 nit 1055 time 163.328307390213
8 80 sweepaltdown 28 k 1 loss 0.021639452791871405 nit 2000 time 166.45762753486633
8 80 sweepaltdown 28 k 2 loss 0.2244505224089921 nit 987 time 168.3102970123291
8 80 sweepaltdown 29 k 1 loss 0.02407738812125182 nit 2000 time 171.3001265525818
8 80 sweepaltdown 29 k 2 loss 0.2319542393211813 nit 1346 time 173.9242959022522
8 80 sweepaltdown 30 k 1 loss 0.023839207236139526 nit 1440 time 176.40220952033997
8 80 sweepaltdown 30 k 2 loss 0.2304291235433743 nit 1148 time 179.16104888916016
8 80 sweepaltdown 31 k 1 loss 0.023338435254955048 nit 1309 time 181.43833088874817
8 80 sweepaltdown 31 k 2 loss 0.22965547716238977 nit 1766 time 185.91104412078857
8 80 sweepaltdown 32 k 1 loss 0.024746244583260357 nit 1484 time 188.48471117019653
8 80 sweepaltdown 32 k 2 loss 0.23129765335357744 nit 603 time 190.05383467674255
8 80 sweepaltdown 33 k 1 loss 0.024996068280962014 nit 1559 time 192.85782670974731
8 80 sweepaltdown 33 k 2 loss 0.22554237448122638 nit 1939 time 196.45885753631592
8 80 sweepaltdown 34 k 1 loss 0.02548921864310405 nit 2000 time 199.77329969406128
8 80 sweepaltdown 34 k 2 loss 0.23196886724406007 nit 690 time 201.20995330810547
8 80 sweepaltdown 35 k 1 loss 0.02235094322220066 nit 2000 time 204.15879583358765
8 80 sweepaltdown 35 k 2 loss 0.2210611008328459 nit 1200 time 206.7458291053772
8 80 sweepaltdown 36 k 1 loss 0.023889596217083642 nit 1191 time 208.56397891044617
8 80 sweepaltdown 36 k 2 loss 0.2241057888613961 nit 802 time 210.179532289505
8 80 sweepaltdown 37 k 1 loss 0.02457537978856783 nit 1030 time 211.71463775634766
8 80 sweepaltdown 37 k 2 loss 0.24515945990170418 nit 672 time 213.0941677093506
8 80 sweepaltdown 38 k 1 loss 0.02513765817686353 nit 1633 time 215.65301418304443
8 80 sweepaltdown 38 k 2 loss 0.22335314747338186 nit 1372 time 218.86935710906982
8 80 sweepaltdown 39 k 1 loss 0.022732040761249683 nit 1127 time 220.58520674705505
8 80 sweepaltdown 39 k 2 loss 0.23813261790748663 nit 1006 time 222.65130639076233
8 80 sweepaltdown 40 k 1 loss 0.02626447868050863 nit 1961 time 225.7568986415863
8 80 sweepaltdown 40 k 2 loss 0.24285448439772783 nit 936 time 228.11129236221313
8 80 sweepaltdown 41 k 1 loss 0.026090094762490912 nit 2000 time 231.7643985748291
8 80 sweepaltdown 41 k 2 loss 0.226880116656075 nit 729 time 233.57895827293396
8 80 sweepaltdown 42 k 1 loss 0.021452877393920322 nit 1626 time 236.06822228431702
8 80 sweepaltdown 42 k 2 loss 0.2322476264323422 nit 1345 time 238.9319224357605
8 80 sweepaltdown 43 k 1 loss 0.02273373925195321 nit 2000 time 245.69249081611633
8 80 sweepaltdown 43 k 2 loss 0.2272537889619296 nit 2000 time 250.5527641773224
8 80 sweepaltdown 44 k 1 loss 0.024581176841000918 nit 1307 time 252.90075731277466
8 80 sweepaltdown 44 k 2 loss 0.231250546694458 nit 853 time 255.43829131126404
8 80 sweepaltdown 45 k 1 loss 0.024465264407192655 nit 2000 time 259.1621391773224
8 80 sweepaltdown 45 k 2 loss 0.22910984440144555 nit 1100 time 261.13530921936035
8 80 sweepaltdown 46 k 1 loss 0.023246957876929653 nit 2000 time 264.86395597457886
8 80 sweepaltdown 46 k 2 loss 0.24066177129155064 nit 1167 time 267.7329182624817
8 80 sweepaltdown 47 k 1 loss 0.023693248692110425 nit 1739 time 270.7525243759155
8 80 sweepaltdown 47 k 2 loss 0.2327314546931849 nit 864 time 273.1386387348175
8 80 sweepaltdown 48 k 1 loss 0.023626332024462626 nit 1359 time 275.4360270500183
8 80 sweepaltdown 48 k 2 loss 0.230436482784101 nit 787 time 277.31314420700073
8 80 sweepaltdown 49 k 1 loss 0.02254532345432947 nit 1516 time 280.1861298084259
8 80 sweepaltdown 49 k 2 loss 0.23059256470890077 nit 1242 time 283.16421842575073
8 80 sweepaltdown 50 k 1 loss 0.02354472061478685 nit 1540 time 285.3959279060364
8 80 sweepaltdown 50 k 2 loss 0.2350108186526132 nit 820 time 287.1003506183624
8 80 sweepaltdown 51 k 1 loss 0.022939376383497856 nit 1668 time 290.4957284927368
8 80 sweepaltdown 51 k 2 loss 0.22896422013066176 nit 1060 time 292.72703194618225
8 80 sweepaltdown 52 k 1 loss 0.023431941922208654 nit 1653 time 295.56251215934753
8 80 sweepaltdown 52 k 2 loss 0.22396714444572718 nit 1400 time 299.06431221961975
8 80 sweepaltdown 53 k 1 loss 0.02481056859008257 nit 2000 time 302.48125767707825
8 80 sweepaltdown 53 k 2 loss 0.21855962458675926 nit 1105 time 305.0250210762024
8 80 sweepaltdown 54 k 1 loss 0.02480420465032751 nit 2000 time 308.1989321708679
8 80 sweepaltdown 54 k 2 loss 0.22096536054048166 nit 1203 time 311.07339096069336
8 80 sweepaltdown 55 k 1 loss 0.022456705194796367 nit 2000 time 314.0732066631317
8 80 sweepaltdown 55 k 2 loss 0.23172291416962154 nit 879 time 316.1626579761505
8 80 sweepaltdown 56 k 1 loss 0.02358489450163359 nit 1729 time 318.9676339626312
8 80 sweepaltdown 56 k 2 loss 0.22606045184772983 nit 879 time 320.6629960536957
8 80 sweepaltdown 57 k 1 loss 0.021698994896516943 nit 1253 time 322.6120352745056
8 80 sweepaltdown 57 k 2 loss 0.2373283128220499 nit 916 time 324.3007414340973
8 80 sweepaltdown 58 k 1 loss 0.023506532862561214 nit 1878 time 326.9467568397522
8 80 sweepaltdown 58 k 2 loss 0.217566458798513 nit 1029 time 328.96701216697693
8 80 sweepaltdown 59 k 1 loss 0.020676704256964218 nit 1584 time 332.43086314201355
8 80 sweepaltdown 59 k 2 loss 0.22746590727513571 nit 751 time 334.0866940021515
8 80 sweepaltdown 60 k 1 loss 0.026799367888115988 nit 1302 time 336.3064069747925
8 80 sweepaltdown 60 k 2 loss 0.24173241888033437 nit 995 time 338.61364102363586
8 80 sweepaltdown 61 k 1 loss 0.024019601477233588 nit 1366 time 340.9087607860565
8 80 sweepaltdown 61 k 2 loss 0.22214583163493162 nit 1196 time 343.2745032310486
8 80 sweepaltdown 62 k 1 loss 0.020920730694579337 nit 1758 time 346.029776096344
8 80 sweepaltdown 62 k 2 loss 0.22905382891842396 nit 910 time 347.8056745529175
8 80 sweepaltdown 63 k 1 loss 0.02285300510826571 nit 2000 time 350.4782199859619
8 80 sweepaltdown 63 k 2 loss 0.2238443131267671 nit 962 time 352.60862469673157
8 80 sweepaltdown 64 k 1 loss 0.02537978504354621 nit 2000 time 356.7468931674957
8 80 sweepaltdown 64 k 2 loss 0.23278342639189376 nit 1063 time 359.484543800354
8 80 sweepaltdown 65 k 1 loss 0.02441976157539949 nit 2000 time 362.3001387119293
8 80 sweepaltdown 65 k 2 loss 0.23533961565658967 nit 911 time 364.57304334640503
8 80 sweepaltdown 66 k 1 loss 0.02012609767911533 nit 1621 time 367.21396255493164
8 80 sweepaltdown 66 k 2 loss 0.22753692677205917 nit 819 time 368.78885793685913
8 80 sweepaltdown 67 k 1 loss 0.02285485120564479 nit 1221 time 370.84386110305786
8 80 sweepaltdown 67 k 2 loss 0.23551551153622252 nit 1138 time 373.1270158290863
8 80 sweepaltdown 68 k 1 loss 0.023858807431426543 nit 1319 time 374.6876585483551
8 80 sweepaltdown 68 k 2 loss 0.23461440040450054 nit 1231 time 376.61700534820557
8 80 sweepaltdown 69 k 1 loss 0.025778267665786614 nit 2000 time 380.1479585170746
8 80 sweepaltdown 69 k 2 loss 0.22469959591972155 nit 1152 time 382.94651675224304
8 80 sweepaltdown 70 k 1 loss 0.02359466843474123 nit 1774 time 385.9450252056122
8 80 sweepaltdown 70 k 2 loss 0.22786488107192915 nit 1015 time 388.3882257938385
8 80 sweepaltdown 71 k 1 loss 0.023334883871536927 nit 1316 time 390.4711935520172
8 80 sweepaltdown 71 k 2 loss 0.23312471642227706 nit 950 time 392.2682104110718
8 80 sweepaltdown 72 k 1 loss 0.021590760209485693 nit 2000 time 395.54519510269165
8 80 sweepaltdown 72 k 2 loss 0.22585828087537008 nit 816 time 397.3411204814911
8 80 sweepaltdown 73 k 1 loss 0.0223802638926196 nit 2000 time 400.40512895584106
8 80 sweepaltdown 73 k 2 loss 0.22623330480563597 nit 798 time 401.9420771598816
8 80 sweepaltdown 74 k 1 loss 0.022173723622462838 nit 2000 time 405.1047203540802
8 80 sweepaltdown 74 k 2 loss 0.2272306645956551 nit 1511 time 408.13371539115906
8 80 sweepaltdown 75 k 1 loss 0.023400827708826677 nit 2000 time 410.7424817085266
8 80 sweepaltdown 75 k 2 loss 0.22157245318291485 nit 890 time 412.4697616100311
8 80 sweepaltdown 76 k 1 loss 0.02503380821285539 nit 1598 time 414.7319390773773
8 80 sweepaltdown 76 k 2 loss 0.22626751176969473 nit 1005 time 416.51699447631836
8 80 sweepaltdown 77 k 1 loss 0.02367231035513806 nit 1890 time 419.6747853755951
8 80 sweepaltdown 77 k 2 loss 0.23864783701360348 nit 1097 time 422.3839809894562
8 80 sweepaltdown 78 k 1 loss 0.021269590139734285 nit 1055 time 424.0126714706421
8 80 sweepaltdown 78 k 2 loss 0.2315212666357006 nit 629 time 425.24940490722656
8 80 sweepaltdown 79 k 1 loss 0.02283456575885434 nit 1685 time 427.5844774246216
8 80 sweepaltdown 79 k 2 loss 0.22279403012871957 nit 1346 time 430.3157615661621
8 80 sweepaltdown 80 k 1 loss 0.02552621325971438 nit 1506 time 432.22407746315
8 80 sweepaltdown 80 k 2 loss 0.235532872822099 nit 789 time 433.81576442718506
8 80 sweepaltdown 81 k 1 loss 0.022781010215983333 nit 1297 time 435.8379371166229
8 80 sweepaltdown 81 k 2 loss 0.2268766592070075 nit 838 time 437.7296679019928
8 80 sweepaltdown 82 k 1 loss 0.02322732712448705 nit 2000 time 441.1592013835907
8 80 sweepaltdown 82 k 2 loss 0.2379159193896897 nit 1008 time 443.53894662857056
8 80 sweepaltdown 83 k 1 loss 0.021942202199672245 nit 1777 time 446.3866536617279
8 80 sweepaltdown 83 k 2 loss 0.22697021354288627 nit 876 time 448.0619332790375
8 80 sweepaltdown 84 k 1 loss 0.02300267813668977 nit 2000 time 451.01053977012634
8 80 sweepaltdown 84 k 2 loss 0.23077431298917095 nit 962 time 452.93361043930054
8 80 sweepaltdown 85 k 1 loss 0.024673359801003714 nit 1904 time 457.18522930145264
8 80 sweepaltdown 85 k 2 loss 0.2353924630348626 nit 1019 time 459.6618800163269
8 80 sweepaltdown 86 k 1 loss 0.02510079966893386 nit 1676 time 462.95520997047424
8 80 sweepaltdown 86 k 2 loss 0.23643416813909834 nit 1037 time 464.92264461517334
8 80 sweepaltdown 87 k 1 loss 0.022752228363272287 nit 2000 time 467.9920086860657
8 80 sweepaltdown 87 k 2 loss 0.2357547940245831 nit 1000 time 470.0650281906128
8 80 sweepaltdown 88 k 1 loss 0.0222251861513999 nit 1560 time 472.3011794090271
8 80 sweepaltdown 88 k 2 loss 0.23194634806631076 nit 985 time 474.5319330692291
8 80 sweepaltdown 89 k 1 loss 0.021881013665154492 nit 1071 time 476.22677302360535
8 80 sweepaltdown 89 k 2 loss 0.217896068935725 nit 891 time 477.83789348602295
8 80 sweepaltdown 90 k 1 loss 0.02130851446125681 nit 1066 time 479.3808014392853
8 80 sweepaltdown 90 k 2 loss 0.23184023168726564 nit 865 time 481.212308883667
8 80 sweepaltdown 91 k 1 loss 0.02113698162615185 nit 1862 time 484.06215953826904
8 80 sweepaltdown 91 k 2 loss 0.23010546448152158 nit 1214 time 486.6875150203705
8 80 sweepaltdown 92 k 1 loss 0.02212681792896165 nit 1992 time 489.47722005844116
8 80 sweepaltdown 92 k 2 loss 0.22955784187427108 nit 1620 time 492.9669933319092
8 80 sweepaltdown 93 k 1 loss 0.024896093846641043 nit 2000 time 498.2350697517395
8 80 sweepaltdown 93 k 2 loss 0.2346630450986792 nit 795 time 500.1437728404999
8 80 sweepaltdown 94 k 1 loss 0.02294138146447966 nit 1482 time 502.3547406196594
8 80 sweepaltdown 94 k 2 loss 0.23556736712753834 nit 1370 time 505.6439244747162
8 80 sweepaltdown 95 k 1 loss 0.022728731130222335 nit 978 time 507.0883688926697
8 80 sweepaltdown 95 k 2 loss 0.22955661585400877 nit 930 time 508.95445442199707
8 80 sweepaltdown 96 k 1 loss 0.021169733911338806 nit 1904 time 511.6548521518707
8 80 sweepaltdown 96 k 2 loss 0.2310483263018578 nit 944 time 513.4658274650574
8 80 sweepaltdown 97 k 1 loss 0.024437232055314784 nit 1467 time 515.5708663463593
8 80 sweepaltdown 97 k 2 loss 0.2308863283671394 nit 957 time 517.4759991168976
8 80 sweepaltdown 98 k 1 loss 0.02358322726196782 nit 2000 time 520.2837421894073
8 80 sweepaltdown 98 k 2 loss 0.22337831744115255 nit 1061 time 522.3309788703918
8 80 sweepaltdown 99 k 1 loss 0.022817592992183555 nit 2000 time 525.1118884086609
8 80 sweepaltdown 99 k 2 loss 0.23206468439864203 nit 764 time 526.7605516910553
8 80 sweepaltdown 100 k 1 loss 0.02720921236546847 nit 1517 time 528.9655070304871
8 80 sweepaltdown 100 k 2 loss 0.22006518219143723 nit 2000 time 534.2668116092682
8 80 sweepaltdown 101 k 1 loss 0.02389849879208905 nit 1213 time 536.2081315517426
8 80 sweepaltdown 101 k 2 loss 0.22336252690470704 nit 1140 time 538.3533601760864
8 80 sweepaltdown 102 k 1 loss 0.02714262181047289 nit 1986 time 541.2318696975708
8 80 sweepaltdown 102 k 2 loss 0.23763805306828745 nit 1081 time 543.8267643451691
8 80 sweepaltdown 103 k 1 loss 0.023849802965391964 nit 2000 time 546.6648542881012
8 80 sweepaltdown 103 k 2 loss 0.23526689396582567 nit 771 time 548.1477429866791
8 80 sweepaltdown 104 k 1 loss 0.021464625218663325 nit 1630 time 550.1419885158539
8 80 sweepaltdown 104 k 2 loss 0.23259935188517333 nit 1411 time 552.6476535797119
8 80 sweepaltdown 105 k 1 loss 0.021889196797657107 nit 2000 time 556.1657123565674
