7 60 sweepalt 1 k 1 loss 1.3896880313168936e-09 nit 2000 time 1.7753732204437256
7 60 sweepalt 1 k 2 loss 0.08488584409834399 nit 1346 time 3.3819074630737305
7 60 sweepalt 1 k 4 loss 0.33555701288177997 nit 526 time 4.320663213729858
7 60 sweepalt 2 k 1 loss 6.583573686214095e-10 nit 1996 time 6.084888935089111
7 60 sweepalt 2 k 2 loss 0.0812465823940346 nit 705 time 6.878031015396118
7 60 sweepalt 2 k 4 loss 0.3478154243278798 nit 503 time 7.609836578369141
7 60 sweepalt 3 k 1 loss 1.1249509102029265e-09 nit 2000 time 9.8258957862854
7 60 sweepalt 3 k 2 loss 0.08014787060128337 nit 1362 time 12.243594408035278
7 60 sweepalt 3 k 4 loss 0.3445246106126393 nit 735 time 14.906602382659912
7 60 sweepalt 4 k 1 loss 5.864091434659713e-10 nit 2000 time 18.052565813064575
7 60 sweepalt 4 k 2 loss 0.08931097050702907 nit 713 time 19.356691360473633
7 60 sweepalt 4 k 4 loss 0.3436055233382789 nit 518 time 20.15112590789795
7 60 sweepalt 5 k 1 loss 1.8116419475688872e-10 nit 1811 time 22.438257217407227
7 60 sweepalt 5 k 2 loss 0.07360300164807154 nit 995 time 24.270460605621338
7 60 sweepalt 5 k 4 loss 0.33852459376783783 nit 510 time 25.6265652179718
7 60 sweepalt 6 k 1 loss 4.99841501522269e-10 nit 1197 time 27.23726725578308
7 60 sweepalt 6 k 2 loss 0.08781631581219596 nit 1225 time 28.92512273788452
7 60 sweepalt 6 k 4 loss 0.3470273321134344 nit 716 time 30.22383189201355
7 60 sweepalt 7 k 1 loss 1.1201639615876502e-10 nit 1357 time 31.694750785827637
7 60 sweepalt 7 k 2 loss 0.0899421757868959 nit 694 time 32.588714599609375
7 60 sweepalt 7 k 4 loss 0.33877730514853166 nit 890 time 34.22530150413513
7 60 sweepalt 8 k 1 loss 5.335514940973951e-08 nit 2000 time 36.249186515808105
7 60 sweepalt 8 k 2 loss 0.0855667611735691 nit 1543 time 38.532557249069214
7 60 sweepalt 8 k 4 loss 0.3421845790021736 nit 847 time 41.19984722137451
7 60 sweepalt 9 k 1 loss 1.727479270741128e-10 nit 1794 time 43.87004995346069
7 60 sweepalt 9 k 2 loss 0.0797049498461414 nit 1259 time 45.07376670837402
7 60 sweepalt 9 k 4 loss 0.33508872753656205 nit 551 time 45.79571771621704
7 60 sweepalt 10 k 1 loss 1.762638923707982e-10 nit 1299 time 47.00740051269531
7 60 sweepalt 10 k 2 loss 0.08237185565771243 nit 769 time 47.71654796600342
7 60 sweepalt 10 k 4 loss 0.3373011979008713 nit 488 time 48.38065528869629
7 60 sweepalt 11 k 1 loss 6.305140028972644e-07 nit 2000 time 49.838520526885986
7 60 sweepalt 11 k 2 loss 0.08470939588512982 nit 1114 time 50.86963868141174
7 60 sweepalt 11 k 4 loss 0.34909323001532055 nit 600 time 51.68071675300598
7 60 sweepalt 12 k 1 loss 7.515677391545239e-08 nit 2000 time 53.25036573410034
7 60 sweepalt 12 k 2 loss 0.08423312165594521 nit 826 time 54.01315665245056
7 60 sweepalt 12 k 4 loss 0.33845742798115663 nit 747 time 54.96595573425293
7 60 sweepalt 13 k 1 loss 6.909031680102373e-09 nit 2000 time 56.65884780883789
7 60 sweepalt 13 k 2 loss 0.08802040562543467 nit 1031 time 58.32520389556885
7 60 sweepalt 13 k 4 loss 0.3390563780021141 nit 831 time 60.54399371147156
7 60 sweepalt 14 k 1 loss 1.2187895137572013e-10 nit 1391 time 61.77169060707092
7 60 sweepalt 14 k 2 loss 0.08136775099038629 nit 701 time 62.915162324905396
7 60 sweepalt 14 k 4 loss 0.33745997609288836 nit 787 time 64.93471813201904
7 60 sweepalt 15 k 1 loss 1.3973788792753794e-10 nit 1367 time 66.23014259338379
7 60 sweepalt 15 k 2 loss 0.0800885471183388 nit 832 time 67.12337183952332
7 60 sweepalt 15 k 4 loss 0.3553097844788712 nit 673 time 69.00958943367004
7 60 sweepalt 16 k 1 loss 5.895663957034003e-10 nit 2000 time 70.60615825653076
7 60 sweepalt 16 k 2 loss 0.08427734127080055 nit 1039 time 71.618736743927
7 60 sweepalt 16 k 4 loss 0.35499619553259487 nit 766 time 72.65399956703186
7 60 sweepalt 17 k 1 loss 1.4617379529013874e-09 nit 1427 time 73.92700266838074
7 60 sweepalt 17 k 2 loss 0.08626460047994189 nit 1082 time 75.48069047927856
7 60 sweepalt 17 k 4 loss 0.33356297067422713 nit 928 time 77.29737973213196
7 60 sweepalt 18 k 1 loss 4.153450312571749e-07 nit 2000 time 78.99270462989807
7 60 sweepalt 18 k 2 loss 0.08609988807972446 nit 1476 time 80.73760628700256
7 60 sweepalt 18 k 4 loss 0.34405970858807056 nit 1732 time 84.13912963867188
7 60 sweepalt 19 k 1 loss 1.0932899030535737e-10 nit 1237 time 85.32640290260315
7 60 sweepalt 19 k 2 loss 0.08915258823723216 nit 734 time 86.20926260948181
7 60 sweepalt 19 k 4 loss 0.34513374929292606 nit 334 time 87.2950267791748
7 60 sweepalt 20 k 1 loss 2.8457880496546295e-10 nit 1592 time 88.76106357574463
7 60 sweepalt 20 k 2 loss 0.09011869942682549 nit 1269 time 90.21653938293457
7 60 sweepalt 20 k 4 loss 0.34401860557864217 nit 1291 time 92.1205563545227
7 60 sweepalt 21 k 1 loss 4.6893498861777516e-08 nit 2000 time 93.58313322067261
7 60 sweepalt 21 k 2 loss 0.07840479726723804 nit 937 time 94.26339864730835
7 60 sweepalt 21 k 4 loss 0.33226512876710224 nit 624 time 95.01096272468567
7 60 sweepalt 22 k 1 loss 2.553525169091131e-10 nit 1330 time 96.02289628982544
7 60 sweepalt 22 k 2 loss 0.07980616413650832 nit 694 time 96.59136056900024
7 60 sweepalt 22 k 4 loss 0.34707557882726026 nit 466 time 97.7951512336731
7 60 sweepalt 23 k 1 loss 5.257383417500705e-09 nit 2000 time 101.48659825325012
7 60 sweepalt 23 k 2 loss 0.08397260240183357 nit 765 time 103.13704133033752
7 60 sweepalt 23 k 4 loss 0.3438981252426758 nit 570 time 105.43217873573303
7 60 sweepalt 24 k 1 loss 8.336417345322644e-08 nit 2000 time 108.34403276443481
7 60 sweepalt 24 k 2 loss 0.08576383420771727 nit 825 time 109.79703187942505
7 60 sweepalt 24 k 4 loss 0.335372227697621 nit 674 time 111.07266926765442
7 60 sweepalt 25 k 1 loss 4.4769776774700176e-10 nit 1743 time 114.24339246749878
7 60 sweepalt 25 k 2 loss 0.08224079977863985 nit 769 time 115.91117978096008
7 60 sweepalt 25 k 4 loss 0.3452352121555389 nit 618 time 117.97356486320496
7 60 sweepalt 26 k 1 loss 7.34217353581812e-10 nit 1805 time 121.24142575263977
7 60 sweepalt 26 k 2 loss 0.07930782044774243 nit 962 time 122.3208966255188
7 60 sweepalt 26 k 4 loss 0.3483365774706134 nit 514 time 123.12423849105835
7 60 sweepalt 27 k 1 loss 4.927029895185342e-10 nit 1819 time 124.51577997207642
7 60 sweepalt 27 k 2 loss 0.08358328808670346 nit 1352 time 125.79260110855103
7 60 sweepalt 27 k 4 loss 0.35352421016936786 nit 1026 time 127.13866019248962
7 60 sweepalt 28 k 1 loss 4.365084960156196e-10 nit 1941 time 128.6553294658661
7 60 sweepalt 28 k 2 loss 0.07997616702637955 nit 1046 time 129.7502453327179
7 60 sweepalt 28 k 4 loss 0.3437341727938922 nit 549 time 130.74573040008545
7 60 sweepalt 29 k 1 loss 2.1872581523751933e-10 nit 1565 time 131.93502235412598
7 60 sweepalt 29 k 2 loss 0.07899117886007889 nit 1011 time 132.99821162223816
7 60 sweepalt 29 k 4 loss 0.3353646635690033 nit 599 time 133.97164726257324
7 60 sweepalt 30 k 1 loss 5.769466016047886e-10 nit 2000 time 136.83443140983582
7 60 sweepalt 30 k 2 loss 0.08594861510495488 nit 1167 time 138.30503106117249
7 60 sweepalt 30 k 4 loss 0.35141851461244755 nit 536 time 139.8336365222931
7 60 sweepalt 31 k 1 loss 1.5927353325118077e-08 nit 2000 time 142.1664183139801
7 60 sweepalt 31 k 2 loss 0.08895474653790769 nit 921 time 143.46763825416565
7 60 sweepalt 31 k 4 loss 0.3423795675179383 nit 714 time 145.34780263900757
7 60 sweepalt 32 k 1 loss 3.694328176706563e-10 nit 1653 time 148.21123385429382
7 60 sweepalt 32 k 2 loss 0.08350874041309053 nit 994 time 150.57984018325806
7 60 sweepalt 32 k 4 loss 0.3436269891998823 nit 524 time 152.32254195213318
7 60 sweepalt 33 k 1 loss 2.8497337822841473e-10 nit 1658 time 154.05082440376282
7 60 sweepalt 33 k 2 loss 0.08236147439575181 nit 1057 time 155.5735161304474
7 60 sweepalt 33 k 4 loss 0.33441956619437263 nit 730 time 158.60627698898315
7 60 sweepalt 34 k 1 loss 7.527690693009959e-10 nit 2000 time 161.14645195007324
7 60 sweepalt 34 k 2 loss 0.09938957865245857 nit 1369 time 163.5237534046173
7 60 sweepalt 34 k 4 loss 0.3383627661220169 nit 607 time 164.50559377670288
7 60 sweepalt 35 k 1 loss 3.3839653301726003e-10 nit 1433 time 165.74819087982178
7 60 sweepalt 35 k 2 loss 0.07831108131164732 nit 1047 time 167.44699907302856
7 60 sweepalt 35 k 4 loss 0.34015411484874847 nit 506 time 169.2941279411316
7 60 sweepalt 36 k 1 loss 3.093078038141073e-08 nit 2000 time 171.07129859924316
7 60 sweepalt 36 k 2 loss 0.0858946580632085 nit 750 time 171.74805855751038
7 60 sweepalt 36 k 4 loss 0.347393593480974 nit 476 time 172.5443127155304
7 60 sweepalt 37 k 1 loss 3.3010949529455047e-10 nit 1593 time 174.32700490951538
7 60 sweepalt 37 k 2 loss 0.08922855644213579 nit 752 time 175.15657997131348
7 60 sweepalt 37 k 4 loss 0.3437912986425412 nit 551 time 176.01916098594666
7 60 sweepalt 38 k 1 loss 3.857895114478538e-10 nit 1606 time 177.6988546848297
7 60 sweepalt 38 k 2 loss 0.083298291242904 nit 641 time 178.41611194610596
7 60 sweepalt 38 k 4 loss 0.3390293338346615 nit 857 time 179.84123516082764
7 60 sweepalt 39 k 1 loss 5.02526575907325e-10 nit 1873 time 181.84176898002625
7 60 sweepalt 39 k 2 loss 0.08362636621424924 nit 1323 time 183.36863040924072
7 60 sweepalt 39 k 4 loss 0.32594965473840654 nit 770 time 185.15700578689575
7 60 sweepalt 40 k 1 loss 1.0962001810721489e-06 nit 2000 time 188.20553636550903
7 60 sweepalt 40 k 2 loss 0.09057376285351904 nit 723 time 189.7155683040619
7 60 sweepalt 40 k 4 loss 0.3458455323674321 nit 708 time 191.87320065498352
7 60 sweepalt 41 k 1 loss 1.150314399289698e-09 nit 2000 time 194.75684762001038
7 60 sweepalt 41 k 2 loss 0.09452548411404016 nit 885 time 195.99652457237244
7 60 sweepalt 41 k 4 loss 0.347618506929959 nit 1161 time 198.18480706214905
7 60 sweepalt 42 k 1 loss 7.435118021259512e-08 nit 2000 time 200.36550521850586
7 60 sweepalt 42 k 2 loss 0.08250090104023089 nit 1025 time 202.0019986629486
7 60 sweepalt 42 k 4 loss 0.3483054128613001 nit 492 time 203.18656301498413
7 60 sweepalt 43 k 1 loss 4.368206907301442e-10 nit 1777 time 205.37739205360413
7 60 sweepalt 43 k 2 loss 0.09082282759371552 nit 830 time 206.58274269104004
7 60 sweepalt 43 k 4 loss 0.34905961249329487 nit 479 time 207.9277319908142
7 60 sweepalt 44 k 1 loss 8.130754958202147e-10 nit 1830 time 210.08322644233704
7 60 sweepalt 44 k 2 loss 0.08336243333759263 nit 1087 time 211.80917477607727
7 60 sweepalt 44 k 4 loss 0.3413831915999128 nit 1139 time 214.63162112236023
7 60 sweepalt 45 k 1 loss 4.882522719462656e-09 nit 2000 time 216.76326394081116
7 60 sweepalt 45 k 2 loss 0.08212642633756062 nit 802 time 218.00588154792786
7 60 sweepalt 45 k 4 loss 0.34430744490629694 nit 726 time 219.77825951576233
7 60 sweepalt 46 k 1 loss 2.067528925842055e-09 nit 2000 time 221.96431279182434
7 60 sweepalt 46 k 2 loss 0.08407381993794583 nit 670 time 222.97975182533264
7 60 sweepalt 46 k 4 loss 0.34871071327697567 nit 833 time 224.98899269104004
7 60 sweepalt 47 k 1 loss 1.0760614621574405e-10 nit 1764 time 226.97106337547302
7 60 sweepalt 47 k 2 loss 0.08005976899589773 nit 831 time 228.2682147026062
7 60 sweepalt 47 k 4 loss 0.35083937046270885 nit 782 time 229.5542070865631
7 60 sweepalt 48 k 1 loss 1.7706824673169308e-08 nit 2000 time 231.30280208587646
7 60 sweepalt 48 k 2 loss 0.08469472000611089 nit 1023 time 232.7193751335144
7 60 sweepalt 48 k 4 loss 0.33965241064014273 nit 535 time 233.95853805541992
7 60 sweepalt 49 k 1 loss 3.864315534229945e-10 nit 1387 time 236.31677412986755
7 60 sweepalt 49 k 2 loss 0.08841903708310694 nit 935 time 237.2256953716278
7 60 sweepalt 49 k 4 loss 0.3415977144277015 nit 490 time 237.98494625091553
7 60 sweepalt 50 k 1 loss 2.573413704354266e-10 nit 1927 time 240.28327083587646
7 60 sweepalt 50 k 2 loss 0.08220119749359589 nit 1177 time 242.1869616508484
7 60 sweepalt 50 k 4 loss 0.34468349271556453 nit 573 time 243.1751208305359
7 60 sweepalt 51 k 1 loss 3.286378391642586e-09 nit 2000 time 244.90356373786926
7 60 sweepalt 51 k 2 loss 0.07921214943492572 nit 1544 time 246.71725630760193
7 60 sweepalt 51 k 4 loss 0.34139572930639583 nit 633 time 247.52793526649475
7 60 sweepalt 52 k 1 loss 1.1320271386949798e-09 nit 2000 time 251.38223314285278
7 60 sweepalt 52 k 2 loss 0.08482224555500151 nit 2000 time 256.560800075531
7 60 sweepalt 52 k 4 loss 0.3491577158540312 nit 536 time 258.1188180446625
7 60 sweepalt 53 k 1 loss 5.699061222941282e-10 nit 2000 time 260.12518429756165
7 60 sweepalt 53 k 2 loss 0.0897127324868573 nit 1411 time 261.84218096733093
7 60 sweepalt 53 k 4 loss 0.3396686737189484 nit 637 time 262.89641308784485
7 60 sweepalt 54 k 1 loss 6.39930330947891e-10 nit 1571 time 264.46407866477966
7 60 sweepalt 54 k 2 loss 0.08397488992898305 nit 1659 time 266.68635654449463
7 60 sweepalt 54 k 4 loss 0.3470497291618909 nit 532 time 267.74783730506897
7 60 sweepalt 55 k 1 loss 4.657867969104501e-08 nit 2000 time 270.2492654323578
7 60 sweepalt 55 k 2 loss 0.07368177725443437 nit 1201 time 272.0793173313141
7 60 sweepalt 55 k 4 loss 0.34423568544773697 nit 711 time 273.25418758392334
7 60 sweepalt 56 k 1 loss 3.992286268239553e-08 nit 2000 time 275.27210450172424
7 60 sweepalt 56 k 2 loss 0.07858032168134699 nit 1083 time 276.5546510219574
7 60 sweepalt 56 k 4 loss 0.35449870929168104 nit 752 time 278.31000232696533
7 60 sweepalt 57 k 1 loss 2.1310320175160768e-10 nit 1617 time 280.2374498844147
7 60 sweepalt 57 k 2 loss 0.07824341086339703 nit 820 time 281.3600902557373
7 60 sweepalt 57 k 4 loss 0.3501620271156852 nit 649 time 282.6414134502411
7 60 sweepalt 58 k 1 loss 3.9436565124617573e-10 nit 1899 time 284.4237062931061
7 60 sweepalt 58 k 2 loss 0.0858759885482635 nit 1249 time 285.8093776702881
7 60 sweepalt 58 k 4 loss 0.33577992307768556 nit 899 time 287.77496814727783
7 60 sweepalt 59 k 1 loss 5.111946299596326e-08 nit 2000 time 289.508159160614
7 60 sweepalt 59 k 2 loss 0.08555647878560602 nit 1005 time 290.53633165359497
7 60 sweepalt 59 k 4 loss 0.3437894648000325 nit 638 time 291.43557262420654
7 60 sweepalt 60 k 1 loss 7.273495472581715e-09 nit 2000 time 293.07957315444946
7 60 sweepalt 60 k 2 loss 0.08199455331569272 nit 771 time 293.8469171524048
7 60 sweepalt 60 k 4 loss 0.3435265993516695 nit 560 time 294.6572983264923
7 60 sweepalt 61 k 1 loss 4.558912136687354e-10 nit 1787 time 296.9157540798187
7 60 sweepalt 61 k 2 loss 0.08451964605259554 nit 589 time 297.4536859989166
7 60 sweepalt 61 k 4 loss 0.3464970963800853 nit 512 time 298.2007381916046
7 60 sweepalt 62 k 1 loss 5.0011278340811316e-08 nit 2000 time 299.97260308265686
7 60 sweepalt 62 k 2 loss 0.08719389083194307 nit 1153 time 301.2581241130829
7 60 sweepalt 62 k 4 loss 0.34871125749232856 nit 630 time 302.3512690067291
7 60 sweepalt 63 k 1 loss 3.619086030859364e-09 nit 2000 time 304.6845576763153
7 60 sweepalt 63 k 2 loss 0.08604592254763199 nit 878 time 305.76706171035767
7 60 sweepalt 63 k 4 loss 0.34024976780942706 nit 666 time 307.1651773452759
7 60 sweepalt 64 k 1 loss 9.794032251875251e-11 nit 1276 time 308.4959135055542
7 60 sweepalt 64 k 2 loss 0.08745887706018418 nit 1358 time 310.4716911315918
7 60 sweepalt 64 k 4 loss 0.3455371821044675 nit 767 time 311.87144136428833
7 60 sweepalt 65 k 1 loss 2.1243209302745925e-08 nit 2000 time 313.20859026908875
7 60 sweepalt 65 k 2 loss 0.08973445653794221 nit 911 time 314.16959738731384
7 60 sweepalt 65 k 4 loss 0.34201493857277043 nit 825 time 315.459703207016
7 60 sweepalt 66 k 1 loss 2.8090149095660877e-09 nit 2000 time 317.1117081642151
7 60 sweepalt 66 k 2 loss 0.0850641691109374 nit 1092 time 318.24715518951416
7 60 sweepalt 66 k 4 loss 0.3411846140950938 nit 729 time 319.2461349964142
7 60 sweepalt 67 k 1 loss 3.3690839007505247e-10 nit 1509 time 320.38070726394653
7 60 sweepalt 67 k 2 loss 0.08505830854856045 nit 679 time 321.0427448749542
7 60 sweepalt 67 k 4 loss 0.3511386164878466 nit 916 time 322.47648787498474
7 60 sweepalt 68 k 1 loss 2.3063647325294312e-08 nit 2000 time 325.2492482662201
7 60 sweepalt 68 k 2 loss 0.08787635368661895 nit 1044 time 329.8091871738434
7 60 sweepalt 68 k 4 loss 0.3473622654319679 nit 701 time 331.0031518936157
7 60 sweepalt 69 k 1 loss 2.476230331893703e-10 nit 1652 time 332.36246943473816
7 60 sweepalt 69 k 2 loss 0.08327442521834938 nit 625 time 333.0389151573181
7 60 sweepalt 69 k 4 loss 0.3415648863569001 nit 1090 time 335.0176544189453
7 60 sweepalt 70 k 1 loss 7.40250775677076e-07 nit 2000 time 336.9155766963959
7 60 sweepalt 70 k 2 loss 0.08219770884407329 nit 1649 time 338.59414315223694
7 60 sweepalt 70 k 4 loss 0.34737173846125946 nit 561 time 339.42920088768005
7 60 sweepalt 71 k 1 loss 6.22831564101034e-10 nit 1706 time 341.50165462493896
7 60 sweepalt 71 k 2 loss 0.08132505666824852 nit 899 time 342.8745467662811
7 60 sweepalt 71 k 4 loss 0.36071498384932377 nit 411 time 343.686621427536
7 60 sweepalt 72 k 1 loss 4.940584408252846e-08 nit 2000 time 346.9395000934601
7 60 sweepalt 72 k 2 loss 0.08433907119364603 nit 1616 time 350.2806589603424
7 60 sweepalt 72 k 4 loss 0.33666158098288934 nit 962 time 352.72196078300476
7 60 sweepalt 73 k 1 loss 1.75663261714476e-09 nit 2000 time 354.74563694000244
7 60 sweepalt 73 k 2 loss 0.08373107272808256 nit 1428 time 356.10576581954956
7 60 sweepalt 73 k 4 loss 0.35133611039820256 nit 630 time 357.27956914901733
7 60 sweepalt 74 k 1 loss 3.546281046595823e-10 nit 1733 time 358.9443278312683
7 60 sweepalt 74 k 2 loss 0.08509298265887877 nit 683 time 359.89573097229004
7 60 sweepalt 74 k 4 loss 0.3470457447766594 nit 719 time 360.8047559261322
7 60 sweepalt 75 k 1 loss 1.9951468477330536e-08 nit 2000 time 362.3945174217224
7 60 sweepalt 75 k 2 loss 0.07405612830863562 nit 1204 time 363.5396900177002
7 60 sweepalt 75 k 4 loss 0.3374217540121859 nit 1159 time 365.2302737236023
7 60 sweepalt 76 k 1 loss 9.051574934026974e-09 nit 2000 time 368.42368268966675
7 60 sweepalt 76 k 2 loss 0.0796113453280064 nit 762 time 369.3083312511444
7 60 sweepalt 76 k 4 loss 0.3483017304703474 nit 646 time 370.4700906276703
7 60 sweepalt 77 k 1 loss 1.4608429277362944e-07 nit 2000 time 372.4970235824585
7 60 sweepalt 77 k 2 loss 0.08697048369984905 nit 1048 time 373.5829668045044
7 60 sweepalt 77 k 4 loss 0.3448702485970693 nit 730 time 375.0893747806549
7 60 sweepalt 78 k 1 loss 4.2412373613132104e-10 nit 1449 time 377.02530694007874
7 60 sweepalt 78 k 2 loss 0.0829422102809858 nit 1046 time 378.3150749206543
7 60 sweepalt 78 k 4 loss 0.3379790133958913 nit 866 time 379.91537404060364
7 60 sweepalt 79 k 1 loss 2.24405958260121e-08 nit 2000 time 381.53753089904785
7 60 sweepalt 79 k 2 loss 0.07979810013783883 nit 1387 time 383.2608609199524
7 60 sweepalt 79 k 4 loss 0.3454508931018465 nit 484 time 384.31619334220886
7 60 sweepalt 80 k 1 loss 1.479410143279125e-07 nit 2000 time 386.1187791824341
7 60 sweepalt 80 k 2 loss 0.08155899634687791 nit 1228 time 387.7801878452301
7 60 sweepalt 80 k 4 loss 0.3482852023176415 nit 1036 time 389.57184886932373
7 60 sweepalt 81 k 1 loss 1.9282379026819285e-08 nit 2000 time 391.50478434562683
7 60 sweepalt 81 k 2 loss 0.09828164136686057 nit 876 time 392.42357206344604
7 60 sweepalt 81 k 4 loss 0.3346355565307274 nit 672 time 393.45984959602356
7 60 sweepalt 82 k 1 loss 1.5117174179124504e-10 nit 1554 time 394.66166830062866
7 60 sweepalt 82 k 2 loss 0.07890912755509605 nit 1323 time 396.4290370941162
7 60 sweepalt 82 k 4 loss 0.34752107662237186 nit 725 time 397.80494379997253
7 60 sweepalt 83 k 1 loss 1.4232404144109978e-10 nit 1665 time 399.321261882782
7 60 sweepalt 83 k 2 loss 0.08920643987563659 nit 574 time 399.9946746826172
7 60 sweepalt 83 k 4 loss 0.3381733998462495 nit 866 time 401.5031340122223
7 60 sweepalt 84 k 1 loss 4.262237229823995e-10 nit 1682 time 403.2643961906433
7 60 sweepalt 84 k 2 loss 0.08139280474213328 nit 895 time 404.6536636352539
7 60 sweepalt 84 k 4 loss 0.34388025405001343 nit 914 time 407.84504532814026
7 60 sweepalt 85 k 1 loss 1.959714945876101e-09 nit 2000 time 410.3121576309204
7 60 sweepalt 85 k 2 loss 0.08666870438332575 nit 1203 time 412.72164940834045
7 60 sweepalt 85 k 4 loss 0.3496900144977855 nit 588 time 413.68918108940125
7 60 sweepalt 86 k 1 loss 6.992224577118122e-10 nit 1546 time 415.35991168022156
7 60 sweepalt 86 k 2 loss 0.0858099968780236 nit 1099 time 416.5583598613739
7 60 sweepalt 86 k 4 loss 0.34777869323336663 nit 961 time 418.4725670814514
7 60 sweepalt 87 k 1 loss 3.256212799396252e-08 nit 2000 time 420.2820918560028
7 60 sweepalt 87 k 2 loss 0.07849434916141096 nit 917 time 422.077675819397
7 60 sweepalt 87 k 4 loss 0.35749108787404227 nit 454 time 423.07673025131226
7 60 sweepalt 88 k 1 loss 6.699472088200764e-10 nit 1824 time 425.2685990333557
7 60 sweepalt 88 k 2 loss 0.07960355569260602 nit 1211 time 426.7602581977844
7 60 sweepalt 88 k 4 loss 0.34127893621561356 nit 909 time 428.1987657546997
7 60 sweepalt 89 k 1 loss 6.524802920182537e-11 nit 1331 time 429.601548910141
7 60 sweepalt 89 k 2 loss 0.09669273048400184 nit 904 time 431.3507912158966
7 60 sweepalt 89 k 4 loss 0.3475666424319037 nit 651 time 432.4888503551483
7 60 sweepalt 90 k 1 loss 2.771493812225856e-09 nit 2000 time 434.4240643978119
7 60 sweepalt 90 k 2 loss 0.08590851675609956 nit 1180 time 435.669885635376
7 60 sweepalt 90 k 4 loss 0.35204649433738955 nit 485 time 436.44779205322266
7 60 sweepalt 91 k 1 loss 2.694552029280928e-07 nit 2000 time 438.4526455402374
7 60 sweepalt 91 k 2 loss 0.08184323462724641 nit 979 time 440.0783967971802
7 60 sweepalt 91 k 4 loss 0.3553936195578069 nit 486 time 440.75974583625793
7 60 sweepalt 92 k 1 loss 1.385897989703011e-07 nit 2000 time 443.2524924278259
7 60 sweepalt 92 k 2 loss 0.09047586612967351 nit 1639 time 445.41922330856323
7 60 sweepalt 92 k 4 loss 0.3316594339841077 nit 726 time 446.4959418773651
7 60 sweepalt 93 k 1 loss 1.244415126500087e-09 nit 2000 time 449.50407361984253
7 60 sweepalt 93 k 2 loss 0.07793152485582377 nit 618 time 450.34901213645935
7 60 sweepalt 93 k 4 loss 0.33440257720382804 nit 497 time 451.1781346797943
7 60 sweepalt 94 k 1 loss 8.688716413018938e-11 nit 1771 time 452.70687532424927
7 60 sweepalt 94 k 2 loss 0.08044412564304837 nit 952 time 454.6618981361389
7 60 sweepalt 94 k 4 loss 0.33693141091270995 nit 604 time 455.6993672847748
7 60 sweepalt 95 k 1 loss 1.1416345646608761e-10 nit 1651 time 457.1532154083252
7 60 sweepalt 95 k 2 loss 0.0826212762211257 nit 887 time 458.1003749370575
7 60 sweepalt 95 k 4 loss 0.3432347970910855 nit 383 time 458.62681818008423
7 60 sweepalt 96 k 1 loss 3.477024224096681e-10 nit 1870 time 460.11980748176575
7 60 sweepalt 96 k 2 loss 0.07366783196483051 nit 729 time 460.91840982437134
7 60 sweepalt 96 k 4 loss 0.322199772116863 nit 465 time 461.7297797203064
7 60 sweepalt 97 k 1 loss 2.940395371631155e-09 nit 2000 time 463.62667751312256
7 60 sweepalt 97 k 2 loss 0.08181449285094466 nit 1246 time 465.27652621269226
7 60 sweepalt 97 k 4 loss 0.33743277161458796 nit 734 time 466.71107053756714
7 60 sweepalt 98 k 1 loss 8.961037356591817e-09 nit 2000 time 469.37064695358276
7 60 sweepalt 98 k 2 loss 0.09424882395273437 nit 891 time 470.59240436553955
7 60 sweepalt 98 k 4 loss 0.3212007365023991 nit 680 time 472.3583300113678
7 60 sweepalt 99 k 1 loss 1.5077855630707404e-09 nit 2000 time 477.1412615776062
7 60 sweepalt 99 k 2 loss 0.07807423590505014 nit 1717 time 481.3657069206238
7 60 sweepalt 99 k 4 loss 0.3414021173292634 nit 790 time 483.2908434867859
7 60 sweepalt 100 k 1 loss 7.18218073902932e-09 nit 2000 time 485.3697979450226
7 60 sweepalt 100 k 2 loss 0.08283996567415453 nit 664 time 486.2544434070587
7 60 sweepalt 100 k 4 loss 0.3457586883162641 nit 957 time 488.28110432624817
7 60 sweepalt 101 k 1 loss 2.8659227435667844e-08 nit 2000 time 490.3099913597107
7 60 sweepalt 101 k 2 loss 0.07905215643766861 nit 730 time 491.3723063468933
7 60 sweepalt 101 k 4 loss 0.3414083274967832 nit 448 time 492.3428225517273
7 60 sweepalt 102 k 1 loss 1.660855897256397e-10 nit 1710 time 494.10140347480774
7 60 sweepalt 102 k 2 loss 0.08240163542787204 nit 1481 time 495.98523116111755
7 60 sweepalt 102 k 4 loss 0.34200837683266705 nit 661 time 497.23289370536804
7 60 sweepalt 103 k 1 loss 1.3057683823092248e-09 nit 1628 time 498.62205505371094
7 60 sweepalt 103 k 2 loss 0.08937813012829421 nit 971 time 499.72305250167847
7 60 sweepalt 103 k 4 loss 0.34170168588419636 nit 1036 time 501.5149540901184
7 60 sweepalt 104 k 1 loss 5.502610589402934e-10 nit 1597 time 502.99312233924866
7 60 sweepalt 104 k 2 loss 0.07975054929023995 nit 1219 time 504.3668689727783
7 60 sweepalt 104 k 4 loss 0.3426379446875871 nit 1006 time 505.9224371910095
7 60 sweepalt 105 k 1 loss 2.28161711746111e-10 nit 1595 time 507.5229332447052
7 60 sweepalt 105 k 2 loss 0.08411076105378834 nit 851 time 508.5561134815216
7 60 sweepalt 105 k 4 loss 0.3382674363556698 nit 908 time 510.05116844177246
7 60 sweepalt 106 k 1 loss 8.001188600559317e-11 nit 1452 time 511.3884880542755
7 60 sweepalt 106 k 2 loss 0.08208502232652215 nit 1249 time 512.9920930862427
7 60 sweepalt 106 k 4 loss 0.33871485963678305 nit 497 time 513.8606014251709
7 60 sweepalt 107 k 1 loss 6.121254614299687e-10 nit 1357 time 515.2062513828278
7 60 sweepalt 107 k 2 loss 0.09495213433935457 nit 963 time 516.3048977851868
7 60 sweepalt 107 k 4 loss 0.3310238062327333 nit 812 time 517.7185528278351
7 60 sweepalt 108 k 1 loss 1.962991991177887e-10 nit 1503 time 519.5720510482788
7 60 sweepalt 108 k 2 loss 0.08432294818297437 nit 1174 time 521.5972237586975
7 60 sweepalt 108 k 4 loss 0.34222588567478085 nit 523 time 522.771645784378
7 60 sweepalt 109 k 1 loss 2.1160762031513514e-10 nit 2000 time 525.859697341919
7 60 sweepalt 109 k 2 loss 0.0856275983037138 nit 972 time 527.2746760845184
7 60 sweepalt 109 k 4 loss 0.3500250248978951 nit 479 time 528.4342846870422
7 60 sweepalt 110 k 1 loss 5.80619552437156e-10 nit 1791 time 530.1645603179932
7 60 sweepalt 110 k 2 loss 0.08461860144875533 nit 1777 time 532.3254196643829
7 60 sweepalt 110 k 4 loss 0.3562993377863052 nit 668 time 533.7702836990356
7 60 sweepalt 111 k 1 loss 5.076844167284378e-09 nit 2000 time 535.9344313144684
7 60 sweepalt 111 k 2 loss 0.08663463754597778 nit 697 time 536.9530019760132
7 60 sweepalt 111 k 4 loss 0.3342802646447931 nit 503 time 537.912192106247
7 60 sweepalt 112 k 1 loss 1.274991223709776e-10 nit 1831 time 539.682163476944
7 60 sweepalt 112 k 2 loss 0.0829695070135198 nit 1001 time 540.9002785682678
7 60 sweepalt 112 k 4 loss 0.33978669020437147 nit 619 time 542.1404676437378
7 60 sweepalt 113 k 1 loss 3.977046469927359e-10 nit 1882 time 543.8925819396973
7 60 sweepalt 113 k 2 loss 0.07559925761833408 nit 1086 time 545.2499635219574
7 60 sweepalt 113 k 4 loss 0.3416303095000932 nit 709 time 546.5866146087646
7 60 sweepalt 114 k 1 loss 6.238929373125757e-10 nit 2000 time 547.9871706962585
7 60 sweepalt 114 k 2 loss 0.08739227107394065 nit 1106 time 548.9618089199066
7 60 sweepalt 114 k 4 loss 0.34124655338387977 nit 644 time 550.0089819431305
7 60 sweepalt 115 k 1 loss 4.207841186598671e-09 nit 2000 time 551.7071928977966
7 60 sweepalt 115 k 2 loss 0.08743341305840424 nit 1190 time 553.0699284076691
7 60 sweepalt 115 k 4 loss 0.34156075793934093 nit 1351 time 555.0710446834564
7 60 sweepalt 116 k 1 loss 1.995819176592306e-08 nit 2000 time 556.7881319522858
7 60 sweepalt 116 k 2 loss 0.08281513103009142 nit 545 time 557.3723809719086
7 60 sweepalt 116 k 4 loss 0.3376002363853743 nit 530 time 558.1992428302765
7 60 sweepalt 117 k 1 loss 1.9410795193408603e-10 nit 1705 time 559.9748249053955
7 60 sweepalt 117 k 2 loss 0.08101501294878222 nit 700 time 560.6883521080017
7 60 sweepalt 117 k 4 loss 0.36361239053587746 nit 586 time 561.4647643566132
7 60 sweepalt 118 k 1 loss 3.0549973661919694e-10 nit 1883 time 563.0315716266632
7 60 sweepalt 118 k 2 loss 0.0832624805068155 nit 1401 time 564.408519744873
7 60 sweepalt 118 k 4 loss 0.33318256344774 nit 689 time 565.5313022136688
7 60 sweepalt 119 k 1 loss 1.6900136845521274e-10 nit 1766 time 567.818178653717
7 60 sweepalt 119 k 2 loss 0.08626927428467357 nit 1358 time 570.2170808315277
7 60 sweepalt 119 k 4 loss 0.3398924282345137 nit 526 time 571.5744776725769
7 60 sweepalt 120 k 1 loss 1.5090484417612515e-10 nit 1969 time 573.8656392097473
7 60 sweepalt 120 k 2 loss 0.08839173343243845 nit 1188 time 575.0792233943939
7 60 sweepalt 120 k 4 loss 0.34406650481258916 nit 646 time 576.1945803165436
7 60 sweepalt 121 k 1 loss 1.2007011107595389e-06 nit 2000 time 578.5974657535553
7 60 sweepalt 121 k 2 loss 0.08370074254010074 nit 856 time 579.5835168361664
7 60 sweepalt 121 k 4 loss 0.33672377726474645 nit 1686 time 584.8954756259918
7 60 sweepalt 122 k 1 loss 8.001765916532122e-11 nit 1679 time 586.7390282154083
7 60 sweepalt 122 k 2 loss 0.08175994933020914 nit 825 time 587.6507790088654
7 60 sweepalt 122 k 4 loss 0.3538471828966362 nit 428 time 588.2803621292114
7 60 sweepalt 123 k 1 loss 7.749896502318165e-09 nit 2000 time 590.0156402587891
7 60 sweepalt 123 k 2 loss 0.08229332120342958 nit 1144 time 591.3947005271912
7 60 sweepalt 123 k 4 loss 0.3344993715917489 nit 878 time 592.749410867691
7 60 sweepalt 124 k 1 loss 1.1679871514402862e-09 nit 2000 time 594.5666742324829
7 60 sweepalt 124 k 2 loss 0.08074333594428629 nit 936 time 595.7021725177765
7 60 sweepalt 124 k 4 loss 0.3488495613960567 nit 1096 time 598.1761789321899
7 60 sweepalt 125 k 1 loss 9.212209883813216e-10 nit 2000 time 600.2118606567383
7 60 sweepalt 125 k 2 loss 0.09436956276141306 nit 680 time 600.9314093589783
7 60 sweepalt 125 k 4 loss 0.33123093785613955 nit 858 time 602.4548511505127
7 60 sweepalt 126 k 1 loss 1.6611653719245112e-08 nit 2000 time 604.1762437820435
7 60 sweepalt 126 k 2 loss 0.08401185969331504 nit 701 time 604.9130494594574
7 60 sweepalt 126 k 4 loss 0.34032021374373644 nit 548 time 605.7007441520691
7 60 sweepalt 127 k 1 loss 2.2415026723621168e-08 nit 2000 time 607.5753529071808
7 60 sweepalt 127 k 2 loss 0.08758076121406333 nit 859 time 608.8082871437073
7 60 sweepalt 127 k 4 loss 0.3359957154202994 nit 883 time 610.2731468677521
7 60 sweepalt 128 k 1 loss 1.0536285177664695e-09 nit 2000 time 612.0623297691345
7 60 sweepalt 128 k 2 loss 0.08598406105698397 nit 1279 time 613.894312620163
7 60 sweepalt 128 k 4 loss 0.3347256293436961 nit 1248 time 616.6076378822327
7 60 sweepalt 129 k 1 loss 2.5379554013937877e-10 nit 1453 time 617.9619431495667
7 60 sweepalt 129 k 2 loss 0.08431328583445807 nit 806 time 619.1923952102661
7 60 sweepalt 129 k 4 loss 0.3601201016037915 nit 538 time 619.994814157486
7 60 sweepalt 130 k 1 loss 8.865830292137389e-11 nit 1256 time 621.1895382404327
7 60 sweepalt 130 k 2 loss 0.08829879300775034 nit 939 time 622.2327666282654
7 60 sweepalt 130 k 4 loss 0.3356375859675601 nit 654 time 623.3700201511383
7 60 sweepalt 131 k 1 loss 2.694834355665421e-10 nit 1708 time 625.3673498630524
7 60 sweepalt 131 k 2 loss 0.08566776492667494 nit 947 time 626.664381980896
7 60 sweepalt 131 k 4 loss 0.3432170725016369 nit 655 time 628.1323914527893
7 60 sweepalt 132 k 1 loss 1.8843114846234243e-09 nit 2000 time 630.3591613769531
7 60 sweepalt 132 k 2 loss 0.09084885279565802 nit 1301 time 631.7001571655273
7 60 sweepalt 132 k 4 loss 0.34478424365360716 nit 640 time 632.9658100605011
7 60 sweepalt 133 k 1 loss 3.626637878895167e-10 nit 1860 time 635.4002511501312
7 60 sweepalt 133 k 2 loss 0.08831599987270944 nit 1210 time 636.8228414058685
7 60 sweepalt 133 k 4 loss 0.3533384863120954 nit 655 time 637.8065943717957
7 60 sweepalt 134 k 1 loss 4.776346429480327e-09 nit 2000 time 639.8061001300812
7 60 sweepalt 134 k 2 loss 0.07982233461435317 nit 797 time 640.8741784095764
7 60 sweepalt 134 k 4 loss 0.3506756738931781 nit 724 time 642.6044991016388
7 60 sweepalt 135 k 1 loss 1.6822683746031686e-07 nit 2000 time 644.7984738349915
7 60 sweepalt 135 k 2 loss 0.07714340244430806 nit 1055 time 646.3628296852112
7 60 sweepalt 135 k 4 loss 0.3676826805657091 nit 569 time 647.3764979839325
7 60 sweepalt 136 k 1 loss 2.8758273540319124e-10 nit 1435 time 648.7042589187622
7 60 sweepalt 136 k 2 loss 0.0875522058133612 nit 759 time 649.6681222915649
7 60 sweepalt 136 k 4 loss 0.33738735763157646 nit 497 time 650.3450646400452
7 60 sweepalt 137 k 1 loss 1.74509628969588e-10 nit 1513 time 651.6038255691528
7 60 sweepalt 137 k 2 loss 0.08572095147302716 nit 548 time 652.282632112503
7 60 sweepalt 137 k 4 loss 0.3468581922423447 nit 961 time 653.7529122829437
7 60 sweepalt 138 k 1 loss 1.2868017762457384e-10 nit 1773 time 655.0771107673645
7 60 sweepalt 138 k 2 loss 0.08712428524405846 nit 936 time 656.1514055728912
7 60 sweepalt 138 k 4 loss 0.33058551306291895 nit 794 time 657.8952429294586
7 60 sweepalt 139 k 1 loss 1.1435544622351301e-08 nit 2000 time 659.7315447330475
7 60 sweepalt 139 k 2 loss 0.08793228867437552 nit 900 time 660.6615922451019
7 60 sweepalt 139 k 4 loss 0.3506103066022922 nit 429 time 661.307177066803
7 60 sweepalt 140 k 1 loss 2.929580354971151e-07 nit 2000 time 663.0375664234161
7 60 sweepalt 140 k 2 loss 0.08793976480941468 nit 1221 time 664.3193185329437
7 60 sweepalt 140 k 4 loss 0.3415368922335448 nit 560 time 665.0960545539856
7 60 sweepalt 141 k 1 loss 8.92097506977052e-11 nit 1488 time 666.496081829071
7 60 sweepalt 141 k 2 loss 0.08576419427586024 nit 993 time 667.7387177944183
7 60 sweepalt 141 k 4 loss 0.3505357816588017 nit 469 time 668.4066550731659
7 60 sweepalt 142 k 1 loss 2.87782991881258e-08 nit 2000 time 669.9660329818726
7 60 sweepalt 142 k 2 loss 0.09188339174888116 nit 804 time 670.9903678894043
7 60 sweepalt 142 k 4 loss 0.3144144611816635 nit 518 time 672.0123791694641
7 60 sweepalt 143 k 1 loss 3.5290598221493497e-09 nit 2000 time 674.0023326873779
7 60 sweepalt 143 k 2 loss 0.0848827869435348 nit 722 time 674.9045603275299
7 60 sweepalt 143 k 4 loss 0.35872804788262225 nit 987 time 676.4067661762238
7 60 sweepalt 144 k 1 loss 1.6087464693725906e-10 nit 1219 time 677.5188913345337
7 60 sweepalt 144 k 2 loss 0.08152764412611979 nit 953 time 678.7508234977722
7 60 sweepalt 144 k 4 loss 0.34921590222420584 nit 517 time 680.2613277435303
7 60 sweepalt 145 k 1 loss 7.317328678535517e-07 nit 2000 time 682.6006455421448
7 60 sweepalt 145 k 2 loss 0.08994474810172748 nit 755 time 683.6224255561829
7 60 sweepalt 145 k 4 loss 0.34113799599957983 nit 828 time 685.5132191181183
7 60 sweepalt 146 k 1 loss 1.2632937695933322e-08 nit 2000 time 687.6356573104858
7 60 sweepalt 146 k 2 loss 0.07717209930942959 nit 1079 time 689.8833816051483
7 60 sweepalt 146 k 4 loss 0.3390407455860899 nit 925 time 692.2014281749725
7 60 sweepalt 147 k 1 loss 1.2911738345167123e-10 nit 1506 time 693.437157869339
7 60 sweepalt 147 k 2 loss 0.08456890906458925 nit 1909 time 695.3086721897125
7 60 sweepalt 147 k 4 loss 0.3401147674970382 nit 672 time 696.252194404602
7 60 sweepalt 148 k 1 loss 2.537416610159937e-09 nit 2000 time 697.7890849113464
7 60 sweepalt 148 k 2 loss 0.084782997809279 nit 731 time 698.498749256134
7 60 sweepalt 148 k 4 loss 0.3474592218600596 nit 918 time 699.8673691749573
7 60 sweepalt 149 k 1 loss 2.3221201617129594e-07 nit 2000 time 702.1527562141418
7 60 sweepalt 149 k 2 loss 0.09536398987759676 nit 670 time 703.0175933837891
7 60 sweepalt 149 k 4 loss 0.3365211772853408 nit 945 time 704.8120930194855
7 60 sweepalt 150 k 1 loss 5.145638359849158e-10 nit 1507 time 706.4117002487183
7 60 sweepalt 150 k 2 loss 0.08049759826383629 nit 703 time 707.494190454483
7 60 sweepalt 150 k 4 loss 0.3278231742680745 nit 625 time 708.8888449668884
7 60 sweepalt 151 k 1 loss 3.317730390417495e-08 nit 2000 time 710.9290225505829
7 60 sweepalt 151 k 2 loss 0.07923013226599307 nit 1275 time 712.754231929779
7 60 sweepalt 151 k 4 loss 0.3498298877551179 nit 463 time 713.5763337612152
7 60 sweepalt 152 k 1 loss 8.918976668326195e-11 nit 1751 time 715.7155935764313
7 60 sweepalt 152 k 2 loss 0.07824631662833925 nit 1492 time 717.8100719451904
7 60 sweepalt 152 k 4 loss 0.3462462713167186 nit 684 time 719.0464873313904
7 60 sweepalt 153 k 1 loss 3.082697430656367e-10 nit 1942 time 720.7732455730438
7 60 sweepalt 153 k 2 loss 0.08584632916718926 nit 643 time 721.4534170627594
7 60 sweepalt 153 k 4 loss 0.3461253933846017 nit 585 time 722.2970960140228
7 60 sweepalt 154 k 1 loss 5.702510352811885e-09 nit 2000 time 724.5556495189667
7 60 sweepalt 154 k 2 loss 0.0901523633052641 nit 857 time 725.6852669715881
7 60 sweepalt 154 k 4 loss 0.34948485584367495 nit 497 time 726.553040266037
7 60 sweepalt 155 k 1 loss 2.667335718964381e-08 nit 2000 time 728.4963793754578
7 60 sweepalt 155 k 2 loss 0.08314939022875978 nit 1124 time 730.5088472366333
7 60 sweepalt 155 k 4 loss 0.33185016662128575 nit 404 time 732.327348947525
7 60 sweepalt 156 k 1 loss 1.1149969836310447e-10 nit 1733 time 735.554544210434
7 60 sweepalt 156 k 2 loss 0.08165959241086329 nit 1444 time 738.1607406139374
7 60 sweepalt 156 k 4 loss 0.3442916003036669 nit 750 time 740.667379617691
7 60 sweepalt 157 k 1 loss 2.160611689561165e-10 nit 1414 time 741.8960201740265
7 60 sweepalt 157 k 2 loss 0.09282300832113377 nit 699 time 743.550567150116
7 60 sweepalt 157 k 4 loss 0.34441483643593174 nit 686 time 744.7920482158661
7 60 sweepalt 158 k 1 loss 1.0399541228167664e-09 nit 2000 time 746.6702589988708
7 60 sweepalt 158 k 2 loss 0.08782542123792425 nit 503 time 747.19016289711
7 60 sweepalt 158 k 4 loss 0.35292940884002855 nit 462 time 747.8808369636536
7 60 sweepalt 159 k 1 loss 3.0608204859561283e-10 nit 1336 time 749.3541810512543
7 60 sweepalt 159 k 2 loss 0.0820381050116058 nit 994 time 750.4967238903046
7 60 sweepalt 159 k 4 loss 0.33841639039085714 nit 774 time 751.6282494068146
7 60 sweepalt 160 k 1 loss 2.3744717303486595e-10 nit 1893 time 753.3134605884552
7 60 sweepalt 160 k 2 loss 0.07872079137763677 nit 1125 time 754.4770431518555
7 60 sweepalt 160 k 4 loss 0.342074910680611 nit 485 time 755.4729368686676
7 60 sweepalt 161 k 1 loss 5.53629919686216e-10 nit 2000 time 757.5188567638397
7 60 sweepalt 161 k 2 loss 0.08400293726070385 nit 1215 time 758.7721025943756
7 60 sweepalt 161 k 4 loss 0.34158215247617163 nit 892 time 760.3265347480774
7 60 sweepalt 162 k 1 loss 1.8364405551807295e-09 nit 2000 time 762.0790781974792
7 60 sweepalt 162 k 2 loss 0.08836642873844935 nit 890 time 763.0029501914978
7 60 sweepalt 162 k 4 loss 0.33099691723670766 nit 535 time 763.8344352245331
7 60 sweepalt 163 k 1 loss 2.1892265777978537e-09 nit 2000 time 765.5327179431915
7 60 sweepalt 163 k 2 loss 0.08101724952058142 nit 1055 time 766.6846280097961
7 60 sweepalt 163 k 4 loss 0.3400209292176768 nit 989 time 768.455816745758
7 60 sweepalt 164 k 1 loss 2.3278368121992798e-10 nit 1897 time 770.3403816223145
7 60 sweepalt 164 k 2 loss 0.07489852527508634 nit 872 time 771.382257938385
7 60 sweepalt 164 k 4 loss 0.338375963850032 nit 796 time 772.6981167793274
7 60 sweepalt 165 k 1 loss 2.2051882542228896e-10 nit 1937 time 774.1590392589569
7 60 sweepalt 165 k 2 loss 0.08349866067735434 nit 1124 time 775.1796534061432
7 60 sweepalt 165 k 4 loss 0.344758420290433 nit 536 time 775.882506608963
7 60 sweepalt 166 k 1 loss 1.1388885390317682e-09 nit 2000 time 777.3319392204285
7 60 sweepalt 166 k 2 loss 0.08685835903824946 nit 1170 time 778.7154777050018
7 60 sweepalt 166 k 4 loss 0.35467298672025127 nit 697 time 780.0277652740479
7 60 sweepalt 167 k 1 loss 1.1105216746187807e-10 nit 1700 time 781.7174279689789
7 60 sweepalt 167 k 2 loss 0.07724890919623795 nit 659 time 782.5850098133087
7 60 sweepalt 167 k 4 loss 0.3484586369814431 nit 802 time 783.9069809913635
7 60 sweepalt 168 k 1 loss 1.467805099686359e-09 nit 2000 time 785.8596708774567
7 60 sweepalt 168 k 2 loss 0.08371404854039 nit 1058 time 787.3798980712891
7 60 sweepalt 168 k 4 loss 0.33586288000896536 nit 583 time 788.6447229385376
7 60 sweepalt 169 k 1 loss 6.091026572008218e-10 nit 1919 time 790.8733229637146
7 60 sweepalt 169 k 2 loss 0.07928895515975687 nit 1156 time 792.3417861461639
7 60 sweepalt 169 k 4 loss 0.32168503556438877 nit 1187 time 794.7035253047943
7 60 sweepalt 170 k 1 loss 1.4741313614230478e-07 nit 2000 time 797.1614143848419
7 60 sweepalt 170 k 2 loss 0.08857283323316478 nit 1561 time 799.1050815582275
7 60 sweepalt 170 k 4 loss 0.3380437274656105 nit 486 time 799.9168281555176
7 60 sweepalt 171 k 1 loss 7.583469963101663e-08 nit 2000 time 801.4247479438782
7 60 sweepalt 171 k 2 loss 0.08687575604296216 nit 609 time 802.3156177997589
7 60 sweepalt 171 k 4 loss 0.34072412522080997 nit 736 time 803.7975430488586
7 60 sweepalt 172 k 1 loss 2.713209656945992e-10 nit 1411 time 805.4370813369751
7 60 sweepalt 172 k 2 loss 0.0918070975156211 nit 640 time 806.2337710857391
7 60 sweepalt 172 k 4 loss 0.3433998002328028 nit 694 time 807.1557245254517
7 60 sweepalt 173 k 1 loss 6.433976906805583e-09 nit 2000 time 808.9204108715057
7 60 sweepalt 173 k 2 loss 0.08346337475342946 nit 859 time 810.1430017948151
7 60 sweepalt 173 k 4 loss 0.34565983459756944 nit 442 time 810.9470455646515
7 60 sweepalt 174 k 1 loss 9.843981185753137e-11 nit 1592 time 812.7883498668671
7 60 sweepalt 174 k 2 loss 0.07770375237000082 nit 958 time 813.9319794178009
7 60 sweepalt 174 k 4 loss 0.3472662487317665 nit 568 time 814.9699556827545
7 60 sweepalt 175 k 1 loss 2.5357738131503993e-10 nit 1391 time 816.3051109313965
7 60 sweepalt 175 k 2 loss 0.08130657269487351 nit 789 time 817.3498704433441
7 60 sweepalt 175 k 4 loss 0.35236010472638235 nit 804 time 818.5168197154999
7 60 sweepalt 176 k 1 loss 4.220103155816446e-10 nit 1823 time 820.1926097869873
7 60 sweepalt 176 k 2 loss 0.08022457851594822 nit 978 time 822.5142107009888
7 60 sweepalt 176 k 4 loss 0.34341627091709326 nit 562 time 824.0668137073517
7 60 sweepalt 177 k 1 loss 2.162012568973637e-09 nit 2000 time 826.5022778511047
7 60 sweepalt 177 k 2 loss 0.09035551922775265 nit 1100 time 827.6443588733673
7 60 sweepalt 177 k 4 loss 0.3396602736259692 nit 669 time 828.8341948986053
7 60 sweepalt 178 k 1 loss 5.571421102246177e-10 nit 1705 time 830.4527266025543
7 60 sweepalt 178 k 2 loss 0.08431896436905217 nit 1626 time 832.8210880756378
7 60 sweepalt 178 k 4 loss 0.34220583453503317 nit 638 time 833.8939712047577
7 60 sweepalt 179 k 1 loss 1.297465468397263e-10 nit 1184 time 834.9823312759399
7 60 sweepalt 179 k 2 loss 0.07786524160227337 nit 1399 time 836.758510351181
7 60 sweepalt 179 k 4 loss 0.33410830275051395 nit 668 time 838.033212184906
7 60 sweepalt 180 k 1 loss 1.6257117874118876e-10 nit 1509 time 839.2593970298767
7 60 sweepalt 180 k 2 loss 0.08025458767180393 nit 1088 time 840.537965297699
7 60 sweepalt 180 k 4 loss 0.34210503723469987 nit 839 time 841.7578182220459
7 60 sweepalt 181 k 1 loss 1.2454415276863529e-10 nit 1962 time 843.4334514141083
7 60 sweepalt 181 k 2 loss 0.08895805861115824 nit 2000 time 845.6353645324707
7 60 sweepalt 181 k 4 loss 0.34334068283385233 nit 890 time 847.139363527298
7 60 sweepalt 182 k 1 loss 7.83410225579928e-10 nit 2000 time 848.8248314857483
7 60 sweepalt 182 k 2 loss 0.08685652318921044 nit 779 time 849.730925321579
7 60 sweepalt 182 k 4 loss 0.34062935792856897 nit 832 time 851.4197671413422
7 60 sweepalt 183 k 1 loss 1.8335559737181484e-09 nit 1697 time 852.9818711280823
7 60 sweepalt 183 k 2 loss 0.08942484715679677 nit 1141 time 854.3511190414429
7 60 sweepalt 183 k 4 loss 0.3500680684380938 nit 977 time 856.2325382232666
7 60 sweepalt 184 k 1 loss 4.0448411287030694e-10 nit 1743 time 857.672755241394
7 60 sweepalt 184 k 2 loss 0.07649114520424993 nit 1088 time 858.679468870163
7 60 sweepalt 184 k 4 loss 0.3459714637015542 nit 642 time 859.5985631942749
7 60 sweepalt 185 k 1 loss 3.7481544534756495e-09 nit 2000 time 861.1683104038239
7 60 sweepalt 185 k 2 loss 0.0826909038455923 nit 1041 time 862.2844450473785
7 60 sweepalt 185 k 4 loss 0.3335888617402102 nit 652 time 863.4634187221527
7 60 sweepalt 186 k 1 loss 2.9457314365544107e-10 nit 1368 time 864.5953164100647
7 60 sweepalt 186 k 2 loss 0.0779512841717448 nit 1744 time 866.4012331962585
7 60 sweepalt 186 k 4 loss 0.3445922274920228 nit 579 time 867.2529783248901
7 60 sweepalt 187 k 1 loss 1.4354095689839141e-10 nit 1577 time 868.7481949329376
7 60 sweepalt 187 k 2 loss 0.07821698110786679 nit 939 time 869.7337927818298
7 60 sweepalt 187 k 4 loss 0.3475901064252649 nit 522 time 870.3084492683411
7 60 sweepalt 188 k 1 loss 4.849083357072459e-10 nit 1777 time 871.7127752304077
7 60 sweepalt 188 k 2 loss 0.08467190768162447 nit 1450 time 873.2663941383362
7 60 sweepalt 188 k 4 loss 0.34893091310084656 nit 635 time 874.202385187149
7 60 sweepalt 189 k 1 loss 7.73258501673979e-09 nit 2000 time 876.005665063858
7 60 sweepalt 189 k 2 loss 0.0879599311915853 nit 1531 time 877.7043149471283
7 60 sweepalt 189 k 4 loss 0.34754544147811883 nit 631 time 878.7352819442749
7 60 sweepalt 190 k 1 loss 2.655456965428016e-10 nit 1674 time 880.2061927318573
7 60 sweepalt 190 k 2 loss 0.08879639889075641 nit 1224 time 881.3975515365601
7 60 sweepalt 190 k 4 loss 0.3508550108506816 nit 617 time 882.349372625351
7 60 sweepalt 191 k 1 loss 8.986688337930815e-08 nit 2000 time 884.307247877121
7 60 sweepalt 191 k 2 loss 0.07913768793103282 nit 1197 time 886.0128979682922
7 60 sweepalt 191 k 4 loss 0.3393601724299504 nit 544 time 886.6912446022034
7 60 sweepalt 192 k 1 loss 3.2906377622765604e-10 nit 1873 time 888.3621356487274
7 60 sweepalt 192 k 2 loss 0.07847607374137433 nit 926 time 889.4558017253876
7 60 sweepalt 192 k 4 loss 0.3411980605018323 nit 528 time 890.3539381027222
7 60 sweepalt 193 k 1 loss 6.10458639194178e-09 nit 2000 time 892.0405514240265
7 60 sweepalt 193 k 2 loss 0.0801205569633554 nit 740 time 892.8574962615967
7 60 sweepalt 193 k 4 loss 0.34478895193961423 nit 580 time 893.9034025669098
7 60 sweepalt 194 k 1 loss 2.088591521953731e-10 nit 1570 time 895.3988053798676
7 60 sweepalt 194 k 2 loss 0.08545983982721528 nit 1120 time 896.6480677127838
7 60 sweepalt 194 k 4 loss 0.3457255899501658 nit 909 time 898.1024036407471
7 60 sweepalt 195 k 1 loss 2.3577753083259267e-09 nit 2000 time 899.9504232406616
7 60 sweepalt 195 k 2 loss 0.08364072066570616 nit 668 time 900.7492444515228
7 60 sweepalt 195 k 4 loss 0.3433979529589707 nit 433 time 901.35471534729
7 60 sweepalt 196 k 1 loss 1.0837730712864868e-10 nit 938 time 902.1372418403625
7 60 sweepalt 196 k 2 loss 0.0926217198349294 nit 574 time 902.7550134658813
7 60 sweepalt 196 k 4 loss 0.34747254749871326 nit 625 time 903.730610370636
7 60 sweepalt 197 k 1 loss 1.1867484772665193e-10 nit 1630 time 905.2939524650574
7 60 sweepalt 197 k 2 loss 0.08301536449416991 nit 1378 time 907.053115606308
7 60 sweepalt 197 k 4 loss 0.33176657712033686 nit 1270 time 909.0851910114288
7 60 sweepalt 198 k 1 loss 3.5903211514920486e-08 nit 2000 time 910.9110460281372
7 60 sweepalt 198 k 2 loss 0.08969296384077197 nit 1258 time 912.3541071414948
7 60 sweepalt 198 k 4 loss 0.332842700717094 nit 846 time 913.7571277618408
7 60 sweepalt 199 k 1 loss 1.0812029049844796e-10 nit 1568 time 915.2161622047424
7 60 sweepalt 199 k 2 loss 0.08617379202070996 nit 838 time 916.3882050514221
7 60 sweepalt 199 k 4 loss 0.3606848467893211 nit 741 time 917.6175253391266
7 60 sweepalt 200 k 1 loss 7.509264321470255e-10 nit 2000 time 919.1562719345093
7 60 sweepalt 200 k 2 loss 0.08644271516417779 nit 1044 time 920.3311595916748
7 60 sweepalt 200 k 4 loss 0.3370643495694079 nit 1247 time 922.4624764919281
