8 80 brick0 1 k 1 loss 0.02731502402664987 nit 1037 time 2.8512728214263916
8 80 brick0 1 k 2 loss 0.22548290423596473 nit 1020 time 5.419787883758545
8 80 brick0 2 k 1 loss 0.024254835551987375 nit 768 time 6.568092107772827
8 80 brick0 2 k 2 loss 0.2291106909486078 nit 737 time 7.9176716804504395
8 80 brick0 3 k 1 loss 0.02361635251707561 nit 1050 time 9.478806257247925
8 80 brick0 3 k 2 loss 0.22730758052256528 nit 818 time 11.226147174835205
8 80 brick0 4 k 1 loss 0.02334888364155796 nit 523 time 11.990031719207764
8 80 brick0 4 k 2 loss 0.22724656582457292 nit 732 time 13.68137001991272
8 80 brick0 5 k 1 loss 0.025923030297442695 nit 1020 time 15.116464614868164
8 80 brick0 5 k 2 loss 0.24406389936067419 nit 495 time 16.07631778717041
8 80 brick0 6 k 1 loss 0.024164180786363176 nit 1328 time 18.009739637374878
8 80 brick0 6 k 2 loss 0.22358709794995957 nit 743 time 19.2397518157959
8 80 brick0 7 k 1 loss 0.024148983393199264 nit 1042 time 20.753568649291992
8 80 brick0 7 k 2 loss 0.23152346466801788 nit 730 time 21.98188281059265
8 80 brick0 8 k 1 loss 0.022541371219173545 nit 1836 time 24.84994602203369
8 80 brick0 8 k 2 loss 0.2247241220064531 nit 1102 time 27.39481496810913
8 80 brick0 9 k 1 loss 0.021677602676214325 nit 980 time 28.875365495681763
8 80 brick0 9 k 2 loss 0.22199726754129745 nit 628 time 30.30850338935852
8 80 brick0 10 k 1 loss 0.023442537889132975 nit 1010 time 31.802093744277954
8 80 brick0 10 k 2 loss 0.23345671846966354 nit 706 time 32.99577832221985
8 80 brick0 11 k 1 loss 0.021174032585489333 nit 1093 time 34.30798888206482
8 80 brick0 11 k 2 loss 0.23897833847082328 nit 701 time 35.54975700378418
8 80 brick0 12 k 1 loss 0.02474101457407918 nit 1049 time 36.84646201133728
8 80 brick0 12 k 2 loss 0.224844758904019 nit 793 time 38.166223764419556
8 80 brick0 13 k 1 loss 0.021868152078945324 nit 628 time 38.926830530166626
8 80 brick0 13 k 2 loss 0.2388920918636963 nit 481 time 39.80253005027771
8 80 brick0 14 k 1 loss 0.021597550520654818 nit 1173 time 41.26487898826599
8 80 brick0 14 k 2 loss 0.2232011086077178 nit 1077 time 43.100006341934204
8 80 brick0 15 k 1 loss 0.023924250930932867 nit 1441 time 45.18232703208923
8 80 brick0 15 k 2 loss 0.2334990394116413 nit 480 time 45.948869943618774
8 80 brick0 16 k 1 loss 0.024557958425048376 nit 1273 time 47.43329906463623
8 80 brick0 16 k 2 loss 0.22872668531562845 nit 1073 time 49.25318002700806
8 80 brick0 17 k 1 loss 0.025401043066199835 nit 1532 time 51.42552304267883
8 80 brick0 17 k 2 loss 0.22567335429076307 nit 786 time 52.78205370903015
8 80 brick0 18 k 1 loss 0.020709469185961282 nit 886 time 53.96695518493652
8 80 brick0 18 k 2 loss 0.23037963902155223 nit 496 time 54.88224673271179
8 80 brick0 19 k 1 loss 0.02524504137716499 nit 643 time 55.6732292175293
8 80 brick0 19 k 2 loss 0.22870040048915352 nit 1205 time 57.768251180648804
8 80 brick0 20 k 1 loss 0.024085339599050126 nit 1098 time 59.31743121147156
8 80 brick0 20 k 2 loss 0.23507548454621885 nit 607 time 60.44465899467468
8 80 brick0 21 k 1 loss 0.02422178637244299 nit 1185 time 61.89273262023926
8 80 brick0 21 k 2 loss 0.22754784310906095 nit 473 time 62.64385271072388
8 80 brick0 22 k 1 loss 0.020493159351488766 nit 919 time 63.75282597541809
8 80 brick0 22 k 2 loss 0.22573067605894148 nit 933 time 65.58879232406616
8 80 brick0 23 k 1 loss 0.02744068585675785 nit 1158 time 67.1440966129303
8 80 brick0 23 k 2 loss 0.2309163196470796 nit 745 time 68.60653328895569
8 80 brick0 24 k 1 loss 0.0242457561148971 nit 881 time 69.90018129348755
8 80 brick0 24 k 2 loss 0.23270272250934543 nit 556 time 71.04154872894287
8 80 brick0 25 k 1 loss 0.024208124125317587 nit 809 time 72.26346635818481
8 80 brick0 25 k 2 loss 0.2330760162115041 nit 815 time 73.92380666732788
8 80 brick0 26 k 1 loss 0.026515161225793227 nit 1584 time 76.19561052322388
8 80 brick0 26 k 2 loss 0.22278214483351177 nit 665 time 77.5803656578064
8 80 brick0 27 k 1 loss 0.024275251609881754 nit 776 time 78.73523664474487
8 80 brick0 27 k 2 loss 0.2182344153649628 nit 761 time 80.18391728401184
8 80 brick0 28 k 1 loss 0.02678758663837366 nit 616 time 80.99602890014648
8 80 brick0 28 k 2 loss 0.23651090612185688 nit 794 time 82.4353666305542
8 80 brick0 29 k 1 loss 0.023014941275657508 nit 1163 time 83.77396512031555
8 80 brick0 29 k 2 loss 0.22787045774423598 nit 563 time 84.82712984085083
8 80 brick0 30 k 1 loss 0.02490999296187768 nit 1012 time 86.0678551197052
8 80 brick0 30 k 2 loss 0.22362691429253323 nit 955 time 87.83375644683838
8 80 brick0 31 k 1 loss 0.025234208813928793 nit 829 time 88.75723385810852
8 80 brick0 31 k 2 loss 0.2241476698043574 nit 1378 time 91.23111176490784
8 80 brick0 32 k 1 loss 0.02361248368374358 nit 1113 time 92.40964341163635
8 80 brick0 32 k 2 loss 0.22296380637796198 nit 432 time 93.07096433639526
8 80 brick0 33 k 1 loss 0.025381653144219807 nit 639 time 93.91846752166748
8 80 brick0 33 k 2 loss 0.21922202805775448 nit 880 time 95.56174325942993
8 80 brick0 34 k 1 loss 0.02171945447550483 nit 1360 time 97.6764063835144
8 80 brick0 34 k 2 loss 0.2193850482584243 nit 876 time 99.02586555480957
8 80 brick0 35 k 1 loss 0.02510639339511367 nit 1559 time 100.87314414978027
8 80 brick0 35 k 2 loss 0.2354146702833153 nit 611 time 101.83082318305969
8 80 brick0 36 k 1 loss 0.021579012012434284 nit 1222 time 103.19919300079346
8 80 brick0 36 k 2 loss 0.2359199850186231 nit 749 time 104.28092312812805
8 80 brick0 37 k 1 loss 0.02342137799303634 nit 707 time 105.51542401313782
8 80 brick0 37 k 2 loss 0.23013656130196436 nit 565 time 106.51609992980957
8 80 brick0 38 k 1 loss 0.023563633257526972 nit 997 time 107.70841360092163
8 80 brick0 38 k 2 loss 0.23341257745124955 nit 574 time 108.65152430534363
8 80 brick0 39 k 1 loss 0.020045552025066082 nit 1583 time 110.62484002113342
8 80 brick0 39 k 2 loss 0.2197576197939073 nit 682 time 111.65259528160095
8 80 brick0 40 k 1 loss 0.027993124309220074 nit 723 time 112.78726291656494
8 80 brick0 40 k 2 loss 0.22884608238039306 nit 605 time 114.08513617515564
8 80 brick0 41 k 1 loss 0.024271615894593923 nit 1097 time 115.78169536590576
8 80 brick0 41 k 2 loss 0.23152787420825327 nit 486 time 116.49308633804321
8 80 brick0 42 k 1 loss 0.021437069832571987 nit 832 time 117.39225149154663
8 80 brick0 42 k 2 loss 0.2348659825147641 nit 595 time 118.9447808265686
8 80 brick0 43 k 1 loss 0.02241194606887731 nit 824 time 120.17866063117981
8 80 brick0 43 k 2 loss 0.22796157943186113 nit 1254 time 122.32219433784485
8 80 brick0 44 k 1 loss 0.022711977361905444 nit 1224 time 124.39760899543762
8 80 brick0 44 k 2 loss 0.23092590706983318 nit 624 time 125.62845969200134
8 80 brick0 45 k 1 loss 0.02504101942316528 nit 923 time 127.424156665802
8 80 brick0 45 k 2 loss 0.23061701543931035 nit 427 time 128.23400568962097
8 80 brick0 46 k 1 loss 0.02302659036062371 nit 1386 time 130.1025869846344
8 80 brick0 46 k 2 loss 0.22939437302104515 nit 606 time 131.2917742729187
8 80 brick0 47 k 1 loss 0.027618487475163378 nit 1036 time 132.75410389900208
8 80 brick0 47 k 2 loss 0.22559332730542558 nit 627 time 133.89250135421753
8 80 brick0 48 k 1 loss 0.029014482520001827 nit 644 time 134.80505514144897
8 80 brick0 48 k 2 loss 0.23329569503260117 nit 813 time 136.15259265899658
8 80 brick0 49 k 1 loss 0.022179198562249702 nit 1153 time 137.82283473014832
8 80 brick0 49 k 2 loss 0.22568491843052307 nit 744 time 139.3340151309967
8 80 brick0 50 k 1 loss 0.023598254659484952 nit 1217 time 140.98839902877808
8 80 brick0 50 k 2 loss 0.23836952145655854 nit 687 time 142.40043449401855
8 80 brick0 51 k 1 loss 0.023644956528483863 nit 1400 time 144.42300581932068
8 80 brick0 51 k 2 loss 0.21455843647138972 nit 789 time 145.77482676506042
8 80 brick0 52 k 1 loss 0.023459535428180467 nit 712 time 146.8820333480835
8 80 brick0 52 k 2 loss 0.22308977056884416 nit 883 time 148.6998748779297
8 80 brick0 53 k 1 loss 0.025459582043159346 nit 892 time 149.9719717502594
8 80 brick0 53 k 2 loss 0.22911878735218483 nit 556 time 151.07496809959412
8 80 brick0 54 k 1 loss 0.0228612411768232 nit 1046 time 152.4602346420288
8 80 brick0 54 k 2 loss 0.22987009016664506 nit 688 time 153.71436524391174
8 80 brick0 55 k 1 loss 0.023375610698134208 nit 746 time 154.74810099601746
8 80 brick0 55 k 2 loss 0.2231306553758109 nit 613 time 155.9321837425232
8 80 brick0 56 k 1 loss 0.022882413118808898 nit 967 time 157.43776965141296
8 80 brick0 56 k 2 loss 0.2320414706787579 nit 898 time 159.09614896774292
8 80 brick0 57 k 1 loss 0.020796709981411254 nit 1787 time 161.8379237651825
8 80 brick0 57 k 2 loss 0.235252816188399 nit 448 time 162.57902121543884
8 80 brick0 58 k 1 loss 0.019564527132657106 nit 1262 time 164.28135347366333
8 80 brick0 58 k 2 loss 0.2298267559274222 nit 832 time 166.41744208335876
8 80 brick0 59 k 1 loss 0.025205187164461296 nit 1166 time 168.13230443000793
8 80 brick0 59 k 2 loss 0.23196880792698005 nit 663 time 169.37638449668884
8 80 brick0 60 k 1 loss 0.02309645733606558 nit 1015 time 170.84814405441284
8 80 brick0 60 k 2 loss 0.22354422022904763 nit 587 time 172.09531354904175
8 80 brick0 61 k 1 loss 0.02362224430002613 nit 1263 time 173.8780345916748
8 80 brick0 61 k 2 loss 0.2395696120176426 nit 815 time 175.45860648155212
8 80 brick0 62 k 1 loss 0.0243639103623825 nit 1215 time 177.2358741760254
8 80 brick0 62 k 2 loss 0.22990908142566968 nit 693 time 178.64039015769958
8 80 brick0 63 k 1 loss 0.022795394045773132 nit 1237 time 180.44659066200256
8 80 brick0 63 k 2 loss 0.2230071267219359 nit 991 time 182.94952273368835
8 80 brick0 64 k 1 loss 0.021207475999211356 nit 1420 time 185.03151106834412
8 80 brick0 64 k 2 loss 0.22313312109955252 nit 615 time 186.03546357154846
8 80 brick0 65 k 1 loss 0.02298076859942877 nit 837 time 187.07684636116028
8 80 brick0 65 k 2 loss 0.23172407314387544 nit 1150 time 189.48413729667664
8 80 brick0 66 k 1 loss 0.025941469330291178 nit 1138 time 191.4680459499359
8 80 brick0 66 k 2 loss 0.22866074417820792 nit 512 time 192.68330574035645
8 80 brick0 67 k 1 loss 0.0211100953464618 nit 1012 time 194.4560890197754
8 80 brick0 67 k 2 loss 0.22660653270867637 nit 591 time 195.79608345031738
8 80 brick0 68 k 1 loss 0.027133266065929473 nit 684 time 196.9408824443817
8 80 brick0 68 k 2 loss 0.23802355454884672 nit 693 time 198.18683290481567
8 80 brick0 69 k 1 loss 0.02286967575953458 nit 800 time 199.2234697341919
8 80 brick0 69 k 2 loss 0.22951027315943762 nit 479 time 200.11859154701233
8 80 brick0 70 k 1 loss 0.021952228973989074 nit 1119 time 201.69259190559387
8 80 brick0 70 k 2 loss 0.23969851951673482 nit 621 time 203.02241444587708
8 80 brick0 71 k 1 loss 0.027869335104678816 nit 801 time 204.17531728744507
8 80 brick0 71 k 2 loss 0.23304583060079453 nit 535 time 205.08850574493408
8 80 brick0 72 k 1 loss 0.022443365316204278 nit 782 time 206.34431052207947
8 80 brick0 72 k 2 loss 0.23509913758263024 nit 656 time 207.65309882164001
8 80 brick0 73 k 1 loss 0.023958765076550814 nit 1198 time 209.33155059814453
8 80 brick0 73 k 2 loss 0.22536505797414808 nit 890 time 211.06414413452148
8 80 brick0 74 k 1 loss 0.021912545331485567 nit 1915 time 213.76271104812622
8 80 brick0 74 k 2 loss 0.2362742018272901 nit 586 time 215.06113386154175
8 80 brick0 75 k 1 loss 0.025544696831985347 nit 1138 time 216.81755232810974
8 80 brick0 75 k 2 loss 0.23546822895503872 nit 648 time 218.05575847625732
8 80 brick0 76 k 1 loss 0.02187999071151292 nit 1636 time 220.3808789253235
8 80 brick0 76 k 2 loss 0.22941983418811152 nit 701 time 221.92401099205017
8 80 brick0 77 k 1 loss 0.026011574201211585 nit 888 time 223.34664154052734
8 80 brick0 77 k 2 loss 0.23031346284837395 nit 608 time 224.7041847705841
8 80 brick0 78 k 1 loss 0.022607561486783334 nit 1374 time 227.00081205368042
8 80 brick0 78 k 2 loss 0.2324997955426189 nit 726 time 228.56575274467468
8 80 brick0 79 k 1 loss 0.02417010434172484 nit 757 time 229.57868337631226
8 80 brick0 79 k 2 loss 0.22270772890494972 nit 916 time 231.22989797592163
8 80 brick0 80 k 1 loss 0.023167466895766098 nit 792 time 232.29288578033447
8 80 brick0 80 k 2 loss 0.23425434105570353 nit 837 time 233.95609879493713
8 80 brick0 81 k 1 loss 0.024649292943216494 nit 874 time 235.2919888496399
8 80 brick0 81 k 2 loss 0.23270901954040735 nit 694 time 236.7939612865448
8 80 brick0 82 k 1 loss 0.022739520968816485 nit 1009 time 238.04629802703857
8 80 brick0 82 k 2 loss 0.2307773810093433 nit 513 time 238.9399151802063
8 80 brick0 83 k 1 loss 0.0225219074486529 nit 1725 time 241.02402329444885
8 80 brick0 83 k 2 loss 0.23413970917950033 nit 959 time 242.6434245109558
8 80 brick0 84 k 1 loss 0.02240719353014331 nit 1002 time 243.89506816864014
8 80 brick0 84 k 2 loss 0.232728955391731 nit 1272 time 246.1925299167633
8 80 brick0 85 k 1 loss 0.021581885000771295 nit 1028 time 247.3234634399414
8 80 brick0 85 k 2 loss 0.22890649536125973 nit 793 time 248.78924179077148
8 80 brick0 86 k 1 loss 0.021408495519450343 nit 960 time 250.19604086875916
8 80 brick0 86 k 2 loss 0.23511965447319116 nit 529 time 251.13441848754883
8 80 brick0 87 k 1 loss 0.024715635025809757 nit 975 time 252.4657530784607
8 80 brick0 87 k 2 loss 0.23585547580883515 nit 884 time 254.03981018066406
8 80 brick0 88 k 1 loss 0.023132469383372656 nit 743 time 255.18806719779968
8 80 brick0 88 k 2 loss 0.23844797596136535 nit 416 time 255.99888396263123
8 80 brick0 89 k 1 loss 0.021721352610735045 nit 1459 time 258.20067739486694
8 80 brick0 89 k 2 loss 0.2364548367799203 nit 904 time 260.0861291885376
8 80 brick0 90 k 1 loss 0.023754818372789144 nit 1021 time 261.53283071517944
8 80 brick0 90 k 2 loss 0.2280326471323031 nit 544 time 262.805926322937
8 80 brick0 91 k 1 loss 0.023292684566517674 nit 726 time 263.69469594955444
8 80 brick0 91 k 2 loss 0.2389708560809155 nit 569 time 265.6715672016144
8 80 brick0 92 k 1 loss 0.02603250129503687 nit 1891 time 268.3353111743927
8 80 brick0 92 k 2 loss 0.2298717660223485 nit 1210 time 270.73723435401917
8 80 brick0 93 k 1 loss 0.02687039336655772 nit 907 time 272.84681272506714
8 80 brick0 93 k 2 loss 0.23643722169036163 nit 474 time 273.711452960968
8 80 brick0 94 k 1 loss 0.02259209742889623 nit 828 time 274.85736107826233
8 80 brick0 94 k 2 loss 0.22609084978067528 nit 766 time 276.4263162612915
8 80 brick0 95 k 1 loss 0.023735513441418 nit 781 time 277.5134949684143
8 80 brick0 95 k 2 loss 0.23440628834759236 nit 807 time 279.1944808959961
8 80 brick0 96 k 1 loss 0.024766039555171537 nit 950 time 280.60490322113037
8 80 brick0 96 k 2 loss 0.22613852485785702 nit 945 time 282.4332537651062
8 80 brick0 97 k 1 loss 0.025203330665349855 nit 998 time 284.04514026641846
8 80 brick0 97 k 2 loss 0.22614356664815127 nit 664 time 285.6882836818695
8 80 brick0 98 k 1 loss 0.026545216226883106 nit 851 time 287.22415375709534
8 80 brick0 98 k 2 loss 0.219393948367947 nit 920 time 289.22648191452026
8 80 brick0 99 k 1 loss 0.02348177798103379 nit 1824 time 291.8500466346741
8 80 brick0 99 k 2 loss 0.21947082660437067 nit 644 time 293.1059503555298
8 80 brick0 100 k 1 loss 0.02156653286583754 nit 732 time 294.3534379005432
8 80 brick0 100 k 2 loss 0.22336991849296572 nit 634 time 295.8440692424774
8 80 brick0 101 k 1 loss 0.020290776730287785 nit 830 time 297.3037254810333
8 80 brick0 101 k 2 loss 0.23852569613190944 nit 787 time 299.0545766353607
8 80 brick0 102 k 1 loss 0.024719776871053867 nit 646 time 299.91247153282166
8 80 brick0 102 k 2 loss 0.23938364354087982 nit 626 time 301.0093445777893
8 80 brick0 103 k 1 loss 0.020043290379232248 nit 1223 time 302.8374569416046
8 80 brick0 103 k 2 loss 0.23136522723148678 nit 496 time 303.85257148742676
8 80 brick0 104 k 1 loss 0.022882273049444235 nit 1073 time 305.5601181983948
8 80 brick0 104 k 2 loss 0.23563759798605577 nit 592 time 306.9432005882263
8 80 brick0 105 k 1 loss 0.022883481953260287 nit 816 time 308.3019652366638
8 80 brick0 105 k 2 loss 0.23543738572402295 nit 451 time 309.1791615486145
8 80 brick0 106 k 1 loss 0.02605946630055911 nit 692 time 310.1633372306824
8 80 brick0 106 k 2 loss 0.23235892623167265 nit 626 time 311.32802534103394
8 80 brick0 107 k 1 loss 0.026639092668367836 nit 797 time 312.66128873825073
8 80 brick0 107 k 2 loss 0.23574780475348578 nit 505 time 313.86687564849854
8 80 brick0 108 k 1 loss 0.024092685606266206 nit 955 time 315.26961874961853
8 80 brick0 108 k 2 loss 0.22261009853208114 nit 462 time 316.3561010360718
8 80 brick0 109 k 1 loss 0.026613903524576488 nit 667 time 317.2797267436981
8 80 brick0 109 k 2 loss 0.231329147324841 nit 427 time 318.05582666397095
8 80 brick0 110 k 1 loss 0.027257082274567468 nit 1349 time 319.98237705230713
8 80 brick0 110 k 2 loss 0.2177070759828561 nit 520 time 321.0241370201111
8 80 brick0 111 k 1 loss 0.023840449744248593 nit 1191 time 322.75774455070496
8 80 brick0 111 k 2 loss 0.22714995932077053 nit 1106 time 324.9962878227234
8 80 brick0 112 k 1 loss 0.02309578463415718 nit 1060 time 326.6199109554291
8 80 brick0 112 k 2 loss 0.232264378675189 nit 837 time 328.5222465991974
8 80 brick0 113 k 1 loss 0.023980063777520932 nit 1597 time 331.0339391231537
8 80 brick0 113 k 2 loss 0.23550053074088384 nit 718 time 332.9305522441864
8 80 brick0 114 k 1 loss 0.022730776524691576 nit 917 time 334.48435521125793
8 80 brick0 114 k 2 loss 0.23454130799624362 nit 734 time 336.6779580116272
8 80 brick0 115 k 1 loss 0.0238622749434384 nit 1167 time 339.1354880332947
8 80 brick0 115 k 2 loss 0.23654118780564248 nit 716 time 340.8091826438904
8 80 brick0 116 k 1 loss 0.02509084643759285 nit 1366 time 342.9204602241516
8 80 brick0 116 k 2 loss 0.22132000396431917 nit 744 time 344.63475251197815
8 80 brick0 117 k 1 loss 0.023832487957822224 nit 1221 time 346.4931802749634
8 80 brick0 117 k 2 loss 0.2410503459331529 nit 432 time 347.50158882141113
8 80 brick0 118 k 1 loss 0.025427450440316468 nit 1028 time 349.04070925712585
8 80 brick0 118 k 2 loss 0.22479854162846247 nit 601 time 350.30675649642944
8 80 brick0 119 k 1 loss 0.022031698815683343 nit 805 time 351.543009519577
8 80 brick0 119 k 2 loss 0.232781661208307 nit 550 time 352.91613364219666
8 80 brick0 120 k 1 loss 0.022539449337103723 nit 1288 time 354.6253294944763
8 80 brick0 120 k 2 loss 0.22730545570104543 nit 544 time 356.27756547927856
8 80 brick0 121 k 1 loss 0.029142823270869922 nit 824 time 357.54243874549866
8 80 brick0 121 k 2 loss 0.23582415914177746 nit 995 time 359.9371109008789
8 80 brick0 122 k 1 loss 0.02620119082939365 nit 1239 time 361.89511919021606
8 80 brick0 122 k 2 loss 0.23152825108698327 nit 617 time 363.236572265625
8 80 brick0 123 k 1 loss 0.02580845376408414 nit 1160 time 364.8885507583618
8 80 brick0 123 k 2 loss 0.23106532281578207 nit 615 time 366.0664954185486
8 80 brick0 124 k 1 loss 0.02628023987698569 nit 845 time 367.32980823516846
8 80 brick0 124 k 2 loss 0.22806837946673897 nit 793 time 369.00933742523193
8 80 brick0 125 k 1 loss 0.02247550436514445 nit 1070 time 370.82943201065063
8 80 brick0 125 k 2 loss 0.2214259776066957 nit 705 time 372.2658007144928
8 80 brick0 126 k 1 loss 0.02492425353700134 nit 822 time 373.4564094543457
8 80 brick0 126 k 2 loss 0.23281430528616387 nit 421 time 374.3436141014099
8 80 brick0 127 k 1 loss 0.024078348716214393 nit 1294 time 376.59413146972656
8 80 brick0 127 k 2 loss 0.2301042459299083 nit 558 time 378.19911885261536
8 80 brick0 128 k 1 loss 0.02509469167070022 nit 1049 time 380.02327013015747
8 80 brick0 128 k 2 loss 0.23180836595089205 nit 499 time 381.0736885070801
8 80 brick0 129 k 1 loss 0.024285133925249447 nit 665 time 382.07733511924744
8 80 brick0 129 k 2 loss 0.22383345217075867 nit 1168 time 385.92146277427673
8 80 brick0 130 k 1 loss 0.026533022327756006 nit 892 time 388.0936019420624
8 80 brick0 130 k 2 loss 0.24087784049017513 nit 691 time 390.8219521045685
8 80 brick0 131 k 1 loss 0.024507961139643042 nit 1148 time 393.1282925605774
8 80 brick0 131 k 2 loss 0.2195586848915032 nit 470 time 394.77919030189514
8 80 brick0 132 k 1 loss 0.024939587545724784 nit 869 time 396.81104612350464
8 80 brick0 132 k 2 loss 0.22931708169147746 nit 717 time 398.441721200943
8 80 brick0 133 k 1 loss 0.0246247895761621 nit 688 time 399.4113082885742
8 80 brick0 133 k 2 loss 0.22645535343275758 nit 492 time 400.38187313079834
8 80 brick0 134 k 1 loss 0.022648935966128048 nit 940 time 401.6321847438812
8 80 brick0 134 k 2 loss 0.23255180642370388 nit 766 time 402.9490921497345
8 80 brick0 135 k 1 loss 0.023690457932396658 nit 992 time 404.8396408557892
8 80 brick0 135 k 2 loss 0.22811590570992146 nit 580 time 406.29718542099
8 80 brick0 136 k 1 loss 0.02173522669705663 nit 973 time 407.7475962638855
8 80 brick0 136 k 2 loss 0.228678031504149 nit 613 time 409.0954804420471
8 80 brick0 137 k 1 loss 0.022886959447618982 nit 1075 time 410.75563287734985
8 80 brick0 137 k 2 loss 0.2241198552698761 nit 698 time 413.90797114372253
8 80 brick0 138 k 1 loss 0.023008002551882623 nit 934 time 415.68127703666687
8 80 brick0 138 k 2 loss 0.22788325540637355 nit 644 time 416.88802671432495
8 80 brick0 139 k 1 loss 0.02624277315675594 nit 1147 time 418.8834195137024
8 80 brick0 139 k 2 loss 0.23079460100222238 nit 805 time 421.00200867652893
8 80 brick0 140 k 1 loss 0.024392138210127867 nit 1080 time 422.58804392814636
8 80 brick0 140 k 2 loss 0.23613379818766722 nit 529 time 423.6938169002533
8 80 brick0 141 k 1 loss 0.026060994529030435 nit 919 time 425.24821615219116
8 80 brick0 141 k 2 loss 0.2333722963436753 nit 562 time 426.4515211582184
8 80 brick0 142 k 1 loss 0.02018653318118313 nit 1928 time 429.356258392334
8 80 brick0 142 k 2 loss 0.23014242944211472 nit 534 time 430.74772548675537
8 80 brick0 143 k 1 loss 0.023524381524567706 nit 894 time 432.56337237358093
8 80 brick0 143 k 2 loss 0.23383861631058012 nit 579 time 434.4451515674591
8 80 brick0 144 k 1 loss 0.02176647039940438 nit 912 time 435.94078969955444
8 80 brick0 144 k 2 loss 0.22768661662609857 nit 920 time 437.92778873443604
8 80 brick0 145 k 1 loss 0.022099116103255767 nit 995 time 439.45201420783997
8 80 brick0 145 k 2 loss 0.22931613070170087 nit 736 time 442.7903559207916
8 80 brick0 146 k 1 loss 0.020982232258778266 nit 1160 time 445.86047983169556
8 80 brick0 146 k 2 loss 0.22544963869770462 nit 778 time 449.50722432136536
8 80 brick0 147 k 1 loss 0.02556849370154557 nit 1376 time 452.13632822036743
8 80 brick0 147 k 2 loss 0.23384755314840155 nit 682 time 453.7554974555969
8 80 brick0 148 k 1 loss 0.021692150775969088 nit 1216 time 455.73098587989807
8 80 brick0 148 k 2 loss 0.2300695083397386 nit 685 time 457.3988013267517
8 80 brick0 149 k 1 loss 0.025105166345049557 nit 1009 time 458.90475606918335
8 80 brick0 149 k 2 loss 0.22923751408768822 nit 661 time 460.52963614463806
8 80 brick0 150 k 1 loss 0.025452990975110334 nit 1067 time 462.5636568069458
8 80 brick0 150 k 2 loss 0.23412779668748895 nit 426 time 463.4035005569458
8 80 brick0 151 k 1 loss 0.023624482844110783 nit 1085 time 464.9738509654999
8 80 brick0 151 k 2 loss 0.23220307554791775 nit 1100 time 467.12275195121765
8 80 brick0 152 k 1 loss 0.02426199037977539 nit 1185 time 468.8934769630432
8 80 brick0 152 k 2 loss 0.23901093829294806 nit 511 time 469.915326833725
8 80 brick0 153 k 1 loss 0.021676172901344826 nit 701 time 471.0966830253601
8 80 brick0 153 k 2 loss 0.2392001072323161 nit 990 time 473.81585335731506
8 80 brick0 154 k 1 loss 0.01930526776304431 nit 1029 time 475.4194769859314
8 80 brick0 154 k 2 loss 0.23674336912107619 nit 719 time 476.92566657066345
8 80 brick0 155 k 1 loss 0.02190722426619318 nit 1024 time 478.60829854011536
8 80 brick0 155 k 2 loss 0.24067122815517883 nit 461 time 479.5439474582672
8 80 brick0 156 k 1 loss 0.023937730352537767 nit 1048 time 481.3557686805725
8 80 brick0 156 k 2 loss 0.2367819385893778 nit 425 time 482.3333978652954
8 80 brick0 157 k 1 loss 0.025643713509933108 nit 685 time 483.4016933441162
8 80 brick0 157 k 2 loss 0.22268218552147345 nit 865 time 485.24597549438477
8 80 brick0 158 k 1 loss 0.02185008389640608 nit 1133 time 487.0135614871979
8 80 brick0 158 k 2 loss 0.23749889351932385 nit 601 time 488.3206810951233
8 80 brick0 159 k 1 loss 0.02330782759532679 nit 746 time 489.49800419807434
8 80 brick0 159 k 2 loss 0.2321921978131356 nit 529 time 490.6313226222992
8 80 brick0 160 k 1 loss 0.023872059946275836 nit 774 time 491.7218487262726
8 80 brick0 160 k 2 loss 0.233222606575197 nit 534 time 492.87340354919434
8 80 brick0 161 k 1 loss 0.020321019487729686 nit 1419 time 494.7656443119049
8 80 brick0 161 k 2 loss 0.24306571143225586 nit 397 time 495.6368079185486
8 80 brick0 162 k 1 loss 0.025825844956471555 nit 876 time 496.99559211730957
8 80 brick0 162 k 2 loss 0.22833027066989497 nit 554 time 498.4238557815552
8 80 brick0 163 k 1 loss 0.0255758182996928 nit 812 time 499.7162389755249
8 80 brick0 163 k 2 loss 0.23010522343898776 nit 670 time 501.27296781539917
8 80 brick0 164 k 1 loss 0.024376628363876662 nit 1641 time 504.13784432411194
8 80 brick0 164 k 2 loss 0.23348470519275455 nit 596 time 505.3530900478363
8 80 brick0 165 k 1 loss 0.023864539861386813 nit 725 time 506.5761272907257
8 80 brick0 165 k 2 loss 0.22548430770268701 nit 538 time 507.5910120010376
8 80 brick0 166 k 1 loss 0.023806958220419228 nit 1232 time 509.71355652809143
8 80 brick0 166 k 2 loss 0.2326572185108906 nit 804 time 511.37244391441345
8 80 brick0 167 k 1 loss 0.023726633346953685 nit 1416 time 513.8154771327972
8 80 brick0 167 k 2 loss 0.2265318219815996 nit 625 time 515.25070977211
8 80 brick0 168 k 1 loss 0.023286336937288654 nit 1105 time 516.9749717712402
8 80 brick0 168 k 2 loss 0.2191748247048375 nit 477 time 517.9523935317993
8 80 brick0 169 k 1 loss 0.024405068548971287 nit 1259 time 519.7160992622375
8 80 brick0 169 k 2 loss 0.24225113237268492 nit 352 time 520.6746897697449
8 80 brick0 170 k 1 loss 0.02593999389443291 nit 876 time 521.968722820282
8 80 brick0 170 k 2 loss 0.22746184330997588 nit 746 time 523.3808708190918
8 80 brick0 171 k 1 loss 0.021727589105969503 nit 1331 time 525.6926884651184
8 80 brick0 171 k 2 loss 0.22843253428648946 nit 788 time 527.1457147598267
8 80 brick0 172 k 1 loss 0.025411537762605407 nit 945 time 528.595098733902
8 80 brick0 172 k 2 loss 0.22223411367360857 nit 720 time 529.7995965480804
8 80 brick0 173 k 1 loss 0.025868786680853906 nit 955 time 531.3571524620056
8 80 brick0 173 k 2 loss 0.22804065347295588 nit 1081 time 533.5489249229431
8 80 brick0 174 k 1 loss 0.022024268196242813 nit 1476 time 535.6571946144104
8 80 brick0 174 k 2 loss 0.23226711575385328 nit 655 time 536.8794875144958
8 80 brick0 175 k 1 loss 0.023519550568696368 nit 704 time 537.832959651947
8 80 brick0 175 k 2 loss 0.23796073627701797 nit 345 time 538.4683563709259
8 80 brick0 176 k 1 loss 0.022740890118483792 nit 1627 time 540.7565031051636
8 80 brick0 176 k 2 loss 0.22378309929828732 nit 718 time 542.5517437458038
8 80 brick0 177 k 1 loss 0.024580480834229146 nit 1094 time 543.9467282295227
8 80 brick0 177 k 2 loss 0.22821701518594117 nit 519 time 544.7494485378265
8 80 brick0 178 k 1 loss 0.024356744726402924 nit 1297 time 546.2974998950958
8 80 brick0 178 k 2 loss 0.2265696429566777 nit 487 time 547.0391988754272
8 80 brick0 179 k 1 loss 0.02456742754120045 nit 796 time 548.0129778385162
8 80 brick0 179 k 2 loss 0.2298468460729176 nit 405 time 548.9033854007721
8 80 brick0 180 k 1 loss 0.025142971986019003 nit 895 time 549.9836716651917
8 80 brick0 180 k 2 loss 0.2364570812201301 nit 701 time 551.4240870475769
8 80 brick0 181 k 1 loss 0.024096101029915662 nit 1301 time 553.1947128772736
8 80 brick0 181 k 2 loss 0.2303639654502888 nit 574 time 554.9894676208496
8 80 brick0 182 k 1 loss 0.02416631443527606 nit 1071 time 558.0360782146454
8 80 brick0 182 k 2 loss 0.23501215646952633 nit 825 time 560.1667132377625
8 80 brick0 183 k 1 loss 0.021676600886040065 nit 1121 time 562.0090570449829
8 80 brick0 183 k 2 loss 0.22390777836375253 nit 794 time 563.7854480743408
8 80 brick0 184 k 1 loss 0.02349901951768607 nit 1357 time 565.6872863769531
8 80 brick0 184 k 2 loss 0.23030981538004858 nit 994 time 568.1387214660645
8 80 brick0 185 k 1 loss 0.022475310962388306 nit 737 time 569.6082639694214
8 80 brick0 185 k 2 loss 0.22704126323599294 nit 756 time 571.5577330589294
8 80 brick0 186 k 1 loss 0.024200468928913477 nit 1378 time 573.8159501552582
8 80 brick0 186 k 2 loss 0.2296860101578252 nit 622 time 575.1001284122467
8 80 brick0 187 k 1 loss 0.02328458481748974 nit 1088 time 576.7265207767487
8 80 brick0 187 k 2 loss 0.2209621664807131 nit 496 time 577.7383420467377
8 80 brick0 188 k 1 loss 0.020844327068303414 nit 918 time 579.19007563591
8 80 brick0 188 k 2 loss 0.22935283256372507 nit 764 time 580.7507383823395
8 80 brick0 189 k 1 loss 0.026746898929124407 nit 1003 time 582.8464696407318
8 80 brick0 189 k 2 loss 0.22305924245379583 nit 709 time 584.2962350845337
8 80 brick0 190 k 1 loss 0.02589424046032318 nit 1063 time 586.0268354415894
8 80 brick0 190 k 2 loss 0.22951103067015133 nit 1146 time 588.5321066379547
8 80 brick0 191 k 1 loss 0.02263953869252866 nit 1571 time 590.9342544078827
8 80 brick0 191 k 2 loss 0.2305457393980459 nit 456 time 591.9424874782562
8 80 brick0 192 k 1 loss 0.023929041997225564 nit 1260 time 593.8857107162476
8 80 brick0 192 k 2 loss 0.22411889132395024 nit 610 time 595.2168381214142
8 80 brick0 193 k 1 loss 0.024126386191841154 nit 1043 time 596.8334515094757
8 80 brick0 193 k 2 loss 0.2362861970057818 nit 623 time 598.2162852287292
8 80 brick0 194 k 1 loss 0.023665546773554813 nit 896 time 599.6436412334442
8 80 brick0 194 k 2 loss 0.23407768145141772 nit 559 time 600.7586121559143
8 80 brick0 195 k 1 loss 0.023001641573970666 nit 608 time 601.7832562923431
8 80 brick0 195 k 2 loss 0.24055904307966858 nit 645 time 603.0166869163513
8 80 brick0 196 k 1 loss 0.023464691477540045 nit 1564 time 605.3687341213226
8 80 brick0 196 k 2 loss 0.23474465583985582 nit 554 time 606.5387721061707
8 80 brick0 197 k 1 loss 0.02406366754291811 nit 911 time 608.3034121990204
8 80 brick0 197 k 2 loss 0.2272449853841746 nit 540 time 609.2846670150757
8 80 brick0 198 k 1 loss 0.02396080886066676 nit 1254 time 610.8943436145782
8 80 brick0 198 k 2 loss 0.22621082205732101 nit 604 time 612.2199282646179
8 80 brick0 199 k 1 loss 0.022534911012731862 nit 789 time 613.1634337902069
8 80 brick0 199 k 2 loss 0.22264266890019224 nit 787 time 614.854779958725
8 80 brick0 200 k 1 loss 0.022007381084926836 nit 1250 time 616.356995344162
8 80 brick0 200 k 2 loss 0.23376020015144017 nit 538 time 617.3349297046661
