8 77 layercz 1 k 1 loss 0.17542885943220587 nit 773 time 0.7546539306640625
8 77 layercz 2 k 1 loss 0.17763956803624692 nit 807 time 1.8068561553955078
8 77 layercz 3 k 1 loss 0.175194230128761 nit 507 time 2.2743685245513916
8 77 layercz 4 k 1 loss 0.18470635955548131 nit 471 time 2.71335768699646
8 77 layercz 5 k 1 loss 0.1844198297063918 nit 466 time 3.4242918491363525
8 77 layercz 6 k 1 loss 0.18371224678648446 nit 424 time 3.793905735015869
8 77 layercz 7 k 1 loss 0.17348049121641695 nit 549 time 4.379048585891724
8 77 layercz 8 k 1 loss 0.18192477223105408 nit 562 time 4.939193487167358
8 77 layercz 9 k 1 loss 0.16911522898891918 nit 435 time 5.3873841762542725
8 77 layercz 10 k 1 loss 0.1773446338510123 nit 961 time 6.51342248916626
8 77 layercz 11 k 1 loss 0.16984938473557443 nit 311 time 6.827770471572876
8 77 layercz 12 k 1 loss 0.17655363646546174 nit 506 time 7.4442503452301025
8 77 layercz 13 k 1 loss 0.17864977972898655 nit 554 time 8.192713499069214
8 77 layercz 14 k 1 loss 0.1665487592742365 nit 664 time 9.329660654067993
8 77 layercz 15 k 1 loss 0.16726347856467627 nit 596 time 10.06527042388916
8 77 layercz 16 k 1 loss 0.16437463728131363 nit 615 time 10.674183130264282
8 77 layercz 17 k 1 loss 0.18410291127252643 nit 512 time 11.19713020324707
8 77 layercz 18 k 1 loss 0.16303144746862952 nit 487 time 11.682756662368774
8 77 layercz 19 k 1 loss 0.17484839950873243 nit 669 time 12.420035123825073
8 77 layercz 20 k 1 loss 0.1879833824567102 nit 381 time 12.907644271850586
8 77 layercz 21 k 1 loss 0.1699332528604489 nit 479 time 13.458075523376465
8 77 layercz 22 k 1 loss 0.17012766053849693 nit 364 time 13.86553168296814
8 77 layercz 23 k 1 loss 0.17695721748371396 nit 499 time 14.554955959320068
8 77 layercz 24 k 1 loss 0.17294327724371295 nit 299 time 14.977643728256226
8 77 layercz 25 k 1 loss 0.16606815875616987 nit 716 time 15.821249008178711
8 77 layercz 26 k 1 loss 0.17381223307656224 nit 630 time 16.45098352432251
8 77 layercz 27 k 1 loss 0.17800559774185098 nit 559 time 16.994140148162842
8 77 layercz 28 k 1 loss 0.18326244832783767 nit 524 time 17.473620891571045
8 77 layercz 29 k 1 loss 0.18206215196960074 nit 516 time 18.083259344100952
8 77 layercz 30 k 1 loss 0.17377836993329265 nit 504 time 18.624938011169434
8 77 layercz 31 k 1 loss 0.1755214046315775 nit 572 time 19.186662435531616
8 77 layercz 32 k 1 loss 0.16680657513429742 nit 464 time 19.664687156677246
8 77 layercz 33 k 1 loss 0.17306148904394436 nit 510 time 20.229384422302246
8 77 layercz 34 k 1 loss 0.1695809088002722 nit 384 time 20.68799114227295
8 77 layercz 35 k 1 loss 0.17739377269641998 nit 864 time 21.56066083908081
8 77 layercz 36 k 1 loss 0.17588764232619747 nit 665 time 22.30941390991211
8 77 layercz 37 k 1 loss 0.16218018121547673 nit 609 time 22.980756759643555
8 77 layercz 38 k 1 loss 0.16325442699244164 nit 539 time 23.586238145828247
8 77 layercz 39 k 1 loss 0.1655153153670038 nit 457 time 23.98674774169922
8 77 layercz 40 k 1 loss 0.1584044873717979 nit 875 time 24.93933892250061
8 77 layercz 41 k 1 loss 0.1674000731807539 nit 587 time 25.64012908935547
8 77 layercz 42 k 1 loss 0.17890265395385996 nit 383 time 26.0834743976593
8 77 layercz 43 k 1 loss 0.17977183337902347 nit 493 time 26.633503913879395
8 77 layercz 44 k 1 loss 0.1797070716405017 nit 487 time 27.200488328933716
8 77 layercz 45 k 1 loss 0.1753447159338718 nit 1003 time 28.35007929801941
8 77 layercz 46 k 1 loss 0.1755963777188967 nit 581 time 29.01745295524597
8 77 layercz 47 k 1 loss 0.1775792115531346 nit 484 time 29.558353185653687
8 77 layercz 48 k 1 loss 0.1676747294244122 nit 609 time 30.234413623809814
8 77 layercz 49 k 1 loss 0.16839673302099267 nit 550 time 30.849079132080078
8 77 layercz 50 k 1 loss 0.17288904857707266 nit 672 time 31.601356506347656
8 77 layercz 51 k 1 loss 0.17502588289539656 nit 452 time 32.101062536239624
8 77 layercz 52 k 1 loss 0.18981436013593134 nit 368 time 32.50912117958069
8 77 layercz 53 k 1 loss 0.16655589316819908 nit 461 time 33.023107051849365
8 77 layercz 54 k 1 loss 0.18468447077673422 nit 575 time 33.66061973571777
8 77 layercz 55 k 1 loss 0.17666914228713793 nit 567 time 34.97611403465271
8 77 layercz 56 k 1 loss 0.17185909156058476 nit 346 time 35.32346177101135
8 77 layercz 57 k 1 loss 0.17063097323949283 nit 387 time 35.754735231399536
8 77 layercz 58 k 1 loss 0.17341026631135192 nit 674 time 36.46169996261597
8 77 layercz 59 k 1 loss 0.18141908763859338 nit 497 time 36.99028992652893
8 77 layercz 60 k 1 loss 0.1548136846582484 nit 551 time 37.584839820861816
8 77 layercz 61 k 1 loss 0.17768237467040282 nit 646 time 38.27765107154846
8 77 layercz 62 k 1 loss 0.18849651826268576 nit 465 time 38.76803803443909
8 77 layercz 63 k 1 loss 0.16029516379617625 nit 642 time 39.551663637161255
8 77 layercz 64 k 1 loss 0.15944886995713825 nit 975 time 40.908979415893555
8 77 layercz 65 k 1 loss 0.174478520782263 nit 558 time 41.56934905052185
8 77 layercz 66 k 1 loss 0.18190536632286325 nit 490 time 42.13880395889282
8 77 layercz 67 k 1 loss 0.1723094114151248 nit 728 time 42.98233461380005
8 77 layercz 68 k 1 loss 0.1796416892277406 nit 604 time 43.675397634506226
8 77 layercz 69 k 1 loss 0.17267195610479924 nit 437 time 44.185981035232544
8 77 layercz 70 k 1 loss 0.1615134495775462 nit 680 time 45.204803705215454
8 77 layercz 71 k 1 loss 0.1760971787195309 nit 573 time 45.920170545578
8 77 layercz 72 k 1 loss 0.1756671925779395 nit 353 time 46.61777329444885
8 77 layercz 73 k 1 loss 0.18906954212723237 nit 450 time 47.29518747329712
8 77 layercz 74 k 1 loss 0.16456231803601096 nit 953 time 48.443979263305664
8 77 layercz 75 k 1 loss 0.1703947952659357 nit 491 time 49.0602548122406
8 77 layercz 76 k 1 loss 0.159283505124018 nit 716 time 49.98659420013428
8 77 layercz 77 k 1 loss 0.17370663850492163 nit 538 time 50.63552236557007
8 77 layercz 78 k 1 loss 0.17222337244520802 nit 565 time 51.37364935874939
8 77 layercz 79 k 1 loss 0.1825296362219515 nit 519 time 52.04547190666199
8 77 layercz 80 k 1 loss 0.16394202521652723 nit 580 time 52.946167945861816
8 77 layercz 81 k 1 loss 0.17160753336835022 nit 764 time 54.60983157157898
8 77 layercz 82 k 1 loss 0.15969947245468574 nit 651 time 55.505465507507324
8 77 layercz 83 k 1 loss 0.17716199308212888 nit 565 time 56.13588333129883
8 77 layercz 84 k 1 loss 0.17077337154275873 nit 449 time 56.62316656112671
8 77 layercz 85 k 1 loss 0.17633594852091605 nit 482 time 57.52038860321045
8 77 layercz 86 k 1 loss 0.1647778346895814 nit 919 time 58.821327924728394
8 77 layercz 87 k 1 loss 0.1754556319685011 nit 383 time 59.36249876022339
8 77 layercz 88 k 1 loss 0.16533774796521328 nit 733 time 60.454668283462524
8 77 layercz 89 k 1 loss 0.15534992823964444 nit 690 time 61.30800771713257
8 77 layercz 90 k 1 loss 0.16750979294634283 nit 617 time 62.138322830200195
8 77 layercz 91 k 1 loss 0.18393905621121498 nit 497 time 62.98219919204712
8 77 layercz 92 k 1 loss 0.17933721467278163 nit 655 time 64.0896520614624
8 77 layercz 93 k 1 loss 0.16381474454167666 nit 355 time 64.60278153419495
8 77 layercz 94 k 1 loss 0.17259917975278316 nit 383 time 65.15831160545349
8 77 layercz 95 k 1 loss 0.16914405694454226 nit 691 time 66.4351532459259
8 77 layercz 96 k 1 loss 0.17422971432988 nit 411 time 67.01157450675964
8 77 layercz 97 k 1 loss 0.17184368938103778 nit 589 time 68.09658694267273
8 77 layercz 98 k 1 loss 0.1697250566040408 nit 468 time 68.9594316482544
8 77 layercz 99 k 1 loss 0.17446934968324768 nit 498 time 69.67488956451416
8 77 layercz 100 k 1 loss 0.16786949773858306 nit 495 time 70.53875184059143
8 77 layercz 101 k 1 loss 0.17681380292287752 nit 575 time 71.72737097740173
8 77 layercz 102 k 1 loss 0.18490794011401912 nit 395 time 72.4790780544281
8 77 layercz 103 k 1 loss 0.16126569171269023 nit 694 time 73.39546060562134
8 77 layercz 104 k 1 loss 0.17879258616862537 nit 535 time 74.25397443771362
8 77 layercz 105 k 1 loss 0.16608206355836663 nit 438 time 75.17250943183899
8 77 layercz 106 k 1 loss 0.17638564168616166 nit 336 time 75.7907042503357
8 77 layercz 107 k 1 loss 0.17426084832783406 nit 677 time 77.0358657836914
8 77 layercz 108 k 1 loss 0.18193806895727926 nit 551 time 78.13414907455444
8 77 layercz 109 k 1 loss 0.17258698267249228 nit 419 time 78.80159902572632
8 77 layercz 110 k 1 loss 0.1650637031541169 nit 522 time 79.47459149360657
8 77 layercz 111 k 1 loss 0.15601227440541443 nit 528 time 80.70912194252014
8 77 layercz 112 k 1 loss 0.17853650588284564 nit 564 time 81.49347496032715
8 77 layercz 113 k 1 loss 0.16641581271743566 nit 658 time 82.55553770065308
8 77 layercz 114 k 1 loss 0.16718222155750062 nit 498 time 83.47286438941956
8 77 layercz 115 k 1 loss 0.17463018384136897 nit 727 time 84.56868028640747
8 77 layercz 116 k 1 loss 0.1797570809389485 nit 421 time 85.03748679161072
8 77 layercz 117 k 1 loss 0.1820604803139071 nit 704 time 86.38215970993042
8 77 layercz 118 k 1 loss 0.16762629496347092 nit 766 time 87.6691734790802
8 77 layercz 119 k 1 loss 0.18114706599904418 nit 619 time 88.86848473548889
8 77 layercz 120 k 1 loss 0.1776960256239286 nit 531 time 89.86449074745178
8 77 layercz 121 k 1 loss 0.185654106455579 nit 479 time 90.5716826915741
8 77 layercz 122 k 1 loss 0.1799666986137214 nit 597 time 91.38218355178833
8 77 layercz 123 k 1 loss 0.16862532533913555 nit 543 time 92.00169587135315
8 77 layercz 124 k 1 loss 0.1699303751063741 nit 467 time 92.5333423614502
8 77 layercz 125 k 1 loss 0.172205205272719 nit 506 time 93.38494825363159
8 77 layercz 126 k 1 loss 0.17170675596803286 nit 314 time 93.77256989479065
8 77 layercz 127 k 1 loss 0.16423081866509315 nit 570 time 94.98850631713867
8 77 layercz 128 k 1 loss 0.1754917752295092 nit 599 time 96.19724822044373
8 77 layercz 129 k 1 loss 0.17653452743192788 nit 312 time 96.95807433128357
8 77 layercz 130 k 1 loss 0.16794405524731526 nit 725 time 98.81588625907898
8 77 layercz 131 k 1 loss 0.17581906090238486 nit 462 time 99.55953049659729
8 77 layercz 132 k 1 loss 0.17590403942925414 nit 553 time 100.35523462295532
8 77 layercz 133 k 1 loss 0.1776394752290713 nit 479 time 100.96715235710144
8 77 layercz 134 k 1 loss 0.1758269079562801 nit 573 time 101.75396704673767
8 77 layercz 135 k 1 loss 0.17324502441224243 nit 517 time 102.47485995292664
8 77 layercz 136 k 1 loss 0.17289010895138757 nit 526 time 103.23400402069092
8 77 layercz 137 k 1 loss 0.1784622943074804 nit 546 time 103.93745064735413
8 77 layercz 138 k 1 loss 0.17179612083126938 nit 515 time 104.54916191101074
8 77 layercz 139 k 1 loss 0.18166078392019147 nit 369 time 104.97856450080872
8 77 layercz 140 k 1 loss 0.1750534575490933 nit 484 time 105.63843369483948
8 77 layercz 141 k 1 loss 0.1655024684333214 nit 668 time 107.42810773849487
8 77 layercz 142 k 1 loss 0.18160178374188407 nit 445 time 108.69990015029907
8 77 layercz 143 k 1 loss 0.1568503402717809 nit 479 time 110.16592073440552
8 77 layercz 144 k 1 loss 0.1714362805240368 nit 411 time 111.27902936935425
8 77 layercz 145 k 1 loss 0.16801668468359465 nit 362 time 111.87071561813354
8 77 layercz 146 k 1 loss 0.18111049670911572 nit 564 time 112.66740536689758
8 77 layercz 147 k 1 loss 0.17865942920175526 nit 494 time 113.2934455871582
8 77 layercz 148 k 1 loss 0.1871821149796562 nit 407 time 113.91109013557434
8 77 layercz 149 k 1 loss 0.18540647805239785 nit 573 time 114.67396235466003
8 77 layercz 150 k 1 loss 0.18195685487104452 nit 473 time 115.25813364982605
8 77 layercz 151 k 1 loss 0.17951016807708842 nit 541 time 115.78242659568787
8 77 layercz 152 k 1 loss 0.16088277346477653 nit 935 time 116.92530226707458
8 77 layercz 153 k 1 loss 0.1790374381843869 nit 673 time 117.72204208374023
8 77 layercz 154 k 1 loss 0.16399220831113726 nit 812 time 118.84407091140747
8 77 layercz 155 k 1 loss 0.18010990232903 nit 387 time 119.43786644935608
8 77 layercz 156 k 1 loss 0.1666199653868089 nit 462 time 120.2259030342102
8 77 layercz 157 k 1 loss 0.18327637749915737 nit 430 time 120.97690868377686
8 77 layercz 158 k 1 loss 0.15875994482574562 nit 392 time 121.39088416099548
8 77 layercz 159 k 1 loss 0.1694229513894756 nit 488 time 122.16588759422302
8 77 layercz 160 k 1 loss 0.18396179231039467 nit 484 time 122.72572922706604
8 77 layercz 161 k 1 loss 0.1657940565226489 nit 865 time 123.65520024299622
8 77 layercz 162 k 1 loss 0.17363026686851657 nit 460 time 124.13874197006226
8 77 layercz 163 k 1 loss 0.16972734370146236 nit 472 time 124.65116024017334
8 77 layercz 164 k 1 loss 0.18276981625413602 nit 1075 time 127.31337523460388
8 77 layercz 165 k 1 loss 0.18949276603020704 nit 436 time 128.38284873962402
8 77 layercz 166 k 1 loss 0.1625687144331699 nit 430 time 129.3612687587738
8 77 layercz 167 k 1 loss 0.17329609841419347 nit 842 time 131.2070333957672
8 77 layercz 168 k 1 loss 0.18239403185871195 nit 469 time 132.05514287948608
8 77 layercz 169 k 1 loss 0.1816574450814934 nit 348 time 132.6300916671753
8 77 layercz 170 k 1 loss 0.1718367175697899 nit 606 time 133.51439023017883
8 77 layercz 171 k 1 loss 0.16608880878410792 nit 791 time 134.84158301353455
8 77 layercz 172 k 1 loss 0.1861294271355809 nit 415 time 135.46930384635925
8 77 layercz 173 k 1 loss 0.16680129477432948 nit 564 time 136.44901657104492
8 77 layercz 174 k 1 loss 0.1669229857538429 nit 389 time 137.3478078842163
8 77 layercz 175 k 1 loss 0.16684809814813983 nit 386 time 138.01662349700928
8 77 layercz 176 k 1 loss 0.16929319250194197 nit 593 time 138.76291728019714
8 77 layercz 177 k 1 loss 0.18327437885108377 nit 430 time 139.33931469917297
8 77 layercz 178 k 1 loss 0.17565829227658258 nit 639 time 140.10834956169128
8 77 layercz 179 k 1 loss 0.19047912862628902 nit 365 time 140.76415133476257
8 77 layercz 180 k 1 loss 0.18376961402073066 nit 429 time 141.42561054229736
8 77 layercz 181 k 1 loss 0.16909802765871562 nit 558 time 142.23899960517883
8 77 layercz 182 k 1 loss 0.16614940518552568 nit 447 time 142.8568513393402
8 77 layercz 183 k 1 loss 0.16093049096818213 nit 704 time 144.01376819610596
8 77 layercz 184 k 1 loss 0.17022384884665998 nit 583 time 144.94595980644226
8 77 layercz 185 k 1 loss 0.17669646910718817 nit 493 time 145.47298502922058
8 77 layercz 186 k 1 loss 0.18479729581314985 nit 429 time 145.9796826839447
8 77 layercz 187 k 1 loss 0.17175751035676734 nit 443 time 146.64305520057678
8 77 layercz 188 k 1 loss 0.1712645665527771 nit 594 time 147.29480719566345
8 77 layercz 189 k 1 loss 0.17935853375836763 nit 498 time 147.84079504013062
8 77 layercz 190 k 1 loss 0.1789355017066374 nit 447 time 148.32575297355652
8 77 layercz 191 k 1 loss 0.18393528948342674 nit 441 time 149.18779945373535
8 77 layercz 192 k 1 loss 0.18249830985775406 nit 585 time 149.8526074886322
8 77 layercz 193 k 1 loss 0.17924858082822548 nit 378 time 150.3430917263031
8 77 layercz 194 k 1 loss 0.18084879477186 nit 535 time 150.96687006950378
8 77 layercz 195 k 1 loss 0.17340342708267764 nit 587 time 151.65000700950623
8 77 layercz 196 k 1 loss 0.19417630980386713 nit 396 time 152.09493970870972
8 77 layercz 197 k 1 loss 0.17028388175925802 nit 779 time 152.99255442619324
8 77 layercz 198 k 1 loss 0.17428807032466465 nit 607 time 153.69443106651306
8 77 layercz 199 k 1 loss 0.16843249955684203 nit 459 time 154.2008900642395
8 77 layercz 200 k 1 loss 0.17216674167242685 nit 571 time 154.8859167098999
