8 70 layerup 1 k 1 loss 0.11601942870523896 nit 799 time 0.8889966011047363
8 70 layerup 1 k 2 loss 0.38289721310937885 nit 505 time 1.6184313297271729
8 70 layerup 2 k 1 loss 0.09579323160201259 nit 633 time 2.2537779808044434
8 70 layerup 2 k 2 loss 0.3761340619582205 nit 510 time 3.0762267112731934
8 70 layerup 3 k 1 loss 0.10664303520913021 nit 850 time 3.8795554637908936
8 70 layerup 3 k 2 loss 0.36944322571292754 nit 625 time 4.6960601806640625
8 70 layerup 4 k 1 loss 0.11188329334663805 nit 672 time 5.3238818645477295
8 70 layerup 4 k 2 loss 0.382478368949126 nit 336 time 5.813359498977661
8 70 layerup 5 k 1 loss 0.11873149447688702 nit 950 time 6.899927139282227
8 70 layerup 5 k 2 loss 0.36924269151018707 nit 537 time 7.728115081787109
8 70 layerup 6 k 1 loss 0.11420146205158255 nit 650 time 8.671439409255981
8 70 layerup 6 k 2 loss 0.3707179299168111 nit 409 time 9.288121461868286
8 70 layerup 7 k 1 loss 0.11025674996054613 nit 584 time 9.928929567337036
8 70 layerup 7 k 2 loss 0.3888305103027957 nit 628 time 10.844023942947388
8 70 layerup 8 k 1 loss 0.10747531394002763 nit 705 time 11.573993921279907
8 70 layerup 8 k 2 loss 0.3728495839377922 nit 551 time 12.358863353729248
8 70 layerup 9 k 1 loss 0.10367937070148125 nit 541 time 13.004966497421265
8 70 layerup 9 k 2 loss 0.3695587250188265 nit 452 time 13.562249422073364
8 70 layerup 10 k 1 loss 0.10757577413297548 nit 446 time 13.995036125183105
8 70 layerup 10 k 2 loss 0.3895956515797525 nit 494 time 14.656526565551758
8 70 layerup 11 k 1 loss 0.11292692024662132 nit 848 time 15.425478458404541
8 70 layerup 11 k 2 loss 0.38779001968595994 nit 491 time 16.014582872390747
8 70 layerup 12 k 1 loss 0.10267574710592509 nit 1261 time 17.206403970718384
8 70 layerup 12 k 2 loss 0.3722920782124285 nit 443 time 17.788341760635376
8 70 layerup 13 k 1 loss 0.10623003836191058 nit 466 time 18.25464129447937
8 70 layerup 13 k 2 loss 0.37787977058445 nit 464 time 18.825435876846313
8 70 layerup 14 k 1 loss 0.10142908330859823 nit 837 time 19.635299682617188
8 70 layerup 14 k 2 loss 0.3886055471083337 nit 617 time 20.404756784439087
8 70 layerup 15 k 1 loss 0.11556692463428908 nit 583 time 20.9490966796875
8 70 layerup 15 k 2 loss 0.3766260743701223 nit 336 time 21.355854511260986
8 70 layerup 16 k 1 loss 0.10448284797864771 nit 700 time 22.01243495941162
8 70 layerup 16 k 2 loss 0.37614575585418375 nit 453 time 22.53179931640625
8 70 layerup 17 k 1 loss 0.1070055005336602 nit 780 time 23.25502896308899
8 70 layerup 17 k 2 loss 0.3694644043546894 nit 598 time 23.99351668357849
8 70 layerup 18 k 1 loss 0.11145860528775475 nit 996 time 24.930631399154663
8 70 layerup 18 k 2 loss 0.37005120678307113 nit 779 time 25.87789297103882
8 70 layerup 19 k 1 loss 0.11314635815166763 nit 629 time 26.451120376586914
8 70 layerup 19 k 2 loss 0.3695933822833405 nit 374 time 27.047090768814087
8 70 layerup 20 k 1 loss 0.10707042125751465 nit 1021 time 27.961687803268433
8 70 layerup 20 k 2 loss 0.3839083029677147 nit 552 time 28.61914324760437
8 70 layerup 21 k 1 loss 0.11390389789125754 nit 467 time 29.07926368713379
8 70 layerup 21 k 2 loss 0.38426116933814014 nit 655 time 29.950556755065918
8 70 layerup 22 k 1 loss 0.10137421588298101 nit 526 time 30.431461334228516
8 70 layerup 22 k 2 loss 0.3700177219716543 nit 753 time 31.405466318130493
8 70 layerup 23 k 1 loss 0.10286004653176373 nit 551 time 31.96031880378723
8 70 layerup 23 k 2 loss 0.3833246945037556 nit 458 time 32.60554575920105
8 70 layerup 24 k 1 loss 0.11082163936257616 nit 618 time 33.17238259315491
8 70 layerup 24 k 2 loss 0.37220529652045364 nit 522 time 33.85372281074524
8 70 layerup 25 k 1 loss 0.10836242717664768 nit 490 time 34.31967639923096
8 70 layerup 25 k 2 loss 0.38154068836497546 nit 517 time 34.985509395599365
8 70 layerup 26 k 1 loss 0.1069261729697506 nit 634 time 35.63514709472656
8 70 layerup 26 k 2 loss 0.37801971340491514 nit 536 time 36.323660135269165
8 70 layerup 27 k 1 loss 0.10359210386955608 nit 818 time 37.1364541053772
8 70 layerup 27 k 2 loss 0.3872463274528458 nit 533 time 37.8856885433197
8 70 layerup 28 k 1 loss 0.10124733998833557 nit 912 time 38.87237858772278
8 70 layerup 28 k 2 loss 0.36925647821000185 nit 1043 time 40.1575825214386
8 70 layerup 29 k 1 loss 0.10122367161800494 nit 755 time 40.90455889701843
8 70 layerup 29 k 2 loss 0.36657166371687444 nit 598 time 41.72719955444336
8 70 layerup 30 k 1 loss 0.11319379945837249 nit 541 time 42.257925271987915
8 70 layerup 30 k 2 loss 0.3653795732324032 nit 358 time 42.72662425041199
8 70 layerup 31 k 1 loss 0.10639402204819581 nit 868 time 43.60340404510498
8 70 layerup 31 k 2 loss 0.3832099352146111 nit 479 time 44.24798059463501
8 70 layerup 32 k 1 loss 0.10041700397607922 nit 587 time 44.84317231178284
8 70 layerup 32 k 2 loss 0.37730529369662713 nit 361 time 45.310991048812866
8 70 layerup 33 k 1 loss 0.11190314884055508 nit 474 time 45.8039345741272
8 70 layerup 33 k 2 loss 0.38314276499018085 nit 411 time 46.35516333580017
8 70 layerup 34 k 1 loss 0.1047093488062435 nit 694 time 46.94415640830994
8 70 layerup 34 k 2 loss 0.3748233425348114 nit 358 time 47.51721167564392
8 70 layerup 35 k 1 loss 0.09982237039033748 nit 995 time 48.81816267967224
8 70 layerup 35 k 2 loss 0.36901844920388094 nit 405 time 49.2974967956543
8 70 layerup 36 k 1 loss 0.10187901175261327 nit 665 time 49.980666160583496
8 70 layerup 36 k 2 loss 0.3825374994075199 nit 384 time 50.654295444488525
8 70 layerup 37 k 1 loss 0.09974978631910092 nit 781 time 51.47975444793701
8 70 layerup 37 k 2 loss 0.36918834799320066 nit 452 time 52.01886177062988
8 70 layerup 38 k 1 loss 0.11527394264842827 nit 564 time 52.56515693664551
8 70 layerup 38 k 2 loss 0.37564921710541255 nit 407 time 53.06463599205017
8 70 layerup 39 k 1 loss 0.10380437736856607 nit 703 time 53.63585662841797
8 70 layerup 39 k 2 loss 0.3758956939439124 nit 380 time 54.03443765640259
8 70 layerup 40 k 1 loss 0.10489403469625991 nit 1250 time 55.215420961380005
8 70 layerup 40 k 2 loss 0.38065401427403 nit 431 time 55.720327615737915
8 70 layerup 41 k 1 loss 0.10695595196141428 nit 496 time 56.18490266799927
8 70 layerup 41 k 2 loss 0.3693528324415031 nit 367 time 56.61619710922241
8 70 layerup 42 k 1 loss 0.10347861942911396 nit 646 time 57.21388292312622
8 70 layerup 42 k 2 loss 0.36916901227086274 nit 411 time 57.719239950180054
8 70 layerup 43 k 1 loss 0.10533981547097138 nit 664 time 58.33195734024048
8 70 layerup 43 k 2 loss 0.3716157765489474 nit 627 time 59.078452587127686
8 70 layerup 44 k 1 loss 0.11485738852722227 nit 688 time 59.70108199119568
8 70 layerup 44 k 2 loss 0.3741779064574129 nit 644 time 60.50528955459595
8 70 layerup 45 k 1 loss 0.10751987099136606 nit 668 time 61.07610630989075
8 70 layerup 45 k 2 loss 0.3882899855693843 nit 440 time 61.55203890800476
8 70 layerup 46 k 1 loss 0.1166992863768368 nit 532 time 61.977524757385254
8 70 layerup 46 k 2 loss 0.379152305809596 nit 412 time 62.54233455657959
8 70 layerup 47 k 1 loss 0.09589346452520009 nit 668 time 63.23639965057373
8 70 layerup 47 k 2 loss 0.38120960138873594 nit 444 time 63.96629881858826
8 70 layerup 48 k 1 loss 0.11433534741383533 nit 787 time 64.68929147720337
8 70 layerup 48 k 2 loss 0.3729065419280606 nit 490 time 65.31573700904846
8 70 layerup 49 k 1 loss 0.1087978107031764 nit 674 time 65.94653272628784
8 70 layerup 49 k 2 loss 0.38518740388148054 nit 743 time 66.9291353225708
8 70 layerup 50 k 1 loss 0.10888488504440907 nit 576 time 67.55786299705505
8 70 layerup 50 k 2 loss 0.3830536166918519 nit 424 time 68.04676151275635
8 70 layerup 51 k 1 loss 0.11334827450914453 nit 756 time 68.76967215538025
8 70 layerup 51 k 2 loss 0.3812918804248465 nit 585 time 69.39327096939087
8 70 layerup 52 k 1 loss 0.09942506129072992 nit 547 time 69.86222577095032
8 70 layerup 52 k 2 loss 0.385186628240361 nit 500 time 70.66628885269165
8 70 layerup 53 k 1 loss 0.10505676478063153 nit 1180 time 71.85879683494568
8 70 layerup 53 k 2 loss 0.3754450841467001 nit 445 time 72.60446524620056
8 70 layerup 54 k 1 loss 0.11453991118459694 nit 598 time 73.2902946472168
8 70 layerup 54 k 2 loss 0.38275468459028383 nit 535 time 74.04767847061157
8 70 layerup 55 k 1 loss 0.10306887409800813 nit 1050 time 75.24097013473511
8 70 layerup 55 k 2 loss 0.37703149297679206 nit 422 time 75.87332057952881
8 70 layerup 56 k 1 loss 0.10854192100353921 nit 495 time 76.42242121696472
8 70 layerup 56 k 2 loss 0.3937987852262772 nit 413 time 77.00973105430603
8 70 layerup 57 k 1 loss 0.10066117440983435 nit 845 time 77.93149518966675
8 70 layerup 57 k 2 loss 0.3819057225549375 nit 507 time 78.66370844841003
8 70 layerup 58 k 1 loss 0.1089094325469564 nit 906 time 79.36082172393799
8 70 layerup 58 k 2 loss 0.38308193614903074 nit 405 time 79.8163754940033
8 70 layerup 59 k 1 loss 0.1029252907034015 nit 596 time 80.33253192901611
8 70 layerup 59 k 2 loss 0.3743304478997608 nit 552 time 81.07775235176086
8 70 layerup 60 k 1 loss 0.10840288945096466 nit 1158 time 82.22966837882996
8 70 layerup 60 k 2 loss 0.3814800307412358 nit 542 time 83.15182733535767
8 70 layerup 61 k 1 loss 0.11263142907065804 nit 719 time 83.95765590667725
8 70 layerup 61 k 2 loss 0.37935970597067836 nit 406 time 84.57525205612183
8 70 layerup 62 k 1 loss 0.10195716551728218 nit 492 time 85.14866137504578
8 70 layerup 62 k 2 loss 0.37435447111738707 nit 488 time 85.74960398674011
8 70 layerup 63 k 1 loss 0.11028220788526644 nit 593 time 86.33236145973206
8 70 layerup 63 k 2 loss 0.381544707410716 nit 274 time 86.66541576385498
8 70 layerup 64 k 1 loss 0.1060598605780485 nit 747 time 87.35704612731934
8 70 layerup 64 k 2 loss 0.3834161161561467 nit 568 time 88.02876830101013
8 70 layerup 65 k 1 loss 0.10398132631789503 nit 811 time 89.00820231437683
8 70 layerup 65 k 2 loss 0.3774014288447044 nit 502 time 89.64216613769531
8 70 layerup 66 k 1 loss 0.1106293236572925 nit 503 time 90.11508178710938
8 70 layerup 66 k 2 loss 0.37231531336316626 nit 476 time 90.61646151542664
8 70 layerup 67 k 1 loss 0.114657681367203 nit 572 time 91.35994148254395
8 70 layerup 67 k 2 loss 0.3598972086309339 nit 409 time 91.79537725448608
8 70 layerup 68 k 1 loss 0.1097335075972693 nit 1074 time 93.11608648300171
8 70 layerup 68 k 2 loss 0.37577591899805407 nit 404 time 93.79736328125
8 70 layerup 69 k 1 loss 0.10532971908677802 nit 567 time 94.41378903388977
8 70 layerup 69 k 2 loss 0.38409845265568 nit 442 time 95.01802682876587
8 70 layerup 70 k 1 loss 0.11098494098399769 nit 943 time 95.88564395904541
8 70 layerup 70 k 2 loss 0.3783972963492387 nit 390 time 96.30818891525269
8 70 layerup 71 k 1 loss 0.11593459836322262 nit 759 time 97.02725195884705
8 70 layerup 71 k 2 loss 0.37718712428042467 nit 419 time 97.49440550804138
8 70 layerup 72 k 1 loss 0.1074925981217989 nit 543 time 98.06188225746155
8 70 layerup 72 k 2 loss 0.38040277832762504 nit 427 time 98.78934788703918
8 70 layerup 73 k 1 loss 0.11407113486895548 nit 1253 time 100.1629250049591
8 70 layerup 73 k 2 loss 0.37266111850018546 nit 911 time 101.34801769256592
8 70 layerup 74 k 1 loss 0.10983294670622434 nit 835 time 102.17538571357727
8 70 layerup 74 k 2 loss 0.358691318025663 nit 672 time 103.03446340560913
8 70 layerup 75 k 1 loss 0.11221797028730596 nit 914 time 103.92383575439453
8 70 layerup 75 k 2 loss 0.37879595727569615 nit 620 time 104.72569632530212
8 70 layerup 76 k 1 loss 0.10598213173488091 nit 839 time 105.62373542785645
8 70 layerup 76 k 2 loss 0.3873707550017016 nit 417 time 106.1614339351654
8 70 layerup 77 k 1 loss 0.1079012927466464 nit 969 time 107.13164067268372
8 70 layerup 77 k 2 loss 0.36977533498923354 nit 486 time 107.95253992080688
8 70 layerup 78 k 1 loss 0.11063559249649302 nit 597 time 108.47843360900879
8 70 layerup 78 k 2 loss 0.3727849000737542 nit 550 time 109.12241959571838
8 70 layerup 79 k 1 loss 0.10625123959173177 nit 1776 time 110.99254012107849
8 70 layerup 79 k 2 loss 0.3792812484701539 nit 701 time 111.80380582809448
8 70 layerup 80 k 1 loss 0.10549787197545302 nit 1216 time 113.08478093147278
8 70 layerup 80 k 2 loss 0.3742467132075865 nit 346 time 113.72149324417114
8 70 layerup 81 k 1 loss 0.11124386484514481 nit 523 time 114.37315392494202
8 70 layerup 81 k 2 loss 0.38294188779896 nit 685 time 115.38985133171082
8 70 layerup 82 k 1 loss 0.11408574854255238 nit 427 time 115.84019327163696
8 70 layerup 82 k 2 loss 0.3644900036517893 nit 319 time 116.25067472457886
8 70 layerup 83 k 1 loss 0.1031740351970436 nit 1127 time 117.53956818580627
8 70 layerup 83 k 2 loss 0.38134053411426105 nit 329 time 117.96257209777832
8 70 layerup 84 k 1 loss 0.10462471704269194 nit 786 time 118.72956895828247
8 70 layerup 84 k 2 loss 0.3823441509153265 nit 328 time 119.08309268951416
8 70 layerup 85 k 1 loss 0.110887278965909 nit 782 time 119.9530565738678
8 70 layerup 85 k 2 loss 0.37657321173292546 nit 328 time 122.28744149208069
8 70 layerup 86 k 1 loss 0.10410160632162957 nit 1049 time 123.52606296539307
8 70 layerup 86 k 2 loss 0.3658193430371026 nit 645 time 124.52492666244507
8 70 layerup 87 k 1 loss 0.0971373096153213 nit 764 time 125.42148089408875
8 70 layerup 87 k 2 loss 0.38181521070097457 nit 487 time 126.10764622688293
8 70 layerup 88 k 1 loss 0.10551345408407775 nit 778 time 127.69364809989929
8 70 layerup 88 k 2 loss 0.3535146388474518 nit 779 time 130.21478462219238
8 70 layerup 89 k 1 loss 0.10180028695035981 nit 891 time 131.6559751033783
8 70 layerup 89 k 2 loss 0.36446998784126183 nit 602 time 132.4473762512207
8 70 layerup 90 k 1 loss 0.10562417551238745 nit 1010 time 133.38272380828857
8 70 layerup 90 k 2 loss 0.36912685496018605 nit 684 time 134.36836743354797
8 70 layerup 91 k 1 loss 0.11861595660439384 nit 1021 time 135.50268650054932
8 70 layerup 91 k 2 loss 0.373072687596805 nit 408 time 136.1134693622589
8 70 layerup 92 k 1 loss 0.10671101524658777 nit 1004 time 137.57490015029907
8 70 layerup 92 k 2 loss 0.36916661284586816 nit 773 time 138.80914950370789
8 70 layerup 93 k 1 loss 0.11015971792856782 nit 665 time 139.6468222141266
8 70 layerup 93 k 2 loss 0.35850302346222185 nit 415 time 140.3682985305786
8 70 layerup 94 k 1 loss 0.11487002232262833 nit 825 time 141.42283129692078
8 70 layerup 94 k 2 loss 0.3723569466787814 nit 617 time 142.33255314826965
8 70 layerup 95 k 1 loss 0.10470519026823533 nit 531 time 142.83273005485535
8 70 layerup 95 k 2 loss 0.3783177049886455 nit 289 time 143.16048908233643
8 70 layerup 96 k 1 loss 0.10929741138280002 nit 541 time 143.7594759464264
8 70 layerup 96 k 2 loss 0.38191056120441513 nit 433 time 144.38417410850525
8 70 layerup 97 k 1 loss 0.11605123522086314 nit 584 time 145.02785205841064
8 70 layerup 97 k 2 loss 0.38063232817894244 nit 437 time 145.67062377929688
8 70 layerup 98 k 1 loss 0.1076366263027112 nit 844 time 146.48397278785706
8 70 layerup 98 k 2 loss 0.37428572521461156 nit 449 time 147.04513239860535
8 70 layerup 99 k 1 loss 0.10190283811405243 nit 690 time 147.84836101531982
8 70 layerup 99 k 2 loss 0.3783414502751252 nit 543 time 148.5313127040863
8 70 layerup 100 k 1 loss 0.10653757517245044 nit 919 time 149.51892495155334
8 70 layerup 100 k 2 loss 0.38545366749615173 nit 411 time 150.17446088790894
8 70 layerup 101 k 1 loss 0.11292758318062335 nit 578 time 150.81602454185486
8 70 layerup 101 k 2 loss 0.38103446742543745 nit 489 time 151.46225547790527
8 70 layerup 102 k 1 loss 0.10370146969746741 nit 1126 time 152.61770820617676
8 70 layerup 102 k 2 loss 0.3684482724271875 nit 431 time 153.18223071098328
8 70 layerup 103 k 1 loss 0.10300517167319034 nit 713 time 153.96524834632874
8 70 layerup 103 k 2 loss 0.3647417190797858 nit 703 time 155.0116946697235
8 70 layerup 104 k 1 loss 0.09335695495444063 nit 603 time 155.69538116455078
8 70 layerup 104 k 2 loss 0.3678870412102926 nit 307 time 156.13656163215637
8 70 layerup 105 k 1 loss 0.10579447925512409 nit 1030 time 157.27597212791443
8 70 layerup 105 k 2 loss 0.37016856710109525 nit 738 time 158.3172595500946
8 70 layerup 106 k 1 loss 0.10846952176534141 nit 790 time 159.17117285728455
8 70 layerup 106 k 2 loss 0.37132526687568357 nit 577 time 159.80626034736633
8 70 layerup 107 k 1 loss 0.11316393774705269 nit 699 time 160.478777885437
8 70 layerup 107 k 2 loss 0.37188032864378073 nit 607 time 161.43805074691772
8 70 layerup 108 k 1 loss 0.10672263356143863 nit 626 time 162.08652234077454
8 70 layerup 108 k 2 loss 0.3781680000129616 nit 528 time 163.01577425003052
8 70 layerup 109 k 1 loss 0.107097507436546 nit 666 time 163.91013646125793
8 70 layerup 109 k 2 loss 0.3823084352911854 nit 418 time 164.85038018226624
8 70 layerup 110 k 1 loss 0.10705402068526881 nit 1209 time 166.2396595478058
8 70 layerup 110 k 2 loss 0.37097286908065985 nit 553 time 167.09986686706543
8 70 layerup 111 k 1 loss 0.11001732140067189 nit 648 time 167.77902841567993
8 70 layerup 111 k 2 loss 0.3648289403612658 nit 528 time 168.5350272655487
8 70 layerup 112 k 1 loss 0.10513295459420136 nit 818 time 169.5588743686676
8 70 layerup 112 k 2 loss 0.36518397638444633 nit 683 time 170.51554656028748
8 70 layerup 113 k 1 loss 0.1101659051028161 nit 607 time 171.15507125854492
8 70 layerup 113 k 2 loss 0.3740864683875176 nit 788 time 172.27249956130981
8 70 layerup 114 k 1 loss 0.12893222632543055 nit 620 time 173.02011346817017
8 70 layerup 114 k 2 loss 0.3807188743751152 nit 472 time 174.00449228286743
8 70 layerup 115 k 1 loss 0.10815158333707509 nit 861 time 174.8168020248413
8 70 layerup 115 k 2 loss 0.38475488504562805 nit 500 time 175.47207474708557
8 70 layerup 116 k 1 loss 0.11557382708069752 nit 649 time 176.11637330055237
8 70 layerup 116 k 2 loss 0.3650009544883275 nit 529 time 176.7929983139038
8 70 layerup 117 k 1 loss 0.10174941792624503 nit 833 time 177.63051533699036
8 70 layerup 117 k 2 loss 0.3705844380896396 nit 367 time 178.0884120464325
8 70 layerup 118 k 1 loss 0.11500335730678513 nit 447 time 178.51093912124634
8 70 layerup 118 k 2 loss 0.37025917909066874 nit 489 time 179.16575074195862
8 70 layerup 119 k 1 loss 0.09623675571766654 nit 593 time 179.89294981956482
8 70 layerup 119 k 2 loss 0.3908713725278006 nit 441 time 180.60550093650818
8 70 layerup 120 k 1 loss 0.10438992201042219 nit 617 time 181.5643298625946
8 70 layerup 120 k 2 loss 0.37661483847693855 nit 495 time 182.33530378341675
8 70 layerup 121 k 1 loss 0.1075081085655537 nit 735 time 183.04256796836853
8 70 layerup 121 k 2 loss 0.38445973817779133 nit 544 time 183.73761343955994
8 70 layerup 122 k 1 loss 0.10943195242317771 nit 924 time 184.72280550003052
8 70 layerup 122 k 2 loss 0.36627607725800115 nit 470 time 185.41148018836975
8 70 layerup 123 k 1 loss 0.09843620069156211 nit 824 time 186.4959900379181
8 70 layerup 123 k 2 loss 0.3726225195178229 nit 524 time 187.20965218544006
8 70 layerup 124 k 1 loss 0.11312454457770305 nit 708 time 187.92300248146057
8 70 layerup 124 k 2 loss 0.3753345348393191 nit 538 time 188.98191833496094
8 70 layerup 125 k 1 loss 0.11197816913673098 nit 1003 time 190.00187301635742
8 70 layerup 125 k 2 loss 0.3710875107727567 nit 387 time 190.462749004364
8 70 layerup 126 k 1 loss 0.11141210570356852 nit 377 time 191.69154810905457
8 70 layerup 126 k 2 loss 0.3711052057271079 nit 372 time 192.12437987327576
8 70 layerup 127 k 1 loss 0.10829190439005643 nit 564 time 192.9542248249054
8 70 layerup 127 k 2 loss 0.37811910624935685 nit 407 time 193.71575927734375
8 70 layerup 128 k 1 loss 0.11187051919899615 nit 415 time 194.16674256324768
8 70 layerup 128 k 2 loss 0.3754384854267664 nit 398 time 194.9723482131958
8 70 layerup 129 k 1 loss 0.09829200948647643 nit 741 time 195.76152300834656
8 70 layerup 129 k 2 loss 0.3754711302175483 nit 283 time 196.47133588790894
8 70 layerup 130 k 1 loss 0.1108800751356741 nit 754 time 197.33511567115784
8 70 layerup 130 k 2 loss 0.3737366864988121 nit 476 time 197.93351078033447
8 70 layerup 131 k 1 loss 0.09781395635213908 nit 704 time 198.67906999588013
8 70 layerup 131 k 2 loss 0.3769703346163953 nit 357 time 199.15293049812317
8 70 layerup 132 k 1 loss 0.10906785551261855 nit 853 time 200.1026213169098
8 70 layerup 132 k 2 loss 0.376349089739607 nit 787 time 201.2745382785797
8 70 layerup 133 k 1 loss 0.09564662160043269 nit 538 time 201.85867047309875
8 70 layerup 133 k 2 loss 0.3736428882468471 nit 563 time 202.75956892967224
8 70 layerup 134 k 1 loss 0.10260735418569644 nit 561 time 203.36848902702332
8 70 layerup 134 k 2 loss 0.3607731124589836 nit 399 time 203.95216059684753
8 70 layerup 135 k 1 loss 0.10482387303970175 nit 665 time 204.6364667415619
8 70 layerup 135 k 2 loss 0.37506977497242733 nit 592 time 205.42216038703918
8 70 layerup 136 k 1 loss 0.10942001662779577 nit 862 time 206.7169532775879
8 70 layerup 136 k 2 loss 0.3693121271148755 nit 380 time 207.38489866256714
8 70 layerup 137 k 1 loss 0.10424204662730785 nit 572 time 208.33078289031982
8 70 layerup 137 k 2 loss 0.3595854739854154 nit 552 time 209.0834939479828
8 70 layerup 138 k 1 loss 0.11232524162949198 nit 696 time 209.77935075759888
8 70 layerup 138 k 2 loss 0.3711576018081292 nit 725 time 210.8832790851593
8 70 layerup 139 k 1 loss 0.10439239350701035 nit 1234 time 212.5351758003235
8 70 layerup 139 k 2 loss 0.38470353049404915 nit 512 time 213.22530555725098
8 70 layerup 140 k 1 loss 0.10840245438584117 nit 614 time 213.91829419136047
8 70 layerup 140 k 2 loss 0.38149488237082463 nit 461 time 214.67845630645752
8 70 layerup 141 k 1 loss 0.10854175357728513 nit 699 time 215.3780448436737
8 70 layerup 141 k 2 loss 0.36513300854865327 nit 466 time 215.9376757144928
8 70 layerup 142 k 1 loss 0.11124019966203647 nit 668 time 216.56077694892883
8 70 layerup 142 k 2 loss 0.3735057136888035 nit 438 time 217.097806930542
8 70 layerup 143 k 1 loss 0.11642494771398104 nit 501 time 217.6040232181549
8 70 layerup 143 k 2 loss 0.37871382211883364 nit 364 time 218.09192633628845
8 70 layerup 144 k 1 loss 0.09952330426782519 nit 467 time 218.57226467132568
8 70 layerup 144 k 2 loss 0.3747176096814224 nit 398 time 219.0788218975067
8 70 layerup 145 k 1 loss 0.10331476866609801 nit 891 time 219.96857261657715
8 70 layerup 145 k 2 loss 0.35952162296082724 nit 537 time 220.66332149505615
8 70 layerup 146 k 1 loss 0.10431217440639218 nit 793 time 221.58896470069885
8 70 layerup 146 k 2 loss 0.36577476882823734 nit 946 time 222.77292704582214
8 70 layerup 147 k 1 loss 0.0966650264392871 nit 922 time 223.62322425842285
8 70 layerup 147 k 2 loss 0.3785871591539606 nit 539 time 224.51462936401367
8 70 layerup 148 k 1 loss 0.101353512505582 nit 929 time 225.4405221939087
8 70 layerup 148 k 2 loss 0.3760545752723047 nit 363 time 225.88225102424622
8 70 layerup 149 k 1 loss 0.10739923303200871 nit 582 time 226.36801838874817
8 70 layerup 149 k 2 loss 0.37441707986939976 nit 913 time 227.490389585495
8 70 layerup 150 k 1 loss 0.0970938835976547 nit 693 time 228.265873670578
8 70 layerup 150 k 2 loss 0.3889193390846989 nit 288 time 228.61190366744995
8 70 layerup 151 k 1 loss 0.10962804516740599 nit 632 time 229.374258518219
8 70 layerup 151 k 2 loss 0.37802481925638953 nit 439 time 229.90413308143616
8 70 layerup 152 k 1 loss 0.10605834424915939 nit 795 time 230.65782523155212
8 70 layerup 152 k 2 loss 0.37618639317283187 nit 319 time 231.0812795162201
8 70 layerup 153 k 1 loss 0.10283467595643314 nit 512 time 231.61650466918945
8 70 layerup 153 k 2 loss 0.37416748366654784 nit 502 time 232.34048533439636
8 70 layerup 154 k 1 loss 0.10357472488839958 nit 577 time 233.0665466785431
8 70 layerup 154 k 2 loss 0.37354389868820104 nit 407 time 233.59259295463562
8 70 layerup 155 k 1 loss 0.1047644523624639 nit 527 time 234.1293420791626
8 70 layerup 155 k 2 loss 0.37140314397722085 nit 576 time 235.1663749217987
8 70 layerup 156 k 1 loss 0.10896335336873009 nit 508 time 235.74667978286743
8 70 layerup 156 k 2 loss 0.36754171632446997 nit 604 time 236.64536333084106
8 70 layerup 157 k 1 loss 0.10735763214920191 nit 393 time 237.0849630832672
8 70 layerup 157 k 2 loss 0.3715193729689389 nit 585 time 237.81932973861694
8 70 layerup 158 k 1 loss 0.10600478989430562 nit 665 time 239.29921555519104
8 70 layerup 158 k 2 loss 0.3718834148103267 nit 705 time 240.18426752090454
8 70 layerup 159 k 1 loss 0.1101680486673492 nit 595 time 240.7697238922119
8 70 layerup 159 k 2 loss 0.36974182933382793 nit 507 time 241.61773347854614
8 70 layerup 160 k 1 loss 0.10712470191780943 nit 537 time 242.20297288894653
8 70 layerup 160 k 2 loss 0.36700057904011496 nit 562 time 242.94562292099
8 70 layerup 161 k 1 loss 0.11411190265704796 nit 1109 time 244.0383219718933
8 70 layerup 161 k 2 loss 0.36970940212512793 nit 831 time 245.74963927268982
8 70 layerup 162 k 1 loss 0.10315371486809477 nit 653 time 246.48643493652344
8 70 layerup 162 k 2 loss 0.3630246530189516 nit 454 time 247.15742254257202
8 70 layerup 163 k 1 loss 0.1111748243686429 nit 666 time 248.06253290176392
8 70 layerup 163 k 2 loss 0.37379822918377703 nit 449 time 248.52529120445251
8 70 layerup 164 k 1 loss 0.10369830834965021 nit 584 time 249.08262944221497
8 70 layerup 164 k 2 loss 0.37767837522112757 nit 402 time 249.62098479270935
8 70 layerup 165 k 1 loss 0.10163575292754212 nit 943 time 250.97818160057068
8 70 layerup 165 k 2 loss 0.3643705131512819 nit 481 time 251.74314832687378
8 70 layerup 166 k 1 loss 0.11317965093393201 nit 750 time 252.49578976631165
8 70 layerup 166 k 2 loss 0.37534974391454634 nit 415 time 252.91782212257385
8 70 layerup 167 k 1 loss 0.11236837845906855 nit 466 time 253.379065990448
8 70 layerup 167 k 2 loss 0.3675321156094943 nit 495 time 254.0416808128357
8 70 layerup 168 k 1 loss 0.11465561477895647 nit 734 time 255.08194756507874
8 70 layerup 168 k 2 loss 0.3712441003947682 nit 440 time 255.73345685005188
8 70 layerup 169 k 1 loss 0.11734129195550635 nit 629 time 256.45051765441895
8 70 layerup 169 k 2 loss 0.3617562920424877 nit 481 time 257.067747592926
8 70 layerup 170 k 1 loss 0.10033551997149148 nit 579 time 257.6327774524689
8 70 layerup 170 k 2 loss 0.3860094571030873 nit 292 time 258.0116505622864
8 70 layerup 171 k 1 loss 0.10114428059258596 nit 579 time 258.6078293323517
8 70 layerup 171 k 2 loss 0.371382382381496 nit 460 time 259.2924163341522
8 70 layerup 172 k 1 loss 0.11361152198994262 nit 638 time 259.9627923965454
8 70 layerup 172 k 2 loss 0.3713978822013212 nit 494 time 260.61152696609497
8 70 layerup 173 k 1 loss 0.1170539090045164 nit 508 time 261.0760440826416
8 70 layerup 173 k 2 loss 0.37224853676630354 nit 370 time 261.51337337493896
8 70 layerup 174 k 1 loss 0.11028876476089555 nit 581 time 262.1463243961334
8 70 layerup 174 k 2 loss 0.37327885420858753 nit 524 time 263.0975613594055
8 70 layerup 175 k 1 loss 0.10455392774823902 nit 958 time 264.2679617404938
8 70 layerup 175 k 2 loss 0.3820365131200655 nit 436 time 264.8208796977997
8 70 layerup 176 k 1 loss 0.09769336265911333 nit 516 time 265.4158947467804
8 70 layerup 176 k 2 loss 0.36622424327156544 nit 502 time 266.1518256664276
8 70 layerup 177 k 1 loss 0.10158087438075247 nit 708 time 266.8378884792328
8 70 layerup 177 k 2 loss 0.37787071310081766 nit 394 time 267.2803728580475
8 70 layerup 178 k 1 loss 0.10259556102843481 nit 631 time 267.9308497905731
8 70 layerup 178 k 2 loss 0.37891773630092707 nit 362 time 268.34732961654663
8 70 layerup 179 k 1 loss 0.10374339215020323 nit 884 time 269.2010109424591
8 70 layerup 179 k 2 loss 0.3746673207653558 nit 373 time 269.6458954811096
8 70 layerup 180 k 1 loss 0.10190078560117366 nit 891 time 270.70482325553894
8 70 layerup 180 k 2 loss 0.37166811343144135 nit 315 time 271.24558997154236
8 70 layerup 181 k 1 loss 0.10120054205757711 nit 632 time 272.0562491416931
8 70 layerup 181 k 2 loss 0.385570268002818 nit 504 time 272.7667031288147
8 70 layerup 182 k 1 loss 0.11103992392422302 nit 729 time 273.7709195613861
8 70 layerup 182 k 2 loss 0.3780072012517962 nit 379 time 274.28965497016907
8 70 layerup 183 k 1 loss 0.10357016979458167 nit 788 time 275.0536277294159
8 70 layerup 183 k 2 loss 0.3679144622334899 nit 480 time 275.62832403182983
8 70 layerup 184 k 1 loss 0.10637322178342501 nit 1395 time 276.98819231987
8 70 layerup 184 k 2 loss 0.38875900740136105 nit 493 time 277.57774662971497
8 70 layerup 185 k 1 loss 0.10063095486548701 nit 548 time 278.13752603530884
8 70 layerup 185 k 2 loss 0.3732937471969012 nit 628 time 278.9797716140747
8 70 layerup 186 k 1 loss 0.10585725104823951 nit 757 time 279.7777500152588
8 70 layerup 186 k 2 loss 0.3850885471291484 nit 571 time 280.54383158683777
8 70 layerup 187 k 1 loss 0.10297313167937616 nit 749 time 281.35519313812256
8 70 layerup 187 k 2 loss 0.3793034016648671 nit 225 time 281.65770840644836
8 70 layerup 188 k 1 loss 0.1126066710273177 nit 716 time 282.45360922813416
8 70 layerup 188 k 2 loss 0.37432366712609577 nit 358 time 282.88025403022766
8 70 layerup 189 k 1 loss 0.10603442566733767 nit 753 time 283.5604500770569
8 70 layerup 189 k 2 loss 0.3783286318096394 nit 632 time 284.55818152427673
8 70 layerup 190 k 1 loss 0.10951986778128897 nit 822 time 285.6349368095398
8 70 layerup 190 k 2 loss 0.3740856427818734 nit 552 time 286.5057713985443
8 70 layerup 191 k 1 loss 0.10387439295159728 nit 900 time 287.721097946167
8 70 layerup 191 k 2 loss 0.3910232936290907 nit 376 time 288.21257066726685
8 70 layerup 192 k 1 loss 0.10716822012526694 nit 859 time 289.056410074234
8 70 layerup 192 k 2 loss 0.3677455073690098 nit 304 time 289.5227258205414
8 70 layerup 193 k 1 loss 0.1081628075534512 nit 748 time 290.6693012714386
8 70 layerup 193 k 2 loss 0.38104710723509183 nit 543 time 291.47804498672485
8 70 layerup 194 k 1 loss 0.10556031067732585 nit 837 time 292.3444125652313
8 70 layerup 194 k 2 loss 0.3800215452316982 nit 474 time 293.5733332633972
8 70 layerup 195 k 1 loss 0.11773908766585062 nit 670 time 294.41404604911804
8 70 layerup 195 k 2 loss 0.38303042200357884 nit 321 time 294.8446772098541
8 70 layerup 196 k 1 loss 0.11762622219234997 nit 618 time 295.4950408935547
8 70 layerup 196 k 2 loss 0.38553635664451924 nit 1049 time 296.89541506767273
8 70 layerup 197 k 1 loss 0.112869156168242 nit 908 time 298.40317606925964
8 70 layerup 197 k 2 loss 0.37882362822031634 nit 733 time 299.67790246009827
8 70 layerup 198 k 1 loss 0.11250966923713734 nit 793 time 300.5277054309845
8 70 layerup 198 k 2 loss 0.3690110600818477 nit 451 time 301.12245869636536
8 70 layerup 199 k 1 loss 0.11083613926441915 nit 726 time 301.90294122695923
8 70 layerup 199 k 2 loss 0.37809121275356694 nit 332 time 302.61462926864624
8 70 layerup 200 k 1 loss 0.11299589742862937 nit 758 time 303.31612730026245
8 70 layerup 200 k 2 loss 0.37378624609703637 nit 775 time 304.5039255619049
