{"id": "nacl_development_0", "status": "ok", "core_score": 0.9999999999412723, "seconds": 3.511595710995607}
{"id": "nacl_development_1", "status": "ok", "core_score": 0.999999999985455, "seconds": 4.270675065985415}
{"id": "nacl_heldout_0", "status": "ok", "core_score": 0.9999999999447501, "seconds": 18.190051511046477}
{"id": "nacl_heldout_1", "status": "ok", "core_score": 0.999999999985112, "seconds": 7.064268538029864}
{"id": "sno2_development_0", "status": "ok", "core_score": 0.9999999906100661, "seconds": 1.756334834964946}
{"id": "sno2_development_1", "status": "ok", "core_score": 0.9999999843465199, "seconds": 18.029936471022666}
{"id": "sno2_heldout_0", "status": "ok", "core_score": 0.9999999951510437, "seconds": 4.510788982966915}
{"id": "sno2_heldout_1", "status": "ok", "core_score": 0.9999999966232234, "seconds": 1.847427182015963}
{"id": "tio2_development_0", "status": "ok", "core_score": 0.9999999941161597, "seconds": 2.5089735059882514}
{"id": "tio2_development_1", "status": "ok", "core_score": 0.9999999966023835, "seconds": 2.084547986043617}
{"id": "tio2_heldout_0", "status": "ok", "core_score": 0.9999999956655601, "seconds": 2.7055053020012565}
{"id": "tio2_heldout_1", "status": "ok", "core_score": 0.9999999954690102, "seconds": 1.4229151619947515}
{
  "mean_core": 0.9999999957033795,
  "worst_family": 0.9999999916827133,
  "family_scores": {
    "NaCl": 0.9999999999641473,
    "SnO2": 0.9999999916827133,
    "TiO2": 0.9999999954632783
  },
  "family_component_scores": {
    "NaCl": {
      "polar_derivative": 0.9999999999609843,
      "mode_response": 0.9999999999673103
    },
    "SnO2": {
      "polar_derivative": 0.9999999999694364,
      "mode_response": 0.99999998339599
    },
    "TiO2": {
      "polar_derivative": 0.9999999999641265,
      "mode_response": 0.9999999909624303
    }
  },
  "worst_family_component": 0.99999998339599,
  "completed_cases": 12,
  "total_cases": 12,
  "total_seconds": 67.90302025305573,
  "max_rss_kb": 39852
}
