{"seed": "fresh_b1", "nullspace_prepared": {"shape": [35, 42], "central_difference_step_eh": 2e-05, "jacobian_model_calls": 84, "null_direction_validation_model_calls": 14, "singular_values": [0.0016074749849235316, 0.001171349834008708, 0.0011487409043218096, 0.0010554188526851003, 0.0006645729052283694, 0.00041136518506738775, 0.0003117419774339093, 0.0002750503969995853, 0.00025275733028150163, 0.00015463772909068656, 0.00015172483215975647, 0.00014414750129911812, 0.00013458058127565953, 0.0001060584146950017, 6.529126102545208e-05, 6.390718712084598e-05, 2.9294618550265598e-05, 2.3033151050040624e-05, 9.5183887489457e-06, 8.622726549043378e-06, 1.18170212686249e-06, 5.137598322043439e-07, 2.858083505098956e-07, 2.1454875193583474e-07, 1.6699328109926763e-07, 8.06552146165573e-08, 4.404368987900296e-08, 3.062251975996929e-08, 2.4113199756866673e-08, 1.111130541265714e-08, 3.895842013476731e-09, 1.7436519075700065e-09, 8.510436114502676e-10, 7.228960096018828e-10, 1.1059284181856873e-10], "rank_at_relative_tolerance_1e-8": 35, "nullspace_dimension_used": 7, "jacobian_nullspace_max_residual": 1.1513547979514775e-21, "independent_null_direction_derivative_maxima": [1.0547118733938987e-11, 1.4432899320127035e-11, 1.4988010832439613e-11, 9.992007221626409e-12, 1.6653345369377348e-11, 2.4424906541753444e-11, 1.609823385706477e-11], "baseline_triple_maximum_eh": 3.5072572596162033e-07, "proposal_basis_dimension": 22, "proposal_basis_mode": "bounded_truncated_SVD_near_null", "proposal_basis_max_singular_value": 1.181702126862478e-06, "near_null_cutoff": 2e-06}}
{"seed": "author_private", "nullspace_prepared": {"shape": [35, 42], "central_difference_step_eh": 2e-05, "jacobian_model_calls": 84, "null_direction_validation_model_calls": 14, "singular_values": [0.0018832528843979969, 0.0012485203001821993, 0.001107075300445933, 0.0010245006363325923, 0.0009369040250988634, 0.0002484001785873112, 0.00022127351582951896, 0.00019174149352790004, 0.00017252087308097295, 0.00012928945261569597, 0.00012783958677614892, 7.807856941568273e-05, 5.0041772578562774e-05, 3.151852788532858e-05, 2.589297313271262e-05, 2.2818475987305015e-05, 1.0508641469301501e-05, 9.72219441119754e-06, 5.691542943684535e-06, 4.365961346966793e-06, 1.2142666958434288e-06, 1.1186957056879313e-06, 1.7378547375896874e-07, 1.447968470700327e-07, 1.1016592390792977e-07, 5.265190109543322e-09, 1.0500835642485951e-09, 7.143118310647333e-10, 3.889749868138985e-10, 1.2263241633186496e-10, 7.751679010063542e-11, 3.98720498735284e-11, 2.179883084409321e-11, 1.2426919074773435e-11, 4.548460645874761e-12], "rank_at_relative_tolerance_1e-8": 33, "nullspace_dimension_used": 7, "jacobian_nullspace_max_residual": 8.927449360355332e-22, "independent_null_direction_derivative_maxima": [1.7208456881689926e-11, 1.1102230246251565e-11, 1.4432899320127035e-11, 8.881784197001252e-12, 9.43689570931383e-12, 1.27675647831893e-11, 9.992007221626409e-12], "baseline_triple_maximum_eh": 3.107226953513731e-08, "proposal_basis_dimension": 7, "proposal_basis_mode": "exact_seven_dimensional_Jacobian_nullspace", "proposal_basis_max_singular_value": 1.8417668154662763e-21, "near_null_cutoff": null}}
{"case_index": 5, "seed": "fresh_b1", "trials": 1, "null_step_max_eh": 0.01583690022161603, "new_virtual_position": 5, "old_triple_max_eh": 3.574850833132359e-07, "old_tail_eh": 6.252546652324442e-05}
{"case_index": 11, "seed": "author_private", "trials": 1, "null_step_max_eh": 0.020444415752711546, "new_virtual_position": 4, "old_triple_max_eh": 3.107209295416524e-08, "old_tail_eh": -0.00015004697669351863}
{"case_index": 17, "seed": "fresh_b1", "trials": 1, "null_step_max_eh": 0.013300615243451113, "new_virtual_position": 5, "old_triple_max_eh": 3.514924680203535e-07, "old_tail_eh": 6.301471514380541e-05}
{"case_index": 23, "seed": "author_private", "trials": 1, "null_step_max_eh": 0.021581588926027476, "new_virtual_position": 7, "old_triple_max_eh": 3.107250207134982e-08, "old_tail_eh": -0.00014999907550222735}
{"case_index": 29, "seed": "fresh_b1", "trials": 1, "null_step_max_eh": 0.02120500710187296, "new_virtual_position": 0, "old_triple_max_eh": 3.569297061800647e-07, "old_tail_eh": 6.280791738194624e-05}
{"case_index": 35, "seed": "author_private", "trials": 1, "null_step_max_eh": 0.024393529080520684, "new_virtual_position": 7, "old_triple_max_eh": 3.10727920060927e-08, "old_tail_eh": -0.0001500062519234624}
{"case_index": 41, "seed": "fresh_b1", "trials": 1, "null_step_max_eh": 0.01798999354574414, "new_virtual_position": 0, "old_triple_max_eh": 3.689859308653176e-07, "old_tail_eh": 5.822171906622042e-05}
{"case_index": 47, "seed": "author_private", "trials": 1, "null_step_max_eh": 0.027372627829297634, "new_virtual_position": 5, "old_triple_max_eh": 3.107200435836788e-08, "old_tail_eh": -0.0001499613923256482}
{"case_index": 53, "seed": "fresh_b1", "trials": 1, "null_step_max_eh": 0.013097343296887172, "new_virtual_position": 4, "old_triple_max_eh": 3.639109795172679e-07, "old_tail_eh": 5.946402572032383e-05}
{"case_index": 59, "seed": "author_private", "trials": 1, "null_step_max_eh": 0.016221930775358596, "new_virtual_position": 1, "old_triple_max_eh": 3.107188178974596e-08, "old_tail_eh": -0.00014998847599606568}
{"case_index": 65, "seed": "fresh_b1", "trials": 1, "null_step_max_eh": 0.02247441747448278, "new_virtual_position": 6, "old_triple_max_eh": 3.6299233840964007e-07, "old_tail_eh": 5.770904518226372e-05}
{"case_index": 71, "seed": "author_private", "trials": 4, "null_step_max_eh": 0.011820668421122647, "new_virtual_position": 0, "old_triple_max_eh": 3.107243018440897e-08, "old_tail_eh": -0.0001499960275002099}
{"case_index": 77, "seed": "fresh_b1", "trials": 1, "null_step_max_eh": 0.023044855264021388, "new_virtual_position": 0, "old_triple_max_eh": 3.7063591273867047e-07, "old_tail_eh": 5.661233668641241e-05}
{"case_index": 83, "seed": "author_private", "trials": 1, "null_step_max_eh": 0.025022528348700696, "new_virtual_position": 6, "old_triple_max_eh": 3.107285645453928e-08, "old_tail_eh": -0.00015006544754120332}
{"case_index": 89, "seed": "fresh_b1", "trials": 1, "null_step_max_eh": 0.024274019581234933, "new_virtual_position": 4, "old_triple_max_eh": 3.70953053219214e-07, "old_tail_eh": 5.63937643418555e-05}
{"case_index": 95, "seed": "author_private", "trials": 3, "null_step_max_eh": 0.021880502418560592, "new_virtual_position": 2, "old_triple_max_eh": 3.107265456048225e-08, "old_tail_eh": -0.00014996619655122112}
{"case_index": 101, "seed": "fresh_b1", "trials": 1, "null_step_max_eh": 0.022166941643929662, "new_virtual_position": 7, "old_triple_max_eh": 3.596291038299171e-07, "old_tail_eh": 6.257178773727556e-05}
{"case_index": 107, "seed": "author_private", "trials": 1, "null_step_max_eh": 0.01662591260856739, "new_virtual_position": 6, "old_triple_max_eh": 3.10727223395979e-08, "old_tail_eh": -0.00015000383328334088}
{"case_index": 113, "seed": "fresh_b1", "trials": 1, "null_step_max_eh": 0.02107566669097773, "new_virtual_position": 2, "old_triple_max_eh": 3.605655835570154e-07, "old_tail_eh": 6.310662860009586e-05}
{"case_index": 119, "seed": "author_private", "trials": 1, "null_step_max_eh": 0.02750296613278832, "new_virtual_position": 7, "old_triple_max_eh": 3.107208396135874e-08, "old_tail_eh": -0.0001499643776456394}
{
  "case_count": 120,
  "all_checks_passed": true,
  "family_counts": {
    "local": 20,
    "collective": 20,
    "frustrated": 20,
    "bridge": 20,
    "density": 20,
    "mixed": 20
  },
  "minimum_reference_weight": 0.9457983583814862,
  "minimum_gap_eh": 0.42333464591978376,
  "maximum_residual": 8.179681657065016e-16,
  "maximum_independent_energy_error_eh": 5.329070518200751e-15,
  "maximum_independent_residual": 6.162565463501735e-15,
  "minimum_mixed_reference_weight": 0.9769886235309588,
  "minimum_mixed_gap_eh": 0.5428984574950928,
  "minimum_active_eighth_singleton_magnitude_eh": 0.0027844612664656987,
  "maximum_excluded_eighth_restriction_error_eh": 0.0,
  "maximum_old_restriction_drift_eh": 0.0001863212779656953,
  "maximum_permutation_energy_error_eh": 9.992007221626409e-16,
  "maximum_permutation_hamiltonian_error_eh": 1.7763568394002505e-15,
  "maximum_diversified_gauge_error_eh": 1.27675647831893e-15,
  "maximum_old_triple_magnitude_eh": 3.70953053219214e-07,
  "null_control_step_maxnorm_range_eh": [
    0.01182069193669424,
    0.027502918945185584
  ],
  "added_virtual_position_histogram": {
    "5": 3,
    "4": 3,
    "7": 4,
    "0": 4,
    "1": 1,
    "6": 3,
    "2": 2
  },
  "minimum_B_control_bound_margin_eh": 7.973676743433522e-06,
  "perturbed_mixed_case_count": 20,
  "cases_sha256": "f27e1e01895e4fc69c8a6d0be09c69d4c3011339e267b6d9a709b14cfaae5ae7",
  "models_sha256": "f14783d5d78294e44dfa2cfba7312484ae3465951044cdf0cbe643f6369a2fde"
}
