lattice-0 2200.0 761.6
lattice-1 3533.2 854.8
lattice-2 1502.8 638.0
lattice-3 2637.6 825.2
lattice-4 1404.6 540.4
lattice-5 1085.2 670.0
lattice-6 2465.4 878.4
lattice-7 1904.0 710.4
bottleneck-0 1015.2 853.2
bottleneck-1 1532.8 774.0
bottleneck-2 2245.6 1112.8
bottleneck-3 1853.4 887.2
bottleneck-4 1907.2 806.8
bottleneck-5 1360.4 640.8
bottleneck-6 2699.2 960.0
bottleneck-7 1960.0 1110.4
heterogeneous-0 6536.0 1734.4
heterogeneous-1 5429.8 1664.8
heterogeneous-2 3350.0 1160.0
heterogeneous-3 6596.0 2329.2
heterogeneous-4 2994.0 1238.0
heterogeneous-5 2327.2 1267.6
heterogeneous-6 3809.4 1466.0
heterogeneous-7 4220.0 1871.2
shared_dense-0 3164.0 866.8
shared_dense-1 5352.4 920.4
shared_dense-2 5861.6 1178.8
shared_dense-3 4494.0 1028.8
shared_dense-4 2838.6 777.2
shared_dense-5 4193.2 999.2
shared_dense-6 2982.4 871.2
shared_dense-7 4241.6 979.2
