{
  "status": "feasibility_demonstrated",
  "solvability_demonstrated": true,
  "hardness_not_assessed": true,
  "private_generation_time_evidence": true,
  "fresh_attempts_inspected": false,
  "authorized_champion_sha256": "4d48578f30ab4dae53a3b57fa1eeb2c4fcc6476df47c29496221bd542e8bb58d",
  "design_sha256": "01c1086bae6173bf4061a6271b7f842bf8a7791fc18bdb533888da9fb40888cb",
  "targets": {
    "overall_two_loss_reduction": 0.5,
    "every_family_two_loss_reduction": 0.3,
    "intact_mean_ratio_limit": 1.2
  },
  "physical_constraints": {
    "execution_ticks": 1599104,
    "budget_ticks": 1600000,
    "distinct_circuits": 24,
    "total_batches": 514,
    "largest_batch_allocation": 48
  },
  "numerical_checks_passed": true,
  "independent_reconstruction_errors": {
    "reference": {
      "intact": 1.1102230246251565e-15,
      "double": 2.6978419498391304e-14
    },
    "candidate": {
      "intact": 4.6629367034256575e-15,
      "double": 1.1168843627729075e-13
    }
  },
  "protected_paths_checked": 64,
  "protected_paths_changed": [],
  "first_passing_seconds": 71.82464631204493,
  "completed_search_seconds": 72.02428023796529,
  "broad_draws_used_for_this_search": false,
  "new_fresh_seed": 71389201,
  "fresh_draws_never_used_for_search": true,
  "initial_reference_broad_draws_used_in_prior_private_portfolio_work": true,
  "population_refinement": {
    "design": "robust_design.json",
    "exact_score": "robust_exact_score.json",
    "design_sha256": "7e7a8b029ab8d48ea743252161d10fda2dfcd4b06938e4789e5f2e1dedcc6558",
    "frozen_target_passed": true,
    "broad_draws_used_for_selection": true,
    "confirmation_seed": 99583321,
    "confirmation_draws_used_for_search": false,
    "independent_reconstruction_relative_error": {
      "intact": 9.769962616701378e-15,
      "double": 2.6201263381153694e-14
    },
    "comparisons": {
      "hidden": {
        "scenarios": 60,
        "core_score": 0.9476030608344137,
        "worst_family_score": 0.4838268010241076,
        "intact_mean_ratio": 1.1278409202159083,
        "passed": true,
        "family_scores": {
          "anisotropic": {
            "candidate_mean_risk": 78.46227191677288,
            "reference_mean_risk": 693.3559372934935,
            "reduction": 0.8868369509850174
          },
          "detuned": {
            "candidate_mean_risk": 18.78319479426208,
            "reference_mean_risk": 48.77524380800894,
            "reduction": 0.6149031080562664
          },
          "long_coherence": {
            "candidate_mean_risk": 8.600428964704726,
            "reference_mean_risk": 50.342350236748636,
            "reduction": 0.8291611550859492
          },
          "mixed": {
            "candidate_mean_risk": 16.206540003354014,
            "reference_mean_risk": 31.39748447906326,
            "reduction": 0.4838268010241076
          },
          "near_nominal": {
            "candidate_mean_risk": 19.40716479700129,
            "reference_mean_risk": 163.8862697709228,
            "reduction": 0.8815815087857679
          },
          "readout": {
            "candidate_mean_risk": 24.56080122135697,
            "reference_mean_risk": 2180.7560730411547,
            "reduction": 0.9887374835154736
          }
        }
      },
      "broad": {
        "scenarios": 3000,
        "core_score": 0.777309136329002,
        "worst_family_score": 0.24234279372919598,
        "intact_mean_ratio": 1.1645620494556166,
        "passed": false,
        "family_scores": {
          "anisotropic": {
            "candidate_mean_risk": 120.10858659473347,
            "reference_mean_risk": 551.2951748407127,
            "reduction": 0.7821337967823919
          },
          "detuned": {
            "candidate_mean_risk": 19.102210163036013,
            "reference_mean_risk": 97.4106309073561,
            "reduction": 0.8039001494487448
          },
          "long_coherence": {
            "candidate_mean_risk": 10.582146720910739,
            "reference_mean_risk": 35.2869957220378,
            "reduction": 0.7001119958109139
          },
          "mixed": {
            "candidate_mean_risk": 30.654646004529866,
            "reference_mean_risk": 40.459782802584726,
            "reduction": 0.24234279372919598
          },
          "near_nominal": {
            "candidate_mean_risk": 31.94928164150919,
            "reference_mean_risk": 293.6524013310281,
            "reduction": 0.8912003392558897
          },
          "readout": {
            "candidate_mean_risk": 114.53342912541052,
            "reference_mean_risk": 449.9853296466375,
            "reduction": 0.7454729708291805
          }
        }
      },
      "fresh": {
        "scenarios": 600,
        "core_score": 0.8199438674051335,
        "worst_family_score": 0.45991583642369993,
        "intact_mean_ratio": 1.1666771265637335,
        "passed": true,
        "family_scores": {
          "anisotropic": {
            "candidate_mean_risk": 77.57717965993409,
            "reference_mean_risk": 393.00095212825886,
            "reduction": 0.8026030745222821
          },
          "detuned": {
            "candidate_mean_risk": 19.44533931488429,
            "reference_mean_risk": 104.54813336140586,
            "reduction": 0.8140058680180838
          },
          "long_coherence": {
            "candidate_mean_risk": 9.52658661943541,
            "reference_mean_risk": 30.770715183101938,
            "reduction": 0.6904008709987008
          },
          "mixed": {
            "candidate_mean_risk": 30.643463450075,
            "reference_mean_risk": 56.73831139050954,
            "reduction": 0.45991583642369993
          },
          "near_nominal": {
            "candidate_mean_risk": 29.622191284819397,
            "reference_mean_risk": 235.2572949896251,
            "reduction": 0.8740859819623202
          },
          "readout": {
            "candidate_mean_risk": 45.451673302671715,
            "reference_mean_risk": 358.5749232721857,
            "reduction": 0.8732435807615848
          }
        }
      },
      "confirmation": {
        "scenarios": 600,
        "core_score": 0.7661057789857082,
        "worst_family_score": 0.27466133705246565,
        "intact_mean_ratio": 1.178349839045805,
        "passed": false,
        "family_scores": {
          "anisotropic": {
            "candidate_mean_risk": 79.56854248622138,
            "reference_mean_risk": 182.2405729617443,
            "reduction": 0.5633873336047714
          },
          "detuned": {
            "candidate_mean_risk": 21.490141792059752,
            "reference_mean_risk": 102.96884217850668,
            "reduction": 0.7912947126781861
          },
          "long_coherence": {
            "candidate_mean_risk": 10.25747313914659,
            "reference_mean_risk": 52.07588047927854,
            "reduction": 0.8030283301070995
          },
          "mixed": {
            "candidate_mean_risk": 30.21856537143221,
            "reference_mean_risk": 41.66131893291617,
            "reduction": 0.27466133705246565
          },
          "near_nominal": {
            "candidate_mean_risk": 98.78759841321492,
            "reference_mean_risk": 235.1782002980403,
            "reduction": 0.5799457675582949
          },
          "readout": {
            "candidate_mean_risk": 80.90740690630632,
            "reference_mean_risk": 759.2726411249349,
            "reduction": 0.8934409031432579
          }
        }
      }
    }
  }
}
