CONFIG n 4096 checks 384 rank 379 impulses 32612
BEST 160: 14 46 103 116 139 182 204 222 232 242 270 278 285 287 302 315 333 372 433 435 527 567 586 616 620 622 771 799 809 824 827 830 836 839 932 940 985 990 1019 1020 1051 1074 1115 1131 1172 1192 1193 1202 1204 1211 1292 1302 1352 1402 1454 1459 1510 1530 1553 1563 1600 1607 1620 1654 1687 1725 1730 1749 1752 1764 1861 1866 1984 2008 2054 2057 2125 2142 2145 2146 2189 2200 2203 2210 2240 2298 2356 2357 2376 2403 2422 2427 2459 2464 2561 2572 2587 2601 2609 2622 2658 2676 2680 2684 2693 2714 2758 2765 2827 2840 2845 2847 2862 2871 2968 2971 3052 3064 3086 3126 3169 3174 3178 3190 3208 3218 3285 3293 3402 3432 3457 3460 3471 3472 3474 3487 3497 3502 3512 3518 3522 3526 3532 3534 3541 3578 3600 3605 3739 3756 3758 3767 3830 3838 3856 3875 3893 3903 4050 4091
BEST 150: 14 20 67 71 137 139 222 242 270 285 286 299 302 315 360 378 425 431 433 435 464 498 616 622 736 744 771 797 799 809 810 824 840 868 889 893 919 940 985 990 1019 1020 1031 1051 1074 1080 1115 1131 1172 1174 1193 1202 1204 1211 1229 1267 1454 1459 1488 1510 1553 1591 1629 1654 1687 1725 1730 1749 1752 1764 1860 1861 1949 1952 2054 2069 2121 2125 2142 2146 2200 2203 2271 2289 2293 2298 2376 2422 2450 2464 2571 2584 2587 2588 2596 2609 2658 2680 2722 2738 2826 2827 2845 2847 2880 2904 2921 2923 2971 2975 3044 3052 3151 3169 3174 3178 3218 3229 3234 3254 3285 3309 3340 3376 3395 3402 3423 3432 3442 3448 3493 3499 3507 3510 3522 3533 3534 3555 3568 3582 3739 3756 3758 3767 3875 3903 3987 3995 4050 4091
BEST 148: 67 71 109 116 129 137 139 152 226 242 270 278 287 299 302 306 315 318 360 378 431 435 464 466 527 567 586 630 744 746 771 797 809 830 878 889 919 932 985 1019 1121 1142 1155 1192 1193 1197 1202 1207 1229 1241 1418 1423 1454 1463 1488 1510 1512 1514 1553 1563 1600 1607 1620 1629 1687 1697 1730 1749 1764 1772 1860 1861 1949 1965 1984 1991 2069 2105 2124 2125 2141 2146 2240 2249 2376 2395 2459 2464 2571 2572 2584 2609 2613 2622 2676 2680 2758 2778 2826 2827 2845 2847 2880 2923 2948 2968 2971 2980 3052 3062 3108 3131 3178 3190 3208 3254 3289 3293 3402 3413 3432 3445 3448 3449 3457 3460 3472 3487 3493 3497 3512 3518 3523 3529 3532 3534 3544 3568 3578 3582 3600 3605 3810 3838 3859 3893 4059 4091
BEST 146: 222 244 268 270 287 299 305 306 333 378 433 435 464 466 481 498 620 631 744 752 836 840 919 922 926 940 1019 1020 1131 1132 1193 1197 1207 1211 1292 1302 1418 1459 1488 1526 1553 1597 1600 1616 1620 1629 1679 1720 1730 1747 1764 1772 1860 1861 1947 1965 2008 2026 2074 2089 2125 2141 2142 2145 2146 2152 2200 2225 2240 2247 2289 2293 2313 2314 2316 2367 2376 2403 2450 2491 2572 2575 2584 2608 2609 2612 2622 2623 2637 2680 2714 2727 2765 2778 2826 2840 2847 2851 2862 2871 2904 2921 3013 3021 3062 3064 3178 3190 3293 3309 3340 3376 3395 3415 3442 3451 3472 3473 3479 3498 3499 3507 3509 3510 3512 3518 3521 3522 3525 3530 3532 3544 3595 3605 3736 3767 3810 3830 3856 3878 3928 3961 3978 4020 4059 4091
BEST 142: 14 44 129 152 204 244 278 287 299 315 333 372 433 435 464 466 481 498 616 631 797 830 832 889 990 1019 1051 1080 1107 1115 1121 1131 1132 1142 1168 1192 1197 1202 1241 1263 1410 1418 1514 1526 1553 1563 1607 1629 1642 1654 1687 1697 1720 1725 1730 1749 1752 1764 1861 1866 1949 1952 1984 1991 2008 2026 2057 2105 2141 2142 2145 2146 2200 2210 2263 2289 2293 2298 2313 2367 2395 2403 2422 2427 2459 2483 2575 2587 2588 2622 2758 2778 2826 2827 2968 2971 3013 3044 3086 3097 3174 3178 3208 3254 3293 3309 3402 3423 3442 3451 3457 3466 3472 3473 3474 3490 3493 3497 3499 3509 3522 3525 3526 3529 3530 3533 3541 3543 3544 3549 3568 3578 3719 3738 3758 3767 3783 3810 3875 3903 3978 3995
BEST 138: 4 27 148 157 204 253 273 319 398 417 448 454 455 457 459 461 464 465 466 468 469 472 473 478 480 481 483 485 487 488 489 492 495 503 505 509 707 716 719 742 768 774 818 823 824 825 1167 1174 1196 1199 1345 1399 1426 1461 1489 1526 1550 1573 1620 1626 1633 1645 1664 1711 1749 1780 1858 1859 1864 1869 1872 1875 1880 1881 1883 1889 1890 1891 1894 1895 1897 1900 1911 1913 1915 1918 2036 2045 2056 2081 2084 2095 2138 2165 2171 2172 2180 2223 2304 2348 2382 2400 2455 2464 2569 2583 2643 2680 2713 2717 2827 2860 2955 2999 3113 3128 3151 3157 3180 3198 3286 3300 3329 3347 3394 3395 3506 3510 3610 3635 3656 3662 3713 3731 3783 3793 4049 4073
BEST 136: 19 24 64 82 86 93 98 119 134 169 241 253 274 278 302 312 366 368 587 592 604 615 641 659 720 749 750 754 775 785 901 958 981 994 1120 1151 1192 1213 1265 1277 1295 1305 1327 1339 1378 1386 1417 1452 1497 1506 1564 1571 1605 1651 1714 1722 1874 1918 1948 1965 2052 2076 2116 2130 2156 2175 2180 2189 2190 2236 2259 2263 2282 2297 2432 2436 2465 2490 2542 2545 2561 2572 2633 2660 2720 2738 2756 2784 2796 2801 2821 2826 2900 2907 2947 2964 2983 2987 3043 3047 3079 3134 3205 3248 3266 3291 3322 3327 3363 3364 3371 3383 3457 3491 3568 3577 3610 3613 3619 3624 3635 3639 3743 3751 3763 3774 3821 3829 3854 3883 3899 3902 3934 3956 4006 4016
BEST 132: 37 57 105 125 196 198 281 283 294 297 354 373 390 424 532 538 541 543 548 557 606 611 615 636 709 718 743 757 901 946 964 976 1013 1017 1047 1061 1101 1116 1224 1228 1312 1314 1556 1587 1701 1714 1762 1783 1856 1861 1869 1872 1873 1875 1878 1882 1888 1890 1891 1894 1899 1900 1901 1904 1905 1911 1914 1918 1962 1981 1992 2031 2081 2095 2138 2154 2207 2228 2563 2565 2572 2575 2578 2579 2580 2585 2586 2588 2589 2591 2593 2594 2598 2599 2606 2607 2611 2613 2616 2618 2619 2620 2665 2678 2821 2833 2838 2877 3066 3067 3100 3135 3154 3195 3403 3431 3468 3513 3552 3554 3602 3621 3649 3655 3666 3701 3715 3765 3917 3919 4034 4094
PROGRESS 10 0.398585 4
BEST 130: 1 16 22 45 76 99 115 120 163 166 170 172 326 333 342 369 377 383 448 451 472 474 476 490 533 562 648 668 681 700 738 764 785 786 837 858 874 895 964 980 1024 1032 1034 1037 1039 1042 1044 1055 1057 1058 1063 1068 1074 1087 1093 1114 1122 1146 1220 1246 1435 1439 1519 1525 1526 1532 1620 1621 1626 1628 1650 1657 1664 1672 1686 1714 1763 1777 1868 1882 1906 1910 2060 2096 2120 2131 2142 2143 2221 2231 2293 2300 2323 2352 2436 2475 2509 2513 2518 2528 2823 2875 2974 2992 3012 3049 3104 3133 3209 3225 3227 3230 3244 3258 3338 3346 3371 3391 3400 3450 3505 3509 3619 3623 3731 3760 3843 3896 3971 4013
BEST 122: 4 14 16 22 76 99 114 116 163 167 169 170 297 319 326 342 364 369 450 453 460 461 471 476 488 490 533 562 648 681 739 764 785 797 837 864 880 895 945 957 1027 1030 1031 1037 1039 1044 1046 1051 1054 1057 1081 1086 1146 1150 1157 1178 1216 1220 1229 1269 1288 1308 1514 1519 1525 1528 1620 1621 1626 1657 1664 1683 1686 1721 1865 1886 1893 1895 1910 1913 1914 1918 2124 2131 2293 2300 2305 2308 2462 2464 2467 2475 2498 2513 2720 2733 2823 2854 2894 2927 3012 3068 3088 3133 3201 3209 3222 3227 3252 3258 3338 3346 3400 3450 3731 3735 3760 3765 3849 3859 3971 4013
BEST 112: 79 97 109 123 132 133 135 136 155 157 179 183 301 305 324 347 657 672 784 812 843 875 905 951 1099 1101 1117 1143 1173 1209 1230 1232 1239 1255 1290 1304 1347 1361 1488 1492 1537 1538 1549 1566 1569 1580 1581 1584 1585 1589 1590 1597 1613 1660 1695 1712 1744 1775 1867 1885 1894 1911 1956 1961 2030 2042 2078 2096 2114 2118 2122 2139 2140 2153 2157 2170 2375 2413 2474 2482 2715 2724 2757 2777 2789 2797 2981 2982 3037 3041 3054 3065 3285 3302 3470 3476 3502 3511 3590 3612 3625 3631 3653 3661 3676 3703 3984 3985 4000 4008 4010 4014
PROGRESS 20 0.646716 3
BEST 108: 0 56 67 88 257 274 393 438 504 511 592 602 733 757 812 820 832 848 967 979 988 992 996 1003 1006 1011 1033 1087 1088 1104 1111 1112 1179 1183 1311 1325 1388 1395 1416 1443 1545 1592 1676 1695 1825 1832 1923 1929 1972 1983 2125 2152 2213 2235 2314 2316 2326 2327 2453 2481 2487 2488 2502 2513 2536 2549 2833 2842 2905 2923 2954 2971 2982 2989 2991 2996 3083 3119 3152 3195 3206 3215 3267 3268 3277 3279 3282 3290 3299 3310 3312 3316 3342 3347 3402 3410 3530 3558 3560 3565 3596 3598 3637 3644 3797 3833 3858 3880
BEST 102: 11 47 80 111 451 504 592 595 602 622 642 682 723 726 733 747 962 967 983 988 992 994 1003 1004 1011 1012 1033 1087 1088 1104 1122 1130 1168 1183 1388 1395 1432 1440 1540 1546 1687 1702 1724 1727 1825 1854 1929 1937 1972 1983 2132 2149 2213 2235 2308 2326 2456 2471 2473 2488 2497 2498 2833 2841 2848 2852 2900 2902 2923 2938 2964 2971 2977 2982 2990 2991 3146 3166 3190 3195 3267 3273 3316 3325 3400 3410 3465 3468 3584 3596 3603 3613 3636 3637 3643 3644 3690 3706 3849 3869 3878 3895
BEST 100: 26 47 67 88 462 483 652 660 682 699 726 733 734 757 964 967 974 981 988 992 1001 1003 1011 1013 1096 1104 1179 1183 1307 1311 1388 1395 1540 1545 1546 1592 1687 1702 1724 1727 1818 1829 1837 1854 1923 1972 2115 2149 2305 2316 2320 2322 2452 2487 2497 2549 2699 2743 2830 2842 2899 2905 2964 2971 2975 2977 2994 3001 3146 3151 3265 3267 3273 3277 3279 3295 3301 3308 3316 3325 3347 3380 3400 3410 3465 3468 3587 3603 3611 3638 3642 3643 3666 3682 3797 3833 3862 3871 3880 3895
BEST 98: 47 58 67 88 409 438 483 504 587 632 646 660 667 679 685 688 713 723 740 755 757 761 964 989 992 1003 1096 1111 1409 1432 1440 1451 1461 1467 1540 1592 1682 1698 1814 1833 1841 1854 1923 1983 2178 2194 2307 2316 2320 2322 2326 2327 2330 2353 2382 2413 2471 2488 2833 2836 2953 2971 2982 2984 2985 2990 2991 2996 3175 3190 3273 3277 3316 3323 3400 3420 3421 3431 3465 3468 3546 3558 3587 3624 3630 3636 3637 3638 3643 3644 3666 3680 3716 3743 3849 3878 4059 4073
BEST 96: 130 162 223 244 259 262 275 313 329 373 478 481 546 547 551 570 796 813 866 883 904 907 915 952 965 1014 1088 1113 1156 1189 1190 1207 1217 1252 1258 1262 1271 1275 1288 1303 1604 1643 1854 1855 1882 1896 1987 2031 2275 2276 2401 2417 2432 2445 2644 2647 2665 2681 2796 2808 2884 2894 2914 2917 2920 2930 3014 3022 3041 3051 3168 3193 3203 3219 3306 3315 3333 3337 3412 3413 3589 3609 3620 3635 3742 3752 3972 3993 4013 4029 4036 4053 4077 4084 4091 4093
PROGRESS 30 1.06228 3
BEST 90: 148 161 430 436 937 952 1053 1087 1159 1188 1219 1225 1249 1251 1256 1272 1275 1279 1418 1462 1803 1804 1955 1962 1972 1977 1984 2043 2082 2083 2112 2149 2212 2217 2385 2392 2394 2401 2412 2413 2428 2431 2444 2452 2453 2488 2513 2537 2757 2766 2769 2787 2817 2820 2827 2850 2860 2863 2899 2938 2950 3001 3117 3125 3151 3159 3177 3179 3206 3225 3245 3261 3336 3341 3342 3368 3458 3468 3611 3612 3678 3707 3932 3958 3975 3979 4035 4037 4078 4095
PROGRESS 40 1.3997 3
PROGRESS 50 1.62999 3
BEST 86: 25 30 258 261 277 279 288 299 304 315 316 317 514 532 614 624 859 871 875 876 917 954 1021 1022 1091 1098 1115 1125 1128 1147 1183 1200 1222 1252 1262 1277 1374 1378 1408 1453 1481 1490 1491 1500 1503 1510 1605 1607 1609 1619 1626 1632 1638 1640 1641 1644 1645 1647 1655 1658 1739 1744 1800 1829 1856 1916 2471 2483 3032 3064 3099 3114 3352 3378 3464 3476 3498 3500 3605 3607 3847 3854 3860 3884 3904 3916
PROGRESS 60 1.89783 3
PROGRESS 70 2.1141 3
PROGRESS 80 2.43713 3
BEST 84: 69 77 82 112 321 341 379 382 397 418 556 559 579 584 594 615 624 629 921 953 1089 1094 1171 1212 1227 1234 1239 1271 1308 1334 1445 1446 1468 1471 1683 1694 1803 1805 1816 1845 1878 1905 1924 1950 1992 2016 2025 2028 2033 2034 2063 2079 2218 2222 2479 2491 2505 2532 2549 2558 2590 2621 2641 2673 2762 2770 2893 2914 2920 2930 2933 2936 3087 3095 3168 3194 3300 3315 3592 3606 3921 3924 4050 4093
PROGRESS 90 2.68993 3
PROGRESS 100 2.94206 3
PROGRESS 110 3.20959 3
PROGRESS 120 3.45832 3
PROGRESS 130 3.91019 3
PROGRESS 140 4.39026 3
PROGRESS 150 4.81275 3
PROGRESS 160 5.06956 3
PROGRESS 170 5.45994 3
PROGRESS 180 5.72119 3
PROGRESS 190 6.19082 3
PROGRESS 200 6.55905 3
PROGRESS 210 6.8052 3
PROGRESS 220 7.05738 3
PROGRESS 230 7.29893 3
PROGRESS 240 7.58295 3
PROGRESS 250 7.85667 3
PROGRESS 260 8.04884 3
PROGRESS 270 8.36708 3
PROGRESS 280 8.66727 3
PROGRESS 290 8.90296 3
PROGRESS 300 9.19976 3
PROGRESS 310 9.45384 3
PROGRESS 320 9.71867 3
PROGRESS 330 10.1771 3
PROGRESS 340 10.4446 3
PROGRESS 350 10.7084 3
PROGRESS 360 10.9417 3
PROGRESS 370 11.2057 3
PROGRESS 380 11.7112 3
PROGRESS 390 11.9507 3
PROGRESS 400 12.1809 3
PROGRESS 410 12.3931 3
PROGRESS 420 12.6248 3
PROGRESS 430 12.8397 3
PROGRESS 440 13.1459 3
PROGRESS 450 13.413 3
PROGRESS 460 13.6698 3
PROGRESS 470 13.9352 3
PROGRESS 480 14.2059 3
PROGRESS 490 14.4217 3
PROGRESS 500 14.6492 3
PROGRESS 510 14.9051 3
PROGRESS 520 15.1801 3
PROGRESS 530 15.4237 3
PROGRESS 540 15.667 3
PROGRESS 550 15.9105 3
PROGRESS 560 16.134 3
PROGRESS 570 16.3941 3
PROGRESS 580 16.6152 3
PROGRESS 590 16.8444 3
PROGRESS 600 17.102 2
PROGRESS 610 17.3791 2
PROGRESS 620 17.6678 2
PROGRESS 630 17.9745 2
PROGRESS 640 18.2668 2
PROGRESS 650 18.5611 2
PROGRESS 660 18.8402 2
PROGRESS 670 19.1172 2
PROGRESS 680 19.3928 2
PROGRESS 690 19.6791 2
PROGRESS 700 19.984 2
PROGRESS 710 20.2619 2
PROGRESS 720 20.5388 2
PROGRESS 730 20.8657 2
PROGRESS 740 21.2298 2
PROGRESS 750 21.5241 2
PROGRESS 760 21.8024 2
PROGRESS 770 22.1004 2
PROGRESS 780 22.3579 2
PROGRESS 790 22.6562 2
PROGRESS 800 22.9366 2
PROGRESS 810 23.211 2
PROGRESS 820 23.5966 2
PROGRESS 830 23.9047 2
PROGRESS 840 24.2552 2
PROGRESS 850 24.5468 2
PROGRESS 860 24.8236 2
PROGRESS 870 25.113 2
PROGRESS 880 25.4374 2
PROGRESS 890 25.7772 2
PROGRESS 900 26.0589 2
PROGRESS 910 26.3138 2
PROGRESS 920 26.6256 2
PROGRESS 930 26.941 2
PROGRESS 940 27.2053 2
PROGRESS 950 27.4884 2
PROGRESS 960 27.7702 2
PROGRESS 970 28.0355 2
PROGRESS 980 28.2896 2
PROGRESS 990 28.6246 2
PROGRESS 1000 28.8766 2
PROGRESS 1010 29.1527 2
PROGRESS 1020 29.5205 2
PROGRESS 1030 29.8527 2
END trials 1036 elapsed 30.0191
