STAGE legacy_seed ALLOWANCE 3.0
seed scan_02_00 1e-07 [(0, 0.6121951), (19, 0.5380425), (15, 0.5230098), (21, 0.5088124), (22, 0.5027582), (95, 0.4965565), (18, 0.461604), (17, 0.4510929), (37, 0.4204232), (49, 0.4190842), (13, 0.2953355), (77, 0.2798723), (16, 0.2704854), (91, 0.2400946), (23, 0.2234047), (24, 0.1910459), (25, 0.1524626), (20, 0.127948), (26, 0.1261566), (12, 0.1107008), (27, 0.1083989), (59, 0.1061627), (43, 0.1056763)]
scan_02_00 best 0.32716311456798236 trace 8.563214095455573 support [0, 13, 15, 16, 17, 18, 19, 20, 21, 22, 23, 24, 25, 37, 49, 77, 91, 95]
seed scan_02_00 1e-09 [(0, 0.6121951), (19, 0.5380425), (15, 0.5230098), (21, 0.5088124), (22, 0.5027582), (95, 0.4965565), (18, 0.461604), (17, 0.4510929), (37, 0.4204232), (49, 0.4190842), (13, 0.2953355), (77, 0.2798723), (16, 0.2704854), (91, 0.2400946), (23, 0.2234047), (24, 0.1910459), (25, 0.1524626), (20, 0.127948), (26, 0.1261566), (12, 0.1107008), (27, 0.1083989), (59, 0.1061627), (43, 0.1056763)]
seed scan_02_00 1e-05 [(0, 0.6121951), (19, 0.5380425), (15, 0.5230098), (21, 0.5088124), (22, 0.5027582), (95, 0.4965565), (18, 0.461604), (17, 0.4510929), (37, 0.4204232), (49, 0.4190842), (13, 0.2953355), (77, 0.2798723), (16, 0.2704854), (91, 0.2400946), (23, 0.2234047), (24, 0.1910459), (25, 0.1524626), (20, 0.127948), (26, 0.1261566), (12, 0.1107008), (27, 0.1083989), (59, 0.1061627), (43, 0.1056763)]
seed scan_02_00 1e-11 [(0, 0.6121951), (19, 0.5380425), (15, 0.5230098), (21, 0.5088124), (22, 0.5027582), (95, 0.4965565), (18, 0.461604), (17, 0.4510929), (37, 0.4204232), (49, 0.4190842), (13, 0.2953355), (77, 0.2798723), (16, 0.2704854), (91, 0.2400946), (23, 0.2234047), (24, 0.1910459), (25, 0.1524626), (20, 0.127948), (26, 0.1261566), (12, 0.1107008), (27, 0.1083989), (59, 0.1061627), (43, 0.1056763)]
seed scan_02_00 0.001 [(0, 0.6121951), (19, 0.5380425), (15, 0.5230098), (21, 0.5088124), (22, 0.5027582), (95, 0.4965565), (18, 0.461604), (17, 0.4510929), (37, 0.4204232), (49, 0.4190842), (13, 0.2953355), (77, 0.2798723), (16, 0.2704854), (91, 0.2400946), (23, 0.2234047), (24, 0.1910459), (25, 0.1524626), (20, 0.127948), (26, 0.1261566), (12, 0.1107008), (27, 0.1083989), (59, 0.1061627), (43, 0.1056763)]
seed scan_02_00 1e-13 [(0, 0.6121951), (19, 0.5380425), (15, 0.5230098), (21, 0.5088124), (22, 0.5027582), (95, 0.4965565), (18, 0.461604), (17, 0.4510929), (37, 0.4204232), (49, 0.4190842), (13, 0.2953355), (77, 0.2798723), (16, 0.2704854), (91, 0.2400946), (23, 0.2234047), (24, 0.1910459), (25, 0.1524626), (20, 0.127948), (26, 0.1261566), (12, 0.1107008), (27, 0.1083989), (59, 0.1061627), (43, 0.1056763)]
STAGE_ERROR legacy_seed StageTimeout stage allowance exhausted
BEST scan_02_00 0.32716311456798236 trace 8.563214095455573 support [0, 13, 15, 16, 17, 18, 19, 20, 21, 22, 23, 24, 25, 37, 49, 77, 91, 95]
STAGE whitened_seed ALLOWANCE 9.0
BEST scan_02_00 0.32716311456798236 trace 8.563214095455573 support [0, 13, 15, 16, 17, 18, 19, 20, 21, 22, 23, 24, 25, 37, 49, 77, 91, 95]
SEED scan_02_00 1e-07 [(37, 3.1223192863707125), (16, 1.6495372231346435), (24, 1.1760023798105386), (95, 0.763910199292579), (0, 0.6100586123979643), (9, 0.4498612438100667), (29, 0.21340123655785834), (55, 0.1923986323328709), (1, 0.1775760635485718), (59, 0.10872695457890105), (81, 0.10458282629024157), (47, 0.08003827345433447), (30, 0.040171485704121414), (72, 0.020967589346537467), (79, 0.019523587566922823), (41, 0.003571802045422745)]
BEST scan_02_00 0.0006304291014412138 trace 8.734057442671968 support [ 0  1  9 16 24 29 30 37 39 41 47 55 59 69 80 81 93 95]
BEST scan_02_00 3.509132816451524e-06 trace 8.733682717891343 support [ 0  1  9 16 24 29 30 37 39 41 47 55 59 69 80 81 93 95]
BEST scan_02_00 2.964946925065107e-06 trace 8.733681372625083 support [ 0  1  9 16 24 29 30 37 39 41 47 55 59 69 80 81 93 95]
BEST scan_02_00 2.576048020718395e-06 trace 8.733680661884048 support [ 0  1  9 16 24 29 30 37 39 41 47 55 59 69 80 81 93 95]
SEED scan_02_00 1e-09 [(37, 3.1223192863707125), (16, 1.6495372231346435), (24, 1.1760023798105386), (95, 0.763910199292579), (0, 0.6100586123979643), (9, 0.4498612438100667), (29, 0.21340123655785834), (55, 0.1923986323328709), (1, 0.1775760635485718), (59, 0.10872695457890105), (81, 0.10458282629024157), (47, 0.08003827345433447), (30, 0.040171485704121414), (72, 0.020967589346537467), (79, 0.019523587566922823), (41, 0.003571802045422745)]
SEED scan_02_00 1e-11 [(37, 3.1223192863707125), (16, 1.6495372231346435), (24, 1.1760023798105386), (95, 0.763910199292579), (0, 0.6100586123979643), (9, 0.4498612438100667), (29, 0.21340123655785834), (55, 0.1923986323328709), (1, 0.1775760635485718), (59, 0.10872695457890105), (81, 0.10458282629024157), (47, 0.08003827345433447), (30, 0.040171485704121414), (72, 0.020967589346537467), (79, 0.019523587566922823), (41, 0.003571802045422745)]
SEED scan_02_00 1e-05 [(37, 3.1223192863707125), (16, 1.6495372231346435), (24, 1.1760023798105386), (95, 0.763910199292579), (0, 0.6100586123979643), (9, 0.4498612438100667), (29, 0.21340123655785834), (55, 0.1923986323328709), (1, 0.1775760635485718), (59, 0.10872695457890105), (81, 0.10458282629024157), (47, 0.08003827345433447), (30, 0.040171485704121414), (72, 0.020967589346537467), (79, 0.019523587566922823), (41, 0.003571802045422745)]
SEED scan_02_00 1e-13 [(37, 3.1223192863707125), (16, 1.6495372231346435), (24, 1.1760023798105386), (95, 0.763910199292579), (0, 0.6100586123979643), (9, 0.4498612438100667), (29, 0.21340123655785834), (55, 0.1923986323328709), (1, 0.1775760635485718), (59, 0.10872695457890105), (81, 0.10458282629024157), (47, 0.08003827345433447), (30, 0.040171485704121414), (72, 0.020967589346537467), (79, 0.019523587566922823), (41, 0.003571802045422745)]
SEED scan_02_00 1e-06 [(37, 3.1223192863707125), (16, 1.6495372231346435), (24, 1.1760023798105386), (95, 0.763910199292579), (0, 0.6100586123979643), (9, 0.4498612438100667), (29, 0.21340123655785834), (55, 0.1923986323328709), (1, 0.1775760635485718), (59, 0.10872695457890105), (81, 0.10458282629024157), (47, 0.08003827345433447), (30, 0.040171485704121414), (72, 0.020967589346537467), (79, 0.019523587566922823), (41, 0.003571802045422745)]
STAGE_ERROR whitened_seed StageTimeout stage allowance exhausted
BEST scan_02_00 2.576048020718395e-06 trace 8.733680661884048 support [0, 1, 9, 16, 24, 29, 30, 37, 39, 41, 47, 55, 59, 69, 80, 81, 93, 95]
STAGE discrete_improve ALLOWANCE 9.0
BEST scan_02_00 2.576048020718395e-06 trace 8.733680661884048 support [0, 1, 9, 16, 24, 29, 30, 37, 39, 41, 47, 55, 59, 69, 80, 81, 93, 95]
BEST scan_02_00 2.0042491902200923e-06 trace 8.733680434813477 support [ 0  1  9 16 24 29 30 37 39 41 47 55 59 69 80 81 93 95]
CONT 0.001 8.322349063479111e-05
CONT 0.0001 0.00018033022884604398
CONT 1e-05 0.00019628423626008172
CONT 1e-06 0.00019623996680261587
CONT 1e-07 0.00019623112229148035
CONT 1e-08 0.00019623128823042176
CONT 1e-09 0.00019623260764385446
STAGE_ERROR discrete_improve StageTimeout stage allowance exhausted
BEST scan_02_00 2.0042491902200923e-06 trace 8.733680434813477 support [0, 1, 9, 16, 24, 29, 30, 37, 39, 41, 47, 55, 59, 69, 80, 81, 93, 95]
STAGE continuous ALLOWANCE 38.9584597699577
BEST scan_02_00 2.0042491902200923e-06 trace 8.733680434813477 support [ 0  1  9 16 24 29 30 37 39 41 47 55 59 69 80 81 93 95]
CONTINUOUS scan_02_00 0 0.0001 4.422373346748647e-05 1200 [(0, 1.511), (0, 3.200958), (0, 3.638238), (0, 4.125112), (0, 4.6802), (0, 4.986124), (0, 5.10764), (0, 4.285696), (4, 7.492724), (8, 9.646221), (8, 11.599023), (0, 5.673299), (8, 12.007802), (4, 6.794465), (2, 7.258578), (4, 7.605741), (4, 7.469362), (8, 12.871673)]
BEST scan_02_00 1.2219094383999116e-06 trace 8.73367722019916 support [ 0  3  9 16 24 28 30 37 39 41 47 55 59 69 80 81 93 95]
BEST scan_02_00 1.1462993658450937e-06 trace 8.733676774746623 support [ 0  3  9 16 24 28 30 37 39 41 47 55 59 69 80 81 93 95]
CONTINUOUS scan_02_00 0 1e-06 4.3973732101419235e-05 1200 [(0, 1.511), (0, 3.201951), (0, 3.63823), (0, 4.125195), (0, 4.680178), (0, 4.985856), (0, 5.107655), (0, 4.285692), (4, 7.494601), (8, 9.646216), (8, 11.599015), (0, 5.673938), (8, 12.008428), (4, 6.792492), (2, 7.25858), (4, 7.605701), (4, 7.470568), (8, 12.871673)]
BEST scan_02_00 1.122058239331573e-06 trace 8.733676681098256 support [ 0  3  9 16 24 28 30 37 39 41 47 55 59 69 80 81 93 95]
CONTINUOUS scan_02_00 0 1e-08 4.396917278055856e-05 1200 [(0, 1.511), (0, 3.202043), (0, 3.638229), (0, 4.125202), (0, 4.680176), (0, 4.985831), (0, 5.107657), (0, 4.285691), (4, 7.494772), (8, 9.646215), (8, 11.599015), (0, 5.673997), (8, 12.00872), (4, 6.79231), (2, 7.25858), (4, 7.605698), (4, 7.470679), (8, 12.871673)]
CONTINUOUS scan_02_00 1 0.0001 2.6277853674797996e-05 1200 [(0, 1.511), (0, 3.285616), (0, 3.663535), (0, 4.098359), (0, 4.628831), (0, 4.925036), (0, 5.16154), (0, 4.310096), (4, 7.546609), (8, 9.72121), (8, 11.598525), (0, 5.806859), (8, 12.017733), (4, 6.57829), (2, 7.241315), (4, 7.608294), (4, 7.471042), (8, 12.871668)]
CONTINUOUS scan_02_00 1 1e-06 2.5741106755132935e-05 1200 [(0, 1.511), (0, 3.285892), (0, 3.663512), (0, 4.098378), (0, 4.628863), (0, 4.924904), (0, 5.161615), (0, 4.310127), (4, 7.547146), (8, 9.721666), (8, 11.598503), (0, 5.807148), (8, 12.017872), (4, 6.577603), (2, 7.242083), (4, 7.608259), (4, 7.471393), (8, 12.871668)]
CONTINUOUS scan_02_00 1 1e-08 2.565917215757718e-05 1200 [(0, 1.511), (0, 3.286535), (0, 3.663457), (0, 4.098422), (0, 4.628936), (0, 4.924603), (0, 5.161792), (0, 4.310198), (4, 7.548412), (8, 9.722701), (8, 11.598455), (0, 5.807805), (8, 12.018194), (4, 6.576231), (2, 7.243728), (4, 7.608168), (4, 7.472301), (8, 12.871668)]
CONTINUOUS scan_02_00 2 0.0001 3.702386198923639e-05 1200 [(0, 1.511), (0, 3.398962), (0, 3.69759), (0, 4.109721), (0, 4.647717), (0, 4.917076), (0, 5.188956), (0, 4.334423), (4, 7.650882), (8, 9.649594), (8, 11.5994), (0, 5.818087), (8, 12.063048), (4, 6.484448), (2, 7.228824), (4, 7.604486), (4, 7.534457), (8, 12.871667)]
BEST scan_02_00 6.89611563439907e-07 trace 8.733674511990298 support [ 0  6 16 19 24 27 31 39 41 43 44 45 47 59 79 81 93 95]
CONTINUOUS scan_02_00 2 1e-06 3.7013986081598414e-05 1200 [(0, 1.511), (0, 3.398967), (0, 3.69759), (0, 4.109722), (0, 4.647718), (0, 4.917071), (0, 5.188959), (0, 4.334424), (4, 7.650884), (8, 9.649607), (8, 11.5994), (0, 5.818097), (8, 12.063052), (4, 6.484468), (2, 7.228867), (4, 7.604486), (4, 7.534462), (8, 12.871667)]
CONTINUOUS scan_02_00 2 1e-08 3.701386023862811e-05 532 [(0, 1.511), (0, 3.398967), (0, 3.69759), (0, 4.109722), (0, 4.647718), (0, 4.917071), (0, 5.188959), (0, 4.334424), (4, 7.650884), (8, 9.649607), (8, 11.5994), (0, 5.818097), (8, 12.063052), (4, 6.484471), (2, 7.228868), (4, 7.604486), (4, 7.534462), (8, 12.871667)]
BEST scan_02_00 6.170865630444406e-07 trace 8.733674103552843 support [ 0  6 16 19 24 27 31 39 41 43 44 45 47 59 79 81 93 95]
CONTINUOUS scan_02_00 3 0.0001 2.6582826919349656e-05 1200 [(0, 1.511), (0, 3.366866), (0, 3.64804), (0, 4.086141), (0, 4.730004), (0, 4.579903), (0, 5.172818), (0, 4.304145), (4, 7.294855), (8, 9.707691), (8, 11.603881), (0, 5.438397), (8, 11.589006), (4, 6.14869), (2, 7.111508), (4, 7.613178), (4, 7.549569), (8, 12.871671)]
CONTINUOUS scan_02_00 3 1e-06 2.955259850859667e-05 1200 [(0, 1.511), (0, 3.371195), (0, 3.647859), (0, 4.086654), (0, 4.729471), (0, 4.580539), (0, 5.174007), (0, 4.304724), (4, 7.336281), (8, 9.707119), (8, 11.60374), (0, 5.442733), (8, 11.589098), (4, 6.14158), (2, 7.245051), (4, 7.610689), (4, 7.561749), (8, 12.871672)]
CONTINUOUS scan_02_00 3 1e-08 3.0017158370749624e-05 1200 [(0, 1.511), (0, 3.371567), (0, 3.647843), (0, 4.086699), (0, 4.729427), (0, 4.580598), (0, 5.174111), (0, 4.304774), (4, 7.358656), (8, 9.707064), (8, 11.603725), (0, 5.443121), (8, 11.589111), (4, 6.140971), (2, 7.247551), (4, 7.610471), (4, 7.562823), (8, 12.871672)]
CONTINUOUS scan_02_00 4 0.0001 1.3994687774373146e-05 1200 [(0, 1.511), (0, 3.521268), (0, 3.6509), (0, 4.177795), (0, 4.709467), (0, 4.998448), (0, 5.135663), (0, 4.294081), (4, 7.503507), (8, 9.718241), (8, 11.598638), (0, 5.890643), (8, 11.879196), (4, 6.448909), (2, 7.095629), (4, 7.606479), (4, 7.552514), (8, 12.871672)]
CONTINUOUS scan_02_00 4 1e-06 1.2277297146192264e-05 1200 [(0, 1.511), (0, 3.542534), (0, 3.653853), (0, 4.175987), (0, 4.720301), (0, 4.957829), (0, 5.149262), (0, 4.303719), (4, 7.55545), (8, 9.73292), (8, 11.597286), (0, 5.987849), (8, 11.836852), (4, 6.161402), (2, 7.258588), (4, 7.60402), (4, 7.580495), (8, 12.871673)]
CONTINUOUS scan_02_00 4 1e-08 1.2465054946749396e-05 1200 [(0, 1.511), (0, 3.545744), (0, 3.654752), (0, 4.176539), (0, 4.719661), (0, 4.955939), (0, 5.152072), (0, 4.304967), (4, 7.553209), (8, 9.712193), (8, 11.597405), (0, 5.992112), (8, 11.816728), (4, 6.094896), (2, 7.258588), (4, 7.604451), (4, 7.572772), (8, 12.871673)]
CONTINUOUS scan_02_00 5 0.0001 6.361857717150643e-05 1200 [(0, 1.511), (0, 3.667083), (0, 3.638265), (0, 4.196816), (0, 4.754354), (0, 4.958648), (0, 5.086876), (0, 4.267374), (4, 6.157994), (8, 9.752524), (8, 11.599138), (0, 5.870962), (8, 12.381235), (4, 5.939763), (2, 7.10005), (4, 7.603225), (4, 7.569794), (8, 12.871673)]
CONTINUOUS scan_02_00 5 1e-06 6.36224033906859e-05 1200 [(0, 1.511), (0, 3.66708), (0, 3.638265), (0, 4.196815), (0, 4.754356), (0, 4.958645), (0, 5.086877), (0, 4.267375), (4, 6.158035), (8, 9.752523), (8, 11.599137), (0, 5.870959), (8, 12.381228), (4, 5.939766), (2, 7.100045), (4, 7.603225), (4, 7.569786), (8, 12.871673)]
STAGE_ERROR continuous StageTimeout stage allowance exhausted
BEST scan_02_00 6.170865630444406e-07 trace 8.733674103552843 support [0, 6, 16, 19, 24, 27, 31, 39, 41, 43, 44, 45, 47, 59, 79, 81, 93, 95]
