STAGE legacy_seed ALLOWANCE 5
seed scan_02_02 1e-07 [(92, 1.0228), (0, 1.0123688), (1, 0.7957428), (64, 0.383229), (23, 0.2930609), (26, 0.2199533), (25, 0.191316), (28, 0.1856837), (62, 0.1829487), (27, 0.1684107), (2, 0.1557198), (22, 0.1533546), (24, 0.141814), (21, 0.1347152), (90, 0.1231204), (20, 0.1177483), (19, 0.1030661), (30, 0.1021241), (18, 0.0892529), (78, 0.0817775), (17, 0.0764192)]
scan_02_02 best 0.03125586113380916 trace 7.520475960693411 support [0, 1, 2, 20, 21, 22, 23, 24, 25, 26, 27, 28, 62, 64, 90, 92]
seed scan_02_02 1e-09 [(92, 1.0228), (0, 1.0123688), (1, 0.7957428), (64, 0.383229), (23, 0.2930609), (26, 0.2199533), (25, 0.191316), (28, 0.1856837), (62, 0.1829487), (27, 0.1684107), (2, 0.1557198), (22, 0.1533546), (24, 0.141814), (21, 0.1347152), (90, 0.1231204), (20, 0.1177483), (19, 0.1030661), (30, 0.1021241), (18, 0.0892529), (78, 0.0817775), (17, 0.0764192)]
seed scan_02_02 1e-05 [(92, 1.0228), (0, 1.0123688), (1, 0.7957428), (64, 0.383229), (23, 0.2930609), (26, 0.2199533), (25, 0.191316), (28, 0.1856837), (62, 0.1829487), (27, 0.1684107), (2, 0.1557198), (22, 0.1533546), (24, 0.141814), (21, 0.1347152), (90, 0.1231204), (20, 0.1177483), (19, 0.1030661), (30, 0.1021241), (18, 0.0892529), (78, 0.0817775), (17, 0.0764192)]
seed scan_02_02 1e-11 [(92, 1.0228), (0, 1.0123688), (1, 0.7957428), (64, 0.383229), (23, 0.2930609), (26, 0.2199533), (25, 0.191316), (28, 0.1856837), (62, 0.1829487), (27, 0.1684107), (2, 0.1557198), (22, 0.1533546), (24, 0.141814), (21, 0.1347152), (90, 0.1231204), (20, 0.1177483), (19, 0.1030661), (30, 0.1021241), (18, 0.0892529), (78, 0.0817775), (17, 0.0764192)]
seed scan_02_02 0.001 [(92, 1.066728), (0, 1.0124367), (1, 0.5716538), (64, 0.4460173), (2, 0.402878), (26, 0.2840032), (27, 0.2764671), (25, 0.2718468), (24, 0.2426852), (28, 0.2157458), (23, 0.1962339), (22, 0.1500952), (62, 0.1363902), (86, 0.1343534), (29, 0.1320424), (21, 0.1151215), (90, 0.0983441), (4, 0.0913108), (20, 0.0911178), (76, 0.083406), (42, 0.0804083)]
scan_02_02 best 0.029049204695590965 trace 7.524479675406145 support [0, 1, 2, 21, 22, 23, 24, 25, 26, 27, 28, 29, 62, 64, 86, 92]
seed scan_02_02 1e-13 [(92, 1.0228), (0, 1.0123688), (1, 0.7957428), (64, 0.383229), (23, 0.2930609), (26, 0.2199533), (25, 0.191316), (28, 0.1856837), (62, 0.1829487), (27, 0.1684107), (2, 0.1557198), (22, 0.1533546), (24, 0.141814), (21, 0.1347152), (90, 0.1231204), (20, 0.1177483), (19, 0.1030661), (30, 0.1021241), (18, 0.0892529), (78, 0.0817775), (17, 0.0764192)]
seed scan_02_02 1.0 [(81, 1.0705802), (0, 1.0231733), (92, 0.7232141), (74, 0.6939629), (38, 0.6650483), (56, 0.6625986), (50, 0.6527497), (57, 0.6299988), (86, 0.625975), (62, 0.6255682), (44, 0.6114028), (68, 0.6103865), (80, 0.6097087), (64, 0.5744328), (52, 0.5734931), (70, 0.5729357), (82, 0.5721896), (40, 0.5569732), (94, 0.5550308), (46, 0.5513281), (76, 0.5505276)]
BEST scan_02_02 0.029049204695590965 trace 7.524479675406145 support [0, 1, 2, 21, 22, 23, 24, 25, 26, 27, 28, 29, 62, 64, 86, 92]
STAGE whitened_seed ALLOWANCE 45.0
BEST scan_02_02 0.029049204695590965 trace 7.524479675406145 support [0, 1, 2, 21, 22, 23, 24, 25, 26, 27, 28, 29, 62, 64, 86, 92]
SEED scan_02_02 1e-07 [(92, 1.079141525605955), (0, 1.0122882381986211), (20, 0.8464598888458101), (1, 0.7562788251960333), (26, 0.6891656785582151), (18, 0.6141271337952763), (29, 0.5892522045077041), (7, 0.45555375897750083), (64, 0.45120069918911543), (3, 0.35096873279032587), (86, 0.26731676359319667), (33, 0.15534456182233963), (46, 0.12498567647211609), (80, 0.05751533897510678), (44, 0.05191803000465401), (58, 0.03419634784440269)]
SEED scan_02_02 1e-09 [(92, 1.079141525605955), (0, 1.0122882381986211), (20, 0.8464598888458101), (1, 0.7562788251960333), (26, 0.6891656785582151), (18, 0.6141271337952763), (29, 0.5892522045077041), (7, 0.45555375897750083), (64, 0.45120069918911543), (3, 0.35096873279032587), (86, 0.26731676359319667), (33, 0.15534456182233963), (46, 0.12498567647211609), (80, 0.05751533897510678), (44, 0.05191803000465401), (58, 0.03419634784440269)]
SEED scan_02_02 1e-11 [(92, 1.079141525605955), (0, 1.0122882381986211), (20, 0.8464598888458101), (1, 0.7562788251960333), (26, 0.6891656785582151), (18, 0.6141271337952763), (29, 0.5892522045077041), (7, 0.45555375897750083), (64, 0.45120069918911543), (3, 0.35096873279032587), (86, 0.26731676359319667), (33, 0.15534456182233963), (46, 0.12498567647211609), (80, 0.05751533897510678), (44, 0.05191803000465401), (58, 0.03419634784440269)]
SEED scan_02_02 1e-05 [(92, 1.079141525605955), (0, 1.0122882381986211), (20, 0.8464598888458101), (1, 0.7562788251960333), (26, 0.6891656785582151), (18, 0.6141271337952763), (29, 0.5892522045077041), (7, 0.45555375897750083), (64, 0.45120069918911543), (3, 0.35096873279032587), (86, 0.26731676359319667), (33, 0.15534456182233963), (46, 0.12498567647211609), (80, 0.05751533897510678), (44, 0.05191803000465401), (58, 0.03419634784440269)]
SEED scan_02_02 1e-13 [(92, 1.079141525605955), (0, 1.0122882381986211), (20, 0.8464598888458101), (1, 0.7562788251960333), (26, 0.6891656785582151), (18, 0.6141271337952763), (29, 0.5892522045077041), (7, 0.45555375897750083), (64, 0.45120069918911543), (3, 0.35096873279032587), (86, 0.26731676359319667), (33, 0.15534456182233963), (46, 0.12498567647211609), (80, 0.05751533897510678), (44, 0.05191803000465401), (58, 0.03419634784440269)]
SEED scan_02_02 1e-06 [(92, 1.079141525605955), (0, 1.0122882381986211), (20, 0.8464598888458101), (1, 0.7562788251960333), (26, 0.6891656785582151), (18, 0.6141271337952763), (29, 0.5892522045077041), (7, 0.45555375897750083), (64, 0.45120069918911543), (3, 0.35096873279032587), (86, 0.26731676359319667), (33, 0.15534456182233963), (46, 0.12498567647211609), (80, 0.05751533897510678), (44, 0.05191803000465401), (58, 0.03419634784440269)]
SEED scan_02_02 1e-08 [(92, 1.079141525605955), (0, 1.0122882381986211), (20, 0.8464598888458101), (1, 0.7562788251960333), (26, 0.6891656785582151), (18, 0.6141271337952763), (29, 0.5892522045077041), (7, 0.45555375897750083), (64, 0.45120069918911543), (3, 0.35096873279032587), (86, 0.26731676359319667), (33, 0.15534456182233963), (46, 0.12498567647211609), (80, 0.05751533897510678), (44, 0.05191803000465401), (58, 0.03419634784440269)]
SEED scan_02_02 1e-10 [(92, 1.079141525605955), (0, 1.0122882381986211), (20, 0.8464598888458101), (1, 0.7562788251960333), (26, 0.6891656785582151), (18, 0.6141271337952763), (29, 0.5892522045077041), (7, 0.45555375897750083), (64, 0.45120069918911543), (3, 0.35096873279032587), (86, 0.26731676359319667), (33, 0.15534456182233963), (46, 0.12498567647211609), (80, 0.05751533897510678), (44, 0.05191803000465401), (58, 0.03419634784440269)]
BEST scan_02_02 0.0290492046708341 trace 7.524479676145146 support [ 0  1  2 21 22 23 24 25 26 27 28 29 62 64 86 92]
CONT 0.001 4.7990009022791815
CONT 0.0001 47.42234876184607
BEST scan_02_02 0.029049204657309282 trace 7.52447967629208 support [ 0  1  2 21 22 23 24 25 26 27 28 29 62 64 86 92]
CONT 1e-05 423.15134986984856
CONT 1e-06 3815.8132118489243
CONT 1e-07 nan
CONT 1e-08 nan
CONT 1e-09 nan
BEST scan_02_02 0.02816728791693664 trace 7.5223276764384135 support [ 0  2  6 21 22 23 24 25 26 27 28 29 62 64 86 92]
BEST scan_02_02 0.027425297031593406 trace 7.521444865444812 support [ 0  2  4 22 23 24 25 26 27 28 29 48 62 64 86 92]
BEST scan_02_02 0.0269522492644211 trace 7.520877214249725 support [ 0  4 11 22 23 24 25 26 27 28 29 48 62 64 86 92]
BEST scan_02_02 0.02686551331179239 trace 7.521653321925294 support [ 0  4 11 22 23 24 26 27 28 29 32 48 62 64 86 92]
BEST scan_02_02 0.023538484006298634 trace 7.517734072200889 support [ 0  4 11 22 23 24 26 27 28 29 32 48 64 68 86 92]
BEST scan_02_02 0.02351594752704559 trace 7.517334610640876 support [ 0  4 11 20 21 22 23 27 28 29 32 48 64 68 86 92]
BEST scan_02_02 0.023429432216271823 trace 7.517060503148758 support [ 0  4 11 20 21 22 23 24 27 29 32 48 64 68 86 92]
BEST scan_02_02 0.023412279507896337 trace 7.51708346102501 support [ 0  4 11 20 21 23 24 26 27 29 32 48 64 68 86 92]
BEST scan_02_02 0.022174378935538135 trace 7.527200185340661 support [ 0  4 11 20 21 22 23 24 26 27 32 48 64 68 86 92]
BEST scan_02_02 0.01448162797901189 trace 7.533662770969041 support [ 0  4 11 21 22 23 24 26 27 32 48 68 70 78 86 92]
BEST scan_02_02 0.014318224658047256 trace 7.53232869789834 support [ 0  4 11 21 22 23 24 26 30 32 48 68 70 78 86 92]
BEST scan_02_02 0.014308748902462606 trace 7.534814705310426 support [ 0  4 11 21 22 23 24 26 30 32 48 70 74 78 86 92]
BEST scan_02_02 0.014238330530269289 trace 7.532440157026111 support [ 0  4 11 21 22 23 24 26 30 32 44 48 70 78 86 92]
BEST scan_02_02 0.014207572931101298 trace 7.534027954893163 support [ 0  4 11 21 22 23 24 26 32 35 44 48 70 78 86 92]
BEST scan_02_02 0.013539954751988992 trace 7.538435023447706 support [ 0  4 11 21 22 24 26 32 35 44 48 61 70 78 86 92]
BEST scan_02_02 0.013453682460052494 trace 7.536701282719084 support [ 0  3  4 11 22 24 26 32 35 44 48 61 70 78 86 92]
BEST scan_02_02 0.013373181615463305 trace 7.540579606486471 support [ 0  3  4 11 22 24 26 32 35 44 48 61 70 86 91 92]
BEST scan_02_02 0.009377965936235012 trace 7.5434646752211325 support [ 0  3  4 11 15 22 24 26 32 35 44 48 61 82 86 92]
BEST scan_02_02 0.009369721456983268 trace 7.543548247816516 support [ 0  3  4 11 15 22 25 26 32 35 44 48 61 82 86 92]
BEST scan_02_02 0.009345598222698193 trace 7.543522986191474 support [ 0  3  7 11 15 22 25 26 32 35 44 48 61 82 86 92]
BEST scan_02_02 0.00934521246214613 trace 7.543532184945998 support [ 0  2  3  7 11 15 22 23 26 35 44 48 61 82 86 92]
BEST scan_02_02 0.009334890863590442 trace 7.543406977392028 support [ 0  2  3  7 11 13 22 23 26 35 44 48 61 82 86 92]
STAGE_ERROR whitened_seed StageTimeout stage allowance exhausted
BEST scan_02_02 0.009334890863590442 trace 7.543406977392028 support [0, 2, 3, 7, 11, 13, 22, 23, 26, 35, 44, 48, 61, 82, 86, 92]
STAGE discrete_improve ALLOWANCE 45.0
BEST scan_02_02 0.009334890863590442 trace 7.543406977392028 support [0, 2, 3, 7, 11, 13, 22, 23, 26, 35, 44, 48, 61, 82, 86, 92]
CONT 0.001 1.9498585144424936
CONT 0.0001 17.725882662820684
CONT 1e-05 163.90729824500593
CONT 1e-06 nan
CONT 1e-07 nan
CONT 1e-08 nan
CONT 1e-09 nan
STAGE_ERROR discrete_improve StageTimeout stage allowance exhausted
BEST scan_02_02 0.009334890863590442 trace 7.543406977392028 support [0, 2, 3, 7, 11, 13, 22, 23, 26, 35, 44, 48, 61, 82, 86, 92]
STAGE continuous ALLOWANCE 209.04198205494322
BEST scan_02_02 0.009334890863590442 trace 7.543406977392028 support [ 0  2  3  7 11 13 22 23 26 35 44 48 61 82 86 92]
CONTINUOUS scan_02_02 0 0.0001 0.2046889832213974 532 [(0, 1.511), (0, 3.08), (0, 3.082756), (0, 3.323533), (0, 3.680993), (0, 3.677108), (0, 3.677089), (0, 4.161775), (0, 4.432696), (0, 4.432696), (2, 6.661346), (0, 4.161776), (0, 4.784181), (6, 10.9398), (2, 5.431504), (2, 6.796407)]
CONTINUOUS scan_02_02 0 1e-06 0.2083803473835107 125 [(0, 1.511), (0, 3.08), (0, 3.232424), (0, 3.232424), (0, 3.84026), (0, 3.803857), (0, 3.884307), (0, 4.25983), (0, 5.863965), (0, 4.259829), (2, 6.651618), (0, 4.059996), (0, 4.651183), (6, 10.956973), (2, 5.413173), (2, 6.791647)]
CONTINUOUS scan_02_02 0 1e-08 0.21017886616898757 186 [(0, 1.511), (0, 3.08), (0, 3.231338), (0, 3.231338), (0, 3.885725), (0, 3.842158), (0, 4.022197), (0, 4.257976), (0, 5.880977), (0, 4.257976), (2, 6.652698), (0, 4.043473), (0, 4.636769), (6, 10.956973), (2, 5.414778), (2, 6.791334)]
CONTINUOUS scan_02_02 1 0.0001 0.20468925258663742 376 [(0, 1.511), (0, 3.08), (0, 3.082676), (0, 3.147317), (0, 3.677782), (0, 3.677782), (0, 3.677782), (0, 4.16177), (0, 4.432644), (0, 4.432644), (2, 6.661346), (0, 4.161769), (0, 4.78418), (6, 10.9398), (2, 5.431504), (2, 6.796407)]
CONTINUOUS scan_02_02 1 1e-06 0.20838035286892212 196 [(0, 1.511), (0, 3.08), (0, 3.232424), (0, 3.232424), (0, 3.799586), (0, 4.259829), (0, 4.259829), (0, 4.069706), (0, 5.863966), (0, 4.259829), (2, 6.651618), (0, 4.059974), (0, 4.651184), (6, 10.956973), (2, 5.413173), (2, 6.791647)]
CONTINUOUS scan_02_02 1 1e-08 0.21017886115300702 133 [(0, 1.511), (0, 3.08), (0, 3.231338), (0, 3.231338), (0, 3.871774), (0, 4.257976), (0, 4.257976), (0, 4.043474), (0, 5.880977), (0, 4.257976), (2, 6.652698), (0, 4.043473), (0, 4.63677), (6, 10.956973), (2, 5.414778), (2, 6.791334)]
CONTINUOUS scan_02_02 2 0.0001 0.20468927882746357 456 [(0, 1.511), (0, 3.08), (0, 3.082679), (0, 3.36736), (0, 3.677782), (0, 3.677782), (0, 3.677782), (0, 4.161766), (0, 4.432644), (0, 4.432643), (2, 6.661346), (0, 4.161764), (0, 4.784176), (6, 10.9398), (2, 5.431504), (2, 6.796407)]
CONTINUOUS scan_02_02 2 1e-06 0.20838032117802455 136 [(0, 1.511), (0, 3.08), (0, 3.232521), (0, 3.232307), (0, 3.613304), (0, 3.616276), (0, 3.646361), (0, 3.649927), (0, 5.863977), (0, 4.259829), (2, 6.651618), (0, 4.059996), (0, 4.651183), (6, 10.956973), (2, 5.413173), (2, 6.791647)]
CONTINUOUS scan_02_02 2 1e-08 0.21017885723809926 344 [(0, 1.511), (0, 3.08), (0, 3.231363), (0, 3.231307), (0, 3.635291), (0, 3.631469), (0, 3.661958), (0, 3.739478), (0, 5.880981), (0, 4.257976), (2, 6.652698), (0, 4.043474), (0, 4.63677), (6, 10.956973), (2, 5.414778), (2, 6.791334)]
CONTINUOUS scan_02_02 3 0.0001 0.20468923368130823 630 [(0, 1.511), (0, 3.677779), (0, 3.465599), (0, 3.08), (0, 4.161772), (0, 3.082673), (0, 4.125608), (0, 4.16179), (0, 4.432643), (0, 3.677774), (2, 6.661346), (0, 4.161772), (0, 4.784183), (6, 10.9398), (2, 5.431504), (2, 6.796407)]
CONTINUOUS scan_02_02 3 1e-06 0.20838157437901927 378 [(0, 1.511), (0, 3.834766), (0, 3.232419), (0, 3.08), (0, 4.059995), (0, 3.232418), (0, 4.259814), (0, 4.259814), (0, 5.863332), (0, 4.259813), (2, 6.651618), (0, 4.059995), (0, 4.651183), (6, 10.956973), (2, 5.413174), (2, 6.791647)]
CONTINUOUS scan_02_02 3 1e-08 0.2101788681562593 170 [(0, 1.511), (0, 3.880904), (0, 3.231337), (0, 3.08), (0, 4.043473), (0, 3.231338), (0, 4.257976), (0, 4.257976), (0, 5.880977), (0, 4.257976), (2, 6.652698), (0, 4.043473), (0, 4.636769), (6, 10.956973), (2, 5.414778), (2, 6.791334)]
CONTINUOUS scan_02_02 4 0.0001 0.20468940949841832 986 [(0, 1.511), (0, 3.08), (0, 3.082635), (0, 3.456672), (0, 3.677693), (0, 3.677692), (0, 3.677687), (0, 3.22182), (0, 4.432619), (0, 4.432618), (2, 6.661346), (0, 4.161748), (0, 4.784162), (6, 10.9398), (2, 5.431504), (2, 6.796407)]
CONTINUOUS scan_02_02 4 1e-06 0.2083803488999837 151 [(0, 1.511), (0, 3.08), (0, 3.232424), (0, 4.259829), (0, 3.961465), (0, 4.259826), (0, 4.259826), (0, 3.232424), (0, 5.863965), (0, 4.25983), (2, 6.651618), (0, 4.059996), (0, 4.651183), (6, 10.956973), (2, 5.413173), (2, 6.791647)]
CONTINUOUS scan_02_02 4 1e-08 0.21017886545674583 152 [(0, 1.511), (0, 3.08), (0, 3.231338), (0, 4.257976), (0, 4.044941), (0, 4.257976), (0, 4.257976), (0, 3.231338), (0, 5.880977), (0, 4.257976), (2, 6.652698), (0, 4.043473), (0, 4.636769), (6, 10.956973), (2, 5.414778), (2, 6.791334)]
CONTINUOUS scan_02_02 5 0.0001 0.2046893969531226 882 [(0, 1.511), (0, 3.08), (0, 3.082644), (0, 3.196412), (0, 3.677709), (0, 3.677709), (0, 3.677709), (0, 4.161756), (0, 4.432622), (0, 4.432623), (2, 6.661346), (0, 4.161748), (0, 4.784163), (6, 10.9398), (2, 5.431504), (2, 6.796407)]
CONTINUOUS scan_02_02 5 1e-06 0.20838035967172908 169 [(0, 1.511), (0, 3.08), (0, 3.232424), (0, 3.232424), (0, 3.760126), (0, 3.840269), (0, 4.258556), (0, 4.259853), (0, 5.863961), (0, 4.259853), (2, 6.651618), (0, 4.059996), (0, 4.651183), (6, 10.956973), (2, 5.413173), (2, 6.791647)]
CONTINUOUS scan_02_02 5 1e-08 0.21017886831201474 156 [(0, 1.511), (0, 3.08), (0, 3.231338), (0, 3.231338), (0, 3.825454), (0, 3.881523), (0, 4.257976), (0, 4.257976), (0, 5.880977), (0, 4.257976), (2, 6.652698), (0, 4.043473), (0, 4.636769), (6, 10.956973), (2, 5.414778), (2, 6.791334)]
CONTINUOUS scan_02_02 6 0.0001 0.20468923034766923 922 [(0, 1.511), (0, 3.08), (0, 3.082659), (0, 4.161774), (0, 3.677774), (0, 3.142246), (0, 4.432643), (0, 4.16177), (0, 4.432643), (0, 3.677777), (2, 6.661346), (0, 4.784184), (0, 4.161774), (6, 10.9398), (2, 5.431504), (2, 6.796407)]
CONTINUOUS scan_02_02 6 1e-06 0.20838044529792 156 [(0, 1.511), (0, 3.08), (0, 3.232423), (0, 4.059996), (0, 4.259827), (0, 3.232423), (0, 4.259829), (0, 4.059996), (0, 5.863916), (0, 4.259826), (2, 6.651618), (0, 4.651183), (0, 4.059996), (6, 10.956973), (2, 5.413173), (2, 6.791647)]
CONTINUOUS scan_02_02 6 1e-08 0.21017886797873284 61 [(0, 1.511), (0, 3.08), (0, 3.231338), (0, 4.043473), (0, 4.257976), (0, 3.231338), (0, 4.257976), (0, 4.043473), (0, 5.880977), (0, 4.257976), (2, 6.652698), (0, 4.636769), (0, 4.043473), (6, 10.956973), (2, 5.414778), (2, 6.791334)]
CONTINUOUS scan_02_02 7 0.0001 0.20468929917295164 603 [(0, 1.511), (0, 3.08), (0, 3.082676), (0, 3.290776), (0, 3.677777), (0, 3.677776), (0, 3.677776), (0, 4.161764), (0, 4.432642), (0, 4.432641), (2, 6.661346), (0, 4.161761), (0, 4.784173), (6, 10.9398), (2, 5.431504), (2, 6.796407)]
CONTINUOUS scan_02_02 7 1e-06 0.20838035036803562 136 [(0, 1.511), (0, 3.08), (0, 3.232424), (0, 3.232424), (0, 3.947059), (0, 4.259643), (0, 4.259836), (0, 4.259833), (0, 5.863964), (0, 4.259833), (2, 6.651618), (0, 4.059996), (0, 4.651183), (6, 10.956973), (2, 5.413173), (2, 6.791647)]
CONTINUOUS scan_02_02 7 1e-08 0.2101788693589112 60 [(0, 1.511), (0, 3.08), (0, 3.231338), (0, 3.231338), (0, 4.043473), (0, 4.257976), (0, 4.257976), (0, 4.257976), (0, 5.880977), (0, 4.257976), (2, 6.652698), (0, 4.043473), (0, 4.636769), (6, 10.956973), (2, 5.414778), (2, 6.791334)]
CONTINUOUS scan_02_02 8 0.0001 0.20468925022264695 302 [(0, 1.511), (0, 3.08), (0, 3.082677), (0, 3.266945), (0, 3.677782), (0, 3.677781), (0, 3.677781), (0, 4.161771), (0, 4.432644), (0, 4.432644), (2, 6.661346), (0, 4.161769), (0, 4.78418), (6, 10.9398), (2, 5.431504), (2, 6.796407)]
CONTINUOUS scan_02_02 8 1e-06 0.2083803770885269 131 [(0, 1.511), (0, 3.08), (0, 3.232423), (0, 3.232425), (0, 3.724485), (0, 3.959692), (0, 4.259834), (0, 4.25983), (0, 5.863964), (0, 4.259828), (2, 6.651618), (0, 4.059996), (0, 4.651183), (6, 10.956973), (2, 5.413173), (2, 6.791647)]
CONTINUOUS scan_02_02 8 1e-08 0.21017885282213544 190 [(0, 1.511), (0, 3.08), (0, 3.231337), (0, 3.231338), (0, 3.843814), (0, 3.993492), (0, 4.257976), (0, 4.257976), (0, 5.880977), (0, 4.257976), (2, 6.652698), (0, 4.043473), (0, 4.63677), (6, 10.956973), (2, 5.414778), (2, 6.791334)]
CONTINUOUS scan_02_02 9 0.0001 0.20468922747723609 463 [(0, 1.511), (0, 3.08), (0, 3.082673), (0, 4.161795), (0, 3.67777), (0, 3.677764), (0, 4.432643), (0, 4.161759), (0, 4.432643), (0, 3.84751), (2, 6.661346), (0, 4.784184), (0, 4.784183), (6, 10.9398), (2, 5.431504), (2, 6.796407)]
CONTINUOUS scan_02_02 9 1e-06 0.20838034227403923 123 [(0, 1.511), (0, 3.08), (0, 3.232424), (0, 4.059996), (0, 3.528022), (0, 3.516468), (0, 4.259829), (0, 4.059996), (0, 5.863968), (0, 4.259829), (2, 6.651618), (0, 4.651183), (0, 4.651183), (6, 10.956973), (2, 5.413173), (2, 6.791647)]
CONTINUOUS scan_02_02 9 1e-08 0.21017886948207107 427 [(0, 1.511), (0, 3.08), (0, 3.231338), (0, 4.043474), (0, 3.531167), (0, 3.544638), (0, 4.257976), (0, 4.043474), (0, 5.880977), (0, 4.257976), (2, 6.652698), (0, 4.63677), (0, 4.63677), (6, 10.956973), (2, 5.414778), (2, 6.791334)]
CONTINUOUS scan_02_02 10 0.0001 0.20469165529948924 352 [(0, 1.511), (0, 3.08), (0, 3.08), (0, 3.326766), (0, 3.672283), (0, 3.672244), (0, 3.672304), (0, 4.161555), (0, 4.431335), (0, 4.431337), (2, 6.661345), (0, 4.161614), (0, 4.784087), (6, 10.9398), (2, 5.431503), (2, 6.796407)]
CONTINUOUS scan_02_02 10 1e-06 0.20838034907850578 146 [(0, 1.511), (0, 3.08), (0, 3.232424), (0, 3.232424), (0, 3.969121), (0, 4.259814), (0, 4.259827), (0, 4.259829), (0, 5.863965), (0, 4.25983), (2, 6.651618), (0, 4.059996), (0, 4.651183), (6, 10.956973), (2, 5.413173), (2, 6.791647)]
CONTINUOUS scan_02_02 10 1e-08 0.2101788716421167 52 [(0, 1.511), (0, 3.08), (0, 3.231338), (0, 3.231338), (0, 4.202731), (0, 4.257976), (0, 4.257976), (0, 4.257976), (0, 5.880977), (0, 4.257976), (2, 6.652698), (0, 4.043473), (0, 4.636769), (6, 10.956973), (2, 5.414778), (2, 6.791334)]
CONTINUOUS scan_02_02 11 0.0001 0.2046892233814971 362 [(0, 1.511), (0, 3.08), (0, 3.082669), (0, 3.396705), (0, 3.677764), (0, 3.677764), (0, 3.677764), (0, 4.161772), (0, 4.432641), (0, 4.432641), (2, 6.661346), (0, 4.161775), (0, 4.784185), (6, 10.9398), (2, 5.431504), (2, 6.796407)]
CONTINUOUS scan_02_02 11 1e-06 0.2083803478250747 163 [(0, 1.511), (0, 3.08), (0, 3.232424), (0, 3.232424), (0, 4.050289), (0, 4.259828), (0, 4.259828), (0, 4.059999), (0, 5.863965), (0, 4.259829), (2, 6.651618), (0, 4.059999), (0, 4.651183), (6, 10.956973), (2, 5.413173), (2, 6.791647)]
CONTINUOUS scan_02_02 11 1e-08 0.2101788679102256 75 [(0, 1.511), (0, 3.08), (0, 3.231338), (0, 3.231338), (0, 4.08203), (0, 4.257976), (0, 4.257976), (0, 4.043473), (0, 5.880977), (0, 4.257976), (2, 6.652698), (0, 4.043473), (0, 4.636769), (6, 10.956973), (2, 5.414778), (2, 6.791334)]
CONTINUOUS scan_02_02 12 0.0001 0.2046893279404283 725 [(0, 1.511), (0, 3.08), (0, 3.082659), (0, 3.678072), (0, 3.677926), (0, 3.672852), (0, 3.677928), (0, 4.161765), (0, 4.432632), (0, 4.432632), (2, 6.661346), (0, 4.161765), (0, 4.784177), (6, 10.9398), (2, 5.431504), (2, 6.796407)]
CONTINUOUS scan_02_02 12 1e-06 0.20838037006452786 120 [(0, 1.511), (0, 3.08), (0, 3.232424), (0, 3.771661), (0, 4.259828), (0, 3.786805), (0, 4.259829), (0, 4.059996), (0, 5.863966), (0, 4.25983), (2, 6.651618), (0, 4.059996), (0, 4.651183), (6, 10.956973), (2, 5.413173), (2, 6.791647)]
CONTINUOUS scan_02_02 12 1e-08 0.2101788554937481 221 [(0, 1.511), (0, 3.08), (0, 3.231338), (0, 3.895721), (0, 4.257976), (0, 3.896857), (0, 4.257976), (0, 4.043473), (0, 5.880977), (0, 4.257976), (2, 6.652698), (0, 4.043473), (0, 4.636769), (6, 10.956973), (2, 5.414778), (2, 6.791334)]
CONTINUOUS scan_02_02 13 0.0001 0.20468919186268433 1200 [(0, 1.511), (0, 3.08), (0, 3.082677), (0, 3.43339), (0, 3.677655), (0, 3.677658), (0, 3.677653), (0, 4.161775), (0, 3.766828), (0, 4.432654), (2, 6.661346), (0, 4.161775), (0, 4.784184), (6, 10.9398), (2, 5.431504), (2, 6.796407)]
CONTINUOUS scan_02_02 13 1e-06 0.20838129749879156 221 [(0, 1.511), (0, 3.08), (0, 3.23242), (0, 3.23242), (0, 4.140875), (0, 4.259817), (0, 4.259817), (0, 4.259818), (0, 4.259817), (0, 5.863475), (2, 6.651618), (0, 4.059995), (0, 4.651183), (6, 10.956973), (2, 5.413174), (2, 6.791647)]
CONTINUOUS scan_02_02 13 1e-08 0.21017887162807847 95 [(0, 1.511), (0, 3.08), (0, 3.231338), (0, 3.231338), (0, 4.152393), (0, 4.257976), (0, 4.257976), (0, 4.257976), (0, 4.257976), (0, 5.880977), (2, 6.652698), (0, 4.043473), (0, 4.636769), (6, 10.956973), (2, 5.414778), (2, 6.791334)]
CONTINUOUS scan_02_02 14 0.0001 0.20468938775845624 1197 [(0, 1.511), (0, 3.08), (0, 3.082648), (0, 3.412825), (0, 3.677718), (0, 3.677712), (0, 3.677718), (0, 4.161754), (0, 4.432627), (0, 4.432624), (2, 6.661346), (0, 4.161749), (0, 4.784163), (6, 10.9398), (2, 5.431504), (2, 6.796407)]
CONTINUOUS scan_02_02 14 1e-06 0.20838035364461074 154 [(0, 1.511), (0, 3.08), (0, 3.232424), (0, 3.232424), (0, 4.259847), (0, 4.259179), (0, 4.259841), (0, 4.259839), (0, 5.863963), (0, 4.259839), (2, 6.651618), (0, 4.059996), (0, 4.651183), (6, 10.956973), (2, 5.413173), (2, 6.791647)]
CONTINUOUS scan_02_02 14 1e-08 0.21017886824644322 38 [(0, 1.511), (0, 3.08), (0, 3.231338), (0, 3.231338), (0, 4.257976), (0, 4.257976), (0, 4.257976), (0, 4.257976), (0, 5.880978), (0, 4.257976), (2, 6.652698), (0, 4.043473), (0, 4.636769), (6, 10.956973), (2, 5.414778), (2, 6.791334)]
CONTINUOUS scan_02_02 15 0.0001 0.2046892459815685 425 [(0, 1.511), (0, 3.304797), (0, 3.082677), (0, 3.677778), (0, 3.677778), (0, 4.432644), (0, 3.677778), (0, 3.08), (0, 4.784181), (0, 4.432644), (2, 6.661346), (0, 4.239281), (0, 4.161769), (6, 10.9398), (2, 5.431504), (2, 6.796407)]
CONTINUOUS scan_02_02 15 1e-06 0.20838034851327386 150 [(0, 1.511), (0, 3.232424), (0, 3.232424), (0, 3.969533), (0, 3.959348), (0, 5.863965), (0, 4.259827), (0, 3.08), (0, 4.651183), (0, 4.259829), (2, 6.651618), (0, 4.259829), (0, 4.059996), (6, 10.956973), (2, 5.413173), (2, 6.791647)]
CONTINUOUS scan_02_02 15 1e-08 0.21017886906560904 63 [(0, 1.511), (0, 3.231338), (0, 3.231338), (0, 4.097716), (0, 4.137029), (0, 5.880977), (0, 4.257976), (0, 3.08), (0, 4.636769), (0, 4.257976), (2, 6.652698), (0, 4.257976), (0, 4.043473), (6, 10.956973), (2, 5.414778), (2, 6.791334)]
CONTINUOUS scan_02_02 16 0.0001 0.20469163030104615 266 [(0, 1.511), (0, 3.08), (0, 3.080001), (0, 3.500021), (0, 3.671733), (0, 3.672624), (0, 3.672219), (0, 4.161543), (0, 4.431418), (0, 4.43132), (2, 6.661345), (0, 4.161615), (0, 4.784086), (6, 10.9398), (2, 5.431503), (2, 6.796407)]
CONTINUOUS scan_02_02 16 1e-06 0.2083803557354525 283 [(0, 1.511), (0, 3.08), (0, 3.232424), (0, 3.232424), (0, 4.198961), (0, 4.259832), (0, 4.259832), (0, 4.259832), (0, 4.259832), (0, 5.863964), (2, 6.651618), (0, 4.059996), (0, 4.651183), (6, 10.956973), (2, 5.413173), (2, 6.791647)]
CONTINUOUS scan_02_02 16 1e-08 0.21017886842774922 88 [(0, 1.511), (0, 3.08), (0, 3.231338), (0, 3.231338), (0, 4.257844), (0, 4.257976), (0, 4.257976), (0, 4.257976), (0, 4.257976), (0, 5.880977), (2, 6.652698), (0, 4.043473), (0, 4.636769), (6, 10.956973), (2, 5.414778), (2, 6.791334)]
CONTINUOUS scan_02_02 17 0.0001 0.20468930653972503 573 [(0, 1.511), (0, 3.08), (0, 3.082675), (0, 3.237296), (0, 3.677773), (0, 3.677768), (0, 3.677773), (0, 4.161764), (0, 4.432641), (0, 4.43264), (2, 6.661346), (0, 4.16176), (0, 4.784172), (6, 10.9398), (2, 5.431504), (2, 6.796407)]
CONTINUOUS scan_02_02 17 1e-06 0.208380352723073 130 [(0, 1.511), (0, 3.08), (0, 3.232426), (0, 3.23242), (0, 3.689689), (0, 3.635133), (0, 3.763868), (0, 4.259831), (0, 5.863965), (0, 4.259829), (2, 6.651618), (0, 4.059996), (0, 4.651183), (6, 10.956973), (2, 5.413173), (2, 6.791647)]
CONTINUOUS scan_02_02 17 1e-08 0.21017887193705082 318 [(0, 1.511), (0, 3.08), (0, 3.231338), (0, 3.231336), (0, 3.713228), (0, 3.876482), (0, 3.790246), (0, 4.257976), (0, 5.880977), (0, 4.257976), (2, 6.652698), (0, 4.043474), (0, 4.63677), (6, 10.956973), (2, 5.414778), (2, 6.791334)]
CONTINUOUS scan_02_02 18 0.0001 0.2046892638509081 246 [(0, 1.511), (0, 3.08), (0, 3.082679), (0, 4.161765), (0, 4.432644), (0, 3.677783), (0, 3.677783), (0, 4.161767), (0, 3.67778), (0, 4.432644), (2, 6.661346), (0, 4.161767), (0, 4.784178), (6, 10.9398), (2, 5.431504), (2, 6.796407)]
CONTINUOUS scan_02_02 18 1e-06 0.20838034701404343 143 [(0, 1.511), (0, 3.08), (0, 3.232424), (0, 4.259828), (0, 5.863966), (0, 3.514543), (0, 3.470041), (0, 4.059995), (0, 3.75197), (0, 4.259829), (2, 6.651618), (0, 4.059996), (0, 4.651183), (6, 10.956973), (2, 5.413173), (2, 6.791647)]
CONTINUOUS scan_02_02 18 1e-08 0.21017887232637808 772 [(0, 1.511), (0, 3.08), (0, 3.231338), (0, 4.257976), (0, 5.880977), (0, 3.517841), (0, 3.74907), (0, 4.043474), (0, 3.784049), (0, 4.257976), (2, 6.652698), (0, 4.043474), (0, 4.63677), (6, 10.956973), (2, 5.414778), (2, 6.791334)]
CONTINUOUS scan_02_02 19 0.0001 0.20468916331718207 774 [(0, 1.511), (0, 3.08), (0, 3.126913), (0, 3.08), (0, 3.678895), (0, 3.679037), (0, 3.679053), (0, 4.161783), (0, 4.432856), (0, 4.432855), (2, 6.661346), (0, 4.161794), (0, 4.784195), (6, 10.9398), (2, 5.431504), (2, 6.796407)]
CONTINUOUS scan_02_02 19 1e-06 0.20838034878994777 133 [(0, 1.511), (0, 3.08), (0, 3.232424), (0, 3.232424), (0, 3.836923), (0, 3.900473), (0, 4.090854), (0, 4.259823), (0, 5.863965), (0, 4.259829), (2, 6.651618), (0, 4.059995), (0, 4.651183), (6, 10.956973), (2, 5.413173), (2, 6.791647)]
CONTINUOUS scan_02_02 19 1e-08 0.2101787025458028 166 [(0, 1.511), (0, 3.08), (0, 3.231338), (0, 3.231338), (0, 3.88211), (0, 4.045892), (0, 4.13597), (0, 4.257976), (0, 5.880977), (0, 4.257976), (2, 6.652698), (0, 4.043473), (0, 4.636769), (6, 10.956973), (2, 5.414778), (2, 6.791334)]
BEST scan_02_02 0.009334890863590442 trace 7.543406977392028 support [0, 2, 3, 7, 11, 13, 22, 23, 26, 35, 44, 48, 61, 82, 86, 92]
STAGE final_improve ALLOWANCE 161.2194375230465
BEST scan_02_02 0.009334890863590442 trace 7.543406977392028 support [0, 2, 3, 7, 11, 13, 22, 23, 26, 35, 44, 48, 61, 82, 86, 92]
CONT 0.001 1.9498585144424936
CONT 0.0001 17.725882662820684
CONT 1e-05 163.90729824500593
CONT 1e-06 nan
CONT 1e-07 nan
CONT 1e-08 nan
CONT 1e-09 nan
BEST scan_02_02 0.009306158827414014 trace 7.544345255981012 support [ 0  2  3  7 11 13 22 23 26 33 35 44 61 82 86 92]
BEST scan_02_02 0.009302562116758941 trace 7.544117015079866 support [ 0  2  3  7  9 13 22 23 26 33 35 44 61 82 86 92]
BEST scan_02_02 0.009277637637654554 trace 7.544294803558234 support [ 0  1  2  3  7  9 13 22 26 33 35 44 61 82 86 92]
BEST scan_02_02 0.009275769061617244 trace 7.5442959945266335 support [ 0  1  2  3  7  9 13 22 26 30 33 44 61 82 86 92]
BEST scan_02_02 0.009268249007226306 trace 7.544607446394113 support [ 0  1  2  3  7  9 13 22 26 30 33 44 61 62 82 92]
BEST scan_02_02 0.00926779295589672 trace 7.544262641548601 support [ 0  1  2  4  7  9 13 22 26 30 33 44 61 62 82 92]
STAGE_ERROR final_improve StageTimeout stage allowance exhausted
