point 0.6146114011563116 eigs [-1.03005612e-07  3.87529171e-07  2.65244355e-04  9.99734471e-01]
(0,) roots near 0.6633874041421175 distance 0.048776002985805866 min 4.082473522480107e-07 pval 0.6398725584949917 exact 0.6398725584949917 coeffmax 0.599327459074
(0,) stationary near 0.6136382990385569 distance -0.0009731021177546983 min 2.2732838670910134e-07 pval 0.6398725584949917 exact 0.6398725584949917 coeffmax 0.599327459074
(1,) roots near 0.6011365505119656 distance -0.01347485064434606 min 4.5727820978101736e-07 pval 0.16012727081539355 exact 0.16012727081539355 coeffmax 0.172494937001
(1,) stationary near 0.6113621451108708 distance -0.003249256045440796 min 3.6797852406460694e-07 pval 0.16012727081539355 exact 0.16012727081539355 coeffmax 0.172494937001
(2,) roots near 0.6048165727770788 distance -0.009794828379232845 min 4.331071616941188e-07 pval 0.159968356685645 exact 0.159968356685645 coeffmax 0.158577558822
(2,) stationary near 0.6192635378684896 distance 0.004652136712178012 min 4.3041265977788045e-07 pval 0.159968356685645 exact 0.159968356685645 coeffmax 0.158577558822
(3,) roots near 0.5888408632300598 distance -0.025770537926251835 min 4.2792875291951596e-07 pval 0.0400318140039697 exact 0.04003181400396969 coeffmax 0.069600045103
(3,) stationary near 0.6260679065517856 distance 0.011456505395473937 min 4.0617706992255394e-07 pval 0.0400318140039697 exact 0.04003181400396969 coeffmax 0.069600045103
(0, 1) roots near 0.6116329825391742 distance -0.002978418617137435 min 3.5823134290860896e-07 pval 0.00016969487169811795 exact 0.0001696948716981085 coeffmax 0.01935452733597201
(0, 1) stationary near 0.6116336052283448 distance -0.0029777959279668753 min 3.582096080305722e-07 pval 0.00016969487169811795 exact 0.0001696948716981085 coeffmax 0.01935452733597201
(0, 2) roots near 0.6172367441279298 distance 0.0026253429716182053 min 3.361585802537066e-07 pval 2.7395823686672625e-05 exact 2.7395823686702915e-05 coeffmax 0.0035678873289696073
(0, 2) stationary near 0.6172375845108031 distance 0.002626183354491496 min 3.361997502920553e-07 pval 2.7395823686672625e-05 exact 2.7395823686702915e-05 coeffmax 0.0035678873289696073
(0, 3) roots near 0.6168847535281898 distance 0.002273352371878201 min 3.176247498445098e-07 pval 1.5288384206734156e-05 exact 1.528838420672365e-05 coeffmax 0.021034867607212106
(0, 3) stationary near 0.616886566179213 distance 0.002275165022901371 min 3.177291505529043e-07 pval 1.5288384206734156e-05 exact 1.528838420672365e-05 coeffmax 0.021034867607212106
(1, 2) roots near 0.6133806523777532 distance -0.0012307487785584437 min 2.7998726032725734e-07 pval 1.5325516013034446e-05 exact 1.5325516013032952e-05 coeffmax 0.008097402825172236
(1, 2) stationary near 0.6133807869256903 distance -0.0012306142306213186 min 2.799703308090641e-07 pval 1.5325516013034446e-05 exact 1.5325516013032952e-05 coeffmax 0.008097402825172236
(1, 3) roots near 0.6014668556055467 distance -0.013144545550764941 min 4.0175722048324346e-07 pval 2.7163361082666124e-05 exact 2.7163361082666057e-05 coeffmax 0.003046002865416557
(1, 3) stationary near 0.5993759537412974 distance -0.015235447415014258 min 3.875639057698317e-07 pval 2.7163361082666124e-05 exact 2.7163361082666057e-05 coeffmax 0.003046002865416557
(2, 3) roots near 0.617017564727634 distance 0.002406163571322395 min 3.249826032949544e-07 pval 1.0590492006556012e-05 exact 1.0590492006558142e-05 coeffmax 0.006793421619343731
(2, 3) stationary near 0.6170187143378074 distance 0.002407313181495785 min 3.250439906730354e-07 pval 1.0590492006556012e-05 exact 1.0590492006558142e-05 coeffmax 0.006793421619343731
(0, 1, 2) roots near 0.6142685735263601 distance -0.0003428276299515254 min -5.1887368361378214e-08 pval 6.139307288214185e-11 exact 6.139308249286261e-11 coeffmax 5.487810999034405e-06
(0, 1, 2) stationary near 0.6142717414771461 distance -0.0003396596791654938 min -5.2852981497331756e-08 pval 6.139307288214185e-11 exact 6.139308249286261e-11 coeffmax 5.487810999034405e-06
(0, 1, 3) roots near 0.6147325471436327 distance 0.00012114598732104742 min -9.7414522309284e-08 pval -1.0424726945394702e-12 exact -1.0424733445548158e-12 coeffmax 3.8876651394098355e-05
(0, 1, 3) stationary near 0.6145723327018955 distance -3.9068454416146814e-05 min -1.0238940961119043e-07 pval -1.0424726945394702e-12 exact -1.0424733445548158e-12 coeffmax 3.8876651394098355e-05
(0, 2, 3) roots near 0.6156426814919547 distance 0.0010312803356430367 min 1.445900929892628e-07 pval 1.5323473621858138e-11 exact 1.5323475803182043e-11 coeffmax 7.15729644720298e-06
(0, 2, 3) stationary near 0.6159864362884248 distance 0.0013750351321131227 min 2.2768335641468614e-07 pval 1.5323473621858138e-11 exact 1.5323475803182043e-11 coeffmax 7.15729644720298e-06
(1, 2, 3) roots near 0.6145737737833912 distance -3.7627372920456814e-05 min -1.0243426835767398e-07 pval -2.657737709584377e-13 exact -2.6577364202021693e-13 coeffmax 1.4796901591920342e-05
(1, 2, 3) stationary near 0.6147372159007193 distance 0.0001258147444076485 min -9.698590157817703e-08 pval -2.657737709584377e-13 exact -2.6577364202021693e-13 coeffmax 1.4796901591920342e-05
(0, 1, 2, 3) roots near 0.614109242996801 distance -0.0005021581595106017 min 5.547684312424898e-09 pval -1.134802444721759e-17 exact -1.0585127679946761e-17 coeffmax 7.129189767826269e-11
(0, 1, 2, 3) stationary near 0.6146608720203349 distance 4.947086402329326e-05 min -1.0204890393050435e-07 pval -1.134802444721759e-17 exact -1.0585127679946761e-17 coeffmax 7.129189767826269e-11
[{"profile": "uniform_lobatto", "accepted": false, "minimum_seen": -1.0244035852226078e-07, "argmin_seen": 0.6145739737833912, "evaluations": 2963, "local_optimizations": 0, "last_stage": "principal_minor_roots_and_stationary_points", "determinant_candidates": 2388}, {"profile": "shifted_lobatto", "accepted": false, "minimum_seen": -1.0244035852226078e-07, "argmin_seen": 0.6145739737833912, "evaluations": 2980, "local_optimizations": 0, "last_stage": "principal_minor_roots_and_stationary_points", "determinant_candidates": 2388}, {"profile": "incommensurate", "accepted": false, "minimum_seen": -1.0244035852226078e-07, "argmin_seen": 0.6145739737833912, "evaluations": 3004, "local_optimizations": 0, "last_stage": "principal_minor_roots_and_stationary_points", "determinant_candidates": 2388}]
