BEST 0 {'point': 0.5999623181662846, 'order': 7, 'leading': 0.3300211576347007, 'height': 0.03722599322341131, 'depth': 1.05e-07, 'positive': 3.752164856403715e-07, 'plateau': 1.7647480509901432e-07, 'envelope': [0.005272686575339184, -0.0039044399465371997, 0.0048823897071422805]} [{'profile': 'uniform_lobatto', 'accepted': False, 'minimum_seen': -4.618716815872244e-09, 'argmin_seen': 0.6015625, 'evaluations': 575, 'local_optimizations': 0, 'last_stage': 'independent_meshes', 'determinant_candidates': 1104}, {'profile': 'shifted_lobatto', 'accepted': False, 'minimum_seen': -1.0472580470035398e-07, 'argmin_seen': 0.600043224677119, 'evaluations': 592, 'local_optimizations': 0, 'last_stage': 'independent_meshes', 'determinant_candidates': 1104}, {'profile': 'incommensurate', 'accepted': False, 'minimum_seen': -1.4058004595958401e-08, 'argmin_seen': 0.5984401716837691, 'evaluations': 616, 'local_optimizations': 0, 'last_stage': 'independent_meshes', 'determinant_candidates': 1104}]
PROGRESS 0 {'independent_meshes': 3} 0.03142070770263672
BEST 4 {'point': 0.2300768486600668, 'order': 9, 'leading': 0.41760430991980113, 'height': 0.024601087076177437, 'depth': 1.05e-07, 'positive': 4.1822759782370494e-06, 'plateau': 1.2159278500396288e-07, 'envelope': [0.00022940122311030818, 0.0003129544531852419, 0.00014492757088068207]} [{'profile': 'uniform_lobatto', 'accepted': False, 'minimum_seen': -9.081663983014511e-08, 'argmin_seen': 0.23046875, 'evaluations': 575, 'local_optimizations': 0, 'last_stage': 'independent_meshes', 'determinant_candidates': 1821}, {'profile': 'shifted_lobatto', 'accepted': False, 'minimum_seen': -9.840611620251364e-08, 'argmin_seen': 0.22981421704353125, 'evaluations': 592, 'local_optimizations': 0, 'last_stage': 'independent_meshes', 'determinant_candidates': 1821}, {'profile': 'incommensurate', 'accepted': False, 'minimum_seen': -9.341397543453793e-08, 'argmin_seen': 0.22972911975247712, 'evaluations': 616, 'local_optimizations': 0, 'last_stage': 'independent_meshes', 'determinant_candidates': 1821}]
BEST 42 {'point': 0.1027471573463894, 'order': 5, 'leading': 0.29622883312827775, 'height': 0.017493227954707032, 'depth': 1.05e-07, 'positive': 7.461204975835162e-06, 'plateau': 2.755442446244181e-07, 'envelope': [0.01608214209357939, 0.022590009923013268, 0.007108196436089099]} [{'profile': 'uniform_lobatto', 'accepted': False, 'minimum_seen': -8.312184585856959e-08, 'argmin_seen': 0.10332332985438242, 'evaluations': 575, 'local_optimizations': 0, 'last_stage': 'independent_meshes', 'determinant_candidates': 747}, {'profile': 'shifted_lobatto', 'accepted': False, 'minimum_seen': -7.952396166454185e-08, 'argmin_seen': 0.1021190797345839, 'evaluations': 592, 'local_optimizations': 0, 'last_stage': 'independent_meshes', 'determinant_candidates': 747}, {'profile': 'incommensurate', 'accepted': False, 'minimum_seen': -8.358062024304125e-08, 'argmin_seen': 0.10217151496735115, 'evaluations': 616, 'local_optimizations': 0, 'last_stage': 'independent_meshes', 'determinant_candidates': 747}]
BEST 169 {'point': 0.2771157615198829, 'order': 7, 'leading': 0.28631283880273894, 'height': 0.01723477799109687, 'depth': 1.05e-07, 'positive': 7.733444375293251e-06, 'plateau': 2.8667578375593553e-07, 'envelope': [0.00715220901587116, 0.009126050697651891, 0.005118156155794076]} [{'profile': 'uniform_lobatto', 'accepted': False, 'minimum_seen': -7.637733058290813e-08, 'argmin_seen': 0.27734375, 'evaluations': 575, 'local_optimizations': 0, 'last_stage': 'independent_meshes', 'determinant_candidates': 1209}, {'profile': 'shifted_lobatto', 'accepted': False, 'minimum_seen': -7.68025757501251e-08, 'argmin_seen': 0.27734204338732127, 'evaluations': 592, 'local_optimizations': 0, 'last_stage': 'independent_meshes', 'determinant_candidates': 1209}, {'profile': 'incommensurate', 'accepted': False, 'minimum_seen': -4.5924959530655065e-09, 'argmin_seen': 0.2775446492957093, 'evaluations': 616, 'local_optimizations': 0, 'last_stage': 'independent_meshes', 'determinant_candidates': 1209}]
BEST 262 {'point': 0.4887935218693007, 'order': 11, 'leading': 0.28827491404686634, 'height': 0.03492055181495138, 'depth': 1.05e-07, 'positive': 3.602544962330481e-06, 'plateau': 1.778317169646587e-07, 'envelope': [5.335623746218706e-05, 4.7786830129872324e-06, 5.3302685255508484e-05]} [{'profile': 'uniform_lobatto', 'accepted': False, 'minimum_seen': -7.508532888416426e-08, 'argmin_seen': 0.48828125, 'evaluations': 575, 'local_optimizations': 0, 'last_stage': 'independent_meshes', 'determinant_candidates': 2142}, {'profile': 'shifted_lobatto', 'accepted': False, 'minimum_seen': -6.876623656501095e-08, 'argmin_seen': 0.48935620177635564, 'evaluations': 592, 'local_optimizations': 0, 'last_stage': 'independent_meshes', 'determinant_candidates': 2142}, {'profile': 'incommensurate', 'accepted': False, 'minimum_seen': -2.8763670641983684e-08, 'argmin_seen': 0.4896137495748576, 'evaluations': 616, 'local_optimizations': 0, 'last_stage': 'independent_meshes', 'determinant_candidates': 2142}]
PROGRESS 300 {'independent_meshes': 333, 'invalid_principal': 147, 'principal_minor_roots_and_stationary_points': 129} 7.3802454471588135
BEST 386 {'point': 0.49931779294976913, 'order': 11, 'leading': 0.37198304666035076, 'height': 0.01914631776589734, 'depth': 1.05e-07, 'positive': 8.471571320516862e-07, 'plateau': 1.447815332101965e-07, 'envelope': [0.0003186659064850924, 1.7391625492388425e-06, 0.00031866472001613983]} [{'profile': 'uniform_lobatto', 'accepted': False, 'minimum_seen': -2.9456393754389945e-08, 'argmin_seen': 0.5, 'evaluations': 575, 'local_optimizations': 0, 'last_stage': 'independent_meshes', 'determinant_candidates': 2118}, {'profile': 'shifted_lobatto', 'accepted': False, 'minimum_seen': -2.9456393752562475e-08, 'argmin_seen': 0.5000000000000001, 'evaluations': 592, 'local_optimizations': 0, 'last_stage': 'independent_meshes', 'determinant_candidates': 2118}, {'profile': 'incommensurate', 'accepted': False, 'minimum_seen': -2.9456393749581736e-08, 'argmin_seen': 0.49999999999999994, 'evaluations': 616, 'local_optimizations': 0, 'last_stage': 'independent_meshes', 'determinant_candidates': 2118}]
PROGRESS 600 {'independent_meshes': 662, 'invalid_principal': 294, 'principal_minor_roots_and_stationary_points': 259} 15.298412322998047
PROGRESS 800 {'independent_meshes': 884, 'invalid_principal': 391, 'principal_minor_roots_and_stationary_points': 346} 20.603925943374634
PROGRESS 1100 {'independent_meshes': 1197, 'invalid_principal': 543, 'principal_minor_roots_and_stationary_points': 477} 28.313363790512085
PROGRESS 1300 {'independent_meshes': 1423, 'invalid_principal': 642, 'principal_minor_roots_and_stationary_points': 554} 33.50291657447815
PROGRESS 1500 {'independent_meshes': 1672, 'invalid_principal': 738, 'principal_minor_roots_and_stationary_points': 617} 38.67033505439758
PROGRESS 1700 {'independent_meshes': 1894, 'invalid_principal': 837, 'principal_minor_roots_and_stationary_points': 698} 44.136412382125854
PROGRESS 1800 {'independent_meshes': 2023, 'invalid_principal': 881, 'principal_minor_roots_and_stationary_points': 737} 47.07696270942688
PROGRESS 2000 {'independent_meshes': 2250, 'invalid_principal': 977, 'principal_minor_roots_and_stationary_points': 822} 52.32522654533386
PROGRESS 2400 {'independent_meshes': 2676, 'invalid_principal': 1178, 'principal_minor_roots_and_stationary_points': 993} 62.6386022567749
PROGRESS 2500 {'independent_meshes': 2771, 'invalid_principal': 1231, 'principal_minor_roots_and_stationary_points': 1039} 65.32168531417847
PROGRESS 2900 {'independent_meshes': 3264, 'invalid_principal': 1413, 'principal_minor_roots_and_stationary_points': 1200} 78.16788101196289
PROGRESS 3100 {'independent_meshes': 3496, 'invalid_principal': 1507, 'principal_minor_roots_and_stationary_points': 1286} 83.96619462966919
PROGRESS 3200 {'independent_meshes': 3630, 'invalid_principal': 1549, 'principal_minor_roots_and_stationary_points': 1326} 87.4091956615448
PROGRESS 3300 {'independent_meshes': 3755, 'invalid_principal': 1592, 'principal_minor_roots_and_stationary_points': 1372} 91.38429641723633
PROGRESS 3400 {'independent_meshes': 3864, 'invalid_principal': 1639, 'principal_minor_roots_and_stationary_points': 1422} 94.12760543823242
PROGRESS 3500 {'independent_meshes': 3985, 'invalid_principal': 1687, 'principal_minor_roots_and_stationary_points': 1457} 96.58328127861023
PROGRESS 3600 {'independent_meshes': 4095, 'invalid_principal': 1736, 'principal_minor_roots_and_stationary_points': 1500} 98.85056281089783
PROGRESS 3700 {'independent_meshes': 4206, 'invalid_principal': 1786, 'principal_minor_roots_and_stationary_points': 1539} 101.832111120224
PROGRESS 3800 {'independent_meshes': 4312, 'invalid_principal': 1833, 'principal_minor_roots_and_stationary_points': 1592} 105.33738803863525
PROGRESS 3900 {'independent_meshes': 4412, 'invalid_principal': 1884, 'principal_minor_roots_and_stationary_points': 1639} 107.87395930290222
PROGRESS 4100 {'independent_meshes': 4627, 'invalid_principal': 1988, 'principal_minor_roots_and_stationary_points': 1712} 113.1276581287384
PROGRESS 4300 {'independent_meshes': 4830, 'invalid_principal': 2101, 'principal_minor_roots_and_stationary_points': 1770} 117.46158075332642
PROGRESS 4400 {'independent_meshes': 4956, 'invalid_principal': 2149, 'principal_minor_roots_and_stationary_points': 1800} 120.44023752212524
PROGRESS 4700 {'independent_meshes': 5274, 'invalid_principal': 2302, 'principal_minor_roots_and_stationary_points': 1923} 128.84116220474243
PROGRESS 5100 {'independent_meshes': 5719, 'invalid_principal': 2488, 'principal_minor_roots_and_stationary_points': 2120} 141.28077220916748
PROGRESS 5400 {'independent_meshes': 6021, 'invalid_principal': 2641, 'principal_minor_roots_and_stationary_points': 2259} 149.48093032836914
PROGRESS 5500 {'independent_meshes': 6137, 'invalid_principal': 2688, 'principal_minor_roots_and_stationary_points': 2302} 152.05607342720032
PROGRESS 5700 {'independent_meshes': 6365, 'invalid_principal': 2786, 'principal_minor_roots_and_stationary_points': 2380} 155.89477682113647
PROGRESS 6100 {'independent_meshes': 6812, 'invalid_principal': 2981, 'principal_minor_roots_and_stationary_points': 2548} 164.30955719947815
PROGRESS 6300 {'independent_meshes': 7038, 'invalid_principal': 3074, 'principal_minor_roots_and_stationary_points': 2643} 168.75988054275513
PROGRESS 6600 {'independent_meshes': 7389, 'invalid_principal': 3218, 'principal_minor_roots_and_stationary_points': 2760} 174.50460195541382
PROGRESS 6800 {'independent_meshes': 7627, 'invalid_principal': 3310, 'principal_minor_roots_and_stationary_points': 2846} 178.54262709617615
PROGRESS 6900 {'independent_meshes': 7712, 'invalid_principal': 3371, 'principal_minor_roots_and_stationary_points': 2878} 180.0282485485077
PROGRESS 7200 {'independent_meshes': 8089, 'invalid_principal': 3503, 'principal_minor_roots_and_stationary_points': 3005} 186.45545363426208
PROGRESS 7300 {'independent_meshes': 8201, 'invalid_principal': 3551, 'principal_minor_roots_and_stationary_points': 3049} 188.40433955192566
PROGRESS 7400 {'independent_meshes': 8278, 'invalid_principal': 3608, 'principal_minor_roots_and_stationary_points': 3101} 190.1097447872162
PROGRESS 7600 {'independent_meshes': 8508, 'invalid_principal': 3705, 'principal_minor_roots_and_stationary_points': 3180} 193.46065878868103
PROGRESS 7900 {'independent_meshes': 8847, 'invalid_principal': 3856, 'principal_minor_roots_and_stationary_points': 3288} 198.83481574058533
BEST 7944 {'point': 0.9326452117573015, 'order': 11, 'leading': 0.1596725902616134, 'height': 0.033649790905433144, 'depth': 1.05e-07, 'positive': 7.788180747856064e-07, 'plateau': 1.5341733903067402e-07, 'envelope': [0.21615304745287636, -0.2995612083890116, 0.08654932501513929]} [{'profile': 'uniform_lobatto', 'accepted': False, 'minimum_seen': -1.0366082012553455e-08, 'argmin_seen': 0.9330127018922194, 'evaluations': 575, 'local_optimizations': 0, 'last_stage': 'independent_meshes', 'determinant_candidates': 1800}, {'profile': 'shifted_lobatto', 'accepted': False, 'minimum_seen': -1.0366082064008752e-08, 'argmin_seen': 0.9330127018922192, 'evaluations': 592, 'local_optimizations': 0, 'last_stage': 'independent_meshes', 'determinant_candidates': 1800}, {'profile': 'incommensurate', 'accepted': False, 'minimum_seen': -1.0366082064008752e-08, 'argmin_seen': 0.9330127018922192, 'evaluations': 616, 'local_optimizations': 0, 'last_stage': 'independent_meshes', 'determinant_candidates': 1800}]
PROGRESS 8100 {'independent_meshes': 9069, 'invalid_principal': 3954, 'principal_minor_roots_and_stationary_points': 3372} 202.52444648742676
PROGRESS 8400 {'independent_meshes': 9403, 'invalid_principal': 4112, 'principal_minor_roots_and_stationary_points': 3464} 207.72138023376465
PROGRESS 8700 {'independent_meshes': 9739, 'invalid_principal': 4261, 'principal_minor_roots_and_stationary_points': 3581} 212.8047001361847
PROGRESS 8800 {'independent_meshes': 9873, 'invalid_principal': 4302, 'principal_minor_roots_and_stationary_points': 3624} 218.7499601840973
PROGRESS 9100 {'independent_meshes': 10223, 'invalid_principal': 4443, 'principal_minor_roots_and_stationary_points': 3751} 224.64635372161865
PROGRESS 9200 {'independent_meshes': 10334, 'invalid_principal': 4492, 'principal_minor_roots_and_stationary_points': 3793} 226.46801733970642
PROGRESS 9300 {'independent_meshes': 10426, 'invalid_principal': 4546, 'principal_minor_roots_and_stationary_points': 3839} 228.36973071098328
PROGRESS 9400 {'independent_meshes': 10535, 'invalid_principal': 4599, 'principal_minor_roots_and_stationary_points': 3871} 230.26939129829407
PROGRESS 9600 {'independent_meshes': 10729, 'invalid_principal': 4710, 'principal_minor_roots_and_stationary_points': 3944} 233.7195417881012
PROGRESS 9900 {'independent_meshes': 11065, 'invalid_principal': 4857, 'principal_minor_roots_and_stationary_points': 4067} 239.37629294395447
DONE {'independent_meshes': 11170, 'invalid_principal': 4912, 'principal_minor_roots_and_stationary_points': 4094} 241.1504192352295
