BEST 0 -8.177857729438393e-08 0.01178884506225586
PROGRESS 0 -8.177857729438393e-08 0.011827230453491211
BEST 8 -8.176480042074483e-08 0.09806156158447266
BEST 10 -8.176178131182978e-08 0.11970067024230957
BEST 53 -8.17554809010309e-08 0.5467278957366943
BEST 61 -8.174736256406265e-08 0.6233158111572266
BEST 131 -8.174064459731704e-08 1.3284199237823486
BEST 309 -8.173883745566329e-08 3.067617893218994
BEST 753 -8.173222783513569e-08 9.128546714782715
BEST 776 -8.172862982561586e-08 9.547447681427002
PROGRESS 1000 -8.172862982561586e-08 13.55086064338684
BEST 1320 -8.172683469153091e-08 18.710355758666992
PROGRESS 2000 -8.172683469153091e-08 28.79663848876953
PROGRESS 3000 -8.172683469153091e-08 40.793280839920044
BEST 3663 -8.172091948136037e-08 48.42567729949951
PROGRESS 4000 -8.172091948136037e-08 52.165926933288574
PROGRESS 5000 -8.172091948136037e-08 63.990792751312256
PROGRESS 6000 -8.172091948136037e-08 76.21833729743958
PROGRESS 7000 -8.172091948136037e-08 88.27961564064026
PROGRESS 8000 -8.172091948136037e-08 99.59446096420288
PROGRESS 9000 -8.172091948136037e-08 110.53739142417908
DONE -8.172091948136037e-08 121.19285249710083
