CONFIG n 8192 checks 384 rank 379 pass 0 groups 2 initial_best 20
PROGRESS 0 0.0675115 rank 379
PROGRESS 10 0.42022 rank 379
PROGRESS 20 0.769194 rank 379
PROGRESS 30 1.11114 rank 379
PROGRESS 40 1.49128 rank 379
PROGRESS 50 1.8953 rank 379
PROGRESS 60 2.32949 rank 379
PROGRESS 70 2.62317 rank 379
PROGRESS 80 2.96943 rank 379
PROGRESS 90 3.2899 rank 379
PROGRESS 100 3.62033 rank 379
PROGRESS 110 3.96176 rank 379
PROGRESS 120 4.29314 rank 379
PROGRESS 130 4.51419 rank 379
PROGRESS 140 4.76564 rank 379
PROGRESS 150 5.15635 rank 379
PROGRESS 160 5.55343 rank 379
PROGRESS 170 5.90259 rank 379
PROGRESS 180 6.22159 rank 379
PROGRESS 190 6.7122 rank 379
PROGRESS 200 7.08049 rank 379
PROGRESS 210 7.34351 rank 379
PROGRESS 220 7.62697 rank 379
PROGRESS 230 7.93587 rank 379
PROGRESS 240 8.33011 rank 379
PROGRESS 250 8.69133 rank 379
PROGRESS 260 9.06639 rank 379
PROGRESS 270 9.33314 rank 379
PROGRESS 280 9.59469 rank 379
PROGRESS 290 9.98838 rank 379
PROGRESS 300 10.3112 rank 379
PROGRESS 310 10.7032 rank 379
PROGRESS 320 11.2113 rank 379
PROGRESS 330 11.5416 rank 379
PROGRESS 340 11.8523 rank 379
PROGRESS 350 12.1235 rank 379
PROGRESS 360 12.398 rank 379
PROGRESS 370 12.6253 rank 379
PROGRESS 380 12.8791 rank 379
PROGRESS 390 13.2306 rank 379
PROGRESS 400 13.5205 rank 379
PROGRESS 410 13.816 rank 379
PROGRESS 420 14.103 rank 379
PROGRESS 430 14.5103 rank 379
PROGRESS 440 14.9657 rank 379
PROGRESS 450 15.3716 rank 379
PROGRESS 460 15.7055 rank 379
PROGRESS 470 15.9618 rank 379
PROGRESS 480 16.202 rank 379
PROGRESS 490 16.4352 rank 379
PROGRESS 500 16.7048 rank 379
PROGRESS 510 16.9685 rank 379
PROGRESS 520 17.2243 rank 379
PROGRESS 530 17.5956 rank 379
PROGRESS 540 17.8837 rank 379
PROGRESS 550 18.2321 rank 379
PROGRESS 560 18.5897 rank 379
PROGRESS 570 18.8689 rank 379
PROGRESS 580 19.1618 rank 379
PROGRESS 590 19.5123 rank 379
PROGRESS 600 19.9118 rank 379
PROGRESS 610 20.2468 rank 379
PROGRESS 620 20.5713 rank 379
PROGRESS 630 20.8672 rank 379
PROGRESS 640 21.167 rank 379
PROGRESS 650 21.4991 rank 379
PROGRESS 660 21.8312 rank 379
PROGRESS 670 22.1508 rank 379
PROGRESS 680 22.425 rank 379
PROGRESS 690 22.706 rank 379
PROGRESS 700 22.998 rank 379
PROGRESS 710 23.2881 rank 379
PROGRESS 720 23.5684 rank 379
PROGRESS 730 23.8829 rank 379
PROGRESS 740 24.1239 rank 379
PROGRESS 750 24.7566 rank 379
PROGRESS 760 25.0518 rank 379
PROGRESS 770 25.3445 rank 379
PROGRESS 780 25.6319 rank 379
PROGRESS 790 25.929 rank 379
PROGRESS 800 26.2737 rank 379
PROGRESS 810 26.6292 rank 379
PROGRESS 820 27.0131 rank 379
PROGRESS 830 27.388 rank 379
PROGRESS 840 27.7281 rank 379
PROGRESS 850 28.1369 rank 379
PROGRESS 860 28.594 rank 379
PROGRESS 870 29.0473 rank 379
PROGRESS 880 29.3425 rank 379
PROGRESS 890 29.7877 rank 379
END trials 899 elapsed 30.0127
