DONE nominal 0 CONVERGENCE: REL_REDUCTION_OF_F_<=_FACTR*EPSMCH iterations 73 min 0.9999999999999472 mean 0.9999999999999472 seconds 1.9593306089518592
global 0 100 min 0.9272856358845618 mean 0.9303361111031602 seconds 1.9168436450418085
global 0 200 min 0.9554477552727781 mean 0.9563630563925367 seconds 2.589766527991742
DONE global 0 CONVERGENCE: REL_REDUCTION_OF_F_<=_FACTR*EPSMCH iterations 250 min 0.9554690254010025 mean 0.9565572988885067 seconds 3.5655647590756416
full polish 0 100 min 0.9561619054033025 mean 0.9677824556839488 seconds 2.0990233990596607
full polish 0 200 min 0.9561693176469267 mean 0.9678130881596767 seconds 5.656695713987574
full polish 0 300 min 0.9561691338291048 mean 0.9678143258246429 seconds 9.696755315060727
full polish 0 400 min 0.9561692128008855 mean 0.9678144165020439 seconds 11.794708967092447
DONE full polish 0 CONVERGENCE: REL_REDUCTION_OF_F_<=_FACTR*EPSMCH iterations 362 min 0.9561691278528884 mean 0.9678143892867688 seconds 12.216823866008781
NEW BEST 0 0.9561691278528884 elapsed 17.780946730053984
TRIAL RESULT 0 0.9561691278528884 BEST 0.9561691278528884 elapsed 17.781092453049496
DONE nominal 1 CONVERGENCE: REL_REDUCTION_OF_F_<=_FACTR*EPSMCH iterations 41 min 0.999999999999989 mean 0.999999999999989 seconds 0.5381539360387251
global 1 100 min 0.9199158824973703 mean 0.92445545659313 seconds 1.5866496219532564
global 1 200 min 0.9241716034577668 mean 0.927398739939004 seconds 3.644802541937679
DONE global 1 CONVERGENCE: REL_REDUCTION_OF_F_<=_FACTR*EPSMCH iterations 240 min 0.9244123531258498 mean 0.9274580844411429 seconds 4.2955607869662344
TRIAL RESULT 1 0.9244123531258498 BEST 0.9561691278528884 elapsed 24.09661860705819
DONE nominal 2 CONVERGENCE: NORM_OF_PROJECTED_GRADIENT_<=_PGTOL iterations 42 min 0.9999999999999999 mean 0.9999999999999999 seconds 0.050701537053100765
global 2 100 min 0.9222800390062768 mean 0.9250639630607591 seconds 0.10417856997810304
global 2 200 min 0.9310030398365322 mean 0.9355201160202369 seconds 0.27001503692008555
global 2 300 min 0.9470792358173277 mean 0.9518297228017387 seconds 2.509370940970257
global 2 400 min 0.9495033801300444 mean 0.9551848912090157 seconds 3.6523463199846447
DONE global 2 CONVERGENCE: REL_REDUCTION_OF_F_<=_FACTR*EPSMCH iterations 375 min 0.949503162723543 mean 0.9551835313385967 seconds 4.240285653970204
TRIAL RESULT 2 0.949503162723543 BEST 0.9561691278528884 elapsed 28.420694191008806
DONE nominal 3 CONVERGENCE: REL_REDUCTION_OF_F_<=_FACTR*EPSMCH iterations 51 min 0.9999999999999967 mean 0.9999999999999967 seconds 0.7744264249922708
global 3 100 min 0.8811461225368948 mean 0.882884169700682 seconds 0.14705850998871028
global 3 200 min 0.9109368767523355 mean 0.9162053578858464 seconds 0.19614074402488768
global 3 300 min 0.9518314268210293 mean 0.9547062593040376 seconds 0.25213593791704625
DONE global 3 CONVERGENCE: REL_REDUCTION_OF_F_<=_FACTR*EPSMCH iterations 311 min 0.9533852925724969 mean 0.9563623898186121 seconds 0.488146162009798
TRIAL RESULT 3 0.949595217416667 BEST 0.9561691278528884 elapsed 29.72487131296657
DONE nominal 4 CONVERGENCE: REL_REDUCTION_OF_F_<=_FACTR*EPSMCH iterations 45 min 0.9999999999999933 mean 0.9999999999999933 seconds 0.9755320789990947
global 4 100 min 0.9363772169101308 mean 0.9406051236598647 seconds 2.5184349779738113
global 4 200 min 0.942890846675946 mean 0.9463416995877769 seconds 4.2541155139915645
global 4 300 min 0.9436693960461777 mean 0.9451755376386104 seconds 6.78943997900933
DONE global 4 CONVERGENCE: REL_REDUCTION_OF_F_<=_FACTR*EPSMCH iterations 270 min 0.9436693953432701 mean 0.9451755360751589 seconds 6.902165289968252
TRIAL RESULT 4 0.9373781347592062 BEST 0.9561691278528884 elapsed 46.676287034060806
DONE nominal 5 CONVERGENCE: REL_REDUCTION_OF_F_<=_FACTR*EPSMCH iterations 47 min 0.9999999999999973 mean 0.9999999999999973 seconds 0.39532136905472726
global 5 100 min 0.9224437899564897 mean 0.9292694936289844 seconds 0.5182809339603409
global 5 200 min 0.9483370028952121 mean 0.9500732709437959 seconds 0.6786673710448667
global 5 300 min 0.9585744532747876 mean 0.9593212042545319 seconds 0.7334513600217178
DONE global 5 CONVERGENCE: REL_REDUCTION_OF_F_<=_FACTR*EPSMCH iterations 292 min 0.9586083752559552 mean 0.9593305511878635 seconds 0.7490243420470506
TRIAL RESULT 5 0.9493315427279232 BEST 0.9561691278528884 elapsed 47.86873896000907
DONE nominal 6 CONVERGENCE: REL_REDUCTION_OF_F_<=_FACTR*EPSMCH iterations 56 min 0.9999999999999988 mean 0.9999999999999988 seconds 0.018938540015369654
global 6 100 min 0.9039383608756366 mean 0.9052295175746674 seconds 0.10238582396414131
global 6 200 min 0.9076285217721712 mean 0.9087408594509692 seconds 2.00683464796748
global 6 300 min 0.9376629730585163 mean 0.9389996672022172 seconds 3.347679539001547
global 6 400 min 0.9411746792814656 mean 0.9438776799134974 seconds 6.472220720024779
global 6 500 min 0.9530646662193157 mean 0.956573017751438 seconds 8.916259862016886
global 6 600 min 0.9620078098637125 mean 0.9647889291680672 seconds 9.567964451038279
DONE global 6 CONVERGENCE: REL_REDUCTION_OF_F_<=_FACTR*EPSMCH iterations 549 min 0.9620232737678273 mean 0.9647117893443061 seconds 9.660165469977073
full polish 6 100 min 0.9578068553048554 mean 0.96974475235181 seconds 2.4315266699995846
full polish 6 200 min 0.9586500858338683 mean 0.9700536962999277 seconds 5.328557702014223
full polish 6 300 min 0.9603594466943465 mean 0.9699841303952192 seconds 7.930425764061511
full polish 6 400 min 0.960366718100409 mean 0.9699754352945189 seconds 12.296310365083627
DONE full polish 6 CONVERGENCE: REL_REDUCTION_OF_F_<=_FACTR*EPSMCH iterations 414 min 0.9603670424626876 mean 0.969975815123664 seconds 13.846376314060763
NEW BEST 6 0.9603670424626876 elapsed 71.42636761802714
TRIAL RESULT 6 0.9603670424626876 BEST 0.9603670424626876 elapsed 71.4268221569946
DONE nominal 7 CONVERGENCE: REL_REDUCTION_OF_F_<=_FACTR*EPSMCH iterations 42 min 0.999999999999989 mean 0.999999999999989 seconds 0.1678988770581782
