CONFIG n 4096 checks 384 rank 379 pass 0 groups 4 initial_best 1000
BEST 192: 0 52 73 90 192 193 194 195 196 197 202 205 206 207 211 215 216 217 218 219 220 221 224 225 226 227 228 229 231 232 233 235 236 237 238 239 242 243 244 245 246 249 250 251 253 254 406 410 469 476 539 572 704 705 707 710 712 716 717 720 721 724 725 727 728 729 731 732 733 735 737 740 742 744 747 749 753 754 755 756 757 758 760 761 765 767 777 805 915 953 1281 1301 1472 1474 1475 1476 1480 1481 1484 1486 1489 1490 1491 1492 1496 1497 1498 1500 1502 1505 1506 1507 1510 1511 1513 1516 1518 1521 1522 1523 1527 1529 1532 1533 1546 1597 1627 1659 1763 1774 1903 1911 2019 2042 2200 2211 2539 2546 2573 2586 2624 2638 2659 2669 3032 3044 3051 3058 3358 3373 3496 3507 3648 3649 3782 3811 3927 3959 3981 3998 4001 4022 4032 4033 4034 4035 4038 4039 4041 4042 4044 4045 4047 4049 4050 4054 4055 4058 4060 4062 4065 4067 4073 4076 4077 4078 4080 4082 4085 4089 4090 4093
BEST 162: 1 52 73 90 193 195 201 203 204 206 208 211 215 216 217 218 220 221 222 225 228 231 233 236 237 239 240 242 245 246 247 248 251 252 253 255 705 707 709 712 713 716 718 719 720 722 723 727 729 733 734 739 740 742 743 745 750 753 756 757 759 760 835 868 1102 1115 1281 1301 1473 1474 1476 1477 1478 1487 1490 1499 1507 1508 1509 1511 1517 1518 1521 1522 1523 1525 1529 1530 1533 1535 1546 1576 1627 1659 1750 1763 1858 1903 2019 2042 2376 2399 2539 2546 2624 2638 2659 2669 2703 2723 3032 3044 3269 3317 3358 3373 3496 3507 3613 3646 3724 3733 3782 3803 3927 3967 3998 4001 4033 4035 4037 4039 4040 4041 4045 4046 4048 4049 4052 4054 4055 4056 4058 4059 4060 4062 4064 4067 4068 4070 4073 4075 4076 4082 4083 4084 4085 4086 4089 4090 4091 4092
BEST 150: 3 52 193 200 202 204 205 213 214 215 216 224 227 231 235 236 237 246 249 250 251 254 469 476 704 705 707 708 709 710 715 717 718 721 724 727 728 730 731 734 735 737 739 741 743 748 749 751 752 753 756 757 758 759 760 761 762 764 765 767 805 808 835 892 945 953 1107 1115 1281 1301 1475 1477 1478 1481 1484 1485 1489 1491 1496 1497 1498 1500 1502 1504 1508 1510 1512 1513 1515 1518 1519 1520 1521 1522 1523 1524 1527 1534 1546 1568 1576 1597 1858 1911 2376 2399 2539 2546 2573 2586 2638 2659 2703 2723 2818 2871 3032 3051 3613 3646 3733 3775 3925 3954 3968 3998 4001 4022 4033 4035 4037 4039 4040 4046 4047 4052 4055 4056 4057 4065 4066 4068 4074 4081 4082 4084 4086 4087 4092 4093
BEST 148: 30 52 192 193 194 197 198 200 202 205 210 211 214 215 216 217 219 231 235 239 240 241 243 245 247 249 250 251 252 253 469 476 706 707 709 715 721 723 727 732 736 737 738 740 742 743 745 746 747 750 753 754 757 759 762 764 777 808 835 860 923 953 1180 1191 1472 1473 1476 1480 1482 1483 1488 1489 1492 1497 1499 1503 1505 1507 1508 1514 1515 1516 1517 1518 1520 1521 1522 1523 1524 1525 1527 1528 1530 1534 1546 1576 1627 1659 1750 1763 1858 1903 2200 2211 2638 2659 3044 3058 3358 3373 3490 3507 3613 3646 3648 3649 3724 3775 3927 3967 3968 3981 4034 4036 4038 4039 4050 4051 4054 4055 4057 4059 4060 4062 4065 4069 4070 4072 4074 4075 4076 4085 4087 4088 4089 4090 4092 4094
BEST 142: 196 197 203 205 206 208 210 216 217 218 220 222 225 227 228 231 232 240 241 242 244 245 246 250 251 254 406 410 469 476 535 539 704 705 706 707 708 710 714 718 719 723 727 730 731 734 735 739 743 745 747 749 750 752 753 758 761 763 860 892 1177 1191 1382 1402 1472 1474 1475 1482 1485 1490 1500 1501 1506 1509 1511 1513 1514 1515 1517 1521 1523 1524 1525 1527 1528 1529 1531 1533 1534 1535 1546 1576 1627 1659 1750 1774 1858 1911 1936 1941 2019 2042 2539 2546 2659 2669 3044 3051 3358 3373 3490 3507 3613 3646 3927 3967 4033 4034 4036 4037 4041 4045 4047 4050 4051 4053 4058 4062 4063 4064 4065 4067 4074 4075 4076 4077 4082 4085 4086 4092 4093 4094
BEST 134: 73 90 195 197 200 201 204 210 214 216 218 221 222 226 227 229 233 235 237 242 243 244 246 247 249 250 251 252 253 255 705 709 713 715 720 722 725 726 727 734 736 738 741 745 749 750 753 757 758 759 762 763 764 766 777 808 835 860 915 923 1180 1191 1281 1288 1472 1473 1474 1475 1476 1479 1481 1484 1485 1489 1490 1491 1492 1497 1500 1501 1502 1503 1511 1520 1523 1525 1527 1532 1533 1535 1750 1763 1936 1941 2573 2586 2659 2669 3269 3317 3496 3507 3648 3649 3720 3775 3925 3927 3954 3967 3981 4022 4035 4036 4037 4039 4041 4042 4043 4046 4048 4049 4051 4055 4056 4058 4061 4066 4074 4075 4077 4080 4092 4095
BEST 130: 192 193 197 201 207 213 216 217 218 219 222 223 224 225 228 231 235 239 240 247 248 249 250 252 529 539 569 572 707 710 713 714 717 720 721 726 727 728 729 730 732 736 738 739 740 743 748 749 752 755 756 759 763 764 766 767 915 923 1177 1191 1474 1476 1482 1484 1490 1491 1493 1497 1500 1501 1502 1503 1507 1508 1511 1512 1513 1515 1518 1521 1522 1525 1527 1529 1532 1534 1568 1576 1750 1763 2019 2042 2200 2211 2624 2669 3044 3051 3358 3373 3720 3775 3927 3954 3959 3967 3981 4022 4032 4034 4039 4047 4049 4050 4051 4053 4056 4057 4059 4062 4069 4072 4076 4077 4080 4082 4084 4087 4090 4094
PROGRESS 0 0.0200244 rank 379
BEST 124: 43 56 59 62 137 157 196 213 321 336 380 383 391 410 457 464 521 567 770 772 776 783 788 790 792 793 800 803 805 821 823 824 826 827 830 831 961 963 964 965 972 975 978 980 985 989 991 993 998 1001 1004 1009 1013 1015 1017 1021 1419 1446 1863 1876 1986 2003 2327 2361 2372 2384 2385 2387 2390 2391 2394 2403 2409 2410 2414 2419 2420 2424 2428 2429 2610 2613 2770 2812 2850 2852 3015 3036 3140 3144 3148 3153 3155 3158 3161 3162 3163 3164 3166 3169 3170 3171 3173 3174 3175 3176 3177 3178 3179 3181 3182 3183 3185 3187 3193 3195 3305 3309 3671 3676 3809 3812 3866 3875
BEST 120: 3 27 95 117 300 313 326 364 389 408 706 758 850 857 940 942 970 1010 1089 1091 1095 1096 1098 1099 1100 1102 1119 1122 1123 1124 1128 1133 1135 1136 1145 1146 1149 1151 1409 1430 1473 1477 1481 1482 1484 1487 1489 1491 1492 1493 1496 1499 1500 1501 1502 1504 1508 1511 1512 1517 1518 1519 1520 1521 1524 1531 1532 1533 1534 1535 1822 1853 2004 2023 2063 2092 2435 2439 2440 2441 2446 2448 2450 2457 2459 2462 2463 2465 2468 2469 2474 2480 2481 2485 2490 2495 3032 3054 3456 3460 3464 3468 3470 3471 3475 3476 3479 3481 3482 3489 3490 3491 3498 3499 3506 3507 3508 3515 3802 3804
PROGRESS 10 0.150968 rank 379
PROGRESS 20 0.265517 rank 379
BEST 116: 26 49 71 74 102 121 479 494 707 708 712 714 717 720 721 722 723 730 732 736 737 739 746 749 753 756 775 819 1027 1029 1030 1032 1035 1039 1040 1043 1046 1047 1052 1060 1061 1065 1068 1069 1072 1074 1075 1081 1111 1145 1216 1222 1226 1231 1242 1243 1245 1250 1253 1259 1260 1263 1265 1268 1271 1274 1296 1330 1371 1399 1497 1513 1619 1657 1689 1700 2189 2200 2341 2353 2440 2488 2521 2540 2837 2865 2956 2991 3010 3011 3014 3016 3021 3026 3027 3031 3036 3040 3041 3042 3044 3047 3051 3052 3053 3054 3055 3058 3061 3063 3067 3071 3156 3173 3345 3391
PROGRESS 30 0.329886 rank 379
PROGRESS 40 0.389621 rank 379
BEST 112: 402 437 473 486 530 532 586 633 772 775 776 779 780 786 791 794 801 803 808 811 816 817 818 825 990 1002 1200 1203 1360 1363 1454 1455 1673 1674 1676 1683 1684 1685 1692 1693 1698 1699 1701 1702 1704 1705 1706 1712 1720 1721 1722 1724 1755 1776 1858 1862 1869 1872 1874 1876 1879 1882 1888 1894 1895 1898 1904 1907 1942 1963 2019 2024 2648 2667 3015 3065 3082 3114 3234 3256 3403 3453 3520 3572 3649 3650 3652 3660 3661 3662 3665 3666 3667 3672 3673 3674 3676 3677 3684 3685 3690 3694 3697 3700 3702 3703 3706 3711 3776 3828 3979 4001
PROGRESS 50 0.450726 rank 379
PROGRESS 60 0.50922 rank 379
PROGRESS 70 0.579479 rank 379
PROGRESS 80 0.636702 rank 379
PROGRESS 90 0.688738 rank 379
PROGRESS 100 0.808147 rank 379
PROGRESS 110 0.864797 rank 379
PROGRESS 120 0.931546 rank 379
PROGRESS 130 0.996374 rank 379
PROGRESS 140 1.06355 rank 379
PROGRESS 150 1.13056 rank 379
PROGRESS 160 1.20809 rank 379
PROGRESS 170 1.27485 rank 379
PROGRESS 180 1.34809 rank 379
PROGRESS 190 1.41633 rank 379
PROGRESS 200 1.48707 rank 379
PROGRESS 210 1.5565 rank 379
PROGRESS 220 1.64184 rank 379
PROGRESS 230 1.74102 rank 379
PROGRESS 240 1.8342 rank 379
PROGRESS 250 1.97573 rank 379
PROGRESS 260 2.03887 rank 379
PROGRESS 270 2.15383 rank 379
PROGRESS 280 2.3611 rank 379
PROGRESS 290 2.45279 rank 379
PROGRESS 300 2.55112 rank 379
PROGRESS 310 2.61915 rank 379
PROGRESS 320 2.67053 rank 379
PROGRESS 330 2.74009 rank 379
PROGRESS 340 2.81877 rank 379
PROGRESS 350 2.90277 rank 379
PROGRESS 360 2.97111 rank 379
PROGRESS 370 3.08564 rank 379
PROGRESS 380 3.1606 rank 379
PROGRESS 390 3.23485 rank 379
PROGRESS 400 3.31817 rank 379
PROGRESS 410 3.38537 rank 379
PROGRESS 420 3.44542 rank 379
PROGRESS 430 3.50551 rank 379
PROGRESS 440 3.55154 rank 379
PROGRESS 450 3.62383 rank 379
PROGRESS 460 3.69649 rank 379
PROGRESS 470 3.76016 rank 379
PROGRESS 480 3.8224 rank 379
PROGRESS 490 3.88685 rank 379
PROGRESS 500 3.94634 rank 379
PROGRESS 510 4.03 rank 379
PROGRESS 520 4.10822 rank 379
PROGRESS 530 4.16775 rank 379
PROGRESS 540 4.23756 rank 379
PROGRESS 550 4.43783 rank 379
PROGRESS 560 4.51848 rank 379
PROGRESS 570 4.69172 rank 379
PROGRESS 580 4.78803 rank 379
PROGRESS 590 4.8506 rank 379
PROGRESS 600 4.91678 rank 379
PROGRESS 610 5.03099 rank 379
PROGRESS 620 5.27292 rank 379
PROGRESS 630 5.54097 rank 379
PROGRESS 640 5.59633 rank 379
PROGRESS 650 5.67002 rank 379
PROGRESS 660 5.73756 rank 379
PROGRESS 670 5.7974 rank 379
PROGRESS 680 5.86859 rank 379
PROGRESS 690 5.93521 rank 379
PROGRESS 700 6.00258 rank 379
PROGRESS 710 6.08499 rank 379
PROGRESS 720 6.17991 rank 379
PROGRESS 730 6.29784 rank 379
PROGRESS 740 6.35874 rank 379
PROGRESS 750 6.42154 rank 379
PROGRESS 760 6.48133 rank 379
PROGRESS 770 6.54629 rank 379
PROGRESS 780 6.61567 rank 379
PROGRESS 790 6.68505 rank 379
PROGRESS 800 6.74948 rank 379
PROGRESS 810 6.81726 rank 379
PROGRESS 820 6.88354 rank 379
PROGRESS 830 6.94896 rank 379
PROGRESS 840 7.01252 rank 379
PROGRESS 850 7.09019 rank 379
PROGRESS 860 7.17117 rank 379
BEST 110: 213 250 668 676 708 736 872 874 900 901 905 908 926 927 929 934 937 940 944 949 952 953 1058 1078 1115 1141 1227 1264 2213 2215 2498 2500 2502 2503 2504 2507 2514 2518 2519 2520 2526 2527 2529 2532 2533 2542 2546 2551 2554 2555 2558 2559 3017 3052 3136 3137 3138 3139 3142 3143 3145 3149 3150 3151 3159 3160 3163 3165 3170 3171 3174 3179 3181 3184 3192 3194 3196 3197 3397 3399 3585 3586 3587 3592 3598 3601 3604 3608 3609 3610 3613 3616 3619 3620 3621 3622 3623 3624 3626 3630 3633 3637 3638 3640 3641 3645 3654 3688 3956 3967
PROGRESS 870 7.24022 rank 379
PROGRESS 880 7.32775 rank 379
PROGRESS 890 7.38941 rank 379
PROGRESS 900 7.45021 rank 379
PROGRESS 910 7.52795 rank 379
PROGRESS 920 7.58957 rank 379
PROGRESS 930 7.65362 rank 379
PROGRESS 940 7.72537 rank 379
PROGRESS 950 7.79608 rank 379
PROGRESS 960 7.85901 rank 379
PROGRESS 970 7.91905 rank 379
PROGRESS 980 7.98164 rank 379
BEST 108: 64 67 68 72 81 85 86 87 88 89 91 93 96 100 102 103 108 115 120 121 123 125 237 250 269 271 288 301 390 394 468 469 516 525 534 543 544 547 549 550 551 553 559 565 573 574 715 728 1045 1072 1191 1212 1299 1303 1540 1552 1586 1591 1648 1651 1921 1929 1932 1934 1935 1938 1940 1944 1949 1951 1956 1957 1959 1960 1961 1966 1970 1976 1981 1983 2065 2068 2200 2208 2213 2221 2384 2413 2715 2739 2818 2828 3393 3398 3403 3404 3407 3409 3411 3417 3430 3438 3447 3452 3481 3501 4053 4088
PROGRESS 990 8.05376 rank 379
PROGRESS 1000 8.1271 rank 379
PROGRESS 1010 8.20014 rank 379
PROGRESS 1020 8.26601 rank 379
PROGRESS 1030 8.4307 rank 379
PROGRESS 1040 8.6772 rank 379
PROGRESS 1050 8.72488 rank 379
PROGRESS 1060 8.77245 rank 379
PROGRESS 1070 8.83358 rank 379
PROGRESS 1080 8.91504 rank 379
PROGRESS 1090 8.99521 rank 379
PROGRESS 1100 9.07011 rank 379
PROGRESS 1110 9.14043 rank 379
PROGRESS 1120 9.21407 rank 379
PROGRESS 1130 9.30008 rank 379
PROGRESS 1140 9.38455 rank 379
PROGRESS 1150 9.46849 rank 379
PROGRESS 1160 9.54918 rank 379
PROGRESS 1170 9.68616 rank 379
PROGRESS 1180 9.77292 rank 379
PROGRESS 1190 9.85769 rank 379
PROGRESS 1200 9.93542 rank 379
PROGRESS 1210 10.0501 rank 379
PROGRESS 1220 10.1661 rank 379
PROGRESS 1230 10.2398 rank 379
PROGRESS 1240 10.3018 rank 379
PROGRESS 1250 10.4495 rank 379
PROGRESS 1260 10.5215 rank 379
PROGRESS 1270 10.5828 rank 379
PROGRESS 1280 10.6491 rank 379
PROGRESS 1290 10.7268 rank 379
PROGRESS 1300 10.7982 rank 379
PROGRESS 1310 10.9173 rank 379
PROGRESS 1320 10.9857 rank 379
PROGRESS 1330 11.0481 rank 379
PROGRESS 1340 11.2325 rank 379
PROGRESS 1350 11.5355 rank 379
PROGRESS 1360 11.5973 rank 379
PROGRESS 1370 11.6751 rank 379
PROGRESS 1380 11.7382 rank 379
PROGRESS 1390 11.8058 rank 379
PROGRESS 1400 11.9062 rank 379
PROGRESS 1410 11.9653 rank 379
PROGRESS 1420 12.0307 rank 379
PROGRESS 1430 12.0899 rank 379
PROGRESS 1440 12.1499 rank 379
PROGRESS 1450 12.214 rank 379
PROGRESS 1460 12.2888 rank 379
PROGRESS 1470 12.3684 rank 379
PROGRESS 1480 12.4432 rank 379
PROGRESS 1490 12.524 rank 379
PROGRESS 1500 12.6086 rank 379
PROGRESS 1510 12.7081 rank 379
PROGRESS 1520 12.8154 rank 379
PROGRESS 1530 12.9484 rank 379
PROGRESS 1540 13.0659 rank 379
PROGRESS 1550 13.1967 rank 379
PROGRESS 1560 13.2718 rank 379
PROGRESS 1570 13.3647 rank 379
PROGRESS 1580 13.5062 rank 379
PROGRESS 1590 13.5678 rank 379
PROGRESS 1600 13.6367 rank 379
PROGRESS 1610 13.7244 rank 379
PROGRESS 1620 13.8023 rank 379
PROGRESS 1630 13.8841 rank 379
PROGRESS 1640 13.9825 rank 379
PROGRESS 1650 14.0862 rank 379
PROGRESS 1660 14.1732 rank 379
PROGRESS 1670 14.2635 rank 379
PROGRESS 1680 14.3521 rank 379
PROGRESS 1690 14.4615 rank 379
PROGRESS 1700 14.6002 rank 379
PROGRESS 1710 14.6948 rank 379
PROGRESS 1720 14.7772 rank 379
PROGRESS 1730 14.8462 rank 379
PROGRESS 1740 14.944 rank 379
PROGRESS 1750 15.0312 rank 379
PROGRESS 1760 15.1113 rank 379
PROGRESS 1770 15.2147 rank 379
PROGRESS 1780 15.3155 rank 379
PROGRESS 1790 15.4145 rank 379
PROGRESS 1800 15.5049 rank 379
PROGRESS 1810 15.5909 rank 379
PROGRESS 1820 15.6968 rank 379
PROGRESS 1830 15.8374 rank 379
PROGRESS 1840 15.9309 rank 379
PROGRESS 1850 16.0174 rank 379
PROGRESS 1860 16.1484 rank 379
PROGRESS 1870 16.225 rank 379
PROGRESS 1880 16.3149 rank 379
PROGRESS 1890 16.4301 rank 379
PROGRESS 1900 16.5116 rank 379
PROGRESS 1910 16.6069 rank 379
PROGRESS 1920 16.7338 rank 379
PROGRESS 1930 16.8477 rank 379
PROGRESS 1940 16.9265 rank 379
PROGRESS 1950 17.0066 rank 379
PROGRESS 1960 17.0842 rank 379
PROGRESS 1970 17.1442 rank 379
PROGRESS 1980 17.2204 rank 379
PROGRESS 1990 17.2863 rank 379
PROGRESS 2000 17.3498 rank 379
PROGRESS 2010 17.3999 rank 379
PROGRESS 2020 17.445 rank 379
PROGRESS 2030 17.4918 rank 379
PROGRESS 2040 17.5665 rank 379
PROGRESS 2050 17.6687 rank 379
PROGRESS 2060 17.7483 rank 379
PROGRESS 2070 17.8202 rank 379
PROGRESS 2080 17.8951 rank 379
PROGRESS 2090 17.9651 rank 379
PROGRESS 2100 18.0952 rank 379
PROGRESS 2110 18.157 rank 379
PROGRESS 2120 18.2093 rank 379
PROGRESS 2130 18.2811 rank 379
PROGRESS 2140 18.3627 rank 379
PROGRESS 2150 18.4517 rank 379
PROGRESS 2160 18.5218 rank 379
PROGRESS 2170 18.5861 rank 379
PROGRESS 2180 18.6662 rank 379
PROGRESS 2190 18.7794 rank 379
PROGRESS 2200 18.8507 rank 379
PROGRESS 2210 18.9283 rank 379
PROGRESS 2220 19.0025 rank 379
PROGRESS 2230 19.1623 rank 379
PROGRESS 2240 19.2366 rank 379
PROGRESS 2250 19.3295 rank 379
PROGRESS 2260 19.4103 rank 379
PROGRESS 2270 19.4882 rank 379
PROGRESS 2280 19.5809 rank 379
PROGRESS 2290 19.6803 rank 379
PROGRESS 2300 19.7391 rank 379
PROGRESS 2310 19.8322 rank 379
PROGRESS 2320 19.9052 rank 379
PROGRESS 2330 19.9732 rank 379
PROGRESS 2340 20.043 rank 379
PROGRESS 2350 20.109 rank 379
PROGRESS 2360 20.1834 rank 379
PROGRESS 2370 20.2354 rank 379
PROGRESS 2380 20.3177 rank 379
PROGRESS 2390 20.3737 rank 379
PROGRESS 2400 20.4405 rank 379
PROGRESS 2410 20.504 rank 379
BEST 106: 4 7 8 11 14 22 33 38 40 44 45 46 54 61 66 109 178 181 454 469 517 575 768 771 775 777 782 790 792 796 797 800 801 802 806 810 817 819 822 828 830 831 856 863 897 898 1226 1273 1472 1474 1476 1478 1480 1486 1490 1491 1492 1497 1499 1500 1501 1502 1504 1506 1507 1509 1510 1514 1521 1523 1525 1526 1530 1531 1532 1533 1576 1589 1604 1641 2613 2614 3075 3092 3104 3116 3117 3118 3120 3122 3124 3125 3129 3130 3225 3249 3433 3442 3443 3447 3536 3540 3780 3800 3848 3855
PROGRESS 2420 20.5582 rank 379
PROGRESS 2430 20.613 rank 379
PROGRESS 2440 20.6636 rank 379
PROGRESS 2450 20.7234 rank 379
PROGRESS 2460 20.7808 rank 379
PROGRESS 2470 20.8396 rank 379
PROGRESS 2480 20.9037 rank 379
PROGRESS 2490 20.9667 rank 379
PROGRESS 2500 21.0447 rank 379
PROGRESS 2510 21.1119 rank 379
PROGRESS 2520 21.1755 rank 379
PROGRESS 2530 21.2378 rank 379
PROGRESS 2540 21.2999 rank 379
PROGRESS 2550 21.3666 rank 379
PROGRESS 2560 21.4136 rank 379
PROGRESS 2570 21.4591 rank 379
PROGRESS 2580 21.5063 rank 379
PROGRESS 2590 21.5574 rank 379
PROGRESS 2600 21.6134 rank 379
PROGRESS 2610 21.6699 rank 379
PROGRESS 2620 21.722 rank 379
PROGRESS 2630 21.7905 rank 379
PROGRESS 2640 21.8679 rank 379
PROGRESS 2650 21.9376 rank 379
PROGRESS 2660 22.0092 rank 379
PROGRESS 2670 22.0867 rank 379
PROGRESS 2680 22.1734 rank 379
PROGRESS 2690 22.2708 rank 379
PROGRESS 2700 22.3638 rank 379
PROGRESS 2710 22.4502 rank 379
PROGRESS 2720 22.5721 rank 379
PROGRESS 2730 22.6544 rank 379
PROGRESS 2740 22.8701 rank 379
PROGRESS 2750 22.9307 rank 379
PROGRESS 2760 22.984 rank 379
PROGRESS 2770 23.04 rank 379
PROGRESS 2780 23.0921 rank 379
PROGRESS 2790 23.3516 rank 379
PROGRESS 2800 23.4177 rank 379
PROGRESS 2810 23.4855 rank 379
PROGRESS 2820 23.551 rank 379
PROGRESS 2830 23.6177 rank 379
PROGRESS 2840 23.6829 rank 379
PROGRESS 2850 23.7494 rank 379
PROGRESS 2860 23.8158 rank 379
PROGRESS 2870 23.8833 rank 379
PROGRESS 2880 23.947 rank 379
PROGRESS 2890 24.0326 rank 379
PROGRESS 2900 24.1007 rank 379
PROGRESS 2910 24.1665 rank 379
PROGRESS 2920 24.2327 rank 379
PROGRESS 2930 24.3035 rank 379
PROGRESS 2940 24.3711 rank 379
PROGRESS 2950 24.4406 rank 379
PROGRESS 2960 24.5062 rank 379
PROGRESS 2970 24.5735 rank 379
PROGRESS 2980 24.6418 rank 379
PROGRESS 2990 24.7082 rank 379
PROGRESS 3000 24.7752 rank 379
PROGRESS 3010 24.8465 rank 379
PROGRESS 3020 24.9146 rank 379
PROGRESS 3030 24.9867 rank 379
PROGRESS 3040 25.0535 rank 379
BEST 98: 192 195 199 206 211 214 215 216 222 226 227 229 239 245 250 254 262 296 301 306 356 372 672 680 833 838 840 842 845 851 859 862 865 866 867 868 871 872 873 881 882 883 893 895 994 1011 1132 1150 1218 1247 1674 1707 2079 2109 2208 2231 2348 2357 2432 2437 2439 2440 2442 2447 2456 2458 2462 2464 2465 2468 2483 2492 2493 2495 3547 3550 3970 3972 3979 3982 3983 3985 3987 3992 3996 3997 4006 4011 4014 4017 4019 4020 4022 4027 4029 4031 4036 4060
PROGRESS 3050 25.1277 rank 379
PROGRESS 3060 25.2051 rank 379
PROGRESS 3070 25.279 rank 379
PROGRESS 3080 25.3496 rank 379
PROGRESS 3090 25.4199 rank 379
PROGRESS 3100 25.4971 rank 379
PROGRESS 3110 25.5695 rank 379
PROGRESS 3120 25.641 rank 379
PROGRESS 3130 25.7121 rank 379
PROGRESS 3140 25.7854 rank 379
PROGRESS 3150 25.8428 rank 379
PROGRESS 3160 25.9013 rank 379
PROGRESS 3170 25.9566 rank 379
PROGRESS 3180 26.0123 rank 379
PROGRESS 3190 26.0637 rank 379
PROGRESS 3200 26.141 rank 379
PROGRESS 3210 26.2265 rank 379
PROGRESS 3220 26.3477 rank 379
PROGRESS 3230 26.4162 rank 379
PROGRESS 3240 26.4764 rank 379
PROGRESS 3250 26.5425 rank 379
PROGRESS 3260 26.5965 rank 379
PROGRESS 3270 26.65 rank 379
PROGRESS 3280 26.7034 rank 379
PROGRESS 3290 26.7535 rank 379
PROGRESS 3300 26.8058 rank 379
PROGRESS 3310 26.8573 rank 379
PROGRESS 3320 26.908 rank 379
PROGRESS 3330 26.9583 rank 379
PROGRESS 3340 27.0214 rank 379
PROGRESS 3350 27.0826 rank 379
PROGRESS 3360 27.1795 rank 379
PROGRESS 3370 27.2534 rank 379
PROGRESS 3380 27.3402 rank 379
PROGRESS 3390 27.429 rank 379
PROGRESS 3400 27.4959 rank 379
PROGRESS 3410 27.5524 rank 379
PROGRESS 3420 27.6093 rank 379
PROGRESS 3430 27.6639 rank 379
PROGRESS 3440 27.7284 rank 379
PROGRESS 3450 27.787 rank 379
PROGRESS 3460 27.8518 rank 379
PROGRESS 3470 27.941 rank 379
PROGRESS 3480 28.04 rank 379
PROGRESS 3490 28.1182 rank 379
PROGRESS 3500 28.1907 rank 379
PROGRESS 3510 28.2744 rank 379
PROGRESS 3520 28.3532 rank 379
PROGRESS 3530 28.4229 rank 379
PROGRESS 3540 28.5211 rank 379
PROGRESS 3550 28.5914 rank 379
PROGRESS 3560 28.6595 rank 379
PROGRESS 3570 28.7627 rank 379
PROGRESS 3580 28.8496 rank 379
PROGRESS 3590 28.9338 rank 379
PROGRESS 3600 29.0087 rank 379
PROGRESS 3610 29.1932 rank 379
PROGRESS 3620 29.5095 rank 379
PROGRESS 3630 29.6175 rank 379
PROGRESS 3640 29.71 rank 379
PROGRESS 3650 29.7859 rank 379
PROGRESS 3660 29.8887 rank 379
PROGRESS 3670 29.9888 rank 379
END trials 3673 elapsed 30.0091
