trellis states=1431 outputs=1431
initial E=174 path=87
10000 t=1.69162 E=51 path=22 E=7 ratio=0.8 min=7,4,7,5, mean=12.5185,13.3333,12.5185,13.1649,
20000 t=3.35477 E=47 path=21 E=5 ratio=0.8 min=7,4,7,5, mean=12.7778,13.3609,12.7778,13.2099,
30000 t=5.13384 E=38 path=17 E=4 ratio=0.8 min=8,5,7,4, mean=12.5185,13.2404,12.5185,13.1881,
40000 t=6.71921 E=32 path=15 E=2 ratio=0.8 min=8,4,8,5, mean=12.5556,13.114,12.5556,13.1082,
50000 t=8.3794 E=30 path=15 E=0 ratio=1 min=8,5,8,5, mean=12.2593,13.2186,12.2593,13.0675,
60000 t=9.90428 E=30 path=15 E=0 ratio=1 min=8,5,8,5, mean=12.2593,13.2186,12.2593,13.0675,
70000 t=11.5485 E=30 path=15 E=0 ratio=1 min=8,5,8,5, mean=12.2593,13.2186,12.2593,13.0675,
80000 t=13.2288 E=30 path=15 E=0 ratio=1 min=8,5,8,5, mean=12.2593,13.2186,12.2593,13.0675,
90000 t=14.9275 E=28 path=14 E=0 ratio=1 min=8,5,8,5, mean=13,13.1954,13,13.2999,
100000 t=16.7067 E=28 path=14 E=0 ratio=1 min=8,5,8,5, mean=13,13.1954,13,13.2999,
110000 t=18.4439 E=28 path=14 E=0 ratio=1 min=8,5,8,5, mean=13,13.1954,13,13.2999,
120000 t=20.2208 E=26 path=11 E=4 ratio=0.8 min=7,4,8,4, mean=13.6667,13.2389,13.6667,13.2912,
130000 t=22.0581 E=19 path=8 E=3 ratio=0.8 min=8,4,8,4, mean=13.5926,13.2128,13.5926,13.3174,
140000 t=23.8226 E=18 path=8 E=2 ratio=0.8 min=8,5,8,4, mean=13.3333,13.2781,13.3333,13.2375,
150000 t=25.5788 E=16 path=7 E=2 ratio=0.8 min=8,4,8,4, mean=13.2222,13.2447,13.2222,13.2331,
160000 t=27.4199 E=16 path=7 E=2 ratio=0.8 min=8,4,8,4, mean=13.2222,13.2447,13.2222,13.2331,
170000 t=29.3822 E=16 path=7 E=2 ratio=0.8 min=8,4,8,4, mean=13.2222,13.2447,13.2222,13.2331,
180000 t=31.3152 E=16 path=7 E=2 ratio=0.8 min=8,4,8,4, mean=13.2222,13.2447,13.2222,13.2331,
190000 t=33.0882 E=16 path=7 E=2 ratio=0.8 min=8,4,8,4, mean=13.2222,13.2447,13.2222,13.2331,
200000 t=34.9725 E=16 path=7 E=2 ratio=0.8 min=8,4,8,4, mean=13.2222,13.2447,13.2222,13.2331,
210000 t=36.752 E=16 path=7 E=2 ratio=0.8 min=8,4,8,4, mean=13.2222,13.2447,13.2222,13.2331,
220000 t=38.5058 E=16 path=7 E=2 ratio=0.8 min=8,4,8,4, mean=13.2222,13.2447,13.2222,13.2331,
230000 t=40.3857 E=16 path=7 E=2 ratio=0.8 min=8,4,8,4, mean=13.2222,13.2447,13.2222,13.2331,
240000 t=42.2484 E=16 path=7 E=2 ratio=0.8 min=8,4,8,4, mean=13.2222,13.2447,13.2222,13.2331,
250000 t=44.0529 E=16 path=7 E=2 ratio=0.8 min=8,4,8,4, mean=13.2222,13.2447,13.2222,13.2331,
260000 t=46.0947 E=16 path=7 E=2 ratio=0.8 min=8,4,8,4, mean=13.2222,13.2447,13.2222,13.2331,
270000 t=47.9796 E=16 path=7 E=2 ratio=0.8 min=8,4,8,4, mean=13.2222,13.2447,13.2222,13.2331,
280000 t=49.6688 E=16 path=7 E=2 ratio=0.8 min=8,4,8,4, mean=13.2222,13.2447,13.2222,13.2331,
290000 t=51.4354 E=16 path=7 E=2 ratio=0.8 min=8,4,8,4, mean=13.2222,13.2447,13.2222,13.2331,
300000 t=53.2587 E=16 path=7 E=2 ratio=0.8 min=8,4,8,4, mean=13.2222,13.2447,13.2222,13.2331,
310000 t=55.222 E=16 path=7 E=2 ratio=0.8 min=8,4,8,4, mean=13.2222,13.2447,13.2222,13.2331,
320000 t=57.1637 E=16 path=7 E=2 ratio=0.8 min=8,4,8,4, mean=13.2222,13.2447,13.2222,13.2331,
330000 t=59.2322 E=12 path=6 E=0 ratio=1 min=8,5,8,5, mean=13.4815,13.1968,13.4815,13.3479,
340000 t=61.1501 E=12 path=6 E=0 ratio=1 min=8,5,8,5, mean=13.4815,13.1968,13.4815,13.3479,
350000 t=63.3115 E=10 path=5 E=0 ratio=1 min=8,5,8,5, mean=13.0741,13.1402,13.0741,13.1983,
360000 t=65.212 E=10 path=5 E=0 ratio=1 min=8,5,8,5, mean=13.0741,13.1402,13.0741,13.1983,
370000 t=67.1647 E=10 path=5 E=0 ratio=1 min=8,5,8,5, mean=13.0741,13.1402,13.0741,13.1983,
380000 t=69.24 E=10 path=5 E=0 ratio=1 min=8,5,8,5, mean=13.0741,13.1402,13.0741,13.1983,
390000 t=71.0891 E=10 path=5 E=0 ratio=1 min=8,5,8,5, mean=13.0741,13.1402,13.0741,13.1983,
400000 t=73.1514 E=10 path=5 E=0 ratio=1 min=8,5,8,5, mean=13.0741,13.1402,13.0741,13.1983,
410000 t=75.1465 E=10 path=5 E=0 ratio=1 min=8,5,8,5, mean=13.0741,13.1402,13.0741,13.1983,
420000 t=76.986 E=10 path=5 E=0 ratio=1 min=8,5,8,5, mean=13.0741,13.1402,13.0741,13.1983,
430000 t=78.7832 E=10 path=5 E=0 ratio=1 min=8,5,8,5, mean=13.0741,13.1402,13.0741,13.1983,
440000 t=80.5148 E=10 path=5 E=0 ratio=1 min=8,5,8,5, mean=13.0741,13.1402,13.0741,13.1983,
450000 t=82.241 E=10 path=5 E=0 ratio=1 min=8,5,8,5, mean=13.0741,13.1402,13.0741,13.1983,
460000 t=84.3888 E=10 path=5 E=0 ratio=1 min=8,5,8,5, mean=13.0741,13.1402,13.0741,13.1983,
470000 t=86.1781 E=10 path=5 E=0 ratio=1 min=8,5,8,5, mean=13.0741,13.1402,13.0741,13.1983,
480000 t=88.0458 E=10 path=5 E=0 ratio=1 min=8,5,8,5, mean=13.0741,13.1402,13.0741,13.1983,
490000 t=89.9934 E=10 path=5 E=0 ratio=1 min=8,5,8,5, mean=13.0741,13.1402,13.0741,13.1983,
500000 t=91.7997 E=10 path=5 E=0 ratio=1 min=8,5,8,5, mean=13.0741,13.1402,13.0741,13.1983,
510000 t=93.849 E=10 path=5 E=0 ratio=1 min=8,5,8,5, mean=13.0741,13.1402,13.0741,13.1983,
520000 t=95.7387 E=10 path=5 E=0 ratio=1 min=8,5,8,5, mean=13.0741,13.1402,13.0741,13.1983,
530000 t=97.5261 E=10 path=5 E=0 ratio=1 min=8,5,8,5, mean=13.0741,13.1402,13.0741,13.1983,
540000 t=99.3047 E=10 path=5 E=0 ratio=1 min=8,5,8,5, mean=13.0741,13.1402,13.0741,13.1983,
550000 t=101.186 E=10 path=5 E=0 ratio=1 min=8,5,8,5, mean=13.0741,13.1402,13.0741,13.1983,
560000 t=103.057 E=10 path=5 E=0 ratio=1 min=8,5,8,5, mean=13.0741,13.1402,13.0741,13.1983,
570000 t=105.019 E=10 path=5 E=0 ratio=1 min=8,5,8,5, mean=13.0741,13.1402,13.0741,13.1983,
580000 t=107.295 E=10 path=5 E=0 ratio=1 min=8,5,8,5, mean=13.0741,13.1402,13.0741,13.1983,
590000 t=109.428 E=9 path=4 E=1 ratio=0.8 min=8,5,8,4, mean=13.037,13.2898,13.037,13.1038,
600000 t=111.401 E=9 path=4 E=1 ratio=0.8 min=8,5,8,4, mean=13.037,13.2898,13.037,13.1038,
610000 t=113.314 E=9 path=4 E=1 ratio=0.8 min=8,5,8,4, mean=13.037,13.2898,13.037,13.1038,
620000 t=115.236 E=9 path=4 E=1 ratio=0.8 min=8,5,8,4, mean=13.037,13.2898,13.037,13.1038,
630000 t=117.36 E=9 path=4 E=1 ratio=0.8 min=8,5,8,4, mean=13.037,13.2898,13.037,13.1038,
640000 t=119.893 E=8 path=4 E=0 ratio=1 min=8,5,8,5, mean=12.8519,13.2709,12.8519,13.1837,
650000 t=122.588 E=6 path=2 E=2 ratio=0.8 min=8,4,8,4, mean=12.9259,13.268,12.9259,13.1808,
660000 t=124.781 E=6 path=2 E=2 ratio=0.8 min=8,4,8,4, mean=12.9259,13.268,12.9259,13.1808,
670000 t=127.462 E=6 path=2 E=2 ratio=0.8 min=8,4,8,4, mean=12.9259,13.268,12.9259,13.1808,
680000 t=129.869 E=6 path=2 E=2 ratio=0.8 min=8,4,8,4, mean=12.9259,13.268,12.9259,13.1808,
690000 t=131.915 E=6 path=2 E=2 ratio=0.8 min=8,4,8,4, mean=12.9259,13.268,12.9259,13.1808,
700000 t=134.322 E=6 path=2 E=2 ratio=0.8 min=8,4,8,4, mean=12.9259,13.268,12.9259,13.1808,
710000 t=136.838 E=6 path=2 E=2 ratio=0.8 min=8,4,8,4, mean=12.9259,13.268,12.9259,13.1808,
720000 t=138.901 E=6 path=2 E=2 ratio=0.8 min=8,4,8,4, mean=12.9259,13.268,12.9259,13.1808,
730000 t=140.914 E=6 path=2 E=2 ratio=0.8 min=8,4,8,4, mean=12.9259,13.268,12.9259,13.1808,
740000 t=143.081 E=6 path=2 E=2 ratio=0.8 min=8,4,8,4, mean=12.9259,13.268,12.9259,13.1808,
750000 t=145.098 E=6 path=2 E=2 ratio=0.8 min=8,4,8,4, mean=12.9259,13.268,12.9259,13.1808,
760000 t=147.169 E=6 path=2 E=2 ratio=0.8 min=8,4,8,4, mean=12.9259,13.268,12.9259,13.1808,
770000 t=149.298 E=6 path=2 E=2 ratio=0.8 min=8,4,8,4, mean=12.9259,13.268,12.9259,13.1808,
780000 t=151.263 E=6 path=2 E=2 ratio=0.8 min=8,4,8,4, mean=12.9259,13.268,12.9259,13.1808,
790000 t=153.291 E=6 path=2 E=2 ratio=0.8 min=8,4,8,4, mean=12.9259,13.268,12.9259,13.1808,
800000 t=155.474 E=6 path=2 E=2 ratio=0.8 min=8,4,8,4, mean=12.9259,13.268,12.9259,13.1808,
810000 t=157.398 E=6 path=2 E=2 ratio=0.8 min=8,4,8,4, mean=12.9259,13.268,12.9259,13.1808,
820000 t=159.306 E=6 path=2 E=2 ratio=0.8 min=8,4,8,4, mean=12.9259,13.268,12.9259,13.1808,
830000 t=161.259 E=6 path=2 E=2 ratio=0.8 min=8,4,8,4, mean=12.9259,13.268,12.9259,13.1808,
840000 t=163.222 E=6 path=2 E=2 ratio=0.8 min=8,4,8,4, mean=12.9259,13.268,12.9259,13.1808,
850000 t=165.086 E=6 path=2 E=2 ratio=0.8 min=8,4,8,4, mean=12.9259,13.268,12.9259,13.1808,
860000 t=167.188 E=6 path=2 E=2 ratio=0.8 min=8,4,8,4, mean=12.9259,13.268,12.9259,13.1808,
870000 t=169.256 E=6 path=2 E=2 ratio=0.8 min=8,4,8,4, mean=12.9259,13.268,12.9259,13.1808,
880000 t=171.385 E=6 path=2 E=2 ratio=0.8 min=8,4,8,4, mean=12.9259,13.268,12.9259,13.1808,
890000 t=173.322 E=6 path=2 E=2 ratio=0.8 min=8,4,8,4, mean=12.9259,13.268,12.9259,13.1808,
900000 t=175.209 E=6 path=2 E=2 ratio=0.8 min=8,4,8,4, mean=12.9259,13.268,12.9259,13.1808,
910000 t=177.032 E=6 path=2 E=2 ratio=0.8 min=8,4,8,4, mean=12.9259,13.268,12.9259,13.1808,
920000 t=178.871 E=6 path=2 E=2 ratio=0.8 min=8,4,8,4, mean=12.9259,13.268,12.9259,13.1808,
930000 t=180.766 E=6 path=2 E=2 ratio=0.8 min=8,4,8,4, mean=12.9259,13.268,12.9259,13.1808,
FINAL faults=13720 min=1
