initial critical=55 E=56
BEST 345 t=3.68883 critical=46 E=47.9 E=19 ratio=0.571429 min=8,4,10,6, mean=14.5667,14.8526,14.5667,14.8292,
BEST 416 t=5.22709 critical=46 E=47.5 E=15 ratio=0.571429 min=8,4,10,6, mean=14.5,14.8035,14.5,14.8456,
BEST 418 t=5.29739 critical=45 E=46.5 E=15 ratio=0.571429 min=8,4,10,6, mean=14.4333,14.8854,14.4333,14.848,
BEST 1224 t=17.7068 critical=36 E=39 E=30 ratio=0.571429 min=8,4,7,6, mean=14.2333,14.9018,14.2333,14.8316,
BEST 1236 t=18.1599 critical=36 E=38.8 E=28 ratio=0.571429 min=8,4,7,6, mean=14.3667,14.8737,14.3667,14.8129,
BEST 1647 t=21.8362 critical=36 E=38 E=20 ratio=0.571429 min=8,4,11,6, mean=14.3667,14.9485,14.3667,14.8082,
BEST 2551 t=33.5128 critical=35 E=37 E=20 ratio=0.571429 min=8,4,11,6, mean=14.3,14.9088,14.3,14.8152,
PASS 0 t=35.7607 E=37 improved=1
BEST 3621 t=45.3011 critical=35 E=36.9 E=19 ratio=0.571429 min=8,4,9,6, mean=14.2333,14.9018,14.2333,14.7942,
BEST 4743 t=56.3537 critical=34 E=36.1 E=21 ratio=0.571429 min=8,4,10,6, mean=14.4333,14.9415,14.4333,14.8058,
BEST 4763 t=56.8259 critical=33 E=35.5 E=25 ratio=0.571429 min=8,4,11,5, mean=14.2667,14.9801,14.2667,14.793,
BEST 5296 t=65.0801 critical=33 E=35 E=20 ratio=0.571429 min=8,4,9,6, mean=14.3,14.9041,14.3,14.8713,
PASS 1 t=65.6273 E=35 improved=1
BEST 5657 t=68.1919 critical=33 E=34.9 E=19 ratio=0.571429 min=8,4,9,6, mean=14.3,14.8947,14.3,14.8667,
BEST 5760 t=69.568 critical=32 E=33.8 E=18 ratio=0.571429 min=8,4,10,6, mean=14.1333,14.8912,14.1333,14.8351,
BEST 6709 t=78.5958 critical=32 E=33.6 E=16 ratio=0.571429 min=9,4,10,6, mean=14.2333,14.8596,14.2333,14.8222,
BEST 7276 t=85.2934 critical=31 E=33 E=20 ratio=0.571429 min=9,4,10,5, mean=14.3,14.8807,14.3,14.8433,
BEST 7775 t=93.195 critical=30 E=32.2 E=22 ratio=0.571429 min=9,4,8,5, mean=14.2,14.8421,14.2,14.8374,
PASS 2 t=95.4611 E=32.2 improved=1
BEST 8427 t=100.172 critical=30 E=32 E=20 ratio=0.571429 min=9,4,10,5, mean=14.3333,14.8421,14.3333,14.8374,
PASS 3 t=127.831 E=32 improved=1
PASS 4 t=158.42 E=32 improved=0
