reconstruction original=8 reconstructed=8
initial critical=9918 E=9928.1
BEST 2 t=0.148014 critical=7635 E=7656 E=210.031 ratio=0.5 min=6,3,5,5, mean=10.75,11.5148,10.75,11.8481,
BEST 3 t=0.175186 critical=4755 E=4773.11 E=181.096 ratio=0.5 min=7,3,5,5, mean=10.75,11.5889,10.75,11.863,
BEST 14 t=0.745069 critical=4693 E=4734.15 E=411.54 ratio=0.5 min=6,3,5,5, mean=10.25,11.3889,10.25,11.7815,
BEST 16 t=0.976804 critical=4610 E=4650.39 E=403.868 ratio=0.5 min=5,3,5,5, mean=10.2917,11.4537,10.2917,11.6463,
BEST 29 t=1.80752 critical=4351 E=4395.05 E=440.483 ratio=0.333333 min=5,2,5,2, mean=10.2917,11.4389,10.2917,11.6611,
BEST 32 t=1.91569 critical=4354 E=4386.95 E=329.52 ratio=0.333333 min=5,2,5,2, mean=10.5417,11.4944,10.5417,11.6944,
BEST 41 t=2.26348 critical=4199 E=4244.41 E=454.144 ratio=0.333333 min=4,2,5,2, mean=10.375,11.4204,10.375,11.6426,
BEST 47 t=2.65372 critical=4184 E=4239.74 E=557.436 ratio=0.333333 min=4,2,5,2, mean=10.2083,11.4426,10.2083,11.5981,
BEST 54 t=2.83465 critical=4115 E=4162.1 E=470.964 ratio=0.333333 min=4,2,5,2, mean=10.4167,11.4111,10.4167,11.663,
BEST 66 t=3.17909 critical=3842 E=3886.12 E=441.213 ratio=0.5 min=5,3,4,4, mean=10.4583,11.3722,10.4583,11.6537,
BEST 67 t=3.2044 critical=3121 E=3173.64 E=526.39 ratio=0.5 min=5,3,4,4, mean=10.2917,11.3426,10.2917,11.6167,
BEST 69 t=3.31255 critical=3097 E=3148.23 E=512.255 ratio=0.5 min=5,3,5,4, mean=10.2917,11.3648,10.2917,11.6315,
BEST 71 t=3.51871 critical=3012 E=3075.62 E=636.235 ratio=0.5 min=4,3,5,4, mean=10.0833,11.4111,10.0833,11.5667,
BEST 80 t=3.82437 critical=2970 E=3043.51 E=735.087 ratio=0.333333 min=5,2,5,2, mean=10.0417,11.413,10.0417,11.3981,
BEST 83 t=3.94527 critical=2961 E=3033.05 E=720.481 ratio=0.333333 min=5,2,6,2, mean=10,11.4222,10,11.4074,
BEST 106 t=4.5496 critical=2960 E=3020.5 E=604.995 ratio=0.333333 min=5,2,6,2, mean=10.2083,11.4426,10.2083,11.4056,
BEST 116 t=4.6869 critical=2961 E=3005.96 E=449.58 ratio=0.333333 min=5,2,6,2, mean=10.4583,11.4981,10.4583,11.4463,
BEST 142 t=5.15655 critical=2807 E=2857.56 E=505.624 ratio=0.5 min=6,3,5,4, mean=10.25,11.4481,10.25,11.4852,
BEST 145 t=5.25462 critical=2805 E=2840.58 E=355.765 ratio=0.5 min=6,3,5,4, mean=10.5,11.4741,10.5,11.7111,
BEST 168 t=5.85192 critical=2742 E=2773.82 E=318.232 ratio=0.5 min=6,3,5,4, mean=10.5833,11.5519,10.5833,11.7,
BEST 171 t=5.92991 critical=2743 E=2769.25 E=262.468 ratio=0.5 min=6,3,5,4, mean=10.75,11.5519,10.75,11.7296,
BEST 172 t=5.95609 critical=2697 E=2721.29 E=242.858 ratio=0.5 min=6,3,5,4, mean=10.8333,11.4889,10.8333,11.7111,
BEST 173 t=5.98394 critical=2632 E=2664.65 E=326.51 ratio=0.625 min=5,4,5,4, mean=10.5417,11.5241,10.5417,11.6648,
BEST 195 t=6.60079 critical=2633 E=2661.66 E=286.633 ratio=0.625 min=5,4,5,4, mean=10.6667,11.5556,10.6667,11.6519,
BEST 236 t=7.41202 critical=2507 E=2539.2 E=321.974 ratio=0.625 min=5,4,5,4, mean=10.625,11.5648,10.625,11.5944,
BEST 463 t=12.0441 critical=2221 E=2255.45 E=344.536 ratio=0.5 min=5,3,5,3, mean=10.5833,11.5889,10.5833,11.5074,
BEST 491 t=12.7771 critical=2211 E=2250.43 E=394.254 ratio=0.5 min=5,3,5,3, mean=10.4583,11.5426,10.4583,11.5278,
500 t=12.8999 best=2250.43 current=2250.43 accept=30
BEST 509 t=13.1984 critical=2212 E=2248.65 E=366.464 ratio=0.5 min=5,3,5,3, mean=10.5,11.5778,10.5,11.563,
BEST 580 t=14.837 critical=2117 E=2157.32 E=403.2 ratio=0.5 min=5,3,5,3, mean=10.4167,11.5815,10.4167,11.5593,
BEST 597 t=15.1104 critical=2120 E=2156.34 E=363.433 ratio=0.5 min=5,3,5,3, mean=10.5,11.5852,10.5,11.5852,
BEST 643 t=16.562 critical=2117 E=2156.19 E=391.923 ratio=0.5 min=5,3,6,3, mean=10.4167,11.5667,10.4167,11.5815,
BEST 687 t=18.2677 critical=2116 E=2155.19 E=391.923 ratio=0.5 min=5,3,6,3, mean=10.4167,11.5667,10.4167,11.5815,
BEST 691 t=18.5099 critical=2115 E=2144.8 E=298.029 ratio=0.5 min=5,3,6,3, mean=10.625,11.6019,10.625,11.5574,
BEST 841 t=21.5847 critical=2115 E=2142.27 E=272.661 ratio=0.5 min=5,3,6,3, mean=10.7083,11.5833,10.7083,11.5907,
BEST 867 t=22.2286 critical=2016 E=2047.73 E=317.34 ratio=0.5 min=4,3,6,3, mean=10.7083,11.5389,10.7083,11.5907,
BEST 944 t=23.5314 critical=2016 E=2045.06 E=290.596 ratio=0.5 min=4,3,5,3, mean=10.8333,11.4222,10.8333,11.6519,
1000 t=25.1474 best=2045.06 current=2045.06 accept=39
BEST 1190 t=29.9069 critical=2016 E=2043.61 E=276.079 ratio=0.5 min=4,3,6,3, mean=10.8333,11.4741,10.8333,11.6741,
BEST 1314 t=32.0418 critical=1936 E=1957.74 E=217.394 ratio=0.625 min=5,4,6,4, mean=10.875,11.5019,10.875,11.7167,
BEST 1327 t=32.2461 critical=1913 E=1951.41 E=384.15 ratio=0.5 min=5,4,4,4, mean=10.5417,11.4278,10.5417,11.6056,
BEST 1370 t=33.114 critical=1911 E=1944.06 E=330.596 ratio=0.5 min=5,4,4,4, mean=10.6667,11.4222,10.6667,11.6519,
BEST 1395 t=33.5141 critical=1908 E=1939.86 E=318.564 ratio=0.5 min=5,4,4,4, mean=10.7083,11.4352,10.7083,11.5981,
1500 t=35.3983 best=1939.86 current=1939.86 accept=44
BEST 1807 t=41.9882 critical=1848 E=1885.71 E=377.104 ratio=0.5 min=4,3,4,4, mean=10.5833,11.4778,10.5833,11.5593,
BEST 1917 t=43.815 critical=1848 E=1883.64 E=356.416 ratio=0.5 min=4,3,4,4, mean=10.6667,11.3481,10.6667,11.5407,
BEST 1951 t=44.3907 critical=1782 E=1825.64 E=436.431 ratio=0.5 min=4,3,5,4, mean=10.4583,11.3722,10.4583,11.4315,
2000 t=45.2459 best=1825.64 current=1825.64 accept=47
BEST 2001 t=45.2905 critical=1783 E=1824.16 E=411.606 ratio=0.5 min=4,3,5,4, mean=10.5833,11.3889,10.5833,11.3963,
BEST 2059 t=46.2951 critical=1778 E=1819.62 E=416.18 ratio=0.5 min=4,3,5,4, mean=10.5833,11.3741,10.5833,11.4037,
BEST 2125 t=47.6119 critical=1774 E=1807.85 E=338.542 ratio=0.5 min=4,4,5,4, mean=10.75,11.337,10.75,11.4185,
BEST 2271 t=50.3625 critical=1764 E=1807.48 E=434.793 ratio=0.5 min=4,3,5,4, mean=10.5833,11.2852,10.5833,11.3741,
BEST 2289 t=50.694 critical=1718 E=1754.65 E=366.468 ratio=0.5 min=5,3,5,4, mean=10.6667,11.3556,10.6667,11.5259,
BEST 2388 t=52.603 critical=1719 E=1752.11 E=331.13 ratio=0.5 min=5,3,5,4, mean=10.75,11.3593,10.75,11.5963,
2500 t=54.3928 best=1752.11 current=1752.17 accept=55
BEST 2590 t=56.2139 critical=1717 E=1749.52 E=325.181 ratio=0.5 min=5,3,5,4, mean=10.7083,11.3315,10.7083,11.6352,
BEST 2620 t=57.0603 critical=1715 E=1747.2 E=322.014 ratio=0.5 min=5,3,4,4, mean=10.75,11.4037,10.75,11.6778,
BEST 2633 t=57.3048 critical=1710 E=1736.87 E=268.654 ratio=0.5 min=5,3,4,4, mean=10.8333,11.4074,10.8333,11.7333,
BEST 2668 t=58.1143 critical=1706 E=1731.43 E=254.261 ratio=0.5 min=5,3,5,4, mean=10.875,11.3611,10.875,11.7389,
BEST 2689 t=58.3581 critical=1702 E=1727.2 E=252.026 ratio=0.5 min=5,3,5,4, mean=10.875,11.3389,10.875,11.7611,
BEST 2812 t=60.9793 critical=1638 E=1664.34 E=263.398 ratio=0.5 min=5,3,5,4, mean=10.875,11.3167,10.875,11.6796,
BEST 2932 t=63.1911 critical=1639 E=1663.78 E=247.804 ratio=0.5 min=5,3,5,4, mean=10.9167,11.3296,10.9167,11.7222,
3000 t=64.4236 best=1663.78 current=1663.78 accept=65
BEST 3050 t=65.1611 critical=1626 E=1656.43 E=304.321 ratio=0.5 min=5,3,5,4, mean=10.75,11.3222,10.75,11.6778,
BEST 3163 t=67.1788 critical=1625 E=1651.22 E=262.198 ratio=0.5 min=5,3,5,4, mean=10.875,11.3907,10.875,11.7093,
BEST 3338 t=70.012 critical=1623 E=1647.06 E=240.602 ratio=0.5 min=5,3,5,4, mean=10.8333,11.4741,10.8333,11.7185,
3500 t=72.8028 best=1647.06 current=1647.06 accept=68
4000 t=82.1941 best=1647.06 current=1647.06 accept=68
4500 t=90.1214 best=1647.06 current=1648.47 accept=69
5000 t=98.6515 best=1647.06 current=1648.47 accept=69
