initial critical=158 ordinary=2204 E=18004
100 t=6.43772 best=18004 current=18004 accept=9
200 t=15.2826 best=18004 current=18004 accept=20
BEST 281 t=21.6358 critical=91 ordinary=4446 E=14146 E=2 ratio=0.875 min=8,6,7,6, mean=11.9167,12.0259,11.9167,11.9963,
300 t=22.4831 best=14146 current=14146 accept=37
BEST 307 t=22.8956 critical=91 ordinary=4319 E=13419 E=0 ratio=1 min=8,6,8,6, mean=11.9167,12.0037,11.9167,11.9889,
BEST 349 t=25.962 critical=95 ordinary=2542 E=12942 E=3 ratio=0.833333 min=9,5,7,6, mean=12.0833,11.9519,12.0833,12.0481,
BEST 355 t=26.6274 critical=95 ordinary=2835 E=12935 E=2 ratio=0.833333 min=9,5,8,5, mean=11.9583,12.0019,11.9583,12.0907,
BEST 390 t=28.901 critical=94 ordinary=2834 E=12834 E=2 ratio=0.833333 min=9,5,8,5, mean=11.9583,12.0019,11.9583,12.0981,
400 t=30.1493 best=12834 current=12834 accept=50
BEST 467 t=36.9382 critical=85 ordinary=2649 E=12349 E=4 ratio=0.833333 min=9,5,8,5, mean=12.0417,11.9907,12.0417,12.0352,
BEST 481 t=38.2373 critical=87 ordinary=2657 E=12257 E=3 ratio=0.833333 min=9,5,8,5, mean=12.2083,11.9981,12.2083,12.0574,
500 t=39.8146 best=12257 current=12257 accept=62
BEST 515 t=40.9915 critical=90 ordinary=2500 E=12100 E=2 ratio=0.833333 min=9,5,9,6, mean=12.25,11.9741,12.25,12.0481,
600 t=47.2593 best=12100 current=12169 accept=79
BEST 614 t=48.4041 critical=91 ordinary=2353 E=12053 E=2 ratio=0.833333 min=8,5,8,6, mean=12.375,11.8722,12.375,12.0278,
BEST 660 t=51.859 critical=91 ordinary=2298 E=11998 E=2 ratio=0.833333 min=8,5,8,6, mean=12.1667,11.9185,12.1667,12.0519,
BEST 664 t=52.1136 critical=92 ordinary=2355 E=11855 E=1 ratio=0.833333 min=8,5,8,6, mean=12.2083,11.9685,12.2083,12.087,
700 t=55.023 best=11855 current=11855 accept=87
BEST 728 t=57.5698 critical=92 ordinary=2293 E=11793 E=1 ratio=0.833333 min=8,5,8,6, mean=12.2083,12.013,12.2083,12.087,
BEST 741 t=58.8518 critical=90 ordinary=2287 E=11587 E=1 ratio=0.833333 min=8,5,8,6, mean=12.2083,12.0204,12.2083,12.0796,
BEST 775 t=61.5792 critical=88 ordinary=2281 E=11381 E=1 ratio=0.833333 min=8,5,8,6, mean=12,12.0296,12,12.037,
BEST 786 t=62.1851 critical=88 ordinary=2276 E=11376 E=1 ratio=0.833333 min=8,5,8,6, mean=12.125,12.0611,12.125,12.0537,
800 t=62.8751 best=11376 current=11376 accept=104
900 t=72.6301 best=11376 current=11379 accept=127
BEST 909 t=73.2082 critical=84 ordinary=2278 E=10678 E=0 ratio=1 min=8,6,8,6, mean=11.7917,12.0463,11.7917,12.0241,
1000 t=80.0482 best=10678 current=10678 accept=139
BEST 1032 t=82.4348 critical=84 ordinary=2275 E=10675 E=0 ratio=1 min=8,6,8,6, mean=11.6667,12.037,11.6667,12.0519,
1100 t=86.8972 best=10675 current=10675 accept=152
BEST 1192 t=94.55 critical=80 ordinary=2356 E=10656 E=1 ratio=0.833333 min=8,6,8,5, mean=11.9583,12.0463,11.9583,12.0315,
1200 t=95.0994 best=10656 current=10767 accept=166
1300 t=101.673 best=10656 current=10865 accept=178
1400 t=109.394 best=10656 current=10865 accept=192
1500 t=116.812 best=10656 current=10661 accept=206
1600 t=122.156 best=10656 current=10658 accept=215
BEST 1620 t=123.567 critical=80 ordinary=2355 E=10655 E=1 ratio=0.833333 min=8,6,8,5, mean=11.75,12.0259,11.75,12.0704,
BEST 1655 t=125.729 critical=82 ordinary=2357 E=10557 E=0 ratio=1 min=8,6,8,6, mean=11.625,12.0315,11.625,12.0537,
1700 t=129.601 best=10557 current=10562 accept=234
1800 t=136.182 best=10557 current=10559 accept=244
1900 t=144.076 best=10557 current=10559 accept=259
BEST 1984 t=149.31 critical=82 ordinary=2355 E=10555 E=0 ratio=1 min=8,6,8,6, mean=11.625,12.0315,11.625,12.0537,
2000 t=150.331 best=10555 current=10555 accept=268
2100 t=156.274 best=10555 current=10580 accept=283
2200 t=162.167 best=10555 current=10589 accept=297
2300 t=167.68 best=10555 current=10592 accept=306
BEST 2384 t=172.495 critical=81 ordinary=2439 E=10539 E=0 ratio=1 min=8,6,9,6, mean=11.875,12.0796,11.875,11.9167,
2400 t=173.291 best=10539 current=10539 accept=317
2500 t=178.24 best=10539 current=10588 accept=325
2600 t=183.665 best=10539 current=10590 accept=339
2700 t=190.881 best=10539 current=10543 accept=354
BEST 2760 t=194.926 critical=81 ordinary=2438 E=10538 E=0 ratio=1 min=8,6,9,6, mean=12.0833,12.1148,12.0833,11.9889,
BEST 2771 t=195.645 critical=81 ordinary=2435 E=10535 E=0 ratio=1 min=8,6,8,6, mean=11.7917,12.0685,11.7917,12.0093,
2800 t=197.09 best=10535 current=10535 accept=372
2900 t=203.533 best=10535 current=10535 accept=381
3000 t=211.444 best=10535 current=10538 accept=399
3100 t=219.166 best=10535 current=10606 accept=414
BEST 3170 t=223.726 critical=76 ordinary=2786 E=10386 E=0 ratio=1 min=8,6,8,6, mean=11.6667,12.0222,11.6667,12.0148,
3200 t=225.499 best=10386 current=10386 accept=424
BEST 3222 t=226.965 critical=76 ordinary=2783 E=10383 E=0 ratio=1 min=8,6,8,6, mean=11.75,12.0333,11.75,12.0037,
BEST 3225 t=227.347 critical=76 ordinary=2782 E=10382 E=0 ratio=1 min=8,6,8,6, mean=11.7083,12.0056,11.7083,11.9907,
BEST 3255 t=229.562 critical=76 ordinary=2739 E=10339 E=0 ratio=1 min=8,6,8,6, mean=11.7083,12.05,11.7083,11.9981,
BEST 3284 t=231.012 critical=76 ordinary=2738 E=10338 E=0 ratio=1 min=8,6,8,6, mean=11.7917,12.0463,11.7917,11.9796,
3300 t=231.819 best=10338 current=10338 accept=437
3400 t=238.71 best=10338 current=10392 accept=445
3500 t=245.815 best=10338 current=10339 accept=455
BEST 3546 t=249.319 critical=76 ordinary=2737 E=10337 E=0 ratio=1 min=8,6,8,6, mean=11.5833,12.0037,11.5833,11.9815,
3600 t=253.853 best=10337 current=10337 accept=469
BEST 3617 t=254.998 critical=76 ordinary=2731 E=10331 E=0 ratio=1 min=8,6,8,6, mean=11.625,12.0241,11.625,11.987,
3700 t=260.143 best=10331 current=10331 accept=485
3800 t=268.007 best=10331 current=10331 accept=502
BEST 3840 t=270.951 critical=76 ordinary=2724 E=10324 E=0 ratio=1 min=8,6,8,6, mean=11.8333,12.0222,11.8333,12.0148,
3900 t=275.472 best=10324 current=10324 accept=512
4000 t=282.98 best=10324 current=10324 accept=518
4100 t=289.395 best=10324 current=10455 accept=530
BEST 4122 t=291.344 critical=76 ordinary=2446 E=10046 E=0 ratio=1 min=8,6,8,6, mean=11.75,12.0259,11.75,11.9963,
4200 t=296.339 best=10046 current=10046 accept=547
4300 t=303.993 best=10046 current=10046 accept=565
BEST 4339 t=306.625 critical=74 ordinary=2526 E=9926 E=0 ratio=1 min=8,6,8,6, mean=11.5833,11.9741,11.5833,11.9593,
4400 t=310.703 best=9926 current=9932 accept=579
4500 t=317.383 best=9926 current=9926 accept=595
4600 t=324.815 best=9926 current=9926 accept=610
BEST 4628 t=327.083 critical=67 ordinary=2508 E=9808 E=2 ratio=0.875 min=8,6,7,6, mean=11.7083,11.9981,11.7083,11.9759,
4700 t=331.283 best=9808 current=9808 accept=621
BEST 4705 t=331.491 critical=67 ordinary=2510 E=9210 E=0 ratio=1 min=8,6,9,6, mean=12,12.0741,12,11.9185,
4800 t=338.398 best=9210 current=9210 accept=636
4900 t=347.055 best=9210 current=9215 accept=648
5000 t=353.752 best=9210 current=9215 accept=660
5100 t=362.611 best=9210 current=9241 accept=671
5200 t=368.767 best=9210 current=9227 accept=691
BEST 5241 t=371.692 critical=67 ordinary=2495 E=9195 E=0 ratio=1 min=8,6,9,6, mean=12.125,12.113,12.125,11.8981,
5300 t=376.331 best=9195 current=9195 accept=709
5400 t=382.29 best=9195 current=9195 accept=718
BEST 5498 t=387.698 critical=67 ordinary=2490 E=9190 E=0 ratio=1 min=8,6,9,6, mean=12.0417,12.0722,12.0417,11.9315,
5500 t=387.698 best=9190 current=9190 accept=731
5600 t=396.64 best=9190 current=9190 accept=744
5700 t=404.108 best=9190 current=9195 accept=756
5800 t=412.07 best=9190 current=9195 accept=771
5900 t=418.192 best=9190 current=9195 accept=785
6000 t=424.638 best=9190 current=9195 accept=796
BEST 6022 t=427.125 critical=69 ordinary=2150 E=9050 E=0 ratio=1 min=8,6,9,6, mean=12,12.0444,12,11.9481,
BEST 6070 t=431.009 critical=69 ordinary=2098 E=8998 E=0 ratio=1 min=8,6,9,6, mean=11.9583,12.0389,11.9583,11.987,
BEST 6084 t=432.159 critical=69 ordinary=2093 E=8993 E=0 ratio=1 min=8,6,8,6, mean=11.8333,12.0148,11.8333,11.9704,
6100 t=433.249 best=8993 current=8993 accept=810
6200 t=440.974 best=8993 current=9199 accept=819
BEST 6270 t=449.101 critical=69 ordinary=2085 E=8985 E=0 ratio=1 min=8,6,8,6, mean=11.75,12.0111,11.75,11.937,
6300 t=451.238 best=8985 current=8985 accept=833
6400 t=457.65 best=8985 current=8985 accept=845
BEST 6447 t=461.248 critical=68 ordinary=1881 E=8681 E=0 ratio=1 min=9,6,8,6, mean=11.5833,11.9963,11.5833,11.9667,
BEST 6470 t=463.291 critical=67 ordinary=1880 E=8580 E=0 ratio=1 min=9,6,8,6, mean=11.7917,12.0019,11.7917,11.9648,
6500 t=465.828 best=8580 current=8580 accept=857
6600 t=478.612 best=8580 current=8580 accept=876
6700 t=486.177 best=8580 current=8580 accept=889
6800 t=492.901 best=8580 current=8580 accept=905
6900 t=499.434 best=8580 current=8581 accept=916
BEST 6912 t=500.913 critical=63 ordinary=1744 E=8044 E=0 ratio=1 min=8,6,8,6, mean=11.7917,12.0315,11.7917,11.9574,
7000 t=508.252 best=8044 current=8052 accept=927
7100 t=516.416 best=8044 current=8050 accept=944
7200 t=522.72 best=8044 current=8229 accept=956
7300 t=530.32 best=8044 current=8120 accept=971
7400 t=536.926 best=8044 current=8073 accept=986
7500 t=543.638 best=8044 current=8073 accept=999
7600 t=549.685 best=8044 current=8056 accept=1010
7700 t=555.069 best=8044 current=8057 accept=1023
7800 t=561.355 best=8044 current=8057 accept=1036
BEST 7841 t=564.616 critical=63 ordinary=1681 E=7981 E=0 ratio=1 min=9,6,8,6, mean=11.7917,12.0463,11.7917,12.0537,
BEST 7863 t=566.631 critical=61 ordinary=1685 E=7785 E=0 ratio=1 min=9,6,8,6, mean=11.8333,12.0074,11.8333,12.0148,
BEST 7866 t=566.86 critical=60 ordinary=1407 E=7407 E=0 ratio=1 min=9,6,8,6, mean=11.8333,12,11.8333,12.0444,
7900 t=568.977 best=7407 current=7407 accept=1052
BEST 7965 t=573.94 critical=60 ordinary=1159 E=7159 E=0 ratio=1 min=9,6,10,6, mean=11.875,12.1167,11.875,12.0426,
