BEST 1 0.1781175048233595 {'width': 0.13969870725178946, 'direct': 3.037418797571559, 'indirect': 3.037418797571559, 'eta': 0.016209398785780576, 'wc': 0.17811750482335062, 'gc': 2.995999999999998} [0, 1, 12, 13, 4, 11, 14, 15, 22]
COUNT 25
BEST 29 0.17790837018022534 {'width': 0.13873787659850967, 'direct': 3.0546082165243993, 'indirect': 3.0381704935817173, 'eta': 0.016585246790857835, 'wc': 0.17790837018022534, 'gc': 2.9960000000000018} [0, 1, 12, 13, 3, 4, 14, 15, 19]
BEST 41 0.17758239121052674 {'width': 0.1392270874587236, 'direct': 3.037894160889149, 'indirect': 3.037355303751804, 'eta': 0.016177651875901578, 'wc': 0.17758239121052674, 'gc': 2.996000000000001} [0, 1, 12, 13, 2, 4, 14, 15, 21]
COUNT 50
COUNT 75
COUNT 100
COUNT 125
COUNT 150
COUNT 175
BEST 198 0.1773468109557003 {'width': 0.13913173616659313, 'direct': 3.0376582460132577, 'indirect': 3.037215074789102, 'eta': 0.016107537394551355, 'wc': 0.17734681095569585, 'gc': 2.995999999999999} [0, 1, 12, 13, 3, 4, 14, 15, 22]
COUNT 200
COUNT 225
COUNT 250
COUNT 275
COUNT 300
COUNT 325
BEST 346 0.17696808189038488 {'width': 0.13909026028204718, 'direct': 3.036877821608339, 'indirect': 3.0368778216083383, 'eta': 0.01593891080416885, 'wc': 0.17696808189038488, 'gc': 2.996000000000001} [0, 1, 12, 13, 3, 4, 14, 15, 21]
COUNT 350
COUNT 375
COUNT 400
COUNT 425
COUNT 450
[(0.17696808189038488, [0, 1, 12, 13, 3, 4, 14, 15, 21]), (0.1773468109557003, [0, 1, 12, 13, 3, 4, 14, 15, 22]), (0.17757356674584246, [0, 1, 12, 13, 4, 14, 15, 21, 22]), (0.17758239121052674, [0, 1, 12, 13, 2, 4, 14, 15, 21]), (0.1777910957213727, [0, 1, 12, 13, 4, 10, 14, 15, 22]), (0.17790756625415083, [0, 1, 12, 13, 3, 4, 14, 15, 20]), (0.17790759226769726, [0, 1, 12, 13, 4, 14, 15, 20, 22]), (0.17790837018022534, [0, 1, 12, 13, 3, 4, 14, 15, 19]), (0.17792175520552295, [0, 1, 12, 13, 2, 3, 4, 14, 15]), (0.17794541693518562, [0, 1, 12, 13, 3, 4, 11, 14, 15]), (0.17794660873153023, [0, 1, 12, 13, 3, 4, 10, 14, 15]), (0.1781175048233595, [0, 1, 12, 13, 4, 11, 14, 15, 22]), (0.17812045663010248, [0, 1, 12, 13, 4, 14, 15, 19, 22]), (0.17814078979917708, [0, 1, 12, 13, 2, 4, 14, 15, 22]), (0.17883472436785003, [0, 1, 12, 13, 2, 4, 10, 14, 15]), (0.1788618032025478, [0, 1, 12, 13, 2, 4, 11, 14, 15]), (0.1788870820694139, [0, 1, 12, 13, 2, 4, 14, 15, 19]), (0.1788946093230092, [0, 1, 12, 13, 2, 4, 14, 15, 20]), (0.1813670118442715, [0, 1, 12, 13, 4, 14, 15, 20, 21]), (0.18163438029442183, [0, 1, 12, 13, 4, 11, 14, 15, 21]), (0.1821983293102769, [0, 1, 12, 13, 4, 10, 14, 15, 21]), (0.18402257896817953, [0, 1, 12, 13, 4, 14, 15, 19, 21]), (0.19663522061395744, [0, 1, 12, 13, 4, 10, 14, 15, 20]), (0.19730887360656907, [0, 1, 12, 13, 4, 11, 14, 15, 20]), (0.19871025506349949, [0, 1, 12, 13, 4, 11, 14, 15, 19]), (0.20047073778248461, [0, 1, 12, 13, 4, 10, 14, 15, 19]), (0.20527711487655362, [0, 1, 12, 13, 3, 4, 14, 19, 22]), (0.20771599719227898, [0, 1, 12, 13, 2, 4, 14, 19, 22]), (0.20775943504345518, [0, 1, 12, 13, 3, 4, 10, 14, 22]), (0.20786054717092853, [0, 1, 12, 13, 3, 4, 14, 20, 22])]
