{"modes": 1, "kind": "iid", "seed": 0, "nll_per_sequence": 16.37826944778769, "iterations": 7, "success": true, "seconds": 0.025519691000226885}
{"modes": 3, "kind": "iid", "seed": 0, "nll_per_sequence": 16.268174552408, "iterations": 40, "success": true, "seconds": 0.6917467020102777}
{"modes": 2, "kind": "hmm", "seed": 0, "nll_per_sequence": 16.12985889589697, "iterations": 20, "success": true, "seconds": 0.2962042040308006}
{
  "brute_force_checks": [
    {
      "id": "micro_0",
      "logical_tv_mean": 3.3038237763338235e-16,
      "logical_tv_max": 4.508112633194727e-16,
      "query_abs_mean": 1.1690108757554816e-16,
      "query_abs_max": 2.7755575615628914e-16,
      "switch_abs_mean": 8.326672684688674e-17,
      "switch_abs_max": 1.1102230246251565e-16,
      "log_evidence_per_observed_bit_abs": 1.0449157878825003e-16
    },
    {
      "id": "micro_1",
      "logical_tv_mean": 5.157459384332504e-16,
      "logical_tv_max": 1.030751005381969e-15,
      "query_abs_mean": 1.4191001768754714e-16,
      "query_abs_max": 9.43689570931383e-16,
      "switch_abs_mean": 1.1796119636642288e-16,
      "switch_abs_max": 2.0816681711721685e-16,
      "log_evidence_per_observed_bit_abs": 1.1842378929335003e-16
    },
    {
      "id": "micro_2",
      "logical_tv_mean": 2.6735747947134736e-16,
      "logical_tv_max": 3.642106147921931e-16,
      "query_abs_mean": 4.5319650809894085e-17,
      "query_abs_max": 1.7867651802561113e-16,
      "switch_abs_mean": 1.8041124150158794e-16,
      "switch_abs_max": 3.3306690738754696e-16,
      "log_evidence_per_observed_bit_abs": 0.0
    }
  ],
  "local_enumeration_vs_dynamic_max_abs": 1.1102230246251565e-15,
  "calibration_gradient_max_abs": 2.2294677042011823e-10,
  "deployment_1_iid": [
    {
      "id": "dose_ring",
      "logical_tv_mean": 0.13142003432328225,
      "logical_tv_max": 0.4158313523553975,
      "query_abs_mean": 0.009468756294659632,
      "query_abs_max": 0.04648872225131987,
      "switch_abs_mean": 0.3531918379007039,
      "switch_abs_max": 0.9224053753643346,
      "log_evidence_per_observed_bit_abs": 0.011026015210435332
    },
    {
      "id": "drift_ladder",
      "logical_tv_mean": 0.10764608301135989,
      "logical_tv_max": 0.30492874054846486,
      "query_abs_mean": 0.02370915617525147,
      "query_abs_max": 0.23097411302537746,
      "switch_abs_mean": 0.2769049079871125,
      "switch_abs_max": 0.9923349139598338,
      "log_evidence_per_observed_bit_abs": 0.016471005311354973
    }
  ],
  "deployment_3_iid": [
    {
      "id": "dose_ring",
      "logical_tv_mean": 0.04650492610113359,
      "logical_tv_max": 0.17243832197121683,
      "query_abs_mean": 0.004175370436774132,
      "query_abs_max": 0.04008486512184099,
      "switch_abs_mean": 0.1448246214774044,
      "switch_abs_max": 0.37889188270309776,
      "log_evidence_per_observed_bit_abs": 0.0036486503547652686
    },
    {
      "id": "drift_ladder",
      "logical_tv_mean": 0.02174562107292697,
      "logical_tv_max": 0.09950698912735877,
      "query_abs_mean": 0.005238521646754402,
      "query_abs_max": 0.06367848620441866,
      "switch_abs_mean": 0.07361361766792426,
      "switch_abs_max": 0.2898245933475295,
      "log_evidence_per_observed_bit_abs": 0.0005564454790431845
    }
  ],
  "deployment_2_hmm": [
    {
      "id": "dose_ring",
      "logical_tv_mean": 0.07115591454248521,
      "logical_tv_max": 0.10289754462410196,
      "query_abs_mean": 0.01294893168875279,
      "query_abs_max": 0.06726236202829883,
      "switch_abs_mean": 0.02877941931125409,
      "switch_abs_max": 0.05628965762396687,
      "log_evidence_per_observed_bit_abs": 0.001258201788843785
    },
    {
      "id": "drift_ladder",
      "logical_tv_mean": 0.06376055123106388,
      "logical_tv_max": 0.1709669892673968,
      "query_abs_mean": 0.018335270635237877,
      "query_abs_max": 0.16130727319346405,
      "switch_abs_mean": 0.026945128794820083,
      "switch_abs_max": 0.06135389329549234,
      "log_evidence_per_observed_bit_abs": 0.00406261471526755
    }
  ],
  "paired_holdout_comparisons": [
    {
      "modes": 1,
      "kind": "iid",
      "selected_log_likelihood_gain_per_sequence": 0.32692619493491293,
      "paired_standard_error": 0.01832346920391157
    },
    {
      "modes": 2,
      "kind": "iid",
      "selected_log_likelihood_gain_per_sequence": 0.2322894432828889,
      "paired_standard_error": 0.014910637637337364
    },
    {
      "modes": 3,
      "kind": "iid",
      "selected_log_likelihood_gain_per_sequence": 0.20127429101389027,
      "paired_standard_error": 0.013994944520210587
    },
    {
      "modes": 2,
      "kind": "hmm",
      "selected_log_likelihood_gain_per_sequence": 0.0722424470971388,
      "paired_standard_error": 0.008157582660883475
    },
    {
      "modes": 3,
      "kind": "hmm",
      "selected_log_likelihood_gain_per_sequence": 0.0,
      "paired_standard_error": 0.0
    }
  ],
  "stress_network": {
    "faults": 311,
    "detectors": 220,
    "observables": 4,
    "shots": 8,
    "boundary_elimination_width": 18
  }
}
