STAGE legacy_seed ALLOWANCE 3.0
seed scan_02_07 1e-07 [(0, 0.8349601), (48, 0.7082065), (87, 0.6749236), (1, 0.4405871), (69, 0.3515466), (54, 0.3350584), (62, 0.2535276), (10, 0.2423733), (88, 0.2422642), (95, 0.1953583), (4, 0.1779353), (2, 0.15815), (78, 0.1472515), (20, 0.1463285), (19, 0.1415352), (12, 0.1385054), (49, 0.1368071), (84, 0.1347402), (18, 0.1344766), (21, 0.1304016), (17, 0.1159518), (22, 0.109502), (23, 0.1042829)]
scan_02_07 best 0.15965195730804668 trace 7.276118803980315 support [0, 1, 2, 4, 10, 12, 19, 20, 48, 49, 54, 62, 69, 78, 84, 87, 88, 95]
seed scan_02_07 1e-09 [(0, 0.8349656), (48, 0.7102262), (87, 0.6753426), (1, 0.4130386), (69, 0.3550498), (54, 0.3373169), (62, 0.2535511), (88, 0.2452522), (19, 0.195482), (95, 0.1953731), (49, 0.1711284), (20, 0.1621379), (78, 0.1612109), (3, 0.1477824), (84, 0.1456962), (21, 0.1415709), (2, 0.1414541), (5, 0.1274681), (17, 0.1273148), (16, 0.1163565), (9, 0.1163113), (15, 0.1123783), (22, 0.1072418)]
seed scan_02_07 1e-05 [(0, 0.8349759), (48, 0.6928567), (87, 0.6757481), (1, 0.4055716), (69, 0.3590182), (54, 0.3289106), (19, 0.2719915), (4, 0.26181), (62, 0.2536217), (88, 0.2485099), (17, 0.2284627), (21, 0.2236546), (95, 0.195368), (78, 0.1647631), (90, 0.1386196), (9, 0.1379393), (84, 0.1275012), (2, 0.1241821), (16, 0.1192939), (20, 0.1016901), (14, 0.0960498), (40, 0.094598), (72, 0.092879)]
seed scan_02_07 1e-11 [(0, 0.8349656), (48, 0.7102262), (87, 0.6753426), (1, 0.4130386), (69, 0.3550498), (54, 0.3373169), (62, 0.2535511), (88, 0.2452522), (19, 0.195482), (95, 0.1953731), (49, 0.1711284), (20, 0.1621379), (78, 0.1612109), (3, 0.1477824), (84, 0.1456962), (21, 0.1415709), (2, 0.1414541), (5, 0.1274681), (17, 0.1273148), (16, 0.1163565), (9, 0.1163113), (15, 0.1123783), (22, 0.1072418)]
seed scan_02_07 0.001 [(0, 0.8348699), (48, 0.6322817), (87, 0.6264761), (1, 0.5317756), (54, 0.3303662), (62, 0.2432117), (88, 0.2264154), (95, 0.191186), (19, 0.1595606), (49, 0.1554173), (20, 0.1549647), (18, 0.1538112), (78, 0.1520523), (17, 0.14198), (84, 0.1404584), (21, 0.1370996), (16, 0.1278155), (69, 0.1233389), (2, 0.1153233), (15, 0.1139594), (22, 0.10996), (14, 0.1019742), (13, 0.0923351)]
scan_02_07 best 0.15883219747310146 trace 7.273830262917065 support [0, 1, 16, 17, 18, 19, 20, 21, 48, 49, 54, 62, 69, 78, 84, 87, 88, 95]
seed scan_02_07 1e-13 [(0, 0.8349656), (48, 0.7102262), (87, 0.6753426), (1, 0.4130386), (69, 0.3550498), (54, 0.3373169), (62, 0.2535511), (88, 0.2452522), (19, 0.195482), (95, 0.1953731), (49, 0.1711284), (20, 0.1621379), (78, 0.1612109), (3, 0.1477824), (84, 0.1456962), (21, 0.1415709), (2, 0.1414541), (5, 0.1274681), (17, 0.1273148), (16, 0.1163565), (9, 0.1163113), (15, 0.1123783), (22, 0.1072418)]
seed scan_02_07 1.0 [(0, 0.8246393), (85, 0.6950139), (1, 0.4152125), (87, 0.3805668), (2, 0.1975641), (93, 0.1697257), (74, 0.1466502), (3, 0.145669), (4, 0.1280481), (5, 0.1157731), (6, 0.1072861), (72, 0.1067441), (7, 0.1024131), (37, 0.1022529), (54, 0.1011394), (55, 0.100197), (66, 0.1001858), (75, 0.0988999), (8, 0.0985067), (57, 0.0966152), (9, 0.0947204), (10, 0.0904546), (11, 0.0857041)]
BEST scan_02_07 0.15883219747310146 trace 7.273830262917065 support [0, 1, 16, 17, 18, 19, 20, 21, 48, 49, 54, 62, 69, 78, 84, 87, 88, 95]
STAGE whitened_seed ALLOWANCE 9.0
BEST scan_02_07 0.15883219747310146 trace 7.273830262917065 support [0, 1, 16, 17, 18, 19, 20, 21, 48, 49, 54, 62, 69, 78, 84, 87, 88, 95]
SEED scan_02_07 1e-07 [(14, 0.9450783366358476), (0, 0.8349753760662391), (5, 0.7602929536516627), (22, 0.7165834169664729), (87, 0.6757678212868455), (48, 0.647780506586375), (90, 0.4891663865193904), (1, 0.4643325887300982), (69, 0.35924975446687957), (54, 0.3409106849426402), (19, 0.28049182938963785), (62, 0.2536299969902491), (88, 0.24886478279993232), (95, 0.19536761223551236), (40, 0.10689583609584051), (74, 0.09035258109701717)]
BEST scan_02_07 0.028305281325297083 trace 7.670718520819824 support [ 0  1  5 14 19 22 40 44 48 54 62 69 74 76 87 88 90 95]
BEST scan_02_07 1.9188507935918864e-05 trace 7.673252966939585 support [ 0  1  5 14 19 22 40 44 48 54 62 69 74 76 87 88 90 95]
SEED scan_02_07 1e-09 [(0, 0.8349754436434642), (5, 0.7720023557503517), (87, 0.6757678494719161), (48, 0.6512304589231009), (15, 0.5897217688479588), (23, 0.5009226318042936), (24, 0.47423291872589257), (1, 0.45958014513366857), (14, 0.4538480121153353), (69, 0.3592498401288902), (54, 0.34037573824883005), (19, 0.2640709574233887), (62, 0.2536299846816853), (88, 0.248865555226033), (95, 0.19536761223196464), (20, 0.16747776882066295)]
SEED scan_02_07 1e-11 [(0, 0.8349754436434642), (5, 0.7720023557503517), (87, 0.6757678494719161), (48, 0.6512304589231009), (15, 0.5897217688479588), (23, 0.5009226318042936), (24, 0.47423291872589257), (1, 0.45958014513366857), (14, 0.4538480121153353), (69, 0.3592498401288902), (54, 0.34037573824883005), (19, 0.2640709574233887), (62, 0.2536299846816853), (88, 0.248865555226033), (95, 0.19536761223196464), (20, 0.16747776882066295)]
SEED scan_02_07 1e-05 [(0, 0.8349744630308316), (22, 0.7200969827872473), (87, 0.6757678658608415), (48, 0.6501752916045999), (21, 0.5077821253229239), (15, 0.5022406695538181), (1, 0.46968713073688406), (13, 0.42220227158378604), (5, 0.3674695910295254), (69, 0.35924989567821164), (54, 0.3406409941250824), (6, 0.30761890588862423), (62, 0.25362999172160156), (88, 0.2488655728442607), (95, 0.19536761225360144), (26, 0.19431275476767185)]
SEED scan_02_07 1e-13 [(0, 0.8349754436434642), (5, 0.7720023557503517), (87, 0.6757678494719161), (48, 0.6512304589231009), (15, 0.5897217688479588), (23, 0.5009226318042936), (24, 0.47423291872589257), (1, 0.45958014513366857), (14, 0.4538480121153353), (69, 0.3592498401288902), (54, 0.34037573824883005), (19, 0.2640709574233887), (62, 0.2536299846816853), (88, 0.248865555226033), (95, 0.19536761223196464), (20, 0.16747776882066295)]
SEED scan_02_07 1e-06 [(14, 0.9007923972192442), (0, 0.8349762793546116), (5, 0.7543440398790464), (21, 0.6914785461974405), (87, 0.675767771630474), (48, 0.6449995856600265), (1, 0.4741894186757413), (20, 0.42676012979478534), (69, 0.3592495968215894), (54, 0.34121399627556864), (24, 0.3397997664237449), (62, 0.25363000200717234), (88, 0.2488639280833182), (95, 0.19536761221383836), (40, 0.10688908992572221), (74, 0.09035257950585776)]
SEED scan_02_07 1e-08 [(0, 0.8349754436434642), (5, 0.7720023557503517), (87, 0.6757678494719161), (48, 0.6512304589231009), (15, 0.5897217688479588), (23, 0.5009226318042936), (24, 0.47423291872589257), (1, 0.45958014513366857), (14, 0.4538480121153353), (69, 0.3592498401288902), (54, 0.34037573824883005), (19, 0.2640709574233887), (62, 0.2536299846816853), (88, 0.248865555226033), (95, 0.19536761223196464), (20, 0.16747776882066295)]
SEED scan_02_07 1e-10 [(0, 0.8349754436434642), (5, 0.7720023557503517), (87, 0.6757678494719161), (48, 0.6512304589231009), (15, 0.5897217688479588), (23, 0.5009226318042936), (24, 0.47423291872589257), (1, 0.45958014513366857), (14, 0.4538480121153353), (69, 0.3592498401288902), (54, 0.34037573824883005), (19, 0.2640709574233887), (62, 0.2536299846816853), (88, 0.248865555226033), (95, 0.19536761223196464), (20, 0.16747776882066295)]
CONT 0.001 0.0013547402027084036
BEST scan_02_07 1.9186927314729374e-05 trace 7.673252963458119 support [ 0  1  5 14 19 22 40 44 48 54 62 69 74 76 87 88 90 95]
CONT 0.0001 0.008290301715210788
CONT 1e-05 0.038730546975760664
CONT 1e-06 0.13334607678087354
CONT 1e-07 0.3264847517323266
CONT 1e-08 0.7742096715216675
CONT 1e-09 2.5450421566087336
BEST scan_02_07 6.6413052564791766e-06 trace 7.673247068586453 support [ 0  1  5 11 14 22 40 44 48 54 62 69 74 76 87 88 90 95]
STAGE_ERROR whitened_seed StageTimeout stage allowance exhausted
BEST scan_02_07 6.6413052564791766e-06 trace 7.673247068586453 support [0, 1, 5, 11, 14, 22, 40, 44, 48, 54, 62, 69, 74, 76, 87, 88, 90, 95]
STAGE discrete_improve ALLOWANCE 9.0
BEST scan_02_07 6.6413052564791766e-06 trace 7.673247068586453 support [0, 1, 5, 11, 14, 22, 40, 44, 48, 54, 62, 69, 74, 76, 87, 88, 90, 95]
CONT 0.001 0.0006132590811795827
CONT 0.0001 0.0026378664800897106
CONT 1e-05 0.005480843614240247
CONT 1e-06 0.03686712861634458
CONT 1e-07 0.1536259916284766
CONT 1e-08 0.38494073426234604
CONT 1e-09 2.776102040831093
STAGE_ERROR discrete_improve StageTimeout stage allowance exhausted
BEST scan_02_07 6.6413052564791766e-06 trace 7.673247068586453 support [0, 1, 5, 11, 14, 22, 40, 44, 48, 54, 62, 69, 74, 76, 87, 88, 90, 95]
STAGE continuous ALLOWANCE 39.33279439294711
BEST scan_02_07 6.6413052564791766e-06 trace 7.673247068586453 support [ 0  1  5 11 14 22 40 44 48 54 62 69 74 76 87 88 90 95]
CONTINUOUS scan_02_07 0 0.0001 8.030866793907061e-06 1200 [(0, 1.511), (0, 3.104634), (0, 3.195012), (0, 3.515606), (0, 3.708466), (0, 4.185854), (6, 8.331541), (2, 6.264827), (0, 7.29649), (0, 6.661026), (2, 4.895845), (4, 8.461711), (2, 3.87128), (6, 8.35936), (4, 7.084492), (6, 8.93127), (0, 4.20044), (8, 10.783205)]
BEST scan_02_07 5.455605162537255e-07 trace 7.673243527473791 support [ 0  1  3 10 13 23 40 44 46 48 62 66 69 74 87 88 90 95]
CONTINUOUS scan_02_07 0 1e-06 0.00016990859498522415 1200 [(0, 1.511), (0, 3.116324), (0, 3.142416), (0, 3.491044), (0, 3.673773), (0, 4.187501), (6, 8.331938), (2, 6.264777), (0, 7.296369), (0, 6.661589), (2, 4.895931), (4, 8.46182), (2, 3.87126), (6, 8.918455), (4, 7.084584), (6, 8.93762), (0, 4.189594), (8, 10.782989)]
CONTINUOUS scan_02_07 0 1e-08 2.2422025077832124e-05 261 [(0, 1.511), (0, 3.142036), (0, 3.14189), (0, 3.495415), (0, 3.76685), (0, 4.188484), (6, 8.331851), (2, 6.264789), (0, 7.296394), (0, 6.662444), (2, 4.895856), (4, 8.461725), (2, 3.87126), (6, 8.928658), (4, 7.084505), (6, 8.932935), (0, 4.295033), (8, 10.78319)]
CONTINUOUS scan_02_07 1 0.0001 5.7845665145274355e-06 1200 [(0, 1.511), (0, 3.130544), (0, 3.390042), (0, 3.554775), (0, 3.740063), (0, 4.19142), (6, 8.331683), (2, 6.264808), (0, 7.296474), (0, 6.66146), (2, 4.895846), (4, 8.461708), (2, 3.87127), (6, 8.377765), (4, 7.084491), (6, 8.931268), (0, 4.223713), (8, 10.783202)]
CONTINUOUS scan_02_07 1 1e-06 2.1301567926628368e-05 867 [(0, 1.511), (0, 3.141756), (0, 3.443636), (0, 3.534323), (0, 3.765585), (0, 4.189016), (6, 8.331851), (2, 6.264787), (0, 7.296396), (0, 6.662432), (2, 4.895854), (4, 8.461724), (2, 3.87126), (6, 8.882328), (4, 7.084504), (6, 8.931329), (0, 4.29304), (8, 10.78319)]
CONTINUOUS scan_02_07 1 1e-08 2.320306911264049e-05 49 [(0, 1.511), (0, 3.141979), (0, 3.443294), (0, 3.534729), (0, 3.766841), (0, 4.189045), (6, 8.331849), (2, 6.264789), (0, 7.296397), (0, 6.662444), (2, 4.895852), (4, 8.461721), (2, 3.87126), (6, 8.886545), (4, 7.084502), (6, 8.931363), (0, 4.295016), (8, 10.78319)]
CONTINUOUS scan_02_07 2 0.0001 1.4307849225057446e-06 1200 [(0, 1.511), (0, 3.135831), (0, 3.436491), (0, 3.545294), (0, 3.769774), (0, 4.189739), (6, 8.331548), (2, 6.264788), (0, 7.296415), (0, 6.662166), (2, 4.895846), (4, 8.461709), (2, 3.87126), (6, 8.335367), (4, 7.084492), (6, 8.931266), (0, 4.273245), (8, 10.783197)]
CONTINUOUS scan_02_07 2 1e-06 2.0843253786169878e-05 706 [(0, 1.511), (0, 3.141768), (0, 3.45098), (0, 3.542853), (0, 3.765648), (0, 4.189053), (6, 8.331862), (2, 6.264787), (0, 7.296397), (0, 6.662433), (2, 4.895854), (4, 8.461724), (2, 3.87126), (6, 8.331709), (4, 7.084504), (6, 8.931265), (0, 4.293135), (8, 10.78319)]
CONTINUOUS scan_02_07 2 1e-08 2.302509168196027e-05 37 [(0, 1.511), (0, 3.142018), (0, 3.450949), (0, 3.543768), (0, 3.767065), (0, 4.189087), (6, 8.331855), (2, 6.264788), (0, 7.296397), (0, 6.662447), (2, 4.895852), (4, 8.461721), (2, 3.87126), (6, 8.331762), (4, 7.084502), (6, 8.931266), (0, 4.29538), (8, 10.783191)]
CONTINUOUS scan_02_07 3 0.0001 6.737116279086492e-07 1200 [(0, 1.511), (0, 3.138908), (0, 3.483608), (0, 3.771917), (0, 3.742014), (0, 4.189488), (6, 8.331843), (2, 6.264788), (0, 7.296393), (0, 6.662269), (2, 4.895846), (4, 8.461711), (2, 3.87126), (6, 8.331844), (4, 7.084493), (6, 8.931266), (0, 4.269548), (8, 10.783197)]
CONTINUOUS scan_02_07 3 1e-06 2.118503573587857e-05 168 [(0, 1.511), (0, 3.141744), (0, 3.482051), (0, 3.767754), (0, 3.764726), (0, 4.190068), (6, 8.33189), (2, 6.264787), (0, 7.296399), (0, 6.662431), (2, 4.895852), (4, 8.461721), (2, 3.87126), (6, 8.331741), (4, 7.084502), (6, 8.931265), (0, 4.292921), (8, 10.78319)]
CONTINUOUS scan_02_07 3 1e-08 2.4171790562760807e-05 30 [(0, 1.511), (0, 3.142016), (0, 3.481893), (0, 3.767696), (0, 3.76683), (0, 4.190136), (6, 8.331868), (2, 6.264788), (0, 7.2964), (0, 6.662447), (2, 4.895849), (4, 8.461718), (2, 3.87126), (6, 8.331789), (4, 7.084499), (6, 8.931267), (0, 4.295363), (8, 10.783191)]
CONTINUOUS scan_02_07 4 0.0001 6.904776409448103e-07 1200 [(0, 1.511), (0, 3.138881), (0, 3.485828), (0, 4.274071), (0, 3.743586), (0, 4.189775), (6, 8.331844), (2, 6.264788), (0, 7.296391), (0, 6.662292), (2, 4.895846), (4, 8.461711), (2, 3.87126), (6, 8.331842), (4, 7.084494), (6, 8.931266), (0, 3.879408), (8, 10.783196)]
CONTINUOUS scan_02_07 4 1e-06 2.1247335011626047e-05 338 [(0, 1.511), (0, 3.141743), (0, 3.482278), (0, 4.29292), (0, 3.765122), (0, 4.190126), (6, 8.331791), (2, 6.264787), (0, 7.296399), (0, 6.662431), (2, 4.895851), (4, 8.461721), (2, 3.87126), (6, 8.332036), (4, 7.084502), (6, 8.931265), (0, 3.776166), (8, 10.78319)]
CONTINUOUS scan_02_07 4 1e-08 2.4184586521905273e-05 36 [(0, 1.511), (0, 3.142016), (0, 3.481942), (0, 4.295363), (0, 3.76697), (0, 4.190148), (6, 8.331822), (2, 6.264788), (0, 7.2964), (0, 6.662447), (2, 4.895849), (4, 8.461718), (2, 3.87126), (6, 8.331923), (4, 7.084499), (6, 8.931267), (0, 3.769381), (8, 10.783191)]
CONTINUOUS scan_02_07 5 0.0001 5.959988472435182e-07 1200 [(0, 1.511), (0, 3.138831), (0, 3.48215), (0, 3.743493), (0, 3.750282), (0, 4.189721), (6, 8.331843), (2, 6.264788), (0, 7.296397), (0, 6.662246), (2, 4.895846), (4, 8.46171), (2, 3.87126), (6, 8.331843), (4, 7.084493), (6, 8.931266), (0, 4.267427), (8, 10.783197)]
CONTINUOUS scan_02_07 5 1e-06 2.1176414965941758e-05 106 [(0, 1.511), (0, 3.141744), (0, 3.482044), (0, 3.767449), (0, 3.764793), (0, 4.190066), (6, 8.331903), (2, 6.264787), (0, 7.296399), (0, 6.662431), (2, 4.895852), (4, 8.461721), (2, 3.87126), (6, 8.331793), (4, 7.084502), (6, 8.931265), (0, 4.292921), (8, 10.78319)]
CONTINUOUS scan_02_07 5 1e-08 2.417000076131138e-05 24 [(0, 1.511), (0, 3.142016), (0, 3.481892), (0, 3.767678), (0, 3.766824), (0, 4.190135), (6, 8.331882), (2, 6.264788), (0, 7.2964), (0, 6.662447), (2, 4.895849), (4, 8.461718), (2, 3.87126), (6, 8.33181), (4, 7.084499), (6, 8.931267), (0, 4.295363), (8, 10.783191)]
STAGE_ERROR continuous StageTimeout stage allowance exhausted
BEST scan_02_07 5.455605162537255e-07 trace 7.673243527473791 support [0, 1, 3, 10, 13, 23, 40, 44, 46, 48, 62, 66, 69, 74, 87, 88, 90, 95]
