seed mixed_cancellation_7915205 1e-07 [(77, 0.8636477), (0, 0.7446639), (53, 0.6913229), (40, 0.5885374), (29, 0.540028), (79, 0.5377884), (63, 0.4661838), (89, 0.3302336), (2, 0.2861559), (19, 0.1798494), (66, 0.0876075), (28, 0.0655066), (20, 0.0502556), (27, 0.0331988), (23, 0.0182722), (26, 0.0166835), (18, 0.0146984)]
mixed_cancellation_7915205 best 7.948857570356848e-05 trace 5.568210283082468 support [0, 2, 19, 28, 29, 40, 53, 63, 66, 77, 79, 89]
seed mixed_cancellation_7915205 1e-09 [(77, 0.8636477), (0, 0.7446639), (53, 0.691323), (40, 0.5885374), (79, 0.5433421), (63, 0.4661838), (29, 0.4290298), (89, 0.3302336), (2, 0.2863708), (19, 0.2703425), (28, 0.134805), (30, 0.0463373), (18, 0.0336233), (26, 0.0275131), (20, 0.0256733), (27, 0.0180916), (91, 0.0138733)]
seed mixed_cancellation_7915205 1e-05 [(77, 0.8636423), (0, 0.7446633), (53, 0.6913196), (40, 0.5885374), (63, 0.4661831), (79, 0.3416693), (89, 0.3302336), (2, 0.2743164), (72, 0.2018365), (30, 0.1581171), (18, 0.1513093), (28, 0.1328402), (29, 0.1080129), (24, 0.0728534), (25, 0.0706111), (31, 0.0622908), (27, 0.0543792)]
seed mixed_cancellation_7915205 1e-11 [(77, 0.8636478), (0, 0.7446639), (53, 0.691323), (40, 0.5885374), (79, 0.5428893), (63, 0.4661827), (29, 0.4497781), (89, 0.3302336), (2, 0.2864269), (19, 0.2414683), (91, 0.1389436), (20, 0.044083), (18, 0.0410347), (27, 0.0186355), (24, 0.0170722), (26, 0.0156182), (25, 0.0115477)]
mixed_cancellation_7915205 best 7.201308370449013e-05 trace 5.568217464510544 support [0, 2, 19, 20, 29, 40, 53, 63, 77, 79, 89, 91]
seed mixed_cancellation_7915205 0.001 [(77, 0.8615845), (0, 0.744666), (53, 0.6908061), (40, 0.5885369), (63, 0.4661836), (89, 0.330231), (79, 0.2682978), (26, 0.2636134), (72, 0.2150846), (1, 0.1378641), (3, 0.0781451), (25, 0.0733136), (24, 0.0605667), (4, 0.0533097), (27, 0.0530151), (61, 0.050971), (23, 0.0468754)]
seed mixed_cancellation_7915205 1e-13 [(77, 0.8636479), (0, 0.7446639), (53, 0.691323), (40, 0.5885374), (79, 0.5421778), (63, 0.4661819), (29, 0.3626707), (89, 0.3302336), (2, 0.2863513), (19, 0.2759007), (91, 0.2003684), (36, 0.0675906), (18, 0.0300121), (90, 0.0211437), (27, 0.0197293), (20, 0.0163133), (23, 0.0142674)]
seed mixed_cancellation_7915205 1.0 [(0, 0.7514152), (53, 0.6237214), (46, 0.4317461), (65, 0.3117072), (89, 0.2764106), (87, 0.1662754), (77, 0.1553933), (95, 0.1355821), (82, 0.1254149), (59, 0.1222045), (43, 0.1061718), (1, 0.1026391), (47, 0.0979594), (27, 0.0911787), (33, 0.081758), (42, 0.0675577), (55, 0.0666015)]
mixed_cancellation_7915205 best 7.201308370449013e-05 trace 5.568217464510544 support [0, 2, 19, 20, 29, 40, 53, 63, 77, 79, 89, 91]
mixed_cancellation_7915205 best 7.201308370449013e-05 trace 5.568217464510544 support [0, 2, 19, 20, 29, 40, 53, 63, 77, 79, 89, 91]
SWEEP mixed_cancellation_7915205 0 7.201308370449013e-05
mixed_cancellation_7915205 best 6.092051739845721e-05 trace 5.568219157721214 support [0, 2, 19, 29, 40, 53, 63, 77, 79, 89, 90, 91]
mixed_cancellation_7915205 best 6.057578785569829e-05 trace 5.568219209369011 support [0, 2, 19, 29, 40, 53, 63, 77, 78, 79, 89, 91]
mixed_cancellation_7915205 best 5.784322049378455e-05 trace 5.568219616629771 support [0, 2, 19, 21, 29, 40, 53, 63, 77, 79, 89, 91]
mixed_cancellation_7915205 best 4.3817055245083746e-05 trace 5.568221646652443 support [0, 2, 19, 22, 29, 40, 53, 63, 77, 79, 89, 91]
mixed_cancellation_7915205 best 2.9960276660772197e-05 trace 5.5682235483795175 support [0, 2, 19, 23, 29, 40, 53, 63, 77, 79, 89, 91]
mixed_cancellation_7915205 best 2.9960266913491903e-05 trace 5.568223548384612 support [0, 2, 19, 23, 29, 40, 53, 63, 77, 79, 89, 91]
mixed_cancellation_7915205 best 1.634070892021656e-05 trace 5.5682253139524045 support [0, 2, 19, 24, 29, 40, 53, 63, 77, 79, 89, 91]
mixed_cancellation_7915205 best 1.6340708871821532e-05 trace 5.568225313952421 support [0, 2, 19, 24, 29, 40, 53, 63, 77, 79, 89, 91]
mixed_cancellation_7915205 best 3.281865370420868e-06 trace 5.568226976618906 support [0, 2, 19, 25, 29, 40, 53, 63, 77, 79, 89, 91]
TimeoutError stage allowance exhausted
mixed_cancellation_7915205 best 3.281865370420868e-06 trace 5.568226976618906 support [0, 2, 19, 25, 29, 40, 53, 63, 77, 79, 89, 91]
mixed_cancellation_7915205 best 3.281865370420868e-06 trace 5.568226976618906 support [0, 2, 19, 25, 29, 40, 53, 63, 77, 79, 89, 91]
REFINE mixed_cancellation_7915205 0.001 31 0.000586446099753631
REFINE mixed_cancellation_7915205 0.0001 47 0.0008298795767543108
mixed_cancellation_7915205 best 3.281865072018344e-06 trace 5.568226976618712 support [0, 2, 19, 25, 29, 40, 53, 63, 77, 79, 89, 91]
REFINE mixed_cancellation_7915205 1e-05 38 0.004333363179590914
REFINE mixed_cancellation_7915205 1e-06 71 0.03433459120032387
REFINE mixed_cancellation_7915205 1e-07 43 0.03457011777319053
REFINE mixed_cancellation_7915205 1e-08 12 0.0801112059273594
mixed_cancellation_7915205 best 3.281865072018344e-06 trace 5.568226976618712 support [0, 2, 19, 25, 29, 40, 53, 63, 77, 79, 89, 91]
mixed_cancellation_7915205 best 3.281865072018344e-06 trace 5.568226976618712 support [0, 2, 19, 25, 29, 40, 53, 63, 77, 79, 89, 91]
ENUMERATED 10240 loss 1.991278971516552e+29 (0, 1, 2, 3, 4, 5, 7, 13, 14, 15, 16, 17)
ENUMERATED 20480 loss 9.980215193444928e+27 (0, 1, 2, 3, 4, 5, 15, 16, 17, 18, 22, 23)
ENUMERATED 30720 loss 3.1023475437871935e+27 (0, 1, 2, 3, 4, 6, 12, 13, 15, 17, 19, 23)
ENUMERATED 40960 loss 1.411594658881713e+27 (0, 1, 2, 3, 4, 7, 11, 13, 14, 17, 19, 22)
ENUMERATED 51200 loss 6.17692990679062e+25 (0, 1, 2, 3, 4, 9, 11, 13, 17, 18, 20, 23)
ENUMERATED 61440 loss 6.17692990679062e+25 (0, 1, 2, 3, 4, 9, 11, 13, 17, 18, 20, 23)
ENUMERATED 71680 loss 6.17692990679062e+25 (0, 1, 2, 3, 4, 9, 11, 13, 17, 18, 20, 23)
ENUMERATED 81920 loss 6.17692990679062e+25 (0, 1, 2, 3, 4, 9, 11, 13, 17, 18, 20, 23)
ENUMERATED 92160 loss 6.17692990679062e+25 (0, 1, 2, 3, 4, 9, 11, 13, 17, 18, 20, 23)
ENUMERATED 102400 loss 6.17692990679062e+25 (0, 1, 2, 3, 4, 9, 11, 13, 17, 18, 20, 23)
ENUMERATED 112640 loss 6.17692990679062e+25 (0, 1, 2, 3, 4, 9, 11, 13, 17, 18, 20, 23)
ENUMERATED 122880 loss 6.17692990679062e+25 (0, 1, 2, 3, 4, 9, 11, 13, 17, 18, 20, 23)
ENUMERATED 133120 loss 6.17692990679062e+25 (0, 1, 2, 3, 4, 9, 11, 13, 17, 18, 20, 23)
ENUMERATED 143360 loss 6.17692990679062e+25 (0, 1, 2, 3, 4, 9, 11, 13, 17, 18, 20, 23)
ENUMERATED 153600 loss 6.17692990679062e+25 (0, 1, 2, 3, 4, 9, 11, 13, 17, 18, 20, 23)
ENUMERATED 163840 loss 6.17692990679062e+25 (0, 1, 2, 3, 4, 9, 11, 13, 17, 18, 20, 23)
ENUMERATED 174080 loss 6.17692990679062e+25 (0, 1, 2, 3, 4, 9, 11, 13, 17, 18, 20, 23)
ENUMERATED 184320 loss 6.17692990679062e+25 (0, 1, 2, 3, 4, 9, 11, 13, 17, 18, 20, 23)
ENUMERATED 194560 loss 6.17692990679062e+25 (0, 1, 2, 3, 4, 9, 11, 13, 17, 18, 20, 23)
ENUMERATED 204800 loss 6.17692990679062e+25 (0, 1, 2, 3, 4, 9, 11, 13, 17, 18, 20, 23)
ENUMERATED 215040 loss 6.17692990679062e+25 (0, 1, 2, 3, 4, 9, 11, 13, 17, 18, 20, 23)
ENUMERATED 225280 loss 6.17692990679062e+25 (0, 1, 2, 3, 4, 9, 11, 13, 17, 18, 20, 23)
ENUMERATED 235520 loss 6.17692990679062e+25 (0, 1, 2, 3, 4, 9, 11, 13, 17, 18, 20, 23)
ENUMERATED 245760 loss 6.17692990679062e+25 (0, 1, 2, 3, 4, 9, 11, 13, 17, 18, 20, 23)
ENUMERATED 256000 loss 6.17692990679062e+25 (0, 1, 2, 3, 4, 9, 11, 13, 17, 18, 20, 23)
ENUMERATED 266240 loss 6.17692990679062e+25 (0, 1, 2, 3, 4, 9, 11, 13, 17, 18, 20, 23)
ENUMERATED 276480 loss 6.17692990679062e+25 (0, 1, 2, 3, 4, 9, 11, 13, 17, 18, 20, 23)
ENUMERATED 286720 loss 6.17692990679062e+25 (0, 1, 2, 3, 4, 9, 11, 13, 17, 18, 20, 23)
ENUMERATED 296960 loss 6.17692990679062e+25 (0, 1, 2, 3, 4, 9, 11, 13, 17, 18, 20, 23)
ENUMERATED 307200 loss 6.17692990679062e+25 (0, 1, 2, 3, 4, 9, 11, 13, 17, 18, 20, 23)
ENUMERATED 317440 loss 6.17692990679062e+25 (0, 1, 2, 3, 4, 9, 11, 13, 17, 18, 20, 23)
ENUMERATED 327680 loss 6.17692990679062e+25 (0, 1, 2, 3, 4, 9, 11, 13, 17, 18, 20, 23)
ENUMERATED 337920 loss 6.17692990679062e+25 (0, 1, 2, 3, 4, 9, 11, 13, 17, 18, 20, 23)
ENUMERATED 348160 loss 5.514373097327132e+25 (0, 1, 3, 4, 6, 9, 11, 15, 19, 20, 22, 23)
ENUMERATED 358400 loss 5.514373097327132e+25 (0, 1, 3, 4, 6, 9, 11, 15, 19, 20, 22, 23)
ENUMERATED 368640 loss 5.258815485450081e+25 (0, 1, 3, 4, 9, 12, 15, 18, 19, 20, 22, 23)
ENUMERATED 378880 loss 5.258815485450081e+25 (0, 1, 3, 4, 9, 12, 15, 18, 19, 20, 22, 23)
TimeoutError stage allowance exhausted
