CONFIG n 8192 checks 384 rank 379 pass 4 groups 0 initial_best 1000
BEST 190: 0 62 83 93 161 218 298 343 396 412 442 501 578 581 736 767 772 796 939 1014 1066 1100 1158 1201 1219 1223 1307 1317 1352 1376 1471 1527 1545 1550 1585 1589 1622 1656 1690 1713 1814 1847 1868 1916 1962 2025 2054 2070 2214 2247 2442 2538 2589 2662 2708 2748 2768 2784 2948 2970 3026 3053 3088 3123 3136 3159 3177 3192 3203 3204 3357 3367 3373 3406 3478 3516 3522 3567 3650 3709 3851 3937 3958 3960 3984 4015 4022 4039 4144 4154 4157 4169 4438 4449 4520 4596 4638 4663 4769 4785 4809 4852 4867 4881 4911 4956 5034 5087 5126 5172 5214 5236 5296 5304 5513 5514 5531 5552 5639 5674 5676 5719 5781 5850 5855 5872 5964 5985 6023 6037 6063 6079 6097 6117 6130 6132 6151 6259 6343 6344 6410 6412 6414 6433 6441 6469 6557 6558 6661 6777 6785 6838 6940 6956 6994 7039 7095 7136 7181 7210 7234 7275 7321 7344 7358 7406 7410 7420 7457 7502 7555 7569 7601 7646 7653 7658 7704 7788 7832 7835 7941 7947 7977 7996 8022 8025 8087 8089 8099 8180
BEST 188: 1 3 83 93 161 178 218 219 343 363 486 501 578 581 609 619 694 736 789 877 939 1014 1100 1138 1201 1203 1321 1352 1445 1471 1545 1564 1570 1622 1673 1690 1700 1757 1818 1847 1952 2022 2070 2167 2177 2247 2265 2281 2307 2393 2496 2538 2575 2613 2645 2662 2688 2697 2748 2783 2823 2899 3026 3053 3123 3159 3204 3257 3357 3367 3433 3442 3478 3516 3522 3567 3672 3709 3726 3750 3769 3781 3937 3960 3984 3996 4022 4051 4150 4157 4169 4203 4302 4349 4626 4663 4769 4783 4785 4812 4871 4982 5011 5066 5296 5304 5423 5444 5514 5531 5552 5605 5702 5706 5781 5787 5798 5815 5850 5853 5855 5872 5996 5997 6063 6079 6151 6163 6226 6259 6302 6316 6321 6344 6410 6427 6441 6488 6557 6579 6598 6599 6699 6777 6785 6787 6838 6844 6882 6901 6994 7001 7080 7146 7181 7210 7213 7234 7275 7290 7344 7358 7363 7404 7410 7420 7444 7457 7569 7576 7601 7646 7658 7661 7704 7788 7835 7861 7872 7924 7941 7947 7977 7996 8025 8035 8087 8186
BEST 166: 1 4 37 83 178 197 358 363 442 486 546 578 613 619 667 767 772 789 796 864 939 1014 1213 1223 1296 1317 1321 1376 1550 1564 1585 1656 1673 1739 1874 1916 1962 2025 2177 2259 2265 2281 2393 2426 2442 2538 2589 2645 2688 2697 2738 2784 2823 2933 2948 3026 3142 3159 3177 3192 3204 3257 3332 3357 3433 3442 3478 3522 3672 3709 3952 3958 3960 3967 3984 3996 4015 4039 4144 4147 4150 4157 4302 4349 4438 4449 4638 4663 4783 4852 4867 4871 4881 4886 4956 4982 5034 5059 5172 5236 5406 5460 5513 5531 5637 5639 5642 5674 5676 5706 5798 5872 5916 5996 6063 6079 6099 6130 6151 6163 6181 6226 6302 6316 6321 6343 6344 6363 6412 6414 6433 6462 6469 6488 6537 6557 6661 6763 6785 6787 6791 6838 6844 6901 6956 7001 7080 7164 7181 7275 7330 7404 7444 7457 7555 7621 7653 7661 7704 7788 7835 7924 7947 7977 8089 8099
BEST 160: 37 62 151 197 343 358 442 501 551 578 613 619 667 694 796 824 864 877 939 1014 1048 1066 1100 1126 1158 1201 1219 1223 1307 1321 1545 1585 1673 1700 1713 1757 1868 1916 1934 2025 2265 2281 2307 2426 2496 2538 2575 2645 2688 2695 2708 2748 2823 2899 2922 2933 3088 3123 3142 3159 3163 3192 3203 3257 3332 3367 3406 3433 3442 3455 3507 3522 3672 3709 3851 3958 4015 4022 4150 4203 4520 4596 4626 4663 4769 4783 4871 4881 4886 4911 5034 5059 5066 5087 5172 5214 5296 5304 5513 5531 5552 5605 5639 5642 5702 5719 5771 5787 5850 5853 5985 5996 6023 6063 6130 6132 6163 6259 6329 6344 6414 6462 6469 6488 6537 6558 6763 6777 6787 6791 6844 6901 6994 7039 7095 7164 7181 7210 7275 7290 7358 7404 7406 7420 7621 7646 7653 7658 7704 7788 7832 7835 7849 7861 7941 8002 8022 8025 8099 8180
BEST 156: 37 62 83 93 161 197 396 442 478 501 546 551 581 619 677 694 789 796 1048 1066 1132 1138 1201 1223 1296 1307 1415 1527 1545 1585 1690 1757 1814 1818 1868 1874 1952 1962 2022 2025 2214 2265 2307 2360 2442 2496 2575 2589 2688 2738 2899 2933 2970 3053 3123 3159 3203 3204 3334 3357 3367 3433 3650 3672 3769 3781 3851 3937 3952 3960 3996 4015 4039 4051 4154 4157 4164 4169 4172 4203 4302 4349 4626 4638 4769 4809 4852 4861 4867 4956 5011 5034 5126 5236 5296 5340 5406 5482 5513 5552 5637 5639 5674 5676 5771 5781 5798 5815 5850 5853 5916 5997 6039 6130 6151 6181 6343 6344 6410 6441 6537 6558 6661 6699 6763 6777 6785 6787 6838 6844 6940 7001 7210 7234 7275 7290 7330 7344 7404 7409 7444 7540 7555 7569 7576 7601 7625 7646 7653 7661 7835 7849 7977 7996 8180 8186
BEST 150: 37 62 83 93 298 320 396 442 486 501 537 546 551 581 613 619 789 796 1048 1132 1203 1213 1333 1352 1445 1527 1570 1585 1622 1656 1690 1700 1847 1916 2247 2259 2562 2575 2589 2613 2695 2738 2768 2783 2823 2933 2948 3053 3136 3163 3177 3192 3203 3204 3332 3334 3357 3367 3433 3442 3478 3567 3851 3960 3984 3996 4022 4064 4150 4157 4626 4638 4769 4783 4812 4852 4886 4982 5423 5460 5513 5514 5552 5605 5637 5642 5781 5815 5855 5872 5985 5997 6023 6037 6039 6079 6099 6117 6151 6163 6301 6316 6321 6329 6343 6363 6410 6412 6427 6462 6469 6488 6598 6599 6661 6777 6785 6882 6956 6994 7080 7095 7146 7164 7181 7210 7213 7234 7321 7344 7358 7363 7404 7406 7409 7410 7457 7502 7569 7646 7849 7861 7941 7977 7996 8002 8025 8035 8158 8186
BEST 148: 1 119 298 363 412 501 581 619 824 864 939 1014 1100 1126 1158 1223 1296 1307 1317 1400 1415 1527 1550 1564 1585 1589 1673 1713 1874 1916 1962 2025 2054 2167 2177 2247 2259 2281 2376 2393 2562 2613 2688 2697 2738 2748 2768 2784 2948 2970 3088 3192 3203 3204 3225 3257 3332 3334 3367 3373 3406 3442 3769 3781 3851 3937 3960 3967 3996 4015 4022 4039 4150 4157 4164 4172 4310 4349 4438 4449 4520 4596 4785 4861 4871 4982 5011 5034 5066 5087 5406 5444 5460 5482 5637 5639 5674 5719 5771 5798 5850 5853 5916 5964 5985 5996 6023 6039 6097 6099 6181 6259 6329 6363 6410 6414 6661 6699 6791 6838 6940 6956 7080 7095 7136 7164 7234 7290 7344 7358 7404 7420 7576 7621 7625 7653 7733 7788 7832 7835 7849 7861 7872 7924 7941 7947 8022 8035
BEST 142: 1 37 62 83 161 178 197 219 298 363 396 412 551 619 694 736 789 824 1048 1100 1219 1223 1445 1471 1545 1570 1585 1656 1700 1757 1818 1916 1934 1945 1952 1962 2054 2070 2177 2247 2307 2376 2496 2538 2575 2589 2688 2697 2738 2800 3009 3026 3123 3159 3204 3293 3332 3334 3357 3373 3406 3455 3478 3516 3650 3672 3750 3769 3851 3960 4022 4039 4051 4064 4144 4157 4164 4169 4809 4861 4876 4881 5034 5059 5214 5236 5552 5605 5637 5676 5702 5719 5781 5787 5798 5850 5855 5872 6039 6132 6151 6163 6302 6321 6329 6343 6441 6462 6537 6598 6661 6699 6787 6838 6844 6882 7001 7039 7210 7275 7344 7350 7358 7404 7406 7410 7444 7540 7555 7569 7601 7625 7646 7661 7832 7835 7941 7947 7977 7996 8089 8158
BEST 134: 1 83 161 178 343 358 486 501 796 864 1201 1213 1219 1223 1321 1352 1415 1445 1471 1527 1545 1550 1585 1589 1673 1757 1814 1916 1952 2025 2070 2167 2177 2281 2393 2426 2442 2496 2562 2589 2697 2708 2784 2800 2970 3053 3159 3163 3203 3204 3332 3334 3367 3373 3433 3442 3478 3507 3650 3709 3769 3781 3851 3958 3984 4015 4147 4150 4164 4203 4638 4663 4756 4812 4886 4956 5011 5034 5066 5087 5296 5304 5444 5482 5637 5639 5781 5787 5798 5815 5853 5872 5985 5997 6023 6037 6039 6063 6181 6226 6321 6343 6410 6488 6558 6579 6661 6699 6791 6892 6940 7001 7181 7210 7213 7290 7406 7409 7410 7420 7457 7502 7576 7601 7621 7658 7872 7879 7941 7996 8025 8035 8089 8180
PROGRESS 0 0.0611716 rank 379
BEST 130: 8 117 179 228 274 339 388 415 464 500 512 629 748 766 918 926 1067 1144 1185 1202 1333 1381 1449 1498 1556 1636 1670 1751 1766 1777 1835 1867 1880 1900 2060 2087 2128 2134 2309 2350 2397 2426 2525 2546 2696 2719 2733 2804 2816 2875 2976 2998 3084 3093 3106 3121 3134 3175 3204 3262 3404 3428 3605 3645 3971 4015 4181 4201 4247 4334 4542 4557 4617 4625 4654 4669 4809 4851 5059 5069 5139 5160 5196 5205 5276 5312 5389 5410 5513 5537 5600 5621 5677 5699 5897 5898 6029 6104 6124 6137 6148 6166 6176 6224 6280 6291 6320 6346 6470 6479 6555 6622 6678 6726 6922 6981 7351 7364 7366 7399 7477 7519 7717 7741 7755 7756 7941 8035 8155 8175
PROGRESS 10 0.731937 rank 379
PROGRESS 20 1.29179 rank 379
BEST 128: 15 29 159 167 177 234 280 335 530 620 668 699 828 843 924 947 1033 1038 1042 1102 1179 1232 1286 1311 1330 1341 1424 1454 1473 1521 1701 1717 1850 1898 2158 2175 2304 2312 2328 2431 2456 2511 2586 2599 2601 2658 3112 3169 3510 3539 3696 3710 3737 3774 3884 3899 4007 4029 4106 4192 4374 4385 4387 4427 4452 4461 4540 4573 4617 4622 4658 4670 4692 4703 4751 4820 5022 5113 5153 5173 5333 5354 5445 5473 5525 5553 5581 5589 5670 5759 5842 5846 5915 6012 6279 6294 6301 6318 6405 6443 6448 6480 6597 6628 6671 6686 6705 6760 6830 6867 6872 6900 7337 7368 7429 7492 7522 7529 7573 7672 7733 7737 7810 7820 7936 8048 8093 8167
PROGRESS 30 2.07254 rank 379
PROGRESS 40 2.67155 rank 379
PROGRESS 50 3.19104 rank 379
PROGRESS 60 3.7315 rank 379
PROGRESS 70 4.10256 rank 379
PROGRESS 80 4.57771 rank 379
PROGRESS 90 5.0755 rank 379
BEST 122: 280 334 516 538 543 577 731 750 798 865 1010 1017 1152 1172 1209 1232 1336 1348 1354 1406 1447 1468 1543 1566 1702 1751 1764 1784 1800 1809 1825 1881 1906 1915 1984 2019 2086 2094 2110 2111 2257 2295 2428 2429 2521 2534 2665 2669 2759 2777 2834 2939 2968 3026 3084 3094 3112 3143 3245 3268 3389 3433 3460 3469 3616 3684 3757 3775 3828 3833 4390 4442 4500 4524 4784 4813 4867 4914 5064 5093 5139 5176 5398 5428 5635 5716 5842 5848 5854 5886 6038 6057 6156 6260 6316 6353 6415 6484 6509 6513 6534 6564 6571 6611 6686 6758 6787 6827 6849 6865 7367 7389 7426 7453 7482 7512 7708 7713 7736 7785 7959 8014
PROGRESS 100 5.69301 rank 379
PROGRESS 110 6.18623 rank 379
PROGRESS 120 6.81272 rank 379
PROGRESS 130 7.56219 rank 379
PROGRESS 140 8.22472 rank 379
BEST 116: 22 101 312 341 447 481 539 636 661 701 727 733 1045 1116 1182 1276 1292 1364 1391 1398 1429 1441 1445 1474 1587 1592 1869 1913 1980 2030 2090 2137 2206 2283 2440 2478 2588 2616 2718 2725 2843 2930 3031 3061 3106 3110 3151 3159 3256 3290 3496 3560 3783 3828 3859 3887 3912 3931 3987 3990 4058 4064 4274 4305 4352 4360 4400 4459 4892 4912 4997 5102 5124 5179 5274 5297 5381 5418 5454 5468 5547 5554 5556 5588 5606 5623 6200 6214 6265 6267 6305 6317 6414 6463 6761 6775 6785 6851 6918 6953 7110 7136 7183 7222 7439 7460 7582 7610 7620 7675 7898 7929 7991 8034 8112 8141
PROGRESS 150 8.7475 rank 379
PROGRESS 160 9.2784 rank 379
PROGRESS 170 9.83483 rank 379
PROGRESS 180 10.4342 rank 379
PROGRESS 190 11.1001 rank 379
PROGRESS 200 11.6659 rank 379
PROGRESS 210 12.1089 rank 379
PROGRESS 220 12.3592 rank 379
PROGRESS 230 12.6661 rank 379
PROGRESS 240 13.0614 rank 379
PROGRESS 250 13.4165 rank 379
PROGRESS 260 13.8106 rank 379
PROGRESS 270 14.2834 rank 379
PROGRESS 280 14.7044 rank 379
PROGRESS 290 15.0537 rank 379
PROGRESS 300 15.6204 rank 379
PROGRESS 310 16.2173 rank 379
PROGRESS 320 16.6319 rank 379
PROGRESS 330 17.1359 rank 379
PROGRESS 340 17.7446 rank 379
PROGRESS 350 18.3392 rank 379
PROGRESS 360 18.8524 rank 379
PROGRESS 370 19.5123 rank 379
PROGRESS 380 19.9342 rank 379
PROGRESS 390 20.2791 rank 379
PROGRESS 400 20.5525 rank 379
PROGRESS 410 20.9184 rank 379
PROGRESS 420 21.261 rank 379
PROGRESS 430 21.5688 rank 379
PROGRESS 440 21.8735 rank 379
PROGRESS 450 22.2115 rank 379
PROGRESS 460 22.5849 rank 379
PROGRESS 470 22.9472 rank 379
PROGRESS 480 23.319 rank 379
PROGRESS 490 23.7096 rank 379
PROGRESS 500 24.0922 rank 379
PROGRESS 510 24.5325 rank 379
PROGRESS 520 24.8219 rank 379
PROGRESS 530 25.0731 rank 379
PROGRESS 540 25.296 rank 379
PROGRESS 550 25.6177 rank 379
PROGRESS 560 25.9309 rank 379
PROGRESS 570 26.3201 rank 379
PROGRESS 580 26.7637 rank 379
PROGRESS 590 27.3597 rank 379
PROGRESS 600 27.9981 rank 379
PROGRESS 610 28.4474 rank 379
PROGRESS 620 28.8658 rank 379
PROGRESS 630 29.3435 rank 379
PROGRESS 640 29.8031 rank 379
PROGRESS 650 30.3089 rank 379
PROGRESS 660 30.764 rank 379
PROGRESS 670 31.299 rank 379
PROGRESS 680 31.7321 rank 379
PROGRESS 690 32.2692 rank 379
PROGRESS 700 32.7391 rank 379
PROGRESS 710 33.2044 rank 379
PROGRESS 720 33.6237 rank 379
PROGRESS 730 34.1549 rank 379
PROGRESS 740 34.8856 rank 379
PROGRESS 750 35.4602 rank 379
PROGRESS 760 35.7494 rank 379
PROGRESS 770 36.0685 rank 379
PROGRESS 780 36.3527 rank 379
PROGRESS 790 36.6311 rank 379
PROGRESS 800 36.9452 rank 379
PROGRESS 810 37.2436 rank 379
PROGRESS 820 37.5522 rank 379
PROGRESS 830 37.8854 rank 379
PROGRESS 840 38.2711 rank 379
PROGRESS 850 38.5661 rank 379
PROGRESS 860 38.8952 rank 379
PROGRESS 870 39.2293 rank 379
PROGRESS 880 39.8735 rank 379
PROGRESS 890 40.53 rank 379
PROGRESS 900 41.279 rank 379
PROGRESS 910 41.9551 rank 379
PROGRESS 920 42.8261 rank 379
PROGRESS 930 43.7296 rank 379
PROGRESS 940 44.5962 rank 379
PROGRESS 950 45.3542 rank 379
PROGRESS 960 45.6351 rank 379
PROGRESS 970 45.9322 rank 379
PROGRESS 980 46.192 rank 379
PROGRESS 990 46.4892 rank 379
PROGRESS 1000 46.8757 rank 379
PROGRESS 1010 47.2605 rank 379
PROGRESS 1020 47.6686 rank 379
PROGRESS 1030 48.0769 rank 379
PROGRESS 1040 48.512 rank 379
PROGRESS 1050 48.8965 rank 379
PROGRESS 1060 49.2086 rank 379
PROGRESS 1070 49.5627 rank 379
PROGRESS 1080 49.902 rank 379
PROGRESS 1090 50.2351 rank 379
PROGRESS 1100 50.5438 rank 379
PROGRESS 1110 51.0428 rank 379
PROGRESS 1120 51.5286 rank 379
PROGRESS 1130 51.9715 rank 379
PROGRESS 1140 52.4928 rank 379
PROGRESS 1150 52.9962 rank 379
PROGRESS 1160 53.5149 rank 379
PROGRESS 1170 54.1409 rank 379
PROGRESS 1180 54.8043 rank 379
PROGRESS 1190 55.4209 rank 379
PROGRESS 1200 55.9441 rank 379
PROGRESS 1210 56.4104 rank 379
PROGRESS 1220 56.8843 rank 379
PROGRESS 1230 57.1546 rank 379
PROGRESS 1240 57.3883 rank 379
PROGRESS 1250 57.7461 rank 379
PROGRESS 1260 58.1543 rank 379
PROGRESS 1270 58.5223 rank 379
PROGRESS 1280 58.913 rank 379
PROGRESS 1290 59.324 rank 379
PROGRESS 1300 59.712 rank 379
PROGRESS 1310 59.9613 rank 379
PROGRESS 1320 60.2435 rank 379
PROGRESS 1330 60.5291 rank 379
PROGRESS 1340 60.8867 rank 379
PROGRESS 1350 61.1679 rank 379
PROGRESS 1360 61.7573 rank 379
PROGRESS 1370 62.1631 rank 379
PROGRESS 1380 62.733 rank 379
PROGRESS 1390 63.1222 rank 379
PROGRESS 1400 63.6004 rank 379
PROGRESS 1410 64.0451 rank 379
PROGRESS 1420 64.4811 rank 379
PROGRESS 1430 64.9266 rank 379
PROGRESS 1440 65.3315 rank 379
PROGRESS 1450 65.6818 rank 379
PROGRESS 1460 66.0765 rank 379
PROGRESS 1470 66.4701 rank 379
PROGRESS 1480 67.0498 rank 379
PROGRESS 1490 67.5311 rank 379
PROGRESS 1500 67.9426 rank 379
PROGRESS 1510 68.3998 rank 379
PROGRESS 1520 68.7745 rank 379
PROGRESS 1530 69.2067 rank 379
PROGRESS 1540 69.6574 rank 379
PROGRESS 1550 69.9749 rank 379
PROGRESS 1560 70.3431 rank 379
PROGRESS 1570 70.7969 rank 379
PROGRESS 1580 71.3296 rank 379
PROGRESS 1590 71.7811 rank 379
PROGRESS 1600 72.2141 rank 379
PROGRESS 1610 72.6146 rank 379
PROGRESS 1620 73.1636 rank 379
PROGRESS 1630 73.7944 rank 379
PROGRESS 1640 74.3804 rank 379
PROGRESS 1650 74.7209 rank 379
PROGRESS 1660 74.9634 rank 379
PROGRESS 1670 75.3232 rank 379
PROGRESS 1680 75.7169 rank 379
PROGRESS 1690 76.1615 rank 379
PROGRESS 1700 76.5997 rank 379
PROGRESS 1710 76.9614 rank 379
PROGRESS 1720 77.4879 rank 379
PROGRESS 1730 77.9293 rank 379
PROGRESS 1740 78.2554 rank 379
PROGRESS 1750 78.6481 rank 379
PROGRESS 1760 79.1433 rank 379
PROGRESS 1770 79.5716 rank 379
PROGRESS 1780 79.8918 rank 379
PROGRESS 1790 80.1861 rank 379
PROGRESS 1800 80.5109 rank 379
PROGRESS 1810 80.8133 rank 379
PROGRESS 1820 81.0838 rank 379
PROGRESS 1830 81.3177 rank 379
PROGRESS 1840 81.5609 rank 379
PROGRESS 1850 81.8652 rank 379
PROGRESS 1860 82.2664 rank 379
PROGRESS 1870 82.6579 rank 379
PROGRESS 1880 83.2203 rank 379
PROGRESS 1890 83.6885 rank 379
PROGRESS 1900 83.9664 rank 379
PROGRESS 1910 84.2898 rank 379
PROGRESS 1920 84.5528 rank 379
PROGRESS 1930 84.846 rank 379
PROGRESS 1940 85.0709 rank 379
PROGRESS 1950 85.2956 rank 379
PROGRESS 1960 85.5282 rank 379
PROGRESS 1970 85.8431 rank 379
PROGRESS 1980 86.1329 rank 379
PROGRESS 1990 86.393 rank 379
PROGRESS 2000 86.8139 rank 379
PROGRESS 2010 87.1488 rank 379
PROGRESS 2020 87.4232 rank 379
PROGRESS 2030 87.7513 rank 379
PROGRESS 2040 88.0238 rank 379
PROGRESS 2050 88.325 rank 379
PROGRESS 2060 88.5569 rank 379
PROGRESS 2070 88.8472 rank 379
PROGRESS 2080 89.145 rank 379
PROGRESS 2090 89.7484 rank 379
PROGRESS 2100 90.014 rank 379
PROGRESS 2110 90.246 rank 379
PROGRESS 2120 90.6477 rank 379
PROGRESS 2130 90.9311 rank 379
PROGRESS 2140 91.2244 rank 379
PROGRESS 2150 91.6663 rank 379
PROGRESS 2160 91.9977 rank 379
PROGRESS 2170 92.2435 rank 379
PROGRESS 2180 92.6231 rank 379
PROGRESS 2190 92.9895 rank 379
PROGRESS 2200 93.3161 rank 379
PROGRESS 2210 93.6743 rank 379
PROGRESS 2220 93.9242 rank 379
PROGRESS 2230 94.2258 rank 379
PROGRESS 2240 94.5005 rank 379
PROGRESS 2250 94.7895 rank 379
PROGRESS 2260 95.0333 rank 379
PROGRESS 2270 95.374 rank 379
PROGRESS 2280 95.6162 rank 379
PROGRESS 2290 96.0077 rank 379
PROGRESS 2300 96.5934 rank 379
PROGRESS 2310 97.0838 rank 379
PROGRESS 2320 97.4071 rank 379
PROGRESS 2330 97.7111 rank 379
PROGRESS 2340 97.9647 rank 379
PROGRESS 2350 98.2396 rank 379
PROGRESS 2360 98.4786 rank 379
PROGRESS 2370 98.7295 rank 379
PROGRESS 2380 99.1195 rank 379
PROGRESS 2390 99.4394 rank 379
PROGRESS 2400 99.7527 rank 379
PROGRESS 2410 100.064 rank 379
PROGRESS 2420 100.398 rank 379
PROGRESS 2430 100.676 rank 379
PROGRESS 2440 101.041 rank 379
PROGRESS 2450 101.363 rank 379
PROGRESS 2460 101.779 rank 379
PROGRESS 2470 102.025 rank 379
PROGRESS 2480 102.434 rank 379
PROGRESS 2490 102.748 rank 379
PROGRESS 2500 103.013 rank 379
PROGRESS 2510 103.355 rank 379
PROGRESS 2520 103.671 rank 379
PROGRESS 2530 104.074 rank 379
PROGRESS 2540 104.37 rank 379
PROGRESS 2550 104.804 rank 379
PROGRESS 2560 105.083 rank 379
PROGRESS 2570 105.372 rank 379
PROGRESS 2580 105.663 rank 379
PROGRESS 2590 105.999 rank 379
PROGRESS 2600 106.36 rank 379
PROGRESS 2610 106.738 rank 379
PROGRESS 2620 107.053 rank 379
PROGRESS 2630 107.626 rank 379
PROGRESS 2640 107.941 rank 379
PROGRESS 2650 108.331 rank 379
PROGRESS 2660 108.705 rank 379
PROGRESS 2670 109.227 rank 379
PROGRESS 2680 109.699 rank 379
PROGRESS 2690 110.109 rank 379
PROGRESS 2700 110.579 rank 379
PROGRESS 2710 110.959 rank 379
PROGRESS 2720 111.255 rank 379
PROGRESS 2730 111.557 rank 379
PROGRESS 2740 111.933 rank 379
PROGRESS 2750 112.335 rank 379
PROGRESS 2760 112.791 rank 379
PROGRESS 2770 113.169 rank 379
PROGRESS 2780 113.427 rank 379
PROGRESS 2790 113.71 rank 379
PROGRESS 2800 113.994 rank 379
PROGRESS 2810 114.241 rank 379
PROGRESS 2820 114.526 rank 379
PROGRESS 2830 114.865 rank 379
PROGRESS 2840 115.235 rank 379
PROGRESS 2850 115.5 rank 379
PROGRESS 2860 115.762 rank 379
PROGRESS 2870 116.037 rank 379
PROGRESS 2880 116.306 rank 379
PROGRESS 2890 116.696 rank 379
PROGRESS 2900 117 rank 379
PROGRESS 2910 117.401 rank 379
PROGRESS 2920 117.797 rank 379
PROGRESS 2930 118.307 rank 379
PROGRESS 2940 118.615 rank 379
PROGRESS 2950 118.89 rank 379
PROGRESS 2960 119.317 rank 379
PROGRESS 2970 119.675 rank 379
PROGRESS 2980 120.043 rank 379
PROGRESS 2990 120.607 rank 379
PROGRESS 3000 120.924 rank 379
PROGRESS 3010 121.248 rank 379
PROGRESS 3020 121.904 rank 379
PROGRESS 3030 122.226 rank 379
PROGRESS 3040 122.637 rank 379
PROGRESS 3050 123.389 rank 379
PROGRESS 3060 123.741 rank 379
PROGRESS 3070 124.087 rank 379
PROGRESS 3080 124.547 rank 379
PROGRESS 3090 125.102 rank 379
PROGRESS 3100 125.475 rank 379
PROGRESS 3110 125.952 rank 379
PROGRESS 3120 126.365 rank 379
PROGRESS 3130 126.855 rank 379
PROGRESS 3140 127.283 rank 379
PROGRESS 3150 127.752 rank 379
PROGRESS 3160 128.212 rank 379
PROGRESS 3170 128.653 rank 379
PROGRESS 3180 128.959 rank 379
PROGRESS 3190 129.228 rank 379
PROGRESS 3200 129.493 rank 379
PROGRESS 3210 129.77 rank 379
PROGRESS 3220 130.069 rank 379
PROGRESS 3230 130.312 rank 379
PROGRESS 3240 130.564 rank 379
PROGRESS 3250 130.964 rank 379
PROGRESS 3260 131.46 rank 379
PROGRESS 3270 131.992 rank 379
PROGRESS 3280 132.237 rank 379
PROGRESS 3290 132.516 rank 379
PROGRESS 3300 132.808 rank 379
PROGRESS 3310 133.092 rank 379
PROGRESS 3320 133.367 rank 379
PROGRESS 3330 133.645 rank 379
PROGRESS 3340 133.933 rank 379
PROGRESS 3350 134.2 rank 379
PROGRESS 3360 134.501 rank 379
PROGRESS 3370 134.801 rank 379
PROGRESS 3380 135.112 rank 379
PROGRESS 3390 135.382 rank 379
PROGRESS 3400 135.662 rank 379
PROGRESS 3410 135.913 rank 379
PROGRESS 3420 136.199 rank 379
PROGRESS 3430 136.576 rank 379
PROGRESS 3440 136.999 rank 379
PROGRESS 3450 137.433 rank 379
PROGRESS 3460 137.702 rank 379
PROGRESS 3470 137.981 rank 379
PROGRESS 3480 138.325 rank 379
PROGRESS 3490 138.693 rank 379
PROGRESS 3500 139.019 rank 379
PROGRESS 3510 139.324 rank 379
PROGRESS 3520 139.644 rank 379
PROGRESS 3530 139.955 rank 379
PROGRESS 3540 140.227 rank 379
PROGRESS 3550 140.517 rank 379
PROGRESS 3560 140.785 rank 379
PROGRESS 3570 141.014 rank 379
PROGRESS 3580 141.259 rank 379
PROGRESS 3590 141.603 rank 379
PROGRESS 3600 141.984 rank 379
PROGRESS 3610 142.373 rank 379
PROGRESS 3620 142.807 rank 379
PROGRESS 3630 143.345 rank 379
PROGRESS 3640 143.874 rank 379
PROGRESS 3650 144.575 rank 379
PROGRESS 3660 145.082 rank 379
PROGRESS 3670 145.503 rank 379
PROGRESS 3680 145.901 rank 379
PROGRESS 3690 146.3 rank 379
PROGRESS 3700 146.711 rank 379
PROGRESS 3710 146.971 rank 379
PROGRESS 3720 147.335 rank 379
PROGRESS 3730 147.696 rank 379
PROGRESS 3740 148.006 rank 379
PROGRESS 3750 148.289 rank 379
PROGRESS 3760 148.566 rank 379
PROGRESS 3770 148.825 rank 379
PROGRESS 3780 149.123 rank 379
PROGRESS 3790 149.441 rank 379
PROGRESS 3800 149.756 rank 379
PROGRESS 3810 150.103 rank 379
PROGRESS 3820 150.361 rank 379
PROGRESS 3830 150.607 rank 379
PROGRESS 3840 150.865 rank 379
PROGRESS 3850 151.176 rank 379
PROGRESS 3860 151.448 rank 379
PROGRESS 3870 151.771 rank 379
PROGRESS 3880 152.223 rank 379
PROGRESS 3890 152.529 rank 379
PROGRESS 3900 152.83 rank 379
PROGRESS 3910 153.149 rank 379
PROGRESS 3920 153.475 rank 379
PROGRESS 3930 153.777 rank 379
PROGRESS 3940 154.1 rank 379
PROGRESS 3950 154.417 rank 379
PROGRESS 3960 154.718 rank 379
PROGRESS 3970 155.028 rank 379
PROGRESS 3980 155.368 rank 379
PROGRESS 3990 155.681 rank 379
PROGRESS 4000 156.013 rank 379
PROGRESS 4010 156.282 rank 379
PROGRESS 4020 156.705 rank 379
PROGRESS 4030 157.183 rank 379
PROGRESS 4040 157.655 rank 379
PROGRESS 4050 158.392 rank 379
PROGRESS 4060 158.686 rank 379
PROGRESS 4070 159.013 rank 379
PROGRESS 4080 159.384 rank 379
PROGRESS 4090 159.745 rank 379
PROGRESS 4100 160.107 rank 379
PROGRESS 4110 160.443 rank 379
PROGRESS 4120 160.795 rank 379
PROGRESS 4130 161.127 rank 379
PROGRESS 4140 161.449 rank 379
PROGRESS 4150 161.723 rank 379
PROGRESS 4160 161.935 rank 379
PROGRESS 4170 162.192 rank 379
PROGRESS 4180 162.491 rank 379
PROGRESS 4190 162.739 rank 379
PROGRESS 4200 163.078 rank 379
PROGRESS 4210 163.374 rank 379
PROGRESS 4220 163.694 rank 379
PROGRESS 4230 164.003 rank 379
PROGRESS 4240 164.343 rank 379
PROGRESS 4250 164.669 rank 379
PROGRESS 4260 165.082 rank 379
PROGRESS 4270 165.493 rank 379
PROGRESS 4280 165.775 rank 379
PROGRESS 4290 166.117 rank 379
PROGRESS 4300 166.418 rank 379
PROGRESS 4310 166.71 rank 379
PROGRESS 4320 166.988 rank 379
PROGRESS 4330 167.3 rank 379
PROGRESS 4340 168.055 rank 379
PROGRESS 4350 168.577 rank 379
PROGRESS 4360 169.11 rank 379
PROGRESS 4370 169.42 rank 379
PROGRESS 4380 169.767 rank 379
PROGRESS 4390 170.284 rank 379
PROGRESS 4400 171.252 rank 379
PROGRESS 4410 171.814 rank 379
PROGRESS 4420 172.269 rank 379
PROGRESS 4430 172.734 rank 379
PROGRESS 4440 173.093 rank 379
PROGRESS 4450 173.549 rank 379
PROGRESS 4460 174.077 rank 379
PROGRESS 4470 174.424 rank 379
PROGRESS 4480 174.824 rank 379
PROGRESS 4490 175.177 rank 379
PROGRESS 4500 175.648 rank 379
PROGRESS 4510 176.025 rank 379
PROGRESS 4520 176.381 rank 379
PROGRESS 4530 176.76 rank 379
PROGRESS 4540 177.459 rank 379
PROGRESS 4550 177.823 rank 379
PROGRESS 4560 178.264 rank 379
PROGRESS 4570 178.648 rank 379
PROGRESS 4580 179.009 rank 379
PROGRESS 4590 179.356 rank 379
PROGRESS 4600 179.701 rank 379
PROGRESS 4610 180.091 rank 379
PROGRESS 4620 180.467 rank 379
PROGRESS 4630 180.877 rank 379
PROGRESS 4640 181.317 rank 379
PROGRESS 4650 181.694 rank 379
PROGRESS 4660 182.075 rank 379
PROGRESS 4670 182.443 rank 379
PROGRESS 4680 182.722 rank 379
PROGRESS 4690 183.115 rank 379
PROGRESS 4700 183.817 rank 379
PROGRESS 4710 184.413 rank 379
PROGRESS 4720 184.84 rank 379
PROGRESS 4730 185.241 rank 379
PROGRESS 4740 185.687 rank 379
PROGRESS 4750 185.977 rank 379
PROGRESS 4760 186.344 rank 379
PROGRESS 4770 186.657 rank 379
PROGRESS 4780 187.031 rank 379
PROGRESS 4790 187.71 rank 379
PROGRESS 4800 187.98 rank 379
PROGRESS 4810 188.295 rank 379
PROGRESS 4820 189.161 rank 379
PROGRESS 4830 189.75 rank 379
PROGRESS 4840 190.538 rank 379
PROGRESS 4850 190.995 rank 379
PROGRESS 4860 191.359 rank 379
PROGRESS 4870 191.716 rank 379
PROGRESS 4880 192.135 rank 379
PROGRESS 4890 192.622 rank 379
PROGRESS 4900 192.972 rank 379
PROGRESS 4910 193.464 rank 379
PROGRESS 4920 193.723 rank 379
PROGRESS 4930 194.122 rank 379
PROGRESS 4940 194.486 rank 379
PROGRESS 4950 194.792 rank 379
PROGRESS 4960 195.073 rank 379
PROGRESS 4970 195.418 rank 379
PROGRESS 4980 195.798 rank 379
PROGRESS 4990 196.22 rank 379
PROGRESS 5000 196.542 rank 379
PROGRESS 5010 197.014 rank 379
PROGRESS 5020 197.292 rank 379
PROGRESS 5030 197.594 rank 379
PROGRESS 5040 197.879 rank 379
PROGRESS 5050 198.259 rank 379
PROGRESS 5060 198.538 rank 379
PROGRESS 5070 198.889 rank 379
PROGRESS 5080 199.172 rank 379
PROGRESS 5090 199.747 rank 379
PROGRESS 5100 200.326 rank 379
PROGRESS 5110 200.756 rank 379
PROGRESS 5120 201.147 rank 379
PROGRESS 5130 201.445 rank 379
PROGRESS 5140 201.757 rank 379
PROGRESS 5150 202.039 rank 379
PROGRESS 5160 202.34 rank 379
PROGRESS 5170 202.674 rank 379
PROGRESS 5180 202.983 rank 379
PROGRESS 5190 203.337 rank 379
PROGRESS 5200 203.661 rank 379
PROGRESS 5210 203.952 rank 379
PROGRESS 5220 204.324 rank 379
PROGRESS 5230 204.731 rank 379
PROGRESS 5240 205.044 rank 379
PROGRESS 5250 205.466 rank 379
PROGRESS 5260 205.849 rank 379
PROGRESS 5270 206.567 rank 379
PROGRESS 5280 206.954 rank 379
PROGRESS 5290 207.321 rank 379
PROGRESS 5300 207.646 rank 379
PROGRESS 5310 208.107 rank 379
PROGRESS 5320 208.508 rank 379
PROGRESS 5330 209.156 rank 379
PROGRESS 5340 209.499 rank 379
PROGRESS 5350 209.773 rank 379
PROGRESS 5360 210.379 rank 379
PROGRESS 5370 210.747 rank 379
PROGRESS 5380 211.016 rank 379
PROGRESS 5390 211.305 rank 379
PROGRESS 5400 211.558 rank 379
PROGRESS 5410 211.955 rank 379
PROGRESS 5420 212.275 rank 379
PROGRESS 5430 212.584 rank 379
PROGRESS 5440 212.916 rank 379
PROGRESS 5450 213.345 rank 379
PROGRESS 5460 213.774 rank 379
PROGRESS 5470 214.326 rank 379
PROGRESS 5480 214.629 rank 379
PROGRESS 5490 214.967 rank 379
PROGRESS 5500 215.283 rank 379
PROGRESS 5510 215.912 rank 379
PROGRESS 5520 216.188 rank 379
PROGRESS 5530 216.416 rank 379
PROGRESS 5540 216.649 rank 379
PROGRESS 5550 216.929 rank 379
PROGRESS 5560 217.239 rank 379
PROGRESS 5570 217.544 rank 379
PROGRESS 5580 217.842 rank 379
PROGRESS 5590 218.224 rank 379
PROGRESS 5600 218.513 rank 379
PROGRESS 5610 218.973 rank 379
PROGRESS 5620 219.393 rank 379
PROGRESS 5630 219.815 rank 379
PROGRESS 5640 220.254 rank 379
PROGRESS 5650 220.606 rank 379
PROGRESS 5660 220.861 rank 379
PROGRESS 5670 221.253 rank 379
PROGRESS 5680 221.717 rank 379
PROGRESS 5690 222.323 rank 379
PROGRESS 5700 222.659 rank 379
PROGRESS 5710 222.992 rank 379
PROGRESS 5720 223.265 rank 379
PROGRESS 5730 223.544 rank 379
PROGRESS 5740 223.896 rank 379
PROGRESS 5750 224.344 rank 379
PROGRESS 5760 224.761 rank 379
PROGRESS 5770 225.036 rank 379
PROGRESS 5780 225.321 rank 379
PROGRESS 5790 225.936 rank 379
PROGRESS 5800 226.309 rank 379
PROGRESS 5810 226.777 rank 379
PROGRESS 5820 227.328 rank 379
PROGRESS 5830 227.772 rank 379
PROGRESS 5840 228.119 rank 379
PROGRESS 5850 228.55 rank 379
PROGRESS 5860 228.833 rank 379
PROGRESS 5870 229.152 rank 379
PROGRESS 5880 229.715 rank 379
PROGRESS 5890 230.128 rank 379
PROGRESS 5900 230.419 rank 379
PROGRESS 5910 230.977 rank 379
PROGRESS 5920 231.433 rank 379
PROGRESS 5930 231.812 rank 379
PROGRESS 5940 232.203 rank 379
PROGRESS 5950 232.602 rank 379
PROGRESS 5960 232.995 rank 379
PROGRESS 5970 233.372 rank 379
PROGRESS 5980 233.738 rank 379
PROGRESS 5990 234.11 rank 379
PROGRESS 6000 234.411 rank 379
PROGRESS 6010 234.762 rank 379
PROGRESS 6020 235.08 rank 379
PROGRESS 6030 235.436 rank 379
PROGRESS 6040 235.676 rank 379
PROGRESS 6050 235.959 rank 379
PROGRESS 6060 236.294 rank 379
PROGRESS 6070 236.639 rank 379
PROGRESS 6080 236.978 rank 379
PROGRESS 6090 237.373 rank 379
PROGRESS 6100 237.677 rank 379
PROGRESS 6110 238.207 rank 379
PROGRESS 6120 238.663 rank 379
PROGRESS 6130 238.98 rank 379
PROGRESS 6140 239.476 rank 379
PROGRESS 6150 239.841 rank 379
END trials 6156 elapsed 240.025
