STAGE legacy_seed ALLOWANCE 3.0
seed scan_01_03 1e-07 [(85, 1.2032647), (42, 0.8302334), (0, 0.6783991), (88, 0.6264227), (41, 0.3868266), (7, 0.1709916), (73, 0.1517903), (8, 0.142527), (80, 0.1401543), (10, 0.1293401), (55, 0.128872), (11, 0.1268622), (9, 0.1245374), (90, 0.1229542), (12, 0.1176562), (78, 0.1106196), (84, 0.1053868), (67, 0.1050192), (13, 0.1040008)]
scan_01_03 best 9.63843435934179e-05 trace 7.522099239488628 support [0, 7, 8, 9, 10, 11, 41, 42, 55, 73, 80, 85, 88, 90]
seed scan_01_03 1e-09 [(85, 1.2032647), (42, 0.8302334), (0, 0.6783991), (88, 0.6264227), (41, 0.3868266), (7, 0.1709916), (73, 0.1517903), (8, 0.142527), (80, 0.1401543), (10, 0.1293401), (55, 0.128872), (11, 0.1268622), (9, 0.1245374), (90, 0.1229542), (12, 0.1176562), (78, 0.1106196), (84, 0.1053868), (67, 0.1050192), (13, 0.1040008)]
seed scan_01_03 1e-05 [(85, 0.8080251), (0, 0.6785807), (88, 0.626896), (48, 0.6060453), (66, 0.4822948), (41, 0.3885357), (7, 0.3363095), (42, 0.2868374), (25, 0.2831589), (61, 0.2302945), (8, 0.1649835), (26, 0.1648067), (91, 0.158747), (90, 0.1450071), (23, 0.1431907), (80, 0.1426324), (9, 0.1424929), (10, 0.1283811), (27, 0.1174572)]
seed scan_01_03 1e-11 [(85, 1.2032647), (42, 0.8302334), (0, 0.6783991), (88, 0.6264227), (41, 0.3868266), (7, 0.1709916), (73, 0.1517903), (8, 0.142527), (80, 0.1401543), (10, 0.1293401), (55, 0.128872), (11, 0.1268622), (9, 0.1245374), (90, 0.1229542), (12, 0.1176562), (78, 0.1106196), (84, 0.1053868), (67, 0.1050192), (13, 0.1040008)]
seed scan_01_03 0.001 [(42, 0.8564102), (0, 0.6795636), (66, 0.510772), (88, 0.3300239), (41, 0.3095755), (73, 0.2750141), (36, 0.21089), (55, 0.1477093), (10, 0.1456979), (11, 0.1424585), (80, 0.1234027), (9, 0.122325), (1, 0.1185646), (12, 0.1180162), (90, 0.116692), (78, 0.1041198), (91, 0.1002189), (64, 0.0990373), (84, 0.0959529)]
scan_01_03 best 2.831361393576537e-05 trace 7.522058415190197 support [0, 1, 9, 10, 11, 12, 36, 41, 42, 55, 66, 73, 80, 88]
seed scan_01_03 1e-13 [(85, 1.2032647), (42, 0.8302334), (0, 0.6783991), (88, 0.6264227), (41, 0.3868266), (7, 0.1709916), (73, 0.1517903), (8, 0.142527), (80, 0.1401543), (10, 0.1293401), (55, 0.128872), (11, 0.1268622), (9, 0.1245374), (90, 0.1229542), (12, 0.1176562), (78, 0.1106196), (84, 0.1053868), (67, 0.1050192), (13, 0.1040008)]
seed scan_01_03 1.0 [(0, 0.6783102), (42, 0.5705186), (66, 0.5262274), (48, 0.2841757), (85, 0.1994421), (40, 0.1879045), (88, 0.1406409), (1, 0.1204633), (19, 0.1090194), (67, 0.0996162), (10, 0.0942836), (77, 0.0942617), (55, 0.094224), (11, 0.0936148), (73, 0.0925193), (9, 0.0922764), (90, 0.091643), (12, 0.0912143), (91, 0.0893808)]
BEST scan_01_03 2.831361393576537e-05 trace 7.522058415190197 support [0, 1, 9, 10, 11, 12, 36, 41, 42, 55, 66, 73, 80, 88]
STAGE whitened_seed ALLOWANCE 9.0
BEST scan_01_03 2.831361393576537e-05 trace 7.522058415190197 support [0, 1, 9, 10, 11, 12, 36, 41, 42, 55, 66, 73, 80, 88]
SEED scan_01_03 1e-07 [(48, 0.9156154918680627), (7, 0.9021075769953293), (85, 0.8276796484194049), (90, 0.6875507588543142), (0, 0.6785904964767019), (26, 0.644820664410717), (88, 0.6269027796414339), (66, 0.5694208998289225), (41, 0.3885359938306981), (21, 0.25690665316497174), (29, 0.2013716447253028), (17, 0.1966720268583337), (80, 0.1426472943715621), (84, 0.11458080776101723), (23, 0.10881432788454154), (3, 0.0993105599072092)]
BEST scan_01_03 1.6635539340688808e-05 trace 7.5220481121176395 support [ 0  7 17 21 26 29 41 48 66 80 84 85 88 90]
SEED scan_01_03 1e-09 [(48, 0.9156154918680627), (7, 0.9021075769953293), (85, 0.8276796484194049), (90, 0.6875507588543142), (0, 0.6785904964767019), (26, 0.644820664410717), (88, 0.6269027796414339), (66, 0.5694208998289225), (41, 0.3885359938306981), (21, 0.25690665316497174), (29, 0.2013716447253028), (17, 0.1966720268583337), (80, 0.1426472943715621), (84, 0.11458080776101723), (23, 0.10881432788454154), (3, 0.0993105599072092)]
SEED scan_01_03 1e-11 [(48, 0.9156154918680627), (7, 0.9021075769953293), (85, 0.8276796484194049), (90, 0.6875507588543142), (0, 0.6785904964767019), (26, 0.644820664410717), (88, 0.6269027796414339), (66, 0.5694208998289225), (41, 0.3885359938306981), (21, 0.25690665316497174), (29, 0.2013716447253028), (17, 0.1966720268583337), (80, 0.1426472943715621), (84, 0.11458080776101723), (23, 0.10881432788454154), (3, 0.0993105599072092)]
SEED scan_01_03 1e-05 [(48, 0.9154708056946796), (85, 0.9151231092656908), (79, 0.6811946240807126), (0, 0.6785931377709419), (88, 0.6269027808947122), (8, 0.5332873892343036), (21, 0.5158421083127003), (66, 0.48413943376099533), (41, 0.388535993899862), (5, 0.31166302183935063), (11, 0.29847317943019414), (30, 0.25540239168413637), (26, 0.2316243242070485), (28, 0.21018770922306146), (16, 0.20018767314710242), (80, 0.14264730549985122)]
BEST scan_01_03 1.0124561259089218e-05 trace 7.522030017724386 support [ 0  5  8 11 21 26 30 41 48 66 79 80 85 88]
BEST scan_01_03 5.863977897694152e-08 trace 7.522037089498929 support [ 0  5  8 11 21 26 30 41 48 66 79 80 85 88]
BEST scan_01_03 5.1818824080673806e-08 trace 7.522037149354912 support [ 0  5  8 11 21 26 30 41 48 66 79 80 85 88]
BEST scan_01_03 7.789365911027127e-09 trace 7.522037190898452 support [ 0  5  8 11 21 26 30 41 48 66 79 80 85 88]
BEST scan_01_03 7.789365911027127e-09 trace 7.522037190898452 support [0, 5, 8, 11, 21, 26, 30, 41, 48, 66, 79, 80, 85, 88]
