{
  "pair_entry_max": 1.027411273677319,
  "pair_frobenius": 5.720518762445047,
  "pair_symmetry_error": 0.0,
  "canonical_fock_error": 1.1102230246251565e-16,
  "hamiltonian_hermiticity_error": 0.0,
  "reference_gradient_error": 0.0,
  "cc_residual": 3.8414018153074163e-16,
  "lambda_residual": 4.440892098500626e-16,
  "amplitude_norm": 0.9390498840659368,
  "lambda_norm": 0.8251072546032576,
  "cc_energy": -2.339481370366629,
  "fci_energy": -2.3394813703679715,
  "energy_error": 1.3424816813767393e-12,
  "ground_overlap": 1.0000000000000013,
  "reference_weight": 0.4600000000093015,
  "fci_gap": 0.16075583238498625,
  "hf_real_min": 0.10000000001648815,
  "hf_imaginary_min": 0.8967892469365948,
  "jacobian_condition": 33.57306938759801,
  "eom_real_min": 0.3205503186687638,
  "biorthogonal_norm": 1.0,
  "rdm_trace": 3.0,
  "rdm_dad": 1.0009757335967591e-05,
  "occupations": [
    -0.0653131838991967,
    -0.03590797450478874,
    0.03400980443307074,
    0.9659901955606095,
    1.0359079734462648,
    1.0653131849640407
  ],
  "occupation_violation": 0.0653131849640407,
  "minimum_population_orbital": [
    -0.1399464930740244,
    0.012086495063433206,
    -0.45799059518739177,
    0.2903241439063263,
    0.6565658684746946,
    0.5051204433126726
  ],
  "maximum_population_orbital": [
    -0.07395281218554546,
    -0.01971881061285404,
    0.8200103164130195,
    0.4539620239719911,
    0.33938915883358567,
    0.02141753280768174
  ],
  "exact_occupations": [
    0.019442837575400964,
    0.038565599075700896,
    0.053027559292034815,
    0.9469724407079662,
    0.9614344009242998,
    0.9805571624245999
  ],
  "right_occupations": [
    0.019442837573168427,
    0.03856559907566709,
    0.053027559289667514,
    0.9469724407103322,
    0.9614344009243331,
    0.9805571624268316
  ],
  "path_endpoint_error": 3.885780586188048e-14
}
