{"restart": 0, "iter": 20, "delta": 2.5915359779428063e-05, "margin": -0.000604163066484642, "energy": 9.388488146822027e-05, "dad": 0.0009725133484156766, "fidelity": 0.9999959423066341, "time": 0.5143328349804506}
/usr/lib/python3/dist-packages/scipy/optimize/_optimize.py:284: RuntimeWarning: Values in x were outside bounds during a minimize step, clipping to bounds
  warnings.warn("Values in x were outside bounds during a "
{"restart": 0, "iter": 40, "delta": 0.01278784404286451, "margin": -10.970919132997615, "energy": 0.2282763239094452, "dad": 0.221933532112718, "fidelity": 0.7394391477717237, "time": 2.396480879979208}
DONE 0 Positive directional derivative for linesearch values [-11.319038119571323, 12.011549294773896, 0.019911688921188997, 0.9649748037436785, 0.027789395408318353, 0.1958223183749026, -0.17869597346200874, 0.7238271031108585, 2659.4936292431553, 3.669334011930675, 4.4645423043325625, 19.204909221636193, 5.780650864193562, -0.015447829823872716, 1.2056180950547806] time 2.504305385053158
{"restart": 1, "iter": 20, "delta": 1.2110044084440164e-05, "margin": -5.6257778817681015e-05, "energy": 5.931462878816518e-05, "dad": 0.0009540276337321874, "fidelity": 0.9999933713473135, "time": 3.067536015994847}
{"restart": 1, "iter": 40, "delta": 0.02126898615437617, "margin": -285.21927418976225, "energy": -0.05031775723137244, "dad": 0.3196738850292761, "fidelity": 0.967734364308724, "time": 3.8979055320378393}
DONE 1 Inequality constraints incompatible values [-181.37627713647933, 234.54223823890203, 0.3351003217031532, 0.7673494993238154, 0.07970347509821095, 0.6261697045488908, -1.4366521744269525, -0.3210315506755871, 6535.922713132567, 142.40503432543588, 3.504406766554587, 313.5261862516257, 6.323805262920932, 0.003865930553120215, 8.774569880021186] time 5.763400383992121
BEST 4.798069803690908e-07 restart 2 iteration 13
BEST 4.805484770109558e-07 restart 2 iteration 14
{"restart": 2, "iter": 20, "delta": -5.241410968455894e-07, "margin": -0.0012332282341655674, "energy": -9.329764838561516e-05, "dad": 0.0021832282341655673, "fidelity": 0.9999764529248777, "time": 6.2550692920340225}
{"restart": 2, "iter": 40, "delta": 1.2847262566534345e-05, "margin": -0.0002126592216187828, "energy": 5.300002867336673e-05, "dad": 0.0009545624247377647, "fidelity": 0.9999964935139206, "time": 6.676869828021154}
{"restart": 2, "iter": 60, "delta": 0.00027663083993534267, "margin": -0.004567593545022841, "energy": 9.684651147967571e-05, "dad": 0.0029539573718971694, "fidelity": 0.9999992577081044, "time": 7.161759274080396}
DONE 2 Positive directional derivative for linesearch values [-20.012841055546378, 23.78076683427725, 0.2697665452163669, 0.9173320105509905, 0.06443354169561463, 2.2239717760695346, -7.978659806588791, -3.4028751830435664, 428.43503155248385, 19.26336132510878, 3.027464640884134, 46.83502638300652, 13.844044343429719, -0.1448931549018933, -6.020518940862429] time 8.59548508701846
{"restart": 3, "iter": 20, "delta": 5.637892928900268e-07, "margin": -2.8075199456474792e-06, "energy": 2.6563489074149516e-05, "dad": 0.0009528075199456475, "fidelity": 0.9999979568909826, "time": 9.065666688024066}
BEST 6.085987878379218e-07 restart 3 iteration 25
BEST 7.521377477226476e-07 restart 3 iteration 26
BEST 1.8991619689711975e-06 restart 3 iteration 33
{"restart": 3, "iter": 40, "delta": 4.196160945157956e-06, "margin": -0.00014934925957510784, "energy": 7.592034371262102e-05, "dad": 0.0010993492595751078, "fidelity": 0.999995050372688, "time": 9.534668977023102}
{"restart": 3, "iter": 60, "delta": 7.259234451165858e-06, "margin": -1.2579912466656679e-05, "energy": 4.415548495462218e-05, "dad": 0.0009625799124666567, "fidelity": 0.9999977925947602, "time": 10.03475742705632}
{"restart": 3, "iter": 80, "delta": 3.352718449105285e-05, "margin": -0.00013685800146854968, "energy": -4.0776406346143546e-05, "dad": 0.0010868580014685497, "fidelity": 0.9999994004544664, "time": 10.681347719975747}
DONE 3 Inequality constraints incompatible values [-45.7050670069014, 51.858020331326166, 2.2718326688121877, 0.5146877417204957, 0.0003107473026779336, 0.33199129877135825, -1.2362449593327196, -0.5582141930584175, 34335659.21445101, 14.289878581687013, 333.5696555839496, 94.82185095256852, 7.1877582808172535, -23.86478431745997, 106.22164087685263] time 11.131273749982938
DONE 4 Inequality constraints incompatible values [-105.18504850372855, 109.1937005926761, 0.9376042480204312, 0.9772813518687686, 0.026208856738433796, 4.43537728170894, -13.64250431985082, -14.679891726313715, 1408.2358258230436, 60.18847575190247, 5.4211343062140305, 172.84927914376055, 22.008360268748728, 0.20282177925035366, -25.112604526566223] time 11.513909069006331
{"restart": 5, "iter": 20, "delta": 5.050701420705739e-07, "margin": -2.4972002193087567e-07, "energy": 1.8732621974493213e-05, "dad": 0.0009502497200219309, "fidelity": 0.9999975028980417, "time": 12.17396036197897}
{"restart": 5, "iter": 40, "delta": 8.426275689421558e-07, "margin": -5.023710415423153e-07, "energy": 1.5165905649983102e-05, "dad": 0.0009505023710415423, "fidelity": 0.9999986327883656, "time": 12.67839617608115}
{"restart": 5, "iter": 60, "delta": 1.1797384368017472e-06, "margin": 2.60554047278132e-05, "energy": 2.201211148911142e-06, "dad": 0.0009239445952721868, "fidelity": 0.999999948746767, "time": 13.097346306079999}
{"restart": 5, "iter": 80, "delta": 6.6407496224635265e-06, "margin": -8.25789384916592e-05, "energy": 5.087451019569755e-06, "dad": 0.0009858013036358121, "fidelity": 0.9999999516007845, "time": 13.404147968976758}
DONE 5 Inequality constraints incompatible values [-277.2096403092987, 268.05321879154116, 0.15466323045912045, 0.9452625602645717, 0.000608710051430135, 0.5688442290029556, 0.42675763437511677, 0.5048166444215656, 1875716.5897253938, 52.26014886831035, 32.2717484177666, 469.4859776201136, 6.405060127457455, -20.173062178005083, -16.838425196048586] time 13.832642704015598
