{"case_id": "biased_7", "stress_group": "initial_distribution_anchors", "variant": "champion", "shots": 32, "failures": 0, "cpu_seconds": 0.011768, "iterations": 40, "order": 40, "ensemble": 8, "reference_disagreements": 0}
{"case_id": "biased_9", "stress_group": "initial_distribution_anchors", "variant": "champion", "shots": 32, "failures": 0, "cpu_seconds": 0.09280978999999989, "iterations": 40, "order": 40, "ensemble": 8, "reference_disagreements": 0}
{"case_id": "crosstalk_7", "stress_group": "initial_distribution_anchors", "variant": "champion", "shots": 32, "failures": 1, "cpu_seconds": 0.20692332000000002, "iterations": 40, "order": 40, "ensemble": 8, "reference_disagreements": 0}
{"case_id": "crosstalk_9", "stress_group": "initial_distribution_anchors", "variant": "champion", "shots": 32, "failures": 1, "cpu_seconds": 0.6012622599999999, "iterations": 40, "order": 40, "ensemble": 8, "reference_disagreements": 0}
{"case_id": "memory_7", "stress_group": "initial_distribution_anchors", "variant": "champion", "shots": 32, "failures": 0, "cpu_seconds": 0.11416837999999974, "iterations": 40, "order": 40, "ensemble": 2, "reference_disagreements": 0}
{"case_id": "memory_9", "stress_group": "initial_distribution_anchors", "variant": "champion", "shots": 32, "failures": 0, "cpu_seconds": 0.372166, "iterations": 40, "order": 40, "ensemble": 2, "reference_disagreements": 0}
{"case_id": "size_d11", "stress_group": "distance_scaling", "variant": "champion", "shots": 32, "failures": 0, "cpu_seconds": 0.1798327099999999, "iterations": 40, "order": 40, "ensemble": 8, "reference_disagreements": 0}
{"case_id": "size_d13", "stress_group": "distance_scaling", "variant": "champion", "shots": 32, "failures": 0, "cpu_seconds": 0.2312890199999993, "iterations": 40, "order": 40, "ensemble": 8, "reference_disagreements": 0}
{"case_id": "size_d15", "stress_group": "distance_scaling", "variant": "champion", "shots": 32, "failures": 0, "cpu_seconds": 0.7047002600000001, "iterations": 40, "order": 40, "ensemble": 8, "reference_disagreements": 0}
{"case_id": "even_d8", "stress_group": "even_distance", "variant": "champion", "shots": 32, "failures": 0, "cpu_seconds": 0.11081085000000002, "iterations": 40, "order": 40, "ensemble": 8, "reference_disagreements": 0}
{"case_id": "even_d10", "stress_group": "even_distance", "variant": "champion", "shots": 32, "failures": 0, "cpu_seconds": 0.08410390000000056, "iterations": 40, "order": 40, "ensemble": 8, "reference_disagreements": 0}
{"case_id": "even_d12", "stress_group": "even_distance", "variant": "champion", "shots": 32, "failures": 0, "cpu_seconds": 0.41072584000000045, "iterations": 40, "order": 40, "ensemble": 8, "reference_disagreements": 0}
{"case_id": "balanced_d11", "stress_group": "bias_rotation", "variant": "champion", "shots": 32, "failures": 0, "cpu_seconds": 0.4274142300000001, "iterations": 40, "order": 40, "ensemble": 8, "reference_disagreements": 0}
{"case_id": "x_dominant_d11", "stress_group": "bias_rotation", "variant": "champion", "shots": 32, "failures": 0, "cpu_seconds": 0.30843168, "iterations": 40, "order": 40, "ensemble": 8, "reference_disagreements": 0}
{"case_id": "z_dominant_d11", "stress_group": "bias_rotation", "variant": "champion", "shots": 32, "failures": 0, "cpu_seconds": 0.32720170999999887, "iterations": 40, "order": 40, "ensemble": 8, "reference_disagreements": 0}
{"case_id": "pairs_d9", "stress_group": "strong_spatial_crosstalk", "variant": "champion", "shots": 32, "failures": 5, "cpu_seconds": 0.7843197100000001, "iterations": 40, "order": 40, "ensemble": 8, "reference_disagreements": 0}
{"case_id": "pairs_d11", "stress_group": "strong_spatial_crosstalk", "variant": "champion", "shots": 32, "failures": 2, "cpu_seconds": 1.4070817299999998, "iterations": 40, "order": 40, "ensemble": 8, "reference_disagreements": 0}
{"case_id": "pairs_d13", "stress_group": "strong_spatial_crosstalk", "variant": "champion", "shots": 32, "failures": 8, "cpu_seconds": 2.3812808189999988, "iterations": 40, "order": 40, "ensemble": 8, "reference_disagreements": 0}
{"case_id": "depth_d9_r5", "stress_group": "memory_depth", "variant": "champion", "shots": 32, "failures": 0, "cpu_seconds": 0.8427660089999982, "iterations": 40, "order": 40, "ensemble": 2, "reference_disagreements": 0}
{"case_id": "depth_d11_r5", "stress_group": "memory_depth", "variant": "champion", "shots": 32, "failures": 0, "cpu_seconds": 2.1827860689999987, "iterations": 40, "order": 40, "ensemble": 2, "reference_disagreements": 0}
{"case_id": "depth_d11_r7", "stress_group": "memory_depth", "variant": "champion", "shots": 32, "failures": 0, "cpu_seconds": 4.510877418, "iterations": 40, "order": 40, "ensemble": 2, "reference_disagreements": 0}
{"case_id": "joint_d9_r3", "stress_group": "joint_space_time_faults", "variant": "champion", "shots": 32, "failures": 2, "cpu_seconds": 1.0123577199999971, "iterations": 40, "order": 40, "ensemble": 2, "reference_disagreements": 0}
{"case_id": "joint_d11_r5", "stress_group": "joint_space_time_faults", "variant": "champion", "shots": 32, "failures": 3, "cpu_seconds": 4.4354467180000015, "iterations": 40, "order": 40, "ensemble": 2, "reference_disagreements": 0}
{"case_id": "joint_d13_r5", "stress_group": "joint_space_time_faults", "variant": "champion", "shots": 32, "failures": 13, "cpu_seconds": 8.357133487000006, "iterations": 40, "order": 40, "ensemble": 2, "reference_disagreements": 0}
{"case_id": "strip_d9", "stress_group": "known_spatial_nonuniformity", "variant": "champion", "shots": 32, "failures": 0, "cpu_seconds": 0.9254405790000035, "iterations": 40, "order": 40, "ensemble": 8, "reference_disagreements": 0}
{"case_id": "strip_d11", "stress_group": "known_spatial_nonuniformity", "variant": "champion", "shots": 32, "failures": 1, "cpu_seconds": 1.2886792600000092, "iterations": 40, "order": 40, "ensemble": 8, "reference_disagreements": 0}
{"case_id": "strip_d13", "stress_group": "known_spatial_nonuniformity", "variant": "champion", "shots": 32, "failures": 1, "cpu_seconds": 2.441292159000014, "iterations": 40, "order": 40, "ensemble": 8, "reference_disagreements": 0}
{"case_id": "bad_round_d9_r3", "stress_group": "known_temporal_nonuniformity", "variant": "champion", "shots": 32, "failures": 0, "cpu_seconds": 0.44959565000000623, "iterations": 40, "order": 40, "ensemble": 2, "reference_disagreements": 0}
{"case_id": "bad_round_d9_r5", "stress_group": "known_temporal_nonuniformity", "variant": "champion", "shots": 32, "failures": 0, "cpu_seconds": 1.3336043189999884, "iterations": 40, "order": 40, "ensemble": 2, "reference_disagreements": 0}
{"case_id": "bad_round_d11_r5", "stress_group": "known_temporal_nonuniformity", "variant": "champion", "shots": 32, "failures": 0, "cpu_seconds": 2.9112440690000057, "iterations": 40, "order": 40, "ensemble": 2, "reference_disagreements": 0}
{"case_id": "readout_d9", "stress_group": "measurement_dominated", "variant": "champion", "shots": 32, "failures": 0, "cpu_seconds": 0.9630930290000066, "iterations": 40, "order": 40, "ensemble": 2, "reference_disagreements": 0}
{"case_id": "readout_d11", "stress_group": "measurement_dominated", "variant": "champion", "shots": 32, "failures": 0, "cpu_seconds": 2.368021819000006, "iterations": 40, "order": 40, "ensemble": 2, "reference_disagreements": 0}
{"case_id": "readout_d13", "stress_group": "measurement_dominated", "variant": "champion", "shots": 32, "failures": 0, "cpu_seconds": 4.813764477999996, "iterations": 40, "order": 40, "ensemble": 2, "reference_disagreements": 0}
