{"case_id": "r2_pairs_9", "stress_group": "overlapping_spatial_pairs", "detectors": 162, "mechanisms": 810, "shots": 128, "failures": 37, "init_cpu_seconds": 0.004631880000000033, "decode_cpu_seconds": 0.017624969999999962, "diagnostics": "/srv/home/xuandong/mnt/jingxu/ALE/tasks_v4/sparse_blossom_correcting_a_million_errors_per_core_second_with_minimu__2303_15933/concept_1/adversary/stress_harness/corpora/ratchet2_confirm_128/baseline_diagnostics/r2_pairs_9.json"}
{"case_id": "r2_pairs_11", "stress_group": "overlapping_spatial_pairs", "detectors": 242, "mechanisms": 1210, "shots": 128, "failures": 63, "init_cpu_seconds": 0.008603640000000023, "decode_cpu_seconds": 0.043808280000000144, "diagnostics": "/srv/home/xuandong/mnt/jingxu/ALE/tasks_v4/sparse_blossom_correcting_a_million_errors_per_core_second_with_minimu__2303_15933/concept_1/adversary/stress_harness/corpora/ratchet2_confirm_128/baseline_diagnostics/r2_pairs_11.json"}
{"case_id": "r2_strip_9", "stress_group": "known_nonuniform_crosstalk", "detectors": 162, "mechanisms": 810, "shots": 128, "failures": 44, "init_cpu_seconds": 0.006669059999999893, "decode_cpu_seconds": 0.02431199999999989, "diagnostics": "/srv/home/xuandong/mnt/jingxu/ALE/tasks_v4/sparse_blossom_correcting_a_million_errors_per_core_second_with_minimu__2303_15933/concept_1/adversary/stress_harness/corpora/ratchet2_confirm_128/baseline_diagnostics/r2_strip_9.json"}
{"case_id": "r2_strip_11", "stress_group": "known_nonuniform_crosstalk", "detectors": 242, "mechanisms": 1210, "shots": 128, "failures": 47, "init_cpu_seconds": 0.007831849999999863, "decode_cpu_seconds": 0.04170320000000016, "diagnostics": "/srv/home/xuandong/mnt/jingxu/ALE/tasks_v4/sparse_blossom_correcting_a_million_errors_per_core_second_with_minimu__2303_15933/concept_1/adversary/stress_harness/corpora/ratchet2_confirm_128/baseline_diagnostics/r2_strip_11.json"}
{"case_id": "r2_joint_7_r3", "stress_group": "space_time_pair_memory", "detectors": 294, "mechanisms": 1862, "shots": 128, "failures": 57, "init_cpu_seconds": 0.010295130000000041, "decode_cpu_seconds": 0.029565350000000157, "diagnostics": "/srv/home/xuandong/mnt/jingxu/ALE/tasks_v4/sparse_blossom_correcting_a_million_errors_per_core_second_with_minimu__2303_15933/concept_1/adversary/stress_harness/corpora/ratchet2_confirm_128/baseline_diagnostics/r2_joint_7_r3.json"}
{"case_id": "r2_round_9_r3", "stress_group": "space_time_pair_memory", "detectors": 486, "mechanisms": 3078, "shots": 128, "failures": 85, "init_cpu_seconds": 0.017005670000000084, "decode_cpu_seconds": 0.07091809999999965, "diagnostics": "/srv/home/xuandong/mnt/jingxu/ALE/tasks_v4/sparse_blossom_correcting_a_million_errors_per_core_second_with_minimu__2303_15933/concept_1/adversary/stress_harness/corpora/ratchet2_confirm_128/baseline_diagnostics/r2_round_9_r3.json"}
{
  "exploratory": true,
  "official_score": false,
  "source": "trusted two-pass correlated PyMatching baseline",
  "cpu_measurement": "time.process_time around trusted in-process construction/decode; imports excluded; not comparable to isolated total without an isolated reference",
  "manifest_sha256": "2e575f4f661065eca2028c890ce1577aabb9085c7a75f5a4820dcbed89db05f3",
  "pooled": {
    "shots": 768,
    "baseline_failures": 333,
    "candidate_failures": 333,
    "baseline_rate": 0.43359375,
    "candidate_rate": 0.43359375,
    "corrected": 0,
    "spoiled": 0,
    "error_reduction": 0.0,
    "paired_absolute_improvement": 0.0,
    "paired_absolute_ci95": [
      0.0,
      0.0
    ],
    "paired_relative_ci95": [
      0.0,
      0.0
    ],
    "discordant_binomial_p": 1.0,
    "candidate_rate_ci95": [
      0.39896123173571385,
      0.4688872767444513
    ],
    "baseline_rate_ci95": [
      0.39896123173571385,
      0.4688872767444513
    ],
    "few_residuals_warning": false
  }
}
