single 0.25 0.0 rmse 83.09 hard [304.78, -151.36, -221.18, -280.14]
single 0.25 0.25 rmse 131.84 hard [710.16, -124.66, -133.86, -281.7]
single 0.25 0.5 rmse 193.72 hard [1115.55, -97.95, -46.55, -283.26]
single 0.25 1.0 rmse 326.87 hard [1926.32, -44.55, 128.07, -286.38]
single 0.5 0.0 rmse 83.09 hard [304.78, -151.36, -221.18, -280.14]
single 0.5 0.25 rmse 131.84 hard [710.16, -124.66, -133.86, -281.7]
single 0.5 0.5 rmse 193.72 hard [1115.55, -97.95, -46.55, -283.26]
single 0.5 1.0 rmse 326.87 hard [1926.32, -44.55, 128.07, -286.38]
single 1.0 0.0 rmse 83.09 hard [304.78, -151.36, -221.18, -280.14]
single 1.0 0.25 rmse 131.84 hard [710.16, -124.66, -133.86, -281.7]
single 1.0 0.5 rmse 193.72 hard [1115.55, -97.95, -46.55, -283.26]
single 1.0 1.0 rmse 326.87 hard [1926.32, -44.55, 128.07, -286.38]
single 2.0 0.0 rmse 83.09 hard [304.78, -151.36, -221.18, -280.14]
single 2.0 0.25 rmse 131.84 hard [710.16, -124.66, -133.86, -281.7]
single 2.0 0.5 rmse 193.72 hard [1115.55, -97.95, -46.55, -283.26]
single 2.0 1.0 rmse 326.87 hard [1926.32, -44.55, 128.07, -286.38]
pair 0.25 0.0 rmse 40.52 hard [95.03, -165.83, -121.8, -71.0]
pair 0.25 0.25 rmse 25.98 hard [-11.19, -120.06, 14.71, -65.32]
pair 0.25 0.5 rmse 40.12 hard [-117.4, -74.3, 151.22, -59.64]
pair 0.25 1.0 rmse 95.83 hard [-329.82, 17.23, 424.23, -48.28]
pair 0.5 0.0 rmse 41.08 hard [95.03, -165.83, -121.8, -71.0]
pair 0.5 0.25 rmse 26.67 hard [-11.19, -120.06, 14.71, -65.32]
pair 0.5 0.5 rmse 40.4 hard [-117.4, -74.3, 151.22, -59.64]
pair 0.5 1.0 rmse 95.72 hard [-329.82, 17.23, 424.23, -48.28]
pair 1.0 0.0 rmse 43.0 hard [95.03, -165.83, -121.8, 112.71]
pair 1.0 0.25 rmse 56.53 hard [-11.19, -120.06, 14.71, 307.63]
pair 1.0 0.5 rmse 92.81 hard [-117.4, -74.3, 151.22, 502.55]
pair 1.0 1.0 rmse 177.93 hard [-329.82, 17.23, 424.23, 892.39]
pair 2.0 0.0 rmse 41.71 hard [95.03, -152.75, -121.8, 112.71]
pair 2.0 0.25 rmse 53.83 hard [-11.19, -63.76, 14.71, 307.63]
pair 2.0 0.5 rmse 91.94 hard [-117.4, 25.23, 151.22, 502.55]
pair 2.0 1.0 rmse 180.98 hard [-329.82, 203.21, 424.23, 892.39]
normalized 0.25 0.0 rmse 46.12 hard [177.29, -191.44, 1.68, -71.0]
normalized 0.25 0.25 rmse 49.18 hard [217.87, -131.31, 111.9, -65.32]
normalized 0.25 0.5 rmse 63.42 hard [258.44, -71.18, 222.13, -59.64]
normalized 0.25 1.0 rmse 105.66 hard [339.59, 49.07, 442.57, -48.28]
normalized 0.5 0.0 rmse 43.29 hard [177.29, -165.83, 1.68, -71.0]
normalized 0.5 0.25 rmse 48.4 hard [217.87, -120.06, 111.9, -65.32]
normalized 0.5 0.5 rmse 63.55 hard [258.44, -74.3, 222.13, -59.64]
normalized 0.5 1.0 rmse 105.41 hard [339.59, 17.23, 442.57, -48.28]
normalized 1.0 0.0 rmse 43.28 hard [177.29, -165.83, 1.68, -71.0]
normalized 1.0 0.25 rmse 48.19 hard [217.87, -120.06, 111.9, -65.32]
normalized 1.0 0.5 rmse 62.88 hard [258.44, -74.3, 222.13, -59.64]
normalized 1.0 1.0 rmse 103.79 hard [339.59, 17.23, 442.57, -48.28]
normalized 2.0 0.0 rmse 65.97 hard [164.01, -165.83, -96.78, -299.1]
normalized 2.0 0.25 rmse 62.82 hard [185.25, -120.06, 35.4, -293.45]
normalized 2.0 0.5 rmse 69.34 hard [206.48, -74.3, 167.58, -287.8]
normalized 2.0 1.0 rmse 101.66 hard [248.95, 17.23, 431.94, -276.51]
oracle_triple 0.25 0.0 rmse 53.56 hard [34.18, -165.83, 53.88, -263.19]
oracle_triple 0.25 0.25 rmse 66.62 hard [-44.78, -120.06, 205.74, -314.17]
oracle_triple 0.25 0.5 rmse 89.05 hard [-123.75, -74.3, 357.61, -365.15]
oracle_triple 0.25 1.0 rmse 143.82 hard [-281.68, 17.23, 661.34, -467.1]
oracle_triple 0.5 0.0 rmse 53.56 hard [34.18, -165.83, 53.88, -263.19]
oracle_triple 0.5 0.25 rmse 66.62 hard [-44.78, -120.06, 205.74, -314.17]
oracle_triple 0.5 0.5 rmse 89.05 hard [-123.75, -74.3, 357.61, -365.15]
oracle_triple 0.5 1.0 rmse 143.82 hard [-281.68, 17.23, 661.34, -467.1]
oracle_triple 1.0 0.0 rmse 53.56 hard [34.18, -165.83, 53.88, -263.19]
oracle_triple 1.0 0.25 rmse 66.62 hard [-44.78, -120.06, 205.74, -314.17]
oracle_triple 1.0 0.5 rmse 89.05 hard [-123.75, -74.3, 357.61, -365.15]
oracle_triple 1.0 1.0 rmse 143.82 hard [-281.68, 17.23, 661.34, -467.1]
oracle_triple 2.0 0.0 rmse 53.56 hard [34.18, -165.83, 53.88, -263.19]
oracle_triple 2.0 0.25 rmse 66.62 hard [-44.78, -120.06, 205.74, -314.17]
oracle_triple 2.0 0.5 rmse 89.05 hard [-123.75, -74.3, 357.61, -365.15]
oracle_triple 2.0 1.0 rmse 143.82 hard [-281.68, 17.23, 661.34, -467.1]
