0.0 4 optimal fixed practice 69.08 ordinary 21.56 stress 66.71 cancel 35.38 hard [39.11, -282.05, -168.18, 240.74]
0.0 4 optimal mixture practice 70.55 ordinary 19.51 stress 65.6 cancel 33.43 hard [87.5, -158.12, -141.43, 350.28]
0.0 4 anchor fixed practice 72.31 ordinary 21.84 stress 65.95 cancel 42.6 hard [28.21, -310.74, -168.18, 240.74]
0.0 4 anchor mixture practice 77.42 ordinary 18.9 stress 63.99 cancel 41.45 hard [47.63, -258.85, -141.43, 350.28]
0.1 4 optimal fixed practice 68.14 ordinary 22.46 stress 63.33 cancel 19.91 hard [62.91, -233.26, -107.17, 306.24]
0.1 4 optimal mixture practice 68.34 ordinary 21.7 stress 62.83 cancel 30.14 hard [87.5, -158.12, -95.82, 350.28]
0.1 4 anchor fixed practice 72.91 ordinary 23.33 stress 63.49 cancel 42.24 hard [37.0, -284.9, -107.17, 306.24]
0.1 4 anchor mixture practice 75.41 ordinary 22.45 stress 63.03 cancel 41.89 hard [47.63, -258.85, -95.82, 350.28]
0.3 4 optimal fixed practice 47.24 ordinary 27.79 stress 43.68 cancel 31.44 hard [134.25, -128.52, -33.37, 202.93]
0.3 4 optimal mixture practice 42.28 ordinary 27.32 stress 44.73 cancel 33.03 hard [140.21, -108.72, -44.93, 165.06]
0.3 4 anchor fixed practice 63.4 ordinary 27.74 stress 44.74 cancel 37.08 hard [77.87, -304.04, -33.37, 202.93]
0.3 4 anchor mixture practice 61.52 ordinary 27.27 stress 45.82 cancel 38.5 hard [71.61, -312.73, -44.93, 165.06]
0.7 4 optimal fixed practice 83.45 ordinary 33.76 stress 63.31 cancel 35.44 hard [260.54, -338.68, -55.49, -241.26]
0.7 4 optimal mixture practice 72.97 ordinary 29.01 stress 66.37 cancel 34.93 hard [178.51, -359.0, -77.44, -135.17]
0.7 4 anchor fixed practice 81.09 ordinary 34.73 stress 55.24 cancel 19.7 hard [-108.24, -369.72, 156.69, -241.26]
0.7 4 anchor mixture practice 71.39 ordinary 32.76 stress 58.66 cancel 14.49 hard [-65.8, -394.0, 17.21, -135.17]
0.3 8 optimal fixed practice 67.31 ordinary 22.59 stress 53.49 cancel 22.26 hard [59.53, -239.73, -109.27, 294.09]
0.3 8 optimal mixture practice 66.71 ordinary 22.51 stress 53.51 cancel 22.76 hard [60.46, -237.62, -109.55, 290.57]
0.3 8 anchor fixed practice 72.35 ordinary 23.58 stress 52.15 cancel 42.29 hard [35.31, -291.62, -109.27, 294.09]
0.3 8 anchor mixture practice 71.69 ordinary 23.52 stress 52.26 cancel 42.32 hard [35.38, -289.15, -109.55, 290.57]
cpu 89.92403658399999
