higher factor 6 0.01923539791235633
higher factor 7 0.002435256810145606
higher factor 8 0.00047199033119097426
0 0.0 greedy practice 64.75 ordinary 29.0 stress 48.62 cancel 35.16 hard [-163.57, -311.09, -141.31, -46.91]
0 0.0 anchor practice 47.22 ordinary 27.51 stress 53.77 cancel 30.12 hard [-145.28, -213.59, -41.41, -82.19]
0 0.0 five practice 48.47 ordinary 29.48 stress 53.22 cancel 28.7 hard [-68.82, -255.68, -71.47, -73.09]
0 0.03 greedy practice 61.43 ordinary 31.81 stress 40.25 cancel 31.18 hard [-193.59, -283.17, -113.63, -37.86]
0 0.03 anchor practice 41.94 ordinary 37.75 stress 52.05 cancel 24.99 hard [-158.68, -182.6, 16.48, -38.39]
0 0.03 five practice 42.43 ordinary 31.74 stress 48.58 cancel 37.25 hard [-69.13, -223.69, 84.0, -21.06]
0 0.1 greedy practice 60.81 ordinary 30.87 stress 46.06 cancel 25.31 hard [-217.27, -245.71, -143.57, -31.83]
0 0.1 anchor practice 47.11 ordinary 27.94 stress 38.84 cancel 11.58 hard [-170.37, -208.74, 67.68, -10.07]
0 0.1 five practice 50.77 ordinary 34.43 stress 34.29 cancel 48.53 hard [-84.58, -181.43, 130.32, -181.22]
0 0.3 greedy practice 108.96 ordinary 36.28 stress 51.55 cancel 20.76 hard [-431.48, 136.63, -137.03, -445.43]
0 0.3 anchor practice 52.01 ordinary 27.7 stress 45.52 cancel 15.96 hard [-257.11, 120.6, 10.04, -111.87]
0 0.3 five practice 56.99 ordinary 43.09 stress 76.27 cancel 63.9 hard [10.14, -134.51, -105.75, -287.11]
0 0.7 greedy practice 146.83 ordinary 55.99 stress 67.04 cancel 19.59 hard [-51.45, 90.07, -175.55, -851.63]
0 0.7 anchor practice 108.93 ordinary 53.78 stress 46.17 cancel 72.07 hard [-275.41, 5.1, -402.68, -425.24]
0 0.7 five practice 62.14 ordinary 76.1 stress 136.43 cancel 107.35 hard [-95.24, -34.86, -85.22, -305.04]
2 0.0 greedy practice 64.75 ordinary 29.0 stress 48.62 cancel 35.16 hard [-163.57, -311.09, -141.31, -46.91]
2 0.0 anchor practice 47.22 ordinary 27.51 stress 53.77 cancel 30.12 hard [-145.28, -213.59, -41.41, -82.19]
2 0.0 five practice 48.47 ordinary 29.48 stress 53.22 cancel 28.7 hard [-68.82, -255.68, -71.47, -73.09]
2 0.03 greedy practice 60.91 ordinary 28.71 stress 45.53 cancel 33.09 hard [-175.62, -300.45, -68.1, -54.49]
2 0.03 anchor practice 43.75 ordinary 27.63 stress 52.99 cancel 28.05 hard [-139.78, -202.37, -18.53, -62.33]
2 0.03 five practice 44.75 ordinary 39.22 stress 51.37 cancel 23.58 hard [-64.04, -242.18, -54.03, -49.81]
2 0.1 greedy practice 64.84 ordinary 35.75 stress 50.17 cancel 28.92 hard [-232.42, -282.23, -91.87, -67.33]
2 0.1 anchor practice 42.13 ordinary 25.55 stress 51.78 cancel 17.02 hard [-145.42, -185.36, 62.2, -37.03]
2 0.1 five practice 48.44 ordinary 38.14 stress 50.84 cancel 34.15 hard [-68.0, -219.87, 81.99, -138.71]
2 0.3 greedy practice 84.11 ordinary 55.34 stress 59.46 cancel 15.96 hard [-318.51, 72.92, 79.12, -371.26]
2 0.3 anchor practice 70.97 ordinary 26.21 stress 33.94 cancel 7.53 hard [-173.84, -221.17, 297.74, -99.3]
2 0.3 five practice 53.93 ordinary 26.54 stress 56.41 cancel 45.42 hard [-72.26, -201.73, 97.09, -212.55]
2 0.7 greedy practice 61.06 ordinary 39.11 stress 56.76 cancel 38.26 hard [-46.84, 242.11, -212.62, -147.78]
2 0.7 anchor practice 43.75 ordinary 36.73 stress 60.17 cancel 34.13 hard [-94.93, 105.59, -156.73, 140.62]
2 0.7 five practice 69.52 ordinary 36.29 stress 85.28 cancel 70.78 hard [67.8, -318.03, 244.44, 16.23]
4 0.0 greedy practice 64.75 ordinary 29.0 stress 48.62 cancel 35.16 hard [-163.57, -311.09, -141.31, -46.91]
4 0.0 anchor practice 47.22 ordinary 27.51 stress 53.77 cancel 30.12 hard [-145.28, -213.59, -41.41, -82.19]
4 0.0 five practice 48.47 ordinary 29.48 stress 53.22 cancel 28.7 hard [-68.82, -255.68, -71.47, -73.09]
4 0.03 greedy practice 61.33 ordinary 28.71 stress 46.75 cancel 34.09 hard [-169.33, -306.14, -73.65, -48.96]
4 0.03 anchor practice 45.21 ordinary 27.54 stress 53.39 cancel 29.19 hard [-137.71, -208.78, -31.12, -73.26]
4 0.03 five practice 46.43 ordinary 38.43 stress 53.01 cancel 28.39 hard [-62.46, -249.35, -64.04, -58.21]
4 0.1 greedy practice 60.08 ordinary 34.65 stress 52.93 cancel 31.25 hard [-181.23, -296.24, -29.33, -61.41]
4 0.1 anchor practice 43.15 ordinary 25.5 stress 53.34 cancel 27.34 hard [-140.82, -199.74, -9.88, -56.22]
4 0.1 five practice 44.03 ordinary 39.52 stress 50.69 cancel 33.86 hard [-64.7, -236.72, 47.85, -47.39]
4 0.3 greedy practice 65.4 ordinary 38.2 stress 57.25 cancel 21.6 hard [-250.82, -275.16, -38.59, -92.48]
4 0.3 anchor practice 42.09 ordinary 35.61 stress 51.86 cancel 15.19 hard [-146.25, -183.63, 70.87, -4.98]
4 0.3 five practice 52.81 ordinary 40.11 stress 50.33 cancel 37.57 hard [-53.35, -210.38, 89.21, -202.01]
4 0.7 greedy practice 83.83 ordinary 18.59 stress 50.09 cancel 9.81 hard [-289.43, -302.19, -6.27, -270.9]
4 0.7 anchor practice 70.07 ordinary 26.52 stress 34.14 cancel 6.47 hard [-249.78, -241.55, 211.61, -85.84]
4 0.7 five practice 55.23 ordinary 46.06 stress 62.85 cancel 59.71 hard [-59.1, -185.6, 51.56, 255.91]
8 0.0 greedy practice 64.75 ordinary 29.0 stress 48.62 cancel 35.16 hard [-163.57, -311.09, -141.31, -46.91]
8 0.0 anchor practice 47.22 ordinary 27.51 stress 53.77 cancel 30.12 hard [-145.28, -213.59, -41.41, -82.19]
8 0.0 five practice 48.47 ordinary 29.48 stress 53.22 cancel 28.7 hard [-68.82, -255.68, -71.47, -73.09]
8 0.03 greedy practice 64.69 ordinary 28.96 stress 46.55 cancel 34.81 hard [-165.27, -309.62, -141.54, -47.74]
8 0.03 anchor practice 46.9 ordinary 27.54 stress 53.67 cancel 29.87 hard [-145.8, -212.34, -38.65, -79.87]
8 0.03 five practice 48.16 ordinary 30.64 stress 53.19 cancel 27.68 hard [-69.21, -253.9, -69.61, -71.67]
8 0.1 greedy practice 61.44 ordinary 28.81 stress 57.17 cancel 34.06 hard [-169.14, -306.33, -75.12, -49.9]
8 0.1 anchor practice 45.4 ordinary 27.57 stress 53.43 cancel 29.32 hard [-137.46, -209.61, -32.41, -74.78]
8 0.1 five practice 46.63 ordinary 38.34 stress 53.07 cancel 28.38 hard [-62.33, -249.92, -65.48, -59.44]
8 0.3 greedy practice 66.55 ordinary 37.75 stress 53.1 cancel 31.43 hard [-203.41, -297.87, -142.42, -62.14]
8 0.3 anchor practice 43.83 ordinary 25.56 stress 53.48 cancel 27.91 hard [-139.81, -202.96, -15.8, -62.09]
8 0.3 five practice 43.62 ordinary 39.14 stress 51.03 cancel 23.39 hard [-48.71, -239.65, 39.27, -51.33]
8 0.7 greedy practice 64.36 ordinary 38.06 stress 53.2 cancel 25.8 hard [-188.9, -283.8, -145.49, -81.03]
8 0.7 anchor practice 42.8 ordinary 33.04 stress 52.05 cancel 17.85 hard [-143.06, -193.25, 46.43, -42.95]
8 0.7 five practice 52.85 ordinary 42.3 stress 49.69 cancel 35.26 hard [-52.65, -222.69, 64.74, -198.64]
best [[41.94012585306617, 37.74952296375452, 52.04754212252311, 24.986685420271286, 0, 0.03, 'anchor'], [42.09137003061148, 35.61135143675458, 51.86093431729836, 15.190463561770061, 4, 0.3, 'anchor'], [42.13110095391096, 25.546839743859945, 51.78191164677184, 17.023698627196595, 2, 0.1, 'anchor'], [42.42527147090128, 31.73756887904975, 48.58390135147805, 37.251419514108385, 0, 0.03, 'five'], [42.79971105732155, 33.03830287219895, 52.04898044341066, 17.854894862619776, 8, 0.7, 'anchor'], [43.154890130468196, 25.495891738075866, 53.342570396254885, 27.341718563420944, 4, 0.1, 'anchor'], [43.62226202902678, 39.144679249304964, 51.033913203432945, 23.385638915760588, 8, 0.3, 'five'], [43.746273915053806, 36.73214654961617, 60.17312013011552, 34.13305550417524, 2, 0.7, 'anchor'], [43.74783953181459, 27.62691019810561, 52.99210689995793, 28.04848452544304, 2, 0.03, 'anchor'], [43.82921787201805, 25.564653745758253, 53.48457126565098, 27.910428255595274, 8, 0.3, 'anchor']]
cpu 59.887088765
