{
  "core_score": 0.9704560165857866,
  "worst_family_score": 0.9819965056863926,
  "rmse_hartree": 2.9543983414213433e-06,
  "worst_family_rmse_hartree": 4.500873578401848e-06,
  "family_rmse_hartree": {
    "bridge": 4.079166815693586e-06,
    "collective": 1.7737555661384882e-06,
    "density": 1.240065426282932e-07,
    "frustrated": 3.4745113348665746e-06,
    "local": 4.894252063485345e-07,
    "mixed": 4.500873578401848e-06
  },
  "maximum_absolute_error_hartree": 9.469349062513066e-06,
  "resource_score": 0.5,
  "maximum_query_cost": 160,
  "runtime_seconds": 34.35803582705557,
  "passed": true,
  "valid": true,
  "reason": "accuracy and budget targets met"
}
