STAGE legacy_seed ALLOWANCE 3.0
seed scan_02_03 1e-07 [(0, 0.8744872), (49, 0.4971398), (69, 0.4637968), (38, 0.4193826), (81, 0.3371893), (75, 0.3261967), (1, 0.2077927), (35, 0.1701298), (45, 0.1699626), (34, 0.144612), (6, 0.1370847), (72, 0.1324131), (5, 0.1310424), (7, 0.1282176), (33, 0.1228408), (90, 0.1169291), (8, 0.116923), (4, 0.1155604), (91, 0.1087927)]
scan_02_03 best 0.00044874261793115267 trace 7.19895952740303 support [0, 1, 5, 6, 7, 34, 35, 38, 45, 49, 69, 72, 75, 81]
seed scan_02_03 1e-09 [(0, 0.8744872), (49, 0.4971398), (69, 0.4637968), (38, 0.4193826), (81, 0.3371893), (75, 0.3261967), (1, 0.2077927), (35, 0.1701298), (45, 0.1699626), (34, 0.144612), (6, 0.1370847), (72, 0.1324131), (5, 0.1310424), (7, 0.1282176), (33, 0.1228408), (90, 0.1169291), (8, 0.116923), (4, 0.1155604), (91, 0.1087927)]
seed scan_02_03 1e-05 [(0, 0.8744953), (81, 0.4882693), (38, 0.4192312), (69, 0.3990884), (75, 0.3397187), (35, 0.3296482), (90, 0.2840898), (1, 0.199145), (49, 0.1919236), (6, 0.1574091), (72, 0.1550933), (10, 0.1493526), (7, 0.1465266), (33, 0.1356026), (5, 0.1309467), (9, 0.1305167), (8, 0.1240946), (45, 0.1176991), (32, 0.113892)]
scan_02_03 best 0.000219002936702369 trace 7.198540263199842 support [0, 1, 6, 7, 10, 33, 35, 38, 49, 69, 72, 75, 81, 90]
seed scan_02_03 1e-11 [(0, 0.8744872), (49, 0.4971398), (69, 0.4637968), (38, 0.4193826), (81, 0.3371893), (75, 0.3261967), (1, 0.2077927), (35, 0.1701298), (45, 0.1699626), (34, 0.144612), (6, 0.1370847), (72, 0.1324131), (5, 0.1310424), (7, 0.1282176), (33, 0.1228408), (90, 0.1169291), (8, 0.116923), (4, 0.1155604), (91, 0.1087927)]
seed scan_02_03 0.001 [(0, 0.8737947), (38, 0.4189747), (1, 0.3876561), (81, 0.2812968), (69, 0.2788034), (49, 0.2425109), (75, 0.2271211), (3, 0.208838), (57, 0.19437), (22, 0.1723315), (45, 0.1612823), (90, 0.1559573), (93, 0.1119395), (16, 0.1086579), (34, 0.1072483), (24, 0.1037525), (33, 0.1017819), (4, 0.1015956), (5, 0.0994459)]
scan_02_03 best 0.00011994514992036409 trace 7.198444428226157 support [0, 1, 3, 16, 22, 38, 45, 49, 57, 69, 75, 81, 90, 93]
seed scan_02_03 1e-13 [(0, 0.8744872), (49, 0.4971398), (69, 0.4637968), (38, 0.4193826), (81, 0.3371893), (75, 0.3261967), (1, 0.2077927), (35, 0.1701298), (45, 0.1699626), (34, 0.144612), (6, 0.1370847), (72, 0.1324131), (5, 0.1310424), (7, 0.1282176), (33, 0.1228408), (90, 0.1169291), (8, 0.116923), (4, 0.1155604), (91, 0.1087927)]
seed scan_02_03 1.0 [(0, 0.8703333), (38, 0.5256951), (69, 0.3867865), (81, 0.3607832), (39, 0.3579366), (45, 0.348999), (57, 0.3244404), (93, 0.3005959), (51, 0.2833801), (87, 0.2795954), (63, 0.2707721), (75, 0.2574068), (56, 0.2433434), (44, 0.2427517), (62, 0.2423517), (80, 0.2420214), (74, 0.2389559), (50, 0.2370314), (86, 0.2348694)]
BEST scan_02_03 0.00011994514992036409 trace 7.198444428226157 support [0, 1, 3, 16, 22, 38, 45, 49, 57, 69, 75, 81, 90, 93]
STAGE whitened_seed ALLOWANCE 9.0
BEST scan_02_03 0.00011994514992036409 trace 7.198444428226157 support [0, 1, 3, 16, 22, 38, 45, 49, 57, 69, 75, 81, 90, 93]
SEED scan_02_03 1e-07 [(0, 0.8739477031911618), (25, 0.7927436187682197), (49, 0.7776516349493441), (26, 0.7502308332091321), (6, 0.6985462536312479), (45, 0.6638706903308557), (5, 0.5648050678813425), (69, 0.42231421654681933), (38, 0.41906944929359713), (75, 0.3636336732511559), (1, 0.250372594699537), (11, 0.23723167146391433), (84, 0.1826754140507803), (37, 0.07391568724477542), (42, 0.047220855002327686), (14, 0.043647032155199834)]
SEED scan_02_03 1e-09 [(0, 0.8739477031911618), (25, 0.7927436187682197), (49, 0.7776516349493441), (26, 0.7502308332091321), (6, 0.6985462536312479), (45, 0.6638706903308557), (5, 0.5648050678813425), (69, 0.42231421654681933), (38, 0.41906944929359713), (75, 0.3636336732511559), (1, 0.250372594699537), (11, 0.23723167146391433), (84, 0.1826754140507803), (37, 0.07391568724477542), (42, 0.047220855002327686), (14, 0.043647032155199834)]
SEED scan_02_03 1e-11 [(0, 0.8739477031911618), (25, 0.7927436187682197), (49, 0.7776516349493441), (26, 0.7502308332091321), (6, 0.6985462536312479), (45, 0.6638706903308557), (5, 0.5648050678813425), (69, 0.42231421654681933), (38, 0.41906944929359713), (75, 0.3636336732511559), (1, 0.250372594699537), (11, 0.23723167146391433), (84, 0.1826754140507803), (37, 0.07391568724477542), (42, 0.047220855002327686), (14, 0.043647032155199834)]
SEED scan_02_03 1e-05 [(0, 0.8739477031912444), (25, 0.7927436188269525), (49, 0.7812895492642817), (26, 0.7534498494496644), (6, 0.6985462536974809), (45, 0.663712575193983), (5, 0.5872575778016362), (69, 0.42233313244358506), (38, 0.41906944962093007), (75, 0.36364228374914276), (1, 0.2461486431219269), (12, 0.2432232940029282), (84, 0.17121920880046224), (37, 0.07391568714062514), (42, 0.04722085521101833), (14, 0.043647032075487535)]
SEED scan_02_03 1e-13 [(0, 0.8739477031911618), (25, 0.7927436187682197), (49, 0.7776516349493441), (26, 0.7502308332091321), (6, 0.6985462536312479), (45, 0.6638706903308557), (5, 0.5648050678813425), (69, 0.42231421654681933), (38, 0.41906944929359713), (75, 0.3636336732511559), (1, 0.250372594699537), (11, 0.23723167146391433), (84, 0.1826754140507803), (37, 0.07391568724477542), (42, 0.047220855002327686), (14, 0.043647032155199834)]
SEED scan_02_03 1e-06 [(0, 0.8739477031911618), (25, 0.7927436187682197), (49, 0.7776516349493441), (26, 0.7502308332091321), (6, 0.6985462536312479), (45, 0.6638706903308557), (5, 0.5648050678813425), (69, 0.42231421654681933), (38, 0.41906944929359713), (75, 0.3636336732511559), (1, 0.250372594699537), (11, 0.23723167146391433), (84, 0.1826754140507803), (37, 0.07391568724477542), (42, 0.047220855002327686), (14, 0.043647032155199834)]
SEED scan_02_03 1e-08 [(0, 0.8739477031911618), (25, 0.7927436187682197), (49, 0.7776516349493441), (26, 0.7502308332091321), (6, 0.6985462536312479), (45, 0.6638706903308557), (5, 0.5648050678813425), (69, 0.42231421654681933), (38, 0.41906944929359713), (75, 0.3636336732511559), (1, 0.250372594699537), (11, 0.23723167146391433), (84, 0.1826754140507803), (37, 0.07391568724477542), (42, 0.047220855002327686), (14, 0.043647032155199834)]
SEED scan_02_03 1e-10 [(0, 0.8739477031911618), (25, 0.7927436187682197), (49, 0.7776516349493441), (26, 0.7502308332091321), (6, 0.6985462536312479), (45, 0.6638706903308557), (5, 0.5648050678813425), (69, 0.42231421654681933), (38, 0.41906944929359713), (75, 0.3636336732511559), (1, 0.250372594699537), (11, 0.23723167146391433), (84, 0.1826754140507803), (37, 0.07391568724477542), (42, 0.047220855002327686), (14, 0.043647032155199834)]
BEST scan_02_03 6.82242276721661e-05 trace 7.19857394919196 support [ 0  1  3 16 22 38 45 49 57 69 75 81 90 93]
CONT 0.001 0.010787453019998025
BEST scan_02_03 6.806760854221996e-05 trace 7.198576356366025 support [ 0  1  3 16 22 38 45 49 57 69 75 81 90 93]
CONT 0.0001 0.08122415849596232
CONT 1e-05 0.2593059550621349
CONT 1e-06 0.422596196222507
CONT 1e-07 1.4700696619691065
CONT 1e-08 2.782485246411927
CONT 1e-09 3.7329236918751314
BEST scan_02_03 6.613187323135987e-05 trace 7.198745757780157 support [ 0  1  3 16 18 38 45 49 57 69 75 81 90 93]
BEST scan_02_03 5.204090971415972e-05 trace 7.198759229747457 support [ 0  1  3 16 18 38 45 49 57 63 69 75 90 93]
BEST scan_02_03 5.1767880042280295e-05 trace 7.198758930735127 support [ 0  1  3 16 18 38 45 49 51 63 69 75 90 93]
BEST scan_02_03 5.117382368084493e-05 trace 7.198758725035891 support [ 0  1  3 16 18 38 45 49 51 57 69 75 90 93]
BEST scan_02_03 5.0903843155004044e-05 trace 7.198756405176503 support [ 0  1  3 16 18 38 45 49 57 69 75 87 90 93]
BEST scan_02_03 5.0595378269315725e-05 trace 7.19875838820288 support [ 0  1  3 16 18 38 45 49 51 57 69 75 90 93]
STAGE_ERROR whitened_seed StageTimeout stage allowance exhausted
BEST scan_02_03 5.0595378269315725e-05 trace 7.19875838820288 support [0, 1, 3, 16, 18, 38, 45, 49, 51, 57, 69, 75, 90, 93]
STAGE discrete_improve ALLOWANCE 9.0
BEST scan_02_03 5.0595378269315725e-05 trace 7.19875838820288 support [0, 1, 3, 16, 18, 38, 45, 49, 51, 57, 69, 75, 90, 93]
BEST scan_02_03 5.011585710502184e-05 trace 7.1987581437148345 support [ 0  1  3 16 18 38 45 49 51 57 69 75 90 93]
CONT 0.001 0.02860698544311408
CONT 0.0001 0.2496590450048412
CONT 1e-05 0.4967054753032599
CONT 1e-06 0.8331547781510972
CONT 1e-07 2.2196219856595745
CONT 1e-08 6.399381318070676
CONT 1e-09 6.391785864510148
BEST scan_02_03 2.9796105462350957e-05 trace 7.198639650983023 support [ 0  1  3 18 21 38 45 49 51 57 69 75 90 93]
BEST scan_02_03 1.922359835632006e-05 trace 7.198628438633072 support [ 0  1  3 18 21 38 45 49 51 57 69 75 87 90]
BEST scan_02_03 1.8857857305785162e-05 trace 7.1986512299408725 support [ 0  1  3 18 21 38 45 49 51 69 75 87 90 93]
BEST scan_02_03 1.8378436038470463e-05 trace 7.198625294641022 support [ 0  1  3 18 21 38 45 49 63 69 75 87 90 93]
BEST scan_02_03 1.4737454933950567e-05 trace 7.1986385441691265 support [ 0  1 18 21 38 45 49 63 69 75 87 90 91 93]
BEST scan_02_03 1.4685387914167052e-05 trace 7.198636529050018 support [ 0  1 18 21 38 45 49 51 63 69 75 90 91 93]
BEST scan_02_03 1.4404988572514837e-05 trace 7.198639530306144 support [ 0  1 18 21 38 39 45 49 51 69 75 90 91 93]
BEST scan_02_03 1.4265527259409581e-05 trace 7.198637936014995 support [ 0  1 18 21 38 39 45 49 51 69 75 81 90 91]
BEST scan_02_03 1.39480338523577e-05 trace 7.198638183460915 support [ 0  1 18 21 38 45 49 51 63 69 75 81 90 91]
BEST scan_02_03 1.3916704255749018e-05 trace 7.198638114311708 support [ 0  1 18 21 38 39 45 49 51 69 75 81 90 91]
BEST scan_02_03 1.3910884857452437e-05 trace 7.198638107478441 support [ 0  1 18 21 38 39 45 49 69 75 81 87 90 91]
STAGE_ERROR discrete_improve StageTimeout stage allowance exhausted
BEST scan_02_03 1.3910884857452437e-05 trace 7.198638107478441 support [0, 1, 18, 21, 38, 39, 45, 49, 69, 75, 81, 87, 90, 91]
STAGE continuous ALLOWANCE 41.373868440045044
BEST scan_02_03 1.3910884857452437e-05 trace 7.198638107478441 support [ 0  1 18 21 38 39 45 49 69 75 81 87 90 91]
CONTINUOUS scan_02_03 0 0.0001 0.0017897399838041894 1200 [(0, 1.511), (0, 3.226994), (0, 4.413407), (0, 4.492179), (2, 3.234855), (4, 6.470259), (4, 7.579128), (0, 5.704374), (4, 7.098058), (4, 9.228243), (4, 7.558011), (4, 8.624902), (0, 5.849084), (0, 3.440546)]
CONTINUOUS scan_02_03 0 1e-06 0.0008831837467210742 246 [(0, 1.511), (0, 3.222029), (0, 4.589435), (0, 4.427885), (2, 3.234853), (4, 6.833511), (4, 7.54299), (0, 5.693119), (4, 7.086863), (4, 9.228251), (4, 7.528133), (4, 7.683595), (0, 5.932619), (0, 3.505897)]
CONTINUOUS scan_02_03 0 1e-08 0.004131548672841601 132 [(0, 1.511), (0, 3.224976), (0, 4.584982), (0, 4.444904), (2, 3.234878), (4, 6.445448), (4, 7.612598), (0, 5.698769), (4, 7.168686), (4, 9.227914), (4, 7.620142), (4, 7.619707), (0, 5.924139), (0, 3.505078)]
CONTINUOUS scan_02_03 1 0.0001 3.9062162571351644e-05 835 [(0, 1.511), (0, 3.212827), (0, 4.607783), (0, 4.37479), (2, 3.234853), (4, 6.742052), (4, 7.571179), (0, 5.679344), (4, 7.097342), (4, 9.228234), (4, 7.571301), (4, 7.599237), (0, 5.944393), (0, 3.512465)]
CONTINUOUS scan_02_03 1 1e-06 0.0008744419242139034 398 [(0, 1.511), (0, 3.222153), (0, 4.589439), (0, 4.428526), (2, 3.234853), (4, 6.451419), (4, 7.578288), (0, 5.693268), (4, 7.106101), (4, 9.228251), (4, 7.571163), (4, 7.578292), (0, 5.932619), (0, 3.505899)]
CONTINUOUS scan_02_03 1 1e-08 0.00411282808225083 47 [(0, 1.511), (0, 3.224976), (0, 4.584983), (0, 4.444899), (2, 3.234878), (4, 6.445481), (4, 7.614316), (0, 5.698766), (4, 7.168681), (4, 9.227912), (4, 7.620925), (4, 7.625098), (0, 5.92414), (0, 3.505078)]
CONTINUOUS scan_02_03 2 0.0001 3.918886230969143e-05 1117 [(0, 1.511), (0, 3.212827), (0, 4.607781), (0, 4.374791), (2, 3.234853), (4, 6.807943), (4, 7.576585), (0, 5.679344), (4, 7.097332), (4, 9.228234), (4, 7.569988), (4, 7.548655), (0, 5.944392), (0, 3.512465)]
CONTINUOUS scan_02_03 2 1e-06 0.0008736316766981094 412 [(0, 1.511), (0, 3.222154), (0, 4.589438), (0, 4.428529), (2, 3.234853), (4, 6.448351), (4, 7.576919), (0, 5.693269), (4, 7.106055), (4, 9.228251), (4, 7.576919), (4, 7.557289), (0, 5.932619), (0, 3.505899)]
CONTINUOUS scan_02_03 2 1e-08 0.004108145621976219 58 [(0, 1.511), (0, 3.224975), (0, 4.584984), (0, 4.444897), (2, 3.234878), (4, 6.445475), (4, 7.614984), (0, 5.698765), (4, 7.168691), (4, 9.227912), (4, 7.619318), (4, 7.625653), (0, 5.924141), (0, 3.505078)]
CONTINUOUS scan_02_03 3 0.0001 3.90997868755331e-05 814 [(0, 1.511), (0, 4.374791), (0, 4.607781), (0, 3.512465), (2, 3.234853), (4, 6.604435), (4, 7.567057), (0, 5.679344), (4, 7.583394), (4, 9.228234), (4, 7.575553), (4, 7.09734), (0, 5.944392), (0, 3.212827)]
CONTINUOUS scan_02_03 3 1e-06 0.0008746686126303675 261 [(0, 1.511), (0, 4.428529), (0, 4.589439), (0, 3.5059), (2, 3.234853), (4, 6.446746), (4, 7.573292), (0, 5.693269), (4, 7.579531), (4, 9.228251), (4, 7.579517), (4, 7.106039), (0, 5.932619), (0, 3.222154)]
CONTINUOUS scan_02_03 3 1e-08 0.0041379077718397645 49 [(0, 1.511), (0, 4.444906), (0, 4.584982), (0, 3.505078), (2, 3.234878), (4, 6.445457), (4, 7.618101), (0, 5.69877), (4, 7.61885), (4, 9.227914), (4, 7.611183), (4, 7.168702), (0, 5.924138), (0, 3.224977)]
CONTINUOUS scan_02_03 4 0.0001 3.911073441872914e-05 308 [(0, 1.511), (0, 3.212827), (0, 4.60778), (0, 4.374791), (2, 3.234853), (4, 6.794883), (4, 7.576905), (0, 5.679344), (4, 7.09734), (4, 9.228234), (4, 7.565862), (4, 7.581957), (0, 5.944392), (0, 3.512465)]
CONTINUOUS scan_02_03 4 1e-06 0.0008746296891912198 360 [(0, 1.511), (0, 3.222153), (0, 4.589439), (0, 4.428527), (2, 3.234853), (4, 6.449154), (4, 7.579181), (0, 5.693268), (4, 7.106071), (4, 9.228251), (4, 7.572857), (4, 7.57912), (0, 5.932619), (0, 3.5059)]
CONTINUOUS scan_02_03 4 1e-08 0.004134799443647197 45 [(0, 1.511), (0, 3.224977), (0, 4.584982), (0, 4.444905), (2, 3.234878), (4, 6.445452), (4, 7.611948), (0, 5.698769), (4, 7.168694), (4, 9.227914), (4, 7.618685), (4, 7.619875), (0, 5.924138), (0, 3.505078)]
CONTINUOUS scan_02_03 5 0.0001 4.07070160915457e-05 1058 [(0, 1.511), (0, 3.212829), (0, 4.607751), (0, 4.374808), (2, 3.234853), (4, 6.624234), (4, 7.57302), (0, 5.67935), (4, 7.106895), (4, 9.228233), (4, 7.092375), (4, 7.091626), (0, 5.94437), (0, 3.512455)]
CONTINUOUS scan_02_03 5 1e-06 0.0008036030130138816 451 [(0, 1.511), (0, 3.222159), (0, 4.589417), (0, 4.428553), (2, 3.234853), (4, 6.45772), (4, 7.576445), (0, 5.693274), (4, 7.114968), (4, 9.228251), (4, 7.10163), (4, 7.101641), (0, 5.932608), (0, 3.50589)]
CONTINUOUS scan_02_03 5 1e-08 0.012510443928686657 83 [(0, 1.511), (0, 3.225048), (0, 4.58447), (0, 4.445449), (2, 3.234879), (4, 6.446411), (4, 7.617763), (0, 5.699051), (4, 7.178031), (4, 9.228006), (4, 7.164015), (4, 7.168785), (0, 5.923444), (0, 3.504931)]
CONTINUOUS scan_02_03 6 0.0001 4.077725489567049e-05 956 [(0, 1.511), (0, 3.212829), (0, 4.607748), (0, 4.37481), (2, 3.234853), (4, 7.082696), (4, 7.573012), (0, 5.679351), (4, 7.100697), (4, 9.228232), (4, 8.318737), (4, 7.573021), (0, 5.944368), (0, 3.512454)]
CONTINUOUS scan_02_03 6 1e-06 0.0008724644604332643 1200 [(0, 1.511), (0, 3.222082), (0, 4.589439), (0, 4.428158), (2, 3.234853), (4, 7.1637), (4, 7.575561), (0, 5.693183), (4, 7.013203), (4, 9.228251), (4, 7.587844), (4, 7.587849), (0, 5.93262), (0, 3.505899)]
CONTINUOUS scan_02_03 6 1e-08 0.004119275610371074 132 [(0, 1.511), (0, 3.224976), (0, 4.584983), (0, 4.4449), (2, 3.234878), (4, 7.168681), (4, 7.619217), (0, 5.698766), (4, 6.445462), (4, 9.227913), (4, 7.623992), (4, 7.612927), (0, 5.92414), (0, 3.505078)]
CONTINUOUS scan_02_03 7 0.0001 4.100577928878302e-05 908 [(0, 1.511), (0, 3.212829), (0, 4.607745), (0, 4.374812), (2, 3.234853), (4, 7.032296), (4, 7.573003), (0, 5.679351), (4, 7.098202), (4, 9.228232), (4, 7.573029), (4, 7.573003), (0, 5.944366), (0, 3.512453)]
CONTINUOUS scan_02_03 7 1e-06 0.0008739492981222249 498 [(0, 1.511), (0, 3.222154), (0, 4.589439), (0, 4.428529), (2, 3.234853), (4, 6.44733), (4, 7.577104), (0, 5.693269), (4, 7.106042), (4, 9.228251), (4, 7.577104), (4, 7.56236), (0, 5.932619), (0, 3.505899)]
CONTINUOUS scan_02_03 7 1e-08 0.004120474908480831 48 [(0, 1.511), (0, 3.224976), (0, 4.584983), (0, 4.444901), (2, 3.234878), (4, 6.445511), (4, 7.617519), (0, 5.698767), (4, 7.168699), (4, 9.227913), (4, 7.611444), (4, 7.62333), (0, 5.92414), (0, 3.505078)]
CONTINUOUS scan_02_03 8 0.0001 3.98817805194925e-05 303 [(0, 1.511), (0, 3.212828), (0, 4.607766), (0, 4.374799), (2, 3.234853), (4, 7.082211), (4, 7.580558), (0, 5.679347), (4, 7.098716), (4, 9.228233), (4, 7.569267), (4, 7.570156), (0, 5.944381), (0, 3.51246)]
CONTINUOUS scan_02_03 8 1e-06 0.0008743836968577723 860 [(0, 1.511), (0, 3.222152), (0, 4.589439), (0, 4.428522), (2, 3.234853), (4, 6.457426), (4, 7.578446), (0, 5.693267), (4, 7.106184), (4, 9.228251), (4, 7.578442), (4, 7.571488), (0, 5.932619), (0, 3.505899)]
CONTINUOUS scan_02_03 8 1e-08 0.004141580552155985 49 [(0, 1.511), (0, 3.224977), (0, 4.584982), (0, 4.444906), (2, 3.234878), (4, 6.445465), (4, 7.612019), (0, 5.69877), (4, 7.168705), (4, 9.227914), (4, 7.61814), (4, 7.618885), (0, 5.924138), (0, 3.505078)]
CONTINUOUS scan_02_03 9 0.0001 3.923207867471505e-05 672 [(0, 1.511), (0, 3.212827), (0, 4.607779), (0, 4.374792), (2, 3.234853), (4, 7.574182), (4, 7.573549), (0, 5.679345), (4, 7.574417), (4, 9.228234), (4, 7.532636), (4, 7.097329), (0, 5.944391), (0, 3.512464)]
CONTINUOUS scan_02_03 9 1e-06 0.0008752783086443672 1200 [(0, 1.511), (0, 3.222077), (0, 4.589438), (0, 4.428135), (2, 3.234853), (4, 7.585558), (4, 7.569225), (0, 5.693178), (4, 7.585558), (4, 9.228251), (4, 7.183301), (4, 7.032697), (0, 5.932619), (0, 3.505899)]
CONTINUOUS scan_02_03 9 1e-08 0.004108960860267352 194 [(0, 1.511), (0, 3.224975), (0, 4.584983), (0, 4.444897), (2, 3.234878), (4, 7.615156), (4, 7.624961), (0, 5.698765), (4, 7.623906), (4, 9.227912), (4, 7.168684), (4, 6.445524), (0, 5.92414), (0, 3.505078)]
CONTINUOUS scan_02_03 10 0.0001 3.913108080589682e-05 923 [(0, 1.511), (0, 3.212827), (0, 4.607781), (0, 4.374791), (2, 3.234853), (4, 6.767126), (4, 7.578503), (0, 5.679344), (4, 7.564933), (4, 9.228234), (4, 7.097278), (4, 7.097406), (0, 5.944392), (0, 3.512465)]
CONTINUOUS scan_02_03 10 1e-06 0.0008659721857510554 1200 [(0, 1.511), (0, 3.222086), (0, 4.589432), (0, 4.428181), (2, 3.234853), (4, 7.474406), (4, 7.580766), (0, 5.693188), (4, 7.580783), (4, 9.228251), (4, 6.994699), (4, 7.151848), (0, 5.932616), (0, 3.505896)]
CONTINUOUS scan_02_03 10 1e-08 0.004110577706347476 137 [(0, 1.511), (0, 3.224976), (0, 4.584984), (0, 4.444897), (2, 3.234878), (4, 7.626551), (4, 7.614853), (0, 5.698765), (4, 7.618884), (4, 9.227912), (4, 6.445454), (4, 7.168689), (0, 5.924141), (0, 3.505078)]
CONTINUOUS scan_02_03 11 0.0001 3.95802247382208e-05 390 [(0, 1.511), (0, 3.212828), (0, 4.607772), (0, 4.374796), (2, 3.234853), (4, 7.085699), (4, 7.572171), (0, 5.679346), (4, 7.098316), (4, 9.228233), (4, 7.57717), (4, 7.548138), (0, 5.944385), (0, 3.512462)]
CONTINUOUS scan_02_03 11 1e-06 0.0008668510184624741 1200 [(0, 1.511), (0, 3.222149), (0, 4.589433), (0, 4.428505), (2, 3.234853), (4, 6.494772), (4, 7.576595), (0, 5.693263), (4, 7.106754), (4, 9.228251), (4, 7.576585), (4, 7.467043), (0, 5.932616), (0, 3.505896)]
CONTINUOUS scan_02_03 11 1e-08 0.004099981942200746 42 [(0, 1.511), (0, 3.224976), (0, 4.584984), (0, 4.4449), (2, 3.234878), (4, 6.445457), (4, 7.61632), (0, 5.698766), (4, 7.168705), (4, 9.227912), (4, 7.616839), (4, 7.626329), (0, 5.924141), (0, 3.505078)]
CONTINUOUS scan_02_03 12 0.0001 3.8941193700227826e-05 1045 [(0, 1.511), (0, 3.212827), (0, 4.607787), (0, 4.374788), (2, 3.234853), (4, 7.572341), (4, 7.097349), (0, 5.679343), (4, 7.572298), (4, 9.228234), (4, 7.642295), (4, 7.752523), (0, 5.944396), (0, 3.512467)]
CONTINUOUS scan_02_03 12 1e-06 0.0008747820125081889 1200 [(0, 1.511), (0, 3.222071), (0, 4.589437), (0, 4.428105), (2, 3.234853), (4, 7.553514), (4, 7.05138), (0, 5.693171), (4, 7.58529), (4, 9.228251), (4, 7.585276), (4, 7.21725), (0, 5.932619), (0, 3.505898)]
CONTINUOUS scan_02_03 12 1e-08 0.00488103663863144 1200 [(0, 1.511), (0, 3.224824), (0, 4.584993), (0, 4.4438), (2, 3.234877), (4, 7.341718), (4, 6.786785), (0, 5.698235), (4, 7.656761), (4, 9.22791), (4, 7.626635), (4, 7.24513), (0, 5.924161), (0, 3.505082)]
CONTINUOUS scan_02_03 13 0.0001 4.099694583842295e-05 450 [(0, 1.511), (0, 3.212829), (0, 4.607745), (0, 4.374812), (2, 3.234853), (4, 7.570952), (4, 7.098156), (0, 5.679351), (4, 7.57349), (4, 9.228232), (4, 7.023949), (4, 7.062276), (0, 5.944366), (0, 3.512453)]
CONTINUOUS scan_02_03 13 1e-06 0.0008722187417621134 217 [(0, 1.511), (0, 3.222111), (0, 4.589438), (0, 4.428311), (2, 3.234853), (4, 7.568666), (4, 7.116212), (0, 5.693218), (4, 7.580074), (4, 9.228251), (4, 6.793928), (4, 7.071632), (0, 5.932619), (0, 3.505899)]
CONTINUOUS scan_02_03 13 1e-08 0.004454940913825775 1200 [(0, 1.511), (0, 3.224936), (0, 4.584984), (0, 4.444615), (2, 3.234878), (4, 7.627961), (4, 7.190292), (0, 5.698633), (4, 7.627512), (4, 9.227912), (4, 6.591326), (4, 7.182822), (0, 5.924143), (0, 3.505079)]
CONTINUOUS scan_02_03 14 0.0001 3.917293131340076e-05 843 [(0, 1.511), (0, 3.212827), (0, 4.60778), (0, 4.374791), (2, 3.234853), (4, 7.563018), (4, 7.097334), (0, 5.679345), (4, 7.576099), (4, 9.228234), (4, 7.526872), (4, 7.519553), (0, 5.944391), (0, 3.512464)]
CONTINUOUS scan_02_03 14 1e-06 0.0008694138387227898 1008 [(0, 1.511), (0, 3.222073), (0, 4.589432), (0, 4.428114), (2, 3.234853), (4, 7.234874), (4, 7.049422), (0, 5.693172), (4, 7.583208), (4, 9.228251), (4, 7.200309), (4, 7.476361), (0, 5.932616), (0, 3.505896)]
CONTINUOUS scan_02_03 14 1e-08 0.0048218858160506885 1200 [(0, 1.511), (0, 3.224841), (0, 4.584991), (0, 4.443924), (2, 3.234877), (4, 7.237567), (4, 6.764103), (0, 5.698295), (4, 7.651279), (4, 9.227911), (4, 7.236489), (4, 7.625947), (0, 5.924158), (0, 3.505082)]
CONTINUOUS scan_02_03 15 0.0001 4.017282167636157e-05 392 [(0, 1.511), (0, 3.212828), (0, 4.607761), (0, 4.374802), (2, 3.234853), (4, 7.090422), (4, 7.101618), (0, 5.679348), (4, 7.568638), (4, 9.228233), (4, 7.576818), (4, 6.660674), (0, 5.944377), (0, 3.512458)]
CONTINUOUS scan_02_03 15 1e-06 0.0008742319325615033 879 [(0, 1.511), (0, 3.22215), (0, 4.589439), (0, 4.428509), (2, 3.234853), (4, 7.106475), (4, 7.106475), (0, 5.693264), (4, 7.572973), (4, 9.228251), (4, 7.5794), (4, 6.477688), (0, 5.932619), (0, 3.5059)]
CONTINUOUS scan_02_03 15 1e-08 0.004113655301846616 59 [(0, 1.511), (0, 3.224975), (0, 4.584985), (0, 4.444894), (2, 3.234878), (4, 7.168749), (4, 7.168737), (0, 5.698763), (4, 7.616722), (4, 9.227914), (4, 7.616379), (4, 6.445735), (0, 5.924142), (0, 3.505078)]
STAGE_ERROR continuous StageTimeout stage allowance exhausted
BEST scan_02_03 1.3910884857452437e-05 trace 7.198638107478441 support [0, 1, 18, 21, 38, 39, 45, 49, 69, 75, 81, 87, 90, 91]
