{"seed": 2, "eval": 25, "loss": 0.231337451052193, "total": 0.23238286946179432, "sum": 52.25402174057136, "fractional": 0.12479504461788402, "elapsed": 19.73275924898917}
{"seed": 2, "eval": 50, "loss": 0.14080296908396253, "total": 0.1412143069704964, "sum": 52.90480080481551, "fractional": 0.12558060692579, "elapsed": 40.08458651503315}
{"seed": 2, "eval": 75, "loss": 0.10861526964599724, "total": 0.10926943254044219, "sum": 52.618863149357935, "fractional": 0.12448415695665599, "elapsed": 59.28775737801334}
{"seed": 2, "eval": 100, "loss": 0.09655167733030856, "total": 0.0966826657631312, "sum": 53.38196903790278, "fractional": 0.12451382741257477, "elapsed": 80.41413166199345}
{"seed": 2, "eval": 125, "loss": 0.0925507925293946, "total": 0.09259849242905058, "sum": 53.627048384643786, "fractional": 0.1256753870891879, "elapsed": 100.6148601990426}
{"seed": 2, "eval": 150, "loss": 0.08967881416599438, "total": 0.09001780232852205, "sum": 53.00577191654495, "fractional": 0.12429728669952429, "elapsed": 126.10123141499935}
{"seed": 2, "eval": 175, "loss": 0.08776951677386807, "total": 0.0882045828044049, "sum": 52.87365522816263, "fractional": 0.123137908669862, "elapsed": 150.4966955910204}
{"seed": 2, "eval": 200, "loss": 0.08631400870368743, "total": 0.08650703194398962, "sum": 53.2497628583433, "fractional": 0.12137068262404584, "elapsed": 176.22630636498798}
{"seed": 2, "eval": 225, "loss": 0.084651553362463, "total": 0.08473947359066107, "sum": 53.493664749967394, "fractional": 0.11990417878364241, "elapsed": 202.24217679799767}
{"seed": 2, "eval": 250, "loss": 0.08272102093852247, "total": 0.08286332764341171, "sum": 53.35582118052748, "fractional": 0.11930614266548084, "elapsed": 227.64198382600443}
{"seed": 2, "eval": 275, "loss": 0.08032304923261427, "total": 0.08042830329699231, "sum": 53.445995621202904, "fractional": 0.11596156745186434, "elapsed": 252.727083707985}
{"seed": 2, "eval": 300, "loss": 0.07905743538945277, "total": 0.07911823142904241, "sum": 53.57895219814921, "fractional": 0.11240678478842527, "elapsed": 276.4040124200401}
{"seed": 2, "eval": 325, "loss": 0.0774594059989726, "total": 0.07747958040866414, "sum": 53.75745396589401, "fractional": 0.11258351512621706, "elapsed": 296.84299507702235}
{"seed": 2, "eval": 350, "loss": 0.07561585515047103, "total": 0.07564459446075936, "sum": 53.71051109036656, "fractional": 0.1121847028755661, "elapsed": 315.9092435920029}
{"seed": 2, "eval": 375, "loss": 0.07440242524207541, "total": 0.07442578774144387, "sum": 53.738992245022416, "fractional": 0.11193965390834965, "elapsed": 335.6491958250408}
{"seed": 2, "eval": 400, "loss": 0.07390236861446811, "total": 0.07392395846855887, "sum": 53.74908962849525, "fractional": 0.11167974271863008, "elapsed": 356.51206549600465}
{"seed": 2, "eval": 425, "loss": 0.07332379631467852, "total": 0.07333321803446508, "sum": 53.83424797166364, "fractional": 0.11097177864619298, "elapsed": 375.94266589701874}
{"seed": 2, "eval": 450, "loss": 0.07291875487988031, "total": 0.07291913054584355, "sum": 53.9669025386352, "fractional": 0.11010748578928611, "elapsed": 395.38582704699365}
FINAL 2 STOP: TOTAL NO. of ITERATIONS REACHED LIMIT continuous 0.0727640117053805 binary 1.3417891936835018 sum 53.90753437649926 time 413.4334634960396
PATTERN 2 [0.043, 0.826, 0.274, 0.0, 0.176, 0.043, 0.0, 0.123, 0.506, 0.014, 0.0, 0.186, 0.173, 0.105, 0.056, 0.0, 0.309, 0.186, 0.3, 0.155, 0.1, 0.065, 0.184, 0.013, 0.0, 0.146, 0.069, 0.211, 0.899, 0.208, 0.037, 0.084, 0.0, 0.0, 0.884, 0.0, 0.0, 0.021, 0.391, 0.433, 0.143, 0.216, 0.427, 1.0, 0.442, 0.226, 0.209, 0.234, 0.0, 0.424, 1.0, 0.151, 0.384, 0.896, 0.019, 0.232, 0.111, 0.732, 1.0, 0.137, 0.0, 0.279, 0.992, 0.956, 0.43, 0.179, 0.988, 0.087, 0.883, 0.643, 1.0, 1.0, 0.0, 0.0, 0.307, 1.0, 0.235, 0.65, 0.756, 0.283, 0.753, 0.07, 0.0, 0.144, 0.594, 1.0, 0.0, 0.773, 0.425, 0.157, 1.0, 0.999, 0.995, 0.282, 0.015, 1.0, 0.784, 1.0, 0.273, 0.298, 0.239, 0.121, 0.679, 0.934, 0.993, 0.48, 0.007, 0.382, 0.613, 0.2, 0.395, 0.709, 0.038, 0.04, 0.746, 0.903, 0.001, 0.886, 0.119, 0.156, 0.458, 0.812, 0.0, 0.005, 0.886, 0.045, 0.469, 1.0, 0.0, 0.353, 0.438, 0.094, 0.914, 0.0, 0.0, 0.675, 0.097, 0.0, 0.246, 0.237, 0.611, 0.176, 0.393, 0.921]
{"seed": 102, "eval": 20, "total": 0.09054877063376612, "sum": 54.00713987561741, "fractional": 0.10222956591407596, "elapsed": 43.220769247971475}
{"seed": 102, "eval": 40, "total": 0.08911668845926476, "sum": 54.036396554579845, "fractional": 0.09728185974769255, "elapsed": 79.25614220497664}
{"seed": 102, "eval": 60, "total": 0.08730971669046989, "sum": 54.05567347492432, "fractional": 0.0929881942138033, "elapsed": 115.59466427698499}
{"seed": 102, "eval": 80, "total": 0.08664447686153284, "sum": 54.05165201237631, "fractional": 0.09155186404588596, "elapsed": 143.3634132099687}
{"seed": 102, "eval": 100, "total": 0.08619618955262669, "sum": 54.048329132510524, "fractional": 0.09074399234720348, "elapsed": 171.19025515997782}
{"seed": 102, "eval": 120, "total": 0.08523572633265603, "sum": 54.046260041259295, "fractional": 0.08912665654818211, "elapsed": 198.46962918300414}
{"seed": 102, "eval": 140, "total": 0.08470028186015181, "sum": 54.058985524862436, "fractional": 0.08827568750996215, "elapsed": 226.90766801597783}
{"seed": 102, "eval": 160, "total": 0.08408459202141995, "sum": 54.074456658342356, "fractional": 0.0872442875743414, "elapsed": 251.1435655609821}
{"seed": 102, "eval": 180, "total": 0.08391301285585756, "sum": 54.089106148744136, "fractional": 0.0864880908545164, "elapsed": 275.9675620539929}
{"seed": 102, "eval": 200, "total": 0.083869289408857, "sum": 54.09337039761796, "fractional": 0.08609318169875374, "elapsed": 303.12421050999546}
{"seed": 102, "eval": 220, "total": 0.08380878386619156, "sum": 54.094335476875784, "fractional": 0.08564214320482387, "elapsed": 328.7931556979893}
{"seed": 102, "eval": 240, "total": 0.08374271837141256, "sum": 54.0938687253075, "fractional": 0.08498040807794413, "elapsed": 353.083234641992}
{"seed": 102, "eval": 260, "total": 0.08371665310004417, "sum": 54.088744139421195, "fractional": 0.08466946125675173, "elapsed": 379.54818434099434}
{"seed": 102, "eval": 280, "total": 0.08371457229869256, "sum": 54.08652847776685, "fractional": 0.08455141721440539, "elapsed": 404.89715132297715}
{"seed": 102, "eval": 300, "total": 0.08371407420629826, "sum": 54.08538106605488, "fractional": 0.08449418796195994, "elapsed": 431.8558076620102}
FINAL 102 The maximum number of function evaluations is exceeded. continuous 0.06982748132387233 binary 1.839265710051273 sum 54.08538106605488 time 432.87667215499096
PATTERN 102 [0.023, 0.951, 0.176, 0.02, 0.0, 0.0, 0.036, 0.0, 0.123, 0.086, 0.0, 0.15, 0.058, 0.096, 0.0, 0.001, 0.261, 0.133, 0.015, 0.022, 0.943, 0.104, 0.327, 0.053, 0.0, 0.0, 0.022, 0.233, 1.0, 0.251, 0.0, 0.096, 0.0, 0.109, 0.753, 0.0, 0.019, 0.092, 0.425, 1.0, 0.205, 0.06, 0.272, 0.997, 0.301, 0.0, 0.296, 0.129, 0.0, 0.346, 1.0, 0.161, 0.316, 0.931, 0.115, 0.324, 0.031, 1.0, 1.0, 0.159, 0.0, 0.0, 0.995, 1.0, 0.436, 0.165, 0.721, 0.333, 0.899, 0.246, 0.983, 0.984, 0.108, 0.064, 0.065, 0.938, 0.208, 0.664, 0.935, 0.188, 0.984, 0.134, 0.0, 0.0, 0.501, 0.96, 0.0, 0.927, 0.273, 0.119, 0.994, 0.973, 0.955, 0.964, 0.01, 0.998, 0.959, 0.993, 0.291, 0.197, 0.0, 0.069, 0.965, 0.938, 0.924, 0.371, 0.123, 0.244, 0.318, 0.273, 0.249, 1.0, 0.041, 0.219, 0.912, 0.942, 0.0, 0.922, 0.147, 0.0, 1.0, 0.388, 0.0, 0.053, 0.986, 0.002, 0.678, 1.0, 0.0, 0.411, 0.344, 0.07, 0.289, 0.039, 0.0, 0.931, 0.002, 0.029, 0.197, 0.226, 0.962, 0.203, 0.37, 0.863]
