STAGE legacy_seed ALLOWANCE 3.0
seed joint_02 1e-07 [(7, 1.0063898), (0, 0.8660858), (40, 0.5632168), (52, 0.4506001), (8, 0.3284211), (83, 0.315594), (6, 0.3084068), (72, 0.2138577), (60, 0.2049987), (65, 0.2035734), (64, 0.2020326), (9, 0.1774457), (32, 0.1727602), (47, 0.1627425), (91, 0.1600053), (5, 0.1364855), (54, 0.1322298), (78, 0.1209027), (76, 0.1114031), (30, 0.1047126), (36, 0.1021538)]
joint_02 best 0.0002160266469968438 trace 8.084919638599679 support [0, 5, 6, 7, 8, 9, 32, 40, 47, 52, 60, 64, 65, 72, 83, 91]
seed joint_02 1e-09 [(7, 1.0063898), (0, 0.8660858), (40, 0.5632168), (52, 0.4506001), (8, 0.3284211), (83, 0.315594), (6, 0.3084068), (72, 0.2138577), (60, 0.2049987), (65, 0.2035734), (64, 0.2020326), (9, 0.1774457), (32, 0.1727602), (47, 0.1627425), (91, 0.1600053), (5, 0.1364855), (54, 0.1322298), (78, 0.1209027), (76, 0.1114031), (30, 0.1047126), (36, 0.1021538)]
seed joint_02 1e-05 [(40, 0.8881996), (0, 0.8660482), (7, 0.8404263), (52, 0.6994767), (6, 0.5106971), (8, 0.4260139), (83, 0.4070049), (54, 0.382847), (65, 0.3394115), (60, 0.3337591), (72, 0.233256), (21, 0.1679793), (31, 0.1490718), (33, 0.1081303), (36, 0.1026662), (23, 0.093503), (34, 0.0923052), (78, 0.0902077), (25, 0.0782256), (91, 0.0748015), (20, 0.0746146)]
joint_02 best 1.8100013628175038e-05 trace 8.083916416952729 support [0, 6, 7, 8, 21, 23, 31, 33, 36, 40, 52, 54, 60, 65, 72, 83]
seed joint_02 1e-11 [(7, 1.0063898), (0, 0.8660858), (40, 0.5632168), (52, 0.4506001), (8, 0.3284211), (83, 0.315594), (6, 0.3084068), (72, 0.2138577), (60, 0.2049987), (65, 0.2035734), (64, 0.2020326), (9, 0.1774457), (32, 0.1727602), (47, 0.1627425), (91, 0.1600053), (5, 0.1364855), (54, 0.1322298), (78, 0.1209027), (76, 0.1114031), (30, 0.1047126), (36, 0.1021538)]
seed joint_02 0.001 [(7, 1.2379918), (0, 0.8656416), (40, 0.7932601), (52, 0.6033825), (36, 0.3102638), (6, 0.309857), (83, 0.3013619), (47, 0.2154038), (54, 0.1822546), (65, 0.1821912), (72, 0.1808453), (9, 0.1567265), (22, 0.1500099), (10, 0.1138207), (34, 0.1068761), (91, 0.1059182), (5, 0.1022196), (21, 0.0967837), (35, 0.0948958), (33, 0.0879184), (11, 0.08704)]
seed joint_02 1e-13 [(7, 1.0063898), (0, 0.8660858), (40, 0.5632168), (52, 0.4506001), (8, 0.3284211), (83, 0.315594), (6, 0.3084068), (72, 0.2138577), (60, 0.2049987), (65, 0.2035734), (64, 0.2020326), (9, 0.1774457), (32, 0.1727602), (47, 0.1627425), (91, 0.1600053), (5, 0.1364855), (54, 0.1322298), (78, 0.1209027), (76, 0.1114031), (30, 0.1047126), (36, 0.1021538)]
seed joint_02 1.0 [(0, 0.8630604), (40, 0.5658265), (76, 0.371095), (47, 0.3147464), (88, 0.2655283), (6, 0.2550675), (83, 0.2522638), (60, 0.2339873), (7, 0.2206378), (52, 0.1971553), (5, 0.1920813), (8, 0.166492), (13, 0.1506243), (65, 0.1497375), (14, 0.1482385), (72, 0.1405552), (67, 0.1339577), (4, 0.1309181), (9, 0.1244659), (15, 0.1169284), (1, 0.112883)]
BEST joint_02 1.8100013628175038e-05 trace 8.083916416952729 support [0, 6, 7, 8, 21, 23, 31, 33, 36, 40, 52, 54, 60, 65, 72, 83]
STAGE whitened_seed ALLOWANCE 9.0
BEST joint_02 1.8100013628175038e-05 trace 8.083916416952729 support [0, 6, 7, 8, 21, 23, 31, 33, 36, 40, 52, 54, 60, 65, 72, 83]
SEED joint_02 1e-07 [(7, 2.41308576834839), (40, 0.8882453655293685), (0, 0.8661031912214077), (52, 0.6995063021331375), (54, 0.64167902014623), (23, 0.4748184614885757), (83, 0.40742318486518925), (26, 0.34028537784903795), (65, 0.3397351661365984), (42, 0.2652833751797885), (78, 0.2645653946691028), (33, 0.22413529508617985), (5, 0.1440349604406399), (17, 0.04544189155478133), (3, 0.044312202638116215), (61, 0.025176816187158602)]
SEED joint_02 1e-09 [(7, 2.41308576834839), (40, 0.8882453655293685), (0, 0.8661031912214077), (52, 0.6995063021331375), (54, 0.64167902014623), (23, 0.4748184614885757), (83, 0.40742318486518925), (26, 0.34028537784903795), (65, 0.3397351661365984), (42, 0.2652833751797885), (78, 0.2645653946691028), (33, 0.22413529508617985), (5, 0.1440349604406399), (17, 0.04544189155478133), (3, 0.044312202638116215), (61, 0.025176816187158602)]
SEED joint_02 1e-11 [(7, 2.41308576834839), (40, 0.8882453655293685), (0, 0.8661031912214077), (52, 0.6995063021331375), (54, 0.64167902014623), (23, 0.4748184614885757), (83, 0.40742318486518925), (26, 0.34028537784903795), (65, 0.3397351661365984), (42, 0.2652833751797885), (78, 0.2645653946691028), (33, 0.22413529508617985), (5, 0.1440349604406399), (17, 0.04544189155478133), (3, 0.044312202638116215), (61, 0.025176816187158602)]
SEED joint_02 1e-05 [(7, 1.7893453559551165), (40, 0.888244157897226), (0, 0.8661082027812967), (52, 0.6995050753530427), (6, 0.4943794569433345), (35, 0.47039488158865095), (83, 0.40742455869003935), (21, 0.3670852830205168), (26, 0.34028537779602114), (65, 0.33973588236579066), (54, 0.3086585799995774), (28, 0.2724798205945537), (42, 0.2652833751952687), (33, 0.22413529525796522), (9, 0.17506464031086502), (5, 0.14403496044292838)]
BEST joint_02 1.2464158120293705e-05 trace 8.084026259058735 support [ 0  6  7 21 26 28 35 40 42 47 52 54 64 65 83 89]
BEST joint_02 1.0520455153683236e-05 trace 8.084024225003471 support [ 0  6  7 21 26 28 35 40 42 47 52 54 64 65 83 89]
SEED joint_02 1e-13 [(7, 2.41308576834839), (40, 0.8882453655293685), (0, 0.8661031912214077), (52, 0.6995063021331375), (54, 0.64167902014623), (23, 0.4748184614885757), (83, 0.40742318486518925), (26, 0.34028537784903795), (65, 0.3397351661365984), (42, 0.2652833751797885), (78, 0.2645653946691028), (33, 0.22413529508617985), (5, 0.1440349604406399), (17, 0.04544189155478133), (3, 0.044312202638116215), (61, 0.025176816187158602)]
SEED joint_02 1e-06 [(7, 2.41308576834839), (40, 0.8882453655293685), (0, 0.8661031912214077), (52, 0.6995063021331375), (54, 0.64167902014623), (23, 0.4748184614885757), (83, 0.40742318486518925), (26, 0.34028537784903795), (65, 0.3397351661365984), (42, 0.2652833751797885), (78, 0.2645653946691028), (33, 0.22413529508617985), (5, 0.1440349604406399), (17, 0.04544189155478133), (3, 0.044312202638116215), (61, 0.025176816187158602)]
SEED joint_02 1e-08 [(7, 2.41308576834839), (40, 0.8882453655293685), (0, 0.8661031912214077), (52, 0.6995063021331375), (54, 0.64167902014623), (23, 0.4748184614885757), (83, 0.40742318486518925), (26, 0.34028537784903795), (65, 0.3397351661365984), (42, 0.2652833751797885), (78, 0.2645653946691028), (33, 0.22413529508617985), (5, 0.1440349604406399), (17, 0.04544189155478133), (3, 0.044312202638116215), (61, 0.025176816187158602)]
SEED joint_02 1e-10 [(7, 2.41308576834839), (40, 0.8882453655293685), (0, 0.8661031912214077), (52, 0.6995063021331375), (54, 0.64167902014623), (23, 0.4748184614885757), (83, 0.40742318486518925), (26, 0.34028537784903795), (65, 0.3397351661365984), (42, 0.2652833751797885), (78, 0.2645653946691028), (33, 0.22413529508617985), (5, 0.1440349604406399), (17, 0.04544189155478133), (3, 0.044312202638116215), (61, 0.025176816187158602)]
BEST joint_02 1.0347185797991248e-05 trace 8.084036181519329 support [ 0  6  7 21 26 28 35 40 42 47 52 54 64 65 83 89]
CONT 0.001 0.0019381760850889788
CONT 0.0001 0.018664221018710302
CONT 1e-05 0.12395191726182112
CONT 1e-06 0.4548383603250836
CONT 1e-07 0.49567926694710474
CONT 1e-08 0.584212589089297
CONT 1e-09 0.587376970024649
BEST joint_02 1.0099661423406311e-05 trace 8.084029971025378 support [ 0  6  7 21 26 28 35 40 42 47 52 54 65 70 83 89]
BEST joint_02 5.781159545687846e-06 trace 8.083988964699687 support [ 0  6  7 16 21 26 28 35 40 47 52 54 65 70 83 89]
BEST joint_02 5.646200336046718e-06 trace 8.0839936193228 support [ 0  6  7 16 21 28 35 40 47 52 54 65 70 79 83 89]
BEST joint_02 5.5254040124547155e-06 trace 8.083992707760661 support [ 0  6  7 16 20 21 28 35 40 47 52 54 65 70 83 89]
BEST joint_02 4.95489689033198e-06 trace 8.083993355981404 support [ 0  6  7 16 18 21 28 35 40 47 52 54 65 70 83 89]
BEST joint_02 4.471474805187198e-06 trace 8.083980145275712 support [ 0  6  7 14 16 20 28 35 40 47 52 54 65 70 83 89]
BEST joint_02 1.8814435256050053e-06 trace 8.083958316358295 support [ 0  6  7 14 20 28 33 35 40 47 52 54 65 70 83 89]
BEST joint_02 1.5634976457494047e-06 trace 8.083954618302235 support [ 0  6  7 14 20 28 33 34 40 47 52 54 65 70 83 89]
BEST joint_02 1.4801906958230213e-06 trace 8.08395565091979 support [ 0  6  7 14 20 28 33 34 40 47 52 54 70 83 89 95]
STAGE_ERROR whitened_seed StageTimeout stage allowance exhausted
BEST joint_02 1.4801906958230213e-06 trace 8.08395565091979 support [0, 6, 7, 14, 20, 28, 33, 34, 40, 47, 52, 54, 70, 83, 89, 95]
STAGE discrete_improve ALLOWANCE 9.0
BEST joint_02 1.4801906958230213e-06 trace 8.08395565091979 support [0, 6, 7, 14, 20, 28, 33, 34, 40, 47, 52, 54, 70, 83, 89, 95]
BEST joint_02 1.355392273971745e-06 trace 8.083955600691299 support [ 0  6  7 14 20 28 33 34 40 47 52 54 70 83 89 95]
CONT 0.001 0.0002351337128004301
CONT 0.0001 0.0016506833738432864
CONT 1e-05 0.015291852969148222
CONT 1e-06 0.148334151524485
CONT 1e-07 1.4440644532889275
CONT 1e-08 13.05607495009878
CONT 1e-09 130.05307011461903
BEST joint_02 1.1513793693000245e-06 trace 8.083955805526415 support [ 0  6  7 14 20 28 33 34 40 47 52 54 83 88 89 95]
BEST joint_02 1.0811148648537383e-06 trace 8.083955405389897 support [ 0  6  7 14 20 28 33 40 47 52 54 83 88 89 91 95]
BEST joint_02 8.469363529939322e-07 trace 8.0839560067635 support [ 0  6  7 12 14 20 28 33 40 47 52 54 83 88 89 95]
STAGE_ERROR discrete_improve StageTimeout stage allowance exhausted
BEST joint_02 8.469363529939322e-07 trace 8.0839560067635 support [0, 6, 7, 12, 14, 20, 28, 33, 40, 47, 52, 54, 83, 88, 89, 95]
STAGE continuous ALLOWANCE 40.456083856057376
BEST joint_02 8.469363529939322e-07 trace 8.0839560067635 support [ 0  6  7 12 14 20 28 33 40 47 52 54 83 88 89 95]
CONTINUOUS joint_02 0 0.0001 4.4828089272021623e-07 1200 [(0, 1.511), (0, 3.424127), (0, 3.47541), (0, 3.859907), (0, 3.80624), (0, 4.53843), (0, 4.73223), (0, 5.343839), (6, 10.364651), (8, 10.356738), (6, 11.292762), (0, 5.348201), (8, 11.403223), (6, 11.068843), (8, 11.403397), (8, 10.258154)]
CONTINUOUS joint_02 0 1e-06 3.0826003765439896e-06 1200 [(0, 1.511), (0, 3.424972), (0, 3.47577), (0, 3.838371), (0, 3.82155), (0, 4.531828), (0, 4.726243), (0, 5.341153), (6, 10.364612), (8, 10.355797), (6, 11.292762), (0, 5.346715), (8, 11.403183), (6, 10.436589), (8, 11.40319), (8, 10.352883)]
CONTINUOUS joint_02 0 1e-08 8.553561890358435e-07 1200 [(0, 1.511), (0, 3.427827), (0, 3.475552), (0, 3.802437), (0, 3.938519), (0, 4.526844), (0, 4.738656), (0, 5.335375), (6, 10.364586), (8, 10.355805), (6, 11.292762), (0, 5.34921), (8, 11.403188), (6, 10.383569), (8, 11.403188), (8, 10.339585)]
CONTINUOUS joint_02 1 0.0001 2.1650273954635771e-07 1200 [(0, 1.511), (0, 3.421476), (0, 3.468407), (0, 3.734503), (0, 3.760455), (0, 4.512939), (0, 4.714386), (0, 5.336336), (6, 10.364649), (8, 10.356327), (6, 11.292762), (0, 5.34527), (8, 11.403198), (6, 10.639038), (8, 11.403197), (8, 10.334689)]
BEST joint_02 4.679279240471512e-07 trace 8.08395681761941 support [ 0  6  7 11 12 23 26 36 40 52 54 59 64 65 83 89]
CONTINUOUS joint_02 1 1e-06 2.722100442949843e-06 1200 [(0, 1.511), (0, 3.422314), (0, 3.469496), (0, 3.731241), (0, 3.773353), (0, 4.509747), (0, 4.712245), (0, 5.335099), (6, 10.364601), (8, 10.355795), (6, 11.292762), (0, 5.344359), (8, 11.403209), (6, 10.423879), (8, 11.403104), (8, 10.354939)]
CONTINUOUS joint_02 1 1e-08 4.4640630580961016e-07 1200 [(0, 1.511), (0, 3.425879), (0, 3.472107), (0, 3.743827), (0, 3.875242), (0, 4.506835), (0, 4.726926), (0, 5.33133), (6, 10.364591), (8, 10.355869), (6, 11.292762), (0, 5.346788), (8, 11.403183), (6, 10.385437), (8, 11.403184), (8, 10.351779)]
CONTINUOUS joint_02 2 0.0001 2.2164576232689644e-07 845 [(0, 1.511), (0, 3.42146), (0, 3.466904), (0, 3.711115), (0, 3.766473), (0, 4.508624), (0, 4.712894), (0, 5.334721), (6, 10.364646), (8, 10.355858), (6, 11.292762), (0, 5.344939), (8, 11.402949), (6, 10.514688), (8, 11.403904), (8, 10.252062)]
CONTINUOUS joint_02 2 1e-06 2.2075536640870783e-06 1200 [(0, 1.511), (0, 3.422631), (0, 3.468184), (0, 3.712276), (0, 3.786134), (0, 4.506339), (0, 4.712343), (0, 5.333566), (6, 10.364614), (8, 10.355775), (6, 11.292762), (0, 5.344376), (8, 11.402882), (6, 10.431361), (8, 11.404038), (8, 10.28097)]
BEST joint_02 4.677170122961242e-07 trace 8.083956820500674 support [ 0  6  7 11 12 23 26 36 40 52 54 59 64 65 83 89]
CONTINUOUS joint_02 2 1e-08 4.836830078125409e-07 1112 [(0, 1.511), (0, 3.425658), (0, 3.470444), (0, 3.72823), (0, 3.869731), (0, 4.506273), (0, 4.723337), (0, 5.331162), (6, 10.364608), (8, 10.355789), (6, 11.292762), (0, 5.346112), (8, 11.403182), (6, 10.393114), (8, 11.403182), (8, 10.317967)]
CONTINUOUS joint_02 3 0.0001 2.3316855379720722e-07 1200 [(0, 1.511), (0, 3.730646), (0, 3.591747), (0, 3.420586), (0, 3.427484), (0, 4.502614), (0, 4.687977), (0, 5.332957), (6, 10.364327), (8, 10.357505), (6, 11.292762), (0, 5.339475), (8, 11.403182), (6, 10.370804), (8, 10.863333), (8, 10.352207)]
CONTINUOUS joint_02 3 1e-06 2.1144014830952772e-06 226 [(0, 1.511), (0, 3.747974), (0, 3.593578), (0, 3.421745), (0, 3.42959), (0, 4.503886), (0, 4.687111), (0, 5.333092), (6, 10.364283), (8, 10.355704), (6, 11.292762), (0, 5.339062), (8, 11.403167), (6, 10.37161), (8, 10.732581), (8, 10.355894)]
CONTINUOUS joint_02 3 1e-08 7.097511217963635e-07 1200 [(0, 1.511), (0, 3.764858), (0, 3.615814), (0, 3.421588), (0, 3.444556), (0, 4.490999), (0, 4.695582), (0, 5.32798), (6, 10.364297), (8, 10.357108), (6, 11.292762), (0, 5.340359), (8, 11.403233), (6, 10.371345), (8, 10.981679), (8, 10.352851)]
CONTINUOUS joint_02 4 0.0001 3.83322557953683e-07 1200 [(0, 1.511), (0, 3.420969), (0, 3.468571), (0, 3.752232), (0, 3.743186), (0, 4.516188), (0, 4.713719), (0, 5.337799), (6, 10.364405), (8, 10.366843), (6, 11.292762), (0, 5.34508), (8, 11.403248), (6, 10.373589), (8, 11.40325), (8, 10.350142)]
BEST joint_02 2.0504333740160402e-07 trace 8.083955842535278 support [ 0  6  7 11 12 23 26 36 40 52 54 59 64 65 83 89]
CONTINUOUS joint_02 4 1e-06 3.6849282147898723e-06 1200 [(0, 1.511), (0, 3.421499), (0, 3.46938), (0, 3.744542), (0, 3.748099), (0, 4.512355), (0, 4.709618), (0, 5.336572), (6, 10.364339), (8, 10.356115), (6, 11.292762), (0, 5.343755), (8, 11.403183), (6, 10.37568), (8, 11.403161), (8, 10.355595)]
CONTINUOUS joint_02 4 1e-08 6.47304475306016e-07 1200 [(0, 1.511), (0, 3.425725), (0, 3.471945), (0, 3.747577), (0, 3.854873), (0, 4.504029), (0, 4.725277), (0, 5.330854), (6, 10.364458), (8, 10.35642), (6, 11.292762), (0, 5.346404), (8, 11.403183), (6, 10.37145), (8, 11.403182), (8, 10.355442)]
CONTINUOUS joint_02 5 0.0001 2.5294104351530987e-07 1200 [(0, 1.511), (0, 3.41664), (0, 3.45784), (0, 3.673717), (0, 3.676223), (0, 4.497882), (0, 4.700927), (0, 5.332981), (6, 10.364645), (8, 10.3552), (6, 11.292762), (0, 5.342034), (8, 11.403193), (6, 10.559588), (8, 11.403206), (8, 10.383218)]
CONTINUOUS joint_02 5 1e-06 3.4209233526882225e-06 1200 [(0, 1.511), (0, 3.417817), (0, 3.457162), (0, 3.665981), (0, 3.678483), (0, 4.492232), (0, 4.698488), (0, 5.330867), (6, 10.364586), (8, 10.355549), (6, 11.292762), (0, 5.34112), (8, 11.402781), (6, 10.413156), (8, 11.403949), (8, 10.366105)]
CONTINUOUS joint_02 5 1e-08 1.7505376907293407e-07 373 [(0, 1.511), (0, 3.420088), (0, 3.455416), (0, 3.663678), (0, 3.677809), (0, 4.478489), (0, 4.700664), (0, 5.325226), (6, 10.364581), (8, 10.355729), (6, 11.292762), (0, 5.341292), (8, 11.400657), (6, 10.388828), (8, 11.408107), (8, 10.357119)]
CONTINUOUS joint_02 6 0.0001 3.1333263640734274e-07 1200 [(0, 1.511), (0, 3.409882), (0, 3.406115), (0, 3.574864), (0, 3.567763), (0, 4.457152), (0, 4.683461), (0, 5.31863), (6, 10.364818), (8, 10.358209), (6, 11.292762), (0, 5.337766), (8, 11.399923), (6, 10.352768), (8, 11.404644), (8, 10.353165)]
CONTINUOUS joint_02 6 1e-06 3.8792489355240647e-07 214 [(0, 1.511), (0, 3.407514), (0, 3.410436), (0, 3.574368), (0, 3.57425), (0, 4.465028), (0, 4.683635), (0, 5.321993), (6, 10.364874), (8, 10.356661), (6, 11.292762), (0, 5.337719), (8, 11.391324), (6, 10.348087), (8, 11.408423), (8, 10.35466)]
CONTINUOUS joint_02 6 1e-08 4.856944791759562e-07 163 [(0, 1.511), (0, 3.407775), (0, 3.41017), (0, 3.574401), (0, 3.573932), (0, 4.464237), (0, 4.68366), (0, 5.321643), (6, 10.364885), (8, 10.356347), (6, 11.292762), (0, 5.337725), (8, 11.389894), (6, 10.347275), (8, 11.409036), (8, 10.354957)]
CONTINUOUS joint_02 7 0.0001 5.665605271968725e-08 1200 [(0, 1.511), (0, 3.422772), (0, 3.461451), (0, 3.694291), (0, 3.715377), (0, 4.481042), (0, 4.706446), (0, 5.325216), (6, 10.364502), (8, 10.355789), (6, 11.292762), (0, 5.342521), (8, 11.402045), (6, 10.37185), (8, 11.405583), (8, 10.3546)]
CONTINUOUS joint_02 7 1e-06 2.8319455780412284e-07 161 [(0, 1.511), (0, 3.422173), (0, 3.4611), (0, 3.691287), (0, 3.713705), (0, 4.48433), (0, 4.705684), (0, 5.326657), (6, 10.364482), (8, 10.35574), (6, 11.292762), (0, 5.342322), (8, 11.402907), (6, 10.372748), (8, 11.403744), (8, 10.358082)]
CONTINUOUS joint_02 7 1e-08 3.0081348648784624e-07 46 [(0, 1.511), (0, 3.422196), (0, 3.461056), (0, 3.691136), (0, 3.713542), (0, 4.484087), (0, 4.705708), (0, 5.326559), (6, 10.364481), (8, 10.355727), (6, 11.292762), (0, 5.34233), (8, 11.403262), (6, 10.372775), (8, 11.402984), (8, 10.359104)]
STAGE_ERROR continuous StageTimeout stage allowance exhausted
BEST joint_02 2.0504333740160402e-07 trace 8.083955842535278 support [0, 6, 7, 11, 12, 23, 26, 36, 40, 52, 54, 59, 64, 65, 83, 89]
