/usr/lib/python3/dist-packages/scipy/optimize/_optimize.py:284: RuntimeWarning: Values in x were outside bounds during a minimize step, clipping to bounds
  warnings.warn("Values in x were outside bounds during a "
1 0.01 0.36139893613998986 01234321012343210 [1.754 1.642 1.56  1.513 1.653 1.853 1.628 1.79 ]
2 0.01 0.3458015294034096 32410142324101423 [1.371 1.768 1.611 2.345 1.645 1.843 1.638 1.796]
3 0.02 0.3355688189446341 12340432123404321 [1.602 1.823 1.707 2.004 1.675 1.87  1.55  1.707]
6 0.04 0.33466457586797804 30421240304212403 [1.514 1.807 1.7   2.177 1.691 1.826 1.611 1.707]
16 0.09 0.32627288591296655 01243421012434210 [1.71  1.714 1.737 2.    1.652 1.853 1.629 1.79 ]
105 0.55 0.2882332211102471 01243421012431240 [1.942 1.998 1.905 2.34  1.722 1.866 1.608 1.766]
168 0.77 0.27364626601393793 34210124342103241 [1.923 1.981 1.825 2.151 1.813 2.128 1.678 1.934]
327 1.25 0.2609635753779993 30421240304213420 [1.843 2.166 1.938 2.47  1.907 2.196 1.644 1.833]
628 2.08 0.2514762977550705 24310124342103241 [2.056 2.062 1.868 2.183 1.919 2.298 1.729 2.007]
1883 6.34 0.24288121542302435 20341204304213402 [2.112 2.135 1.975 2.155 2.055 2.384 1.681 1.957]
2110 7.21 0.23854239172941655 24310241342031243 [2.187 2.297 1.95  2.447 1.907 2.57  1.632 1.896]
2825 10.21 0.2360415973521142 24310124342103421 [2.157 2.258 1.972 2.403 1.915 2.305 1.726 1.999]
3615 13.26 0.2254609301779377 24310241342031423 [2.261 2.606 2.011 2.828 1.903 2.579 1.625 1.878]
4714 17.09 0.2243863328665984 20431204340213402 [2.16  2.315 2.078 2.403 2.095 2.436 1.711 1.994]
4917 17.91 0.21818966542503365 02431024134203142 [2.244 2.364 2.022 2.635 2.234 2.588 1.647 1.956]
5562 20.92 0.19310855416443584 42031024134203142 [2.368 2.492 2.131 2.634 2.516 2.771 1.759 2.085]
5824 22.22 0.19298824443406368 24310241342031402 [2.387 2.498 2.127 2.77  2.491 2.684 1.728 2.123]
6546 24.74 0.18236327260778934 42031024134201342 [2.439 2.526 2.212 2.626 2.491 2.815 1.846 2.214]
18281 77.81 0.17759952605556495 42013024314203142 [2.421 2.53  2.184 2.627 2.616 2.955 1.879 2.26 ]
finished 139172 600.0024471282959
