/usr/lib/python3/dist-packages/scipy/optimize/_optimize.py:284: RuntimeWarning: Values in x were outside bounds during a minimize step, clipping to bounds
  warnings.warn("Values in x were outside bounds during a "
1 0.01 0.36139893613998986 01234321012343210 [1.754 1.642 1.56  1.513 1.653 1.853 1.628 1.79 ]
2 0.02 0.35757277303540885 01432341014323410 [1.373 1.755 1.61  2.334 1.627 1.781 1.498 1.833]
3 0.03 0.33466457586797804 30421240304212403 [1.514 1.807 1.7   2.177 1.691 1.826 1.611 1.707]
11 0.07 0.33291661751818163 32140412321404123 [1.575 1.799 1.685 2.004 1.651 1.841 1.631 1.791]
144 0.72 0.3313248682078315 04321234043212304 [1.717 1.849 1.715 1.905 1.676 1.859 1.553 1.707]
158 0.83 0.3229694586289343 12430342124303241 [1.684 1.89  1.729 2.202 1.664 1.882 1.54  1.701]
183 0.9 0.31169772518565564 32140412321404132 [1.586 1.788 1.713 1.996 1.782 2.042 1.65  1.927]
200 0.97 0.3065275995670741 21403041214030214 [1.761 1.989 1.795 2.15  1.715 1.815 1.622 1.75 ]
225 1.36 0.3022743809158887 32140412321402413 [1.745 1.975 1.8   2.262 1.688 1.861 1.635 1.78 ]
320 1.72 0.2827457816280811 21403041214034120 [1.747 1.898 1.877 2.291 1.923 1.907 1.654 1.919]
567 2.48 0.2544102785967556 30421240304210342 [1.906 2.205 1.942 2.34  1.899 2.236 1.695 1.885]
1331 5.46 0.25342172184134376 30421240340210432 [1.907 2.127 1.99  2.428 1.89  2.176 1.72  1.889]
1591 7.01 0.2484390334860724 03421240304213042 [1.904 2.215 1.988 2.341 1.95  2.299 1.692 1.921]
2788 12.03 0.23981498316472516 20341240304213042 [2.034 2.187 2.004 2.186 2.044 2.37  1.722 1.98 ]
2990 13.05 0.23513791367548856 24301240304210342 [2.104 2.336 2.013 2.388 1.966 2.343 1.714 1.93 ]
3505 15.73 0.23318562645397914 24301240304213042 [2.067 2.339 2.036 2.383 2.036 2.411 1.678 1.95 ]
3729 16.63 0.23135187062865503 40123043214031204 [2.446 2.718 2.186 2.637 1.937 1.89  1.622 1.93 ]
4311 18.45 0.22933928347336963 30412304214031240 [2.171 2.397 2.038 2.444 2.223 2.103 1.622 2.078]
5016 20.79 0.22927458586229282 24031240304213402 [1.968 2.295 2.048 2.485 2.107 2.438 1.716 1.988]
5416 22.29 0.22382556461991787 30412304214032140 [2.205 2.401 2.031 2.408 2.17  2.164 1.712 2.089]
5766 23.97 0.21706500056170863 03412304214031240 [2.195 2.357 2.069 2.379 2.384 2.215 1.681 2.209]
6145 25.55 0.19495703483920737 04213041240321403 [2.343 2.586 2.169 2.641 2.444 2.405 1.734 2.241]
7534 31.38 0.19432935381396851 04123042140312430 [2.359 2.566 2.154 2.648 2.46  2.485 1.725 2.226]
7970 33.45 0.19016989074541532 04123042140312403 [2.346 2.571 2.183 2.655 2.492 2.486 1.769 2.269]
8493 36.25 0.18850393662114773 40321304124031420 [2.36  2.355 2.224 2.51  2.617 2.47  1.834 2.356]
9495 41.64 0.18538070022398742 40321304124031240 [2.433 2.468 2.237 2.461 2.618 2.488 1.83  2.365]
finished 141467 600.0037910938263
