/usr/lib/python3/dist-packages/torch/cuda/__init__.py:61: FutureWarning: The pynvml package is deprecated. Please install nvidia-ml-py instead. If you did not install pynvml directly, please report this to the maintainers of the package that installed pynvml for you.
  import pynvml  # type: ignore[import]
{"event": "objective", "mode": "energy", "evaluations": 100, "loss": 2.0939575095981766, "energy_excess": 0.0020939575095981766, "elapsed": 2.6678236869629472}
{"event": "objective", "mode": "energy", "evaluations": 200, "loss": 0.5773245966496088, "energy_excess": 0.0005773245966496088, "elapsed": 3.2089056989643723}
{"event": "checkpoint", "label": "energy_D4_010", "evaluations": 259, "passed": false, "valid": true, "core_score": 0.07030935324523083, "worst_family_score": 0.02500589241545694, "dimension": 4, "energy_excess": 0.00035985044863617865, "order_max_relative_error": 0.9997643589215277, "density_max_relative_error": 0.9996569856165944, "minimum_density_eigenvalue": 0.00037671636963996916, "second_transfer_modulus": 0.929197184086911, "elapsed": 3.5478372159413993}
{"event": "objective", "mode": "energy", "evaluations": 300, "loss": 0.2813288888319221, "energy_excess": 0.0002813288888319221, "elapsed": 3.7404680689796805}
{"event": "objective", "mode": "energy", "evaluations": 400, "loss": 0.23555993962598443, "energy_excess": 0.00023555993962598443, "elapsed": 4.1875719300005585}
{"event": "objective", "mode": "energy", "evaluations": 500, "loss": 0.21880490250203444, "energy_excess": 0.00021880490250203444, "elapsed": 4.588473315932788}
{"event": "checkpoint", "label": "energy_D4_020", "evaluations": 549, "passed": false, "valid": true, "core_score": 0.08403748418455724, "worst_family_score": 0.025044769478125856, "dimension": 4, "energy_excess": 0.00021193575263667164, "order_max_relative_error": 0.9982124220322748, "density_max_relative_error": 0.9955514033669693, "minimum_density_eigenvalue": 0.0006707123872168316, "second_transfer_modulus": 0.944423869884208, "elapsed": 4.8873290659394115}
{"event": "objective", "mode": "energy", "evaluations": 600, "loss": 0.18301561065814376, "energy_excess": 0.00018301561065814376, "elapsed": 5.157437013927847}
{"event": "objective", "mode": "energy", "evaluations": 700, "loss": 0.1801493227036044, "energy_excess": 0.0001801493227036044, "elapsed": 5.621576211997308}
{"event": "objective", "mode": "energy", "evaluations": 800, "loss": 0.17475360496743697, "energy_excess": 0.00017475360496743697, "elapsed": 6.0449376290198416}
{"event": "checkpoint", "label": "energy_D4_030", "evaluations": 807, "passed": false, "valid": true, "core_score": 0.09014438383124797, "worst_family_score": 0.02513501357486914, "dimension": 4, "energy_excess": 0.00017428784645834305, "order_max_relative_error": 0.9946284662044452, "density_max_relative_error": 0.9843872980935957, "minimum_density_eigenvalue": 0.0008951360083347369, "second_transfer_modulus": 0.9528558337485489, "elapsed": 6.119776303996332}
{"event": "checkpoint", "label": "energy_D4", "evaluations": 807, "passed": false, "valid": true, "core_score": 0.09014438383124797, "worst_family_score": 0.02513501357486914, "dimension": 4, "energy_excess": 0.00017428784645834305, "order_max_relative_error": 0.9946284662044452, "density_max_relative_error": 0.9843872980935957, "minimum_density_eigenvalue": 0.0008951360083347369, "second_transfer_modulus": 0.9528558337485489, "elapsed": 6.150502762990072}
{"event": "objective", "mode": "energy", "evaluations": 900, "loss": 0.020759417396876145, "energy_excess": 2.0759417396876145e-05, "elapsed": 6.452425151015632}
{"event": "objective", "mode": "energy", "evaluations": 1000, "loss": 0.01488778653446765, "energy_excess": 1.488778653446765e-05, "elapsed": 6.915586882038042}
{"event": "checkpoint", "label": "energy_D8_010", "evaluations": 1022, "passed": false, "valid": true, "core_score": 0.3441400254261051, "worst_family_score": 0.04075731438376401, "dimension": 8, "energy_excess": 1.4539202851215904e-05, "order_max_relative_error": 0.613386833209966, "density_max_relative_error": 0.09952122657059692, "minimum_density_eigenvalue": 1.436273465081349e-06, "second_transfer_modulus": 0.987829077409141, "elapsed": 7.048118112958036}
{"event": "objective", "mode": "energy", "evaluations": 1100, "loss": 0.014359942776875911, "energy_excess": 1.4359942776875911e-05, "elapsed": 7.380086886929348}
{"event": "checkpoint", "label": "energy_D8_020", "evaluations": 1162, "passed": false, "valid": true, "core_score": 0.3452418742969733, "worst_family_score": 0.04115005282952883, "dimension": 8, "energy_excess": 1.4359772311456354e-05, "order_max_relative_error": 0.6075326343702838, "density_max_relative_error": 0.09417134250565018, "minimum_density_eigenvalue": 1.587016522298363e-06, "second_transfer_modulus": 0.9879590573006202, "elapsed": 7.661313258926384}
{"event": "objective", "mode": "energy", "evaluations": 1200, "loss": 0.014359772312788621, "energy_excess": 1.4359772312788621e-05, "elapsed": 7.778329222928733}
{"event": "checkpoint", "label": "energy_D8_030", "evaluations": 1202, "passed": false, "valid": true, "core_score": 0.3452418742969733, "worst_family_score": 0.04115005282952883, "dimension": 8, "energy_excess": 1.4359772311456354e-05, "order_max_relative_error": 0.6075326343702838, "density_max_relative_error": 0.09417134250565018, "minimum_density_eigenvalue": 1.587016522298363e-06, "second_transfer_modulus": 0.9879590573006202, "elapsed": 7.825687670963816}
{"event": "checkpoint", "label": "energy_D8", "evaluations": 1202, "passed": false, "valid": true, "core_score": 0.3452418742969733, "worst_family_score": 0.04115005282952883, "dimension": 8, "energy_excess": 1.4359772311456354e-05, "order_max_relative_error": 0.6075326343702838, "density_max_relative_error": 0.09417134250565018, "minimum_density_eigenvalue": 1.587016522298363e-06, "second_transfer_modulus": 0.9879590573006202, "elapsed": 7.867720186943188}
{"event": "objective", "mode": "energy", "evaluations": 1300, "loss": 0.007923127527620366, "energy_excess": 7.923127527620366e-06, "elapsed": 8.263168088975362}
{"event": "objective", "mode": "energy", "evaluations": 1400, "loss": 0.00517697851809551, "energy_excess": 5.17697851809551e-06, "elapsed": 8.794663960929029}
{"event": "checkpoint", "label": "energy_D16_010", "evaluations": 1421, "passed": false, "valid": true, "core_score": 0.41154638294720086, "worst_family_score": 0.06970378591740911, "dimension": 16, "energy_excess": 4.899455727125357e-06, "order_max_relative_error": 0.3586605759064808, "density_max_relative_error": 0.015716846184977484, "minimum_density_eigenvalue": 1.5494224129840908e-10, "second_transfer_modulus": 0.9928531263002103, "elapsed": 9.065385991008952}
{"event": "objective", "mode": "energy", "evaluations": 1500, "loss": 0.0034046785353236686, "energy_excess": 3.4046785353236686e-06, "elapsed": 9.601957050035708}
{"event": "objective", "mode": "energy", "evaluations": 1600, "loss": 0.0022244984549946167, "energy_excess": 2.2244984549946167e-06, "elapsed": 10.125979368924163}
{"event": "checkpoint", "label": "energy_D16_020", "evaluations": 1640, "passed": false, "valid": true, "core_score": 0.49477864119005255, "worst_family_score": 0.12112473242651962, "dimension": 16, "energy_excess": 2.147527512041947e-06, "order_max_relative_error": 0.2063988047624069, "density_max_relative_error": 0.06729962275275847, "minimum_density_eigenvalue": 3.667441543058278e-11, "second_transfer_modulus": 0.9953458402576216, "elapsed": 10.502085800981149}
{"event": "objective", "mode": "energy", "evaluations": 1700, "loss": 0.002060432631401099, "energy_excess": 2.060432631401099e-06, "elapsed": 10.9698696709238}
{"event": "objective", "mode": "energy", "evaluations": 1800, "loss": 0.0018810921580403317, "energy_excess": 1.8810921580403317e-06, "elapsed": 11.563867411925457}
{"event": "checkpoint", "label": "energy_D16_030", "evaluations": 1851, "passed": false, "valid": true, "core_score": 0.5254650244720558, "worst_family_score": 0.14508798280111296, "dimension": 16, "energy_excess": 1.821980911254073e-06, "order_max_relative_error": 0.17230923965818778, "density_max_relative_error": 0.045362137022542215, "minimum_density_eigenvalue": 1.6267909044230141e-10, "second_transfer_modulus": 0.9958338441126386, "elapsed": 12.018776495940983}
{"event": "checkpoint", "label": "energy_D16", "evaluations": 1851, "passed": false, "valid": true, "core_score": 0.5254650244720558, "worst_family_score": 0.14508798280111296, "dimension": 16, "energy_excess": 1.821980911254073e-06, "order_max_relative_error": 0.17230923965818778, "density_max_relative_error": 0.045362137022542215, "minimum_density_eigenvalue": 1.6267909044230141e-10, "second_transfer_modulus": 0.9958338441126386, "elapsed": 12.143936046981253}
{"event": "objective", "mode": "energy", "evaluations": 1900, "loss": 0.0017026062011371579, "energy_excess": 1.7026062011371579e-06, "elapsed": 12.76050521095749}
{"event": "objective", "mode": "energy", "evaluations": 2000, "loss": 0.0014272637873791183, "energy_excess": 1.4272637873791183e-06, "elapsed": 14.145691546960734}
{"event": "checkpoint", "label": "energy_D24_010", "evaluations": 2071, "passed": false, "valid": false, "core_score": 0.0, "worst_family_score": 0.0, "dimension": null, "energy_excess": null, "order_max_relative_error": null, "density_max_relative_error": null, "minimum_density_eigenvalue": null, "second_transfer_modulus": null, "elapsed": 16.210386288003065}
{"event": "objective", "mode": "energy", "evaluations": 2100, "loss": 0.0013623867674006362, "energy_excess": 1.3623867674006362e-06, "elapsed": 16.43758596596308}
{"event": "objective", "mode": "energy", "evaluations": 2200, "loss": 0.0013121087905076934, "energy_excess": 1.3121087905076934e-06, "elapsed": 17.228746281936765}
{"event": "checkpoint", "label": "energy_D24_020", "evaluations": 2290, "passed": false, "valid": false, "core_score": 0.0, "worst_family_score": 0.0, "dimension": null, "energy_excess": null, "order_max_relative_error": null, "density_max_relative_error": null, "minimum_density_eigenvalue": null, "second_transfer_modulus": null, "elapsed": 19.058407600037754}
{"event": "objective", "mode": "energy", "evaluations": 2300, "loss": 0.0013000151339870314, "energy_excess": 1.3000151339870314e-06, "elapsed": 19.148102681036107}
{"event": "objective", "mode": "energy", "evaluations": 2400, "loss": 0.0012441713326261095, "energy_excess": 1.2441713326261095e-06, "elapsed": 19.973262751009315}
{"event": "objective", "mode": "energy", "evaluations": 2500, "loss": 0.0011866741489452437, "energy_excess": 1.1866741489452437e-06, "elapsed": 20.75865025795065}
{"event": "checkpoint", "label": "energy_D24_030", "evaluations": 2509, "passed": false, "valid": true, "core_score": 0.5843235563975557, "worst_family_score": 0.19950794000072367, "dimension": 24, "energy_excess": 1.1674825570739955e-06, "order_max_relative_error": 0.12530829600019588, "density_max_relative_error": 0.030757092815014153, "minimum_density_eigenvalue": 1.0922829150313247e-11, "second_transfer_modulus": 0.9967132144372342, "elapsed": 21.978823167970404}
{"event": "checkpoint", "label": "energy_D24", "evaluations": 2509, "passed": false, "valid": true, "core_score": 0.5843235563975557, "worst_family_score": 0.19950794000072367, "dimension": 24, "energy_excess": 1.1674825570739955e-06, "order_max_relative_error": 0.12530829600019588, "density_max_relative_error": 0.030757092815014153, "minimum_density_eigenvalue": 1.0922829150313247e-11, "second_transfer_modulus": 0.9967132144372342, "elapsed": 23.274419966968708}
{"event": "objective", "mode": "fit", "evaluations": 2600, "loss": 0.0058449776487666995, "energy_excess": 1.8869228730622467e-06, "elapsed": 27.504533127998002}
{"event": "objective", "mode": "fit", "evaluations": 2700, "loss": 0.004743783039493061, "energy_excess": 1.918123367694591e-06, "elapsed": 32.2510581179522}
{"event": "checkpoint", "label": "fit_0_010", "evaluations": 2728, "passed": true, "valid": true, "core_score": 1.0, "worst_family_score": 1.0, "dimension": 24, "energy_excess": 1.9427553101802886e-06, "order_max_relative_error": 0.0033687173338967646, "density_max_relative_error": 0.002110705841025684, "minimum_density_eigenvalue": 8.449745290028682e-12, "second_transfer_modulus": 0.9978537366179776, "elapsed": 35.168365529039875}
{"event": "finished", "best_quality": 1.0, "best_core": 1.0, "elapsed": 35.17055019096006}
