0 4 0.1 39.93902898916821 39.02045219 1.0
1 8 0.03 39.2044292485515 38.916541980000005 1.0
2 14 0.01 39.09020772898663 38.76854526 1.0
pair 3 14 39.08583720631568 38.276571600000004
4 14 0.001 39.084297292752225 38.11259037 1.0
5 14 0.0001 39.084275636565316 37.956624171 1.0
6 14 1e-05 39.08427143611337 37.796627221 1.0
7 14 1e-05 39.084269953597705 37.612754511000006 1.0
8 14 0.0 39.08426893310197 37.272983541 2.027940097164112
9 14 0.0 39.08426873414148 36.981218441 2.0299934330144818
10 14 0.0 39.084268708745924 36.737222901 0.1
11 14 0.0 39.084268706082284 36.457367961 2.5592475155329346
12 14 0.0 39.084268703293624 36.113373431 2.949417425750374
13 14 0.0 39.0842687032559 35.853380461 1.1446008150052185
14 14 0.0 39.084268703231665 35.613384481000004 2.1624478172393897
15 14 0.0 39.08426870322558 35.269411692000006 2.340816677416736
16 14 0.0 39.08426870322506 35.041414572 0.5004440331992573
17 14 0.0 39.08426870322491 34.865421702000006 0.1
18 14 0.0 39.08426870322485 34.685424792000006 0.1
pair 19 14 39.08496437916121 34.173836472000005
