[
  {
    "index": 3,
    "fields": [
      2.378314394267301,
      2.9856825168623566,
      3.462642561533412,
      2.9903933792555537,
      1.965517048284944,
      2.2384772923359657,
      -2.485724074044872,
      -2.206485748838399,
      -3.391561028388971,
      -3.153234784558283,
      -2.404288853430281,
      -2.379732703278726
    ],
    "orientation": -1,
    "base": 0.13219156009995336,
    "core": 0.06518819991288341,
    "worst": 0.060032429473277284,
    "family_means": [
      0.07324461004010888,
      0.060032429473277284,
      0.062840559280335,
      0.0646352008578125
    ],
    "family_floor_fractions": [
      0.9375,
      0.8958333333333334,
      0.90625,
      0.9270833333333334
    ],
    "banks_passed": 3,
    "bootstrap_pass_fraction": 0.9578333333333333
  },
  {
    "index": 11,
    "fields": [
      2.27193213441288,
      2.9004223581562703,
      3.334988789908692,
      2.841025273979518,
      1.8564786701840696,
      2.1502037465624704,
      -2.4165350248661253,
      -2.0963593567047516,
      -3.258393810855906,
      -2.9969894424611083,
      -2.324974318804935,
      -2.2617990195110735
    ],
    "orientation": -1,
    "base": 0.06608533461540184,
    "core": 0.06483750110813818,
    "worst": 0.05952139050277134,
    "family_means": [
      0.07014482932091069,
      0.06098416287048639,
      0.05952139050277134,
      0.06869962173838433
    ],
    "family_floor_fractions": [
      0.9583333333333334,
      0.90625,
      0.8958333333333334,
      0.9270833333333334
    ],
    "banks_passed": 3,
    "bootstrap_pass_fraction": 0.95
  },
  {
    "index": 12,
    "fields": [
      2.382481060933968,
      2.9898491835290235,
      3.466809228200079,
      2.9945600459222206,
      1.9696837149516107,
      2.2176439590026327,
      -2.506557407378205,
      -2.2023190821717322,
      -3.387394361722304,
      -3.1490681178916162,
      -2.400122186763614,
      -2.3755660366120592
    ],
    "orientation": -1,
    "base": 0.16278833907236334,
    "core": 0.06487902464926197,
    "worst": 0.058729965023402386,
    "family_means": [
      0.07587746608151986,
      0.060155153151515255,
      0.06475351434061037,
      0.058729965023402386
    ],
    "family_floor_fractions": [
      0.96875,
      0.90625,
      0.9479166666666666,
      0.8958333333333334
    ],
    "banks_passed": 3,
    "bootstrap_pass_fraction": 0.9409166666666666
  },
  {
    "index": 9,
    "fields": [
      2.330397727600634,
      2.9377658501956896,
      3.414725894866745,
      2.9424767125888867,
      1.917600381618277,
      2.1905606256692987,
      -2.4586407407115383,
      -2.1544024155050656,
      -3.3394776950556375,
      -3.1011514512249496,
      -2.3522055200969474,
      -2.3276493699453926
    ],
    "orientation": -1,
    "base": 0.0757919643868385,
    "core": 0.06420506624360178,
    "worst": 0.05784542199164139,
    "family_means": [
      0.06998324079868008,
      0.05784542199164139,
      0.06461125015258713,
      0.06438035203149857
    ],
    "family_floor_fractions": [
      0.9270833333333334,
      0.875,
      0.9270833333333334,
      0.9791666666666666
    ],
    "banks_passed": 3,
    "bootstrap_pass_fraction": 0.9101666666666667
  },
  {
    "index": 6,
    "fields": [
      2.378314394267301,
      2.9856825168623566,
      3.487642561533412,
      2.9903933792555537,
      1.965517048284944,
      2.2384772923359657,
      -2.5107240740448717,
      -2.206485748838399,
      -3.391561028388971,
      -3.153234784558283,
      -2.404288853430281,
      -2.379732703278726
    ],
    "orientation": -1,
    "base": 0.11776557892819456,
    "core": 0.06363595358118722,
    "worst": 0.056916570082161555,
    "family_means": [
      0.0708150230868365,
      0.056916570082161555,
      0.061634095138802754,
      0.06517812601694804
    ],
    "family_floor_fractions": [
      0.9375,
      0.8958333333333334,
      0.9166666666666666,
      0.9270833333333334
    ],
    "banks_passed": 3,
    "bootstrap_pass_fraction": 0.8734166666666666
  }
]
