/usr/lib/python3/dist-packages/scipy/optimize/_optimize.py:284: RuntimeWarning: Values in x were outside bounds during a minimize step, clipping to bounds
  warnings.warn("Values in x were outside bounds during a "
swap 0 old 3 new 805 objective 0.8876737779624361
swap 1 old 151 new 482 objective 0.6863559298128876
swap 2 old 263 new 492 objective 0.5899926778272955
swap 3 old 656 new 722 objective 0.547874993748833
swap 4 old 739 new 464 objective 0.49158875989807577
swap 5 old 440 new 484 objective 0.4690512199063056
swap 6 old 432 new 831 objective 0.44320867171412737
swap 7 old 324 new 112 objective 0.43273031521056626
swap 8 old 69 new 126 objective 0.4237793460250878
swap 9 old 112 new 185 objective 0.41155704469815774
swap 10 old 676 new 353 objective 0.3946881086085519
swap 11 old 599 new 235 objective 0.39117698166424675
swap 12 old 108 new 736 objective 0.389120379001225
swap 13 old 70 new 124 objective 0.386258184387281
swap 14 old 218 new 781 objective 0.38392013958840593
swap 15 old 722 new 405 objective 0.3811562574644778
swap 16 old 23 new 0 objective 0.37991801797548796
swap 17 old 162 new 430 objective 0.3794989092690091
swap 18 old 235 new 156 objective 0.37832681662174744
swap 19 old 156 new 263 objective 0.3774014553729137
swap 20 old 353 new 701 objective 0.3772783799640441
swap 21 old 464 new 86 objective 0.37726630805137046
swap 22 old 430 new 730 objective 0.3772658148807718
exchange converged 23 0.3772658148807718
exact prune 30 0.36898800423868094
exact prune 25 0.37524408434752266
exact prune 24 0.377265814876678
augment 0 0.3772658148807718 0.377265814876678
exchange converged 0 0.37726581487701183
design_basestart.json cost 1600000 support 24
/srv/home/xuandong/mnt/jingxu/ALE/tasks_v4/probing_quantum_processor_performance_with_pygsti__2002_12476/concept_1/participant/input/development.npz 0.6357340896423636 {'near_nominal': 0.6574154593808279, 'long_coherence': 0.6796837477386759, 'detuned': 0.6565543009715133, 'anisotropic': 0.5546507092134547, 'readout': 0.658929714888314, 'mixed': 0.617636692431341}
training.npz 0.6461392662774371 {'near_nominal': 0.6578742109550473, 'long_coherence': 0.67273630408037, 'detuned': 0.6533011476435517, 'anisotropic': 0.5955188659574717, 'readout': 0.6516336515564735, 'mixed': 0.6542250922965105}
validation.npz 0.640847407560782 {'near_nominal': 0.6600422231991901, 'long_coherence': 0.6772333345289128, 'detuned': 0.6586915713328013, 'anisotropic': 0.6111284748396684, 'readout': 0.6476808128345257, 'mixed': 0.6132126717392987}
