continuous 0 1.5558238173397805
continuous 100 0.31484941268465866
continuous 200 0.31457955568241486
continuous 300 0.3145353437610094
exact prune 95 0.31449060469978113
exact prune 90 0.3144906045329671
exact prune 85 0.31449060472306495
exact prune 80 0.3144906050731322
exact prune 75 0.31449060684594304
exact prune 70 0.3144906836217317
exact prune 65 0.31449385346755543
exact prune 60 0.31452358620593984
exact prune 55 0.3146950581853628
exact prune 50 0.3151686665901952
exact prune 45 0.3158206394377716
exact prune 40 0.31755463121151406
exact prune 35 0.32040140194304323
exact prune 30 0.333932623473486
exact prune 25 0.3521348820546546
exact prune 24 0.3609296529010845
swap 0 old 151 new 231 objective 0.3573061590422448
swap 1 old 86 new 736 objective 0.3520858671903586
swap 2 old 476 new 86 objective 0.35072666984542544
swap 3 old 59 new 405 objective 0.3493437991735031
exchange converged 4 0.3493437991735031
exact prune 30 0.34256386946135314
exact prune 25 0.3439479237934673
exact prune 24 0.35272030543297733
augment 0 0.34934379917350306 0.35272030543297733
exchange converged 0 0.34934379917350317
design_exact.json cost 1599488 support 24
/srv/home/xuandong/mnt/jingxu/ALE/tasks_v4/probing_quantum_processor_performance_with_pygsti__2002_12476/concept_1/participant/input/development.npz 0.641406266365034 {'near_nominal': 0.683901742073958, 'long_coherence': 0.7026269438742507, 'detuned': 0.674935433877599, 'anisotropic': 0.5006507755563512, 'readout': 0.6935330843820469, 'mixed': 0.6043621528304648}
training.npz 0.6468177606758452 {'near_nominal': 0.681250077523907, 'long_coherence': 0.6928533890655298, 'detuned': 0.6711605161671581, 'anisotropic': 0.5415267970564042, 'readout': 0.6815019326705036, 'mixed': 0.6326521727444501}
validation.npz 0.6313228986845097 {'near_nominal': 0.6831995949739391, 'long_coherence': 0.6915500627118543, 'detuned': 0.6763573371600712, 'anisotropic': 0.5498344203227219, 'readout': 0.6777718304920487, 'mixed': 0.5579919867313045}
