experiments/cold_cross_even.json
cpu_user=2.03 cpu_system=0.15 wall=2.21 maxrss_kib=48844
{"energy": 9.115931587968097, "parity": 1.0, "norm_after_canonicalization": 0.9999999999999998, "max_bond": 10}
experiments/cold_cross_odd.json
cpu_user=2.62 cpu_system=0.19 wall=2.89 maxrss_kib=48084
{"energy": 11.719361384962959, "parity": -1.0, "norm_after_canonicalization": 0.9999999999999981, "max_bond": 8}
experiments/cold_deep_even.json
cpu_user=3.30 cpu_system=0.38 wall=3.82 maxrss_kib=52820
{"energy": -182.5979169316667, "parity": 1.0, "norm_after_canonicalization": 1.0000000000000007, "max_bond": 12}
experiments/cold_deep_odd.json
cpu_user=0.64 cpu_system=0.09 wall=0.75 maxrss_kib=45480
{"energy": -34.12920787932056, "parity": -1.0, "norm_after_canonicalization": 0.9999999999999998, "max_bond": 6}
experiments/cold_interface.json
cpu_user=2.59 cpu_system=0.29 wall=3.13 maxrss_kib=59468
{"energy": -9.334238992893475, "parity": 6.669816293318312e-28, "norm_after_canonicalization": 0.9999999999999974, "max_bond": 12}
experiments/cold_large_odd.json
cpu_user=5.92 cpu_system=0.28 wall=6.39 maxrss_kib=52448
{"energy": 18.798105564673627, "parity": -1.0, "norm_after_canonicalization": 0.9999999999999988, "max_bond": 12}
experiments/cold_large_sym.json
cpu_user=1.66 cpu_system=0.21 wall=2.12 maxrss_kib=50416
{"energy": 19.863475784654522, "parity": 1.0, "norm_after_canonicalization": 1.000000000000003, "max_bond": 12}
experiments/cold_weak_link.json
cpu_user=1.71 cpu_system=0.23 wall=2.04 maxrss_kib=51664
{"energy": -2.1357917130477073, "parity": 7.800349239891622e-18, "norm_after_canonicalization": 1.0000000000000027, "max_bond": 10}
