0 4 19.86406971631077 3.364010557116437e-06 39.490311479999995
1 12 19.863475787418384 3.01265679070184e-11 38.695499469999994
2 12 19.863475787425045 3.016253913301625e-11 37.585797891
single 0 19.86347578480126 37.34770636099999
single 1 19.863475784704246 37.139840250999995
single 2 19.863475784674293 36.996165710999996
single 3 19.86347578465453 36.866682600999994
{"case": "large_sym", "cpu": 2.755768299, "energy": 19.863475784654536, "parity": 1.0, "norm_after_canonicalization": 0.9999999999999991, "max_bond": 12}
0 4 18.831193547565867 0.0003038682084004485 39.42280344
1 12 18.798223232012024 2.5479893928093134e-07 37.745317991
2 12 18.798114293876626 2.54678475863912e-07 34.585381932000004
3 12 18.798114305658327 2.546639450429211e-07 31.605627413
4 12 18.798114305836766 2.546639390477168e-07 29.233301934
single 0 18.798112125038745 28.878473854
single 1 18.798110850223257 28.569706294
single 2 18.798109653480736 28.253257884
single 3 18.79810860393279 27.873778445
single 4 18.798107735180697 27.492233775000003
single 5 18.7981070443494 27.116361585
single 6 18.798106517464714 26.746950495
single 7 18.798106138786885 26.385984745000002
single 8 18.79810588733997 26.029909095
single 9 18.79810573475899 25.689302405
single 10 18.798105649824144 25.359321015
single 11 18.79810560575594 25.035373686
single 12 18.79810558401577 24.726418326
single 13 18.79810557364034 24.437292816
single 14 18.798105568789993 24.212375626
single 15 18.798105566550856 24.018492166
single 16 18.79810556552477 23.830676196000002
single 17 18.79810556505665 23.652775536
single 18 18.798105564843535 23.486483666
single 19 18.798105564746642 23.323333336
single 20 18.798105564702652 23.172018356000002
single 21 18.79810556468265 23.027475826
single 22 18.798105564673563 22.886762366
{"case": "large_odd", "cpu": 16.735379264, "energy": 18.79810556467362, "parity": -1.0, "norm_after_canonicalization": 1.0000000000000013, "max_bond": 12}
0 4 9.145314456406055 0.0003201209063684596 39.40928143
1 10 9.115935639087997 7.929935330608373e-07 38.711981811
2 10 9.115936962154727 8.674008498132935e-07 37.743316111
3 10 9.115936970117534 8.678774892079133e-07 36.716838232
single 0 9.115931755057593 36.490383612
single 1 9.115931617023943 36.290302782
single 2 9.115931597517832 36.123386612000004
single 3 9.11593159183644 35.986065772
single 4 9.115931589649271 35.844946002
single 5 9.115931588714771 35.717052892
single 6 9.11593158829897 35.610346182
single 7 9.115931588110914 35.502548821999994
single 8 9.115931588025227 35.417545292
single 9 9.115931587986054 35.327927832
single 10 9.115931587968088 35.251388522
{"case": "cross_even", "cpu": 4.370655138, "energy": 9.115931587968097, "parity": 1.0, "norm_after_canonicalization": 1.0000000000000002, "max_bond": 10}
0 4 11.751782410851858 0.0004914553701272917 39.39095305000001
1 8 11.719613787359958 1.6431176506293e-05 38.780089521
2 8 11.71967419794678 1.680518712432466e-05 37.973669151
3 8 11.719678062404238 1.681437220513171e-05 37.154108481
4 8 11.719678499520011 1.681401949893413e-05 36.360984001000006
5 8 11.719678555023032 1.6813765545076187e-05 35.448085902
6 8 11.719678562446617 1.6813711016028243e-05 34.629199812
single 0 11.719568698799868 34.461058872
single 1 11.719490120066368 34.304540632
single 2 11.719426340035817 34.152381882
single 3 11.719384982219996 34.000929342000006
single 4 11.719366410873295 33.792632672
single 5 11.71936211477574 33.589073902
single 6 11.719361479582352 33.398486853
single 7 11.719361396932015 33.253266613
single 8 11.719361386468353 33.151336453
single 9 11.719361385151796 33.047091403
single 10 11.719361384986351 32.960824113
single 11 11.71936138496558 32.861188833
single 12 11.719361384962948 32.773558423
{"case": "cross_odd", "cpu": 6.848745516999998, "energy": 11.719361384962946, "parity": -1.0, "norm_after_canonicalization": 1.0000000000000004, "max_bond": 8}
0 4 -182.59616195692973 7.257787867920307e-06 39.22341157999999
1 12 -182.59791623046814 7.702696258604647e-10 37.10568219099999
2 12 -182.59791623042125 7.702780635554518e-10 33.665629861999996
single 0 -182.59791665625997 33.122223041999995
single 1 -182.59791689540629 32.600050341999996
single 2 -182.59791692924003 32.14663205299999
single 3 -182.59791693155594 31.72699190299999
single 4 -182.59791693166247 31.43791814299999
single 5 -182.59791693166636 31.220747312999997
{"case": "deep_even", "cpu": 8.401257636999997, "energy": -182.59791693166676, "parity": 1.0, "norm_after_canonicalization": 1.0000000000000009, "max_bond": 12}
0 4 -34.1290579224301 1.7117762416418714e-06 39.48491466999999
1 6 -34.129207905225364 2.888276950940849e-09 39.29910283999999
2 6 -34.12920790522541 2.8882787272976884e-09 39.11416219999999
single 0 -34.12920787932044 39.035859129999984
single 1 -34.12920787932058 38.99182093999998
{"case": "deep_odd", "cpu": 0.6297106799999952, "energy": -34.12920787932056, "parity": -1.0, "norm_after_canonicalization": 0.9999999999999992, "max_bond": 6}
0 4 -9.333271365642993 7.77117157851892e-05 39.25349388099998
1 12 -9.334238990690858 1.4195125075389114e-09 37.69553845099998
2 12 -9.334238990663568 1.4203929143974392e-09 35.93337499199998
single 0 -9.334238991517726 35.72537511199998
single 1 -9.334238991737354 35.555176971999984
single 2 -9.33423899197668 35.41297028199998
single 3 -9.334238992231834 35.27471482199998
single 4 -9.334238992470725 35.14992001199998
single 5 -9.334238992656957 35.029411541999984
single 6 -9.334238992777104 34.91132726199998
single 7 -9.334238992843751 34.78884005199998
single 8 -9.334238992877294 34.67987584199998
single 9 -9.334238992893479 34.57519393199998
{"case": "interface", "cpu": 5.046872708000002, "energy": -9.334238992893459, "parity": 6.669816316634791e-28, "norm_after_canonicalization": 1.0000000000000016, "max_bond": 12}
0 4 -2.13534527860895 3.3402184359765386e-05 39.35095067999999
1 10 -2.1357917112894427 1.246353242834175e-09 38.755112340999986
2 10 -2.1357917112829075 1.2487750833400924e-09 38.147749590999986
single 0 -2.1357917122284302 38.00286318099999
single 1 -2.1357917125909367 37.896704650999986
single 2 -2.1357917128153225 37.808229770999986
single 3 -2.13579171294085 37.73162027099999
single 4 -2.1357917130046467 37.65915089099999
single 5 -2.1357917130345134 37.58074053099999
single 6 -2.1357917130477224 37.51412534099999
{"case": "weak_link", "cpu": 2.107722149000004, "energy": -2.135791713047719, "parity": 7.800349239874754e-18, "norm_after_canonicalization": 1.0000000000000029, "max_bond": 10}
