0 4 19.86406971631077 3.364010557116437e-06 5.43896139
1 12 19.863475787418384 3.01265679070184e-11 4.24959543
2 12 19.863475787425045 3.016253913301625e-11 2.8281260610000003
single 0 19.86347578480126 2.520980161
single 1 19.863475784704246 2.2932196910000004
single 2 19.863475784674293 2.065575631
single 3 19.86347578465453 1.8717775909999999
{"case": "large_sym", "cpu": 3.751169569, "energy": 19.863475784654536, "parity": 1.0, "norm_after_canonicalization": 0.9999999999999991, "max_bond": 12}
0 4 18.831193547565867 0.0003038682084004485 5.42304977
1 12 18.798223232012024 2.5479893928093134e-07 3.486818951
2 12 18.798114293876626 2.54678475863912e-07 0.5471433520000009
{"case": "large_odd", "cpu": 5.562893177, "energy": 18.798114446606068, "parity": -1.0, "norm_after_canonicalization": 0.9999999999999983, "max_bond": 12}
0 4 9.145314456406055 0.0003201209063684596 5.400556
1 10 9.115935639087997 7.929935330608373e-07 4.567664410000001
2 10 9.115936962154727 8.674008498132935e-07 3.53085673
3 10 9.115936970117534 8.678774892079133e-07 2.4406285210000007
single 0 9.115931755057593 2.201041031000001
single 1 9.115931617023943 1.9930673610000014
single 2 9.115931597517832 1.7908220010000004
single 3 9.11593159183644 1.6254669010000011
single 4 9.115931589649271 1.4891919710000003
single 5 9.115931588714771 1.3652872910000013
single 6 9.11593158829897 1.251027971000001
single 7 9.115931588110914 1.1439835620000007
single 8 9.115931588025227 1.0488801820000013
single 9 9.115931587986054 0.9758341420000001
single 10 9.115931587968088 0.9073964320000005
{"case": "cross_even", "cpu": 4.714964728, "energy": 9.115931587968097, "parity": 1.0, "norm_after_canonicalization": 1.0000000000000002, "max_bond": 10}
0 4 11.751782410851858 0.0004914553701272917 5.4303161499999995
1 8 11.719613787359958 1.6431176506293e-05 4.76878402
2 8 11.71967419794678 1.680518712432466e-05 3.8971033000000013
3 8 11.719678062404238 1.681437220513171e-05 3.1000852610000003
4 8 11.719678499520011 1.681401949893413e-05 2.3085111410000003
5 8 11.719678555023032 1.6813765545076187e-05 1.3382197210000015
6 8 11.719678562446617 1.6813711016028243e-05 0.29440142199999997
single 0 11.719568698799868 0.07725963200000052
{"case": "cross_odd", "cpu": 5.574483228, "energy": 11.719562553679824, "parity": -1.0, "norm_after_canonicalization": 1.0000000000000009, "max_bond": 8}
0 4 -182.59616195692973 7.257787867920307e-06 5.2408170200000015
1 12 -182.59791623046814 7.702696258604647e-10 2.9463468200000023
2 12 -182.59791623042125 7.702780635554518e-10 0.462524731000002
single 0 -182.59791665625997 0.10629736099999931
{"case": "deep_even", "cpu": 5.579130808999999, "energy": -182.59791670443212, "parity": 1.0, "norm_after_canonicalization": 0.9999999999999994, "max_bond": 12}
0 4 -34.1290579224301 1.7117762416418714e-06 5.506129550000001
1 6 -34.129207905225364 2.888276950940849e-09 5.351113680000001
2 6 -34.12920790522541 2.8882787272976884e-09 5.202992630000001
single 0 -34.12920787932044 5.139272550000001
single 1 -34.12920787932058 5.101810950000001
{"case": "deep_odd", "cpu": 0.5195967199999991, "energy": -34.12920787932056, "parity": -1.0, "norm_after_canonicalization": 0.9999999999999992, "max_bond": 6}
0 4 -9.333271365642993 7.77117157851892e-05 5.326808029999999
1 12 -9.334238990690858 1.4195125075389114e-09 4.167072241
2 12 -9.334238990663568 1.4203929143974392e-09 2.8708914509999985
single 0 -9.334238991517726 2.6855191709999993
single 1 -9.334238991737354 2.542063120999998
single 2 -9.33423899197668 2.4161892410000014
single 3 -9.334238992231834 2.3116710110000014
single 4 -9.334238992470725 2.214063250999999
single 5 -9.334238992656957 2.1062725909999997
single 6 -9.334238992777104 2.010660260999998
single 7 -9.334238992843751 1.919749380999999
single 8 -9.334238992877294 1.8388807010000008
single 9 -9.334238992893479 1.7411774310000006
{"case": "interface", "cpu": 3.8809980390000014, "energy": -9.334238992893459, "parity": 6.669816316634791e-28, "norm_after_canonicalization": 1.0000000000000016, "max_bond": 12}
0 4 -2.13534527860895 3.3402184359765386e-05 5.404906969999995
1 10 -2.1357917112894427 1.246353242834175e-09 4.928577369999996
2 10 -2.1357917112829075 1.2487750833400924e-09 4.382330400999997
single 0 -2.1357917122284302 4.242707410999998
single 1 -2.1357917125909367 4.135093080999997
single 2 -2.1357917128153225 4.043355380999998
single 3 -2.13579171294085 3.9625332209999975
single 4 -2.1357917130046467 3.8890354009999974
single 5 -2.1357917130345134 3.8197106509999976
single 6 -2.1357917130477224 3.752653701
{"case": "weak_link", "cpu": 1.8692996389999976, "energy": -2.135791713047719, "parity": 7.800349239874754e-18, "norm_after_canonicalization": 1.0000000000000029, "max_bond": 10}
