Success. Updated the following files:
A /srv/home/xuandong/mnt/jingxu/ALE/tasks_v4/anisotropic_migdal_eliashberg_theory_using_wannier_functions__1211_3345/concept_1/adversary/generation_2/package/concept_1/participant/TASK.md
A /srv/home/xuandong/mnt/jingxu/ALE/tasks_v4/anisotropic_migdal_eliashberg_theory_using_wannier_functions__1211_3345/concept_1/adversary/generation_2/package/concept_1/participant/baseline/solve.py
A /srv/home/xuandong/mnt/jingxu/ALE/tasks_v4/anisotropic_migdal_eliashberg_theory_using_wannier_functions__1211_3345/concept_1/adversary/generation_2/package/concept_1/participant/input/FORMAT.md
A /srv/home/xuandong/mnt/jingxu/ALE/tasks_v4/anisotropic_migdal_eliashberg_theory_using_wannier_functions__1211_3345/concept_1/adversary/generation_2/package/concept_1/participant/input/eliashberg.py
A /srv/home/xuandong/mnt/jingxu/ALE/tasks_v4/anisotropic_migdal_eliashberg_theory_using_wannier_functions__1211_3345/concept_1/adversary/generation_2/package/concept_1/participant/workspace/solve.py
A /srv/home/xuandong/mnt/jingxu/ALE/tasks_v4/anisotropic_migdal_eliashberg_theory_using_wannier_functions__1211_3345/concept_1/adversary/generation_2/package/concept_1/TASK.md
A /srv/home/xuandong/mnt/jingxu/ALE/tasks_v4/anisotropic_migdal_eliashberg_theory_using_wannier_functions__1211_3345/concept_1/adversary/generation_2/public_example_generation.json
A /srv/home/xuandong/mnt/jingxu/ALE/tasks_v4/anisotropic_migdal_eliashberg_theory_using_wannier_functions__1211_3345/concept_1/adversary/generation_2/package/concept_1/evaluator/hidden/policy.json
A /srv/home/xuandong/mnt/jingxu/ALE/tasks_v4/anisotropic_migdal_eliashberg_theory_using_wannier_functions__1211_3345/concept_1/adversary/generation_2/package/concept_1/evaluator/evaluate.py
A /srv/home/xuandong/mnt/jingxu/ALE/tasks_v4/anisotropic_migdal_eliashberg_theory_using_wannier_functions__1211_3345/concept_1/adversary/generation_2/package/concept_1/evaluator/launch.py
A /srv/home/xuandong/mnt/jingxu/ALE/tasks_v4/anisotropic_migdal_eliashberg_theory_using_wannier_functions__1211_3345/concept_1/adversary/generation_2/package/concept_1/evaluator/README.md
A /srv/home/xuandong/mnt/jingxu/ALE/tasks_v4/anisotropic_migdal_eliashberg_theory_using_wannier_functions__1211_3345/concept_1/adversary/generation_2/package/concept_1/evaluator/hidden/physics.py
A /srv/home/xuandong/mnt/jingxu/ALE/tasks_v4/anisotropic_migdal_eliashberg_theory_using_wannier_functions__1211_3345/concept_1/adversary/generation_2/package/authoring/sandbox_runner.py
A /srv/home/xuandong/mnt/jingxu/ALE/tasks_v4/anisotropic_migdal_eliashberg_theory_using_wannier_functions__1211_3345/concept_1/adversary/generation_2/package/concept_1/evaluator/hidden/references/case_00.json
A /srv/home/xuandong/mnt/jingxu/ALE/tasks_v4/anisotropic_migdal_eliashberg_theory_using_wannier_functions__1211_3345/concept_1/adversary/generation_2/package/concept_1/evaluator/hidden/references/case_01.json
A /srv/home/xuandong/mnt/jingxu/ALE/tasks_v4/anisotropic_migdal_eliashberg_theory_using_wannier_functions__1211_3345/concept_1/adversary/generation_2/package/concept_1/evaluator/hidden/references/case_02.json
A /srv/home/xuandong/mnt/jingxu/ALE/tasks_v4/anisotropic_migdal_eliashberg_theory_using_wannier_functions__1211_3345/concept_1/adversary/generation_2/package/concept_1/evaluator/hidden/references/case_03.json
A /srv/home/xuandong/mnt/jingxu/ALE/tasks_v4/anisotropic_migdal_eliashberg_theory_using_wannier_functions__1211_3345/concept_1/adversary/generation_2/package/concept_1/evaluator/hidden/references/case_04.json
A /srv/home/xuandong/mnt/jingxu/ALE/tasks_v4/anisotropic_migdal_eliashberg_theory_using_wannier_functions__1211_3345/concept_1/adversary/generation_2/package/concept_1/evaluator/hidden/references/case_05.json
A /srv/home/xuandong/mnt/jingxu/ALE/tasks_v4/anisotropic_migdal_eliashberg_theory_using_wannier_functions__1211_3345/concept_1/adversary/generation_2/package/concept_1/evaluator/hidden/references/case_06.json
A /srv/home/xuandong/mnt/jingxu/ALE/tasks_v4/anisotropic_migdal_eliashberg_theory_using_wannier_functions__1211_3345/concept_1/adversary/generation_2/package/concept_1/evaluator/hidden/references/case_07.json
A /srv/home/xuandong/mnt/jingxu/ALE/tasks_v4/anisotropic_migdal_eliashberg_theory_using_wannier_functions__1211_3345/concept_1/adversary/generation_2/package/concept_1/evaluator/hidden/references/case_08.json
A /srv/home/xuandong/mnt/jingxu/ALE/tasks_v4/anisotropic_migdal_eliashberg_theory_using_wannier_functions__1211_3345/concept_1/adversary/generation_2/package/concept_1/evaluator/hidden/references/case_09.json
A /srv/home/xuandong/mnt/jingxu/ALE/tasks_v4/anisotropic_migdal_eliashberg_theory_using_wannier_functions__1211_3345/concept_1/adversary/generation_2/package/concept_1/evaluator/hidden/references/case_10.json
A /srv/home/xuandong/mnt/jingxu/ALE/tasks_v4/anisotropic_migdal_eliashberg_theory_using_wannier_functions__1211_3345/concept_1/adversary/generation_2/package/concept_1/evaluator/hidden/references/case_11.json
A /srv/home/xuandong/mnt/jingxu/ALE/tasks_v4/anisotropic_migdal_eliashberg_theory_using_wannier_functions__1211_3345/concept_1/adversary/generation_2/package/concept_1/evaluator/hidden/references/case_12.json
A /srv/home/xuandong/mnt/jingxu/ALE/tasks_v4/anisotropic_migdal_eliashberg_theory_using_wannier_functions__1211_3345/concept_1/adversary/generation_2/package/concept_1/evaluator/hidden/references/case_13.json
A /srv/home/xuandong/mnt/jingxu/ALE/tasks_v4/anisotropic_migdal_eliashberg_theory_using_wannier_functions__1211_3345/concept_1/adversary/generation_2/package/concept_1/evaluator/hidden/references/case_14.json
A /srv/home/xuandong/mnt/jingxu/ALE/tasks_v4/anisotropic_migdal_eliashberg_theory_using_wannier_functions__1211_3345/concept_1/adversary/generation_2/package/concept_1/evaluator/hidden/references/case_15.json
A /srv/home/xuandong/mnt/jingxu/ALE/tasks_v4/anisotropic_migdal_eliashberg_theory_using_wannier_functions__1211_3345/concept_1/adversary/generation_2/package/concept_1/evaluator/hidden/references/case_16.json
A /srv/home/xuandong/mnt/jingxu/ALE/tasks_v4/anisotropic_migdal_eliashberg_theory_using_wannier_functions__1211_3345/concept_1/adversary/generation_2/package/concept_1/evaluator/hidden/references/case_17.json
A /srv/home/xuandong/mnt/jingxu/ALE/tasks_v4/anisotropic_migdal_eliashberg_theory_using_wannier_functions__1211_3345/concept_1/adversary/generation_2/package/concept_1/evaluator/hidden/references/case_18.json
A /srv/home/xuandong/mnt/jingxu/ALE/tasks_v4/anisotropic_migdal_eliashberg_theory_using_wannier_functions__1211_3345/concept_1/adversary/generation_2/package/concept_1/evaluator/hidden/references/case_19.json
A /srv/home/xuandong/mnt/jingxu/ALE/tasks_v4/anisotropic_migdal_eliashberg_theory_using_wannier_functions__1211_3345/concept_1/adversary/generation_2/package/concept_1/evaluator/hidden/manifest.json
A /srv/home/xuandong/mnt/jingxu/ALE/tasks_v4/anisotropic_migdal_eliashberg_theory_using_wannier_functions__1211_3345/concept_1/adversary/generation_2/package/concept_1/attempts/README.md
A /srv/home/xuandong/mnt/jingxu/ALE/tasks_v4/anisotropic_migdal_eliashberg_theory_using_wannier_functions__1211_3345/concept_1/adversary/generation_2/package/concept_1/champions/README.md
A /srv/home/xuandong/mnt/jingxu/ALE/tasks_v4/anisotropic_migdal_eliashberg_theory_using_wannier_functions__1211_3345/concept_1/adversary/generation_2/package/concept_1/adversary/README.md
A /srv/home/xuandong/mnt/jingxu/ALE/tasks_v4/anisotropic_migdal_eliashberg_theory_using_wannier_functions__1211_3345/concept_1/adversary/generation_2/package/concept_1/adversary/test_generation.py
A /srv/home/xuandong/mnt/jingxu/ALE/tasks_v4/anisotropic_migdal_eliashberg_theory_using_wannier_functions__1211_3345/concept_1/adversary/generation_2/package/concept_1/adversary/test_security.py
A /srv/home/xuandong/mnt/jingxu/ALE/tasks_v4/anisotropic_migdal_eliashberg_theory_using_wannier_functions__1211_3345/concept_1/adversary/generation_2/package/concept_1/status.json
{"prepared": "/srv/home/xuandong/mnt/jingxu/ALE/tasks_v4/anisotropic_migdal_eliashberg_theory_using_wannier_functions__1211_3345/concept_1/adversary/generation_2/package/concept_1", "active": false, "numerical_thresholds_unchanged": true, "baseline_and_workspace_unchanged": true, "large_grid_cases_retained": true}
