Initial 0.9771837078230143
BEST 1 0.09 0.9771837078230143 rows:++--@1.05 0
BEST 505 12.49 0.9771843422986904 global 2
BEST 510 12.69 0.977184398482955 global 2
BEST 513 12.76 0.9771844010699525 global 0
BEST 514 12.79 0.9771844895534386 global 2
BEST 516 12.86 0.9771845049978873 rows:+--+@1.05 0
BEST 518 12.93 0.9771845283918079 rows:+--+@1.05 0
BEST 519 12.97 0.9771845960569112 rows:+--+@1.05 0
BEST 521 13.03 0.9771846915029729 rows:+--+@1.05 0
BEST 552 13.65 0.9771847712337435 rows:+--+@1.05 0
BEST 556 13.75 0.9771847833265883 global 2
BEST 565 13.94 0.9771847967677293 global 2
BEST 567 14.0 0.9771848145148113 global 2
BEST 573 14.25 0.9771848149858027 global 0
BEST 575 14.31 0.9771848164952102 global 0
BEST 578 14.4 0.9771848165196549 global 0
BEST 579 14.43 0.9771848173556251 global 0
BEST 581 14.49 0.9771848183440168 global 0
BEST 584 14.57 0.9771848184729649 global 0
BEST 587 14.68 0.9771848184738126 global 0
BEST 588 14.71 0.9771848186795883 global 0
BEST 589 14.78 0.9771848196934132 global 0
BEST 590 14.84 0.9771848204572359 global 2
BEST 591 14.88 0.9771848214124416 global 2
BEST 592 14.91 0.9771848214204919 global 0
BEST 593 14.96 0.9771848217267848 global 2
BEST 594 14.99 0.9771848219742824 rows:+--+@1.05 0
BEST 596 15.1 0.9771848221791 rows:+--+@1.05 0
BEST 599 15.18 0.9771848223054059 rows:++--@1.05 0
BEST 603 15.29 0.977184822350399 global 0
BEST 605 15.35 0.9771848224992683 global 0
BEST 609 15.46 0.9771848225168489 global 0
BEST 614 15.58 0.9771848225220026 global 0
BEST 619 15.7 0.9771848225262237 global 0
BEST 625 15.84 0.9771848225269225 global 0
BEST 631 15.96 0.9771848225275102 global 0
BEST 638 16.08 0.9771848225275928 global 0
BEST 645 16.19 0.9771848225276608 global 0
BEST 653 16.33 0.9771848225276724 global 0
BEST 661 16.47 0.9771848225276785 global 0
BEST 669 16.7 0.9771848225276876 global 0
BEST 687 17.12 0.9771848225276892 global 0
BEST 697 17.37 0.977184822757499 rows:++--@1.05 0
BEST 699 17.45 0.9771848232632809 rows:+--+@1.05 0
BEST 700 17.48 0.977184823396409 global 2
BEST 704 17.61 0.9771848235124836 rows:+--+@1.05 0
BEST 709 17.74 0.9771848235541531 rows:++--@1.05 0
BEST 711 17.84 0.9771848236765995 global 2
BEST 712 17.87 0.9771848237057633 global 2
BEST 713 17.91 0.977184823793492 global 2
BEST 714 17.94 0.9771848238293995 global 2
BEST 715 18.01 0.9771848238338551 global 0
BEST 716 18.04 0.977184823867336 global 2
Optimization terminated successfully    (Exit mode 0)
            Current function value: -0.9771848238682367
            Iterations: 163
            Function evaluations: 716
            Gradient evaluations: 160
     fun: -0.9771848238682367
     jac: array([ 0.,  0.,  0.,  0.,  0.,  0.,  0.,  0.,  0.,  0.,  0.,  0.,  0.,
        0.,  0.,  0.,  0.,  0.,  0.,  0.,  0.,  0.,  0.,  0.,  0.,  0.,
        0.,  0.,  0.,  0.,  0.,  0.,  0.,  0.,  0.,  0.,  0.,  0.,  0.,
       -1.])
 message: 'Optimization terminated successfully'
    nfev: 716
     nit: 163
    njev: 160
  status: 0
 success: True
       x: array([1.21190052, 0.21222534, 1.24493416, 0.53657244, 0.2       ,
       0.2       , 1.4       , 0.2       , 0.2       , 0.2       ,
       0.93204213, 0.2       , 0.2       , 0.2       , 1.1115431 ,
       0.2       , 0.82041756, 1.4       , 1.4       , 1.39999997,
       1.4       , 1.3644561 , 0.27315506, 1.4       , 1.4       ,
       1.4       , 0.41444072, 0.2       , 0.2       , 0.2       ,
       0.2       , 0.2       , 0.2       , 0.48546416, 1.39999491,
       1.4       , 0.27315506, 1.4       , 1.4       , 0.97718482])
