Initial 0.9197899012060603
BEST 1 0.21 0.9197899012060613 orientation_cross:2,4@1.05 0
BEST 3 0.46 0.9448643708268173 global 0
BEST 7 0.98 0.9465119793065478 global 0
BEST 10 1.89 0.9492425833741464 global 0
BEST 15 2.59 0.9511765938398362 global 0
BEST 19 3.16 0.9533822597055127 global 0
BEST 20 3.34 0.9693305973858258 orientation_columns:++++-@0.95 1
BEST 35 5.07 0.969438386152719 orientation_cross:2,4@1.05 0
BEST 37 5.29 0.9698858762990822 global 0
BEST 38 5.39 0.9703262534549326 orientation_cross:0,4@1.05 0
BEST 45 6.41 0.9703758863807217 global 0
BEST 51 7.35 0.9703869561229445 orientation_cross:2,4@1.05 0
BEST 53 7.85 0.9704441735923492 orientation_cross:0,4@1.05 0
BEST 54 8.11 0.9704910123129948 orientation_cross:0,4@1.05 0
BEST 56 8.71 0.9705047439386527 orientation_cross:0,4@1.05 0
BEST 58 9.31 0.9705051826371113 global 0
BEST 65 10.07 0.9705071799644247 orientation_cross:0,4@1.05 0
BEST 66 10.14 0.9705123682434798 global 0
BEST 290 33.12 0.9705186625231255 orientation_cross:2,4@1.05 0
BEST 588 65.02 0.9705188389941967 orientation_cross:0,4@1.05 0
BEST 591 65.3 0.9705190199753807 orientation_cross:0,4@1.05 0
BEST 594 65.53 0.9705192444374308 orientation_cross:0,4@1.05 0
BEST 597 65.88 0.97051949370823 orientation_cross:0,4@1.05 0
BEST 600 66.22 0.970519707057072 orientation_cross:0,4@1.05 0
BEST 603 66.91 0.9705199534675824 orientation_cross:0,4@1.05 0
BEST 606 67.26 0.9705202231265445 orientation_cross:0,4@1.05 0
BEST 609 67.64 0.9705205000884933 orientation_cross:0,4@1.05 0
BEST 612 67.95 0.9705207291970611 orientation_cross:0,4@1.05 0
BEST 615 68.32 0.9705208815008514 orientation_cross:0,4@1.05 0
BEST 618 68.74 0.9705211926569765 orientation_cross:0,4@1.05 0
BEST 621 69.31 0.9705215099522807 orientation_cross:0,4@1.05 0
BEST 624 69.74 0.9705216311232593 orientation_cross:0,4@1.05 0
BEST 627 70.32 0.9705218407421927 orientation_cross:0,4@1.05 0
BEST 630 70.75 0.9705220823762216 orientation_cross:0,4@1.05 0
BEST 633 71.21 0.9705223970469166 orientation_cross:0,4@1.05 0
BEST 636 71.75 0.9705227157291134 orientation_cross:0,4@1.05 0
BEST 639 72.31 0.9705230777817828 orientation_cross:0,4@1.05 0
BEST 642 72.69 0.9705234976910185 orientation_cross:0,4@1.05 0
BEST 645 73.04 0.9705238974742576 orientation_cross:0,4@1.05 0
BEST 648 73.4 0.9705243111054727 orientation_cross:0,4@1.05 0
BEST 651 73.86 0.9705247615928259 orientation_cross:0,4@1.05 0
BEST 653 74.14 0.970524935157896 orientation_cross:0,4@1.05 0
BEST 655 74.37 0.9705253649463627 orientation_cross:0,4@1.05 0
BEST 657 74.6 0.9705260162767114 orientation_cross:0,4@1.05 0
BEST 659 75.04 0.9705267621328747 orientation_cross:0,4@1.05 0
BEST 661 75.23 0.9705275986925044 orientation_cross:0,4@1.05 0
BEST 663 75.44 0.9705285252787709 orientation_cross:0,4@1.05 0
BEST 665 75.61 0.9705295040219226 orientation_cross:2,4@1.05 0
BEST 667 76.04 0.9705321722621049 orientation_cross:2,4@1.05 0
BEST 669 76.38 0.9705344000370641 orientation_cross:2,4@1.05 0
BEST 670 76.49 0.9705375709430345 orientation_cross:2,4@1.05 0
BEST 671 76.7 0.9705430042145842 orientation_cross:2,4@1.05 0
BEST 672 76.95 0.9705430306034804 orientation_cross:0,4@1.05 0
