BEST 0 [2, 9, 18, 19] 0.6575397042145897 0.1
progress 0 0.1
candidate 2 [2, 14, 16, 17] 0.9935263036869738 True
BEST 2 [2, 14, 16, 17] 0.9935263036869738 0.3
/usr/lib/python3/dist-packages/scipy/optimize/_optimize.py:284: RuntimeWarning: Values in x were outside bounds during a minimize step, clipping to bounds
  warnings.warn("Values in x were outside bounds during a "
candidate 24 [1, 14, 16, 17] 0.9840996200773012 True
candidate 32 [1, 13, 16, 18] 1.026943162647593 True
BEST 32 [1, 13, 16, 18] 1.026943162647593 2.9
candidate 57 [2, 13, 18, 19] 0.9840996186393808 True
candidate 62 [1, 13, 18, 19] 0.9937944749728158 True
candidate 63 [2, 14, 17, 19] 1.0278825606741029 True
BEST 63 [2, 14, 17, 19] 1.0278825606741029 4.7
candidate 74 [2, 14, 16, 17] 0.9935092586316017 True
candidate 96 [1, 14, 16, 17] 0.9840996194981723 True
candidate 104 [1, 13, 16, 18] 1.0278825606784445 True
BEST 104 [1, 13, 16, 18] 1.0278825606784445 7.5
candidate 129 [2, 13, 18, 19] 0.9840996080055111 True
candidate 134 [1, 13, 18, 19] 0.9937944749728158 True
candidate 146 [2, 14, 16, 17] 0.9938228787596762 True
candidate 168 [1, 14, 16, 17] 0.9840996111995362 True
candidate 176 [1, 13, 16, 18] 1.026943162647593 True
progress 200 13.2
candidate 201 [2, 13, 18, 19] 0.9840996186393808 True
candidate 206 [1, 13, 18, 19] 0.9935029315832903 True
candidate 207 [2, 14, 17, 19] 1.0279685208945677 True
BEST 207 [2, 14, 17, 19] 1.0279685208945677 13.6
candidate 218 [2, 14, 16, 17] 0.9939749950954666 True
candidate 240 [1, 14, 16, 17] 0.9840996195765004 True
candidate 248 [1, 13, 16, 18] 1.02788253935944 True
candidate 273 [2, 13, 18, 19] 0.9840996186393808 True
candidate 278 [1, 13, 18, 19] 0.9937944749728158 True
candidate 279 [2, 14, 17, 19] 1.0269431915732194 True
candidate 290 [2, 14, 16, 17] 0.9934875556422221 True
progress 300 19.1
candidate 312 [1, 14, 16, 17] 0.9840996199200971 True
candidate 320 [1, 13, 16, 18] 1.026943162647593 True
candidate 345 [2, 13, 18, 19] 0.9840996186909214 True
candidate 350 [1, 13, 18, 19] 0.9937025851935013 True
candidate 351 [2, 14, 17, 19] 1.0279685208945677 True
candidate 362 [2, 14, 16, 17] 0.9938568351928813 True
candidate 384 [1, 14, 16, 17] 0.9840996192367748 True
candidate 392 [1, 13, 16, 18] 1.0279617492263706 False
progress 400 26.1
candidate 417 [2, 13, 18, 19] 0.9840996198753512 True
candidate 422 [1, 13, 18, 19] 0.9936290201205292 False
candidate 423 [2, 14, 17, 19] 1.0278825475429778 True
candidate 434 [2, 14, 16, 17] 0.9935263036869738 True
candidate 456 [1, 14, 16, 17] 0.9840996194981723 True
candidate 464 [1, 13, 16, 18] 1.0279617492263706 False
candidate 489 [2, 13, 18, 19] 0.9841336692194127 True
candidate 494 [1, 13, 18, 19] 0.9938226539779074 True
candidate 495 [2, 14, 17, 19] 1.0278825606741029 True
progress 500 33.8
candidate 506 [2, 14, 16, 17] 0.9936722201974793 True
candidate 528 [1, 14, 16, 17] 0.9840996195839647 True
candidate 536 [1, 13, 16, 18] 1.0279617492263706 False
candidate 561 [2, 13, 18, 19] 0.9840996202791584 True
candidate 566 [1, 13, 18, 19] 0.9937944749728158 True
candidate 567 [2, 14, 17, 19] 1.0269431915732194 True
candidate 578 [2, 14, 16, 17] 0.9938119638010738 True
candidate 600 [1, 14, 16, 17] 0.9840996195765004 True
progress 600 42.1
candidate 608 [1, 13, 16, 18] 1.0279290790641331 True
candidate 633 [2, 13, 18, 19] 0.9840996186393808 True
candidate 638 [1, 13, 18, 19] 0.9937944749728158 True
candidate 639 [2, 14, 17, 19] 1.0278825606741029 True
candidate 650 [2, 14, 16, 17] 0.9935743403533501 True
candidate 672 [1, 14, 16, 17] 0.9840996111995362 True
candidate 680 [1, 13, 16, 18] 1.0279617492263706 False
candidate 705 [2, 13, 18, 19] 0.9840996198753512 True
candidate 710 [1, 13, 18, 19] 0.9935029315832903 True
candidate 711 [2, 14, 17, 19] 1.0279685208945677 True
candidate 722 [2, 14, 16, 17] 0.9938228787596762 True
candidate 744 [1, 14, 16, 17] 0.9840996195765004 True
candidate 752 [1, 13, 16, 18] 1.02788253935944 True
candidate 777 [2, 13, 18, 19] 0.9840996192138408 True
candidate 782 [1, 13, 18, 19] 0.9937944749728158 True
candidate 794 [2, 14, 16, 17] 0.9935263036869738 True
progress 800 55.4
candidate 816 [1, 14, 16, 17] 0.9840996194981723 True
candidate 824 [1, 13, 16, 18] 1.026943162647593 True
candidate 849 [2, 13, 18, 19] 0.9840996198753512 True
candidate 854 [1, 13, 18, 19] 0.9937944749728158 True
candidate 855 [2, 14, 17, 19] 1.0278825606741029 True
candidate 866 [2, 14, 16, 17] 0.9935263036869738 True
candidate 888 [1, 14, 16, 17] 0.9840996195765004 True
candidate 896 [1, 13, 16, 18] 1.02788253935944 True
progress 900 62.4
candidate 921 [2, 13, 18, 19] 0.9840996186393808 True
candidate 926 [1, 13, 18, 19] 0.9935029315832903 True
candidate 938 [2, 14, 16, 17] 0.9937769524852944 True
candidate 960 [1, 14, 16, 17] 0.9840996111995362 True
candidate 968 [1, 13, 16, 18] 1.0278650266982814 True
candidate 993 [2, 13, 18, 19] 0.9840996186393808 True
candidate 998 [1, 13, 18, 19] 0.9935029315832903 True
candidate 999 [2, 14, 17, 19] 1.0269431915732194 True
candidate 1010 [2, 14, 16, 17] 0.9937078739167021 True
candidate 1032 [1, 14, 16, 17] 0.9840996135743773 True
candidate 1040 [1, 13, 16, 18] 1.0279617492263706 False
candidate 1065 [2, 13, 18, 19] 0.9840996186393808 True
candidate 1070 [1, 13, 18, 19] 0.9937025851935013 True
candidate 1071 [2, 14, 17, 19] 1.0269431915732194 True
candidate 1082 [2, 14, 16, 17] 0.9938119638010738 True
candidate 1104 [1, 14, 16, 17] 0.9840996195765004 True
candidate 1112 [1, 13, 16, 18] 1.026943162647593 True
candidate 1137 [2, 13, 18, 19] 0.9840996186393808 True
candidate 1142 [1, 13, 18, 19] 0.9937944749728158 True
candidate 1143 [2, 14, 17, 19] 1.0279685208945677 True
candidate 1154 [2, 14, 16, 17] 0.9937062521679263 True
candidate 1176 [1, 14, 16, 17] 0.9840996194981723 True
candidate 1184 [1, 13, 16, 18] 1.026943162647593 True
progress 1200 79.7
candidate 1209 [2, 13, 18, 19] 0.9840996202791584 True
candidate 1214 [1, 13, 18, 19] 0.9937944749728158 True
candidate 1215 [2, 14, 17, 19] 1.0269431915732194 True
candidate 1226 [2, 14, 16, 17] 0.9938119638010738 True
candidate 1248 [1, 14, 16, 17] 0.9840996194981723 True
candidate 1256 [1, 13, 16, 18] 1.02788253935944 True
candidate 1281 [2, 13, 18, 19] 0.9840996186393808 True
candidate 1286 [1, 13, 18, 19] 0.9936952759942672 True
candidate 1287 [2, 14, 17, 19] 1.0269431915732194 True
candidate 1298 [2, 14, 16, 17] 0.9935263036869738 True
candidate 1320 [1, 14, 16, 17] 0.9840996194981723 True
candidate 1328 [1, 13, 16, 18] 1.02788253935944 True
candidate 1353 [2, 13, 18, 19] 0.9840996186702088 True
candidate 1358 [1, 13, 18, 19] 0.9937944749728158 True
candidate 1359 [2, 14, 17, 19] 1.0278825606741029 True
candidate 1370 [2, 14, 16, 17] 0.9935263036869738 True
candidate 1392 [1, 14, 16, 17] 0.9840996111995362 True
candidate 1400 [1, 13, 16, 18] 1.026943162647593 True
progress 1400 91.1
candidate 1425 [2, 13, 18, 19] 0.9840996186393808 True
candidate 1430 [1, 13, 18, 19] 0.9937944749728158 True
candidate 1431 [2, 14, 17, 19] 1.0269431915732194 True
candidate 1442 [2, 14, 16, 17] 0.9937723972642074 True
candidate 1464 [1, 14, 16, 17] 0.9840996125121428 True
candidate 1472 [1, 13, 16, 18] 1.0278825575147423 True
candidate 1497 [2, 13, 18, 19] 0.9840996202791584 True
progress 1500 97.9
candidate 1502 [1, 13, 18, 19] 0.9935029315832903 True
candidate 1503 [2, 14, 17, 19] 1.0269153740481565 True
candidate 1514 [2, 14, 16, 17] 0.9937280102720794 True
candidate 1536 [1, 14, 16, 17] 0.9840996194981723 True
candidate 1569 [2, 13, 18, 19] 0.9840996186393808 True
candidate 1574 [1, 13, 18, 19] 0.9935029315832903 True
candidate 1575 [2, 14, 17, 19] 1.0269431915732194 True
candidate 1586 [2, 14, 16, 17] 0.9938228787596762 True
candidate 1608 [1, 14, 16, 17] 0.9840996195765004 True
candidate 1616 [1, 13, 16, 18] 1.026943162647593 True
candidate 1641 [2, 13, 18, 19] 0.9840996120506085 True
candidate 1646 [1, 13, 18, 19] 0.9937025851935013 True
candidate 1647 [2, 14, 17, 19] 1.0279685208945677 True
candidate 1658 [2, 14, 16, 17] 0.9938119638010738 True
candidate 1680 [1, 14, 16, 17] 0.9840996111995362 True
candidate 1688 [1, 13, 16, 18] 1.026943162647593 True
progress 1700 121.0
candidate 1713 [2, 13, 18, 19] 0.9840996198753512 True
candidate 1718 [1, 13, 18, 19] 0.9937025851935013 True
candidate 1719 [2, 14, 17, 19] 1.0279685208945677 True
candidate 1730 [2, 14, 16, 17] 0.9931045553393472 True
candidate 1752 [1, 14, 16, 17] 0.9840996194981723 True
candidate 1760 [1, 13, 16, 18] 1.0280588887904107 True
BEST 1760 [1, 13, 16, 18] 1.0280588887904107 124.4
candidate 1785 [2, 13, 18, 19] 0.9841336640371382 True
candidate 1790 [1, 13, 18, 19] 0.9939483377036842 True
candidate 1791 [2, 14, 17, 19] 1.0279685208945677 True
progress 1800 126.5
candidate 1802 [2, 14, 16, 17] 0.9934696177096772 True
candidate 1824 [1, 14, 16, 17] 0.9840996111995362 True
candidate 1832 [1, 13, 16, 18] 1.0254316954686098 True
candidate 1857 [2, 13, 18, 19] 0.9840996186393808 True
candidate 1862 [1, 13, 18, 19] 0.9935029315832903 True
candidate 1863 [2, 14, 17, 19] 1.0269431915732194 True
candidate 1874 [2, 14, 16, 17] 0.9935231700918421 True
candidate 1896 [1, 14, 16, 17] 0.9840996195765004 True
candidate 1904 [1, 13, 16, 18] 1.0278874707577677 True
candidate 1929 [2, 13, 18, 19] 0.9840996198753512 True
candidate 1934 [1, 13, 18, 19] 0.9937944749728158 True
candidate 1935 [2, 14, 17, 19] 1.0278825606741029 True
candidate 1946 [2, 14, 16, 17] 0.9937207004009623 True
candidate 1968 [1, 14, 16, 17] 0.9840996111995362 True
candidate 1976 [1, 13, 16, 18] 1.0279617492263706 False
progress 2000 139.0
candidate 2001 [2, 13, 18, 19] 0.9840996186393808 True
candidate 2006 [1, 13, 18, 19] 0.9935029315832903 True
candidate 2007 [2, 14, 17, 19] 1.027975817777039 True
candidate 2018 [2, 14, 16, 17] 0.9938228787596762 True
candidate 2040 [1, 14, 16, 17] 0.9840996194981723 True
candidate 2048 [1, 13, 16, 18] 1.026943162647593 True
candidate 2073 [2, 13, 18, 19] 0.9840996202791584 True
candidate 2078 [1, 13, 18, 19] 0.9937944749728158 True
candidate 2079 [2, 14, 17, 19] 1.0269431915732194 True
candidate 2090 [2, 14, 16, 17] 0.9938119638010738 True
progress 2100 144.9
candidate 2112 [1, 14, 16, 17] 0.9840996111995362 True
candidate 2120 [1, 13, 16, 18] 1.02788253935944 True
candidate 2145 [2, 13, 18, 19] 0.9840996198753512 True
candidate 2150 [1, 13, 18, 19] 0.9899013675493685 False
candidate 2151 [2, 14, 17, 19] 1.0278825606741029 True
candidate 2162 [2, 14, 16, 17] 0.9935263036869738 True
candidate 2184 [1, 14, 16, 17] 0.9840996195765004 True
candidate 2192 [1, 13, 16, 18] 1.026943162647593 True
progress 2200 151.0
candidate 2217 [2, 13, 18, 19] 0.9840996198753512 True
candidate 2222 [1, 13, 18, 19] 0.9935029315832903 True
candidate 2223 [2, 14, 17, 19] 1.0279685208945677 True
candidate 2234 [2, 14, 16, 17] 0.9935263036869738 True
candidate 2256 [1, 14, 16, 17] 0.9840996200394413 True
candidate 2264 [1, 13, 16, 18] 1.0279617492263706 False
candidate 2289 [2, 13, 18, 19] 0.9840996198753512 True
candidate 2294 [1, 13, 18, 19] 0.9937025851935013 True
candidate 2295 [2, 14, 17, 19] 1.0279685208945677 True
progress 2300 157.5
candidate 2306 [2, 14, 16, 17] 0.9938228787596762 True
candidate 2328 [1, 14, 16, 17] 0.9840996194981723 True
candidate 2336 [1, 13, 16, 18] 1.02788253935944 True
candidate 2361 [2, 13, 18, 19] 0.9840996202791584 True
candidate 2366 [1, 13, 18, 19] 0.9935029315832903 True
candidate 2378 [2, 14, 16, 17] 0.9938228787596762 True
candidate 2400 [1, 14, 16, 17] 0.9840996111995362 True
progress 2400 164.4
candidate 2408 [1, 13, 16, 18] 1.026943162647593 True
candidate 2433 [2, 13, 18, 19] 0.9840996202791584 True
candidate 2438 [1, 13, 18, 19] 0.9937944749728158 True
candidate 2450 [2, 14, 16, 17] 0.9938228787596762 True
candidate 2472 [1, 14, 16, 17] 0.9840996195765004 True
candidate 2480 [1, 13, 16, 18] 1.026943162647593 True
candidate 2505 [2, 13, 18, 19] 0.9840996195206329 True
candidate 2510 [1, 13, 18, 19] 0.9937944749728158 True
candidate 2511 [2, 14, 17, 19] 1.0279685208945677 True
candidate 2522 [2, 14, 16, 17] 0.9935263036869738 True
candidate 2544 [1, 14, 16, 17] 0.9840996195765004 True
candidate 2552 [1, 13, 16, 18] 1.0278824551465775 True
candidate 2577 [2, 13, 18, 19] 0.9840996198753512 True
candidate 2582 [1, 13, 18, 19] 0.9936518086440608 True
candidate 2583 [2, 14, 17, 19] 1.0278430079544092 True
candidate 2594 [2, 14, 16, 17] 0.9938119638010738 True
progress 2600 176.6
candidate 2616 [1, 14, 16, 17] 0.9840996195765004 True
candidate 2624 [1, 13, 16, 18] 1.02788253935944 True
candidate 2649 [2, 13, 18, 19] 0.9840996147310791 True
candidate 2654 [1, 13, 18, 19] 0.9937944749728158 True
candidate 2666 [2, 14, 16, 17] 0.9938119638010738 True
candidate 2688 [1, 14, 16, 17] 0.9840996195765004 True
candidate 2696 [1, 13, 16, 18] 1.02788253935944 True
progress 2700 182.6
candidate 2721 [2, 13, 18, 19] 0.9840996186393808 True
candidate 2726 [1, 13, 18, 19] 0.9935029315832903 True
candidate 2727 [2, 14, 17, 19] 1.0279685208945677 True
candidate 2738 [2, 14, 16, 17] 0.9936857210206301 True
candidate 2760 [1, 14, 16, 17] 0.9840996194981723 True
candidate 2768 [1, 13, 16, 18] 1.02788253935944 True
candidate 2793 [2, 13, 18, 19] 0.9840996186393808 True
candidate 2798 [1, 13, 18, 19] 0.9937025851935013 True
candidate 2810 [2, 14, 16, 17] 0.9935263036869738 True
candidate 2832 [1, 14, 16, 17] 0.9840996195765004 True
candidate 2840 [1, 13, 16, 18] 1.02788253935944 True
candidate 2865 [2, 13, 18, 19] 0.9840996202791584 True
candidate 2870 [1, 13, 18, 19] 0.9938412297549379 True
candidate 2871 [2, 14, 17, 19] 1.0279685208945677 True
candidate 2882 [2, 14, 16, 17] 0.9935263036869738 True
candidate 2904 [1, 14, 16, 17] 0.984099615179327 True
candidate 2912 [1, 13, 16, 18] 1.0279617492263706 False
candidate 2937 [2, 13, 18, 19] 0.9840996198753512 True
candidate 2942 [1, 13, 18, 19] 0.9940623993785233 True
candidate 2943 [2, 14, 17, 19] 1.0269431915732194 True
candidate 2954 [2, 14, 16, 17] 0.9938611790369112 True
candidate 2976 [1, 14, 16, 17] 0.9840996194981723 True
candidate 2984 [1, 13, 16, 18] 1.0279617492263706 False
progress 3000 199.8
candidate 3009 [2, 13, 18, 19] 0.9840996202791584 True
candidate 3014 [1, 13, 18, 19] 0.9937944749728158 True
candidate 3015 [2, 14, 17, 19] 1.0278825606741029 True
candidate 3026 [2, 14, 16, 17] 0.9935263036869738 True
candidate 3048 [1, 14, 16, 17] 0.9840996194981723 True
candidate 3056 [1, 13, 16, 18] 1.02797734258389 True
candidate 3081 [2, 13, 18, 19] 0.9835124638140251 True
candidate 3086 [1, 13, 18, 19] 0.9937944749728158 True
candidate 3087 [2, 14, 17, 19] 1.0278825606741029 True
candidate 3098 [2, 14, 16, 17] 0.9938228787596762 True
candidate 3120 [1, 14, 16, 17] 0.9840818377789248 True
candidate 3128 [1, 13, 16, 18] 1.026943162647593 True
candidate 3153 [2, 13, 18, 19] 0.9840996202791584 True
candidate 3158 [1, 13, 18, 19] 0.9937390332278466 True
candidate 3159 [2, 14, 17, 19] 1.0278825606741029 True
candidate 3170 [2, 14, 16, 17] 0.9937059737712652 True
candidate 3192 [1, 14, 16, 17] 0.9840996194981723 True
candidate 3200 [1, 13, 16, 18] 1.0279617492263706 False
progress 3200 210.5
candidate 3225 [2, 13, 18, 19] 0.9840996201083689 True
candidate 3230 [1, 13, 18, 19] 0.9935029315832903 True
candidate 3231 [2, 14, 17, 19] 1.0269431915732194 True
candidate 3242 [2, 14, 16, 17] 0.9938228787596762 True
candidate 3264 [1, 14, 16, 17] 0.9840996202524571 True
candidate 3297 [2, 13, 18, 19] 0.9840996198753512 True
progress 3300 216.0
candidate 3302 [1, 13, 18, 19] 0.9937025851935013 True
candidate 3303 [2, 14, 17, 19] 1.0278825606741029 True
candidate 3314 [2, 14, 16, 17] 0.9935263036869738 True
candidate 3336 [1, 14, 16, 17] 0.9840996194981723 True
candidate 3344 [1, 13, 16, 18] 1.026943162647593 True
candidate 3369 [2, 13, 18, 19] 0.984099619292361 True
candidate 3374 [1, 13, 18, 19] 0.993085423056649 True
candidate 3375 [2, 14, 17, 19] 1.0278825606741029 True
candidate 3386 [2, 14, 16, 17] 0.9938228787596762 True
candidate 3408 [1, 14, 16, 17] 0.9840996195765004 True
candidate 3416 [1, 13, 16, 18] 1.026943162647593 True
candidate 3441 [2, 13, 18, 19] 0.9840996202650629 True
candidate 3446 [1, 13, 18, 19] 0.9937944749728158 True
candidate 3447 [2, 14, 17, 19] 1.0278825606741029 True
candidate 3458 [2, 14, 16, 17] 0.9938119638010738 True
candidate 3480 [1, 14, 16, 17] 0.9840996176815912 True
candidate 3488 [1, 13, 16, 18] 1.026943162647593 True
progress 3500 229.2
candidate 3513 [2, 13, 18, 19] 0.9840996186393808 True
candidate 3518 [1, 13, 18, 19] 0.9935029315832903 True
candidate 3530 [2, 14, 16, 17] 0.9938119638010738 True
candidate 3552 [1, 14, 16, 17] 0.9840996111995362 True
candidate 3560 [1, 13, 16, 18] 1.026943162647593 True
candidate 3585 [2, 13, 18, 19] 0.9840996186393808 True
candidate 3590 [1, 13, 18, 19] 0.9937025851935013 True
candidate 3591 [2, 14, 17, 19] 1.0279685208945677 True
progress 3600 234.6
candidate 3602 [2, 14, 16, 17] 0.9938119638010738 True
candidate 3624 [1, 14, 16, 17] 0.9840996195765004 True
candidate 3632 [1, 13, 16, 18] 1.026943162647593 True
candidate 3657 [2, 13, 18, 19] 0.9840996191655628 True
candidate 3662 [1, 13, 18, 19] 0.9935768378436381 True
candidate 3663 [2, 14, 17, 19] 1.0279685208945677 True
candidate 3674 [2, 14, 16, 17] 0.9935263036869738 True
candidate 3696 [1, 14, 16, 17] 0.9840996194981723 True
candidate 3704 [1, 13, 16, 18] 1.026943162647593 True
candidate 3729 [2, 13, 18, 19] 0.9840996198753512 True
candidate 3734 [1, 13, 18, 19] 0.9936521697873745 True
candidate 3735 [2, 14, 17, 19] 1.0279685208945677 True
candidate 3746 [2, 14, 16, 17] 0.9935263036869738 True
candidate 3768 [1, 14, 16, 17] 0.9840996111995362 True
candidate 3776 [1, 13, 16, 18] 1.0278672660571953 True
progress 3800 246.0
candidate 3801 [2, 13, 18, 19] 0.9840996198753512 True
candidate 3806 [1, 13, 18, 19] 0.9935029315832903 True
candidate 3818 [2, 14, 16, 17] 0.9938119638010738 True
candidate 3840 [1, 14, 16, 17] 0.9840996194981723 True
candidate 3848 [1, 13, 16, 18] 1.026943162647593 True
candidate 3873 [2, 13, 18, 19] 0.9840996198753512 True
candidate 3878 [1, 13, 18, 19] 0.9937944749728158 True
candidate 3879 [2, 14, 17, 19] 1.0278825606741029 True
candidate 3890 [2, 14, 16, 17] 0.9938119638010738 True
progress 3900 251.8
candidate 3912 [1, 14, 16, 17] 0.9841336760206846 True
candidate 3920 [1, 13, 16, 18] 1.026943162647593 True
candidate 3945 [2, 13, 18, 19] 0.9840996198753512 True
candidate 3950 [1, 13, 18, 19] 0.9937944749728158 True
candidate 3951 [2, 14, 17, 19] 1.0278825606741029 True
candidate 3962 [2, 14, 16, 17] 0.9938228787596762 True
candidate 3984 [1, 14, 16, 17] 0.9840996194981723 True
candidate 3992 [1, 13, 16, 18] 1.026943162647593 True
progress 4000 257.3
candidate 4017 [2, 13, 18, 19] 0.9840996196148855 True
candidate 4022 [1, 13, 18, 19] 0.9936699357825922 True
candidate 4023 [2, 14, 17, 19] 1.0279685208945677 True
candidate 4034 [2, 14, 16, 17] 0.9935263036869738 True
candidate 4056 [1, 14, 16, 17] 0.9840996197770533 True
candidate 4064 [1, 13, 16, 18] 1.02788253935944 True
candidate 4089 [2, 13, 18, 19] 0.984099615435872 True
candidate 4094 [1, 13, 18, 19] 0.9935029315832903 True
candidate 4095 [2, 14, 17, 19] 1.0279685208945677 True
progress 4100 261.8
candidate 4106 [2, 14, 16, 17] 0.9938228787596762 True
candidate 4128 [1, 14, 16, 17] 0.9840996194981723 True
candidate 4136 [1, 13, 16, 18] 1.026943162647593 True
candidate 4161 [2, 13, 18, 19] 0.9840996198753512 True
candidate 4166 [1, 13, 18, 19] 0.9935029315832903 True
candidate 4167 [2, 14, 17, 19] 1.027956740873472 True
candidate 4178 [2, 14, 16, 17] 0.993436195068195 True
candidate 4200 [1, 14, 16, 17] 0.9840996111995362 True
progress 4200 266.2
candidate 4208 [1, 13, 16, 18] 1.027895371616643 True
candidate 4233 [2, 13, 18, 19] 0.9840996186393808 True
candidate 4238 [1, 13, 18, 19] 0.9935029315832903 True
candidate 4239 [2, 14, 17, 19] 1.0279476227238113 True
candidate 4250 [2, 14, 16, 17] 0.9938119638010738 True
candidate 4272 [1, 14, 16, 17] 0.9840996195765004 True
candidate 4280 [1, 13, 16, 18] 1.0269431663981425 True
candidate 4305 [2, 13, 18, 19] 0.9840996202791584 True
candidate 4310 [1, 13, 18, 19] 0.9937944749728158 True
candidate 4311 [2, 14, 17, 19] 1.0279685208945677 True
candidate 4322 [2, 14, 16, 17] 0.9938119638010738 True
candidate 4344 [1, 14, 16, 17] 0.9840996194981723 True
candidate 4352 [1, 13, 16, 18] 1.026943162647593 True
candidate 4377 [2, 13, 18, 19] 0.9840996202791584 True
candidate 4382 [1, 13, 18, 19] 0.9937944749728158 True
candidate 4383 [2, 14, 17, 19] 1.0269431915732194 True
candidate 4394 [2, 14, 16, 17] 0.9938119638010738 True
progress 4400 276.3
candidate 4416 [1, 14, 16, 17] 0.9840996195765004 True
candidate 4424 [1, 13, 16, 18] 1.026943162647593 True
candidate 4449 [2, 13, 18, 19] 0.9840996198753512 True
candidate 4454 [1, 13, 18, 19] 0.9938638192749439 True
candidate 4455 [2, 14, 17, 19] 1.0279685208945677 True
candidate 4466 [2, 14, 16, 17] 0.9935992490698424 True
candidate 4488 [1, 14, 16, 17] 0.9840169763758156 True
candidate 4496 [1, 13, 16, 18] 1.0280735238926604 True
BEST 4496 [1, 13, 16, 18] 1.0280735238926604 280.3
progress 4500 280.5
candidate 4521 [2, 13, 18, 19] 0.9840996198753512 True
candidate 4526 [1, 13, 18, 19] 0.9937025851935013 True
candidate 4527 [2, 14, 17, 19] 1.0278825606741029 True
candidate 4538 [2, 14, 16, 17] 0.9935263036869738 True
candidate 4560 [1, 14, 16, 17] 0.9840996194981723 True
candidate 4568 [1, 13, 16, 18] 1.026943162647593 True
candidate 4593 [2, 13, 18, 19] 0.9840996187598422 True
candidate 4598 [1, 13, 18, 19] 0.9937025851935013 True
candidate 4610 [2, 14, 16, 17] 0.9932646467624181 True
candidate 4632 [1, 14, 16, 17] 0.9840996195765004 True
candidate 4640 [1, 13, 16, 18] 1.0279617492263706 False
candidate 4665 [2, 13, 18, 19] 0.9840996198753512 True
candidate 4670 [1, 13, 18, 19] 0.9935029315832903 True
candidate 4682 [2, 14, 16, 17] 0.9938228787596762 True
candidate 4704 [1, 14, 16, 17] 0.9840996163674411 True
candidate 4737 [2, 13, 18, 19] 0.9840996171242745 True
candidate 4742 [1, 13, 18, 19] 0.9935029315832903 True
candidate 4743 [2, 14, 17, 19] 1.0278825606741029 True
candidate 4754 [2, 14, 16, 17] 0.9938119638010738 True
candidate 4776 [1, 14, 16, 17] 0.9840996195765004 True
candidate 4784 [1, 13, 16, 18] 1.0279617492263706 False
progress 4800 297.6
candidate 4809 [2, 13, 18, 19] 0.9840996193828855 True
candidate 4814 [1, 13, 18, 19] 0.9937025851935013 True
candidate 4815 [2, 14, 17, 19] 1.0279685208945677 True
candidate 4826 [2, 14, 16, 17] 0.9936732882325804 True
candidate 4848 [1, 14, 16, 17] 0.9840996195765004 True
candidate 4856 [1, 13, 16, 18] 1.02788253935944 True
candidate 4881 [2, 13, 18, 19] 0.9840996046196226 True
candidate 4886 [1, 13, 18, 19] 0.9935029315832903 True
candidate 4887 [2, 14, 17, 19] 1.0279685208945677 True
candidate 4898 [2, 14, 16, 17] 0.9935263036869738 True
candidate 4920 [1, 14, 16, 17] 0.9840996111995362 True
candidate 4928 [1, 13, 16, 18] 1.026943162647593 True
candidate 4953 [2, 13, 18, 19] 0.9840996139327498 True
candidate 4958 [1, 13, 18, 19] 0.9937944749728158 True
candidate 4959 [2, 14, 17, 19] 1.0279685208945677 True
candidate 4970 [2, 14, 16, 17] 0.9938228787596762 True
candidate 4992 [1, 14, 16, 17] 0.9840996195765004 True
