POOL 0.07025146 222200102111221200101111 iter 499
BEST 0.4889526 221100100221221100100221 iter 999
POOL 0.4889526 221100100221221100100221 iter 999
POOL 0.4889526 221100100221221100100221 iter 1499
POOL 0.4889526 221100100221221100100221 iter 1999
POOL 0.4889526 221100100221221100100221 iter 2499
POOL 0.4889526 221100100221221100100221 iter 2999
POOL 0.4889526 221100100221221100100221 iter 3499
POOL 0.4889526 221100100221221100100221 iter 3999
POOL 0.2059326 221100100100221100100221 iter 4499
POOL 0.2410278 221100100101221100100221 iter 4999
POOL 0.4889526 221100100221221100100221 iter 5499
POOL 0.4889526 221100100221221100100221 iter 5999
POOL 0.4889526 221100100221221100100221 iter 6499
POOL 0.4889526 221100100221221100100221 iter 6999
POOL 0.4889526 221100100221221100100221 iter 7499
POOL 0.4889526 221100100221221100100221 iter 7999
POOL 0.07849121 112212212012011012010212 iter 8499
POOL 0.07849121 112212212012011012010212 iter 8999
POOL 0.1377563 112012222012000012010012 iter 9499
POOL 0.140686 112012222012000012011012 iter 9999
POOL 0.1762695 112212222012000012011112 iter 10499
POOL 0.1762695 112212222012000012011112 iter 10999
POOL 0.01519775 111002012221002100212011 iter 11499
POOL 0.2786255 221101100221221100100221 iter 11999
POOL 0.118042 100012211000112011222012 iter 12499
POOL 0.09222412 100000221100102011222012 iter 12999
POOL 0.1317749 100221221100102100222100 iter 13499
POOL 0.4846191 100221221100100221221100 iter 13999
POOL 0.4846191 100221221100100221221100 iter 14499
POOL 0.4846191 100221221100100221221100 iter 14999
POOL 0.4846191 100221221100100221221100 iter 15499
POOL 0.4846191 100221221100100221221100 iter 15999
POOL 0.4889526 221100100221221100100221 iter 16499
POOL 0.4889526 221100100221221100100221 iter 16999
POOL 0.4889526 221100100221221100100221 iter 17499
POOL 0.4889526 221100100221221100100221 iter 17999
POOL 0.4889526 221100100221221100100221 iter 18499
POOL 0.4889526 221100100221221100100221 iter 18999
POOL 0.4889526 221100100221221100100221 iter 19499
POOL 0.4889526 221100100221221100100221 iter 19999
POOL 0.2788086 221100100220221100100221 iter 20499
POOL 0.4889526 221100100221221100100221 iter 20999
POOL 0.4889526 221100100221221100100221 iter 21499
POOL 0.4889526 221100100221221100100221 iter 21999
POOL 0.4889526 221100100221221100100221 iter 22499
POOL 0.4889526 221100100221221100100221 iter 22999
POOL 0.4889526 221100100221221100100221 iter 23499
POOL 0.4889526 221100100221221100100221 iter 23999
POOL 0.1369019 221100100221222000121221 iter 24499
POOL 0.4889526 221100100221221100100221 iter 24999
POOL 0.4889526 221100100221221100100221 iter 25499
POOL 0.4889526 221100100221221100100221 iter 25999
POOL 0.4889526 221100100221221100100221 iter 26499
POOL 0.4889526 221100100221221100100221 iter 26999
POOL 0.4889526 221100100221221100100221 iter 27499
POOL 0.4889526 221100100221221100100221 iter 27999
POOL 0.4889526 221100100221221100100221 iter 28499
POOL 0.4889526 221100100221221100100221 iter 28999
POOL 0.4889526 221100100221221100100221 iter 29499
POOL 0.4889526 221100100221221100100221 iter 29999
POOL 0.4889526 221100100221221100100221 iter 30499
POOL 0.4889526 221100100221221100100221 iter 30999
POOL 0.4889526 221100100221221100100221 iter 31499
POOL 0.4889526 221100100221221100100221 iter 31999
POOL 0.04876709 222110222012121101000220 iter 32499
POOL 0.04876709 222110222012121101000220 iter 32999
POOL 0.07891846 221111000210221111000200 iter 33499
POOL 0.2729492 221100100221220100100221 iter 33999
POOL 0.4889526 221100100221221100100221 iter 34499
POOL 0.4889526 221100100221221100100221 iter 34999
POOL 0.4889526 221100100221221100100221 iter 35499
POOL 0.4889526 221100100221221100100221 iter 35999
POOL 0.4889526 221100100221221100100221 iter 36499
POOL 0.4889526 221100100221221100100221 iter 36999
POOL 0.4889526 221100100221221100100221 iter 37499
POOL 0.4889526 221100100221221100100221 iter 37999
POOL 0.4889526 221100100221221100100221 iter 38499
POOL 0.4889526 221100100221221100100221 iter 38999
POOL 0.4889526 221100100221221100100221 iter 39499
POOL 0.4889526 221100100221221100100221 iter 39999
POOL 0.06256104 002012012212110202221012 iter 40499
POOL 0.114624 002012012112012212022012 iter 40999
POOL 0.1026001 000012012212212112222012 iter 41499
POOL 0.1026001 000012012212212112222012 iter 41999
POOL 0.1132202 000012010212112212222012 iter 42499
POOL 0.1132202 000012010212112212222012 iter 42999
POOL 0.02972412 102221110012012222000022 iter 43499
POOL 0.03198242 220100112100010102121221 iter 43999
POOL 0.4889526 221100100221221100100221 iter 44499
POOL 0.4889526 221100100221221100100221 iter 44999
POOL 0.4889526 221100100221221100100221 iter 45499
POOL 0.4889526 221100100221221100100221 iter 45999
POOL 0.4889526 221100100221221100100221 iter 46499
POOL 0.4889526 221100100221221100100221 iter 46999
POOL 0.4889526 221100100221221100100221 iter 47499
POOL 0.4889526 221100100221221100100221 iter 47999
POOL 0.2650757 100221221100100221121100 iter 48499
POOL 0.4846191 100221221100100221221100 iter 48999
POOL 0.4846191 100221221100100221221100 iter 49499
POOL 0.4846191 100221221100100221221100 iter 49999
POOL 0.4846191 100221221100100221221100 iter 50499
POOL 0.4846191 100221221100100221221100 iter 50999
POOL 0.4846191 100221221100100221221100 iter 51499
POOL 0.4846191 100221221100100221221100 iter 51999
POOL 0.1463013 221100100211221100221100 iter 52499
POOL 0.4889526 221100100221221100100221 iter 52999
POOL 0.4889526 221100100221221100100221 iter 53499
POOL 0.4889526 221100100221221100100221 iter 53999
POOL 0.4889526 221100100221221100100221 iter 54499
POOL 0.4889526 221100100221221100100221 iter 54999
POOL 0.4889526 221100100221221100100221 iter 55499
POOL 0.4889526 221100100221221100100221 iter 55999
POOL 0.06152344 000012000012100012121222 iter 56499
POOL 0.1103516 100221222012100012221100 iter 56999
POOL 0.4846191 100221221100100221221100 iter 57499
POOL 0.4846191 100221221100100221221100 iter 57999
POOL 0.4846191 100221221100100221221100 iter 58499
POOL 0.4846191 100221221100100221221100 iter 58999
POOL 0.4846191 100221221100100221221100 iter 59499
POOL 0.4846191 100221221100100221221100 iter 59999
POOL 0.09814453 100221011112012222000100 iter 60499
POOL 0.1116333 100221011102012222012100 iter 60999
POOL 0.4846191 100221221100100221221100 iter 61499
POOL 0.4846191 100221221100100221221100 iter 61999
POOL 0.4846191 100221221100100221221100 iter 62499
POOL 0.4846191 100221221100100221221100 iter 62999
POOL 0.4846191 100221221100100221221100 iter 63499
POOL 0.4846191 100221221100100221221100 iter 63999
POOL 0.4889526 221100100221221100100221 iter 64499
POOL 0.4889526 221100100221221100100221 iter 64999
POOL 0.4889526 221100100221221100100221 iter 65499
POOL 0.4889526 221100100221221100100221 iter 65999
POOL 0.4889526 221100100221221100100221 iter 66499
POOL 0.4889526 221100100221221100100221 iter 66999
POOL 0.4889526 221100100221221100100221 iter 67499
POOL 0.4889526 221100100221221100100221 iter 67999
POOL 0.07122803 100221221000222010222112 iter 68499
POOL 0.2713013 100221221100100221220100 iter 68999
POOL 0.4846191 100221221100100221221100 iter 69499
POOL 0.4846191 100221221100100221221100 iter 69999
POOL 0.4846191 100221221100100221221100 iter 70499
POOL 0.4846191 100221221100100221221100 iter 70999
POOL 0.4846191 100221221100100221221100 iter 71499
POOL 0.4846191 100221221100100221221100 iter 71999
POOL 0.4846191 100221221100100221221100 iter 72499
POOL 0.4846191 100221221100100221221100 iter 72999
POOL 0.4846191 100221221100100221221100 iter 73499
POOL 0.4846191 100221221100100221221100 iter 73999
POOL 0.4846191 100221221100100221221100 iter 74499
POOL 0.4846191 100221221100100221221100 iter 74999
POOL 0.4846191 100221221100100221221100 iter 75499
POOL 0.4846191 100221221100100221221100 iter 75999
POOL 0.1605835 112011211112012222012000 iter 76499
POOL 0.1637573 112011222112012222012000 iter 76999
POOL 0.1605835 112011211112012222012000 iter 77499
POOL 0.1605835 112011211112012222012000 iter 77999
POOL 0.1759033 112011212112012222012000 iter 78499
POOL 0.1759033 112011212112012222012000 iter 78999
POOL 0.0222168 012012200212100200222110 iter 79499
POOL 0.0703125 220222211100000221011112 iter 79999
POOL 0.1071777 221110000012222012102221 iter 80499
POOL 0.118042 221100100012222012102011 iter 80999
POOL 0.1069336 221100100022222012112011 iter 81499
POOL 0.1139526 211100100012222012112011 iter 81999
POOL 0.1152344 012000012221212110112011 iter 82499
POOL 0.1102295 012000012221212010112011 iter 82999
POOL 0.006958008 120020221011011210122222 iter 83499
POOL 0.3106079 221100100221221100221100 iter 83999
POOL 0.0501709 220221121121000012000210 iter 84499
POOL 0.4846191 100221221100100221221100 iter 84999
POOL 0.4846191 100221221100100221221100 iter 85499
POOL 0.4846191 100221221100100221221100 iter 85999
POOL 0.4846191 100221221100100221221100 iter 86499
POOL 0.4846191 100221221100100221221100 iter 86999
POOL 0.4846191 100221221100100221221100 iter 87499
POOL 0.4846191 100221221100100221221100 iter 87999
POOL 0.4846191 100221221100100221221100 iter 88499
POOL 0.4846191 100221221100100221221100 iter 88999
POOL 0.4846191 100221221100100221221100 iter 89499
POOL 0.4846191 100221221100100221221100 iter 89999
POOL 0.4846191 100221221100100221221100 iter 90499
POOL 0.4846191 100221221100100221221100 iter 90999
POOL 0.4846191 100221221100100221221100 iter 91499
POOL 0.4846191 100221221100100221221100 iter 91999
POOL 0.1831665 100121220100100221221100 iter 92499
POOL 0.4846191 100221221100100221221100 iter 92999
POOL 0.4846191 100221221100100221221100 iter 93499
POOL 0.4846191 100221221100100221221100 iter 93999
POOL 0.4846191 100221221100100221221100 iter 94499
POOL 0.4846191 100221221100100221221100 iter 94999
POOL 0.4846191 100221221100100221221100 iter 95499
POOL 0.4846191 100221221100100221221100 iter 95999
POOL 0.4846191 100221221100100221221100 iter 96499
POOL 0.4846191 100221221100100221221100 iter 96999
POOL 0.4846191 100221221100100221221100 iter 97499
POOL 0.4846191 100221221100100221221100 iter 97999
POOL 0.4846191 100221221100100221221100 iter 98499
POOL 0.4846191 100221221100100221221100 iter 98999
POOL 0.4846191 100221221100100221221100 iter 99499
POOL 0.4846191 100221221100100221221100 iter 99999
POOL 0.0569458 012002002022102002112012 iter 100499
POOL 0.09619141 012000002222100012112011 iter 100999
POOL 0.1681519 012000012222011112010011 iter 101499
POOL 0.1681519 012000012222011112010011 iter 101999
POOL 0.1681519 012000012222011112010011 iter 102499
POOL 0.1681519 012000012222011112010011 iter 102999
POOL 0.01885986 220211010210211112101012 iter 103499
POOL 0.2070312 100221221100100221200220 iter 103999
POOL 0.07952881 012012000011222010112012 iter 104499
POOL 0.1173706 212000100221222012112011 iter 104999
POOL 0.112915 212000100021222012112011 iter 105499
POOL 0.112915 212000100021222012112011 iter 105999
POOL 0.4889526 221100100221221100100221 iter 106499
POOL 0.4889526 221100100221221100100221 iter 106999
POOL 0.4889526 221100100221221100100221 iter 107499
POOL 0.4889526 221100100221221100100221 iter 107999
POOL 0.1193237 100211222012100221221100 iter 108499
POOL 0.4846191 100221221100100221221100 iter 108999
POOL 0.4846191 100221221100100221221100 iter 109499
POOL 0.4846191 100221221100100221221100 iter 109999
POOL 0.4846191 100221221100100221221100 iter 110499
POOL 0.4846191 100221221100100221221100 iter 110999
POOL 0.4846191 100221221100100221221100 iter 111499
POOL 0.4846191 100221221100100221221100 iter 111999
POOL 0.2657471 221200100221221100100221 iter 112499
POOL 0.4889526 221100100221221100100221 iter 112999
POOL 0.4889526 221100100221221100100221 iter 113499
POOL 0.4889526 221100100221221100100221 iter 113999
POOL 0.4889526 221100100221221100100221 iter 114499
POOL 0.4889526 221100100221221100100221 iter 114999
POOL 0.4889526 221100100221221100100221 iter 115499
POOL 0.4889526 221100100221221100100221 iter 115999
POOL 0.1735229 221100100200221101100221 iter 116499
POOL 0.4889526 221100100221221100100221 iter 116999
POOL 0.4889526 221100100221221100100221 iter 117499
POOL 0.4889526 221100100221221100100221 iter 117999
POOL 0.4889526 221100100221221100100221 iter 118499
POOL 0.4889526 221100100221221100100221 iter 118999
POOL 0.4889526 221100100221221100100221 iter 119499
POOL 0.4889526 221100100221221100100221 iter 119999
POOL 0.2800293 221100100221221120100221 iter 120499
POOL 0.4889526 221100100221221100100221 iter 120999
POOL 0.4889526 221100100221221100100221 iter 121499
POOL 0.4889526 221100100221221100100221 iter 121999
POOL 0.4889526 221100100221221100100221 iter 122499
POOL 0.4889526 221100100221221100100221 iter 122999
POOL 0.4889526 221100100221221100100221 iter 123499
POOL 0.4889526 221100100221221100100221 iter 123999
POOL 0.1091309 000221011112012222221100 iter 124499
POOL 0.1574097 100221211102100221221100 iter 124999
POOL 0.4846191 100221221100100221221100 iter 125499
POOL 0.4846191 100221221100100221221100 iter 125999
POOL 0.4846191 100221221100100221221100 iter 126499
POOL 0.4846191 100221221100100221221100 iter 126999
POOL 0.4846191 100221221100100221221100 iter 127499
POOL 0.4846191 100221221100100221221100 iter 127999
POOL 0.08599854 221100220200011100110221 iter 128499
POOL 0.4889526 221100100221221100100221 iter 128999
POOL 0.4889526 221100100221221100100221 iter 129499
POOL 0.4889526 221100100221221100100221 iter 129999
POOL 0.4889526 221100100221221100100221 iter 130499
POOL 0.4889526 221100100221221100100221 iter 130999
POOL 0.4889526 221100100221221100100221 iter 131499
POOL 0.4889526 221100100221221100100221 iter 131999
POOL 0.06622314 100101222200101111220220 iter 132499
POOL 0.262207 100221221200100221221100 iter 132999
POOL 0.4846191 100221221100100221221100 iter 133499
POOL 0.4846191 100221221100100221221100 iter 133999
POOL 0.4846191 100221221100100221221100 iter 134499
POOL 0.4846191 100221221100100221221100 iter 134999
POOL 0.4846191 100221221100100221221100 iter 135499
POOL 0.4846191 100221221100100221221100 iter 135999
POOL 0.4846191 100221221100100221221100 iter 136499
POOL 0.4846191 100221221100100221221100 iter 136999
POOL 0.4846191 100221221100100221221100 iter 137499
POOL 0.4846191 100221221100100221221100 iter 137999
POOL 0.4846191 100221221100100221221100 iter 138499
POOL 0.4846191 100221221100100221221100 iter 138999
POOL 0.4846191 100221221100100221221100 iter 139499
POOL 0.4846191 100221221100100221221100 iter 139999
POOL 0.4846191 100221221100100221221100 iter 140499
POOL 0.4846191 100221221100100221221100 iter 140999
POOL 0.4846191 100221221100100221221100 iter 141499
POOL 0.4846191 100221221100100221221100 iter 141999
POOL 0.4846191 100221221100100221221100 iter 142499
POOL 0.4846191 100221221100100221221100 iter 142999
POOL 0.4846191 100221221100100221221100 iter 143499
POOL 0.4846191 100221221100100221221100 iter 143999
POOL 0.07849121 112021222012000012000012 iter 144499
POOL 0.1422119 100221221100100221200120 iter 144999
POOL 0.3062134 100221221100100221100221 iter 145499
POOL 0.3062134 100221221100100221100221 iter 145999
POOL 0.3062134 100221221100100221100221 iter 146499
POOL 0.3062134 100221221100100221100221 iter 146999
POOL 0.3062134 100221221100100221100221 iter 147499
POOL 0.3062134 100221221100100221100221 iter 147999
POOL 0.05609131 102011212010100221221002 iter 148499
POOL 0.09197998 112011222000101221012000 iter 148999
POOL 0.4846191 100221221100100221221100 iter 149499
POOL 0.4846191 100221221100100221221100 iter 149999
POOL 0.4846191 100221221100100221221100 iter 150499
POOL 0.4846191 100221221100100221221100 iter 150999
POOL 0.4846191 100221221100100221221100 iter 151499
POOL 0.4846191 100221221100100221221100 iter 151999
POOL 0.1456909 012000012222012112112011 iter 152499
POOL 0.161377 012000012222222112112011 iter 152999
POOL 0.1783447 012000012222212112112011 iter 153499
POOL 0.1783447 012000012222212112112011 iter 153999
POOL 0.161377 012000012222222112112011 iter 154499
POOL 0.161377 012000012222222112112011 iter 154999
POOL 0.01196289 111002110211202010012022 iter 155499
POOL 0.06317139 102221101111222220101101 iter 155999
POOL 0.2157593 221100112221221100100221 iter 156499
POOL 0.4889526 221100100221221100100221 iter 156999
POOL 0.4889526 221100100221221100100221 iter 157499
POOL 0.4889526 221100100221221100100221 iter 157999
POOL 0.4889526 221100100221221100100221 iter 158499
POOL 0.4889526 221100100221221100100221 iter 158999
POOL 0.4889526 221100100221221100100221 iter 159499
POOL 0.4889526 221100100221221100100221 iter 159999
POOL 0.2774048 100221221100100221221120 iter 160499
POOL 0.4846191 100221221100100221221100 iter 160999
POOL 0.4846191 100221221100100221221100 iter 161499
POOL 0.4846191 100221221100100221221100 iter 161999
POOL 0.4846191 100221221100100221221100 iter 162499
POOL 0.4846191 100221221100100221221100 iter 162999
POOL 0.4846191 100221221100100221221100 iter 163499
POOL 0.4846191 100221221100100221221100 iter 163999
POOL 0.2627563 221100100121221100100221 iter 164499
POOL 0.4889526 221100100221221100100221 iter 164999
POOL 0.4889526 221100100221221100100221 iter 165499
POOL 0.4889526 221100100221221100100221 iter 165999
POOL 0.4889526 221100100221221100100221 iter 166499
POOL 0.4889526 221100100221221100100221 iter 166999
POOL 0.4889526 221100100221221100100221 iter 167499
POOL 0.4889526 221100100221221100100221 iter 167999
POOL 0.4889526 221100100221221100100221 iter 168499
POOL 0.4889526 221100100221221100100221 iter 168999
POOL 0.4889526 221100100221221100100221 iter 169499
POOL 0.4889526 221100100221221100100221 iter 169999
POOL 0.4889526 221100100221221100100221 iter 170499
POOL 0.4889526 221100100221221100100221 iter 170999
POOL 0.4889526 221100100221221100100221 iter 171499
POOL 0.4889526 221100100221221100100221 iter 171999
POOL 0.05151367 212010101112002012012010 iter 172499
POOL 0.0670166 212010100012022012012010 iter 172999
POOL 0.05126953 200000101101222012222010 iter 173499
POOL 0.05126953 200000101101222012222010 iter 173999
POOL 0.06951904 101221222000100011101111 iter 174499
POOL 0.09973145 102221222000100011100011 iter 174999
POOL 0.07897949 222012112011221010101112 iter 175499
POOL 0.4889526 221100100221221100100221 iter 175999
POOL 0.05657959 021112000222121102200221 iter 176499
POOL 0.4889526 221100100221221100100221 iter 176999
POOL 0.4889526 221100100221221100100221 iter 177499
POOL 0.4889526 221100100221221100100221 iter 177999
POOL 0.4889526 221100100221221100100221 iter 178499
POOL 0.4889526 221100100221221100100221 iter 178999
POOL 0.4889526 221100100221221100100221 iter 179499
POOL 0.4889526 221100100221221100100221 iter 179999
POOL 0.1980591 221100101021221100100221 iter 180499
POOL 0.4889526 221100100221221100100221 iter 180999
POOL 0.4889526 221100100221221100100221 iter 181499
POOL 0.4889526 221100100221221100100221 iter 181999
POOL 0.4889526 221100100221221100100221 iter 182499
POOL 0.4889526 221100100221221100100221 iter 182999
POOL 0.4889526 221100100221221100100221 iter 183499
POOL 0.4889526 221100100221221100100221 iter 183999
POOL 0.4889526 221100100221221100100221 iter 184499
POOL 0.4889526 221100100221221100100221 iter 184999
POOL 0.4889526 221100100221221100100221 iter 185499
POOL 0.4889526 221100100221221100100221 iter 185999
POOL 0.4889526 221100100221221100100221 iter 186499
POOL 0.4889526 221100100221221100100221 iter 186999
POOL 0.4889526 221100100221221100100221 iter 187499
POOL 0.4889526 221100100221221100100221 iter 187999
POOL 0.04418945 010021000100222112012010 iter 188499
POOL 0.05743408 010011021100222012012010 iter 188999
POOL 0.07159424 010222221002222012112012 iter 189499
POOL 0.1144409 010222221002000012011112 iter 189999
POOL 0.4846191 100221221100100221221100 iter 190499
POOL 0.4846191 100221221100100221221100 iter 190999
POOL 0.4846191 100221221100100221221100 iter 191499
POOL 0.4846191 100221221100100221221100 iter 191999
POOL 0.4889526 221100100221221100100221 iter 192499
POOL 0.4889526 221100100221221100100221 iter 192999
POOL 0.4889526 221100100221221100100221 iter 193499
POOL 0.4889526 221100100221221100100221 iter 193999
POOL 0.4889526 221100100221221100100221 iter 194499
POOL 0.4889526 221100100221221100100221 iter 194999
POOL 0.4889526 221100100221221100100221 iter 195499
POOL 0.4889526 221100100221221100100221 iter 195999
POOL 0.4846191 100221221100100221221100 iter 196499
POOL 0.4846191 100221221100100221221100 iter 196999
POOL 0.4846191 100221221100100221221100 iter 197499
POOL 0.4846191 100221221100100221221100 iter 197999
POOL 0.4846191 100221221100100221221100 iter 198499
POOL 0.4846191 100221221100100221221100 iter 198999
POOL 0.4846191 100221221100100221221100 iter 199499
POOL 0.4846191 100221221100100221221100 iter 199999
POOL 0.4889526 221100100221221100100221 iter 200499
POOL 0.4889526 221100100221221100100221 iter 200999
POOL 0.4889526 221100100221221100100221 iter 201499
POOL 0.4889526 221100100221221100100221 iter 201999
POOL 0.4889526 221100100221221100100221 iter 202499
POOL 0.4889526 221100100221221100100221 iter 202999
POOL 0.4889526 221100100221221100100221 iter 203499
POOL 0.4889526 221100100221221100100221 iter 203999
POOL 0.1013794 000012010011012010222012 iter 204499
POOL 0.1016846 000012010011212010222012 iter 204999
POOL 0.1070557 011112000011222010112212 iter 205499
POOL 0.1070557 011112000011222010112212 iter 205999
POOL 0.1799927 011112000012222012112212 iter 206499
POOL 0.1799927 011112000012222012112212 iter 206999
POOL 0.1715088 011112000012022002012222 iter 207499
POOL 0.1715088 011112000012022002012222 iter 207999
POOL 0.05975342 221100100222222112220200 iter 208499
POOL 0.4889526 221100100221221100100221 iter 208999
POOL 0.4889526 221100100221221100100221 iter 209499
POOL 0.4889526 221100100221221100100221 iter 209999
POOL 0.4889526 221100100221221100100221 iter 210499
POOL 0.4889526 221100100221221100100221 iter 210999
POOL 0.4889526 221100100221221100100221 iter 211499
POOL 0.4889526 221100100221221100100221 iter 211999
POOL 0.4846191 100221221100100221221100 iter 212499
POOL 0.4846191 100221221100100221221100 iter 212999
POOL 0.4846191 100221221100100221221100 iter 213499
POOL 0.4846191 100221221100100221221100 iter 213999
POOL 0.4846191 100221221100100221221100 iter 214499
POOL 0.4846191 100221221100100221221100 iter 214999
POOL 0.4846191 100221221100100221221100 iter 215499
POOL 0.4846191 100221221100100221221100 iter 215999
POOL 0.07330322 011112010221022102012222 iter 216499
POOL 0.4889526 221100100221221100100221 iter 216999
POOL 0.4889526 221100100221221100100221 iter 217499
POOL 0.4889526 221100100221221100100221 iter 217999
POOL 0.4889526 221100100221221100100221 iter 218499
POOL 0.4889526 221100100221221100100221 iter 218999
POOL 0.4889526 221100100221221100100221 iter 219499
POOL 0.4889526 221100100221221100100221 iter 219999
POOL 0.2637329 100221221100200221221100 iter 220499
POOL 0.4846191 100221221100100221221100 iter 220999
POOL 0.4846191 100221221100100221221100 iter 221499
POOL 0.4846191 100221221100100221221100 iter 221999
POOL 0.4846191 100221221100100221221100 iter 222499
POOL 0.4846191 100221221100100221221100 iter 222999
POOL 0.4846191 100221221100100221221100 iter 223499
POOL 0.4846191 100221221100100221221100 iter 223999
POOL 0.4846191 100221221100100221221100 iter 224499
POOL 0.4846191 100221221100100221221100 iter 224999
POOL 0.4846191 100221221100100221221100 iter 225499
POOL 0.4846191 100221221100100221221100 iter 225999
POOL 0.4846191 100221221100100221221100 iter 226499
POOL 0.4846191 100221221100100221221100 iter 226999
POOL 0.4846191 100221221100100221221100 iter 227499
POOL 0.4846191 100221221100100221221100 iter 227999
POOL 0.04589844 220211100212012222021100 iter 228499
POOL 0.07897949 220221211100012222001100 iter 228999
POOL 0.09613037 100221011102012222002100 iter 229499
POOL 0.1116333 100221011102012222012100 iter 229999
POOL 0.08666992 122221112100012222001100 iter 230499
POOL 0.2789917 100221221100101221221100 iter 230999
POOL 0.4846191 100221221100100221221100 iter 231499
POOL 0.4846191 100221221100100221221100 iter 231999
POOL 0.2626343 100121221100100221221100 iter 232499
POOL 0.4846191 100221221100100221221100 iter 232999
POOL 0.4846191 100221221100100221221100 iter 233499
POOL 0.4846191 100221221100100221221100 iter 233999
POOL 0.4846191 100221221100100221221100 iter 234499
POOL 0.4846191 100221221100100221221100 iter 234999
POOL 0.4846191 100221221100100221221100 iter 235499
POOL 0.4846191 100221221100100221221100 iter 235999
POOL 0.09283447 112222222012000012021112 iter 236499
POOL 0.1633301 112222222012000012011112 iter 236999
POOL 0.1762695 112212222012000012011112 iter 237499
POOL 0.1762695 112212222012000012011112 iter 237999
POOL 0.1762695 112212222012000012011112 iter 238499
POOL 0.1762695 112212222012000012011112 iter 238999
POOL 0.02557373 201220110100222220100011 iter 239499
POOL 0.1716919 221100100121221121100221 iter 239999
POOL 0.03845215 110201000012121111210220 iter 240499
POOL 0.2401123 220200100221221100100221 iter 240999
POOL 0.4889526 221100100221221100100221 iter 241499
POOL 0.4889526 221100100221221100100221 iter 241999
POOL 0.4889526 221100100221221100100221 iter 242499
POOL 0.4889526 221100100221221100100221 iter 242999
POOL 0.4889526 221100100221221100100221 iter 243499
POOL 0.4889526 221100100221221100100221 iter 243999
POOL 0.4846191 100221221100100221221100 iter 244499
POOL 0.4846191 100221221100100221221100 iter 244999
POOL 0.4846191 100221221100100221221100 iter 245499
POOL 0.4846191 100221221100100221221100 iter 245999
POOL 0.4846191 100221221100100221221100 iter 246499
POOL 0.4846191 100221221100100221221100 iter 246999
POOL 0.4846191 100221221100100221221100 iter 247499
POOL 0.4846191 100221221100100221221100 iter 247999
POOL 0.2805176 100221221101100221221100 iter 248499
POOL 0.4846191 100221221100100221221100 iter 248999
POOL 0.4846191 100221221100100221221100 iter 249499
POOL 0.4846191 100221221100100221221100 iter 249999
POOL 0.4846191 100221221100100221221100 iter 250499
POOL 0.4846191 100221221100100221221100 iter 250999
POOL 0.4846191 100221221100100221221100 iter 251499
POOL 0.4846191 100221221100100221221100 iter 251999
POOL 0.2874756 221100100221221101100221 iter 252499
POOL 0.4889526 221100100221221100100221 iter 252999
POOL 0.4889526 221100100221221100100221 iter 253499
POOL 0.4889526 221100100221221100100221 iter 253999
POOL 0.4889526 221100100221221100100221 iter 254499
POOL 0.4889526 221100100221221100100221 iter 254999
POOL 0.4889526 221100100221221100100221 iter 255499
POOL 0.4889526 221100100221221100100221 iter 255999
POOL 0.4889526 221100100221221100100221 iter 256499
POOL 0.4889526 221100100221221100100221 iter 256999
POOL 0.4889526 221100100221221100100221 iter 257499
POOL 0.4889526 221100100221221100100221 iter 257999
POOL 0.4889526 221100100221221100100221 iter 258499
POOL 0.4889526 221100100221221100100221 iter 258999
POOL 0.4889526 221100100221221100100221 iter 259499
POOL 0.4889526 221100100221221100100221 iter 259999
POOL 0.1316528 100221221100000221101101 iter 260499
POOL 0.4846191 100221221100100221221100 iter 260999
POOL 0.4846191 100221221100100221221100 iter 261499
POOL 0.4846191 100221221100100221221100 iter 261999
POOL 0.4846191 100221221100100221221100 iter 262499
POOL 0.4846191 100221221100100221221100 iter 262999
POOL 0.4846191 100221221100100221221100 iter 263499
POOL 0.4846191 100221221100100221221100 iter 263999
POOL 0.3031616 221100221100100221221100 iter 264499
POOL 0.3031616 221100221100100221221100 iter 264999
POOL 0.3031616 221100221100100221221100 iter 265499
POOL 0.3031616 221100221100100221221100 iter 265999
POOL 0.3031616 221100221100100221221100 iter 266499
POOL 0.3031616 221100221100100221221100 iter 266999
POOL 0.3031616 221100221100100221221100 iter 267499
POOL 0.3031616 221100221100100221221100 iter 267999
POOL 0.1101074 102011222012000012221110 iter 268499
POOL 0.111084 102011222012000012021110 iter 268999
POOL 0.2713013 100221221100100221220100 iter 269499
POOL 0.4846191 100221221100100221221100 iter 269999
POOL 0.4846191 100221221100100221221100 iter 270499
POOL 0.4846191 100221221100100221221100 iter 270999
POOL 0.4846191 100221221100100221221100 iter 271499
POOL 0.4846191 100221221100100221221100 iter 271999
POOL 0.2672729 100221221100100221221000 iter 272499
POOL 0.4846191 100221221100100221221100 iter 272999
POOL 0.4846191 100221221100100221221100 iter 273499
POOL 0.4846191 100221221100100221221100 iter 273999
POOL 0.4846191 100221221100100221221100 iter 274499
POOL 0.4846191 100221221100100221221100 iter 274999
POOL 0.4846191 100221221100100221221100 iter 275499
POOL 0.4846191 100221221100100221221100 iter 275999
POOL 0.05822754 221220011100222220100111 iter 276499
POOL 0.06817627 221100011100220220221111 iter 276999
POOL 0.3031616 221100221100100221221100 iter 277499
POOL 0.3031616 221100221100100221221100 iter 277999
POOL 0.3031616 221100221100100221221100 iter 278499
POOL 0.3031616 221100221100100221221100 iter 278999
POOL 0.3031616 221100221100100221221100 iter 279499
POOL 0.3031616 221100221100100221221100 iter 279999
POOL 0.2783813 100221221100100221221101 iter 280499
POOL 0.4846191 100221221100100221221100 iter 280999
POOL 0.4846191 100221221100100221221100 iter 281499
POOL 0.4846191 100221221100100221221100 iter 281999
POOL 0.4846191 100221221100100221221100 iter 282499
POOL 0.4846191 100221221100100221221100 iter 282999
POOL 0.4846191 100221221100100221221100 iter 283499
POOL 0.4846191 100221221100100221221100 iter 283999
POOL 0.2589111 221121100221221100100221 iter 284499
POOL 0.4889526 221100100221221100100221 iter 284999
POOL 0.4889526 221100100221221100100221 iter 285499
POOL 0.4889526 221100100221221100100221 iter 285999
POOL 0.4889526 221100100221221100100221 iter 286499
POOL 0.4889526 221100100221221100100221 iter 286999
POOL 0.4889526 221100100221221100100221 iter 287499
POOL 0.4889526 221100100221221100100221 iter 287999
POOL 0.04455566 000012021100101021102001 iter 288499
POOL 0.1498413 100211221100100221100221 iter 288999
POOL 0.3062134 100221221100100221100221 iter 289499
POOL 0.3062134 100221221100100221100221 iter 289999
POOL 0.3062134 100221221100100221100221 iter 290499
POOL 0.3062134 100221221100100221100221 iter 290999
POOL 0.3062134 100221221100100221100221 iter 291499
POOL 0.3062134 100221221100100221100221 iter 291999
POOL 0.2750854 221100100201221100100221 iter 292499
POOL 0.4889526 221100100221221100100221 iter 292999
POOL 0.4889526 221100100221221100100221 iter 293499
POOL 0.4889526 221100100221221100100221 iter 293999
POOL 0.4889526 221100100221221100100221 iter 294499
POOL 0.4889526 221100100221221100100221 iter 294999
POOL 0.4889526 221100100221221100100221 iter 295499
POOL 0.4889526 221100100221221100100221 iter 295999
POOL 0.2745972 221100100221221100100220 iter 296499
POOL 0.4889526 221100100221221100100221 iter 296999
POOL 0.4889526 221100100221221100100221 iter 297499
POOL 0.4889526 221100100221221100100221 iter 297999
POOL 0.4889526 221100100221221100100221 iter 298499
POOL 0.4889526 221100100221221100100221 iter 298999
POOL 0.4889526 221100100221221100100221 iter 299499
POOL 0.4889526 221100100221221100100221 iter 299999
POOL 0.4889526 221100100221221100100221 iter 300499
POOL 0.4889526 221100100221221100100221 iter 300999
POOL 0.4889526 221100100221221100100221 iter 301499
POOL 0.4889526 221100100221221100100221 iter 301999
POOL 0.4889526 221100100221221100100221 iter 302499
POOL 0.4889526 221100100221221100100221 iter 302999
POOL 0.4889526 221100100221221100100221 iter 303499
POOL 0.4889526 221100100221221100100221 iter 303999
POOL 0.1482544 100011100221100221221100 iter 304499
POOL 0.1482544 100011100221100221221100 iter 304999
POOL 0.4846191 100221221100100221221100 iter 305499
POOL 0.4846191 100221221100100221221100 iter 305999
POOL 0.4846191 100221221100100221221100 iter 306499
POOL 0.4846191 100221221100100221221100 iter 306999
POOL 0.4846191 100221221100100221221100 iter 307499
POOL 0.4846191 100221221100100221221100 iter 307999
POOL 0.08666992 100222210010112011222012 iter 308499
POOL 0.4846191 100221221100100221221100 iter 308999
POOL 0.4846191 100221221100100221221100 iter 309499
POOL 0.4846191 100221221100100221221100 iter 309999
POOL 0.4846191 100221221100100221221100 iter 310499
POOL 0.4846191 100221221100100221221100 iter 310999
POOL 0.4846191 100221221100100221221100 iter 311499
POOL 0.4846191 100221221100100221221100 iter 311999
POOL 0.4889526 221100100221221100100221 iter 312499
POOL 0.4889526 221100100221221100100221 iter 312999
POOL 0.4889526 221100100221221100100221 iter 313499
POOL 0.4889526 221100100221221100100221 iter 313999
POOL 0.4889526 221100100221221100100221 iter 314499
POOL 0.4889526 221100100221221100100221 iter 314999
POOL 0.4889526 221100100221221100100221 iter 315499
POOL 0.4889526 221100100221221100100221 iter 315999
POOL 0.1011353 021100000222011100100221 iter 316499
POOL 0.1252441 221100010222011102100221 iter 316999
POOL 0.4889526 221100100221221100100221 iter 317499
POOL 0.4889526 221100100221221100100221 iter 317999
POOL 0.4889526 221100100221221100100221 iter 318499
POOL 0.4889526 221100100221221100100221 iter 318999
POOL 0.4889526 221100100221221100100221 iter 319499
POOL 0.4889526 221100100221221100100221 iter 319999
POOL 0.07574463 011112000012221222110200 iter 320499
POOL 0.09277344 011112000012221012110220 iter 320999
POOL 0.4889526 221100100221221100100221 iter 321499
POOL 0.4889526 221100100221221100100221 iter 321999
POOL 0.4889526 221100100221221100100221 iter 322499
POOL 0.4889526 221100100221221100100221 iter 322999
POOL 0.4889526 221100100221221100100221 iter 323499
POOL 0.4889526 221100100221221100100221 iter 323999
POOL 0.2009277 221100020221221100100221 iter 324499
POOL 0.4889526 221100100221221100100221 iter 324999
POOL 0.4889526 221100100221221100100221 iter 325499
POOL 0.4889526 221100100221221100100221 iter 325999
POOL 0.4889526 221100100221221100100221 iter 326499
POOL 0.4889526 221100100221221100100221 iter 326999
POOL 0.4889526 221100100221221100100221 iter 327499
POOL 0.4889526 221100100221221100100221 iter 327999
POOL 0.2703857 100221221100100221201100 iter 328499
POOL 0.4846191 100221221100100221221100 iter 328999
POOL 0.4846191 100221221100100221221100 iter 329499
POOL 0.4846191 100221221100100221221100 iter 329999
POOL 0.4846191 100221221100100221221100 iter 330499
POOL 0.4846191 100221221100100221221100 iter 330999
POOL 0.4846191 100221221100100221221100 iter 331499
POOL 0.4846191 100221221100100221221100 iter 331999
POOL 0.0680542 222112212112012222002100 iter 332499
POOL 0.1759033 112011212112012222012000 iter 332999
POOL 0.1532593 112011221112012222012000 iter 333499
POOL 0.1532593 112011221112012222012000 iter 333999
POOL 0.1532593 112011221112012222012000 iter 334499
POOL 0.1759033 112011212112012222012000 iter 334999
POOL 0.01983643 102200211020112001221000 iter 335499
POOL 0.03540039 010212210222012112012000 iter 335999
POOL 0.1851807 220100100121221100100221 iter 336499
POOL 0.4889526 221100100221221100100221 iter 336999
POOL 0.4889526 221100100221221100100221 iter 337499
POOL 0.4889526 221100100221221100100221 iter 337999
POOL 0.4889526 221100100221221100100221 iter 338499
POOL 0.4889526 221100100221221100100221 iter 338999
POOL 0.4889526 221100100221221100100221 iter 339499
POOL 0.4889526 221100100221221100100221 iter 339999
POOL 0.2149658 100221221100101101221100 iter 340499
POOL 0.2033081 100221221100101100221100 iter 340999
POOL 0.4846191 100221221100100221221100 iter 341499
POOL 0.4846191 100221221100100221221100 iter 341999
POOL 0.4846191 100221221100100221221100 iter 342499
POOL 0.4846191 100221221100100221221100 iter 342999
POOL 0.4846191 100221221100100221221100 iter 343499
POOL 0.4846191 100221221100100221221100 iter 343999
POOL 0.1140747 221100100221221102001221 iter 344499
POOL 0.4889526 221100100221221100100221 iter 344999
POOL 0.4889526 221100100221221100100221 iter 345499
POOL 0.4889526 221100100221221100100221 iter 345999
POOL 0.4889526 221100100221221100100221 iter 346499
POOL 0.4889526 221100100221221100100221 iter 346999
POOL 0.4889526 221100100221221100100221 iter 347499
POOL 0.4889526 221100100221221100100221 iter 347999
POOL 0.05279541 102002222112112200222012 iter 348499
POOL 0.06903076 100012222112112210222012 iter 348999
POOL 0.08270264 102012212112112221222012 iter 349499
POOL 0.1118774 112011222012100222212000 iter 349999
POOL 0.15625 112011222012000012011000 iter 350499
POOL 0.1656494 112011222012000012011010 iter 350999
POOL 0.0199585 022222221111102201101121 iter 351499
POOL 0.4889526 221100100221221100100221 iter 351999
POOL 0.1505737 100221211100100222221100 iter 352499
POOL 0.4846191 100221221100100221221100 iter 352999
POOL 0.4846191 100221221100100221221100 iter 353499
POOL 0.4846191 100221221100100221221100 iter 353999
POOL 0.4846191 100221221100100221221100 iter 354499
POOL 0.4846191 100221221100100221221100 iter 354999
POOL 0.4846191 100221221100100221221100 iter 355499
POOL 0.4846191 100221221100100221221100 iter 355999
POOL 0.4846191 100221221100100221221100 iter 356499
POOL 0.4846191 100221221100100221221100 iter 356999
POOL 0.4846191 100221221100100221221100 iter 357499
POOL 0.4846191 100221221100100221221100 iter 357999
POOL 0.4846191 100221221100100221221100 iter 358499
POOL 0.4846191 100221221100100221221100 iter 358999
POOL 0.4846191 100221221100100221221100 iter 359499
POOL 0.4846191 100221221100100221221100 iter 359999
POOL 0.4889526 221100100221221100100221 iter 360499
POOL 0.4889526 221100100221221100100221 iter 360999
POOL 0.4889526 221100100221221100100221 iter 361499
POOL 0.4889526 221100100221221100100221 iter 361999
POOL 0.4889526 221100100221221100100221 iter 362499
POOL 0.4889526 221100100221221100100221 iter 362999
POOL 0.4889526 221100100221221100100221 iter 363499
POOL 0.4889526 221100100221221100100221 iter 363999
POOL 0.4889526 221100100221221100100221 iter 364499
POOL 0.4889526 221100100221221100100221 iter 364999
POOL 0.4889526 221100100221221100100221 iter 365499
POOL 0.4889526 221100100221221100100221 iter 365999
POOL 0.4889526 221100100221221100100221 iter 366499
POOL 0.4889526 221100100221221100100221 iter 366999
POOL 0.4889526 221100100221221100100221 iter 367499
POOL 0.4889526 221100100221221100100221 iter 367999
POOL 0.4889526 221100100221221100100221 iter 368499
POOL 0.4889526 221100100221221100100221 iter 368999
POOL 0.4889526 221100100221221100100221 iter 369499
POOL 0.4889526 221100100221221100100221 iter 369999
POOL 0.4889526 221100100221221100100221 iter 370499
POOL 0.4889526 221100100221221100100221 iter 370999
POOL 0.4889526 221100100221221100100221 iter 371499
POOL 0.4889526 221100100221221100100221 iter 371999
POOL 0.3031616 221100221100100221221100 iter 372499
POOL 0.3031616 221100221100100221221100 iter 372999
POOL 0.3031616 221100221100100221221100 iter 373499
POOL 0.3031616 221100221100100221221100 iter 373999
POOL 0.3031616 221100221100100221221100 iter 374499
POOL 0.3031616 221100221100100221221100 iter 374999
POOL 0.3031616 221100221100100221221100 iter 375499
POOL 0.3031616 221100221100100221221100 iter 375999
POOL 0.05316162 222220100011002022002100 iter 376499
POOL 0.07733154 221222100001221221221100 iter 376999
POOL 0.3106079 221100100221221100221100 iter 377499
POOL 0.3106079 221100100221221100221100 iter 377999
POOL 0.3106079 221100100221221100221100 iter 378499
POOL 0.3106079 221100100221221100221100 iter 378999
POOL 0.3106079 221100100221221100221100 iter 379499
POOL 0.3106079 221100100221221100221100 iter 379999
POOL 0.07421875 012010002012221112010011 iter 380499
POOL 0.1380005 012000002122222012112011 iter 380999
POOL 0.1624146 012000000022222012112011 iter 381499
POOL 0.1624146 012000000022222012112011 iter 381999
POOL 0.15802 012000002222222012112011 iter 382499
POOL 0.1707153 012000002022222012112011 iter 382999
POOL 0.006408691 011101122120120222102212 iter 383499
POOL 0.05102539 100222011112011100121101 iter 383999
POOL 0.2071533 100100100221221100100221 iter 384499
POOL 0.4889526 221100100221221100100221 iter 384999
POOL 0.4889526 221100100221221100100221 iter 385499
POOL 0.4889526 221100100221221100100221 iter 385999
POOL 0.4889526 221100100221221100100221 iter 386499
POOL 0.4889526 221100100221221100100221 iter 386999
POOL 0.4889526 221100100221221100100221 iter 387499
POOL 0.4889526 221100100221221100100221 iter 387999
POOL 0.2637329 100221221100200221221100 iter 388499
POOL 0.4846191 100221221100100221221100 iter 388999
POOL 0.4846191 100221221100100221221100 iter 389499
POOL 0.4846191 100221221100100221221100 iter 389999
POOL 0.4846191 100221221100100221221100 iter 390499
POOL 0.4846191 100221221100100221221100 iter 390999
POOL 0.4846191 100221221100100221221100 iter 391499
POOL 0.4846191 100221221100100221221100 iter 391999
POOL 0.4889526 221100100221221100100221 iter 392499
POOL 0.4889526 221100100221221100100221 iter 392999
POOL 0.4889526 221100100221221100100221 iter 393499
POOL 0.4889526 221100100221221100100221 iter 393999
POOL 0.4889526 221100100221221100100221 iter 394499
POOL 0.4889526 221100100221221100100221 iter 394999
POOL 0.4889526 221100100221221100100221 iter 395499
POOL 0.4889526 221100100221221100100221 iter 395999
POOL 0.1498413 200220221100100021221100 iter 396499
POOL 0.4846191 100221221100100221221100 iter 396999
POOL 0.4846191 100221221100100221221100 iter 397499
POOL 0.4846191 100221221100100221221100 iter 397999
POOL 0.4846191 100221221100100221221100 iter 398499
POOL 0.4846191 100221221100100221221100 iter 398999
POOL 0.4846191 100221221100100221221100 iter 399499
POOL 0.4846191 100221221100100221221100 iter 399999
POOL 0.3070679 221100100221100221100221 iter 400499
POOL 0.3070679 221100100221100221100221 iter 400999
POOL 0.3070679 221100100221100221100221 iter 401499
POOL 0.3070679 221100100221100221100221 iter 401999
POOL 0.3070679 221100100221100221100221 iter 402499
POOL 0.3070679 221100100221100221100221 iter 402999
POOL 0.3070679 221100100221100221100221 iter 403499
POOL 0.3070679 221100100221100221100221 iter 403999
POOL 0.06347656 000012011220211100100012 iter 404499
POOL 0.06347656 000012011220211100100012 iter 404999
POOL 0.09265137 000012011000212010222012 iter 405499
POOL 0.1035156 000012011010212010222012 iter 405999
POOL 0.06719971 200220100221222221211100 iter 406499
POOL 0.07226562 220222100221122221001100 iter 406999
POOL 0.01733398 221121200201121112211120 iter 407499
POOL 0.04974365 112221001120221221211100 iter 407999
POOL 0.2816162 101221221100100221221100 iter 408499
POOL 0.4846191 100221221100100221221100 iter 408999
POOL 0.4846191 100221221100100221221100 iter 409499
POOL 0.4846191 100221221100100221221100 iter 409999
POOL 0.4846191 100221221100100221221100 iter 410499
POOL 0.4846191 100221221100100221221100 iter 410999
POOL 0.4846191 100221221100100221221100 iter 411499
POOL 0.4846191 100221221100100221221100 iter 411999
POOL 0.4889526 221100100221221100100221 iter 412499
POOL 0.4889526 221100100221221100100221 iter 412999
POOL 0.4889526 221100100221221100100221 iter 413499
POOL 0.4889526 221100100221221100100221 iter 413999
POOL 0.4889526 221100100221221100100221 iter 414499
POOL 0.4889526 221100100221221100100221 iter 414999
POOL 0.4889526 221100100221221100100221 iter 415499
POOL 0.4889526 221100100221221100100221 iter 415999
POOL 0.100708 100001211100112011222012 iter 416499
POOL 0.4846191 100221221100100221221100 iter 416999
POOL 0.4846191 100221221100100221221100 iter 417499
POOL 0.4846191 100221221100100221221100 iter 417999
POOL 0.4846191 100221221100100221221100 iter 418499
POOL 0.4846191 100221221100100221221100 iter 418999
POOL 0.4846191 100221221100100221221100 iter 419499
POOL 0.4846191 100221221100100221221100 iter 419999
POOL 0.2874756 221100100221221101100221 iter 420499
POOL 0.4889526 221100100221221100100221 iter 420999
POOL 0.4889526 221100100221221100100221 iter 421499
POOL 0.4889526 221100100221221100100221 iter 421999
POOL 0.4889526 221100100221221100100221 iter 422499
POOL 0.4889526 221100100221221100100221 iter 422999
POOL 0.4889526 221100100221221100100221 iter 423499
POOL 0.4889526 221100100221221100100221 iter 423999
POOL 0.4889526 221100100221221100100221 iter 424499
POOL 0.4889526 221100100221221100100221 iter 424999
POOL 0.4889526 221100100221221100100221 iter 425499
POOL 0.4889526 221100100221221100100221 iter 425999
POOL 0.4889526 221100100221221100100221 iter 426499
POOL 0.4889526 221100100221221100100221 iter 426999
POOL 0.4889526 221100100221221100100221 iter 427499
POOL 0.4889526 221100100221221100100221 iter 427999
POOL 0.1130981 011112100221221100000222 iter 428499
POOL 0.4889526 221100100221221100100221 iter 428999
POOL 0.4889526 221100100221221100100221 iter 429499
POOL 0.4889526 221100100221221100100221 iter 429999
POOL 0.4889526 221100100221221100100221 iter 430499
POOL 0.4889526 221100100221221100100221 iter 430999
POOL 0.4889526 221100100221221100100221 iter 431499
POOL 0.4889526 221100100221221100100221 iter 431999
POOL 0.08917236 111100100221101101220222 iter 432499
POOL 0.2745972 221100100221221100100220 iter 432999
POOL 0.4889526 221100100221221100100221 iter 433499
POOL 0.4889526 221100100221221100100221 iter 433999
POOL 0.4889526 221100100221221100100221 iter 434499
POOL 0.4889526 221100100221221100100221 iter 434999
POOL 0.4889526 221100100221221100100221 iter 435499
POOL 0.4889526 221100100221221100100221 iter 435999
POOL 0.25 211100100221221100100221 iter 436499
POOL 0.4889526 221100100221221100100221 iter 436999
POOL 0.4889526 221100100221221100100221 iter 437499
POOL 0.4889526 221100100221221100100221 iter 437999
POOL 0.4889526 221100100221221100100221 iter 438499
POOL 0.4889526 221100100221221100100221 iter 438999
POOL 0.4889526 221100100221221100100221 iter 439499
POOL 0.4889526 221100100221221100100221 iter 439999
POOL 0.1569824 100221221120221121221100 iter 440499
POOL 0.4846191 100221221100100221221100 iter 440999
POOL 0.4846191 100221221100100221221100 iter 441499
POOL 0.4846191 100221221100100221221100 iter 441999
POOL 0.4846191 100221221100100221221100 iter 442499
POOL 0.4846191 100221221100100221221100 iter 442999
POOL 0.4846191 100221221100100221221100 iter 443499
POOL 0.4846191 100221221100100221221100 iter 443999
POOL 0.267334 221110100221221100100221 iter 444499
POOL 0.4889526 221100100221221100100221 iter 444999
POOL 0.4889526 221100100221221100100221 iter 445499
POOL 0.4889526 221100100221221100100221 iter 445999
POOL 0.4889526 221100100221221100100221 iter 446499
POOL 0.4889526 221100100221221100100221 iter 446999
POOL 0.4889526 221100100221221100100221 iter 447499
POOL 0.4889526 221100100221221100100221 iter 447999
POOL 0.06420898 122021012102011112000011 iter 448499
POOL 0.06500244 102021222102011112000012 iter 448999
POOL 0.06860352 101100100221001100122001 iter 449499
POOL 0.272583 221100100221221100100201 iter 449999
POOL 0.4889526 221100100221221100100221 iter 450499
POOL 0.4889526 221100100221221100100221 iter 450999
POOL 0.4889526 221100100221221100100221 iter 451499
POOL 0.4889526 221100100221221100100221 iter 451999
POOL 0.081604 101121222000221020221100 iter 452499
POOL 0.2506104 100221211100100221221100 iter 452999
POOL 0.4846191 100221221100100221221100 iter 453499
POOL 0.4846191 100221221100100221221100 iter 453999
POOL 0.4846191 100221221100100221221100 iter 454499
POOL 0.4846191 100221221100100221221100 iter 454999
POOL 0.4846191 100221221100100221221100 iter 455499
POOL 0.4846191 100221221100100221221100 iter 455999
POOL 0.1313477 000222221000100221221100 iter 456499
POOL 0.4846191 100221221100100221221100 iter 456999
POOL 0.4846191 100221221100100221221100 iter 457499
POOL 0.4846191 100221221100100221221100 iter 457999
POOL 0.4846191 100221221100100221221100 iter 458499
POOL 0.4846191 100221221100100221221100 iter 458999
POOL 0.4846191 100221221100100221221100 iter 459499
POOL 0.4846191 100221221100100221221100 iter 459999
POOL 0.09307861 221100010222011102120221 iter 460499
POOL 0.4889526 221100100221221100100221 iter 460999
POOL 0.4889526 221100100221221100100221 iter 461499
POOL 0.4889526 221100100221221100100221 iter 461999
POOL 0.4889526 221100100221221100100221 iter 462499
POOL 0.4889526 221100100221221100100221 iter 462999
POOL 0.4889526 221100100221221100100221 iter 463499
POOL 0.4889526 221100100221221100100221 iter 463999
POOL 0.4889526 221100100221221100100221 iter 464499
POOL 0.4889526 221100100221221100100221 iter 464999
POOL 0.4889526 221100100221221100100221 iter 465499
POOL 0.4889526 221100100221221100100221 iter 465999
POOL 0.4889526 221100100221221100100221 iter 466499
POOL 0.4889526 221100100221221100100221 iter 466999
POOL 0.4889526 221100100221221100100221 iter 467499
POOL 0.4889526 221100100221221100100221 iter 467999
POOL 0.06420898 102202222220101111221112 iter 468499
POOL 0.4846191 100221221100100221221100 iter 468999
POOL 0.4846191 100221221100100221221100 iter 469499
POOL 0.4846191 100221221100100221221100 iter 469999
POOL 0.4846191 100221221100100221221100 iter 470499
POOL 0.4846191 100221221100100221221100 iter 470999
POOL 0.4846191 100221221100100221221100 iter 471499
POOL 0.4846191 100221221100100221221100 iter 471999
POOL 0.4889526 221100100221221100100221 iter 472499
POOL 0.4889526 221100100221221100100221 iter 472999
POOL 0.4889526 221100100221221100100221 iter 473499
POOL 0.4889526 221100100221221100100221 iter 473999
POOL 0.4889526 221100100221221100100221 iter 474499
POOL 0.4889526 221100100221221100100221 iter 474999
POOL 0.4889526 221100100221221100100221 iter 475499
POOL 0.4889526 221100100221221100100221 iter 475999
POOL 0.07653809 111101220222101101221100 iter 476499
POOL 0.07794189 111101220222100101221100 iter 476999
POOL 0.4889526 221100100221221100100221 iter 477499
POOL 0.4889526 221100100221221100100221 iter 477999
POOL 0.4889526 221100100221221100100221 iter 478499
POOL 0.4889526 221100100221221100100221 iter 478999
POOL 0.4889526 221100100221221100100221 iter 479499
POOL 0.4889526 221100100221221100100221 iter 479999
POOL 0.2637329 100221221100200221221100 iter 480499
POOL 0.4846191 100221221100100221221100 iter 480999
POOL 0.4846191 100221221100100221221100 iter 481499
POOL 0.4846191 100221221100100221221100 iter 481999
POOL 0.4846191 100221221100100221221100 iter 482499
POOL 0.4846191 100221221100100221221100 iter 482999
POOL 0.4846191 100221221100100221221100 iter 483499
POOL 0.4846191 100221221100100221221100 iter 483999
POOL 0.08544922 102011112011011010000012 iter 484499
POOL 0.1010742 102012112011011010000012 iter 484999
POOL 0.1699829 222012112011011010000012 iter 485499
POOL 0.1699829 222012112011011010000012 iter 485999
POOL 0.1551514 222012112011011000000012 iter 486499
POOL 0.1551514 222012112011011000000012 iter 486999
POOL 0.01715088 112012220221012121022112 iter 487499
POOL 0.03045654 220012101100101101000012 iter 487999
POOL 0.09661865 100221221111000220221101 iter 488499
POOL 0.4846191 100221221100100221221100 iter 488999
POOL 0.4846191 100221221100100221221100 iter 489499
POOL 0.4846191 100221221100100221221100 iter 489999
POOL 0.4846191 100221221100100221221100 iter 490499
POOL 0.4846191 100221221100100221221100 iter 490999
POOL 0.4846191 100221221100100221221100 iter 491499
POOL 0.4846191 100221221100100221221100 iter 491999
POOL 0.06439209 012222021101000200011102 iter 492499
POOL 0.1207886 100222221100100221011112 iter 492999
POOL 0.4846191 100221221100100221221100 iter 493499
POOL 0.4846191 100221221100100221221100 iter 493999
POOL 0.4846191 100221221100100221221100 iter 494499
POOL 0.4846191 100221221100100221221100 iter 494999
POOL 0.4846191 100221221100100221221100 iter 495499
POOL 0.4846191 100221221100100221221100 iter 495999
POOL 0.2696533 221100100221201100100221 iter 496499
POOL 0.4889526 221100100221221100100221 iter 496999
POOL 0.4889526 221100100221221100100221 iter 497499
POOL 0.4889526 221100100221221100100221 iter 497999
POOL 0.4889526 221100100221221100100221 iter 498499
POOL 0.4889526 221100100221221100100221 iter 498999
POOL 0.4889526 221100100221221100100221 iter 499499
POOL 0.4889526 221100100221221100100221 iter 499999
POOL 0.06463623 000011000012100222112011 iter 500499
POOL 0.06463623 000011000012100222112011 iter 500999
POOL 0.09375 012000022000002012112011 iter 501499
POOL 0.1434326 012000022002222012112011 iter 501999
POOL 0.1350708 012000222002222012112011 iter 502499
POOL 0.1466064 012010002012222012112011 iter 502999
POOL 0.02148438 210221222020000121100221 iter 503499
POOL 0.4846191 100221221100100221221100 iter 503999
POOL 0.1278687 221100100211200100100221 iter 504499
POOL 0.4889526 221100100221221100100221 iter 504999
POOL 0.4889526 221100100221221100100221 iter 505499
POOL 0.4889526 221100100221221100100221 iter 505999
POOL 0.4889526 221100100221221100100221 iter 506499
POOL 0.4889526 221100100221221100100221 iter 506999
POOL 0.4889526 221100100221221100100221 iter 507499
POOL 0.4889526 221100100221221100100221 iter 507999
POOL 0.08795166 011112100011012000012002 iter 508499
POOL 0.1690063 011112010011012000012222 iter 508999
POOL 0.1591797 011112000011012000012222 iter 509499
POOL 0.1591797 011112000011012000012222 iter 509999
POOL 0.1591797 011112000011012000012222 iter 510499
POOL 0.1591797 011112000011012000012222 iter 510999
POOL 0.1473389 011112010012012002012222 iter 511499
POOL 0.1611328 011112000012222002012222 iter 511999
POOL 0.4846191 100221221100100221221100 iter 512499
POOL 0.4846191 100221221100100221221100 iter 512999
POOL 0.4846191 100221221100100221221100 iter 513499
POOL 0.4846191 100221221100100221221100 iter 513999
POOL 0.4846191 100221221100100221221100 iter 514499
POOL 0.4846191 100221221100100221221100 iter 514999
POOL 0.4846191 100221221100100221221100 iter 515499
POOL 0.4846191 100221221100100221221100 iter 515999
POOL 0.08239746 112011222012101102222000 iter 516499
POOL 0.08331299 112011222012101112221000 iter 516999
POOL 0.2584229 000221221100100221221100 iter 517499
POOL 0.4846191 100221221100100221221100 iter 517999
POOL 0.4846191 100221221100100221221100 iter 518499
POOL 0.4846191 100221221100100221221100 iter 518999
POOL 0.4846191 100221221100100221221100 iter 519499
POOL 0.4846191 100221221100100221221100 iter 519999
POOL 0.1498413 112011222012000012011100 iter 520499
POOL 0.15625 112011222012000012011000 iter 520999
POOL 0.15625 112011222012000012011000 iter 521499
POOL 0.15625 112011222012000012011000 iter 521999
POOL 0.15625 112011222012000012011000 iter 522499
POOL 0.1656494 112011222012000012011010 iter 522999
POOL 0.04052734 002022200021100011221112 iter 523499
POOL 0.4846191 100221221100100221221100 iter 523999
POOL 0.4846191 100221221100100221221100 iter 524499
POOL 0.4846191 100221221100100221221100 iter 524999
POOL 0.4846191 100221221100100221221100 iter 525499
POOL 0.4846191 100221221100100221221100 iter 525999
POOL 0.4846191 100221221100100221221100 iter 526499
POOL 0.4846191 100221221100100221221100 iter 526999
POOL 0.4846191 100221221100100221221100 iter 527499
POOL 0.4846191 100221221100100221221100 iter 527999
POOL 0.1672974 100221021100100221201100 iter 528499
POOL 0.4846191 100221221100100221221100 iter 528999
POOL 0.4846191 100221221100100221221100 iter 529499
POOL 0.4846191 100221221100100221221100 iter 529999
POOL 0.4846191 100221221100100221221100 iter 530499
POOL 0.4846191 100221221100100221221100 iter 530999
POOL 0.4846191 100221221100100221221100 iter 531499
POOL 0.4846191 100221221100100221221100 iter 531999
POOL 0.0803833 102221012000222000221100 iter 532499
POOL 0.4846191 100221221100100221221100 iter 532999
POOL 0.4846191 100221221100100221221100 iter 533499
POOL 0.4846191 100221221100100221221100 iter 533999
POOL 0.4846191 100221221100100221221100 iter 534499
POOL 0.4846191 100221221100100221221100 iter 534999
POOL 0.4846191 100221221100100221221100 iter 535499
POOL 0.4846191 100221221100100221221100 iter 535999
POOL 0.145813 220100100100221100100221 iter 536499
POOL 0.4889526 221100100221221100100221 iter 536999
POOL 0.4889526 221100100221221100100221 iter 537499
POOL 0.4889526 221100100221221100100221 iter 537999
POOL 0.4889526 221100100221221100100221 iter 538499
POOL 0.4889526 221100100221221100100221 iter 538999
POOL 0.4889526 221100100221221100100221 iter 539499
POOL 0.4889526 221100100221221100100221 iter 539999
POOL 0.4889526 221100100221221100100221 iter 540499
POOL 0.4889526 221100100221221100100221 iter 540999
POOL 0.4889526 221100100221221100100221 iter 541499
POOL 0.4889526 221100100221221100100221 iter 541999
POOL 0.4889526 221100100221221100100221 iter 542499
POOL 0.4889526 221100100221221100100221 iter 542999
POOL 0.4889526 221100100221221100100221 iter 543499
POOL 0.4889526 221100100221221100100221 iter 543999
POOL 0.2216187 200100100221221100100221 iter 544499
POOL 0.4889526 221100100221221100100221 iter 544999
POOL 0.4889526 221100100221221100100221 iter 545499
POOL 0.4889526 221100100221221100100221 iter 545999
POOL 0.4889526 221100100221221100100221 iter 546499
POOL 0.4889526 221100100221221100100221 iter 546999
POOL 0.4889526 221100100221221100100221 iter 547499
POOL 0.4889526 221100100221221100100221 iter 547999
POOL 0.4889526 221100100221221100100221 iter 548499
POOL 0.4889526 221100100221221100100221 iter 548999
POOL 0.4889526 221100100221221100100221 iter 549499
POOL 0.4889526 221100100221221100100221 iter 549999
POOL 0.4889526 221100100221221100100221 iter 550499
