NODES 10000000 leaves 0 seconds 145.5661 prefix 01120211210202201
NODES 20000000 leaves 0 seconds 263.8207 prefix 01211220221210210
POOL 0.4273682 100221100221100221221100
BEST 0.4273682 100221100221100221221100
POOL 0.383606 100121221100100221221100
POOL 0.3920288 100220221100100221221100
POOL 0.5978699 100221221100100221221100
BEST 0.5978699 100221221100100221221100
POOL 0.3974915 100221221100100221221101
POOL 0.3791199 100221221100100221221110
POOL 0.3980103 100221221100100221221120
POOL 0.3758545 100221221100100221221121
POOL 0.3852844 100221221100100221221200
COVERED 282429536481
DEPTH 0 1
DEPTH 1 3
DEPTH 2 9
DEPTH 3 18
DEPTH 4 42
DEPTH 5 108
DEPTH 6 294
DEPTH 7 828
DEPTH 8 2382
DEPTH 9 6948
DEPTH 10 20844
DEPTH 11 55386
DEPTH 12 148853
DEPTH 13 403487
DEPTH 14 1099344
DEPTH 15 2758133
DEPTH 16 6486768
DEPTH 17 6700265
DEPTH 18 7887590
DEPTH 19 623337
DEPTH 20 170683
DEPTH 21 22164
DEPTH 22 1501
DEPTH 23 179
DEPTH 24 24
