BEST 0.4846191 100221221100100221221100
POOL 0.4846191 100221221100100221221100 iter 99
POOL 0.4846191 100221221100100221221100 iter 199
POOL 0.4846191 100221221100100221221100 iter 299
POOL 0.4846191 100221221100100221221100 iter 399
POOL 0.4846191 100221221100100221221100 iter 499
POOL 0.4846191 100221221100100221221100 iter 599
POOL 0.4846191 100221221100100221221100 iter 699
POOL 0.4846191 100221221100100221221100 iter 799
POOL 0.4846191 100221221100100221221100 iter 899
POOL 0.4846191 100221221100100221221100 iter 999
POOL 0.4846191 100221221100100221221100 iter 1099
POOL 0.4846191 100221221100100221221100 iter 1199
POOL 0.4846191 100221221100100221221100 iter 1299
POOL 0.4846191 100221221100100221221100 iter 1399
POOL 0.4846191 100221221100100221221100 iter 1499
POOL 0.4846191 100221221100100221221100 iter 1599
POOL 0.4846191 100221221100100221221100 iter 1699
POOL 0.4846191 100221221100100221221100 iter 1799
POOL 0.4846191 100221221100100221221100 iter 1899
POOL 0.4846191 100221221100100221221100 iter 1999
POOL 0.4846191 100221221100100221221100 iter 2099
POOL 0.4846191 100221221100100221221100 iter 2199
POOL 0.4846191 100221221100100221221100 iter 2299
POOL 0.4846191 100221221100100221221100 iter 2399
POOL 0.4846191 100221221100100221221100 iter 2499
POOL 0.4846191 100221221100100221221100 iter 2599
POOL 0.4846191 100221221100100221221100 iter 2699
POOL 0.4846191 100221221100100221221100 iter 2799
POOL 0.4846191 100221221100100221221100 iter 2899
POOL 0.4846191 100221221100100221221100 iter 2999
POOL 0.4846191 100221221100100221221100 iter 3099
POOL 0.4846191 100221221100100221221100 iter 3199
POOL 0.4846191 100221221100100221221100 iter 3299
POOL 0.4846191 100221221100100221221100 iter 3399
POOL 0.4846191 100221221100100221221100 iter 3499
POOL 0.4846191 100221221100100221221100 iter 3599
POOL 0.4846191 100221221100100221221100 iter 3699
POOL 0.4846191 100221221100100221221100 iter 3799
POOL 0.4846191 100221221100100221221100 iter 3899
POOL 0.4846191 100221221100100221221100 iter 3999
POOL 0.4846191 100221221100100221221100 iter 4099
POOL 0.4846191 100221221100100221221100 iter 4199
POOL 0.4846191 100221221100100221221100 iter 4299
POOL 0.4846191 100221221100100221221100 iter 4399
POOL 0.4846191 100221221100100221221100 iter 4499
POOL 0.4846191 100221221100100221221100 iter 4599
POOL 0.4846191 100221221100100221221100 iter 4699
POOL 0.4846191 100221221100100221221100 iter 4799
POOL 0.4846191 100221221100100221221100 iter 4899
POOL 0.4846191 100221221100100221221100 iter 4999
POOL 0.01708984 222210221122120100000221 iter 5099
POOL 0.01416016 121111202112201100000101 iter 5199
POOL 0.02130127 200001110221212212102201 iter 5299
POOL 0.01452637 001210020011102220221122 iter 5399
POOL 0.04455566 000222221102011112012212 iter 5499
POOL 0.08630371 012222221102012212012112 iter 5599
POOL 0.08831787 012222211102012212012112 iter 5699
POOL 0.1031494 012222011102012212012112 iter 5799
POOL 0.1082764 012222012102012212012112 iter 5899
POOL 0.1231079 012212012112012212012112 iter 5999
POOL 0.006958008 100211121002220121012111 iter 6099
POOL 0.007202148 201201020202212202122021 iter 6199
POOL 0.01397705 022001122200101100011012 iter 6299
POOL 0.02703857 010021221100112112220020 iter 6399
POOL 0.01403809 001201221222000010010222 iter 6499
POOL 0.03057861 011102000222100012121212 iter 6599
POOL 0.03320312 011102000022100012121212 iter 6699
POOL 0.04956055 001102000022000012021212 iter 6799
POOL 0.05474854 001122000022000012021122 iter 6899
POOL 0.06549072 001102000022000012021112 iter 6999
POOL 0.008056641 111220200020022201221222 iter 7099
POOL 0.02416992 112212012010111220110202 iter 7199
POOL 0.01605225 112002200112012112210210 iter 7299
POOL 0.02832031 200221001100022202101100 iter 7399
POOL 0.01385498 122121101120101221202102 iter 7499
POOL 0.01135254 112000010022121210222220 iter 7599
POOL 0.08685303 221000100221121200100221 iter 7699
POOL 0.2398071 221100100221101100100221 iter 7799
BEST 0.4889526 221100100221221100100221 iter 7899
POOL 0.4889526 221100100221221100100221 iter 7899
POOL 0.4889526 221100100221221100100221 iter 7999
POOL 0.4889526 221100100221221100100221 iter 8099
POOL 0.4889526 221100100221221100100221 iter 8199
POOL 0.4889526 221100100221221100100221 iter 8299
POOL 0.4889526 221100100221221100100221 iter 8399
POOL 0.4889526 221100100221221100100221 iter 8499
POOL 0.4889526 221100100221221100100221 iter 8599
POOL 0.4889526 221100100221221100100221 iter 8699
POOL 0.4889526 221100100221221100100221 iter 8799
POOL 0.4889526 221100100221221100100221 iter 8899
POOL 0.4889526 221100100221221100100221 iter 8999
POOL 0.4889526 221100100221221100100221 iter 9099
POOL 0.4889526 221100100221221100100221 iter 9199
POOL 0.4889526 221100100221221100100221 iter 9299
POOL 0.4889526 221100100221221100100221 iter 9399
POOL 0.4889526 221100100221221100100221 iter 9499
POOL 0.4889526 221100100221221100100221 iter 9599
POOL 0.4889526 221100100221221100100221 iter 9699
POOL 0.4889526 221100100221221100100221 iter 9799
POOL 0.4889526 221100100221221100100221 iter 9899
POOL 0.4889526 221100100221221100100221 iter 9999
POOL 0.01123047 101221221020011211102022 iter 10099
POOL 0.01379395 120221102011202200212211 iter 10199
POOL 0.008178711 022200012222210022221222 iter 10299
POOL 0.01031494 020101012110112210211102 iter 10399
POOL 0.01879883 012112100220100011112001 iter 10499
POOL 0.06286621 011220000220100111112011 iter 10599
POOL 0.06658936 011220000220102111112011 iter 10699
POOL 0.06658936 011220000220102111112011 iter 10799
POOL 0.06658936 011220000220102111112011 iter 10899
POOL 0.06658936 011220000220102111112011 iter 10999
POOL 0.007385254 110010111100022211100101 iter 11099
POOL 0.009643555 002100021010102111010212 iter 11199
POOL 0.04425049 100001212012112022122001 iter 11299
POOL 0.01068115 020222121222102222102020 iter 11399
POOL 0.06134033 122221122001100000221120 iter 11499
POOL 0.1085205 112221222000100001221100 iter 11599
POOL 0.1085205 112221222000100001221100 iter 11699
POOL 0.2612915 100221221100100121221100 iter 11799
POOL 0.4846191 100221221100100221221100 iter 11899
POOL 0.4846191 100221221100100221221100 iter 11999
POOL 0.4846191 100221221100100221221100 iter 12099
POOL 0.4846191 100221221100100221221100 iter 12199
POOL 0.4846191 100221221100100221221100 iter 12299
POOL 0.4846191 100221221100100221221100 iter 12399
POOL 0.4846191 100221221100100221221100 iter 12499
POOL 0.4846191 100221221100100221221100 iter 12599
POOL 0.4846191 100221221100100221221100 iter 12699
POOL 0.4846191 100221221100100221221100 iter 12799
POOL 0.4846191 100221221100100221221100 iter 12899
POOL 0.4846191 100221221100100221221100 iter 12999
POOL 0.4846191 100221221100100221221100 iter 13099
POOL 0.4846191 100221221100100221221100 iter 13199
POOL 0.4846191 100221221100100221221100 iter 13299
POOL 0.4846191 100221221100100221221100 iter 13399
POOL 0.4846191 100221221100100221221100 iter 13499
POOL 0.4846191 100221221100100221221100 iter 13599
POOL 0.4846191 100221221100100221221100 iter 13699
POOL 0.4846191 100221221100100221221100 iter 13799
POOL 0.4846191 100221221100100221221100 iter 13899
POOL 0.4846191 100221221100100221221100 iter 13999
POOL 0.4846191 100221221100100221221100 iter 14099
POOL 0.4846191 100221221100100221221100 iter 14199
POOL 0.4846191 100221221100100221221100 iter 14299
POOL 0.4846191 100221221100100221221100 iter 14399
POOL 0.4846191 100221221100100221221100 iter 14499
POOL 0.4846191 100221221100100221221100 iter 14599
POOL 0.4846191 100221221100100221221100 iter 14699
POOL 0.4846191 100221221100100221221100 iter 14799
POOL 0.4846191 100221221100100221221100 iter 14899
POOL 0.4846191 100221221100100221221100 iter 14999
POOL 0.01568604 200012121210111020100201 iter 15099
POOL 0.01062012 102021111112211201021122 iter 15199
POOL 0.01379395 120122012221201120220000 iter 15299
POOL 0.02618408 221201022021222000100201 iter 15399
POOL 0.03503418 000102002100222220100101 iter 15499
POOL 0.06781006 221100001100222220101111 iter 15599
POOL 0.09649658 221100221100222200100111 iter 15699
POOL 0.1054688 221100221100222000101121 iter 15799
POOL 0.1154175 221100221100222000101221 iter 15899
POOL 0.1524048 221100221100222000100221 iter 15999
POOL 0.009521484 212111022002121110202112 iter 16099
POOL 0.01635742 120102002222011000220012 iter 16199
POOL 0.02264404 111102120001011110020012 iter 16299
POOL 0.07659912 221110100221222010112221 iter 16399
POOL 0.4889526 221100100221221100100221 iter 16499
POOL 0.4889526 221100100221221100100221 iter 16599
POOL 0.4889526 221100100221221100100221 iter 16699
POOL 0.4889526 221100100221221100100221 iter 16799
POOL 0.4889526 221100100221221100100221 iter 16899
POOL 0.4889526 221100100221221100100221 iter 16999
POOL 0.4889526 221100100221221100100221 iter 17099
POOL 0.4889526 221100100221221100100221 iter 17199
POOL 0.4889526 221100100221221100100221 iter 17299
POOL 0.4889526 221100100221221100100221 iter 17399
POOL 0.4889526 221100100221221100100221 iter 17499
POOL 0.4889526 221100100221221100100221 iter 17599
POOL 0.4889526 221100100221221100100221 iter 17699
POOL 0.4889526 221100100221221100100221 iter 17799
POOL 0.4889526 221100100221221100100221 iter 17899
POOL 0.4889526 221100100221221100100221 iter 17999
POOL 0.4889526 221100100221221100100221 iter 18099
POOL 0.4889526 221100100221221100100221 iter 18199
POOL 0.4889526 221100100221221100100221 iter 18299
POOL 0.4889526 221100100221221100100221 iter 18399
POOL 0.4889526 221100100221221100100221 iter 18499
POOL 0.4889526 221100100221221100100221 iter 18599
POOL 0.4889526 221100100221221100100221 iter 18699
POOL 0.4889526 221100100221221100100221 iter 18799
POOL 0.4889526 221100100221221100100221 iter 18899
POOL 0.4889526 221100100221221100100221 iter 18999
POOL 0.4889526 221100100221221100100221 iter 19099
POOL 0.4889526 221100100221221100100221 iter 19199
POOL 0.4889526 221100100221221100100221 iter 19299
POOL 0.4889526 221100100221221100100221 iter 19399
POOL 0.4889526 221100100221221100100221 iter 19499
POOL 0.4889526 221100100221221100100221 iter 19599
POOL 0.4889526 221100100221221100100221 iter 19699
POOL 0.4889526 221100100221221100100221 iter 19799
POOL 0.4889526 221100100221221100100221 iter 19899
POOL 0.4889526 221100100221221100100221 iter 19999
POOL 0.008361816 210121000102202120011222 iter 20099
POOL 0.01757812 222012001122212210100101 iter 20199
POOL 0.009887695 012122220202021110020002 iter 20299
POOL 0.03851318 121221100011111220221000 iter 20399
POOL 0.06994629 221221100000121101221100 iter 20499
POOL 0.08404541 121121000000221100221100 iter 20599
POOL 0.08270264 121121000200221100221100 iter 20699
POOL 0.09399414 221111000200221100221100 iter 20799
POOL 0.104126 221111000220221100221100 iter 20899
POOL 0.104126 221111000220221100221100 iter 20999
POOL 0.006347656 112120121201201012000002 iter 21099
POOL 0.01806641 121222200100021220000001 iter 21199
POOL 0.005737305 120202202112101020110000 iter 21299
POOL 0.009277344 111100112110121221222202 iter 21399
POOL 0.03253174 222101100100221122100102 iter 21499
POOL 0.08447266 221100100220221122100000 iter 21599
POOL 0.272583 221100100221221100100201 iter 21699
POOL 0.4889526 221100100221221100100221 iter 21799
POOL 0.4889526 221100100221221100100221 iter 21899
POOL 0.4889526 221100100221221100100221 iter 21999
POOL 0.4889526 221100100221221100100221 iter 22099
POOL 0.4889526 221100100221221100100221 iter 22199
POOL 0.4889526 221100100221221100100221 iter 22299
POOL 0.4889526 221100100221221100100221 iter 22399
POOL 0.4889526 221100100221221100100221 iter 22499
POOL 0.4889526 221100100221221100100221 iter 22599
POOL 0.4889526 221100100221221100100221 iter 22699
POOL 0.4889526 221100100221221100100221 iter 22799
POOL 0.4889526 221100100221221100100221 iter 22899
POOL 0.4889526 221100100221221100100221 iter 22999
POOL 0.4889526 221100100221221100100221 iter 23099
POOL 0.4889526 221100100221221100100221 iter 23199
POOL 0.4889526 221100100221221100100221 iter 23299
POOL 0.4889526 221100100221221100100221 iter 23399
POOL 0.4889526 221100100221221100100221 iter 23499
POOL 0.4889526 221100100221221100100221 iter 23599
POOL 0.4889526 221100100221221100100221 iter 23699
POOL 0.4889526 221100100221221100100221 iter 23799
POOL 0.4889526 221100100221221100100221 iter 23899
POOL 0.4889526 221100100221221100100221 iter 23999
POOL 0.4889526 221100100221221100100221 iter 24099
POOL 0.4889526 221100100221221100100221 iter 24199
POOL 0.4889526 221100100221221100100221 iter 24299
POOL 0.4889526 221100100221221100100221 iter 24399
POOL 0.4889526 221100100221221100100221 iter 24499
POOL 0.4889526 221100100221221100100221 iter 24599
POOL 0.4889526 221100100221221100100221 iter 24699
POOL 0.4889526 221100100221221100100221 iter 24799
POOL 0.4889526 221100100221221100100221 iter 24899
POOL 0.4889526 221100100221221100100221 iter 24999
POOL 0.02581787 221002100210121110100112 iter 25099
POOL 0.01300049 211120000201212100011201 iter 25199
POOL 0.01409912 201100122201000121002202 iter 25299
POOL 0.0256958 000000200112210220221121 iter 25399
POOL 0.01611328 111100222110020211210210 iter 25499
POOL 0.03259277 011100020200020221011000 iter 25599
POOL 0.04931641 010200200200200222211100 iter 25699
POOL 0.08856201 000200000200200222221100 iter 25799
POOL 0.08856201 000200000200200222221100 iter 25899
POOL 0.08856201 000200000200200222221100 iter 25999
POOL 0.01489258 010011100200110100102220 iter 26099
POOL 0.01397705 110011022112100110110211 iter 26199
POOL 0.02703857 011012112221202220112222 iter 26299
POOL 0.01635742 021100022210011110021201 iter 26399
POOL 0.02581787 112201102210102001012212 iter 26499
POOL 0.06976318 012222012222100221211100 iter 26599
POOL 0.1126709 012222012000100221221100 iter 26699
POOL 0.1126709 012222012000100221221100 iter 26799
POOL 0.1126709 012222012000100221221100 iter 26899
POOL 0.180481 010221221100100221221100 iter 26999
POOL 0.003417969 112120111210122122011010 iter 27099
POOL 0.01116943 112201202111110021012021 iter 27199
POOL 0.01715088 012011020010222000220112 iter 27299
POOL 0.009216309 001011120220000010200210 iter 27399
POOL 0.02758789 112002110221012110212112 iter 27499
POOL 0.06628418 011112110211012000012212 iter 27599
POOL 0.09747314 222112112011012000011102 iter 27699
POOL 0.1079102 222112112011012000012102 iter 27799
POOL 0.09747314 222112112011012000011102 iter 27899
POOL 0.09747314 222112112011012000011102 iter 27999
POOL 0.006469727 220212000122012120201222 iter 28099
POOL 0.01367188 012011200220222110020221 iter 28199
POOL 0.01635742 112211211101012221022120 iter 28299
POOL 0.02471924 120211212112010202000100 iter 28399
POOL 0.0737915 110221211102012222010100 iter 28499
POOL 0.1000366 100221011112000222011100 iter 28599
POOL 0.1104126 000212011112012222222100 iter 28699
POOL 0.1136475 000212011112012222221100 iter 28799
POOL 0.1136475 000212011112012222221100 iter 28899
POOL 0.1136475 000212011112012222221100 iter 28999
POOL 0.009643555 100111112212000001202001 iter 29099
POOL 0.008544922 101222220002011021210020 iter 29199
POOL 0.01715088 012012210211020110211100 iter 29299
POOL 0.005493164 210020220211221022020112 iter 29399
POOL 0.02886963 012221002002012012002200 iter 29499
POOL 0.07781982 012022012000112011012000 iter 29599
POOL 0.1044312 112221012000112011222100 iter 29699
POOL 0.1036987 112221212000112011221100 iter 29799
POOL 0.1036987 112221212000112011221100 iter 29899
POOL 0.1036987 112221212000112011221100 iter 29999
