CONFIG n 8192 checks 384 rank 379 impulses 124659
BEST 154: 7 14 80 119 158 170 206 222 244 251 285 287 545 553 558 585 622 632 648 672 720 723 872 895 916 959 970 1022 1042 1122 1174 1179 1194 1232 1312 1324 1328 1404 1724 1771 1846 1857 1927 1938 1939 1959 1972 1981 2013 2042 2062 2095 2127 2130 2143 2152 2186 2201 2222 2241 2254 2288 2583 2597 2688 2712 2796 2799 3114 3183 3495 3535 3545 3551 3818 3822 3880 3903 3934 3938 3990 4048 4124 4219 4240 4250 4363 4387 4395 4407 4437 4461 4496 4509 4566 4585 4776 4802 4815 4839 4867 4897 5027 5080 5165 5217 5249 5337 5574 5594 5774 5793 5794 5877 5905 5921 5972 5992 6024 6040 6104 6123 6186 6204 6347 6362 6458 6463 6514 6519 6578 6586 6708 6730 7051 7070 7129 7144 7203 7244 7263 7286 7320 7328 7469 7505 7681 7726 7859 7894 7938 7955 7963 8014
BEST 136: 7 20 80 96 119 126 170 184 202 222 244 251 285 331 402 502 553 558 599 632 719 739 782 818 861 871 872 895 970 1022 1179 1194 1328 1406 1771 1779 1819 1839 1936 1955 1959 1981 2127 2130 2143 2152 2186 2201 2203 2236 2254 2266 2583 2597 2688 2731 2789 2796 2819 2851 3114 3123 3135 3139 3183 3194 3495 3521 3528 3554 3758 3818 3992 4048 4363 4387 4395 4461 4496 4583 4802 4839 4897 4905 4928 4961 5027 5080 5305 5337 5521 5574 5577 5594 5794 5877 5921 5950 5972 6011 6024 6040 6092 6104 6123 6137 6204 6208 6353 6362 6421 6458 6463 6519 6708 6779 7051 7070 7244 7286 7320 7415 7425 7435 7505 7522 7681 7699 7722 7726 7732 7773 7955 7963 8014 8063
BEST 128: 7 25 60 96 170 184 206 213 585 599 648 719 720 723 785 818 872 895 912 916 970 1022 1042 1122 1174 1194 1216 1232 1312 1404 1771 1779 1857 1869 1936 1938 1939 1955 2013 2042 2130 2152 2186 2215 2222 2236 2240 2284 2565 2583 2619 2649 2688 2731 2789 2799 3135 3183 3364 3393 3495 3535 3545 3554 3818 3822 3852 3938 3990 4031 4227 4240 4361 4363 4395 4452 4496 4509 4533 4585 4815 4839 4867 4928 5165 5217 5332 5337 5376 5387 5424 5426 5574 5594 5794 5877 5905 6011 6024 6092 6123 6137 6186 6208 6421 6458 6514 6519 6586 6642 7051 7070 7203 7263 7381 7410 7435 7458 7681 7722 7773 7783 7859 7910 7948 7955 7963 8014
BEST 126: 1 7 75 119 158 170 213 214 222 251 553 558 585 622 648 672 720 723 785 818 819 861 912 916 1042 1122 1174 1194 1344 1404 1724 1771 1927 1931 1936 1972 1979 1981 2013 2042 2095 2127 2203 2236 2254 2266 2288 2300 2712 2731 2796 2799 2819 2851 3083 3183 3220 3294 3461 3495 3535 3551 3749 3758 3855 3880 3903 3959 3990 4031 4227 4240 4387 4395 4452 4461 4583 4588 4766 4779 4802 4815 4839 4844 4897 4928 4938 4961 5165 5217 5249 5332 5426 5453 5521 5574 5594 5630 5774 5794 5807 5877 5955 6011 6024 6032 6040 6092 6186 6204 6548 6578 6730 6757 7092 7157 7358 7381 7425 7505 7681 7699 7726 7732 7955 8063
BEST 118: 7 20 25 60 75 96 147 170 213 235 285 331 402 502 553 585 782 785 818 872 1179 1194 1216 1232 1328 1406 1724 1771 1819 1839 1846 1857 1936 1938 1981 2013 2127 2130 2186 2236 2240 2284 2288 2300 2565 2583 2597 2619 2712 2796 3114 3194 3521 3556 3749 3822 3880 3903 3934 3938 3990 4031 4124 4219 4387 4407 4452 4461 4509 4524 4533 4592 4928 4938 5249 5305 5332 5337 5424 5453 5574 5630 5774 5794 5807 5877 5950 5992 6024 6032 6040 6104 6123 6137 6353 6362 6463 6514 6578 6586 6708 6730 7051 7157 7203 7244 7358 7381 7428 7458 7681 7722 7732 7773 7859 7894 7955 7963
BEST 116: 14 60 75 80 96 126 147 158 170 184 214 235 285 297 558 585 720 739 818 819 861 872 912 1022 1174 1232 1312 1404 1839 1846 1927 1936 1939 1955 1972 1981 2013 2042 2062 2095 2222 2224 2236 2300 2712 2731 2819 2851 3083 3135 3139 3183 3282 3294 3528 3551 3554 3556 3749 3758 3818 3822 3880 3938 3990 4048 4115 4219 4363 4387 4437 4452 4533 4585 4839 4863 4905 4961 5165 5217 5305 5337 5387 5424 5521 5537 5577 5630 5793 5794 5807 5877 6024 6092 6104 6123 6421 6436 6463 6514 6548 6578 7070 7129 7244 7286 7328 7410 7458 7505 7699 7732 7773 7783 7938 7963
BEST 114: 44 60 75 119 244 251 285 297 599 622 648 672 719 720 785 818 819 861 912 1022 1194 1216 1328 1404 1771 1779 1839 1857 1931 1938 1955 1981 2030 2039 2127 2143 2186 2215 2240 2266 2284 2288 2619 2649 2731 2789 3114 3135 3282 3294 3495 3528 3554 3556 3615 3634 3749 3818 3852 3903 4124 4211 4250 4310 4437 4452 4509 4524 4533 4588 4815 4863 4867 4897 5217 5234 5332 5337 5376 5424 5426 5453 5794 5877 5921 5987 6024 6032 6040 6123 6204 6208 6319 6347 6421 6436 6463 6519 6578 6642 6708 6730 7381 7410 7435 7458 7726 7732 7773 7783 7859 7922 7938 7996
BEST 112: 7 14 18 80 87 93 158 206 244 251 285 297 545 585 599 622 719 720 916 970 1179 1216 1312 1328 1775 1779 1839 1857 1927 1931 1981 2030 2127 2152 2201 2236 2240 2241 2266 2284 2288 2300 2565 2662 2731 2789 2819 2851 3083 3114 3135 3139 3225 3282 3615 3634 3749 3818 3880 3903 3990 3992 4227 4305 4363 4395 4437 4452 4496 4538 4583 4585 4779 4815 4867 4897 5376 5424 5426 5453 5521 5574 5794 5877 5905 5972 6092 6123 6436 6519 6540 6548 6578 6586 6708 6730 7086 7129 7315 7328 7410 7413 7425 7435 7458 7505 7732 7748 7773 7783 7830 7922
BEST 100: 14 31 44 51 60 66 69 71 121 125 617 634 849 855 1016 1017 1542 1614 1808 1835 1855 1886 1901 1903 1966 2027 2320 2323 2450 2455 2571 2573 2951 3054 3379 3435 3508 3534 3557 3568 4012 4032 4390 4439 4516 4585 4781 4819 4881 4977 5009 5109 5255 5325 5651 5677 6033 6060 6145 6204 6275 6353 6401 6429 6431 6506 6520 6523 6547 6591 6609 6617 6664 6775 6791 6792 6956 6983 7181 7239 7323 7381 7434 7456 7684 7768 7826 7864 7869 7932 7937 7952 7960 7969 7974 7999 8001 8051 8058 8059
BEST 94: 39 40 275 282 300 302 311 359 375 377 444 504 534 609 722 755 769 795 854 875 957 991 1169 1214 1261 1271 1282 1404 1427 1482 1581 1590 1692 1749 1851 1918 2662 2675 3091 3154 3270 3312 3938 3960 3988 4082 4099 4108 4225 4242 4265 4320 4622 4676 5027 5095 5125 5232 5519 5521 5662 5664 5681 5691 5695 5738 5918 5922 5970 5975 6321 6339 6566 6647 6787 6788 6809 6840 6847 6852 7086 7148 7187 7195 7224 7261 7366 7412 7570 7658 7689 7744 7790 7804
BEST 92: 54 118 300 305 410 425 470 504 585 609 740 745 770 795 810 875 912 933 1214 1261 1282 1404 1468 1480 1482 1525 1681 1749 2305 2420 2587 2588 2635 2675 2897 2917 3132 3154 3936 3960 3988 4009 4048 4086 4224 4242 4250 4336 4623 4676 5023 5027 5519 5556 5634 5645 5681 5691 5738 5757 5918 5975 5987 5997 6276 6283 6297 6328 6334 6388 6788 6802 6847 6852 6883 6895 7070 7086 7195 7224 7258 7265 7350 7358 7412 7415 7570 7658 7689 7804 8089 8149
BEST 90: 2 54 280 300 302 377 410 443 543 585 665 669 746 755 769 770 810 812 912 991 1165 1169 1174 1234 1282 1404 1468 1525 1581 1613 1681 1692 1900 1918 2266 2274 2587 2635 2662 2675 3132 3154 3856 3960 3988 4009 4099 4108 4225 4242 4250 4265 4275 4346 4623 4676 5015 5095 5664 5691 5922 5997 6080 6102 6321 6328 6338 6346 6367 6388 6537 6566 6787 6847 6852 6883 6895 6901 7070 7146 7195 7258 7261 7269 7358 7366 7570 7658 7689 7804
BEST 84: 54 117 275 282 302 305 410 424 434 451 504 508 534 543 558 560 585 609 692 726 745 746 769 795 957 991 1165 1261 1581 1591 1692 1694 1699 1749 2619 2675 3132 3153 3270 3312 3936 3938 4009 4048 4063 4082 4224 4242 4275 4320 4630 4676 5015 5095 5667 5676 5738 5757 5895 5978 6022 6102 6283 6334 6537 6586 6630 6647 6788 6802 6810 6840 7070 7086 7173 7258 7350 7358 7366 7412 7570 7658 7689 7744
PROGRESS 10 0.653815 4
BEST 80: 259 343 779 827 850 870 904 932 942 972 1212 1218 1224 1225 1256 1264 1275 1276 1449 1461 1465 1531 2340 2385 2560 2602 2701 2708 2726 2738 2769 2778 2895 2911 2947 2986 3030 3062 3121 3157 3230 3257 3273 3290 3472 3494 4081 4095 4247 4261 4341 4347 4459 4470 5036 5118 5512 5539 5656 5742 5820 5848 5867 5871 6097 6100 6101 6136 6231 6270 6366 6374 6791 6845 7091 7112 7558 7665 8087 8163
PROGRESS 20 1.15976 4
PROGRESS 30 1.67483 3
PROGRESS 40 2.21814 3
PROGRESS 50 2.77347 3
BEST 78: 37 47 628 632 641 650 700 745 1159 1189 1302 1305 1516 1523 1855 1865 2085 2138 2443 2555 2689 2782 2985 3014 3178 3187 3215 3279 3419 3438 4020 4087 4156 4188 4229 4284 4313 4337 4444 4445 4782 4841 4867 4868 4875 4884 4920 4942 4949 4950 4959 4968 4970 4987 5007 5058 5195 5197 5633 5724 6941 6958 7051 7055 7062 7106 7130 7134 7955 7972 7973 7974 7980 7986 7991 7993 8027 8042
PROGRESS 60 3.2697 3
PROGRESS 70 3.83796 3
PROGRESS 80 4.38217 3
PROGRESS 90 4.87737 3
PROGRESS 100 5.47126 3
PROGRESS 110 5.93376 3
PROGRESS 120 6.43626 3
BEST 72: 63 127 385 407 1212 1272 1297 1327 1328 1367 1419 1466 1641 1646 1667 1734 1747 1784 2961 3044 3139 3191 3231 3258 3339 3432 3556 3563 3876 3877 3906 3953 4285 4304 4310 4350 4874 4933 4946 4950 5155 5240 5355 5364 5657 5690 5780 5784 5813 5874 5897 5943 5956 5985 6180 6251 6538 6570 6656 6751 7009 7039 7202 7266 7569 7571 7593 7594 7683 7728 8087 8182
PROGRESS 130 6.93844 3
PROGRESS 140 7.40189 3
PROGRESS 150 7.85962 3
PROGRESS 160 8.32968 3
PROGRESS 170 8.78498 3
PROGRESS 180 9.31215 3
PROGRESS 190 9.81918 3
PROGRESS 200 10.2601 3
PROGRESS 210 10.7395 3
PROGRESS 220 11.253 3
PROGRESS 230 11.8014 3
PROGRESS 240 12.3068 3
PROGRESS 250 12.8086 3
PROGRESS 260 13.2795 3
PROGRESS 270 13.8012 3
PROGRESS 280 14.3221 3
PROGRESS 290 14.8194 3
BEST 70: 803 892 1154 1181 1413 1456 1806 1880 1934 1957 1998 2010 2042 2046 2124 2149 2197 2232 2560 2655 2757 2773 3276 3288 4674 4682 5104 5118 5277 5288 5400 5447 5515 5530 5535 5546 5577 5596 5796 5841 5899 5936 5951 5955 6018 6019 6023 6030 6051 6125 6401 6419 6423 6458 6751 6765 6961 6962 7135 7139 7313 7319 7330 7373 7575 7653 7829 7896 8142 8191
PROGRESS 300 15.3908 3
PROGRESS 310 15.847 3
PROGRESS 320 16.2518 3
PROGRESS 330 16.7914 3
PROGRESS 340 17.3032 3
PROGRESS 350 17.7876 3
PROGRESS 360 18.3305 3
PROGRESS 370 18.8186 3
PROGRESS 380 19.2355 3
PROGRESS 390 19.6559 3
PROGRESS 400 20.0828 3
PROGRESS 410 20.4557 3
PROGRESS 420 20.9251 3
PROGRESS 430 21.3646 3
PROGRESS 440 21.8321 3
PROGRESS 450 22.4168 3
PROGRESS 460 23.0004 3
PROGRESS 470 23.5956 3
PROGRESS 480 24.1291 3
PROGRESS 490 24.7075 3
PROGRESS 500 25.2824 3
PROGRESS 510 25.859 3
PROGRESS 520 26.303 3
PROGRESS 530 26.7924 3
PROGRESS 540 27.2742 3
PROGRESS 550 27.7109 3
PROGRESS 560 28.1394 3
PROGRESS 570 28.5393 3
PROGRESS 580 28.9563 3
PROGRESS 590 29.3674 3
PROGRESS 600 29.7756 3
PROGRESS 610 30.3946 3
PROGRESS 620 30.9186 3
PROGRESS 630 31.4365 3
PROGRESS 640 31.9721 3
PROGRESS 650 32.4469 3
PROGRESS 660 32.8813 3
PROGRESS 670 33.3084 3
PROGRESS 680 33.7422 3
PROGRESS 690 34.2731 3
PROGRESS 700 34.7214 3
PROGRESS 710 35.1406 3
PROGRESS 720 35.5561 3
PROGRESS 730 35.9949 3
PROGRESS 740 36.4422 3
PROGRESS 750 36.9666 3
PROGRESS 760 37.4885 3
PROGRESS 770 38.0251 3
PROGRESS 780 38.5403 3
PROGRESS 790 39.0731 3
PROGRESS 800 39.6057 3
PROGRESS 810 40.1388 3
PROGRESS 820 40.6666 3
PROGRESS 830 41.1959 3
PROGRESS 840 41.7236 3
PROGRESS 850 42.2462 3
PROGRESS 860 42.7784 3
PROGRESS 870 43.3047 3
PROGRESS 880 43.7258 3
PROGRESS 890 44.1584 3
PROGRESS 900 44.642 3
PROGRESS 910 45.1476 3
PROGRESS 920 45.6801 3
PROGRESS 930 46.2069 3
PROGRESS 940 46.7503 3
PROGRESS 950 47.2699 3
PROGRESS 960 47.7878 3
PROGRESS 970 48.3323 3
PROGRESS 980 48.8471 3
PROGRESS 990 49.3741 3
PROGRESS 1000 49.8116 3
PROGRESS 1010 50.2668 3
PROGRESS 1020 50.7872 3
PROGRESS 1030 51.3253 3
PROGRESS 1040 51.8926 3
PROGRESS 1050 52.4426 3
PROGRESS 1060 52.9728 3
PROGRESS 1070 53.5123 3
PROGRESS 1080 54.0653 3
PROGRESS 1090 54.5939 3
PROGRESS 1100 55.1309 3
PROGRESS 1110 55.6672 3
PROGRESS 1120 56.2104 3
PROGRESS 1130 56.7426 3
PROGRESS 1140 57.5576 3
PROGRESS 1150 58.0973 3
PROGRESS 1160 58.6569 3
PROGRESS 1170 59.1991 3
PROGRESS 1180 59.7391 3
PROGRESS 1190 60.2792 3
PROGRESS 1200 60.8112 3
PROGRESS 1210 61.3629 3
PROGRESS 1220 61.908 3
PROGRESS 1230 62.3616 3
PROGRESS 1240 62.8075 3
PROGRESS 1250 63.2338 3
PROGRESS 1260 63.6574 3
PROGRESS 1270 64.0755 3
PROGRESS 1280 64.5045 3
PROGRESS 1290 64.9727 3
PROGRESS 1300 65.436 3
PROGRESS 1310 66.0066 3
PROGRESS 1320 66.5543 3
PROGRESS 1330 67.1128 3
PROGRESS 1340 67.6536 3
PROGRESS 1350 68.2119 3
PROGRESS 1360 68.7647 3
PROGRESS 1370 69.3219 3
PROGRESS 1380 69.8795 3
PROGRESS 1390 70.3525 3
PROGRESS 1400 70.7605 3
PROGRESS 1410 71.1886 3
PROGRESS 1420 71.5977 3
PROGRESS 1430 72.0145 3
PROGRESS 1440 72.4126 3
PROGRESS 1450 72.8118 3
PROGRESS 1460 73.2793 3
PROGRESS 1470 73.664 3
PROGRESS 1480 74.1016 3
PROGRESS 1490 74.5257 3
PROGRESS 1500 74.932 3
PROGRESS 1510 75.3239 3
PROGRESS 1520 75.7287 3
PROGRESS 1530 76.1925 3
PROGRESS 1540 76.6409 3
PROGRESS 1550 77.1648 3
PROGRESS 1560 77.5712 3
PROGRESS 1570 78.0639 3
PROGRESS 1580 78.5461 3
PROGRESS 1590 78.9481 3
PROGRESS 1600 79.3684 3
PROGRESS 1610 79.7897 3
PROGRESS 1620 80.2668 3
PROGRESS 1630 80.8488 3
PROGRESS 1640 81.3404 3
PROGRESS 1650 81.8216 3
PROGRESS 1660 82.262 3
PROGRESS 1670 82.6471 3
PROGRESS 1680 83.0491 3
PROGRESS 1690 83.4608 3
PROGRESS 1700 83.8874 3
PROGRESS 1710 84.3028 3
PROGRESS 1720 84.806 3
PROGRESS 1730 85.3037 3
PROGRESS 1740 85.7858 3
PROGRESS 1750 86.2841 3
PROGRESS 1760 86.8332 3
PROGRESS 1770 87.2455 3
PROGRESS 1780 87.6972 3
PROGRESS 1790 88.2007 3
PROGRESS 1800 88.6696 3
PROGRESS 1810 89.1849 3
PROGRESS 1820 89.6896 3
PROGRESS 1830 90.1369 3
PROGRESS 1840 90.5665 3
PROGRESS 1850 91.0419 3
PROGRESS 1860 91.5185 3
PROGRESS 1870 92.0008 3
PROGRESS 1880 92.4348 3
PROGRESS 1890 92.9042 3
PROGRESS 1900 93.3685 3
PROGRESS 1910 93.8546 3
PROGRESS 1920 94.3358 3
PROGRESS 1930 94.7976 3
PROGRESS 1940 95.3005 3
PROGRESS 1950 95.8357 3
PROGRESS 1960 96.2714 3
PROGRESS 1970 96.7549 3
PROGRESS 1980 97.2468 3
PROGRESS 1990 97.7358 3
PROGRESS 2000 98.2213 3
PROGRESS 2010 98.5981 3
PROGRESS 2020 99.0223 3
PROGRESS 2030 99.6266 3
PROGRESS 2040 100.102 3
PROGRESS 2050 100.614 3
PROGRESS 2060 101.03 3
PROGRESS 2070 101.533 3
PROGRESS 2080 102.005 3
PROGRESS 2090 102.414 3
PROGRESS 2100 102.826 3
PROGRESS 2110 103.273 3
PROGRESS 2120 103.742 3
PROGRESS 2130 104.187 3
PROGRESS 2140 104.669 3
PROGRESS 2150 105.08 3
PROGRESS 2160 105.519 3
PROGRESS 2170 105.912 3
PROGRESS 2180 106.404 3
PROGRESS 2190 106.835 3
PROGRESS 2200 107.288 3
PROGRESS 2210 107.717 3
PROGRESS 2220 108.252 3
PROGRESS 2230 108.767 3
PROGRESS 2240 109.22 3
PROGRESS 2250 109.762 3
PROGRESS 2260 110.273 3
PROGRESS 2270 110.959 3
PROGRESS 2280 111.516 3
PROGRESS 2290 112.02 3
PROGRESS 2300 112.581 3
PROGRESS 2310 113.074 3
PROGRESS 2320 113.563 3
PROGRESS 2330 114.056 3
PROGRESS 2340 114.576 3
PROGRESS 2350 115.092 3
PROGRESS 2360 115.59 3
PROGRESS 2370 116.097 3
PROGRESS 2380 116.511 3
PROGRESS 2390 116.975 3
PROGRESS 2400 117.468 3
PROGRESS 2410 118.011 3
PROGRESS 2420 118.479 3
PROGRESS 2430 118.947 3
PROGRESS 2440 119.429 3
PROGRESS 2450 119.911 3
PROGRESS 2460 120.328 2
PROGRESS 2470 120.812 2
PROGRESS 2480 121.221 2
PROGRESS 2490 121.679 2
PROGRESS 2500 122.192 2
PROGRESS 2510 122.686 2
PROGRESS 2520 123.124 2
PROGRESS 2530 123.638 2
PROGRESS 2540 124.13 2
PROGRESS 2550 124.62 2
PROGRESS 2560 125.149 2
PROGRESS 2570 125.629 2
PROGRESS 2580 126.034 2
PROGRESS 2590 126.44 2
PROGRESS 2600 126.838 2
PROGRESS 2610 127.263 2
PROGRESS 2620 127.741 2
PROGRESS 2630 128.261 2
PROGRESS 2640 128.797 2
PROGRESS 2650 129.334 2
PROGRESS 2660 129.847 2
PROGRESS 2670 130.263 2
PROGRESS 2680 130.686 2
PROGRESS 2690 131.211 2
PROGRESS 2700 131.742 2
PROGRESS 2710 132.281 2
PROGRESS 2720 132.802 2
PROGRESS 2730 133.344 2
PROGRESS 2740 133.861 2
PROGRESS 2750 134.414 2
PROGRESS 2760 134.969 2
PROGRESS 2770 135.503 2
PROGRESS 2780 136.057 2
PROGRESS 2790 136.568 2
PROGRESS 2800 137.122 2
PROGRESS 2810 137.665 2
PROGRESS 2820 138.199 2
PROGRESS 2830 138.75 2
PROGRESS 2840 139.297 2
PROGRESS 2850 139.835 2
PROGRESS 2860 140.376 2
PROGRESS 2870 140.919 2
PROGRESS 2880 141.458 2
PROGRESS 2890 141.98 2
PROGRESS 2900 142.521 2
PROGRESS 2910 143.063 2
PROGRESS 2920 143.599 2
PROGRESS 2930 144.148 2
PROGRESS 2940 144.66 2
PROGRESS 2950 145.227 2
PROGRESS 2960 145.774 2
PROGRESS 2970 146.29 2
PROGRESS 2980 146.687 2
PROGRESS 2990 147.245 2
PROGRESS 3000 147.756 2
PROGRESS 3010 148.283 2
PROGRESS 3020 148.794 2
PROGRESS 3030 149.234 2
PROGRESS 3040 149.738 2
PROGRESS 3050 150.221 2
PROGRESS 3060 150.634 2
PROGRESS 3070 151.065 2
PROGRESS 3080 151.664 2
PROGRESS 3090 152.141 2
BEST 68: 75 99 276 367 517 639 793 827 964 1019 1184 1186 1453 1457 1510 1522 1795 1848 1891 1909 2372 2374 2870 2895 3507 3564 3589 3591 3679 3706 4421 4461 4633 4683 4772 4786 4909 4985 5033 5065 5513 5584 6034 6038 6070 6076 6292 6303 6319 6320 6334 6338 6342 6348 6355 6385 6488 6489 6494 6499 7466 7549 7553 7635 7947 7989 8138 8164
PROGRESS 3100 152.643 2
PROGRESS 3110 153.192 2
PROGRESS 3120 153.779 2
PROGRESS 3130 154.269 2
PROGRESS 3140 154.679 2
PROGRESS 3150 155.071 2
PROGRESS 3160 155.456 2
PROGRESS 3170 155.834 2
PROGRESS 3180 156.284 2
PROGRESS 3190 156.779 2
PROGRESS 3200 157.264 2
PROGRESS 3210 157.73 2
PROGRESS 3220 158.338 2
PROGRESS 3230 158.87 2
PROGRESS 3240 159.393 2
PROGRESS 3250 159.925 2
PROGRESS 3260 160.477 2
PROGRESS 3270 161.013 2
PROGRESS 3280 161.568 2
PROGRESS 3290 162.107 2
PROGRESS 3300 162.638 2
PROGRESS 3310 163.172 2
PROGRESS 3320 163.702 2
PROGRESS 3330 164.237 2
PROGRESS 3340 164.78 2
PROGRESS 3350 165.297 2
PROGRESS 3360 165.818 2
PROGRESS 3370 166.333 2
PROGRESS 3380 166.869 2
PROGRESS 3390 167.727 2
PROGRESS 3400 168.137 2
PROGRESS 3410 168.535 2
PROGRESS 3420 168.936 2
PROGRESS 3430 169.392 2
PROGRESS 3440 169.844 2
PROGRESS 3450 170.391 2
PROGRESS 3460 170.795 2
PROGRESS 3470 171.223 2
PROGRESS 3480 171.642 2
PROGRESS 3490 172.166 2
PROGRESS 3500 172.612 2
PROGRESS 3510 173.049 2
PROGRESS 3520 173.527 2
PROGRESS 3530 174.012 2
PROGRESS 3540 174.503 2
PROGRESS 3550 174.949 2
PROGRESS 3560 175.435 2
PROGRESS 3570 175.935 2
PROGRESS 3580 176.349 2
PROGRESS 3590 176.763 2
PROGRESS 3600 177.177 2
PROGRESS 3610 177.606 2
PROGRESS 3620 178.055 2
PROGRESS 3630 178.494 2
PROGRESS 3640 178.914 2
PROGRESS 3650 179.331 2
PROGRESS 3660 179.75 2
PROGRESS 3670 180.163 2
PROGRESS 3680 180.582 2
PROGRESS 3690 180.985 2
PROGRESS 3700 181.388 2
PROGRESS 3710 181.807 2
PROGRESS 3720 182.298 2
PROGRESS 3730 182.776 2
PROGRESS 3740 183.244 2
PROGRESS 3750 183.741 2
PROGRESS 3760 184.244 2
PROGRESS 3770 184.731 2
PROGRESS 3780 185.208 2
PROGRESS 3790 185.758 2
PROGRESS 3800 186.221 2
PROGRESS 3810 186.705 2
PROGRESS 3820 187.188 2
PROGRESS 3830 187.71 2
PROGRESS 3840 188.206 2
PROGRESS 3850 188.671 2
PROGRESS 3860 189.141 2
PROGRESS 3870 189.642 2
PROGRESS 3880 190.102 2
PROGRESS 3890 190.58 2
PROGRESS 3900 191.048 2
PROGRESS 3910 191.492 2
PROGRESS 3920 192.038 2
PROGRESS 3930 192.49 2
PROGRESS 3940 192.906 2
PROGRESS 3950 193.452 2
PROGRESS 3960 193.937 2
PROGRESS 3970 194.488 2
PROGRESS 3980 195.029 2
PROGRESS 3990 195.456 2
PROGRESS 4000 195.86 2
PROGRESS 4010 196.305 2
PROGRESS 4020 196.809 2
PROGRESS 4030 197.333 2
PROGRESS 4040 197.795 2
PROGRESS 4050 198.242 2
PROGRESS 4060 198.656 2
PROGRESS 4070 199.08 2
PROGRESS 4080 199.591 2
PROGRESS 4090 200.117 2
PROGRESS 4100 200.827 2
PROGRESS 4110 201.259 2
PROGRESS 4120 201.696 2
PROGRESS 4130 202.152 2
PROGRESS 4140 202.598 2
PROGRESS 4150 203.064 2
PROGRESS 4160 203.554 2
PROGRESS 4170 204.003 2
PROGRESS 4180 204.491 2
PROGRESS 4190 205.043 2
PROGRESS 4200 205.524 2
PROGRESS 4210 206.017 2
PROGRESS 4220 206.474 2
PROGRESS 4230 206.918 2
PROGRESS 4240 207.39 2
PROGRESS 4250 207.936 2
PROGRESS 4260 208.406 2
PROGRESS 4270 208.819 2
PROGRESS 4280 209.425 2
PROGRESS 4290 210.001 2
PROGRESS 4300 210.437 2
PROGRESS 4310 210.898 2
PROGRESS 4320 211.428 2
PROGRESS 4330 212.002 2
PROGRESS 4340 212.461 2
PROGRESS 4350 212.954 2
PROGRESS 4360 213.454 2
PROGRESS 4370 213.931 2
PROGRESS 4380 214.432 2
PROGRESS 4390 214.886 2
PROGRESS 4400 215.346 2
PROGRESS 4410 215.845 2
PROGRESS 4420 216.341 2
PROGRESS 4430 216.825 2
PROGRESS 4440 217.329 2
PROGRESS 4450 217.811 2
PROGRESS 4460 218.306 2
PROGRESS 4470 218.859 2
PROGRESS 4480 219.399 2
PROGRESS 4490 219.937 2
PROGRESS 4500 220.422 2
PROGRESS 4510 220.963 2
PROGRESS 4520 221.411 2
PROGRESS 4530 221.861 2
PROGRESS 4540 222.34 2
PROGRESS 4550 222.812 2
PROGRESS 4560 223.246 2
PROGRESS 4570 223.683 2
PROGRESS 4580 224.112 2
PROGRESS 4590 224.516 2
PROGRESS 4600 225.002 2
PROGRESS 4610 225.481 2
PROGRESS 4620 226.004 2
PROGRESS 4630 226.462 2
PROGRESS 4640 227.015 2
PROGRESS 4650 227.512 2
PROGRESS 4660 228.131 2
PROGRESS 4670 228.577 2
PROGRESS 4680 229.072 2
PROGRESS 4690 229.625 2
PROGRESS 4700 230.153 2
PROGRESS 4710 230.573 2
PROGRESS 4720 231.02 2
PROGRESS 4730 231.437 2
PROGRESS 4740 231.836 2
PROGRESS 4750 232.266 2
PROGRESS 4760 232.741 2
PROGRESS 4770 233.286 2
PROGRESS 4780 233.839 2
PROGRESS 4790 234.332 2
PROGRESS 4800 234.793 2
PROGRESS 4810 235.31 2
PROGRESS 4820 235.828 2
PROGRESS 4830 236.341 2
PROGRESS 4840 236.759 2
PROGRESS 4850 237.243 2
PROGRESS 4860 237.671 2
PROGRESS 4870 238.062 2
PROGRESS 4880 238.498 2
PROGRESS 4890 238.986 2
PROGRESS 4900 239.464 2
PROGRESS 4910 239.982 2
END trials 4911 elapsed 240.037
