{"event": "stage", "case": "u12_eta0.008_v3.2", "mode": "direct", "seed": 211, "stage": 0, "nfev": 222, "optimizer_seconds": 75.10469608003041, "continuous_relative_rmse": 0.7055746762059574, "score": {"relative_rmse": 2.3790648332433073, "family_errors": [2.3106934258910536, 2.6398325718947824, 2.16144126134213], "core_score": 0.0, "worst_family_score": 0.0, "valid": true, "checker_seconds": 0.08526876103132963, "passed": false}}
{"event": "finished", "case": "u12_eta0.008_v3.2", "mode": "direct", "seed": 211, "score": {"relative_rmse": 2.3790648332433073, "family_errors": [2.3106934258910536, 2.6398325718947824, 2.16144126134213], "core_score": 0.0, "worst_family_score": 0.0, "valid": true, "checker_seconds": 0.08526876103132963, "passed": false}, "seconds": 75.22167175996583}
{"event": "stage", "case": "u12_eta0.008_v3.2", "mode": "direct", "seed": 307, "stage": 0, "nfev": 400, "optimizer_seconds": 124.84756851004204, "continuous_relative_rmse": 0.33973608527843147, "score": {"relative_rmse": 4.830728620270098, "family_errors": [4.883377535521583, 4.518222144881302, 5.0740624260209195], "core_score": 0.0, "worst_family_score": 0.0, "valid": true, "checker_seconds": 0.0846890329848975, "passed": false}}
{"event": "finished", "case": "u12_eta0.008_v3.2", "mode": "direct", "seed": 307, "score": {"relative_rmse": 4.830728620270098, "family_errors": [4.883377535521583, 4.518222144881302, 5.0740624260209195], "core_score": 0.0, "worst_family_score": 0.0, "valid": true, "checker_seconds": 0.0846890329848975, "passed": false}, "seconds": 124.96495203202358}
{"event": "stage", "case": "u12_eta0.008_v3.2", "mode": "direct", "seed": 101, "stage": 0, "nfev": 400, "optimizer_seconds": 129.85713238903554, "continuous_relative_rmse": 0.5208537264680242, "score": {"relative_rmse": 1.8084695291324122, "family_errors": [1.914199937243485, 1.4967231487193313, 1.9767004147684983], "core_score": 0.0, "worst_family_score": 0.0, "valid": true, "checker_seconds": 0.08485532598569989, "passed": false}}
{"event": "finished", "case": "u12_eta0.008_v3.2", "mode": "direct", "seed": 101, "score": {"relative_rmse": 1.8084695291324122, "family_errors": [1.914199937243485, 1.4967231487193313, 1.9767004147684983], "core_score": 0.0, "worst_family_score": 0.0, "valid": true, "checker_seconds": 0.08485532598569989, "passed": false}, "seconds": 129.97410585102625}
[
  {
    "case": "g1_control",
    "broadening": 0.032,
    "pin_potential": 1.65,
    "width": 12,
    "energy_count": 31,
    "completed_runs": 4,
    "completed_stages": 7,
    "total_nfev": 897,
    "optimizer_seconds_sum": 122.61622645508032,
    "optimizer_cpu_seconds_sum": 122.54818557499999,
    "best_spectral": {
      "relative_rmse": 3.5195648253669444e-14,
      "family_errors": [
        3.8410773902393006e-14,
        3.8990823698171363e-14,
        2.684267280926842e-14
      ],
      "core_score": 0.9999999999999648,
      "worst_family_score": 0.999999999999961,
      "valid": true,
      "checker_seconds": 0.0809070710092783,
      "passed": true
    },
    "best_valid": {
      "relative_rmse": 3.5195648253669444e-14,
      "family_errors": [
        3.8410773902393006e-14,
        3.8990823698171363e-14,
        2.684267280926842e-14
      ],
      "core_score": 0.9999999999999648,
      "worst_family_score": 0.999999999999961,
      "valid": true,
      "checker_seconds": 0.0809070710092783,
      "passed": true
    },
    "passing_stages": 1,
    "witness_verified": true
  },
  {
    "case": "u12_eta0.004_v1.65",
    "broadening": 0.004,
    "pin_potential": 1.65,
    "width": 12,
    "energy_count": 301,
    "completed_runs": 3,
    "completed_stages": 3,
    "total_nfev": 600,
    "optimizer_seconds_sum": 382.1260813450208,
    "optimizer_cpu_seconds_sum": 382.034500988,
    "best_spectral": {
      "relative_rmse": 1.0964926289650017,
      "family_errors": [
        1.1344189296107912,
        0.979768151559776,
        1.1662059498448756
      ],
      "core_score": 0.0,
      "worst_family_score": 0.0,
      "valid": true,
      "checker_seconds": 0.10729843896115199,
      "passed": false
    },
    "best_valid": {
      "relative_rmse": 1.0964926289650017,
      "family_errors": [
        1.1344189296107912,
        0.979768151559776,
        1.1662059498448756
      ],
      "core_score": 0.0,
      "worst_family_score": 0.0,
      "valid": true,
      "checker_seconds": 0.10729843896115199,
      "passed": false
    },
    "passing_stages": 0,
    "witness_verified": true
  },
  {
    "case": "u12_eta0.004_v3.2",
    "broadening": 0.004,
    "pin_potential": 3.2,
    "width": 12,
    "energy_count": 301,
    "completed_runs": 3,
    "completed_stages": 3,
    "total_nfev": 600,
    "optimizer_seconds_sum": 398.5405296050012,
    "optimizer_cpu_seconds_sum": 398.41641941200004,
    "best_spectral": {
      "relative_rmse": 1.7456817987032964,
      "family_errors": [
        1.7996975762109322,
        1.5894295409957033,
        1.837666236116508
      ],
      "core_score": 0.0,
      "worst_family_score": 0.0,
      "valid": true,
      "checker_seconds": 0.09792412701062858,
      "passed": false
    },
    "best_valid": {
      "relative_rmse": 1.7456817987032964,
      "family_errors": [
        1.7996975762109322,
        1.5894295409957033,
        1.837666236116508
      ],
      "core_score": 0.0,
      "worst_family_score": 0.0,
      "valid": true,
      "checker_seconds": 0.09792412701062858,
      "passed": false
    },
    "passing_stages": 0,
    "witness_verified": true
  },
  {
    "case": "u12_eta0.004_v6",
    "broadening": 0.004,
    "pin_potential": 6.0,
    "width": 12,
    "energy_count": 301,
    "completed_runs": 3,
    "completed_stages": 3,
    "total_nfev": 600,
    "optimizer_seconds_sum": 390.995448050031,
    "optimizer_cpu_seconds_sum": 390.92440676399997,
    "best_spectral": {
      "relative_rmse": 3.798062721255953,
      "family_errors": [
        3.8146474535793784,
        3.6592435963672147,
        3.91589611853129
      ],
      "core_score": 0.0,
      "worst_family_score": 0.0,
      "valid": true,
      "checker_seconds": 0.10259747295640409,
      "passed": false
    },
    "best_valid": {
      "relative_rmse": 3.798062721255953,
      "family_errors": [
        3.8146474535793784,
        3.6592435963672147,
        3.91589611853129
      ],
      "core_score": 0.0,
      "worst_family_score": 0.0,
      "valid": true,
      "checker_seconds": 0.10259747295640409,
      "passed": false
    },
    "passing_stages": 0,
    "witness_verified": true
  },
  {
    "case": "u12_eta0.008_v1.65",
    "broadening": 0.008,
    "pin_potential": 1.65,
    "width": 12,
    "energy_count": 151,
    "completed_runs": 3,
    "completed_stages": 3,
    "total_nfev": 586,
    "optimizer_seconds_sum": 230.9230551389628,
    "optimizer_cpu_seconds_sum": 230.887475263,
    "best_spectral": {
      "relative_rmse": 1.6860623986257513e-13,
      "family_errors": [
        1.8231706188710594e-13,
        9.500758593458645e-14,
        2.0740838922648232e-13
      ],
      "core_score": 0.9999999999998314,
      "worst_family_score": 0.9999999999997926,
      "valid": true,
      "checker_seconds": 0.09402134799165651,
      "passed": true
    },
    "best_valid": {
      "relative_rmse": 1.6860623986257513e-13,
      "family_errors": [
        1.8231706188710594e-13,
        9.500758593458645e-14,
        2.0740838922648232e-13
      ],
      "core_score": 0.9999999999998314,
      "worst_family_score": 0.9999999999997926,
      "valid": true,
      "checker_seconds": 0.09402134799165651,
      "passed": true
    },
    "passing_stages": 2,
    "witness_verified": true
  },
  {
    "case": "u12_eta0.008_v3.2",
    "broadening": 0.008,
    "pin_potential": 3.2,
    "width": 12,
    "energy_count": 151,
    "completed_runs": 7,
    "completed_stages": 9,
    "total_nfev": 1946,
    "optimizer_seconds_sum": 668.3474032921949,
    "optimizer_cpu_seconds_sum": 668.1666300210001,
    "best_spectral": {
      "relative_rmse": 1.5661229582854435,
      "family_errors": [
        1.661815073218839,
        1.5571941178398994,
        1.4736826331316144
      ],
      "core_score": 0.0,
      "worst_family_score": 0.0,
      "valid": false,
      "invalid_reason": "superconducting material must remain four-neighbor connected",
      "checker_seconds": 0.09548089699819684,
      "passed": false
    },
    "best_valid": {
      "relative_rmse": 1.7620026920286134,
      "family_errors": [
        1.756201911959768,
        1.4772897215531808,
        2.0117977987786007
      ],
      "core_score": 0.0,
      "worst_family_score": 0.0,
      "valid": true,
      "checker_seconds": 0.09748204902280122,
      "passed": false
    },
    "passing_stages": 0,
    "witness_verified": true
  },
  {
    "case": "u12_eta0.008_v6",
    "broadening": 0.008,
    "pin_potential": 6.0,
    "width": 12,
    "energy_count": 151,
    "completed_runs": 3,
    "completed_stages": 3,
    "total_nfev": 600,
    "optimizer_seconds_sum": 234.91085686004953,
    "optimizer_cpu_seconds_sum": 234.827983963,
    "best_spectral": {
      "relative_rmse": 3.434609176517503,
      "family_errors": [
        3.5299083654583594,
        3.4023730450657568,
        3.3694547303579814
      ],
      "core_score": 0.0,
      "worst_family_score": 0.0,
      "valid": true,
      "checker_seconds": 0.1389828950050287,
      "passed": false
    },
    "best_valid": {
      "relative_rmse": 3.434609176517503,
      "family_errors": [
        3.5299083654583594,
        3.4023730450657568,
        3.3694547303579814
      ],
      "core_score": 0.0,
      "worst_family_score": 0.0,
      "valid": true,
      "checker_seconds": 0.1389828950050287,
      "passed": false
    },
    "passing_stages": 0,
    "witness_verified": true
  },
  {
    "case": "u12_eta0.02_v1.65",
    "broadening": 0.02,
    "pin_potential": 1.65,
    "width": 12,
    "energy_count": 61,
    "completed_runs": 3,
    "completed_stages": 3,
    "total_nfev": 345,
    "optimizer_seconds_sum": 69.50112486700527,
    "optimizer_cpu_seconds_sum": 69.48675650300001,
    "best_spectral": {
      "relative_rmse": 6.168074230995509e-14,
      "family_errors": [
        6.757029869447298e-14,
        3.590983275120566e-14,
        7.455387690684765e-14
      ],
      "core_score": 0.9999999999999383,
      "worst_family_score": 0.9999999999999254,
      "valid": true,
      "checker_seconds": 0.0800222439575009,
      "passed": true
    },
    "best_valid": {
      "relative_rmse": 6.168074230995509e-14,
      "family_errors": [
        6.757029869447298e-14,
        3.590983275120566e-14,
        7.455387690684765e-14
      ],
      "core_score": 0.9999999999999383,
      "worst_family_score": 0.9999999999999254,
      "valid": true,
      "checker_seconds": 0.0800222439575009,
      "passed": true
    },
    "passing_stages": 2,
    "witness_verified": true
  },
  {
    "case": "u12_eta0.02_v3.2",
    "broadening": 0.02,
    "pin_potential": 3.2,
    "width": 12,
    "energy_count": 61,
    "completed_runs": 3,
    "completed_stages": 3,
    "total_nfev": 600,
    "optimizer_seconds_sum": 122.99609540292295,
    "optimizer_cpu_seconds_sum": 122.98215717400001,
    "best_spectral": {
      "relative_rmse": 0.891749496139389,
      "family_errors": [
        0.8973515715952466,
        0.9725450913704871,
        0.7965975733086782
      ],
      "core_score": 0.10825050386061097,
      "worst_family_score": 0.027454908629512942,
      "valid": true,
      "checker_seconds": 0.07953307795105502,
      "passed": false
    },
    "best_valid": {
      "relative_rmse": 0.891749496139389,
      "family_errors": [
        0.8973515715952466,
        0.9725450913704871,
        0.7965975733086782
      ],
      "core_score": 0.10825050386061097,
      "worst_family_score": 0.027454908629512942,
      "valid": true,
      "checker_seconds": 0.07953307795105502,
      "passed": false
    },
    "passing_stages": 0,
    "witness_verified": true
  },
  {
    "case": "u12_eta0.02_v6",
    "broadening": 0.02,
    "pin_potential": 6.0,
    "width": 12,
    "energy_count": 61,
    "completed_runs": 3,
    "completed_stages": 3,
    "total_nfev": 600,
    "optimizer_seconds_sum": 132.56381012289785,
    "optimizer_cpu_seconds_sum": 132.546046041,
    "best_spectral": {
      "relative_rmse": 1.4273874816561793,
      "family_errors": [
        1.4129296926756627,
        1.434299433877617,
        1.4348239912616854
      ],
      "core_score": 0.0,
      "worst_family_score": 0.0,
      "valid": true,
      "checker_seconds": 0.10866062302375212,
      "passed": false
    },
    "best_valid": {
      "relative_rmse": 1.4273874816561793,
      "family_errors": [
        1.4129296926756627,
        1.434299433877617,
        1.4348239912616854
      ],
      "core_score": 0.0,
      "worst_family_score": 0.0,
      "valid": true,
      "checker_seconds": 0.10866062302375212,
      "passed": false
    },
    "passing_stages": 0,
    "witness_verified": true
  },
  {
    "case": "u12_eta0.04_v1.65",
    "broadening": 0.04,
    "pin_potential": 1.65,
    "width": 12,
    "energy_count": 31,
    "completed_runs": 3,
    "completed_stages": 3,
    "total_nfev": 265,
    "optimizer_seconds_sum": 36.162788768997416,
    "optimizer_cpu_seconds_sum": 36.159609337000006,
    "best_spectral": {
      "relative_rmse": 2.5221409359460638e-14,
      "family_errors": [
        2.7417275052120715e-14,
        1.7271700511995092e-14,
        2.9297437778289986e-14
      ],
      "core_score": 0.9999999999999748,
      "worst_family_score": 0.9999999999999707,
      "valid": true,
      "checker_seconds": 0.07858468301128596,
      "passed": true
    },
    "best_valid": {
      "relative_rmse": 2.5221409359460638e-14,
      "family_errors": [
        2.7417275052120715e-14,
        1.7271700511995092e-14,
        2.9297437778289986e-14
      ],
      "core_score": 0.9999999999999748,
      "worst_family_score": 0.9999999999999707,
      "valid": true,
      "checker_seconds": 0.07858468301128596,
      "passed": true
    },
    "passing_stages": 3,
    "witness_verified": true
  },
  {
    "case": "u12_eta0.04_v3.2",
    "broadening": 0.04,
    "pin_potential": 3.2,
    "width": 12,
    "energy_count": 31,
    "completed_runs": 3,
    "completed_stages": 3,
    "total_nfev": 550,
    "optimizer_seconds_sum": 74.35789873194881,
    "optimizer_cpu_seconds_sum": 74.34944235200001,
    "best_spectral": {
      "relative_rmse": 0.5203681261290607,
      "family_errors": [
        0.507741662009922,
        0.4927088991004946,
        0.5583773862539483
      ],
      "core_score": 0.4796318738709393,
      "worst_family_score": 0.4416226137460517,
      "valid": true,
      "checker_seconds": 0.10078170197084546,
      "passed": false
    },
    "best_valid": {
      "relative_rmse": 0.5203681261290607,
      "family_errors": [
        0.507741662009922,
        0.4927088991004946,
        0.5583773862539483
      ],
      "core_score": 0.4796318738709393,
      "worst_family_score": 0.4416226137460517,
      "valid": true,
      "checker_seconds": 0.10078170197084546,
      "passed": false
    },
    "passing_stages": 0,
    "witness_verified": true
  },
  {
    "case": "u12_eta0.04_v6",
    "broadening": 0.04,
    "pin_potential": 6.0,
    "width": 12,
    "energy_count": 31,
    "completed_runs": 6,
    "completed_stages": 14,
    "total_nfev": 1842,
    "optimizer_seconds_sum": 226.1309824672062,
    "optimizer_cpu_seconds_sum": 226.037946334,
    "best_spectral": {
      "relative_rmse": 0.8045740038487607,
      "family_errors": [
        0.8052815045533666,
        0.8265698249946147,
        0.7812310835087881
      ],
      "core_score": 0.19542599615123935,
      "worst_family_score": 0.17343017500538527,
      "valid": true,
      "checker_seconds": 0.0648842949885875,
      "passed": false
    },
    "best_valid": {
      "relative_rmse": 0.8045740038487607,
      "family_errors": [
        0.8052815045533666,
        0.8265698249946147,
        0.7812310835087881
      ],
      "core_score": 0.19542599615123935,
      "worst_family_score": 0.17343017500538527,
      "valid": true,
      "checker_seconds": 0.0648842949885875,
      "passed": false
    },
    "passing_stages": 0,
    "witness_verified": true
  },
  {
    "case": "u14_eta0.008_v3.2",
    "broadening": 0.008,
    "pin_potential": 3.2,
    "width": 14,
    "energy_count": 151,
    "completed_runs": 3,
    "completed_stages": 3,
    "total_nfev": 600,
    "optimizer_seconds_sum": 371.3523531429819,
    "optimizer_cpu_seconds_sum": 371.266496261,
    "best_spectral": {
      "relative_rmse": 1.4950950207608922,
      "family_errors": [
        1.3761510958358418,
        1.6364805491508723,
        1.4608445971398556
      ],
      "core_score": 0.0,
      "worst_family_score": 0.0,
      "valid": true,
      "checker_seconds": 0.1833866200176999,
      "passed": false
    },
    "best_valid": {
      "relative_rmse": 1.4950950207608922,
      "family_errors": [
        1.3761510958358418,
        1.6364805491508723,
        1.4608445971398556
      ],
      "core_score": 0.0,
      "worst_family_score": 0.0,
      "valid": true,
      "checker_seconds": 0.1833866200176999,
      "passed": false
    },
    "passing_stages": 0,
    "witness_verified": true
  },
  {
    "case": "u16_eta0.004_v6",
    "broadening": 0.004,
    "pin_potential": 6.0,
    "width": 16,
    "energy_count": 301,
    "completed_runs": 0,
    "completed_stages": 0,
    "total_nfev": 0,
    "optimizer_seconds_sum": 0,
    "optimizer_cpu_seconds_sum": 0,
    "best_spectral": null,
    "best_valid": null,
    "passing_stages": 0,
    "witness_verified": true
  }
]
