693711 execve("/usr/bin/bwrap", ["/usr/bin/bwrap", "--ro-bind", "/usr", "/usr", "--ro-bind", "/lib", "/lib", "--ro-bind", "/lib64", "/lib64", "--symlink", "usr/bin", "/bin", "--unshare-net", "--", "/bin/echo", "INFRA_BWRAP_OK"], 0x7fff4be029c8 /* 5 vars */) = 0
693711 brk(NULL)                        = 0x562bed1f8000
693711 arch_prctl(0x3001 /* ARCH_??? */, 0x7ffca90e37f0) = -1 EINVAL (Invalid argument)
693711 mmap(NULL, 8192, PROT_READ|PROT_WRITE, MAP_PRIVATE|MAP_ANONYMOUS, -1, 0) = 0x7f02c6d30000
693711 access("/etc/ld.so.preload", R_OK) = -1 ENOENT (No such file or directory)
693711 openat(AT_FDCWD, "/etc/ld.so.cache", O_RDONLY|O_CLOEXEC) = 3
693711 newfstatat(3, "", {st_mode=S_IFREG|0644, st_size=69080, ...}, AT_EMPTY_PATH) = 0
693711 mmap(NULL, 69080, PROT_READ, MAP_PRIVATE, 3, 0) = 0x7f02c6d1f000
693711 close(3)                         = 0
693711 openat(AT_FDCWD, "/lib/x86_64-linux-gnu/libselinux.so.1", O_RDONLY|O_CLOEXEC) = 3
693711 read(3, "\177ELF\2\1\1\0\0\0\0\0\0\0\0\0\3\0>\0\1\0\0\0\0\0\0\0\0\0\0\0@\0\0\0\0\0\0\0\310\201\2\0\0\0\0\0\0\0\0\0@\08\0\f\0@\0\37\0\36\0\1\0\0\0\4\0\0\0\0\0\0\0\0\0\0\0\0\0\0\0\0\0\0\0\0\0\0\0\0\0\0\0\230Z\0\0\0\0\0\0\230Z\0\0\0\0\0\0\0\20\0\0\0\0\0\0\1\0\0\0\5\0\0\0\0`\0\0\0\0\0\0\0`\0\0\0\0\0\0\0`\0\0\0\0\0\0\215\226\1\0\0\0\0\0"..., 832) = 832
693711 newfstatat(3, "", {st_mode=S_IFREG|0644, st_size=166280, ...}, AT_EMPTY_PATH) = 0
693711 mmap(NULL, 177672, PROT_READ, MAP_PRIVATE|MAP_DENYWRITE, 3, 0) = 0x7f02c6cf3000
693711 mprotect(0x7f02c6cf9000, 139264, PROT_NONE) = 0
693711 mmap(0x7f02c6cf9000, 106496, PROT_READ|PROT_EXEC, MAP_PRIVATE|MAP_FIXED|MAP_DENYWRITE, 3, 0x6000) = 0x7f02c6cf9000
693711 mmap(0x7f02c6d13000, 28672, PROT_READ, MAP_PRIVATE|MAP_FIXED|MAP_DENYWRITE, 3, 0x20000) = 0x7f02c6d13000
693711 mmap(0x7f02c6d1b000, 8192, PROT_READ|PROT_WRITE, MAP_PRIVATE|MAP_FIXED|MAP_DENYWRITE, 3, 0x27000) = 0x7f02c6d1b000
693711 mmap(0x7f02c6d1d000, 5640, PROT_READ|PROT_WRITE, MAP_PRIVATE|MAP_FIXED|MAP_ANONYMOUS, -1, 0) = 0x7f02c6d1d000
693711 close(3)                         = 0
693711 openat(AT_FDCWD, "/lib/x86_64-linux-gnu/libcap.so.2", O_RDONLY|O_CLOEXEC) = 3
693711 read(3, "\177ELF\2\1\1\0\0\0\0\0\0\0\0\0\3\0>\0\1\0\0\0\0\0\0\0\0\0\0\0@\0\0\0\0\0\0\0p\221\0\0\0\0\0\0\0\0\0\0@\08\0\v\0@\0\34\0\33\0\1\0\0\0\4\0\0\0\0\0\0\0\0\0\0\0\0\0\0\0\0\0\0\0\0\0\0\0\0\0\0\0H!\0\0\0\0\0\0H!\0\0\0\0\0\0\0\20\0\0\0\0\0\0\1\0\0\0\5\0\0\0\0000\0\0\0\0\0\0\0000\0\0\0\0\0\0\0000\0\0\0\0\0\0\2317\0\0\0\0\0\0"..., 832) = 832
693711 newfstatat(3, "", {st_mode=S_IFREG|0644, st_size=39024, ...}, AT_EMPTY_PATH) = 0
693711 mmap(NULL, 41016, PROT_READ, MAP_PRIVATE|MAP_DENYWRITE, 3, 0) = 0x7f02c6ce8000
693711 mmap(0x7f02c6ceb000, 16384, PROT_READ|PROT_EXEC, MAP_PRIVATE|MAP_FIXED|MAP_DENYWRITE, 3, 0x3000) = 0x7f02c6ceb000
693711 mmap(0x7f02c6cef000, 8192, PROT_READ, MAP_PRIVATE|MAP_FIXED|MAP_DENYWRITE, 3, 0x7000) = 0x7f02c6cef000
693711 mmap(0x7f02c6cf1000, 8192, PROT_READ|PROT_WRITE, MAP_PRIVATE|MAP_FIXED|MAP_DENYWRITE, 3, 0x8000) = 0x7f02c6cf1000
693711 close(3)                         = 0
693711 openat(AT_FDCWD, "/lib/x86_64-linux-gnu/libc.so.6", O_RDONLY|O_CLOEXEC) = 3
693711 read(3, "\177ELF\2\1\1\3\0\0\0\0\0\0\0\0\3\0>\0\1\0\0\0P\237\2\0\0\0\0\0@\0\0\0\0\0\0\0\360\320!\0\0\0\0\0\0\0\0\0@\08\0\16\0@\0B\0A\0\6\0\0\0\4\0\0\0@\0\0\0\0\0\0\0@\0\0\0\0\0\0\0@\0\0\0\0\0\0\0\20\3\0\0\0\0\0\0\20\3\0\0\0\0\0\0\10\0\0\0\0\0\0\0\3\0\0\0\4\0\0\0@>\36\0\0\0\0\0@>\36\0\0\0\0\0@>\36\0\0\0\0\0\34\0\0\0\0\0\0\0"..., 832) = 832
693711 pread64(3, "\6\0\0\0\4\0\0\0@\0\0\0\0\0\0\0@\0\0\0\0\0\0\0@\0\0\0\0\0\0\0\20\3\0\0\0\0\0\0\20\3\0\0\0\0\0\0\10\0\0\0\0\0\0\0\3\0\0\0\4\0\0\0@>\36\0\0\0\0\0@>\36\0\0\0\0\0@>\36\0\0\0\0\0\34\0\0\0\0\0\0\0\34\0\0\0\0\0\0\0\20\0\0\0\0\0\0\0\1\0\0\0\4\0\0\0\0\0\0\0\0\0\0\0\0\0\0\0\0\0\0\0\0\0\0\0\0\0\0\0\340\177\2\0\0\0\0\0\340\177\2\0\0\0\0\0"..., 784, 64) = 784
693711 pread64(3, "\4\0\0\0 \0\0\0\5\0\0\0GNU\0\2\0\0\300\4\0\0\0\3\0\0\0\0\0\0\0\2\200\0\300\4\0\0\0\1\0\0\0\0\0\0\0", 48, 848) = 48
693711 pread64(3, "\4\0\0\0\24\0\0\0\3\0\0\0GNU\0\"\312\n\203\244\0A\"\343\ni\265\227\276\226\3414\6\206\26\4\0\0\0\20\0\0\0\1\0\0\0GNU\0\0\0\0\0\3\0\0\0\2\0\0\0\0\0\0\0", 68, 896) = 68
693711 newfstatat(3, "", {st_mode=S_IFREG|0755, st_size=2220400, ...}, AT_EMPTY_PATH) = 0
693711 pread64(3, "\6\0\0\0\4\0\0\0@\0\0\0\0\0\0\0@\0\0\0\0\0\0\0@\0\0\0\0\0\0\0\20\3\0\0\0\0\0\0\20\3\0\0\0\0\0\0\10\0\0\0\0\0\0\0\3\0\0\0\4\0\0\0@>\36\0\0\0\0\0@>\36\0\0\0\0\0@>\36\0\0\0\0\0\34\0\0\0\0\0\0\0\34\0\0\0\0\0\0\0\20\0\0\0\0\0\0\0\1\0\0\0\4\0\0\0\0\0\0\0\0\0\0\0\0\0\0\0\0\0\0\0\0\0\0\0\0\0\0\0\340\177\2\0\0\0\0\0\340\177\2\0\0\0\0\0"..., 784, 64) = 784
693711 mmap(NULL, 2264656, PROT_READ, MAP_PRIVATE|MAP_DENYWRITE, 3, 0) = 0x7f02c6abf000
693711 mprotect(0x7f02c6ae7000, 2023424, PROT_NONE) = 0
693711 mmap(0x7f02c6ae7000, 1658880, PROT_READ|PROT_EXEC, MAP_PRIVATE|MAP_FIXED|MAP_DENYWRITE, 3, 0x28000) = 0x7f02c6ae7000
693711 mmap(0x7f02c6c7c000, 360448, PROT_READ, MAP_PRIVATE|MAP_FIXED|MAP_DENYWRITE, 3, 0x1bd000) = 0x7f02c6c7c000
693711 mmap(0x7f02c6cd5000, 24576, PROT_READ|PROT_WRITE, MAP_PRIVATE|MAP_FIXED|MAP_DENYWRITE, 3, 0x215000) = 0x7f02c6cd5000
693711 mmap(0x7f02c6cdb000, 52816, PROT_READ|PROT_WRITE, MAP_PRIVATE|MAP_FIXED|MAP_ANONYMOUS, -1, 0) = 0x7f02c6cdb000
693711 close(3)                         = 0
693711 openat(AT_FDCWD, "/lib/x86_64-linux-gnu/libpcre2-8.so.0", O_RDONLY|O_CLOEXEC) = 3
693711 read(3, "\177ELF\2\1\1\0\0\0\0\0\0\0\0\0\3\0>\0\1\0\0\0\0\0\0\0\0\0\0\0@\0\0\0\0\0\0\0\210S\t\0\0\0\0\0\0\0\0\0@\08\0\v\0@\0\35\0\34\0\1\0\0\0\4\0\0\0\0\0\0\0\0\0\0\0\0\0\0\0\0\0\0\0\0\0\0\0\0\0\0\0000\36\0\0\0\0\0\0000\36\0\0\0\0\0\0\0\20\0\0\0\0\0\0\1\0\0\0\5\0\0\0\0 \0\0\0\0\0\0\0 \0\0\0\0\0\0\0 \0\0\0\0\0\0\355\252\6\0\0\0\0\0"..., 832) = 832
693711 newfstatat(3, "", {st_mode=S_IFREG|0644, st_size=613064, ...}, AT_EMPTY_PATH) = 0
693711 mmap(NULL, 615184, PROT_READ, MAP_PRIVATE|MAP_DENYWRITE, 3, 0) = 0x7f02c6a28000
693711 mmap(0x7f02c6a2a000, 438272, PROT_READ|PROT_EXEC, MAP_PRIVATE|MAP_FIXED|MAP_DENYWRITE, 3, 0x2000) = 0x7f02c6a2a000
693711 mmap(0x7f02c6a95000, 163840, PROT_READ, MAP_PRIVATE|MAP_FIXED|MAP_DENYWRITE, 3, 0x6d000) = 0x7f02c6a95000
693711 mmap(0x7f02c6abd000, 8192, PROT_READ|PROT_WRITE, MAP_PRIVATE|MAP_FIXED|MAP_DENYWRITE, 3, 0x94000) = 0x7f02c6abd000
693711 close(3)                         = 0
693711 mmap(NULL, 8192, PROT_READ|PROT_WRITE, MAP_PRIVATE|MAP_ANONYMOUS, -1, 0) = 0x7f02c6a26000
693711 arch_prctl(ARCH_SET_FS, 0x7f02c6a26d00) = 0
693711 set_tid_address(0x7f02c6a26fd0)  = 693711
693711 set_robust_list(0x7f02c6a26fe0, 24) = 0
693711 rseq(0x7f02c6a276a0, 0x20, 0, 0x53053053) = 0
693711 mprotect(0x7f02c6cd5000, 16384, PROT_READ) = 0
693711 mprotect(0x7f02c6abd000, 4096, PROT_READ) = 0
693711 mprotect(0x7f02c6cf1000, 4096, PROT_READ) = 0
693711 mprotect(0x7f02c6d1b000, 4096, PROT_READ) = 0
693711 mprotect(0x562baee27000, 4096, PROT_READ) = 0
693711 mprotect(0x7f02c6d6a000, 8192, PROT_READ) = 0
693711 prlimit64(0, RLIMIT_STACK, NULL, {rlim_cur=8192*1024, rlim_max=RLIM64_INFINITY}) = 0
693711 munmap(0x7f02c6d1f000, 69080)    = 0
693711 prctl(PR_CAPBSET_READ, CAP_MAC_OVERRIDE) = 1
693711 prctl(PR_CAPBSET_READ, 0x30 /* CAP_??? */) = -1 EINVAL (Invalid argument)
693711 prctl(PR_CAPBSET_READ, CAP_CHECKPOINT_RESTORE) = 1
693711 prctl(PR_CAPBSET_READ, 0x2c /* CAP_??? */) = -1 EINVAL (Invalid argument)
693711 prctl(PR_CAPBSET_READ, 0x2a /* CAP_??? */) = -1 EINVAL (Invalid argument)
693711 prctl(PR_CAPBSET_READ, 0x29 /* CAP_??? */) = -1 EINVAL (Invalid argument)
693711 statfs("/sys/fs/selinux", 0x7ffca90e3830) = -1 ENOENT (No such file or directory)
693711 statfs("/selinux", 0x7ffca90e3830) = -1 ENOENT (No such file or directory)
693711 getrandom("\x93\x4f\xb1\x13\xe1\xab\xc5\x25", 8, GRND_NONBLOCK) = 8
693711 brk(NULL)                        = 0x562bed1f8000
693711 brk(0x562bed219000)              = 0x562bed219000
693711 openat(AT_FDCWD, "/proc/filesystems", O_RDONLY|O_CLOEXEC) = 3
693711 newfstatat(3, "", {st_mode=S_IFREG|0444, st_size=0, ...}, AT_EMPTY_PATH) = 0
693711 read(3, "nodev\tsysfs\nnodev\ttmpfs\nnodev\tbdev\nnodev\tproc\nnodev\tcgroup\nnodev\tcgroup2\nnodev\tcpuset\nnodev\tdevtmpfs\nnodev\tconfigfs\nnodev\tdebugfs\nnodev\ttracefs\nnodev\tsecurityfs"..., 1024) = 466
693711 read(3, "", 1024)                = 0
693711 close(3)                         = 0
693711 access("/etc/selinux/config", F_OK) = -1 ENOENT (No such file or directory)
693711 getuid()                         = 2020
693711 getgid()                         = 2020
693711 geteuid()                        = 2020
693711 capget({version=_LINUX_CAPABILITY_VERSION_3, pid=0}, {effective=0, permitted=0, inheritable=0}) = 0
693711 prctl(PR_SET_NO_NEW_PRIVS, 1, 0, 0, 0) = 0
693711 openat(AT_FDCWD, "/proc/sys/kernel/overflowuid", O_RDONLY|O_CLOEXEC) = 3
693711 read(3, "65534\n", 4079)         = 6
693711 read(3, "", 4073)                = 0
693711 close(3)                         = 0
693711 openat(AT_FDCWD, "/proc/sys/kernel/overflowgid", O_RDONLY|O_CLOEXEC) = 3
693711 read(3, "65534\n", 4079)         = 6
693711 read(3, "", 4073)                = 0
693711 close(3)                         = 0
693711 ioctl(1, TCGETS, 0x7ffca90e15e0) = -1 ENOTTY (Inappropriate ioctl for device)
693711 getuid()                         = 2020
693711 openat(AT_FDCWD, "/proc", O_RDONLY|O_PATH) = 3
693711 rt_sigprocmask(SIG_BLOCK, [CHLD], NULL, 8) = 0
693711 wait4(-1, 0x7ffca90e16e0, WNOHANG, NULL) = -1 ECHILD (No child processes)
693711 eventfd2(0, EFD_CLOEXEC)         = 4
693711 clone(child_stack=NULL, flags=CLONE_NEWNS|CLONE_NEWUSER|CLONE_NEWNET|SIGCHLD) = 693734
693711 openat(3, "693734/ns", O_RDONLY|O_PATH) = 5
693711 newfstatat(5, "mnt", {st_mode=S_IFREG|0444, st_size=0, ...}, 0) = 0
693711 newfstatat(5, "net", {st_mode=S_IFREG|0444, st_size=0, ...}, 0) = 0
693711 close(5)                         = 0
693711 capset({version=_LINUX_CAPABILITY_VERSION_3, pid=0}, {effective=0, permitted=0, inheritable=0}) = 0
693711 prctl(PR_SET_DUMPABLE, SUID_DUMP_USER) = 0
693711 write(4, "\1\0\0\0\0\0\0\0", 8)  = 8
693711 close(4)                         = 0
693711 openat(3, "self/fd", O_RDONLY|O_NOCTTY|O_NONBLOCK|O_CLOEXEC|O_DIRECTORY) = 4
693711 newfstatat(4, "", {st_mode=S_IFDIR|0500, st_size=0, ...}, AT_EMPTY_PATH) = 0
693711 fcntl(4, F_GETFL)                = 0x18800 (flags O_RDONLY|O_NONBLOCK|O_LARGEFILE|O_DIRECTORY)
693711 fcntl(4, F_SETFD, FD_CLOEXEC)    = 0
693711 getdents64(4, 0x562bed1f8ad0 /* 7 entries */, 32768) = 168
693711 close(3)                         = 0
693711 getdents64(4, 0x562bed1f8ad0 /* 0 entries */, 32768) = 0
693711 close(4)                         = 0
693711 signalfd4(-1, [CHLD], 8, SFD_CLOEXEC|SFD_NONBLOCK) = 3
693711 poll([{fd=3, events=POLLIN}], 1, -1 <unfinished ...>
693734 read(4, "\1\0\0\0\0\0\0\0", 8)   = 8
693734 close(4)                         = 0
693734 prctl(PR_CAPBSET_DROP, CAP_CHOWN) = 0
693734 prctl(PR_CAPBSET_DROP, CAP_DAC_OVERRIDE) = 0
693734 prctl(PR_CAPBSET_DROP, CAP_DAC_READ_SEARCH) = 0
693734 prctl(PR_CAPBSET_DROP, CAP_FOWNER) = 0
693734 prctl(PR_CAPBSET_DROP, CAP_FSETID) = 0
693734 prctl(PR_CAPBSET_DROP, CAP_KILL) = 0
693734 prctl(PR_CAPBSET_DROP, CAP_SETGID) = 0
693734 prctl(PR_CAPBSET_DROP, CAP_SETUID) = 0
693734 prctl(PR_CAPBSET_DROP, CAP_SETPCAP) = 0
693734 prctl(PR_CAPBSET_DROP, CAP_LINUX_IMMUTABLE) = 0
693734 prctl(PR_CAPBSET_DROP, CAP_NET_BIND_SERVICE) = 0
693734 prctl(PR_CAPBSET_DROP, CAP_NET_BROADCAST) = 0
693734 prctl(PR_CAPBSET_DROP, CAP_NET_ADMIN) = 0
693734 prctl(PR_CAPBSET_DROP, CAP_NET_RAW) = 0
693734 prctl(PR_CAPBSET_DROP, CAP_IPC_LOCK) = 0
693734 prctl(PR_CAPBSET_DROP, CAP_IPC_OWNER) = 0
693734 prctl(PR_CAPBSET_DROP, CAP_SYS_MODULE) = 0
693734 prctl(PR_CAPBSET_DROP, CAP_SYS_RAWIO) = 0
693734 prctl(PR_CAPBSET_DROP, CAP_SYS_CHROOT) = 0
693734 prctl(PR_CAPBSET_DROP, CAP_SYS_PTRACE) = 0
693734 prctl(PR_CAPBSET_DROP, CAP_SYS_PACCT) = 0
693734 prctl(PR_CAPBSET_DROP, CAP_SYS_ADMIN) = 0
693734 prctl(PR_CAPBSET_DROP, CAP_SYS_BOOT) = 0
693734 prctl(PR_CAPBSET_DROP, CAP_SYS_NICE) = 0
693734 prctl(PR_CAPBSET_DROP, CAP_SYS_RESOURCE) = 0
693734 prctl(PR_CAPBSET_DROP, CAP_SYS_TIME) = 0
693734 prctl(PR_CAPBSET_DROP, CAP_SYS_TTY_CONFIG) = 0
693734 prctl(PR_CAPBSET_DROP, CAP_MKNOD) = 0
693734 prctl(PR_CAPBSET_DROP, CAP_LEASE) = 0
693734 prctl(PR_CAPBSET_DROP, CAP_AUDIT_WRITE) = 0
693734 prctl(PR_CAPBSET_DROP, CAP_AUDIT_CONTROL) = 0
693734 prctl(PR_CAPBSET_DROP, CAP_SETFCAP) = 0
693734 prctl(PR_CAPBSET_DROP, CAP_MAC_OVERRIDE) = 0
693734 prctl(PR_CAPBSET_DROP, CAP_MAC_ADMIN) = 0
693734 prctl(PR_CAPBSET_DROP, CAP_SYSLOG) = 0
693734 prctl(PR_CAPBSET_DROP, CAP_WAKE_ALARM) = 0
693734 prctl(PR_CAPBSET_DROP, CAP_BLOCK_SUSPEND) = 0
693734 prctl(PR_CAPBSET_DROP, CAP_AUDIT_READ) = 0
693734 prctl(PR_CAPBSET_DROP, CAP_PERFMON) = 0
693734 prctl(PR_CAPBSET_DROP, CAP_BPF)  = 0
693734 prctl(PR_CAPBSET_DROP, CAP_CHECKPOINT_RESTORE) = 0
693734 getpid()                         = 693734
693734 socket(AF_UNIX, SOCK_DGRAM|SOCK_CLOEXEC, 0) = 4
693734 ioctl(4, SIOCGIFINDEX, {ifr_name="lo", ifr_ifindex=1}) = 0
693734 close(4)                         = 0
693734 socket(AF_NETLINK, SOCK_RAW|SOCK_CLOEXEC, NETLINK_ROUTE) = 4
693734 bind(4, {sa_family=AF_NETLINK, nl_pid=693734, nl_groups=00000000}, 12) = 0
693734 getpid()                         = 693734
693734 sendto(4, [{nlmsg_len=40, nlmsg_type=0x14 /* NLMSG_??? */, nlmsg_flags=NLM_F_REQUEST|NLM_F_ACK|0x600, nlmsg_seq=0, nlmsg_pid=693734}, "\x02\x08\x80\xfe\x01\x00\x00\x00\x08\x00\x02\x00\x7f\x00\x00\x01\x08\x00\x01\x00\x7f\x00\x00\x01"], 40, 0, {sa_family=AF_NETLINK, nl_pid=0, nl_groups=00000000}, 12) = 40
693734 recvfrom(4, [{nlmsg_len=36, nlmsg_type=NLMSG_ERROR, nlmsg_flags=NLM_F_CAPPED, nlmsg_seq=0, nlmsg_pid=693734}, {error=0, msg={nlmsg_len=40, nlmsg_type=0x14 /* NLMSG_??? */, nlmsg_flags=NLM_F_REQUEST|NLM_F_ACK|0x600, nlmsg_seq=0, nlmsg_pid=693734}}], 1024, 0, NULL, NULL) = 36
693734 getpid()                         = 693734
693734 getpid()                         = 693734
693734 sendto(4, [{nlmsg_len=32, nlmsg_type=0x10 /* NLMSG_??? */, nlmsg_flags=NLM_F_REQUEST|NLM_F_ACK, nlmsg_seq=1, nlmsg_pid=693734}, "\x00\x00\x00\x00\x01\x00\x00\x00\x01\x00\x00\x00\x01\x00\x00\x00"], 32, 0, {sa_family=AF_NETLINK, nl_pid=0, nl_groups=00000000}, 12) = 32
693734 recvfrom(4, [{nlmsg_len=36, nlmsg_type=NLMSG_ERROR, nlmsg_flags=NLM_F_CAPPED, nlmsg_seq=1, nlmsg_pid=693734}, {error=0, msg={nlmsg_len=32, nlmsg_type=0x10 /* NLMSG_??? */, nlmsg_flags=NLM_F_REQUEST|NLM_F_ACK, nlmsg_seq=1, nlmsg_pid=693734}}], 1024, 0, NULL, NULL) = 36
693734 getpid()                         = 693734
693734 close(4)                         = 0
693734 openat(3, "self", O_RDONLY|O_PATH) = 4
693734 openat(4, "uid_map", O_RDWR|O_CLOEXEC) = 5
693734 write(5, "2020 2020 1\n", 12)    = 12
693734 close(5)                         = 0
693734 openat(4, "setgroups", O_RDWR|O_CLOEXEC) = 5
693734 write(5, "deny\n", 5)            = 5
693734 close(5)                         = 0
693734 openat(4, "gid_map", O_RDWR|O_CLOEXEC) = 5
693734 write(5, "2020 2020 1\n", 12)    = 12
693734 close(5)                         = 0
693734 close(4)                         = 0
693734 umask(000)                       = 002
693734 readlink("/usr", 0x7ffca90e0e00, 1023) = -1 EINVAL (Invalid argument)
693734 readlink("/lib", "usr/lib", 1023) = 7
693734 readlink("/usr", 0x7ffca90e0e00, 1023) = -1 EINVAL (Invalid argument)
693734 readlink("/usr/lib", 0x7ffca90e0e00, 1023) = -1 EINVAL (Invalid argument)
693734 readlink("/lib64", "usr/lib64", 1023) = 9
693734 readlink("/usr", 0x7ffca90e0e00, 1023) = -1 EINVAL (Invalid argument)
693734 readlink("/usr/lib64", 0x7ffca90e0e00, 1023) = -1 EINVAL (Invalid argument)
693734 mount(NULL, "/", NULL, MS_REC|MS_SILENT|MS_SLAVE, NULL) = 0
693734 mount("tmpfs", "/tmp", "tmpfs", MS_NOSUID|MS_NODEV, NULL <unfinished ...>
693711 <... poll resumed>)              = ? ERESTART_RESTARTBLOCK (Interrupted by signal)
693711 --- SIGTERM {si_signo=SIGTERM, si_code=SI_USER, si_pid=692733, si_uid=2020} ---
693711 +++ killed by SIGTERM +++
