ladder_14 1 124 best (-10, 0, 12.81956768, 2.50163284, 1, -0.0) time 0.07
ladder_14 2 6069 best (-31, -1, 12.64326542, 2.55144805, 2, 0.18232155679395445) time 3.45
ladder_14 3 5670 best (-35, -1, 11.68940521, 2.32254679, 2, 1.8500283773520303) time 7.37
ladder_14 4 5790 best (-43, -1, 12.19030925, 2.56842135, 3, 0.3684238364278147) time 11.58
ladder_14 5 5675 best (-47, -1, 11.23615901, 2.33952008, 3, 1.4844278678077938) time 15.07
ladder_14 6 4663 best (-57, -2, 9.09129745, 2.33078933, 3, 3.3354359170481214) time 19.61
ladder_14 7 4291 best (-63, -2, 9.15760503, 2.32157052, 3, 3.3354359170481214) time 23.5
ladder_14 8 4596 best (-67, -2, 8.67706232, 2.34776263, 3, 3.3354359170481214) time 28.04
ladder_14 9 3747 best (-69, -2, 7.69838624, 2.23900728, 3, 6.0468559612718815) time 32.11
ladder_14 10 3000 best (-71, -2, 7.05345462, 1.99017153, 4, 7.550933358048155) time 35.59
ladder_14 11 2346 best (-73, -2, 6.81781256, 1.94297479, 4, 8.413156868652035) time 38.32
ladder_14 12 2266 best (-75, -2, 6.603385, 1.93543519, 4, 6.995936515969027) time 40.15
ladder_14 13 2116 best (-75, -2, 6.603385, 1.93543519, 4, 8.45821678406684) time 41.84
ladder_14 14 1179 best (-77, -2, 6.95237704, 1.98783899, 5, 9.987776323902091) time 42.74
ladder_14 15 1010 best (-81, -2, 7.78661448, 1.98776786, 5, 9.987776323902091) time 43.59
ladder_14 16 880 best (-83, -2, 6.55809143, 1.92719292, 6, 10.26540806050037) time 44.39
ladder_14 17 643 best (-83, -2, 6.55809143, 1.92719292, 7, 11.459330528972806) time 45.12
ladder_14 18 477 best (-69, -2, 5.56941092, 1.77199543, 5, 20.00747853900726) time 45.69
ladder_14 19 588 best (-71, -2, 5.4947821, 1.80639203, 5, 24.653070639494263) time 46.6
ladder_14 20 595 best (-73, -2, 5.86162204, 1.9681867, 6, 26.18246584425483) time 47.84
ladder_14 21 511 best (-75, -2, 5.86374764, 1.84445808, 7, 23.389257834812312) time 48.95
ladder_14 22 437 best (-75, -2, 5.72962848, 1.95066806, 9, 19.903103730674193) time 49.91
ladder_14 23 215 best (-77, -2, 5.71944221, 1.9472052, 10, 19.903103730674193) time 50.4
ladder_14 24 144 best (-75, -2, 6.20454481, 1.7881579, 10, 20.596250911234137) time 50.95
ladder_14 25 0 best None time 51.45
FAILED ladder_14
