ladder_16 70 0 error 0.026294973996710415 count 53 time 11.9
POLISH ladder_16 70 0 40 9 0.035205593001408936
ladder_16 70 1 error 0.025948246420825397 count 39 time 18.6
POLISH ladder_16 70 1 38 9 0.03774336838813092
ladder_16 70 2 error 0.010829932926105153 count 40 time 24.2
POLISH ladder_16 70 2 41 11 0.008720927758089383
ladder_16 70 3 error 0.007408455239179175 count 40 time 35.0
POLISH ladder_16 70 3 42 11 0.007368182857359127
ladder_16 71 0 error 0.03483788017684297 count 50 time 6.0
POLISH ladder_16 71 0 35 10 0.030689310108418227
ladder_16 71 1 error 0.035366176469100716 count 38 time 10.7
POLISH ladder_16 71 1 38 11 0.025422189499403655
ladder_16 71 2 error 0.01598362753772878 count 37 time 15.9
POLISH ladder_16 71 2 37 11 0.01584092196925806
ladder_16 71 3 error 0.0024573130056441644 count 41 time 22.4
POLISH ladder_16 71 3 42 11 0.00229744913852952
ladder_16 72 0 error 0.018552725211786476 count 38 time 13.8
POLISH ladder_16 72 0 33 8 0.021110106740838804
ladder_16 72 1 error 0.01569400272178944 count 34 time 27.0
POLISH ladder_16 72 1 33 8 0.021110086809243266
ladder_16 72 2 error 0.0044238884949650776 count 35 time 41.8
POLISH ladder_16 72 2 35 9 1.022526698960251e-15
SOLVED ladder_16
