ladder_14 30 0 error 0.027795005034862073 count 42 time 9.5
POLISH ladder_14 30 0 34 10 0.02851500371780245
ladder_14 30 1 error 0.023869935646285884 count 36 time 13.8
POLISH ladder_14 30 1 35 10 0.016869516966144353
ladder_14 30 2 error 0.010445843114115212 count 35 time 18.8
POLISH ladder_14 30 2 36 10 0.004301054857915745
ladder_14 30 3 error 0.0005122073926576015 count 37 time 24.7
POLISH ladder_14 30 3 37 10 8.409826221069604e-16
ladder_14 31 0 error 0.04063140245566536 count 39 time 8.4
POLISH ladder_14 31 0 30 10 0.045547349970157185
ladder_14 31 1 error 0.03981662643220903 count 32 time 12.7
POLISH ladder_14 31 1 31 10 0.04029724153137948
ladder_14 31 2 error 0.036841853629421155 count 31 time 16.2
POLISH ladder_14 31 2 32 10 0.03778217946276769
ladder_14 31 3 error 0.03549894498889646 count 34 time 20.8
POLISH ladder_14 31 3 36 10 0.03548162498830721
ladder_14 32 0 error 0.024198204290865964 count 39 time 5.1
POLISH ladder_14 32 0 32 10 0.04896060056015334
ladder_14 32 1 error 0.01958133424896492 count 37 time 7.7
POLISH ladder_14 32 1 34 10 0.024515262397973067
ladder_14 32 2 error 0.009941249158303491 count 34 time 9.7
POLISH ladder_14 32 2 36 10 0.009290975188604358
ladder_14 32 3 error 0.0006492668399454682 count 37 time 12.6
POLISH ladder_14 32 3 37 10 7.114066538246464e-16
ladder_14 33 0 error 0.023380168726387936 count 35 time 6.6
POLISH ladder_14 33 0 31 9 0.040388824630737646
ladder_14 33 1 error 0.022821321480215064 count 34 time 10.0
POLISH ladder_14 33 1 33 9 0.02782430318435548
ladder_14 33 2 error 0.010595078143346245 count 34 time 13.2
POLISH ladder_14 33 2 34 9 0.01195844752824357
ladder_14 33 3 error 0.0011612136678111665 count 36 time 15.1
POLISH ladder_14 33 3 38 10 0.0004870497753040839
ladder_14 34 0 error 0.027977417372801315 count 43 time 8.7
POLISH ladder_14 34 0 35 10 0.03405680692711763
ladder_14 34 1 error 0.023209175285607876 count 36 time 12.4
POLISH ladder_14 34 1 36 10 0.02314434566939048
ladder_14 34 2 error 0.016747882139044417 count 36 time 17.0
POLISH ladder_14 34 2 38 10 0.01698540476767948
ladder_14 34 3 error 0.0020490557293766 count 37 time 25.8
POLISH ladder_14 34 3 39 10 0.001280058808522366
ladder_14 35 0 error 0.028920156267672824 count 41 time 10.3
POLISH ladder_14 35 0 34 9 0.031225620771426373
ladder_14 35 1 error 0.02597392961581742 count 33 time 16.6
POLISH ladder_14 35 1 33 9 0.031400298544465896
ladder_14 35 2 error 0.021233194112016518 count 34 time 20.9
POLISH ladder_14 35 2 38 9 0.021403133399920973
ladder_14 35 3 error 0.0007962101196241522 count 36 time 34.2
POLISH ladder_14 35 3 36 9 0.0004815848303193416
ladder_14 36 0 error 0.03495158547553756 count 39 time 11.4
POLISH ladder_14 36 0 31 9 0.05239427848548112
ladder_14 36 1 error 0.03463632753896415 count 37 time 20.3
POLISH ladder_14 36 1 35 9 0.0300870688896506
ladder_14 36 2 error 0.005917987984713626 count 35 time 32.7
POLISH ladder_14 36 2 35 9 0.002603249483656503
ladder_14 36 3 error 0.0016374652486724278 count 35 time 41.0
POLISH ladder_14 36 3 36 9 0.0017433359433883368
ladder_14 37 0 error 0.041935518973271316 count 40 time 4.6
POLISH ladder_14 37 0 33 8 0.06541507769926723
ladder_14 37 1 error 0.04322416569743823 count 35 time 6.9
POLISH ladder_14 37 1 34 8 0.04572850477186553
ladder_14 37 2 error 0.009227947066349223 count 37 time 14.0
POLISH ladder_14 37 2 37 9 0.004750892076048732
ladder_14 37 3 error 0.0009102035645201505 count 37 time 24.5
POLISH ladder_14 37 3 37 9 7.708209471650984e-16
ladder_14 38 0 error 0.03974658018885205 count 44 time 11.4
POLISH ladder_14 38 0 38 10 0.04141990700975308
ladder_14 38 1 error 0.035856833375450356 count 39 time 16.6
POLISH ladder_14 38 1 38 9 0.032990368906625656
ladder_14 38 2 error 0.03180152220723538 count 37 time 28.6
POLISH ladder_14 38 2 38 9 0.03168317995950762
ladder_14 38 3 error 0.004381736025165958 count 40 time 39.6
POLISH ladder_14 38 3 40 9 0.0027966068457561627
ladder_14 39 0 error 0.03528396526986299 count 43 time 9.7
POLISH ladder_14 39 0 35 10 0.016816574756464232
ladder_14 39 1 error 0.031063713698507134 count 40 time 15.4
POLISH ladder_14 39 1 38 10 0.03114887460577795
ladder_14 39 2 error 0.008729940724426575 count 36 time 26.5
POLISH ladder_14 39 2 37 10 0.009431839000769288
ladder_14 39 3 error 0.004400692828546675 count 37 time 37.0
POLISH ladder_14 39 3 38 10 0.004580622748851672
ladder_14 40 0 error 0.030024266182953976 count 40 time 10.5
POLISH ladder_14 40 0 36 9 0.04552454622346634
ladder_14 40 1 error 0.02513076299821342 count 35 time 18.8
POLISH ladder_14 40 1 35 9 0.022759263637293182
ladder_14 40 2 error 0.022649116535905033 count 34 time 22.8
POLISH ladder_14 40 2 34 8 0.02275926363729316
ladder_14 40 3 error 0.00016159053674031883 count 35 time 33.2
POLISH ladder_14 40 3 35 8 8.404623686358431e-16
ladder_14 41 0 error 0.03629463144960646 count 42 time 8.0
POLISH ladder_14 41 0 31 10 0.044037137087964216
ladder_14 41 1 error 0.03544380142507888 count 33 time 11.7
POLISH ladder_14 41 1 33 10 0.033064676252394946
ladder_14 41 2 error 0.023191520085949536 count 34 time 15.2
POLISH ladder_14 41 2 34 10 0.02239852998620257
ladder_14 41 3 error 0.0002464521051698635 count 36 time 27.1
POLISH ladder_14 41 3 36 10 7.435898499417963e-16
ladder_14 42 0 error 0.02862920777605908 count 45 time 11.6
POLISH ladder_14 42 0 34 10 0.03769573314968669
ladder_14 42 1 error 0.02653479546706377 count 38 time 15.8
POLISH ladder_14 42 1 36 10 0.030474095612192737
ladder_14 42 2 error 0.004964260127686961 count 37 time 21.0
POLISH ladder_14 42 2 37 10 8.342995620421205e-16
ladder_14 42 3 error 0.0002594849831567566 count 37 time 23.8
POLISH ladder_14 42 3 37 10 7.60130235453722e-16
ladder_14 43 0 error 0.06013439273208191 count 45 time 10.7
POLISH ladder_14 43 0 38 10 0.033972787020795446
ladder_14 43 1 error 0.01804548934440681 count 38 time 24.5
POLISH ladder_14 43 1 37 9 0.002321557171327418
ladder_14 43 2 error 0.0033656983850562042 count 37 time 32.9
POLISH ladder_14 43 2 37 9 0.002321557171327396
ladder_14 43 3 error 0.0008765902682881888 count 37 time 41.1
POLISH ladder_14 43 3 38 9 9.024591012968162e-16
ladder_14 44 0 error 0.03864071731332579 count 39 time 12.4
POLISH ladder_14 44 0 32 10 0.04182583307020682
ladder_14 44 1 error 0.042526924511248156 count 34 time 17.7
POLISH ladder_14 44 1 33 10 0.03800870651993019
ladder_14 44 2 error 0.0073986901394581 count 34 time 28.2
POLISH ladder_14 44 2 34 10 0.00893804623606317
ladder_14 44 3 error 0.0008774433045724275 count 35 time 34.5
POLISH ladder_14 44 3 35 10 0.0008192599023502683
ladder_14 45 0 error 0.04147146604456007 count 41 time 10.7
POLISH ladder_14 45 0 38 10 0.022393351561679996
ladder_14 45 1 error 0.025122224703215602 count 34 time 17.5
POLISH ladder_14 45 1 33 10 0.025191019741791873
ladder_14 45 2 error 0.022742804490682257 count 34 time 21.3
POLISH ladder_14 45 2 34 10 0.022398529986202568
ladder_14 45 3 error 0.0002618748837477403 count 35 time 31.1
POLISH ladder_14 45 3 35 10 9.215340021284466e-16
ladder_14 46 0 error 0.04094976664648377 count 37 time 9.0
POLISH ladder_14 46 0 34 10 0.040544870020783164
ladder_14 46 1 error 0.040213507582274044 count 33 time 12.9
POLISH ladder_14 46 1 33 10 0.040544870020782664
ladder_14 46 2 error 0.03036993155437924 count 35 time 20.7
POLISH ladder_14 46 2 38 10 8.905149337022686e-16
ladder_14 46 3 error 0.0002908599124576434 count 36 time 32.2
POLISH ladder_14 46 3 36 10 8.729955135666427e-16
ladder_14 47 0 error 0.02621746353510373 count 38 time 12.7
POLISH ladder_14 47 0 32 9 0.050121990069270775
ladder_14 47 1 error 0.022726983832124206 count 36 time 16.7
POLISH ladder_14 47 1 35 9 0.022651378567734328
ladder_14 47 2 error 0.019272936161409324 count 34 time 22.2
POLISH ladder_14 47 2 38 10 0.01829050310102047
ladder_14 47 3 error 0.0010563521735886758 count 37 time 32.1
POLISH ladder_14 47 3 37 10 0.0016763083666860464
ladder_14 48 0 error 0.01721274544558398 count 43 time 9.4
POLISH ladder_14 48 0 35 10 0.02768589396904162
ladder_14 48 1 error 0.015089553919921546 count 36 time 12.7
POLISH ladder_14 48 1 36 10 0.017320011807877244
ladder_14 48 2 error 0.011774282252589738 count 36 time 17.2
POLISH ladder_14 48 2 39 10 7.525529612719786e-16
ladder_14 48 3 error 0.001928667041914989 count 38 time 25.4
POLISH ladder_14 48 3 38 10 0.0019712042040422348
ladder_14 49 0 error 0.07132353468553064 count 39 time 6.9
POLISH ladder_14 49 0 33 9 0.0723035636043833
ladder_14 49 1 error 0.06940579739405049 count 35 time 11.6
POLISH ladder_14 49 1 33 8 0.07130226988921372
ladder_14 49 2 error 0.01725823435726483 count 40 time 23.4
POLISH ladder_14 49 2 41 9 0.012108972297011304
ladder_14 49 3 error 0.00467419002211782 count 40 time 37.1
POLISH ladder_14 49 3 45 10 8.061808661818805e-16
