ladder_16 0 0 error 0.1618401696797746 count [(0.1, 21), (0.03, 94), (0.01, 159)] time 25.6
POLISH ladder_16 0 0 15 4 1.0720792413837061
ladder_16 0 1 error 0.10189629782335176 count [(0.1, 29), (0.03, 55), (0.01, 87)] time 51.5
POLISH ladder_16 0 1 32 10 0.3484144520574261
ladder_16 0 2 error 0.07468784697037825 count [(0.1, 38), (0.03, 38), (0.01, 48)] time 80.4
POLISH ladder_16 0 2 39 11 0.09230236346867718
ladder_16 0 3 error 0.004197062865225094 count [(0.1, 42), (0.03, 45), (0.01, 45)] time 122.6
POLISH ladder_16 0 3 45 11 0.0009543240721895353
ladder_16 0 4 error 2.2334099554650853e-06 count [(0.1, 42), (0.03, 45), (0.01, 46)] time 141.4
POLISH ladder_16 0 4 46 11 9.711174805111554e-16
ladder_16 1 0 error 0.15409361800962573 count [(0.1, 22), (0.03, 84), (0.01, 151)] time 59.5
POLISH ladder_16 1 0 20 7 0.8203782218282862
ladder_16 1 1 error 0.16062576231073777 count [(0.1, 28), (0.03, 48), (0.01, 79)] time 106.9
POLISH ladder_16 1 1 29 7 0.4354891406088511
ladder_16 1 2 error 0.08269766265350023 count [(0.1, 37), (0.03, 37), (0.01, 49)] time 148.0
POLISH ladder_16 1 2 37 9 0.10971042275261726
ladder_16 1 3 error 0.006388818273890687 count [(0.1, 42), (0.03, 46), (0.01, 46)] time 187.9
POLISH ladder_16 1 3 46 11 0.00329200774099415
ladder_16 1 4 error 0.00031466278506887374 count [(0.1, 43), (0.03, 46), (0.01, 47)] time 226.3
POLISH ladder_16 1 4 47 11 0.00038164646836855214
ladder_16 2 0 error 0.07490086280112776 count [(0.1, 19), (0.03, 94), (0.01, 146)] time 40.5
POLISH ladder_16 2 0 16 6 1.1654608082105977
ladder_16 2 1 error 0.0813418963727654 count [(0.1, 27), (0.03, 40), (0.01, 66)] time 62.4
POLISH ladder_16 2 1 28 7 0.25601695693402254
ladder_16 2 2 error 0.056090437053034424 count [(0.1, 33), (0.03, 33), (0.01, 41)] time 81.1
POLISH ladder_16 2 2 34 9 0.07900711990688307
ladder_16 2 3 error 0.0043081536239891255 count [(0.1, 36), (0.03, 39), (0.01, 39)] time 102.3
POLISH ladder_16 2 3 39 11 0.005203925429685012
ladder_16 2 4 error 1.9592538598856653e-06 count [(0.1, 36), (0.03, 39), (0.01, 40)] time 123.9
POLISH ladder_16 2 4 40 11 8.389299883274316e-16
