irregular_18 FROZEN [3, 11, 15] [ 1.00000000e+00+1.54774941e-17j  5.86109057e-17+4.95327897e-18j
 -9.92388934e-17-1.85189087e-17j] error 1.7585606750234655e-16
reduced_irregular_18 30 0 error 0.0493866000429378 count 55 time 10.2
POLISH reduced_irregular_18 30 0 44 11 0.06286934455348432
reduced_irregular_18 30 1 error 0.04433585395325076 count 46 time 17.0
POLISH reduced_irregular_18 30 1 46 11 0.03942299987629219
reduced_irregular_18 30 2 error 0.03788044101871291 count 46 time 24.6
POLISH reduced_irregular_18 30 2 48 11 0.03757976786103328
reduced_irregular_18 30 3 error 0.003114741398573623 count 56 time 34.4
POLISH reduced_irregular_18 30 3 56 11 4.476673985199292e-05
reduced_irregular_18 31 0 error 0.13137579455172743 count 48 time 8.6
POLISH reduced_irregular_18 31 0 44 11 0.13317403343326295
reduced_irregular_18 31 1 error 0.1307252232409755 count 46 time 13.1
POLISH reduced_irregular_18 31 1 45 11 0.1292096619735317
reduced_irregular_18 31 2 error 0.09157789816524699 count 47 time 24.3
POLISH reduced_irregular_18 31 2 47 11 0.09129055517024755
reduced_irregular_18 31 3 error 0.08960845725623795 count 48 time 36.2
POLISH reduced_irregular_18 31 3 48 11 0.08782287482547022
reduced_irregular_18 32 0 error 0.08269883535560096 count 52 time 11.4
POLISH reduced_irregular_18 32 0 44 11 0.08137782232931798
reduced_irregular_18 32 1 error 0.0830015692224559 count 47 time 18.8
POLISH reduced_irregular_18 32 1 46 11 0.07641096929846794
reduced_irregular_18 32 2 error 0.06713081503465791 count 49 time 28.2
POLISH reduced_irregular_18 32 2 50 11 0.044827618075394295
reduced_irregular_18 32 3 error 0.0019163059379663006 count 60 time 38.8
POLISH reduced_irregular_18 32 3 60 11 1.8983640262276078e-10
reduced_irregular_18 33 0 error 0.059239564919579484 count 50 time 11.4
POLISH reduced_irregular_18 33 0 43 11 0.06257515360938548
reduced_irregular_18 33 1 error 0.05739514528489982 count 47 time 19.0
POLISH reduced_irregular_18 33 1 44 11 0.05995154597698778
reduced_irregular_18 33 2 error 0.03937267389807032 count 48 time 32.6
POLISH reduced_irregular_18 33 2 48 11 0.038946501700956544
reduced_irregular_18 33 3 error 0.00394801552617756 count 57 time 48.3
POLISH reduced_irregular_18 33 3 57 11 0.0014078798940331198
reduced_irregular_18 34 0 error 0.06087662063071993 count 49 time 12.2
POLISH reduced_irregular_18 34 0 45 10 0.05785586596353317
reduced_irregular_18 34 1 error 0.05706127331314255 count 45 time 16.6
POLISH reduced_irregular_18 34 1 44 10 0.055793163797081144
reduced_irregular_18 34 2 error 0.05322418900390296 count 45 time 20.5
POLISH reduced_irregular_18 34 2 46 10 0.05285810415003404
reduced_irregular_18 34 3 error 0.026515974039815756 count 52 time 34.7
POLISH reduced_irregular_18 34 3 54 11 0.026387372730980786
reduced_irregular_18 35 0 error 0.035887784608866775 count 50 time 13.6
POLISH reduced_irregular_18 35 0 43 11 0.029421528719145034
reduced_irregular_18 35 1 error 0.031125961719981866 count 43 time 24.2
POLISH reduced_irregular_18 35 1 43 11 0.028754461294130194
reduced_irregular_18 35 2 error 0.020446431076759898 count 44 time 35.6
POLISH reduced_irregular_18 35 2 46 11 0.014591114379503743
reduced_irregular_18 35 3 error 0.0053397804155415046 count 44 time 49.0
POLISH reduced_irregular_18 35 3 46 11 0.0006008470148627413
reduced_irregular_18 36 0 error 0.055127610362509655 count 54 time 13.5
POLISH reduced_irregular_18 36 0 48 11 0.026373130402952336
reduced_irregular_18 36 1 error 0.041506813695407506 count 47 time 24.9
POLISH reduced_irregular_18 36 1 47 11 0.03555034496657538
reduced_irregular_18 36 2 error 0.0234435714080242 count 48 time 39.4
POLISH reduced_irregular_18 36 2 49 11 0.022143795622391806
reduced_irregular_18 36 3 error 0.005151947377234328 count 52 time 53.3
POLISH reduced_irregular_18 36 3 54 11 0.00421284065161677
reduced_irregular_18 37 0 error 0.04547020487595822 count 53 time 14.1
POLISH reduced_irregular_18 37 0 49 11 0.04013816324186054
reduced_irregular_18 37 1 error 0.03962332539880228 count 51 time 19.7
POLISH reduced_irregular_18 37 1 50 11 0.032945395816739026
reduced_irregular_18 37 2 error 0.02591798172958535 count 50 time 26.8
POLISH reduced_irregular_18 37 2 51 11 0.025323548514215366
reduced_irregular_18 37 3 error 0.007092703487795337 count 54 time 39.7
POLISH reduced_irregular_18 37 3 55 11 0.005768092000507222
reduced_irregular_18 38 0 error 0.04335112605679125 count 51 time 11.6
POLISH reduced_irregular_18 38 0 44 11 0.023179124988628494
reduced_irregular_18 38 1 error 0.02868918382032744 count 44 time 18.4
POLISH reduced_irregular_18 38 1 43 11 0.0240762885812785
reduced_irregular_18 38 2 error 0.020804239918679215 count 43 time 26.9
POLISH reduced_irregular_18 38 2 46 11 0.01811013828024098
reduced_irregular_18 38 3 error 0.01009678194045348 count 47 time 41.1
POLISH reduced_irregular_18 38 3 48 11 0.010126779436515427
reduced_irregular_18 39 0 error 0.069247904213909 count 48 time 8.9
POLISH reduced_irregular_18 39 0 42 11 0.07829733623408522
reduced_irregular_18 39 1 error 0.06875528543733969 count 45 time 12.9
POLISH reduced_irregular_18 39 1 45 11 0.06859147681904655
reduced_irregular_18 39 2 error 0.03696297086493753 count 47 time 22.2
POLISH reduced_irregular_18 39 2 48 11 0.03674259377330383
reduced_irregular_18 39 3 error 0.0023559120895085255 count 55 time 35.5
POLISH reduced_irregular_18 39 3 55 11 0.001237588791717923
SOLVED EXPANDED irregular_18 39 12
