irregular_18 FROZEN [3, 11, 15] [ 1.00000000e+00+1.54774941e-17j  5.86109057e-17+4.95327897e-18j
 -9.92388934e-17-1.85189087e-17j] error 1.7585606750234655e-16
reduced_irregular_18 10 0 error 0.06516724556139432 count 50 time 8.0
POLISH reduced_irregular_18 10 0 43 10 0.061964504385852576
reduced_irregular_18 10 1 error 0.06015339150398317 count 45 time 18.4
POLISH reduced_irregular_18 10 1 44 11 0.057879063593502846
reduced_irregular_18 10 2 error 0.03362380958519588 count 48 time 26.9
POLISH reduced_irregular_18 10 2 49 11 0.029850381389540073
reduced_irregular_18 10 3 error 0.011680454812700306 count 51 time 36.6
POLISH reduced_irregular_18 10 3 52 11 0.011640250616972457
reduced_irregular_18 11 0 error 0.07079395740132916 count 53 time 9.9
POLISH reduced_irregular_18 11 0 44 11 0.0703259438294584
reduced_irregular_18 11 1 error 0.0695513408032419 count 49 time 16.6
POLISH reduced_irregular_18 11 1 47 11 0.045256836605455264
reduced_irregular_18 11 2 error 0.015499861423377963 count 48 time 27.1
POLISH reduced_irregular_18 11 2 52 11 0.012492151320010948
reduced_irregular_18 11 3 error 0.007613285761989568 count 52 time 37.1
POLISH reduced_irregular_18 11 3 53 11 0.007620691993850491
reduced_irregular_18 12 0 error 0.058598645261256556 count 48 time 9.6
POLISH reduced_irregular_18 12 0 43 10 0.060738805919342206
reduced_irregular_18 12 1 error 0.05695233201644532 count 45 time 14.3
POLISH reduced_irregular_18 12 1 45 10 0.05943982818627856
reduced_irregular_18 12 2 error 0.018419508019907712 count 43 time 24.2
POLISH reduced_irregular_18 12 2 46 10 0.015314518328000242
reduced_irregular_18 12 3 error 0.006305979385249063 count 47 time 33.9
POLISH reduced_irregular_18 12 3 52 10 0.005569250246695666
reduced_irregular_18 13 0 error 0.11088919093990708 count 51 time 6.4
POLISH reduced_irregular_18 13 0 41 9 0.11404559032830015
reduced_irregular_18 13 1 error 0.10148288524357041 count 45 time 9.3
POLISH reduced_irregular_18 13 1 44 11 0.08992688050103854
reduced_irregular_18 13 2 error 0.048129394122595016 count 49 time 19.3
POLISH reduced_irregular_18 13 2 49 10 0.04555807677423299
reduced_irregular_18 13 3 error 0.022351580050479252 count 53 time 29.5
POLISH reduced_irregular_18 13 3 54 11 0.020190325254065198
reduced_irregular_18 14 0 error 0.06630055303446744 count 50 time 11.0
POLISH reduced_irregular_18 14 0 44 11 0.04093334747896475
reduced_irregular_18 14 1 error 0.05677750654629543 count 44 time 17.1
POLISH reduced_irregular_18 14 1 44 11 0.05091144414026796
reduced_irregular_18 14 2 error 0.02105472889511434 count 47 time 26.5
POLISH reduced_irregular_18 14 2 48 11 0.021928392657384322
reduced_irregular_18 14 3 error 0.0032591383936550577 count 48 time 36.6
POLISH reduced_irregular_18 14 3 49 11 0.003636488360269181
reduced_irregular_18 15 0 error 0.05055649437031307 count 53 time 11.7
POLISH reduced_irregular_18 15 0 50 11 0.024136497728950598
reduced_irregular_18 15 1 error 0.04194502184329322 count 51 time 18.8
POLISH reduced_irregular_18 15 1 50 11 0.03161780522688694
reduced_irregular_18 15 2 error 0.019698172125712125 count 49 time 29.1
POLISH reduced_irregular_18 15 2 49 11 0.01968134435651042
reduced_irregular_18 15 3 error 0.004488091159614953 count 54 time 39.7
POLISH reduced_irregular_18 15 3 56 11 8.425368202667577e-16
reduced_irregular_18 16 0 error 0.07183701815073228 count 51 time 10.6
POLISH reduced_irregular_18 16 0 45 11 0.06893090140909942
reduced_irregular_18 16 1 error 0.06850364285394783 count 44 time 13.6
POLISH reduced_irregular_18 16 1 44 11 0.06914830486973664
reduced_irregular_18 16 2 error 0.04203736477216588 count 47 time 24.6
POLISH reduced_irregular_18 16 2 49 11 0.04018306342551432
reduced_irregular_18 16 3 error 0.0016205266913457519 count 56 time 36.6
POLISH reduced_irregular_18 16 3 57 11 1.5610466983553065e-12
reduced_irregular_18 17 0 error 0.07895931224338458 count 52 time 11.3
POLISH reduced_irregular_18 17 0 44 10 0.07976612779276429
reduced_irregular_18 17 1 error 0.07529513859891147 count 47 time 16.7
POLISH reduced_irregular_18 17 1 46 10 0.0522314960101238
reduced_irregular_18 17 2 error 0.028982445639911664 count 47 time 28.1
POLISH reduced_irregular_18 17 2 48 11 0.025959379730173194
reduced_irregular_18 17 3 error 0.0017106229998471382 count 52 time 39.3
POLISH reduced_irregular_18 17 3 52 11 0.00021038695848451353
reduced_irregular_18 18 0 error 0.06347478552342331 count 51 time 11.0
POLISH reduced_irregular_18 18 0 46 11 0.04520237992503839
reduced_irregular_18 18 1 error 0.058275450245234416 count 50 time 18.7
POLISH reduced_irregular_18 18 1 50 11 0.016213864505839448
reduced_irregular_18 18 2 error 0.020715980215288563 count 47 time 30.8
POLISH reduced_irregular_18 18 2 49 11 0.018472874723658113
reduced_irregular_18 18 3 error 0.0007882085238279397 count 48 time 43.0
POLISH reduced_irregular_18 18 3 48 11 9.557520476550134e-16
reduced_irregular_18 19 0 error 0.052595722851297114 count 54 time 8.7
POLISH reduced_irregular_18 19 0 46 11 0.04686037151308821
reduced_irregular_18 19 1 error 0.0520435648913015 count 46 time 13.9
POLISH reduced_irregular_18 19 1 46 11 0.03819348004128833
reduced_irregular_18 19 2 error 0.03650750237201938 count 46 time 22.3
POLISH reduced_irregular_18 19 2 49 11 0.030978848171453906
reduced_irregular_18 19 3 error 0.0013914520196288353 count 53 time 33.8
POLISH reduced_irregular_18 19 3 54 11 7.862443754948065e-16
