TRIAL ladder_16 0 0.0027371216778141272 time 0.5
TRIAL ladder_16 20 0.0027371216778141272 time 11.9
TRIAL ladder_16 40 0.0027371216778141272 time 24.4
TRIAL ladder_16 60 0.0027371216778141272 time 35.3
TRIAL ladder_16 80 0.0027371216778141272 time 49.1
TRIAL ladder_16 100 0.0027371216778141272 time 59.7
TRIAL ladder_16 120 0.0027371216778141272 time 73.2
TRIAL ladder_16 140 0.0027371216778141272 time 83.1
TRIAL ladder_16 160 0.0027371216778141272 time 95.7
TRIAL ladder_16 180 0.0027371216778141272 time 104.7
TRIAL ladder_16 200 0.0027371216778141272 time 115.1
TRIAL ladder_16 220 0.0027371216778141272 time 126.3
TRIAL ladder_16 240 0.0027371216778141272 time 139.3
TRIAL ladder_16 260 0.0027371216778141272 time 150.9
TRIAL ladder_16 280 0.0027371216778141272 time 159.7
TRIAL ladder_16 300 0.0027371216778141272 time 170.7
TRIAL ladder_16 320 0.0027371216778141272 time 180.4
TRIAL ladder_16 340 0.0027371216778141272 time 192.4
TRIAL ladder_16 360 0.0027371216778141272 time 207.0
TRIAL ladder_16 380 0.0027371216778141272 time 217.5
