gradient_error 1.2016964482416785e-10
hessian_error 9.702280819035014e-11
physical_gradient_error 2.187772740747107e-08
baseline {'parent_micro': 0.08086149838604229, 'tail_micro': 0.0015640941875005865, 'ratio': 0.01934287910463169, 'physical': [0.9857154097519659, 0.9742177165525243, 0.9657140146540568], 'robust_parent_micro': 0.14438807293154765, 'robust_factor': 0.00010832571941327185}
hessian_seconds 0.026672268266944837
{"parent_micro": 1.0545734343558877, "tail_micro": 99.8847389110935, "ratio": 94.71577384471202, "physical": [0.9814108869549467, 0.6936326180333445, 0.9657140146540568], "robust_parent_micro": 14.811761477602854, "robust_factor": 0.06743609736230975, "run": 0, "nfev": 44, "cost": 2.2604569291049508, "seconds": 0.813140842015855}
{"parent_micro": 0.17007662966861403, "tail_micro": 99.99960495044036, "ratio": 587.9679362489995, "physical": [0.9816808772971424, 0.7832025130616103, 0.9657140146540568], "robust_parent_micro": 10.69805004256662, "robust_factor": 0.09347460944055275, "run": 1, "nfev": 180, "cost": 0.01934488251258324, "seconds": 3.2773506140802056}
{"parent_micro": 8.404948376838917, "tail_micro": 94.56063189317021, "ratio": 11.250590444284711, "physical": [0.9791650790039872, 0.7425914279495212, 0.9657140146540568], "robust_parent_micro": 24.68435216225399, "robust_factor": 0.03830792530896044, "run": 2, "nfev": 180, "cost": 216.8728068147679, "seconds": 5.863782271975651}
{"parent_micro": 0.6585612277731911, "tail_micro": 99.9914044141903, "ratio": 151.83311770766346, "physical": [0.9859974841413596, 0.6155266414002156, 0.9657140146540568], "robust_parent_micro": 24.18667140431565, "robust_factor": 0.041341531764618404, "run": 3, "nfev": 82, "cost": 0.29891168027982196, "seconds": 6.993746121996082}
{"parent_micro": 0.6333070263764284, "tail_micro": 99.99705923480207, "ratio": 157.89665212930274, "physical": [0.9809132962042123, 0.8619847974818433, 0.9657140146540568], "robust_parent_micro": 7.490568341430818, "robust_factor": 0.13349729243068495, "run": 4, "nfev": 120, "cost": 0.20576237279236684, "seconds": 9.08928796206601}
{"parent_micro": 0.4819773846698183, "tail_micro": 99.99374635061287, "ratio": 207.46563953226607, "physical": [0.9810688873700346, 0.7328583461687121, 0.9657140146540568], "robust_parent_micro": 22.866134165298277, "robust_factor": 0.043730061945653986, "run": 5, "nfev": 180, "cost": 0.1812259569806507, "seconds": 12.068025827058591}
{"parent_micro": 2.0509595652917767, "tail_micro": 99.68697092821444, "ratio": 48.60503961911731, "physical": [0.981660994204496, 0.8146020475399864, 0.9657140146540568], "robust_parent_micro": 6.863382316718928, "robust_factor": 0.1452446713996697, "run": 6, "nfev": 44, "cost": 7.743981302572641, "seconds": 12.560620228992775}
{"parent_micro": 4.544106075421439, "tail_micro": 99.22987185273513, "ratio": 21.837050061277925, "physical": [0.9843039003001843, 0.7386493742399995, 0.9657140146540568], "robust_parent_micro": 13.844521018356945, "robust_factor": 0.07167447087635802, "run": 7, "nfev": 30, "cost": 20.42351115705777, "seconds": 12.934310339973308}
{"parent_micro": 0.8900815391399419, "tail_micro": 99.99780084690713, "ratio": 112.34678672645192, "physical": [0.9819293412010551, 0.6473478188703199, 0.9657140146540568], "robust_parent_micro": 22.146119466007267, "robust_factor": 0.04515364463756131, "run": 8, "nfev": 56, "cost": 0.43481021301098005, "seconds": 13.579381780000404}
{"parent_micro": 1.8464009805541082, "tail_micro": 99.73158909826196, "ratio": 54.01404686664125, "physical": [0.9798163014576511, 0.8646509504115945, 0.9657140146540568], "robust_parent_micro": 9.469956809938811, "robust_factor": 0.105313668372376, "run": 9, "nfev": 31, "cost": 4.046845117375062, "seconds": 13.989840373047628}
{"parent_micro": 5.872607094836724, "tail_micro": 99.89451116965142, "ratio": 17.010249375865797, "physical": [0.9823100624842905, 0.5321450521805016, 0.9657140146540568], "robust_parent_micro": 21.372181880545586, "robust_factor": 0.04674043657684862, "run": 10, "nfev": 134, "cost": 20.490229843864263, "seconds": 15.464830273995176}
{"parent_micro": 1.0831526204846398, "tail_micro": 99.93690883458584, "ratio": 92.26484517931611, "physical": [0.983598078972673, 0.5566271980613231, 0.9657140146540568], "robust_parent_micro": 12.611846617529094, "robust_factor": 0.07924050447591426, "run": 11, "nfev": 58, "cost": 1.1914922409047792, "seconds": 16.108470486011356}
{"parent_micro": 1.2983173287572924, "tail_micro": 99.98817497258727, "ratio": 77.01366434683017, "physical": [0.9819973912191563, 0.6724564613701447, 0.9657140146540568], "robust_parent_micro": 16.89607473580262, "robust_factor": 0.05917834558384929, "run": 12, "nfev": 119, "cost": 1.4117595668779561, "seconds": 18.1524842469953}
{"parent_micro": 1.6463579153302987, "tail_micro": 99.79751473609966, "ratio": 60.61714394350143, "physical": [0.9822855556468266, 0.8931822096471138, 0.9657140146540568], "robust_parent_micro": 26.754972847795358, "robust_factor": 0.037300547940687996, "run": 13, "nfev": 45, "cost": 2.7685278147009713, "seconds": 18.783728535985574}
{"parent_micro": 0.09170135273350866, "tail_micro": 99.99964479767698, "ratio": 1090.4925807177983, "physical": [0.9814794491506287, 0.662621898053116, 0.9657140146540568], "robust_parent_micro": 29.246695441910326, "robust_factor": 0.03419177561317855, "run": 14, "nfev": 180, "cost": 0.008588915548839173, "seconds": 21.841670005000196}
{"parent_micro": 3.722022043906037, "tail_micro": 98.91397823125203, "ratio": 26.575333800937887, "physical": [0.979804379197726, 0.8263410189648992, 0.9657140146540568], "robust_parent_micro": 9.382610188978642, "robust_factor": 0.10542266622932084, "run": 15, "nfev": 31, "cost": 30.972581643318467, "seconds": 22.27193810499739}
{"parent_micro": 2.826516237952603, "tail_micro": 99.79943447202544, "ratio": 35.30828273051617, "physical": [0.9800821660668009, 0.5915916693537326, 0.9657140146540568], "robust_parent_micro": 33.637552996136584, "robust_factor": 0.029669053062060677, "run": 16, "nfev": 41, "cost": 12.181688771268977, "seconds": 22.980978099047206}
{"parent_micro": 5.251606350675786, "tail_micro": 99.37414581839832, "ratio": 18.922618944127578, "physical": [0.981999388667715, 0.49248940849124834, 0.9657140146540568], "robust_parent_micro": 24.628638029977047, "robust_factor": 0.04034902201958706, "run": 17, "nfev": 52, "cost": 38.138656090763284, "seconds": 23.845532349077985}
{"parent_micro": 2.822685527092972, "tail_micro": 99.8180700086948, "ratio": 35.36280221463262, "physical": [0.980090720821289, 0.5930199284962221, 0.9657140146540568], "robust_parent_micro": 33.639491497344295, "robust_factor": 0.02967288313991757, "run": 18, "nfev": 34, "cost": 12.049550188640165, "seconds": 24.518464356078766}
{"parent_micro": 8.80116031387601, "tail_micro": 98.34174206568846, "ratio": 11.173724663399408, "physical": [0.980295446048236, 0.7585987620562733, 0.9657140146540568], "robust_parent_micro": 17.24182453029062, "robust_factor": 0.05703673755229364, "run": 19, "nfev": 22, "cost": 92.73896379031686, "seconds": 24.878611342050135}
{"parent_micro": 0.15887679483128636, "tail_micro": 99.99969789609153, "ratio": 629.416636975102, "physical": [0.9820908988222613, 0.9137163378782018, 0.9657140146540568], "robust_parent_micro": 18.52042808553488, "robust_factor": 0.05399426915741482, "run": 20, "nfev": 180, "cost": 0.016704925656325104, "seconds": 28.434498919988982}
{"parent_micro": 0.9265707672234669, "tail_micro": 99.91223800076554, "ratio": 107.83012106043388, "physical": [0.9818723798218355, 0.5876767495326951, 0.9657140146540568], "robust_parent_micro": 42.434315036901666, "robust_factor": 0.023545151586370612, "run": 21, "nfev": 43, "cost": 1.9845833809279985, "seconds": 29.665633584023453}
{"parent_micro": 0.6649056873975212, "tail_micro": 99.99743134869732, "ratio": 150.39340652971848, "physical": [0.9826739789808244, 0.5826357586148898, 0.9657140146540568], "robust_parent_micro": 24.391191974753863, "robust_factor": 0.04099735324628653, "run": 22, "nfev": 180, "cost": 0.36714984661517824, "seconds": 33.69496565905865}
{"parent_micro": 0.12346817257480325, "tail_micro": 100.00024967915522, "ratio": 809.9273488361547, "physical": [0.9817681100112532, 0.9638223879098851, 0.9657140146540568], "robust_parent_micro": 13.105552178994396, "robust_factor": 0.07630353809912732, "run": 23, "nfev": 180, "cost": 0.010714358987198606, "seconds": 36.696381194051355}
