sector 0 sweep 1 bond 16 energy -88.98736620334704 discarded 3.3306690738754696e-16 seconds 0.32
sector 1 sweep 1 bond 16 energy -88.28233457256457 discarded 2.220446049250313e-16 seconds 0.32
sector 0 sweep 2 bond 32 energy -89.31348041530234 discarded 3.907700806138337e-05 seconds 0.97
sector 1 sweep 2 bond 32 energy -89.00037926433191 discarded 0.00011539525275849893 seconds 1.04
sector 0 sweep 3 bond 48 energy -89.32656377943445 discarded 1.4573772016635012e-05 seconds 1.87
sector 1 sweep 3 bond 48 energy -89.03381620370655 discarded 3.42306268121817e-05 seconds 2.12
sector 0 sweep 1 bond 16 energy -88.98736620334711 discarded 4.440892098500626e-16 seconds 0.32
sector 1 sweep 1 bond 16 energy -88.28233457256465 discarded 2.220446049250313e-16 seconds 0.29
sector 0 sweep 2 bond 32 energy -89.3134804153024 discarded 3.907700806149439e-05 seconds 0.84
sector 1 sweep 2 bond 32 energy -89.00037926433181 discarded 0.00011539525275816587 seconds 0.94
sector 0 sweep 3 bond 48 energy -89.32656377943457 discarded 1.457377201652399e-05 seconds 1.84
sector 1 sweep 3 bond 48 energy -89.03381620370612 discarded 3.423062681173761e-05 seconds 1.98
sector 0 sweep 1 bond 64 energy -89.32929195124777 discarded 5.3218257393128354e-06 seconds 2.01
sector 1 sweep 1 bond 64 energy -89.03909857592835 discarded 1.622593254335669e-05 seconds 2.59
sector 0 sweep 2 bond 96 energy -89.33042825187502 discarded 1.0975495694509618e-06 seconds 5.11
sector 1 sweep 2 bond 96 energy -89.04200733573131 discarded 2.9266570171770923e-06 seconds 5.69
sector 0 sweep 3 bond 128 energy -89.33061206580497 discarded 2.992719854155723e-07 seconds 12.05
sector 1 sweep 3 bond 128 energy -89.04247477909277 discarded 8.46434517254302e-07 seconds 16.9
sector 0 sweep 4 bond 160 energy -89.33065366485498 discarded 9.852295534962252e-08 seconds 20.54
sector 1 sweep 4 bond 160 energy -89.04258156418472 discarded 3.352362863973113e-07 seconds 25.56
sector 0 sweep 5 bond 192 energy -89.33066762424913 discarded 3.351200006385113e-08 seconds 22.25
sector 1 sweep 5 bond 192 energy -89.04261776917976 discarded 1.3976896495737634e-07 seconds 26.94
sector 0 sweep 6 bond 224 energy -89.33067094301853 discarded 1.6672429548059142e-08 seconds 28.92
sector 1 sweep 6 bond 224 energy -89.04263180925967 discarded 6.296400434369076e-08 seconds 35.77
sector 0 sweep 7 bond 256 energy -89.33067251717131 discarded 8.416741081873624e-09 seconds 42.04
sector 1 sweep 7 bond 256 energy -89.04263756789385 discarded 2.9383718902487033e-08 seconds 45.39
sector 0 sweep 8 bond 288 energy -89.33067326208317 discarded 4.7565662519843954e-09 seconds 51.73
sector 1 sweep 8 bond 288 energy -89.04264004969347 discarded 1.5346974358010357e-08 seconds 53.04
sector 0 sweep 9 bond 320 energy -89.33067368673805 discarded 2.614466088068923e-09 seconds 63.18
sector 1 sweep 9 bond 320 energy -89.0426412765945 discarded 8.586751421013616e-09 seconds 63.15
sector 0 sweep 10 bond 320 energy -89.3306736866818 discarded 2.6180336787362535e-09 seconds 62.79
sector 1 sweep 10 bond 320 energy -89.04264127613345 discarded 8.606343526729177e-09 seconds 64.11
sector 0 sweep 11 bond 320 energy -89.33067368668183 discarded 2.618050110037018e-09 seconds 70.94
sector 1 sweep 11 bond 320 energy -89.0426412761282 discarded 8.606520385257e-09 seconds 68.51
sector 0 sweep 12 bond 320 energy -89.3306736866816 discarded 2.6180504431039253e-09 seconds 67.98
sector 1 sweep 12 bond 320 energy -89.04264127612812 discarded 8.60652360490377e-09 seconds 66.35
sector 0 sweep 13 bond 320 energy -89.33067368668132 discarded 2.618050110037018e-09 seconds 68.85
