5 6 2.0 2.355752 {'reward_variance': 0.1188243, 'gradient_infinity': 0.0070794, 'entropy': 4.040953, 'energy_error_per_spin': 0.0064323, 'target_sector_mass': 0.4346708, 'proposal_sector_mass': 0.0023569, 'core_score': 0.4207893}
10 11 6.8 2.3324922 {'reward_variance': 0.1166769, 'gradient_infinity': 0.007003, 'entropy': 4.039629, 'energy_error_per_spin': 0.0065381, 'target_sector_mass': 0.4346708, 'proposal_sector_mass': 0.0023304, 'core_score': 0.42839}
15 16 9.9 2.2948226 {'reward_variance': 0.1147528, 'gradient_infinity': 0.0068861, 'entropy': 4.0394233, 'energy_error_per_spin': 0.0065404, 'target_sector_mass': 0.4346708, 'proposal_sector_mass': 0.0022948, 'core_score': 0.4356615}
20 21 16.5 2.2903751 {'reward_variance': 0.1145224, 'gradient_infinity': 0.0068711, 'entropy': 4.038809, 'energy_error_per_spin': 0.0065673, 'target_sector_mass': 0.4346708, 'proposal_sector_mass': 0.0022904, 'core_score': 0.4365959}
25 26 20.3 2.2889324 {'reward_variance': 0.1144555, 'gradient_infinity': 0.006867, 'entropy': 4.0386628, 'energy_error_per_spin': 0.0065896, 'target_sector_mass': 0.4346708, 'proposal_sector_mass': 0.0022888, 'core_score': 0.4368508}
30 31 22.3 2.288727 {'reward_variance': 0.1144372, 'gradient_infinity': 0.0068662, 'entropy': 4.038571, 'energy_error_per_spin': 0.0065931, 'target_sector_mass': 0.4346708, 'proposal_sector_mass': 0.0022887, 'core_score': 0.4369208}
35 36 24.2 2.2886552 {'reward_variance': 0.114433, 'gradient_infinity': 0.006866, 'entropy': 4.0386924, 'energy_error_per_spin': 0.006584, 'target_sector_mass': 0.4346708, 'proposal_sector_mass': 0.0022887, 'core_score': 0.4369371}
40 41 27.3 2.288641 {'reward_variance': 0.1144321, 'gradient_infinity': 0.0068659, 'entropy': 4.0387574, 'energy_error_per_spin': 0.0065817, 'target_sector_mass': 0.4346708, 'proposal_sector_mass': 0.0022886, 'core_score': 0.4369404}
45 46 32.4 2.288635 {'reward_variance': 0.1144318, 'gradient_infinity': 0.0068659, 'entropy': 4.0387645, 'energy_error_per_spin': 0.0065811, 'target_sector_mass': 0.4346708, 'proposal_sector_mass': 0.0022886, 'core_score': 0.4369415}
50 51 36.1 2.2886317 {'reward_variance': 0.1144316, 'gradient_infinity': 0.0068659, 'entropy': 4.0387724, 'energy_error_per_spin': 0.0065804, 'target_sector_mass': 0.4346708, 'proposal_sector_mass': 0.0022886, 'core_score': 0.4369423}
55 56 40.1 2.2886285 {'reward_variance': 0.1144314, 'gradient_infinity': 0.0068659, 'entropy': 4.0387649, 'energy_error_per_spin': 0.0065813, 'target_sector_mass': 0.4346708, 'proposal_sector_mass': 0.0022886, 'core_score': 0.4369429}
60 61 42.1 2.288628 {'reward_variance': 0.1144314, 'gradient_infinity': 0.0068659, 'entropy': 4.0387707, 'energy_error_per_spin': 0.0065808, 'target_sector_mass': 0.4346708, 'proposal_sector_mass': 0.0022886, 'core_score': 0.436943}
65 66 45.1 2.2886277 {'reward_variance': 0.1144314, 'gradient_infinity': 0.0068659, 'entropy': 4.0387765, 'energy_error_per_spin': 0.0065805, 'target_sector_mass': 0.4346708, 'proposal_sector_mass': 0.0022886, 'core_score': 0.4369431}
70 71 47.0 2.2886274 {'reward_variance': 0.1144314, 'gradient_infinity': 0.0068659, 'entropy': 4.0387873, 'energy_error_per_spin': 0.0065799, 'target_sector_mass': 0.4346708, 'proposal_sector_mass': 0.0022886, 'core_score': 0.4369431}
75 76 48.9 2.2886273 {'reward_variance': 0.1144314, 'gradient_infinity': 0.0068659, 'entropy': 4.0387897, 'energy_error_per_spin': 0.0065798, 'target_sector_mass': 0.4346708, 'proposal_sector_mass': 0.0022886, 'core_score': 0.4369431}
80 81 50.7 2.2886273 {'reward_variance': 0.1144314, 'gradient_infinity': 0.0068659, 'entropy': 4.0387926, 'energy_error_per_spin': 0.0065796, 'target_sector_mass': 0.4346708, 'proposal_sector_mass': 0.0022886, 'core_score': 0.4369431}
85 86 52.6 2.2886273 {'reward_variance': 0.1144314, 'gradient_infinity': 0.0068659, 'entropy': 4.0387935, 'energy_error_per_spin': 0.0065795, 'target_sector_mass': 0.4346708, 'proposal_sector_mass': 0.0022886, 'core_score': 0.4369431}
Optimization terminated successfully    (Exit mode 0)
            Current function value: 2.288627311895265
            Iterations: 85
            Function evaluations: 86
            Gradient evaluations: 85
{
  "entropy": 4.038793480685509,
  "reverse_kl": 2.121869512140968,
  "reward_variance": 0.1144313655963531,
  "gradient_infinity": 0.00686588193584256,
  "energy_error_per_spin": 0.006579537111408809,
  "target_sector_mass": 0.43467078385152397,
  "proposal_sector_mass": 0.0022886273118863406,
  "gate_scores": {
    "entropy": 1.0,
    "reverse_kl": 1.0,
    "reward_variance": 0.43694313826832015,
    "gradient_infinity": 0.43694313826441433,
    "energy_error_per_spin": 1.0,
    "target_sector_mass": 1.0,
    "proposal_sector_mass": 0.4369431382760946
  },
  "core_score": 0.43694313826441433,
  "frustrated": 12,
  "row_l1_max": 4.595119850133021,
  "normalization": 1.0000000000000002,
  "symmetry_error": 0.0,
  "mean_energy_q": -15.529713874995643,
  "mean_energy_p": -15.424441281213113,
  "ground_energy": -16.0,
  "ground_degeneracy": 256,
  "passed": false
}
