5 6 2.4 2.0677302 {'reward_variance': 0.1126885, 'gradient_infinity': 0.0064446, 'entropy': 3.5634005, 'energy_error_per_spin': 0.0178839, 'target_sector_mass': 0.3688771, 'proposal_sector_mass': 0.0008332, 'core_score': 0.4437011}
10 11 4.6 1.9326185 {'reward_variance': 0.0968503, 'gradient_infinity': 0.0058176, 'entropy': 3.5762072, 'energy_error_per_spin': 0.0173055, 'target_sector_mass': 0.3688771, 'proposal_sector_mass': 0.0008594, 'core_score': 0.515675}
15 16 6.7 1.9270797 {'reward_variance': 0.0963865, 'gradient_infinity': 0.0057819, 'entropy': 3.5750683, 'energy_error_per_spin': 0.0173703, 'target_sector_mass': 0.3688771, 'proposal_sector_mass': 0.0008726, 'core_score': 0.5187449}
20 21 8.8 1.9200229 {'reward_variance': 0.0960409, 'gradient_infinity': 0.0057627, 'entropy': 3.5762828, 'energy_error_per_spin': 0.0172852, 'target_sector_mass': 0.3688771, 'proposal_sector_mass': 0.0009177, 'core_score': 0.5205876}
25 26 10.9 1.9140934 {'reward_variance': 0.0957086, 'gradient_infinity': 0.0057425, 'entropy': 3.5760778, 'energy_error_per_spin': 0.0173136, 'target_sector_mass': 0.3688771, 'proposal_sector_mass': 0.0009586, 'core_score': 0.522419}
30 31 13.9 1.9137132 {'reward_variance': 0.0956862, 'gradient_infinity': 0.0057412, 'entropy': 3.5762898, 'energy_error_per_spin': 0.0173042, 'target_sector_mass': 0.3688771, 'proposal_sector_mass': 0.0009716, 'core_score': 0.5225414}
35 36 16.8 1.9135992 {'reward_variance': 0.0956801, 'gradient_infinity': 0.0057408, 'entropy': 3.5763721, 'energy_error_per_spin': 0.0172994, 'target_sector_mass': 0.3688771, 'proposal_sector_mass': 0.0009678, 'core_score': 0.5225748}
40 41 21.1 1.9135465 {'reward_variance': 0.0956774, 'gradient_infinity': 0.0057406, 'entropy': 3.576318, 'energy_error_per_spin': 0.0173026, 'target_sector_mass': 0.3688771, 'proposal_sector_mass': 0.0009653, 'core_score': 0.5225895}
45 46 24.6 1.913531 {'reward_variance': 0.0956766, 'gradient_infinity': 0.0057406, 'entropy': 3.5765099, 'energy_error_per_spin': 0.017293, 'target_sector_mass': 0.3688771, 'proposal_sector_mass': 0.000963, 'core_score': 0.5225937}
50 51 27.9 1.9135255 {'reward_variance': 0.0956763, 'gradient_infinity': 0.0057406, 'entropy': 3.5764605, 'energy_error_per_spin': 0.017296, 'target_sector_mass': 0.3688771, 'proposal_sector_mass': 0.0009619, 'core_score': 0.5225956}
55 56 31.0 1.9135223 {'reward_variance': 0.0956761, 'gradient_infinity': 0.0057406, 'entropy': 3.5765409, 'energy_error_per_spin': 0.0172917, 'target_sector_mass': 0.3688771, 'proposal_sector_mass': 0.000962, 'core_score': 0.5225964}
60 61 33.4 1.9135211 {'reward_variance': 0.0956761, 'gradient_infinity': 0.0057406, 'entropy': 3.5765334, 'energy_error_per_spin': 0.0172922, 'target_sector_mass': 0.3688771, 'proposal_sector_mass': 0.0009618, 'core_score': 0.5225968}
65 66 36.8 1.9135207 {'reward_variance': 0.095676, 'gradient_infinity': 0.0057406, 'entropy': 3.5765692, 'energy_error_per_spin': 0.0172901, 'target_sector_mass': 0.3688771, 'proposal_sector_mass': 0.0009616, 'core_score': 0.5225969}
70 71 40.7 1.9135204 {'reward_variance': 0.095676, 'gradient_infinity': 0.0057406, 'entropy': 3.5765539, 'energy_error_per_spin': 0.0172911, 'target_sector_mass': 0.3688771, 'proposal_sector_mass': 0.0009615, 'core_score': 0.522597}
75 76 43.7 1.9135202 {'reward_variance': 0.095676, 'gradient_infinity': 0.0057406, 'entropy': 3.5765674, 'energy_error_per_spin': 0.0172905, 'target_sector_mass': 0.3688771, 'proposal_sector_mass': 0.0009609, 'core_score': 0.522597}
Optimization terminated successfully    (Exit mode 0)
            Current function value: 1.9135202060168743
            Iterations: 80
            Function evaluations: 83
            Gradient evaluations: 79
{
  "entropy": 3.576566905049194,
  "reverse_kl": 0.681871970872372,
  "reward_variance": 0.09567601030719634,
  "gradient_infinity": 0.005740560618100564,
  "energy_error_per_spin": 0.017290572669588625,
  "target_sector_mass": 0.3688770752836442,
  "proposal_sector_mass": 0.0009609525535855801,
  "gate_scores": {
    "entropy": 1.0,
    "reverse_kl": 1.0,
    "reward_variance": 0.5225970422414156,
    "gradient_infinity": 0.5225970422715681,
    "energy_error_per_spin": 1.0,
    "target_sector_mass": 1.0,
    "proposal_sector_mass": 1.0
  },
  "core_score": 0.5225970422414156,
  "frustrated": 6,
  "row_l1_max": 4.595119850132594,
  "normalization": 0.9999999999999999,
  "symmetry_error": 0.0,
  "mean_energy_q": -19.423682388837626,
  "mean_energy_p": -19.14703322612461,
  "ground_energy": -20.0,
  "ground_degeneracy": 32,
  "passed": false
}
