Optimization terminated successfully    (Exit mode 0)
            Current function value: 1.35057820384388
            Iterations: 1
            Function evaluations: 1
            Gradient evaluations: 1
{
  "entropy": 3.0882537702280124,
  "reverse_kl": 0.7984833006758905,
  "reward_variance": 0.06752891019219401,
  "gradient_infinity": 0.004051734611424273,
  "energy_error_per_spin": 0.024712838204024368,
  "target_sector_mass": 0.49097259509894997,
  "proposal_sector_mass": 9.559577722267052e-05,
  "gate_scores": {
    "entropy": 1.0,
    "reverse_kl": 1.0,
    "reward_variance": 0.7404236179392651,
    "gradient_infinity": 0.7404236179588858,
    "energy_error_per_spin": 0.8092959551988285,
    "target_sector_mass": 1.0,
    "proposal_sector_mass": 1.0
  },
  "core_score": 0.7404236179392651,
  "frustrated": 8,
  "row_l1_max": 4.595119850132626,
  "normalization": 0.9999999999999994,
  "symmetry_error": 0.0,
  "mean_energy_q": -19.192323625150202,
  "mean_energy_p": -18.796918213885583,
  "ground_energy": -20.0,
  "ground_degeneracy": 16,
  "passed": false
}
