1 0 1.0 {'core_score': 0.154515, 'reward_variance': 0.323593, 'gradient_infinity': 0.014948, 'entropy': 4.025761, 'energy_error_per_spin': 0.013793, 'target_sector_mass': 0.438461, 'proposal_sector_mass': 0.002421}
1 1 2.1 {'core_score': 0.141248, 'reward_variance': 0.353987, 'gradient_infinity': 0.015627, 'entropy': 3.804236, 'energy_error_per_spin': 0.017594, 'target_sector_mass': 0.457961, 'proposal_sector_mass': 0.001544}
1 2 3.9 {'core_score': 0.044717, 'reward_variance': 1.118136, 'gradient_infinity': 0.040935, 'entropy': 3.743104, 'energy_error_per_spin': 0.033357, 'target_sector_mass': 0.471464, 'proposal_sector_mass': 0.000752}
1 3 6.1 {'core_score': 0.044435, 'reward_variance': 1.12523, 'gradient_infinity': 0.038785, 'entropy': 4.196768, 'energy_error_per_spin': 0.043134, 'target_sector_mass': 0.449087, 'proposal_sector_mass': 0.001824}
2 0 7.0 {'core_score': 0.158336, 'reward_variance': 0.315784, 'gradient_infinity': 0.014936, 'entropy': 4.030949, 'energy_error_per_spin': 0.013969, 'target_sector_mass': 0.438461, 'proposal_sector_mass': 0.002337}
2 1 9.7 {'core_score': 0.134767, 'reward_variance': 0.371011, 'gradient_infinity': 0.015644, 'entropy': 3.820841, 'energy_error_per_spin': 0.018915, 'target_sector_mass': 0.457961, 'proposal_sector_mass': 0.001415}
2 2 12.6 {'core_score': 0.033651, 'reward_variance': 1.485822, 'gradient_infinity': 0.045496, 'entropy': 3.789792, 'energy_error_per_spin': 0.039372, 'target_sector_mass': 0.471464, 'proposal_sector_mass': 0.000745}
2 3 14.5 {'core_score': 0.073738, 'reward_variance': 0.678074, 'gradient_infinity': 0.037779, 'entropy': 4.048973, 'energy_error_per_spin': 0.029196, 'target_sector_mass': 0.449087, 'proposal_sector_mass': 0.00154}
3 0 15.8 {'core_score': 0.153613, 'reward_variance': 0.325493, 'gradient_infinity': 0.01394, 'entropy': 4.058433, 'energy_error_per_spin': 0.016531, 'target_sector_mass': 0.440061, 'proposal_sector_mass': 0.001625}
3 1 17.5 {'core_score': 0.172218, 'reward_variance': 0.29033, 'gradient_infinity': 0.012891, 'entropy': 3.739248, 'energy_error_per_spin': 0.013403, 'target_sector_mass': 0.459122, 'proposal_sector_mass': 0.000831}
3 2 18.2 {'core_score': 0.04514, 'reward_variance': 1.107673, 'gradient_infinity': 0.04261, 'entropy': 3.754801, 'energy_error_per_spin': 0.034505, 'target_sector_mass': 0.472286, 'proposal_sector_mass': 0.000634}
3 3 21.4 {'core_score': 0.057423, 'reward_variance': 0.870731, 'gradient_infinity': 0.035563, 'entropy': 4.089495, 'energy_error_per_spin': 0.034306, 'target_sector_mass': 0.450456, 'proposal_sector_mass': 0.001337}
4 0 22.0 {'core_score': 0.169423, 'reward_variance': 0.29512, 'gradient_infinity': 0.012775, 'entropy': 4.012073, 'energy_error_per_spin': 0.012895, 'target_sector_mass': 0.440061, 'proposal_sector_mass': 0.00193}
4 1 22.4 {'core_score': 0.142561, 'reward_variance': 0.350728, 'gradient_infinity': 0.015583, 'entropy': 3.802805, 'energy_error_per_spin': 0.018026, 'target_sector_mass': 0.459122, 'proposal_sector_mass': 0.000977}
4 2 23.0 {'core_score': 0.028464, 'reward_variance': 1.756605, 'gradient_infinity': 0.045746, 'entropy': 3.842858, 'energy_error_per_spin': 0.045867, 'target_sector_mass': 0.472286, 'proposal_sector_mass': 0.00052}
4 3 24.3 {'core_score': 0.080096, 'reward_variance': 0.62425, 'gradient_infinity': 0.034155, 'entropy': 3.99591, 'energy_error_per_spin': 0.025467, 'target_sector_mass': 0.450456, 'proposal_sector_mass': 0.001123}
5 0 25.4 {'core_score': 0.169195, 'reward_variance': 0.295517, 'gradient_infinity': 0.013284, 'entropy': 4.013973, 'energy_error_per_spin': 0.012812, 'target_sector_mass': 0.438461, 'proposal_sector_mass': 0.00201}
5 1 26.9 {'core_score': 0.125132, 'reward_variance': 0.399577, 'gradient_infinity': 0.018605, 'entropy': 3.850568, 'energy_error_per_spin': 0.021052, 'target_sector_mass': 0.457961, 'proposal_sector_mass': 0.001505}
5 2 29.5 {'core_score': 0.029753, 'reward_variance': 1.680503, 'gradient_infinity': 0.043778, 'entropy': 3.790188, 'energy_error_per_spin': 0.041497, 'target_sector_mass': 0.471464, 'proposal_sector_mass': 0.000729}
5 3 33.2 {'core_score': 0.055698, 'reward_variance': 0.897696, 'gradient_infinity': 0.036367, 'entropy': 4.110517, 'energy_error_per_spin': 0.035392, 'target_sector_mass': 0.449087, 'proposal_sector_mass': 0.001922}
6 0 35.5 {'core_score': 0.157063, 'reward_variance': 0.318343, 'gradient_infinity': 0.014607, 'entropy': 4.037762, 'energy_error_per_spin': 0.014416, 'target_sector_mass': 0.438461, 'proposal_sector_mass': 0.002268}
6 1 36.7 {'core_score': 0.146974, 'reward_variance': 0.340196, 'gradient_infinity': 0.015707, 'entropy': 3.795987, 'energy_error_per_spin': 0.017, 'target_sector_mass': 0.457961, 'proposal_sector_mass': 0.00147}
6 2 39.1 {'core_score': 0.055848, 'reward_variance': 0.895289, 'gradient_infinity': 0.04329, 'entropy': 3.722653, 'energy_error_per_spin': 0.029991, 'target_sector_mass': 0.471464, 'proposal_sector_mass': 0.001125}
6 3 41.1 {'core_score': 0.061861, 'reward_variance': 0.808262, 'gradient_infinity': 0.038381, 'entropy': 4.050058, 'energy_error_per_spin': 0.030337, 'target_sector_mass': 0.449087, 'proposal_sector_mass': 0.001802}
7 0 42.1 {'core_score': 0.155269, 'reward_variance': 0.322021, 'gradient_infinity': 0.016068, 'entropy': 4.04691, 'energy_error_per_spin': 0.015133, 'target_sector_mass': 0.438461, 'proposal_sector_mass': 0.002127}
7 1 42.6 {'core_score': 0.156106, 'reward_variance': 0.320295, 'gradient_infinity': 0.013193, 'entropy': 3.766972, 'energy_error_per_spin': 0.015147, 'target_sector_mass': 0.457961, 'proposal_sector_mass': 0.001311}
7 2 43.7 {'core_score': 0.031137, 'reward_variance': 1.605794, 'gradient_infinity': 0.045375, 'entropy': 3.821228, 'energy_error_per_spin': 0.042899, 'target_sector_mass': 0.471464, 'proposal_sector_mass': 0.000866}
7 3 45.5 {'core_score': 0.043978, 'reward_variance': 1.136924, 'gradient_infinity': 0.039093, 'entropy': 4.2031, 'energy_error_per_spin': 0.043579, 'target_sector_mass': 0.449087, 'proposal_sector_mass': 0.002192}
8 0 47.9 {'core_score': 0.161603, 'reward_variance': 0.3094, 'gradient_infinity': 0.015397, 'entropy': 4.034783, 'energy_error_per_spin': 0.014284, 'target_sector_mass': 0.438461, 'proposal_sector_mass': 0.002157}
8 1 52.2 {'core_score': 0.157983, 'reward_variance': 0.31649, 'gradient_infinity': 0.015065, 'entropy': 3.765051, 'energy_error_per_spin': 0.014847, 'target_sector_mass': 0.457961, 'proposal_sector_mass': 0.001327}
8 2 54.2 {'core_score': 0.029897, 'reward_variance': 1.672385, 'gradient_infinity': 0.046436, 'entropy': 3.823398, 'energy_error_per_spin': 0.043416, 'target_sector_mass': 0.471464, 'proposal_sector_mass': 0.00073}
8 3 54.8 {'core_score': 0.077703, 'reward_variance': 0.643473, 'gradient_infinity': 0.032802, 'entropy': 4.022668, 'energy_error_per_spin': 0.027139, 'target_sector_mass': 0.449087, 'proposal_sector_mass': 0.001659}
9 0 55.3 {'core_score': 0.166451, 'reward_variance': 0.300389, 'gradient_infinity': 0.015419, 'entropy': 4.031603, 'energy_error_per_spin': 0.015007, 'target_sector_mass': 0.440061, 'proposal_sector_mass': 0.00117}
9 1 56.3 {'core_score': 0.146693, 'reward_variance': 0.340849, 'gradient_infinity': 0.015522, 'entropy': 3.795507, 'energy_error_per_spin': 0.017246, 'target_sector_mass': 0.459122, 'proposal_sector_mass': 0.001134}
9 2 57.8 {'core_score': 0.031695, 'reward_variance': 1.57755, 'gradient_infinity': 0.045854, 'entropy': 3.807126, 'energy_error_per_spin': 0.041804, 'target_sector_mass': 0.472286, 'proposal_sector_mass': 0.000397}
9 3 59.0 {'core_score': 0.078665, 'reward_variance': 0.635605, 'gradient_infinity': 0.034722, 'entropy': 4.055904, 'energy_error_per_spin': 0.029193, 'target_sector_mass': 0.450456, 'proposal_sector_mass': 0.001376}
10 0 59.4 {'core_score': 0.166349, 'reward_variance': 0.300572, 'gradient_infinity': 0.012873, 'entropy': 4.03214, 'energy_error_per_spin': 0.01469, 'target_sector_mass': 0.440061, 'proposal_sector_mass': 0.001306}
10 1 60.0 {'core_score': 0.157461, 'reward_variance': 0.317539, 'gradient_infinity': 0.015255, 'entropy': 3.762239, 'energy_error_per_spin': 0.015098, 'target_sector_mass': 0.459122, 'proposal_sector_mass': 0.000992}
10 2 60.5 {'core_score': 0.03401, 'reward_variance': 1.470147, 'gradient_infinity': 0.043482, 'entropy': 3.774347, 'energy_error_per_spin': 0.038897, 'target_sector_mass': 0.472286, 'proposal_sector_mass': 0.000363}
10 3 61.0 {'core_score': 0.052892, 'reward_variance': 0.945319, 'gradient_infinity': 0.037537, 'entropy': 4.14528, 'energy_error_per_spin': 0.038732, 'target_sector_mass': 0.450456, 'proposal_sector_mass': 0.001149}
11 0 61.7 {'core_score': 0.15742, 'reward_variance': 0.317623, 'gradient_infinity': 0.016407, 'entropy': 4.030897, 'energy_error_per_spin': 0.014032, 'target_sector_mass': 0.438461, 'proposal_sector_mass': 0.002361}
11 1 62.2 {'core_score': 0.114449, 'reward_variance': 0.436877, 'gradient_infinity': 0.025047, 'entropy': 3.875578, 'energy_error_per_spin': 0.022919, 'target_sector_mass': 0.457961, 'proposal_sector_mass': 0.002034}
11 2 62.6 {'core_score': 0.052726, 'reward_variance': 0.948301, 'gradient_infinity': 0.041467, 'entropy': 3.710975, 'energy_error_per_spin': 0.030045, 'target_sector_mass': 0.471464, 'proposal_sector_mass': 0.000931}
11 3 64.3 {'core_score': 0.043186, 'reward_variance': 1.157792, 'gradient_infinity': 0.043397, 'entropy': 4.174271, 'energy_error_per_spin': 0.041739, 'target_sector_mass': 0.449087, 'proposal_sector_mass': 0.002232}
12 0 65.4 {'core_score': 0.166124, 'reward_variance': 0.300981, 'gradient_infinity': 0.015523, 'entropy': 4.017053, 'energy_error_per_spin': 0.013052, 'target_sector_mass': 0.438461, 'proposal_sector_mass': 0.002147}
12 1 66.3 {'core_score': 0.152855, 'reward_variance': 0.327108, 'gradient_infinity': 0.015013, 'entropy': 3.785735, 'energy_error_per_spin': 0.016475, 'target_sector_mass': 0.457961, 'proposal_sector_mass': 0.001157}
12 2 67.5 {'core_score': 0.035866, 'reward_variance': 1.394086, 'gradient_infinity': 0.043577, 'entropy': 3.760049, 'energy_error_per_spin': 0.037157, 'target_sector_mass': 0.471464, 'proposal_sector_mass': 0.000641}
12 3 68.0 {'core_score': 0.050246, 'reward_variance': 0.995104, 'gradient_infinity': 0.037455, 'entropy': 4.168939, 'energy_error_per_spin': 0.040143, 'target_sector_mass': 0.449087, 'proposal_sector_mass': 0.001619}
13 0 68.5 {'core_score': 0.159542, 'reward_variance': 0.313398, 'gradient_infinity': 0.013297, 'entropy': 4.042355, 'energy_error_per_spin': 0.015327, 'target_sector_mass': 0.440061, 'proposal_sector_mass': 0.001725}
13 1 69.2 {'core_score': 0.154313, 'reward_variance': 0.324018, 'gradient_infinity': 0.014478, 'entropy': 3.775407, 'energy_error_per_spin': 0.016114, 'target_sector_mass': 0.459122, 'proposal_sector_mass': 0.000925}
13 2 70.3 {'core_score': 0.042559, 'reward_variance': 1.174848, 'gradient_infinity': 0.043112, 'entropy': 3.715418, 'energy_error_per_spin': 0.032865, 'target_sector_mass': 0.472286, 'proposal_sector_mass': 0.000438}
13 3 70.9 {'core_score': 0.04506, 'reward_variance': 1.109635, 'gradient_infinity': 0.037624, 'entropy': 4.159287, 'energy_error_per_spin': 0.041099, 'target_sector_mass': 0.450456, 'proposal_sector_mass': 0.001399}
14 0 72.0 {'core_score': 0.166589, 'reward_variance': 0.300141, 'gradient_infinity': 0.01289, 'entropy': 4.036865, 'energy_error_per_spin': 0.015115, 'target_sector_mass': 0.440061, 'proposal_sector_mass': 0.001406}
14 1 73.0 {'core_score': 0.131975, 'reward_variance': 0.37886, 'gradient_infinity': 0.017757, 'entropy': 3.832792, 'energy_error_per_spin': 0.019856, 'target_sector_mass': 0.459122, 'proposal_sector_mass': 0.001379}
14 2 73.5 {'core_score': 0.02782, 'reward_variance': 1.797271, 'gradient_infinity': 0.043513, 'entropy': 3.8253, 'energy_error_per_spin': 0.044722, 'target_sector_mass': 0.472286, 'proposal_sector_mass': 0.000523}
14 3 74.0 {'core_score': 0.054434, 'reward_variance': 0.918544, 'gradient_infinity': 0.036995, 'entropy': 4.132586, 'energy_error_per_spin': 0.037577, 'target_sector_mass': 0.450456, 'proposal_sector_mass': 0.001062}
15 0 74.5 {'core_score': 0.160012, 'reward_variance': 0.312477, 'gradient_infinity': 0.015544, 'entropy': 4.030107, 'energy_error_per_spin': 0.013967, 'target_sector_mass': 0.438461, 'proposal_sector_mass': 0.002209}
15 1 75.2 {'core_score': 0.160065, 'reward_variance': 0.312373, 'gradient_infinity': 0.012631, 'entropy': 3.753934, 'energy_error_per_spin': 0.014126, 'target_sector_mass': 0.457961, 'proposal_sector_mass': 0.001389}
15 2 76.2 {'core_score': 0.026661, 'reward_variance': 1.875405, 'gradient_infinity': 0.055276, 'entropy': 3.846169, 'energy_error_per_spin': 0.046035, 'target_sector_mass': 0.471464, 'proposal_sector_mass': 0.000849}
15 3 76.9 {'core_score': 0.059628, 'reward_variance': 0.838526, 'gradient_infinity': 0.036724, 'entropy': 4.086295, 'energy_error_per_spin': 0.033108, 'target_sector_mass': 0.449087, 'proposal_sector_mass': 0.001907}
16 0 77.4 {'core_score': 0.148543, 'reward_variance': 0.336175, 'gradient_infinity': 0.020196, 'entropy': 4.041915, 'energy_error_per_spin': 0.014693, 'target_sector_mass': 0.438461, 'proposal_sector_mass': 0.002552}
16 1 78.3 {'core_score': 0.145124, 'reward_variance': 0.344533, 'gradient_infinity': 0.01466, 'entropy': 3.804956, 'energy_error_per_spin': 0.017596, 'target_sector_mass': 0.457961, 'proposal_sector_mass': 0.001393}
16 2 79.5 {'core_score': 0.030182, 'reward_variance': 1.656631, 'gradient_infinity': 0.043814, 'entropy': 3.826101, 'energy_error_per_spin': 0.04367, 'target_sector_mass': 0.471464, 'proposal_sector_mass': 0.001222}
16 3 80.6 {'core_score': 0.056718, 'reward_variance': 0.881552, 'gradient_infinity': 0.036823, 'entropy': 4.111597, 'energy_error_per_spin': 0.035263, 'target_sector_mass': 0.449087, 'proposal_sector_mass': 0.001912}
17 0 81.5 {'core_score': 0.155031, 'reward_variance': 0.322515, 'gradient_infinity': 0.017233, 'entropy': 4.045712, 'energy_error_per_spin': 0.015394, 'target_sector_mass': 0.440061, 'proposal_sector_mass': 0.001778}
17 1 83.6 {'core_score': 0.149702, 'reward_variance': 0.333997, 'gradient_infinity': 0.015854, 'entropy': 3.798212, 'energy_error_per_spin': 0.017682, 'target_sector_mass': 0.459122, 'proposal_sector_mass': 0.000977}
17 2 84.2 {'core_score': 0.039304, 'reward_variance': 1.272122, 'gradient_infinity': 0.042414, 'entropy': 3.756856, 'energy_error_per_spin': 0.035947, 'target_sector_mass': 0.472286, 'proposal_sector_mass': 0.000584}
17 3 85.7 {'core_score': 0.046483, 'reward_variance': 1.075662, 'gradient_infinity': 0.036858, 'entropy': 4.172717, 'energy_error_per_spin': 0.041621, 'target_sector_mass': 0.450456, 'proposal_sector_mass': 0.001151}
18 0 87.0 {'core_score': 0.156073, 'reward_variance': 0.320362, 'gradient_infinity': 0.014221, 'entropy': 4.046378, 'energy_error_per_spin': 0.015794, 'target_sector_mass': 0.440061, 'proposal_sector_mass': 0.001386}
18 1 88.2 {'core_score': 0.143914, 'reward_variance': 0.347429, 'gradient_infinity': 0.015101, 'entropy': 3.802915, 'energy_error_per_spin': 0.01826, 'target_sector_mass': 0.459122, 'proposal_sector_mass': 0.000823}
18 2 88.8 {'core_score': 0.044781, 'reward_variance': 1.116547, 'gradient_infinity': 0.043629, 'entropy': 3.742867, 'energy_error_per_spin': 0.03359, 'target_sector_mass': 0.472286, 'proposal_sector_mass': 0.000564}
18 3 89.6 {'core_score': 0.06715, 'reward_variance': 0.744604, 'gradient_infinity': 0.035394, 'entropy': 4.056032, 'energy_error_per_spin': 0.030545, 'target_sector_mass': 0.450456, 'proposal_sector_mass': 0.001186}
19 0 90.4 {'core_score': 0.163589, 'reward_variance': 0.305643, 'gradient_infinity': 0.012982, 'entropy': 4.015478, 'energy_error_per_spin': 0.012703, 'target_sector_mass': 0.438461, 'proposal_sector_mass': 0.0025}
19 1 91.1 {'core_score': 0.14733, 'reward_variance': 0.339375, 'gradient_infinity': 0.016065, 'entropy': 3.772734, 'energy_error_per_spin': 0.015286, 'target_sector_mass': 0.457961, 'proposal_sector_mass': 0.001784}
19 2 92.1 {'core_score': 0.045867, 'reward_variance': 1.090108, 'gradient_infinity': 0.043211, 'entropy': 3.793954, 'energy_error_per_spin': 0.036414, 'target_sector_mass': 0.471464, 'proposal_sector_mass': 0.001142}
19 3 93.1 {'core_score': 0.077247, 'reward_variance': 0.647273, 'gradient_infinity': 0.034849, 'entropy': 4.02995, 'energy_error_per_spin': 0.028117, 'target_sector_mass': 0.449087, 'proposal_sector_mass': 0.00126}
20 0 94.5 {'core_score': 0.157619, 'reward_variance': 0.317221, 'gradient_infinity': 0.015587, 'entropy': 4.030739, 'energy_error_per_spin': 0.014191, 'target_sector_mass': 0.438461, 'proposal_sector_mass': 0.002329}
20 1 95.9 {'core_score': 0.144226, 'reward_variance': 0.346679, 'gradient_infinity': 0.015099, 'entropy': 3.781853, 'energy_error_per_spin': 0.015967, 'target_sector_mass': 0.457961, 'proposal_sector_mass': 0.001734}
20 2 97.8 {'core_score': 0.046822, 'reward_variance': 1.067863, 'gradient_infinity': 0.045497, 'entropy': 3.791441, 'energy_error_per_spin': 0.036076, 'target_sector_mass': 0.471464, 'proposal_sector_mass': 0.001113}
20 3 99.2 {'core_score': 0.05699, 'reward_variance': 0.877344, 'gradient_infinity': 0.035801, 'entropy': 4.078343, 'energy_error_per_spin': 0.033201, 'target_sector_mass': 0.449087, 'proposal_sector_mass': 0.001932}
21 0 99.7 {'core_score': 0.154975, 'reward_variance': 0.322632, 'gradient_infinity': 0.015862, 'entropy': 4.034586, 'energy_error_per_spin': 0.014223, 'target_sector_mass': 0.438461, 'proposal_sector_mass': 0.002594}
21 1 100.4 {'core_score': 0.141074, 'reward_variance': 0.354424, 'gradient_infinity': 0.01744, 'entropy': 3.815733, 'energy_error_per_spin': 0.018243, 'target_sector_mass': 0.457961, 'proposal_sector_mass': 0.001697}
21 2 101.4 {'core_score': 0.04779, 'reward_variance': 1.046249, 'gradient_infinity': 0.043965, 'entropy': 3.764551, 'energy_error_per_spin': 0.033773, 'target_sector_mass': 0.471464, 'proposal_sector_mass': 0.001209}
21 3 103.1 {'core_score': 0.070826, 'reward_variance': 0.705951, 'gradient_infinity': 0.035382, 'entropy': 4.052457, 'energy_error_per_spin': 0.029251, 'target_sector_mass': 0.449087, 'proposal_sector_mass': 0.001959}
22 0 104.0 {'core_score': 0.15804, 'reward_variance': 0.316376, 'gradient_infinity': 0.016369, 'entropy': 4.02528, 'energy_error_per_spin': 0.013756, 'target_sector_mass': 0.438461, 'proposal_sector_mass': 0.002306}
22 1 104.7 {'core_score': 0.133339, 'reward_variance': 0.374985, 'gradient_infinity': 0.017936, 'entropy': 3.804397, 'energy_error_per_spin': 0.017856, 'target_sector_mass': 0.457961, 'proposal_sector_mass': 0.001688}
22 2 106.6 {'core_score': 0.037282, 'reward_variance': 1.341142, 'gradient_infinity': 0.043346, 'entropy': 3.751046, 'energy_error_per_spin': 0.036155, 'target_sector_mass': 0.471464, 'proposal_sector_mass': 0.000729}
22 3 108.0 {'core_score': 0.069097, 'reward_variance': 0.72362, 'gradient_infinity': 0.038632, 'entropy': 4.068745, 'energy_error_per_spin': 0.030647, 'target_sector_mass': 0.449087, 'proposal_sector_mass': 0.001883}
23 0 108.5 {'core_score': 0.174932, 'reward_variance': 0.285826, 'gradient_infinity': 0.012714, 'entropy': 4.006109, 'energy_error_per_spin': 0.013121, 'target_sector_mass': 0.440061, 'proposal_sector_mass': 0.001263}
23 1 109.0 {'core_score': 0.126073, 'reward_variance': 0.396596, 'gradient_infinity': 0.02029, 'entropy': 3.84722, 'energy_error_per_spin': 0.021007, 'target_sector_mass': 0.459122, 'proposal_sector_mass': 0.001329}
23 2 109.6 {'core_score': 0.030685, 'reward_variance': 1.629437, 'gradient_infinity': 0.045138, 'entropy': 3.825843, 'energy_error_per_spin': 0.043552, 'target_sector_mass': 0.472286, 'proposal_sector_mass': 0.000452}
23 3 110.1 {'core_score': 0.060348, 'reward_variance': 0.828534, 'gradient_infinity': 0.03505, 'entropy': 4.067462, 'energy_error_per_spin': 0.032278, 'target_sector_mass': 0.450456, 'proposal_sector_mass': 0.001302}
24 0 110.6 {'core_score': 0.170603, 'reward_variance': 0.293078, 'gradient_infinity': 0.012195, 'entropy': 4.023767, 'energy_error_per_spin': 0.014011, 'target_sector_mass': 0.440061, 'proposal_sector_mass': 0.001527}
24 1 111.1 {'core_score': 0.121737, 'reward_variance': 0.410722, 'gradient_infinity': 0.018153, 'entropy': 3.858812, 'energy_error_per_spin': 0.021861, 'target_sector_mass': 0.459122, 'proposal_sector_mass': 0.001436}
24 2 111.7 {'core_score': 0.030184, 'reward_variance': 1.656532, 'gradient_infinity': 0.047552, 'entropy': 3.857974, 'energy_error_per_spin': 0.045549, 'target_sector_mass': 0.472286, 'proposal_sector_mass': 0.000922}
24 3 112.4 {'core_score': 0.060817, 'reward_variance': 0.822138, 'gradient_infinity': 0.034812, 'entropy': 4.089861, 'energy_error_per_spin': 0.033972, 'target_sector_mass': 0.450456, 'proposal_sector_mass': 0.000845}
25 0 112.9 {'core_score': 0.078476, 'reward_variance': 0.637139, 'gradient_infinity': 0.030133, 'entropy': 5.066756, 'energy_error_per_spin': 0.035978, 'target_sector_mass': 0.330514, 'proposal_sector_mass': 0.001614}
25 1 113.8 {'core_score': 0.063685, 'reward_variance': 0.785115, 'gradient_infinity': 0.038296, 'entropy': 4.624387, 'energy_error_per_spin': 0.037278, 'target_sector_mass': 0.347309, 'proposal_sector_mass': 0.000944}
25 2 114.3 {'core_score': 0.049971, 'reward_variance': 1.000574, 'gradient_infinity': 0.043296, 'entropy': 4.282008, 'energy_error_per_spin': 0.038276, 'target_sector_mass': 0.359779, 'proposal_sector_mass': 0.000878}
25 3 115.1 {'core_score': 0.073675, 'reward_variance': 0.60285, 'gradient_infinity': 0.04072, 'entropy': 4.828535, 'energy_error_per_spin': 0.034586, 'target_sector_mass': 0.339501, 'proposal_sector_mass': 0.001484}
26 0 116.0 {'core_score': 0.078161, 'reward_variance': 0.639701, 'gradient_infinity': 0.033778, 'entropy': 5.065053, 'energy_error_per_spin': 0.035751, 'target_sector_mass': 0.330514, 'proposal_sector_mass': 0.001724}
26 1 117.0 {'core_score': 0.064769, 'reward_variance': 0.77197, 'gradient_infinity': 0.037857, 'entropy': 4.6185, 'energy_error_per_spin': 0.037057, 'target_sector_mass': 0.347309, 'proposal_sector_mass': 0.000788}
26 2 117.4 {'core_score': 0.055213, 'reward_variance': 0.905585, 'gradient_infinity': 0.038273, 'entropy': 4.312641, 'energy_error_per_spin': 0.039601, 'target_sector_mass': 0.359779, 'proposal_sector_mass': 0.000918}
26 3 117.9 {'core_score': 0.058661, 'reward_variance': 0.852352, 'gradient_infinity': 0.037109, 'entropy': 4.949776, 'energy_error_per_spin': 0.046318, 'target_sector_mass': 0.339501, 'proposal_sector_mass': 0.000899}
27 0 118.3 {'core_score': 0.085527, 'reward_variance': 0.552382, 'gradient_infinity': 0.035077, 'entropy': 5.069197, 'energy_error_per_spin': 0.034488, 'target_sector_mass': 0.300034, 'proposal_sector_mass': 0.00135}
27 1 118.7 {'core_score': 0.070701, 'reward_variance': 0.653573, 'gradient_infinity': 0.042432, 'entropy': 4.644612, 'energy_error_per_spin': 0.037071, 'target_sector_mass': 0.324971, 'proposal_sector_mass': 0.000767}
27 2 119.3 {'core_score': 0.050533, 'reward_variance': 0.946608, 'gradient_infinity': 0.059367, 'entropy': 4.329433, 'energy_error_per_spin': 0.042495, 'target_sector_mass': 0.343833, 'proposal_sector_mass': 0.000275}
27 3 119.6 {'core_score': 0.051271, 'reward_variance': 0.844344, 'gradient_infinity': 0.058512, 'entropy': 4.952266, 'energy_error_per_spin': 0.046251, 'target_sector_mass': 0.313309, 'proposal_sector_mass': 0.00078}
28 0 120.7 {'core_score': 0.084091, 'reward_variance': 0.522101, 'gradient_infinity': 0.035676, 'entropy': 5.03837, 'energy_error_per_spin': 0.032947, 'target_sector_mass': 0.300034, 'proposal_sector_mass': 0.000984}
28 1 122.1 {'core_score': 0.070751, 'reward_variance': 0.608333, 'gradient_infinity': 0.042402, 'entropy': 4.616462, 'energy_error_per_spin': 0.035137, 'target_sector_mass': 0.324971, 'proposal_sector_mass': 0.000798}
28 2 123.3 {'core_score': 0.044734, 'reward_variance': 1.117707, 'gradient_infinity': 0.051451, 'entropy': 4.376283, 'energy_error_per_spin': 0.047709, 'target_sector_mass': 0.343833, 'proposal_sector_mass': 0.000361}
28 3 125.8 {'core_score': 0.074338, 'reward_variance': 0.638517, 'gradient_infinity': 0.040356, 'entropy': 4.88938, 'energy_error_per_spin': 0.039783, 'target_sector_mass': 0.313309, 'proposal_sector_mass': 0.001504}
29 0 126.3 {'core_score': 0.084955, 'reward_variance': 0.54296, 'gradient_infinity': 0.035313, 'entropy': 5.044725, 'energy_error_per_spin': 0.03277, 'target_sector_mass': 0.300034, 'proposal_sector_mass': 0.00162}
29 1 127.1 {'core_score': 0.07207, 'reward_variance': 0.595863, 'gradient_infinity': 0.041626, 'entropy': 4.581674, 'energy_error_per_spin': 0.032758, 'target_sector_mass': 0.324971, 'proposal_sector_mass': 0.000763}
29 2 127.8 {'core_score': 0.047324, 'reward_variance': 1.056549, 'gradient_infinity': 0.060023, 'entropy': 4.380995, 'energy_error_per_spin': 0.046676, 'target_sector_mass': 0.343833, 'proposal_sector_mass': 0.000417}
29 3 128.5 {'core_score': 0.069451, 'reward_variance': 0.695067, 'gradient_infinity': 0.043196, 'entropy': 4.888525, 'energy_error_per_spin': 0.040069, 'target_sector_mass': 0.313309, 'proposal_sector_mass': 0.001298}
30 0 128.9 {'core_score': 0.088258, 'reward_variance': 0.501422, 'gradient_infinity': 0.033991, 'entropy': 5.042271, 'energy_error_per_spin': 0.03335, 'target_sector_mass': 0.300034, 'proposal_sector_mass': 0.000877}
30 1 129.3 {'core_score': 0.072337, 'reward_variance': 0.564762, 'gradient_infinity': 0.041473, 'entropy': 4.577039, 'energy_error_per_spin': 0.032453, 'target_sector_mass': 0.324971, 'proposal_sector_mass': 0.000508}
30 2 130.0 {'core_score': 0.036344, 'reward_variance': 1.36243, 'gradient_infinity': 0.082545, 'entropy': 4.494804, 'energy_error_per_spin': 0.057184, 'target_sector_mass': 0.343833, 'proposal_sector_mass': 0.000635}
30 3 133.2 {'core_score': 0.058782, 'reward_variance': 0.638766, 'gradient_infinity': 0.051036, 'entropy': 4.897754, 'energy_error_per_spin': 0.039532, 'target_sector_mass': 0.313309, 'proposal_sector_mass': 0.000898}
31 0 133.7 {'core_score': 0.084259, 'reward_variance': 0.530205, 'gradient_infinity': 0.035604, 'entropy': 5.058187, 'energy_error_per_spin': 0.033971, 'target_sector_mass': 0.300034, 'proposal_sector_mass': 0.000973}
31 1 134.7 {'core_score': 0.070955, 'reward_variance': 0.65316, 'gradient_infinity': 0.04228, 'entropy': 4.621487, 'energy_error_per_spin': 0.036133, 'target_sector_mass': 0.324971, 'proposal_sector_mass': 0.000524}
31 2 135.5 {'core_score': 0.047591, 'reward_variance': 1.050629, 'gradient_infinity': 0.051747, 'entropy': 4.390546, 'energy_error_per_spin': 0.046646, 'target_sector_mass': 0.343833, 'proposal_sector_mass': 0.000455}
31 3 136.5 {'core_score': 0.075078, 'reward_variance': 0.652488, 'gradient_infinity': 0.039959, 'entropy': 4.864832, 'energy_error_per_spin': 0.038097, 'target_sector_mass': 0.313309, 'proposal_sector_mass': 0.000572}
32 0 137.1 {'core_score': 0.086462, 'reward_variance': 0.508966, 'gradient_infinity': 0.034697, 'entropy': 5.039713, 'energy_error_per_spin': 0.032533, 'target_sector_mass': 0.300034, 'proposal_sector_mass': 0.001007}
32 1 138.3 {'core_score': 0.069917, 'reward_variance': 0.659386, 'gradient_infinity': 0.042908, 'entropy': 4.641348, 'energy_error_per_spin': 0.037118, 'target_sector_mass': 0.324971, 'proposal_sector_mass': 0.000712}
32 2 141.1 {'core_score': 0.02393, 'reward_variance': 2.089412, 'gradient_infinity': 0.094174, 'entropy': 4.587307, 'energy_error_per_spin': 0.069717, 'target_sector_mass': 0.343833, 'proposal_sector_mass': 0.000322}
32 3 142.5 {'core_score': 0.076388, 'reward_variance': 0.615543, 'gradient_infinity': 0.039273, 'entropy': 4.82816, 'energy_error_per_spin': 0.035446, 'target_sector_mass': 0.313309, 'proposal_sector_mass': 0.000837}
33 0 143.6 {'core_score': 0.083653, 'reward_variance': 0.536976, 'gradient_infinity': 0.035862, 'entropy': 5.052352, 'energy_error_per_spin': 0.033788, 'target_sector_mass': 0.300034, 'proposal_sector_mass': 0.001117}
33 1 144.5 {'core_score': 0.07063, 'reward_variance': 0.642624, 'gradient_infinity': 0.042475, 'entropy': 4.620071, 'energy_error_per_spin': 0.035241, 'target_sector_mass': 0.324971, 'proposal_sector_mass': 0.001024}
33 2 146.1 {'core_score': 0.034962, 'reward_variance': 1.430129, 'gradient_infinity': 0.081994, 'entropy': 4.471634, 'energy_error_per_spin': 0.056003, 'target_sector_mass': 0.343833, 'proposal_sector_mass': 0.000396}
33 3 149.9 {'core_score': 0.05798, 'reward_variance': 0.834864, 'gradient_infinity': 0.051742, 'entropy': 4.951467, 'energy_error_per_spin': 0.045522, 'target_sector_mass': 0.313309, 'proposal_sector_mass': 0.000969}
34 0 150.7 {'core_score': 0.08559, 'reward_variance': 0.502421, 'gradient_infinity': 0.035051, 'entropy': 5.018485, 'energy_error_per_spin': 0.031524, 'target_sector_mass': 0.300034, 'proposal_sector_mass': 0.000843}
34 1 151.5 {'core_score': 0.070749, 'reward_variance': 0.64676, 'gradient_infinity': 0.042403, 'entropy': 4.610764, 'energy_error_per_spin': 0.035009, 'target_sector_mass': 0.324971, 'proposal_sector_mass': 0.000629}
34 2 151.9 {'core_score': 0.046383, 'reward_variance': 1.07797, 'gradient_infinity': 0.053313, 'entropy': 4.429495, 'energy_error_per_spin': 0.050446, 'target_sector_mass': 0.343833, 'proposal_sector_mass': 0.00039}
34 3 152.4 {'core_score': 0.038752, 'reward_variance': 1.29025, 'gradient_infinity': 0.059174, 'entropy': 5.177792, 'energy_error_per_spin': 0.067066, 'target_sector_mass': 0.313309, 'proposal_sector_mass': 0.000562}
35 0 153.6 {'core_score': 0.088164, 'reward_variance': 0.499898, 'gradient_infinity': 0.034027, 'entropy': 5.012157, 'energy_error_per_spin': 0.030757, 'target_sector_mass': 0.300034, 'proposal_sector_mass': 0.000966}
35 1 154.0 {'core_score': 0.069637, 'reward_variance': 0.671836, 'gradient_infinity': 0.04308, 'entropy': 4.645932, 'energy_error_per_spin': 0.037811, 'target_sector_mass': 0.324971, 'proposal_sector_mass': 0.000566}
35 2 154.5 {'core_score': 0.039425, 'reward_variance': 1.268225, 'gradient_infinity': 0.05996, 'entropy': 4.43664, 'energy_error_per_spin': 0.051758, 'target_sector_mass': 0.343833, 'proposal_sector_mass': 0.000621}
35 3 155.1 {'core_score': 0.038586, 'reward_variance': 1.295808, 'gradient_infinity': 0.060018, 'entropy': 5.124273, 'energy_error_per_spin': 0.06288, 'target_sector_mass': 0.313309, 'proposal_sector_mass': 0.000649}
36 0 155.6 {'core_score': 0.088718, 'reward_variance': 0.500848, 'gradient_infinity': 0.033815, 'entropy': 5.03558, 'energy_error_per_spin': 0.032942, 'target_sector_mass': 0.300034, 'proposal_sector_mass': 0.00089}
36 1 157.1 {'core_score': 0.069657, 'reward_variance': 0.643428, 'gradient_infinity': 0.043068, 'entropy': 4.630642, 'energy_error_per_spin': 0.036513, 'target_sector_mass': 0.324971, 'proposal_sector_mass': 0.000634}
36 2 158.4 {'core_score': 0.031618, 'reward_variance': 1.581363, 'gradient_infinity': 0.07079, 'entropy': 4.570869, 'energy_error_per_spin': 0.064592, 'target_sector_mass': 0.343833, 'proposal_sector_mass': 0.000318}
36 3 159.3 {'core_score': 0.050959, 'reward_variance': 0.981185, 'gradient_infinity': 0.051922, 'entropy': 5.120318, 'energy_error_per_spin': 0.059522, 'target_sector_mass': 0.313309, 'proposal_sector_mass': 0.000424}
37 0 159.8 {'core_score': 0.077697, 'reward_variance': 0.643527, 'gradient_infinity': 0.030974, 'entropy': 5.071071, 'energy_error_per_spin': 0.036263, 'target_sector_mass': 0.330514, 'proposal_sector_mass': 0.001665}
37 1 160.2 {'core_score': 0.06407, 'reward_variance': 0.780399, 'gradient_infinity': 0.038499, 'entropy': 4.626647, 'energy_error_per_spin': 0.037421, 'target_sector_mass': 0.347309, 'proposal_sector_mass': 0.000961}
37 2 161.4 {'core_score': 0.033053, 'reward_variance': 1.512725, 'gradient_infinity': 0.050393, 'entropy': 4.467364, 'energy_error_per_spin': 0.05522, 'target_sector_mass': 0.359779, 'proposal_sector_mass': 0.00059}
37 3 162.4 {'core_score': 0.071618, 'reward_variance': 0.698144, 'gradient_infinity': 0.03942, 'entropy': 4.909182, 'energy_error_per_spin': 0.040645, 'target_sector_mass': 0.339501, 'proposal_sector_mass': 0.001491}
38 0 162.9 {'core_score': 0.078542, 'reward_variance': 0.636601, 'gradient_infinity': 0.028257, 'entropy': 5.048688, 'energy_error_per_spin': 0.034669, 'target_sector_mass': 0.330514, 'proposal_sector_mass': 0.001692}
38 1 163.4 {'core_score': 0.06382, 'reward_variance': 0.783449, 'gradient_infinity': 0.038362, 'entropy': 4.627306, 'energy_error_per_spin': 0.037475, 'target_sector_mass': 0.347309, 'proposal_sector_mass': 0.000988}
38 2 164.1 {'core_score': 0.036434, 'reward_variance': 1.372339, 'gradient_infinity': 0.042381, 'entropy': 4.441933, 'energy_error_per_spin': 0.053766, 'target_sector_mass': 0.359779, 'proposal_sector_mass': 0.000403}
38 3 164.9 {'core_score': 0.040636, 'reward_variance': 1.230428, 'gradient_infinity': 0.045144, 'entropy': 5.030419, 'energy_error_per_spin': 0.053895, 'target_sector_mass': 0.339501, 'proposal_sector_mass': 0.001684}
39 0 166.2 {'core_score': 0.086647, 'reward_variance': 0.503794, 'gradient_infinity': 0.034623, 'entropy': 5.022688, 'energy_error_per_spin': 0.031563, 'target_sector_mass': 0.300034, 'proposal_sector_mass': 0.000996}
39 1 167.3 {'core_score': 0.071332, 'reward_variance': 0.638378, 'gradient_infinity': 0.042057, 'entropy': 4.638608, 'energy_error_per_spin': 0.037462, 'target_sector_mass': 0.324971, 'proposal_sector_mass': 0.000526}
39 2 167.8 {'core_score': 0.027696, 'reward_variance': 1.805332, 'gradient_infinity': 0.097395, 'entropy': 4.589055, 'energy_error_per_spin': 0.066305, 'target_sector_mass': 0.343833, 'proposal_sector_mass': 0.000356}
39 3 168.2 {'core_score': 0.061304, 'reward_variance': 0.815605, 'gradient_infinity': 0.039934, 'entropy': 4.963718, 'energy_error_per_spin': 0.046971, 'target_sector_mass': 0.313309, 'proposal_sector_mass': 0.000724}
40 0 168.6 {'core_score': 0.086102, 'reward_variance': 0.490331, 'gradient_infinity': 0.034843, 'entropy': 5.010394, 'energy_error_per_spin': 0.030959, 'target_sector_mass': 0.300034, 'proposal_sector_mass': 0.000964}
40 1 169.0 {'core_score': 0.071951, 'reward_variance': 0.579983, 'gradient_infinity': 0.041695, 'entropy': 4.581358, 'energy_error_per_spin': 0.032689, 'target_sector_mass': 0.324971, 'proposal_sector_mass': 0.00083}
40 2 169.5 {'core_score': 0.040431, 'reward_variance': 1.189795, 'gradient_infinity': 0.0742, 'entropy': 4.405636, 'energy_error_per_spin': 0.050556, 'target_sector_mass': 0.343833, 'proposal_sector_mass': 0.000461}
40 3 170.0 {'core_score': 0.07179, 'reward_variance': 0.696474, 'gradient_infinity': 0.03775, 'entropy': 4.947879, 'energy_error_per_spin': 0.044415, 'target_sector_mass': 0.313309, 'proposal_sector_mass': 0.001393}
