status 0 active 8 train 0 full 2040
iteration 0 loss 2040 seconds 0.0030377
samples 24 loss 12 iteration 0
iteration 1 loss 2032 seconds 0.00694984
iteration 2 loss 2016 seconds 0.0102467
iteration 6 loss 1976 seconds 0.0816231
iteration 8 loss 1974 seconds 0.089054
iteration 23 loss 1966 seconds 0.153628
samples 40 loss 33 iteration 44
iteration 68 loss 1954 seconds 0.300562
iteration 87 loss 1942 seconds 0.351396
iteration 88 loss 1930 seconds 0.354167
iteration 168 loss 1926 seconds 0.57627
iteration 189 loss 1920 seconds 0.636081
iteration 233 loss 1888 seconds 0.786214
status 1000 active 40 train 25 full 2030
status 2000 active 40 train 36 full 2050
iteration 2772 loss 1876 seconds 9.42118
status 3000 active 40 train 18 full 1992
status 4000 active 40 train 17 full 2012
status 5000 active 40 train 33 full 1986
status 6000 active 40 train 16 full 1986
status 7000 active 40 train 17 full 1968
status 8000 active 40 train 21 full 1950
status 9000 active 40 train 38 full 1996
status 10000 active 40 train 15 full 1924
status 11000 active 40 train 12 full 1978
status 12000 active 40 train 27 full 2064
status 13000 active 40 train 37 full 2000
status 14000 active 40 train 18 full 1952
status 15000 active 40 train 19 full 2018
status 16000 active 40 train 19 full 1998
status 17000 active 40 train 19 full 1960
status 18000 active 40 train 14 full 1960
status 19000 active 40 train 24 full 2020
status 20000 active 40 train 16 full 1954
iteration 20370 loss 1840 seconds 63.3042
status 21000 active 40 train 21 full 1948
status 22000 active 40 train 17 full 1934
status 23000 active 40 train 22 full 1952
status 24000 active 40 train 20 full 1990
status 25000 active 40 train 22 full 1992
status 26000 active 40 train 18 full 2002
status 27000 active 40 train 15 full 2046
status 28000 active 40 train 23 full 1958
status 29000 active 40 train 15 full 1992
status 30000 active 40 train 18 full 1974
status 31000 active 40 train 22 full 1926
status 32000 active 40 train 18 full 2006
status 33000 active 40 train 20 full 1922
status 34000 active 40 train 20 full 1976
status 35000 active 40 train 25 full 1992
status 36000 active 40 train 28 full 2006
status 37000 active 40 train 15 full 2002
status 38000 active 40 train 19 full 1950
status 39000 active 40 train 19 full 1976
status 40000 active 40 train 22 full 1976
status 41000 active 40 train 23 full 1970
status 42000 active 40 train 23 full 2054
status 43000 active 40 train 19 full 2014
status 44000 active 40 train 22 full 1968
status 45000 active 40 train 37 full 2024
status 46000 active 40 train 33 full 1970
status 47000 active 40 train 17 full 1952
status 48000 active 40 train 21 full 1994
status 49000 active 40 train 23 full 1956
status 50000 active 40 train 23 full 1994
status 51000 active 40 train 18 full 1984
status 52000 active 40 train 24 full 1996
status 53000 active 40 train 14 full 1910
status 54000 active 40 train 33 full 1962
status 55000 active 40 train 21 full 1984
status 56000 active 40 train 22 full 1966
status 57000 active 40 train 19 full 1990
status 58000 active 40 train 17 full 1986
status 59000 active 40 train 21 full 1994
status 60000 active 40 train 21 full 2012
status 61000 active 40 train 19 full 2034
status 62000 active 40 train 26 full 2058
status 63000 active 40 train 23 full 1994
status 64000 active 40 train 19 full 2034
status 65000 active 40 train 24 full 1936
status 66000 active 40 train 22 full 1984
status 67000 active 40 train 27 full 2004
status 68000 active 40 train 17 full 1934
status 69000 active 40 train 19 full 1982
status 70000 active 40 train 22 full 2018
status 71000 active 40 train 16 full 2016
status 72000 active 40 train 18 full 1964
status 73000 active 40 train 11 full 1958
status 74000 active 40 train 20 full 2014
status 75000 active 40 train 18 full 2020
status 76000 active 40 train 19 full 1962
status 77000 active 40 train 35 full 2018
status 78000 active 40 train 17 full 2010
