0 4 24.684494687157567 0.00022616558180355018 38.83993854
1 16 24.618420888103298 1.9064627099218967e-07 33.074274592
2 16 24.61702422796927 6.40782776284432e-07 24.548799386
single 0 24.61701533972974 23.502029306
single 1 24.617014661495276 22.465264126
single 2 24.617014445944296 21.345591806999998
single 3 24.617014376497615 20.303183367
single 4 24.61701435357151 18.869773028
single 5 24.61701434567508 17.694198168
single 6 24.617014342771927 16.719814339
single 7 24.617014341605227 15.630912938999998
single 8 24.617014341085426 14.59139064
single 9 24.617014340829822 13.65608262
single 10 24.61701434069371 12.78950858
single 11 24.61701434061694 12.002985080999999
single 12 24.617014340571956 11.254436741
single 13 24.61701434054531 10.583560401
single 14 24.617014340529167 9.938214322
experiments/example_symmetric.json 29.769722398 {'energy': 24.617014340529334, 'parity': 0.9999999999717429, 'norm_after_canonicalization': 1.0000000000000004, 'max_bond': 16}
0 4 31.598277591799295 0.0013879206316064208 38.82508541000001
1 20 31.15122701437402 5.781974713459093e-07 33.973775251000006
2 20 31.151118934937397 1.3609394530211816e-06 27.70873149300001
single 0 31.151100239869045 26.327345033000007
single 1 31.15109892584652 24.978723753000004
single 2 31.151098143173314 23.614912253000007
single 3 31.15109756757396 22.25071778400001
single 4 31.151097117699756 20.89038191400001
single 5 31.151096754456134 19.429784925000007
single 6 31.151096454966552 18.027583205000006
single 7 31.151096211789493 16.46748456600001
single 8 31.15109601485359 14.69740245700001
single 9 31.151095844592103 13.309691227000009
single 10 31.15109568512666 11.925798648000004
single 11 31.15109553574088 10.569988848000008
single 12 31.151095408243886 9.077391289000005
single 13 31.151095312827014 7.596344200000004
single 14 31.15109524812122 6.25673771000001
single 15 31.151095204490243 4.838872131000002
single 16 31.151095171481135 3.548559921000006
single 17 31.151095141149952 2.1502888520000027
single 18 31.15109510782728 0.9212680720000037
experiments/example_odd.json 39.661283817 {'energy': 31.1510950777235, 'parity': -1.0, 'norm_after_canonicalization': 0.9999999999999976, 'max_bond': 20}
0 4 24.409516167742037 0.00018633347300611725 38.80875531000001
1 16 24.341170642632626 1.4816061477684883e-07 32.44476388300001
2 16 24.34094535587282 4.1289535368527197e-07 11.932101620000012
single 0 24.340941064724287 10.648867070000009
single 1 24.34094059076456 9.337798881000012
single 2 24.340940422073402 8.023425891000002
single 3 24.34094036348725 6.7807159420000005
single 4 24.34094034335598 4.801240243000009
single 5 24.3409403364521 3.711558343000007
single 6 24.340940334075988 2.4981674940000005
single 7 24.340940333251154 1.4941284940000088
single 8 24.340940332960933 0.5164708150000052
experiments/example_nonuniform.json 39.665493045000005 {'energy': 24.34094033290487, 'parity': 0.9997362514880441, 'norm_after_canonicalization': 0.9999999999999989, 'max_bond': 16}
