single 0 48.70723594957064 39.370432101
single 1 48.10214769743909 39.218326981
single 2 48.01205879100122 38.997626241
single 3 48.00028553706556 38.526207041
single 4 48.00015330812999 37.833807221
single 5 48.000148506467745 37.047962651
single 6 48.00014773279099 36.486431892
single 7 48.00014746701221 35.884730872
single 8 48.000147321544425 35.100738692
single 9 48.000147222160585 34.406671292
single 10 48.00014714700387 33.735922553
single 11 48.00014708679353 33.030294553
single 12 48.0001470365218 32.364452283
single 13 48.00014699311308 31.623541344
single 14 48.00014695453925 30.872909954
single 15 48.000146919397636 30.098978824
single 16 48.000146886684234 29.420685224
single 17 48.000146855662784 28.728074345
single 18 48.000146825784384 28.097163295
single 19 48.000146796640735 27.464308255
single 20 48.00014676793563 26.816733425
single 21 48.00014673946815 26.144014006
single 22 48.00014671112418 25.542874416
single 23 48.00014668286025 24.926047416
single 24 48.00014665468869 24.349301736
single 25 48.000146626667146 23.731550647
single 26 48.00014659891444 22.444126566999998
single 27 48.000146571642425 19.893850018
single 28 48.00014654513323 17.177731799
single 29 48.00014651959622 16.673938499
single 30 48.00014649495877 16.182594139
single 31 48.00014647082154 15.67785259
single 32 48.000146446756986 15.03028342
single 33 48.00014642282157 14.338495779999999
single 34 48.00014639985151 13.80298788
single 35 48.00014637910403 13.33736833
single 36 48.000146361361075 12.901704990999999
single 37 48.00014634626034 12.472461481
single 38 48.000146332420194 12.062629180999998
single 39 48.00014631806414 11.537623970999999
single 40 48.000146301599614 10.996390090999999
single 41 48.00014628206987 10.475099501999999
single 42 48.000146259684406 10.057721862000001
single 43 48.000146236283065 9.580920801999998
single 44 48.00014621496142 9.097994161999999
single 45 48.000146198420616 8.729146032
single 46 48.00014618736347 8.272405712000001
single 47 48.00014618061816 7.785115763
single 48 48.00014617642845 7.306539413000003
single 49 48.000146173376145 6.833079253000001
single 50 48.000146170551204 6.367619482999999
single 51 48.0001461673758 5.874706222999997
single 52 48.00014616339649 5.509786863000002
single 53 48.00014615813064 5.150753834
single 54 48.00014615095627 4.795073084000002
single 55 48.00014614103668 4.440868983999998
single 56 48.00014612733213 4.080254943999996
single 57 48.00014610885521 3.727050204000001
single 58 48.000146085412744 3.377064953999998
single 59 48.000146058784615 3.006617044000002
single 60 48.00014603315339 2.648585705000002
single 61 48.00014601308175 2.278115855000003
single 62 48.000146000382934 1.8989089649999968
single 63 48.00014599369273 1.5354990949999987
single 64 48.0001459906066 1.174913574999998
single 65 48.00014598929674 0.8082337949999996
single 66 48.00014598876396 0.446768904999999
single 67 48.00014598854883 0.08908958499999642
experiments/large_even.json 39.660412685000004 {'energy': 48.00014598854755, 'parity': 1.0, 'norm_after_canonicalization': 1.000000000000001, 'max_bond': 24}
single 0 44.33940323569228 39.40864987
single 1 43.7549686226158 39.22920443
single 2 43.64399431557391 38.90906202
single 3 43.62312577259629 38.22880097
single 4 43.62272211065238 37.32268189
single 5 43.6226905885703 36.241783901
single 6 43.62268205691007 35.441947440999996
single 7 43.62267865957178 34.727941031
single 8 43.62267677900172 33.868680942
single 9 43.62267534629658 33.088568952
single 10 43.62267390210671 32.367272002
single 11 43.622672210563664 31.784761103
single 12 43.622670344569144 31.142515492999998
single 13 43.622668519258745 30.558165563000003
single 14 43.62266674096275 29.981885972999997
single 15 43.62266495500562 29.424822343000002
single 16 43.622663243201124 28.833591014
single 17 43.622661833038414 28.138712763999997
single 18 43.62266091399571 27.565830683999998
single 19 43.62266042714624 27.007461714
single 20 43.62266018837196 26.451074024999997
single 21 43.62266006632906 25.852292704999996
single 22 43.62265999822293 25.311678784999998
single 23 43.62265995687034 24.536470424999997
single 24 43.622659930095665 23.807579626
single 25 43.62265991196313 23.124228115999998
single 26 43.62265989929835 22.547295656000003
single 27 43.622659890261545 21.847708356
single 28 43.622659883715954 21.172965877000003
single 29 43.62265987892413 20.554661767
single 30 43.62265987538963 20.057655736999997
single 31 43.6226598727687 19.621710526999998
single 32 43.62265987081783 19.164248397
single 33 43.62265986936221 18.723141767999998
single 34 43.622659868273864 18.242306198
single 35 43.6226598674591 17.735168658
single 36 43.622659866848615 17.181588427999998
single 37 43.62265986639076 16.336764699
single 38 43.62265986604719 15.643233679000005
single 39 43.62265986578931 15.011021779000004
single 40 43.62265986559562 14.280611209
single 41 43.62265986545003 13.460718
single 42 43.62265986534079 12.720067749999998
single 43 43.62265986525859 12.072695330000002
single 44 43.62265986519649 11.65804009
single 45 43.62265986514985 11.210342170999994
single 46 43.62265986511496 10.806029030999994
single 47 43.622659865088515 10.372153741000005
single 48 43.622659865068506 9.981470760999997
single 49 43.62265986505367 9.652280301000005
experiments/large_odd.json 30.055574128999993 {'energy': 43.62265986505384, 'parity': -1.0, 'norm_after_canonicalization': 0.9999999999999989, 'max_bond': 24}
single 0 34.995585484882554 39.38303512
single 1 34.89026449620528 39.26149884
single 2 34.887357051624846 39.123269730000004
single 3 34.88703066990695 38.791925520999996
single 4 34.887024057269194 38.166177360999995
single 5 34.887023373312466 37.699281201000005
single 6 34.8870232283757 37.163038551
single 7 34.887023158885526 36.700964361000004
single 8 34.88702311769795 36.116316682000004
single 9 34.88702309546587 35.583923872
single 10 34.88702307424688 34.894245912
single 11 34.88702305948617 34.334424311999996
single 12 34.887023051274824 33.840770213
single 13 34.887023043110275 33.284510463000004
single 14 34.887023033626896 32.727824792999996
single 15 34.887023027177634 32.232266353
single 16 34.88702302574694 31.852951773
single 17 34.88702302551342 31.498080904000005
single 18 34.887023025340184 31.170063674000005
single 19 34.887023025054 30.854063393999994
single 20 34.8870230244543 30.523324294000005
single 21 34.88702302294984 30.179873603999994
single 22 34.88702301917965 29.821349154000004
single 23 34.887023013460364 29.456503964000007
single 24 34.887023009186066 29.098509764
single 25 34.88702300791347 28.766567934999998
single 26 34.887023007754 28.467780425
single 27 34.887023007734186 28.184453945
experiments/critical_field.json 11.522377505000009 {'energy': 34.887023007733845, 'parity': 2.7833415773674888e-05, 'norm_after_canonicalization': 1.0000000000000036, 'max_bond': 24}
