single 0 32.1655481278981 4.90754863
single 1 32.14930686431537 4.775552821000001
single 2 32.1493053712584 4.667557201
single 3 32.149304628187046 4.567554301
single 4 32.14930380057225 4.432209461
single 5 32.14930293371068 4.3076111710000005
single 6 32.149302574361755 4.179613731
single 7 32.14930241908573 4.059635411
single 8 32.149302368642964 3.9676371710000007
single 9 32.14930234667897 3.871638991
single 10 32.14930233517946 3.783641481
single 11 32.149302327898354 3.6876430010000005
single 12 32.14930232261962 3.5956451110000005
single 13 32.14930231860601 3.5076471810000003
single 14 32.14930231559074 3.4196481510000005
single 15 32.149302313398046 3.3036912610000004
single 16 32.14930231183901 3.1876928610000004
single 17 32.149302310721694 3.1036948110000004
single 18 32.14930230987747 3.019697911
single 19 32.14930230917387 2.9356996810000004
single 20 32.1493023085104 2.8557006510000003
single 21 32.14930230781616 2.7686511410000003
single 22 32.149302307048785 2.6877039910000002
single 23 32.14930230620227 2.6077217610000005
single 24 32.14930230530396 2.5277223810000002
single 25 32.14930230440129 2.451725081
single 26 32.149302303544594 2.3637260810000003
single 27 32.14930230277429 2.2837257410000005
single 28 32.1493023021156 2.2077297710000003
single 29 32.14930230157553 2.1277305810000002
single 30 32.14930230114731 2.0517450120000005
single 31 32.14930230081669 1.9757458220000004
single 32 32.14930230056582 1.8997405620000003
single 33 32.14930230037833 1.8277505720000002
single 34 32.149302300239 1.7518040720000005
single 35 32.14930230013622 1.6838061820000005
single 36 32.149302300060874 1.6078087820000002
single 37 32.149302300005445 1.5358103820000002
single 38 32.14930229996484 1.4638247920000005
single 39 32.14930229993519 1.3668453420000004
single 40 32.14930229991312 1.2748735020000002
single 41 32.14930229989706 1.1866592920000008
single 42 32.14930229988499 1.0948775620000006
single 43 32.14930229987619 1.0068771120000006
single 44 32.14930229986942 0.9188767320000002
single 45 32.14930229986451 0.8268781220000001
single 46 32.149302299860565 0.7388833320000003
single 47 32.14930229985787 0.6668853420000005
single 48 32.149302299855734 0.5989072220000002
single 49 32.14930229985399 0.5309065820000001
single 50 32.14930229985273 0.4629041520000001
single 51 32.1493022998517 0.398911322
single 52 32.14930229985098 0.3269107720000006
single 53 32.14930229985049 0.25891395200000034
single 54 32.14930229985005 0.19091575200000044
cpu_before_save 5.217083458
cpu_after_save 5.304438858
