single 0 48.707235949570645 38.976695761
single 1 48.102147697438944 38.593224011000004
single 2 48.0120587910014 38.094291631000004
single 3 48.00028553706557 37.166493061000004
single 4 48.00015330813017 35.973941872000005
single 5 48.000148542203185 35.038132502
single 6 48.000147739744286 34.204497942
single 7 48.00014746714285 33.359623533000004
single 8 48.00014732154243 32.15320627300001
single 9 48.00014722215913 30.960472644000006
single 10 48.000147147003155 29.746464194000005
single 11 48.000147086793106 28.840063874000005
single 12 48.00014703652129 27.556980665000005
single 13 48.00014699311283 26.525355685000008
single 14 48.00014695453915 25.465639816000007
single 15 48.0001469193975 24.461469826000005
single 16 48.00014688668405 23.480554737000006
single 17 48.00014685566269 22.568428277000006
single 18 48.00014682578449 21.756506107000007
single 19 48.00014679664055 20.884521458000005
single 20 48.00014676793519 20.014497838000004
single 21 48.000146739468214 18.397969828000004
single 22 48.000146711124266 16.729622569000007
single 23 48.00014668285996 15.105420240000004
single 24 48.000146654688585 13.417160480000007
single 25 48.00014662666702 11.943255301000004
single 26 48.00014659891434 10.829242651000005
single 27 48.00014657164218 9.995968732000005
single 28 48.00014654513303 9.083933642000005
single 29 48.00014651959624 8.081716022000005
single 30 48.000146494958535 7.352170853000004
single 31 48.00014647082157 6.608868863000005
single 32 48.000146446756894 5.859838923000005
single 33 48.00014642282164 5.122077284000007
single 34 48.00014639985157 4.169295784000006
single 35 48.00014637910381 3.265961414000003
single 36 48.00014636136118 2.393771485000002
single 37 48.000146346260486 1.547350525000006
single 38 48.00014633242007 0.687909095000002
experiments/large_even.json 39.662982113999995 {'energy': 48.00014632175259, 'parity': 1.0, 'norm_after_canonicalization': 1.0000000000000016, 'max_bond': 24}
single 0 44.33940323569228 39.121671400000004
single 1 43.754968622615756 38.633037200000004
single 2 43.64399431557391 38.03986615
single 3 43.62312577259622 36.994004731000004
single 4 43.62272211065249 35.69365770100001
single 5 43.62269059680799 34.611367022
single 6 43.62268206864299 33.404419692000005
single 7 43.622678670027895 32.301077453000005
single 8 43.62267678578651 30.944126843000006
single 9 43.62267534912181 29.546849364000003
single 10 43.62267390281969 28.170474344000006
single 11 43.622672210695704 26.817447975
single 12 43.62267034459216 25.497995125000003
single 13 43.62266851926322 24.144999236000004
single 14 43.62266674096413 22.744826116000006
single 15 43.62266495500605 21.514144427000005
single 16 43.62266324320132 20.152133827
single 17 43.62266183303876 18.933434458
single 18 43.62266091399637 17.859376888
single 19 43.62266042714713 16.618169769000005
single 20 43.62266018837305 15.479337049000009
single 21 43.62266006632988 14.528822319
single 22 43.62265999822363 13.424129010000001
single 23 43.622659956871 12.503111200000006
single 24 43.62265993009616 11.284156001
single 25 43.6226599119636 10.246941531000004
single 26 43.62265989929858 9.380132731000003
single 27 43.62265989026191 8.464758012000004
single 28 43.622659883716295 7.564657612000005
single 29 43.622659878924296 6.579771231999999
single 30 43.62265987538994 5.54333620300001
single 31 43.62265987276905 4.613527783000009
single 32 43.622659870818 3.7366527340000033
single 33 43.62265986936226 2.8557813940000045
single 34 43.6226598682739 1.978451124000003
single 35 43.62265986745918 1.1223325850000094
single 36 43.6226598668487 0.290671935000006
experiments/large_odd.json 39.667090915 {'energy': 43.622659866733656, 'parity': -1.0, 'norm_after_canonicalization': 0.999999999999999, 'max_bond': 24}
single 0 34.9955853096888 39.18741469000001
single 1 34.89026449640467 38.87313413000001
single 2 34.88735705174805 38.537710270000005
single 3 34.8870306699109 38.03354989
single 4 34.88702405726983 37.12337952
single 5 34.88702337331243 36.39642407100001
single 6 34.88702322837574 35.56520799100001
single 7 34.88702315888571 34.859111002000006
single 8 34.887023117698 33.92825211200001
single 9 34.88702309546582 33.033988582000006
single 10 34.88702307424697 32.26628525300001
single 11 34.887023059485976 31.38799338300001
single 12 34.88702305127495 30.582172943000003
single 13 34.8870230431103 29.858880874000008
single 14 34.88702303362685 29.17545256400001
single 15 34.88702302717762 28.51584077400001
single 16 34.887023025746906 27.906233735
single 17 34.887023025513365 27.346604685000003
single 18 34.88702302534014 26.79199071500001
single 19 34.88702302505412 26.208174815000007
single 20 34.88702302445432 25.64291651500001
single 21 34.88702302294984 25.02255257600001
single 22 34.887023019179644 24.347613306
single 23 34.887023013460315 23.65092932600001
single 24 34.88702300918612 22.968131917000008
single 25 34.887023007913506 22.299700957000013
single 26 34.887023007753896 21.686642097000004
single 27 34.88702300773415 21.237416577000005
experiments/critical_field.json 18.468976162999994 {'energy': 34.887023007733916, 'parity': 2.7833415772129103e-05, 'norm_after_canonicalization': 1.0000000000000022, 'max_bond': 24}
