evaluating 1728 new observations
progress 100 / 1728 seconds 8.7
progress 200 / 1728 seconds 17.2
progress 300 / 1728 seconds 25.6
progress 400 / 1728 seconds 34.5
progress 500 / 1728 seconds 43.5
progress 600 / 1728 seconds 53.5
progress 700 / 1728 seconds 62.2
progress 800 / 1728 seconds 70.6
progress 900 / 1728 seconds 79.7
progress 1000 / 1728 seconds 88.1
progress 1100 / 1728 seconds 96.8
progress 1200 / 1728 seconds 104.9
progress 1300 / 1728 seconds 113.0
progress 1400 / 1728 seconds 120.5
progress 1500 / 1728 seconds 129.2
progress 1600 / 1728 seconds 137.2
progress 1700 / 1728 seconds 145.8
BLOCK CANDIDATES 1 55 [(0.0027086703176237756, (0, 8, 4, 2, 5, 1, 3, 7, 11, 10, 6, 9), 0.4301103343235062), (0.005297580677167349, (0, 8, 2, 5, 1, 4, 3, 7, 6, 11, 10, 9), 0.4417826310557052), (0.0068829923125676064, (0, 8, 4, 2, 5, 1, 3, 7, 9, 6, 10, 11), 0.43529475886589175), (0.00987788399175522, (0, 8, 5, 1, 4, 2, 3, 7, 9, 6, 10, 11), 0.4378566473260999), (0.010134080412529525, (0, 6, 9, 10, 11, 7, 3, 1, 5, 2, 4, 8), 0.4379475992533397), (0.010184815198162459, (0, 8, 2, 4, 5, 1, 3, 7, 11, 9, 6, 10), 0.44180541295348436), (0.01030310025110952, (0, 8, 2, 4, 5, 1, 3, 7, 9, 6, 11, 10), 0.43541428079579775), (0.010843983046208587, (0, 8, 2, 5, 1, 4, 3, 7, 9, 11, 6, 10), 0.4423916833863934), (0.011351596723401434, (0, 8, 2, 5, 1, 4, 3, 7, 6, 9, 10, 11), 0.4379150128088419), (0.012072004285901473, (0, 8, 4, 1, 5, 2, 3, 7, 11, 10, 6, 9), 0.4351402808734966)]
evaluating 330 new observations
progress 100 / 330 seconds 8.7
progress 200 / 330 seconds 17.3
progress 300 / 330 seconds 25.9
evaluating 531 new observations
progress 100 / 531 seconds 8.8
progress 200 / 531 seconds 17.0
progress 300 / 531 seconds 25.5
progress 400 / 531 seconds 34.9
progress 500 / 531 seconds 43.4
BLOCK TRAINING 1 [{"bank": 0, "high": [0, 8, 1, 2, 4, 5, 3, 7, 9, 6, 10, 11], "low": [0, 3, 9, 8, 10, 5, 7, 1, 11, 2, 6, 4], "loss": 0.9673842067488954, "max_mean_dr": 0.019347684134977908, "max_dr": 0.03544917063738279, "min_mean_df": 0.2931911482136973, "min_df": 0.2800024014631117}, {"bank": 0, "high": [0, 6, 7, 8, 1, 2, 5, 4, 3, 10, 11, 9], "low": [0, 2, 10, 4, 8, 7, 5, 11, 9, 1, 6, 3], "loss": 0.9788392167927793, "max_mean_dr": 0.019576784335855586, "max_dr": 0.04287500286838519, "min_mean_df": 0.29403748184549094, "min_df": 0.27793477675987377}, {"bank": 0, "high": [0, 8, 2, 5, 1, 4, 3, 7, 9, 11, 6, 10], "low": [0, 1, 9, 4, 10, 8, 11, 2, 6, 3, 7, 5], "loss": 1.0472728508535496, "max_mean_dr": 0.020945457017070995, "max_dr": 0.04357636889105876, "min_mean_df": 0.2870572045112784, "min_df": 0.27710835286783764}, {"bank": 0, "high": [0, 6, 10, 9, 11, 7, 3, 1, 4, 2, 5, 8], "low": [0, 2, 11, 4, 7, 3, 6, 1, 9, 5, 10, 8], "loss": 1.0485239799463024, "max_mean_dr": 0.020970479598926048, "max_dr": 0.037749708906531065, "min_mean_df": 0.29369784410507527, "min_df": 0.2815946587795185}, {"bank": 0, "high": [0, 8, 2, 5, 1, 4, 3, 7, 9, 11, 6, 10], "low": [0, 2, 10, 8, 7, 5, 9, 1, 11, 4, 6, 3], "loss": 1.0488089190717944, "max_mean_dr": 0.020976178381435888, "max_dr": 0.04496201258624949, "min_mean_df": 0.2932280199811174, "min_df": 0.2781911081448305}, {"bank": 0, "high": [0, 8, 2, 4, 5, 1, 3, 7, 11, 9, 6, 10], "low": [0, 2, 9, 1, 11, 5, 7, 4, 10, 8, 6, 3], "loss": 1.059015061337806, "max_mean_dr": 0.02118030122675612, "max_dr": 0.03850869769132742, "min_mean_df": 0.2856544659188176, "min_df": 0.27108718554855227}, {"bank": 0, "high": [0, 6, 9, 10, 11, 7, 3, 2, 4, 5, 1, 8], "low": [0, 3, 10, 1, 7, 2, 9, 5, 11, 8, 6, 4], "loss": 1.0616865128093504, "max_mean_dr": 0.02123373025618701, "max_dr": 0.04501718104411212, "min_mean_df": 0.29912003347316674, "min_df": 0.28956280587550465}, {"bank": 0, "high": [0, 8, 2, 5, 1, 4, 3, 7, 6, 11, 10, 9], "low": [0, 4, 9, 5, 7, 1, 6, 2, 11, 3, 10, 8], "loss": 1.0689619042603768, "max_mean_dr": 0.020383493583097365, "max_dr": 0.04810328569171696, "min_mean_df": 0.3050101174304128, "min_df": 0.29612682194512585}, {"bank": 0, "high": [0, 8, 2, 4, 5, 1, 3, 7, 11, 9, 6, 10], "low": [0, 4, 11, 2, 7, 3, 6, 1, 9, 5, 10, 8], "loss": 1.0715136640192586, "max_mean_dr": 0.020748711420073222, "max_dr": 0.048218114880866636, "min_mean_df": 0.29758221988628425, "min_df": 0.28640838589028184}, {"bank": 0, "high": [0, 8, 1, 2, 4, 5, 3, 7, 6, 9, 10, 11], "low": [0, 3, 10, 1, 7, 2, 9, 5, 11, 8, 6, 4], "loss": 1.0802880455495112, "max_mean_dr": 0.021605760910990226, "max_dr": 0.04779050621701947, "min_mean_df": 0.2938749480702858, "min_df": 0.28718833121626336}, {"bank": 0, "high": [0, 8, 1, 2, 4, 5, 3, 7, 6, 9, 10, 11], "low": [0, 2, 11, 4, 7, 3, 6, 1, 9, 5, 10, 8], "loss": 1.086458954883534, "max_mean_dr": 0.01992843590357415, "max_dr": 0.04889065296975903, "min_mean_df": 0.2952184749124286, "min_df": 0.2819182056627897}, {"bank": 0, "high": [0, 8, 1, 2, 4, 5, 3, 7, 9, 6, 10, 11], "low": [0, 3, 9, 2, 10, 5, 7, 1, 6, 4, 11, 8], "loss": 1.0957280916224907, "max_mean_dr": 0.021914561832449816, "max_dr": 0.04929257740704751, "min_mean_df": 0.29542400304587274, "min_df": 0.2815800012222557}]
