BROAD 1 orders 195
evaluating 1997 new observations
progress 100 / 1997 seconds 6.5
progress 200 / 1997 seconds 12.5
progress 300 / 1997 seconds 18.7
progress 400 / 1997 seconds 25.1
progress 500 / 1997 seconds 31.7
progress 600 / 1997 seconds 38.6
progress 700 / 1997 seconds 45.3
progress 800 / 1997 seconds 51.8
progress 900 / 1997 seconds 58.1
progress 1000 / 1997 seconds 64.7
progress 1100 / 1997 seconds 71.3
progress 1200 / 1997 seconds 77.7
progress 1300 / 1997 seconds 84.1
progress 1400 / 1997 seconds 90.4
progress 1500 / 1997 seconds 96.9
progress 1600 / 1997 seconds 103.5
progress 1700 / 1997 seconds 110.1
progress 1800 / 1997 seconds 116.9
progress 1900 / 1997 seconds 123.5
BROAD INITIAL 1 [{"bank": 0, "high": [0, 3, 5, 8, 2, 1, 4, 9, 11, 10, 6, 7], "low": [0, 3, 6, 2, 10, 5, 11, 1, 7, 8, 9, 4], "loss": 0.8966736053179047, "max_mean_dr": 0.017933472106358095, "max_dr": 0.03808634731674565, "min_mean_df": 0.34458677728156784, "min_df": 0.338464747823665}, {"bank": 0, "high": [0, 7, 9, 10, 8, 3, 2, 5, 4, 6, 1, 11], "low": [0, 3, 6, 2, 10, 5, 11, 1, 7, 8, 9, 4], "loss": 0.9514313392462319, "max_mean_dr": 0.017634692969481364, "max_dr": 0.0369142052540698, "min_mean_df": 0.2942934381600558, "min_df": 0.28648350470597883}, {"bank": 0, "high": [0, 1, 2, 3, 8, 11, 9, 10, 6, 4, 5, 7], "low": [0, 1, 9, 8, 11, 4, 7, 3, 10, 5, 6, 2], "loss": 0.9765098608660845, "max_mean_dr": 0.018972628462364347, "max_dr": 0.03551712249770178, "min_mean_df": 0.2867354557501989, "min_df": 0.2761154986139789}, {"bank": 0, "high": [0, 6, 11, 9, 7, 10, 5, 1, 3, 4, 2, 8], "low": [0, 1, 9, 8, 10, 5, 7, 3, 11, 2, 6, 4], "loss": 0.9797496414942052, "max_mean_dr": 0.01925843058870326, "max_dr": 0.041599995563577186, "min_mean_df": 0.2857872951838749, "min_df": 0.27629326228011114}, {"bank": 0, "high": [0, 7, 11, 2, 4, 10, 8, 3, 1, 5, 6, 9], "low": [0, 3, 6, 2, 10, 5, 11, 1, 7, 8, 9, 4], "loss": 1.0193115279944251, "max_mean_dr": 0.020386230559888502, "max_dr": 0.03543157825537624, "min_mean_df": 0.2952372754195348, "min_df": 0.28537674462803186}]
evaluating 510 new observations
progress 100 / 510 seconds 6.7
progress 200 / 510 seconds 13.4
progress 300 / 510 seconds 20.0
progress 400 / 510 seconds 26.4
progress 500 / 510 seconds 33.4
BROAD VALIDATED 1 [{"bank": 0, "high": [0, 1, 2, 5, 4, 6, 9, 10, 11, 8, 3, 7], "low": [0, 5, 4, 8, 7, 9, 1, 2, 6, 10, 3, 11], "loss": 1.174861597132025, "max_mean_dr": 0.023497231942640504, "max_dr": 0.05280914342261839, "min_mean_df": 0.26423763756794016, "min_df": 0.2551268104520056}, {"bank": 0, "high": [0, 1, 2, 5, 4, 6, 9, 10, 11, 8, 3, 7], "low": [0, 1, 9, 4, 10, 8, 11, 2, 6, 3, 7, 5], "loss": 1.1753239835137814, "max_mean_dr": 0.02350647967027563, "max_dr": 0.04931532744697553, "min_mean_df": 0.27978446686938235, "min_df": 0.2717356676879049}, {"bank": 0, "high": [0, 1, 2, 5, 4, 6, 9, 10, 11, 8, 3, 7], "low": [0, 2, 10, 3, 7, 1, 11, 5, 9, 4, 6, 8], "loss": 1.1787808769765011, "max_mean_dr": 0.02050289662904954, "max_dr": 0.04630725066220315, "min_mean_df": 0.23753354458733877, "min_df": 0.22936803082400067}, {"bank": 0, "high": [0, 5, 4, 6, 10, 9, 11, 8, 3, 2, 1, 7], "low": [0, 3, 10, 1, 7, 2, 9, 5, 11, 8, 6, 4], "loss": 1.1945368942163952, "max_mean_dr": 0.023848555448553323, "max_dr": 0.05375416023973778, "min_mean_df": 0.2944468679942525, "min_df": 0.29067956068265133}, {"bank": 0, "high": [0, 5, 2, 1, 8, 3, 7, 4, 11, 9, 10, 6], "low": [0, 3, 6, 2, 10, 5, 11, 1, 7, 8, 9, 4], "loss": 1.2123123453589182, "max_mean_dr": 0.024246246907178366, "max_dr": 0.05026437839911596, "min_mean_df": 0.2322753604856607, "min_df": 0.2083644721506403}, {"bank": 0, "high": [0, 6, 9, 10, 5, 7, 4, 8, 2, 1, 3, 11], "low": [0, 3, 10, 1, 7, 2, 9, 5, 11, 8, 6, 4], "loss": 1.213852530752911, "max_mean_dr": 0.024277050615058225, "max_dr": 0.05055566958922969, "min_mean_df": 0.27172622498546617, "min_df": 0.26181039577619}, {"bank": 0, "high": [0, 6, 9, 10, 5, 7, 4, 8, 2, 1, 3, 11], "low": [0, 1, 9, 8, 11, 4, 7, 3, 10, 5, 6, 2], "loss": 1.2322101355729815, "max_mean_dr": 0.024170090447611623, "max_dr": 0.05544945610078417, "min_mean_df": 0.24949734216386968, "min_df": 0.23314058111961636}, {"bank": 0, "high": [0, 7, 11, 8, 10, 2, 6, 1, 3, 5, 4, 9], "low": [0, 3, 6, 2, 10, 5, 11, 1, 7, 8, 9, 4], "loss": 1.2409903035575947, "max_mean_dr": 0.024819806071151893, "max_dr": 0.053286611260662475, "min_mean_df": 0.24666188552996735, "min_df": 0.22363607957173404}]
BROAD 2 orders 201
evaluating 1926 new observations
progress 100 / 1926 seconds 7.4
progress 200 / 1926 seconds 14.1
progress 300 / 1926 seconds 21.1
progress 400 / 1926 seconds 28.3
progress 500 / 1926 seconds 36.1
progress 600 / 1926 seconds 43.4
progress 700 / 1926 seconds 51.0
progress 800 / 1926 seconds 59.1
progress 900 / 1926 seconds 66.7
progress 1000 / 1926 seconds 75.5
progress 1100 / 1926 seconds 82.8
progress 1200 / 1926 seconds 89.9
progress 1300 / 1926 seconds 97.5
progress 1400 / 1926 seconds 105.1
progress 1500 / 1926 seconds 112.4
progress 1600 / 1926 seconds 120.2
progress 1700 / 1926 seconds 127.2
progress 1800 / 1926 seconds 134.7
progress 1900 / 1926 seconds 141.9
BROAD INITIAL 2 [{"bank": 1, "high": [0, 4, 2, 6, 9, 3, 10, 1, 7, 8, 5, 11], "low": [0, 1, 2, 11, 5, 8, 4, 10, 3, 9, 6, 7], "loss": 0.9190686384863471, "max_mean_dr": 0.018381372769726942, "max_dr": 0.0268286803239296, "min_mean_df": 0.3181814264980013, "min_df": 0.31358756759362466}, {"bank": 1, "high": [0, 4, 2, 6, 9, 3, 10, 1, 7, 8, 5, 11], "low": [0, 9, 5, 7, 3, 11, 2, 8, 6, 1, 4, 10], "loss": 0.9870254209694553, "max_mean_dr": 0.015605099620310064, "max_dr": 0.032263794761042186, "min_mean_df": 0.2836806368421437, "min_df": 0.2743703008574403}, {"bank": 1, "high": [0, 4, 2, 6, 9, 3, 10, 1, 7, 8, 5, 11], "low": [0, 1, 3, 6, 2, 11, 7, 10, 4, 5, 8, 9], "loss": 0.9915354868937608, "max_mean_dr": 0.015144052235487718, "max_dr": 0.029062237873846652, "min_mean_df": 0.2823902963646534, "min_df": 0.2742514179451199}, {"bank": 1, "high": [0, 4, 2, 6, 9, 3, 10, 1, 7, 8, 5, 11], "low": [0, 10, 5, 7, 4, 9, 2, 1, 3, 8, 6, 11], "loss": 1.0011030232319258, "max_mean_dr": 0.020022060464638516, "max_dr": 0.03619666770043439, "min_mean_df": 0.29158278315034897, "min_df": 0.2861086407622159}, {"bank": 1, "high": [0, 4, 2, 6, 9, 3, 10, 1, 7, 8, 5, 11], "low": [0, 8, 3, 1, 4, 7, 2, 9, 5, 11, 6, 10], "loss": 1.0076987551533918, "max_mean_dr": 0.020153975103067837, "max_dr": 0.042778634561157325, "min_mean_df": 0.2923093461992143, "min_df": 0.2895880922751548}]
evaluating 600 new observations
progress 100 / 600 seconds 7.9
progress 200 / 600 seconds 16.1
progress 300 / 600 seconds 24.2
progress 400 / 600 seconds 32.1
progress 500 / 600 seconds 40.2
progress 600 / 600 seconds 48.0
BROAD VALIDATED 2 [{"bank": 1, "high": [0, 1, 9, 8, 7, 11, 10, 3, 5, 6, 2, 4], "low": [0, 4, 7, 6, 5, 3, 9, 2, 11, 10, 1, 8], "loss": 1.0368843417369877, "max_mean_dr": 0.020169000962753474, "max_dr": 0.04665979537816445, "min_mean_df": 0.28868019175154647, "min_df": 0.28228814404922514}, {"bank": 1, "high": [0, 4, 2, 6, 9, 3, 10, 1, 7, 8, 5, 11], "low": [0, 9, 4, 11, 2, 1, 5, 8, 6, 7, 3, 10], "loss": 1.107377299951161, "max_mean_dr": 0.020989669154907478, "max_dr": 0.04983197849780224, "min_mean_df": 0.2759657485632683, "min_df": 0.2683883997782142}, {"bank": 1, "high": [0, 1, 9, 8, 7, 11, 10, 3, 5, 6, 2, 4], "low": [0, 1, 3, 11, 6, 8, 4, 9, 2, 10, 5, 7], "loss": 1.1237660596763053, "max_mean_dr": 0.022475321193526108, "max_dr": 0.044470617493650666, "min_mean_df": 0.34717586085112795, "min_df": 0.3385761401488244}, {"bank": 1, "high": [0, 3, 8, 1, 9, 11, 10, 7, 4, 2, 6, 5], "low": [0, 9, 4, 10, 3, 8, 6, 7, 5, 1, 2, 11], "loss": 1.15659554610791, "max_mean_dr": 0.018963933400498494, "max_dr": 0.04598891597896404, "min_mean_df": 0.24208981345487224, "min_df": 0.22444392568601723}, {"bank": 1, "high": [0, 4, 5, 6, 2, 8, 1, 9, 10, 11, 3, 7], "low": [0, 7, 5, 1, 3, 10, 6, 9, 2, 8, 4, 11], "loss": 1.1659978732079346, "max_mean_dr": 0.021107889757183345, "max_dr": 0.05246990429435705, "min_mean_df": 0.265925602557843, "min_df": 0.26042003313056883}, {"bank": 1, "high": [0, 4, 2, 6, 9, 3, 10, 1, 7, 8, 5, 11], "low": [0, 7, 6, 8, 3, 9, 2, 10, 5, 1, 4, 11], "loss": 1.167405467615263, "max_mean_dr": 0.020894740482515786, "max_dr": 0.05253324604268683, "min_mean_df": 0.2940773493278461, "min_df": 0.28537870102531904}, {"bank": 1, "high": [0, 3, 11, 10, 9, 1, 6, 7, 8, 2, 4, 5], "low": [0, 9, 6, 8, 5, 1, 3, 7, 2, 11, 4, 10], "loss": 1.1725525021126257, "max_mean_dr": 0.023249304188872912, "max_dr": 0.04613931919201969, "min_mean_df": 0.2387952773931359, "min_df": 0.21840648879473715}, {"bank": 1, "high": [0, 3, 8, 1, 9, 11, 10, 7, 4, 2, 6, 5], "low": [0, 1, 3, 11, 6, 8, 4, 9, 2, 10, 5, 7], "loss": 1.1759858508477197, "max_mean_dr": 0.017107125766629483, "max_dr": 0.04173616613060499, "min_mean_df": 0.2380981027944848, "min_df": 0.21972898304472144}]
BROAD 3 orders 186
evaluating 1724 new observations
progress 100 / 1724 seconds 8.1
progress 200 / 1724 seconds 15.9
progress 300 / 1724 seconds 24.1
progress 400 / 1724 seconds 31.4
progress 500 / 1724 seconds 38.8
progress 600 / 1724 seconds 47.1
progress 700 / 1724 seconds 54.6
progress 800 / 1724 seconds 62.2
progress 900 / 1724 seconds 69.8
progress 1000 / 1724 seconds 77.3
progress 1100 / 1724 seconds 84.8
progress 1200 / 1724 seconds 92.6
progress 1300 / 1724 seconds 100.3
progress 1400 / 1724 seconds 107.8
progress 1500 / 1724 seconds 114.8
progress 1600 / 1724 seconds 122.0
progress 1700 / 1724 seconds 129.2
BROAD INITIAL 3 [{"bank": 2, "high": [0, 6, 5, 1, 4, 7, 8, 10, 11, 3, 2, 9], "low": [0, 4, 3, 2, 7, 11, 8, 5, 1, 9, 10, 6], "loss": 0.9256008717110437, "max_mean_dr": 0.018512017434220873, "max_dr": 0.033315672221279846, "min_mean_df": 0.3174437693680824, "min_df": 0.30737580853510826}, {"bank": 2, "high": [0, 4, 1, 7, 5, 8, 11, 10, 3, 2, 9, 6], "low": [0, 7, 4, 3, 2, 6, 1, 11, 5, 8, 9, 10], "loss": 0.9838890727831058, "max_mean_dr": 0.018045438901844887, "max_dr": 0.026360539927463067, "min_mean_df": 0.28458492704667415, "min_df": 0.27778238651622605}, {"bank": 2, "high": [0, 7, 4, 1, 6, 5, 10, 8, 2, 9, 3, 11], "low": [0, 9, 3, 8, 4, 1, 2, 5, 10, 7, 6, 11], "loss": 1.0034533544839705, "max_mean_dr": 0.020069067089679413, "max_dr": 0.04338052311496127, "min_mean_df": 0.31737512300568704, "min_df": 0.3094827168591356}, {"bank": 2, "high": [0, 4, 1, 7, 5, 8, 2, 9, 11, 3, 10, 6], "low": [0, 9, 3, 8, 4, 1, 2, 5, 10, 7, 6, 11], "loss": 1.0075111146327396, "max_mean_dr": 0.017609299922299954, "max_dr": 0.04533800015847328, "min_mean_df": 0.29004485134610625, "min_df": 0.2831122253931271}, {"bank": 2, "high": [0, 4, 1, 7, 5, 3, 11, 9, 2, 8, 10, 6], "low": [0, 9, 3, 8, 4, 1, 2, 5, 10, 7, 6, 11], "loss": 1.0145961018496192, "max_mean_dr": 0.017852266850408693, "max_dr": 0.03546719924738978, "min_mean_df": 0.2759718862407978, "min_df": 0.26991954660716566}]
evaluating 615 new observations
progress 100 / 615 seconds 7.8
progress 200 / 615 seconds 15.7
progress 300 / 615 seconds 24.8
progress 400 / 615 seconds 34.4
progress 500 / 615 seconds 43.3
progress 600 / 615 seconds 51.2
BROAD VALIDATED 3 [{"bank": 2, "high": [0, 7, 4, 1, 6, 5, 10, 8, 2, 9, 3, 11], "low": [0, 9, 3, 8, 4, 1, 2, 5, 10, 7, 6, 11], "loss": 1.0198181033042533, "max_mean_dr": 0.020396362066085066, "max_dr": 0.04338052311496127, "min_mean_df": 0.31892294596863763, "min_df": 0.3094827168591356}, {"bank": 2, "high": [0, 7, 4, 1, 6, 5, 10, 8, 2, 9, 3, 11], "low": [0, 3, 10, 5, 4, 11, 8, 7, 1, 9, 2, 6], "loss": 1.0727537170099999, "max_mean_dr": 0.021455074340199998, "max_dr": 0.04477479903437048, "min_mean_df": 0.2643797701139794, "min_df": 0.2537801965795853}, {"bank": 2, "high": [0, 4, 1, 7, 5, 8, 11, 10, 3, 2, 9, 6], "low": [0, 5, 9, 7, 6, 2, 1, 4, 3, 11, 10, 8], "loss": 1.0819664454477966, "max_mean_dr": 0.0209433371884525, "max_dr": 0.04594285833610556, "min_mean_df": 0.2587880624006927, "min_df": 0.2519451761999424}, {"bank": 2, "high": [0, 4, 1, 7, 5, 11, 8, 9, 2, 3, 10, 6], "low": [0, 5, 11, 8, 9, 7, 6, 2, 1, 4, 3, 10], "loss": 1.0850164365354067, "max_mean_dr": 0.01662175950530674, "max_dr": 0.04098278422243823, "min_mean_df": 0.25806060679972287, "min_df": 0.2551749652048674}, {"bank": 2, "high": [0, 7, 4, 1, 6, 5, 10, 8, 2, 9, 3, 11], "low": [0, 6, 9, 5, 8, 3, 2, 10, 4, 1, 7, 11], "loss": 1.088178102800356, "max_mean_dr": 0.01742503157898373, "max_dr": 0.04499097481973435, "min_mean_df": 0.25731082005733996, "min_df": 0.24923879117830294}, {"bank": 2, "high": [0, 5, 6, 8, 10, 11, 3, 4, 1, 2, 9, 7], "low": [0, 5, 2, 8, 6, 11, 4, 9, 3, 1, 10, 7], "loss": 1.1106843462578724, "max_mean_dr": 0.022213686925157447, "max_dr": 0.04979935992244661, "min_mean_df": 0.2548068871580773, "min_df": 0.243732905002909}, {"bank": 2, "high": [0, 4, 1, 7, 5, 11, 8, 9, 2, 3, 10, 6], "low": [0, 3, 10, 6, 9, 5, 1, 7, 2, 8, 4, 11], "loss": 1.1212482683663951, "max_mean_dr": 0.022424965367327902, "max_dr": 0.04950976262602291, "min_mean_df": 0.27964932502311346, "min_df": 0.26883929734469747}, {"bank": 2, "high": [0, 5, 1, 8, 10, 11, 3, 9, 2, 6, 4, 7], "low": [0, 9, 5, 8, 7, 2, 1, 3, 6, 10, 4, 11], "loss": 1.1223790582521282, "max_mean_dr": 0.022199098672475395, "max_dr": 0.04813670680112947, "min_mean_df": 0.24947008583360575, "min_df": 0.23538446443692967}]
