evaluating 612 new observations
progress 100 / 612 seconds 10.6
progress 200 / 612 seconds 18.9
progress 300 / 612 seconds 28.0
progress 400 / 612 seconds 37.4
progress 500 / 612 seconds 46.1
progress 600 / 612 seconds 54.9
ROBUST bank_3 {"bank": 2, "high": [0, 4, 1, 6, 10, 3, 11, 9, 2, 8, 5, 7], "low": [0, 9, 3, 8, 4, 1, 2, 5, 10, 7, 6, 11], "risk": 1.3011104647651923, "public_passed": true, "empirical_pass_probability": 0.32175, "families": [{"scale": 0.96, "mean_abs_r_difference": 0.017281548070616607, "std_abs_r_difference": 0.013029808444464823, "max_abs_r_difference": 0.041245227303737864, "mean_f_separation": 0.32134174002879795, "min_f_separation": 0.31131039087889756, "bootstrap_pass_probability": 0.6764}, {"scale": 1.0, "mean_abs_r_difference": 0.01828088347234187, "std_abs_r_difference": 0.010187182617894421, "max_abs_r_difference": 0.031494321230475575, "mean_f_separation": 0.30392513652635084, "min_f_separation": 0.29352949997518435, "bootstrap_pass_probability": 0.649}, {"scale": 1.04, "mean_abs_r_difference": 0.01624373077876583, "std_abs_r_difference": 0.010897779103462266, "max_abs_r_difference": 0.037033731170109, "mean_f_separation": 0.29171544048052306, "min_f_separation": 0.27618207090445157, "bootstrap_pass_probability": 0.77555}]}
evaluating 684 new observations
progress 100 / 684 seconds 9.7
progress 200 / 684 seconds 18.1
progress 300 / 684 seconds 26.5
progress 400 / 684 seconds 35.2
progress 500 / 684 seconds 43.4
progress 600 / 684 seconds 51.6
ROBUST bank_2 {"bank": 1, "high": [0, 4, 2, 6, 9, 3, 10, 1, 7, 8, 5, 11], "low": [0, 5, 1, 11, 4, 9, 10, 6, 7, 3, 2, 8], "risk": 2.073561860296858, "public_passed": true, "empirical_pass_probability": 0.04015, "families": [{"scale": 0.96, "mean_abs_r_difference": 0.028663949773204217, "std_abs_r_difference": 0.019091976871313084, "max_abs_r_difference": 0.06781307668310399, "mean_f_separation": 0.34276483402261, "min_f_separation": 0.3317178583742586, "bootstrap_pass_probability": 0.15175}, {"scale": 1.0, "mean_abs_r_difference": 0.0187509411218116, "std_abs_r_difference": 0.014518733086671336, "max_abs_r_difference": 0.04075436292771539, "mean_f_separation": 0.32668855887357584, "min_f_separation": 0.3174075603948826, "bootstrap_pass_probability": 0.57585}, {"scale": 1.04, "mean_abs_r_difference": 0.021193947977402112, "std_abs_r_difference": 0.017879927506737798, "max_abs_r_difference": 0.05410805201102986, "mean_f_separation": 0.3064431016303904, "min_f_separation": 0.2955815962361017, "bootstrap_pass_probability": 0.33395}]}
evaluating 612 new observations
progress 100 / 612 seconds 8.2
progress 200 / 612 seconds 15.8
progress 300 / 612 seconds 23.5
progress 400 / 612 seconds 31.2
progress 500 / 612 seconds 38.9
progress 600 / 612 seconds 46.7
ROBUST bank_1 {"bank": 0, "high": [0, 8, 2, 5, 1, 4, 3, 7, 9, 11, 6, 10], "low": [0, 4, 9, 5, 7, 1, 6, 2, 11, 3, 10, 8], "risk": 1.6676569626041748, "public_passed": true, "empirical_pass_probability": 0.08455, "families": [{"scale": 0.96, "mean_abs_r_difference": 0.0199791101870463, "std_abs_r_difference": 0.013111364467181726, "max_abs_r_difference": 0.05257702314055279, "mean_f_separation": 0.31041182495689956, "min_f_separation": 0.2824636346583358, "bootstrap_pass_probability": 0.5044}, {"scale": 1.0, "mean_abs_r_difference": 0.023174839770900627, "std_abs_r_difference": 0.015172913023517155, "max_abs_r_difference": 0.06267554900227351, "mean_f_separation": 0.3092800356162933, "min_f_separation": 0.2969432980632106, "bootstrap_pass_probability": 0.34335}, {"scale": 1.04, "mean_abs_r_difference": 0.019061838508271603, "std_abs_r_difference": 0.014732439697276535, "max_abs_r_difference": 0.04459573986445636, "mean_f_separation": 0.3005639965066674, "min_f_separation": 0.29041525439784577, "bootstrap_pass_probability": 0.5701}]}
