STARTED 1 CPUS [320, 321, 322, 323, 324, 325, 326, 327]
STARTED 2 CPUS [328, 329, 330, 331, 332, 333, 334, 335]
FINISHED 1 fit 1 0 15.092647757031955
FINISHED 1 fit 2 0 15.563354459940456
FINISHED 1 fit 3 0 20.552809290937148
FINISHED 1 fit 0 0 25.344650491024368
FINISHED 2 fit 1 0 12.30803246900905
FINISHED 2 fit 2 0 13.158730303053744
FINISHED 2 fit 0 0 15.268395705032162
FINISHED 1 predict None 0 10.399590571061708
STARTED 3 CPUS [320, 321, 322, 323, 324, 325, 326, 327]
FINISHED 2 fit 3 0 45.21606782998424
FINISHED 2 predict None 0 14.83879072102718
STARTED 4 CPUS [328, 329, 330, 331, 332, 333, 334, 335]
FINISHED 3 fit 0 0 23.32698158803396
FINISHED 3 fit 1 0 23.202430496923625
FINISHED 3 fit 2 0 23.093368189991452
FINISHED 3 fit 3 0 23.07838988606818
FINISHED 3 predict None 0 13.374293460976332
STARTED 5 CPUS [320, 321, 322, 323, 324, 325, 326, 327]
FINISHED 4 fit 0 0 24.24734439398162
FINISHED 4 fit 1 0 23.959885796066374
FINISHED 4 fit 2 0 23.89306346909143
FINISHED 4 fit 3 0 23.75679864094127
FINISHED 4 predict None 0 12.535045584081672
STARTED 6 CPUS [328, 329, 330, 331, 332, 333, 334, 335]
FINISHED 5 fit 0 0 21.698522835969925
FINISHED 5 fit 2 0 21.645225543994457
FINISHED 5 fit 3 0 21.59899793600198
FINISHED 5 fit 1 0 24.536982784979045
FINISHED 6 fit 1 0 10.430287154973485
FINISHED 6 fit 3 0 9.783611893071793
FINISHED 6 fit 0 0 11.145424921996891
FINISHED 6 fit 2 0 12.08016310702078
FINISHED 5 predict None 0 11.01793990994338
STARTED 7 CPUS [320, 321, 322, 323, 324, 325, 326, 327]
FINISHED 6 predict None 0 13.334250220097601
FINISHED 7 fit 3 0 10.698756398982368
FINISHED 7 fit 2 0 14.958261642954312
FINISHED 7 fit 0 0 15.875117862015031
FINISHED 7 fit 1 0 16.0701979000587
FINISHED 7 predict None 0 11.52480368304532
