2 0 0.8709926942500129 -147.483294973669 4.716704607009888
2 1 0.8353918310054907 -572.5642608623061 11.023734092712402
2 2 0.7373248969136718 96.37104623938433 18.142181396484375
2 3 0.7212811332416793 313.16905677034896 20.02177882194519
20 0 0.29534513279179697 -81.67521254767794 21.39957547187805
20 1 0.3754932077408207 10.178424235416555 23.54488515853882
20 2 0.3044460860751646 -64.97973344984833 27.613770008087158
20 3 0.30454563800382634 -65.35742465019695 31.582784175872803
26 0 0.9435386152673019 -45.262979692881416 37.418586015701294
26 1 0.18195082203407661 -63.18619321525707 39.12347102165222
26 2 0.19375432208043597 -51.45958013771468 40.41919708251953
26 3 0.02154723800843074 -1.1668355743385972 41.08391046524048
62 0 1.581309457003055 -10.406178073485775 42.50061893463135
62 1 0.33676029337139685 -4294.312732757374 47.87259840965271
62 2 1.9079018013909956 316.5030895492039 55.09136152267456
62 3 0.484488326344427 -68395.63029184192 62.21386647224426
95 0 0.8561308564393908 93.66164446370081 69.06990027427673
95 1 0.9091313455888126 -478.95370670581207 75.84114003181458
95 2 0.7687248718221192 -75.55310097840935 82.0500020980835
95 3 0.8389337712370563 -106.46759973734822 82.99944972991943
11 0 0.04107753675428591 16.813172828098367 85.00874257087708
11 1 0.03442905612250233 8.450142501848012 86.72708463668823
11 2 0.009409412209690445 0.14607359559350858 88.31866359710693
11 3 0.05904059989867181 6.373214428225774 90.58783411979675
35 0 0.4927669010109424 195.52311478503663 97.17753958702087
35 1 0.40271425579199194 197.87978752398155 99.08206486701965
35 2 0.40972679771869513 211.40150122496274 105.39589977264404
35 3 0.04245719140052609 3.242327217003148 106.25725364685059
71 0 0.30667442204881507 12.676750140358344 107.33665561676025
71 1 0.6982053457187919 49.746234024967194 113.17841815948486
71 2 0.3536908747687737 19.335007685896723 119.69555020332336
71 3 0.5766106360299427 95.38249207047224 125.78355956077576
77 0 0.16440306423410775 -18.282606453996937 130.7010576725006
77 1 0.42444511264305906 26.377281827105822 138.77705073356628
77 2 0.028221763764636143 1.7136014892331786 139.7775421142578
77 3 0.4100226394971577 -15.54172496699203 146.5755615234375
