Starting seed 51 weight 18 anchor -1
unknown
timeout
(:max-memory              1110.05
 :memory                  27.37
 :num-allocs              18515572950.00
 :pb-conflicts            38395
 :pb-lemmas               15065
 :pb-propagations         68657462
 :pb-resolves             37837
 :rlimit-count            38648163
 :sat-backjumps           24360
 :sat-backtracks          14517
 :sat-conflicts           38877
 :sat-decisions           163485
 :sat-del-clause          8839
 :sat-elim-bool-vars-res  1
 :sat-elim-literals       2
 :sat-gc-clause           8659
 :sat-minimized-lits      15726
 :sat-mk-clause-2ary      1643
 :sat-mk-clause-3ary      18225
 :sat-mk-clause-nary      12426
 :sat-mk-var              8577
 :sat-propagations-2ary   444926
 :sat-propagations-3ary   854891
 :sat-propagations-nary   224320
 :sat-restarts            5362
 :sat-subs-resolution     2
 :sat-subs-resolution-dyn 4030
 :sat-subsumed            180
 :time                    851.07)
