SCORE 6 weight 1 syndrome 6 trial 0 iteration 0
PROGRESS 0 best 8192 seconds 3.8e-07
SCORE 4 weight 2 syndrome 4 trial 12 iteration 1
SCORE 0 weight 0 syndrome 0 trial 43 iteration 19
PROGRESS 100 best 8192 seconds 24.2274
PROGRESS 200 best 8192 seconds 48.6876
PROGRESS 300 best 8192 seconds 72.5249
PROGRESS 400 best 8192 seconds 95.1492
PROGRESS 500 best 8192 seconds 117.885
PROGRESS 600 best 8192 seconds 141.268
PROGRESS 700 best 8192 seconds 164.387
PROGRESS 800 best 8192 seconds 191.364
PROGRESS 900 best 8192 seconds 217.846
PROGRESS 1000 best 8192 seconds 242.994
PROGRESS 1100 best 8192 seconds 272.106
PROGRESS 1200 best 8192 seconds 297.441
PROGRESS 1300 best 8192 seconds 325.875
PROGRESS 1400 best 8192 seconds 350.357
PROGRESS 1500 best 8192 seconds 377.554
PROGRESS 1600 best 8192 seconds 402.585
PROGRESS 1700 best 8192 seconds 430.122
PROGRESS 1800 best 8192 seconds 459.673
PROGRESS 1900 best 8192 seconds 481.927
PROGRESS 2000 best 8192 seconds 501.648
PROGRESS 2100 best 8192 seconds 520.748
PROGRESS 2200 best 8192 seconds 539.619
PROGRESS 2300 best 8192 seconds 558.066
PROGRESS 2400 best 8192 seconds 578.167
PROGRESS 2500 best 8192 seconds 599.2
PROGRESS 2600 best 8192 seconds 620.048
PROGRESS 2700 best 8192 seconds 640.715
PROGRESS 2800 best 8192 seconds 661.075
PROGRESS 2900 best 8192 seconds 681.383
