PROGRESS 3072 triangles 5588 seconds 0.137851
PROGRESS 3088 triangles 100712 seconds 2.4712
PROGRESS 3104 triangles 189503 seconds 6.85263
PROGRESS 3120 triangles 276249 seconds 10.8606
PROGRESS 3136 triangles 358341 seconds 13.0202
PROGRESS 3152 triangles 435616 seconds 15.6737
PROGRESS 3168 triangles 507310 seconds 17.774
PROGRESS 3184 triangles 571630 seconds 19.9686
PROGRESS 3200 triangles 636223 seconds 22.8529
PROGRESS 3216 triangles 728117 seconds 28.4603
PROGRESS 3232 triangles 814275 seconds 33.2298
PROGRESS 3248 triangles 897655 seconds 35.3523
PROGRESS 3264 triangles 977177 seconds 37.8916
PROGRESS 3280 triangles 1049827 seconds 40.0893
PROGRESS 3296 triangles 1119053 seconds 42.1141
PROGRESS 3312 triangles 1181353 seconds 44.8608
PROGRESS 3328 triangles 1243073 seconds 52.0476
PROGRESS 3344 triangles 1332149 seconds 65.7692
PROGRESS 3360 triangles 1416769 seconds 71.1716
PROGRESS 3376 triangles 1496830 seconds 73.7694
PROGRESS 3392 triangles 1570703 seconds 76.3429
PROGRESS 3408 triangles 1638595 seconds 79.3714
PROGRESS 3424 triangles 1704498 seconds 82.1125
PROGRESS 3440 triangles 1764561 seconds 84.1193
PROGRESS 3456 triangles 1823542 seconds 86.8566
PROGRESS 3472 triangles 1910136 seconds 90.1662
PROGRESS 3488 triangles 1993123 seconds 93.0651
PROGRESS 3504 triangles 2069144 seconds 95.2528
PROGRESS 3520 triangles 2140442 seconds 97.5677
PROGRESS 3536 triangles 2207450 seconds 99.3718
PROGRESS 3552 triangles 2268953 seconds 101.297
PROGRESS 3568 triangles 2326877 seconds 103.265
PROGRESS 3584 triangles 2379706 seconds 104.915
PROGRESS 3600 triangles 2461823 seconds 107.443
PROGRESS 3616 triangles 2541873 seconds 111.702
PROGRESS 3632 triangles 2616718 seconds 115.12
PROGRESS 3648 triangles 2687130 seconds 117.271
PROGRESS 3664 triangles 2752097 seconds 119.114
PROGRESS 3680 triangles 2814939 seconds 120.826
PROGRESS 3696 triangles 2869695 seconds 122.73
PROGRESS 3712 triangles 2923139 seconds 124.788
PROGRESS 3728 triangles 3003043 seconds 129.39
PROGRESS 3744 triangles 3076999 seconds 131.928
PROGRESS 3760 triangles 3147906 seconds 134.873
PROGRESS 3776 triangles 3214630 seconds 136.634
PROGRESS 3792 triangles 3273683 seconds 138.336
PROGRESS 3808 triangles 3330939 seconds 139.892
PROGRESS 3824 triangles 3385685 seconds 141.42
PROGRESS 3840 triangles 3433961 seconds 142.677
PROGRESS 3856 triangles 3512233 seconds 146.371
PROGRESS 3872 triangles 3585681 seconds 148.548
PROGRESS 3888 triangles 3653597 seconds 150.604
PROGRESS 3904 triangles 3718367 seconds 154.09
PROGRESS 3920 triangles 3776514 seconds 155.563
PROGRESS 3936 triangles 3832337 seconds 157.598
PROGRESS 3952 triangles 3883319 seconds 160.102
PROGRESS 3968 triangles 3932490 seconds 161.359
PROGRESS 3984 triangles 4002450 seconds 163.258
PROGRESS 4000 triangles 4071346 seconds 165.354
PROGRESS 4016 triangles 4137503 seconds 167.376
PROGRESS 4032 triangles 4197848 seconds 169.868
PROGRESS 4048 triangles 4253921 seconds 171.467
PROGRESS 4064 triangles 4306262 seconds 172.825
PROGRESS 4080 triangles 4355879 seconds 174.205
