CONFIG n 8192 checks 384 rank 379 pass 0 groups 2 initial_best 20
PROGRESS 0 0.116117 rank 379
PROGRESS 10 0.468248 rank 379
PROGRESS 20 0.77958 rank 379
PROGRESS 30 1.20032 rank 379
PROGRESS 40 1.71087 rank 379
PROGRESS 50 2.4657 rank 379
PROGRESS 60 2.88352 rank 379
PROGRESS 70 3.20033 rank 379
PROGRESS 80 3.44094 rank 379
PROGRESS 90 3.73084 rank 379
PROGRESS 100 4.01421 rank 379
PROGRESS 110 4.33249 rank 379
PROGRESS 120 4.6051 rank 379
PROGRESS 130 5.08783 rank 379
PROGRESS 140 5.62927 rank 379
PROGRESS 150 5.87062 rank 379
PROGRESS 160 6.11885 rank 379
PROGRESS 170 6.3744 rank 379
PROGRESS 180 6.65568 rank 379
PROGRESS 190 6.87176 rank 379
PROGRESS 200 7.07 rank 379
PROGRESS 210 7.27875 rank 379
PROGRESS 220 7.46509 rank 379
PROGRESS 230 7.71243 rank 379
PROGRESS 240 7.97294 rank 379
PROGRESS 250 8.29253 rank 379
PROGRESS 260 8.53824 rank 379
PROGRESS 270 8.90024 rank 379
PROGRESS 280 9.15311 rank 379
PROGRESS 290 9.50854 rank 379
PROGRESS 300 9.99316 rank 379
PROGRESS 310 10.3335 rank 379
PROGRESS 320 10.5929 rank 379
PROGRESS 330 10.8813 rank 379
PROGRESS 340 11.1867 rank 379
PROGRESS 350 11.5094 rank 379
PROGRESS 360 11.8676 rank 379
PROGRESS 370 12.2897 rank 379
PROGRESS 380 12.6572 rank 379
PROGRESS 390 13.0224 rank 379
PROGRESS 400 13.4419 rank 379
PROGRESS 410 13.7305 rank 379
PROGRESS 420 14.0074 rank 379
PROGRESS 430 14.4029 rank 379
PROGRESS 440 14.7604 rank 379
PROGRESS 450 15.3315 rank 379
PROGRESS 460 15.6413 rank 379
PROGRESS 470 15.9585 rank 379
PROGRESS 480 16.3654 rank 379
PROGRESS 490 16.6622 rank 379
PROGRESS 500 16.9395 rank 379
PROGRESS 510 17.2568 rank 379
PROGRESS 520 17.5981 rank 379
PROGRESS 530 17.8788 rank 379
PROGRESS 540 18.2213 rank 379
PROGRESS 550 18.5687 rank 379
PROGRESS 560 18.8916 rank 379
PROGRESS 570 19.2053 rank 379
PROGRESS 580 19.7307 rank 379
PROGRESS 590 19.9778 rank 379
PROGRESS 600 20.2537 rank 379
PROGRESS 610 20.5446 rank 379
PROGRESS 620 20.7986 rank 379
PROGRESS 630 21.0775 rank 379
PROGRESS 640 21.4445 rank 379
PROGRESS 650 21.8077 rank 379
PROGRESS 660 22.2367 rank 379
PROGRESS 670 22.6871 rank 379
PROGRESS 680 23.0811 rank 379
PROGRESS 690 23.422 rank 379
PROGRESS 700 23.7172 rank 379
PROGRESS 710 23.9676 rank 379
PROGRESS 720 24.3041 rank 379
PROGRESS 730 24.5918 rank 379
PROGRESS 740 24.8559 rank 379
PROGRESS 750 25.0567 rank 379
PROGRESS 760 25.3312 rank 379
PROGRESS 770 25.5879 rank 379
PROGRESS 780 25.9802 rank 379
PROGRESS 790 26.3169 rank 379
PROGRESS 800 26.6021 rank 379
PROGRESS 810 26.997 rank 379
PROGRESS 820 27.3762 rank 379
PROGRESS 830 27.6533 rank 379
PROGRESS 840 27.9275 rank 379
PROGRESS 850 28.2547 rank 379
PROGRESS 860 28.5337 rank 379
PROGRESS 870 28.8113 rank 379
PROGRESS 880 29.0594 rank 379
PROGRESS 890 29.3456 rank 379
PROGRESS 900 29.6348 rank 379
PROGRESS 910 29.9067 rank 379
END trials 915 elapsed 30.0271
