100 seconds 11.426028680987656
200 seconds 12.767550442018546
300 seconds 18.759293898940086
400 seconds 23.21812511992175
500 seconds 29.78826767602004
600 seconds 34.56274476600811
700 seconds 40.04020570393186
800 seconds 46.23780911799986
900 seconds 50.91502378100995
1000 seconds 56.30442529497668
1100 seconds 61.77405088499654
1200 seconds 67.1359509699978
1300 seconds 72.59324438602198
1400 seconds 77.51861811999697
1500 seconds 83.60943080694415
1600 seconds 88.42847509193234
1700 seconds 93.56703458493575
1800 seconds 98.91986154695041
1900 seconds 103.88764394295868
2000 seconds 108.06787346291821
2100 seconds 119.19155146600679
2200 seconds 119.20416868198663
2300 seconds 125.5181182679953
2400 seconds 131.38652359694242
2500 seconds 136.2018853649497
2600 seconds 140.62632300297264
2700 seconds 145.50415181694552
2800 seconds 149.99449283699505
2900 seconds 154.13853305601515
3000 seconds 158.16896076395642
3100 seconds 163.57314934395254
3200 seconds 168.85937034292147
3300 seconds 174.2092552150134
3400 seconds 178.98398958600592
3500 seconds 183.36565653898288
3600 seconds 188.182076290017
3700 seconds 193.10737328592222
3800 seconds 197.041012221016
3900 seconds 203.40805589500815
4000 seconds 208.44312041101512
4100 seconds 213.5686229019193
4200 seconds 219.13200797198806
4300 seconds 223.47905317891855
4400 seconds 228.82560279394966
4500 seconds 234.3023076549871
4600 seconds 238.81645833991934
4700 seconds 245.41295277897734
4800 seconds 250.60633772902656
4900 seconds 255.59415009792428
5000 seconds 260.38509116496425
5100 seconds 264.9946396119194
5200 seconds 269.980133848032
5300 seconds 274.80385077698156
5400 seconds 279.3864055949962
5500 seconds 283.7457979549654
5600 seconds 288.0032154059736
5700 seconds 292.00897284795064
5800 seconds 296.28822833497543
5900 seconds 300.47562885202933
6000 seconds 305.6890633989824
