0.09s count=0 durations=(4, 4, 4, 4)
0.17s count=1 durations=(3, 4, 5, 4)
0.26s count=2 durations=(3, 3, 5, 5)
0.34s count=3 durations=(3, 5, 3, 5)
0.42s count=4 durations=(2, 4, 6, 4)
0.50s count=5 durations=(3, 4, 4, 5)
0.61s count=6 durations=(2, 5, 4, 5)
0.71s count=7 durations=(2, 3, 6, 5)
0.81s count=8 durations=(1, 1, 1, 13)
0.91s count=9 durations=(1, 1, 2, 12)
1.01s count=10 durations=(1, 1, 3, 11)
1.11s count=11 durations=(1, 1, 4, 10)
1.18s count=12 durations=(1, 1, 5, 9)
1.25s count=13 durations=(1, 1, 6, 8)
1.32s count=14 durations=(1, 1, 7, 7)
1.40s count=15 durations=(1, 1, 8, 6)
1.48s count=16 durations=(1, 1, 9, 5)
1.57s count=17 durations=(1, 1, 10, 4)
1.64s count=18 durations=(1, 1, 11, 3)
1.73s count=19 durations=(1, 1, 12, 2)
1.81s count=20 durations=(1, 1, 13, 1)
1.89s count=21 durations=(1, 2, 1, 12)
1.97s count=22 durations=(1, 2, 2, 11)
2.05s count=23 durations=(1, 2, 3, 10)
2.12s count=24 durations=(1, 2, 4, 9)
2.20s count=25 durations=(1, 2, 5, 8)
2.28s count=26 durations=(1, 2, 6, 7)
2.37s count=27 durations=(1, 2, 7, 6)
2.46s count=28 durations=(1, 2, 8, 5)
2.54s count=29 durations=(1, 2, 9, 4)
2.61s count=30 durations=(1, 2, 10, 3)
2.70s count=31 durations=(1, 2, 11, 2)
2.78s count=32 durations=(1, 2, 12, 1)
2.86s count=33 durations=(1, 3, 1, 11)
2.94s count=34 durations=(1, 3, 2, 10)
3.02s count=35 durations=(1, 3, 3, 9)
3.11s count=36 durations=(1, 3, 4, 8)
3.20s count=37 durations=(1, 3, 5, 7)
3.31s count=38 durations=(1, 3, 6, 6)
3.40s count=39 durations=(1, 3, 7, 5)
3.48s count=40 durations=(1, 3, 8, 4)
3.56s count=41 durations=(1, 3, 9, 3)
3.64s count=42 durations=(1, 3, 10, 2)
3.72s count=43 durations=(1, 3, 11, 1)
3.80s count=44 durations=(1, 4, 1, 10)
3.88s count=45 durations=(1, 4, 2, 9)
3.97s count=46 durations=(1, 4, 3, 8)
4.07s count=47 durations=(1, 4, 4, 7)
4.15s count=48 durations=(1, 4, 5, 6)
4.27s count=49 durations=(1, 4, 6, 5)
4.35s count=50 durations=(1, 4, 7, 4)
4.45s count=51 durations=(1, 4, 8, 3)
4.52s count=52 durations=(1, 4, 9, 2)
4.60s count=53 durations=(1, 4, 10, 1)
4.68s count=54 durations=(1, 5, 1, 9)
4.76s count=55 durations=(1, 5, 2, 8)
4.84s count=56 durations=(1, 5, 3, 7)
4.92s count=57 durations=(1, 5, 4, 6)
5.01s count=58 durations=(1, 5, 5, 5)
5.09s count=59 durations=(1, 5, 6, 4)
5.18s count=60 durations=(1, 5, 7, 3)
5.26s count=61 durations=(1, 5, 8, 2)
5.36s count=62 durations=(1, 5, 9, 1)
5.45s count=63 durations=(1, 6, 1, 8)
5.57s count=64 durations=(1, 6, 2, 7)
5.71s count=65 durations=(1, 6, 3, 6)
9.22s count=66 durations=(1, 6, 4, 5)
9.30s count=67 durations=(1, 6, 5, 4)
9.40s count=68 durations=(1, 6, 6, 3)
9.54s count=69 durations=(1, 6, 7, 2)
9.63s count=70 durations=(1, 6, 8, 1)
9.72s count=71 durations=(1, 7, 1, 7)
9.80s count=72 durations=(1, 7, 2, 6)
9.88s count=73 durations=(1, 7, 3, 5)
9.97s count=74 durations=(1, 7, 4, 4)
11.81s count=75 durations=(1, 7, 5, 3)
11.95s count=76 durations=(1, 7, 6, 2)
12.10s count=77 durations=(1, 7, 7, 1)
12.21s count=78 durations=(1, 8, 1, 6)
12.30s count=79 durations=(1, 8, 2, 5)
12.39s count=80 durations=(1, 8, 3, 4)
12.48s count=81 durations=(1, 8, 4, 3)
12.56s count=82 durations=(1, 8, 5, 2)
12.66s count=83 durations=(1, 8, 6, 1)
12.75s count=84 durations=(1, 9, 1, 5)
12.85s count=85 durations=(1, 9, 2, 4)
13.03s count=86 durations=(1, 9, 3, 3)
13.26s count=87 durations=(1, 9, 4, 2)
13.37s count=88 durations=(1, 9, 5, 1)
13.45s count=89 durations=(1, 10, 1, 4)
13.55s count=90 durations=(1, 10, 2, 3)
13.65s count=91 durations=(1, 10, 3, 2)
13.74s count=92 durations=(1, 10, 4, 1)
13.83s count=93 durations=(1, 11, 1, 3)
13.92s count=94 durations=(1, 11, 2, 2)
14.00s count=95 durations=(1, 11, 3, 1)
14.09s count=96 durations=(1, 12, 1, 2)
14.19s count=97 durations=(1, 12, 2, 1)
14.29s count=98 durations=(1, 13, 1, 1)
14.37s count=99 durations=(2, 1, 1, 12)
14.46s count=100 durations=(2, 1, 2, 11)
14.55s count=101 durations=(2, 1, 3, 10)
14.67s count=102 durations=(2, 1, 4, 9)
14.79s count=103 durations=(2, 1, 5, 8)
14.93s count=104 durations=(2, 1, 6, 7)
15.06s count=105 durations=(2, 1, 7, 6)
15.19s count=106 durations=(2, 1, 8, 5)
15.32s count=107 durations=(2, 1, 9, 4)
15.44s count=108 durations=(2, 1, 10, 3)
15.58s count=109 durations=(2, 1, 11, 2)
15.71s count=110 durations=(2, 1, 12, 1)
15.83s count=111 durations=(2, 2, 1, 11)
15.96s count=112 durations=(2, 2, 2, 10)
16.09s count=113 durations=(2, 2, 3, 9)
16.21s count=114 durations=(2, 2, 4, 8)
16.33s count=115 durations=(2, 2, 5, 7)
16.46s count=116 durations=(2, 2, 6, 6)
16.63s count=117 durations=(2, 2, 7, 5)
16.83s count=118 durations=(2, 2, 8, 4)
16.96s count=119 durations=(2, 2, 9, 3)
17.09s count=120 durations=(2, 2, 10, 2)
17.22s count=121 durations=(2, 2, 11, 1)
17.35s count=122 durations=(2, 3, 1, 10)
17.47s count=123 durations=(2, 3, 2, 9)
17.60s count=124 durations=(2, 3, 3, 8)
17.73s count=125 durations=(2, 3, 4, 7)
17.86s count=126 durations=(2, 3, 5, 6)
17.98s count=127 durations=(2, 3, 7, 4)
18.11s count=128 durations=(2, 3, 8, 3)
18.24s count=129 durations=(2, 3, 9, 2)
18.37s count=130 durations=(2, 3, 10, 1)
18.49s count=131 durations=(2, 4, 1, 9)
18.69s count=132 durations=(2, 4, 2, 8)
18.77s count=133 durations=(2, 4, 3, 7)
18.85s count=134 durations=(2, 4, 4, 6)
18.93s count=135 durations=(2, 4, 5, 5)
19.01s count=136 durations=(2, 4, 7, 3)
19.09s count=137 durations=(2, 4, 8, 2)
19.17s count=138 durations=(2, 4, 9, 1)
19.27s count=139 durations=(2, 5, 1, 8)
19.36s count=140 durations=(2, 5, 2, 7)
19.47s count=141 durations=(2, 5, 3, 6)
19.59s count=142 durations=(2, 5, 5, 4)
19.70s count=143 durations=(2, 5, 6, 3)
19.81s count=144 durations=(2, 5, 7, 2)
19.94s count=145 durations=(2, 5, 8, 1)
20.06s count=146 durations=(2, 6, 1, 7)
20.16s count=147 durations=(2, 6, 2, 6)
20.28s count=148 durations=(2, 6, 3, 5)
20.39s count=149 durations=(2, 6, 4, 4)
20.47s count=150 durations=(2, 6, 5, 3)
20.55s count=151 durations=(2, 6, 6, 2)
20.63s count=152 durations=(2, 6, 7, 1)
20.73s count=153 durations=(2, 7, 1, 6)
20.82s count=154 durations=(2, 7, 2, 5)
20.91s count=155 durations=(2, 7, 3, 4)
21.01s count=156 durations=(2, 7, 4, 3)
21.10s count=157 durations=(2, 7, 5, 2)
21.19s count=158 durations=(2, 7, 6, 1)
21.29s count=159 durations=(2, 8, 1, 5)
21.39s count=160 durations=(2, 8, 2, 4)
21.49s count=161 durations=(2, 8, 3, 3)
21.57s count=162 durations=(2, 8, 4, 2)
21.66s count=163 durations=(2, 8, 5, 1)
21.76s count=164 durations=(2, 9, 1, 4)
21.86s count=165 durations=(2, 9, 2, 3)
21.97s count=166 durations=(2, 9, 3, 2)
22.07s count=167 durations=(2, 9, 4, 1)
22.16s count=168 durations=(2, 10, 1, 3)
22.25s count=169 durations=(2, 10, 2, 2)
22.36s count=170 durations=(2, 10, 3, 1)
22.49s count=171 durations=(2, 11, 1, 2)
22.58s count=172 durations=(2, 11, 2, 1)
22.67s count=173 durations=(2, 12, 1, 1)
22.76s count=174 durations=(3, 1, 1, 11)
22.85s count=175 durations=(3, 1, 2, 10)
22.96s count=176 durations=(3, 1, 3, 9)
23.05s count=177 durations=(3, 1, 4, 8)
23.19s count=178 durations=(3, 1, 5, 7)
23.30s count=179 durations=(3, 1, 6, 6)
23.41s count=180 durations=(3, 1, 7, 5)
23.52s count=181 durations=(3, 1, 8, 4)
23.61s count=182 durations=(3, 1, 9, 3)
23.71s count=183 durations=(3, 1, 10, 2)
23.80s count=184 durations=(3, 1, 11, 1)
23.90s count=185 durations=(3, 2, 1, 10)
24.00s count=186 durations=(3, 2, 2, 9)
24.10s count=187 durations=(3, 2, 3, 8)
24.25s count=188 durations=(3, 2, 4, 7)
24.39s count=189 durations=(3, 2, 5, 6)
24.52s count=190 durations=(3, 2, 6, 5)
24.65s count=191 durations=(3, 2, 7, 4)
24.78s count=192 durations=(3, 2, 8, 3)
24.92s count=193 durations=(3, 2, 9, 2)
25.05s count=194 durations=(3, 2, 10, 1)
25.18s count=195 durations=(3, 3, 1, 9)
25.31s count=196 durations=(3, 3, 2, 8)
25.47s count=197 durations=(3, 3, 3, 7)
25.60s count=198 durations=(3, 3, 4, 6)
25.74s count=199 durations=(3, 3, 6, 4)
25.87s count=200 durations=(3, 3, 7, 3)
26.00s count=201 durations=(3, 3, 8, 2)
26.13s count=202 durations=(3, 3, 9, 1)
26.26s count=203 durations=(3, 4, 1, 8)
26.39s count=204 durations=(3, 4, 2, 7)
26.53s count=205 durations=(3, 4, 3, 6)
26.66s count=206 durations=(3, 4, 6, 3)
26.80s count=207 durations=(3, 4, 7, 2)
26.93s count=208 durations=(3, 4, 8, 1)
27.06s count=209 durations=(3, 5, 1, 7)
27.20s count=210 durations=(3, 5, 2, 6)
27.33s count=211 durations=(3, 5, 4, 4)
27.48s count=212 durations=(3, 5, 5, 3)
27.62s count=213 durations=(3, 5, 6, 2)
27.75s count=214 durations=(3, 5, 7, 1)
27.88s count=215 durations=(3, 6, 1, 6)
28.01s count=216 durations=(3, 6, 2, 5)
28.14s count=217 durations=(3, 6, 3, 4)
28.27s count=218 durations=(3, 6, 4, 3)
28.40s count=219 durations=(3, 6, 5, 2)
28.53s count=220 durations=(3, 6, 6, 1)
28.66s count=221 durations=(3, 7, 1, 5)
28.80s count=222 durations=(3, 7, 2, 4)
28.93s count=223 durations=(3, 7, 3, 3)
29.06s count=224 durations=(3, 7, 4, 2)
29.19s count=225 durations=(3, 7, 5, 1)
29.32s count=226 durations=(3, 8, 1, 4)
29.61s count=227 durations=(3, 8, 2, 3)
29.83s count=228 durations=(3, 8, 3, 2)
29.97s count=229 durations=(3, 8, 4, 1)
30.09s count=230 durations=(3, 9, 1, 3)
30.22s count=231 durations=(3, 9, 2, 2)
30.35s count=232 durations=(3, 9, 3, 1)
30.47s count=233 durations=(3, 10, 1, 2)
30.61s count=234 durations=(3, 10, 2, 1)
30.74s count=235 durations=(3, 11, 1, 1)
30.87s count=236 durations=(4, 1, 1, 10)
30.97s count=237 durations=(4, 1, 2, 9)
31.05s count=238 durations=(4, 1, 3, 8)
31.14s count=239 durations=(4, 1, 4, 7)
31.24s count=240 durations=(4, 1, 5, 6)
31.33s count=241 durations=(4, 1, 6, 5)
31.42s count=242 durations=(4, 1, 7, 4)
31.54s count=243 durations=(4, 1, 8, 3)
31.64s count=244 durations=(4, 1, 9, 2)
31.75s count=245 durations=(4, 1, 10, 1)
31.85s count=246 durations=(4, 2, 1, 9)
31.94s count=247 durations=(4, 2, 2, 8)
32.04s count=248 durations=(4, 2, 3, 7)
32.12s count=249 durations=(4, 2, 4, 6)
32.21s count=250 durations=(4, 2, 5, 5)
32.30s count=251 durations=(4, 2, 6, 4)
32.38s count=252 durations=(4, 2, 7, 3)
32.50s count=253 durations=(4, 2, 8, 2)
32.60s count=254 durations=(4, 2, 9, 1)
32.69s count=255 durations=(4, 3, 1, 8)
32.79s count=256 durations=(4, 3, 2, 7)
32.89s count=257 durations=(4, 3, 3, 6)
32.98s count=258 durations=(4, 3, 4, 5)
33.10s count=259 durations=(4, 3, 5, 4)
33.19s count=260 durations=(4, 3, 6, 3)
33.31s count=261 durations=(4, 3, 7, 2)
33.45s count=262 durations=(4, 3, 8, 1)
33.58s count=263 durations=(4, 4, 1, 7)
33.68s count=264 durations=(4, 4, 2, 6)
33.78s count=265 durations=(4, 4, 3, 5)
33.87s count=266 durations=(4, 4, 5, 3)
33.97s count=267 durations=(4, 4, 6, 2)
34.05s count=268 durations=(4, 4, 7, 1)
34.15s count=269 durations=(4, 5, 1, 6)
34.25s count=270 durations=(4, 5, 2, 5)
34.34s count=271 durations=(4, 5, 3, 4)
34.44s count=272 durations=(4, 5, 4, 3)
34.54s count=273 durations=(4, 5, 5, 2)
34.65s count=274 durations=(4, 5, 6, 1)
34.75s count=275 durations=(4, 6, 1, 5)
34.84s count=276 durations=(4, 6, 2, 4)
34.93s count=277 durations=(4, 6, 3, 3)
35.03s count=278 durations=(4, 6, 4, 2)
35.12s count=279 durations=(4, 6, 5, 1)
35.22s count=280 durations=(4, 7, 1, 4)
35.31s count=281 durations=(4, 7, 2, 3)
35.41s count=282 durations=(4, 7, 3, 2)
35.69s count=283 durations=(4, 7, 4, 1)
35.85s count=284 durations=(4, 8, 1, 3)
35.97s count=285 durations=(4, 8, 2, 2)
36.06s count=286 durations=(4, 8, 3, 1)
36.14s count=287 durations=(4, 9, 1, 2)
36.23s count=288 durations=(4, 9, 2, 1)
36.31s count=289 durations=(4, 10, 1, 1)
36.40s count=290 durations=(5, 1, 1, 9)
36.48s count=291 durations=(5, 1, 2, 8)
36.56s count=292 durations=(5, 1, 3, 7)
36.64s count=293 durations=(5, 1, 4, 6)
36.73s count=294 durations=(5, 1, 5, 5)
36.83s count=295 durations=(5, 1, 6, 4)
36.91s count=296 durations=(5, 1, 7, 3)
37.02s count=297 durations=(5, 1, 8, 2)
37.12s count=298 durations=(5, 1, 9, 1)
37.20s count=299 durations=(5, 2, 1, 8)
37.30s count=300 durations=(5, 2, 2, 7)
37.41s count=301 durations=(5, 2, 3, 6)
37.50s count=302 durations=(5, 2, 4, 5)
37.60s count=303 durations=(5, 2, 5, 4)
37.70s count=304 durations=(5, 2, 6, 3)
37.80s count=305 durations=(5, 2, 7, 2)
37.89s count=306 durations=(5, 2, 8, 1)
37.98s count=307 durations=(5, 3, 1, 7)
38.07s count=308 durations=(5, 3, 2, 6)
38.16s count=309 durations=(5, 3, 3, 5)
38.25s count=310 durations=(5, 3, 4, 4)
38.33s count=311 durations=(5, 3, 5, 3)
38.43s count=312 durations=(5, 3, 6, 2)
38.52s count=313 durations=(5, 3, 7, 1)
38.62s count=314 durations=(5, 4, 1, 6)
38.70s count=315 durations=(5, 4, 2, 5)
38.79s count=316 durations=(5, 4, 3, 4)
38.89s count=317 durations=(5, 4, 4, 3)
38.98s count=318 durations=(5, 4, 5, 2)
39.08s count=319 durations=(5, 4, 6, 1)
39.17s count=320 durations=(5, 5, 1, 5)
39.25s count=321 durations=(5, 5, 2, 4)
39.35s count=322 durations=(5, 5, 3, 3)
39.43s count=323 durations=(5, 5, 4, 2)
39.52s count=324 durations=(5, 5, 5, 1)
39.61s count=325 durations=(5, 6, 1, 4)
39.70s count=326 durations=(5, 6, 2, 3)
39.77s count=327 durations=(5, 6, 3, 2)
39.84s count=328 durations=(5, 6, 4, 1)
39.92s count=329 durations=(5, 7, 1, 3)
40.00s count=330 durations=(5, 7, 2, 2)
40.08s count=331 durations=(5, 7, 3, 1)
40.16s count=332 durations=(5, 8, 1, 2)
40.24s count=333 durations=(5, 8, 2, 1)
40.30s count=334 durations=(5, 9, 1, 1)
40.38s count=335 durations=(6, 1, 1, 8)
40.44s count=336 durations=(6, 1, 2, 7)
40.51s count=337 durations=(6, 1, 3, 6)
40.58s count=338 durations=(6, 1, 4, 5)
40.65s count=339 durations=(6, 1, 5, 4)
40.72s count=340 durations=(6, 1, 6, 3)
40.80s count=341 durations=(6, 1, 7, 2)
40.87s count=342 durations=(6, 1, 8, 1)
40.94s count=343 durations=(6, 2, 1, 7)
41.09s count=344 durations=(6, 2, 2, 6)
41.22s count=345 durations=(6, 2, 3, 5)
41.35s count=346 durations=(6, 2, 4, 4)
41.48s count=347 durations=(6, 2, 5, 3)
41.62s count=348 durations=(6, 2, 6, 2)
41.75s count=349 durations=(6, 2, 7, 1)
41.88s count=350 durations=(6, 3, 1, 6)
42.01s count=351 durations=(6, 3, 2, 5)
42.14s count=352 durations=(6, 3, 3, 4)
42.27s count=353 durations=(6, 3, 4, 3)
42.40s count=354 durations=(6, 3, 5, 2)
42.53s count=355 durations=(6, 3, 6, 1)
42.66s count=356 durations=(6, 4, 1, 5)
42.80s count=357 durations=(6, 4, 2, 4)
42.99s count=358 durations=(6, 4, 3, 3)
43.11s count=359 durations=(6, 4, 4, 2)
43.23s count=360 durations=(6, 4, 5, 1)
43.37s count=361 durations=(6, 5, 1, 4)
43.52s count=362 durations=(6, 5, 2, 3)
43.66s count=363 durations=(6, 5, 3, 2)
43.80s count=364 durations=(6, 5, 4, 1)
43.95s count=365 durations=(6, 6, 1, 3)
44.09s count=366 durations=(6, 6, 2, 2)
44.23s count=367 durations=(6, 6, 3, 1)
44.38s count=368 durations=(6, 7, 1, 2)
44.52s count=369 durations=(6, 7, 2, 1)
44.66s count=370 durations=(6, 8, 1, 1)
44.80s count=371 durations=(7, 1, 1, 7)
44.93s count=372 durations=(7, 1, 2, 6)
45.07s count=373 durations=(7, 1, 3, 5)
45.21s count=374 durations=(7, 1, 4, 4)
45.36s count=375 durations=(7, 1, 5, 3)
45.50s count=376 durations=(7, 1, 6, 2)
45.65s count=377 durations=(7, 1, 7, 1)
45.79s count=378 durations=(7, 2, 1, 6)
45.95s count=379 durations=(7, 2, 2, 5)
46.09s count=380 durations=(7, 2, 3, 4)
46.24s count=381 durations=(7, 2, 4, 3)
46.39s count=382 durations=(7, 2, 5, 2)
46.54s count=383 durations=(7, 2, 6, 1)
46.70s count=384 durations=(7, 3, 1, 5)
46.85s count=385 durations=(7, 3, 2, 4)
47.00s count=386 durations=(7, 3, 3, 3)
47.15s count=387 durations=(7, 3, 4, 2)
47.30s count=388 durations=(7, 3, 5, 1)
47.45s count=389 durations=(7, 4, 1, 4)
47.60s count=390 durations=(7, 4, 2, 3)
47.76s count=391 durations=(7, 4, 3, 2)
47.91s count=392 durations=(7, 4, 4, 1)
48.06s count=393 durations=(7, 5, 1, 3)
48.17s count=394 durations=(7, 5, 2, 2)
48.25s count=395 durations=(7, 5, 3, 1)
48.34s count=396 durations=(7, 6, 1, 2)
48.43s count=397 durations=(7, 6, 2, 1)
48.51s count=398 durations=(7, 7, 1, 1)
48.60s count=399 durations=(8, 1, 1, 6)
48.69s count=400 durations=(8, 1, 2, 5)
48.77s count=401 durations=(8, 1, 3, 4)
48.86s count=402 durations=(8, 1, 4, 3)
48.99s count=403 durations=(8, 1, 5, 2)
49.07s count=404 durations=(8, 1, 6, 1)
49.16s count=405 durations=(8, 2, 1, 5)
49.24s count=406 durations=(8, 2, 2, 4)
49.33s count=407 durations=(8, 2, 3, 3)
49.42s count=408 durations=(8, 2, 4, 2)
49.51s count=409 durations=(8, 2, 5, 1)
49.60s count=410 durations=(8, 3, 1, 4)
49.69s count=411 durations=(8, 3, 2, 3)
49.78s count=412 durations=(8, 3, 3, 2)
49.87s count=413 durations=(8, 3, 4, 1)
49.96s count=414 durations=(8, 4, 1, 3)
50.07s count=415 durations=(8, 4, 2, 2)
50.22s count=416 durations=(8, 4, 3, 1)
50.37s count=417 durations=(8, 5, 1, 2)
50.48s count=418 durations=(8, 5, 2, 1)
50.57s count=419 durations=(8, 6, 1, 1)
50.67s count=420 durations=(9, 1, 1, 5)
50.75s count=421 durations=(9, 1, 2, 4)
50.84s count=422 durations=(9, 1, 3, 3)
50.93s count=423 durations=(9, 1, 4, 2)
51.06s count=424 durations=(9, 1, 5, 1)
51.20s count=425 durations=(9, 2, 1, 4)
51.34s count=426 durations=(9, 2, 2, 3)
51.48s count=427 durations=(9, 2, 3, 2)
51.62s count=428 durations=(9, 2, 4, 1)
51.73s count=429 durations=(9, 3, 1, 3)
51.82s count=430 durations=(9, 3, 2, 2)
51.91s count=431 durations=(9, 3, 3, 1)
51.99s count=432 durations=(9, 4, 1, 2)
52.08s count=433 durations=(9, 4, 2, 1)
52.16s count=434 durations=(9, 5, 1, 1)
52.24s count=435 durations=(10, 1, 1, 4)
52.33s count=436 durations=(10, 1, 2, 3)
52.41s count=437 durations=(10, 1, 3, 2)
52.50s count=438 durations=(10, 1, 4, 1)
52.58s count=439 durations=(10, 2, 1, 3)
52.66s count=440 durations=(10, 2, 2, 2)
52.75s count=441 durations=(10, 2, 3, 1)
52.84s count=442 durations=(10, 3, 1, 2)
52.93s count=443 durations=(10, 3, 2, 1)
53.02s count=444 durations=(10, 4, 1, 1)
53.10s count=445 durations=(11, 1, 1, 3)
53.19s count=446 durations=(11, 1, 2, 2)
53.28s count=447 durations=(11, 1, 3, 1)
53.37s count=448 durations=(11, 2, 1, 2)
53.45s count=449 durations=(11, 2, 2, 1)
53.54s count=450 durations=(11, 3, 1, 1)
53.63s count=451 durations=(12, 1, 1, 2)
53.72s count=452 durations=(12, 1, 2, 1)
53.80s count=453 durations=(12, 2, 1, 1)
53.89s count=454 durations=(13, 1, 1, 1)
