grid20 t=0.542872 scan min=1 failures=18425 violations=20014 minimal=540 pool=0
grid20 t=1.13365 it=30142 best=0 pool=540
grid20 t=1.62948 scan min=1 failures=11625 violations=12801 minimal=512 pool=540
grid20 t=2.11205 it=60000 best=6 current=6.12794 pool=1052
grid20 t=3.19442 it=120000 best=2 current=2 pool=1052
grid20 t=3.81513 it=154455 best=0 pool=1052
grid20 t=4.31906 scan min=1 failures=16899 violations=18699 minimal=417 pool=1052
grid20 t=4.91496 it=180000 best=3 current=3.04022 pool=1469
grid20 t=5.60826 it=203815 best=0 pool=1469
grid20 t=6.25432 scan min=1 failures=10805 violations=11650 minimal=386 pool=1469
grid20 t=6.41321 it=208000 best=4.27482e-06 pool=1855
grid20 t=6.42056 it=208195 best=0 pool=1855
grid20 t=7.067 scan min=1 failures=10790 violations=11708 minimal=425 pool=1855
grid20 t=7.22811 it=211696 best=0 pool=2280
grid20 t=7.87517 scan min=1 failures=11269 violations=12163 minimal=417 pool=2280
grid20 t=9.37013 it=240000 best=7 current=7 pool=2697
grid20 t=11.9465 it=300000 best=6 current=6.00072 pool=2697
grid20 t=13.0273 it=320560 best=0 pool=2697
grid20 t=13.7834 scan min=1 failures=5849 violations=6494 minimal=531 pool=2697
grid20 t=14.0162 it=325431 best=0 pool=3228
grid20 t=14.6189 scan min=1 failures=9654 violations=10396 minimal=524 pool=3228
grid20 t=17.1039 it=360000 best=49 current=49.0667 pool=3752
grid20 t=20.2811 it=420000 best=32 current=32.0667 pool=3752
grid20 t=24.2815 it=480000 best=29 current=29.0228 pool=3752
grid20 t=27.6444 it=540000 best=19 current=19 pool=3752
grid20 t=29.4379 it=571014 best=0 pool=3752
grid20 t=30.0986 scan min=1 failures=5139 violations=5341 minimal=466 pool=3752
grid20 t=31.8286 it=600000 best=82.5422 current=82.5422 pool=4218
grid20 t=35.6891 it=660000 best=66.5688 current=66.5688 pool=4218
grid20 t=39.4191 it=720000 best=19.2152 current=19.2156 pool=4218
grid20 t=42.0601 it=780000 best=5 current=5 pool=4218
grid20 t=44.4609 it=840000 best=3 current=3.01806 pool=4218
grid20 t=47.8875 it=900000 best=3 current=8.16102 pool=4218
grid20 t=51.7389 it=960000 best=3 current=5.02805 pool=4218
grid20 t=54.5544 it=1020000 best=3 current=9.06667 pool=4218
grid20 t=58.0971 it=1080000 best=3 current=88.3815 pool=4218
grid20 t=59.5126 it=1102651 best=0 pool=4218
grid20 t=60.0935 scan min=1 failures=11651 violations=12776 minimal=459 pool=4218
grid20 t=63.3466 it=1140000 best=8 current=8.00466 pool=4677
grid20 t=65.2736 it=1163640 best=0 pool=4677
grid20 t=65.8801 scan min=1 failures=7315 violations=7924 minimal=435 pool=4677
grid20 t=68.1467 it=1198190 best=0 pool=5112
grid20 t=68.7364 scan min=1 failures=7895 violations=8567 minimal=423 pool=5112
grid20 t=69.0428 it=1200000 best=27 current=27.0181 pool=5535
