bridge18 EXACT t=0.0880117 it=0 eval=1 accepted=0 cost=1098.59 best=1098.59 faults=253 ideal=1 hard=0 min=8,5,8,5, mean=13.5926,13.3696,13.5926,13.1489,
bridge18 EXACT t=0.101949 it=1 score=0.333333 faults=253 penalty=547 ideal=1 hard=0 min=8,5,8,5, mean=13.5926,13.3696,13.5926,13.1489,
bridge18 EXACT t=0.207633 it=4 score=0.333333 faults=249 penalty=543 ideal=1 hard=0 min=8,5,8,5, mean=13.5185,13.4132,13.5185,13.1518,
bridge18 EXACT t=0.275339 it=8 score=0.333333 faults=246 penalty=540 ideal=1 hard=0 min=8,5,8,5, mean=13.1852,13.4001,13.1852,13.2259,
bridge18 EXACT t=0.355926 it=15 score=0.333333 faults=244 penalty=280 ideal=0.8 hard=3 min=8,4,8,4, mean=13.0741,13.4365,13.0741,13.2331,
bridge18 EXACT t=0.55584 it=33 score=0.333333 faults=243 penalty=279 ideal=0.8 hard=4 min=8,4,8,4, mean=13.4074,13.5134,13.4074,13.1997,
bridge18 EXACT t=0.614498 it=38 score=0.333333 faults=242 penalty=278 ideal=0.8 hard=4 min=8,4,8,4, mean=13.2963,13.4858,13.2963,13.1954,
bridge18 EXACT t=0.649842 it=41 score=0.333333 faults=156 penalty=186 ideal=0.625 hard=58 min=5,4,8,4, mean=13.2593,13.467,13.2593,13.1068,
bridge18 EXACT t=0.728392 it=45 score=0.333333 faults=155 penalty=176 ideal=0.75 hard=22 min=6,4,8,4, mean=13.0741,13.4946,13.0741,13.2389,
bridge18 EXACT t=0.835435 it=55 score=0.333333 faults=153 penalty=174 ideal=0.75 hard=23 min=6,4,8,4, mean=13.0741,13.4771,13.0741,13.2505,
bridge18 EXACT t=1.16745 it=93 score=0.333333 faults=151 penalty=169 ideal=0.75 hard=31 min=6,4,7,5, mean=13.2963,13.3929,13.2963,13.1431,
bridge18 EXACT t=1.25631 it=101 score=0.333333 faults=146 penalty=161 ideal=0.75 hard=27 min=6,4,8,5, mean=13.0741,13.419,13.0741,13.2331,
bridge18 EXACT t=1.3534 it=106 score=0.333333 faults=145 penalty=157 ideal=0.75 hard=26 min=6,4,8,5, mean=13.1111,13.3972,13.1111,13.2229,
bridge18 EXACT t=1.57926 it=113 score=0.333333 faults=144 penalty=156 ideal=0.75 hard=27 min=6,4,8,5, mean=13.0741,13.2157,13.0741,13.1866,
bridge18 EXACT t=1.61161 it=115 score=0.333333 faults=141 penalty=156 ideal=0.6 hard=31 min=6,4,8,3, mean=12.963,13.1649,12.963,13.1474,
bridge18 EXACT t=1.99523 it=158 score=0.333333 faults=140 penalty=152 ideal=0.6 hard=32 min=6,4,8,3, mean=12.8519,13.2012,12.8519,13.1256,
bridge18 EXACT t=2.11247 it=168 score=0.333333 faults=138 penalty=144 ideal=0.75 hard=29 min=6,4,8,4, mean=13,13.1779,13,13.0501,
bridge18 EXACT t=2.34316 it=186 score=0.333333 faults=133 penalty=139 ideal=0.75 hard=33 min=6,4,7,4, mean=12.963,13.281,12.963,13.2055,
bridge18 EXACT t=2.42569 it=192 score=0.333333 faults=52 penalty=58 ideal=0.8 hard=12 min=7,4,7,5, mean=12.963,13.2752,12.963,13.1997,
bridge18 EXACT t=2.45852 it=196 score=0.333333 faults=51 penalty=57 ideal=0.8 hard=12 min=7,4,7,5, mean=12.963,13.2752,12.963,13.1997,
bridge18 EXACT t=2.69219 it=219 score=0.333333 faults=50 penalty=56 ideal=0.8 hard=12 min=7,4,7,5, mean=12.963,13.281,12.963,13.2171,
bridge18 EXACT t=2.83204 it=237 score=0.333333 faults=49 penalty=55 ideal=0.8 hard=12 min=7,4,7,5, mean=12.8889,13.2549,12.8889,13.2549,
bridge18 EXACT t=3.56342 it=319 score=0.333333 faults=48 penalty=54 ideal=0.875 hard=10 min=8,5,7,5, mean=12.7037,13.1489,12.7037,13.2651,
bridge18 EXACT t=3.58003 it=321 score=0.333333 faults=47 penalty=53 ideal=0.8 hard=6 min=8,5,7,4, mean=12.5185,13.1649,12.5185,13.2288,
bridge18 EXACT t=3.66352 it=329 score=0.333333 faults=42 penalty=48 ideal=0.8 hard=6 min=8,5,7,4, mean=12.6667,13.1649,12.6667,13.2346,
bridge18 EXACT t=4.74727 it=425 score=0.333333 faults=33 penalty=42 ideal=0.8 hard=1 min=8,4,8,5, mean=12.8889,13.2317,12.8889,13.22,
bridge18 EXACT t=5.33569 it=456 score=0.333333 faults=32 penalty=41 ideal=0.8 hard=2 min=8,4,8,5, mean=12.8148,13.2636,12.8148,13.2404,
bridge18 EXACT t=9.68069 it=1000 eval=877 accepted=214 cost=87.3935 best=86.3536 faults=35 ideal=1 hard=0 min=8,5,8,5, mean=12.8889,13.3014,12.8889,13.284,
bridge18 EXACT t=11.7273 it=1238 score=0.666667 faults=36 penalty=36 ideal=0.875 hard=10 min=7,5,7,5, mean=13.0741,13.3551,13.0741,13.2564,
bridge18 EXACT t=11.9133 it=1265 score=0.666667 faults=32 penalty=32 ideal=0.8 hard=11 min=7,4,7,5, mean=13.4074,13.3333,13.4074,13.2927,
bridge18 EXACT t=13.4677 it=1440 score=0.666667 faults=31 penalty=31 ideal=0.8 hard=2 min=8,4,8,5, mean=13.1481,13.3232,13.1481,13.3057,
bridge18 EXACT t=14.7532 it=1537 score=0.666667 faults=30 penalty=30 ideal=0.8 hard=1 min=8,4,8,5, mean=13.2222,13.4074,13.2222,13.3203,
bridge18 EXACT t=14.9477 it=1556 score=0.666667 faults=29 penalty=29 ideal=0.8 hard=1 min=8,4,8,5, mean=13.2963,13.3871,13.2963,13.3522,
bridge18 EXACT t=15.3216 it=1601 score=0.666667 faults=28 penalty=28 ideal=0.8 hard=6 min=7,4,8,5, mean=12.9259,13.3784,12.9259,13.3261,
bridge18 EXACT t=15.682 it=1649 score=0.666667 faults=26 penalty=26 ideal=0.8 hard=6 min=7,4,8,5, mean=12.9259,13.3551,12.9259,13.3203,
bridge18 EXACT t=16.666 it=1759 score=0.666667 faults=24 penalty=24 ideal=1 hard=0 min=8,5,8,5, mean=13.6296,13.3072,13.6296,13.313,
bridge18 EXACT t=18.7126 it=2000 eval=1723 accepted=417 cost=53.8948 best=52.3741 faults=24 ideal=0.8 hard=1 min=8,5,8,4, mean=12.9259,13.3958,12.9259,13.3203,
bridge18 EXACT t=19.178 it=2054 score=0.666667 faults=23 penalty=23 ideal=0.8 hard=1 min=8,5,8,4, mean=13.2963,13.3348,13.2963,13.2883,
bridge18 EXACT t=22.3387 it=2484 score=0.666667 faults=22 penalty=22 ideal=0.8 hard=1 min=8,5,8,4, mean=13.1111,13.3508,13.1111,13.3508,
bridge18 EXACT t=25.933 it=3000 eval=2475 accepted=580 cost=56.217 best=49.7376 faults=24 ideal=0.8 hard=3 min=8,4,8,4, mean=12.8889,13.3072,12.8889,13.2549,
bridge18 EXACT t=35.7154 it=4000 eval=3280 accepted=754 cost=53.3993 best=49.7376 faults=21 ideal=1 hard=0 min=8,5,8,5, mean=12.6667,13.2636,12.6667,13.3275,
bridge18 EXACT t=43.7899 it=5000 eval=4037 accepted=938 cost=52.6157 best=49.7376 faults=23 ideal=0.8 hard=1 min=8,4,8,5, mean=12.963,13.2288,12.963,13.3275,
bridge18 EXACT t=45.9546 it=5294 score=0.666667 faults=20 penalty=20 ideal=0.8 hard=2 min=8,4,8,4, mean=12.7037,13.1954,12.7037,13.2709,
bridge18 EXACT t=48.5449 it=5642 score=0.666667 faults=17 penalty=17 ideal=0.8 hard=7 min=8,4,7,4, mean=12.8148,13.2927,12.8148,13.3275,
bridge18 EXACT t=51.2114 it=6000 eval=4764 accepted=1086 cost=46.5413 best=46.1676 faults=20 ideal=0.8 hard=1 min=8,5,8,4, mean=12.5185,13.3275,12.5185,13.3333,
bridge18 EXACT t=53.2095 it=6279 score=0.666667 faults=16 penalty=16 ideal=0.8 hard=1 min=8,5,8,4, mean=12.7778,13.3203,12.7778,13.2796,
bridge18 EXACT t=53.7638 it=6358 score=0.666667 faults=15 penalty=15 ideal=0.8 hard=1 min=8,5,8,4, mean=12.6296,13.3145,12.6296,13.297,
bridge18 EXACT t=53.8837 it=6371 score=0.666667 faults=14 penalty=14 ideal=0.8 hard=1 min=8,5,9,4, mean=12.4444,13.3188,12.4444,13.2723,
bridge18 EXACT t=58.2981 it=7000 eval=5488 accepted=1261 cost=34.347 best=34.2073 faults=14 ideal=0.8 hard=1 min=8,5,8,4, mean=12.6667,13.3159,12.6667,13.3043,
bridge18 EXACT t=62.6576 it=7576 score=0.666667 faults=12 penalty=12 ideal=1 hard=0 min=8,5,8,5, mean=12.7407,13.3537,12.7407,13.2781,
bridge18 EXACT t=64.8437 it=7874 score=0.666667 faults=11 penalty=11 ideal=1 hard=0 min=8,5,8,5, mean=12.8889,13.2898,12.8889,13.3595,
bridge18 EXACT t=65.8027 it=8000 eval=6190 accepted=1417 cost=27.1927 best=26.8151 faults=11 ideal=1 hard=0 min=8,5,8,5, mean=12.7407,13.2956,12.7407,13.3246,
bridge18 EXACT t=71.0833 it=8832 score=0.666667 faults=10 penalty=10 ideal=1 hard=0 min=8,5,8,5, mean=13,13.2941,13,13.3232,
bridge18 EXACT t=72.1786 it=9000 eval=6791 accepted=1567 cost=24.9255 best=24.8634 faults=10 ideal=1 hard=0 min=8,5,8,5, mean=12.8889,13.2723,12.8889,13.313,
bridge18 EXACT t=75.5316 it=9457 score=0.666667 faults=8 penalty=8 ideal=0.8 hard=1 min=8,4,8,5, mean=12.8889,13.3014,12.8889,13.3072,
bridge18 EXACT t=79.3032 it=10000 eval=7394 accepted=1738 cost=19.8553 best=19.8553 faults=8 ideal=1 hard=0 min=8,5,8,5, mean=13.6296,13.3711,13.6296,13.3479,
bridge18 EXACT t=85.4771 it=11000 eval=7967 accepted=1872 cost=20.2773 best=19.6474 faults=8 ideal=1 hard=0 min=8,5,8,5, mean=13.2593,13.4379,13.2593,13.3682,
bridge18 EXACT t=91.7066 it=12000 eval=8529 accepted=2036 cost=20.0892 best=19.6474 faults=8 ideal=1 hard=0 min=8,5,8,5, mean=13.2222,13.4655,13.2222,13.3086,
bridge18 EXACT t=98.064 it=13000 eval=9089 accepted=2186 cost=20.0499 best=19.6474 faults=8 ideal=1 hard=0 min=8,5,8,5, mean=13.2222,13.3784,13.2222,13.3377,
bridge18 EXACT t=103.494 it=14000 eval=9616 accepted=2332 cost=20.2133 best=19.6474 faults=8 ideal=1 hard=0 min=8,5,9,5, mean=13.1111,13.3159,13.1111,13.3333,
bridge18 EXACT t=109.834 it=15000 eval=10168 accepted=2504 cost=20.133 best=19.6474 faults=8 ideal=1 hard=0 min=8,5,9,5, mean=13.0741,13.3667,13.0741,13.3319,
bridge18 EXACT t=116.121 it=16000 eval=10735 accepted=2651 cost=20.0089 best=19.6474 faults=8 ideal=1 hard=0 min=8,5,9,5, mean=13.2222,13.3261,13.2222,13.3435,
bridge18 EXACT t=122.662 it=17000 eval=11284 accepted=2819 cost=32.2066 best=19.6474 faults=12 ideal=0.8 hard=4 min=8,4,9,4, mean=13.2593,13.3217,13.2593,13.3159,
bridge18 EXACT t=129.515 it=18000 eval=11959 accepted=3007 cost=43.2527 best=19.6474 faults=15 ideal=0.8 hard=7 min=7,4,8,4, mean=12.8148,13.2229,12.8148,13.2229,
bridge18 EXACT t=136.772 it=19000 eval=12668 accepted=3191 cost=45.3339 best=19.6474 faults=16 ideal=0.8 hard=8 min=8,4,7,5, mean=13.1852,13.1155,13.1852,13.435,
bridge18 EXACT t=139.111 it=19315 score=0.666667 faults=7 penalty=7 ideal=0.8 hard=6 min=7,4,8,5, mean=13,13.2825,13,13.4161,
bridge18 EXACT t=144.98 it=20000 eval=13289 accepted=3356 cost=26.9513 best=19.6474 faults=10 ideal=0.8 hard=2 min=8,4,8,4, mean=12.8519,13.3987,12.8519,13.329,
bridge18 EXACT t=152.116 it=21000 eval=13840 accepted=3528 cost=20.2191 best=19.6474 faults=7 ideal=0.8 hard=1 min=8,4,8,5, mean=12.6667,13.3682,12.6667,13.3043,
bridge18 EXACT t=158.309 it=22000 eval=14390 accepted=3675 cost=22.2578 best=19.6474 faults=8 ideal=0.8 hard=1 min=8,4,8,5, mean=12.7407,13.3479,12.7407,13.3188,
bridge18 EXACT t=163.158 it=22508 score=0.666667 faults=6 penalty=6 ideal=0.8 hard=3 min=8,4,8,4, mean=13.0741,13.4248,13.0741,13.2854,
bridge18 EXACT t=165.907 it=22889 score=0.666667 faults=5 penalty=5 ideal=0.8 hard=3 min=8,4,8,4, mean=12.8519,13.358,12.8519,13.3232,
bridge18 EXACT t=166.601 it=23000 eval=14983 accepted=3869 cost=17.9823 best=17.9823 faults=5 ideal=0.8 hard=3 min=8,4,8,4, mean=12.8519,13.358,12.8519,13.3232,
bridge18 EXACT t=172.803 it=24000 eval=15578 accepted=4007 cost=16.7249 best=16.4555 faults=5 ideal=0.8 hard=2 min=8,4,8,4, mean=13.1111,13.3972,13.1111,13.281,
bridge18 EXACT t=177.519 it=24911 score=0.666667 faults=4 penalty=4 ideal=0.8 hard=1 min=8,5,8,4, mean=13.1481,13.4742,13.1481,13.2767,
bridge18 EXACT t=178.257 it=25000 eval=16129 accepted=4149 cost=13.6851 best=13.4492 faults=4 ideal=0.8 hard=1 min=8,5,8,4, mean=13.2222,13.4481,13.2222,13.2738,
bridge18 EXACT t=183.84 it=26000 eval=16689 accepted=4280 cost=13.3744 best=13.3744 faults=4 ideal=0.8 hard=1 min=8,5,8,4, mean=13.4074,13.4844,13.4074,13.2578,
bridge18 EXACT t=184.455 it=26106 score=0.666667 faults=3 penalty=3 ideal=0.8 hard=2 min=8,4,8,4, mean=13.5556,13.4379,13.5556,13.2636,
bridge18 EXACT t=189.481 it=27000 eval=17254 accepted=4458 cost=11.6474 best=10.813 faults=3 ideal=0.8 hard=1 min=8,5,8,4, mean=12.8148,13.3566,12.8148,13.3914,
bridge18 EXACT t=194.994 it=28000 eval=17771 accepted=4602 cost=11.3638 best=10.813 faults=3 ideal=0.8 hard=1 min=8,5,8,4, mean=12.963,13.3914,12.963,13.3508,
bridge18 EXACT t=200.387 it=29000 eval=18331 accepted=4770 cost=10.6714 best=10.6714 faults=3 ideal=0.8 hard=1 min=8,5,9,4, mean=13.7407,13.4858,13.7407,13.2767,
bridge18 EXACT t=206.25 it=30000 eval=18881 accepted=4928 cost=10.5783 best=10.5783 faults=3 ideal=0.8 hard=1 min=8,5,9,4, mean=13.7778,13.5047,13.7778,13.3246,
bridge18 EXACT t=211.074 it=31000 eval=19407 accepted=5057 cost=10.5728 best=10.5728 faults=3 ideal=0.8 hard=1 min=8,5,9,4, mean=13.8148,13.4887,13.8148,13.3028,
bridge18 EXACT t=216.434 it=32000 eval=19960 accepted=5212 cost=10.4692 best=10.4692 faults=3 ideal=0.8 hard=1 min=8,5,9,4, mean=13.8889,13.4975,13.8889,13.2767,
bridge18 EXACT t=221.15 it=33000 eval=20511 accepted=5367 cost=10.4642 best=10.4642 faults=3 ideal=0.8 hard=1 min=8,5,9,4, mean=13.963,13.4829,13.963,13.2564,
bridge18 EXACT t=224.648 it=34000 eval=21047 accepted=5480 cost=10.5328 best=10.4642 faults=3 ideal=0.8 hard=1 min=8,5,9,4, mean=13.7037,13.5309,13.7037,13.2694,
bridge18 EXACT t=229.467 it=35000 eval=21598 accepted=5630 cost=10.6054 best=10.4642 faults=3 ideal=0.8 hard=1 min=8,5,9,4, mean=13.4815,13.528,13.4815,13.313,
bridge18 EXACT t=234.298 it=36000 eval=22123 accepted=5765 cost=10.4506 best=10.4355 faults=3 ideal=0.8 hard=1 min=8,5,9,4, mean=13.7037,13.4844,13.7037,13.3043,
bridge18 EXACT t=239.035 it=37000 eval=22643 accepted=5917 cost=10.4506 best=10.4355 faults=3 ideal=0.8 hard=1 min=8,5,9,4, mean=13.7037,13.4844,13.7037,13.3043,
bridge18 EXACT t=240.601 it=37363 score=0.666667 faults=2 penalty=2 ideal=0.8 hard=1 min=8,5,10,4, mean=13.5926,13.4858,13.5926,13.3115,
bridge18 EXACT t=245.459 it=38000 eval=23290 accepted=6101 cost=34.8774 best=8.51861 faults=14 ideal=0.8 hard=3 min=8,4,8,4, mean=13.2222,13.4481,13.2222,13.3784,
bridge18 EXACT t=254.874 it=39000 eval=24011 accepted=6275 cost=44.3782 best=8.51861 faults=18 ideal=0.8 hard=3 min=8,4,8,5, mean=12.6296,13.3493,12.6296,13.297,
bridge18 EXACT t=263.985 it=40000 eval=24716 accepted=6449 cost=22.655 best=8.51861 faults=8 ideal=0.8 hard=1 min=8,5,8,4, mean=12.6296,13.3435,12.6296,13.297,
bridge18 EXACT t=270.943 it=41000 eval=25277 accepted=6596 cost=20.1421 best=8.51861 faults=7 ideal=0.8 hard=1 min=8,5,8,4, mean=13.1481,13.2941,13.1481,13.329,
bridge18 EXACT t=281.015 it=42000 eval=25798 accepted=6756 cost=12.5894 best=8.51861 faults=4 ideal=1 hard=0 min=8,5,9,5, mean=13.1111,13.3798,13.1111,13.3217,
bridge18 EXACT t=288.839 it=43000 eval=26279 accepted=6908 cost=12.3053 best=8.51861 faults=4 ideal=1 hard=0 min=8,5,9,5, mean=13.4074,13.3391,13.4074,13.3043,
bridge18 EXACT t=294.557 it=44000 eval=26813 accepted=7067 cost=9.70287 best=8.51861 faults=3 ideal=1 hard=0 min=8,5,9,5, mean=13.3704,13.4306,13.3704,13.3028,
bridge18 EXACT t=300.955 it=45000 eval=27320 accepted=7220 cost=10.2513 best=8.51861 faults=3 ideal=1 hard=0 min=8,5,8,5, mean=13.1481,13.4394,13.1481,13.2825,
bridge18 EXACT t=308.016 it=46000 eval=27793 accepted=7392 cost=10.0674 best=8.51861 faults=3 ideal=1 hard=0 min=8,5,9,5, mean=13.1852,13.4699,13.1852,13.284,
bridge18 EXACT t=314.204 it=47000 eval=28272 accepted=7532 cost=9.67674 best=8.51861 faults=3 ideal=1 hard=0 min=8,5,8,5, mean=13.4815,13.406,13.4815,13.3595,
bridge18 EXACT t=319.131 it=48000 eval=28775 accepted=7665 cost=9.52272 best=8.51861 faults=3 ideal=1 hard=0 min=9,5,8,5, mean=13.5556,13.3275,13.5556,13.3566,
bridge18 EXACT t=327.979 it=49000 eval=29292 accepted=7836 cost=9.26553 best=8.51861 faults=3 ideal=1 hard=0 min=9,5,9,5, mean=13.6296,13.3943,13.6296,13.3362,
bridge18 EXACT t=333.937 it=50000 eval=29824 accepted=7979 cost=9.17982 best=8.51861 faults=3 ideal=1 hard=0 min=9,5,10,5, mean=13.7037,13.4089,13.7037,13.345,
bridge18 EXACT t=341.311 it=51000 eval=30319 accepted=8139 cost=9.16192 best=8.51861 faults=3 ideal=1 hard=0 min=9,5,10,5, mean=13.7037,13.3798,13.7037,13.3333,
bridge18 EXACT t=346.216 it=52000 eval=30850 accepted=8270 cost=9.16192 best=8.51861 faults=3 ideal=1 hard=0 min=9,5,10,5, mean=13.7037,13.3798,13.7037,13.3333,
bridge18 EXACT t=352.506 it=53000 eval=31383 accepted=8414 cost=9.19882 best=8.51861 faults=3 ideal=1 hard=0 min=9,5,9,5, mean=13.7778,13.3827,13.7778,13.3362,
bridge18 EXACT t=362.715 it=54000 eval=31942 accepted=8574 cost=20.6127 best=8.51861 faults=8 ideal=0.8 hard=1 min=9,5,8,4, mean=13.2963,13.4161,13.2963,13.3464,
bridge18 EXACT t=370.831 it=55000 eval=32602 accepted=8751 cost=29.0471 best=8.51861 faults=12 ideal=1 hard=0 min=8,5,8,5, mean=12.8889,13.3711,12.8889,13.284,
bridge18 EXACT t=380.542 it=56000 eval=33285 accepted=8915 cost=31.189 best=8.51861 faults=12 ideal=0.8 hard=2 min=8,4,8,4, mean=12.5926,13.3769,12.5926,13.3246,
bridge18 EXACT t=390.096 it=57000 eval=33970 accepted=9076 cost=30.7894 best=8.51861 faults=12 ideal=0.8 hard=2 min=8,4,8,4, mean=12.7778,13.297,12.7778,13.3784,
bridge18 EXACT t=399.741 it=58000 eval=34632 accepted=9225 cost=27.9779 best=8.51861 faults=11 ideal=0.8 hard=1 min=8,4,8,5, mean=12.7778,13.3319,12.7778,13.3667,
bridge18 EXACT t=407.677 it=59000 eval=35306 accepted=9384 cost=26.6311 best=8.51861 faults=10 ideal=0.8 hard=2 min=8,4,8,4, mean=13.0741,13.3435,13.0741,13.3145,
bridge18 EXACT t=416.069 it=60000 eval=35927 accepted=9511 cost=25.2486 best=8.51861 faults=10 ideal=0.8 hard=1 min=8,4,8,5, mean=13,13.2767,13,13.4394,
bridge18 EXACT t=423.112 it=61000 eval=36548 accepted=9664 cost=22.1922 best=8.51861 faults=9 ideal=1 hard=0 min=8,5,9,5, mean=12.8148,13.2985,12.8148,13.4437,
bridge18 EXACT t=429.317 it=62000 eval=37161 accepted=9814 cost=21.2731 best=8.51861 faults=8 ideal=0.8 hard=1 min=8,5,9,4, mean=12.6296,13.3145,12.6296,13.419,
bridge18 EXACT t=436.835 it=63000 eval=37771 accepted=9946 cost=18.9418 best=8.51861 faults=7 ideal=0.8 hard=1 min=8,5,9,4, mean=12.9259,13.2041,12.9259,13.4655,
bridge18 EXACT t=443.922 it=64000 eval=38378 accepted=10073 cost=19.0122 best=8.51861 faults=7 ideal=0.8 hard=1 min=8,5,9,4, mean=12.6667,13.2694,12.6667,13.4495,
bridge18 EXACT t=450.229 it=65000 eval=38994 accepted=10210 cost=18.9418 best=8.51861 faults=7 ideal=0.8 hard=1 min=8,5,9,4, mean=12.9259,13.2041,12.9259,13.4655,
bridge18 EXACT t=455.972 it=66000 eval=39582 accepted=10337 cost=19.0122 best=8.51861 faults=7 ideal=0.8 hard=1 min=8,5,9,4, mean=12.6667,13.2694,12.6667,13.4495,
bridge18 EXACT t=464.835 it=67000 eval=40184 accepted=10465 cost=18.9418 best=8.51861 faults=7 ideal=0.8 hard=1 min=8,5,9,4, mean=12.9259,13.2041,12.9259,13.4655,
bridge18 EXACT t=471.488 it=68000 eval=40778 accepted=10578 cost=18.9418 best=8.51861 faults=7 ideal=0.8 hard=1 min=8,5,9,4, mean=12.9259,13.2041,12.9259,13.4655,
bridge18 EXACT t=479.36 it=69000 eval=41407 accepted=10715 cost=18.9418 best=8.51861 faults=7 ideal=0.8 hard=1 min=8,5,9,4, mean=12.9259,13.2041,12.9259,13.4655,
bridge18 EXACT t=491.661 it=70000 eval=42148 accepted=10897 cost=30.192 best=8.51861 faults=11 ideal=0.8 hard=4 min=8,4,8,4, mean=13.4074,13.2869,13.4074,13.3914,
bridge18 EXACT t=501.579 it=71000 eval=42839 accepted=11069 cost=26.3601 best=8.51861 faults=10 ideal=0.8 hard=2 min=8,4,8,5, mean=13.1481,13.4045,13.1481,13.3115,
bridge18 EXACT t=511.233 it=72000 eval=43388 accepted=11217 cost=22.0814 best=8.51861 faults=6 ideal=0.8 hard=5 min=8,4,8,4, mean=13.037,13.3188,13.037,13.3711,
bridge18 EXACT t=518.982 it=73000 eval=43887 accepted=11364 cost=18.3688 best=8.51861 faults=5 ideal=0.8 hard=4 min=8,4,8,4, mean=12.963,13.3624,12.963,13.4263,
bridge18 EXACT t=528.426 it=74000 eval=44435 accepted=11532 cost=15.838 best=8.51861 faults=5 ideal=0.8 hard=2 min=8,4,9,4, mean=13.0741,13.4306,13.0741,13.3145,
bridge18 EXACT t=535.666 it=75000 eval=44961 accepted=11695 cost=14.0099 best=8.51861 faults=4 ideal=0.8 hard=2 min=8,5,8,4, mean=12.963,13.2869,12.963,13.4147,
bridge18 EXACT t=542.382 it=76000 eval=45521 accepted=11839 cost=12.6766 best=8.51861 faults=4 ideal=0.8 hard=1 min=8,5,9,4, mean=13.0741,13.4771,13.0741,13.3842,
bridge18 EXACT t=549.352 it=77000 eval=46069 accepted=11997 cost=12.6879 best=8.51861 faults=4 ideal=0.8 hard=1 min=8,5,9,4, mean=13.1481,13.451,13.1481,13.3464,
bridge18 EXACT t=554.921 it=78000 eval=46613 accepted=12137 cost=12.7248 best=8.51861 faults=4 ideal=0.8 hard=1 min=8,5,9,4, mean=13.1481,13.451,13.1481,13.3406,
bridge18 EXACT t=564.923 it=79000 eval=47160 accepted=12288 cost=12.8448 best=8.51861 faults=4 ideal=0.8 hard=1 min=8,5,9,4, mean=13.1481,13.4626,13.1481,13.329,
bridge18 EXACT t=578.405 it=80000 eval=47706 accepted=12428 cost=12.7364 best=8.51861 faults=4 ideal=0.8 hard=1 min=8,5,9,4, mean=13.1111,13.4437,13.1111,13.345,
bridge18 EXACT t=594.385 it=81000 eval=48248 accepted=12586 cost=12.7222 best=8.51861 faults=4 ideal=0.8 hard=1 min=8,5,9,4, mean=13.1481,13.4684,13.1481,13.3406,
