bridge18 CEX t=0.0222786 it=0 cost=7.87777 pool=2 checks=0 ideal=1 hard=0 min=8,5,8,5, mean=13.2222,13.3319,13.2222,13.3319,
bridge18 CEX t=0.0866885 it=2717 score=0.333333 faults=267 penalty=642 ideal=1 hard=0 min=8,5,8,5, mean=12.7778,13.2273,12.7778,13.3203,
bridge18 CEX t=0.206348 it=5773 score=0.333333 faults=258 penalty=594 ideal=1 hard=0 min=8,5,8,5, mean=13.037,13.3362,13.037,13.3769,
bridge18 CEX t=0.34976 it=10000 cost=5.52631 pool=1018 checks=3 ideal=1 hard=0 min=8,5,8,5, mean=13.7778,13.342,13.7778,13.3537,
bridge18 CEX t=0.735213 it=20000 cost=5.14594 pool=1439 checks=4 ideal=1 hard=0 min=9,5,9,5, mean=13.5926,13.3174,13.5926,13.4045,
bridge18 CEX t=0.963898 it=25048 score=0.333333 faults=167 penalty=418 ideal=1 hard=0 min=8,5,8,5, mean=12.8889,13.2956,12.8889,13.1619,
bridge18 CEX t=1.20536 it=30000 cost=15.4126 pool=1914 checks=6 ideal=0.8 hard=6 min=8,4,8,4, mean=13.5185,13.2273,13.5185,13.3319,
bridge18 CEX t=1.63074 it=40000 cost=38.5094 pool=2750 checks=8 ideal=0.8 hard=12 min=7,4,7,4, mean=13.3704,13.2389,13.3704,13.2912,
bridge18 CEX t=2.17167 it=50000 cost=9.63185 pool=2750 checks=8 ideal=0.8 hard=1 min=8,5,8,4, mean=13.9259,13.191,13.9259,13.2781,
bridge18 CEX t=2.60567 it=60000 cost=4.61895 pool=2750 checks=8 ideal=0.8 hard=1 min=9,5,8,4, mean=13.6296,13.2026,13.6296,13.4118,
bridge18 CEX t=3.04063 it=70000 cost=4.61895 pool=2750 checks=8 ideal=0.8 hard=1 min=9,5,8,4, mean=13.6296,13.2026,13.6296,13.4118,
bridge18 CEX t=3.1234 it=70999 score=0.333333 faults=163 penalty=398 ideal=1 hard=0 min=8,5,8,5, mean=12.5185,13.3275,12.5185,13.1416,
bridge18 CEX t=3.70164 it=80000 cost=4.33273 pool=2913 checks=9 ideal=0.8 hard=1 min=9,4,8,5, mean=13.7037,13.2927,13.7037,13.3217,
bridge18 CEX t=4.25549 it=90000 cost=4.33273 pool=2913 checks=9 ideal=0.8 hard=1 min=9,4,8,5, mean=13.7037,13.2927,13.7037,13.3217,
bridge18 CEX t=5.29348 it=100000 cost=20.3135 pool=3331 checks=10 ideal=0.8 hard=1 min=9,4,8,5, mean=13.5556,13.3333,13.5556,13.3856,
bridge18 CEX t=6.3576 it=110000 cost=107.647 pool=3656 checks=11 ideal=0.6 hard=26 min=7,3,7,3, mean=13.0741,13.2389,13.0741,13.1808,
bridge18 CEX t=6.63094 it=113964 score=0.333333 faults=113 penalty=313 ideal=1 hard=0 min=8,5,8,5, mean=12.5185,13.3333,12.5185,13.0545,
bridge18 CEX t=7.03278 it=120000 cost=6.17023 pool=3769 checks=12 ideal=0.8 hard=1 min=8,5,8,4, mean=13.1852,13.2549,13.1852,13.2665,
bridge18 CEX t=7.55126 it=130000 cost=6.02975 pool=3769 checks=12 ideal=0.8 hard=1 min=8,5,8,4, mean=13.2593,13.2694,13.2593,13.2404,
bridge18 CEX t=8.37177 it=140000 cost=6.02975 pool=3769 checks=12 ideal=0.8 hard=1 min=8,5,8,4, mean=13.2593,13.2694,13.2593,13.2404,
bridge18 CEX t=9.10905 it=150000 cost=5.63969 pool=3769 checks=12 ideal=1 hard=0 min=8,5,8,5, mean=13.5926,13.3696,13.5926,13.3406,
bridge18 CEX t=10.2018 it=160000 cost=5.63969 pool=3769 checks=12 ideal=1 hard=0 min=8,5,8,5, mean=13.5926,13.3696,13.5926,13.3406,
bridge18 CEX t=10.6629 it=163877 score=0.333333 faults=70 penalty=197 ideal=1 hard=0 min=8,5,8,5, mean=12.4444,13.2607,12.4444,13.22,
bridge18 CEX t=11.0576 it=170000 cost=15.0241 pool=4013 checks=14 ideal=0.8 hard=1 min=8,5,8,4, mean=13.2222,13.1402,13.2222,13.4016,
bridge18 CEX t=11.8199 it=180000 cost=12.3788 pool=4253 checks=16 ideal=0.8 hard=2 min=8,4,8,4, mean=13,13.3232,13,13.4045,
bridge18 CEX t=12.9569 it=190000 cost=27.6711 pool=4410 checks=17 ideal=0.6 hard=9 min=8,3,8,3, mean=12.8519,13.3174,12.8519,13.358,
bridge18 CEX t=14.3055 it=200000 cost=5.13156 pool=4548 checks=18 ideal=1 hard=0 min=9,5,8,5, mean=13.6667,13.3319,13.6667,13.3377,
bridge18 CEX t=15.1001 it=210000 cost=5.13156 pool=4548 checks=18 ideal=1 hard=0 min=9,5,8,5, mean=13.6667,13.3319,13.6667,13.3377,
bridge18 CEX t=16.4973 it=220000 cost=12.9788 pool=4808 checks=20 ideal=0.8 hard=8 min=7,4,8,4, mean=13.4444,13.2593,13.4444,13.2999,
bridge18 CEX t=17.476 it=230000 cost=102.909 pool=5078 checks=21 ideal=0.8 hard=28 min=7,4,7,4, mean=12.5556,13.0617,12.5556,13.2593,
bridge18 CEX t=19.1292 it=240000 cost=24.1565 pool=5171 checks=22 ideal=1 hard=0 min=8,5,8,5, mean=12.3704,13.0951,12.3704,13.281,
bridge18 CEX t=20.9722 it=250000 cost=7.69268 pool=5171 checks=22 ideal=0.8 hard=1 min=8,5,8,4, mean=13.2593,13.252,13.2593,13.345,
bridge18 CEX t=22.1999 it=260000 cost=7.69268 pool=5171 checks=22 ideal=0.8 hard=1 min=8,5,8,4, mean=13.2593,13.252,13.2593,13.345,
bridge18 CEX t=23.5315 it=270000 cost=7.69268 pool=5171 checks=22 ideal=0.8 hard=1 min=8,5,8,4, mean=13.2593,13.252,13.2593,13.345,
bridge18 CEX t=24.3019 it=280000 cost=5.24126 pool=5171 checks=22 ideal=1 hard=0 min=9,5,9,5, mean=14.0741,13.2259,14.0741,13.4176,
bridge18 CEX t=24.8248 it=290000 cost=5.24126 pool=5171 checks=22 ideal=1 hard=0 min=9,5,9,5, mean=14.0741,13.2259,14.0741,13.4176,
bridge18 CEX t=25.752 it=300000 cost=13.4867 pool=5369 checks=23 ideal=1 hard=0 min=8,5,8,5, mean=13.8889,13.2012,13.8889,13.1895,
bridge18 CEX t=26.9685 it=310000 cost=6.56741 pool=5369 checks=23 ideal=1 hard=0 min=8,5,8,5, mean=13.6667,13.4655,13.6667,13.1518,
bridge18 CEX t=28.5697 it=320000 cost=20.2737 pool=5512 checks=24 ideal=0.8 hard=2 min=8,4,8,4, mean=12.8889,13.2084,12.8889,13.2956,
bridge18 CEX t=31.6742 it=330000 cost=6.73155 pool=5668 checks=26 ideal=1 hard=0 min=8,5,8,5, mean=13.2963,13.2302,13.2963,13.4336,
bridge18 CEX t=33.0982 it=340000 cost=6.73155 pool=5668 checks=26 ideal=1 hard=0 min=8,5,8,5, mean=13.2963,13.2302,13.2963,13.4336,
bridge18 CEX t=33.918 it=350000 cost=5.74105 pool=5668 checks=26 ideal=0.8 hard=1 min=8,4,8,5, mean=13.1852,13.0864,13.1852,13.3362,
bridge18 CEX t=34.7059 it=360000 cost=7.74105 pool=5772 checks=27 ideal=0.8 hard=1 min=8,4,8,5, mean=13.1852,13.0864,13.1852,13.3362,
bridge18 CEX t=35.7307 it=370000 cost=6.49178 pool=5772 checks=27 ideal=0.8 hard=2 min=8,4,8,5, mean=13.3704,13.2447,13.3704,13.3493,
bridge18 CEX t=36.3458 it=380000 cost=5.42379 pool=5772 checks=27 ideal=0.8 hard=1 min=8,4,8,5, mean=13.5556,13.1823,13.5556,13.4147,
bridge18 CEX t=37.0742 it=390000 cost=5.42379 pool=5772 checks=27 ideal=0.8 hard=1 min=8,4,8,5, mean=13.5556,13.1823,13.5556,13.4147,
bridge18 CEX t=37.8856 it=400000 cost=5.42379 pool=5772 checks=27 ideal=0.8 hard=1 min=8,4,8,5, mean=13.5556,13.1823,13.5556,13.4147,
bridge18 CEX t=38.6856 it=410000 cost=5.42379 pool=5772 checks=27 ideal=0.8 hard=1 min=8,4,8,5, mean=13.5556,13.1823,13.5556,13.4147,
bridge18 CEX t=39.9645 it=420000 cost=18.8799 pool=6012 checks=28 ideal=0.8 hard=6 min=8,5,7,4, mean=13.2963,13.1837,13.2963,13.451,
bridge18 CEX t=41.3327 it=430000 cost=11.4128 pool=6012 checks=28 ideal=1 hard=0 min=8,5,8,5, mean=12.6296,13.1808,12.6296,13.3145,
bridge18 CEX t=42.1791 it=440000 cost=10.5676 pool=6012 checks=28 ideal=0.8 hard=1 min=8,5,8,4, mean=12.7407,13.1329,12.7407,13.3885,
bridge18 CEX t=43.4307 it=450000 cost=9.7361 pool=6012 checks=28 ideal=0.8 hard=1 min=8,4,8,5, mean=13.2963,13.2593,13.2963,13.2941,
bridge18 CEX t=45.703 it=460000 cost=11.4992 pool=6085 checks=29 ideal=0.8 hard=1 min=8,4,8,5, mean=13.4074,13.1242,13.4074,13.4263,
bridge18 CEX t=46.75 it=462361 score=0.333333 faults=52 penalty=134 ideal=1 hard=0 min=8,5,8,5, mean=13.2963,13.1779,13.2963,13.3813,
bridge18 CEX t=48.2488 it=470000 cost=12.0384 pool=6343 checks=32 ideal=0.8 hard=1 min=8,5,8,4, mean=13.4444,13.1837,13.4444,13.4045,
bridge18 CEX t=50.1683 it=480000 cost=7.79631 pool=6464 checks=33 ideal=1 hard=0 min=9,5,8,5, mean=13.5556,13.3972,13.5556,13.2229,
bridge18 CEX t=52.2132 it=490000 cost=5.43951 pool=6533 checks=34 ideal=0.8 hard=1 min=9,5,8,4, mean=13.6296,13.1271,13.6296,13.3769,
bridge18 CEX t=53.7488 it=500000 cost=6.23747 pool=6842 checks=35 ideal=0.8 hard=2 min=8,4,8,4, mean=13.5926,13.2128,13.5926,13.3522,
bridge18 CEX t=56.0138 it=510000 cost=8.32235 pool=6906 checks=36 ideal=0.8 hard=1 min=8,5,8,4, mean=12.8519,13.2244,12.8519,13.1895,
bridge18 CEX t=57.6516 it=520000 cost=4.85508 pool=7210 checks=37 ideal=0.8 hard=1 min=8,4,8,5, mean=13.7407,13.2941,13.7407,13.3638,
bridge18 CEX t=59.0865 it=530000 cost=6.70261 pool=7467 checks=39 ideal=1 hard=0 min=8,5,8,5, mean=13.5556,13.1126,13.5556,13.3856,
bridge18 CEX t=60.0469 it=540000 cost=6.59987 pool=7537 checks=40 ideal=1 hard=0 min=8,5,8,5, mean=13.6296,13.2781,13.6296,13.1968,
bridge18 CEX t=60.8177 it=550000 cost=5.51379 pool=7537 checks=40 ideal=0.8 hard=1 min=8,5,8,4, mean=13.3333,13.1271,13.3333,13.3943,
bridge18 CEX t=61.6623 it=560000 cost=5.51379 pool=7537 checks=40 ideal=0.8 hard=1 min=8,5,8,4, mean=13.3333,13.1271,13.3333,13.3943,
bridge18 CEX t=62.6097 it=570000 cost=5.51379 pool=7537 checks=40 ideal=0.8 hard=1 min=8,5,8,4, mean=13.3333,13.1271,13.3333,13.3943,
bridge18 CEX t=63.5255 it=580000 cost=5.51379 pool=7537 checks=40 ideal=0.8 hard=1 min=8,5,8,4, mean=13.3333,13.1271,13.3333,13.3943,
bridge18 CEX t=64.9655 it=590000 cost=10.6186 pool=7631 checks=41 ideal=1 hard=0 min=8,5,8,5, mean=13.4815,13.191,13.4815,13.2956,
bridge18 CEX t=66.1989 it=600000 cost=10.6186 pool=7631 checks=41 ideal=1 hard=0 min=8,5,8,5, mean=13.4815,13.191,13.4815,13.2956,
bridge18 CEX t=67.7195 it=610000 cost=15.8929 pool=7846 checks=42 ideal=1 hard=0 min=8,5,8,5, mean=13.2222,13.2099,13.2222,13.3261,
bridge18 CEX t=70.3763 it=620000 cost=11.7733 pool=7846 checks=42 ideal=1 hard=0 min=8,5,8,5, mean=12.9259,13.297,12.9259,13.3493,
bridge18 CEX t=72.5427 it=630000 cost=6.94174 pool=8156 checks=44 ideal=1 hard=0 min=9,5,8,5, mean=13.0741,13.1402,13.0741,13.3667,
bridge18 CEX t=75.2502 it=640000 cost=5.27998 pool=8364 checks=45 ideal=0.8 hard=1 min=8,4,8,5, mean=12.963,13.3798,12.963,13.281,
bridge18 CEX t=79.2572 it=650000 cost=9.37718 pool=8463 checks=46 ideal=0.8 hard=2 min=8,4,8,4, mean=12.8889,13.1561,12.8889,13.4582,
bridge18 CEX t=86.0332 it=660000 cost=9.83821 pool=8534 checks=47 ideal=1 hard=0 min=8,5,8,5, mean=12.8148,13.1939,12.8148,13.3217,
bridge18 CEX t=90.5659 it=670000 cost=7.92684 pool=8534 checks=47 ideal=1 hard=0 min=8,5,9,5, mean=13.2222,13.297,13.2222,13.2796,
bridge18 CEX t=94.4447 it=680000 cost=6.08641 pool=8595 checks=48 ideal=0.8 hard=1 min=8,5,8,4, mean=12.6296,13.2447,12.6296,13.1866,
bridge18 CEX t=97.7922 it=690000 cost=22.5189 pool=8687 checks=49 ideal=0.8 hard=8.84019 min=7,4,8,4, mean=12.1852,13.2854,12.1852,13.0995,
bridge18 CEX t=99.0517 it=700000 cost=6.66683 pool=8839 checks=50 ideal=0.8 hard=1 min=8,5,8,4, mean=12.7778,13.0414,12.7778,13.3842,
bridge18 CEX t=100.521 it=710000 cost=5.54006 pool=8839 checks=50 ideal=0.8 hard=1 min=8,5,8,4, mean=13.037,13.3362,13.037,13.2026,
bridge18 CEX t=103.721 it=720000 cost=14.9908 pool=9111 checks=51 ideal=0.8 hard=2 min=8,4,8,5, mean=12.7778,13.1924,12.7778,13.2331,
bridge18 CEX t=105.255 it=730000 cost=13.7161 pool=9111 checks=51 ideal=0.8 hard=2 min=8,4,8,4, mean=12.5926,13.2375,12.5926,13.1503,
bridge18 CEX t=106.785 it=740000 cost=8.08742 pool=9111 checks=51 ideal=0.8 hard=1 min=8,4,8,5, mean=12.4444,13.191,12.4444,13.284,
bridge18 CEX t=108.297 it=750000 cost=20.6909 pool=9189 checks=52 ideal=0.8 hard=1 min=8,5,8,4, mean=12.8519,13.2302,12.8519,13.207,
bridge18 CEX t=110.12 it=760000 cost=9.82992 pool=9335 checks=53 ideal=0.8 hard=1 min=8,4,8,5, mean=12.7778,13.1808,12.7778,13.3842,
bridge18 CEX t=111.792 it=770000 cost=7.14825 pool=9335 checks=53 ideal=0.8 hard=1 min=9,5,8,4, mean=13.1111,13.345,13.1111,13.2578,
bridge18 CEX t=112.851 it=780000 cost=7.14825 pool=9335 checks=53 ideal=0.8 hard=1 min=9,5,8,4, mean=13.1111,13.345,13.1111,13.2578,
bridge18 CEX t=114.078 it=790000 cost=7.14825 pool=9335 checks=53 ideal=0.8 hard=1 min=9,5,8,4, mean=13.1111,13.345,13.1111,13.2578,
bridge18 CEX t=115.526 it=800000 cost=7.14825 pool=9335 checks=53 ideal=0.8 hard=1 min=9,5,8,4, mean=13.1111,13.345,13.1111,13.2578,
bridge18 CEX t=117.151 it=810000 cost=6.574 pool=9335 checks=53 ideal=1 hard=0 min=8,5,8,5, mean=13.2963,13.0966,13.2963,13.4975,
bridge18 CEX t=118.682 it=820000 cost=6.16824 pool=9335 checks=53 ideal=1 hard=0 min=8,5,9,5, mean=12.9259,13.1983,12.9259,13.4016,
bridge18 CEX t=120.15 it=830000 cost=6.16824 pool=9335 checks=53 ideal=1 hard=0 min=8,5,9,5, mean=12.9259,13.1983,12.9259,13.4016,
bridge18 CEX t=121.597 it=840000 cost=5.74433 pool=9335 checks=53 ideal=1 hard=0 min=8,5,8,5, mean=13.4444,13.3813,13.4444,13.2476,
bridge18 CEX t=122.919 it=850000 cost=5.74433 pool=9335 checks=53 ideal=1 hard=0 min=8,5,8,5, mean=13.4444,13.3813,13.4444,13.2476,
bridge18 CEX t=124.796 it=860000 cost=5.72821 pool=9335 checks=53 ideal=1 hard=0 min=8,5,8,5, mean=13.5185,13.3842,13.5185,13.2041,
bridge18 CEX t=126.357 it=870000 cost=5.72821 pool=9335 checks=53 ideal=1 hard=0 min=8,5,8,5, mean=13.5185,13.3842,13.5185,13.2041,
bridge18 CEX t=127.412 it=880000 cost=5.63159 pool=9335 checks=53 ideal=1 hard=0 min=8,5,9,5, mean=13.5556,13.4321,13.5556,13.2462,
bridge18 CEX t=127.893 it=885068 score=0.333333 faults=37 penalty=107 ideal=1 hard=0 min=8,5,8,5, mean=12.5185,13.281,12.5185,13.1765,
bridge18 CEX t=128.441 it=890000 cost=6.34328 pool=9372 checks=54 ideal=1 hard=0 min=9,5,8,5, mean=13.5556,13.1823,13.5556,13.3914,
bridge18 CEX t=129.716 it=900000 cost=9.2854 pool=9465 checks=55 ideal=0.8 hard=1 min=8,4,8,5, mean=13.4444,13.236,13.4444,13.3057,
bridge18 CEX t=130.986 it=910000 cost=5.78142 pool=9465 checks=55 ideal=0.8 hard=1 min=8,5,9,4, mean=13.1481,13.2767,13.1481,13.2709,
bridge18 CEX t=132.522 it=920000 cost=5.78142 pool=9465 checks=55 ideal=0.8 hard=1 min=8,5,9,4, mean=13.1481,13.2767,13.1481,13.2709,
bridge18 CEX t=133.851 it=930000 cost=12.2698 pool=9732 checks=56 ideal=1 hard=0 min=8,5,8,5, mean=13.7037,13.2462,13.7037,13.281,
bridge18 CEX t=135.124 it=940000 cost=13.7643 pool=9821 checks=57 ideal=0.8 hard=1 min=8,4,8,5, mean=13.4074,13.1823,13.4074,13.281,
bridge18 CEX t=136.317 it=950000 cost=8.08324 pool=9821 checks=57 ideal=1 hard=0 min=9,5,8,5, mean=13.0741,13.2447,13.0741,13.4655,
bridge18 CEX t=137.157 it=960000 cost=5.44777 pool=9821 checks=57 ideal=1 hard=0 min=9,5,8,5, mean=13.8519,13.2462,13.8519,13.345,
bridge18 CEX t=138.299 it=970000 cost=5.15337 pool=9821 checks=57 ideal=1 hard=0 min=9,5,9,5, mean=13.6296,13.3595,13.6296,13.3188,
bridge18 CEX t=139.949 it=980000 cost=5.15337 pool=9821 checks=57 ideal=1 hard=0 min=9,5,9,5, mean=13.6296,13.3595,13.6296,13.3188,
bridge18 CEX t=141.15 it=990000 cost=5.15337 pool=9821 checks=57 ideal=1 hard=0 min=9,5,9,5, mean=13.6296,13.3595,13.6296,13.3188,
bridge18 CEX t=142.458 it=1000000 cost=5.14269 pool=9821 checks=57 ideal=1 hard=0 min=9,5,9,5, mean=13.6667,13.3725,13.6667,13.3028,
bridge18 CEX t=143.678 it=1010000 cost=5.14269 pool=9821 checks=57 ideal=1 hard=0 min=9,5,9,5, mean=13.6667,13.3725,13.6667,13.3028,
bridge18 CEX t=145.016 it=1020000 cost=5.14269 pool=9821 checks=57 ideal=1 hard=0 min=9,5,9,5, mean=13.6667,13.3725,13.6667,13.3028,
bridge18 CEX t=146.207 it=1030000 cost=5.14269 pool=9821 checks=57 ideal=1 hard=0 min=9,5,9,5, mean=13.6667,13.3725,13.6667,13.3028,
bridge18 CEX t=147.349 it=1040000 cost=5.14269 pool=9821 checks=57 ideal=1 hard=0 min=9,5,9,5, mean=13.6667,13.3725,13.6667,13.3028,
bridge18 CEX t=148.337 it=1050000 cost=5.14269 pool=9821 checks=57 ideal=1 hard=0 min=9,5,9,5, mean=13.6667,13.3725,13.6667,13.3028,
bridge18 CEX t=149.48 it=1060000 cost=5.14269 pool=9821 checks=57 ideal=1 hard=0 min=9,5,9,5, mean=13.6667,13.3725,13.6667,13.3028,
bridge18 CEX t=150.49 it=1070000 cost=5.14269 pool=9821 checks=57 ideal=1 hard=0 min=9,5,9,5, mean=13.6667,13.3725,13.6667,13.3028,
bridge18 CEX t=152.824 it=1080000 cost=5.14269 pool=9821 checks=57 ideal=1 hard=0 min=9,5,9,5, mean=13.6667,13.3725,13.6667,13.3028,
bridge18 CEX t=154.214 it=1090000 cost=5.10972 pool=9821 checks=57 ideal=1 hard=0 min=9,5,9,5, mean=14.1111,13.175,14.1111,13.4713,
bridge18 CEX t=155.718 it=1100000 cost=24.3515 pool=10105 checks=59 ideal=0.8 hard=5 min=8,4,8,4, mean=12.7778,13.2157,12.7778,13.2854,
bridge18 CEX t=156.861 it=1110000 cost=6.16656 pool=10156 checks=60 ideal=1 hard=0 min=8,5,8,5, mean=13.7037,13.1765,13.7037,13.159,
bridge18 CEX t=158.207 it=1120000 cost=8.21593 pool=10238 checks=61 ideal=0.8 hard=1 min=8,5,8,4, mean=12.9259,13.3086,12.9259,13.1866,
bridge18 CEX t=159.796 it=1130000 cost=8.19039 pool=10238 checks=61 ideal=1 hard=0 min=9,5,8,5, mean=13.1852,13.1329,13.1852,13.4408,
bridge18 CEX t=161.725 it=1140000 cost=6.22241 pool=10299 checks=62 ideal=1 hard=0 min=8,5,8,5, mean=13.0741,13.2331,13.0741,13.3493,
bridge18 CEX t=164.001 it=1150000 cost=9.50732 pool=10499 checks=64 ideal=0.8 hard=1 min=8,4,8,5, mean=13.5556,13.1649,13.5556,13.2752,
bridge18 CEX t=165.26 it=1160000 cost=7.33441 pool=10499 checks=64 ideal=1 hard=0 min=8,5,8,5, mean=13.4815,13.0516,13.4815,13.3827,
bridge18 CEX t=166.617 it=1170000 cost=10.0033 pool=10747 checks=65 ideal=0.8 hard=1 min=8,4,8,5, mean=13,13.236,13,13.329,
bridge18 CEX t=168.068 it=1180000 cost=19.4241 pool=10817 checks=66 ideal=0.8 hard=8 min=8,4,7,4, mean=13.4074,13.2462,13.4074,13.2985,
bridge18 CEX t=168.909 it=1190000 cost=5.18677 pool=10817 checks=66 ideal=0.8 hard=1 min=8,5,8,4, mean=13.3333,13.3479,13.3333,13.3537,
bridge18 CEX t=170.663 it=1200000 cost=5.18677 pool=10817 checks=66 ideal=0.8 hard=1 min=8,5,8,4, mean=13.3333,13.3479,13.3333,13.3537,
bridge18 CEX t=172.214 it=1210000 cost=6.59807 pool=10906 checks=67 ideal=1 hard=0 min=9,5,8,5, mean=13.4444,13.1663,13.4444,13.451,
bridge18 CEX t=173.655 it=1220000 cost=6.59807 pool=10906 checks=67 ideal=1 hard=0 min=9,5,8,5, mean=13.4444,13.1663,13.4444,13.451,
bridge18 CEX t=174.869 it=1230000 cost=6.2689 pool=10906 checks=67 ideal=1 hard=0 min=8,5,8,5, mean=13.6296,13.2375,13.6296,13.284,
bridge18 CEX t=176.096 it=1240000 cost=12.1826 pool=11106 checks=69 ideal=0.8 hard=2 min=9,5,8,4, mean=13.8519,13.1765,13.8519,13.3159,
bridge18 CEX t=177.624 it=1250000 cost=15.7982 pool=11247 checks=70 ideal=0.8 hard=1 min=8,5,8,4, mean=13.3333,13.1503,13.3333,13.0748,
bridge18 CEX t=178.871 it=1260000 cost=6.6593 pool=11247 checks=70 ideal=1 hard=0 min=9,5,8,5, mean=12.9259,13.2215,12.9259,13.0646,
bridge18 CEX t=180.025 it=1270000 cost=6.59713 pool=11247 checks=70 ideal=0.8 hard=1 min=8,5,8,4, mean=13.037,13.2433,13.037,13.2084,
bridge18 CEX t=181.04 it=1280000 cost=6.59713 pool=11247 checks=70 ideal=0.8 hard=1 min=8,5,8,4, mean=13.037,13.2433,13.037,13.2084,
bridge18 CEX t=182.388 it=1290000 cost=6.59713 pool=11247 checks=70 ideal=0.8 hard=1 min=8,5,8,4, mean=13.037,13.2433,13.037,13.2084,
bridge18 CEX t=183.966 it=1300000 cost=5.96846 pool=11304 checks=71 ideal=0.8 hard=1 min=8,5,8,4, mean=13.2963,13.3174,13.2963,13.207,
bridge18 CEX t=186.076 it=1310000 cost=11.9544 pool=11377 checks=72 ideal=1 hard=0 min=9,5,8,5, mean=13.8519,13.2113,13.8519,13.3624,
bridge18 CEX t=187.933 it=1320000 cost=11.1027 pool=11377 checks=72 ideal=0.8 hard=1 min=8,5,8,4, mean=13.8519,13.1823,13.8519,13.3624,
bridge18 CEX t=189.704 it=1330000 cost=6.0342 pool=11377 checks=72 ideal=1 hard=0 min=8,5,9,5, mean=13.7778,13.2317,13.7778,13.2781,
bridge18 CEX t=191.344 it=1340000 cost=36.5897 pool=11528 checks=73 ideal=0.8 hard=9 min=7,4,8,4, mean=12.5556,13.1837,12.5556,13.2941,
bridge18 CEX t=192.954 it=1350000 cost=11.0543 pool=11528 checks=73 ideal=0.8 hard=1 min=8,4,8,5, mean=13.1481,13.1431,13.1481,13.2651,
bridge18 CEX t=194.782 it=1360000 cost=7.69469 pool=11528 checks=73 ideal=0.8 hard=2 min=9,4,8,4, mean=13.6667,13.2273,13.6667,13.4481,
bridge18 CEX t=196.67 it=1370000 cost=7.69469 pool=11528 checks=73 ideal=0.8 hard=2 min=9,4,8,4, mean=13.6667,13.2273,13.6667,13.4481,
bridge18 CEX t=198.006 it=1380000 cost=5.45303 pool=11528 checks=73 ideal=0.8 hard=1 min=8,5,9,4, mean=13.0741,13.2622,13.0741,13.3028,
bridge18 CEX t=199.534 it=1390000 cost=12.0419 pool=11672 checks=74 ideal=0.8 hard=2 min=8,5,8,4, mean=12.8889,13.1445,12.8889,13.2781,
bridge18 CEX t=201.398 it=1400000 cost=8.71068 pool=11672 checks=74 ideal=1 hard=0 min=8,5,8,5, mean=13.037,13.1329,13.037,13.3885,
bridge18 CEX t=202.768 it=1410000 cost=75.688 pool=11857 checks=75 ideal=0.6 hard=17 min=7,3,8,4, mean=13.0741,13.268,13.0741,13.3842,
bridge18 CEX t=204.401 it=1420000 cost=7.8349 pool=11857 checks=75 ideal=0.998268 hard=0.0506822 min=8,5,8,5, mean=12.7778,12.9775,12.7778,13.4655,
bridge18 CEX t=206.08 it=1430000 cost=7.8349 pool=11857 checks=75 ideal=0.998268 hard=0.0506822 min=8,5,8,5, mean=12.7778,12.9775,12.7778,13.4655,
bridge18 CEX t=207.361 it=1440000 cost=7.8349 pool=11857 checks=75 ideal=0.998268 hard=0.0506822 min=8,5,8,5, mean=12.7778,12.9775,12.7778,13.4655,
bridge18 CEX t=208.865 it=1450000 cost=7.8349 pool=11857 checks=75 ideal=0.998268 hard=0.0506822 min=8,5,8,5, mean=12.7778,12.9775,12.7778,13.4655,
bridge18 CEX t=210.082 it=1460000 cost=7.04577 pool=11857 checks=75 ideal=1 hard=0 min=8,5,8,5, mean=12.963,13.0893,12.963,13.4263,
bridge18 CEX t=211.761 it=1470000 cost=7.04577 pool=11857 checks=75 ideal=1 hard=0 min=8,5,8,5, mean=12.963,13.0893,12.963,13.4263,
bridge18 CEX t=212.982 it=1480000 cost=7.04577 pool=11857 checks=75 ideal=1 hard=0 min=8,5,8,5, mean=12.963,13.0893,12.963,13.4263,
bridge18 CEX t=214.705 it=1490000 cost=7.04577 pool=11857 checks=75 ideal=1 hard=0 min=8,5,8,5, mean=12.963,13.0893,12.963,13.4263,
bridge18 CEX t=216.234 it=1500000 cost=7.04577 pool=11857 checks=75 ideal=1 hard=0 min=8,5,8,5, mean=12.963,13.0893,12.963,13.4263,
bridge18 CEX t=217.565 it=1510000 cost=7.04577 pool=11857 checks=75 ideal=1 hard=0 min=8,5,8,5, mean=12.963,13.0893,12.963,13.4263,
bridge18 CEX t=219.065 it=1520000 cost=7.04577 pool=11857 checks=75 ideal=1 hard=0 min=8,5,8,5, mean=12.963,13.0893,12.963,13.4263,
bridge18 CEX t=220.961 it=1530000 cost=7.04577 pool=11857 checks=75 ideal=1 hard=0 min=8,5,8,5, mean=12.963,13.0893,12.963,13.4263,
bridge18 CEX t=222.393 it=1540000 cost=7.04577 pool=11857 checks=75 ideal=1 hard=0 min=8,5,8,5, mean=12.963,13.0893,12.963,13.4263,
bridge18 CEX t=224.651 it=1550000 cost=7.04577 pool=11857 checks=75 ideal=1 hard=0 min=8,5,8,5, mean=12.963,13.0893,12.963,13.4263,
bridge18 CEX t=225.873 it=1560000 cost=7.04577 pool=11857 checks=75 ideal=1 hard=0 min=8,5,8,5, mean=12.963,13.0893,12.963,13.4263,
bridge18 CEX t=227.124 it=1570000 cost=7.04577 pool=11857 checks=75 ideal=1 hard=0 min=8,5,8,5, mean=12.963,13.0893,12.963,13.4263,
bridge18 CEX t=229.259 it=1580000 cost=7.04577 pool=11857 checks=75 ideal=1 hard=0 min=8,5,8,5, mean=12.963,13.0893,12.963,13.4263,
bridge18 CEX t=230.838 it=1590000 cost=7.04577 pool=11857 checks=75 ideal=1 hard=0 min=8,5,8,5, mean=12.963,13.0893,12.963,13.4263,
bridge18 CEX t=232.105 it=1600000 cost=7.04577 pool=11857 checks=75 ideal=1 hard=0 min=8,5,8,5, mean=12.963,13.0893,12.963,13.4263,
bridge18 CEX t=233.902 it=1610000 cost=7.04577 pool=11857 checks=75 ideal=1 hard=0 min=8,5,8,5, mean=12.963,13.0893,12.963,13.4263,
bridge18 CEX t=235.331 it=1620000 cost=7.04577 pool=11857 checks=75 ideal=1 hard=0 min=8,5,8,5, mean=12.963,13.0893,12.963,13.4263,
bridge18 CEX t=236.806 it=1630000 cost=7.04577 pool=11857 checks=75 ideal=1 hard=0 min=8,5,8,5, mean=12.963,13.0893,12.963,13.4263,
bridge18 CEX t=238.457 it=1640000 cost=7.04577 pool=11857 checks=75 ideal=1 hard=0 min=8,5,8,5, mean=12.963,13.0893,12.963,13.4263,
bridge18 CEX t=240.479 it=1650000 cost=7.04577 pool=11857 checks=75 ideal=1 hard=0 min=8,5,8,5, mean=12.963,13.0893,12.963,13.4263,
