bridge18 EXACT t=0.0163966 it=0 eval=0 accepted=0 cost=20.4186 best=20.4186 faults=2 ideal=0.8 hard=1 min=8,5,10,4, mean=13.5926,13.4858,13.5926,13.3115,
bridge18 EXACT t=0.0769645 it=7 score=0.666667 faults=2 penalty=2 ideal=0.8 hard=1 min=8,5,10,4, mean=13.5926,13.4858,13.5926,13.3115,
bridge18 EXACT t=7.91418 it=1000 eval=722 accepted=128 cost=34.7345 best=20.4186 faults=7 ideal=0.8 hard=8 min=7,4,8,4, mean=13.2593,13.4321,13.2593,13.3391,
bridge18 EXACT t=15.7794 it=2000 eval=1429 accepted=265 cost=36.0248 best=20.4186 faults=10 ideal=0.8 hard=3 min=8,4,8,4, mean=13.2963,13.4219,13.2963,13.207,
bridge18 EXACT t=22.87 it=3000 eval=2051 accepted=380 cost=25.4528 best=20.4186 faults=5 ideal=0.8 hard=3 min=8,4,8,4, mean=13.0741,13.4423,13.0741,13.3377,
bridge18 EXACT t=30.1911 it=4000 eval=2632 accepted=471 cost=23.9034 best=20.4186 faults=6 ideal=0.8 hard=2 min=8,4,8,5, mean=12.6667,13.4263,12.6667,13.3508,
bridge18 EXACT t=36.8545 it=5000 eval=3223 accepted=560 cost=23.0147 best=20.4186 faults=6 ideal=0.8 hard=2 min=8,4,9,5, mean=13.2593,13.5657,13.2593,13.2578,
bridge18 EXACT t=43.7576 it=6000 eval=3859 accepted=636 cost=23.5925 best=20.4186 faults=5 ideal=0.8 hard=3 min=8,4,9,4, mean=13.1481,13.4975,13.1481,13.3232,
bridge18 EXACT t=50.6716 it=7000 eval=4473 accepted=738 cost=22.286 best=20.4186 faults=4 ideal=0.8 hard=3 min=8,4,8,4, mean=12.963,13.3624,12.963,13.3914,
bridge18 EXACT t=57.7479 it=8000 eval=5117 accepted=826 cost=21.8668 best=20.4186 faults=5 ideal=0.8 hard=2 min=8,4,8,4, mean=12.8148,13.3914,12.8148,13.3333,
bridge18 EXACT t=63.9134 it=9000 eval=5674 accepted=915 cost=19.248 best=19.2467 faults=4 ideal=0.8 hard=2 min=8,4,8,4, mean=12.9259,13.4887,12.9259,13.3261,
bridge18 EXACT t=68.9989 it=10000 eval=6257 accepted=995 cost=19.2267 best=19.2267 faults=4 ideal=0.8 hard=2 min=8,4,8,4, mean=12.8519,13.5033,12.8519,13.3348,
bridge18 EXACT t=73.299 it=11000 eval=6783 accepted=1071 cost=19.248 best=19.2267 faults=4 ideal=0.8 hard=2 min=8,4,8,4, mean=12.9259,13.4887,12.9259,13.3261,
bridge18 EXACT t=78.1917 it=12000 eval=7320 accepted=1150 cost=19.2467 best=19.2267 faults=4 ideal=0.8 hard=2 min=8,4,8,4, mean=12.8519,13.5033,12.8519,13.3348,
bridge18 EXACT t=84.4982 it=13000 eval=7874 accepted=1241 cost=19.248 best=19.2267 faults=4 ideal=0.8 hard=2 min=8,4,8,4, mean=12.9259,13.4887,12.9259,13.3261,
bridge18 EXACT t=93.8988 it=14000 eval=8485 accepted=1342 cost=31.9671 best=19.2267 faults=10 ideal=0.8 hard=2 min=8,4,8,4, mean=13.2593,13.3682,13.2593,13.2927,
bridge18 EXACT t=102.544 it=15000 eval=9215 accepted=1473 cost=45.5016 best=19.2267 faults=11 ideal=0.8 hard=3 min=8,4,8,4, mean=13.3333,13.3653,13.3333,13.2375,
bridge18 EXACT t=111.084 it=16000 eval=9863 accepted=1576 cost=26.862 best=19.2267 faults=5 ideal=0.8 hard=2 min=8,4,8,4, mean=13,13.3464,13,13.2534,
bridge18 EXACT t=120.094 it=17000 eval=10447 accepted=1688 cost=25.815 best=19.2267 faults=4 ideal=0.8 hard=2 min=8,4,8,4, mean=12.9259,13.3551,12.9259,13.2796,
bridge18 EXACT t=126.79 it=18000 eval=11011 accepted=1786 cost=20.7185 best=19.2267 faults=4 ideal=0.8 hard=2 min=8,4,8,4, mean=13.1111,13.3682,13.1111,13.2462,
bridge18 EXACT t=131.249 it=19000 eval=11565 accepted=1873 cost=17.3943 best=17.3943 faults=2 ideal=0.8 hard=1 min=8,4,8,5, mean=12.9259,13.4597,12.9259,13.2331,
bridge18 EXACT t=136.847 it=20000 eval=12105 accepted=1962 cost=17.3606 best=17.3406 faults=2 ideal=0.8 hard=1 min=8,4,8,5, mean=12.8889,13.4757,12.8889,13.2491,
bridge18 EXACT t=142.511 it=21000 eval=12664 accepted=2046 cost=17.4806 best=17.3406 faults=2 ideal=0.8 hard=1 min=8,4,8,5, mean=12.8889,13.4757,12.8889,13.2491,
bridge18 EXACT t=148.541 it=22000 eval=13226 accepted=2142 cost=17.2712 best=17.2712 faults=2 ideal=0.8 hard=1 min=8,4,8,5, mean=12.8889,13.4582,12.8889,13.2491,
bridge18 EXACT t=153.365 it=23000 eval=13739 accepted=2234 cost=15.8668 best=15.814 faults=2 ideal=0.8 hard=1 min=8,4,8,5, mean=13,13.451,13,13.2767,
bridge18 EXACT t=158.123 it=24000 eval=14287 accepted=2314 cost=15.814 best=15.814 faults=2 ideal=0.8 hard=1 min=8,4,8,5, mean=12.963,13.4728,12.963,13.281,
bridge18 EXACT t=162.704 it=25000 eval=14823 accepted=2389 cost=15.834 best=15.814 faults=2 ideal=0.8 hard=1 min=8,4,8,5, mean=12.963,13.4728,12.963,13.281,
bridge18 EXACT t=167.072 it=26000 eval=15360 accepted=2459 cost=15.5291 best=15.5291 faults=2 ideal=0.8 hard=1 min=8,4,9,5, mean=12.9259,13.4713,12.9259,13.2564,
bridge18 EXACT t=171.657 it=27000 eval=15886 accepted=2538 cost=15.5291 best=15.5091 faults=2 ideal=0.8 hard=1 min=8,4,9,5, mean=12.9259,13.4713,12.9259,13.2564,
bridge18 EXACT t=176.101 it=28000 eval=16416 accepted=2627 cost=15.5091 best=15.5091 faults=2 ideal=0.8 hard=1 min=8,4,9,5, mean=12.9259,13.4713,12.9259,13.2564,
bridge18 EXACT t=181.163 it=29000 eval=16994 accepted=2720 cost=20.308 best=15.5091 faults=3 ideal=0.8 hard=1 min=8,4,9,5, mean=12.8519,13.4568,12.8519,13.2128,
bridge18 EXACT t=188.808 it=30000 eval=17687 accepted=2857 cost=34.3708 best=15.5091 faults=8 ideal=0.8 hard=2 min=8,4,8,4, mean=12.4074,13.3057,12.4074,13.2476,
bridge18 EXACT t=195.421 it=31000 eval=18314 accepted=2966 cost=36.6308 best=15.5091 faults=9 ideal=0.8 hard=1.15432 min=8,4,8,5, mean=12.2222,13.2694,12.2222,13.2694,
bridge18 EXACT t=204.881 it=32000 eval=18946 accepted=3080 cost=26.9637 best=15.5091 faults=5 ideal=0.8 hard=2 min=8,4,8,4, mean=12.6296,13.2738,12.6296,13.3086,
bridge18 EXACT t=212.178 it=33000 eval=19502 accepted=3168 cost=21.5526 best=15.5091 faults=5 ideal=0.8 hard=1 min=8,4,8,5, mean=12.8148,13.2752,12.8148,13.3043,
bridge18 EXACT t=220.485 it=34000 eval=20051 accepted=3257 cost=21.5637 best=15.5091 faults=4 ideal=0.8 hard=2 min=8,4,8,4, mean=12.5926,13.3246,12.5926,13.2259,
bridge18 EXACT t=227.946 it=35000 eval=20600 accepted=3351 cost=21.5126 best=15.5091 faults=5 ideal=0.8 hard=1 min=8,4,8,5, mean=12.8148,13.2752,12.8148,13.3043,
bridge18 EXACT t=233.967 it=36000 eval=21119 accepted=3422 cost=21.2697 best=15.5091 faults=4 ideal=0.8 hard=2 min=8,4,8,4, mean=12.7037,13.236,12.7037,13.2651,
bridge18 EXACT t=240.04 it=37000 eval=21663 accepted=3508 cost=21.2497 best=15.5091 faults=4 ideal=0.8 hard=2 min=8,4,8,4, mean=12.7037,13.236,12.7037,13.2651,
bridge18 EXACT t=246.562 it=38000 eval=22178 accepted=3596 cost=21.2376 best=15.5091 faults=4 ideal=0.8 hard=2 min=8,4,8,4, mean=12.4815,13.3435,12.4815,13.2564,
bridge18 EXACT t=252.272 it=39000 eval=22700 accepted=3687 cost=21.2176 best=15.5091 faults=4 ideal=0.8 hard=2 min=8,4,8,4, mean=12.4815,13.3435,12.4815,13.2564,
bridge18 EXACT t=259.349 it=40000 eval=23243 accepted=3779 cost=18.6453 best=15.5091 faults=2 ideal=0.8 hard=2 min=8,4,9,4, mean=12.3333,13.419,12.3333,13.2389,
bridge18 EXACT t=267.126 it=41000 eval=23789 accepted=3869 cost=18.6474 best=15.5091 faults=2 ideal=0.8 hard=2 min=8,4,9,4, mean=12.4074,13.3987,12.4074,13.2302,
bridge18 EXACT t=274.197 it=42000 eval=24403 accepted=3992 cost=41.9382 best=15.5091 faults=11 ideal=0.8 hard=6 min=8,4,7,5, mean=12.8519,13.329,12.8519,13.1663,
bridge18 EXACT t=283.373 it=43000 eval=25161 accepted=4115 cost=43.9158 best=15.5091 faults=15 ideal=1 hard=0 min=8,5,8,5, mean=12.7778,13.3725,12.7778,13.2331,
bridge18 EXACT t=301.651 it=44000 eval=25895 accepted=4237 cost=33.5462 best=15.5091 faults=11 ideal=0.8 hard=1 min=8,4,8,5, mean=12.8148,13.3391,12.8148,13.3101,
bridge18 EXACT t=326.994 it=45000 eval=26539 accepted=4323 cost=33.7745 best=15.5091 faults=11 ideal=0.8 hard=1 min=8,4,8,5, mean=12.8519,13.2651,12.8519,13.3348,
bridge18 EXACT t=338.54 it=46000 eval=27197 accepted=4421 cost=33.694 best=15.5091 faults=11 ideal=0.8 hard=1 min=8,4,8,5, mean=12.6296,13.2738,12.6296,13.3203,
bridge18 EXACT t=353.066 it=47000 eval=27830 accepted=4506 cost=33.694 best=15.5091 faults=11 ideal=0.8 hard=1 min=8,4,8,5, mean=12.6296,13.2738,12.6296,13.3203,
bridge18 EXACT t=366.423 it=48000 eval=28526 accepted=4608 cost=42.9056 best=15.5091 faults=14 ideal=0.8 hard=3 min=8,4,8,5, mean=12.9259,13.2738,12.9259,13.3435,
bridge18 EXACT t=375.188 it=49000 eval=29235 accepted=4719 cost=36.9631 best=15.5091 faults=12 ideal=0.8 hard=1 min=8,4,8,5, mean=12.4815,13.3493,12.4815,13.3203,
bridge18 EXACT t=382.361 it=50000 eval=29914 accepted=4816 cost=26.8922 best=15.5091 faults=9 ideal=1 hard=0 min=8,5,8,5, mean=12.7407,13.3827,12.7407,13.3479,
bridge18 EXACT t=389.11 it=51000 eval=30519 accepted=4898 cost=26.7757 best=15.5091 faults=9 ideal=1 hard=0 min=8,5,8,5, mean=12.9259,13.4597,12.9259,13.2505,
bridge18 EXACT t=397.699 it=52000 eval=31115 accepted=4982 cost=24.3965 best=15.5091 faults=8 ideal=1 hard=0 min=8,5,8,5, mean=12.7778,13.419,12.7778,13.2622,
bridge18 EXACT t=405.661 it=53000 eval=31658 accepted=5064 cost=25.8591 best=15.5091 faults=7 ideal=0.8 hard=1 min=8,4,8,5, mean=12.8519,13.3929,12.8519,13.2825,
bridge18 EXACT t=412.747 it=54000 eval=32221 accepted=5176 cost=26.2591 best=15.5091 faults=7 ideal=0.8 hard=1 min=8,4,8,5, mean=12.7778,13.419,12.7778,13.2447,
bridge18 EXACT t=421.036 it=55000 eval=32775 accepted=5274 cost=24.3184 best=15.5091 faults=8 ideal=1 hard=0 min=8,5,8,5, mean=12.8889,13.4292,12.8889,13.284,
bridge18 EXACT t=431.633 it=56000 eval=33366 accepted=5363 cost=24.1835 best=15.5091 faults=8 ideal=1 hard=0 min=8,5,8,5, mean=13,13.451,13,13.3522,
bridge18 EXACT t=442.142 it=57000 eval=33936 accepted=5453 cost=23.9506 best=15.5091 faults=8 ideal=1 hard=0 min=8,5,8,5, mean=12.8519,13.48,12.8519,13.3057,
bridge18 EXACT t=449.162 it=58000 eval=34500 accepted=5540 cost=23.257 best=15.5091 faults=7 ideal=0.8 hard=1 min=8,4,8,5, mean=12.963,13.3624,12.963,13.345,
bridge18 EXACT t=457.196 it=59000 eval=35124 accepted=5649 cost=31.4036 best=15.5091 faults=10 ideal=0.8 hard=1 min=8,4,8,5, mean=12.8889,13.3479,12.8889,13.3304,
bridge18 EXACT t=465.943 it=60000 eval=35763 accepted=5748 cost=35.2319 best=15.5091 faults=10 ideal=0.8 hard=2 min=8,4,8,4, mean=12.3704,13.3101,12.3704,13.3101,
bridge18 EXACT t=473.724 it=61000 eval=36340 accepted=5841 cost=28.3516 best=15.5091 faults=7 ideal=0.8 hard=2 min=8,4,8,4, mean=12.4074,13.2244,12.4074,13.3232,
bridge18 EXACT t=480.261 it=62000 eval=36885 accepted=5946 cost=27.9493 best=15.5091 faults=7 ideal=0.8 hard=2 min=8,4,8,4, mean=12.5185,13.3275,12.5185,13.3333,
bridge18 EXACT t=487.561 it=63000 eval=37416 accepted=6045 cost=25.8564 best=15.5091 faults=6 ideal=0.8 hard=2 min=8,4,8,4, mean=12.6667,13.2869,12.6667,13.3508,
bridge18 EXACT t=494.139 it=64000 eval=37941 accepted=6143 cost=25.9025 best=15.5091 faults=6 ideal=0.8 hard=2 min=8,4,8,4, mean=12.7407,13.2781,12.7407,13.3304,
bridge18 EXACT t=502.243 it=65000 eval=38484 accepted=6240 cost=25.9025 best=15.5091 faults=6 ideal=0.8 hard=2 min=8,4,8,4, mean=12.7407,13.2781,12.7407,13.3304,
bridge18 EXACT t=508.939 it=66000 eval=38998 accepted=6317 cost=25.7755 best=15.5091 faults=6 ideal=0.8 hard=2 min=8,4,8,4, mean=12.6296,13.2854,12.6296,13.3784,
bridge18 EXACT t=515.394 it=67000 eval=39521 accepted=6410 cost=25.7755 best=15.5091 faults=6 ideal=0.8 hard=2 min=8,4,8,4, mean=12.6296,13.2854,12.6296,13.3784,
bridge18 EXACT t=522.387 it=68000 eval=40047 accepted=6503 cost=25.7755 best=15.5091 faults=6 ideal=0.8 hard=2 min=8,4,8,4, mean=12.6296,13.2854,12.6296,13.3784,
bridge18 EXACT t=529.611 it=69000 eval=40544 accepted=6593 cost=25.7755 best=15.5091 faults=6 ideal=0.8 hard=2 min=8,4,8,4, mean=12.6296,13.2854,12.6296,13.3784,
bridge18 EXACT t=536.247 it=70000 eval=41070 accepted=6680 cost=25.7755 best=15.5091 faults=6 ideal=0.8 hard=2 min=8,4,8,4, mean=12.6296,13.2854,12.6296,13.3784,
bridge18 EXACT t=545.436 it=71000 eval=41656 accepted=6781 cost=37.8033 best=15.5091 faults=12 ideal=0.8 hard=3 min=8,4,8,4, mean=12.6667,13.3101,12.6667,13.281,
bridge18 EXACT t=556.74 it=72000 eval=42306 accepted=6892 cost=34.688 best=15.5091 faults=10 ideal=0.8 hard=1 min=8,5,8,4, mean=12.7778,13.2273,12.7778,13.4306,
bridge18 EXACT t=565.909 it=73000 eval=42927 accepted=6972 cost=30.039 best=15.5091 faults=9 ideal=0.8 hard=1 min=8,5,8,4, mean=12.8148,13.3101,12.8148,13.3333,
bridge18 EXACT t=572.54 it=74000 eval=43532 accepted=7058 cost=28.1916 best=15.5091 faults=7 ideal=0.8 hard=1 min=8,5,8,4, mean=13,13.2418,13,13.2941,
bridge18 EXACT t=580.17 it=75000 eval=44156 accepted=7141 cost=27.17 best=15.5091 faults=8 ideal=1 hard=0 min=8,5,8,5, mean=12.8889,13.313,12.8889,13.2956,
bridge18 EXACT t=588.793 it=76000 eval=44784 accepted=7244 cost=27.4119 best=15.5091 faults=9 ideal=1 hard=0 min=8,5,8,5, mean=12.7037,13.3232,12.7037,13.3232,
bridge18 EXACT t=597.907 it=77000 eval=45338 accepted=7327 cost=25.0487 best=15.5091 faults=6 ideal=0.8 hard=2 min=8,4,8,5, mean=12.7407,13.3014,12.7407,13.3188,
