grid20 EXACT t=0.0158786 it=0 eval=1 accepted=0 cost=99.9507 best=99.9507 faults=30 ideal=1 hard=0 min=9,7,9,7, mean=14.4667,14.9216,14.4667,14.8468,
grid20 EXACT t=0.0304964 it=2 score=0.333333 faults=30 penalty=48 ideal=1 hard=0 min=9,7,9,7, mean=14.4667,14.9216,14.4667,14.8468,
grid20 EXACT t=0.394073 it=29 score=0.333333 faults=29 penalty=47 ideal=1 hard=0 min=9,7,9,7, mean=14.5667,14.9275,14.5667,14.8433,
grid20 EXACT t=1.90607 it=220 score=0.333333 faults=27 penalty=42 ideal=0.857143 hard=12 min=8,7,8,6, mean=14.0333,14.8199,14.0333,14.7918,
grid20 EXACT t=2.0239 it=232 score=0.333333 faults=25 penalty=40 ideal=0.857143 hard=20.6062 min=8,7,8,6, mean=13.8667,14.8211,13.8667,14.7275,
grid20 EXACT t=4.15533 it=495 score=0.333333 faults=23 penalty=38 ideal=0.714286 hard=7.00377 min=9,5,9,6, mean=14.0667,14.8421,14.0667,14.7439,
grid20 EXACT t=7.80223 it=1000 eval=839 accepted=245 cost=92.1798 best=87.9899 faults=29 ideal=0.857143 hard=5 min=9,6,9,6, mean=13.9,14.8152,13.9,14.8526,
grid20 EXACT t=10.2964 it=1325 score=0.333333 faults=20 penalty=29 ideal=0.857143 hard=2.22222 min=9,6,9,6, mean=13.9667,14.8129,13.9667,14.8035,
grid20 EXACT t=10.8584 it=1378 score=0.333333 faults=18 penalty=27 ideal=0.857143 hard=13.5556 min=9,6,8,6, mean=13.8333,14.8269,13.8333,14.8269,
grid20 EXACT t=12.2309 it=1561 score=0.333333 faults=16 penalty=28 ideal=0.857143 hard=6 min=8,7,10,6, mean=14.2,14.8982,14.2,14.7719,
grid20 EXACT t=15.466 it=2000 eval=1677 accepted=493 cost=56.6193 best=52.4478 faults=18 ideal=0.857143 hard=4.02402 min=10,6,9,6, mean=14.2,14.7345,14.2,14.8702,
grid20 EXACT t=16.0471 it=2080 score=0.333333 faults=14 penalty=20 ideal=0.857143 hard=2 min=9,6,9,7, mean=14.0333,14.8012,14.0333,14.8994,
grid20 EXACT t=16.2453 it=2113 score=0.333333 faults=13 penalty=19 ideal=0.857143 hard=1.88889 min=9,6,10,7, mean=13.9333,14.8421,13.9333,14.9263,
grid20 EXACT t=16.8118 it=2192 score=0.333333 faults=12 penalty=18 ideal=0.857143 hard=1 min=9,6,10,7, mean=14.1,14.8596,14.1,14.8971,
grid20 EXACT t=22.2132 it=3000 eval=2461 accepted=721 cost=46.137 best=39.2532 faults=16 ideal=0.857143 hard=2.95066 min=9,6,9,6, mean=13.9333,14.8327,13.9333,14.7251,
grid20 EXACT t=24.6053 it=3380 score=0.333333 faults=10 penalty=13 ideal=0.714286 hard=7 min=9,6,9,5, mean=14.0333,14.8105,14.0333,14.8807,
grid20 EXACT t=25.1088 it=3479 score=0.333333 faults=8 penalty=11 ideal=0.714286 hard=8 min=9,6,9,5, mean=14.2,14.7673,14.2,14.8515,
grid20 EXACT t=28.4092 it=4000 eval=3208 accepted=934 cost=29.483 best=27.9336 faults=9 ideal=0.857143 hard=1 min=10,7,9,6, mean=14.1667,14.8292,14.1667,14.9509,
grid20 EXACT t=31.6622 it=4493 score=0.333333 faults=7 penalty=10 ideal=0.857143 hard=2.22222 min=9,7,9,6, mean=13.9667,14.8035,13.9667,14.7988,
grid20 EXACT t=34.6249 it=5000 eval=3908 accepted=1138 cost=27.2927 best=27.2783 faults=8 ideal=0.999822 hard=0.000692521 min=9,7,9,7, mean=14.1,14.7474,14.1,14.8924,
grid20 EXACT t=39.9139 it=6000 eval=4562 accepted=1324 cost=24.2904 best=24.036 faults=7 ideal=1 hard=0 min=9,7,10,7, mean=14,14.8632,14,14.7743,
grid20 EXACT t=40.2785 it=6071 score=0.333333 faults=6 penalty=9 ideal=1 hard=0 min=9,7,10,7, mean=14,14.8865,14,14.7556,
grid20 EXACT t=45.4831 it=7000 eval=5214 accepted=1500 cost=23.2053 best=22.0431 faults=6 ideal=0.857143 hard=1 min=9,6,9,7, mean=14.4333,14.848,14.4333,14.8901,
grid20 EXACT t=50.9498 it=8000 eval=5912 accepted=1697 cost=22.2601 best=21.7522 faults=6 ideal=1 hard=0 min=10,7,9,7, mean=14.3,14.876,14.3,14.8433,
grid20 EXACT t=52.7851 it=8351 score=0.333333 faults=5 penalty=8 ideal=0.857143 hard=1 min=9,6,9,7, mean=14.1667,14.9135,14.1667,14.9556,
grid20 EXACT t=56.351 it=9000 eval=6542 accepted=1899 cost=20.0048 best=20.0048 faults=5 ideal=1 hard=0 min=9,7,10,7, mean=14.2333,14.8409,14.2333,14.8737,
grid20 EXACT t=62.3557 it=10000 eval=7184 accepted=2083 cost=20.3436 best=20.0048 faults=5 ideal=1 hard=0 min=9,7,9,7, mean=14.4333,14.8433,14.4333,14.8526,
grid20 EXACT t=67.6524 it=11000 eval=7806 accepted=2278 cost=20.3518 best=20.0048 faults=5 ideal=1 hard=0 min=9,7,9,7, mean=14.1,14.8222,14.1,14.8456,
grid20 EXACT t=74.1152 it=12000 eval=8458 accepted=2454 cost=19.9559 best=19.8778 faults=5 ideal=1 hard=0 min=9,7,10,7, mean=14.3,14.8386,14.3,14.9088,
grid20 EXACT t=79.4887 it=13000 eval=9075 accepted=2649 cost=19.7366 best=19.6356 faults=5 ideal=1 hard=0 min=10,7,10,7, mean=14.1333,14.8444,14.1333,14.8585,
grid20 EXACT t=85.015 it=14000 eval=9666 accepted=2815 cost=20.0604 best=19.6356 faults=5 ideal=1 hard=0 min=9,7,10,7, mean=14.2,14.8468,14.2,14.8842,
grid20 EXACT t=89.8851 it=15000 eval=10288 accepted=2986 cost=19.9497 best=19.6356 faults=5 ideal=1 hard=0 min=9,7,10,7, mean=14.2333,14.8503,14.2333,14.8316,
grid20 EXACT t=95.2726 it=16000 eval=10939 accepted=3189 cost=19.5444 best=19.5444 faults=5 ideal=1 hard=0 min=10,7,10,7, mean=14.2,14.917,14.2,14.8936,
grid20 EXACT t=100.796 it=17000 eval=11587 accepted=3347 cost=19.6491 best=19.5378 faults=5 ideal=1 hard=0 min=10,7,10,7, mean=14.4333,14.8994,14.4333,14.8667,
grid20 EXACT t=106.365 it=18000 eval=12218 accepted=3500 cost=19.5341 best=19.5341 faults=5 ideal=1 hard=0 min=10,7,10,7, mean=14.5333,14.9661,14.5333,14.8865,
grid20 EXACT t=112.611 it=19000 eval=12889 accepted=3660 cost=19.5306 best=19.5061 faults=5 ideal=1 hard=0 min=10,7,10,7, mean=14.6333,14.9579,14.6333,14.9579,
grid20 EXACT t=118.781 it=20000 eval=13605 accepted=3833 cost=19.5144 best=19.4941 faults=5 ideal=1 hard=0 min=10,7,10,7, mean=14.6333,14.9345,14.6333,14.9298,
grid20 EXACT t=125.108 it=21000 eval=14319 accepted=4086 cost=38.5484 best=19.4941 faults=10 ideal=0.857143 hard=8 min=10,6,8,6, mean=14.3333,14.814,14.3333,14.9965,
grid20 EXACT t=133.366 it=22000 eval=15086 accepted=4376 cost=31.0671 best=19.4941 faults=9 ideal=0.857143 hard=3 min=9,7,9,6, mean=14.6333,14.9439,14.6333,14.9158,
grid20 EXACT t=142.375 it=23000 eval=15877 accepted=4662 cost=36.0215 best=19.4941 faults=12 ideal=0.857143 hard=1.05609 min=9,7,9,6, mean=14.0333,14.7263,14.0333,14.8246,
grid20 EXACT t=149.442 it=24000 eval=16530 accepted=4885 cost=24.0116 best=19.4941 faults=6 ideal=0.857143 hard=1 min=9,7,9,6, mean=14.0667,14.8234,14.0667,14.8327,
grid20 EXACT t=151.638 it=24265 score=0.333333 faults=4 penalty=7 ideal=1 hard=0 min=10,7,9,7, mean=14.1,14.7988,14.1,14.9345,
grid20 EXACT t=153.948 it=24499 score=0.333333 faults=3 penalty=6 ideal=0.857143 hard=1 min=9,7,9,6, mean=14.4333,14.8012,14.4333,14.9556,
grid20 EXACT t=158.461 it=25000 eval=17212 accepted=5132 cost=16.9827 best=15.9696 faults=3 ideal=1 hard=0 min=9,7,9,7, mean=14.0667,14.8281,14.0667,14.8608,
grid20 EXACT t=167.145 it=26000 eval=17892 accepted=5323 cost=16.3627 best=15.9696 faults=3 ideal=1 hard=0 min=9,7,9,7, mean=14.1333,14.8117,14.1333,14.9567,
grid20 EXACT t=173.774 it=27000 eval=18585 accepted=5545 cost=15.9877 best=15.6807 faults=3 ideal=1 hard=0 min=11,7,9,7, mean=14.3,14.7965,14.3,14.9789,
grid20 EXACT t=180.576 it=28000 eval=19280 accepted=5779 cost=15.9534 best=15.6096 faults=3 ideal=1 hard=0 min=9,7,10,7, mean=14.3333,14.9871,14.3333,14.8702,
grid20 EXACT t=187.124 it=29000 eval=19959 accepted=5994 cost=15.8906 best=15.5002 faults=3 ideal=1 hard=0 min=9,7,10,7, mean=14.1333,14.9567,14.1333,14.9193,
grid20 EXACT t=195.398 it=30000 eval=20714 accepted=6220 cost=15.6482 best=15.2079 faults=3 ideal=1 hard=0 min=10,7,10,7, mean=14.1,14.8971,14.1,14.9813,
grid20 EXACT t=197.704 it=30338 score=0.333333 faults=2 penalty=5 ideal=0.857143 hard=2 min=10,6,9,7, mean=14.6333,14.8316,14.6333,14.9766,
grid20 EXACT t=201.765 it=31000 eval=21469 accepted=6432 cost=13.734 best=13.3747 faults=2 ideal=1 hard=0 min=10,7,10,7, mean=14.2667,14.8819,14.2667,14.8912,
grid20 EXACT t=214.523 it=32000 eval=22217 accepted=6653 cost=13.36 best=13.2905 faults=2 ideal=1 hard=0 min=10,7,10,7, mean=14.7667,14.9205,14.7667,14.986,
grid20 EXACT t=222.243 it=33000 eval=22960 accepted=6855 cost=13.4743 best=13.2905 faults=2 ideal=1 hard=0 min=10,8,10,7, mean=14.4667,14.9029,14.4667,14.9216,
grid20 EXACT t=229.178 it=34000 eval=23682 accepted=7029 cost=13.2846 best=13.257 faults=2 ideal=1 hard=0 min=11,7,11,7, mean=14.2667,14.9661,14.2667,15.0035,
grid20 EXACT t=237.163 it=35000 eval=24451 accepted=7233 cost=13.1859 best=13.0989 faults=2 ideal=1 hard=0 min=11,7,10,7, mean=15,14.8655,15,15.0152,
grid20 EXACT t=246.589 it=36000 eval=25254 accepted=7516 cost=62.0144 best=13.0878 faults=20 ideal=0.857143 hard=5 min=9,6,9,6, mean=14.2667,14.8164,14.2667,14.8211,
grid20 EXACT t=255.369 it=37000 eval=26102 accepted=7798 cost=47.7386 best=13.0878 faults=18 ideal=0.857143 hard=2 min=9,6,10,6, mean=14.5,14.9766,14.5,14.8596,
grid20 EXACT t=262.386 it=38000 eval=26847 accepted=8011 cost=26.6622 best=13.0878 faults=8 ideal=1 hard=0 min=10,7,9,7, mean=14.2667,14.7743,14.2667,14.8912,
grid20 EXACT t=270.246 it=39000 eval=27591 accepted=8235 cost=18.6354 best=13.0878 faults=3 ideal=0.857143 hard=2 min=9,6,9,6, mean=14.3667,14.8737,14.3667,14.8503,
grid20 EXACT t=276.51 it=40000 eval=28245 accepted=8452 cost=17.3818 best=13.0878 faults=2 ideal=0.857143 hard=3 min=10,6,9,6, mean=14.2333,14.869,14.2333,14.8924,
grid20 EXACT t=283.05 it=41000 eval=28828 accepted=8642 cost=16.4453 best=13.0878 faults=2 ideal=0.857143 hard=2 min=9,6,9,6, mean=14.3333,14.8795,14.3333,14.8187,
grid20 EXACT t=289.22 it=42000 eval=29456 accepted=8849 cost=13.8526 best=13.0878 faults=2 ideal=1 hard=0 min=10,7,10,7, mean=14.2667,14.8865,14.2667,14.8959,
grid20 EXACT t=295.244 it=43000 eval=30064 accepted=9073 cost=13.9935 best=13.0878 faults=2 ideal=1 hard=0 min=10,7,10,7, mean=14.1333,14.8959,14.1333,14.8538,
grid20 EXACT t=300.595 it=44000 eval=30634 accepted=9240 cost=13.8613 best=13.0878 faults=2 ideal=1 hard=0 min=10,7,10,7, mean=14,14.8678,14,14.9099,
grid20 EXACT t=306.289 it=45000 eval=31259 accepted=9441 cost=13.9078 best=13.0878 faults=2 ideal=1 hard=0 min=10,7,10,7, mean=14.5,14.8175,14.5,14.8503,
grid20 EXACT t=312.987 it=46000 eval=31933 accepted=9652 cost=14.3585 best=13.0878 faults=2 ideal=1 hard=0 min=9,7,9,7, mean=14.3333,14.8468,14.3333,14.8702,
grid20 EXACT t=319.073 it=47000 eval=32595 accepted=9838 cost=13.8691 best=13.0878 faults=2 ideal=1 hard=0 min=10,7,9,7, mean=14.2,14.8468,14.2,14.9591,
grid20 EXACT t=325.482 it=48000 eval=33258 accepted=10039 cost=13.8574 best=13.0878 faults=2 ideal=1 hard=0 min=9,7,10,7, mean=14.6333,14.9205,14.6333,14.9766,
grid20 EXACT t=331.105 it=49000 eval=33945 accepted=10234 cost=13.575 best=13.0878 faults=2 ideal=1 hard=0 min=10,7,10,7, mean=14.5333,14.8772,14.5333,14.9427,
grid20 EXACT t=338.832 it=50000 eval=34665 accepted=10430 cost=13.3664 best=13.0878 faults=2 ideal=1 hard=0 min=11,7,10,7, mean=14.4667,14.9263,14.4667,14.9778,
grid20 EXACT t=350.759 it=51000 eval=35387 accepted=10582 cost=13.2775 best=13.0878 faults=2 ideal=1 hard=0 min=11,7,10,7, mean=14.6667,14.9427,14.6667,14.9942,
grid20 EXACT t=358.336 it=52000 eval=36101 accepted=10763 cost=13.2641 best=13.0878 faults=2 ideal=1 hard=0 min=11,7,10,7, mean=14.5667,14.9649,14.5667,15.0211,
grid20 EXACT t=366.454 it=53000 eval=36893 accepted=11006 cost=76.2733 best=13.0878 faults=23 ideal=0.714286 hard=8 min=10,5,9,6, mean=14.2667,14.8211,14.2667,14.9567,
grid20 EXACT t=375.471 it=54000 eval=37700 accepted=11249 cost=51.7835 best=13.0878 faults=13 ideal=0.714286 hard=14 min=9,5,9,5, mean=14.1333,14.7883,14.1333,14.7883,
grid20 EXACT t=384.401 it=55000 eval=38431 accepted=11471 cost=23.4083 best=13.0878 faults=6 ideal=0.857143 hard=1 min=10,7,9,6, mean=14,14.8398,14,14.8117,
grid20 EXACT t=392.059 it=56000 eval=39118 accepted=11665 cost=29.9635 best=13.0878 faults=8 ideal=0.857143 hard=3.0117 min=9,6,9,6, mean=14.2,14.7392,14.2,14.8889,
grid20 EXACT t=401.924 it=57000 eval=39822 accepted=11858 cost=25.7496 best=13.0878 faults=7 ideal=0.857143 hard=1 min=9,6,9,7, mean=14.0333,14.9135,14.0333,14.9556,
grid20 EXACT t=409.458 it=58000 eval=40479 accepted=12066 cost=24.3245 best=13.0878 faults=6 ideal=0.857143 hard=2 min=9,6,9,6, mean=14.1,14.9018,14.1,14.9485,
grid20 EXACT t=418.618 it=59000 eval=41160 accepted=12269 cost=21.7791 best=13.0878 faults=5 ideal=0.857143 hard=2 min=10,7,9,6, mean=14.5667,14.8339,14.5667,14.8386,
grid20 EXACT t=426.709 it=60000 eval=41838 accepted=12463 cost=21.3874 best=13.0878 faults=5 ideal=0.857143 hard=1 min=9,6,9,7, mean=14.1333,14.807,14.1333,14.8772,
grid20 EXACT t=444.28 it=61000 eval=42546 accepted=12655 cost=19.4954 best=13.0878 faults=5 ideal=1 hard=0 min=10,7,10,7, mean=14.4667,14.8842,14.4667,14.8795,
grid20 EXACT t=472.354 it=62000 eval=43221 accepted=12814 cost=19.5197 best=13.0878 faults=5 ideal=1 hard=0 min=10,7,10,7, mean=14.5,14.869,14.5,14.9064,
grid20 EXACT t=495.975 it=63000 eval=43961 accepted=13075 cost=28.9952 best=13.0878 faults=6 ideal=0.714286 hard=6.22222 min=9,6,9,5, mean=13.9667,14.8316,13.9667,14.855,
grid20 EXACT t=503.728 it=64000 eval=44655 accepted=13327 cost=25.3528 best=13.0878 faults=7 ideal=0.857143 hard=1 min=10,6,9,7, mean=14.1333,14.8257,14.1333,14.9287,
grid20 EXACT t=513.074 it=65000 eval=45413 accepted=13574 cost=24.9514 best=13.0878 faults=7 ideal=0.857143 hard=1 min=10,7,9,6, mean=14.4667,14.8094,14.4667,14.9544,
grid20 EXACT t=521.034 it=66000 eval=46119 accepted=13801 cost=22.3464 best=13.0878 faults=5 ideal=0.857143 hard=2 min=9,7,9,6, mean=14.0333,14.7871,14.0333,14.8901,
grid20 EXACT t=528.306 it=67000 eval=46837 accepted=13996 cost=19.5172 best=13.0878 faults=5 ideal=1 hard=0 min=10,7,10,7, mean=14.5333,14.9614,14.5333,14.924,
grid20 EXACT t=538.177 it=68000 eval=47560 accepted=14166 cost=17.672 best=13.0878 faults=4 ideal=1 hard=0 min=9,7,10,7, mean=14.4667,14.9263,14.4667,14.9404,
grid20 EXACT t=546.919 it=69000 eval=48258 accepted=14356 cost=17.5546 best=13.0878 faults=4 ideal=1 hard=0 min=9,7,10,7, mean=14.6333,14.8971,14.6333,14.9392,
grid20 EXACT t=555.01 it=70000 eval=48980 accepted=14554 cost=17.3551 best=13.0878 faults=4 ideal=1 hard=0 min=10,7,11,7, mean=14.7667,14.986,14.7667,14.9532,
grid20 EXACT t=565.966 it=71000 eval=49696 accepted=14728 cost=17.4903 best=13.0878 faults=4 ideal=1 hard=0 min=10,7,10,7, mean=14.6333,14.8596,14.6333,14.9251,
grid20 EXACT t=574.376 it=72000 eval=50405 accepted=14878 cost=17.2102 best=13.0878 faults=4 ideal=1 hard=0 min=10,7,11,7, mean=14.8333,15.0023,14.8333,14.9696,
grid20 EXACT t=584.314 it=73000 eval=51140 accepted=15048 cost=17.25 best=13.0878 faults=4 ideal=1 hard=0 min=11,7,10,7, mean=14.8667,14.9637,14.8667,14.9965,
grid20 EXACT t=591.707 it=74000 eval=51868 accepted=15226 cost=17.1109 best=13.0878 faults=4 ideal=1 hard=0 min=11,7,11,7, mean=14.8667,15.0386,14.8667,14.9684,
