grid20 EXACT t=0.0237327 it=0 score=0.666667 faults=38 penalty=38 ideal=1 hard=0 min=9,7,9,7, mean=14.0333,14.9509,14.0333,14.7825,
grid20 EXACT t=0.0239269 it=0 eval=1 accepted=1 cost=80.434 best=80.434 faults=38 ideal=1 hard=0 min=9,7,9,7, mean=14.0333,14.9509,14.0333,14.7825,
grid20 EXACT t=0.317176 it=35 score=0.666667 faults=35 penalty=35 ideal=0.714286 hard=17.0686 min=9,6,9,5, mean=13.7667,14.8386,13.7667,14.7076,
grid20 EXACT t=0.352741 it=43 score=0.666667 faults=34 penalty=34 ideal=0.857143 hard=12.8889 min=9,6,9,6, mean=13.7667,14.8246,13.7667,14.7544,
grid20 EXACT t=0.411182 it=55 score=0.666667 faults=31 penalty=31 ideal=0.857143 hard=2.88889 min=9,6,9,7, mean=13.9333,14.8421,13.9333,14.7673,
grid20 EXACT t=0.844714 it=120 score=0.666667 faults=30 penalty=30 ideal=0.857143 hard=5.31847 min=9,6,9,7, mean=13.9,14.862,13.9,14.6936,
grid20 EXACT t=1.08549 it=148 score=0.666667 faults=27 penalty=27 ideal=0.857143 hard=4.53009 min=9,6,9,6, mean=14.1,14.855,14.1,14.6772,
grid20 EXACT t=4.1039 it=610 score=0.666667 faults=26 penalty=26 ideal=0.857143 hard=12 min=8,6,9,6, mean=14.2667,14.9287,14.2667,14.7649,
grid20 EXACT t=4.21765 it=626 score=0.666667 faults=25 penalty=25 ideal=0.714286 hard=13 min=8,5,9,6, mean=14.4333,14.9696,14.4333,14.7637,
grid20 EXACT t=4.69487 it=677 score=0.666667 faults=24 penalty=24 ideal=0.857143 hard=7 min=8,6,9,7, mean=14.1667,14.8854,14.1667,14.7637,
grid20 EXACT t=6.6971 it=904 score=0.666667 faults=23 penalty=23 ideal=0.857143 hard=5 min=9,6,10,6, mean=14.2333,14.9018,14.2333,14.8503,
grid20 EXACT t=7.19345 it=944 score=0.666667 faults=21 penalty=21 ideal=0.857143 hard=1 min=9,7,10,6, mean=14.2667,14.9754,14.2667,14.8304,
grid20 EXACT t=7.35249 it=964 score=0.666667 faults=18 penalty=18 ideal=0.857143 hard=3 min=9,7,10,6, mean=14.1333,14.952,14.1333,14.8398,
grid20 EXACT t=7.50816 it=1000 eval=797 accepted=260 cost=43.4761 best=43.4761 faults=18 ideal=0.857143 hard=3 min=9,7,10,6, mean=14.2,14.9591,14.2,14.8,
grid20 EXACT t=7.93245 it=1053 score=0.666667 faults=17 penalty=17 ideal=0.857143 hard=5.00001 min=9,6,10,6, mean=13.9,14.9041,13.9,14.7497,
grid20 EXACT t=8.66693 it=1196 score=0.666667 faults=15 penalty=15 ideal=0.857143 hard=9.25 min=9,6,8,6, mean=13.9667,14.8596,13.9667,14.7333,
grid20 EXACT t=8.70422 it=1206 score=0.666667 faults=14 penalty=14 ideal=0.857143 hard=9.00592 min=9,6,8,6, mean=13.9333,14.8047,13.9333,14.7158,
grid20 EXACT t=12.7965 it=1733 score=0.666667 faults=13 penalty=13 ideal=0.714286 hard=15.716 min=9,5,8,6, mean=13.8333,14.8503,13.8333,14.7099,
grid20 EXACT t=14.013 it=1877 score=0.666667 faults=12 penalty=12 ideal=0.857143 hard=3.88889 min=9,6,9,6, mean=13.9333,14.8234,13.9333,14.7532,
grid20 EXACT t=14.9014 it=2000 eval=1549 accepted=522 cost=38.7594 best=33.8644 faults=12 ideal=0.857143 hard=9 min=9,6,8,6, mean=14.2,14.7532,14.2,14.931,
grid20 EXACT t=14.9267 it=2005 score=0.666667 faults=11 penalty=11 ideal=0.857143 hard=8.00931 min=9,6,8,7, mean=14.0333,14.7404,14.0333,14.9322,
grid20 EXACT t=16.1488 it=2168 score=0.666667 faults=10 penalty=10 ideal=0.857143 hard=5.88889 min=9,6,9,6, mean=13.9333,14.8468,13.9333,14.8982,
grid20 EXACT t=16.6404 it=2257 score=0.666667 faults=9 penalty=9 ideal=0.857143 hard=3 min=9,6,9,6, mean=14.1,14.8456,14.1,14.9158,
grid20 EXACT t=19.1618 it=2740 score=0.666667 faults=8 penalty=8 ideal=0.714286 hard=7 min=9,5,9,6, mean=14.3333,14.917,14.3333,14.9076,
grid20 EXACT t=20.4697 it=3000 eval=2229 accepted=782 cost=28.6729 best=25.4176 faults=11 ideal=0.857143 hard=2 min=9,6,9,6, mean=14.0667,14.9544,14.0667,14.8795,
grid20 EXACT t=23.7492 it=3601 score=0.666667 faults=7 penalty=7 ideal=0.857143 hard=4 min=9,7,9,6, mean=14.1333,14.9053,14.1333,14.8772,
grid20 EXACT t=25.9435 it=4000 eval=2866 accepted=1008 cost=21.87 best=21.5941 faults=8 ideal=0.857143 hard=1 min=9,7,9,6, mean=14.3,14.8339,14.3,14.8994,
grid20 EXACT t=26.2369 it=4061 score=0.666667 faults=6 penalty=6 ideal=0.857143 hard=6 min=9,7,8,6, mean=14.2667,14.8351,14.2667,14.8865,
grid20 EXACT t=27.6474 it=4279 score=0.666667 faults=5 penalty=5 ideal=1 hard=0 min=9,7,9,7, mean=14.1667,14.8152,14.1667,14.8246,
grid20 EXACT t=27.9973 it=4349 score=0.666667 faults=4 penalty=4 ideal=0.857143 hard=1 min=9,7,9,6, mean=14,14.8023,14,14.8491,
grid20 EXACT t=30.9321 it=5000 eval=3432 accepted=1239 cost=13.8948 best=13.5883 faults=4 ideal=0.857143 hard=1 min=9,7,9,6, mean=14.1333,14.7789,14.1333,14.8023,
grid20 EXACT t=35.7566 it=6000 eval=3979 accepted=1465 cost=17.0382 best=12.4019 faults=6 ideal=0.857143 hard=1 min=10,6,9,7, mean=14.0667,14.8234,14.0667,14.9216,
grid20 EXACT t=40.7106 it=7000 eval=4586 accepted=1682 cost=14.2498 best=11.7143 faults=4 ideal=0.857143 hard=2 min=9,7,9,6, mean=14.1333,14.8772,14.1333,14.8444,
grid20 EXACT t=42.0412 it=7300 score=0.666667 faults=3 penalty=3 ideal=0.714286 hard=4 min=9,5,9,7, mean=14.1333,14.9427,14.1333,14.8444,
grid20 EXACT t=45.1602 it=8000 eval=5133 accepted=1909 cost=11.2846 best=11.2073 faults=3 ideal=0.857143 hard=1 min=10,7,9,6, mean=14.1667,14.9462,14.1667,14.7965,
grid20 EXACT t=49.4905 it=9000 eval=5648 accepted=2114 cost=10.2002 best=10.2002 faults=3 ideal=1 hard=0 min=10,7,9,7, mean=14.1,14.8737,14.1,14.9251,
grid20 EXACT t=54.6016 it=10000 eval=6182 accepted=2344 cost=10.41 best=10.0171 faults=3 ideal=1 hard=0 min=9,7,10,7, mean=14.1333,14.8865,14.1333,14.807,
grid20 EXACT t=61.5764 it=11000 eval=6768 accepted=2560 cost=10.3655 best=9.77077 faults=3 ideal=1 hard=0 min=9,7,9,7, mean=14.0333,14.848,14.0333,14.862,
grid20 EXACT t=66.6539 it=12000 eval=7292 accepted=2774 cost=11.4046 best=9.77077 faults=3 ideal=0.997619 hard=0.222222 min=9,7,9,7, mean=13.9667,14.8409,13.9667,14.7567,
grid20 EXACT t=72.871 it=13000 eval=7839 accepted=2972 cost=9.75095 best=9.75095 faults=3 ideal=1 hard=0 min=9,7,10,7, mean=14.4667,14.9029,14.4667,14.8374,
grid20 EXACT t=77.9075 it=14000 eval=8389 accepted=3196 cost=10.1182 best=9.75095 faults=3 ideal=1 hard=0 min=9,7,10,7, mean=14.2,14.9029,14.2,14.8421,
grid20 EXACT t=82.5323 it=15000 eval=8901 accepted=3393 cost=10.5008 best=9.75095 faults=3 ideal=1 hard=0 min=9,7,10,7, mean=14.1,14.8737,14.1,14.8409,
grid20 EXACT t=86.9285 it=16000 eval=9383 accepted=3601 cost=10.3338 best=9.75095 faults=3 ideal=1 hard=0 min=9,7,10,7, mean=14.1333,14.9053,14.1333,14.8164,
grid20 EXACT t=91.1686 it=16946 score=0.666667 faults=2 penalty=2 ideal=0.857143 hard=1 min=9,6,9,7, mean=14.5667,14.7871,14.5667,14.8667,
grid20 EXACT t=91.3579 it=17000 eval=9909 accepted=3805 cost=9.44201 best=9.38193 faults=2 ideal=0.857143 hard=1.00247 min=9,6,9,7, mean=14.4333,14.745,14.4333,14.8713,
grid20 EXACT t=95.1894 it=18000 eval=10372 accepted=4008 cost=8.19495 best=8.19495 faults=2 ideal=1 hard=0 min=9,7,10,7, mean=14.4667,14.7906,14.4667,14.9497,
grid20 EXACT t=99.4028 it=19000 eval=10853 accepted=4205 cost=7.70554 best=7.65284 faults=2 ideal=1 hard=0 min=9,7,10,7, mean=14.3333,14.8468,14.3333,14.9029,
grid20 EXACT t=103.427 it=20000 eval=11351 accepted=4402 cost=7.71221 best=7.63053 faults=2 ideal=1 hard=0 min=9,7,10,7, mean=14.2667,14.924,14.2667,14.9146,
grid20 EXACT t=107.61 it=21000 eval=11836 accepted=4606 cost=7.72965 best=7.58256 faults=2 ideal=1 hard=0 min=9,7,10,7, mean=14.4333,14.9696,14.4333,14.8994,
grid20 EXACT t=111.61 it=22000 eval=12314 accepted=4802 cost=7.54933 best=7.53421 faults=2 ideal=1 hard=0 min=9,7,10,7, mean=14.6,14.8234,14.6,14.9544,
grid20 EXACT t=115.893 it=23000 eval=12826 accepted=5000 cost=7.59077 best=7.53421 faults=2 ideal=1 hard=0 min=9,7,10,7, mean=14.5667,14.9088,14.5667,14.8994,
grid20 EXACT t=120.361 it=24000 eval=13342 accepted=5208 cost=22.6504 best=7.46632 faults=9 ideal=0.857143 hard=1 min=10,7,10,6, mean=14.5,14.9251,14.5,14.9392,
grid20 EXACT t=126.684 it=25000 eval=14022 accepted=5489 cost=40.7 best=7.46632 faults=10 ideal=0.714286 hard=15 min=9,5,8,5, mean=14.5,14.8409,14.5,14.7988,
grid20 EXACT t=137.037 it=26000 eval=14729 accepted=5743 cost=24.7194 best=7.46632 faults=9 ideal=0.857143 hard=1.22222 min=9,7,9,6, mean=13.9667,14.7848,13.9667,14.7942,
grid20 EXACT t=142.815 it=27000 eval=15323 accepted=5975 cost=22.865 best=7.46632 faults=7 ideal=0.857143 hard=4 min=9,6,9,7, mean=13.9,14.9322,13.9,14.7544,
grid20 EXACT t=148.639 it=28000 eval=15895 accepted=6207 cost=14.1632 best=7.46632 faults=4 ideal=0.857143 hard=2 min=10,6,10,6, mean=14.0667,14.786,14.0667,14.9263,
grid20 EXACT t=154.819 it=29000 eval=16461 accepted=6448 cost=16.7308 best=7.46632 faults=6 ideal=0.999742 hard=0.00144489 min=9,7,9,7, mean=14,14.8444,14,14.7462,
grid20 EXACT t=161.131 it=30000 eval=17006 accepted=6662 cost=14.0465 best=7.46632 faults=5 ideal=1 hard=0 min=9,7,9,7, mean=14.3333,14.9684,14.3333,14.8281,
grid20 EXACT t=168.99 it=31000 eval=17577 accepted=6882 cost=13.6328 best=7.46632 faults=4 ideal=0.857143 hard=1 min=9,7,9,6, mean=14.1,14.8363,14.1,14.8784,
grid20 EXACT t=175.897 it=32000 eval=18073 accepted=7082 cost=12.6278 best=7.46632 faults=4 ideal=1 hard=0 min=9,7,9,7, mean=14.1,14.8503,14.1,14.8175,
grid20 EXACT t=180.012 it=33000 eval=18562 accepted=7282 cost=10.8823 best=7.46632 faults=3 ideal=0.997619 hard=0.222222 min=9,7,9,7, mean=13.9667,14.8316,13.9667,14.8877,
grid20 EXACT t=186.171 it=34000 eval=19090 accepted=7478 cost=10.4578 best=7.46632 faults=3 ideal=1 hard=0 min=9,7,9,7, mean=14.1,14.869,14.1,14.8924,
grid20 EXACT t=191.655 it=35000 eval=19637 accepted=7672 cost=10.2049 best=7.46632 faults=3 ideal=1 hard=0 min=9,7,10,7, mean=14.1667,14.8854,14.1667,14.9088,
grid20 EXACT t=196.892 it=36000 eval=20155 accepted=7867 cost=10.307 best=7.46632 faults=3 ideal=1 hard=0 min=9,7,10,7, mean=14.0333,14.9602,14.0333,14.8199,
grid20 EXACT t=201.479 it=37000 eval=20663 accepted=8055 cost=10.1338 best=7.46632 faults=3 ideal=1 hard=0 min=9,7,10,7, mean=14.1,14.869,14.1,14.8924,
grid20 EXACT t=206.774 it=38000 eval=21232 accepted=8266 cost=10.1056 best=7.46632 faults=3 ideal=1 hard=0 min=9,7,10,7, mean=14,14.952,14,14.8772,
grid20 EXACT t=212.362 it=39000 eval=21734 accepted=8454 cost=7.69218 best=7.46632 faults=2 ideal=1 hard=0 min=9,7,10,7, mean=14.6333,14.9345,14.6333,14.8643,
grid20 EXACT t=217.171 it=40000 eval=22224 accepted=8636 cost=7.9274 best=7.46632 faults=2 ideal=1 hard=0 min=9,7,10,7, mean=14.5667,14.8854,14.5667,14.8386,
grid20 EXACT t=218.942 it=40439 score=0.666667 faults=1 penalty=1 ideal=0.857143 hard=1 min=9,7,9,6, mean=14.4,14.8959,14.4,14.8585,
grid20 EXACT t=221.326 it=41000 eval=22685 accepted=8815 cost=7.13642 best=7.13642 faults=1 ideal=0.857143 hard=1 min=9,7,10,6, mean=14.2667,14.9193,14.2667,14.8912,
grid20 EXACT t=224.733 it=42000 eval=23124 accepted=8999 cost=7.02888 best=7.02888 faults=1 ideal=0.857143 hard=1 min=9,7,10,6, mean=14.4333,14.9509,14.4333,14.8433,
grid20 EXACT t=228.388 it=43000 eval=23563 accepted=9190 cost=5.57411 best=5.57411 faults=1 ideal=1 hard=0 min=10,7,10,7, mean=14.4,14.9567,14.4,14.8959,
grid20 EXACT t=232.536 it=44000 eval=24049 accepted=9402 cost=5.46211 best=5.41565 faults=1 ideal=1 hard=0 min=10,7,10,7, mean=14.3333,14.9637,14.3333,14.8889,
grid20 EXACT t=237.365 it=45000 eval=24548 accepted=9588 cost=5.36158 best=5.36158 faults=1 ideal=1 hard=0 min=10,7,10,7, mean=14.5,14.8971,14.5,14.8924,
grid20 EXACT t=243.137 it=46000 eval=25109 accepted=9813 cost=26.6127 best=5.27102 faults=9 ideal=0.857143 hard=4.22222 min=10,6,9,6, mean=13.9667,14.9251,13.9667,14.8316,
grid20 EXACT t=249.601 it=47000 eval=25722 accepted=10068 cost=14.7191 best=5.27102 faults=3 ideal=0.857143 hard=4 min=9,6,9,6, mean=14.2333,14.7895,14.2333,14.883,
grid20 EXACT t=255.043 it=48000 eval=26253 accepted=10312 cost=13.1669 best=5.27102 faults=2 ideal=0.857143 hard=4.00144 min=9,6,9,6, mean=14.2667,14.924,14.2667,14.7462,
grid20 EXACT t=261.886 it=49000 eval=26786 accepted=10530 cost=23.9848 best=5.27102 faults=8 ideal=0.857143 hard=3 min=9,6,9,6, mean=14.0667,14.8281,14.0667,14.8468,
grid20 EXACT t=268.399 it=50000 eval=27446 accepted=10768 cost=26.5295 best=5.27102 faults=8 ideal=0.857143 hard=6 min=9,6,9,6, mean=14.0667,14.8702,14.0667,14.8,
grid20 EXACT t=274.591 it=51000 eval=28031 accepted=11000 cost=17.4662 best=5.27102 faults=6 ideal=0.857143 hard=1 min=9,7,9,6, mean=14.4,14.8023,14.4,14.8632,
grid20 EXACT t=279.541 it=52000 eval=28530 accepted=11223 cost=11.8533 best=5.27102 faults=2 ideal=0.857143 hard=3 min=9,6,9,6, mean=14.1333,14.8398,14.1333,14.8585,
grid20 EXACT t=285.835 it=53000 eval=29037 accepted=11456 cost=9.30986 best=5.27102 faults=2 ideal=0.857143 hard=1 min=9,6,9,7, mean=14.4333,14.9135,14.4333,14.9275,
grid20 EXACT t=290.144 it=54000 eval=29519 accepted=11692 cost=13.0233 best=5.27102 faults=3 ideal=0.857143 hard=3 min=9,6,9,6, mean=14.6333,14.9532,14.6333,14.9579,
grid20 EXACT t=294.127 it=55000 eval=29996 accepted=11901 cost=7.76295 best=5.27102 faults=1 ideal=0.857143 hard=1 min=9,7,9,6, mean=14.1333,14.9567,14.1333,14.7836,
grid20 EXACT t=298.394 it=56000 eval=30437 accepted=12101 cost=6.53888 best=5.27102 faults=1 ideal=1 hard=0 min=9,7,9,7, mean=14,14.7977,14,14.8632,
grid20 EXACT t=302.282 it=57000 eval=30820 accepted=12306 cost=6.90688 best=5.27102 faults=1 ideal=1 hard=0 min=9,7,9,7, mean=14.1333,14.8585,14.1333,14.8023,
grid20 EXACT t=306.334 it=58000 eval=31238 accepted=12519 cost=6.55611 best=5.27102 faults=1 ideal=1 hard=0 min=9,7,9,7, mean=14.2333,14.8643,14.2333,14.855,
grid20 EXACT t=310.351 it=59000 eval=31658 accepted=12740 cost=7.17396 best=5.27102 faults=1 ideal=1 hard=0 min=9,7,9,7, mean=14.0667,14.8749,14.0667,14.8187,
grid20 EXACT t=314.544 it=60000 eval=32051 accepted=12950 cost=6.69046 best=5.27102 faults=1 ideal=1 hard=0 min=9,7,9,7, mean=14.2667,14.9053,14.2667,14.8117,
grid20 EXACT t=318.759 it=61000 eval=32479 accepted=13150 cost=6.2907 best=5.27102 faults=1 ideal=1 hard=0 min=9,7,9,7, mean=14.2333,14.855,14.2333,14.8737,
grid20 EXACT t=322.918 it=62000 eval=32881 accepted=13348 cost=6.49782 best=5.27102 faults=1 ideal=1 hard=0 min=9,7,9,7, mean=14.0667,14.9497,14.0667,14.8515,
grid20 EXACT t=327.012 it=63000 eval=33267 accepted=13545 cost=6.47291 best=5.27102 faults=1 ideal=1 hard=0 min=9,7,9,7, mean=14.1333,14.9708,14.1333,14.8632,
grid20 EXACT t=331.892 it=64000 eval=33690 accepted=13743 cost=6.39709 best=5.27102 faults=1 ideal=1 hard=0 min=9,7,9,7, mean=14.1,14.9111,14.1,14.855,
grid20 EXACT t=336.949 it=65000 eval=34083 accepted=13941 cost=6.41516 best=5.27102 faults=1 ideal=1 hard=0 min=9,7,9,7, mean=14.0667,14.9076,14.0667,14.8047,
grid20 EXACT t=341.307 it=66000 eval=34462 accepted=14130 cost=6.4526 best=5.27102 faults=1 ideal=1 hard=0 min=9,7,9,7, mean=14.1667,14.9275,14.1667,14.8152,
grid20 EXACT t=345.571 it=67000 eval=34864 accepted=14323 cost=6.59372 best=5.27102 faults=1 ideal=1 hard=0 min=9,7,9,7, mean=14.1667,14.9041,14.1667,14.7778,
grid20 EXACT t=350.247 it=68000 eval=35275 accepted=14502 cost=6.30751 best=5.27102 faults=1 ideal=1 hard=0 min=9,7,9,7, mean=14.4,15.0082,14.4,14.8351,
grid20 EXACT t=355.538 it=69000 eval=35698 accepted=14699 cost=5.90825 best=5.27102 faults=1 ideal=1 hard=0 min=9,7,10,7, mean=14.4333,15.0211,14.4333,14.8573,
grid20 EXACT t=360.325 it=70000 eval=36141 accepted=14887 cost=12.7046 best=5.27102 faults=4 ideal=1 hard=0 min=9,7,9,7, mean=14.1667,14.9415,14.1667,14.8012,
grid20 EXACT t=368.041 it=71000 eval=36721 accepted=15136 cost=23.556 best=5.27102 faults=9 ideal=1 hard=0 min=9,7,9,7, mean=14.1,14.8035,14.1,14.8363,
grid20 EXACT t=375.232 it=72000 eval=37423 accepted=15404 cost=25.5913 best=5.27102 faults=9 ideal=0.857143 hard=3 min=9,7,9,6, mean=14.2333,14.8409,14.2333,14.8035,
grid20 EXACT t=386.048 it=73000 eval=38097 accepted=15680 cost=17.2829 best=5.27102 faults=6 ideal=0.857143 hard=1 min=9,8,9,6, mean=14.3333,14.8374,14.3333,14.9029,
grid20 EXACT t=391.781 it=74000 eval=38692 accepted=15905 cost=19.0269 best=5.27102 faults=6 ideal=0.857143 hard=2 min=9,6,9,6, mean=14.0333,14.8573,14.0333,14.8433,
grid20 EXACT t=396.964 it=75000 eval=39276 accepted=16152 cost=12.7331 best=5.27102 faults=4 ideal=1 hard=0 min=9,7,9,7, mean=14,14.8491,14,14.8772,
grid20 EXACT t=402.186 it=76000 eval=39781 accepted=16348 cost=15.0856 best=5.27102 faults=5 ideal=0.997619 hard=0.222222 min=9,7,9,7, mean=13.9667,14.8643,13.9667,14.7801,
grid20 EXACT t=408.98 it=77000 eval=40343 accepted=16568 cost=11.5549 best=5.27102 faults=3 ideal=0.857143 hard=1 min=9,6,9,7, mean=14.0667,14.8842,14.0667,14.8561,
grid20 EXACT t=413.318 it=78000 eval=40792 accepted=16741 cost=10.4952 best=5.27102 faults=3 ideal=1 hard=0 min=9,7,10,7, mean=14.2,14.8982,14.2,14.814,
grid20 EXACT t=417.7 it=79000 eval=41284 accepted=16941 cost=10.6555 best=5.27102 faults=2 ideal=0.857143 hard=2 min=9,6,9,6, mean=14.1,14.9251,14.1,14.8784,
grid20 EXACT t=422.282 it=80000 eval=41751 accepted=17151 cost=9.4347 best=5.27102 faults=2 ideal=0.857143 hard=1 min=9,8,9,6, mean=14.4333,14.8947,14.4333,14.8339,
grid20 EXACT t=427.674 it=81000 eval=42204 accepted=17361 cost=9.15877 best=5.27102 faults=2 ideal=0.857143 hard=1 min=9,8,10,6, mean=14.2333,14.9579,14.2333,14.8503,
grid20 EXACT t=432.723 it=82000 eval=42670 accepted=17554 cost=8.58439 best=5.27102 faults=2 ideal=0.857143 hard=1 min=10,7,10,6, mean=14.3667,14.9158,14.3667,14.855,
grid20 EXACT t=441.983 it=83000 eval=43160 accepted=17749 cost=8.89172 best=5.27102 faults=2 ideal=0.857143 hard=1 min=10,7,9,6, mean=14,14.9567,14,14.8585,
grid20 EXACT t=462.49 it=84000 eval=43644 accepted=17935 cost=8.8933 best=5.27102 faults=2 ideal=0.857143 hard=1 min=9,7,10,6, mean=14.2333,14.9673,14.2333,14.7708,
grid20 EXACT t=470.903 it=85000 eval=44113 accepted=18111 cost=8.91382 best=5.27102 faults=2 ideal=0.857143 hard=1 min=9,7,10,6, mean=14.1333,15.0175,14.1333,14.7836,
grid20 EXACT t=477.875 it=86000 eval=44576 accepted=18302 cost=8.88891 best=5.27102 faults=2 ideal=0.857143 hard=1 min=9,7,10,6, mean=14.2,15.0058,14.2,14.8281,
grid20 EXACT t=488.305 it=87000 eval=45204 accepted=18551 cost=34.7317 best=5.27102 faults=12 ideal=0.857143 hard=5.22069 min=10,6,9,6, mean=13.9333,14.6924,13.9333,14.8608,
grid20 EXACT t=495.451 it=88000 eval=45834 accepted=18806 cost=28.5343 best=5.27102 faults=9 ideal=0.857143 hard=5 min=9,6,9,6, mean=14.1333,14.7883,14.1333,14.7696,
grid20 EXACT t=504.308 it=89000 eval=46476 accepted=19061 cost=27.8706 best=5.27102 faults=9 ideal=0.857143 hard=4.88889 min=9,6,10,6, mean=13.9333,14.8187,13.9333,14.8234,
grid20 EXACT t=511.822 it=90000 eval=47129 accepted=19311 cost=11.0524 best=5.27102 faults=3 ideal=0.997619 hard=0.222222 min=9,7,10,7, mean=13.9667,14.8971,13.9667,14.8082,
grid20 EXACT t=516.517 it=91000 eval=47581 accepted=19529 cost=10.3674 best=5.27102 faults=3 ideal=1 hard=0 min=9,7,10,7, mean=14,14.8772,14,14.807,
grid20 EXACT t=521.184 it=92000 eval=48062 accepted=19724 cost=10.1971 best=5.27102 faults=3 ideal=1 hard=0 min=9,7,10,7, mean=14.0667,14.9497,14.0667,14.7766,
grid20 EXACT t=526.543 it=93000 eval=48544 accepted=19925 cost=10.4196 best=5.27102 faults=3 ideal=1 hard=0 min=9,7,9,7, mean=14,14.8304,14,14.8257,
grid20 EXACT t=532.797 it=94000 eval=49021 accepted=20115 cost=12.2075 best=5.27102 faults=4 ideal=0.997619 hard=0.222222 min=9,7,10,7, mean=13.9667,14.8643,13.9667,14.8737,
grid20 EXACT t=537.146 it=95000 eval=49495 accepted=20305 cost=10.9298 best=5.27102 faults=3 ideal=0.857143 hard=1 min=10,6,10,7, mean=14,14.8585,14,14.8632,
grid20 EXACT t=541.68 it=96000 eval=50013 accepted=20502 cost=9.67832 best=5.27102 faults=3 ideal=1 hard=0 min=10,7,10,7, mean=14.2667,14.9099,14.2667,14.9146,
grid20 EXACT t=548.022 it=97000 eval=50522 accepted=20707 cost=7.86726 best=5.27102 faults=2 ideal=1 hard=0 min=9,7,10,7, mean=14.4333,14.9415,14.4333,14.8901,
grid20 EXACT t=556.028 it=98000 eval=51063 accepted=20934 cost=7.47975 best=5.27102 faults=2 ideal=1 hard=0 min=10,7,10,7, mean=14.4333,14.9041,14.4333,14.9509,
grid20 EXACT t=561.366 it=99000 eval=51546 accepted=21145 cost=7.61758 best=5.27102 faults=2 ideal=1 hard=0 min=10,7,10,7, mean=14.3667,14.9298,14.3667,14.8596,
grid20 EXACT t=567.007 it=100000 eval=52013 accepted=21337 cost=7.81084 best=5.27102 faults=2 ideal=1 hard=0 min=9,7,10,7, mean=14.0333,15.0023,14.0333,14.8854,
grid20 EXACT t=574.35 it=101000 eval=52488 accepted=21525 cost=7.70126 best=5.27102 faults=2 ideal=1 hard=0 min=9,7,10,7, mean=14.4,14.9988,14.4,14.9661,
grid20 EXACT t=580.045 it=102000 eval=52976 accepted=21719 cost=7.68354 best=5.27102 faults=2 ideal=1 hard=0 min=9,7,10,7, mean=14.7,14.9556,14.7,14.9275,
grid20 EXACT t=587.11 it=103000 eval=53503 accepted=21912 cost=7.38779 best=5.27102 faults=2 ideal=1 hard=0 min=10,7,10,7, mean=14.8,14.938,14.8,14.9567,
grid20 EXACT t=592.778 it=104000 eval=54027 accepted=22111 cost=7.50768 best=5.27102 faults=2 ideal=1 hard=0 min=10,7,10,7, mean=14.9,14.8363,14.9,14.9392,
grid20 EXACT t=598.699 it=105000 eval=54555 accepted=22315 cost=7.36393 best=5.27102 faults=2 ideal=1 hard=0 min=10,7,10,7, mean=14.7333,14.8468,14.7333,14.9404,
