grid20 EXACT t=0.0311387 it=0 score=0.333333 faults=32 penalty=50 ideal=1 hard=0 min=9,7,9,7, mean=14.0333,14.8573,14.0333,14.8105,
grid20 EXACT t=0.031334 it=0 eval=1 accepted=1 cost=104.84 best=104.84 faults=32 ideal=1 hard=0 min=9,7,9,7, mean=14.0333,14.8573,14.0333,14.8105,
grid20 EXACT t=0.148972 it=17 score=0.333333 faults=30 penalty=48 ideal=1 hard=0 min=9,7,9,7, mean=14.1,14.8456,14.1,14.7567,
grid20 EXACT t=0.321839 it=36 score=0.333333 faults=29 penalty=47 ideal=1 hard=0 min=9,7,9,7, mean=14.1667,14.8199,14.1667,14.7591,
grid20 EXACT t=0.441366 it=44 score=0.333333 faults=26 penalty=32 ideal=0.857143 hard=1 min=9,6,9,7, mean=14.0667,14.8468,14.0667,14.7532,
grid20 EXACT t=0.454796 it=46 score=0.333333 faults=24 penalty=30 ideal=0.857143 hard=1.23517 min=9,6,9,7, mean=14,14.7135,14,14.7181,
grid20 EXACT t=0.465548 it=47 score=0.333333 faults=23 penalty=29 ideal=0.857143 hard=1.11889 min=9,6,9,7, mean=14,14.7368,14,14.7181,
grid20 EXACT t=0.522302 it=57 score=0.333333 faults=21 penalty=24 ideal=0.857143 hard=1.00021 min=9,6,9,7, mean=14.0667,14.7719,14.0667,14.7485,
grid20 EXACT t=0.693603 it=77 score=0.333333 faults=20 penalty=23 ideal=0.857143 hard=1.00144 min=9,6,9,7, mean=14,14.7743,14,14.7462,
grid20 EXACT t=0.761407 it=93 score=0.666667 faults=19 penalty=19 ideal=0.857143 hard=1 min=9,6,9,7, mean=14.0667,14.7719,14.0667,14.7813,
grid20 EXACT t=0.832124 it=106 score=0.666667 faults=14 penalty=14 ideal=0.857143 hard=7 min=8,6,9,7, mean=14.0333,14.7825,14.0333,14.7731,
grid20 EXACT t=6.29358 it=1000 eval=743 accepted=256 cost=68.9179 best=37.7728 faults=23 ideal=0.857143 hard=6 min=10,6,9,6, mean=13.9,14.7544,13.9,14.8994,
grid20 EXACT t=11.0135 it=1791 score=0.666667 faults=11 penalty=11 ideal=0.857143 hard=3 min=9,7,10,6, mean=14.1333,14.952,14.1333,14.8491,
grid20 EXACT t=11.2205 it=1827 score=0.666667 faults=10 penalty=10 ideal=0.857143 hard=2.88889 min=9,7,10,6, mean=13.9333,14.8982,13.9333,14.8281,
grid20 EXACT t=11.5951 it=1914 score=0.666667 faults=7 penalty=7 ideal=0.857143 hard=8 min=8,6,10,6, mean=14,14.8632,14,14.8444,
grid20 EXACT t=11.9943 it=2000 eval=1468 accepted=520 cost=24.4057 best=21.9631 faults=7 ideal=0.714286 hard=6 min=9,6,9,5, mean=14.1333,14.793,14.1333,14.8491,
grid20 EXACT t=12.1805 it=2039 score=0.666667 faults=6 penalty=6 ideal=0.857143 hard=6.55556 min=9,7,9,6, mean=13.8333,14.7988,13.8333,14.8129,
grid20 EXACT t=12.9222 it=2161 score=0.666667 faults=5 penalty=5 ideal=0.714286 hard=8 min=9,6,9,5, mean=13.9,14.8058,13.9,14.8152,
grid20 EXACT t=16.1731 it=2705 score=0.666667 faults=4 penalty=4 ideal=0.714286 hard=5.88889 min=9,5,9,6, mean=13.9333,14.8889,13.9333,14.7953,
grid20 EXACT t=17.6236 it=3000 eval=2075 accepted=744 cost=15.2215 best=12.6154 faults=5 ideal=0.857143 hard=1 min=9,7,10,6, mean=14.0333,14.876,14.0333,14.8339,
grid20 EXACT t=17.781 it=3023 score=0.666667 faults=3 penalty=3 ideal=0.857143 hard=6 min=11,7,8,6, mean=14.2667,14.793,14.2667,15.0456,
grid20 EXACT t=22.5787 it=4000 eval=2662 accepted=983 cost=12.5954 best=12.083 faults=4 ideal=1 hard=0 min=9,7,9,7, mean=14.2,14.8,14.2,14.8842,
grid20 EXACT t=27.2659 it=5000 eval=3236 accepted=1230 cost=12.3325 best=10.3968 faults=3 ideal=0.857143 hard=1 min=9,6,9,7, mean=14.0333,14.7825,14.0333,14.8807,
grid20 EXACT t=30.443 it=5812 score=0.666667 faults=2 penalty=2 ideal=0.857143 hard=3 min=9,6,9,6, mean=14.1,14.8456,14.1,14.7942,
grid20 EXACT t=31.0899 it=6000 eval=3731 accepted=1439 cost=12.5309 best=10.3968 faults=2 ideal=0.857143 hard=4 min=9,6,9,6, mean=14.0667,14.8187,14.0667,14.8421,
grid20 EXACT t=33.4044 it=6595 score=0.666667 faults=1 penalty=1 ideal=0.857143 hard=2 min=9,6,10,6, mean=14.0333,14.7684,14.0333,14.8058,
grid20 EXACT t=35.0188 it=7000 eval=4159 accepted=1646 cost=8.13726 best=8.09372 faults=1 ideal=0.857143 hard=2 min=10,6,9,6, mean=14.2,14.8,14.2,14.8982,
grid20 EXACT t=36.269 it=7226 score=0.857143 faults=0 penalty=0 ideal=0.857143 hard=2.22222 min=10,6,9,6, mean=13.9667,14.8082,13.9667,14.9251,
grid20 EXACT t=39.0281 it=8000 eval=4579 accepted=1877 cost=13.0036 best=6.10327 faults=3 ideal=0.857143 hard=2.03612 min=9,6,9,6, mean=14.0333,14.731,14.0333,14.8058,
grid20 EXACT t=43.1285 it=9000 eval=5048 accepted=2108 cost=7.1427 best=6.10327 faults=1 ideal=0.857143 hard=1 min=9,7,9,6, mean=14.3667,14.855,14.3667,14.8737,
grid20 EXACT t=46.4757 it=10000 eval=5365 accepted=2324 cost=5.29747 best=4.94144 faults=0 ideal=0.857143 hard=1 min=10,7,9,6, mean=14,14.8678,14,14.8023,
grid20 EXACT t=51.2162 it=11000 eval=5721 accepted=2558 cost=5.20533 best=4.86835 faults=0 ideal=0.857143 hard=1 min=10,7,9,6, mean=14.3333,14.8982,14.3333,14.8795,
grid20 EXACT t=55.0769 it=12000 eval=6033 accepted=2766 cost=5.43867 best=4.86835 faults=0 ideal=0.857143 hard=1 min=10,7,9,6, mean=14,14.8164,14,14.8725,
grid20 EXACT t=58.5876 it=12721 score=1 faults=0 penalty=0 ideal=1 hard=0 min=10,7,9,7, mean=14.0333,14.7965,14.0333,14.8573,
SUCCESS
