ladder16 EXACT t=0.0114329 it=0 eval=0 accepted=0 cost=13.6455 best=13.6455 faults=4 ideal=1 hard=0 min=10,6,10,6, mean=12.625,11.9796,12.625,12.0537,
ladder16 EXACT t=0.0509337 it=5 score=0.333333 faults=4 penalty=11 ideal=1 hard=0 min=10,6,10,6, mean=12.625,11.9796,12.625,12.0537,
ladder16 EXACT t=5.86185 it=1000 eval=757 accepted=137 cost=19.8736 best=13.6455 faults=6 ideal=0.833333 hard=1 min=8,5,8,6, mean=12.1667,11.9926,12.1667,12.037,
ladder16 EXACT t=10.6455 it=2000 eval=1522 accepted=294 cost=14.582 best=13.6455 faults=4 ideal=1 hard=0 min=8,6,8,7, mean=12.3333,12.0222,12.3333,11.9111,
ladder16 EXACT t=15.4384 it=3000 eval=2280 accepted=431 cost=14.6441 best=13.6455 faults=4 ideal=1 hard=0 min=8,6,8,6, mean=11.875,12.0722,11.875,12.0574,
ladder16 EXACT t=20.7048 it=4000 eval=3046 accepted=553 cost=14.3266 best=13.6455 faults=4 ideal=1 hard=0 min=8,6,9,6, mean=12.125,12.0315,12.125,11.9944,
ladder16 EXACT t=25.8555 it=5000 eval=3797 accepted=664 cost=14.1575 best=13.6455 faults=4 ideal=1 hard=0 min=9,6,9,6, mean=12.2917,12.0241,12.2917,12.0093,
ladder16 EXACT t=32.4295 it=6000 eval=4566 accepted=767 cost=14.0822 best=13.6455 faults=4 ideal=1 hard=0 min=9,6,9,6, mean=12.1667,12.037,12.1667,12.0815,
ladder16 EXACT t=39.4125 it=7000 eval=5309 accepted=928 cost=18.8831 best=13.6455 faults=6 ideal=1 hard=0 min=8,6,8,6, mean=12.4583,11.9204,12.4583,11.9426,
ladder16 EXACT t=47.313 it=8000 eval=6041 accepted=1067 cost=18.9237 best=13.6455 faults=6 ideal=1 hard=0 min=8,6,8,6, mean=12.125,12.0759,12.125,12.0093,
ladder16 EXACT t=54.7286 it=9000 eval=6790 accepted=1204 cost=18.6959 best=13.6455 faults=6 ideal=1 hard=0 min=8,6,9,6, mean=12.4583,12.0019,12.4583,11.9352,
ladder16 EXACT t=63.8614 it=10000 eval=7529 accepted=1336 cost=18.4428 best=13.6455 faults=6 ideal=1 hard=0 min=9,6,9,6, mean=12.4583,12.0019,12.4583,11.9426,
ladder16 EXACT t=72.3207 it=11000 eval=8300 accepted=1466 cost=19.5127 best=13.6455 faults=5 ideal=0.833333 hard=3 min=8,6,9,5, mean=12.3333,11.9778,12.3333,12.0444,
ladder16 EXACT t=81.397 it=12000 eval=9031 accepted=1601 cost=14.5129 best=13.6455 faults=4 ideal=1 hard=0 min=8,6,8,6, mean=12.6667,11.9407,12.6667,11.9333,
ladder16 EXACT t=90.2757 it=13000 eval=9740 accepted=1726 cost=14.3556 best=13.6455 faults=4 ideal=1 hard=0 min=8,6,10,6, mean=12.7083,11.9389,12.7083,11.887,
ladder16 EXACT t=90.536 it=13035 score=0.333333 faults=3 penalty=9 ideal=0.833333 hard=1 min=8,5,9,6, mean=12.6667,11.9778,12.6667,11.9185,
ladder16 EXACT t=97.8346 it=14000 eval=10435 accepted=1849 cost=12.158 best=12.1383 faults=3 ideal=1 hard=0 min=9,6,9,6, mean=12.5,11.9852,12.5,11.9481,
ladder16 EXACT t=105.202 it=15000 eval=11174 accepted=1948 cost=14.6357 best=12.1325 faults=4 ideal=1 hard=0 min=8,6,8,6, mean=12.4583,11.9944,12.4583,11.9574,
ladder16 EXACT t=112.623 it=16000 eval=11873 accepted=2093 cost=13.2447 best=12.1325 faults=3 ideal=1 hard=0 min=8,6,8,6, mean=12.2083,11.9315,12.2083,12.0204,
ladder16 EXACT t=119.194 it=17000 eval=12514 accepted=2210 cost=12.9477 best=12.1325 faults=3 ideal=1 hard=0 min=8,6,8,6, mean=11.75,11.9593,11.75,12.063,
ladder16 EXACT t=124.263 it=18000 eval=13142 accepted=2326 cost=12.5919 best=12.1325 faults=3 ideal=1 hard=0 min=8,6,8,6, mean=12.2917,12.0463,12.2917,12.0241,
ladder16 EXACT t=129.174 it=19000 eval=13782 accepted=2443 cost=12.4716 best=12.1325 faults=3 ideal=1 hard=0 min=8,6,9,6, mean=11.875,12.087,11.875,12.0056,
ladder16 EXACT t=134.731 it=20000 eval=14483 accepted=2568 cost=12.2286 best=12.1077 faults=3 ideal=1 hard=0 min=8,6,10,7, mean=12.0833,12.063,12.0833,12.0333,
ladder16 EXACT t=144.752 it=21000 eval=15190 accepted=2680 cost=19.6619 best=12.1077 faults=6 ideal=1 hard=0 min=8,6,8,6, mean=12.0833,11.9444,12.0833,11.9963,
ladder16 EXACT t=153.748 it=22000 eval=15910 accepted=2810 cost=15.0507 best=12.1077 faults=4 ideal=1 hard=0 min=8,6,9,6, mean=11.875,12.0574,11.875,12.0278,
ladder16 EXACT t=161.808 it=23000 eval=16608 accepted=2916 cost=15.1857 best=12.1077 faults=4 ideal=1 hard=0 min=8,6,9,6, mean=12.125,11.9722,12.125,11.9796,
ladder16 EXACT t=167.97 it=24000 eval=17303 accepted=3018 cost=12.8654 best=12.1077 faults=3 ideal=1 hard=0 min=8,6,9,6, mean=11.9167,12.063,11.9167,12.0407,
ladder16 EXACT t=175.378 it=25000 eval=17972 accepted=3125 cost=12.1576 best=12.1077 faults=3 ideal=1 hard=0 min=8,6,10,7, mean=12.375,12.013,12.375,11.9463,
ladder16 EXACT t=183.474 it=26000 eval=18716 accepted=3283 cost=17.0061 best=12.1077 faults=5 ideal=1 hard=0 min=8,6,8,6, mean=12.0417,11.9907,12.0417,12.0056,
ladder16 EXACT t=189.215 it=27000 eval=19447 accepted=3415 cost=14.4159 best=12.1077 faults=4 ideal=1 hard=0 min=9,6,8,6, mean=12.2917,11.9796,12.2917,11.9574,
ladder16 EXACT t=192.338 it=27591 score=0.666667 faults=5 penalty=10 ideal=1 hard=0 min=8,6,9,6, mean=12.5833,11.9667,12.5833,11.937,
ladder16 EXACT t=194.984 it=28000 eval=20204 accepted=3546 cost=12.8704 best=12.1077 faults=5 ideal=1 hard=0 min=9,6,9,6, mean=12.5,11.9481,12.5,11.9556,
ladder16 EXACT t=195.941 it=28161 score=0.666667 faults=3 penalty=6 ideal=0.833333 hard=2 min=8,5,9,5, mean=12.375,11.9981,12.375,11.9833,
ladder16 EXACT t=195.997 it=28172 score=0.666667 faults=2 penalty=4 ideal=0.833333 hard=2 min=8,5,9,5, mean=12.625,11.9278,12.625,11.9574,
ladder16 EXACT t=199.298 it=29000 eval=20817 accepted=3667 cost=8.441 best=8.33028 faults=2 ideal=0.833333 hard=1 min=10,5,9,6, mean=12.4167,11.9296,12.4167,12.0037,
ladder16 EXACT t=204.557 it=30000 eval=21349 accepted=3800 cost=7.11344 best=7.02483 faults=2 ideal=1 hard=0 min=9,6,8,6, mean=12.4167,11.9889,12.4167,12.0481,
ladder16 EXACT t=209.565 it=31000 eval=21891 accepted=3905 cost=6.64433 best=6.64433 faults=2 ideal=1 hard=0 min=10,6,10,6, mean=12.75,11.9889,12.75,11.9889,
ladder16 EXACT t=215.184 it=32000 eval=22509 accepted=4057 cost=12.8584 best=6.64433 faults=4 ideal=0.833333 hard=1 min=8,6,9,5, mean=12.1667,12.0593,12.1667,11.9778,
ladder16 EXACT t=220.187 it=33000 eval=23052 accepted=4192 cost=8.24017 best=6.64433 faults=2 ideal=1 hard=0 min=8,6,8,6, mean=12.2917,11.9056,12.2917,11.95,
ladder16 EXACT t=225.929 it=34000 eval=23600 accepted=4329 cost=7.18672 best=6.64433 faults=2 ideal=1 hard=0 min=9,6,9,6, mean=12.5417,12.0204,12.5417,11.9981,
ladder16 EXACT t=234.495 it=35000 eval=24131 accepted=4428 cost=7.17044 best=6.64433 faults=2 ideal=1 hard=0 min=9,6,9,6, mean=12.5,11.9481,12.5,12.0222,
ladder16 EXACT t=239.404 it=36000 eval=24655 accepted=4546 cost=7.11689 best=6.64433 faults=2 ideal=1 hard=0 min=9,6,9,6, mean=12.5,11.9556,12.5,12.0519,
ladder16 EXACT t=243.069 it=37000 eval=25198 accepted=4647 cost=6.96917 best=6.64433 faults=2 ideal=1 hard=0 min=9,6,9,6, mean=12.5417,11.9611,12.5417,12.0278,
ladder16 EXACT t=249.866 it=38000 eval=25804 accepted=4795 cost=8.03411 best=6.64433 faults=2 ideal=1 hard=0 min=8,6,8,6, mean=12.0833,11.9519,12.0833,11.9741,
ladder16 EXACT t=255.747 it=39000 eval=26421 accepted=4949 cost=6.94811 best=6.64433 faults=2 ideal=1 hard=0 min=9,6,9,7, mean=12.25,11.9963,12.25,12.063,
ladder16 EXACT t=259.893 it=40000 eval=27018 accepted=5081 cost=7.31467 best=6.64433 faults=2 ideal=1 hard=0 min=8,6,9,6, mean=12.1667,11.9926,12.1667,12.0296,
ladder16 EXACT t=264.32 it=41000 eval=27549 accepted=5202 cost=7.57783 best=6.64433 faults=2 ideal=1 hard=0 min=8,6,9,6, mean=12.2083,11.9981,12.2083,11.9463,
ladder16 EXACT t=269.001 it=42000 eval=28076 accepted=5295 cost=7.69567 best=6.64433 faults=2 ideal=1 hard=0 min=8,6,8,6, mean=12.4167,12.0481,12.4167,11.9741,
ladder16 EXACT t=274.696 it=43000 eval=28647 accepted=5412 cost=7.029 best=6.64433 faults=2 ideal=1 hard=0 min=9,6,9,6, mean=12.5833,11.9815,12.5833,12.0185,
ladder16 EXACT t=280.159 it=44000 eval=29248 accepted=5517 cost=8.41161 best=6.64433 faults=2 ideal=0.833333 hard=1 min=9,5,8,6, mean=12.375,11.9685,12.375,11.9907,
ladder16 EXACT t=286.739 it=45000 eval=29877 accepted=5649 cost=14.8793 best=6.64433 faults=5 ideal=0.833333 hard=1 min=8,6,9,5, mean=12.1667,12.0815,12.1667,11.963,
ladder16 EXACT t=294.721 it=46000 eval=30581 accepted=5788 cost=10.7978 best=6.64433 faults=3 ideal=0.833333 hard=1 min=9,5,8,6, mean=12.1667,12.0444,12.1667,12.037,
ladder16 EXACT t=301.599 it=47000 eval=31233 accepted=5904 cost=7.462 best=6.64433 faults=2 ideal=1 hard=0 min=9,6,10,6, mean=12.3333,12.0148,12.3333,11.9852,
ladder16 EXACT t=306.616 it=48000 eval=31803 accepted=6009 cost=7.31511 best=6.64433 faults=2 ideal=1 hard=0 min=9,6,9,6, mean=12.6667,12,12.6667,11.9259,
ladder16 EXACT t=310.397 it=49000 eval=32368 accepted=6113 cost=7.492 best=6.64433 faults=2 ideal=1 hard=0 min=9,6,9,6, mean=12.3333,12.0222,12.3333,11.9778,
ladder16 EXACT t=315.253 it=50000 eval=32910 accepted=6228 cost=7.01956 best=6.64433 faults=2 ideal=1 hard=0 min=9,6,9,6, mean=12.6667,11.9926,12.6667,11.9704,
ladder16 EXACT t=320.755 it=51000 eval=33620 accepted=6373 cost=9.13528 best=6.64433 faults=3 ideal=1 hard=0 min=8,6,10,6, mean=12.2917,11.9648,12.2917,11.95,
ladder16 EXACT t=330.802 it=52000 eval=34240 accepted=6502 cost=8.71467 best=6.64433 faults=2 ideal=0.833333 hard=1 min=9,5,8,6, mean=12.1667,11.9778,12.1667,11.9778,
ladder16 EXACT t=336.111 it=53000 eval=34836 accepted=6636 cost=8.4505 best=6.64433 faults=2 ideal=0.833333 hard=1 min=8,5,8,6, mean=12.5417,12.0056,12.5417,11.8944,
ladder16 EXACT t=341.22 it=54000 eval=35442 accepted=6764 cost=7.97194 best=6.64433 faults=2 ideal=0.833333 hard=1 min=9,5,9,6, mean=12.7917,11.9352,12.7917,11.9352,
ladder16 EXACT t=345.612 it=55000 eval=36013 accepted=6859 cost=7.91394 best=6.64433 faults=2 ideal=0.833333 hard=1 min=9,5,9,6, mean=12.625,12.0463,12.625,11.9574,
ladder16 EXACT t=350.362 it=56000 eval=36609 accepted=6966 cost=9.21722 best=6.64433 faults=3 ideal=1 hard=0 min=8,6,9,6, mean=12.4167,12.0111,12.4167,11.9741,
ladder16 EXACT t=356.857 it=57000 eval=37244 accepted=7102 cost=10.539 best=6.64433 faults=3 ideal=0.833333 hard=1 min=8,5,10,6, mean=12.5833,11.9889,12.5833,11.9444,
ladder16 EXACT t=361.267 it=58000 eval=37869 accepted=7236 cost=9.50361 best=6.64433 faults=2 ideal=0.833333 hard=1 min=8,5,8,6, mean=12.0417,11.9759,12.0417,11.9833,
ladder16 EXACT t=366.184 it=59000 eval=38347 accepted=7340 cost=8.50844 best=6.64433 faults=2 ideal=1 hard=0 min=9,6,8,6, mean=12,11.9852,12,12.0519,
ladder16 EXACT t=370.583 it=60000 eval=38859 accepted=7447 cost=8.2295 best=6.64433 faults=2 ideal=1 hard=0 min=8,6,9,6, mean=11.9583,12.0019,11.9583,12.0315,
ladder16 EXACT t=375.65 it=61000 eval=39407 accepted=7560 cost=7.81239 best=6.64433 faults=2 ideal=1 hard=0 min=9,6,9,6, mean=12.125,12.0093,12.125,12.0981,
ladder16 EXACT t=381.309 it=62000 eval=39951 accepted=7675 cost=7.37006 best=6.64433 faults=2 ideal=1 hard=0 min=9,6,9,6, mean=12.2083,12.0574,12.2083,12.0722,
ladder16 EXACT t=384.772 it=63000 eval=40479 accepted=7785 cost=7.40478 best=6.64433 faults=2 ideal=1 hard=0 min=9,6,9,6, mean=12.25,12.0333,12.25,12.0481,
ladder16 EXACT t=390.608 it=64000 eval=41125 accepted=7943 cost=8.19761 best=6.64433 faults=2 ideal=1 hard=0 min=9,6,8,6, mean=12.2083,11.9315,12.2083,11.9611,
ladder16 EXACT t=394.298 it=65000 eval=41709 accepted=8072 cost=7.13028 best=6.64433 faults=2 ideal=1 hard=0 min=9,6,9,7, mean=12.375,12.0426,12.375,12.0056,
ladder16 EXACT t=399.568 it=66000 eval=42265 accepted=8199 cost=7.68856 best=6.64433 faults=2 ideal=1 hard=0 min=8,6,8,6, mean=12.4167,11.9148,12.4167,11.9815,
ladder16 EXACT t=404.823 it=67000 eval=42820 accepted=8331 cost=7.50167 best=6.64433 faults=2 ideal=1 hard=0 min=8,6,9,6, mean=12.0833,12.0185,12.0833,12.0037,
ladder16 EXACT t=408.931 it=68000 eval=43375 accepted=8432 cost=7.08422 best=6.64433 faults=2 ideal=1 hard=0 min=9,6,9,6, mean=12.5,11.9333,12.5,11.9852,
ladder16 EXACT t=413.163 it=69000 eval=43946 accepted=8552 cost=6.97261 best=6.64433 faults=2 ideal=1 hard=0 min=9,6,10,6, mean=12.4583,12.0241,12.4583,12.0019,
ladder16 EXACT t=417.947 it=70000 eval=44553 accepted=8661 cost=6.77161 best=6.64433 faults=2 ideal=1 hard=0 min=9,6,10,6, mean=12.7083,12.0352,12.7083,11.9907,
ladder16 EXACT t=423.701 it=71000 eval=45217 accepted=8799 cost=10.0377 best=6.64433 faults=3 ideal=1 hard=0 min=8,6,9,6, mean=11.7917,11.9944,11.7917,12.0241,
ladder16 EXACT t=428.735 it=72000 eval=45896 accepted=8950 cost=9.44211 best=6.64433 faults=3 ideal=1 hard=0 min=9,6,8,6, mean=12.25,12.0185,12.25,12.0407,
ladder16 EXACT t=434.092 it=73000 eval=46499 accepted=9107 cost=7.66078 best=6.64433 faults=2 ideal=1 hard=0 min=8,6,9,6, mean=12.4167,11.9889,12.4167,11.9593,
ladder16 EXACT t=438.945 it=74000 eval=47058 accepted=9230 cost=6.95417 best=6.64433 faults=2 ideal=1 hard=0 min=10,6,9,6, mean=12.625,12.0315,12.625,12.0241,
ladder16 EXACT t=443.188 it=75000 eval=47621 accepted=9340 cost=7.36072 best=6.64433 faults=2 ideal=1 hard=0 min=9,6,9,6, mean=12.2083,12.0796,12.2083,12.0056,
