ladder16 EXACT t=0.0113439 it=0 eval=0 accepted=0 cost=21.6201 best=21.6201 faults=3 ideal=0.833333 hard=1 min=9,5,9,6, mean=12.0417,12.05,12.0417,12.0796,
ladder16 EXACT t=0.0401909 it=6 score=0.333333 faults=5 penalty=13 ideal=0.833333 hard=1 min=9,5,9,6, mean=11.9583,12.0463,11.9583,12.0315,
ladder16 EXACT t=0.278737 it=37 score=0.333333 faults=4 penalty=11 ideal=0.666667 hard=13 min=8,5,7,4, mean=11.875,12.0426,11.875,12.0278,
ladder16 EXACT t=0.618271 it=92 score=0.666667 faults=10 penalty=20 ideal=0.666667 hard=10 min=7,4,9,6, mean=11.9167,12.1074,11.9167,11.9741,
ladder16 EXACT t=0.653694 it=96 score=0.666667 faults=7 penalty=14 ideal=0.666667 hard=15 min=7,4,7,6, mean=11.75,12.0926,11.75,11.9741,
ladder16 EXACT t=5.70878 it=1000 eval=836 accepted=170 cost=50.4024 best=21.6201 faults=10 ideal=0.833333 hard=1 min=8,6,8,5, mean=11.9583,12.0463,11.9583,11.9944,
ladder16 EXACT t=11.5447 it=2000 eval=1642 accepted=324 cost=47.8754 best=21.6201 faults=9 ideal=0.833333 hard=2 min=8,5,8,6, mean=11.5417,12.05,11.5417,11.9907,
ladder16 EXACT t=17.8217 it=3000 eval=2492 accepted=464 cost=31.1099 best=21.6201 faults=5 ideal=0.833333 hard=2 min=9,5,9,6, mean=11.9167,12.0407,11.9167,12.0333,
ladder16 EXACT t=18.9886 it=3246 score=0.666667 faults=4 penalty=8 ideal=0.833333 hard=2 min=8,5,9,6, mean=11.7917,12.0315,11.7917,12.0463,
ladder16 EXACT t=19.6253 it=3392 score=0.666667 faults=3 penalty=6 ideal=0.833333 hard=2 min=8,5,9,6, mean=11.9167,12.0259,11.9167,12.0333,
ladder16 EXACT t=21.8908 it=4000 eval=3229 accepted=591 cost=17.5496 best=17.1876 faults=3 ideal=0.833333 hard=2 min=8,5,8,6, mean=11.875,11.9611,11.875,12.0648,
ladder16 EXACT t=27.5153 it=5000 eval=3952 accepted=698 cost=16.6522 best=16.6469 faults=3 ideal=0.833333 hard=2 min=9,5,9,6, mean=12.3333,12.0148,12.3333,12.037,
ladder16 EXACT t=44.9437 it=6000 eval=4692 accepted=856 cost=26.335 best=16.5886 faults=5 ideal=0.833333 hard=3 min=8,5,8,5, mean=12.0833,11.9593,12.0833,12.0407,
ladder16 EXACT t=56.7051 it=7000 eval=5464 accepted=999 cost=22.9747 best=16.5886 faults=4 ideal=0.833333 hard=4 min=9,5,9,5, mean=12,12.0741,12,12.0148,
ladder16 EXACT t=60.9489 it=8000 eval=6207 accepted=1133 cost=18.1732 best=16.5886 faults=3 ideal=0.833333 hard=3 min=8,5,9,5, mean=11.875,11.9685,11.875,12.087,
ladder16 EXACT t=64.6465 it=8676 score=0.666667 faults=2 penalty=4 ideal=0.833333 hard=3 min=8,5,8,5, mean=12,12.0296,12,12.0444,
ladder16 EXACT t=66.7608 it=9000 eval=6922 accepted=1254 cost=13.0534 best=13.0534 faults=2 ideal=0.833333 hard=2 min=8,5,8,6, mean=12.0833,11.9889,12.0833,12.0481,
ladder16 EXACT t=79.459 it=10000 eval=7625 accepted=1413 cost=17.9621 best=12.5106 faults=3 ideal=0.833333 hard=2 min=8,5,8,5, mean=11.9167,12.0111,11.9167,11.9815,
ladder16 EXACT t=85.0376 it=11000 eval=8327 accepted=1561 cost=16.3904 best=12.5106 faults=3 ideal=0.833333 hard=1 min=8,5,9,6, mean=11.9583,12.0019,11.9583,12.0389,
ladder16 EXACT t=90.8339 it=12000 eval=8980 accepted=1684 cost=11.6971 best=11.6971 faults=2 ideal=1 hard=0 min=8,6,9,6, mean=11.9583,12.0019,11.9583,11.9944,
ladder16 EXACT t=97.6056 it=13000 eval=9570 accepted=1804 cost=11.2983 best=11.2983 faults=2 ideal=1 hard=0 min=8,6,9,6, mean=12.2083,11.9611,12.2083,11.9537,
ladder16 EXACT t=102.655 it=14000 eval=10215 accepted=1919 cost=11.2521 best=11.2333 faults=2 ideal=1 hard=0 min=8,6,9,6, mean=12.0417,12.0204,12.0417,11.9759,
ladder16 EXACT t=109.049 it=15000 eval=10904 accepted=2087 cost=31.8131 best=11.1474 faults=5 ideal=0.833333 hard=2 min=8,5,8,5, mean=12.125,12.0093,12.125,11.9204,
ladder16 EXACT t=115.304 it=16000 eval=11639 accepted=2258 cost=17.5589 best=11.1474 faults=3 ideal=0.833333 hard=2 min=8,5,8,5, mean=12.1667,11.9407,12.1667,12,
ladder16 EXACT t=121.227 it=17000 eval=12299 accepted=2391 cost=17.9016 best=11.1474 faults=3 ideal=0.833333 hard=2 min=8,5,8,5, mean=11.6667,12.0222,11.6667,12.0741,
ladder16 EXACT t=126.324 it=18000 eval=12920 accepted=2512 cost=14.752 best=11.1474 faults=2 ideal=0.833333 hard=3 min=8,5,8,5, mean=11.6667,12.0889,11.6667,12.0444,
ladder16 EXACT t=132.382 it=19000 eval=13552 accepted=2636 cost=14.3738 best=11.1474 faults=2 ideal=0.833333 hard=3 min=8,5,9,5, mean=11.875,12.0574,11.875,12.0204,
ladder16 EXACT t=137.332 it=20000 eval=14151 accepted=2740 cost=12.0247 best=11.1474 faults=2 ideal=0.833333 hard=1 min=8,6,9,5, mean=11.8333,12.0444,11.8333,12.0444,
ladder16 EXACT t=146.303 it=21000 eval=14847 accepted=2881 cost=41.6451 best=11.1474 faults=7 ideal=0.666667 hard=9 min=7,6,8,4, mean=11.7917,12.0315,11.7917,11.8981,
ladder16 EXACT t=152.776 it=22000 eval=15562 accepted=3048 cost=13.9558 best=11.1474 faults=2 ideal=0.833333 hard=2 min=8,5,8,5, mean=12,11.9704,12,11.9778,
ladder16 EXACT t=158.459 it=23000 eval=16248 accepted=3181 cost=11.9245 best=10.9789 faults=2 ideal=1 hard=0 min=8,6,8,6, mean=12.2083,11.9981,12.2083,11.9019,
ladder16 EXACT t=164.175 it=24000 eval=16889 accepted=3300 cost=11.203 best=10.9789 faults=2 ideal=1 hard=0 min=8,6,9,6, mean=12.0833,12.0185,12.0833,11.9815,
ladder16 EXACT t=168.395 it=25000 eval=17576 accepted=3410 cost=10.9068 best=10.9068 faults=2 ideal=1 hard=0 min=8,6,9,6, mean=12.4583,11.9796,12.4583,11.9648,
ladder16 EXACT t=171.978 it=26000 eval=18244 accepted=3510 cost=10.9371 best=10.8685 faults=2 ideal=1 hard=0 min=8,6,9,7, mean=12.3333,12.0296,12.3333,11.963,
ladder16 EXACT t=176.105 it=27000 eval=18952 accepted=3638 cost=41.2147 best=10.8685 faults=8 ideal=1 hard=0 min=8,6,8,6, mean=12.0417,12.0278,12.0417,12.0574,
ladder16 EXACT t=183.615 it=28000 eval=19761 accepted=3839 cost=31.8346 best=10.8685 faults=7 ideal=1 hard=0 min=8,6,8,6, mean=11.9167,12.0037,11.9167,11.9593,
ladder16 EXACT t=188.626 it=29000 eval=20445 accepted=3964 cost=19.6238 best=10.8685 faults=4 ideal=1 hard=0 min=8,6,8,6, mean=12.0417,12.0796,12.0417,11.9981,
ladder16 EXACT t=193.837 it=30000 eval=21107 accepted=4100 cost=16.1418 best=10.8685 faults=3 ideal=1 hard=0 min=8,6,8,6, mean=11.7083,11.9759,11.7083,12.0352,
ladder16 EXACT t=199.401 it=31000 eval=21724 accepted=4208 cost=15.9051 best=10.8685 faults=3 ideal=1 hard=0 min=8,6,8,6, mean=11.7917,12.0981,11.7917,11.9648,
ladder16 EXACT t=205.261 it=32000 eval=22379 accepted=4310 cost=10.8614 best=10.8614 faults=2 ideal=1 hard=0 min=8,6,10,6, mean=12.2083,12.1315,12.2083,11.9759,
ladder16 EXACT t=217.906 it=33000 eval=23042 accepted=4429 cost=21.3063 best=10.7719 faults=4 ideal=0.833333 hard=2 min=8,5,9,5, mean=12.0417,12.0944,12.0417,12.0204,
ladder16 EXACT t=221.827 it=34000 eval=23690 accepted=4561 cost=11.3006 best=10.7719 faults=2 ideal=1 hard=0 min=8,6,9,6, mean=11.75,12.0333,11.75,12.063,
ladder16 EXACT t=222.463 it=34140 score=0.666667 faults=1 penalty=2 ideal=1 hard=0 min=8,6,8,6, mean=12.3333,11.963,12.3333,12.0593,
ladder16 EXACT t=225.872 it=35000 eval=24250 accepted=4680 cost=8.83189 best=6.65439 faults=1 ideal=0.833333 hard=2 min=9,5,9,6, mean=12.0833,12.0333,12.0833,12.0407,
ladder16 EXACT t=229.887 it=36000 eval=24777 accepted=4787 cost=8.79511 best=6.65439 faults=1 ideal=0.833333 hard=2 min=8,5,9,6, mean=12.3333,12.037,12.3333,12.0222,
ladder16 EXACT t=233.064 it=37000 eval=25306 accepted=4917 cost=7.63244 best=6.65439 faults=1 ideal=0.833333 hard=1 min=8,5,10,6, mean=12.3333,12.0815,12.3333,12.0222,
ladder16 EXACT t=236.472 it=38000 eval=25856 accepted=5028 cost=7.58094 best=6.65439 faults=1 ideal=0.833333 hard=1 min=9,5,9,6, mean=12.2083,12.0796,12.2083,12.0574,
ladder16 EXACT t=240.601 it=39000 eval=26364 accepted=5119 cost=6.83006 best=6.65439 faults=1 ideal=1 hard=0 min=8,6,9,6, mean=12.375,12.0352,12.375,12.0278,
ladder16 EXACT t=244.145 it=40000 eval=26843 accepted=5217 cost=6.7975 best=6.65439 faults=1 ideal=1 hard=0 min=8,6,9,6, mean=12.4583,12.0537,12.4583,11.9796,
ladder16 EXACT t=250.547 it=41000 eval=27588 accepted=5374 cost=48.2393 best=6.65439 faults=9 ideal=0.833333 hard=2 min=8,5,8,6, mean=11.7917,11.987,11.7917,11.9278,
ladder16 EXACT t=255.315 it=42000 eval=28359 accepted=5518 cost=27.3618 best=6.65439 faults=5 ideal=0.833333 hard=3 min=8,5,8,5, mean=12,11.9556,12,11.9259,
ladder16 EXACT t=260.051 it=43000 eval=29034 accepted=5641 cost=12.1112 best=6.65439 faults=2 ideal=0.833333 hard=1 min=8,6,8,5, mean=12.0833,12.0185,12.0833,12.0333,
ladder16 EXACT t=264.078 it=44000 eval=29663 accepted=5764 cost=12.8959 best=6.65439 faults=2 ideal=0.833333 hard=1 min=8,6,8,5, mean=12.125,11.987,12.125,11.95,
ladder16 EXACT t=268.443 it=45000 eval=30244 accepted=5884 cost=11.8732 best=6.65439 faults=2 ideal=1 hard=0 min=8,6,8,6, mean=11.7083,12.087,11.7083,12.0352,
ladder16 EXACT t=272.364 it=46000 eval=30840 accepted=5989 cost=11.4861 best=6.65439 faults=2 ideal=1 hard=0 min=8,6,8,6, mean=11.9167,12.0926,11.9167,12.0333,
ladder16 EXACT t=277.764 it=47000 eval=31498 accepted=6104 cost=11.2984 best=6.65439 faults=2 ideal=1 hard=0 min=8,6,8,6, mean=11.8333,12.0741,11.8333,12.0296,
ladder16 EXACT t=284.001 it=48000 eval=32201 accepted=6241 cost=32.251 best=6.65439 faults=7 ideal=0.833333 hard=1 min=8,6,8,5, mean=12.0833,12.0185,12.0833,11.9815,
ladder16 EXACT t=290.003 it=49000 eval=32994 accepted=6380 cost=21.5096 best=6.65439 faults=4 ideal=0.833333 hard=2 min=8,5,8,5, mean=12.0417,11.9685,12.0417,11.9907,
ladder16 EXACT t=296.771 it=50000 eval=33741 accepted=6505 cost=20.6988 best=6.65439 faults=4 ideal=0.833333 hard=1 min=9,5,8,6, mean=11.625,11.987,11.625,12.0241,
ladder16 EXACT t=302.066 it=51000 eval=34479 accepted=6625 cost=20.4982 best=6.65439 faults=4 ideal=0.833333 hard=1 min=9,5,8,6, mean=11.7917,12.0093,11.7917,12.0463,
ladder16 EXACT t=308.169 it=52000 eval=35213 accepted=6757 cost=19.4299 best=6.65439 faults=4 ideal=1 hard=0 min=8,6,8,6, mean=12.0833,12.0111,12.0833,11.9963,
ladder16 EXACT t=313.868 it=53000 eval=35955 accepted=6864 cost=15.0428 best=6.65439 faults=3 ideal=1 hard=0 min=8,6,8,6, mean=12.2917,12.0167,12.2917,11.9944,
ladder16 EXACT t=319.548 it=54000 eval=36666 accepted=7018 cost=38.5912 best=6.65439 faults=8 ideal=0.833333 hard=2 min=8,5,8,5, mean=11.5833,12.0481,11.5833,11.937,
ladder16 EXACT t=326.26 it=55000 eval=37457 accepted=7192 cost=30.9988 best=6.65439 faults=5 ideal=0.833333 hard=1 min=8,6,8,5, mean=11.5833,12.0333,11.5833,11.9815,
ladder16 EXACT t=335.327 it=56000 eval=38180 accepted=7320 cost=18.4587 best=6.65439 faults=2 ideal=0.833333 hard=1 min=9,5,8,6, mean=11.8333,12.0593,11.8333,12.0963,
ladder16 EXACT t=342.172 it=57000 eval=38905 accepted=7459 cost=17.0328 best=6.65439 faults=2 ideal=1 hard=0 min=9,6,8,6, mean=12.0833,11.9667,12.0833,12.0481,
ladder16 EXACT t=347.672 it=58000 eval=39587 accepted=7574 cost=6.74289 best=6.65439 faults=1 ideal=1 hard=0 min=9,6,9,6, mean=12.3333,11.9556,12.3333,12.0519,
ladder16 EXACT t=351.143 it=59000 eval=40071 accepted=7661 cost=44.052 best=6.6515 faults=8 ideal=0.833333 hard=2 min=8,5,8,5, mean=12,11.9481,12,11.9185,
ladder16 EXACT t=358.305 it=60000 eval=40886 accepted=7823 cost=42.0803 best=6.6515 faults=9 ideal=0.833333 hard=3 min=8,5,9,5, mean=11.9167,12.0926,11.9167,12.0185,
ladder16 EXACT t=363.808 it=61000 eval=41641 accepted=7991 cost=23.9848 best=6.6515 faults=5 ideal=1 hard=0 min=8,6,8,6, mean=11.7917,12.0019,11.7917,12.0093,
ladder16 EXACT t=368.6 it=62000 eval=42324 accepted=8129 cost=19.5768 best=6.6515 faults=4 ideal=1 hard=0 min=8,6,8,6, mean=11.7917,11.987,11.7917,12.0241,
ladder16 EXACT t=374.954 it=63000 eval=42978 accepted=8240 cost=20.6534 best=6.6515 faults=4 ideal=0.833333 hard=1 min=8,5,8,6, mean=12.4167,11.8481,12.4167,11.9222,
ladder16 EXACT t=378.528 it=64000 eval=43596 accepted=8347 cost=20.7375 best=6.6515 faults=4 ideal=0.833333 hard=1 min=8,5,8,6, mean=12.4583,11.8389,12.4583,11.9278,
ladder16 EXACT t=383.043 it=65000 eval=44276 accepted=8453 cost=20.1954 best=6.6515 faults=4 ideal=0.833333 hard=1 min=8,5,9,6, mean=12.0417,12.0056,12.0417,11.9685,
ladder16 EXACT t=387.533 it=66000 eval=45025 accepted=8614 cost=60.4643 best=6.6515 faults=12 ideal=0.833333 hard=3 min=8,5,9,5, mean=11.75,12.0259,11.75,12.0185,
ladder16 EXACT t=393.644 it=67000 eval=45738 accepted=8760 cost=29.2898 best=6.6515 faults=6 ideal=0.833333 hard=2 min=8,5,9,6, mean=11.875,12.0648,11.875,12.013,
ladder16 EXACT t=397.903 it=68000 eval=46391 accepted=8888 cost=17.1759 best=6.6515 faults=3 ideal=0.833333 hard=1 min=8,6,8,5, mean=11.75,11.9889,11.75,11.9519,
ladder16 EXACT t=401.599 it=69000 eval=46999 accepted=9016 cost=15.7322 best=6.6515 faults=3 ideal=1 hard=0 min=8,6,8,6, mean=12,12,12,11.9185,
ladder16 EXACT t=406.365 it=70000 eval=47599 accepted=9145 cost=15.8571 best=6.6515 faults=3 ideal=1 hard=0 min=8,6,8,6, mean=11.6667,12.0222,11.6667,11.9704,
ladder16 EXACT t=411.497 it=71000 eval=48302 accepted=9286 cost=14.5586 best=6.6515 faults=3 ideal=1 hard=0 min=9,6,9,6, mean=12.4167,12.0333,12.4167,11.9963,
ladder16 EXACT t=416.32 it=72000 eval=48994 accepted=9403 cost=14.7381 best=6.6515 faults=3 ideal=1 hard=0 min=9,6,9,6, mean=12.0833,12.0556,12.0833,12.0037,
ladder16 EXACT t=419.787 it=73000 eval=49637 accepted=9495 cost=10.7403 best=6.6515 faults=2 ideal=1 hard=0 min=9,6,9,6, mean=12.0417,11.9833,12.0417,12.0648,
ladder16 EXACT t=425.843 it=74000 eval=50415 accepted=9678 cost=39.2826 best=6.6515 faults=7 ideal=0.833333 hard=7 min=8,5,7,6, mean=12.2917,11.9278,12.2917,11.8981,
ladder16 EXACT t=432.057 it=75000 eval=51213 accepted=9835 cost=31.3436 best=6.6515 faults=7 ideal=1 hard=0 min=8,6,8,6, mean=11.875,11.9833,11.875,11.9759,
ladder16 EXACT t=437.844 it=76000 eval=51966 accepted=9972 cost=22.9494 best=6.6515 faults=5 ideal=1 hard=0 min=8,6,9,7, mean=11.9167,12.1,11.9167,12.0037,
ladder16 EXACT t=443.679 it=77000 eval=52696 accepted=10103 cost=19.4777 best=6.6515 faults=4 ideal=1 hard=0 min=8,6,9,6, mean=11.9167,12.0556,11.9167,11.9667,
