ladder16 EXACT t=0.0144656 it=0 eval=1 accepted=0 cost=185.621 best=185.621 faults=61 ideal=1 hard=0 min=8,6,8,6, mean=11.7917,12.0093,11.7917,11.95,
ladder16 EXACT t=0.0222517 it=2 score=0.333333 faults=61 penalty=91 ideal=1 hard=0 min=8,6,8,6, mean=11.7917,12.0093,11.7917,11.95,
ladder16 EXACT t=0.0301652 it=4 score=0.333333 faults=59 penalty=89 ideal=0.875 hard=5 min=7,6,8,6, mean=11.7917,12.0093,11.7917,11.9352,
ladder16 EXACT t=0.0955835 it=19 score=0.333333 faults=56 penalty=80 ideal=0.833333 hard=7 min=8,6,7,5, mean=12.125,11.9056,12.125,12.0019,
ladder16 EXACT t=0.202361 it=44 score=0.333333 faults=54 penalty=78 ideal=0.833333 hard=15 min=8,5,7,5, mean=11.8333,11.9259,11.8333,11.9926,
ladder16 EXACT t=0.209108 it=45 score=0.333333 faults=42 penalty=57 ideal=0.833333 hard=16 min=8,5,7,5, mean=11.8333,11.9481,11.8333,12,
ladder16 EXACT t=0.244683 it=54 score=0.333333 faults=37 penalty=52 ideal=0.833333 hard=16 min=8,5,7,5, mean=11.75,11.9222,11.75,11.9889,
ladder16 EXACT t=0.292791 it=67 score=0.333333 faults=36 penalty=51 ideal=0.833333 hard=16 min=8,5,7,5, mean=11.5833,11.937,11.5833,11.9963,
ladder16 EXACT t=0.324184 it=74 score=0.333333 faults=29 penalty=35 ideal=0.833333 hard=15 min=8,5,7,5, mean=11.625,11.8611,11.625,12.0167,
ladder16 EXACT t=4.13365 it=1000 eval=858 accepted=241 cost=100.19 best=89.0615 faults=30 ideal=0.666667 hard=17 min=7,4,8,4, mean=11.5417,11.9019,11.5417,12.013,
ladder16 EXACT t=4.24102 it=1025 score=0.333333 faults=28 penalty=37 ideal=0.666667 hard=16 min=7,4,8,4, mean=11.5417,11.9537,11.5417,11.9907,
ladder16 EXACT t=4.30241 it=1034 score=0.333333 faults=26 penalty=35 ideal=0.666667 hard=15.3472 min=7,4,8,5, mean=11.4583,11.9722,11.4583,11.9796,
ladder16 EXACT t=4.49698 it=1078 score=0.333333 faults=25 penalty=34 ideal=0.666667 hard=13.3889 min=8,4,8,5, mean=11.4167,11.9963,11.4167,12.0037,
ladder16 EXACT t=5.0276 it=1208 score=0.333333 faults=24 penalty=33 ideal=0.666667 hard=18.6806 min=8,4,8,5, mean=11.2917,11.9648,11.2917,11.95,
ladder16 EXACT t=5.08157 it=1219 score=0.333333 faults=22 penalty=31 ideal=0.666667 hard=19.125 min=8,4,7,5, mean=11.375,11.9315,11.375,11.9389,
ladder16 EXACT t=5.41918 it=1313 score=0.333333 faults=21 penalty=30 ideal=0.666667 hard=8 min=8,4,8,5, mean=11.5,12.0222,11.5,11.9926,
ladder16 EXACT t=6.21943 it=1518 score=0.333333 faults=20 penalty=29 ideal=0.666667 hard=11 min=8,4,7,5, mean=11.6667,11.9556,11.6667,11.9481,
ladder16 EXACT t=8.21363 it=2000 eval=1671 accepted=459 cost=75.8544 best=67.1569 faults=26 ideal=0.666667 hard=7 min=8,4,8,6, mean=11.625,11.913,11.625,11.9944,
ladder16 EXACT t=12.3493 it=3000 eval=2511 accepted=683 cost=62.5535 best=58.4636 faults=21 ideal=0.833333 hard=4 min=8,5,8,5, mean=11.7917,11.9426,11.7917,11.9574,
ladder16 EXACT t=13.0197 it=3112 score=0.333333 faults=19 penalty=25 ideal=0.833333 hard=2 min=9,5,8,6, mean=11.75,11.8852,11.75,12.0704,
ladder16 EXACT t=13.0454 it=3119 score=0.333333 faults=17 penalty=23 ideal=0.833333 hard=1 min=8,5,8,6, mean=11.6667,11.9259,11.6667,12.0519,
ladder16 EXACT t=13.2346 it=3146 score=0.333333 faults=16 penalty=22 ideal=0.833333 hard=3.34722 min=8,5,8,5, mean=11.4583,11.913,11.4583,11.9352,
ladder16 EXACT t=16.4177 it=4000 eval=3312 accepted=898 cost=65.3825 best=51.6993 faults=22 ideal=0.833333 hard=4.34722 min=8,5,8,5, mean=11.4583,11.9574,11.4583,11.9574,
ladder16 EXACT t=19.6249 it=5000 eval=4120 accepted=1096 cost=53.6775 best=51.6993 faults=18 ideal=0.833333 hard=2 min=9,5,8,5, mean=11.9583,11.9722,11.9583,11.9944,
ladder16 EXACT t=22.5785 it=5660 score=0.333333 faults=15 penalty=18 ideal=0.833333 hard=2 min=8,5,8,5, mean=11.625,11.9426,11.625,11.9796,
ladder16 EXACT t=23.8854 it=6000 eval=4931 accepted=1305 cost=42.5978 best=41.3459 faults=15 ideal=0.833333 hard=2 min=8,5,8,6, mean=11.5,11.9481,11.5,12,
ladder16 EXACT t=24.893 it=6297 score=0.333333 faults=14 penalty=17 ideal=0.666667 hard=5 min=8,5,8,4, mean=12,11.963,12,11.9704,
ladder16 EXACT t=27.7127 it=7000 eval=5693 accepted=1497 cost=42.4081 best=40.3796 faults=15 ideal=0.833333 hard=3 min=9,5,8,6, mean=12.0833,11.9593,12.0833,12.0333,
ladder16 EXACT t=28.9192 it=7329 score=0.333333 faults=12 penalty=15 ideal=0.833333 hard=5 min=9,5,8,5, mean=11.9583,11.8685,11.9583,12.0537,
ladder16 EXACT t=31.2158 it=8000 eval=6451 accepted=1677 cost=38.8826 best=37.0875 faults=13 ideal=0.833333 hard=3 min=8,5,8,5, mean=11.9583,11.9278,11.9583,12.0315,
ladder16 EXACT t=32.8728 it=8613 score=0.333333 faults=11 penalty=14 ideal=0.833333 hard=2 min=8,5,8,6, mean=11.625,11.9352,11.625,12.0463,
ladder16 EXACT t=33.9073 it=9000 eval=7181 accepted=1845 cost=33.9148 best=33.8734 faults=11 ideal=0.833333 hard=2 min=8,5,8,6, mean=11.5833,11.9667,11.5833,12.0481,
ladder16 EXACT t=36.9799 it=10000 eval=7894 accepted=2030 cost=35.359 best=33.8188 faults=11 ideal=0.833333 hard=3 min=8,5,8,6, mean=11.5833,11.9222,11.5833,12.0111,
ladder16 EXACT t=38.0274 it=10292 score=0.333333 faults=10 penalty=13 ideal=0.833333 hard=5 min=9,5,8,5, mean=11.5833,12.0407,11.5833,11.9815,
ladder16 EXACT t=40.8529 it=11000 eval=8634 accepted=2242 cost=34.926 best=32.1361 faults=11 ideal=0.833333 hard=3 min=8,5,8,6, mean=11.6667,11.9556,11.6667,11.9778,
ladder16 EXACT t=44.3966 it=12000 eval=9353 accepted=2423 cost=32.4494 best=31.8019 faults=10 ideal=0.833333 hard=2 min=8,5,8,6, mean=11.5417,11.9833,11.5417,11.9907,
ladder16 EXACT t=48.1435 it=13000 eval=10066 accepted=2592 cost=31.7436 best=31.5013 faults=10 ideal=0.833333 hard=2 min=8,5,8,6, mean=11.6667,12.0074,11.6667,12.0222,
ladder16 EXACT t=52.0231 it=14000 eval=10794 accepted=2753 cost=31.5094 best=31.4154 faults=10 ideal=0.833333 hard=2 min=8,5,8,6, mean=11.9167,11.9667,11.9167,12.0037,
ladder16 EXACT t=56.8717 it=15000 eval=11531 accepted=2920 cost=31.7041 best=31.4154 faults=10 ideal=0.833333 hard=2 min=8,5,8,6, mean=11.5833,12.0259,11.5833,12.0333,
ladder16 EXACT t=61.2033 it=16000 eval=12267 accepted=3082 cost=31.6621 best=31.1799 faults=10 ideal=0.833333 hard=2 min=8,5,8,6, mean=11.9167,12.0185,11.9167,11.9741,
ladder16 EXACT t=64.3053 it=17000 eval=12944 accepted=3257 cost=32.2207 best=31.1799 faults=10 ideal=0.833333 hard=2 min=8,5,8,7, mean=11.8333,11.8963,11.8333,12.0593,
ladder16 EXACT t=67.2733 it=18000 eval=13643 accepted=3429 cost=31.5296 best=31.1799 faults=10 ideal=0.833333 hard=2 min=8,5,8,6, mean=11.7083,12.0352,11.7083,12.0574,
ladder16 EXACT t=71.5587 it=19000 eval=14399 accepted=3608 cost=31.4481 best=31.1799 faults=10 ideal=0.833333 hard=2 min=8,5,8,7, mean=11.9167,12.0407,11.9167,12.0185,
ladder16 EXACT t=74.9446 it=20000 eval=15144 accepted=3780 cost=31.3401 best=31.1799 faults=10 ideal=0.833333 hard=2 min=8,5,8,7, mean=11.875,12.0056,11.875,12.0574,
ladder16 EXACT t=78.25 it=21000 eval=15861 accepted=3940 cost=31.6299 best=31.1799 faults=10 ideal=0.833333 hard=2 min=8,5,8,6, mean=12.0833,11.9148,12.0833,11.9593,
ladder16 EXACT t=81.5484 it=22000 eval=16555 accepted=4122 cost=31.6467 best=31.1799 faults=10 ideal=0.833333 hard=2 min=9,5,8,6, mean=11.7083,11.9389,11.7083,12.013,
ladder16 EXACT t=85.8688 it=23000 eval=17295 accepted=4301 cost=31.4606 best=31.1799 faults=10 ideal=0.833333 hard=2 min=8,5,8,6, mean=12.125,11.9722,12.125,11.987,
ladder16 EXACT t=88.8564 it=24000 eval=18045 accepted=4471 cost=31.5284 best=31.1799 faults=10 ideal=0.833333 hard=2 min=9,5,8,7, mean=12.1667,11.9111,12.1667,11.9926,
ladder16 EXACT t=92.2902 it=25000 eval=18777 accepted=4630 cost=31.5843 best=31.1799 faults=10 ideal=0.833333 hard=2 min=8,5,8,6, mean=12.25,11.8926,12.25,11.9519,
ladder16 EXACT t=95.5401 it=26000 eval=19498 accepted=4794 cost=31.2292 best=31.1799 faults=10 ideal=0.833333 hard=2 min=9,5,8,6, mean=12.0417,11.9833,12.0417,12.0056,
ladder16 EXACT t=98.6403 it=27000 eval=20198 accepted=4933 cost=31.2292 best=31.1799 faults=10 ideal=0.833333 hard=2 min=9,5,8,6, mean=12.0417,11.9833,12.0417,12.0056,
ladder16 EXACT t=101.772 it=28000 eval=20925 accepted=5087 cost=31.3461 best=31.1799 faults=10 ideal=0.833333 hard=2 min=9,5,8,6, mean=12.0833,11.937,12.0833,11.9889,
ladder16 EXACT t=104.682 it=29000 eval=21649 accepted=5238 cost=31.3461 best=31.1799 faults=10 ideal=0.833333 hard=2 min=9,5,8,6, mean=12.0833,11.937,12.0833,11.9889,
ladder16 EXACT t=107.625 it=30000 eval=22398 accepted=5423 cost=31.3461 best=31.1799 faults=10 ideal=0.833333 hard=2 min=9,5,8,6, mean=12.0833,11.937,12.0833,11.9889,
ladder16 EXACT t=110.907 it=31000 eval=23137 accepted=5585 cost=31.3753 best=31.1799 faults=10 ideal=0.833333 hard=2 min=9,5,8,6, mean=11.9583,11.9722,11.9583,12.0093,
ladder16 EXACT t=114.147 it=32000 eval=23873 accepted=5737 cost=31.3604 best=31.1799 faults=10 ideal=0.833333 hard=2 min=9,5,8,6, mean=12.1667,11.9185,12.1667,11.9852,
ladder16 EXACT t=117.33 it=33000 eval=24607 accepted=5907 cost=31.3604 best=31.1799 faults=10 ideal=0.833333 hard=2 min=9,5,8,6, mean=12.1667,11.9185,12.1667,11.9852,
ladder16 EXACT t=123.311 it=34000 eval=25319 accepted=6081 cost=35.8336 best=31.1799 faults=11 ideal=0.833333 hard=3 min=8,5,8,6, mean=11.5,11.963,11.5,11.9333,
ladder16 EXACT t=127.809 it=35000 eval=26024 accepted=6291 cost=46.9064 best=31.1799 faults=17 ideal=0.833333 hard=3 min=8,5,8,5, mean=11.7917,11.9944,11.7917,11.9796,
ladder16 EXACT t=132.423 it=36000 eval=26750 accepted=6504 cost=59.4936 best=31.1799 faults=20 ideal=0.833333 hard=8 min=8,5,7,5, mean=11.5,11.8889,11.5,12.0074,
ladder16 EXACT t=135.219 it=36703 score=0.666667 faults=18 penalty=18 ideal=0.833333 hard=6 min=7,5,8,6, mean=11.8333,11.8889,11.8333,12.0444,
ladder16 EXACT t=135.492 it=36760 score=0.666667 faults=15 penalty=15 ideal=0.833333 hard=3 min=8,5,8,5, mean=11.5417,11.8204,11.5417,12.0204,
ladder16 EXACT t=135.5 it=36761 score=0.666667 faults=14 penalty=14 ideal=0.833333 hard=3 min=8,5,8,5, mean=11.7083,11.8722,11.7083,11.9907,
ladder16 EXACT t=136.356 it=36984 score=0.666667 faults=12 penalty=12 ideal=0.833333 hard=4.34722 min=8,5,8,5, mean=11.4583,11.9352,11.4583,11.9796,
ladder16 EXACT t=136.406 it=37000 eval=27523 accepted=6705 cost=33.3225 best=31.1799 faults=12 ideal=0.833333 hard=4.34722 min=8,5,8,5, mean=11.4583,11.9352,11.4583,11.9796,
ladder16 EXACT t=136.636 it=37087 score=0.666667 faults=11 penalty=11 ideal=0.833333 hard=18 min=8,5,7,5, mean=11.5,11.8444,11.5,11.9481,
ladder16 EXACT t=138.226 it=37586 score=0.666667 faults=10 penalty=10 ideal=0.833333 hard=6 min=8,5,7,6, mean=12.0833,11.9519,12.0833,11.9296,
ladder16 EXACT t=139.396 it=38000 eval=28210 accepted=6890 cost=26.4669 best=26.4669 faults=10 ideal=0.833333 hard=1 min=8,5,8,6, mean=11.8333,11.9333,11.8333,11.8741,
ladder16 EXACT t=139.924 it=38130 score=0.666667 faults=9 penalty=9 ideal=0.833333 hard=6 min=7,5,8,6, mean=11.7917,11.9278,11.7917,11.7796,
ladder16 EXACT t=141.625 it=38582 score=0.666667 faults=8 penalty=8 ideal=0.833333 hard=6 min=8,5,7,6, mean=11.875,11.8944,11.875,11.8574,
ladder16 EXACT t=142.794 it=39000 eval=28850 accepted=7063 cost=27.1187 best=24.2127 faults=10 ideal=0.833333 hard=2 min=8,5,8,5, mean=11.7083,11.9463,11.7083,11.8722,
ladder16 EXACT t=145.505 it=40000 eval=29484 accepted=7234 cost=28.5062 best=24.1884 faults=10 ideal=0.833333 hard=3 min=8,5,8,5, mean=11.7917,11.8907,11.7917,11.8981,
ladder16 EXACT t=148.338 it=41000 eval=30162 accepted=7407 cost=37.3055 best=22.3691 faults=15 ideal=0.833333 hard=3 min=8,5,8,6, mean=11.625,12.0019,11.625,11.9648,
ladder16 EXACT t=151.773 it=42000 eval=30836 accepted=7561 cost=26.1959 best=22.3691 faults=10 ideal=0.833333 hard=2 min=8,5,8,6, mean=11.9167,11.9815,11.9167,11.8926,
ladder16 EXACT t=154.393 it=42666 score=0.666667 faults=7 penalty=7 ideal=0.833333 hard=2 min=8,5,8,5, mean=11.7083,11.9759,11.7083,11.9907,
ladder16 EXACT t=155.866 it=43000 eval=31523 accepted=7724 cost=20.0961 best=19.5474 faults=7 ideal=0.833333 hard=2 min=8,5,8,5, mean=11.7083,11.9759,11.7083,12.0204,
ladder16 EXACT t=158.612 it=43467 score=0.666667 faults=6 penalty=6 ideal=0.833333 hard=2 min=8,5,8,5, mean=11.625,12.0093,11.625,12.0167,
ladder16 EXACT t=160.234 it=44000 eval=32210 accepted=7938 cost=22.3456 best=18.0446 faults=7 ideal=0.833333 hard=4 min=8,5,8,5, mean=11.5417,11.9833,11.5417,12.0426,
ladder16 EXACT t=164.069 it=45000 eval=32836 accepted=8102 cost=17.9136 best=17.7862 faults=6 ideal=0.833333 hard=2 min=8,5,8,5, mean=11.5,12.0148,11.5,12.0148,
ladder16 EXACT t=169.355 it=46000 eval=33468 accepted=8289 cost=20.6262 best=17.7862 faults=8 ideal=0.833333 hard=1 min=8,6,8,5, mean=11.9583,11.9796,11.9583,12.0093,
ladder16 EXACT t=173.085 it=47000 eval=34164 accepted=8440 cost=20.2281 best=17.7862 faults=8 ideal=0.833333 hard=1 min=8,6,9,5, mean=12.0417,11.9833,12.0417,12.013,
ladder16 EXACT t=177.379 it=48000 eval=34843 accepted=8587 cost=20.2681 best=17.7862 faults=8 ideal=0.833333 hard=1 min=8,6,9,5, mean=11.9167,12.0259,11.9167,12.0333,
ladder16 EXACT t=180.821 it=49000 eval=35519 accepted=8747 cost=20.2281 best=17.7862 faults=8 ideal=0.833333 hard=1 min=8,6,9,5, mean=12.0417,11.9833,12.0417,12.013,
ladder16 EXACT t=184.267 it=50000 eval=36206 accepted=8915 cost=20.1574 best=17.7862 faults=8 ideal=0.833333 hard=1 min=8,6,9,5, mean=12.2083,11.9759,12.2083,11.9981,
ladder16 EXACT t=188.029 it=51000 eval=36897 accepted=9067 cost=20.1574 best=17.7862 faults=8 ideal=0.833333 hard=1 min=8,6,9,5, mean=12.2083,11.9759,12.2083,11.9981,
ladder16 EXACT t=192.013 it=52000 eval=37569 accepted=9209 cost=20.1574 best=17.7862 faults=8 ideal=0.833333 hard=1 min=8,6,9,5, mean=12.2083,11.9759,12.2083,11.9981,
ladder16 EXACT t=195.319 it=53000 eval=38245 accepted=9351 cost=20.1603 best=17.7862 faults=8 ideal=0.833333 hard=1 min=8,6,9,5, mean=12.0833,12.0185,12.0833,12.0259,
ladder16 EXACT t=198.286 it=54000 eval=38946 accepted=9503 cost=20.2681 best=17.7862 faults=8 ideal=0.833333 hard=1 min=8,6,9,5, mean=11.9167,12.0259,11.9167,12.0333,
ladder16 EXACT t=201.2 it=55000 eval=39622 accepted=9654 cost=20.1574 best=17.7862 faults=8 ideal=0.833333 hard=1 min=8,6,9,5, mean=12.2083,11.9759,12.2083,11.9981,
ladder16 EXACT t=204.594 it=56000 eval=40306 accepted=9786 cost=20.2989 best=17.7862 faults=8 ideal=0.833333 hard=1 min=8,6,9,5, mean=12,12.0074,12,12,
ladder16 EXACT t=208.156 it=57000 eval=40991 accepted=9931 cost=20.3731 best=17.7862 faults=8 ideal=0.833333 hard=1 min=8,6,9,5, mean=12,12.0148,12,11.9778,
ladder16 EXACT t=211.362 it=58000 eval=41649 accepted=10062 cost=20.2281 best=17.7862 faults=8 ideal=0.833333 hard=1 min=8,6,9,5, mean=12.0417,11.9833,12.0417,12.013,
ladder16 EXACT t=214.593 it=59000 eval=42329 accepted=10250 cost=20.2989 best=17.7862 faults=8 ideal=0.833333 hard=1 min=8,6,9,5, mean=12,12.0074,12,12,
ladder16 EXACT t=218.104 it=60000 eval=43025 accepted=10392 cost=20.2989 best=17.7862 faults=8 ideal=0.833333 hard=1 min=8,6,9,5, mean=12,12.0074,12,12,
ladder16 EXACT t=221.933 it=61000 eval=43702 accepted=10535 cost=20.2281 best=17.7862 faults=8 ideal=0.833333 hard=1 min=8,6,9,5, mean=12.0417,11.9833,12.0417,12.013,
ladder16 EXACT t=225.786 it=62000 eval=44404 accepted=10696 cost=20.1506 best=17.7862 faults=8 ideal=0.833333 hard=1 min=8,6,9,5, mean=12.125,12.0019,12.125,12.0241,
ladder16 EXACT t=229.796 it=63000 eval=45096 accepted=10847 cost=20.2281 best=17.7862 faults=8 ideal=0.833333 hard=1 min=8,6,9,5, mean=12.0417,11.9833,12.0417,12.013,
ladder16 EXACT t=233.621 it=64000 eval=45801 accepted=10997 cost=20.1574 best=17.7862 faults=8 ideal=0.833333 hard=1 min=8,6,9,5, mean=12.2083,11.9759,12.2083,11.9981,
ladder16 EXACT t=237.749 it=65000 eval=46504 accepted=11133 cost=20.1506 best=17.7862 faults=8 ideal=0.833333 hard=1 min=8,6,9,5, mean=12.125,12.0019,12.125,12.0241,
ladder16 EXACT t=242.561 it=66000 eval=47225 accepted=11330 cost=49.0941 best=17.7862 faults=19 ideal=0.833333 hard=7 min=8,5,7,5, mean=11.9167,11.9667,11.9167,12.0259,
ladder16 EXACT t=246.029 it=67000 eval=47981 accepted=11538 cost=58.4333 best=17.7862 faults=21 ideal=0.833333 hard=11.5556 min=8,6,7,5, mean=11.3333,12.0222,11.3333,11.9926,
ladder16 EXACT t=249.688 it=68000 eval=48760 accepted=11735 cost=55.1452 best=17.7862 faults=16 ideal=0.833333 hard=1 min=8,6,8,5, mean=11.75,12.0556,11.75,11.9296,
ladder16 EXACT t=254.442 it=69000 eval=49585 accepted=11927 cost=52.2652 best=17.7862 faults=24 ideal=1 hard=0 min=8,6,8,6, mean=11.7083,11.9759,11.7083,12.013,
ladder16 EXACT t=259.066 it=70000 eval=50417 accepted=12130 cost=43.2811 best=17.7862 faults=18 ideal=0.833333 hard=4 min=8,5,9,5, mean=11.8333,12.0593,11.8333,12,
ladder16 EXACT t=263.741 it=71000 eval=51259 accepted=12333 cost=44.2391 best=17.7862 faults=19 ideal=0.833333 hard=2 min=8,5,8,6, mean=11.8333,11.9926,11.8333,12,
ladder16 EXACT t=267.835 it=72000 eval=52075 accepted=12518 cost=38.0326 best=17.7862 faults=17 ideal=0.833333 hard=1 min=8,5,9,6, mean=11.9583,11.987,11.9583,12.0389,
ladder16 EXACT t=271.981 it=73000 eval=52888 accepted=12702 cost=37.4458 best=17.7862 faults=17 ideal=1 hard=0 min=8,6,9,6, mean=11.6667,12.0148,11.6667,12,
ladder16 EXACT t=276.429 it=74000 eval=53704 accepted=12866 cost=38.1253 best=17.7862 faults=17 ideal=1 hard=0 min=8,6,8,6, mean=11.5,11.9704,11.5,12.0074,
ladder16 EXACT t=281.055 it=75000 eval=54495 accepted=13051 cost=31.7108 best=17.7862 faults=14 ideal=1 hard=0 min=8,6,8,6, mean=11.7917,12.0241,11.7917,12.0537,
ladder16 EXACT t=285.024 it=76000 eval=55301 accepted=13212 cost=32.4294 best=17.7862 faults=14 ideal=0.833333 hard=1 min=8,6,9,5, mean=11.75,12.0259,11.75,12.0111,
ladder16 EXACT t=288.781 it=77000 eval=56095 accepted=13366 cost=28.7956 best=17.7862 faults=12 ideal=0.833333 hard=1 min=8,6,9,5, mean=11.5417,12.1019,11.5417,11.9907,
ladder16 EXACT t=292.276 it=78000 eval=56822 accepted=13515 cost=27.5093 best=17.7862 faults=11 ideal=0.833333 hard=2 min=8,5,8,5, mean=11.9583,12.0685,11.9583,11.9796,
ladder16 EXACT t=296.192 it=79000 eval=57588 accepted=13652 cost=26.4033 best=17.7862 faults=11 ideal=0.833333 hard=1 min=8,6,9,5, mean=11.7917,12.0537,11.7917,11.9944,
ladder16 EXACT t=299.61 it=80000 eval=58340 accepted=13814 cost=22.8193 best=17.7862 faults=9 ideal=0.833333 hard=1 min=8,6,9,5, mean=12,12.0148,12,11.963,
ladder16 EXACT t=302.727 it=81000 eval=59079 accepted=13975 cost=22.9938 best=17.7862 faults=9 ideal=0.833333 hard=1 min=8,6,9,5, mean=12,12.0519,12,11.963,
ladder16 EXACT t=306.405 it=82000 eval=59846 accepted=14152 cost=22.6282 best=17.7862 faults=9 ideal=0.833333 hard=1 min=8,6,9,5, mean=11.9583,12.0685,11.9583,11.987,
ladder16 EXACT t=309.33 it=83000 eval=60581 accepted=14293 cost=22.6586 best=17.7862 faults=9 ideal=0.833333 hard=1 min=8,6,8,5, mean=11.7917,11.9944,11.7917,12.0315,
ladder16 EXACT t=312.794 it=84000 eval=61326 accepted=14456 cost=22.0846 best=17.7862 faults=9 ideal=0.833333 hard=1 min=8,6,9,5, mean=11.7917,12.0685,11.7917,12.0241,
ladder16 EXACT t=317.052 it=85000 eval=62093 accepted=14631 cost=22.1959 best=17.7862 faults=9 ideal=0.833333 hard=1 min=8,6,9,5, mean=11.7917,12.0537,11.7917,12.0167,
ladder16 EXACT t=320.164 it=86000 eval=62821 accepted=14780 cost=22.1532 best=17.7862 faults=9 ideal=0.833333 hard=1 min=8,6,9,5, mean=11.75,12.0556,11.75,12.063,
ladder16 EXACT t=323.142 it=86967 score=0.666667 faults=4 penalty=4 ideal=1 hard=0 min=8,6,8,6, mean=11.8333,11.9778,11.8333,12.0222,
ladder16 EXACT t=323.263 it=87000 eval=63542 accepted=14920 cost=11.398 best=11.398 faults=4 ideal=1 hard=0 min=8,6,8,6, mean=11.8333,11.9778,11.8333,12.0222,
ladder16 EXACT t=326.599 it=88000 eval=64146 accepted=15068 cost=11.397 best=11.397 faults=4 ideal=1 hard=0 min=8,6,8,6, mean=11.9167,11.9889,11.9167,12.0111,
ladder16 EXACT t=330.284 it=89000 eval=64762 accepted=15219 cost=11.4622 best=11.397 faults=4 ideal=1 hard=0 min=8,6,8,6, mean=11.7917,12.0019,11.7917,12.0537,
ladder16 EXACT t=333.618 it=90000 eval=65393 accepted=15389 cost=11.1784 best=11.1784 faults=4 ideal=1 hard=0 min=8,6,9,6, mean=11.7917,12.0907,11.7917,12.0167,
ladder16 EXACT t=336.732 it=91000 eval=66031 accepted=15526 cost=11.0717 best=11.0717 faults=4 ideal=1 hard=0 min=8,6,9,6, mean=11.9167,12.063,11.9167,12.0259,
ladder16 EXACT t=339.921 it=92000 eval=66651 accepted=15659 cost=11.3695 best=11.0717 faults=4 ideal=1 hard=0 min=8,6,8,6, mean=11.7917,12.0093,11.7917,12.0241,
ladder16 EXACT t=343.091 it=93000 eval=67270 accepted=15810 cost=11.4436 best=11.0717 faults=4 ideal=1 hard=0 min=8,6,9,6, mean=11.7083,11.9981,11.7083,12.0278,
ladder16 EXACT t=346.832 it=94000 eval=67865 accepted=15944 cost=11.4797 best=11.0717 faults=4 ideal=1 hard=0 min=8,6,8,6, mean=11.75,12.0111,11.75,12.0111,
ladder16 EXACT t=351.352 it=95000 eval=68484 accepted=16106 cost=11.1896 best=11.0717 faults=4 ideal=1 hard=0 min=8,6,9,6, mean=11.8333,12.0444,11.8333,11.9852,
ladder16 EXACT t=355.172 it=96000 eval=69114 accepted=16241 cost=11.1884 best=11.0717 faults=4 ideal=1 hard=0 min=8,6,9,6, mean=11.8333,12.0519,11.8333,11.9852,
ladder16 EXACT t=358.136 it=97000 eval=69744 accepted=16409 cost=11.0717 best=11.0717 faults=4 ideal=1 hard=0 min=8,6,9,6, mean=11.9167,12.063,11.9167,12.0259,
ladder16 EXACT t=362.606 it=98000 eval=70429 accepted=16595 cost=62.5406 best=11.0717 faults=22 ideal=0.833333 hard=8 min=7,5,8,5, mean=11.9583,11.95,11.9583,11.9426,
ladder16 EXACT t=367.478 it=99000 eval=71230 accepted=16826 cost=41.4987 best=11.0717 faults=18 ideal=0.833333 hard=1 min=8,5,8,6, mean=11.5,11.8815,11.5,12.0074,
ladder16 EXACT t=371.743 it=100000 eval=71992 accepted=17043 cost=42.0456 best=11.0717 faults=18 ideal=0.833333 hard=2 min=8,6,8,5, mean=12.1667,11.9926,12.1667,11.9037,
ladder16 EXACT t=377.77 it=101000 eval=72773 accepted=17249 cost=33.3046 best=11.0717 faults=13 ideal=0.833333 hard=3 min=8,5,8,5, mean=11.7917,11.9722,11.7917,11.987,
ladder16 EXACT t=382.313 it=102000 eval=73470 accepted=17417 cost=27.1536 best=11.0717 faults=11 ideal=0.833333 hard=1 min=8,5,8,6, mean=12.0417,11.9315,12.0417,11.8944,
ladder16 EXACT t=385.914 it=103000 eval=74189 accepted=17586 cost=25.8858 best=11.0717 faults=10 ideal=0.833333 hard=2 min=8,6,8,5, mean=11.8333,11.9556,11.8333,11.9926,
ladder16 EXACT t=392.668 it=104000 eval=74869 accepted=17778 cost=19.5514 best=11.0717 faults=8 ideal=1 hard=0 min=8,6,9,6, mean=11.5833,12.0259,11.5833,12.0111,
ladder16 EXACT t=397.31 it=105000 eval=75545 accepted=17947 cost=18.6399 best=11.0717 faults=7 ideal=0.833333 hard=1 min=8,6,9,5, mean=11.5833,12.0185,11.5833,11.9889,
ladder16 EXACT t=400.62 it=106000 eval=76228 accepted=18128 cost=19.7088 best=11.0717 faults=7 ideal=0.833333 hard=2 min=8,5,8,6, mean=11.7917,12.0463,11.7917,11.9648,
ladder16 EXACT t=404.089 it=107000 eval=76919 accepted=18307 cost=19.5755 best=11.0717 faults=8 ideal=1 hard=0 min=8,6,8,6, mean=11.7917,12.0981,11.7917,12.0019,
ladder16 EXACT t=408.11 it=108000 eval=77623 accepted=18445 cost=19.2412 best=11.0717 faults=8 ideal=1 hard=0 min=8,6,8,6, mean=12.0833,12.0333,12.0833,11.9519,
ladder16 EXACT t=411.119 it=109000 eval=78334 accepted=18598 cost=17.2854 best=11.0717 faults=7 ideal=1 hard=0 min=8,7,8,6, mean=12.4167,12.0037,12.4167,11.9,
ladder16 EXACT t=414.71 it=110000 eval=79035 accepted=18767 cost=18.4642 best=11.0717 faults=7 ideal=0.833333 hard=1 min=8,6,9,5, mean=12.2917,11.9944,12.2917,11.9278,
ladder16 EXACT t=418.653 it=111000 eval=79721 accepted=18934 cost=18.6251 best=11.0717 faults=7 ideal=0.833333 hard=1 min=8,6,8,5, mean=11.9583,12.0537,11.9583,11.9426,
ladder16 EXACT t=423.205 it=112000 eval=80414 accepted=19106 cost=17.2315 best=11.0717 faults=7 ideal=1 hard=0 min=8,6,9,6, mean=12.125,12.0463,12.125,11.9204,
ladder16 EXACT t=426.991 it=113000 eval=81093 accepted=19265 cost=16.7429 best=11.0717 faults=7 ideal=1 hard=0 min=9,6,8,6, mean=12.375,12.0574,12.375,11.9463,
ladder16 EXACT t=432.192 it=114000 eval=81789 accepted=19447 cost=16.7913 best=11.0717 faults=7 ideal=1 hard=0 min=8,6,9,6, mean=12.5,12.037,12.5,11.8741,
ladder16 EXACT t=436.438 it=115000 eval=82481 accepted=19616 cost=16.8564 best=11.0717 faults=7 ideal=1 hard=0 min=8,6,9,6, mean=12.3333,12.0593,12.3333,11.9111,
ladder16 EXACT t=443.261 it=116000 eval=83160 accepted=19763 cost=16.8051 best=11.0717 faults=7 ideal=1 hard=0 min=9,6,9,6, mean=12.1667,11.9778,12.1667,11.9481,
ladder16 EXACT t=450.991 it=117000 eval=83841 accepted=19909 cost=16.6968 best=11.0717 faults=7 ideal=1 hard=0 min=9,6,9,6, mean=12.125,11.9944,12.125,12.0167,
ladder16 EXACT t=457.783 it=118000 eval=84504 accepted=20053 cost=16.6063 best=11.0717 faults=7 ideal=1 hard=0 min=9,6,9,6, mean=12.2083,12.0426,12.2083,12.0056,
ladder16 EXACT t=466.335 it=119000 eval=85207 accepted=20213 cost=16.6709 best=11.0717 faults=7 ideal=1 hard=0 min=9,6,8,6, mean=12.375,12.013,12.375,11.9907,
ladder16 EXACT t=476.025 it=120000 eval=85896 accepted=20377 cost=16.454 best=11.0717 faults=7 ideal=1 hard=0 min=10,6,9,6, mean=12.5,12.0074,12.5,11.9926,
ladder16 EXACT t=480.857 it=121000 eval=86610 accepted=20540 cost=23.9922 best=11.0717 faults=10 ideal=0.833333 hard=1 min=8,5,9,6, mean=12.1667,12.037,12.1667,12.0815,
ladder16 EXACT t=486.378 it=122000 eval=87332 accepted=20754 cost=36.1818 best=11.0717 faults=15 ideal=0.833333 hard=2 min=8,5,8,5, mean=11.875,11.9833,11.875,11.8278,
ladder16 EXACT t=494.341 it=123000 eval=88114 accepted=20965 cost=34.8202 best=11.0717 faults=15 ideal=0.833333 hard=1 min=8,6,8,5, mean=11.7917,12.0241,11.7917,11.9648,
ladder16 EXACT t=499.264 it=124000 eval=88881 accepted=21143 cost=27.8842 best=11.0717 faults=12 ideal=1 hard=0 min=8,6,9,6, mean=11.6667,12.0444,11.6667,12.0074,
ladder16 EXACT t=505.357 it=125000 eval=89618 accepted=21314 cost=36.0677 best=11.0717 faults=16 ideal=1 hard=0 min=8,6,8,6, mean=11.7917,12.0093,11.7917,12.0093,
ladder16 EXACT t=509.552 it=126000 eval=90374 accepted=21497 cost=21.5089 best=11.0717 faults=9 ideal=1 hard=0 min=8,6,8,6, mean=11.7083,12.0204,11.7083,12.05,
ladder16 EXACT t=512.898 it=127000 eval=91080 accepted=21652 cost=21.9654 best=11.0717 faults=9 ideal=1 hard=0 min=8,6,8,6, mean=11.875,11.9981,11.875,11.9759,
ladder16 EXACT t=515.791 it=128000 eval=91731 accepted=21802 cost=19.9901 best=11.0717 faults=8 ideal=1 hard=0 min=8,6,8,6, mean=11.5417,12.05,11.5417,11.9463,
ladder16 EXACT t=519.122 it=129000 eval=92395 accepted=21949 cost=17.3519 best=11.0717 faults=7 ideal=1 hard=0 min=8,6,8,6, mean=12.25,11.9148,12.25,11.9593,
ladder16 EXACT t=522.444 it=130000 eval=93046 accepted=22118 cost=17.4609 best=11.0717 faults=7 ideal=1 hard=0 min=8,6,8,6, mean=12.2083,11.9019,12.2083,11.9685,
ladder16 EXACT t=525.692 it=131000 eval=93706 accepted=22278 cost=17.4454 best=11.0717 faults=7 ideal=1 hard=0 min=8,6,8,6, mean=12.0417,11.9537,12.0417,11.9537,
ladder16 EXACT t=528.977 it=132000 eval=94368 accepted=22433 cost=18.9522 best=11.0717 faults=7 ideal=0.833333 hard=1 min=8,5,8,6, mean=11.8333,11.9556,11.8333,12.0296,
ladder16 EXACT t=533.292 it=133000 eval=95065 accepted=22599 cost=14.8872 best=11.0717 faults=6 ideal=1 hard=0 min=8,6,9,6, mean=11.9167,12.0778,11.9167,12.0407,
ladder16 EXACT t=537.619 it=134000 eval=95738 accepted=22754 cost=15.0139 best=11.0717 faults=6 ideal=1 hard=0 min=8,6,9,6, mean=11.9167,12.0556,11.9167,12.0185,
ladder16 EXACT t=541.292 it=135000 eval=96383 accepted=22894 cost=14.8872 best=11.0717 faults=6 ideal=1 hard=0 min=8,6,9,6, mean=11.9167,12.0778,11.9167,12.0407,
ladder16 EXACT t=545.321 it=136000 eval=97044 accepted=23052 cost=14.8176 best=11.0717 faults=6 ideal=1 hard=0 min=8,6,9,6, mean=12.0417,12.0278,12.0417,12.0648,
ladder16 EXACT t=548.571 it=137000 eval=97701 accepted=23192 cost=14.909 best=11.0717 faults=6 ideal=1 hard=0 min=8,6,9,6, mean=11.9167,12.063,11.9167,12.0704,
ladder16 EXACT t=552.005 it=138000 eval=98349 accepted=23352 cost=14.7543 best=11.0717 faults=6 ideal=1 hard=0 min=8,6,9,6, mean=12.0833,12.0556,12.0833,12.0556,
ladder16 EXACT t=555.331 it=139000 eval=98993 accepted=23485 cost=15.1174 best=11.0717 faults=6 ideal=1 hard=0 min=8,6,8,6, mean=11.875,12.0278,11.875,12.0796,
ladder16 EXACT t=558.451 it=140000 eval=99650 accepted=23639 cost=14.9329 best=11.0717 faults=6 ideal=1 hard=0 min=9,6,8,6, mean=11.8333,12.0296,11.8333,12.1111,
ladder16 EXACT t=561.494 it=141000 eval=100318 accepted=23776 cost=14.9198 best=11.0717 faults=6 ideal=1 hard=0 min=9,6,8,6, mean=11.875,12.0278,11.875,12.1167,
ladder16 EXACT t=565.966 it=142000 eval=100958 accepted=23935 cost=14.9329 best=11.0717 faults=6 ideal=1 hard=0 min=9,6,8,6, mean=11.8333,12.0296,11.8333,12.1111,
ladder16 EXACT t=570.42 it=143000 eval=101591 accepted=24068 cost=14.8839 best=11.0717 faults=6 ideal=1 hard=0 min=9,6,8,6, mean=11.9167,12.0333,11.9167,12.1074,
ladder16 EXACT t=574.312 it=144000 eval=102277 accepted=24228 cost=14.8839 best=11.0717 faults=6 ideal=1 hard=0 min=9,6,8,6, mean=11.9167,12.0333,11.9167,12.1074,
ladder16 EXACT t=580.522 it=145000 eval=102925 accepted=24380 cost=14.8839 best=11.0717 faults=6 ideal=1 hard=0 min=9,6,8,6, mean=11.9167,12.0333,11.9167,12.1074,
ladder16 EXACT t=583.802 it=146000 eval=103575 accepted=24541 cost=14.9329 best=11.0717 faults=6 ideal=1 hard=0 min=9,6,8,6, mean=11.8333,12.0296,11.8333,12.1111,
ladder16 EXACT t=588.698 it=147000 eval=104232 accepted=24693 cost=14.9198 best=11.0717 faults=6 ideal=1 hard=0 min=9,6,8,6, mean=11.875,12.0278,11.875,12.1167,
ladder16 EXACT t=592.878 it=148000 eval=104905 accepted=24855 cost=14.8514 best=11.0717 faults=6 ideal=1 hard=0 min=9,6,8,6, mean=12.0417,12.0056,12.0417,12.1019,
ladder16 EXACT t=597.232 it=149000 eval=105582 accepted=25011 cost=14.8514 best=11.0717 faults=6 ideal=1 hard=0 min=9,6,8,6, mean=12.0417,12.0056,12.0417,12.1019,
