ladder16 CEX t=0.0123435 it=0 cost=13.2435 pool=4 checks=0 ideal=1 hard=0 min=10,6,10,6, mean=12.625,11.9796,12.625,12.0537,
ladder16 CEX t=0.0527835 it=3038 score=0.333333 faults=449 penalty=1201 ideal=1 hard=0 min=8,6,8,6, mean=12.1667,11.9778,12.1667,11.9037,
ladder16 CEX t=0.128866 it=8102 score=0.333333 faults=139 penalty=353 ideal=1 hard=0 min=9,6,8,6, mean=12.5417,11.9833,12.5417,11.9759,
ladder16 CEX t=0.163349 it=10000 cost=11.3234 pool=590 checks=2 ideal=1 hard=0 min=9,6,10,6, mean=12.7083,12.013,12.7083,11.9611,
ladder16 CEX t=0.280625 it=18099 score=0.333333 faults=57 penalty=168 ideal=1 hard=0 min=9,6,9,6, mean=12.0417,12.0352,12.0417,12.0278,
ladder16 CEX t=0.315769 it=20000 cost=5.59217 pool=647 checks=3 ideal=0.833333 hard=1 min=8,5,10,6, mean=12.7917,11.9426,12.7917,11.913,
ladder16 CEX t=0.618412 it=30000 cost=12.0623 pool=734 checks=4 ideal=0.833333 hard=2 min=8,5,9,6, mean=12.75,11.9889,12.75,11.8556,
ladder16 CEX t=0.964077 it=40000 cost=9.78017 pool=961 checks=5 ideal=0.833333 hard=1 min=8,6,10,5, mean=12.4583,12.0537,12.4583,11.9352,
ladder16 CEX t=1.26456 it=50000 cost=4.39072 pool=961 checks=5 ideal=1 hard=0 min=10,6,9,6, mean=12.5417,12.0426,12.5417,11.9759,
ladder16 CEX t=1.52733 it=60000 cost=4.39072 pool=961 checks=5 ideal=1 hard=0 min=10,6,9,6, mean=12.5417,12.0426,12.5417,11.9759,
ladder16 CEX t=1.7432 it=70000 cost=4.36678 pool=961 checks=5 ideal=1 hard=0 min=9,6,10,6, mean=12.5833,12.063,12.5833,11.9519,
ladder16 CEX t=2.07186 it=80000 cost=4.34911 pool=961 checks=5 ideal=1 hard=0 min=9,6,10,6, mean=12.5,12.0963,12.5,11.963,
ladder16 CEX t=2.37677 it=90000 cost=18.3906 pool=1022 checks=6 ideal=0.833333 hard=1 min=8,5,8,6, mean=12.5833,11.9593,12.5833,11.8704,
ladder16 CEX t=2.65892 it=100000 cost=4.44167 pool=1022 checks=6 ideal=1 hard=0 min=10,6,10,6, mean=12.4167,12.063,12.4167,12.0259,
ladder16 CEX t=2.95267 it=110000 cost=4.44167 pool=1022 checks=6 ideal=1 hard=0 min=10,6,10,6, mean=12.4167,12.063,12.4167,12.0259,
ladder16 CEX t=3.27859 it=120000 cost=14.4406 pool=1319 checks=7 ideal=0.833333 hard=3 min=8,5,9,5, mean=11.9167,12.063,11.9167,11.9667,
ladder16 CEX t=3.59361 it=130000 cost=6.81756 pool=1319 checks=7 ideal=0.833333 hard=2 min=9,5,8,5, mean=12.5,11.9926,12.5,11.9037,
ladder16 CEX t=3.91321 it=140000 cost=4.545 pool=1319 checks=7 ideal=1 hard=0 min=10,6,9,6, mean=12.0833,12.0185,12.0833,12.0481,
ladder16 CEX t=4.25049 it=150000 cost=4.35439 pool=1319 checks=7 ideal=1 hard=0 min=10,6,9,6, mean=12.7917,11.95,12.7917,11.8907,
ladder16 CEX t=4.68232 it=160000 cost=12.263 pool=1539 checks=8 ideal=0.833333 hard=1 min=8,6,8,5, mean=11.75,12.0185,11.75,11.9815,
ladder16 CEX t=5.13941 it=170000 cost=4.44106 pool=1769 checks=9 ideal=1 hard=0 min=9,6,9,6, mean=12.625,11.9944,12.625,12.0019,
ladder16 CEX t=5.66949 it=180000 cost=3.79806 pool=2119 checks=12 ideal=0.833333 hard=1 min=8,5,9,6, mean=12.5417,11.9907,12.5417,11.8722,
ladder16 CEX t=6.55481 it=190000 cost=5.79806 pool=2320 checks=13 ideal=0.833333 hard=1 min=8,5,9,6, mean=12.5417,11.9907,12.5417,11.8722,
ladder16 CEX t=6.75936 it=193657 score=0.333333 faults=47 penalty=118 ideal=1 hard=0 min=8,6,8,6, mean=11.875,12.013,11.875,11.9463,
ladder16 CEX t=7.56334 it=200000 cost=4.62583 pool=2414 checks=15 ideal=1 hard=0 min=9,6,9,6, mean=12.2083,11.9981,12.2083,12.0796,
ladder16 CEX t=8.4515 it=210000 cost=19.9328 pool=2620 checks=17 ideal=0.666667 hard=7 min=8,4,9,5, mean=11.9583,12.0315,11.9583,11.913,
ladder16 CEX t=9.17356 it=220000 cost=4.51211 pool=2620 checks=17 ideal=1 hard=0 min=9,6,9,6, mean=12.5833,11.9741,12.5833,11.9519,
ladder16 CEX t=10.1958 it=230000 cost=3.72433 pool=2620 checks=17 ideal=0.833333 hard=1 min=9,6,9,5, mean=12.25,11.9889,12.25,11.9889,
ladder16 CEX t=11.0209 it=240000 cost=97.4569 pool=2912 checks=19 ideal=0.666667 hard=23 min=8,5,7,4, mean=11.5,11.8444,11.5,12.0296,
ladder16 CEX t=12.437 it=250000 cost=6.86028 pool=2912 checks=19 ideal=0.833333 hard=2 min=9,6,9,5, mean=12.0417,12.0352,12.0417,12.013,
ladder16 CEX t=15.0047 it=260000 cost=13.4556 pool=3049 checks=20 ideal=0.833333 hard=3 min=8,6,8,5, mean=11.8333,11.9111,11.8333,11.9185,
ladder16 CEX t=16.553 it=270000 cost=9.51239 pool=3114 checks=21 ideal=0.833333 hard=1 min=8,5,8,6, mean=11.9583,11.8981,11.9583,11.9426,
ladder16 CEX t=18.2528 it=280000 cost=6.11867 pool=3114 checks=21 ideal=0.833333 hard=1 min=9,5,8,6, mean=12.5,11.9259,12.5,11.963,
ladder16 CEX t=19.8158 it=290000 cost=7.25894 pool=3177 checks=22 ideal=1 hard=0 min=8,6,8,6, mean=12.2083,11.9537,12.2083,11.9833,
ladder16 CEX t=20.5637 it=300000 cost=8.69622 pool=3253 checks=23 ideal=0.833333 hard=3 min=8,5,8,5, mean=12,12.0074,12,11.9111,
ladder16 CEX t=21.1986 it=310000 cost=6.56339 pool=3253 checks=23 ideal=1 hard=0 min=8,6,8,6, mean=11.7083,11.85,11.7083,11.9907,
ladder16 CEX t=22.381 it=320000 cost=4.91133 pool=3253 checks=23 ideal=1 hard=0 min=8,6,9,6, mean=12.5,11.9852,12.5,11.9259,
ladder16 CEX t=23.1227 it=330000 cost=4.91133 pool=3253 checks=23 ideal=1 hard=0 min=8,6,9,6, mean=12.5,11.9852,12.5,11.9259,
ladder16 CEX t=23.8125 it=340000 cost=47.1378 pool=3336 checks=24 ideal=0.666667 hard=16 min=8,5,7,4, mean=12.1667,11.8519,12.1667,11.963,
ladder16 CEX t=24.3108 it=350000 cost=6.52233 pool=3336 checks=24 ideal=0.833333 hard=1 min=8,5,8,6, mean=12.4167,11.9,12.4167,11.9444,
ladder16 CEX t=24.7863 it=360000 cost=6.09933 pool=3336 checks=24 ideal=0.833333 hard=1 min=8,5,9,6, mean=12.6667,11.9852,12.6667,11.8593,
ladder16 CEX t=25.6184 it=370000 cost=7.78911 pool=3551 checks=25 ideal=0.833333 hard=1 min=8,5,8,6, mean=11.8333,11.9704,11.8333,11.9556,
ladder16 CEX t=26.3764 it=380000 cost=208.48 pool=3764 checks=26 ideal=0.666667 hard=31 min=7,4,7,5, mean=11.7083,11.8426,11.7083,12.0204,
ladder16 CEX t=28.008 it=390000 cost=13.8706 pool=3764 checks=26 ideal=0.833333 hard=1 min=9,5,9,6, mean=12.4167,12.0704,12.4167,11.9593,
ladder16 CEX t=29.7689 it=400000 cost=10.3579 pool=3764 checks=26 ideal=0.833333 hard=1 min=8,6,8,5, mean=12.125,12.0167,12.125,11.987,
ladder16 CEX t=30.8411 it=410000 cost=4.86811 pool=3764 checks=26 ideal=1 hard=0 min=9,6,9,6, mean=12.0833,11.9889,12.0833,12.0037,
ladder16 CEX t=31.714 it=420000 cost=4.80378 pool=3764 checks=26 ideal=1 hard=0 min=9,6,10,6, mean=12.1667,12.0963,12.1667,11.9185,
ladder16 CEX t=32.659 it=430000 cost=4.80378 pool=3764 checks=26 ideal=1 hard=0 min=9,6,10,6, mean=12.1667,12.0963,12.1667,11.9185,
ladder16 CEX t=33.6913 it=440000 cost=4.80378 pool=3764 checks=26 ideal=1 hard=0 min=9,6,10,6, mean=12.1667,12.0963,12.1667,11.9185,
ladder16 CEX t=34.5591 it=450000 cost=4.80378 pool=3764 checks=26 ideal=1 hard=0 min=9,6,10,6, mean=12.1667,12.0963,12.1667,11.9185,
ladder16 CEX t=35.1407 it=460000 cost=4.80378 pool=3764 checks=26 ideal=1 hard=0 min=9,6,10,6, mean=12.1667,12.0963,12.1667,11.9185,
ladder16 CEX t=35.7624 it=470000 cost=4.80378 pool=3764 checks=26 ideal=1 hard=0 min=9,6,10,6, mean=12.1667,12.0963,12.1667,11.9185,
ladder16 CEX t=36.2236 it=480000 cost=20.7888 pool=3856 checks=27 ideal=0.833333 hard=4 min=8,5,8,5, mean=11.9583,12.0463,11.9583,11.8981,
ladder16 CEX t=36.9658 it=490000 cost=7.21856 pool=3856 checks=27 ideal=0.833333 hard=2 min=8,6,9,5, mean=12.25,11.9889,12.25,11.9741,
ladder16 CEX t=37.3923 it=500000 cost=5.33939 pool=3856 checks=27 ideal=0.833333 hard=2 min=8,6,9,5, mean=12.5417,11.9389,12.5417,11.8352,
ladder16 CEX t=37.9247 it=510000 cost=5.224 pool=3856 checks=27 ideal=0.833333 hard=2 min=8,6,9,5, mean=12.6667,11.8889,12.6667,11.8444,
ladder16 CEX t=38.5822 it=520000 cost=7.05406 pool=3989 checks=28 ideal=0.833333 hard=2 min=9,6,8,5, mean=12.375,11.9537,12.375,11.9759,
ladder16 CEX t=39.0921 it=530000 cost=6.37067 pool=3989 checks=28 ideal=0.833333 hard=3 min=8,5,9,5, mean=12.3333,11.9037,12.3333,11.9185,
ladder16 CEX t=39.6471 it=540000 cost=6.04728 pool=3989 checks=28 ideal=0.833333 hard=1 min=9,6,8,5, mean=12.2917,12.0019,12.2917,11.9796,
ladder16 CEX t=40.2697 it=550000 cost=5.55411 pool=3989 checks=28 ideal=0.833333 hard=1 min=10,6,9,5, mean=12.75,11.9148,12.75,11.8778,
ladder16 CEX t=40.7848 it=560000 cost=4.85039 pool=3989 checks=28 ideal=0.833333 hard=2 min=9,6,9,5, mean=12.4583,11.913,12.4583,11.9278,
ladder16 CEX t=41.4474 it=570000 cost=4.85039 pool=3989 checks=28 ideal=0.833333 hard=2 min=9,6,9,5, mean=12.4583,11.913,12.4583,11.9278,
ladder16 CEX t=42.6188 it=580000 cost=4.85039 pool=3989 checks=28 ideal=0.833333 hard=2 min=9,6,9,5, mean=12.4583,11.913,12.4583,11.9278,
ladder16 CEX t=43.3209 it=590000 cost=4.85039 pool=3989 checks=28 ideal=0.833333 hard=2 min=9,6,9,5, mean=12.4583,11.913,12.4583,11.9278,
ladder16 CEX t=43.7833 it=600000 cost=4.85039 pool=3989 checks=28 ideal=0.833333 hard=2 min=9,6,9,5, mean=12.4583,11.913,12.4583,11.9278,
ladder16 CEX t=44.4471 it=610000 cost=22.9138 pool=4086 checks=29 ideal=0.833333 hard=3 min=8,5,10,5, mean=12.1667,12.0519,12.1667,12.0296,
ladder16 CEX t=46.0798 it=620000 cost=11.9264 pool=4291 checks=31 ideal=0.833333 hard=4 min=8,5,8,5, mean=11.9583,12.0315,11.9583,11.8759,
ladder16 CEX t=47.4633 it=630000 cost=12.8201 pool=4587 checks=32 ideal=0.666667 hard=5 min=8,4,9,5, mean=12.0833,11.8407,12.0833,11.8852,
ladder16 CEX t=47.9237 it=640000 cost=5.86089 pool=4587 checks=32 ideal=0.833333 hard=2 min=8,5,9,5, mean=11.8333,11.9407,11.8333,11.9333,
ladder16 CEX t=48.5831 it=650000 cost=6.837 pool=4825 checks=33 ideal=1 hard=0 min=9,6,9,6, mean=12.4167,11.9667,12.4167,11.9667,
ladder16 CEX t=49.3276 it=660000 cost=4.91989 pool=4825 checks=33 ideal=1 hard=0 min=9,6,9,6, mean=12.25,11.9741,12.25,11.9,
ladder16 CEX t=50.5155 it=670000 cost=4.90983 pool=5152 checks=36 ideal=1 hard=0 min=8,6,9,6, mean=12.2083,12.0204,12.2083,11.9241,
ladder16 CEX t=52.9229 it=680000 cost=20.9241 pool=5532 checks=39 ideal=0.5 hard=10 min=9,3,9,5, mean=12.375,12.0352,12.375,11.9611,
ladder16 CEX t=54.5927 it=690000 cost=6.19156 pool=5532 checks=39 ideal=1 hard=0 min=10,6,10,7, mean=12.8333,11.9926,12.8333,11.9704,
ladder16 CEX t=55.9715 it=700000 cost=4.46583 pool=5532 checks=39 ideal=1 hard=0 min=9,6,10,6, mean=12.375,12.0278,12.375,11.9833,
ladder16 CEX t=57.5792 it=710000 cost=4.46583 pool=5532 checks=39 ideal=1 hard=0 min=9,6,10,6, mean=12.375,12.0278,12.375,11.9833,
ladder16 CEX t=59.3083 it=720000 cost=39.3554 pool=5756 checks=40 ideal=0.833333 hard=12 min=7,5,8,5, mean=12.0833,11.9889,12.0833,11.8481,
ladder16 CEX t=60.5211 it=730000 cost=6.30183 pool=5756 checks=40 ideal=1 hard=0 min=9,6,10,6, mean=12.875,12.0204,12.875,11.9241,
ladder16 CEX t=61.7639 it=740000 cost=6.30183 pool=5756 checks=40 ideal=1 hard=0 min=9,6,10,6, mean=12.875,12.0204,12.875,11.9241,
ladder16 CEX t=62.7637 it=750000 cost=6.30183 pool=5756 checks=40 ideal=1 hard=0 min=9,6,10,6, mean=12.875,12.0204,12.875,11.9241,
ladder16 CEX t=64.0964 it=760000 cost=6.30183 pool=5756 checks=40 ideal=1 hard=0 min=9,6,10,6, mean=12.875,12.0204,12.875,11.9241,
ladder16 CEX t=65.6028 it=770000 cost=4.57783 pool=5756 checks=40 ideal=1 hard=0 min=10,6,8,6, mean=12.7083,11.8944,12.7083,11.9833,
ladder16 CEX t=67.6431 it=780000 cost=13.0155 pool=5819 checks=41 ideal=1 hard=0 min=8,6,8,6, mean=12.2917,12.0093,12.2917,12.0241,
ladder16 CEX t=68.9177 it=790000 cost=33.1803 pool=5950 checks=42 ideal=0.666667 hard=4 min=8,4,8,6, mean=11.875,12.0278,11.875,11.9537,
ladder16 CEX t=70.978 it=800000 cost=22.0041 pool=5950 checks=42 ideal=1 hard=0 min=8,6,8,6, mean=12.5417,11.9611,12.5417,11.9685,
ladder16 CEX t=72.9844 it=810000 cost=9.12239 pool=5950 checks=42 ideal=0.666667 hard=4 min=8,4,8,6, mean=12.2917,12.0019,12.2917,12.0389,
ladder16 CEX t=73.8913 it=820000 cost=8.86906 pool=5950 checks=42 ideal=0.666667 hard=4 min=9,4,8,6, mean=12.625,11.9796,12.625,11.8833,
ladder16 CEX t=75.659 it=830000 cost=4.58822 pool=5950 checks=42 ideal=1 hard=0 min=9,6,9,6, mean=12.5,12.0074,12.5,11.9778,
ladder16 CEX t=76.9943 it=840000 cost=20.3661 pool=6015 checks=43 ideal=1 hard=0 min=8,6,8,6, mean=11.9167,12.0704,11.9167,12.0556,
ladder16 CEX t=78.7115 it=850000 cost=17.8598 pool=6015 checks=43 ideal=0.5 hard=9 min=8,6,10,3, mean=12.5417,12.05,12.5417,11.9611,
ladder16 CEX t=80.703 it=860000 cost=7.74028 pool=6015 checks=43 ideal=1 hard=0 min=8,6,8,6, mean=12.375,11.9167,12.375,11.9981,
ladder16 CEX t=82.1153 it=870000 cost=6.62139 pool=6015 checks=43 ideal=1 hard=0 min=8,6,9,6, mean=12.7083,11.9685,12.7083,11.9389,
ladder16 CEX t=83.8701 it=880000 cost=12.6428 pool=6080 checks=44 ideal=0.833333 hard=1 min=8,5,9,6, mean=12.5833,11.9963,12.5833,12.0185,
ladder16 CEX t=85.7242 it=890000 cost=19.6352 pool=6141 checks=45 ideal=1 hard=0 min=8,6,9,6, mean=12.5417,12.013,12.5417,11.9759,
ladder16 CEX t=87.3572 it=900000 cost=7.39756 pool=6141 checks=45 ideal=0.833333 hard=1 min=9,6,10,5, mean=12.6667,12.0296,12.6667,11.9333,
ladder16 CEX t=88.4221 it=910000 cost=13.6023 pool=6391 checks=46 ideal=0.833333 hard=1 min=8,5,8,6, mean=12.0833,11.9963,12.0833,11.9815,
ladder16 CEX t=89.5981 it=920000 cost=9.04356 pool=6511 checks=47 ideal=0.833333 hard=2 min=9,5,9,6, mean=12,11.963,12,12.0667,
ladder16 CEX t=91.32 it=930000 cost=11.67 pool=6644 checks=48 ideal=0.833333 hard=2 min=8,5,8,5, mean=12,11.9852,12,11.9481,
ladder16 CEX t=93.7702 it=940000 cost=7.60789 pool=6644 checks=48 ideal=1 hard=0 min=9,6,9,6, mean=12.4167,11.9444,12.4167,11.9963,
ladder16 CEX t=96.0263 it=950000 cost=7.64817 pool=6769 checks=49 ideal=0.833333 hard=1 min=8,6,10,5, mean=12.4583,12.0241,12.4583,11.9648,
ladder16 CEX t=98.1049 it=960000 cost=6.52794 pool=6838 checks=50 ideal=0.833333 hard=1 min=8,5,8,6, mean=11.9583,11.9722,11.9583,12.0315,
ladder16 CEX t=99.4751 it=970000 cost=4.57728 pool=6838 checks=50 ideal=1 hard=0 min=10,6,9,6, mean=12.4583,11.9722,12.4583,12.0093,
ladder16 CEX t=101.263 it=980000 cost=4.53922 pool=6838 checks=50 ideal=1 hard=0 min=9,6,9,6, mean=12.4167,11.9444,12.4167,11.9741,
ladder16 CEX t=102.43 it=990000 cost=4.53922 pool=6838 checks=50 ideal=1 hard=0 min=9,6,9,6, mean=12.4167,11.9444,12.4167,11.9741,
ladder16 CEX t=103.518 it=1000000 cost=7.98361 pool=6969 checks=51 ideal=0.833333 hard=2 min=9,5,8,5, mean=12.2083,11.8648,12.2083,11.9611,
ladder16 CEX t=104.982 it=1010000 cost=7.98361 pool=6969 checks=51 ideal=0.833333 hard=2 min=9,5,8,5, mean=12.2083,11.8648,12.2083,11.9611,
ladder16 CEX t=106.003 it=1020000 cost=7.01206 pool=6969 checks=51 ideal=0.833333 hard=1 min=9,6,8,5, mean=12.2083,11.8574,12.2083,11.9389,
ladder16 CEX t=106.94 it=1030000 cost=6.31811 pool=6969 checks=51 ideal=0.833333 hard=1 min=8,6,8,5, mean=12.4167,11.8852,12.4167,12.0407,
ladder16 CEX t=108.463 it=1040000 cost=6.31811 pool=6969 checks=51 ideal=0.833333 hard=1 min=8,6,8,5, mean=12.4167,11.8852,12.4167,12.0407,
ladder16 CEX t=109.726 it=1050000 cost=5.58206 pool=6969 checks=51 ideal=1 hard=0 min=8,6,8,6, mean=12.2083,11.9611,12.2083,11.9019,
ladder16 CEX t=111.402 it=1060000 cost=7.7825 pool=7158 checks=52 ideal=0.833333 hard=2 min=8,6,8,5, mean=12.0417,11.9389,12.0417,11.9611,
ladder16 CEX t=112.305 it=1070000 cost=4.33972 pool=7158 checks=52 ideal=0.833333 hard=1 min=8,6,8,5, mean=12.2917,11.9574,12.2917,11.9944,
ladder16 CEX t=113.969 it=1080000 cost=6.54928 pool=7270 checks=53 ideal=0.833333 hard=2 min=10,5,9,5, mean=12.625,11.9574,12.625,11.9574,
ladder16 CEX t=115.79 it=1090000 cost=4.82706 pool=7270 checks=53 ideal=1 hard=0 min=9,6,9,6, mean=12.2917,11.9204,12.2917,12.0093,
ladder16 CEX t=117.126 it=1100000 cost=11.0186 pool=7328 checks=54 ideal=0.666667 hard=4 min=8,6,10,4, mean=12.125,12.0463,12.125,11.9796,
ladder16 CEX t=118.231 it=1110000 cost=4.51289 pool=7391 checks=55 ideal=1 hard=0 min=9,6,9,6, mean=12.3333,11.9333,12.3333,12.0074,
ladder16 CEX t=119.383 it=1120000 cost=5.12867 pool=7532 checks=56 ideal=1 hard=0 min=8,6,9,6, mean=12,11.9778,12,12.0444,
ladder16 CEX t=120.397 it=1130000 cost=4.93817 pool=7532 checks=56 ideal=1 hard=0 min=8,6,9,6, mean=12.125,11.9648,12.125,11.9574,
ladder16 CEX t=121.962 it=1140000 cost=4.93817 pool=7532 checks=56 ideal=1 hard=0 min=8,6,9,6, mean=12.125,11.9648,12.125,11.9574,
ladder16 CEX t=123.312 it=1150000 cost=4.93817 pool=7532 checks=56 ideal=1 hard=0 min=8,6,9,6, mean=12.125,11.9648,12.125,11.9574,
ladder16 CEX t=125.452 it=1160000 cost=4.93817 pool=7532 checks=56 ideal=1 hard=0 min=8,6,9,6, mean=12.125,11.9648,12.125,11.9574,
ladder16 CEX t=126.652 it=1170000 cost=4.93817 pool=7532 checks=56 ideal=1 hard=0 min=8,6,9,6, mean=12.125,11.9648,12.125,11.9574,
ladder16 CEX t=128.442 it=1180000 cost=6.95878 pool=7594 checks=57 ideal=0.833333 hard=2 min=8,5,9,5, mean=12.25,12.0259,12.25,11.9889,
ladder16 CEX t=130.092 it=1190000 cost=16.3912 pool=7699 checks=58 ideal=0.833333 hard=2 min=8,6,9,5, mean=12.25,12.0111,12.25,11.8407,
ladder16 CEX t=132.148 it=1200000 cost=8.08117 pool=7699 checks=58 ideal=0.833333 hard=1 min=9,6,9,5, mean=12.2083,12.013,12.2083,11.9093,
ladder16 CEX t=133.954 it=1210000 cost=8.00156 pool=7765 checks=59 ideal=0.833333 hard=1 min=9,6,8,5, mean=12.3333,11.963,12.3333,12,
ladder16 CEX t=135.271 it=1220000 cost=6.48444 pool=7893 checks=60 ideal=0.833333 hard=1 min=8,5,8,6, mean=12,11.9852,12,11.9852,
ladder16 CEX t=137.386 it=1230000 cost=6.48444 pool=7893 checks=60 ideal=0.833333 hard=1 min=8,5,8,6, mean=12,11.9852,12,11.9852,
ladder16 CEX t=138.695 it=1240000 cost=5.54006 pool=7893 checks=60 ideal=0.833333 hard=1 min=9,6,9,5, mean=12.375,12.0056,12.375,11.9907,
ladder16 CEX t=140.618 it=1250000 cost=5.54006 pool=7893 checks=60 ideal=0.833333 hard=1 min=9,6,9,5, mean=12.375,12.0056,12.375,11.9907,
ladder16 CEX t=142.069 it=1260000 cost=5.54006 pool=7893 checks=60 ideal=0.833333 hard=1 min=9,6,9,5, mean=12.375,12.0056,12.375,11.9907,
ladder16 CEX t=144.516 it=1270000 cost=5.52811 pool=7893 checks=60 ideal=0.833333 hard=1 min=9,6,9,5, mean=12.4167,12.0037,12.4167,11.9889,
ladder16 CEX t=146.397 it=1280000 cost=4.69922 pool=7893 checks=60 ideal=1 hard=0 min=9,6,9,6, mean=12.25,12.0185,12.25,11.9667,
ladder16 CEX t=147.703 it=1290000 cost=4.69922 pool=8041 checks=61 ideal=1 hard=0 min=9,6,9,6, mean=12.25,12.0185,12.25,11.9667,
ladder16 CEX t=151.941 it=1300000 cost=4.69922 pool=8041 checks=61 ideal=1 hard=0 min=9,6,9,6, mean=12.25,12.0185,12.25,11.9667,
ladder16 CEX t=153.951 it=1310000 cost=27.9849 pool=8093 checks=62 ideal=0.5 hard=10 min=8,3,8,5, mean=11.875,11.9981,11.875,12.0056,
ladder16 CEX t=157.695 it=1320000 cost=19.803 pool=8093 checks=62 ideal=0.5 hard=9 min=9,3,10,6, mean=12.4167,11.9593,12.4167,12.0407,
ladder16 CEX t=159.134 it=1330000 cost=4.665 pool=8093 checks=62 ideal=1 hard=0 min=9,6,10,6, mean=12.5833,11.9222,12.5833,11.9444,
ladder16 CEX t=160.233 it=1340000 cost=3.65772 pool=8093 checks=62 ideal=0.833333 hard=1 min=9,5,9,6, mean=12.2917,12.0167,12.2917,12.0019,
ladder16 CEX t=162.271 it=1350000 cost=17.9103 pool=8157 checks=63 ideal=0.833333 hard=2 min=9,6,9,5, mean=12.0833,12.0778,12.0833,12.0333,
ladder16 CEX t=164.276 it=1360000 cost=13.7361 pool=8409 checks=65 ideal=0.833333 hard=1 min=9,6,8,5, mean=12.2083,12.0204,12.2083,12.0426,
ladder16 CEX t=165.972 it=1370000 cost=4.69706 pool=8409 checks=65 ideal=1 hard=0 min=9,6,8,6, mean=12.4583,12.0611,12.4583,12.0019,
ladder16 CEX t=167.725 it=1380000 cost=4.69706 pool=8409 checks=65 ideal=1 hard=0 min=9,6,8,6, mean=12.4583,12.0611,12.4583,12.0019,
ladder16 CEX t=169.995 it=1390000 cost=6.613 pool=8630 checks=66 ideal=1 hard=0 min=10,6,8,6, mean=12.4167,12.0333,12.4167,12.0333,
ladder16 CEX t=171.738 it=1400000 cost=4.86194 pool=8630 checks=66 ideal=1 hard=0 min=9,6,8,6, mean=12.4583,12.0019,12.4583,12.0019,
ladder16 CEX t=173.922 it=1410000 cost=4.66289 pool=8630 checks=66 ideal=1 hard=0 min=9,6,9,6, mean=12.6667,11.9778,12.6667,11.8963,
ladder16 CEX t=176.162 it=1420000 cost=4.14528 pool=8630 checks=66 ideal=1 hard=0 min=10,7,10,6, mean=13.125,11.9574,13.125,11.8907,
ladder16 CEX t=177.704 it=1430000 cost=4.14528 pool=8630 checks=66 ideal=1 hard=0 min=10,7,10,6, mean=13.125,11.9574,13.125,11.8907,
ladder16 CEX t=179.687 it=1440000 cost=4.91544 pool=8699 checks=67 ideal=1 hard=0 min=9,6,8,6, mean=12.4167,11.9222,12.4167,12.0481,
ladder16 CEX t=182.245 it=1450000 cost=4.91544 pool=8699 checks=67 ideal=1 hard=0 min=9,6,8,6, mean=12.4167,11.9222,12.4167,12.0481,
ladder16 CEX t=183.453 it=1460000 cost=3.58094 pool=8699 checks=67 ideal=0.833333 hard=1 min=10,6,8,5, mean=12.7083,11.9759,12.7083,11.9611,
ladder16 CEX t=185.476 it=1470000 cost=4.38483 pool=8844 checks=69 ideal=1 hard=0 min=10,6,9,6, mean=12.4583,12.0463,12.4583,12.0981,
ladder16 CEX t=186.499 it=1480000 cost=3.39422 pool=8844 checks=69 ideal=0.833333 hard=1 min=10,6,10,5, mean=12.6667,11.9556,12.6667,12.0296,
ladder16 CEX t=188.283 it=1490000 cost=3.63167 pool=9108 checks=72 ideal=0.833333 hard=1 min=9,6,9,5, mean=12.75,11.8556,12.75,11.9,
ladder16 CEX t=188.983 it=1494471 score=0.333333 faults=39 penalty=114 ideal=1 hard=0 min=8,6,9,6, mean=11.9167,12.0481,11.9167,12.0259,
ladder16 CEX t=189.616 it=1500000 cost=3.45506 pool=9263 checks=74 ideal=0.833333 hard=1 min=9,6,10,5, mean=12.4583,12.0167,12.4583,11.9796,
ladder16 CEX t=191.892 it=1508768 score=0.333333 faults=38 penalty=112 ideal=1 hard=0 min=9,6,9,6, mean=12.5417,11.9241,12.5417,11.9981,
ladder16 CEX t=192.328 it=1510000 cost=9.52783 pool=9356 checks=76 ideal=0.833333 hard=1 min=9,6,9,5, mean=12.375,12.0278,12.375,12.05,
ladder16 CEX t=195.048 it=1520000 cost=8.44056 pool=9356 checks=76 ideal=1 hard=0 min=10,6,9,6, mean=12.4167,12.0333,12.4167,12.063,
ladder16 CEX t=196.733 it=1530000 cost=4.29211 pool=9356 checks=76 ideal=1 hard=0 min=10,6,10,6, mean=12.4167,12.1,12.4167,12.0259,
ladder16 CEX t=198.853 it=1540000 cost=4.52783 pool=9564 checks=79 ideal=1 hard=0 min=9,6,9,6, mean=12.375,12.0278,12.375,12.05,
ladder16 CEX t=200.686 it=1550000 cost=4.37422 pool=9564 checks=79 ideal=1 hard=0 min=10,6,10,6, mean=12.5,12.0667,12.5,11.9852,
ladder16 CEX t=202.399 it=1560000 cost=4.73733 pool=9612 checks=80 ideal=1 hard=0 min=8,6,9,6, mean=12.3333,11.9926,12.3333,12.0519,
ladder16 CEX t=205.634 it=1570000 cost=4.50839 pool=9673 checks=81 ideal=1 hard=0 min=8,6,10,7, mean=12.4583,12.0611,12.4583,11.9796,
ladder16 CEX t=208.652 it=1580000 cost=4.50839 pool=9673 checks=81 ideal=1 hard=0 min=8,6,10,7, mean=12.4583,12.0611,12.4583,11.9796,
ladder16 CEX t=210.974 it=1590000 cost=4.40922 pool=9673 checks=81 ideal=1 hard=0 min=10,6,9,6, mean=12.4167,11.9963,12.4167,11.9889,
ladder16 CEX t=214.126 it=1599430 score=0.333333 faults=34 penalty=92 ideal=1 hard=0 min=8,6,8,6, mean=12.1667,12.0148,12.1667,12.0444,
ladder16 CEX t=214.299 it=1600000 cost=21.1767 pool=9822 checks=83 ideal=0.833333 hard=2 min=9,5,8,5, mean=12.2083,12.0204,12.2083,12.0648,
ladder16 CEX t=215.954 it=1610000 cost=4.45056 pool=9822 checks=83 ideal=1 hard=0 min=10,6,9,6, mean=12.4167,11.9889,12.4167,12.0407,
ladder16 CEX t=217.494 it=1620000 cost=4.42111 pool=9822 checks=83 ideal=1 hard=0 min=10,6,9,6, mean=12.5,12.0519,12.5,12.0074,
ladder16 CEX t=220.111 it=1630000 cost=9.31056 pool=9936 checks=84 ideal=1 hard=0 min=10,7,10,6, mean=12.4167,12.0926,12.4167,12.0704,
ladder16 CEX t=222.582 it=1640000 cost=4.42483 pool=9980 checks=85 ideal=1 hard=0 min=10,6,10,6, mean=12.125,12.0315,12.125,12.113,
ladder16 CEX t=224.778 it=1650000 cost=4.19339 pool=9980 checks=85 ideal=1 hard=0 min=10,7,10,6, mean=12.7083,12.0278,12.7083,12.013,
ladder16 CEX t=227.213 it=1660000 cost=11.0047 pool=10134 checks=87 ideal=1 hard=0 min=8,6,9,6, mean=12.3333,12.0148,12.3333,12.0074,
ladder16 CEX t=229.578 it=1670000 cost=21.0051 pool=10222 checks=89 ideal=0.833333 hard=1 min=8,6,9,5, mean=12,12.0741,12,12.0519,
ladder16 CEX t=231.906 it=1680000 cost=4.36267 pool=10222 checks=89 ideal=1 hard=0 min=10,6,10,6, mean=12.6667,11.9704,12.6667,11.9852,
ladder16 CEX t=234.176 it=1690000 cost=4.66144 pool=10256 checks=90 ideal=1 hard=0 min=8,6,10,6, mean=12.5833,12.0556,12.5833,11.9148,
ladder16 CEX t=236.431 it=1700000 cost=4.66144 pool=10256 checks=90 ideal=1 hard=0 min=8,6,10,6, mean=12.5833,12.0556,12.5833,11.9148,
ladder16 CEX t=239.692 it=1710000 cost=4.66144 pool=10256 checks=90 ideal=1 hard=0 min=8,6,10,6, mean=12.5833,12.0556,12.5833,11.9148,
