ladder16 EXACT t=0.0233691 it=0 eval=1 accepted=0 cost=14.9619 best=14.9619 faults=6 ideal=1 hard=0 min=8,6,10,6, mean=12.25,12.0926,12.25,11.9815,
ladder16 EXACT t=0.0745585 it=9 score=0.666667 faults=6 penalty=12 ideal=1 hard=0 min=8,6,10,6, mean=12.2917,12.0833,12.2917,11.9944,
ladder16 EXACT t=4.99353 it=1000 eval=760 accepted=182 cost=22.2344 best=14.9008 faults=8 ideal=1 hard=0 min=9,6,8,6, mean=12,12.0519,12,11.9852,
ladder16 EXACT t=6.84652 it=1383 score=0.666667 faults=4 penalty=8 ideal=0.833333 hard=1 min=8,5,8,6, mean=12.0417,11.9833,12.0417,11.9685,
ladder16 EXACT t=9.28253 it=2000 eval=1406 accepted=341 cost=13.7357 best=12.2621 faults=5 ideal=1 hard=0 min=8,6,8,6, mean=12.0833,11.937,12.0833,11.9519,
ladder16 EXACT t=13.2493 it=3000 eval=2042 accepted=482 cost=10.8313 best=10.572 faults=4 ideal=1 hard=0 min=9,6,9,6, mean=12.2917,12.0093,12.2917,11.9722,
ladder16 EXACT t=17.4693 it=3993 score=0.666667 faults=3 penalty=6 ideal=1 hard=0 min=9,6,8,6, mean=12.25,11.9296,12.25,12.0185,
ladder16 EXACT t=17.5007 it=4000 eval=2706 accepted=635 cost=9.42478 best=9.42478 faults=3 ideal=1 hard=0 min=9,6,8,6, mean=12.25,11.9296,12.25,12.0185,
ladder16 EXACT t=19.4918 it=4571 score=0.666667 faults=2 penalty=4 ideal=0.833333 hard=1 min=8,5,9,6, mean=12.125,12.0463,12.125,12.0833,
ladder16 EXACT t=20.8354 it=5000 eval=3287 accepted=763 cost=7.07644 best=6.83433 faults=2 ideal=1 hard=0 min=8,6,8,6, mean=12.1667,12.0074,12.1667,12.0296,
ladder16 EXACT t=23.9476 it=6000 eval=3752 accepted=881 cost=6.99067 best=6.83433 faults=2 ideal=1 hard=0 min=9,6,8,6, mean=12.1667,11.9778,12.1667,11.9111,
ladder16 EXACT t=27.3243 it=7000 eval=4199 accepted=997 cost=6.87272 best=6.83033 faults=2 ideal=1 hard=0 min=9,6,9,6, mean=12.2083,12.0426,12.2083,11.9093,
ladder16 EXACT t=30.891 it=8000 eval=4655 accepted=1105 cost=6.69144 best=6.69144 faults=2 ideal=1 hard=0 min=9,6,9,6, mean=12.25,12.0704,12.25,11.9667,
ladder16 EXACT t=34.7861 it=9000 eval=5141 accepted=1222 cost=6.62261 best=6.57828 faults=2 ideal=1 hard=0 min=9,6,9,6, mean=12.625,11.95,12.625,11.8759,
ladder16 EXACT t=42.7098 it=10000 eval=5863 accepted=1391 cost=17.0001 best=6.57828 faults=7 ideal=1 hard=0 min=8,6,9,6, mean=12.0833,12.0407,12.0833,11.9519,
ladder16 EXACT t=50.5785 it=11000 eval=6545 accepted=1520 cost=11.4442 best=6.57828 faults=4 ideal=1 hard=0 min=8,6,9,6, mean=12.125,12.0241,12.125,11.9648,
ladder16 EXACT t=56.0594 it=12000 eval=7119 accepted=1658 cost=7.97189 best=6.57828 faults=2 ideal=1 hard=0 min=8,6,8,6, mean=11.75,11.9593,11.75,11.9815,
ladder16 EXACT t=59.9524 it=13000 eval=7560 accepted=1762 cost=7.5235 best=6.57828 faults=2 ideal=1 hard=0 min=8,6,8,6, mean=11.9583,11.9796,11.9583,12.0537,
ladder16 EXACT t=64.9431 it=14000 eval=8017 accepted=1874 cost=7.16483 best=6.57828 faults=2 ideal=1 hard=0 min=8,6,8,6, mean=12.125,12.0167,12.125,11.9944,
ladder16 EXACT t=68.3852 it=15000 eval=8472 accepted=1993 cost=6.50933 best=6.50933 faults=2 ideal=1 hard=0 min=9,6,10,6, mean=12.3333,12.0963,12.3333,11.9481,
ladder16 EXACT t=73.5727 it=16000 eval=9111 accepted=2151 cost=14.1233 best=6.42283 faults=4 ideal=0.833333 hard=2 min=9,5,8,6, mean=11.6667,11.9259,11.6667,12.0519,
ladder16 EXACT t=78.0249 it=17000 eval=9729 accepted=2316 cost=13.4776 best=6.42283 faults=3 ideal=0.833333 hard=4 min=9,5,8,5, mean=11.875,11.9759,11.875,12.05,
ladder16 EXACT t=81.6602 it=18000 eval=10316 accepted=2466 cost=9.79367 best=6.42283 faults=2 ideal=1 hard=0 min=9,6,8,6, mean=12.0833,12.0333,12.0833,12.0556,
ladder16 EXACT t=85.2537 it=19000 eval=10882 accepted=2622 cost=8.94639 best=6.42283 faults=2 ideal=0.833333 hard=1 min=8,5,8,6, mean=12.125,11.8611,12.125,11.9796,
ladder16 EXACT t=88.4041 it=20000 eval=11320 accepted=2727 cost=8.62822 best=6.42283 faults=2 ideal=0.833333 hard=1 min=8,5,9,6, mean=11.8333,12,11.8333,11.9852,
ladder16 EXACT t=91.1773 it=21000 eval=11711 accepted=2857 cost=8.63989 best=6.42283 faults=2 ideal=0.833333 hard=1 min=8,5,9,6, mean=11.75,12.0333,11.75,12.0407,
ladder16 EXACT t=93.55 it=22000 eval=12111 accepted=2978 cost=8.27578 best=6.42283 faults=2 ideal=0.833333 hard=1 min=9,5,8,6, mean=12,11.9852,12,12.0963,
ladder16 EXACT t=96.858 it=23000 eval=12596 accepted=3092 cost=7.74928 best=6.42283 faults=2 ideal=0.833333 hard=1 min=9,5,9,6, mean=12.2917,12.0315,12.2917,12.0167,
ladder16 EXACT t=100.612 it=24000 eval=13051 accepted=3196 cost=7.72822 best=6.42283 faults=2 ideal=0.833333 hard=1 min=10,5,9,6, mean=12.1667,12.0222,12.1667,12.0963,
ladder16 EXACT t=103.896 it=25000 eval=13534 accepted=3324 cost=7.741 best=6.42283 faults=2 ideal=0.833333 hard=1 min=10,5,9,6, mean=11.9167,12.063,11.9167,12.0704,
ladder16 EXACT t=110.132 it=26000 eval=14219 accepted=3483 cost=20.0418 best=6.42283 faults=8 ideal=0.833333 hard=1 min=8,6,9,5, mean=12.1667,11.9852,12.1667,11.963,
ladder16 EXACT t=117.79 it=27000 eval=14989 accepted=3640 cost=13.2254 best=6.42283 faults=5 ideal=1 hard=0 min=8,6,8,6, mean=12.4167,12.0111,12.4167,11.8926,
ladder16 EXACT t=123.487 it=28000 eval=15667 accepted=3785 cost=10.5566 best=6.42283 faults=4 ideal=1 hard=0 min=9,6,9,6, mean=12.4167,11.9519,12.4167,12.0111,
ladder16 EXACT t=129.578 it=29000 eval=16359 accepted=3919 cost=8.46822 best=6.42283 faults=3 ideal=1 hard=0 min=9,6,9,6, mean=12.5,12,12.5,11.9852,
ladder16 EXACT t=135.523 it=30000 eval=16976 accepted=4024 cost=8.41572 best=6.42283 faults=3 ideal=1 hard=0 min=10,6,9,6, mean=12.4583,11.9944,12.4583,12.0241,
ladder16 EXACT t=141.921 it=31000 eval=17688 accepted=4158 cost=19.4244 best=6.42283 faults=6 ideal=0.833333 hard=1 min=8,6,8,5, mean=12,12.0148,12,11.9556,
ladder16 EXACT t=150.468 it=32000 eval=18523 accepted=4315 cost=32.1432 best=6.42283 faults=11 ideal=0.833333 hard=4 min=8,5,10,5, mean=12.375,12.087,12.375,11.9685,
ladder16 EXACT t=156.979 it=33000 eval=19276 accepted=4437 cost=21.9827 best=6.42283 faults=6 ideal=0.833333 hard=3 min=8,5,8,5, mean=11.8333,12.0296,11.8333,11.9926,
ladder16 EXACT t=162.954 it=34000 eval=20010 accepted=4554 cost=19.9853 best=6.42283 faults=6 ideal=0.833333 hard=2 min=8,5,10,5, mean=12.4583,12.0463,12.4583,11.9352,
ladder16 EXACT t=168.659 it=35000 eval=20705 accepted=4666 cost=18.0199 best=6.42283 faults=5 ideal=0.833333 hard=2 min=8,5,9,6, mean=12.2917,12.0463,12.2917,11.9574,
ladder16 EXACT t=175.722 it=36000 eval=21421 accepted=4787 cost=9.72922 best=6.42283 faults=3 ideal=0.833333 hard=1 min=8,5,9,6, mean=12.5833,11.9815,12.5833,11.937,
ladder16 EXACT t=181.28 it=37000 eval=22138 accepted=4965 cost=32.9012 best=6.42283 faults=10 ideal=0.666667 hard=9 min=9,4,8,5, mean=12.0417,11.9759,12.0417,12.013,
ladder16 EXACT t=187.021 it=38000 eval=22766 accepted=5102 cost=12.3746 best=6.42283 faults=4 ideal=0.833333 hard=1 min=8,6,8,5, mean=12.2917,12.0093,12.2917,11.95,
ladder16 EXACT t=193.43 it=39000 eval=23319 accepted=5225 cost=9.37322 best=6.42283 faults=3 ideal=1 hard=0 min=8,6,8,6, mean=12.0833,11.9444,12.0833,12.0407,
ladder16 EXACT t=197.592 it=40000 eval=23873 accepted=5343 cost=9.16506 best=6.42283 faults=3 ideal=1 hard=0 min=8,6,8,6, mean=12.2917,11.9944,12.2917,12.0019,
ladder16 EXACT t=203.916 it=41000 eval=24434 accepted=5463 cost=9.15944 best=6.42283 faults=3 ideal=1 hard=0 min=8,6,8,6, mean=12.25,12.0037,12.25,12.0333,
ladder16 EXACT t=208.242 it=42000 eval=24989 accepted=5579 cost=9.20333 best=6.42283 faults=3 ideal=1 hard=0 min=8,6,8,6, mean=12.3333,11.9852,12.3333,11.9926,
ladder16 EXACT t=214.679 it=43000 eval=25615 accepted=5743 cost=21.0968 best=6.42283 faults=7 ideal=0.833333 hard=1 min=8,6,9,5, mean=11.9583,12.0315,11.9583,12.0463,
ladder16 EXACT t=221.751 it=44000 eval=26268 accepted=5883 cost=12.3694 best=6.42283 faults=4 ideal=0.833333 hard=1 min=9,6,8,5, mean=11.7083,12.0574,11.7083,11.9833,
ladder16 EXACT t=226.399 it=45000 eval=26820 accepted=6032 cost=7.45494 best=6.42283 faults=2 ideal=1 hard=0 min=8,6,8,6, mean=12.0417,12.0352,12.0417,11.9685,
ladder16 EXACT t=233.084 it=46000 eval=27351 accepted=6159 cost=6.43311 best=6.42283 faults=2 ideal=1 hard=0 min=9,6,10,6, mean=12.5,12.0444,12.5,12.0148,
ladder16 EXACT t=237.514 it=47000 eval=27875 accepted=6283 cost=6.72311 best=6.42283 faults=2 ideal=1 hard=0 min=8,6,10,6, mean=12.3333,12.0667,12.3333,11.9926,
ladder16 EXACT t=242.01 it=48000 eval=28421 accepted=6410 cost=6.46117 best=6.42283 faults=2 ideal=1 hard=0 min=9,6,10,6, mean=12.375,12.0722,12.375,12.05,
ladder16 EXACT t=246.88 it=49000 eval=29071 accepted=6534 cost=14.2213 best=6.42283 faults=5 ideal=0.833333 hard=1 min=9,5,8,6, mean=11.9583,12.0389,11.9583,12.0093,
ladder16 EXACT t=254.751 it=50000 eval=29764 accepted=6679 cost=19.4253 best=6.42283 faults=6 ideal=0.833333 hard=1 min=8,5,8,6, mean=12,12.0741,12,11.9704,
ladder16 EXACT t=260.049 it=51000 eval=30471 accepted=6818 cost=8.85267 best=6.42283 faults=3 ideal=1 hard=0 min=9,6,9,6, mean=12,12.0148,12,12.0074,
ladder16 EXACT t=266.225 it=52000 eval=31121 accepted=6939 cost=8.70522 best=6.42283 faults=3 ideal=1 hard=0 min=9,6,9,6, mean=12.0833,12.0704,12.0833,12.0481,
ladder16 EXACT t=272.262 it=53000 eval=31737 accepted=7052 cost=8.48622 best=6.42283 faults=3 ideal=1 hard=0 min=10,6,9,6, mean=12.3333,12.0444,12.3333,12.0741,
ladder16 EXACT t=278.616 it=54000 eval=32344 accepted=7155 cost=8.57844 best=6.42283 faults=3 ideal=1 hard=0 min=9,6,9,6, mean=12.5,11.9852,12.5,11.9852,
ladder16 EXACT t=285.973 it=55000 eval=33083 accepted=7334 cost=20.0254 best=6.42283 faults=8 ideal=0.833333 hard=1 min=8,6,9,5, mean=12.2083,11.9759,12.2083,11.9981,
ladder16 EXACT t=293.548 it=56000 eval=33811 accepted=7477 cost=10.7028 best=6.42283 faults=4 ideal=1 hard=0 min=9,6,9,6, mean=12.4167,11.9593,12.4167,11.9889,
ladder16 EXACT t=300.776 it=57000 eval=34453 accepted=7608 cost=10.7089 best=6.42283 faults=4 ideal=1 hard=0 min=10,6,8,6, mean=12.3333,11.9704,12.3333,12.1037,
ladder16 EXACT t=306.495 it=58000 eval=35121 accepted=7724 cost=10.8098 best=6.42283 faults=4 ideal=1 hard=0 min=9,6,8,6, mean=12.5,11.963,12.5,11.9852,
ladder16 EXACT t=313.583 it=59000 eval=35816 accepted=7838 cost=10.4016 best=6.42283 faults=4 ideal=1 hard=0 min=10,6,9,6, mean=12.5,12.0074,12.5,12.0222,
ladder16 EXACT t=321.294 it=60000 eval=36542 accepted=7997 cost=12.2431 best=6.42283 faults=3 ideal=0.833333 hard=2 min=8,6,8,5, mean=11.6667,12.0889,11.6667,11.9704,
ladder16 EXACT t=327.543 it=61000 eval=37202 accepted=8127 cost=9.11128 best=6.42283 faults=3 ideal=1 hard=0 min=9,6,8,6, mean=12.125,12.0389,12.125,12.0093,
ladder16 EXACT t=332.602 it=62000 eval=37812 accepted=8230 cost=9.30489 best=6.42283 faults=3 ideal=1 hard=0 min=8,6,8,6, mean=12.3333,12.0444,12.3333,11.8963,
ladder16 EXACT t=337.896 it=63000 eval=38394 accepted=8370 cost=8.76033 best=6.42283 faults=3 ideal=1 hard=0 min=8,6,9,6, mean=12.4167,12.0704,12.4167,11.9741,
ladder16 EXACT t=342.437 it=64000 eval=38985 accepted=8488 cost=8.59039 best=6.42283 faults=3 ideal=1 hard=0 min=9,6,9,6, mean=12.4583,12.0537,12.4583,11.9204,
ladder16 EXACT t=347.298 it=65000 eval=39538 accepted=8609 cost=8.55622 best=6.42283 faults=3 ideal=1 hard=0 min=9,6,9,6, mean=12.3333,12.0667,12.3333,11.9852,
ladder16 EXACT t=351.341 it=66000 eval=40158 accepted=8742 cost=11.8599 best=6.42283 faults=4 ideal=0.833333 hard=1 min=8,6,9,5, mean=11.9167,12.0333,11.9167,12.1074,
ladder16 EXACT t=356.545 it=67000 eval=40912 accepted=8934 cost=27.6849 best=6.42283 faults=10 ideal=0.833333 hard=1 min=8,5,8,6, mean=11.875,12.0574,11.875,11.9463,
ladder16 EXACT t=363.628 it=68000 eval=41700 accepted=9110 cost=14.9702 best=6.42283 faults=6 ideal=1 hard=0 min=8,6,9,6, mean=12,12.1333,12,11.9852,
ladder16 EXACT t=368.384 it=69000 eval=42404 accepted=9251 cost=10.8409 best=6.42283 faults=4 ideal=1 hard=0 min=9,6,9,6, mean=12.2083,12.05,12.2083,11.9537,
ladder16 EXACT t=374.849 it=70000 eval=43009 accepted=9354 cost=10.2481 best=6.42283 faults=3 ideal=0.833333 hard=1 min=8,5,9,6, mean=12.2083,12.0352,12.2083,11.8944,
ladder16 EXACT t=378.536 it=71000 eval=43599 accepted=9462 cost=8.96678 best=6.42283 faults=3 ideal=1 hard=0 min=8,6,10,6, mean=12.4167,12.0333,12.4167,11.9148,
ladder16 EXACT t=381.977 it=72000 eval=44162 accepted=9566 cost=8.63544 best=6.42283 faults=3 ideal=1 hard=0 min=9,6,9,6, mean=12.0833,12.0481,12.0833,12.0556,
ladder16 EXACT t=385.864 it=73000 eval=44779 accepted=9687 cost=30.1172 best=6.42283 faults=9 ideal=0.875 hard=5 min=8,6,7,6, mean=11.9167,11.9667,11.9167,11.9519,
ladder16 EXACT t=392.627 it=74000 eval=45499 accepted=9860 cost=30.6674 best=6.42283 faults=12 ideal=0.833333 hard=2 min=8,5,8,5, mean=11.5417,12.05,11.5417,11.9907,
ladder16 EXACT t=397.203 it=75000 eval=46189 accepted=9996 cost=18.1606 best=6.42283 faults=5 ideal=0.833333 hard=1 min=8,6,8,5, mean=11.7917,11.9648,11.7917,11.9944,
ladder16 EXACT t=402.114 it=76000 eval=46864 accepted=10136 cost=13.0996 best=6.42283 faults=3 ideal=0.833333 hard=1 min=8,6,9,5, mean=12.3333,12.0593,12.3333,11.9704,
ladder16 EXACT t=406.057 it=77000 eval=47530 accepted=10299 cost=11.9537 best=6.42283 faults=3 ideal=1 hard=0 min=8,6,9,6, mean=12.4167,11.9889,12.4167,11.9667,
ladder16 EXACT t=410.279 it=78000 eval=48163 accepted=10444 cost=9.50389 best=6.42283 faults=3 ideal=1 hard=0 min=8,6,9,6, mean=11.9167,12.0037,11.9167,12.0037,
ladder16 EXACT t=414.699 it=79000 eval=48676 accepted=10571 cost=6.87506 best=6.42283 faults=2 ideal=1 hard=0 min=8,6,9,6, mean=12.4583,12.0537,12.4583,11.9426,
ladder16 EXACT t=417.72 it=80000 eval=49161 accepted=10695 cost=6.47756 best=6.417 faults=2 ideal=1 hard=0 min=9,6,10,6, mean=12.3333,12.0815,12.3333,12.0148,
ladder16 EXACT t=421.482 it=81000 eval=49709 accepted=10840 cost=24.3481 best=6.417 faults=6 ideal=0.833333 hard=8 min=7,6,8,5, mean=11.7083,12.0278,11.7083,11.9685,
ladder16 EXACT t=428.497 it=82000 eval=50426 accepted=11034 cost=19.6438 best=6.417 faults=8 ideal=1 hard=0 min=8,6,8,6, mean=12,12.0074,12,11.9407,
ladder16 EXACT t=432.095 it=82785 score=0.666667 faults=1 penalty=2 ideal=0.833333 hard=2 min=9,5,8,6, mean=11.9583,12.0611,11.9583,12.0389,
ladder16 EXACT t=432.73 it=83000 eval=50996 accepted=11191 cost=6.78817 best=6.417 faults=1 ideal=0.833333 hard=2 min=9,5,9,6, mean=12.125,12.0685,12.125,12.0537,
ladder16 EXACT t=435.22 it=84000 eval=51412 accepted=11320 cost=5.15728 best=4.86817 faults=1 ideal=1 hard=0 min=8,6,8,6, mean=12.125,11.9796,12.125,12.0019,
ladder16 EXACT t=436.114 it=84285 score=1 faults=0 penalty=0 ideal=1 hard=0 min=8,6,8,6, mean=11.75,12.0259,11.75,12.0037,
SUCCESS
