ladder16 EXACT t=0.0138367 it=0 eval=0 accepted=0 cost=13.1661 best=13.1661 faults=3 ideal=0.833333 hard=1 min=9,5,9,6, mean=12.0417,12.05,12.0417,12.0796,
ladder16 EXACT t=0.0253797 it=2 score=0.333333 faults=3 penalty=9 ideal=0.833333 hard=1 min=9,5,9,6, mean=12.0417,12.05,12.0417,12.0796,
ladder16 EXACT t=6.60453 it=1000 eval=837 accepted=225 cost=59.8566 best=13.1661 faults=21 ideal=1 hard=0 min=8,6,8,6, mean=11.9167,11.9889,11.9167,11.9741,
ladder16 EXACT t=12.186 it=2000 eval=1661 accepted=401 cost=37.9349 best=13.1661 faults=12 ideal=0.666667 hard=6 min=8,4,8,5, mean=12.2083,12.013,12.2083,11.9907,
ladder16 EXACT t=13.986 it=2290 score=0.666667 faults=9 penalty=18 ideal=1 hard=0 min=9,6,8,6, mean=11.6667,11.9852,11.6667,12.0148,
ladder16 EXACT t=14.938 it=2461 score=0.666667 faults=8 penalty=16 ideal=0.833333 hard=1 min=9,6,8,5, mean=12.125,12.0315,12.125,12.0463,
ladder16 EXACT t=15.4553 it=2519 score=0.666667 faults=6 penalty=12 ideal=0.666667 hard=6 min=8,5,8,4, mean=12.2083,11.9611,12.2083,11.9907,
ladder16 EXACT t=16.1356 it=2652 score=0.666667 faults=5 penalty=10 ideal=0.833333 hard=1 min=8,5,8,6, mean=11.5,12.0889,11.5,12.0074,
ladder16 EXACT t=17.6472 it=3000 eval=2415 accepted=549 cost=13.7661 best=13.1661 faults=5 ideal=1 hard=0 min=9,6,8,6, mean=11.9167,12.0407,11.9167,12.0185,
ladder16 EXACT t=21.4315 it=4000 eval=3100 accepted=684 cost=13.9219 best=13.1661 faults=5 ideal=1 hard=0 min=9,6,8,6, mean=11.7917,11.95,11.7917,12.1204,
ladder16 EXACT t=25.6809 it=5000 eval=3807 accepted=815 cost=13.4277 best=13.1661 faults=5 ideal=1 hard=0 min=9,6,9,6, mean=12.125,11.9796,12.125,12.0389,
ladder16 EXACT t=36.8736 it=6000 eval=4537 accepted=939 cost=62.7038 best=13.1661 faults=18 ideal=0.666667 hard=5 min=8,4,8,6, mean=11.5417,12.0056,11.5417,11.8722,
ladder16 EXACT t=43.014 it=7000 eval=5307 accepted=1150 cost=22.5014 best=13.1661 faults=6 ideal=0.833333 hard=2 min=8,5,8,6, mean=11.9167,11.9222,11.9167,12.0481,
ladder16 EXACT t=48.386 it=7778 score=0.666667 faults=2 penalty=4 ideal=0.833333 hard=3 min=8,5,8,6, mean=12,12.0667,12,12.0593,
ladder16 EXACT t=49.3015 it=8000 eval=5962 accepted=1305 cost=11.7425 best=11.1739 faults=2 ideal=0.833333 hard=2 min=8,5,8,6, mean=11.7083,11.9685,11.7083,11.9981,
ladder16 EXACT t=50.1248 it=8208 score=0.666667 faults=1 penalty=2 ideal=0.833333 hard=2 min=8,5,8,6, mean=11.7083,12.0722,11.7083,12.0352,
ladder16 EXACT t=52.5801 it=9000 eval=6402 accepted=1430 cost=7.81728 best=7.81728 faults=1 ideal=0.833333 hard=1 min=8,5,8,6, mean=11.9583,12.0315,11.9583,12.0167,
ladder16 EXACT t=55.4674 it=10000 eval=6804 accepted=1544 cost=6.74644 best=6.48694 faults=1 ideal=1 hard=0 min=8,6,8,6, mean=12,12.0222,12,11.9481,
ladder16 EXACT t=59.0143 it=11000 eval=7241 accepted=1667 cost=6.49178 best=6.25317 faults=1 ideal=1 hard=0 min=8,6,8,6, mean=11.8333,12.037,11.8333,12.0444,
ladder16 EXACT t=64.106 it=12000 eval=7675 accepted=1787 cost=6.20639 best=6.05767 faults=1 ideal=1 hard=0 min=8,6,8,6, mean=12.125,12.0759,12.125,12.0315,
ladder16 EXACT t=67.4376 it=13000 eval=8092 accepted=1899 cost=5.94672 best=5.94672 faults=1 ideal=1 hard=0 min=9,6,8,6, mean=12.2083,12.0352,12.2083,12.05,
ladder16 EXACT t=71.9751 it=14000 eval=8580 accepted=2023 cost=30.2024 best=5.94672 faults=11 ideal=1 hard=0 min=8,6,8,6, mean=12,12.0148,12,12.0222,
ladder16 EXACT t=77.8383 it=15000 eval=9333 accepted=2193 cost=38.7606 best=5.94672 faults=11 ideal=0.833333 hard=5 min=8,5,8,5, mean=11.9167,12.0259,11.9167,12.0037,
ladder16 EXACT t=83.6828 it=16000 eval=10116 accepted=2340 cost=26.5186 best=5.94672 faults=7 ideal=0.833333 hard=2 min=9,5,8,5, mean=12.125,12.0315,12.125,11.9944,
ladder16 EXACT t=89.4151 it=17000 eval=10871 accepted=2483 cost=16.8498 best=5.94672 faults=5 ideal=0.833333 hard=2 min=9,5,8,6, mean=11.7083,12.013,11.7083,11.9981,
ladder16 EXACT t=94.4561 it=18000 eval=11409 accepted=2612 cost=11.175 best=5.94672 faults=3 ideal=0.833333 hard=1 min=9,5,8,6, mean=11.9167,11.9815,11.9167,12.0185,
ladder16 EXACT t=98.5703 it=19000 eval=12015 accepted=2726 cost=10.7755 best=5.94672 faults=3 ideal=0.833333 hard=1 min=9,5,9,6, mean=12.125,11.9944,12.125,12.0389,
ladder16 EXACT t=103.202 it=20000 eval=12617 accepted=2850 cost=10.6382 best=5.94672 faults=3 ideal=0.833333 hard=1 min=9,5,9,6, mean=12.3333,11.9481,12.3333,12.037,
ladder16 EXACT t=108.705 it=21000 eval=13247 accepted=3011 cost=45.39 best=5.94672 faults=13 ideal=0.833333 hard=13 min=7,5,7,5, mean=11.5,11.9259,11.5,12.0074,
ladder16 EXACT t=114.558 it=22000 eval=13963 accepted=3183 cost=36.554 best=5.94672 faults=11 ideal=0.833333 hard=9 min=7,5,8,5, mean=11.6667,11.9852,11.6667,11.9481,
ladder16 EXACT t=119.605 it=23000 eval=14580 accepted=3345 cost=18.1491 best=5.94672 faults=4 ideal=0.833333 hard=5 min=8,5,8,5, mean=11.8333,12.0296,11.8333,11.963,
ladder16 EXACT t=123.165 it=24000 eval=15088 accepted=3459 cost=15.5527 best=5.94672 faults=4 ideal=0.833333 hard=3 min=8,5,8,5, mean=11.8333,12,11.8333,12.0222,
ladder16 EXACT t=129.219 it=25000 eval=15627 accepted=3577 cost=11.4566 best=5.94672 faults=3 ideal=0.833333 hard=1 min=8,5,8,6, mean=12.0833,12.0556,12.0833,11.9741,
ladder16 EXACT t=133.84 it=26000 eval=16202 accepted=3707 cost=11.0436 best=5.94672 faults=3 ideal=0.833333 hard=1 min=8,5,9,6, mean=11.8333,12.0519,11.8333,12.0444,
ladder16 EXACT t=138.735 it=27000 eval=16756 accepted=3823 cost=10.8616 best=5.94672 faults=3 ideal=0.833333 hard=1 min=8,5,9,6, mean=12.0417,12.0352,12.0417,11.9907,
ladder16 EXACT t=146.187 it=28000 eval=17512 accepted=4041 cost=51.8463 best=5.94672 faults=13 ideal=0.833333 hard=13 min=7,5,7,5, mean=11.5833,11.9296,11.5833,11.9815,
ladder16 EXACT t=152.526 it=29000 eval=18216 accepted=4179 cost=35.9831 best=5.94672 faults=13 ideal=0.833333 hard=4 min=8,5,8,6, mean=11.625,11.9722,11.625,11.8907,
ladder16 EXACT t=158.359 it=30000 eval=18886 accepted=4308 cost=23.4269 best=5.94672 faults=8 ideal=0.833333 hard=2 min=8,5,8,6, mean=12,11.8667,12,12.0074,
ladder16 EXACT t=162.83 it=31000 eval=19544 accepted=4407 cost=22.2829 best=5.94672 faults=8 ideal=0.833333 hard=1 min=8,5,8,6, mean=12,11.9111,12,11.963,
ladder16 EXACT t=168.008 it=32000 eval=20222 accepted=4508 cost=22.0189 best=5.94672 faults=8 ideal=0.833333 hard=1 min=8,5,8,6, mean=12.0417,11.9315,12.0417,11.9389,
ladder16 EXACT t=173.28 it=33000 eval=20853 accepted=4619 cost=19.857 best=5.94672 faults=7 ideal=0.833333 hard=1 min=8,5,8,6, mean=11.75,11.9815,11.75,12.0185,
ladder16 EXACT t=178.915 it=34000 eval=21569 accepted=4784 cost=41.9236 best=5.94672 faults=16 ideal=0.833333 hard=1 min=8,5,8,6, mean=11.5417,11.9537,11.5417,11.9389,
ladder16 EXACT t=190.29 it=35000 eval=22329 accepted=4970 cost=26.3443 best=5.94672 faults=9 ideal=1 hard=0 min=8,6,8,6, mean=11.7083,11.9685,11.7083,12.013,
ladder16 EXACT t=197.614 it=36000 eval=23022 accepted=5076 cost=21.4149 best=5.94672 faults=7 ideal=0.833333 hard=3 min=9,5,8,6, mean=11.875,12.013,11.875,12.0574,
ladder16 EXACT t=206.115 it=37000 eval=23686 accepted=5195 cost=17.7742 best=5.94672 faults=6 ideal=0.833333 hard=1 min=8,5,8,6, mean=12,12,12,11.9852,
ladder16 EXACT t=212.292 it=38000 eval=24368 accepted=5345 cost=41.6827 best=5.94672 faults=14 ideal=0.833333 hard=2 min=8,5,8,5, mean=11.7083,11.9537,11.7083,11.9981,
ladder16 EXACT t=218.161 it=39000 eval=25105 accepted=5524 cost=25.1773 best=5.94672 faults=8 ideal=0.833333 hard=1 min=8,5,8,7, mean=11.6667,11.9926,11.6667,11.9852,
ladder16 EXACT t=225.511 it=40000 eval=25810 accepted=5677 cost=14.3109 best=5.94672 faults=3 ideal=1 hard=0 min=9,6,8,6, mean=11.8333,11.9704,11.8333,11.9704,
ladder16 EXACT t=233.534 it=41000 eval=26466 accepted=5814 cost=12.9021 best=5.94672 faults=2 ideal=0.833333 hard=1 min=9,5,8,6, mean=12.0417,12.0278,12.0417,12.0352,
ladder16 EXACT t=239.041 it=42000 eval=27082 accepted=5933 cost=9.68306 best=5.94672 faults=2 ideal=0.833333 hard=1 min=8,5,9,6, mean=11.9583,12.0389,11.9583,12.0907,
ladder16 EXACT t=242.799 it=43000 eval=27568 accepted=6058 cost=6.47567 best=5.94672 faults=1 ideal=1 hard=0 min=8,6,9,6, mean=11.9167,12.1,11.9167,12.0556,
ladder16 EXACT t=248.543 it=44000 eval=28129 accepted=6211 cost=37.135 best=5.94672 faults=14 ideal=0.833333 hard=1 min=8,6,8,5, mean=11.5833,12.0407,11.5833,12.0259,
ladder16 EXACT t=255.449 it=45000 eval=28898 accepted=6400 cost=27.9043 best=5.94672 faults=8 ideal=0.666667 hard=5 min=8,6,9,4, mean=12.5833,12.0111,12.5833,11.9667,
ladder16 EXACT t=262.509 it=46000 eval=29702 accepted=6548 cost=14.2407 best=5.94672 faults=5 ideal=1 hard=0 min=9,6,8,6, mean=12.1667,11.8889,12.1667,12,
ladder16 EXACT t=267.533 it=47000 eval=30437 accepted=6690 cost=9.68228 best=5.94672 faults=3 ideal=1 hard=0 min=9,6,9,7, mean=12.0417,12.0426,12.0417,12.0722,
ladder16 EXACT t=271.918 it=48000 eval=31038 accepted=6817 cost=7.72806 best=5.94672 faults=2 ideal=1 hard=0 min=9,6,9,7, mean=12.375,11.9611,12.375,12.0352,
ladder16 EXACT t=277.011 it=49000 eval=31638 accepted=6926 cost=7.79189 best=5.94672 faults=2 ideal=1 hard=0 min=9,6,9,6, mean=12.0833,12.0407,12.0833,12.1,
ladder16 EXACT t=282.609 it=50000 eval=32283 accepted=7096 cost=74.2331 best=5.94672 faults=21 ideal=0.666667 hard=20 min=7,4,7,5, mean=11.6667,11.9852,11.6667,12.0074,
ladder16 EXACT t=294.144 it=51000 eval=33112 accepted=7284 cost=34.3121 best=5.94672 faults=14 ideal=1 hard=0 min=9,6,9,6, mean=12.2083,12.0574,12.2083,12.0722,
ladder16 EXACT t=300.933 it=52000 eval=33922 accepted=7408 cost=30.4877 best=5.94672 faults=12 ideal=1 hard=0 min=9,6,9,6, mean=11.9167,12.1074,11.9167,12.0481,
ladder16 EXACT t=307.744 it=53000 eval=34728 accepted=7531 cost=22.3189 best=5.94672 faults=8 ideal=1 hard=0 min=9,6,9,6, mean=12.1667,12.0222,12.1667,12.0519,
ladder16 EXACT t=312.943 it=54000 eval=35479 accepted=7641 cost=22.1027 best=5.94672 faults=8 ideal=1 hard=0 min=10,6,9,6, mean=12.2083,12.0056,12.2083,12.0796,
ladder16 EXACT t=320.768 it=55000 eval=36238 accepted=7810 cost=40.4776 best=5.94672 faults=12 ideal=0.666667 hard=6 min=9,4,9,6, mean=12.1667,11.9556,12.1667,12.0074,
ladder16 EXACT t=328.341 it=56000 eval=37021 accepted=7972 cost=27.6348 best=5.94672 faults=8 ideal=0.666667 hard=4 min=8,4,8,6, mean=12.0833,11.9074,12.0833,12.0407,
ladder16 EXACT t=333.95 it=57000 eval=37771 accepted=8108 cost=18.3936 best=5.94672 faults=7 ideal=0.833333 hard=1 min=9,5,9,6, mean=12.375,11.9907,12.375,12.0352,
ladder16 EXACT t=339.487 it=58000 eval=38513 accepted=8240 cost=18.1397 best=5.94672 faults=7 ideal=0.833333 hard=1 min=9,5,9,6, mean=12.125,12.0315,12.125,12.1204,
ladder16 EXACT t=344.474 it=59000 eval=39232 accepted=8345 cost=14.2944 best=5.94672 faults=5 ideal=0.833333 hard=1 min=10,5,9,6, mean=12.3333,12.0741,12.3333,12.0963,
ladder16 EXACT t=349.307 it=60000 eval=40001 accepted=8453 cost=14.087 best=5.94672 faults=5 ideal=0.833333 hard=1 min=9,5,9,6, mean=12.25,12.0111,12.25,12.0556,
ladder16 EXACT t=355.608 it=61000 eval=40768 accepted=8659 cost=25.3846 best=5.94672 faults=9 ideal=0.833333 hard=2 min=8,5,8,5, mean=11.625,11.9722,11.625,11.987,
ladder16 EXACT t=362.725 it=62000 eval=41506 accepted=8826 cost=21.9474 best=5.94672 faults=9 ideal=1 hard=0 min=9,6,8,6, mean=11.9167,12.0333,11.9167,12.0704,
ladder16 EXACT t=367.324 it=63000 eval=42159 accepted=8960 cost=13.0978 best=5.94672 faults=4 ideal=0.833333 hard=1 min=8,5,8,6, mean=12.0417,12.0352,12.0417,12.0426,
ladder16 EXACT t=372.295 it=64000 eval=42817 accepted=9079 cost=12.8517 best=5.94672 faults=4 ideal=0.833333 hard=1 min=9,5,8,6, mean=11.9583,11.9574,11.9583,12.0611,
ladder16 EXACT t=377.251 it=65000 eval=43504 accepted=9198 cost=12.3461 best=5.94672 faults=4 ideal=0.833333 hard=1 min=9,5,9,6, mean=12.375,12.0352,12.375,12.0278,
ladder16 EXACT t=382.883 it=66000 eval=44199 accepted=9303 cost=12.3468 best=5.94672 faults=4 ideal=0.833333 hard=1 min=9,5,10,7, mean=12.2917,12.0685,12.2917,12.0093,
ladder16 EXACT t=389.435 it=67000 eval=44967 accepted=9490 cost=38.7789 best=5.94672 faults=13 ideal=0.833333 hard=1 min=8,5,8,6, mean=11.5417,11.9759,11.5417,12.0278,
ladder16 EXACT t=396.565 it=68000 eval=45758 accepted=9640 cost=35.0149 best=5.94672 faults=12 ideal=0.833333 hard=2 min=8,5,8,5, mean=11.5,12,11.5,12.0741,
ladder16 EXACT t=402.402 it=69000 eval=46505 accepted=9782 cost=24.3609 best=5.94672 faults=8 ideal=0.833333 hard=1 min=8,6,8,5, mean=12.2083,11.9463,12.2083,12.0574,
ladder16 EXACT t=407.388 it=70000 eval=47228 accepted=9912 cost=18.7447 best=5.94672 faults=7 ideal=1 hard=0 min=8,6,9,6, mean=11.875,12.0278,11.875,11.9907,
ladder16 EXACT t=411.949 it=71000 eval=47917 accepted=10010 cost=18.5186 best=5.94672 faults=7 ideal=1 hard=0 min=8,6,9,6, mean=11.9167,12.0407,11.9167,11.9889,
ladder16 EXACT t=416.475 it=72000 eval=48599 accepted=10114 cost=16.1979 best=5.94672 faults=6 ideal=1 hard=0 min=8,6,9,6, mean=12.125,12.0537,12.125,11.95,
ladder16 EXACT t=421.532 it=73000 eval=49297 accepted=10259 cost=35.7515 best=5.94672 faults=11 ideal=0.666667 hard=8 min=8,4,8,4, mean=11.7917,11.9722,11.7917,12.0611,
ladder16 EXACT t=428.722 it=74000 eval=50111 accepted=10459 cost=29.3642 best=5.94672 faults=10 ideal=0.833333 hard=4 min=9,5,8,5, mean=11.8333,12.0444,11.8333,12.0741,
ladder16 EXACT t=433.151 it=75000 eval=50747 accepted=10605 cost=10.3345 best=5.94672 faults=2 ideal=0.833333 hard=1 min=8,6,8,5, mean=11.875,11.9833,11.875,11.9167,
ladder16 EXACT t=436.888 it=76000 eval=51273 accepted=10745 cost=6.41167 best=5.94672 faults=1 ideal=1 hard=0 min=9,6,8,6, mean=11.75,12.0111,11.75,12.0778,
ladder16 EXACT t=439.962 it=77000 eval=51740 accepted=10878 cost=7.19644 best=5.94672 faults=1 ideal=0.833333 hard=1 min=8,6,8,5, mean=12.1667,11.9852,12.1667,11.9852,
ladder16 EXACT t=443.365 it=78000 eval=52196 accepted=10992 cost=6.55994 best=5.94672 faults=1 ideal=1 hard=0 min=8,6,8,6, mean=12.125,12.0019,12.125,12.0019,
ladder16 EXACT t=446.918 it=79000 eval=52675 accepted=11106 cost=6.21183 best=5.94672 faults=1 ideal=1 hard=0 min=9,6,8,6, mean=12.0417,11.9685,12.0417,12.0426,
