ladder16 EXACT t=0.0285048 it=0 eval=1 accepted=0 cost=189.637 best=189.637 faults=69 ideal=1 hard=0 min=8,6,8,6, mean=11.8333,12.0074,11.8333,12,
ladder16 EXACT t=0.080451 it=9 score=0.333333 faults=69 penalty=93 ideal=1 hard=0 min=8,6,8,6, mean=11.8333,12.0074,11.8333,12,
ladder16 EXACT t=0.116121 it=16 score=0.333333 faults=67 penalty=91 ideal=1 hard=0 min=8,6,8,6, mean=11.8333,12.0074,11.8333,12,
ladder16 EXACT t=0.132135 it=19 score=0.333333 faults=65 penalty=89 ideal=0.833333 hard=1 min=8,5,8,6, mean=11.75,12.0111,11.75,11.9963,
ladder16 EXACT t=0.183226 it=30 score=0.333333 faults=63 penalty=84 ideal=0.833333 hard=7 min=8,5,7,6, mean=11.7917,11.987,11.7917,12.0167,
ladder16 EXACT t=0.246754 it=40 score=0.333333 faults=60 penalty=78 ideal=0.833333 hard=6 min=8,6,7,5, mean=11.75,11.9963,11.75,11.9815,
ladder16 EXACT t=0.260645 it=42 score=0.333333 faults=58 penalty=76 ideal=0.833333 hard=6 min=8,6,7,5, mean=11.7083,12.0056,11.7083,12.013,
ladder16 EXACT t=0.283333 it=48 score=0.333333 faults=55 penalty=73 ideal=0.833333 hard=8 min=8,5,7,5, mean=11.9167,11.9889,11.9167,11.9963,
ladder16 EXACT t=0.596621 it=143 score=0.333333 faults=54 penalty=63 ideal=0.833333 hard=1 min=8,7,8,5, mean=11.7917,12.0315,11.7917,11.913,
ladder16 EXACT t=0.61864 it=147 score=0.333333 faults=53 penalty=62 ideal=0.833333 hard=1 min=8,7,8,5, mean=12.0417,12.0204,12.0417,11.9537,
ladder16 EXACT t=0.636778 it=150 score=0.333333 faults=52 penalty=58 ideal=0.833333 hard=1 min=8,7,8,5, mean=12.0833,12.0778,12.0833,11.9148,
ladder16 EXACT t=0.672814 it=161 score=0.333333 faults=47 penalty=53 ideal=0.833333 hard=6 min=7,6,8,5, mean=12.0417,12.0796,12.0417,11.9019,
ladder16 EXACT t=1.27172 it=315 score=0.333333 faults=45 penalty=48 ideal=0.666667 hard=30 min=7,4,7,5, mean=11.6667,11.8889,11.6667,11.8963,
ladder16 EXACT t=1.30275 it=326 score=0.333333 faults=44 penalty=47 ideal=0.833333 hard=22 min=7,5,7,5, mean=11.8333,11.8815,11.8333,11.9852,
ladder16 EXACT t=1.3754 it=330 score=0.333333 faults=39 penalty=42 ideal=0.833333 hard=15 min=7,5,8,5, mean=11.8333,11.9259,11.8333,11.9704,
ladder16 EXACT t=1.5882 it=385 score=0.333333 faults=38 penalty=44 ideal=0.833333 hard=7 min=8,5,8,5, mean=11.6667,11.9852,11.6667,12.0222,
ladder16 EXACT t=1.65035 it=401 score=0.333333 faults=36 penalty=42 ideal=0.833333 hard=6 min=8,5,9,5, mean=11.7083,12.013,11.7083,12.0204,
ladder16 EXACT t=1.80828 it=431 score=0.333333 faults=35 penalty=38 ideal=0.833333 hard=9.38889 min=8,5,7,5, mean=11.4167,11.9296,11.4167,12.0185,
ladder16 EXACT t=3.75406 it=1000 eval=881 accepted=211 cost=102.209 best=90.6237 faults=41 ideal=0.666667 hard=10 min=8,5,8,4, mean=12.125,11.9204,12.125,12.0093,
ladder16 EXACT t=3.97604 it=1072 score=0.666667 faults=36 penalty=36 ideal=0.666667 hard=14 min=9,5,7,4, mean=11.875,11.8722,11.875,12.013,
ladder16 EXACT t=4.05414 it=1102 score=0.666667 faults=35 penalty=35 ideal=0.666667 hard=14 min=8,5,7,4, mean=12,11.8667,12,11.9481,
ladder16 EXACT t=4.29979 it=1165 score=0.666667 faults=33 penalty=33 ideal=0.666667 hard=21 min=7,5,7,4, mean=11.625,11.8759,11.625,11.8389,
ladder16 EXACT t=4.35656 it=1178 score=0.666667 faults=31 penalty=31 ideal=0.666667 hard=21 min=7,5,7,4, mean=11.625,11.8759,11.625,11.8389,
ladder16 EXACT t=7.56828 it=2000 eval=1721 accepted=434 cost=67.9998 best=67.9359 faults=29 ideal=0.833333 hard=1 min=8,6,9,5, mean=12.0417,12.0648,12.0417,12.013,
ladder16 EXACT t=11.3377 it=3000 eval=2538 accepted=633 cost=66.3798 best=56.9806 faults=25 ideal=0.833333 hard=6 min=8,5,9,5, mean=11.6667,12.0296,11.6667,11.9185,
ladder16 EXACT t=15.182 it=4000 eval=3365 accepted=835 cost=67.8638 best=56.9806 faults=28 ideal=0.833333 hard=2 min=8,5,8,5, mean=11.8333,12.0074,11.8333,12.0074,
ladder16 EXACT t=15.7091 it=4134 score=0.666667 faults=29 penalty=29 ideal=0.833333 hard=7 min=7,5,8,5, mean=11.7917,12.0167,11.7917,11.9796,
ladder16 EXACT t=16.3716 it=4344 score=0.666667 faults=28 penalty=28 ideal=0.666667 hard=6 min=8,5,8,4, mean=11.9167,11.9074,11.9167,11.9667,
ladder16 EXACT t=16.3899 it=4348 score=0.666667 faults=27 penalty=27 ideal=0.666667 hard=5 min=8,5,8,4, mean=12.0417,11.9981,12.0417,11.9389,
ladder16 EXACT t=17.0764 it=4558 score=0.666667 faults=24 penalty=24 ideal=0.833333 hard=2 min=8,5,8,6, mean=11.875,11.9611,11.875,11.9315,
ladder16 EXACT t=17.3129 it=4625 score=0.666667 faults=23 penalty=23 ideal=0.833333 hard=3 min=8,5,8,6, mean=11.5417,11.9759,11.5417,11.9759,
ladder16 EXACT t=18.1796 it=4844 score=0.666667 faults=22 penalty=22 ideal=0.833333 hard=2 min=8,5,8,5, mean=11.9167,11.9667,11.9167,11.9074,
ladder16 EXACT t=18.235 it=4858 score=0.666667 faults=21 penalty=21 ideal=0.833333 hard=1 min=8,5,8,6, mean=11.7917,12.0093,11.7917,11.913,
ladder16 EXACT t=18.8473 it=5000 eval=4169 accepted=1032 cost=59.0571 best=47.5262 faults=27 ideal=0.833333 hard=1 min=8,6,9,5, mean=11.7917,12.0611,11.7917,11.8685,
ladder16 EXACT t=20.3207 it=5526 score=0.666667 faults=20 penalty=20 ideal=1 hard=0 min=8,6,8,6, mean=12,12.0074,12,11.8222,
ladder16 EXACT t=21.8765 it=6000 eval=4934 accepted=1228 cost=45.7303 best=44.1414 faults=20 ideal=0.833333 hard=1 min=8,6,8,5, mean=11.7083,11.9833,11.7083,11.8648,
ladder16 EXACT t=22.2306 it=6108 score=0.666667 faults=18 penalty=18 ideal=0.833333 hard=1 min=8,6,8,5, mean=11.8333,11.9704,11.8333,11.9111,
ladder16 EXACT t=24.3558 it=6783 score=0.666667 faults=17 penalty=17 ideal=0.833333 hard=1 min=8,6,8,5, mean=11.7917,12.0315,11.7917,11.95,
ladder16 EXACT t=24.985 it=7000 eval=5710 accepted=1417 cost=42.5897 best=38.6057 faults=19 ideal=1 hard=0 min=8,6,8,6, mean=11.9167,11.9741,11.9167,11.9148,
ladder16 EXACT t=28.1428 it=8000 eval=6432 accepted=1590 cost=39.7667 best=38.6057 faults=17 ideal=0.833333 hard=2 min=8,6,9,5, mean=11.875,12.0574,11.875,11.9611,
ladder16 EXACT t=31.4686 it=9000 eval=7173 accepted=1758 cost=39.6698 best=37.5509 faults=18 ideal=1 hard=0 min=8,6,8,6, mean=12.0417,12.0352,12.0417,11.9759,
ladder16 EXACT t=34.7552 it=10000 eval=7945 accepted=1915 cost=38.2766 best=37.4893 faults=17 ideal=1 hard=0 min=8,6,8,6, mean=11.9167,11.9667,11.9167,11.9296,
ladder16 EXACT t=38.1657 it=11000 eval=8713 accepted=2081 cost=38.8448 best=37.4893 faults=17 ideal=0.833333 hard=1 min=8,5,8,6, mean=12.25,12.0481,12.25,11.9,
ladder16 EXACT t=39.9147 it=11508 score=0.666667 faults=16 penalty=16 ideal=1 hard=0 min=8,6,8,6, mean=11.7083,12.05,11.7083,11.9833,
ladder16 EXACT t=40.4839 it=11613 score=0.666667 faults=15 penalty=15 ideal=1 hard=0 min=8,6,8,6, mean=12.0833,12.0259,12.0833,11.937,
ladder16 EXACT t=41.3018 it=11847 score=0.666667 faults=14 penalty=14 ideal=0.833333 hard=1 min=8,6,8,5, mean=11.9583,11.9796,11.9583,11.987,
ladder16 EXACT t=41.8551 it=12000 eval=9498 accepted=2273 cost=33.5631 best=32.2316 faults=14 ideal=0.833333 hard=1 min=8,6,8,5, mean=11.6667,11.9852,11.6667,11.9407,
ladder16 EXACT t=44.9268 it=13000 eval=10187 accepted=2413 cost=32.7838 best=32.2316 faults=14 ideal=0.833333 hard=1 min=8,6,8,5, mean=11.5417,12.013,11.5417,11.9981,
ladder16 EXACT t=45.8142 it=13260 score=0.666667 faults=13 penalty=13 ideal=0.833333 hard=1 min=8,6,8,5, mean=11.75,12.0111,11.75,11.9889,
ladder16 EXACT t=47.9108 it=14000 eval=10927 accepted=2591 cost=30.5562 best=30.4197 faults=13 ideal=0.833333 hard=1 min=8,6,8,5, mean=11.8333,12.0074,11.8333,11.9778,
ladder16 EXACT t=50.9727 it=15000 eval=11650 accepted=2740 cost=32.2478 best=30.4197 faults=14 ideal=1 hard=0 min=8,6,8,6, mean=11.7083,11.9611,11.7083,11.9833,
ladder16 EXACT t=52.7878 it=15571 score=0.666667 faults=12 penalty=12 ideal=1 hard=0 min=8,7,8,6, mean=11.75,12.0185,11.75,11.9667,
ladder16 EXACT t=53.9761 it=16000 eval=12383 accepted=2922 cost=27.9488 best=27.9225 faults=12 ideal=1 hard=0 min=8,7,8,6, mean=11.7917,12.0315,11.7917,11.9796,
ladder16 EXACT t=56.6189 it=17000 eval=13067 accepted=3087 cost=28.1312 best=27.8354 faults=12 ideal=1 hard=0 min=8,6,8,6, mean=11.75,12.0556,11.75,11.863,
ladder16 EXACT t=59.3173 it=18000 eval=13750 accepted=3247 cost=27.8582 best=27.8354 faults=12 ideal=1 hard=0 min=8,6,8,6, mean=11.6667,12.0148,11.6667,11.9704,
ladder16 EXACT t=62.5232 it=19000 eval=14447 accepted=3414 cost=27.5727 best=27.5727 faults=12 ideal=1 hard=0 min=8,7,9,6, mean=11.8333,11.9852,11.8333,11.9704,
ladder16 EXACT t=65.5998 it=20000 eval=15199 accepted=3581 cost=27.7753 best=27.3838 faults=12 ideal=1 hard=0 min=8,6,9,6, mean=11.6667,12.0519,11.6667,11.9259,
ladder16 EXACT t=68.478 it=21000 eval=15909 accepted=3746 cost=27.7098 best=27.3838 faults=12 ideal=1 hard=0 min=8,6,9,6, mean=11.7083,12.0722,11.7083,11.9389,
ladder16 EXACT t=71.7337 it=22000 eval=16624 accepted=3922 cost=27.9216 best=27.3838 faults=12 ideal=1 hard=0 min=8,6,8,6, mean=11.8333,12.0667,11.8333,11.963,
ladder16 EXACT t=74.4637 it=23000 eval=17339 accepted=4085 cost=27.4327 best=27.3838 faults=12 ideal=1 hard=0 min=8,6,8,6, mean=11.875,12.0574,11.875,12.0278,
ladder16 EXACT t=77.3013 it=24000 eval=18100 accepted=4253 cost=27.1212 best=27.0586 faults=12 ideal=1 hard=0 min=8,6,9,6, mean=12.2083,12.0722,12.2083,11.9833,
ladder16 EXACT t=79.9422 it=25000 eval=18860 accepted=4405 cost=27.554 best=27.0586 faults=12 ideal=1 hard=0 min=8,6,9,6, mean=11.8333,12.0593,11.8333,11.9407,
ladder16 EXACT t=82.4089 it=26000 eval=19599 accepted=4567 cost=27.47 best=27.0586 faults=12 ideal=1 hard=0 min=8,7,9,6, mean=11.8333,12.0519,11.8333,11.9481,
ladder16 EXACT t=85.4794 it=27000 eval=20358 accepted=4725 cost=27.5498 best=27.0586 faults=12 ideal=1 hard=0 min=8,6,8,6, mean=12,12.0296,12,11.9852,
ladder16 EXACT t=88.296 it=28000 eval=21118 accepted=4868 cost=27.5999 best=27.0586 faults=12 ideal=1 hard=0 min=8,6,8,6, mean=11.9583,11.9944,11.9583,12.0093,
ladder16 EXACT t=90.9733 it=29000 eval=21839 accepted=5015 cost=27.3524 best=27.0586 faults=12 ideal=1 hard=0 min=8,7,9,6, mean=12,12.0222,12,11.9481,
ladder16 EXACT t=93.85 it=30000 eval=22615 accepted=5158 cost=27.2094 best=27.0586 faults=12 ideal=1 hard=0 min=8,7,9,6, mean=12.0417,12.0278,12.0417,12.013,
ladder16 EXACT t=97.1866 it=31000 eval=23401 accepted=5300 cost=27.2022 best=27.0586 faults=12 ideal=1 hard=0 min=8,7,9,6, mean=12.2917,12.0093,12.2917,11.9796,
ladder16 EXACT t=100.192 it=32000 eval=24168 accepted=5450 cost=27.0845 best=27.0586 faults=12 ideal=1 hard=0 min=8,6,9,6, mean=12.375,12.0648,12.375,11.9019,
ladder16 EXACT t=103.384 it=33000 eval=24936 accepted=5608 cost=27.1261 best=27.0586 faults=12 ideal=1 hard=0 min=8,6,9,6, mean=12.4167,12.0185,12.4167,11.9074,
ladder16 EXACT t=106.191 it=34000 eval=25680 accepted=5744 cost=27.2197 best=27.0586 faults=12 ideal=1 hard=0 min=8,6,9,6, mean=12.25,12.0704,12.25,11.8852,
ladder16 EXACT t=109.644 it=35000 eval=26439 accepted=5905 cost=27.0586 best=27.0586 faults=12 ideal=1 hard=0 min=8,6,9,6, mean=12.4583,12.0019,12.4583,11.8907,
ladder16 EXACT t=112.978 it=36000 eval=27219 accepted=6067 cost=27.0586 best=27.0586 faults=12 ideal=1 hard=0 min=8,6,9,6, mean=12.4583,12.0019,12.4583,11.8907,
ladder16 EXACT t=116.312 it=37000 eval=27984 accepted=6225 cost=27.1306 best=27.0586 faults=12 ideal=1 hard=0 min=8,6,9,6, mean=12.4167,11.9889,12.4167,11.9074,
ladder16 EXACT t=119.603 it=38000 eval=28749 accepted=6370 cost=27.0586 best=27.0586 faults=12 ideal=1 hard=0 min=8,6,9,6, mean=12.4583,12.0019,12.4583,11.8907,
ladder16 EXACT t=123.219 it=39000 eval=29530 accepted=6588 cost=57.5517 best=27.0586 faults=25 ideal=0.833333 hard=3 min=8,5,8,5, mean=11.9167,11.9296,11.9167,11.8926,
ladder16 EXACT t=128.519 it=40000 eval=30347 accepted=6825 cost=61.7887 best=27.0586 faults=22 ideal=0.833333 hard=7 min=8,5,7,5, mean=11.6667,12.0519,11.6667,11.9704,
ladder16 EXACT t=132.33 it=41000 eval=31188 accepted=7039 cost=63.4528 best=27.0586 faults=22 ideal=0.833333 hard=9 min=7,6,8,5, mean=11.75,12.0259,11.75,11.9889,
ladder16 EXACT t=135.56 it=42000 eval=31973 accepted=7255 cost=34.2441 best=27.0586 faults=14 ideal=0.833333 hard=2 min=8,5,8,6, mean=12.0833,11.9,12.0833,11.9593,
ladder16 EXACT t=139.463 it=43000 eval=32739 accepted=7439 cost=43.6046 best=27.0586 faults=16 ideal=0.833333 hard=7 min=7,5,8,5, mean=11.625,11.9426,11.625,11.95,
ladder16 EXACT t=143.562 it=44000 eval=33515 accepted=7654 cost=36.2486 best=27.0586 faults=15 ideal=0.833333 hard=2 min=8,5,8,5, mean=11.625,12.0019,11.625,12.0241,
ladder16 EXACT t=147.317 it=45000 eval=34261 accepted=7852 cost=29.1616 best=27.0586 faults=12 ideal=0.833333 hard=1 min=8,6,8,5, mean=11.7083,11.9611,11.7083,11.9981,
ladder16 EXACT t=147.574 it=45014 score=0.666667 faults=11 penalty=11 ideal=0.833333 hard=2.34722 min=8,6,8,5, mean=11.4583,11.9426,11.4583,12.0019,
ladder16 EXACT t=149.763 it=45559 score=0.666667 faults=10 penalty=10 ideal=0.833333 hard=6 min=8,5,8,5, mean=11.5,11.9037,11.5,11.9556,
ladder16 EXACT t=151.334 it=46000 eval=34879 accepted=8006 cost=34.8467 best=27.0586 faults=12 ideal=0.833333 hard=6 min=8,5,8,5, mean=11.5,11.9259,11.5,11.963,
ladder16 EXACT t=154.605 it=47000 eval=35501 accepted=8167 cost=36.4743 best=27.0586 faults=13 ideal=0.833333 hard=5.34722 min=8,5,8,5, mean=11.4583,11.9722,11.4583,11.8907,
ladder16 EXACT t=157.739 it=48000 eval=36152 accepted=8325 cost=30.0201 best=27.0586 faults=12 ideal=0.833333 hard=2 min=8,5,8,6, mean=11.9167,11.9222,11.9167,12.0037,
ladder16 EXACT t=162.06 it=49000 eval=36830 accepted=8490 cost=27.3348 best=26.7035 faults=11 ideal=0.833333 hard=1 min=8,5,8,6, mean=11.5833,12.0185,11.5833,11.9963,
ladder16 EXACT t=166.018 it=50000 eval=37491 accepted=8673 cost=26.1593 best=26.0707 faults=10 ideal=0.833333 hard=2 min=8,5,8,5, mean=11.625,11.9574,11.625,12.0241,
ladder16 EXACT t=170.153 it=51000 eval=38133 accepted=8821 cost=25.6748 best=25.595 faults=10 ideal=0.833333 hard=2 min=8,5,8,5, mean=11.7917,12.0241,11.7917,12.0537,
ladder16 EXACT t=170.784 it=51122 score=0.666667 faults=9 penalty=9 ideal=0.833333 hard=3 min=8,5,8,5, mean=11.5,12.0222,11.5,12.0593,
ladder16 EXACT t=171.285 it=51296 score=0.666667 faults=8 penalty=8 ideal=0.833333 hard=3 min=8,5,8,5, mean=11.7083,11.9981,11.7083,12.0278,
ladder16 EXACT t=173.455 it=52000 eval=38797 accepted=8984 cost=23.5956 best=22.5738 faults=8 ideal=0.833333 hard=3.34722 min=8,5,8,5, mean=11.4583,11.9944,11.4583,12.0463,
ladder16 EXACT t=175.478 it=52662 score=0.666667 faults=7 penalty=7 ideal=0.833333 hard=2 min=8,5,8,5, mean=11.9167,11.9963,11.9167,11.9593,
ladder16 EXACT t=176.417 it=53000 eval=39451 accepted=9135 cost=19.8363 best=18.9074 faults=7 ideal=0.833333 hard=2 min=8,5,8,5, mean=11.7083,11.9759,11.7083,12.0722,
ladder16 EXACT t=179.522 it=54000 eval=40083 accepted=9285 cost=19.8645 best=18.9074 faults=7 ideal=0.833333 hard=2 min=8,5,8,5, mean=11.7083,12.0204,11.7083,12.0796,
ladder16 EXACT t=182.803 it=55000 eval=40677 accepted=9411 cost=20.1234 best=18.9074 faults=7 ideal=0.833333 hard=2 min=8,5,8,5, mean=11.75,11.9296,11.75,12.0407,
ladder16 EXACT t=185.178 it=56000 eval=41300 accepted=9540 cost=19.9449 best=18.9074 faults=7 ideal=0.833333 hard=2 min=8,5,8,5, mean=12.0417,11.9759,12.0417,11.9611,
ladder16 EXACT t=188.719 it=57000 eval=41927 accepted=9680 cost=20.0023 best=18.9074 faults=7 ideal=0.833333 hard=2 min=8,5,8,5, mean=11.75,11.9519,11.75,12.0259,
ladder16 EXACT t=192.469 it=58000 eval=42552 accepted=9820 cost=19.5167 best=18.9074 faults=7 ideal=0.833333 hard=2 min=8,5,8,5, mean=11.875,12.05,11.875,12.0352,
ladder16 EXACT t=195.386 it=59000 eval=43190 accepted=9987 cost=19.3296 best=18.9074 faults=7 ideal=0.833333 hard=2 min=8,5,9,5, mean=12.0417,11.9093,12.0417,12.05,
ladder16 EXACT t=198.314 it=60000 eval=43805 accepted=10144 cost=19.5059 best=18.9074 faults=7 ideal=0.833333 hard=2 min=8,5,9,5, mean=11.7917,11.9648,11.7917,12.0389,
ladder16 EXACT t=201.552 it=61000 eval=44429 accepted=10295 cost=19.2439 best=18.9074 faults=7 ideal=0.833333 hard=2 min=8,5,9,5, mean=11.7917,12.0241,11.7917,12.0463,
ladder16 EXACT t=204.535 it=62000 eval=45050 accepted=10459 cost=19.7228 best=18.9074 faults=7 ideal=0.833333 hard=2 min=8,5,9,5, mean=11.625,12.0241,11.625,11.987,
ladder16 EXACT t=208.759 it=63000 eval=45670 accepted=10595 cost=19.4789 best=18.9074 faults=7 ideal=0.833333 hard=2 min=8,5,9,5, mean=11.8333,11.9333,11.8333,12.0074,
ladder16 EXACT t=211.947 it=64000 eval=46270 accepted=10728 cost=19.3443 best=18.9074 faults=7 ideal=0.833333 hard=2 min=8,5,9,5, mean=11.7083,12.013,11.7083,12.0352,
ladder16 EXACT t=215.182 it=65000 eval=46904 accepted=10879 cost=19.3409 best=18.9074 faults=7 ideal=0.833333 hard=2 min=8,5,9,5, mean=11.7083,12.0278,11.7083,12.0426,
ladder16 EXACT t=219.164 it=66000 eval=47556 accepted=11045 cost=19.2531 best=18.9074 faults=7 ideal=0.833333 hard=2 min=8,5,9,5, mean=11.9583,11.9722,11.9583,12.0241,
ladder16 EXACT t=221.645 it=67000 eval=48160 accepted=11190 cost=19.3631 best=18.9074 faults=7 ideal=0.833333 hard=2 min=8,5,9,5, mean=11.8333,11.9704,11.8333,12.0222,
ladder16 EXACT t=226.045 it=68000 eval=48770 accepted=11336 cost=19.2559 best=18.9074 faults=7 ideal=0.833333 hard=2 min=8,5,9,5, mean=11.75,12.0333,11.75,12.0407,
ladder16 EXACT t=229.901 it=69000 eval=49380 accepted=11468 cost=19.2439 best=18.9074 faults=7 ideal=0.833333 hard=2 min=8,5,9,5, mean=11.7917,12.0241,11.7917,12.0463,
ladder16 EXACT t=234.464 it=70000 eval=50028 accepted=11614 cost=19.2462 best=18.9074 faults=7 ideal=0.833333 hard=2 min=8,5,9,5, mean=11.7917,12.0241,11.7917,12.0315,
ladder16 EXACT t=237.25 it=71000 eval=50655 accepted=11747 cost=19.2439 best=18.9074 faults=7 ideal=0.833333 hard=2 min=8,5,9,5, mean=11.7917,12.0241,11.7917,12.0463,
ladder16 EXACT t=240.722 it=72000 eval=51280 accepted=11890 cost=29.6596 best=18.9074 faults=12 ideal=0.833333 hard=2 min=8,5,9,5, mean=11.7083,12.0278,11.7083,11.9981,
ladder16 EXACT t=244.807 it=73000 eval=51961 accepted=12082 cost=42.426 best=18.9074 faults=11 ideal=0.666667 hard=15 min=7,5,8,4, mean=11.5,11.9704,11.5,11.8963,
ladder16 EXACT t=248.466 it=74000 eval=52677 accepted=12268 cost=33.8228 best=18.9074 faults=13 ideal=0.833333 hard=3 min=8,5,8,5, mean=11.5833,11.8704,11.5833,12.0111,
ladder16 EXACT t=252.273 it=75000 eval=53283 accepted=12442 cost=25.259 best=18.9074 faults=9 ideal=0.833333 hard=3 min=8,5,8,6, mean=11.75,11.9148,11.75,11.9519,
ladder16 EXACT t=256.313 it=76000 eval=53998 accepted=12634 cost=34.0908 best=18.9074 faults=13 ideal=0.833333 hard=4 min=8,5,8,5, mean=11.75,11.9593,11.75,11.9889,
ladder16 EXACT t=259.826 it=77000 eval=54668 accepted=12793 cost=27.5289 best=18.9074 faults=10 ideal=0.833333 hard=3 min=8,5,8,5, mean=11.5417,12.013,11.5417,11.9907,
ladder16 EXACT t=263.222 it=78000 eval=55307 accepted=12960 cost=27.0741 best=18.9074 faults=10 ideal=0.833333 hard=3 min=8,5,8,5, mean=11.7083,11.9907,11.7083,12.0722,
ladder16 EXACT t=266.968 it=79000 eval=55997 accepted=13094 cost=21.2705 best=18.9074 faults=8 ideal=0.833333 hard=2 min=8,5,8,5, mean=12.0417,11.9981,12.0417,12.0352,
ladder16 EXACT t=271.842 it=80000 eval=56644 accepted=13239 cost=21.1465 best=18.9074 faults=7 ideal=0.833333 hard=3 min=8,5,8,5, mean=11.875,11.9537,11.875,12.013,
ladder16 EXACT t=272.469 it=80212 score=0.666667 faults=6 penalty=6 ideal=0.833333 hard=5 min=8,5,8,5, mean=12.125,12.0241,12.125,11.9352,
ladder16 EXACT t=275.711 it=81000 eval=57261 accepted=13391 cost=17.961 best=17.5432 faults=6 ideal=0.833333 hard=2 min=8,5,8,6, mean=11.9167,11.9593,11.9167,12.0407,
ladder16 EXACT t=279.417 it=82000 eval=57847 accepted=13578 cost=17.0928 best=16.8781 faults=6 ideal=0.833333 hard=1 min=8,5,8,6, mean=11.75,12.0111,11.75,12.0037,
ladder16 EXACT t=283.119 it=83000 eval=58463 accepted=13730 cost=16.6374 best=16.6374 faults=6 ideal=0.833333 hard=1 min=8,5,8,6, mean=12.0833,11.9741,12.0833,11.9296,
ladder16 EXACT t=286.485 it=84000 eval=59087 accepted=13880 cost=16.6468 best=16.3429 faults=6 ideal=0.833333 hard=1 min=8,5,8,6, mean=11.9167,11.9741,11.9167,12.0407,
ladder16 EXACT t=289.574 it=85000 eval=59726 accepted=14026 cost=17.3249 best=16.2466 faults=6 ideal=0.833333 hard=2 min=8,5,8,6, mean=12,12.0444,12,12.0296,
ladder16 EXACT t=292.869 it=86000 eval=60372 accepted=14202 cost=17.4659 best=16.2466 faults=6 ideal=0.833333 hard=2 min=8,5,8,6, mean=12.0833,12.0111,12.0833,11.9963,
ladder16 EXACT t=296.094 it=87000 eval=60965 accepted=14365 cost=17.9712 best=16.2466 faults=6 ideal=0.833333 hard=2 min=8,5,8,6, mean=12.0417,12.0056,12.0417,11.9167,
ladder16 EXACT t=298.604 it=88000 eval=61549 accepted=14498 cost=17.8775 best=16.2466 faults=6 ideal=0.833333 hard=2 min=8,5,8,6, mean=12.125,11.9796,12.125,11.9204,
ladder16 EXACT t=301.344 it=89000 eval=62167 accepted=14632 cost=17.6477 best=16.2466 faults=6 ideal=0.833333 hard=2 min=8,5,8,6, mean=11.9167,12.0704,11.9167,12.0185,
ladder16 EXACT t=304.224 it=90000 eval=62773 accepted=14777 cost=17.9349 best=16.2466 faults=6 ideal=0.833333 hard=2 min=8,5,8,6, mean=11.875,11.9907,11.875,11.9463,
ladder16 EXACT t=307.851 it=91000 eval=63401 accepted=14909 cost=16.9632 best=16.2466 faults=6 ideal=0.833333 hard=1 min=8,5,8,6, mean=11.75,11.9889,11.75,11.9296,
ladder16 EXACT t=310.992 it=92000 eval=63995 accepted=15043 cost=16.6771 best=16.2466 faults=6 ideal=0.833333 hard=1 min=8,5,8,6, mean=11.8333,12.0222,11.8333,12.037,
ladder16 EXACT t=314.235 it=93000 eval=64632 accepted=15186 cost=16.6716 best=16.2466 faults=6 ideal=0.833333 hard=1 min=8,5,8,6, mean=11.8333,12.0667,11.8333,12.0296,
ladder16 EXACT t=314.57 it=93131 score=0.666667 faults=5 penalty=5 ideal=0.833333 hard=2 min=8,5,8,6, mean=11.7083,11.9833,11.7083,12.0796,
ladder16 EXACT t=316.654 it=93853 score=0.666667 faults=4 penalty=4 ideal=0.833333 hard=3 min=8,5,8,5, mean=11.875,12.05,11.875,12.0944,
ladder16 EXACT t=316.948 it=94000 eval=65223 accepted=15328 cost=13.6816 best=13.6816 faults=4 ideal=0.833333 hard=2 min=8,5,8,5, mean=12,12.0296,12,12.0667,
ladder16 EXACT t=319.453 it=95000 eval=65771 accepted=15463 cost=12.5296 best=12.3487 faults=4 ideal=0.833333 hard=1 min=8,5,9,6, mean=11.7083,12.0944,11.7083,11.9981,
ladder16 EXACT t=322.13 it=96000 eval=66336 accepted=15596 cost=12.4503 best=12.3487 faults=4 ideal=0.833333 hard=1 min=8,5,9,6, mean=11.875,12.0796,11.875,11.9685,
ladder16 EXACT t=324.939 it=97000 eval=66909 accepted=15706 cost=12.5971 best=12.3487 faults=4 ideal=0.833333 hard=1 min=8,5,9,6, mean=11.6667,12.0593,11.6667,12.0667,
ladder16 EXACT t=327.469 it=98000 eval=67511 accepted=15849 cost=12.5349 best=12.3487 faults=4 ideal=0.833333 hard=1 min=8,5,9,6, mean=11.6667,12.0741,11.6667,12.0667,
ladder16 EXACT t=330.679 it=99000 eval=68097 accepted=15984 cost=12.5233 best=12.3487 faults=4 ideal=0.833333 hard=1 min=8,5,9,6, mean=11.7917,12.0759,11.7917,11.9722,
ladder16 EXACT t=334.511 it=100000 eval=68687 accepted=16131 cost=12.4994 best=12.3487 faults=4 ideal=0.833333 hard=1 min=8,5,9,6, mean=11.875,12.0944,11.875,11.9463,
ladder16 EXACT t=338.051 it=101000 eval=69276 accepted=16269 cost=12.7904 best=12.3487 faults=4 ideal=0.833333 hard=1 min=8,5,9,6, mean=11.6667,12.0815,11.6667,11.9556,
ladder16 EXACT t=340.685 it=102000 eval=69873 accepted=16419 cost=12.5349 best=12.3487 faults=4 ideal=0.833333 hard=1 min=8,5,9,6, mean=11.6667,12.0741,11.6667,12.0667,
ladder16 EXACT t=343.374 it=103000 eval=70442 accepted=16549 cost=12.4481 best=12.3487 faults=4 ideal=0.833333 hard=1 min=8,5,9,6, mean=11.9167,12.0852,11.9167,11.9741,
ladder16 EXACT t=346.071 it=104000 eval=71029 accepted=16688 cost=12.3487 best=12.3487 faults=4 ideal=0.833333 hard=1 min=8,5,9,6, mean=11.875,12.0722,11.875,12.013,
ladder16 EXACT t=351.852 it=105000 eval=71589 accepted=16820 cost=12.3487 best=12.3487 faults=4 ideal=0.833333 hard=1 min=8,5,9,6, mean=11.875,12.0722,11.875,12.013,
ladder16 EXACT t=355.079 it=106000 eval=72154 accepted=16971 cost=12.3487 best=12.3487 faults=4 ideal=0.833333 hard=1 min=8,5,9,6, mean=11.875,12.0722,11.875,12.013,
ladder16 EXACT t=357.507 it=107000 eval=72701 accepted=17118 cost=12.3487 best=12.3487 faults=4 ideal=0.833333 hard=1 min=8,5,9,6, mean=11.875,12.0722,11.875,12.013,
ladder16 EXACT t=359.949 it=108000 eval=73235 accepted=17250 cost=12.3487 best=12.3487 faults=4 ideal=0.833333 hard=1 min=8,5,9,6, mean=11.875,12.0722,11.875,12.013,
ladder16 EXACT t=363.429 it=109000 eval=73903 accepted=17444 cost=23.2447 best=12.3487 faults=8 ideal=0.833333 hard=3 min=8,5,8,5, mean=11.875,11.9685,11.875,11.9833,
ladder16 EXACT t=368.071 it=110000 eval=74635 accepted=17670 cost=36.828 best=12.3487 faults=12 ideal=0.833333 hard=8 min=8,5,7,5, mean=11.6667,12.037,11.6667,11.963,
ladder16 EXACT t=372.705 it=111000 eval=75355 accepted=17887 cost=39.93 best=12.3487 faults=13 ideal=0.833333 hard=9 min=8,5,7,5, mean=11.8333,12,11.8333,11.8667,
ladder16 EXACT t=376.536 it=112000 eval=76031 accepted=18084 cost=31.5369 best=12.3487 faults=10 ideal=0.833333 hard=7 min=8,5,7,6, mean=11.875,12.013,11.875,11.9907,
ladder16 EXACT t=380.991 it=113000 eval=76771 accepted=18295 cost=26.7721 best=12.3487 faults=7 ideal=0.833333 hard=3 min=8,6,8,5, mean=11.75,12.0037,11.75,11.9889,
ladder16 EXACT t=384.366 it=114000 eval=77479 accepted=18457 cost=28.7991 best=12.3487 faults=9 ideal=0.833333 hard=1 min=8,6,8,5, mean=11.6667,12,11.6667,12.0593,
ladder16 EXACT t=388.622 it=115000 eval=78161 accepted=18639 cost=25.6317 best=12.3487 faults=7 ideal=0.833333 hard=1 min=8,6,8,5, mean=11.5833,11.9889,11.5833,11.9667,
ladder16 EXACT t=392.194 it=116000 eval=78850 accepted=18813 cost=26.3198 best=12.3487 faults=7 ideal=0.833333 hard=2 min=8,6,8,5, mean=11.8333,12.037,11.8333,11.9778,
ladder16 EXACT t=395.478 it=117000 eval=79560 accepted=18968 cost=25.0429 best=12.3487 faults=7 ideal=0.833333 hard=1 min=8,6,8,5, mean=11.8333,11.9926,11.8333,11.9481,
ladder16 EXACT t=399.766 it=118000 eval=80276 accepted=19146 cost=20.0849 best=12.3487 faults=5 ideal=0.833333 hard=1 min=8,6,9,5, mean=12.0417,12.1019,12.0417,11.9685,
ladder16 EXACT t=404.022 it=119000 eval=80969 accepted=19299 cost=24.4051 best=12.3487 faults=6 ideal=0.833333 hard=2 min=8,6,8,5, mean=11.625,12.0093,11.625,11.8537,
ladder16 EXACT t=408.802 it=120000 eval=81703 accepted=19471 cost=19.2783 best=12.3487 faults=5 ideal=1 hard=0 min=9,6,8,6, mean=12.0417,11.9389,12.0417,12.0426,
ladder16 EXACT t=413.332 it=121000 eval=82379 accepted=19649 cost=19.4881 best=12.3487 faults=5 ideal=1 hard=0 min=8,6,8,6, mean=11.7083,12.0796,11.7083,12.05,
ladder16 EXACT t=417.235 it=122000 eval=83048 accepted=19816 cost=19.9368 best=12.3487 faults=5 ideal=0.833333 hard=1 min=8,6,8,5, mean=12.2917,12.0019,12.2917,12.0759,
ladder16 EXACT t=421.839 it=123000 eval=83723 accepted=19980 cost=19.3261 best=12.3487 faults=5 ideal=1 hard=0 min=9,6,8,6, mean=11.875,11.9315,11.875,12.0648,
ladder16 EXACT t=427.163 it=124000 eval=84409 accepted=20130 cost=18.6373 best=12.3487 faults=5 ideal=1 hard=0 min=10,6,9,6, mean=12,12.0815,12,12.0963,
ladder16 EXACT t=435.175 it=125000 eval=85104 accepted=20279 cost=18.6303 best=12.3487 faults=5 ideal=1 hard=0 min=9,6,9,6, mean=12.2083,12.05,12.2083,11.9981,
ladder16 EXACT t=442.196 it=126000 eval=85766 accepted=20405 cost=18.8615 best=12.3487 faults=5 ideal=1 hard=0 min=8,6,9,6, mean=12.125,12.0611,12.125,11.9722,
ladder16 EXACT t=445.611 it=127000 eval=86437 accepted=20565 cost=18.8123 best=12.3487 faults=5 ideal=1 hard=0 min=9,6,9,6, mean=12.0833,11.9593,12.0833,12.0852,
ladder16 EXACT t=454.181 it=128000 eval=87076 accepted=20708 cost=18.3512 best=12.3487 faults=5 ideal=1 hard=0 min=10,6,10,6, mean=12.375,12.013,12.375,12.0426,
ladder16 EXACT t=462.885 it=129000 eval=87779 accepted=20859 cost=18.4184 best=12.3487 faults=5 ideal=1 hard=0 min=9,6,10,6, mean=12.1667,12.0296,12.1667,12.0741,
ladder16 EXACT t=476.029 it=130000 eval=88474 accepted=20989 cost=18.3939 best=12.3487 faults=5 ideal=1 hard=0 min=9,6,10,6, mean=12.4583,11.9944,12.4583,12.0093,
ladder16 EXACT t=485.058 it=131000 eval=89186 accepted=21146 cost=28.4537 best=12.3487 faults=9 ideal=0.833333 hard=1 min=8,5,9,6, mean=11.9583,12.0537,11.9583,11.9648,
ladder16 EXACT t=495.795 it=132000 eval=89945 accepted=21368 cost=39.2198 best=12.3487 faults=12 ideal=0.666667 hard=10.3472 min=7,4,8,6, mean=11.4583,11.987,11.4583,11.9722,
ladder16 EXACT t=500.264 it=133000 eval=90631 accepted=21542 cost=25.2708 best=12.3487 faults=8 ideal=0.875 hard=5 min=7,6,8,6, mean=11.7917,11.9426,11.7917,12.0019,
ladder16 EXACT t=503.018 it=133720 score=0.666667 faults=3 penalty=3 ideal=0.875 hard=5 min=7,7,8,6, mean=11.875,11.9463,11.875,11.9685,
ladder16 EXACT t=504.218 it=134000 eval=91266 accepted=21730 cost=14.6161 best=12.3487 faults=3 ideal=0.875 hard=5 min=7,6,8,6, mean=11.9167,12.0333,11.9167,12.0259,
ladder16 EXACT t=504.488 it=134115 score=0.666667 faults=2 penalty=2 ideal=0.875 hard=5 min=7,6,8,6, mean=12,12.0074,12,11.9852,
ladder16 EXACT t=506.926 it=135000 eval=91794 accepted=21917 cost=16.4495 best=12.3229 faults=3 ideal=0.833333 hard=6 min=7,6,8,5, mean=11.625,11.9574,11.625,12.0093,
ladder16 EXACT t=509.192 it=136000 eval=92406 accepted=22076 cost=20.117 best=12.3229 faults=5 ideal=0.833333 hard=6 min=7,6,8,5, mean=11.75,11.9889,11.75,11.9444,
ladder16 EXACT t=512.587 it=137000 eval=93047 accepted=22275 cost=14.99 best=12.3229 faults=3 ideal=0.875 hard=5 min=7,6,8,6, mean=11.6667,12.0222,11.6667,12.0444,
ladder16 EXACT t=515.752 it=138000 eval=93622 accepted=22442 cost=14.6941 best=12.3229 faults=3 ideal=0.875 hard=5 min=7,6,8,6, mean=12.0417,11.9167,12.0417,12.013,
ladder16 EXACT t=518.175 it=139000 eval=94166 accepted=22611 cost=14.776 best=12.3229 faults=3 ideal=0.875 hard=5 min=7,6,8,6, mean=12.1667,11.9333,12.1667,12,
ladder16 EXACT t=520.761 it=140000 eval=94687 accepted=22753 cost=17.0367 best=12.3229 faults=3 ideal=0.833333 hard=7 min=7,5,8,5, mean=12.2083,11.9981,12.2083,11.9537,
ladder16 EXACT t=524.54 it=141000 eval=95257 accepted=22907 cost=15.2029 best=12.3229 faults=3 ideal=0.833333 hard=6 min=7,5,9,6, mean=12.1667,12.0444,12.1667,12.0296,
ladder16 EXACT t=529.015 it=142000 eval=95828 accepted=23055 cost=14.8181 best=12.3229 faults=3 ideal=0.875 hard=5 min=7,6,9,6, mean=11.9167,12.0333,11.9167,11.9593,
ladder16 EXACT t=533.067 it=143000 eval=96366 accepted=23199 cost=15.6852 best=12.3229 faults=3 ideal=0.833333 hard=6 min=7,6,9,5, mean=12.0417,12.0204,12.0417,11.9685,
ladder16 EXACT t=536.564 it=144000 eval=96893 accepted=23361 cost=12.0558 best=12.0558 faults=2 ideal=0.875 hard=5 min=7,6,9,7, mean=12.3333,12.0741,12.3333,12.0074,
ladder16 EXACT t=539.673 it=145000 eval=97457 accepted=23506 cost=14.8432 best=12.0538 faults=3 ideal=0.875 hard=5 min=7,6,8,6, mean=11.875,12.0056,11.875,11.9833,
ladder16 EXACT t=542.225 it=146000 eval=98050 accepted=23659 cost=12.4351 best=12.0538 faults=2 ideal=0.875 hard=5 min=7,6,8,6, mean=11.9583,12.0241,11.9583,12.0389,
ladder16 EXACT t=544.777 it=147000 eval=98564 accepted=23813 cost=12.519 best=12.0538 faults=2 ideal=0.875 hard=5 min=7,6,8,6, mean=11.9167,12.0185,11.9167,12.0481,
ladder16 EXACT t=547.383 it=148000 eval=99045 accepted=23958 cost=12.6106 best=12.0538 faults=2 ideal=0.875 hard=5 min=7,6,8,6, mean=11.9583,12.0685,11.9583,12.0241,
ladder16 EXACT t=550.302 it=149000 eval=99535 accepted=24108 cost=12.615 best=12.0538 faults=2 ideal=0.875 hard=5 min=7,6,9,6, mean=12.25,11.9667,12.25,11.8333,
ladder16 EXACT t=553.22 it=150000 eval=100020 accepted=24265 cost=12.7017 best=12.0538 faults=2 ideal=0.875 hard=5 min=7,6,8,6, mean=12.0833,12.0259,12.0833,11.9296,
ladder16 EXACT t=556.595 it=151000 eval=100570 accepted=24428 cost=12.2574 best=12.0142 faults=2 ideal=0.875 hard=5 min=7,6,9,6, mean=12.0833,12.0185,12.0833,12.0185,
ladder16 EXACT t=559.298 it=152000 eval=101098 accepted=24584 cost=12.4218 best=12.0142 faults=2 ideal=0.875 hard=5 min=7,6,9,6, mean=11.875,12.0944,11.875,11.9833,
ladder16 EXACT t=562.205 it=153000 eval=101628 accepted=24733 cost=12.4168 best=12.0142 faults=2 ideal=0.875 hard=5 min=7,6,9,6, mean=12.0833,12.0111,12.0833,12.0037,
ladder16 EXACT t=565.401 it=154000 eval=102172 accepted=24898 cost=12.4451 best=12.0142 faults=2 ideal=0.875 hard=5 min=7,6,9,6, mean=12,12.0444,12,11.9481,
ladder16 EXACT t=568.107 it=155000 eval=102738 accepted=25055 cost=12.1047 best=12.0142 faults=2 ideal=0.875 hard=5 min=7,6,9,6, mean=12.2083,12.0796,12.2083,12.0056,
ladder16 EXACT t=570.309 it=156000 eval=103266 accepted=25189 cost=12.1487 best=11.9853 faults=2 ideal=0.875 hard=5 min=7,6,9,6, mean=12.375,12.0204,12.375,11.9981,
ladder16 EXACT t=572.7 it=157000 eval=103789 accepted=25328 cost=12.1012 best=11.9853 faults=2 ideal=0.875 hard=5 min=7,6,9,6, mean=12.0417,12.05,12.0417,12.0722,
ladder16 EXACT t=575.575 it=158000 eval=104323 accepted=25463 cost=12.1012 best=11.9618 faults=2 ideal=0.875 hard=5 min=7,6,9,6, mean=12.0417,12.05,12.0417,12.0722,
ladder16 EXACT t=578.049 it=159000 eval=104838 accepted=25597 cost=12.0526 best=11.951 faults=2 ideal=0.875 hard=5 min=7,6,9,6, mean=12.25,12.0852,12.25,11.9444,
ladder16 EXACT t=580.522 it=160000 eval=105376 accepted=25748 cost=12.0971 best=11.951 faults=2 ideal=0.875 hard=5 min=7,6,9,6, mean=12.125,12.0537,12.125,12.0093,
ladder16 EXACT t=582.764 it=161000 eval=105889 accepted=25895 cost=12.0588 best=11.951 faults=2 ideal=0.875 hard=5 min=7,6,9,6, mean=12.125,12.0759,12.125,12.0019,
ladder16 EXACT t=585.61 it=162000 eval=106383 accepted=26009 cost=11.951 best=11.951 faults=2 ideal=0.875 hard=5 min=7,6,9,6, mean=12.25,12.0852,12.25,11.9815,
ladder16 EXACT t=588.352 it=163000 eval=106927 accepted=26146 cost=12.0458 best=11.951 faults=2 ideal=0.875 hard=5 min=7,6,9,6, mean=12.2083,12.0944,12.2083,11.9833,
ladder16 EXACT t=590.787 it=164000 eval=107450 accepted=26284 cost=12.0374 best=11.951 faults=2 ideal=0.875 hard=5 min=7,6,9,6, mean=12.4167,12.0185,12.4167,12.0185,
ladder16 EXACT t=593.395 it=165000 eval=108037 accepted=26413 cost=11.9401 best=11.9149 faults=2 ideal=0.875 hard=5 min=7,6,9,6, mean=12.375,12.1093,12.375,12.0204,
ladder16 EXACT t=596.17 it=166000 eval=108626 accepted=26547 cost=11.9969 best=11.9149 faults=2 ideal=0.875 hard=5 min=7,6,9,6, mean=12.3333,12.0815,12.3333,11.9926,
ladder16 EXACT t=598.811 it=167000 eval=109228 accepted=26679 cost=12.0118 best=11.9149 faults=2 ideal=0.875 hard=5 min=7,6,9,6, mean=12.2083,12.1463,12.2083,11.9981,
