ladder16 CEX t=0.0129622 it=0 cost=13.2435 pool=4 checks=0 ideal=1 hard=0 min=10,6,10,6, mean=12.625,11.9796,12.625,12.0537,
ladder16 CEX t=0.0488698 it=1914 score=0.333333 faults=411 penalty=1146 ideal=1 hard=0 min=8,6,8,6, mean=11.7917,11.913,11.7917,11.9648,
ladder16 CEX t=0.106372 it=4752 score=0.333333 faults=305 penalty=952 ideal=1 hard=0 min=8,6,8,6, mean=12.0417,12.0352,12.0417,11.9019,
ladder16 CEX t=0.172808 it=7069 score=0.333333 faults=131 penalty=334 ideal=1 hard=0 min=8,6,9,6, mean=12.0417,12.0204,12.0417,11.9537,
ladder16 CEX t=0.244845 it=10000 cost=6.32422 pool=849 checks=3 ideal=0.833333 hard=3 min=8,5,10,5, mean=12.1667,12.0667,12.1667,11.9185,
ladder16 CEX t=0.50828 it=20000 cost=3.65628 pool=983 checks=4 ideal=0.833333 hard=1 min=8,6,9,5, mean=12.7083,11.9537,12.7083,11.9611,
ladder16 CEX t=0.742079 it=30000 cost=3.47744 pool=983 checks=4 ideal=0.833333 hard=1 min=9,6,9,5, mean=12.75,11.9444,12.75,11.9593,
ladder16 CEX t=1.03673 it=40000 cost=3.38111 pool=983 checks=4 ideal=0.833333 hard=1 min=10,6,10,5, mean=12.6667,11.9778,12.6667,12.0148,
ladder16 CEX t=1.34622 it=50000 cost=3.66078 pool=1253 checks=5 ideal=0.833333 hard=1 min=9,5,9,6, mean=12.25,12.0333,12.25,12.0481,
ladder16 CEX t=1.49103 it=54860 score=0.333333 faults=63 penalty=165 ideal=1 hard=0 min=9,6,8,6, mean=11.5833,11.9296,11.5833,12.063,
ladder16 CEX t=1.63797 it=60000 cost=3.57389 pool=1316 checks=6 ideal=0.833333 hard=1 min=9,6,9,5, mean=12.4167,11.9963,12.4167,12.0111,
ladder16 CEX t=2.00762 it=70000 cost=9.75178 pool=1537 checks=7 ideal=0.833333 hard=1 min=9,6,9,5, mean=12.3333,11.963,12.3333,11.9852,
ladder16 CEX t=2.36524 it=80000 cost=9.60456 pool=1537 checks=7 ideal=0.833333 hard=1 min=9,6,9,5, mean=12.4167,11.9889,12.4167,11.9741,
ladder16 CEX t=2.81646 it=90000 cost=7.718 pool=1537 checks=7 ideal=0.833333 hard=1 min=9,5,9,6, mean=12.3333,12,12.3333,11.9333,
ladder16 CEX t=3.1593 it=100000 cost=7.718 pool=1537 checks=7 ideal=0.833333 hard=1 min=9,5,9,6, mean=12.3333,12,12.3333,11.9333,
ladder16 CEX t=3.53111 it=110000 cost=7.718 pool=1537 checks=7 ideal=0.833333 hard=1 min=9,5,9,6, mean=12.3333,12,12.3333,11.9333,
ladder16 CEX t=3.98112 it=120000 cost=4.53528 pool=1671 checks=8 ideal=1 hard=0 min=9,6,9,6, mean=12.2917,12.0537,12.2917,12.0611,
ladder16 CEX t=4.2641 it=130000 cost=4.53528 pool=1671 checks=8 ideal=1 hard=0 min=9,6,9,6, mean=12.2917,12.0537,12.2917,12.0611,
ladder16 CEX t=4.8457 it=140000 cost=5.85622 pool=1807 checks=9 ideal=0.833333 hard=1 min=8,5,9,6, mean=12.3333,12.0667,12.3333,11.9852,
ladder16 CEX t=5.6748 it=150000 cost=15.1411 pool=1932 checks=10 ideal=0.833333 hard=3 min=8,5,10,6, mean=12.3333,12.0148,12.3333,11.9778,
ladder16 CEX t=6.24177 it=160000 cost=13.8532 pool=1932 checks=10 ideal=0.833333 hard=3 min=8,5,8,6, mean=11.875,11.9389,11.875,11.9833,
ladder16 CEX t=6.65919 it=170000 cost=8.03628 pool=1932 checks=10 ideal=1 hard=0 min=9,6,8,6, mean=12.2083,11.9315,12.2083,12.05,
ladder16 CEX t=7.18916 it=180000 cost=8.03628 pool=1932 checks=10 ideal=1 hard=0 min=9,6,8,6, mean=12.2083,11.9315,12.2083,12.05,
ladder16 CEX t=7.7498 it=190000 cost=8.03628 pool=1932 checks=10 ideal=1 hard=0 min=9,6,8,6, mean=12.2083,11.9315,12.2083,12.05,
ladder16 CEX t=8.34619 it=200000 cost=8.03628 pool=1932 checks=10 ideal=1 hard=0 min=9,6,8,6, mean=12.2083,11.9315,12.2083,12.05,
ladder16 CEX t=8.87331 it=210000 cost=7.81444 pool=1932 checks=10 ideal=1 hard=0 min=9,6,9,6, mean=12,11.963,12,12.0741,
ladder16 CEX t=9.49707 it=220000 cost=5.04539 pool=2000 checks=11 ideal=1 hard=0 min=8,6,9,6, mean=12.0417,12.1019,12.0417,12.0722,
ladder16 CEX t=9.76572 it=225283 score=0.333333 faults=60 penalty=150 ideal=1 hard=0 min=8,6,8,6, mean=11.6667,12,11.6667,11.9259,
ladder16 CEX t=10.003 it=230000 cost=9.80922 pool=2060 checks=12 ideal=0.833333 hard=2 min=8,5,9,6, mean=11.9167,12.063,11.9167,11.9889,
ladder16 CEX t=10.4131 it=234767 score=0.333333 faults=55 penalty=161 ideal=1 hard=0 min=8,6,8,6, mean=11.8333,12.0222,11.8333,12.0444,
ladder16 CEX t=10.7617 it=240000 cost=3.71544 pool=2115 checks=13 ideal=0.833333 hard=1 min=9,6,9,5, mean=12.25,12.0778,12.25,11.9593,
ladder16 CEX t=11.2607 it=247114 score=0.333333 faults=43 penalty=137 ideal=1 hard=0 min=9,6,9,6, mean=12.125,12.0167,12.125,12.0167,
ladder16 CEX t=11.3592 it=250000 cost=3.511 pool=2158 checks=14 ideal=0.833333 hard=1 min=9,6,9,5, mean=12.5833,11.937,12.5833,11.9963,
ladder16 CEX t=12.1646 it=260000 cost=12.2273 pool=2236 checks=15 ideal=0.833333 hard=1 min=8,5,9,6, mean=12.2917,12.0093,12.2917,11.9722,
ladder16 CEX t=12.8404 it=270000 cost=3.58928 pool=2439 checks=17 ideal=0.833333 hard=1 min=9,6,10,5, mean=12.4583,12.0019,12.4583,11.9796,
ladder16 CEX t=13.5268 it=280000 cost=3.84794 pool=2635 checks=18 ideal=0.833333 hard=1 min=8,6,10,5, mean=12.625,11.9944,12.625,12.0093,
ladder16 CEX t=14.4195 it=290000 cost=3.84794 pool=2635 checks=18 ideal=0.833333 hard=1 min=8,6,10,5, mean=12.625,11.9944,12.625,12.0093,
ladder16 CEX t=15.2025 it=300000 cost=3.84794 pool=2635 checks=18 ideal=0.833333 hard=1 min=8,6,10,5, mean=12.625,11.9944,12.625,12.0093,
ladder16 CEX t=16.1527 it=310000 cost=3.84794 pool=2635 checks=18 ideal=0.833333 hard=1 min=8,6,10,5, mean=12.625,11.9944,12.625,12.0093,
ladder16 CEX t=16.7504 it=320000 cost=3.84794 pool=2975 checks=20 ideal=0.833333 hard=1 min=8,6,10,5, mean=12.625,11.9944,12.625,12.0093,
ladder16 CEX t=17.6862 it=330000 cost=8.662 pool=3096 checks=21 ideal=1 hard=0 min=9,6,9,6, mean=12.1667,12.0519,12.1667,11.9481,
ladder16 CEX t=18.4765 it=340000 cost=3.78678 pool=3096 checks=21 ideal=0.833333 hard=1 min=9,5,8,6, mean=12.5833,11.9963,12.5833,12.0185,
ladder16 CEX t=19.3976 it=350000 cost=3.46239 pool=3096 checks=21 ideal=0.833333 hard=1 min=10,5,9,6, mean=12.4583,12.0463,12.4583,12.0611,
ladder16 CEX t=19.8794 it=360000 cost=3.38972 pool=3096 checks=21 ideal=0.833333 hard=1 min=9,5,10,6, mean=12.625,11.9944,12.625,12.0241,
ladder16 CEX t=20.5469 it=370000 cost=4.92367 pool=3165 checks=22 ideal=1 hard=0 min=8,6,9,6, mean=12.75,11.9519,12.75,11.937,
ladder16 CEX t=21.0315 it=380000 cost=4.82583 pool=3165 checks=22 ideal=0.833333 hard=2 min=8,5,9,5, mean=12.375,12.0278,12.375,11.9833,
ladder16 CEX t=21.6458 it=390000 cost=4.82583 pool=3165 checks=22 ideal=0.833333 hard=2 min=8,5,9,5, mean=12.375,12.0278,12.375,11.9833,
ladder16 CEX t=22.6646 it=400000 cost=10.5672 pool=3367 checks=24 ideal=0.833333 hard=2 min=9,5,10,5, mean=12.4167,12.0407,12.4167,12.0111,
ladder16 CEX t=23.3483 it=410000 cost=4.65067 pool=3367 checks=24 ideal=1 hard=0 min=9,6,8,6, mean=12.6667,11.9407,12.6667,12.0148,
ladder16 CEX t=24.6066 it=420000 cost=10.8404 pool=3420 checks=25 ideal=0.833333 hard=2 min=9,5,9,5, mean=12,12.0593,12,12.0444,
ladder16 CEX t=25.5325 it=430000 cost=9.6095 pool=3420 checks=25 ideal=1 hard=0 min=9,6,10,6, mean=12.125,11.9944,12.125,12.0389,
ladder16 CEX t=26.2641 it=440000 cost=6.95717 pool=3483 checks=26 ideal=0.666667 hard=4 min=8,4,10,6, mean=12.5417,12.0278,12.5417,11.8944,
ladder16 CEX t=27.0674 it=450000 cost=94.1763 pool=3621 checks=27 ideal=0.5 hard=17 min=8,3,8,5, mean=12.0417,11.9389,12.0417,11.9759,
ladder16 CEX t=28.7495 it=460000 cost=8.09928 pool=3621 checks=27 ideal=0.833333 hard=1 min=8,5,9,6, mean=11.9583,11.9426,11.9583,12.0389,
ladder16 CEX t=30.1966 it=470000 cost=4.665 pool=3621 checks=27 ideal=1 hard=0 min=9,6,9,6, mean=12.25,12.0704,12.25,12.063,
ladder16 CEX t=31.2806 it=480000 cost=4.665 pool=3621 checks=27 ideal=1 hard=0 min=9,6,9,6, mean=12.25,12.0704,12.25,12.063,
ladder16 CEX t=32.5885 it=490000 cost=10.5228 pool=3774 checks=29 ideal=0.833333 hard=3 min=8,5,9,5, mean=12.125,11.9574,12.125,11.987,
ladder16 CEX t=33.659 it=500000 cost=9.96694 pool=3774 checks=29 ideal=0.833333 hard=1 min=9,5,9,6, mean=11.875,12.0796,11.875,11.9907,
ladder16 CEX t=35.6432 it=510000 cost=7.15156 pool=3774 checks=29 ideal=1 hard=0 min=8,6,9,6, mean=12,12.0074,12,12.0222,
ladder16 CEX t=36.7231 it=520000 cost=7.15156 pool=3774 checks=29 ideal=1 hard=0 min=8,6,9,6, mean=12,12.0074,12,12.0222,
ladder16 CEX t=37.6821 it=530000 cost=8.74211 pool=3825 checks=30 ideal=0.666667 hard=4 min=9,4,10,6, mean=12.4167,12.0333,12.4167,11.8926,
ladder16 CEX t=38.5824 it=540000 cost=6.43239 pool=3825 checks=30 ideal=0.833333 hard=2 min=9,5,8,5, mean=11.7917,11.8833,11.7917,12.0241,
ladder16 CEX t=39.7663 it=550000 cost=5.66022 pool=3825 checks=30 ideal=0.833333 hard=1 min=9,5,10,6, mean=12.3333,11.9778,12.3333,11.9407,
ladder16 CEX t=40.6142 it=560000 cost=5.66022 pool=3825 checks=30 ideal=0.833333 hard=1 min=9,5,10,6, mean=12.3333,11.9778,12.3333,11.9407,
ladder16 CEX t=41.358 it=570000 cost=5.13978 pool=3825 checks=30 ideal=1 hard=0 min=8,6,9,6, mean=12,11.9481,12,12,
ladder16 CEX t=42.6166 it=580000 cost=5.13978 pool=3825 checks=30 ideal=1 hard=0 min=8,6,9,6, mean=12,11.9481,12,12,
ladder16 CEX t=44.198 it=590000 cost=5.13978 pool=3825 checks=30 ideal=1 hard=0 min=8,6,9,6, mean=12,11.9481,12,12,
ladder16 CEX t=44.9614 it=600000 cost=5.13978 pool=3825 checks=30 ideal=1 hard=0 min=8,6,9,6, mean=12,11.9481,12,12,
ladder16 CEX t=46.1499 it=610000 cost=5.13978 pool=3825 checks=30 ideal=1 hard=0 min=8,6,9,6, mean=12,11.9481,12,12,
ladder16 CEX t=47.3913 it=620000 cost=5.13978 pool=3825 checks=30 ideal=1 hard=0 min=8,6,9,6, mean=12,11.9481,12,12,
ladder16 CEX t=48.2613 it=630000 cost=9.84044 pool=3979 checks=31 ideal=0.833333 hard=1 min=8,6,9,5, mean=12.5,11.9926,12.5,11.9111,
ladder16 CEX t=49.17 it=640000 cost=6.6385 pool=3979 checks=31 ideal=0.833333 hard=1 min=8,5,8,6, mean=12.0417,11.9389,12.0417,11.9611,
ladder16 CEX t=49.6363 it=650000 cost=4.15661 pool=3979 checks=31 ideal=0.833333 hard=1 min=8,5,8,6, mean=12.2917,11.9056,12.2917,11.987,
ladder16 CEX t=50.3265 it=660000 cost=3.76544 pool=3979 checks=31 ideal=0.833333 hard=1 min=9,5,9,6, mean=12.5833,11.8926,12.5833,11.9444,
ladder16 CEX t=51.0738 it=670000 cost=3.76544 pool=3979 checks=31 ideal=0.833333 hard=1 min=9,5,9,6, mean=12.5833,11.8926,12.5833,11.9444,
ladder16 CEX t=51.8466 it=680000 cost=5.20628 pool=4033 checks=32 ideal=1 hard=0 min=8,6,9,6, mean=12.0417,12.0648,12.0417,11.9167,
ladder16 CEX t=52.6391 it=690000 cost=4.79389 pool=4033 checks=32 ideal=1 hard=0 min=8,6,10,6, mean=12.25,12.0926,12.25,11.9815,
ladder16 CEX t=53.6425 it=700000 cost=4.79244 pool=4033 checks=32 ideal=1 hard=0 min=8,6,9,6, mean=12.5,11.9926,12.5,11.9111,
ladder16 CEX t=54.1016 it=710000 cost=4.79244 pool=4033 checks=32 ideal=1 hard=0 min=8,6,9,6, mean=12.5,11.9926,12.5,11.9111,
ladder16 CEX t=55.2778 it=720000 cost=10.0973 pool=4298 checks=33 ideal=0.833333 hard=1 min=8,5,9,6, mean=12.125,12.0019,12.125,11.9796,
ladder16 CEX t=56.8117 it=730000 cost=12.6416 pool=4352 checks=34 ideal=1 hard=0 min=9,6,8,6, mean=12.5417,12.013,12.5417,12.013,
ladder16 CEX t=58.7683 it=740000 cost=10.9903 pool=4405 checks=35 ideal=1 hard=0 min=8,6,8,6, mean=12.2083,12.0426,12.2083,12.0056,
ladder16 CEX t=60.2519 it=750000 cost=6.74078 pool=4405 checks=35 ideal=1 hard=0 min=9,6,8,6, mean=12.4167,11.9741,12.4167,12.0407,
ladder16 CEX t=62.3102 it=760000 cost=13.045 pool=4576 checks=36 ideal=1 hard=0 min=8,6,9,6, mean=12.25,12.0037,12.25,11.9963,
ladder16 CEX t=64.1888 it=770000 cost=8.42411 pool=4899 checks=38 ideal=1 hard=0 min=9,6,10,6, mean=12.75,11.937,12.75,11.9222,
ladder16 CEX t=65.3041 it=780000 cost=10.1298 pool=4943 checks=39 ideal=0.833333 hard=1 min=9,5,9,6, mean=12.0417,11.9759,12.0417,12.0352,
ladder16 CEX t=67.0498 it=790000 cost=17.2024 pool=4989 checks=40 ideal=0.666667 hard=6 min=9,6,9,4, mean=12.2917,11.9352,12.2917,11.9722,
ladder16 CEX t=67.3742 it=793023 score=0.333333 faults=40 penalty=107 ideal=1 hard=0 min=8,6,8,6, mean=11.7083,11.9167,11.7083,11.9759,
ladder16 CEX t=68.8066 it=800000 cost=5.76722 pool=5075 checks=42 ideal=0.833333 hard=1 min=9,5,9,6, mean=12.4167,11.9963,12.4167,11.9222,
ladder16 CEX t=70.08 it=810000 cost=4.33667 pool=5075 checks=42 ideal=1 hard=0 min=9,6,10,6, mean=12.8333,11.9778,12.8333,11.9778,
ladder16 CEX t=70.9926 it=820000 cost=4.33667 pool=5075 checks=42 ideal=1 hard=0 min=9,6,10,6, mean=12.8333,11.9778,12.8333,11.9778,
ladder16 CEX t=71.9116 it=830000 cost=4.33667 pool=5075 checks=42 ideal=1 hard=0 min=9,6,10,6, mean=12.8333,11.9778,12.8333,11.9778,
ladder16 CEX t=72.3465 it=834629 score=0.333333 faults=36 penalty=102 ideal=1 hard=0 min=8,6,9,6, mean=12.1667,12,12.1667,12.0148,
ladder16 CEX t=73.6046 it=840000 cost=4.49578 pool=5111 checks=43 ideal=1 hard=0 min=9,6,10,6, mean=12.1667,12.0963,12.1667,12.0519,
ladder16 CEX t=75.8317 it=850000 cost=4.83744 pool=5238 checks=44 ideal=1 hard=0 min=9,6,9,6, mean=12.0833,12.0185,12.0833,12.0185,
ladder16 CEX t=79.0084 it=860000 cost=7.11539 pool=5290 checks=45 ideal=1 hard=0 min=9,6,8,6, mean=11.875,12.0278,11.875,12.013,
ladder16 CEX t=84.2543 it=870000 cost=6.95533 pool=5463 checks=47 ideal=1 hard=0 min=8,6,9,6, mean=12.1667,12.0222,12.1667,12.0222,
ladder16 CEX t=88.7613 it=880000 cost=11.7396 pool=5718 checks=50 ideal=0.666667 hard=5 min=8,5,8,4, mean=11.5417,12.0426,11.5417,11.9167,
ladder16 CEX t=91.611 it=890000 cost=6.28033 pool=5778 checks=51 ideal=0.833333 hard=1 min=8,5,9,6, mean=11.9167,12.0185,11.9167,11.9593,
ladder16 CEX t=97.964 it=900000 cost=4.84739 pool=5897 checks=52 ideal=1 hard=0 min=8,6,10,6, mean=12.2083,12.087,12.2083,11.9537,
ladder16 CEX t=101.677 it=910000 cost=3.86283 pool=5897 checks=52 ideal=0.833333 hard=1 min=8,5,9,6, mean=12.2917,11.9944,12.2917,12.0167,
ladder16 CEX t=105.286 it=920000 cost=7.31028 pool=6043 checks=54 ideal=0.833333 hard=2 min=8,5,9,5, mean=12.2083,12.0278,12.2083,11.887,
ladder16 CEX t=108.152 it=930000 cost=5.12156 pool=6085 checks=55 ideal=1 hard=0 min=8,6,9,6, mean=12.3333,12.0444,12.3333,11.9185,
ladder16 CEX t=110.052 it=940000 cost=5.12156 pool=6085 checks=55 ideal=1 hard=0 min=8,6,9,6, mean=12.3333,12.0444,12.3333,11.9185,
ladder16 CEX t=110.894 it=946969 score=0.333333 faults=31 penalty=71 ideal=1 hard=0 min=9,6,8,6, mean=12.1667,11.9111,12.1667,12.0148,
ladder16 CEX t=111.508 it=950000 cost=10.1991 pool=6166 checks=57 ideal=0.833333 hard=2 min=8,5,8,5, mean=11.9583,12.0167,11.9583,11.913,
ladder16 CEX t=114.465 it=960000 cost=4.1325 pool=6349 checks=60 ideal=0.833333 hard=1 min=8,5,8,6, mean=12.375,11.9981,12.375,11.9685,
ladder16 CEX t=117.757 it=970000 cost=7.93461 pool=6417 checks=62 ideal=0.833333 hard=1 min=9,5,9,6, mean=12.125,11.987,12.125,12.0389,
ladder16 CEX t=119.732 it=980000 cost=5.67717 pool=6417 checks=62 ideal=0.833333 hard=1 min=9,5,9,6, mean=12.2083,12.0574,12.2083,11.9981,
ladder16 CEX t=122.121 it=990000 cost=5.5 pool=6469 checks=63 ideal=1 hard=0 min=9,6,8,6, mean=12.1667,11.9852,12.1667,11.9481,
ladder16 CEX t=123.708 it=997481 score=0.333333 faults=24 penalty=60 ideal=1 hard=0 min=9,6,8,6, mean=12.125,12.0241,12.125,12.0093,
ladder16 CEX t=124.032 it=1000000 cost=3.50628 pool=6531 checks=65 ideal=0.833333 hard=1 min=9,5,9,6, mean=12.5417,12.0722,12.5417,11.9759,
ladder16 CEX t=126.14 it=1010000 cost=4.65111 pool=6614 checks=67 ideal=1 hard=0 min=9,6,8,6, mean=12.6667,11.9037,12.6667,11.8889,
ladder16 CEX t=127.931 it=1020000 cost=7.12139 pool=6724 checks=69 ideal=0.833333 hard=2 min=9,5,8,5, mean=12.2083,12.0352,12.2083,11.9389,
ladder16 CEX t=129.054 it=1030000 cost=4.89833 pool=6724 checks=69 ideal=0.833333 hard=2 min=8,5,10,5, mean=12.5833,11.9963,12.5833,11.9148,
ladder16 CEX t=131.774 it=1040000 cost=4.47128 pool=6724 checks=69 ideal=1 hard=0 min=9,6,10,6, mean=12.4583,12.0167,12.4583,12.0315,
ladder16 CEX t=134.494 it=1050000 cost=4.46472 pool=6854 checks=70 ideal=1 hard=0 min=9,6,10,6, mean=12.375,12.0204,12.375,11.9981,
ladder16 CEX t=136.255 it=1060000 cost=4.46472 pool=6854 checks=70 ideal=1 hard=0 min=9,6,10,6, mean=12.375,12.0204,12.375,11.9981,
ladder16 CEX t=137.986 it=1070000 cost=7.7315 pool=6955 checks=71 ideal=1 hard=0 min=9,6,8,6, mean=12.625,11.9426,12.625,11.9574,
ladder16 CEX t=139.377 it=1080000 cost=4.60172 pool=6955 checks=71 ideal=1 hard=0 min=9,6,8,6, mean=12.625,11.9426,12.625,11.9426,
ladder16 CEX t=141.613 it=1090000 cost=4.32783 pool=7084 checks=72 ideal=1 hard=0 min=9,6,10,6, mean=12.7083,11.9685,12.7083,11.9759,
ladder16 CEX t=143.289 it=1100000 cost=4.32783 pool=7084 checks=72 ideal=1 hard=0 min=9,6,10,6, mean=12.7083,11.9685,12.7083,11.9759,
ladder16 CEX t=144.997 it=1110000 cost=12.6333 pool=7160 checks=74 ideal=1 hard=0 min=10,6,9,6, mean=12.1667,12.0074,12.1667,12.1037,
ladder16 CEX t=146.612 it=1120000 cost=17.6415 pool=7205 checks=75 ideal=0.833333 hard=1 min=8,5,8,6, mean=11.9583,12.0019,11.9583,11.9648,
ladder16 CEX t=148.377 it=1130000 cost=7.74983 pool=7258 checks=76 ideal=0.833333 hard=3 min=9,5,9,5, mean=12.5417,11.9685,12.5417,11.9759,
ladder16 CEX t=149.971 it=1140000 cost=6.01017 pool=7299 checks=77 ideal=0.833333 hard=1 min=8,5,9,6, mean=12.2917,12.0167,12.2917,11.9722,
ladder16 CEX t=151.504 it=1150000 cost=6.01017 pool=7299 checks=77 ideal=0.833333 hard=1 min=8,5,9,6, mean=12.2917,12.0167,12.2917,11.9722,
ladder16 CEX t=153.399 it=1160000 cost=6.01017 pool=7299 checks=77 ideal=0.833333 hard=1 min=8,5,9,6, mean=12.2917,12.0167,12.2917,11.9722,
ladder16 CEX t=155.062 it=1170000 cost=6.01017 pool=7299 checks=77 ideal=0.833333 hard=1 min=8,5,9,6, mean=12.2917,12.0167,12.2917,11.9722,
ladder16 CEX t=156.475 it=1180000 cost=5.598 pool=7299 checks=77 ideal=0.833333 hard=1 min=9,5,9,6, mean=12.5,12.0074,12.5,11.9926,
ladder16 CEX t=158.191 it=1190000 cost=4.69706 pool=7299 checks=77 ideal=1 hard=0 min=9,6,9,6, mean=12.2917,12.0389,12.2917,11.9574,
ladder16 CEX t=160.302 it=1200000 cost=7.01078 pool=7351 checks=78 ideal=1 hard=0 min=9,6,8,6, mean=12.0833,12.0407,12.0833,12.0407,
ladder16 CEX t=162.917 it=1210000 cost=6.7045 pool=7351 checks=78 ideal=1 hard=0 min=9,6,9,6, mean=12.2083,12.0722,12.2083,11.9611,
ladder16 CEX t=164.281 it=1220000 cost=4.53411 pool=7351 checks=78 ideal=0.833333 hard=1 min=8,5,8,6, mean=12.25,11.9074,12.25,11.9519,
ladder16 CEX t=166.163 it=1230000 cost=4.53411 pool=7351 checks=78 ideal=0.833333 hard=1 min=8,5,8,6, mean=12.25,11.9074,12.25,11.9519,
ladder16 CEX t=168.303 it=1240000 cost=6.85628 pool=7401 checks=79 ideal=1 hard=0 min=8,6,9,6, mean=12.2083,12.0204,12.2083,11.9611,
ladder16 CEX t=169.829 it=1250000 cost=14.2162 pool=7531 checks=80 ideal=1 hard=0 min=8,6,9,6, mean=12.125,12.0241,12.125,11.9648,
ladder16 CEX t=172.05 it=1260000 cost=5.36356 pool=7531 checks=80 ideal=1 hard=0 min=8,6,9,6, mean=12.1667,12.0296,12.1667,11.9333,
ladder16 CEX t=173.824 it=1270000 cost=4.48856 pool=7531 checks=80 ideal=1 hard=0 min=10,6,10,6, mean=12.25,12.0111,12.25,12.0185,
ladder16 CEX t=175.873 it=1280000 cost=4.70756 pool=7631 checks=82 ideal=1 hard=0 min=9,6,9,6, mean=12.1667,12.0889,12.1667,12.0074,
ladder16 CEX t=177.715 it=1290000 cost=4.70756 pool=7631 checks=82 ideal=1 hard=0 min=9,6,9,6, mean=12.1667,12.0889,12.1667,12.0074,
ladder16 CEX t=179.359 it=1300000 cost=4.57456 pool=7631 checks=82 ideal=1 hard=0 min=9,6,9,6, mean=12.25,12.0778,12.25,12.0185,
ladder16 CEX t=180.733 it=1310000 cost=4.57456 pool=7631 checks=82 ideal=1 hard=0 min=9,6,9,6, mean=12.25,12.0778,12.25,12.0185,
ladder16 CEX t=182.191 it=1320000 cost=4.57456 pool=7631 checks=82 ideal=1 hard=0 min=9,6,9,6, mean=12.25,12.0778,12.25,12.0185,
ladder16 CEX t=183.925 it=1330000 cost=17.6912 pool=7691 checks=83 ideal=0.666667 hard=6 min=8,5,9,4, mean=12.2083,11.9833,12.2083,11.8722,
ladder16 CEX t=185.759 it=1340000 cost=4.48183 pool=7691 checks=83 ideal=1 hard=0 min=9,6,10,6, mean=12.2083,12.05,12.2083,12.0278,
ladder16 CEX t=188.98 it=1350000 cost=4.67628 pool=7730 checks=84 ideal=1 hard=0 min=8,7,10,6, mean=12.375,12.087,12.375,11.9611,
ladder16 CEX t=191.251 it=1360000 cost=4.67628 pool=7730 checks=84 ideal=1 hard=0 min=8,7,10,6, mean=12.375,12.087,12.375,11.9611,
ladder16 CEX t=193.34 it=1370000 cost=4.38572 pool=7730 checks=84 ideal=1 hard=0 min=9,6,10,6, mean=12.7917,11.9722,12.7917,11.9796,
ladder16 CEX t=196.978 it=1380000 cost=8.53017 pool=7860 checks=85 ideal=1 hard=0 min=9,6,9,6, mean=12.4583,12.0611,12.4583,11.9944,
ladder16 CEX t=198.399 it=1390000 cost=4.62606 pool=7938 checks=87 ideal=1 hard=0 min=10,6,8,6, mean=12.375,12.0056,12.375,12.0574,
ladder16 CEX t=201.224 it=1400000 cost=4.37367 pool=8007 checks=88 ideal=1 hard=0 min=9,6,9,6, mean=12.75,11.9741,12.75,11.9815,
ladder16 CEX t=203.672 it=1410000 cost=7.69189 pool=8061 checks=89 ideal=0.833333 hard=1 min=8,6,10,5, mean=12.5833,12.0259,12.5833,11.9815,
ladder16 CEX t=205.532 it=1420000 cost=6.84333 pool=8249 checks=90 ideal=1 hard=0 min=9,6,9,6, mean=12.3333,11.963,12.3333,12.0148,
ladder16 CEX t=207.653 it=1430000 cost=4.3755 pool=8249 checks=90 ideal=1 hard=0 min=9,6,10,6, mean=12.625,12.0389,12.625,11.9944,
ladder16 CEX t=209.719 it=1440000 cost=13.7631 pool=8320 checks=91 ideal=1 hard=0 min=9,6,8,6, mean=12.6667,11.9556,12.6667,11.9704,
ladder16 CEX t=211.564 it=1450000 cost=3.92078 pool=8441 checks=93 ideal=0.833333 hard=1 min=9,6,8,5, mean=12.4167,12.0259,12.4167,11.9889,
ladder16 CEX t=214.001 it=1460000 cost=8.52367 pool=8621 checks=95 ideal=0.833333 hard=2 min=10,5,10,6, mean=12.4167,12.0259,12.4167,11.9963,
ladder16 CEX t=216.114 it=1470000 cost=6.73594 pool=8657 checks=96 ideal=1 hard=0 min=9,6,9,6, mean=12.125,12.0981,12.125,11.9722,
ladder16 CEX t=218.247 it=1480000 cost=13.6135 pool=8875 checks=99 ideal=0.833333 hard=1 min=8,5,9,6, mean=11.625,12.1204,11.625,11.9796,
ladder16 CEX t=220.04 it=1490000 cost=3.64744 pool=8875 checks=99 ideal=0.833333 hard=1 min=8,5,10,6, mean=12.75,12.0111,12.75,11.9593,
ladder16 CEX t=222.41 it=1500000 cost=3.64744 pool=8875 checks=99 ideal=0.833333 hard=1 min=8,5,10,6, mean=12.75,12.0111,12.75,11.9593,
ladder16 CEX t=224.812 it=1510000 cost=3.64744 pool=8875 checks=99 ideal=0.833333 hard=1 min=8,5,10,6, mean=12.75,12.0111,12.75,11.9593,
ladder16 CEX t=226.459 it=1520000 cost=3.93594 pool=9060 checks=103 ideal=0.833333 hard=1 min=9,6,8,5, mean=12.2917,11.9796,12.2917,12.0241,
ladder16 CEX t=227.787 it=1530000 cost=5.22828 pool=9183 checks=105 ideal=1 hard=0 min=9,6,8,6, mean=12.2083,11.9833,12.2083,11.9981,
ladder16 CEX t=230.003 it=1540000 cost=5.22828 pool=9183 checks=105 ideal=1 hard=0 min=9,6,8,6, mean=12.2083,11.9833,12.2083,11.9981,
ladder16 CEX t=232.469 it=1550000 cost=4.3625 pool=9331 checks=106 ideal=1 hard=0 min=9,6,10,6, mean=12.5417,12.013,12.5417,11.9537,
ladder16 CEX t=234.565 it=1560000 cost=4.27333 pool=9331 checks=106 ideal=1 hard=0 min=10,6,10,6, mean=12.8333,11.9852,12.8333,11.9926,
ladder16 CEX t=237.2 it=1570000 cost=70.3807 pool=9381 checks=107 ideal=0.833333 hard=8 min=7,6,9,5, mean=11.875,12.1019,11.875,11.9833,
ladder16 CEX t=239.308 it=1580000 cost=4.70467 pool=9381 checks=107 ideal=1 hard=0 min=8,6,10,6, mean=12.3333,12.0741,12.3333,11.9481,
ladder16 CEX t=241.299 it=1590000 cost=5.41694 pool=9416 checks=108 ideal=0.833333 hard=3 min=10,5,10,5, mean=12.7083,12.0574,12.7083,12.013,
