ladder16 EXACT t=0.0883096 it=0 score=0.333333 faults=137 penalty=161 ideal=0.875 hard=5 min=8,6,7,6, mean=11.9167,11.9519,11.9167,11.9593,
ladder16 EXACT t=0.0886421 it=0 eval=1 accepted=1 cost=331.334 best=331.334 faults=137 ideal=0.875 hard=5 min=8,6,7,6, mean=11.9167,11.9519,11.9167,11.9593,
ladder16 EXACT t=0.129837 it=5 score=0.333333 faults=92 penalty=116 ideal=0.666667 hard=19 min=7,4,7,6, mean=11.7083,11.9537,11.7083,11.9093,
ladder16 EXACT t=0.147447 it=7 score=0.333333 faults=91 penalty=115 ideal=0.666667 hard=24 min=7,4,7,6, mean=11.5417,11.9315,11.5417,11.8944,
ladder16 EXACT t=0.213097 it=12 score=0.333333 faults=89 penalty=113 ideal=0.666667 hard=14 min=7,4,7,6, mean=12.0833,11.863,12.0833,11.8852,
ladder16 EXACT t=0.371253 it=35 score=0.333333 faults=87 penalty=111 ideal=0.666667 hard=10 min=7,4,8,5, mean=11.8333,11.9852,11.8333,11.9037,
ladder16 EXACT t=0.467441 it=50 score=0.333333 faults=82 penalty=106 ideal=0.666667 hard=10 min=7,4,8,5, mean=11.7917,11.9944,11.7917,11.95,
ladder16 EXACT t=0.8493 it=115 score=0.333333 faults=79 penalty=109 ideal=0.666667 hard=11 min=7,4,8,5, mean=11.6667,12.0148,11.6667,11.9556,
ladder16 EXACT t=1.15705 it=160 score=0.333333 faults=78 penalty=99 ideal=0.666667 hard=10 min=7,4,8,5, mean=11.7083,12.0204,11.7083,11.9463,
ladder16 EXACT t=1.25474 it=177 score=0.333333 faults=76 penalty=97 ideal=0.833333 hard=7 min=8,5,7,5, mean=11.7917,11.9352,11.7917,11.9278,
ladder16 EXACT t=1.58123 it=208 score=0.333333 faults=75 penalty=93 ideal=0.833333 hard=11.125 min=8,5,7,5, mean=11.375,11.8722,11.375,11.8722,
ladder16 EXACT t=2.09193 it=271 score=0.333333 faults=70 penalty=82 ideal=0.666667 hard=24.3472 min=7,5,7,4, mean=11.4583,11.8685,11.4583,11.7722,
ladder16 EXACT t=2.29168 it=306 score=0.333333 faults=66 penalty=78 ideal=0.666667 hard=7.34722 min=8,5,8,4, mean=11.4583,11.8833,11.4583,11.8019,
ladder16 EXACT t=2.38108 it=326 score=0.333333 faults=64 penalty=76 ideal=0.666667 hard=18.3472 min=7,5,8,4, mean=11.4583,11.9204,11.4583,11.7648,
ladder16 EXACT t=6.98708 it=952 score=0.333333 faults=61 penalty=73 ideal=0.833333 hard=13 min=7,5,7,6, mean=11.5417,11.8352,11.5417,11.8204,
ladder16 EXACT t=7.01445 it=955 score=0.333333 faults=60 penalty=69 ideal=0.833333 hard=14.3889 min=7,5,7,6, mean=11.4167,11.8185,11.4167,11.8111,
ladder16 EXACT t=7.37026 it=985 score=0.333333 faults=59 penalty=68 ideal=0.833333 hard=11 min=7,5,8,5, mean=11.5833,11.9,11.5833,11.8037,
ladder16 EXACT t=7.49905 it=1000 eval=897 accepted=199 cost=153.577 best=153.577 faults=59 ideal=0.833333 hard=11 min=7,5,8,5, mean=11.5833,11.9,11.5833,11.8037,
ladder16 EXACT t=9.03971 it=1216 score=0.333333 faults=57 penalty=66 ideal=0.833333 hard=1 min=8,5,8,6, mean=11.625,12.0019,11.625,11.9944,
ladder16 EXACT t=10.4033 it=1386 score=0.333333 faults=56 penalty=65 ideal=0.833333 hard=3 min=8,5,8,5, mean=11.6667,12.0222,11.6667,11.9852,
ladder16 EXACT t=10.6368 it=1414 score=0.333333 faults=54 penalty=63 ideal=0.833333 hard=4 min=8,5,8,5, mean=11.5833,12.0481,11.5833,11.9815,
ladder16 EXACT t=10.8041 it=1428 score=0.333333 faults=52 penalty=61 ideal=0.833333 hard=4 min=8,5,8,5, mean=11.625,12.0685,11.625,11.913,
ladder16 EXACT t=11.3771 it=1485 score=0.333333 faults=51 penalty=60 ideal=0.833333 hard=8 min=7,5,8,5, mean=11.625,12.0241,11.625,11.9574,
ladder16 EXACT t=14.5893 it=1903 score=0.333333 faults=50 penalty=56 ideal=0.833333 hard=8 min=7,5,8,5, mean=11.8333,11.9333,11.8333,11.9556,
ladder16 EXACT t=14.7304 it=1921 score=0.333333 faults=49 penalty=55 ideal=0.833333 hard=8 min=7,5,8,5, mean=12,11.9333,12,11.9852,
ladder16 EXACT t=15.3077 it=2000 eval=1792 accepted=388 cost=124.294 best=121.98 faults=50 ideal=0.833333 hard=8 min=7,5,8,5, mean=11.875,12.013,11.875,11.9315,
ladder16 EXACT t=16.3518 it=2098 score=0.333333 faults=48 penalty=54 ideal=0.833333 hard=5 min=8,5,8,5, mean=11.5833,11.9963,11.5833,11.9519,
ladder16 EXACT t=20.54 it=2657 score=0.333333 faults=47 penalty=50 ideal=0.833333 hard=4 min=8,5,8,5, mean=11.5833,11.9963,11.5833,11.9593,
ladder16 EXACT t=20.6878 it=2677 score=0.333333 faults=45 penalty=48 ideal=0.833333 hard=10 min=8,5,7,5, mean=11.5,11.9037,11.5,11.963,
ladder16 EXACT t=21.3884 it=2804 score=0.666667 faults=46 penalty=46 ideal=0.666667 hard=12.3472 min=8,4,7,6, mean=11.4583,11.95,11.4583,11.9796,
ladder16 EXACT t=21.5051 it=2826 score=0.666667 faults=45 penalty=45 ideal=0.833333 hard=8 min=8,5,7,6, mean=11.5833,11.9593,11.5833,11.9815,
ladder16 EXACT t=22.6362 it=3000 eval=2654 accepted=562 cost=101.766 best=101.478 faults=44 ideal=0.833333 hard=3 min=8,5,8,6, mean=11.6667,11.9333,11.6667,11.9185,
ladder16 EXACT t=24.8321 it=3327 score=0.666667 faults=43 penalty=43 ideal=0.833333 hard=4 min=8,5,8,5, mean=11.625,12.0019,11.625,12.0389,
ladder16 EXACT t=27.5518 it=3674 score=0.666667 faults=42 penalty=42 ideal=0.833333 hard=4 min=8,5,8,5, mean=11.5833,12.0259,11.5833,11.9667,
ladder16 EXACT t=30.1669 it=3874 score=0.666667 faults=41 penalty=41 ideal=0.833333 hard=4 min=8,5,8,5, mean=11.625,12.0537,11.625,11.9796,
ladder16 EXACT t=31.9459 it=4000 eval=3511 accepted=737 cost=90.1395 best=90.1395 faults=41 ideal=0.833333 hard=4 min=8,5,8,5, mean=11.625,12.0537,11.625,11.9796,
ladder16 EXACT t=33.8776 it=4144 score=0.666667 faults=40 penalty=40 ideal=0.833333 hard=6 min=8,5,8,5, mean=11.7083,11.9241,11.7083,11.9389,
ladder16 EXACT t=42.2195 it=5000 eval=4333 accepted=888 cost=90.0726 best=89.3629 faults=41 ideal=0.833333 hard=4 min=8,5,8,5, mean=11.9167,11.9741,11.9167,11.9222,
ladder16 EXACT t=45.6971 it=5415 score=0.666667 faults=38 penalty=38 ideal=0.833333 hard=9 min=8,5,7,6, mean=11.6667,11.8815,11.6667,11.9259,
ladder16 EXACT t=51.0512 it=6000 eval=5192 accepted=1045 cost=89.9018 best=89.3629 faults=38 ideal=0.833333 hard=9 min=8,5,7,6, mean=11.875,11.9463,11.875,11.8648,
ladder16 EXACT t=60.1241 it=7000 eval=6031 accepted=1211 cost=89.3039 best=89.1846 faults=38 ideal=0.833333 hard=9 min=8,5,7,6, mean=11.9583,11.95,11.9583,11.9204,
ladder16 EXACT t=69.464 it=8000 eval=6868 accepted=1365 cost=89.3582 best=89.1846 faults=38 ideal=0.833333 hard=9 min=8,5,7,6, mean=11.7917,11.9722,11.7917,11.95,
ladder16 EXACT t=82.3596 it=9000 eval=7703 accepted=1507 cost=88.7151 best=88.7151 faults=38 ideal=0.833333 hard=8 min=8,5,7,6, mean=11.8333,11.9481,11.8333,11.9111,
ladder16 EXACT t=90.1931 it=10000 eval=8554 accepted=1647 cost=88.2387 best=88.2387 faults=38 ideal=0.833333 hard=8 min=8,5,7,6, mean=12,11.9037,12,11.9185,
ladder16 EXACT t=97.0943 it=11000 eval=9403 accepted=1793 cost=88.2387 best=88.2387 faults=38 ideal=0.833333 hard=8 min=8,5,7,6, mean=12,11.9037,12,11.9185,
ladder16 EXACT t=106.46 it=12000 eval=10259 accepted=1926 cost=88.2387 best=88.2387 faults=38 ideal=0.833333 hard=8 min=8,5,7,6, mean=12,11.9037,12,11.9185,
ladder16 EXACT t=114.504 it=13000 eval=11092 accepted=2026 cost=88.3129 best=88.2387 faults=38 ideal=0.833333 hard=8 min=8,5,7,6, mean=12,11.9037,12,11.9037,
ladder16 EXACT t=121.287 it=13876 score=0.666667 faults=35 penalty=35 ideal=0.833333 hard=8 min=8,5,7,5, mean=11.5833,11.9593,11.5833,11.937,
ladder16 EXACT t=122.316 it=14000 eval=11945 accepted=2174 cost=93.5041 best=83.2286 faults=36 ideal=0.666667 hard=15.3472 min=7,4,7,5, mean=11.4583,11.9574,11.4583,11.9204,
ladder16 EXACT t=129.617 it=15000 eval=12797 accepted=2343 cost=103.979 best=83.2286 faults=44 ideal=0.666667 hard=10.3472 min=8,4,8,4, mean=11.4583,11.95,11.4583,11.987,
ladder16 EXACT t=136.537 it=16000 eval=13615 accepted=2524 cost=88.7459 best=83.2286 faults=38 ideal=0.666667 hard=7 min=8,5,8,4, mean=11.5833,11.9148,11.5833,11.8926,
ladder16 EXACT t=143.177 it=17000 eval=14447 accepted=2689 cost=89.3987 best=83.2286 faults=36 ideal=0.666667 hard=12 min=7,5,8,4, mean=11.5,11.9481,11.5,11.9407,
ladder16 EXACT t=151.277 it=18000 eval=15272 accepted=2859 cost=96.6722 best=83.2286 faults=41 ideal=0.666667 hard=10 min=8,5,8,4, mean=11.6667,11.963,11.6667,11.9556,
ladder16 EXACT t=160.034 it=19000 eval=16116 accepted=3028 cost=84.1406 best=83.2286 faults=36 ideal=0.666667 hard=7 min=8,5,8,4, mean=11.75,11.8185,11.75,12.0111,
ladder16 EXACT t=166.26 it=20000 eval=16970 accepted=3152 cost=80.9019 best=80.6901 faults=35 ideal=0.666667 hard=7 min=9,5,8,4, mean=11.7917,11.9278,11.7917,12.0759,
ladder16 EXACT t=172.909 it=21000 eval=17833 accepted=3293 cost=81.0284 best=80.6901 faults=35 ideal=0.666667 hard=7 min=9,5,8,4, mean=11.8333,11.9704,11.8333,12.0667,
ladder16 EXACT t=178.722 it=22000 eval=18661 accepted=3460 cost=81.4778 best=80.6901 faults=35 ideal=0.666667 hard=7 min=8,5,8,4, mean=11.7083,11.9537,11.7083,12.0574,
ladder16 EXACT t=184.358 it=23000 eval=19483 accepted=3622 cost=81.3066 best=80.6901 faults=35 ideal=0.666667 hard=7 min=8,5,8,4, mean=11.75,11.9593,11.75,12.0704,
ladder16 EXACT t=189.96 it=24000 eval=20314 accepted=3783 cost=81.4869 best=80.6901 faults=35 ideal=0.666667 hard=7 min=8,5,8,4, mean=11.875,11.9167,11.875,12.0204,
ladder16 EXACT t=195.941 it=25000 eval=21142 accepted=3950 cost=81.0637 best=80.6901 faults=35 ideal=0.666667 hard=7 min=9,5,8,4, mean=11.9167,11.937,11.9167,12.0185,
ladder16 EXACT t=201.826 it=26000 eval=21974 accepted=4085 cost=81.0637 best=80.6901 faults=35 ideal=0.666667 hard=7 min=9,5,8,4, mean=11.9167,11.937,11.9167,12.0185,
ladder16 EXACT t=208.02 it=27000 eval=22818 accepted=4237 cost=80.9738 best=80.6901 faults=35 ideal=0.666667 hard=7 min=9,5,8,4, mean=11.875,11.9833,11.875,12.0944,
ladder16 EXACT t=212.974 it=28000 eval=23660 accepted=4379 cost=80.9588 best=80.6901 faults=35 ideal=0.666667 hard=7 min=9,5,8,4, mean=11.9583,11.9426,11.9583,12.0685,
ladder16 EXACT t=218.734 it=29000 eval=24491 accepted=4511 cost=80.9738 best=80.6901 faults=35 ideal=0.666667 hard=7 min=9,5,8,4, mean=11.875,11.9833,11.875,12.0944,
ladder16 EXACT t=225.152 it=30000 eval=25342 accepted=4651 cost=81.0632 best=80.6901 faults=35 ideal=0.666667 hard=7 min=9,5,8,4, mean=11.7083,11.9907,11.7083,12.0648,
ladder16 EXACT t=230.849 it=31000 eval=26184 accepted=4826 cost=80.9873 best=80.6901 faults=35 ideal=0.666667 hard=7 min=9,5,8,4, mean=11.9583,11.9352,11.9583,12.0463,
ladder16 EXACT t=236.236 it=32000 eval=27028 accepted=4965 cost=80.8324 best=80.6901 faults=35 ideal=0.666667 hard=7 min=9,5,8,4, mean=11.9583,11.9426,11.9583,12.0315,
ladder16 EXACT t=241.773 it=33000 eval=27892 accepted=5140 cost=100.556 best=80.6901 faults=44 ideal=0.833333 hard=7 min=7,6,8,5, mean=11.625,11.95,11.625,11.9204,
ladder16 EXACT t=247.998 it=34000 eval=28762 accepted=5346 cost=96.1006 best=80.6901 faults=42 ideal=0.666667 hard=8 min=8,5,8,4, mean=11.9583,11.987,11.9583,12.0389,
ladder16 EXACT t=254.873 it=35000 eval=29619 accepted=5540 cost=94.6596 best=80.6901 faults=40 ideal=0.666667 hard=9.34722 min=8,5,8,4, mean=11.4583,11.95,11.4583,11.9574,
ladder16 EXACT t=261.124 it=36000 eval=30462 accepted=5706 cost=94.3933 best=80.6901 faults=38 ideal=0.666667 hard=13 min=8,5,7,4, mean=11.625,11.8611,11.625,12.0537,
ladder16 EXACT t=266.723 it=37000 eval=31287 accepted=5867 cost=79.1792 best=79.1792 faults=31 ideal=0.5 hard=13 min=8,6,8,3, mean=11.9167,11.9667,11.9167,12.0185,
ladder16 EXACT t=272.934 it=38000 eval=32146 accepted=6042 cost=83.8915 best=79.1214 faults=38 ideal=0.833333 hard=4 min=8,5,8,5, mean=12.125,11.9648,12.125,12.0019,
ladder16 EXACT t=279.026 it=39000 eval=32997 accepted=6207 cost=79.1347 best=76.4468 faults=35 ideal=0.833333 hard=5 min=8,5,8,5, mean=12.0417,11.9463,12.0417,12.0056,
ladder16 EXACT t=285.074 it=40000 eval=33836 accepted=6379 cost=77.1616 best=76.4468 faults=35 ideal=0.833333 hard=3 min=8,5,8,5, mean=11.8333,11.9556,11.8333,12.0741,
ladder16 EXACT t=289.405 it=40780 score=0.666667 faults=34 penalty=34 ideal=0.833333 hard=4 min=9,5,8,5, mean=12.2083,11.9759,12.2083,12.0426,
ladder16 EXACT t=290.73 it=41000 eval=34677 accepted=6554 cost=75.5774 best=75.2262 faults=34 ideal=0.833333 hard=4 min=9,5,8,5, mean=12.2083,11.9463,12.2083,12.0278,
ladder16 EXACT t=292.988 it=41398 score=0.666667 faults=33 penalty=33 ideal=0.833333 hard=3 min=8,6,8,5, mean=12,11.9704,12,11.9926,
ladder16 EXACT t=296.57 it=42000 eval=35518 accepted=6708 cost=73.6252 best=72.8936 faults=33 ideal=0.833333 hard=4 min=8,5,8,5, mean=12.0417,11.9759,12.0417,12.013,
ladder16 EXACT t=303.17 it=43000 eval=36350 accepted=6864 cost=72.2991 best=72.2979 faults=33 ideal=0.833333 hard=3 min=8,6,9,5, mean=12.1667,12,12.1667,11.9926,
ladder16 EXACT t=309.257 it=44000 eval=37192 accepted=6995 cost=72.4518 best=72.2774 faults=33 ideal=0.833333 hard=3 min=8,6,9,5, mean=12.1667,12.0148,12.1667,12,
ladder16 EXACT t=315.784 it=45000 eval=38030 accepted=7156 cost=72.1888 best=72.1336 faults=33 ideal=0.833333 hard=3 min=8,6,9,5, mean=12.0833,11.9815,12.0833,12.0333,
ladder16 EXACT t=321.897 it=46000 eval=38859 accepted=7305 cost=72.2094 best=72.1336 faults=33 ideal=0.833333 hard=3 min=8,6,9,5, mean=12.0417,11.9907,12.0417,12.05,
ladder16 EXACT t=327.975 it=47000 eval=39703 accepted=7443 cost=72.4453 best=72.1336 faults=33 ideal=0.833333 hard=3 min=8,6,9,5, mean=12.125,11.9944,12.125,11.987,
ladder16 EXACT t=334.641 it=48000 eval=40558 accepted=7589 cost=72.2531 best=72.1336 faults=33 ideal=0.833333 hard=3 min=8,6,9,5, mean=12.1667,12.037,12.1667,12.0222,
ladder16 EXACT t=340.86 it=49000 eval=41385 accepted=7715 cost=72.0753 best=72.0327 faults=33 ideal=0.833333 hard=3 min=8,6,9,5, mean=12.1667,12.0296,12.1667,12.0148,
ladder16 EXACT t=347.13 it=50000 eval=42215 accepted=7867 cost=72.035 best=72.0327 faults=33 ideal=0.833333 hard=3 min=8,6,9,5, mean=12.25,12.0481,12.25,12.0185,
ladder16 EXACT t=353.944 it=51000 eval=43063 accepted=8020 cost=72.0753 best=72.0327 faults=33 ideal=0.833333 hard=3 min=8,6,9,5, mean=12.1667,12.0296,12.1667,12.0148,
ladder16 EXACT t=360.394 it=52000 eval=43901 accepted=8147 cost=78.0315 best=72.0327 faults=36 ideal=0.833333 hard=3 min=9,6,9,5, mean=11.9583,12.0093,11.9583,12.0241,
ladder16 EXACT t=366.912 it=53000 eval=44761 accepted=8358 cost=84.7489 best=72.0327 faults=37 ideal=0.833333 hard=6 min=8,5,8,5, mean=11.8333,11.9185,11.8333,11.9556,
ladder16 EXACT t=372.383 it=54000 eval=45603 accepted=8525 cost=85.5649 best=72.0327 faults=37 ideal=0.833333 hard=7 min=8,5,8,5, mean=11.5417,11.9315,11.5417,12.0722,
ladder16 EXACT t=378.319 it=55000 eval=46437 accepted=8693 cost=83.3003 best=72.0327 faults=34 ideal=0.833333 hard=5 min=8,5,8,5, mean=11.875,11.9759,11.875,12.0056,
ladder16 EXACT t=383.991 it=56000 eval=47282 accepted=8847 cost=79.1334 best=72.0327 faults=32 ideal=0.833333 hard=5 min=8,5,8,5, mean=11.875,11.9537,11.875,12.0204,
ladder16 EXACT t=389.512 it=57000 eval=48100 accepted=9030 cost=73.8537 best=72.0327 faults=30 ideal=0.833333 hard=4 min=8,5,8,5, mean=12.2917,11.9278,12.2917,11.9574,
ladder16 EXACT t=395.586 it=58000 eval=48953 accepted=9208 cost=72.1597 best=71.3329 faults=27 ideal=0.666667 hard=8 min=8,5,8,4, mean=11.9583,11.913,11.9583,12.0389,
ladder16 EXACT t=401.798 it=59000 eval=49776 accepted=9360 cost=60.5656 best=60.5656 faults=22 ideal=0.833333 hard=6 min=8,5,8,5, mean=11.875,11.8574,11.875,12.0352,
ladder16 EXACT t=407.073 it=60000 eval=50594 accepted=9520 cost=58.5247 best=57.3506 faults=22 ideal=0.833333 hard=5 min=8,5,8,5, mean=12,11.9926,12,12.0296,
ladder16 EXACT t=412.368 it=61000 eval=51397 accepted=9677 cost=51.1275 best=50.5157 faults=19 ideal=0.833333 hard=3 min=8,5,8,5, mean=11.625,11.95,11.625,12.0833,
ladder16 EXACT t=417.634 it=62000 eval=52192 accepted=9832 cost=49.6497 best=49.4338 faults=19 ideal=0.833333 hard=2 min=8,5,9,6, mean=11.75,12.0333,11.75,12.0556,
ladder16 EXACT t=422.949 it=63000 eval=52988 accepted=10004 cost=49.0943 best=48.8859 faults=19 ideal=0.833333 hard=1 min=8,5,8,6, mean=11.875,11.9611,11.875,11.9537,
ladder16 EXACT t=428.592 it=64000 eval=53807 accepted=10151 cost=47.9595 best=47.7851 faults=19 ideal=0.833333 hard=1 min=9,5,9,6, mean=11.9583,12.0167,11.9583,12.0167,
ladder16 EXACT t=434.535 it=65000 eval=54649 accepted=10300 cost=48.2584 best=47.7851 faults=19 ideal=0.833333 hard=1 min=9,5,8,6, mean=11.9583,11.9944,11.9583,12.0463,
ladder16 EXACT t=439.42 it=66000 eval=55485 accepted=10454 cost=47.9571 best=47.6661 faults=19 ideal=0.833333 hard=1 min=10,5,8,6, mean=12,12.0074,12,12.1185,
ladder16 EXACT t=444.543 it=67000 eval=56306 accepted=10597 cost=47.5802 best=47.5529 faults=19 ideal=0.833333 hard=1 min=10,5,9,6, mean=12.3333,11.9778,12.3333,12.0741,
ladder16 EXACT t=450.457 it=68000 eval=57137 accepted=10742 cost=47.7326 best=47.5529 faults=19 ideal=0.833333 hard=1 min=10,5,9,6, mean=12.125,12.0167,12.125,12.0759,
ladder16 EXACT t=456.12 it=69000 eval=57960 accepted=10884 cost=47.7723 best=47.5529 faults=19 ideal=0.833333 hard=1 min=9,5,9,6, mean=12.25,11.9593,12.25,12.0185,
ladder16 EXACT t=461.549 it=70000 eval=58763 accepted=11034 cost=47.5866 best=47.5529 faults=19 ideal=0.833333 hard=1 min=10,5,9,6, mean=12.25,11.9963,12.25,12.1,
ladder16 EXACT t=467.331 it=71000 eval=59602 accepted=11184 cost=47.6183 best=47.5529 faults=19 ideal=0.833333 hard=1 min=10,5,9,6, mean=12.2083,12.0278,12.2083,12.0204,
ladder16 EXACT t=472.638 it=72000 eval=60402 accepted=11328 cost=47.7427 best=47.5529 faults=19 ideal=0.833333 hard=1 min=9,5,9,6, mean=12.1667,12,12.1667,12.0222,
ladder16 EXACT t=478.239 it=73000 eval=61222 accepted=11475 cost=47.7473 best=47.5529 faults=19 ideal=0.833333 hard=1 min=9,5,9,6, mean=12.2917,11.9722,12.2917,12.0093,
ladder16 EXACT t=484.096 it=74000 eval=62062 accepted=11658 cost=71.8291 best=47.5529 faults=21 ideal=0.666667 hard=18 min=7,5,8,4, mean=11.8333,11.9481,11.8333,11.8444,
ladder16 EXACT t=489.643 it=75000 eval=62843 accepted=11854 cost=61.5894 best=47.5529 faults=20 ideal=0.666667 hard=9.34722 min=8,5,8,4, mean=11.4583,11.8167,11.4583,11.9722,
ladder16 EXACT t=492.152 it=75480 score=0.666667 faults=25 penalty=25 ideal=0.666667 hard=8 min=8,5,8,4, mean=11.6667,11.9111,11.6667,12.0296,
ladder16 EXACT t=492.259 it=75501 score=0.666667 faults=22 penalty=22 ideal=0.666667 hard=7 min=8,5,8,4, mean=11.7083,11.887,11.7083,12.013,
ladder16 EXACT t=493.092 it=75662 score=0.666667 faults=20 penalty=20 ideal=0.666667 hard=6.34722 min=8,5,8,4, mean=11.4583,11.9574,11.4583,11.9426,
ladder16 EXACT t=494.239 it=75907 score=0.666667 faults=19 penalty=19 ideal=0.666667 hard=11 min=7,5,8,4, mean=11.5833,11.9296,11.5833,11.8852,
ladder16 EXACT t=494.739 it=76000 eval=63615 accepted=12027 cost=52.9301 best=47.5529 faults=21 ideal=0.666667 hard=6 min=8,5,8,4, mean=11.7083,11.9315,11.7083,11.8648,
ladder16 EXACT t=495.489 it=76172 score=0.666667 faults=18 penalty=18 ideal=0.666667 hard=9 min=8,4,8,4, mean=11.5833,11.937,11.5833,11.9222,
ladder16 EXACT t=495.646 it=76193 score=0.666667 faults=17 penalty=17 ideal=0.666667 hard=9 min=8,4,8,4, mean=11.75,12.0037,11.75,11.863,
ladder16 EXACT t=499.691 it=77000 eval=64417 accepted=12203 cost=62.4874 best=47.5529 faults=24 ideal=0.666667 hard=10 min=8,4,8,4, mean=12.0833,11.9,12.0833,11.937,
ladder16 EXACT t=503.57 it=77751 score=0.666667 faults=16 penalty=16 ideal=0.666667 hard=13 min=9,4,8,4, mean=12.0417,11.9907,12.0417,11.9833,
ladder16 EXACT t=504.554 it=78000 eval=65215 accepted=12360 cost=45.8361 best=45.8361 faults=16 ideal=0.666667 hard=9 min=8,4,8,4, mean=11.75,11.9667,11.75,11.8926,
ladder16 EXACT t=509.738 it=79000 eval=65977 accepted=12541 cost=51.1497 best=45.5055 faults=18 ideal=0.666667 hard=11 min=8,4,9,4, mean=11.7917,12.0315,11.7917,11.9204,
ladder16 EXACT t=514.27 it=79738 score=0.666667 faults=15 penalty=15 ideal=0.666667 hard=10 min=8,4,9,4, mean=12.125,12.0093,12.125,11.95,
ladder16 EXACT t=515.31 it=80000 eval=66762 accepted=12701 cost=44.4123 best=43.5282 faults=15 ideal=0.666667 hard=10 min=8,4,8,4, mean=11.5833,11.9889,11.5833,11.9889,
ladder16 EXACT t=519.69 it=81000 eval=67522 accepted=12839 cost=44.5163 best=43.5282 faults=15 ideal=0.666667 hard=10 min=8,4,8,4, mean=11.7083,11.9611,11.7083,11.9537,
ladder16 EXACT t=520.255 it=81124 score=0.666667 faults=14 penalty=14 ideal=0.666667 hard=10 min=8,4,8,4, mean=11.7083,11.9685,11.7083,11.9833,
ladder16 EXACT t=523.058 it=81652 score=0.666667 faults=13 penalty=13 ideal=0.666667 hard=9 min=8,4,9,4, mean=12.25,11.9963,12.25,11.9741,
ladder16 EXACT t=523.65 it=81753 score=0.666667 faults=11 penalty=11 ideal=0.666667 hard=8 min=8,4,9,4, mean=12.0833,12.0111,12.0833,11.9889,
ladder16 EXACT t=524.929 it=82000 eval=68283 accepted=12987 cost=33.4154 best=33.311 faults=11 ideal=0.666667 hard=8 min=9,4,8,4, mean=11.875,12.013,11.875,12.0278,
ladder16 EXACT t=525.897 it=82181 score=0.666667 faults=10 penalty=10 ideal=0.666667 hard=8 min=9,4,8,4, mean=11.7917,11.987,11.7917,11.9944,
ladder16 EXACT t=530.408 it=83000 eval=68987 accepted=13121 cost=31.6454 best=31.6454 faults=10 ideal=0.666667 hard=8 min=9,4,8,4, mean=11.9167,12.0481,11.9167,12.0556,
ladder16 EXACT t=534.656 it=84000 eval=69698 accepted=13263 cost=31.4775 best=31.4775 faults=10 ideal=0.666667 hard=8 min=9,4,8,4, mean=11.9583,12.0389,11.9583,12.0611,
ladder16 EXACT t=538.647 it=85000 eval=70415 accepted=13409 cost=31.6824 best=31.4393 faults=10 ideal=0.666667 hard=8 min=9,4,8,4, mean=11.7917,12.0315,11.7917,12.0759,
ladder16 EXACT t=543.072 it=86000 eval=71131 accepted=13554 cost=31.7001 best=31.4393 faults=10 ideal=0.666667 hard=8 min=9,4,8,4, mean=11.9167,11.9963,11.9167,12.063,
ladder16 EXACT t=547.116 it=87000 eval=71847 accepted=13699 cost=31.5897 best=31.4393 faults=10 ideal=0.666667 hard=8 min=9,4,8,4, mean=11.7917,12.0463,11.7917,12.0389,
ladder16 EXACT t=552.203 it=88000 eval=72534 accepted=13823 cost=31.2489 best=31.2326 faults=10 ideal=0.666667 hard=8 min=9,4,8,4, mean=12.2083,11.9981,12.2083,12.0056,
ladder16 EXACT t=556.068 it=89000 eval=73239 accepted=13985 cost=31.2665 best=31.1696 faults=10 ideal=0.666667 hard=8 min=9,4,8,4, mean=12.2083,11.9315,12.2083,12.0352,
ladder16 EXACT t=560.072 it=90000 eval=73964 accepted=14149 cost=30.9022 best=30.7081 faults=10 ideal=0.666667 hard=8 min=10,4,9,4, mean=12.2917,12.0019,12.2917,11.987,
ladder16 EXACT t=564.764 it=91000 eval=74696 accepted=14303 cost=30.9708 best=30.7081 faults=10 ideal=0.666667 hard=8 min=9,4,9,4, mean=12.2917,12.0093,12.2917,12.0019,
ladder16 EXACT t=568.843 it=92000 eval=75435 accepted=14437 cost=30.8636 best=30.698 faults=10 ideal=0.666667 hard=8 min=9,4,10,4, mean=12.2083,12.1019,12.2083,11.9907,
ladder16 EXACT t=573.146 it=93000 eval=76155 accepted=14577 cost=30.9325 best=30.698 faults=10 ideal=0.666667 hard=8 min=9,4,10,4, mean=12.2083,12.0722,12.2083,11.9611,
ladder16 EXACT t=577.289 it=94000 eval=76875 accepted=14715 cost=30.8838 best=30.698 faults=10 ideal=0.666667 hard=8 min=9,4,10,4, mean=12.3333,12.0519,12.3333,11.8963,
ladder16 EXACT t=582.234 it=95000 eval=77629 accepted=14872 cost=30.9325 best=30.698 faults=10 ideal=0.666667 hard=8 min=9,4,10,4, mean=12.2083,12.0722,12.2083,11.9611,
ladder16 EXACT t=586.158 it=96000 eval=78343 accepted=15021 cost=27.1427 best=27.109 faults=10 ideal=0.666667 hard=4 min=9,4,8,6, mean=12.0417,12.0352,12.0417,12.05,
ladder16 EXACT t=586.321 it=96011 score=0.666667 faults=9 penalty=9 ideal=0.666667 hard=4 min=9,4,8,6, mean=11.7083,12.0426,11.7083,12.0722,
ladder16 EXACT t=590.051 it=97000 eval=78995 accepted=15140 cost=25.4903 best=25.4903 faults=9 ideal=0.666667 hard=4 min=9,4,8,6, mean=11.7083,12.0426,11.7083,12.0722,
ladder16 EXACT t=593.586 it=98000 eval=79680 accepted=15282 cost=25.5407 best=25.4903 faults=9 ideal=0.666667 hard=4 min=9,4,8,6, mean=11.8333,12.0444,11.8333,12.0444,
ladder16 EXACT t=596.839 it=99000 eval=80375 accepted=15427 cost=25.3299 best=25.3299 faults=9 ideal=0.666667 hard=4 min=9,4,8,6, mean=11.75,12.063,11.75,12.0778,
