ladder16 EXACT t=0.0204863 it=0 score=0.666667 faults=9 penalty=9 ideal=0.833333 hard=1 min=8,6,9,5, mean=11.875,12.0278,11.875,12.0204,
ladder16 EXACT t=0.0206782 it=0 eval=1 accepted=1 cost=24.3783 best=24.3783 faults=9 ideal=0.833333 hard=1 min=8,6,9,5, mean=11.875,12.0278,11.875,12.0204,
ladder16 EXACT t=6.32752 it=1000 eval=856 accepted=261 cost=58.8028 best=23.8072 faults=27 ideal=1 hard=0 min=8,6,9,6, mean=12.4583,12.0389,12.4583,11.9056,
ladder16 EXACT t=11.5358 it=2000 eval=1714 accepted=508 cost=51.8129 best=23.8072 faults=22 ideal=1 hard=0 min=8,6,8,6, mean=12,11.9556,12,11.9852,
ladder16 EXACT t=16.6022 it=3000 eval=2523 accepted=701 cost=39.7471 best=23.8072 faults=17 ideal=0.833333 hard=1 min=8,5,9,6, mean=12.5,12.0519,12.5,11.9407,
ladder16 EXACT t=21.5403 it=4000 eval=3311 accepted=840 cost=30.7609 best=23.8072 faults=12 ideal=0.833333 hard=1 min=8,6,8,5, mean=11.8333,12.0741,11.8333,11.9333,
ladder16 EXACT t=26.6873 it=5000 eval=4098 accepted=994 cost=35.515 best=23.8072 faults=14 ideal=0.833333 hard=3 min=8,6,9,5, mean=12.0833,12.0852,12.0833,12.0481,
ladder16 EXACT t=31.3266 it=6000 eval=4841 accepted=1118 cost=34.3641 best=23.8072 faults=12 ideal=0.833333 hard=4 min=8,6,8,5, mean=11.875,11.9611,11.875,11.9685,
ladder16 EXACT t=35.4068 it=7000 eval=5601 accepted=1260 cost=25.3481 best=23.8072 faults=10 ideal=0.833333 hard=1 min=8,6,9,5, mean=12.375,11.9685,12.375,12.0278,
ladder16 EXACT t=37.2936 it=7399 score=0.666667 faults=8 penalty=8 ideal=1 hard=0 min=8,6,8,6, mean=12,11.9037,12,12.0296,
ladder16 EXACT t=37.3201 it=7404 score=0.666667 faults=7 penalty=7 ideal=0.833333 hard=1 min=8,5,8,6, mean=12.0833,11.8778,12.0833,12.0259,
ladder16 EXACT t=37.3982 it=7429 score=0.666667 faults=6 penalty=6 ideal=0.833333 hard=2 min=8,6,8,5, mean=11.875,11.887,11.875,12.013,
ladder16 EXACT t=39.9539 it=8000 eval=6318 accepted=1405 cost=22.3342 best=18.1279 faults=8 ideal=0.833333 hard=1 min=8,6,8,5, mean=11.625,12.0019,11.625,11.987,
ladder16 EXACT t=44.1493 it=9000 eval=6987 accepted=1554 cost=17.0692 best=16.2292 faults=6 ideal=1 hard=0 min=8,6,8,6, mean=11.75,11.9667,11.75,12.0185,
ladder16 EXACT t=48.5325 it=10000 eval=7698 accepted=1681 cost=16.0499 best=15.882 faults=6 ideal=1 hard=0 min=8,6,8,6, mean=12.25,12.0111,12.25,12.063,
ladder16 EXACT t=52.9689 it=11000 eval=8415 accepted=1834 cost=15.9477 best=15.6023 faults=6 ideal=1 hard=0 min=9,6,9,6, mean=12.4583,12.0093,12.4583,12.0093,
ladder16 EXACT t=56.9429 it=12000 eval=9166 accepted=1993 cost=16.2034 best=15.5349 faults=6 ideal=1 hard=0 min=8,6,9,6, mean=12.25,12.0407,12.25,11.9963,
ladder16 EXACT t=60.0731 it=12874 score=0.666667 faults=5 penalty=5 ideal=0.833333 hard=1 min=9,6,9,5, mean=12.25,12.063,12.25,12.0556,
ladder16 EXACT t=60.7721 it=13000 eval=9883 accepted=2130 cost=13.9555 best=13.9555 faults=5 ideal=1 hard=0 min=9,6,9,6, mean=12.2917,11.987,12.2917,12.0463,
ladder16 EXACT t=65.1903 it=14000 eval=10605 accepted=2261 cost=13.5724 best=13.2216 faults=5 ideal=1 hard=0 min=9,6,9,6, mean=12.2917,12.0389,12.2917,12.0685,
ladder16 EXACT t=65.4178 it=14049 score=0.666667 faults=4 penalty=4 ideal=1 hard=0 min=9,6,8,6, mean=12.3333,11.9778,12.3333,12.0519,
ladder16 EXACT t=69.712 it=15000 eval=11308 accepted=2369 cost=11.139 best=11.1288 faults=4 ideal=1 hard=0 min=9,6,10,6, mean=12.5833,11.9963,12.5833,12.0704,
ladder16 EXACT t=73.5939 it=16000 eval=12029 accepted=2494 cost=11.4141 best=11.0475 faults=4 ideal=1 hard=0 min=9,6,9,6, mean=12.375,12.0056,12.375,12.0574,
ladder16 EXACT t=77.9194 it=17000 eval=12711 accepted=2606 cost=11.3251 best=11.0475 faults=4 ideal=1 hard=0 min=9,6,9,6, mean=12.6667,12.0148,12.6667,11.9778,
ladder16 EXACT t=81.9836 it=18000 eval=13400 accepted=2723 cost=11.2086 best=11.0475 faults=4 ideal=1 hard=0 min=9,6,10,6, mean=12.4167,12.0704,12.4167,12.0259,
ladder16 EXACT t=86.4663 it=19000 eval=14113 accepted=2825 cost=11.0574 best=11.0475 faults=4 ideal=1 hard=0 min=10,6,10,6, mean=12.7083,12.0426,12.7083,11.9981,
ladder16 EXACT t=91.3308 it=20000 eval=14861 accepted=2973 cost=66.7442 best=11.0475 faults=27 ideal=0.833333 hard=7 min=8,5,8,5, mean=12.625,11.8981,12.625,11.8907,
ladder16 EXACT t=97.5785 it=21000 eval=15718 accepted=3236 cost=49.8674 best=11.0475 faults=16 ideal=0.666667 hard=6 min=8,5,9,4, mean=12.0417,11.9759,12.0417,11.9981,
ladder16 EXACT t=104.892 it=22000 eval=16508 accepted=3402 cost=48.2123 best=11.0475 faults=21 ideal=0.833333 hard=1 min=8,5,8,6, mean=12.0833,11.9519,12.0833,11.9593,
ladder16 EXACT t=112.737 it=23000 eval=17279 accepted=3576 cost=21.4654 best=11.0475 faults=8 ideal=0.833333 hard=1 min=8,6,8,5, mean=11.75,12.0556,11.75,11.9815,
ladder16 EXACT t=118.417 it=24000 eval=17967 accepted=3712 cost=26.1025 best=11.0475 faults=10 ideal=1 hard=0 min=8,6,8,6, mean=11.875,12.0204,11.875,11.9463,
ladder16 EXACT t=123.429 it=25000 eval=18636 accepted=3838 cost=26.2989 best=11.0475 faults=10 ideal=0.833333 hard=1 min=8,6,8,5, mean=11.8333,12.0222,11.8333,12.0519,
ladder16 EXACT t=128.542 it=26000 eval=19312 accepted=3970 cost=21.0431 best=11.0475 faults=8 ideal=1 hard=0 min=8,6,8,6, mean=12,12.0222,12,12.037,
ladder16 EXACT t=134.017 it=27000 eval=19999 accepted=4107 cost=21.6393 best=11.0475 faults=8 ideal=0.833333 hard=1 min=8,5,9,6, mean=12.2917,11.9796,12.2917,12.0019,
ladder16 EXACT t=139.373 it=28000 eval=20714 accepted=4252 cost=22.0282 best=11.0475 faults=7 ideal=0.833333 hard=2 min=8,5,8,6, mean=11.8333,11.9111,11.8333,11.9407,
ladder16 EXACT t=143.956 it=29000 eval=21364 accepted=4382 cost=19.5546 best=11.0475 faults=7 ideal=1 hard=0 min=8,6,8,6, mean=11.7917,11.9944,11.7917,12.0315,
ladder16 EXACT t=148.77 it=30000 eval=22038 accepted=4495 cost=18.763 best=11.0475 faults=7 ideal=1 hard=0 min=8,6,9,6, mean=11.9167,12.063,11.9167,12.0037,
ladder16 EXACT t=152.729 it=31000 eval=22718 accepted=4616 cost=18.9616 best=11.0475 faults=7 ideal=1 hard=0 min=8,6,9,6, mean=11.8333,12.037,11.8333,11.9926,
ladder16 EXACT t=156.221 it=32000 eval=23375 accepted=4726 cost=18.9052 best=11.0475 faults=7 ideal=1 hard=0 min=8,6,9,6, mean=11.9167,12.063,11.9167,11.9889,
ladder16 EXACT t=161.159 it=33000 eval=24093 accepted=4849 cost=18.6078 best=11.0475 faults=7 ideal=1 hard=0 min=8,6,9,6, mean=12.3333,11.9778,12.3333,11.9704,
ladder16 EXACT t=165.494 it=34000 eval=24795 accepted=4964 cost=18.1706 best=11.0475 faults=7 ideal=1 hard=0 min=8,6,10,6, mean=12.2917,12.0093,12.2917,12.0833,
ladder16 EXACT t=169.851 it=35000 eval=25496 accepted=5072 cost=18.3031 best=11.0475 faults=7 ideal=1 hard=0 min=8,6,9,6, mean=12.125,12.0685,12.125,12.0611,
ladder16 EXACT t=174.529 it=36000 eval=26181 accepted=5210 cost=18.2454 best=11.0475 faults=7 ideal=1 hard=0 min=8,6,10,6, mean=12.25,12.0407,12.25,12.063,
ladder16 EXACT t=179.199 it=37000 eval=26897 accepted=5325 cost=18.1991 best=11.0475 faults=7 ideal=1 hard=0 min=8,6,10,6, mean=12.1667,12.0296,12.1667,12.0963,
ladder16 EXACT t=185.884 it=38000 eval=27741 accepted=5585 cost=82.8552 best=11.0475 faults=31 ideal=0.833333 hard=8 min=8,5,7,5, mean=11.75,11.9444,11.75,11.9741,
ladder16 EXACT t=193.723 it=39000 eval=28584 accepted=5805 cost=46.7914 best=11.0475 faults=19 ideal=0.833333 hard=3 min=8,5,8,5, mean=11.75,11.9222,11.75,11.9148,
ladder16 EXACT t=199.805 it=40000 eval=29381 accepted=5963 cost=37.5147 best=11.0475 faults=14 ideal=0.833333 hard=3 min=8,5,8,6, mean=11.6667,11.8593,11.6667,11.963,
ladder16 EXACT t=204.952 it=41000 eval=30165 accepted=6115 cost=34.1842 best=11.0475 faults=14 ideal=1 hard=0 min=8,6,8,6, mean=12,11.9407,12,11.9778,
ladder16 EXACT t=210.207 it=42000 eval=30909 accepted=6258 cost=30.8526 best=11.0475 faults=12 ideal=0.833333 hard=1 min=8,5,8,6, mean=12.0833,11.863,12.0833,11.9667,
ladder16 EXACT t=216.568 it=43000 eval=31645 accepted=6383 cost=30.1231 best=11.0475 faults=11 ideal=0.833333 hard=3 min=8,5,8,5, mean=11.8333,12.0074,11.8333,11.9852,
ladder16 EXACT t=222.187 it=44000 eval=32355 accepted=6509 cost=18.8587 best=11.0475 faults=7 ideal=1 hard=0 min=8,6,8,6, mean=11.8333,12,11.8333,12.0222,
ladder16 EXACT t=227.048 it=45000 eval=33027 accepted=6619 cost=19.1992 best=11.0475 faults=7 ideal=1 hard=0 min=8,6,8,6, mean=11.9167,12.0111,11.9167,11.9741,
ladder16 EXACT t=231.056 it=46000 eval=33746 accepted=6771 cost=18.9357 best=11.0475 faults=7 ideal=1 hard=0 min=8,6,8,6, mean=12.2917,11.913,12.2917,12.0389,
ladder16 EXACT t=235.529 it=47000 eval=34510 accepted=6908 cost=18.4022 best=11.0475 faults=7 ideal=1 hard=0 min=8,6,9,6, mean=12,11.9778,12,12.0074,
ladder16 EXACT t=241.192 it=48000 eval=35228 accepted=7029 cost=18.2746 best=11.0475 faults=7 ideal=1 hard=0 min=8,6,8,6, mean=12.2917,11.9722,12.2917,11.987,
ladder16 EXACT t=248.001 it=49000 eval=35937 accepted=7137 cost=18.4353 best=11.0475 faults=7 ideal=1 hard=0 min=8,6,9,6, mean=12,11.9778,12,12,
ladder16 EXACT t=253.309 it=50000 eval=36658 accepted=7258 cost=18.1526 best=11.0475 faults=7 ideal=1 hard=0 min=8,6,9,6, mean=11.9583,12.0389,11.9583,11.987,
ladder16 EXACT t=257.51 it=51000 eval=37397 accepted=7369 cost=18.0562 best=11.0475 faults=7 ideal=1 hard=0 min=8,6,9,6, mean=12.1667,12.0074,12.1667,11.9778,
ladder16 EXACT t=261.681 it=52000 eval=38125 accepted=7479 cost=18.0761 best=11.0475 faults=7 ideal=1 hard=0 min=8,6,9,6, mean=12.2083,12.0426,12.2083,12.0204,
ladder16 EXACT t=267.091 it=53000 eval=38846 accepted=7584 cost=17.9778 best=11.0475 faults=7 ideal=1 hard=0 min=8,6,9,6, mean=12,12.0963,12,12.0519,
ladder16 EXACT t=273.101 it=54000 eval=39624 accepted=7738 cost=78.2638 best=11.0475 faults=20 ideal=0.666667 hard=26 min=7,4,7,4, mean=12.2083,11.9093,12.2083,11.9685,
ladder16 EXACT t=279.43 it=55000 eval=40443 accepted=7940 cost=64.0449 best=11.0475 faults=22 ideal=0.833333 hard=11 min=8,5,7,5, mean=11.8333,11.8741,11.8333,12,
ladder16 EXACT t=285.652 it=56000 eval=41285 accepted=8163 cost=48.8053 best=11.0475 faults=19 ideal=0.833333 hard=3 min=8,5,8,5, mean=11.9583,11.9944,11.9583,11.9204,
ladder16 EXACT t=294.257 it=57000 eval=42066 accepted=8328 cost=43.307 best=11.0475 faults=12 ideal=0.875 hard=5 min=8,6,7,6, mean=11.9167,11.9444,11.9167,11.9889,
ladder16 EXACT t=305.573 it=58000 eval=42791 accepted=8456 cost=28.3383 best=11.0475 faults=10 ideal=0.833333 hard=2 min=8,5,8,5, mean=11.875,11.9463,11.875,11.9685,
ladder16 EXACT t=312.79 it=59000 eval=43490 accepted=8575 cost=24.1467 best=11.0475 faults=9 ideal=1 hard=0 min=8,6,8,6, mean=12,11.9333,12,12.0222,
ladder16 EXACT t=319.771 it=60000 eval=44189 accepted=8691 cost=24.3347 best=11.0475 faults=9 ideal=1 hard=0 min=8,6,8,6, mean=11.8333,11.9704,11.8333,12.0519,
ladder16 EXACT t=329.646 it=61000 eval=44895 accepted=8806 cost=24.6626 best=11.0475 faults=9 ideal=1 hard=0 min=8,6,8,6, mean=11.9583,11.9352,11.9583,12.0241,
ladder16 EXACT t=338.166 it=62000 eval=45621 accepted=8921 cost=24.0562 best=11.0475 faults=9 ideal=1 hard=0 min=8,6,8,6, mean=12.2917,11.9278,12.2917,11.9944,
ladder16 EXACT t=349.038 it=63000 eval=46307 accepted=9005 cost=24.0234 best=11.0475 faults=9 ideal=1 hard=0 min=8,6,8,6, mean=12.2083,11.9167,12.2083,11.9907,
ladder16 EXACT t=358.762 it=64000 eval=47014 accepted=9094 cost=23.4605 best=11.0475 faults=9 ideal=1 hard=0 min=8,6,8,6, mean=11.875,12.0056,11.875,12.0278,
ladder16 EXACT t=363.912 it=65000 eval=47811 accepted=9282 cost=90.7116 best=11.0475 faults=31 ideal=0.666667 hard=20 min=7,5,7,4, mean=11.5417,11.8722,11.5417,11.9537,
ladder16 EXACT t=369.917 it=66000 eval=48655 accepted=9483 cost=70.0651 best=11.0475 faults=25 ideal=0.833333 hard=13 min=7,5,7,5, mean=11.6667,12.0074,11.6667,11.9852,
ladder16 EXACT t=375.634 it=67000 eval=49494 accepted=9681 cost=69.1259 best=11.0475 faults=28 ideal=0.833333 hard=6 min=7,5,8,6, mean=11.5833,11.9963,11.5833,11.9444,
ladder16 EXACT t=381.179 it=68000 eval=50322 accepted=9850 cost=58.1181 best=11.0475 faults=21 ideal=0.833333 hard=8 min=7,5,8,5, mean=11.7083,11.9833,11.7083,11.9463,
ladder16 EXACT t=386.157 it=69000 eval=51063 accepted=10004 cost=57.7266 best=11.0475 faults=17 ideal=0.833333 hard=15 min=7,5,7,5, mean=11.625,11.8389,11.625,11.987,
ladder16 EXACT t=393.937 it=70000 eval=51853 accepted=10133 cost=41.5287 best=11.0475 faults=16 ideal=0.833333 hard=2 min=8,5,8,5, mean=11.5,11.963,11.5,11.9926,
ladder16 EXACT t=399.545 it=71000 eval=52610 accepted=10247 cost=38.5212 best=11.0475 faults=15 ideal=0.833333 hard=2 min=8,5,8,6, mean=11.9167,11.9519,11.9167,11.9667,
ladder16 EXACT t=405.941 it=72000 eval=53396 accepted=10379 cost=33.9813 best=11.0475 faults=14 ideal=0.833333 hard=1 min=9,5,8,6, mean=12,12.0148,12,11.8963,
ladder16 EXACT t=411.158 it=73000 eval=54176 accepted=10478 cost=34.6971 best=11.0475 faults=14 ideal=0.833333 hard=1 min=8,5,8,6, mean=11.8333,11.9778,11.8333,11.9481,
ladder16 EXACT t=416.896 it=74000 eval=54963 accepted=10605 cost=31.6796 best=11.0475 faults=13 ideal=0.833333 hard=1 min=9,5,8,6, mean=12.0417,12.0056,12.0417,12.0204,
ladder16 EXACT t=423.29 it=75000 eval=55770 accepted=10712 cost=31.8294 best=11.0475 faults=13 ideal=0.833333 hard=1 min=8,5,8,6, mean=12.0833,12.0037,12.0833,12.0333,
ladder16 EXACT t=428.744 it=76000 eval=56541 accepted=10804 cost=31.3679 best=11.0475 faults=13 ideal=0.833333 hard=1 min=9,5,9,6, mean=12.5833,11.937,12.5833,11.937,
ladder16 EXACT t=434.686 it=77000 eval=57353 accepted=10918 cost=31.3679 best=11.0475 faults=13 ideal=0.833333 hard=1 min=9,5,9,6, mean=12.5833,11.937,12.5833,11.937,
ladder16 EXACT t=439.884 it=78000 eval=58126 accepted=11015 cost=30.8953 best=11.0475 faults=13 ideal=1 hard=0 min=9,6,8,6, mean=12.3333,11.9259,12.3333,11.9185,
ladder16 EXACT t=445.207 it=79000 eval=58885 accepted=11108 cost=30.4688 best=11.0475 faults=13 ideal=1 hard=0 min=9,6,9,6, mean=12.25,11.9444,12.25,12.0037,
ladder16 EXACT t=451.037 it=80000 eval=59671 accepted=11226 cost=70.2053 best=11.0475 faults=29 ideal=0.833333 hard=5 min=8,5,8,5, mean=11.6667,11.9704,11.6667,11.9407,
ladder16 EXACT t=458.168 it=81000 eval=60522 accepted=11460 cost=73.0027 best=11.0475 faults=28 ideal=0.833333 hard=7.34722 min=8,5,8,5, mean=11.4583,11.8685,11.4583,11.9648,
ladder16 EXACT t=464.148 it=82000 eval=61352 accepted=11649 cost=60.5658 best=11.0475 faults=21 ideal=0.666667 hard=11 min=8,5,8,4, mean=11.875,12.0204,11.875,11.9241,
ladder16 EXACT t=470.493 it=83000 eval=62158 accepted=11835 cost=48.2556 best=11.0475 faults=16 ideal=0.833333 hard=7.34722 min=8,5,7,5, mean=11.4583,11.8907,11.4583,11.8833,
ladder16 EXACT t=476.457 it=84000 eval=62916 accepted=11981 cost=48.6614 best=11.0475 faults=20 ideal=0.833333 hard=2 min=8,5,9,5, mean=11.9167,12.0407,11.9167,11.9296,
ladder16 EXACT t=482.555 it=85000 eval=63696 accepted=12106 cost=38.8017 best=11.0475 faults=14 ideal=0.833333 hard=3 min=8,5,8,6, mean=11.7917,11.9722,11.7917,11.9796,
ladder16 EXACT t=488.124 it=86000 eval=64424 accepted=12233 cost=29.5517 best=11.0475 faults=10 ideal=0.833333 hard=3 min=8,5,9,5, mean=11.9167,11.9963,11.9167,11.9593,
ladder16 EXACT t=494.345 it=87000 eval=65095 accepted=12348 cost=24.0478 best=11.0475 faults=8 ideal=0.833333 hard=1 min=8,5,8,6, mean=11.8333,11.9704,11.8333,12.0444,
ladder16 EXACT t=501.262 it=88000 eval=65808 accepted=12484 cost=19.119 best=11.0475 faults=7 ideal=1 hard=0 min=8,6,9,6, mean=11.9167,12.0111,11.9167,12.0556,
ladder16 EXACT t=508.186 it=89000 eval=66601 accepted=12620 cost=18.5767 best=11.0475 faults=7 ideal=1 hard=0 min=8,6,9,6, mean=12,12.0741,12,12.0815,
ladder16 EXACT t=514.12 it=90000 eval=67360 accepted=12736 cost=15.1931 best=11.0475 faults=5 ideal=1 hard=0 min=8,6,8,6, mean=12.1667,12.0667,12.1667,11.9926,
ladder16 EXACT t=519.418 it=91000 eval=68067 accepted=12828 cost=12.7502 best=11.0475 faults=4 ideal=1 hard=0 min=9,6,8,6, mean=12.3333,12.0296,12.3333,12.0889,
ladder16 EXACT t=523.551 it=92000 eval=68776 accepted=12926 cost=12.6556 best=11.0475 faults=4 ideal=1 hard=0 min=9,6,8,6, mean=12.2083,12.0204,12.2083,12.0722,
ladder16 EXACT t=528.284 it=93000 eval=69490 accepted=13026 cost=12.6344 best=11.0475 faults=4 ideal=1 hard=0 min=10,6,8,6, mean=12.3333,12,12.3333,12.037,
ladder16 EXACT t=532.433 it=94000 eval=70172 accepted=13126 cost=12.6711 best=11.0475 faults=4 ideal=1 hard=0 min=9,6,8,6, mean=12.2917,12.0093,12.2917,12.0537,
ladder16 EXACT t=537.987 it=95000 eval=70888 accepted=13232 cost=12.5769 best=11.0475 faults=4 ideal=1 hard=0 min=10,6,8,6, mean=12.3333,12.0074,12.3333,12.0667,
ladder16 EXACT t=544.969 it=96000 eval=71687 accepted=13412 cost=56.4212 best=11.0475 faults=18 ideal=0.833333 hard=6 min=7,6,8,5, mean=11.7083,11.9981,11.7083,11.9907,
ladder16 EXACT t=552.735 it=97000 eval=72512 accepted=13611 cost=47.7732 best=11.0475 faults=16 ideal=0.833333 hard=8 min=7,6,8,5, mean=12.0833,11.9963,12.0833,11.9889,
ladder16 EXACT t=560.014 it=98000 eval=73293 accepted=13786 cost=22.7594 best=11.0475 faults=7 ideal=0.833333 hard=1 min=8,5,8,6, mean=11.9167,12.0037,11.9167,12.0333,
ladder16 EXACT t=565.073 it=99000 eval=74038 accepted=13932 cost=29.086 best=11.0475 faults=10 ideal=0.833333 hard=2 min=8,5,8,5, mean=12.3333,11.9333,12.3333,12,
ladder16 EXACT t=569.1 it=100000 eval=74761 accepted=14082 cost=27.6821 best=11.0475 faults=10 ideal=1 hard=0 min=8,6,8,6, mean=12.0833,11.9889,12.0833,11.937,
ladder16 EXACT t=575.125 it=101000 eval=75502 accepted=14224 cost=21.7706 best=11.0475 faults=7 ideal=0.833333 hard=1 min=8,5,9,6, mean=12.2917,12.0167,12.2917,11.9426,
ladder16 EXACT t=581.448 it=102000 eval=76184 accepted=14350 cost=19.6116 best=11.0475 faults=6 ideal=0.833333 hard=1 min=8,5,8,6, mean=12.2083,11.9833,12.2083,11.9759,
ladder16 EXACT t=587.247 it=103000 eval=76899 accepted=14469 cost=17.9189 best=11.0475 faults=6 ideal=1 hard=0 min=9,6,8,6, mean=11.875,12.0648,11.875,12.0056,
ladder16 EXACT t=592.144 it=104000 eval=77635 accepted=14589 cost=16.5843 best=11.0475 faults=5 ideal=0.833333 hard=1 min=9,5,9,6, mean=12.375,12.0426,12.375,12.0056,
