start 0 count 32
iteration 5 ratios [1.05141869 1.05035833 1.05238671] best 1.0503583263619019 seconds 0.41
iteration 10 ratios [1.06964008 1.06822884 1.07092717] best 1.0682288394332007 seconds 0.76
iteration 15 ratios [1.07684742 1.07533116 1.07822899] best 1.0753311553715257 seconds 1.1
iteration 20 ratios [1.08337736 1.08176808 1.0848426 ] best 1.0817680768220483 seconds 1.49
iteration 25 ratios [1.08761901 1.08593652 1.08915038] best 1.085936522787179 seconds 1.83
iteration 30 ratios [1.08984287 1.08812149 1.09140935] best 1.0881214868050102 seconds 2.18
iteration 35 ratios [1.09046111 1.08874041 1.0920267 ] best 1.0887404090314088 seconds 2.53
iteration 40 ratios [1.0907868  1.08906686 1.09235151] best 1.0890668553746632 seconds 2.89
iteration 45 ratios [1.09089237 1.0891666  1.09246247] best 1.0891666048321649 seconds 3.25
iteration 50 ratios [1.09095429 1.08922471 1.09252792] best 1.089224714445273 seconds 3.61
iteration 55 ratios [1.09099074 1.08925938 1.09256603] best 1.089259383389471 seconds 3.96
iteration 60 ratios [1.0910493  1.08931626 1.09262613] best 1.0893162559942668 seconds 4.32
iteration 65 ratios [1.09109209 1.08935836 1.09266953] best 1.0893583619458653 seconds 4.67
iteration 70 ratios [1.09112666 1.08939079 1.09270608] best 1.0893907896271051 seconds 5.03
iteration 75 ratios [1.0911394  1.08940119 1.092721  ] best 1.0894011932675358 seconds 5.39
iteration 80 ratios [1.09116332 1.08941978 1.0927499 ] best 1.0894197799351621 seconds 5.79
iteration 85 ratios [1.09118668 1.08943649 1.09277953] best 1.0894364902515634 seconds 6.14
iteration 90 ratios [1.09119841 1.08947197 1.09276908] best 1.089471974235483 seconds 6.5
iteration 95 ratios [1.09121122 1.08947763 1.09278857] best 1.0894776267803925 seconds 6.86
iteration 100 ratios [1.09120978 1.0894778  1.09278563] best 1.089477800644509 seconds 7.21
iteration 105 ratios [1.09120761 1.08948053 1.09277888] best 1.0894805257662594 seconds 7.57
iteration 110 ratios [1.09121478 1.08948246 1.09279094] best 1.089482458754984 seconds 7.96
iteration 115 ratios [1.09121351 1.08948418 1.09278687] best 1.0894841789659682 seconds 8.33
iteration 120 ratios [1.09122268 1.089491   1.09279824] best 1.0894910006055332 seconds 8.69
iteration 125 ratios [1.09122355 1.08949104 1.0927999 ] best 1.089491043048751 seconds 9.05
iteration 130 ratios [1.09122362 1.08949118 1.09279989] best 1.089491180473214 seconds 9.41
Optimization terminated successfully    (Exit mode 0)
            Current function value: -0.0857107803474845
            Iterations: 132
            Function evaluations: 132
            Gradient evaluations: 132
result True Optimization terminated successfully ratios [1.09122362 1.08949118 1.09279989]
