CONFIG n 4096 checks 768 rank 763 pass 0 groups 20 initial_best 1000
BEST 328: 0 5 8 10 11 13 16 17 19 21 26 29 32 49 160 166 167 169 172 174 175 177 180 185 190 191 224 226 227 229 232 235 236 239 240 241 243 244 245 246 247 248 249 250 253 254 485 499 597 603 736 742 743 744 746 747 748 750 755 756 759 760 761 762 763 764 765 766 902 924 1025 1026 1027 1028 1029 1032 1034 1035 1036 1037 1040 1042 1043 1044 1049 1053 1054 1055 1280 1282 1283 1284 1285 1286 1288 1289 1290 1292 1294 1296 1297 1300 1302 1303 1304 1305 1306 1308 1309 1310 1423 1426 1728 1730 1733 1737 1738 1740 1744 1745 1748 1749 1751 1752 1753 1754 1755 1756 1757 1758 1760 1761 1762 1763 1766 1767 1769 1770 1771 1776 1779 1781 1782 1783 1787 1789 1790 1791 1792 1794 1798 1805 1807 1808 1809 1810 1811 1812 1813 1814 1816 1818 1889 1891 1893 1895 1896 1897 1898 1899 1903 1904 1905 1906 1907 1908 1909 1912 1914 1918 2048 2049 2051 2056 2059 2060 2063 2065 2067 2068 2069 2070 2071 2074 2075 2076 2077 2078 2498 2500 2503 2507 2509 2511 2513 2514 2517 2521 2523 2524 2531 2535 2536 2537 2540 2541 2543 2544 2545 2547 2549 2550 2552 2554 2558 2559 2659 2675 2740 2751 2786 2788 2790 2794 2795 2796 2797 2810 2812 2813 2886 2889 2893 2894 2895 2901 2902 2903 2906 2907 2908 2909 2910 2911 2947 2948 2949 2954 2955 2957 2959 2961 2965 2966 2972 2973 3298 3299 3300 3301 3303 3305 3314 3315 3316 3318 3321 3323 3326 3327 3424 3425 3427 3430 3431 3432 3436 3437 3440 3443 3446 3447 3448 3452 3454 3455 3530 3535 3650 3652 3654 3655 3656 3661 3662 3664 3665 3668 3669 3670 3672 3673 3675 3679 3757 3758 3936 3943 3945 3946 3948 3949 3950 3954 3956 3958 3959 3962
BEST 322: 0 4 9 13 17 18 19 24 25 29 30 31 34 49 161 162 163 165 166 169 170 174 176 180 185 186 187 188 225 226 227 229 232 233 235 236 237 239 242 243 244 247 248 251 597 603 736 742 743 744 745 747 749 750 755 756 757 759 762 767 902 924 1024 1025 1026 1027 1029 1032 1034 1035 1036 1038 1039 1041 1042 1046 1048 1049 1051 1053 1054 1055 1282 1283 1288 1294 1295 1299 1301 1307 1309 1310 1418 1423 1728 1735 1736 1737 1738 1739 1740 1741 1742 1744 1746 1747 1749 1751 1752 1753 1756 1757 1758 1759 1767 1769 1770 1772 1776 1777 1778 1779 1781 1784 1785 1786 1788 1789 1790 1791 1793 1794 1796 1799 1802 1803 1804 1808 1809 1811 1815 1816 1817 1820 1821 1823 1889 1892 1893 1897 1899 1900 1901 1903 1904 1905 1906 1909 1912 1915 2049 2050 2053 2059 2060 2061 2062 2063 2064 2069 2072 2073 2075 2078 2500 2502 2506 2508 2511 2512 2513 2515 2516 2519 2520 2521 2522 2523 2526 2527 2528 2530 2531 2532 2533 2536 2538 2539 2541 2542 2543 2546 2547 2549 2551 2552 2553 2555 2556 2558 2785 2786 2789 2792 2793 2794 2796 2797 2800 2802 2804 2805 2807 2808 2810 2812 2814 2815 2880 2881 2884 2885 2886 2887 2888 2893 2896 2897 2898 2902 2903 2911 2944 2946 2947 2949 2952 2953 2955 2959 2963 2965 2966 2969 2974 2975 3210 3213 3298 3303 3312 3314 3315 3319 3320 3322 3324 3325 3426 3428 3430 3431 3434 3436 3437 3438 3442 3443 3444 3445 3447 3450 3451 3452 3454 3455 3530 3535 3648 3652 3653 3655 3657 3658 3661 3662 3663 3666 3667 3669 3670 3672 3674 3675 3676 3677 3937 3941 3943 3945 3948 3950 3951 3952 3955 3957 3959 3960 3961 3963 3964 3967
BEST 312: 1 3 4 5 6 7 13 15 17 18 20 21 22 23 25 28 30 31 38 48 160 163 167 170 172 173 174 178 179 181 184 185 188 191 224 225 232 235 236 239 240 252 485 499 740 743 745 746 747 749 753 755 756 757 758 759 763 766 902 924 1028 1034 1040 1041 1042 1044 1045 1049 1051 1053 1054 1055 1281 1283 1285 1287 1288 1291 1293 1297 1298 1300 1302 1304 1306 1307 1308 1309 1418 1423 1729 1730 1731 1732 1733 1735 1741 1742 1745 1746 1750 1751 1752 1753 1754 1755 1756 1758 1760 1765 1767 1769 1770 1772 1775 1776 1778 1781 1783 1786 1787 1790 1793 1796 1797 1801 1807 1808 1809 1811 1812 1813 1814 1817 1821 1823 1889 1890 1891 1892 1894 1896 1897 1898 1899 1900 1902 1903 1904 1906 1910 1911 1915 1918 2048 2050 2052 2054 2055 2058 2061 2062 2065 2066 2067 2069 2070 2072 2073 2075 2076 2077 2078 2079 2496 2501 2508 2509 2510 2514 2516 2518 2524 2525 2526 2527 2529 2531 2532 2533 2534 2535 2539 2542 2546 2548 2554 2555 2740 2751 2785 2787 2789 2790 2792 2794 2795 2799 2800 2801 2804 2808 2809 2810 2811 2813 2880 2881 2883 2885 2887 2890 2891 2896 2897 2899 2900 2903 2906 2909 2910 2911 2945 2946 2947 2954 2955 2957 2958 2961 2962 2965 2966 2969 2970 2971 2972 2974 3297 3299 3302 3310 3317 3318 3319 3320 3325 3327 3426 3427 3430 3431 3433 3434 3435 3436 3437 3441 3443 3445 3447 3448 3454 3455 3530 3535 3648 3649 3654 3655 3657 3658 3659 3661 3662 3663 3664 3665 3666 3668 3673 3678 3780 3785 3938 3939 3940 3943 3948 3949 3950 3951 3952 3953 3955 3957 3958 3959 3963 3965 3966 3967
BEST 310: 3 4 7 8 9 10 11 12 13 14 16 18 20 22 23 29 48 50 160 163 166 169 171 173 174 176 177 180 181 182 184 185 189 190 225 227 229 230 232 235 236 237 242 243 245 247 251 255 597 603 736 737 738 742 747 748 749 750 753 755 758 759 761 762 763 767 902 924 1025 1028 1031 1033 1035 1036 1037 1038 1041 1042 1043 1048 1049 1050 1052 1053 1280 1286 1287 1288 1292 1293 1294 1296 1299 1302 1306 1309 1418 1426 1730 1731 1732 1733 1737 1738 1739 1744 1746 1747 1750 1751 1752 1754 1758 1759 1760 1764 1765 1767 1768 1769 1773 1775 1776 1778 1779 1781 1784 1787 1788 1789 1798 1801 1805 1808 1811 1814 1815 1816 1817 1818 1819 1823 1894 1895 1897 1898 1899 1900 1901 1902 1903 1904 1905 1908 1912 1917 2051 2054 2055 2056 2058 2062 2063 2064 2067 2068 2069 2070 2071 2076 2496 2497 2498 2499 2500 2502 2504 2505 2506 2507 2508 2513 2516 2517 2520 2521 2524 2525 2528 2531 2532 2540 2547 2548 2549 2550 2551 2553 2555 2556 2659 2675 2785 2786 2788 2792 2793 2795 2796 2797 2800 2801 2805 2808 2809 2810 2811 2814 2881 2882 2884 2885 2886 2888 2889 2890 2891 2892 2894 2896 2897 2898 2899 2902 2903 2904 2906 2908 2909 2911 2944 2946 2947 2948 2949 2950 2951 2956 2959 2962 2963 2965 2966 2969 2970 2971 3210 3213 3296 3297 3298 3301 3303 3305 3307 3310 3311 3315 3318 3319 3321 3322 3323 3327 3424 3425 3431 3432 3437 3438 3441 3443 3445 3447 3453 3455 3649 3653 3661 3665 3669 3671 3672 3676 3678 3679 3936 3940 3943 3944 3948 3950 3953 3954 3957 3959 3963 3964 3966 3967
BEST 308: 2 7 8 12 13 16 21 22 25 28 29 30 48 55 160 163 166 169 170 171 174 175 176 180 183 188 189 190 228 230 232 235 236 238 240 243 244 245 246 247 249 251 252 255 485 499 737 738 742 744 747 748 750 753 754 755 756 757 758 761 763 765 902 924 1025 1029 1030 1031 1032 1035 1037 1040 1041 1043 1045 1046 1047 1048 1050 1053 1283 1285 1286 1288 1289 1290 1291 1292 1293 1295 1296 1299 1300 1303 1306 1309 1728 1729 1731 1732 1736 1740 1741 1742 1744 1747 1755 1756 1761 1764 1766 1767 1768 1769 1770 1773 1774 1775 1776 1777 1780 1786 1787 1788 1790 1791 1794 1796 1797 1798 1804 1809 1810 1811 1813 1814 1816 1821 1889 1890 1892 1894 1895 1899 1901 1905 1908 1909 1911 1912 1913 1914 2052 2054 2055 2058 2059 2060 2061 2062 2063 2066 2067 2068 2070 2072 2073 2074 2078 2079 2498 2503 2508 2511 2512 2513 2514 2516 2517 2519 2520 2521 2522 2523 2524 2526 2528 2533 2534 2535 2537 2539 2540 2541 2543 2544 2547 2548 2550 2551 2552 2553 2554 2555 2557 2558 2785 2788 2789 2792 2793 2796 2798 2799 2800 2802 2809 2812 2814 2815 2889 2891 2893 2895 2896 2899 2900 2901 2905 2906 2908 2909 2944 2945 2946 2947 2948 2952 2959 2960 2961 2963 2964 2969 2970 2971 2974 2975 3296 3297 3299 3300 3301 3304 3305 3307 3308 3311 3317 3318 3322 3326 3426 3427 3428 3429 3431 3432 3433 3434 3438 3442 3443 3444 3445 3447 3448 3450 3452 3455 3651 3655 3656 3657 3658 3659 3665 3666 3667 3670 3671 3674 3677 3678 3780 3785 3937 3939 3940 3941 3945 3946 3947 3950 3958 3960 3963 3967
BEST 300: 2 3 6 7 10 12 13 16 17 18 20 23 24 25 27 28 48 61 168 170 171 172 173 174 175 176 177 179 180 181 183 184 185 186 188 189 225 226 231 232 234 235 241 242 243 246 247 249 252 255 485 499 597 603 742 744 745 746 749 754 756 759 762 763 764 765 766 767 902 924 1025 1026 1033 1038 1039 1041 1047 1050 1054 1055 1280 1282 1283 1284 1285 1291 1293 1297 1298 1304 1305 1306 1310 1311 1418 1426 1728 1734 1736 1737 1740 1743 1745 1748 1753 1754 1756 1757 1763 1766 1773 1774 1778 1781 1784 1786 1787 1791 1792 1794 1796 1800 1801 1802 1803 1804 1809 1810 1811 1812 1813 1815 1816 1819 1889 1891 1893 1894 1897 1898 1901 1904 1907 1908 1910 1912 1914 1915 1916 1917 2050 2051 2052 2054 2056 2060 2061 2064 2065 2068 2071 2073 2075 2077 2078 2079 2497 2500 2502 2508 2510 2511 2512 2515 2517 2518 2520 2521 2522 2523 2531 2534 2536 2537 2538 2539 2540 2541 2543 2544 2545 2546 2549 2551 2552 2554 2740 2751 2785 2787 2788 2790 2791 2794 2795 2796 2798 2805 2806 2807 2811 2813 2882 2886 2887 2890 2893 2894 2899 2900 2903 2905 2907 2909 2910 2911 2945 2947 2949 2951 2954 2955 2957 2959 2962 2963 2966 2969 2971 2972 2974 2975 3301 3302 3304 3310 3311 3312 3314 3316 3325 3327 3425 3426 3427 3428 3430 3432 3434 3445 3446 3453 3454 3455 3648 3652 3653 3654 3657 3658 3659 3662 3664 3665 3666 3667 3669 3670 3671 3673 3674 3676 3677 3678 3940 3941 3943 3944 3945 3948 3950 3952 3955 3956 3957 3958 3959 3961 3964 3966
BEST 292: 0 2 3 5 8 9 12 15 20 23 24 29 48 49 105 106 162 165 166 168 169 170 174 176 178 179 180 182 186 187 189 190 225 226 227 229 230 233 234 236 238 242 244 245 249 253 254 255 737 738 740 744 745 746 749 750 754 756 759 760 762 765 1025 1026 1027 1028 1030 1031 1033 1039 1040 1042 1044 1045 1046 1051 1280 1283 1286 1288 1289 1292 1293 1295 1298 1300 1304 1305 1309 1310 1729 1731 1732 1734 1736 1739 1740 1741 1742 1743 1748 1749 1750 1751 1752 1753 1756 1757 1760 1762 1763 1768 1769 1770 1773 1774 1775 1776 1778 1779 1781 1782 1786 1791 1792 1793 1794 1797 1798 1800 1801 1809 1811 1812 1813 1815 1817 1818 1889 1890 1891 1892 1897 1899 1906 1908 1909 1912 1916 1917 1918 1919 2048 2050 2052 2058 2060 2063 2064 2065 2067 2068 2070 2072 2076 2079 2496 2497 2498 2501 2502 2504 2505 2508 2513 2514 2515 2517 2520 2522 2523 2527 2529 2532 2533 2537 2538 2544 2547 2548 2549 2558 2740 2751 2788 2789 2793 2794 2795 2798 2799 2801 2802 2806 2807 2809 2811 2813 2880 2882 2886 2887 2891 2892 2894 2895 2901 2903 2907 2911 2945 2948 2950 2952 2953 2954 2962 2963 2964 2965 2966 2970 3210 3213 3296 3297 3300 3301 3303 3305 3313 3317 3318 3319 3322 3324 3325 3326 3424 3425 3427 3429 3431 3433 3435 3436 3437 3438 3441 3442 3445 3447 3450 3451 3453 3454 3649 3653 3655 3657 3660 3662 3663 3667 3668 3669 3670 3672 3677 3679 3937 3946 3948 3952 3953 3955 3957 3959 3962 3964 3965 3966
BEST 288: 1 4 5 6 11 12 15 18 19 23 25 26 27 30 48 49 161 163 165 167 169 172 173 175 177 180 181 183 184 186 224 225 230 231 232 234 241 245 246 249 252 254 478 479 736 738 740 742 745 749 751 752 754 756 757 762 763 764 765 767 1024 1027 1028 1030 1032 1039 1041 1043 1048 1049 1052 1054 1282 1285 1289 1291 1293 1300 1303 1304 1306 1307 1310 1311 1418 1426 1729 1731 1732 1733 1738 1740 1743 1749 1750 1752 1755 1756 1760 1762 1768 1770 1771 1772 1780 1783 1784 1786 1787 1788 1793 1799 1800 1802 1803 1811 1812 1813 1814 1816 1817 1819 1820 1821 1890 1892 1893 1895 1897 1901 1907 1908 1910 1911 1913 1914 1915 1919 2048 2049 2050 2055 2056 2059 2060 2064 2065 2067 2068 2069 2070 2071 2074 2077 2078 2079 2505 2506 2508 2510 2512 2516 2520 2522 2524 2527 2528 2529 2530 2532 2533 2534 2535 2537 2540 2542 2544 2545 2546 2547 2548 2552 2553 2555 2558 2559 2659 2675 2740 2751 2785 2789 2790 2792 2796 2798 2801 2802 2806 2810 2812 2815 2882 2884 2888 2892 2895 2897 2901 2903 2904 2906 2907 2909 2946 2947 2951 2952 2954 2956 2959 2961 2962 2964 2969 2972 3210 3213 3296 3298 3299 3304 3310 3312 3315 3319 3320 3321 3322 3323 3325 3327 3427 3435 3436 3438 3440 3441 3444 3450 3451 3455 3530 3535 3650 3652 3655 3656 3658 3659 3660 3662 3664 3667 3669 3670 3671 3674 3675 3676 3678 3679 3936 3937 3940 3942 3946 3948 3950 3953 3955 3956 3958 3961 3964 3965 3966 3967
BEST 280: 0 3 4 6 8 11 14 21 24 25 26 27 28 31 160 163 166 169 171 172 174 175 176 180 182 183 186 187 188 190 228 230 232 234 236 238 241 243 244 245 247 251 252 255 517 523 597 603 740 742 747 752 753 754 758 760 763 764 765 767 1024 1025 1028 1030 1033 1035 1036 1038 1039 1041 1043 1047 1049 1050 1053 1055 1280 1285 1287 1289 1290 1297 1301 1305 1306 1308 1418 1423 1728 1729 1730 1731 1732 1733 1734 1735 1736 1737 1740 1741 1742 1745 1752 1755 1760 1764 1765 1771 1774 1775 1777 1778 1779 1785 1787 1791 1794 1796 1797 1798 1807 1810 1814 1815 1818 1819 1820 1823 1893 1895 1898 1900 1902 1903 1904 1908 1909 1910 1912 1915 1916 1917 1918 1919 2048 2051 2053 2060 2061 2062 2063 2065 2067 2068 2071 2075 2496 2498 2501 2507 2508 2511 2513 2516 2518 2520 2524 2526 2528 2532 2534 2536 2540 2541 2543 2544 2545 2546 2547 2548 2549 2552 2553 2554 2785 2787 2795 2799 2800 2804 2805 2811 2814 2815 2880 2883 2887 2888 2889 2890 2892 2893 2894 2896 2897 2899 2900 2901 2902 2905 2907 2909 2910 2911 2950 2952 2954 2955 2956 2957 2958 2959 2964 2966 2967 2969 2971 2972 2973 2974 3296 3298 3299 3300 3304 3308 3310 3313 3314 3315 3324 3325 3428 3430 3433 3435 3436 3442 3445 3448 3450 3452 3454 3455 3530 3535 3650 3652 3654 3656 3658 3659 3662 3670 3675 3679 3780 3785 3940 3944 3945 3946 3947 3949 3955 3960 3961 3963 3964 3965
BEST 278: 0 1 4 5 8 9 13 22 23 25 28 29 48 49 160 163 165 171 172 175 176 177 178 179 182 183 188 189 224 226 228 230 232 233 235 240 241 244 246 247 248 254 454 456 485 499 597 603 738 740 742 744 747 748 749 757 758 760 761 764 902 924 1024 1026 1028 1029 1031 1033 1035 1036 1037 1038 1039 1047 1050 1051 1280 1281 1283 1292 1293 1295 1297 1301 1305 1308 1310 1311 1728 1729 1730 1733 1735 1736 1737 1741 1744 1745 1746 1748 1751 1752 1753 1758 1760 1761 1762 1766 1770 1779 1792 1797 1798 1800 1804 1805 1807 1808 1809 1812 1815 1817 1819 1821 1889 1891 1893 1896 1897 1901 1904 1907 1909 1910 1916 1917 2051 2059 2060 2061 2063 2065 2067 2073 2074 2079 2498 2501 2503 2504 2506 2509 2511 2519 2521 2523 2529 2533 2536 2538 2539 2540 2543 2545 2546 2547 2548 2549 2558 2559 2785 2790 2793 2795 2796 2797 2802 2804 2812 2813 2881 2884 2888 2890 2894 2898 2899 2903 2904 2905 2906 2908 2944 2947 2949 2951 2952 2953 2954 2956 2957 2958 2959 2960 2961 2962 2964 2966 2973 2974 3210 3213 3297 3302 3303 3304 3305 3307 3311 3313 3314 3315 3316 3320 3321 3324 3325 3327 3426 3428 3431 3432 3433 3435 3437 3438 3443 3445 3446 3447 3451 3455 3530 3535 3650 3651 3654 3656 3658 3660 3661 3662 3663 3667 3670 3673 3676 3677 3678 3679 3936 3940 3941 3943 3944 3945 3947 3948 3949 3950 3951 3952 3955 3956 3957 3962 3964 3966
BEST 274: 0 2 14 15 16 17 20 21 22 23 26 27 163 166 169 172 173 181 183 184 187 188 189 190 228 231 236 240 246 248 249 250 251 252 254 255 555 573 737 740 745 748 749 751 753 754 757 758 761 762 763 764 902 924 1027 1032 1033 1034 1042 1049 1281 1284 1287 1288 1293 1294 1295 1298 1300 1307 1308 1310 1423 1426 1729 1730 1731 1732 1733 1735 1739 1740 1743 1744 1746 1747 1749 1750 1752 1753 1758 1759 1762 1763 1769 1771 1772 1775 1776 1778 1781 1782 1787 1790 1794 1796 1798 1799 1800 1802 1803 1808 1809 1814 1817 1821 1889 1890 1892 1893 1894 1899 1901 1903 1904 1907 1908 1909 1911 1912 1914 1917 2050 2051 2052 2053 2055 2058 2059 2060 2061 2063 2069 2070 2071 2073 2074 2079 2496 2498 2499 2500 2503 2504 2506 2510 2512 2515 2517 2518 2519 2521 2522 2525 2534 2535 2536 2539 2543 2545 2548 2549 2550 2554 2659 2675 2785 2788 2789 2790 2792 2794 2795 2797 2798 2801 2804 2805 2806 2809 2810 2811 2813 2814 2880 2881 2882 2883 2885 2888 2889 2890 2895 2899 2900 2901 2902 2905 2907 2910 2944 2945 2950 2951 2954 2955 2958 2959 2960 2967 2969 2975 3210 3213 3297 3300 3303 3305 3308 3310 3311 3312 3314 3323 3426 3428 3432 3436 3438 3446 3447 3448 3530 3535 3648 3649 3652 3654 3656 3659 3661 3662 3669 3670 3671 3674 3675 3679 3757 3758 3938 3940 3942 3943 3947 3951 3952 3953 3957 3960 3961 3962 3964 3965
BEST 272: 0 1 2 3 4 7 9 12 15 21 22 26 27 28 30 31 48 49 160 161 162 163 165 169 170 171 173 175 178 179 182 186 189 191 224 225 230 231 234 237 238 239 241 242 249 250 253 255 736 742 744 746 747 750 751 752 753 754 756 760 761 762 766 767 993 1003 1024 1026 1027 1028 1032 1033 1034 1035 1036 1038 1043 1045 1046 1047 1049 1051 1053 1055 1281 1292 1294 1295 1300 1303 1304 1305 1309 1311 1732 1733 1735 1738 1740 1741 1744 1745 1747 1749 1752 1756 1761 1768 1769 1773 1777 1781 1783 1786 1789 1791 1797 1798 1799 1800 1802 1804 1807 1808 1811 1812 1816 1817 1820 1823 1891 1892 1899 1905 1906 1910 1912 1918 2052 2053 2054 2056 2066 2067 2068 2069 2070 2071 2075 2077 2078 2079 2496 2497 2499 2501 2502 2503 2504 2508 2510 2518 2519 2521 2523 2526 2531 2535 2536 2538 2540 2541 2545 2546 2547 2551 2554 2556 2557 2558 2785 2788 2789 2790 2794 2795 2797 2798 2799 2805 2812 2814 2883 2885 2887 2888 2889 2895 2896 2899 2903 2908 2910 2911 2946 2948 2951 2952 2954 2957 2959 2960 2965 2967 2969 2972 2973 2974 3299 3302 3309 3310 3312 3313 3314 3319 3320 3322 3323 3325 3326 3327 3424 3427 3430 3431 3434 3436 3438 3443 3446 3447 3448 3450 3453 3454 3530 3535 3650 3654 3656 3657 3659 3661 3666 3671 3673 3676 3780 3785 3936 3939 3940 3941 3942 3946 3948 3954 3958 3961 3963 3967
BEST 270: 2 7 9 10 11 12 14 16 17 18 20 22 23 25 28 31 48 49 165 166 171 174 179 181 182 183 184 187 224 226 228 232 234 236 239 241 243 244 246 249 250 251 252 253 736 738 742 744 745 746 747 748 753 754 755 756 758 760 763 767 1024 1027 1028 1030 1032 1033 1034 1037 1038 1041 1043 1045 1046 1047 1049 1053 1287 1289 1290 1293 1296 1303 1398 1399 1418 1423 1728 1730 1731 1732 1733 1736 1737 1742 1743 1747 1749 1751 1752 1753 1757 1759 1763 1765 1766 1769 1770 1772 1776 1778 1779 1780 1782 1783 1789 1790 1798 1799 1807 1811 1815 1823 1890 1891 1894 1896 1899 1900 1901 1902 1903 1904 1905 1906 1908 1912 1913 1914 2052 2056 2059 2062 2064 2065 2067 2069 2070 2073 2074 2076 2077 2078 2496 2497 2499 2500 2501 2502 2504 2509 2510 2512 2514 2515 2518 2521 2523 2525 2529 2532 2534 2538 2539 2542 2543 2547 2554 2557 2558 2559 2785 2786 2787 2790 2792 2793 2795 2796 2797 2798 2800 2804 2806 2810 2811 2813 2880 2891 2893 2895 2899 2904 2907 2908 2944 2945 2948 2949 2952 2955 2956 2959 2966 2967 2969 2970 2971 2972 2974 2975 3210 3213 3296 3297 3299 3302 3303 3304 3308 3312 3313 3315 3319 3322 3323 3325 3425 3426 3428 3433 3437 3438 3440 3441 3444 3446 3452 3453 3530 3535 3649 3652 3656 3660 3662 3664 3665 3669 3671 3674 3936 3938 3940 3941 3946 3951 3954 3960 3962 3963
BEST 260: 0 2 4 7 9 10 13 15 16 19 21 22 24 26 161 166 167 169 176 179 183 186 187 188 227 228 229 231 235 241 242 249 251 255 736 738 742 744 745 746 750 752 754 756 758 760 761 763 1026 1027 1029 1031 1032 1039 1040 1046 1047 1050 1051 1052 1282 1285 1287 1293 1300 1301 1302 1303 1305 1310 1418 1426 1441 1452 1729 1732 1733 1734 1735 1736 1737 1740 1745 1746 1747 1749 1753 1759 1761 1763 1765 1767 1768 1770 1771 1772 1773 1779 1781 1782 1783 1784 1786 1787 1789 1790 1796 1797 1798 1801 1802 1803 1805 1811 1812 1814 1816 1818 1890 1891 1892 1893 1898 1901 1902 1904 1905 1907 1916 1918 2048 2052 2056 2059 2060 2061 2062 2063 2065 2067 2068 2071 2074 2079 2496 2498 2502 2503 2505 2508 2511 2513 2515 2523 2525 2526 2531 2535 2538 2539 2540 2542 2545 2550 2551 2552 2558 2559 2740 2751 2785 2788 2795 2796 2800 2802 2808 2813 2814 2815 2882 2883 2884 2888 2890 2892 2895 2896 2897 2898 2899 2904 2905 2906 2908 2911 2944 2946 2947 2948 2949 2951 2959 2960 2965 2974 3296 3297 3299 3307 3308 3309 3311 3315 3317 3320 3323 3326 3425 3426 3428 3431 3432 3433 3446 3447 3448 3450 3451 3452 3454 3455 3530 3535 3652 3653 3656 3657 3660 3663 3665 3667 3669 3670 3672 3673 3678 3679 3936 3940 3945 3950 3951 3952 3955 3957 3962 3963 3965 3967
PROGRESS 0 0.0298543 rank 763
BEST 254: 160 165 166 171 172 174 180 181 182 183 184 188 385 386 387 389 392 393 395 396 401 404 406 407 708 710 711 712 717 721 723 724 725 726 728 730 733 734 965 966 968 971 972 974 977 978 979 983 985 986 988 991 1280 1282 1283 1285 1290 1297 1301 1304 1305 1309 1315 1316 1317 1320 1321 1323 1324 1325 1326 1327 1328 1331 1336 1338 1340 1342 1444 1448 1450 1452 1456 1457 1459 1460 1462 1471 1667 1676 1746 1747 1796 1797 1800 1803 1804 1805 1806 1808 1815 1816 1819 1820 1821 1822 1889 1892 1894 1899 1906 1907 1911 1916 1918 1919 1921 1923 1924 1926 1935 1937 1938 1943 1946 1947 1948 1949 2055 2056 2063 2068 2071 2072 2073 2076 2078 2079 2144 2151 2152 2155 2158 2163 2164 2168 2169 2173 2174 2175 2496 2498 2500 2502 2508 2513 2517 2519 2522 2525 2661 2670 2689 2690 2691 2693 2694 2695 2696 2697 2700 2701 2703 2704 2705 2710 2711 2712 2716 2717 2816 2820 2822 2823 2824 2825 2826 2829 2834 2838 2839 2841 2842 2845 2884 2890 2893 2897 2899 2902 2905 2907 2944 2948 2950 2951 2954 2955 2956 2957 2963 2964 2965 2969 2974 2975 3168 3172 3173 3181 3182 3183 3184 3186 3190 3191 3194 3195 3196 3197 3208 3209 3811 3813 3814 3815 3822 3823 3824 3830 3831 3832 3833 3839 3943 3945 3946 3947 3953 3956 3959 3960 3961 3965
PROGRESS 10 0.133443 rank 763
PROGRESS 20 0.222971 rank 763
PROGRESS 30 0.321955 rank 763
PROGRESS 40 0.415746 rank 763
PROGRESS 50 0.515252 rank 763
PROGRESS 60 0.620634 rank 763
PROGRESS 70 0.72265 rank 763
PROGRESS 80 0.814061 rank 763
PROGRESS 90 0.90666 rank 763
PROGRESS 100 1.0023 rank 763
PROGRESS 110 1.09235 rank 763
PROGRESS 120 1.1848 rank 763
PROGRESS 130 1.27871 rank 763
PROGRESS 140 1.37228 rank 763
PROGRESS 150 1.45959 rank 763
PROGRESS 160 1.55051 rank 763
PROGRESS 170 1.6442 rank 763
BEST 252: 0 1 2 5 6 7 8 9 10 11 12 14 18 21 22 24 25 31 192 193 202 205 209 213 215 217 224 225 228 229 230 243 247 248 249 253 296 298 300 301 303 305 306 308 311 313 316 317 353 355 357 358 359 360 363 364 367 370 373 374 375 377 640 642 643 646 647 653 656 657 658 660 661 663 664 667 961 968 972 977 980 982 1121 1123 1126 1127 1133 1134 1139 1146 1147 1149 1150 1151 1280 1281 1282 1291 1294 1295 1301 1303 1305 1308 1420 1421 1440 1446 1450 1452 1454 1455 1457 1458 1462 1464 1465 1468 1469 1471 1700 1702 1703 1708 1715 1718 1719 1720 1722 1726 1728 1729 1735 1736 1737 1741 1744 1746 1747 1752 1753 1755 1756 1757 1762 1783 1793 1800 1802 1805 1807 1808 1813 1814 1815 1816 2240 2241 2243 2249 2251 2252 2253 2254 2255 2256 2258 2262 2266 2271 2305 2307 2308 2311 2314 2317 2318 2320 2324 2325 2327 2330 2332 2333 2368 2373 2381 2383 2385 2386 2387 2392 2395 2396 2397 2399 3030 3038 3297 3302 3303 3305 3311 3315 3316 3318 3319 3324 3325 3327 3592 3601 3681 3684 3686 3687 3689 3690 3691 3692 3694 3695 3696 3701 3702 3704 3705 3707 3710 3711 3904 3910 3918 3924 3928 3933 3969 3973 3974 3976 3978 3979 3980 3981 3984 3985 3986 3988 3989 3994 3997 3999
PROGRESS 180 1.77924 rank 763
PROGRESS 190 1.87088 rank 763
PROGRESS 200 1.95327 rank 763
PROGRESS 210 2.05962 rank 763
PROGRESS 220 2.15884 rank 763
PROGRESS 230 2.27786 rank 763
BEST 250: 32 40 44 46 49 50 53 58 61 63 225 228 230 231 236 237 238 242 246 248 249 250 251 253 254 255 352 356 360 361 363 364 366 367 373 375 377 378 501 507 576 577 578 580 583 590 591 592 596 598 600 603 604 606 704 705 707 709 716 721 722 728 731 735 801 803 804 806 810 812 815 816 818 823 864 868 869 871 872 873 880 883 885 887 889 894 1124 1125 1129 1132 1133 1134 1140 1141 1142 1144 1146 1151 1315 1322 1324 1325 1328 1329 1331 1332 1333 1334 1337 1339 1340 1342 1605 1616 1622 1624 1626 1629 1728 1730 1735 1741 1742 1746 1750 1751 1752 1755 1826 1829 1831 1832 1834 1835 1836 1837 1838 1841 1842 1843 1847 1850 1852 1855 1985 1988 1989 1990 1994 1997 1999 2000 2002 2005 2006 2011 2014 2015 2052 2058 2060 2061 2062 2069 2073 2079 2304 2305 2306 2308 2312 2315 2316 2322 2323 2324 2327 2328 2329 2331 2332 2333 2408 2411 2412 2414 2418 2420 2425 2426 2429 2430 3075 3077 3086 3087 3093 3094 3097 3099 3101 3102 3106 3109 3137 3138 3139 3143 3144 3145 3146 3147 3148 3151 3152 3153 3154 3156 3158 3161 3164 3165 3169 3173 3174 3175 3176 3180 3181 3182 3184 3185 3191 3192 3195 3198 3702 3711 4005 4010 4011 4012 4015 4017 4020 4021 4025 4027 4029 4031
PROGRESS 240 2.43047 rank 763
PROGRESS 250 2.51369 rank 763
PROGRESS 260 2.61969 rank 763
PROGRESS 270 2.77862 rank 763
PROGRESS 280 2.90132 rank 763
PROGRESS 290 3.08046 rank 763
PROGRESS 300 3.17581 rank 763
PROGRESS 310 3.27261 rank 763
PROGRESS 320 3.36957 rank 763
PROGRESS 330 3.46967 rank 763
PROGRESS 340 3.56781 rank 763
PROGRESS 350 3.66461 rank 763
PROGRESS 360 3.76993 rank 763
PROGRESS 370 3.86672 rank 763
PROGRESS 380 3.95133 rank 763
PROGRESS 390 4.04524 rank 763
PROGRESS 400 4.13715 rank 763
PROGRESS 410 4.22061 rank 763
PROGRESS 420 4.31146 rank 763
PROGRESS 430 4.3977 rank 763
PROGRESS 440 4.47808 rank 763
PROGRESS 450 4.57502 rank 763
PROGRESS 460 4.66715 rank 763
PROGRESS 470 4.7618 rank 763
PROGRESS 480 4.85449 rank 763
PROGRESS 490 4.94915 rank 763
PROGRESS 500 5.04135 rank 763
PROGRESS 510 5.14414 rank 763
PROGRESS 520 5.27348 rank 763
PROGRESS 530 5.36318 rank 763
PROGRESS 540 5.49087 rank 763
PROGRESS 550 5.58183 rank 763
PROGRESS 560 5.67539 rank 763
PROGRESS 570 5.77516 rank 763
PROGRESS 580 5.88448 rank 763
PROGRESS 590 5.98537 rank 763
PROGRESS 600 6.08663 rank 763
PROGRESS 610 6.19766 rank 763
PROGRESS 620 6.29996 rank 763
PROGRESS 630 6.39627 rank 763
PROGRESS 640 6.49383 rank 763
PROGRESS 650 6.59054 rank 763
PROGRESS 660 6.67396 rank 763
PROGRESS 670 6.77323 rank 763
PROGRESS 680 6.87413 rank 763
PROGRESS 690 6.9672 rank 763
PROGRESS 700 7.05868 rank 763
PROGRESS 710 7.14218 rank 763
PROGRESS 720 7.20929 rank 763
PROGRESS 730 7.27456 rank 763
PROGRESS 740 7.35274 rank 763
PROGRESS 750 7.43876 rank 763
PROGRESS 760 7.52642 rank 763
PROGRESS 770 7.61732 rank 763
PROGRESS 780 7.69549 rank 763
PROGRESS 790 7.80255 rank 763
PROGRESS 800 7.90496 rank 763
PROGRESS 810 8.00145 rank 763
PROGRESS 820 8.10779 rank 763
PROGRESS 830 8.20496 rank 763
PROGRESS 840 8.29332 rank 763
PROGRESS 850 8.38141 rank 763
PROGRESS 860 8.45674 rank 763
PROGRESS 870 8.53333 rank 763
PROGRESS 880 8.61941 rank 763
PROGRESS 890 8.71285 rank 763
PROGRESS 900 8.82006 rank 763
PROGRESS 910 8.94161 rank 763
PROGRESS 920 9.05126 rank 763
PROGRESS 930 9.14089 rank 763
PROGRESS 940 9.2478 rank 763
PROGRESS 950 9.33634 rank 763
PROGRESS 960 9.46116 rank 763
PROGRESS 970 9.56828 rank 763
PROGRESS 980 9.67163 rank 763
PROGRESS 990 9.78513 rank 763
BEST 240: 339 342 675 676 682 687 689 690 691 698 700 703 896 898 899 902 903 907 908 911 912 916 919 921 923 925 960 961 964 966 969 973 974 975 979 983 987 990 1184 1185 1188 1189 1193 1194 1196 1198 1202 1205 1207 1210 1212 1213 1290 1292 1293 1294 1299 1300 1304 1306 1309 1310 1347 1349 1351 1352 1356 1361 1364 1366 1371 1374 1472 1475 1480 1483 1485 1488 1491 1494 1495 1500 1640 1641 1646 1647 1649 1653 1655 1657 1660 1663 1856 1857 1862 1863 1864 1869 1870 1871 1873 1877 1878 1880 1886 1887 2240 2241 2243 2252 2255 2260 2261 2263 2269 2271 2432 2436 2438 2440 2441 2442 2443 2447 2449 2450 2452 2455 2461 2462 2532 2533 2535 2536 2537 2538 2541 2543 2545 2549 2550 2559 2658 2659 2662 2664 2672 2674 2680 2681 2684 2687 2881 2883 2884 2887 2888 2894 2895 2897 2898 2900 2907 2911 2914 2916 2919 2920 2922 2923 2924 2926 2931 2933 2936 2940 2941 2942 3392 3396 3400 3401 3403 3404 3406 3407 3408 3412 3413 3414 3415 3417 3459 3461 3492 3493 3494 3496 3500 3502 3507 3510 3511 3515 3518 3519 3584 3585 3588 3590 3591 3592 3593 3596 3598 3602 3604 3607 3608 3612 3968 3970 3972 3976 3981 3986 3989 3990 3991 3999 4003 4004 4005 4010 4013 4014 4016 4018 4028 4031
PROGRESS 1000 9.85991 rank 763
PROGRESS 1010 9.929 rank 763
PROGRESS 1020 9.99952 rank 763
PROGRESS 1030 10.0747 rank 763
PROGRESS 1040 10.1675 rank 763
PROGRESS 1050 10.2516 rank 763
PROGRESS 1060 10.3257 rank 763
PROGRESS 1070 10.4107 rank 763
PROGRESS 1080 10.4844 rank 763
PROGRESS 1090 10.5616 rank 763
PROGRESS 1100 10.6411 rank 763
PROGRESS 1110 10.73 rank 763
PROGRESS 1120 10.8059 rank 763
PROGRESS 1130 10.8807 rank 763
PROGRESS 1140 10.9552 rank 763
PROGRESS 1150 11.0694 rank 763
PROGRESS 1160 11.1482 rank 763
PROGRESS 1170 11.2241 rank 763
PROGRESS 1180 11.3039 rank 763
PROGRESS 1190 11.3857 rank 763
PROGRESS 1200 11.4687 rank 763
PROGRESS 1210 11.5425 rank 763
PROGRESS 1220 11.619 rank 763
PROGRESS 1230 11.6955 rank 763
PROGRESS 1240 11.7661 rank 763
PROGRESS 1250 11.8436 rank 763
PROGRESS 1260 11.9236 rank 763
PROGRESS 1270 12.0034 rank 763
PROGRESS 1280 12.0923 rank 763
PROGRESS 1290 12.18 rank 763
PROGRESS 1300 12.276 rank 763
PROGRESS 1310 12.364 rank 763
PROGRESS 1320 12.4464 rank 763
PROGRESS 1330 12.5299 rank 763
PROGRESS 1340 12.6162 rank 763
PROGRESS 1350 12.7654 rank 763
PROGRESS 1360 12.8551 rank 763
PROGRESS 1370 12.9336 rank 763
PROGRESS 1380 13.0115 rank 763
PROGRESS 1390 13.0986 rank 763
PROGRESS 1400 13.1854 rank 763
PROGRESS 1410 13.2734 rank 763
PROGRESS 1420 13.3644 rank 763
PROGRESS 1430 13.4489 rank 763
PROGRESS 1440 13.5026 rank 763
PROGRESS 1450 13.5887 rank 763
PROGRESS 1460 13.6768 rank 763
PROGRESS 1470 13.8003 rank 763
PROGRESS 1480 13.8744 rank 763
PROGRESS 1490 13.9462 rank 763
PROGRESS 1500 14.0248 rank 763
PROGRESS 1510 14.1034 rank 763
PROGRESS 1520 14.1808 rank 763
PROGRESS 1530 14.2685 rank 763
PROGRESS 1540 14.345 rank 763
PROGRESS 1550 14.4537 rank 763
PROGRESS 1560 14.541 rank 763
PROGRESS 1570 14.622 rank 763
PROGRESS 1580 14.6958 rank 763
PROGRESS 1590 14.816 rank 763
PROGRESS 1600 14.8879 rank 763
PROGRESS 1610 14.9733 rank 763
PROGRESS 1620 15.0537 rank 763
PROGRESS 1630 15.1819 rank 763
PROGRESS 1640 15.318 rank 763
PROGRESS 1650 15.3932 rank 763
PROGRESS 1660 15.4838 rank 763
PROGRESS 1670 15.6435 rank 763
PROGRESS 1680 15.7589 rank 763
PROGRESS 1690 15.8797 rank 763
PROGRESS 1700 15.9973 rank 763
PROGRESS 1710 16.0999 rank 763
PROGRESS 1720 16.2029 rank 763
PROGRESS 1730 16.3197 rank 763
PROGRESS 1740 16.4246 rank 763
PROGRESS 1750 16.5262 rank 763
PROGRESS 1760 16.6299 rank 763
PROGRESS 1770 16.7355 rank 763
PROGRESS 1780 16.8333 rank 763
PROGRESS 1790 16.9182 rank 763
PROGRESS 1800 17.009 rank 763
PROGRESS 1810 17.1098 rank 763
PROGRESS 1820 17.2641 rank 763
PROGRESS 1830 17.3542 rank 763
PROGRESS 1840 17.5086 rank 763
PROGRESS 1850 17.5977 rank 763
PROGRESS 1860 17.6739 rank 763
PROGRESS 1870 17.8415 rank 763
PROGRESS 1880 17.9688 rank 763
PROGRESS 1890 18.0773 rank 763
PROGRESS 1900 18.1795 rank 763
PROGRESS 1910 18.2827 rank 763
PROGRESS 1920 18.3867 rank 763
PROGRESS 1930 18.4969 rank 763
PROGRESS 1940 18.6028 rank 763
PROGRESS 1950 18.7433 rank 763
PROGRESS 1960 18.841 rank 763
PROGRESS 1970 18.95 rank 763
PROGRESS 1980 19.0481 rank 763
PROGRESS 1990 19.1401 rank 763
PROGRESS 2000 19.2207 rank 763
PROGRESS 2010 19.3035 rank 763
PROGRESS 2020 19.3899 rank 763
PROGRESS 2030 19.4845 rank 763
PROGRESS 2040 19.6357 rank 763
PROGRESS 2050 19.7161 rank 763
PROGRESS 2060 19.8064 rank 763
PROGRESS 2070 19.9629 rank 763
PROGRESS 2080 20.0911 rank 763
PROGRESS 2090 20.2653 rank 763
PROGRESS 2100 20.3613 rank 763
PROGRESS 2110 20.4519 rank 763
PROGRESS 2120 20.546 rank 763
PROGRESS 2130 20.6584 rank 763
PROGRESS 2140 20.7614 rank 763
PROGRESS 2150 20.8622 rank 763
PROGRESS 2160 20.9691 rank 763
PROGRESS 2170 21.073 rank 763
PROGRESS 2180 21.1826 rank 763
PROGRESS 2190 21.2836 rank 763
PROGRESS 2200 21.3866 rank 763
PROGRESS 2210 21.4976 rank 763
PROGRESS 2220 21.5949 rank 763
PROGRESS 2230 21.6988 rank 763
PROGRESS 2240 21.8028 rank 763
PROGRESS 2250 21.9075 rank 763
PROGRESS 2260 22.0089 rank 763
PROGRESS 2270 22.1001 rank 763
PROGRESS 2280 22.2019 rank 763
PROGRESS 2290 22.306 rank 763
PROGRESS 2300 22.4734 rank 763
PROGRESS 2310 22.5643 rank 763
PROGRESS 2320 22.6548 rank 763
PROGRESS 2330 22.7459 rank 763
PROGRESS 2340 22.8317 rank 763
PROGRESS 2350 22.9843 rank 763
PROGRESS 2360 23.2081 rank 763
PROGRESS 2370 23.2931 rank 763
PROGRESS 2380 23.3801 rank 763
PROGRESS 2390 23.4692 rank 763
PROGRESS 2400 23.5563 rank 763
PROGRESS 2410 23.6423 rank 763
PROGRESS 2420 23.7298 rank 763
PROGRESS 2430 23.8169 rank 763
PROGRESS 2440 23.8962 rank 763
PROGRESS 2450 23.9623 rank 763
PROGRESS 2460 24.0403 rank 763
PROGRESS 2470 24.1298 rank 763
PROGRESS 2480 24.2296 rank 763
PROGRESS 2490 24.3401 rank 763
PROGRESS 2500 24.4404 rank 763
PROGRESS 2510 24.559 rank 763
PROGRESS 2520 24.6912 rank 763
PROGRESS 2530 24.7974 rank 763
PROGRESS 2540 24.9011 rank 763
PROGRESS 2550 24.9958 rank 763
PROGRESS 2560 25.0974 rank 763
PROGRESS 2570 25.1997 rank 763
PROGRESS 2580 25.2947 rank 763
PROGRESS 2590 25.3932 rank 763
PROGRESS 2600 25.4908 rank 763
PROGRESS 2610 25.5635 rank 763
PROGRESS 2620 25.6533 rank 763
PROGRESS 2630 25.7419 rank 763
PROGRESS 2640 25.8305 rank 763
PROGRESS 2650 25.9309 rank 763
PROGRESS 2660 26.016 rank 763
PROGRESS 2670 26.1144 rank 763
PROGRESS 2680 26.2092 rank 763
PROGRESS 2690 26.2982 rank 763
PROGRESS 2700 26.3891 rank 763
PROGRESS 2710 26.4785 rank 763
PROGRESS 2720 26.5814 rank 763
PROGRESS 2730 26.6718 rank 763
BEST 238: 226 228 229 233 239 245 247 249 251 255 322 325 327 328 330 332 333 334 339 341 342 343 344 349 704 705 711 712 717 719 727 728 1057 1060 1061 1067 1068 1070 1071 1075 1077 1079 1081 1082 1085 1087 1122 1125 1126 1127 1131 1133 1134 1137 1139 1140 1143 1144 1145 1146 1156 1161 1162 1165 1166 1173 1179 1180 1181 1183 1347 1348 1350 1351 1353 1355 1359 1367 1368 1371 1372 1374 1409 1410 1417 1421 1427 1428 1429 1430 1431 1433 1507 1508 1512 1514 1515 1517 1519 1520 1523 1527 1530 1532 1538 1542 1543 1544 1548 1555 1558 1561 1563 1565 1666 1669 1671 1676 1678 1681 1683 1685 1691 1692 1733 1735 1740 1744 1745 1747 1750 1751 1752 1753 1756 1758 2017 2020 2024 2026 2030 2031 2032 2036 2037 2038 2044 2045 2113 2114 2115 2121 2126 2127 2128 2130 2131 2134 2135 2136 2142 2143 2402 2403 2405 2412 2419 2429 2533 2548 2933 2939 3264 3265 3266 3267 3268 3274 3276 3280 3281 3282 3283 3286 3288 3295 3379 3389 3584 3585 3586 3588 3590 3591 3594 3597 3599 3603 3604 3605 3609 3610 3612 3613 3684 3690 3809 3811 3812 3814 3815 3817 3818 3821 3822 3823 3824 3829 3832 3833 3834 3836 3939 3942 3953 3956 3957 3964 4005 4007 4008 4009 4010 4011 4017 4020 4024 4030
PROGRESS 2740 26.7586 rank 763
PROGRESS 2750 26.8503 rank 763
PROGRESS 2760 26.9287 rank 763
PROGRESS 2770 27.0274 rank 763
PROGRESS 2780 27.0912 rank 763
PROGRESS 2790 27.1551 rank 763
PROGRESS 2800 27.2266 rank 763
PROGRESS 2810 27.2907 rank 763
PROGRESS 2820 27.3583 rank 763
PROGRESS 2830 27.4261 rank 763
PROGRESS 2840 27.4957 rank 763
PROGRESS 2850 27.5908 rank 763
PROGRESS 2860 27.7403 rank 763
PROGRESS 2870 27.809 rank 763
PROGRESS 2880 27.9121 rank 763
PROGRESS 2890 28.0111 rank 763
PROGRESS 2900 28.0962 rank 763
PROGRESS 2910 28.2144 rank 763
PROGRESS 2920 28.3168 rank 763
PROGRESS 2930 28.4178 rank 763
PROGRESS 2940 28.5085 rank 763
PROGRESS 2950 28.5848 rank 763
PROGRESS 2960 28.6613 rank 763
PROGRESS 2970 28.7542 rank 763
PROGRESS 2980 28.9907 rank 763
PROGRESS 2990 29.0659 rank 763
PROGRESS 3000 29.2026 rank 763
PROGRESS 3010 29.3541 rank 763
PROGRESS 3020 29.4283 rank 763
PROGRESS 3030 29.5261 rank 763
PROGRESS 3040 29.6615 rank 763
PROGRESS 3050 29.7714 rank 763
PROGRESS 3060 29.9191 rank 763
PROGRESS 3070 30.0039 rank 763
END trials 3071 elapsed 30.0039
