nodes 1000000 leaves 0 seconds 4.56005 prefix 0011002002210002202
nodes 2000000 leaves 0 seconds 10.9921 prefix 0102000102202002
nodes 3000000 leaves 0 seconds 17.4105 prefix 0120000002211111
nodes 4000000 leaves 0 seconds 22.4921 prefix 020222100021020
nodes 5000000 leaves 0 seconds 28.4546 prefix 021210200212200220
nodes 6000000 leaves 0 seconds 35.3874 prefix 100012121211101111
nodes 7000000 leaves 0 seconds 43.1997 prefix 100112112211200220
nodes 8000000 leaves 0 seconds 51.5196 prefix 10021101022011102
nodes 9000000 leaves 0 seconds 58.5509 prefix 1010021122021101
nodes 10000000 leaves 0 seconds 64.9487 prefix 10110221210002010
nodes 11000000 leaves 0 seconds 71.6279 prefix 101202221200202120
nodes 12000000 leaves 0 seconds 78.0866 prefix 10202122122002012
nodes 13000000 leaves 0 seconds 84.9003 prefix 102210210200212
nodes 14000000 leaves 0 seconds 90.6717 prefix 1102002222212
nodes 15000000 leaves 0 seconds 96.9476 prefix 11120011010100021
nodes 16000000 leaves 0 seconds 102.924 prefix 112220100100121110
nodes 17000000 leaves 0 seconds 108.662 prefix 120121101121221121
nodes 18000000 leaves 0 seconds 113.838 prefix 12100201021021011
nodes 19000000 leaves 0 seconds 118.863 prefix 12111001001102102
nodes 20000000 leaves 0 seconds 124.058 prefix 12121222021010012
nodes 21000000 leaves 0 seconds 128.671 prefix 20000110022202020
nodes 22000000 leaves 0 seconds 133.618 prefix 20020010112122000
nodes 23000000 leaves 0 seconds 139.039 prefix 201020221000222
nodes 24000000 leaves 0 seconds 144.388 prefix 20120212100112121
nodes 25000000 leaves 0 seconds 149.479 prefix 20222022011210
nodes 26000000 leaves 0 seconds 154.399 prefix 21020102110112
nodes 27000000 leaves 0 seconds 159.672 prefix 211102121221202
nodes 28000000 leaves 0 seconds 164.704 prefix 212102200121211
nodes 29000000 leaves 0 seconds 169.611 prefix 220100211100201101
nodes 30000000 leaves 0 seconds 174.35 prefix 22021110120210110
nodes 31000000 leaves 0 seconds 179.7 prefix 221012221220102020
nodes 32000000 leaves 0 seconds 185.286 prefix 22111010112122
nodes 33000000 leaves 0 seconds 191.296 prefix 22120201021221
nodes 34000000 leaves 0 seconds 195.931 prefix 2220211020211201
DONE 34655694 0
