nodes 1000000 leaves 0 seconds 4.58951 prefix 00010002002012
nodes 2000000 leaves 0 seconds 10.8178 prefix 0002000111122101011
nodes 3000000 leaves 0 seconds 16.9432 prefix 00022010010001022
nodes 4000000 leaves 0 seconds 23.9096 prefix 001021011221212020
nodes 5000000 leaves 0 seconds 30.412 prefix 0011210111001001010
nodes 6000000 leaves 0 seconds 36.4089 prefix 001222221101011111
nodes 7000000 leaves 0 seconds 42.1627 prefix 0021211001010111012
nodes 8000000 leaves 0 seconds 49.7286 prefix 01002010010002210
nodes 9000000 leaves 0 seconds 55.0084 prefix 0101212120001211
nodes 10000000 leaves 0 seconds 61.7421 prefix 010220102101120
nodes 11000000 leaves 0 seconds 67.8819 prefix 01101012020100012
nodes 12000000 leaves 0 seconds 73.2723 prefix 011101202120111
nodes 13000000 leaves 0 seconds 79.127 prefix 01112210201122111
nodes 14000000 leaves 0 seconds 85.2702 prefix 01122202122010010
nodes 15000000 leaves 0 seconds 90.5929 prefix 01210020222100202
nodes 16000000 leaves 0 seconds 96.068 prefix 012221221200201200
nodes 17000000 leaves 0 seconds 101.025 prefix 02010021110210012
nodes 18000000 leaves 0 seconds 106.252 prefix 0202012102021220
nodes 19000000 leaves 0 seconds 111.39 prefix 02022121001121120
nodes 20000000 leaves 0 seconds 115.868 prefix 021020000210122102
nodes 21000000 leaves 0 seconds 120.689 prefix 021101120221212120
nodes 22000000 leaves 0 seconds 125.938 prefix 0211211000212102
nodes 23000000 leaves 0 seconds 130.93 prefix 021212010201202100
nodes 24000000 leaves 0 seconds 136.055 prefix 022001211101220220
nodes 25000000 leaves 0 seconds 140.464 prefix 022121022002210
nodes 26000000 leaves 0 seconds 144.836 prefix 1000102001002011000
nodes 27000000 leaves 0 seconds 149.453 prefix 1000211220111001
nodes 28000000 leaves 0 seconds 154.829 prefix 1001012202010100
nodes 29000000 leaves 0 seconds 159.99 prefix 100121101000021000
nodes 30000000 leaves 0 seconds 165.001 prefix 1002012001021101000
nodes 31000000 leaves 0 seconds 169.706 prefix 1002121002012211
nodes 32000000 leaves 0 seconds 175.38 prefix 10022122022011122102
BEST 0.491821 100221221100100221221100
nodes 33000000 leaves 1 seconds 180.354 prefix 10101112020010020
nodes 34000000 leaves 1 seconds 185.715 prefix 101100120120100210
nodes 35000000 leaves 1 seconds 190.581 prefix 10111111022120010
nodes 36000000 leaves 1 seconds 195.527 prefix 101122222221221200
nodes 37000000 leaves 1 seconds 200.373 prefix 101220102020101021
nodes 38000000 leaves 1 seconds 206.03 prefix 1020011011011002022
nodes 39000000 leaves 1 seconds 211.129 prefix 1020212200020021
nodes 40000000 leaves 1 seconds 216.243 prefix 10211020200020202
nodes 41000000 leaves 1 seconds 221.384 prefix 102201102201020222
nodes 42000000 leaves 1 seconds 226.69 prefix 102221220121220200
nodes 43000000 leaves 1 seconds 231.112 prefix 110100112121110221
nodes 44000000 leaves 1 seconds 235.567 prefix 11020100010021021
nodes 45000000 leaves 1 seconds 239.88 prefix 11022012122002210
nodes 46000000 leaves 1 seconds 244.603 prefix 111021112202122
nodes 47000000 leaves 1 seconds 248.711 prefix 111121201102120220
nodes 48000000 leaves 1 seconds 252.267 prefix 112010212000202
nodes 49000000 leaves 1 seconds 255.993 prefix 11210120200021201
nodes 50000000 leaves 1 seconds 259.78 prefix 1122022202200010
nodes 51000000 leaves 1 seconds 263.72 prefix 11222210221100112
nodes 52000000 leaves 1 seconds 267.277 prefix 12002210112100002
nodes 53000000 leaves 1 seconds 271.035 prefix 12012112122000221
nodes 54000000 leaves 1 seconds 275.101 prefix 120211010200202210
nodes 55000000 leaves 1 seconds 279.179 prefix 12022122212012012
nodes 56000000 leaves 1 seconds 283.202 prefix 121011211220010
nodes 57000000 leaves 1 seconds 287.638 prefix 1211001211211220010
nodes 58000000 leaves 1 seconds 291.982 prefix 121111111200221102
nodes 59000000 leaves 1 seconds 296.011 prefix 12120001022022000
nodes 60000000 leaves 1 seconds 300.226 prefix 1212201012112200
nodes 61000000 leaves 1 seconds 305.058 prefix 122001110201220
nodes 62000000 leaves 1 seconds 309.272 prefix 122102101022101
nodes 63000000 leaves 1 seconds 313.59 prefix 200001102221100112
nodes 64000000 leaves 1 seconds 318.123 prefix 20010001110211022
nodes 65000000 leaves 1 seconds 322.222 prefix 20011220021021020
nodes 66000000 leaves 1 seconds 326.947 prefix 2002011011000211200
nodes 67000000 leaves 1 seconds 331.459 prefix 20022010001021210
nodes 68000000 leaves 1 seconds 337.347 prefix 201000112012112
nodes 69000000 leaves 1 seconds 342.526 prefix 201100101222000222
nodes 70000000 leaves 1 seconds 347.237 prefix 20111222011200211
nodes 71000000 leaves 1 seconds 352.219 prefix 20121010101010010
nodes 72000000 leaves 1 seconds 356.685 prefix 2020002011101012
nodes 73000000 leaves 1 seconds 361.489 prefix 202100222010021201
nodes 74000000 leaves 1 seconds 366.019 prefix 20212222112002200
nodes 75000000 leaves 1 seconds 370.232 prefix 2100021202212220
nodes 76000000 leaves 1 seconds 374.333 prefix 210101001120022
nodes 77000000 leaves 1 seconds 378.111 prefix 210200000100011102
nodes 78000000 leaves 1 seconds 382.383 prefix 21021222110000221
nodes 79000000 leaves 1 seconds 387.454 prefix 21100011220011021
nodes 80000000 leaves 1 seconds 391.562 prefix 2111002111211112210
nodes 81000000 leaves 1 seconds 395.62 prefix 211121022021011
nodes 82000000 leaves 1 seconds 399.675 prefix 21122100222202111
nodes 83000000 leaves 1 seconds 403.506 prefix 2120202220002200
nodes 84000000 leaves 1 seconds 407.46 prefix 21211222001000012
nodes 85000000 leaves 1 seconds 411.703 prefix 2122210011002211020
nodes 86000000 leaves 1 seconds 415.877 prefix 2200112110102102
nodes 87000000 leaves 1 seconds 419.98 prefix 220101011200200121
nodes 88000000 leaves 1 seconds 424.247 prefix 220121011121211020
nodes 89000000 leaves 1 seconds 429.678 prefix 220202111100010100
nodes 90000000 leaves 1 seconds 435.001 prefix 220220121220000212
nodes 91000000 leaves 1 seconds 440.775 prefix 221000121000021202
nodes 92000000 leaves 1 seconds 445.281 prefix 221012200202020200
nodes 93000000 leaves 2 seconds 450.397 prefix 2211001011201012
nodes 94000000 leaves 2 seconds 455.364 prefix 2211022111002212
nodes 95000000 leaves 2 seconds 460.015 prefix 22112100021120201
nodes 96000000 leaves 2 seconds 464.38 prefix 221201121111001101
nodes 97000000 leaves 2 seconds 468.68 prefix 221220121121002
nodes 98000000 leaves 2 seconds 473.067 prefix 222000202120221200
nodes 99000000 leaves 2 seconds 477.108 prefix 222021000022021020
nodes 100000000 leaves 2 seconds 481.084 prefix 222110101020102220
nodes 101000000 leaves 2 seconds 484.834 prefix 222220101011221121
DONE 101316146 2
