matchings 116
screening 0.2031987130176276 [(0.490478515625, [2, 2, 1, 1, 0, 0, 1, 0, 0, 2, 2, 1, 2, 2, 1, 1, 0, 0, 1, 0, 0, 2, 2, 1]), (0.481689453125, [1, 0, 0, 2, 2, 1, 2, 2, 1, 1, 0, 0, 1, 0, 0, 2, 2, 1, 2, 2, 1, 1, 0, 0]), (0.308837890625, [2, 2, 1, 1, 0, 0, 1, 0, 0, 2, 2, 1, 1, 0, 0, 2, 2, 1, 1, 0, 0, 2, 2, 1]), (0.306640625, [1, 0, 0, 2, 2, 1, 2, 2, 1, 1, 0, 0, 2, 2, 1, 1, 0, 0, 2, 2, 1, 1, 0, 0]), (0.30419921875, [2, 2, 1, 1, 0, 0, 1, 0, 0, 2, 2, 1, 2, 2, 1, 1, 0, 0, 2, 2, 1, 1, 0, 0])]
{"train": 0.490478515625, "scores_32": [0.4864501953125, 0.8563232421875, 0.9788818359375], "z_image": [2, 2, 1, 1, 0, 0, 1, 0, 0, 2, 2, 1, 2, 2, 1, 1, 0, 0, 1, 0, 0, 2, 2, 1]}
{"train": 0.481689453125, "scores_32": [0.484344482421875, 0.8577880859375, 0.9788818359375], "z_image": [1, 0, 0, 2, 2, 1, 2, 2, 1, 1, 0, 0, 1, 0, 0, 2, 2, 1, 2, 2, 1, 1, 0, 0]}
{"train": 0.308837890625, "scores_32": [0.305511474609375, 0.5037841796875, 0.709716796875], "z_image": [2, 2, 1, 1, 0, 0, 1, 0, 0, 2, 2, 1, 1, 0, 0, 2, 2, 1, 1, 0, 0, 2, 2, 1]}
{"train": 0.306640625, "scores_32": [0.303680419921875, 0.4935302734375, 0.7115478515625], "z_image": [1, 0, 0, 2, 2, 1, 2, 2, 1, 1, 0, 0, 2, 2, 1, 1, 0, 0, 2, 2, 1, 1, 0, 0]}
{"train": 0.30419921875, "scores_32": [0.30859375, 0.4981689453125, 0.7139892578125], "z_image": [2, 2, 1, 1, 0, 0, 1, 0, 0, 2, 2, 1, 2, 2, 1, 1, 0, 0, 2, 2, 1, 1, 0, 0]}
{"train": 0.303955078125, "scores_32": [0.305572509765625, 0.4974365234375, 0.7183837890625], "z_image": [2, 2, 1, 1, 0, 0, 2, 2, 1, 1, 0, 0, 2, 2, 1, 1, 0, 0, 1, 0, 0, 2, 2, 1]}
{"train": 0.299072265625, "scores_32": [0.30157470703125, 0.506103515625, 0.71044921875], "z_image": [1, 0, 0, 2, 2, 1, 1, 0, 0, 2, 2, 1, 2, 2, 1, 1, 0, 0, 1, 0, 0, 2, 2, 1]}
{"train": 0.29736328125, "scores_32": [0.30853271484375, 0.5052490234375, 0.7161865234375], "z_image": [2, 2, 1, 1, 0, 0, 2, 2, 1, 1, 0, 0, 1, 0, 0, 2, 2, 1, 2, 2, 1, 1, 0, 0]}
{"train": 0.297119140625, "scores_32": [0.307098388671875, 0.5052490234375, 0.70947265625], "z_image": [1, 0, 0, 2, 2, 1, 2, 2, 1, 1, 0, 0, 1, 0, 0, 2, 2, 1, 1, 0, 0, 2, 2, 1]}
{"train": 0.296630859375, "scores_32": [0.302520751953125, 0.5067138671875, 0.7158203125], "z_image": [1, 0, 0, 2, 2, 1, 1, 0, 0, 2, 2, 1, 1, 0, 0, 2, 2, 1, 2, 2, 1, 1, 0, 0]}
{"train": 0.162109375, "scores_32": [0.1605224609375, 0.165283203125, 0.20166015625], "z_image": [0, 0, 0, 0, 1, 2, 0, 0, 0, 0, 1, 2, 2, 2, 2, 0, 1, 2, 2, 2, 2, 0, 1, 2]}
{"train": 0.159912109375, "scores_32": [0.1593017578125, 0.157470703125, 0.1939697265625], "z_image": [0, 1, 2, 2, 2, 2, 0, 1, 2, 0, 0, 0, 0, 1, 2, 0, 0, 0, 0, 1, 2, 2, 2, 2]}
{"train": 0.159912109375, "scores_32": [0.157562255859375, 0.157958984375, 0.1915283203125], "z_image": [0, 1, 2, 0, 0, 0, 0, 1, 2, 2, 2, 2, 0, 1, 2, 2, 2, 2, 0, 1, 2, 0, 0, 0]}
{"train": 0.158935546875, "scores_32": [0.149627685546875, 0.1407470703125, 0.1683349609375], "z_image": [2, 2, 2, 0, 1, 2, 1, 1, 2, 0, 1, 1, 1, 1, 2, 0, 1, 1, 2, 2, 2, 0, 1, 2]}
{"train": 0.15869140625, "scores_32": [0.1580810546875, 0.1690673828125, 0.1954345703125], "z_image": [0, 1, 2, 0, 0, 0, 0, 1, 2, 0, 0, 0, 1, 1, 2, 0, 1, 1, 1, 1, 2, 0, 1, 1]}
{"train": 0.158447265625, "scores_32": [0.15765380859375, 0.1661376953125, 0.1962890625], "z_image": [1, 1, 2, 0, 1, 1, 1, 1, 2, 0, 1, 1, 0, 1, 2, 0, 0, 0, 0, 1, 2, 0, 0, 0]}
{"train": 0.158203125, "scores_32": [0.1588134765625, 0.1519775390625, 0.1971435546875], "z_image": [0, 1, 1, 1, 1, 2, 0, 0, 0, 0, 1, 2, 0, 0, 0, 0, 1, 2, 0, 1, 1, 1, 1, 2]}
{"train": 0.15673828125, "scores_32": [0.158294677734375, 0.1571044921875, 0.1981201171875], "z_image": [0, 0, 0, 0, 1, 2, 0, 1, 1, 1, 1, 2, 0, 1, 1, 1, 1, 2, 0, 0, 0, 0, 1, 2]}
{"train": 0.15625, "scores_32": [0.1531982421875, 0.1412353515625, 0.16259765625], "z_image": [0, 1, 2, 2, 2, 2, 0, 1, 2, 2, 2, 2, 0, 1, 1, 1, 1, 2, 0, 1, 1, 1, 1, 2]}
{"train": 0.155517578125, "scores_32": [0.16217041015625, 0.159912109375, 0.1998291015625], "z_image": [2, 2, 2, 0, 1, 2, 2, 2, 2, 0, 1, 2, 0, 0, 0, 0, 1, 2, 0, 0, 0, 0, 1, 2]}
{"train": 0.15234375, "scores_32": [0.152069091796875, 0.1402587890625, 0.1768798828125], "z_image": [1, 1, 2, 0, 1, 1, 2, 2, 2, 0, 1, 2, 2, 2, 2, 0, 1, 2, 1, 1, 2, 0, 1, 1]}
{"train": 0.146728515625, "scores_32": [0.15655517578125, 0.1390380859375, 0.1734619140625], "z_image": [0, 1, 1, 1, 1, 2, 0, 1, 1, 1, 1, 2, 0, 1, 2, 2, 2, 2, 0, 1, 2, 2, 2, 2]}
{"train": 0.1083984375, "scores_32": [0.099090576171875, 0.0809326171875, 0.0819091796875], "z_image": [0, 0, 0, 0, 1, 2, 0, 0, 0, 0, 1, 2, 0, 0, 0, 0, 1, 2, 0, 0, 0, 0, 1, 2]}
{"train": 0.1005859375, "scores_32": [0.09930419921875, 0.0775146484375, 0.0821533203125], "z_image": [0, 1, 2, 0, 0, 0, 0, 1, 2, 0, 0, 0, 0, 1, 2, 0, 0, 0, 0, 1, 2, 0, 0, 0]}
{"train": 0.074951171875, "scores_32": [0.071624755859375, 0.0396728515625, 0.0333251953125], "z_image": [0, 1, 2, 2, 2, 2, 0, 1, 2, 2, 2, 2, 0, 1, 2, 2, 2, 2, 0, 1, 2, 2, 2, 2]}
{"train": 0.0732421875, "scores_32": [0.069610595703125, 0.0443115234375, 0.038818359375], "z_image": [2, 2, 2, 0, 1, 2, 2, 2, 2, 0, 1, 2, 2, 2, 2, 0, 1, 2, 2, 2, 2, 0, 1, 2]}
{"train": 0.0732421875, "scores_32": [0.072967529296875, 0.044921875, 0.0443115234375], "z_image": [0, 1, 1, 1, 0, 0, 0, 0, 0, 0, 0, 0, 2, 2, 2, 0, 0, 0, 1, 1, 2, 2, 2, 1]}
{"train": 0.072509765625, "scores_32": [0.07391357421875, 0.0489501953125, 0.041748046875], "z_image": [0, 0, 0, 2, 2, 2, 0, 0, 0, 0, 0, 0, 1, 0, 0, 0, 1, 1, 2, 2, 1, 1, 1, 2]}
{"train": 0.072021484375, "scores_32": [0.07330322265625, 0.047119140625, 0.0430908203125], "z_image": [2, 2, 1, 1, 1, 2, 1, 0, 0, 0, 1, 1, 0, 0, 0, 0, 0, 0, 0, 0, 0, 2, 2, 2]}
{"train": 0.07177734375, "scores_32": [0.07305908203125, 0.0472412109375, 0.043701171875], "z_image": [2, 2, 2, 0, 0, 0, 1, 1, 2, 2, 2, 1, 0, 1, 1, 1, 0, 0, 0, 0, 0, 0, 0, 0]}
{"train": 0.07177734375, "scores_32": [0.072662353515625, 0.045654296875, 0.0404052734375], "z_image": [0, 0, 0, 0, 0, 0, 0, 0, 0, 2, 2, 2, 2, 2, 1, 1, 1, 2, 1, 0, 0, 0, 1, 1]}
{"train": 0.0712890625, "scores_32": [0.073822021484375, 0.0406494140625, 0.0330810546875], "z_image": [0, 1, 1, 1, 1, 2, 0, 1, 1, 1, 1, 2, 0, 1, 1, 1, 1, 2, 0, 1, 1, 1, 1, 2]}
{"train": 0.070068359375, "scores_32": [0.071563720703125, 0.0513916015625, 0.041748046875], "z_image": [1, 1, 2, 2, 2, 1, 2, 2, 2, 0, 0, 0, 0, 0, 0, 0, 0, 0, 0, 1, 1, 1, 0, 0]}
{"train": 0.069580078125, "scores_32": [0.071624755859375, 0.0396728515625, 0.035400390625], "z_image": [1, 1, 2, 0, 1, 1, 1, 1, 2, 0, 1, 1, 1, 1, 2, 0, 1, 1, 1, 1, 2, 0, 1, 1]}
{"train": 0.0693359375, "scores_32": [0.07177734375, 0.047119140625, 0.0419921875], "z_image": [0, 0, 0, 0, 0, 0, 0, 1, 1, 1, 0, 0, 1, 1, 2, 2, 2, 1, 2, 2, 2, 0, 0, 0]}
{"train": 0.068603515625, "scores_32": [0.073577880859375, 0.046875, 0.0455322265625], "z_image": [1, 0, 0, 0, 1, 1, 2, 2, 1, 1, 1, 2, 0, 0, 0, 2, 2, 2, 0, 0, 0, 0, 0, 0]}
{"train": 0.060546875, "scores_32": [0.053680419921875, 0.0255126953125, 0.02001953125], "z_image": [2, 2, 2, 0, 0, 0, 2, 2, 2, 2, 2, 2, 2, 2, 1, 1, 1, 2, 1, 0, 0, 0, 1, 1]}
{"train": 0.06005859375, "scores_32": [0.057098388671875, 0.027099609375, 0.020263671875], "z_image": [1, 1, 2, 2, 2, 1, 2, 2, 2, 0, 0, 0, 1, 0, 0, 0, 1, 1, 1, 1, 1, 1, 1, 1]}
{"train": 0.06005859375, "scores_32": [0.05804443359375, 0.02734375, 0.0189208984375], "z_image": [0, 1, 1, 1, 0, 0, 0, 0, 0, 2, 2, 2, 2, 2, 1, 1, 1, 2, 1, 1, 1, 1, 1, 1]}
{"train": 0.059814453125, "scores_32": [0.055267333984375, 0.0234375, 0.0218505859375], "z_image": [2, 2, 1, 1, 1, 2, 1, 1, 1, 1, 1, 1, 0, 1, 1, 1, 0, 0, 0, 0, 0, 2, 2, 2]}
{"train": 0.057861328125, "scores_32": [0.056427001953125, 0.02490234375, 0.020751953125], "z_image": [1, 1, 1, 1, 1, 1, 2, 2, 1, 1, 1, 2, 0, 0, 0, 2, 2, 2, 0, 1, 1, 1, 0, 0]}
{"train": 0.05712890625, "scores_32": [0.056671142578125, 0.0269775390625, 0.0201416015625], "z_image": [0, 1, 1, 1, 0, 0, 0, 0, 0, 2, 2, 2, 2, 2, 2, 2, 2, 2, 1, 1, 2, 2, 2, 1]}
{"train": 0.056884765625, "scores_32": [0.058502197265625, 0.026123046875, 0.0186767578125], "z_image": [1, 0, 0, 0, 1, 1, 1, 1, 1, 1, 1, 1, 1, 1, 2, 2, 2, 1, 2, 2, 2, 0, 0, 0]}
{"train": 0.056640625, "scores_32": [0.056854248046875, 0.025390625, 0.0206298828125], "z_image": [1, 1, 1, 1, 1, 1, 1, 0, 0, 0, 1, 1, 2, 2, 2, 0, 0, 0, 1, 1, 2, 2, 2, 1]}
{"train": 0.056396484375, "scores_32": [0.057769775390625, 0.0279541015625, 0.0203857421875], "z_image": [2, 2, 2, 2, 2, 2, 2, 2, 2, 0, 0, 0, 1, 0, 0, 0, 1, 1, 2, 2, 1, 1, 1, 2]}
{"train": 0.055419921875, "scores_32": [0.0560302734375, 0.0286865234375, 0.019775390625], "z_image": [2, 2, 1, 1, 1, 2, 1, 0, 0, 0, 1, 1, 2, 2, 2, 0, 0, 0, 2, 2, 2, 2, 2, 2]}
{"train": 0.05517578125, "scores_32": [0.058319091796875, 0.0294189453125, 0.0198974609375], "z_image": [2, 2, 2, 2, 2, 2, 1, 1, 2, 2, 2, 1, 0, 1, 1, 1, 0, 0, 0, 0, 0, 2, 2, 2]}
{"train": 0.05517578125, "scores_32": [0.05743408203125, 0.0302734375, 0.0220947265625], "z_image": [0, 0, 0, 2, 2, 2, 0, 1, 1, 1, 0, 0, 1, 1, 1, 1, 1, 1, 2, 2, 1, 1, 1, 2]}
{"train": 0.054931640625, "scores_32": [0.057281494140625, 0.0296630859375, 0.0189208984375], "z_image": [1, 0, 0, 0, 1, 1, 2, 2, 1, 1, 1, 2, 2, 2, 2, 2, 2, 2, 2, 2, 2, 0, 0, 0]}
{"train": 0.05419921875, "scores_32": [0.056121826171875, 0.0277099609375, 0.01953125], "z_image": [2, 2, 2, 0, 0, 0, 1, 1, 2, 2, 2, 1, 1, 1, 1, 1, 1, 1, 1, 0, 0, 0, 1, 1]}
{"train": 0.052734375, "scores_32": [0.057373046875, 0.0267333984375, 0.021728515625], "z_image": [1, 1, 2, 2, 2, 1, 2, 2, 2, 2, 2, 2, 0, 0, 0, 2, 2, 2, 0, 1, 1, 1, 0, 0]}
{"train": 0.0517578125, "scores_32": [0.05670166015625, 0.0263671875, 0.019775390625], "z_image": [0, 0, 0, 2, 2, 2, 0, 1, 1, 1, 0, 0, 1, 1, 2, 2, 2, 1, 2, 2, 2, 2, 2, 2]}
{"train": 0.03369140625, "scores_32": [0.03662109375, 0.0458984375, 0.0980224609375], "z_image": [0, 1, 2, 0, 1, 2, 0, 1, 2, 0, 1, 2, 0, 1, 2, 0, 1, 2, 0, 1, 2, 0, 1, 2]}
{"train": 0.01953125, "scores_32": [0.0155029296875, 0.0111083984375, 0.009521484375], "z_image": [2, 2, 2, 0, 0, 0, 2, 2, 2, 0, 0, 0, 1, 0, 0, 0, 1, 1, 1, 0, 0, 0, 1, 1]}
{"train": 0.0166015625, "scores_32": [0.015289306640625, 0.0047607421875, 0.0018310546875], "z_image": [1, 1, 2, 2, 2, 1, 1, 1, 2, 2, 2, 1, 0, 1, 1, 1, 0, 0, 0, 1, 1, 1, 0, 0]}
{"train": 0.016357421875, "scores_32": [0.016632080078125, 0.010498046875, 0.009765625], "z_image": [0, 1, 1, 1, 0, 0, 0, 0, 0, 2, 2, 2, 0, 0, 0, 2, 2, 2, 0, 1, 1, 1, 0, 0]}
{"train": 0.015625, "scores_32": [0.0140380859375, 0.005126953125, 0.0015869140625], "z_image": [2, 2, 1, 1, 1, 2, 1, 0, 0, 0, 1, 1, 1, 0, 0, 0, 1, 1, 2, 2, 1, 1, 1, 2]}
{"train": 0.015625, "scores_32": [0.016815185546875, 0.0123291015625, 0.0074462890625], "z_image": [1, 0, 0, 0, 1, 1, 1, 0, 0, 0, 1, 1, 2, 2, 2, 0, 0, 0, 2, 2, 2, 0, 0, 0]}
{"train": 0.015625, "scores_32": [0.01507568359375, 0.006103515625, 0.0013427734375], "z_image": [0, 0, 0, 2, 2, 2, 0, 0, 0, 2, 2, 2, 2, 2, 1, 1, 1, 2, 2, 2, 1, 1, 1, 2]}
{"train": 0.015380859375, "scores_32": [0.0147705078125, 0.00537109375, 0.0028076171875], "z_image": [2, 2, 1, 1, 1, 2, 2, 2, 1, 1, 1, 2, 0, 0, 0, 2, 2, 2, 0, 0, 0, 2, 2, 2]}
{"train": 0.015380859375, "scores_32": [0.015106201171875, 0.005859375, 0.0028076171875], "z_image": [1, 0, 0, 0, 1, 1, 2, 2, 1, 1, 1, 2, 2, 2, 1, 1, 1, 2, 1, 0, 0, 0, 1, 1]}
{"train": 0.01513671875, "scores_32": [0.014251708984375, 0.0064697265625, 0.00830078125], "z_image": [2, 2, 1, 1, 0, 0, 2, 2, 1, 1, 0, 0, 1, 0, 0, 2, 2, 1, 1, 0, 0, 2, 2, 1]}
{"train": 0.01513671875, "scores_32": [0.015106201171875, 0.0069580078125, 0.0013427734375], "z_image": [1, 1, 2, 2, 2, 1, 2, 2, 2, 0, 0, 0, 2, 2, 2, 0, 0, 0, 1, 1, 2, 2, 2, 1]}
{"train": 0.014892578125, "scores_32": [0.015380859375, 0.0042724609375, 0.0029296875], "z_image": [0, 1, 1, 1, 0, 0, 0, 1, 1, 1, 0, 0, 1, 1, 2, 2, 2, 1, 1, 1, 2, 2, 2, 1]}
{"train": 0.014404296875, "scores_32": [0.0159912109375, 0.0111083984375, 0.0101318359375], "z_image": [0, 0, 0, 2, 2, 2, 0, 1, 1, 1, 0, 0, 0, 1, 1, 1, 0, 0, 0, 0, 0, 2, 2, 2]}
{"train": 0.013916015625, "scores_32": [0.015228271484375, 0.0079345703125, 0.00732421875], "z_image": [1, 0, 0, 2, 2, 1, 2, 2, 1, 1, 0, 0, 2, 2, 1, 1, 0, 0, 1, 0, 0, 2, 2, 1]}
{"train": 0.013671875, "scores_32": [0.014312744140625, 0.0057373046875, 0.00634765625], "z_image": [2, 2, 1, 1, 0, 0, 1, 0, 0, 2, 2, 1, 1, 0, 0, 2, 2, 1, 2, 2, 1, 1, 0, 0]}
{"train": 0.01318359375, "scores_32": [0.015228271484375, 0.0048828125, 0.0020751953125], "z_image": [2, 2, 2, 0, 0, 0, 1, 1, 2, 2, 2, 1, 1, 1, 2, 2, 2, 1, 2, 2, 2, 0, 0, 0]}
{"train": 0.01318359375, "scores_32": [0.01385498046875, 0.00732421875, 0.0062255859375], "z_image": [1, 0, 0, 2, 2, 1, 1, 0, 0, 2, 2, 1, 2, 2, 1, 1, 0, 0, 2, 2, 1, 1, 0, 0]}
{"train": 0.01123046875, "scores_32": [0.0078125, 0.000732421875, 0.000244140625], "z_image": [2, 2, 2, 2, 2, 2, 1, 1, 2, 2, 2, 1, 1, 1, 1, 1, 1, 1, 2, 2, 1, 1, 1, 2]}
{"train": 0.010986328125, "scores_32": [0.008453369140625, 0.0030517578125, 0.001220703125], "z_image": [2, 2, 2, 0, 0, 0, 2, 2, 2, 2, 2, 2, 0, 0, 0, 2, 2, 2, 0, 0, 0, 0, 0, 0]}
{"train": 0.010498046875, "scores_32": [0.0074462890625, 0.000732421875, 0.0003662109375], "z_image": [2, 2, 1, 1, 1, 2, 2, 2, 1, 1, 1, 2, 2, 2, 1, 1, 1, 2, 2, 2, 1, 1, 1, 2]}
{"train": 0.01025390625, "scores_32": [0.009613037109375, 0.0032958984375, 0.0009765625], "z_image": [0, 1, 1, 1, 0, 0, 0, 1, 1, 1, 0, 0, 0, 1, 1, 1, 0, 0, 0, 1, 1, 1, 0, 0]}
{"train": 0.010009765625, "scores_32": [0.008819580078125, 0.003173828125, 0.00146484375], "z_image": [0, 0, 0, 2, 2, 2, 0, 0, 0, 2, 2, 2, 0, 0, 0, 2, 2, 2, 0, 0, 0, 2, 2, 2]}
{"train": 0.009765625, "scores_32": [0.009613037109375, 0.003173828125, 0.0013427734375], "z_image": [2, 2, 2, 0, 0, 0, 2, 2, 2, 0, 0, 0, 2, 2, 2, 0, 0, 0, 2, 2, 2, 0, 0, 0]}
{"train": 0.009521484375, "scores_32": [0.00750732421875, 0.001220703125, 0.000244140625], "z_image": [1, 1, 2, 2, 2, 1, 2, 2, 2, 2, 2, 2, 2, 2, 1, 1, 1, 2, 1, 1, 1, 1, 1, 1]}
{"train": 0.00927734375, "scores_32": [0.008941650390625, 0.003173828125, 0.0015869140625], "z_image": [2, 2, 2, 2, 2, 2, 2, 2, 2, 0, 0, 0, 0, 0, 0, 0, 0, 0, 0, 0, 0, 2, 2, 2]}
{"train": 0.009033203125, "scores_32": [0.00933837890625, 0.00341796875, 0.00146484375], "z_image": [0, 0, 0, 0, 0, 0, 0, 0, 0, 2, 2, 2, 2, 2, 2, 2, 2, 2, 2, 2, 2, 0, 0, 0]}
{"train": 0.008056640625, "scores_32": [0.007080078125, 0.00244140625, 0.0013427734375], "z_image": [2, 2, 1, 1, 0, 0, 2, 2, 1, 1, 0, 0, 2, 2, 1, 1, 0, 0, 2, 2, 1, 1, 0, 0]}
{"train": 0.008056640625, "scores_32": [0.00872802734375, 0.0040283203125, 0.0008544921875], "z_image": [1, 1, 1, 1, 1, 1, 1, 0, 0, 0, 1, 1, 0, 0, 0, 0, 0, 0, 0, 1, 1, 1, 0, 0]}
{"train": 0.008056640625, "scores_32": [0.009490966796875, 0.00244140625, 0.0020751953125], "z_image": [1, 0, 0, 0, 1, 1, 1, 1, 1, 1, 1, 1, 0, 1, 1, 1, 0, 0, 0, 0, 0, 0, 0, 0]}
{"train": 0.008056640625, "scores_32": [0.00885009765625, 0.0042724609375, 0.001953125], "z_image": [0, 0, 0, 0, 0, 0, 0, 1, 1, 1, 0, 0, 1, 1, 1, 1, 1, 1, 1, 0, 0, 0, 1, 1]}
{"train": 0.0078125, "scores_32": [0.008148193359375, 0.001220703125, 0.0001220703125], "z_image": [1, 1, 2, 2, 2, 1, 1, 1, 2, 2, 2, 1, 1, 1, 2, 2, 2, 1, 1, 1, 2, 2, 2, 1]}
{"train": 0.0078125, "scores_32": [0.00799560546875, 0.00146484375, 0.0009765625], "z_image": [1, 0, 0, 2, 2, 1, 1, 0, 0, 2, 2, 1, 1, 0, 0, 2, 2, 1, 1, 0, 0, 2, 2, 1]}
{"train": 0.007568359375, "scores_32": [0.01007080078125, 0.004150390625, 0.0018310546875], "z_image": [1, 0, 0, 0, 1, 1, 1, 0, 0, 0, 1, 1, 1, 0, 0, 0, 1, 1, 1, 0, 0, 0, 1, 1]}
{"train": 0.00732421875, "scores_32": [0.009124755859375, 0.0042724609375, 0.00146484375], "z_image": [0, 0, 0, 2, 2, 2, 0, 0, 0, 0, 0, 0, 2, 2, 2, 0, 0, 0, 2, 2, 2, 2, 2, 2]}
{"train": 0.007080078125, "scores_32": [0.0087890625, 0.0032958984375, 0.0010986328125], "z_image": [0, 1, 1, 1, 0, 0, 0, 0, 0, 0, 0, 0, 1, 0, 0, 0, 1, 1, 1, 1, 1, 1, 1, 1]}
{"train": 0.005859375, "scores_32": [0.008087158203125, 0.001220703125, 0.0], "z_image": [2, 2, 1, 1, 1, 2, 1, 1, 1, 1, 1, 1, 1, 1, 2, 2, 2, 1, 2, 2, 2, 2, 2, 2]}
{"train": 0.00537109375, "scores_32": [0.004364013671875, 0.0001220703125, 0.0], "z_image": [2, 2, 2, 0, 0, 0, 2, 2, 2, 0, 0, 0, 0, 0, 0, 0, 0, 0, 0, 0, 0, 0, 0, 0]}
{"train": 0.00537109375, "scores_32": [0.00390625, 0.000732421875, 0.0], "z_image": [0, 0, 0, 0, 0, 0, 0, 0, 0, 2, 2, 2, 0, 0, 0, 2, 2, 2, 0, 0, 0, 0, 0, 0]}
{"train": 0.005126953125, "scores_32": [0.008026123046875, 0.0009765625, 0.000244140625], "z_image": [1, 1, 1, 1, 1, 1, 2, 2, 1, 1, 1, 2, 2, 2, 2, 2, 2, 2, 1, 1, 2, 2, 2, 1]}
{"train": 0.005126953125, "scores_32": [0.004302978515625, 0.0, 0.0], "z_image": [0, 0, 0, 2, 2, 2, 0, 0, 0, 0, 0, 0, 0, 0, 0, 0, 0, 0, 0, 0, 0, 2, 2, 2]}
{"train": 0.00439453125, "scores_32": [0.0040283203125, 0.0003662109375, 0.0], "z_image": [1, 0, 0, 0, 1, 1, 1, 0, 0, 0, 1, 1, 0, 0, 0, 0, 0, 0, 0, 0, 0, 0, 0, 0]}
{"train": 0.00439453125, "scores_32": [0.004730224609375, 0.000244140625, 0.0], "z_image": [0, 1, 1, 1, 0, 0, 0, 0, 0, 0, 0, 0, 0, 0, 0, 0, 0, 0, 0, 1, 1, 1, 0, 0]}
{"train": 0.00390625, "scores_32": [0.003692626953125, 0.00048828125, 0.0], "z_image": [0, 0, 0, 0, 0, 0, 0, 0, 0, 0, 0, 0, 1, 0, 0, 0, 1, 1, 1, 0, 0, 0, 1, 1]}
{"train": 0.003662109375, "scores_32": [0.004364013671875, 0.0006103515625, 0.0], "z_image": [0, 0, 0, 0, 0, 0, 0, 1, 1, 1, 0, 0, 0, 1, 1, 1, 0, 0, 0, 0, 0, 0, 0, 0]}
{"train": 0.003173828125, "scores_32": [0.00250244140625, 0.0, 0.0], "z_image": [2, 2, 2, 2, 2, 2, 2, 2, 2, 2, 2, 2, 2, 2, 1, 1, 1, 2, 2, 2, 1, 1, 1, 2]}
{"train": 0.0029296875, "scores_32": [0.001983642578125, 0.0, 0.0], "z_image": [2, 2, 2, 2, 2, 2, 2, 2, 2, 2, 2, 2, 0, 0, 0, 2, 2, 2, 0, 0, 0, 2, 2, 2]}
{"train": 0.0029296875, "scores_32": [0.002349853515625, 0.0, 0.0], "z_image": [1, 1, 2, 2, 2, 1, 1, 1, 2, 2, 2, 1, 1, 1, 1, 1, 1, 1, 1, 1, 1, 1, 1, 1]}
{"train": 0.002685546875, "scores_32": [0.002197265625, 0.0, 0.0], "z_image": [1, 1, 2, 2, 2, 1, 2, 2, 2, 2, 2, 2, 2, 2, 2, 2, 2, 2, 1, 1, 2, 2, 2, 1]}
