nodes 1000000 leaves 0 seconds 18.7553 prefix 0002121210111210
nodes 2000000 leaves 0 seconds 36.3611 prefix 001202001221021
nodes 3000000 leaves 0 seconds 52.6619 prefix 01010000010001
nodes 4000000 leaves 0 seconds 69.3782 prefix 011010021220122
nodes 5000000 leaves 0 seconds 86.4982 prefix 01121202101110001
nodes 6000000 leaves 0 seconds 103.792 prefix 0200120202111211
nodes 7000000 leaves 0 seconds 121.619 prefix 02100011010212
nodes 8000000 leaves 0 seconds 140.185 prefix 021110221101021000
nodes 9000000 leaves 0 seconds 159.104 prefix 022000012121202220
nodes 10000000 leaves 0 seconds 177.624 prefix 10001121222111022
nodes 11000000 leaves 0 seconds 196.883 prefix 100110210000111
nodes 12000000 leaves 0 seconds 217.331 prefix 100202221121100221
nodes 13000000 leaves 0 seconds 237.606 prefix 101000100020101101
nodes 14000000 leaves 0 seconds 256.722 prefix 10110111110121020
nodes 15000000 leaves 0 seconds 274.938 prefix 1012011010100021
nodes 16000000 leaves 0 seconds 292.981 prefix 1020102102102010
nodes 17000000 leaves 0 seconds 310.641 prefix 10212020202022102
nodes 18000000 leaves 0 seconds 327.685 prefix 11001110110210110
nodes 19000000 leaves 0 seconds 346.34 prefix 1102121010211002
nodes 20000000 leaves 0 seconds 365.319 prefix 111121210000001221
nodes 21000000 leaves 0 seconds 382.912 prefix 112122212101022
nodes 22000000 leaves 0 seconds 400.502 prefix 12002112010211021
nodes 23000000 leaves 0 seconds 418.9 prefix 12022022002001022
nodes 24000000 leaves 0 seconds 439.625 prefix 12110001021221110
nodes 25000000 leaves 0 seconds 460.722 prefix 1211212011112211
nodes 26000000 leaves 0 seconds 480.795 prefix 12200021222022010
nodes 27000000 leaves 0 seconds 500.311 prefix 20002010012220010
nodes 28000000 leaves 0 seconds 519.493 prefix 200200112201000220
nodes 29000000 leaves 0 seconds 538.97 prefix 200222221221120100
nodes 30000000 leaves 0 seconds 557.255 prefix 20112012020100012
nodes 31000000 leaves 0 seconds 574.87 prefix 202100001222102010
nodes 32000000 leaves 0 seconds 592.319 prefix 210010220020201121
nodes 33000000 leaves 0 seconds 611.217 prefix 21020110110212112
nodes 34000000 leaves 0 seconds 630.497 prefix 211020202120210210
nodes 35000000 leaves 0 seconds 650.581 prefix 2112012001202202
nodes 36000000 leaves 0 seconds 670.09 prefix 212102200100012100
nodes 37000000 leaves 0 seconds 690.175 prefix 2200202211212222
nodes 38000000 leaves 0 seconds 711.731 prefix 220200020212000100
nodes 39000000 leaves 0 seconds 732.88 prefix 2202221111000
nodes 40000000 leaves 0 seconds 753.533 prefix 221021211210112
nodes 41000000 leaves 0 seconds 776.24 prefix 22111022121122011
nodes 42000000 leaves 0 seconds 798.9 prefix 2212011210202210
nodes 43000000 leaves 0 seconds 820.522 prefix 2220002110122221
nodes 44000000 leaves 0 seconds 842.079 prefix 222112100120100222
DONE 44489277 0
