STAGE legacy_seed ALLOWANCE 3.0
seed scan_02_06 1e-07 [(0, 0.8124769), (73, 0.7150186), (43, 0.5256483), (62, 0.4080616), (38, 0.2266225), (47, 0.2213581), (41, 0.1524069), (7, 0.10511), (26, 0.1007044), (78, 0.1005994), (25, 0.0982762), (48, 0.0972022), (27, 0.0964502), (36, 0.0940344), (24, 0.090354), (28, 0.0880015), (23, 0.0810459), (29, 0.0784003), (54, 0.0770905), (16, 0.0752962), (15, 0.075044)]
scan_02_06 best 0.0028921505462358665 trace 6.107658418055177 support [0, 7, 24, 25, 26, 27, 28, 36, 38, 41, 43, 47, 48, 62, 73, 78]
seed scan_02_06 1e-09 [(0, 0.8124769), (73, 0.7150186), (43, 0.5256483), (62, 0.4080616), (38, 0.2266225), (47, 0.2213581), (41, 0.1524069), (7, 0.10511), (26, 0.1007044), (78, 0.1005994), (25, 0.0982762), (48, 0.0972022), (27, 0.0964502), (36, 0.0940344), (24, 0.090354), (28, 0.0880015), (23, 0.0810459), (29, 0.0784003), (54, 0.0770905), (16, 0.0752962), (15, 0.075044)]
seed scan_02_06 1e-05 [(0, 0.8124744), (43, 0.6768711), (73, 0.5372382), (62, 0.4094729), (41, 0.2550084), (38, 0.2266144), (47, 0.2213522), (35, 0.1605089), (8, 0.1564407), (23, 0.141944), (24, 0.1318171), (36, 0.1192398), (25, 0.1102841), (54, 0.1093327), (26, 0.1033128), (78, 0.1028963), (15, 0.0996589), (48, 0.098938), (27, 0.0982688), (22, 0.0845003), (28, 0.084219)]
scan_02_06 best 0.0014496493695864972 trace 6.108425844125142 support [0, 8, 23, 24, 25, 26, 35, 36, 38, 41, 43, 47, 54, 62, 73, 78]
seed scan_02_06 1e-11 [(0, 0.8124769), (73, 0.7150186), (43, 0.5256483), (62, 0.4080616), (38, 0.2266225), (47, 0.2213581), (41, 0.1524069), (7, 0.10511), (26, 0.1007044), (78, 0.1005994), (25, 0.0982762), (48, 0.0972022), (27, 0.0964502), (36, 0.0940344), (24, 0.090354), (28, 0.0880015), (23, 0.0810459), (29, 0.0784003), (54, 0.0770905), (16, 0.0752962), (15, 0.075044)]
seed scan_02_06 0.001 [(0, 0.8124403), (43, 0.7351539), (62, 0.4093126), (41, 0.2511221), (38, 0.2266145), (47, 0.2212999), (73, 0.1918946), (35, 0.1474162), (84, 0.1266075), (34, 0.1225616), (42, 0.1071577), (33, 0.105515), (66, 0.1050915), (32, 0.093192), (7, 0.0917192), (31, 0.0840734), (22, 0.0834518), (21, 0.0828548), (54, 0.0819145), (91, 0.0806433), (23, 0.0798297)]
seed scan_02_06 1e-13 [(0, 0.8124769), (73, 0.7150186), (43, 0.5256483), (62, 0.4080616), (38, 0.2266225), (47, 0.2213581), (41, 0.1524069), (7, 0.10511), (26, 0.1007044), (78, 0.1005994), (25, 0.0982762), (48, 0.0972022), (27, 0.0964502), (36, 0.0940344), (24, 0.090354), (28, 0.0880015), (23, 0.0810459), (29, 0.0784003), (54, 0.0770905), (16, 0.0752962), (15, 0.075044)]
seed scan_02_06 1.0 [(0, 0.7964905), (47, 0.2616032), (52, 0.2427123), (88, 0.2411625), (94, 0.2181368), (40, 0.2118217), (60, 0.2105159), (58, 0.2097822), (46, 0.2061755), (64, 0.2058895), (82, 0.202239), (70, 0.187685), (81, 0.1824452), (83, 0.1791409), (76, 0.1779527), (72, 0.1763692), (95, 0.1710812), (77, 0.1706365), (44, 0.1705548), (57, 0.170514), (41, 0.1691043)]
BEST scan_02_06 0.0014496493695864972 trace 6.108425844125142 support [0, 8, 23, 24, 25, 26, 35, 36, 38, 41, 43, 47, 54, 62, 73, 78]
STAGE whitened_seed ALLOWANCE 9.0
BEST scan_02_06 0.0014496493695864972 trace 6.108425844125142 support [0, 8, 23, 24, 25, 26, 35, 36, 38, 41, 43, 47, 54, 62, 73, 78]
SEED scan_02_06 1e-07 [(43, 0.8474330850765479), (0, 0.812476109746715), (62, 0.4094919756839991), (21, 0.3954156426419016), (91, 0.3631044379543112), (33, 0.3592573156220539), (27, 0.3163521976988055), (35, 0.2593154990425847), (41, 0.2558650302728219), (38, 0.22661442163333048), (36, 0.22614583004753183), (13, 0.22409757183488074), (47, 0.22135596043323302), (84, 0.21494256554617036), (42, 0.17764560702904741), (11, 0.16160863948266332)]
BEST scan_02_06 0.00017819721576356473 trace 6.109125446947104 support [ 0 11 13 21 27 33 35 36 38 41 42 43 47 62 84 91]
SEED scan_02_06 1e-09 [(43, 0.8474330850765479), (0, 0.812476109746715), (62, 0.4094919756839991), (21, 0.3954156426419016), (91, 0.3631044379543112), (33, 0.3592573156220539), (27, 0.3163521976988055), (35, 0.2593154990425847), (41, 0.2558650302728219), (38, 0.22661442163333048), (36, 0.22614583004753183), (13, 0.22409757183488074), (47, 0.22135596043323302), (84, 0.21494256554617036), (42, 0.17764560702904741), (11, 0.16160863948266332)]
SEED scan_02_06 1e-11 [(43, 0.8474330850765479), (0, 0.812476109746715), (62, 0.4094919756839991), (21, 0.3954156426419016), (91, 0.3631044379543112), (33, 0.3592573156220539), (27, 0.3163521976988055), (35, 0.2593154990425847), (41, 0.2558650302728219), (38, 0.22661442163333048), (36, 0.22614583004753183), (13, 0.22409757183488074), (47, 0.22135596043323302), (84, 0.21494256554617036), (42, 0.17764560702904741), (11, 0.16160863948266332)]
SEED scan_02_06 1e-05 [(43, 0.8462593591801779), (0, 0.81247611440132), (62, 0.4094919756840151), (91, 0.3634129439340468), (33, 0.36084748777693115), (54, 0.3341781747839127), (42, 0.2604423069456825), (41, 0.2558650302733583), (84, 0.24549043412929628), (19, 0.2398912980403317), (38, 0.22661442163333007), (27, 0.22516502617900558), (13, 0.22158566774095084), (47, 0.2213559604332443), (36, 0.21604497930915512), (11, 0.15775879397711504)]
SEED scan_02_06 1e-13 [(43, 0.8474330850765479), (0, 0.812476109746715), (62, 0.4094919756839991), (21, 0.3954156426419016), (91, 0.3631044379543112), (33, 0.3592573156220539), (27, 0.3163521976988055), (35, 0.2593154990425847), (41, 0.2558650302728219), (38, 0.22661442163333048), (36, 0.22614583004753183), (13, 0.22409757183488074), (47, 0.22135596043323302), (84, 0.21494256554617036), (42, 0.17764560702904741), (11, 0.16160863948266332)]
SEED scan_02_06 1e-06 [(43, 0.8462398004754357), (0, 0.8124761144216641), (62, 0.4094919756840158), (91, 0.3631048117380122), (33, 0.35925317085682024), (54, 0.3348377615673324), (42, 0.2634457378995739), (41, 0.2558650302733679), (84, 0.24377535300708247), (19, 0.23944062512122188), (38, 0.22661442163333023), (36, 0.2261443118165782), (27, 0.2245681215593806), (13, 0.22193072867506583), (47, 0.22135596043324457), (11, 0.15751832852374983)]
SEED scan_02_06 1e-08 [(43, 0.8474330850765479), (0, 0.812476109746715), (62, 0.4094919756839991), (21, 0.3954156426419016), (91, 0.3631044379543112), (33, 0.3592573156220539), (27, 0.3163521976988055), (35, 0.2593154990425847), (41, 0.2558650302728219), (38, 0.22661442163333048), (36, 0.22614583004753183), (13, 0.22409757183488074), (47, 0.22135596043323302), (84, 0.21494256554617036), (42, 0.17764560702904741), (11, 0.16160863948266332)]
SEED scan_02_06 1e-10 [(43, 0.8474330850765479), (0, 0.812476109746715), (62, 0.4094919756839991), (21, 0.3954156426419016), (91, 0.3631044379543112), (33, 0.3592573156220539), (27, 0.3163521976988055), (35, 0.2593154990425847), (41, 0.2558650302728219), (38, 0.22661442163333048), (36, 0.22614583004753183), (13, 0.22409757183488074), (47, 0.22135596043323302), (84, 0.21494256554617036), (42, 0.17764560702904741), (11, 0.16160863948266332)]
CONT 0.001 0.0067528021375358495
BEST scan_02_06 0.00017819281155564046 trace 6.109125452295748 support [ 0 11 13 21 27 33 35 36 38 41 42 43 47 62 84 91]
CONT 0.0001 0.06532828088084551
CONT 1e-05 0.3858490624815771
CONT 1e-06 0.9136709883145051
CONT 1e-07 2.4141065041772274
CONT 1e-08 3.19090685228261
CONT 1e-09 5.2585746078655875
STAGE_ERROR whitened_seed StageTimeout stage allowance exhausted
BEST scan_02_06 0.00017819281155564046 trace 6.109125452295748 support [0, 11, 13, 21, 27, 33, 35, 36, 38, 41, 42, 43, 47, 62, 84, 91]
STAGE discrete_improve ALLOWANCE 9.0
BEST scan_02_06 0.00017819281155564046 trace 6.109125452295748 support [0, 11, 13, 21, 27, 33, 35, 36, 38, 41, 42, 43, 47, 62, 84, 91]
CONT 0.001 0.006752802153445448
CONT 0.0001 0.06532828088092774
CONT 1e-05 nan
CONT 1e-06 nan
CONT 1e-07 nan
CONT 1e-08 nan
CONT 1e-09 nan
BEST scan_02_06 0.0001179803770532765 trace 6.109152714345701 support [ 0 10 11 24 27 33 35 36 38 41 42 43 47 62 84 91]
BEST scan_02_06 5.234814070627832e-05 trace 6.109168791549767 support [ 0  5 11 24 27 33 35 36 38 41 42 43 47 62 84 91]
BEST scan_02_06 2.459017903536087e-06 trace 6.109187609617784 support [ 0  5 11 13 24 27 33 35 36 38 41 42 43 47 62 91]
BEST scan_02_06 2.045250591132623e-06 trace 6.1091871934923505 support [ 0  5 11 13 17 24 27 33 35 36 38 41 42 43 47 62]
BEST scan_02_06 1.5779711188869858e-06 trace 6.10918724487342 support [ 0  5 11 13 17 24 27 35 36 38 41 42 43 47 62 66]
BEST scan_02_06 1.1831285575090538e-06 trace 6.109187353089746 support [ 0  6 11 13 17 24 27 35 36 38 41 42 43 47 62 66]
BEST scan_02_06 1.0372762008585095e-06 trace 6.109187270314067 support [ 0  6 11 13 17 24 27 35 36 38 41 42 43 47 62 84]
BEST scan_02_06 8.84397764628712e-07 trace 6.109187212962924 support [ 0  6 11 13 17 24 27 35 38 41 42 43 47 62 78 84]
STAGE_ERROR discrete_improve StageTimeout stage allowance exhausted
BEST scan_02_06 8.84397764628712e-07 trace 6.109187212962924 support [0, 6, 11, 13, 17, 24, 27, 35, 38, 41, 42, 43, 47, 62, 78, 84]
STAGE continuous ALLOWANCE 40.038387789041735
BEST scan_02_06 8.84397764628712e-07 trace 6.109187212962924 support [ 0  6 11 13 17 24 27 35 38 41 42 43 47 62 78 84]
CONTINUOUS scan_02_06 0 0.0001 8.85000517017248e-08 1200 [(0, 1.511), (0, 3.442703), (0, 3.732085), (0, 3.948948), (0, 3.945184), (0, 4.580177), (0, 5.225318), (0, 5.363404), (2, 3.218798), (8, 11.668135), (0, 5.260181), (0, 5.918754), (8, 9.205441), (2, 6.072155), (0, 5.22526), (0, 5.334455)]
CONTINUOUS scan_02_06 0 1e-06 8.233928562121721e-08 992 [(0, 1.511), (0, 3.475929), (0, 4.002834), (0, 3.948651), (0, 3.946113), (0, 4.58245), (0, 5.22911), (0, 5.316716), (2, 3.218798), (8, 11.668135), (0, 5.073841), (0, 5.909047), (8, 9.205441), (2, 6.072155), (0, 5.228373), (0, 5.34284)]
BEST scan_02_06 6.1557352502387514e-09 trace 6.109187045297068 support [ 0  7 13 14 15 23 31 33 35 38 41 42 43 47 62 84]
BEST scan_02_06 6.1557352502387514e-09 trace 6.109187045297068 support [0, 7, 13, 14, 15, 23, 31, 33, 35, 38, 41, 42, 43, 47, 62, 84]
