refined_1.06.json True Optimization terminated successfully
mean 4.8540981914359005 9.963048969954194 ratios 1.0645608280048973 0.051935628543920316
near_nominal intact 3.8921651840718483 loss 7.258246172314935 base_loss 238.93813035561345 reduction 0.969622905471335
long_coherence intact 3.505806217704307 loss 6.651259869694624 base_loss 22.26220525479294 reduction 0.7012308621913077
detuned intact 3.9275492668697036 loss 6.85850861936782 base_loss 86.75835894598029 reduction 0.9209469991976422
anisotropic intact 5.981994510765223 loss 14.824106216490174 base_loss 457.02379021498217 reduction 0.9675638193593445
readout intact 5.520224858952095 loss 10.020471931570517 base_loss 295.1038445435401 reduction 0.9660442514835076
mixed intact 6.296849110252223 loss 14.16570101028709 base_loss 50.921090748806 reduction 0.7218107310354649
refined_1.10.json True Optimization terminated successfully
mean 4.91299958380041 9.941223694488691 ratios 1.0774785961573488 0.05182185720716754
near_nominal intact 3.9627395034838515 loss 7.357172340818561 base_loss 238.93813035561345 reduction 0.9692088812703572
long_coherence intact 3.591523431348126 loss 6.690059568769055 base_loss 22.26220525479294 reduction 0.6994880115334163
detuned intact 3.997530620482812 loss 6.940559862443625 base_loss 86.75835894598029 reduction 0.9200012546714359
anisotropic intact 5.983391742038355 loss 14.463384276248624 base_loss 457.02379021498217 reduction 0.9683531041798829
readout intact 5.595920742225729 loss 10.117191115055867 base_loss 295.1038445435401 reduction 0.9657165052163081
mixed intact 6.346891463223587 loss 14.078975003596415 base_loss 50.921090748806 reduction 0.7235138761451896
refined_1.14.json True Optimization terminated successfully
mean 4.91299958380041 9.941223694488691 ratios 1.0774785961573488 0.05182185720716754
near_nominal intact 3.9627395034838515 loss 7.357172340818561 base_loss 238.93813035561345 reduction 0.9692088812703572
long_coherence intact 3.591523431348126 loss 6.690059568769055 base_loss 22.26220525479294 reduction 0.6994880115334163
detuned intact 3.997530620482812 loss 6.940559862443625 base_loss 86.75835894598029 reduction 0.9200012546714359
anisotropic intact 5.983391742038355 loss 14.463384276248624 base_loss 457.02379021498217 reduction 0.9683531041798829
readout intact 5.595920742225729 loss 10.117191115055867 base_loss 295.1038445435401 reduction 0.9657165052163081
mixed intact 6.346891463223587 loss 14.078975003596415 base_loss 50.921090748806 reduction 0.7235138761451896
