initial 143.9151984922422
mean 5.074953424379565 150.95601453084558 ratios 1.129640032513454 0.8851667574727321
near_nominal intact 4.122383776977754 loss 74.65866124917869 base_loss 90.46377616177207 reduction 0.17471208458432963
long_coherence intact 3.796007017281203 loss 21.1086488388363 base_loss 22.872813280622307 reduction 0.07712931593249162
detuned intact 4.122654766231375 loss 53.720156429453 base_loss 65.25181226390791 reduction 0.1767254492153515
anisotropic intact 5.873082900568755 loss 588.7931984779648 base_loss 648.1237924276961 reduction 0.09154207057805275
readout intact 6.073007873110554 loss 123.12366341300401 base_loss 152.5508710851477 reduction 0.19290094814154557
mixed intact 6.462584212107756 loss 44.33175877663679 base_loss 43.974736628575116 reduction -0.008118801280771804
swap 0 9 263 426 143.9152 42.47802 time 4.0
swap 0 3 126 471 42.47802 35.83698 time 9.3
swap 0 14 484 278 35.83698 34.09371 time 13.6
swap 0 17 701 320 34.09371 33.22665 time 18.9
swap 0 21 781 156 33.22665 28.39648 time 25.4
swap 0 4 139 64 28.39648 28.26422 time 32.2
swap 0 18 730 781 28.26422 27.13061 time 35.4
swap 0 2 124 263 27.13061 26.2772 time 38.9
swap 0 0 0 25 26.2772 26.17785 time 42.4
swap 0 13 482 353 26.17785 25.97289 time 49.3
swap 0 11 405 59 25.97289 25.69716 time 56.0
swap 0 1 86 464 25.69716 25.68692 time 57.8
pass 0 accepted 12 value 25.68692307796087 elapsed 64.85978555679321
mean 5.196795162790135 11.898784293912016 ratios 1.1567609327129347 0.06977137243615711
near_nominal intact 4.319288686891476 loss 8.864409793833675 base_loss 90.46377616177207 reduction 0.9020114992991021
long_coherence intact 3.4697332899045583 loss 6.638673635185254 base_loss 22.872813280622307 reduction 0.7097570135454437
detuned intact 3.9947834153525075 loss 7.723569690855782 base_loss 65.25181226390791 reduction 0.8816344033539151
anisotropic intact 6.649756492500813 loss 16.779589315359136 base_loss 648.1237924276961 reduction 0.9741105179112353
readout intact 6.189569768295514 loss 12.399353760801135 base_loss 152.5508710851477 reduction 0.9187198757201438
mixed intact 6.557639323795939 loss 18.987109567437106 base_loss 43.974736628575116 reduction 0.568226872447051
swap 1 9 426 124 25.68692 24.53618 time 70.9
swap 1 4 64 139 24.53618 24.17809 time 81.7
swap 1 10 294 100 24.17809 23.38387 time 92.1
swap 1 16 588 322 23.38387 22.79204 time 96.7
swap 1 0 25 50 22.79204 22.77038 time 101.6
swap 1 15 492 476 22.77038 22.66827 time 104.5
swap 1 21 156 310 22.66827 22.48856 time 108.3
pass 1 accepted 7 value 22.48856087049655 elapsed 108.78429937362671
mean 4.733533692490662 9.720021939118901 ratios 1.0536430006630844 0.056995677377635265
near_nominal intact 3.763550131873854 loss 7.059608515963074 base_loss 90.46377616177207 reduction 0.9219620403271834
long_coherence intact 3.351352612298336 loss 6.334937867430609 base_loss 22.872813280622307 reduction 0.7230363493240455
detuned intact 3.781215165566212 loss 6.439219014298571 base_loss 65.25181226390791 reduction 0.9013173919483577
anisotropic intact 5.877017905689059 loss 15.228724515550564 base_loss 648.1237924276961 reduction 0.976503370662404
readout intact 5.42668460416848 loss 9.806267591200307 base_loss 152.5508710851477 reduction 0.9357180491894612
mixed intact 6.20138173534803 loss 13.451374130270288 base_loss 43.974736628575116 reduction 0.6941113202363222
swap 2 10 100 430 22.48856 22.4489 time 146.6
pass 2 accepted 1 value 22.448901221742815 elapsed 147.18581366539001
mean 4.709993880141013 9.741812914317322 ratios 1.048403245306853 0.057123453981426126
near_nominal intact 3.7715457080175705 loss 6.9551706662374455 base_loss 90.46377616177207 reduction 0.9231165118091041
long_coherence intact 3.3627426425214226 loss 6.295342049667813 base_loss 22.872813280622307 reduction 0.7247674795211491
detuned intact 3.7865901986388364 loss 6.550024294147862 base_loss 65.25181226390791 reduction 0.8996192739037409
anisotropic intact 5.7296942768266845 loss 14.185651752559544 base_loss 648.1237924276961 reduction 0.9781127434013432
readout intact 5.47438200156092 loss 10.01501156647793 base_loss 152.5508710851477 reduction 0.9343496926943934
mixed intact 6.135008453280649 loss 14.449677156813332 base_loss 43.974736628575116 reduction 0.6714095804857232
swap 3 21 310 410 22.4489 22.35884 time 174.8
pass 3 accepted 1 value 22.35883889133513 elapsed 181.14015245437622
mean 4.688145549422902 9.714486610539785 ratios 1.0435399988967071 0.0569632196523492
near_nominal intact 3.7629782002795817 loss 7.006572789824907 base_loss 90.46377616177207 reduction 0.922548305110596
long_coherence intact 3.3643107117442157 loss 6.196195174917636 base_loss 22.872813280622307 reduction 0.7291021835006624
detuned intact 3.7818661313416566 loss 6.456660974715658 base_loss 65.25181226390791 reduction 0.9010500896342619
anisotropic intact 5.703793880338641 loss 13.643094272761642 base_loss 648.1237924276961 reduction 0.978949863541256
readout intact 5.451749058414616 loss 9.842045682944391 base_loss 152.5508710851477 reduction 0.935483516987255
mixed intact 6.064175314418703 loss 15.142350768074479 base_loss 43.974736628575116 reduction 0.6556579543392906
pass 4 accepted 0 value 22.35883889133513 elapsed 208.9856312274933
mean 4.688145549422902 9.714486610539785 ratios 1.0435399988967071 0.0569632196523492
near_nominal intact 3.7629782002795817 loss 7.006572789824907 base_loss 90.46377616177207 reduction 0.922548305110596
long_coherence intact 3.3643107117442157 loss 6.196195174917636 base_loss 22.872813280622307 reduction 0.7291021835006624
detuned intact 3.7818661313416566 loss 6.456660974715658 base_loss 65.25181226390791 reduction 0.9010500896342619
anisotropic intact 5.703793880338641 loss 13.643094272761642 base_loss 648.1237924276961 reduction 0.978949863541256
readout intact 5.451749058414616 loss 9.842045682944391 base_loss 152.5508710851477 reduction 0.935483516987255
mixed intact 6.064175314418703 loss 15.142350768074479 base_loss 43.974736628575116 reduction 0.6556579543392906
swap 5 21 410 592 22.35884 22.24457 time 252.8
pass 5 accepted 1 value 22.244568965692203 elapsed 257.4672820568085
mean 4.676149019764856 9.58293339025487 ratios 1.040869676822841 0.056191825827488384
near_nominal intact 3.7542306791911546 loss 7.007490629675825 base_loss 90.46377616177207 reduction 0.9225381591727426
long_coherence intact 3.3668699025592956 loss 6.349292359075882 base_loss 22.872813280622307 reduction 0.7224087705706512
detuned intact 3.773390863854077 loss 6.448914975196369 base_loss 65.25181226390791 reduction 0.9011687989735208
anisotropic intact 5.709906325076692 loss 13.979738492522973 base_loss 648.1237924276961 reduction 0.9784304500839899
readout intact 5.436150115489236 loss 9.874960450480993 base_loss 152.5508710851477 reduction 0.9352677544202996
mixed intact 6.016346232418677 loss 13.837203434577187 base_loss 43.974736628575116 reduction 0.6853374347309753
pass 6 accepted 0 value 22.244568965692203 elapsed 291.8797242641449
mean 4.676149019764856 9.58293339025487 ratios 1.040869676822841 0.056191825827488384
near_nominal intact 3.7542306791911546 loss 7.007490629675825 base_loss 90.46377616177207 reduction 0.9225381591727426
long_coherence intact 3.3668699025592956 loss 6.349292359075882 base_loss 22.872813280622307 reduction 0.7224087705706512
detuned intact 3.773390863854077 loss 6.448914975196369 base_loss 65.25181226390791 reduction 0.9011687989735208
anisotropic intact 5.709906325076692 loss 13.979738492522973 base_loss 648.1237924276961 reduction 0.9784304500839899
readout intact 5.436150115489236 loss 9.874960450480993 base_loss 152.5508710851477 reduction 0.9352677544202996
mixed intact 6.016346232418677 loss 13.837203434577187 base_loss 43.974736628575116 reduction 0.6853374347309753
pass 7 accepted 0 value 22.244568965692203 elapsed 325.9307312965393
mean 4.676149019764856 9.58293339025487 ratios 1.040869676822841 0.056191825827488384
near_nominal intact 3.7542306791911546 loss 7.007490629675825 base_loss 90.46377616177207 reduction 0.9225381591727426
long_coherence intact 3.3668699025592956 loss 6.349292359075882 base_loss 22.872813280622307 reduction 0.7224087705706512
detuned intact 3.773390863854077 loss 6.448914975196369 base_loss 65.25181226390791 reduction 0.9011687989735208
anisotropic intact 5.709906325076692 loss 13.979738492522973 base_loss 648.1237924276961 reduction 0.9784304500839899
readout intact 5.436150115489236 loss 9.874960450480993 base_loss 152.5508710851477 reduction 0.9352677544202996
mixed intact 6.016346232418677 loss 13.837203434577187 base_loss 43.974736628575116 reduction 0.6853374347309753
mean 4.67719424503185 9.60378238977967 ratios 1.0411023347816153 0.056314078931237
near_nominal intact 3.756765321933247 loss 7.018636944931991 base_loss 90.46377616177207 reduction 0.9224149461505907
long_coherence intact 3.3677585846699034 loss 6.3629358840627 base_loss 22.872813280622307 reduction 0.7218122752983195
detuned intact 3.7741281977250085 loss 6.457492445773823 base_loss 65.25181226390791 reduction 0.9010373471367079
anisotropic intact 5.702326080375319 loss 13.975832316509736 base_loss 648.1237924276961 reduction 0.9784364769820283
readout intact 5.442026583179791 loss 9.894636533297083 base_loss 152.5508710851477 reduction 0.9351387739518426
mixed intact 6.020160702307835 loss 13.913160214102698 base_loss 43.974736628575116 reduction 0.6836101525378592
