[[ 6.60751306e-02  6.60751307e-02]
 [-6.60751305e-02 -6.60751307e-02]
 [-9.74968772e-02 -9.74968785e-02]
 [-7.97385875e+00 -7.97385874e+00]
 [ 1.87303395e-03  1.87303640e-03]
 [ 7.98038751e-01  7.98038749e-01]
 [ 2.61090578e+00  2.61090578e+00]
 [-2.33170674e+00 -2.33170674e+00]
 [ 8.37162405e-01  8.37162405e-01]
 [-7.38149575e+01 -7.38149576e+01]
 [-3.24838270e-01 -3.24838270e-01]
 [-5.25950257e-01 -5.25950257e-01]
 [-1.25011513e-01 -1.25011522e-01]
 [-8.92368277e-02 -8.92368274e-02]
 [ 4.82728341e-01  4.82728340e-01]
 [ 7.96294139e-01  7.96294139e-01]
 [ 6.35717832e-02  6.35717833e-02]
 [-6.35717833e-02 -6.35717833e-02]
 [-1.05630463e-01 -1.05630463e-01]
 [-8.29441282e+00 -8.29441282e+00]
 [-5.08863399e-02 -5.08863370e-02]
 [ 8.87009213e-01  8.87009210e-01]
 [ 2.60326256e+00  2.60326256e+00]
 [-2.32639129e+00 -2.32639129e+00]
 [ 8.40699329e-01  8.40699328e-01]
 [-7.37530053e+01 -7.37530054e+01]
 [-3.28929680e-01 -3.28929680e-01]
 [-5.40730920e-01 -5.40730920e-01]
 [-2.04279564e-01 -2.04279568e-01]
 [-9.16135021e-02 -9.16135019e-02]
 [ 4.80885079e-01  4.80885079e-01]
 [ 7.99173826e-01  7.99173826e-01]
 [ 6.85897459e-02  6.85897459e-02]
 [-6.85897459e-02 -6.85897459e-02]
 [-8.96821377e-02 -8.96821374e-02]
 [-7.65657816e+00 -7.65657816e+00]
 [ 5.02755117e-02  5.02755125e-02]
 [ 7.13464291e-01  7.13464290e-01]
 [ 2.61790100e+00  2.61790100e+00]
 [-2.33701723e+00 -2.33701723e+00]
 [ 8.33622146e-01  8.33622145e-01]
 [-7.38703424e+01 -7.38703425e+01]
 [-3.20751398e-01 -3.20751398e-01]
 [-5.11252644e-01 -5.11252644e-01]
 [ 7.88224933e-02  7.88225068e-02]
 [-8.68600885e-02 -8.68600881e-02]
 [ 4.84445831e-01  4.84445832e-01]
 [ 7.93364334e-01  7.93364334e-01]]
