START basequiet_best.json
2026-08-28 05:53:23.693963: E external/xla/xla/service/slow_operation_alarm.cc:73] Constant folding an instruction is taking > 1s:

  %compare.52 = pred[18,1]{1,0} compare(%constant.406, %broadcast.198), direction=LT, metadata={op_name="jit(combined)/jit(main)/vmap(while)/body/lt" source_file="/srv/home/xuandong/mnt/jingxu/ALE/tasks_v4/pq_a_tool_for_prototyping_many_body_methods_for_quantum_chemistry__2106_06850/concept_2/attempts/v_4/search_model.py" source_line=58}

This isn't necessarily a bug; constant-folding is inherently a trade-off between compilation time and speed at runtime. XLA has some guards that attempt to keep constant folding from taking too long, but fundamentally you'll always be able to come up with an input program that takes a long time.

If you'd like to file a bug, run with envvar XLA_FLAGS=--xla_dump_to=/tmp/foo and attach the results.
2026-08-28 05:53:24.376914: E external/xla/xla/service/slow_operation_alarm.cc:140] The operation took 1.683085188s
Constant folding an instruction is taking > 1s:

  %compare.52 = pred[18,1]{1,0} compare(%constant.406, %broadcast.198), direction=LT, metadata={op_name="jit(combined)/jit(main)/vmap(while)/body/lt" source_file="/srv/home/xuandong/mnt/jingxu/ALE/tasks_v4/pq_a_tool_for_prototyping_many_body_methods_for_quantum_chemistry__2106_06850/concept_2/attempts/v_4/search_model.py" source_line=58}

This isn't necessarily a bug; constant-folding is inherently a trade-off between compilation time and speed at runtime. XLA has some guards that attempt to keep constant folding from taking too long, but fundamentally you'll always be able to come up with an input program that takes a long time.

If you'd like to file a bug, run with envvar XLA_FLAGS=--xla_dump_to=/tmp/foo and attach the results.
progress 0 20 minimum [0.004782221045517815, 0.0048027512044058335, 0.0047617212977949935] margin -5.948532529329284 error [-0.005888036847190747, -0.00572787611516512, -0.006048032529329284] grad 0.16007820863269442 dad [0.005150400150692923, 0.004977480364361059, 0.005325620348498643] seconds 19.085087932064198
/usr/lib/python3/dist-packages/scipy/optimize/_optimize.py:284: RuntimeWarning: Values in x were outside bounds during a minimize step, clipping to bounds
  warnings.warn("Values in x were outside bounds during a "
progress 0 40 minimum [-0.23085305952785662, -0.232446417456038, -0.22927704468858426] margin -777.5938487342763 error [0.7752228584957095, 0.7776933487342763, 0.772756111581109] grad 2.4686119681395375 dad [0.4683662466854672, 0.47054689600191285, 0.4662409889824265] seconds 24.48878338409122
progress 0 60 minimum [-0.0014379013480560025, -0.0014463471754467758, -0.0014295108162148164] margin -0.8891760692845442 error [-0.0009011281539237359, -0.0008121690248819036, -0.0009886760692845442] grad 0.08825299473890154 dad [0.0036956167663626752, 0.003412456536839808, 0.003986639090237085] seconds 29.21947605907917
progress 0 80 minimum [-0.0037276504263609473, -0.0037442555205543515, -0.0037111185707227046] margin -0.38506337298375365 error [0.0001707599530575976, 0.00029722581166069517, 5.561873335224732e-05] grad 0.12078808453812798 dad [0.004746541684346873, 0.004745676165481976, 0.004800633729837536] seconds 32.257125752046704
progress 0 100 minimum [-0.004044366412078984, -0.004070138977576188, -0.00401845840183538] margin -0.023050588007364065 error [1.5477664031315896e-05, 0.00012255058800736407, -8.148879613134596e-05] grad 0.10200848212705657 dad [0.0008204735882614474, 0.0009950787734782306, 0.0009014699148221418] seconds 35.976739953039214
progress 0 120 minimum [-0.0047803035550309635, -0.004814374415811173, -0.004742777562513809] margin -0.10597377329638294 error [9.124331523047147e-05, 0.00020547377329638294, -1.3644492790731988e-05] grad 0.10954464582601775 dad [0.0010217874313163228, 0.0011750695564435021, 0.0010340028245943217] seconds 39.4023035740247
progress 0 140 minimum [-0.004795256043635306, -0.004828439921404415, -0.004756546025641873] margin -0.09349893905344589 error [8.056029358893824e-05, 0.0001929989390534459, -2.2829580291094942e-05] grad 0.10789819669742692 dad [0.0008341995047456369, 0.001141267607769714, 0.0006848903243990904] seconds 44.62522079702467
progress 0 160 minimum [-0.004647712651959976, -0.004683980993850034, -0.004606171317896646] margin -0.0002678011369629241 error [-3.6585140632539037e-06, 9.976780113696293e-05, -9.924112973802579e-05] grad 0.0994913918139504 dad [0.0006211670512344985, 0.0009517965204887877, 0.00048472001247539085] seconds 49.85722110408824
progress 0 180 minimum [-0.0009020107234846343, -0.0008803992421230429, -0.0009192015951487067] margin -1.0652019418923322 error [0.001066815741032734, 0.0011647019418923321, 0.0009724939617292705] grad 0.09610155139388209 dad [0.005433306314903035, 0.005767239207868568, 0.005102569657257818] seconds 56.18649465497583
END Positive directional derivative for linesearch metrics [[-0.0046659261564572785, 0.004665926156457223, -3.6842283055449343e-06, 0.09949461390833993, 3.5380869345402743e-08, 0.7099634614273693, 0.10032114134337355, 0.27356875419739357, 0.3250950579782884, 29.174800963958877, 0.5620675474749616, 0.5772440122682468, 0.0006130079290759485, 4.873557331448419, 0.3476380456639629, 0.30726596150836744], [-0.004702566864915492, 0.004702566864915658, 9.973560422160688e-05, 0.10736010075042897, 2.416344188693742e-05, 0.7093499369148468, 0.10010963396056649, 0.2732205240032317, 0.32529265655402256, 29.107152633213687, 0.5623414569444236, 0.5774945391998278, 0.0009503076585827202, 4.873620000422126, 0.3486560142750331, 0.3079571888008367], [-0.0046241158627700835, 0.004624115862769784, -9.927907564311056e-05, 0.0917101050818225, 2.762903338537903e-05, 0.7105020086481942, 0.10055245554397363, 0.2739165965801772, 0.32489582368021735, 29.24244456622618, 0.5617962656884247, 0.5770065465303147, 0.00046349121147847477, 4.873494866860405, 0.34662699369320393, 0.3065782053830331]] margin -0.00023560422160687103 calls 531
