START 0 basequiet_best.json
progress 0 25 minimum -0.02240233435137834 margin -9.073170283837838 error 0.009078170283837839 grad 0.6070273422097334 dad 0.07964990444330071 seconds 5.220579030923545
/usr/lib/python3/dist-packages/scipy/optimize/_optimize.py:284: RuntimeWarning: Values in x were outside bounds during a minimize step, clipping to bounds
  warnings.warn("Values in x were outside bounds during a "
progress 0 50 minimum -0.019154956435129634 margin -0.3890230429524405 error 0.0003940230429524405 grad 0.23416010624341568 dad 0.00440874772788064 seconds 7.813258238020353
progress 0 75 minimum -0.11934531678732811 margin -72.11672422114721 error -0.003980938027099867 grad 1.081753414330832 dad 0.7218672422114721 seconds 8.887002717936411
progress 0 100 minimum -0.020513379519867096 margin -0.12680586782131972 error 0.00010565815313867688 grad 0.22217125240943691 dad 0.0019680586782131974 seconds 10.251930987928063
progress 0 125 minimum -0.021310905161290177 margin -0.1444573311600078 error 0.0001494573311600078 grad 0.22929686917526487 dad 0.0008806246350715791 seconds 11.648372196941637
progress 0 150 minimum -0.020690362711679053 margin -0.06309648312966487 error 6.809648312966488e-05 grad 0.22155485797406282 dad 0.00053386944915902 seconds 13.14104385394603
progress 0 175 minimum -0.021179237275780916 margin -0.07674347424860783 error 8.174347424860784e-05 grad 0.2248779261597161 dad 0.0007274861969215226 seconds 14.862589747994207
progress 0 200 minimum -0.020098737569402742 margin -5.0993375999012915e-05 error -5.050993375999013e-06 grad 0.21394579904326483 dad 0.0006986231172767993 seconds 15.987707178923301
progress 0 225 minimum -0.02080690470971444 margin -0.0716732965851169 error -7.66732965851169e-05 grad 0.21404589828589857 dad 0.0007651201905655647 seconds 17.644198930938728
progress 0 250 minimum -0.020012664420242632 margin -99.91 error 0.006664685182677932 grad 2.041713739906489 dad 0.0009287434490852523 seconds 19.36075383098796
progress 0 275 minimum -0.01992096553876755 margin -99.91 error 0.08206266418867791 grad 2.0497700555696743 dad 0.0024411284463855165 seconds 23.357221464975737
progress 0 300 minimum -0.020111455008504454 margin -0.022818282066206744 error -3.7010226230371757e-06 grad 0.21374190730753936 dad 0.0009281828206620674 seconds 26.637500853976235
progress 0 325 minimum -0.020674300021460063 margin -0.010715062358534483 error 1.5715062358534482e-05 grad 0.21698464662501954 dad 0.0005096940206994243 seconds 28.394180475967005
progress 0 350 minimum -0.020329978524890265 margin -0.026530693797687802 error 3.15306937976878e-05 grad 0.2152269532718644 dad 0.0007954648897315424 seconds 30.93785323400516
progress 0 375 minimum -0.020336419671707823 margin -0.005733355006564693 error 1.0733355006564693e-05 grad 0.2139855607516386 dad 0.0005890591705020272 seconds 32.97796207491774
progress 0 400 minimum -0.02031642949972833 margin -0.03820578641792139 error 4.320578641792139e-05 grad 0.2148142753224196 dad 0.0009284993622701466 seconds 35.89760636491701
progress 0 425 minimum -0.023603177607017606 margin -0.6861337060451217 error 0.0006911337060451217 grad 0.25649974022909505 dad 0.0043872512435521585 seconds 39.534285109024495
progress 0 450 minimum -0.00676388281738387 margin -28.77886087721313 error -0.005591030807711839 grad 0.6553897633876917 dad 0.2884886087721313 seconds 43.4096349759493
progress 0 475 minimum -0.02085239138234 margin -0.08687506895891317 error -9.187506895891318e-05 grad 0.21401558503409174 dad 0.001205303748898571 seconds 46.01864039700013
progress 0 500 minimum -0.030198061560855166 margin -0.731681604254219 error -0.000736681604254219 grad 0.2435756760952618 dad 0.004354556155621448 seconds 47.49796199100092
END 0 Positive directional derivative for linesearch metrics [-0.020137234790357256, 0.02013723479035745, -8.13024890344849e-06, 0.21226229059982196, 5.032657623971204e-08, 0.6763459845335843, 0.10501734090826531, 0.19352846561108344, 0.3556114654062944, 68.57096714703624, 0.6060752356789088, 0.6141777437794433, 0.0006916309956527301, 4.177636063880942, 0.13527026589717395, 0.1233987409041996] margin -0.0031302489034484887 calls 1494 bad_roots 3
