START ramp6_current.json
2026-08-28 06:10:22.836569: E external/xla/xla/service/slow_operation_alarm.cc:73] Constant folding an instruction is taking > 1s:

  %compare.52 = pred[18,1]{1,0} compare(%constant.406, %broadcast.198), direction=LT, metadata={op_name="jit(combined)/jit(main)/vmap(while)/body/lt" source_file="/srv/home/xuandong/mnt/jingxu/ALE/tasks_v4/pq_a_tool_for_prototyping_many_body_methods_for_quantum_chemistry__2106_06850/concept_2/attempts/v_4/search_model.py" source_line=62}

This isn't necessarily a bug; constant-folding is inherently a trade-off between compilation time and speed at runtime. XLA has some guards that attempt to keep constant folding from taking too long, but fundamentally you'll always be able to come up with an input program that takes a long time.

If you'd like to file a bug, run with envvar XLA_FLAGS=--xla_dump_to=/tmp/foo and attach the results.
2026-08-28 06:10:22.931067: E external/xla/xla/service/slow_operation_alarm.cc:140] The operation took 1.094625916s
Constant folding an instruction is taking > 1s:

  %compare.52 = pred[18,1]{1,0} compare(%constant.406, %broadcast.198), direction=LT, metadata={op_name="jit(combined)/jit(main)/vmap(while)/body/lt" source_file="/srv/home/xuandong/mnt/jingxu/ALE/tasks_v4/pq_a_tool_for_prototyping_many_body_methods_for_quantum_chemistry__2106_06850/concept_2/attempts/v_4/search_model.py" source_line=62}

This isn't necessarily a bug; constant-folding is inherently a trade-off between compilation time and speed at runtime. XLA has some guards that attempt to keep constant folding from taking too long, but fundamentally you'll always be able to come up with an input program that takes a long time.

If you'd like to file a bug, run with envvar XLA_FLAGS=--xla_dump_to=/tmp/foo and attach the results.
progress 0 20 minimum [-0.005711662462450753, -0.005795924334347658, -0.005622070844592277] margin -0.0007785143810555838 error [-3.1001336115998868e-06, 0.00010035268179464651, -0.00010057851438105558] grad 0.10045424059448405 dad [0.0005244313087972374, 0.0009251977064038591, 0.0001620233774276761] seconds 20.27755613194313
progress 0 40 minimum [-0.005698303373072663, -0.005781327809539998, -0.0056098895481056284] margin -0.0005315183503161735 error [-3.0530784087545726e-06, 0.00010027870048823218, -0.00010033151835031617] grad 0.1002934629092732 dad [0.0005508113651450041, 0.0009496038217084408, 0.00020075679461475126] seconds 26.769304127898067
progress 0 60 minimum [-0.005698115633536291, -0.005780549243401732, -0.005610298678651406] margin -0.0005236708569943404 error [-3.053398432761867e-06, 0.00010027191987305173, -0.00010032367085699434] grad 0.10028611072086333 dad [0.0005501287828915969, 0.0009496606536567954, 0.0001970672734524311] seconds 31.153682339005172
progress 0 80 minimum [-0.00569628189993336, -0.0057768975982313096, -0.005610298157614796] margin -0.0005245969024568752 error [-3.0709236815695817e-06, 0.00010023931614577819, -0.00010032459690245688] grad 0.10027017492421611 dad [0.0005486950509328789, 0.0009502191957703116, 0.0001882590725510403] seconds 38.254132853937335
progress 0 100 minimum [-0.005695968637879449, -0.0057738629094507875, -0.005612728582963745] margin -0.0004964467322620124 error [-3.035892312652777e-06, 0.00010028535563044727, -0.00010029644673226201] grad 0.10027895403122901 dad [0.00054932131499635, 0.0009494919785629348, 0.00019884216079218056] seconds 44.9292962559266
progress 0 120 minimum [-0.0057000366391856535, -0.005781516879751613, -0.005613177664783454] margin -0.0005099633116733003 error [-3.0526233589789342e-06, 0.00010025320860274078, -0.0001003099633116733] grad 0.1002698208877622 dad [0.0005467824827702271, 0.0009500655184554348, 0.00017893198821214746] seconds 53.308158898958936
progress 0 140 minimum [-0.005699843054712033, -0.0057815349043857794, -0.005612770039474994] margin -0.0005053461547942505 error [-3.05189708171838e-06, 0.0001002495848063667, -0.00010030534615479425] grad 0.10026571063370986 dad [0.000546605397914094, 0.0009500408104707086, 0.00017786096476193753] seconds 58.16036764590535
progress 0 160 minimum [-0.005699405166746146, -0.005780672060584031, -0.005612763242555403] margin -0.0005030849080488452 error [-3.0514486404342733e-06, 0.00010024957562926318, -0.00010030308490804885] grad 0.10026455646927791 dad [0.0005461276427302646, 0.0009500573094774993, 0.00017541164125310378] seconds 62.86382725695148
progress 0 180 minimum [-0.005699456058817534, -0.005780707063346342, -0.005612830156713096] margin -0.0005032784709922965 error [-3.05154163049437e-06, 0.00010024975988187634, -0.0001003032784709923] grad 0.1002647437757978 dad [0.0005461453664007006, 0.0009500770428428305, 0.00017547780311741117] seconds 67.24663134198636
progress 0 200 minimum [-0.0056991795327910235, -0.00578044263792314, -0.005612548796030637] margin -0.0005048813097429105 error [-3.0568686901766284e-06, 0.00010024088868565428, -0.00010030488130974291] grad 0.10026111936612477 dad [0.0005472745586606019, 0.0009501703761936954, 0.00018247076982448902] seconds 71.70134778297506
progress 0 220 minimum [-0.005699153003249978, -0.005780233630508259, -0.005612714045832091] margin -0.0005007255522270214 error [-3.053600426294878e-06, 0.00010024652729301309, -0.00010030072555222702] grad 0.1002618547818364 dad [0.000549348750769039, 0.0009501068603959717, 0.00019573207698744057] seconds 75.64113454590552
progress 0 240 minimum [-0.005699264413207861, -0.005780397564812074, -0.005612775586773307] margin -0.0004982590398993069 error [-3.0519284033303506e-06, 0.00010024876898917512, -0.00010029825903989931] grad 0.10026174500944866 dad [0.0005505772563984494, 0.0009500622282365363, 0.0002030445641655642] seconds 79.66927586100064
progress 0 260 minimum [-0.005700245607723047, -0.005781643963178406, -0.005613492152650712] margin -0.0005062621118822052 error [-3.052859496754934e-06, 0.00010025400075841517, -0.0001003062621118822] grad 0.10026837821248086 dad [0.0005508243577316364, 0.0009500646469708018, 0.00020435502807250846] seconds 83.19547128700651
progress 0 280 minimum [-0.005700493716731763, -0.005782042943604537, -0.005613587901384267] margin -0.000507216226891427 error [-3.053387788831685e-06, 0.00010025392027390723, -0.00010030721622689143] grad 0.1002688209689471 dad [0.0005508286603663103, 0.0009501114143820047, 0.0002041305610483828] seconds 88.26505682792049
progress 0 300 minimum [-0.005700437364254074, -0.005781970387028007, -0.005613548948917961] margin -0.000506670997252212 error [-3.053357001903123e-06, 0.00010025366865429319, -0.00010030667099725221] grad 0.10026842267908452 dad [0.0005511261881290605, 0.0009500630533804004, 0.00020604154602407458] seconds 91.61345639091451
progress 0 320 minimum [-0.005700423092469616, -0.005781634806670193, -0.005613861840314445] margin -0.00050897038193487 error [-3.054397384794072e-06, 0.00010025562206283922, -0.00010030897038193487] grad 0.1002705339723421 dad [0.0005516288449419288, 0.000950077748294477, 0.00020914927322939798] seconds 95.16818793397397
progress 0 340 minimum [-0.005700125290099932, -0.005781067496897446, -0.005613847347114488] margin -0.0005057935604623197 error [-3.053570753142054e-06, 0.00010025748398412304, -0.00010030579356046232] grad 0.10026987162804549 dad [0.0005546729821917229, 0.000950087878398823, 0.0002256588675708407] seconds 99.67371117591392
progress 0 360 minimum [-0.005699865663460724, -0.005780959574156317, -0.0056134343063956845] margin -0.0005044148117915314 error [-3.0560371229171324e-06, 0.00010025127597002026, -0.00010030441481179153] grad 0.10026608555691663 dad [0.0005547368972037217, 0.0009500697099704649, 0.0002259782006288742] seconds 102.73379260196816
progress 0 380 minimum [-0.005699920106622342, -0.005781056171822255, -0.005613446079792746] margin -0.0005043043490414733 error [-3.0557642518580508e-06, 0.00010025158767490439, -0.00010030430434904147] grad 0.10026618808841166 dad [0.0005546734917723327, 0.000950054864504669, 0.00022569802101766252] seconds 106.03132736997213
progress 0 400 minimum [-0.005699818241119358, -0.005780942330400687, -0.0056133553103444285] margin -0.0005034817030901139 error [-3.055472615809407e-06, 0.0001002508849405892, -0.00010030348170309011] grad 0.10026542484929513 dad [0.000554283321264267, 0.0009500690085805393, 0.00022363035283559486] seconds 109.80585280200467
progress 0 420 minimum [-0.0056997542167561465, -0.0057809028533408755, -0.0056132662829542586] margin -0.0005016819742796884 error [-3.0549113212430257e-06, 0.00010025062653884476, -0.00010030168197427969] grad 0.10026439580881967 dad [0.0005543371419017094, 0.0009500851358929545, 0.00022385742550607668] seconds 112.8893156379927
progress 0 440 minimum [-0.005699428350333826, -0.0057805905189713385, -0.005612926104429094] margin -0.000499204728759861 error [-3.0558814163583747e-06, 0.00010024596144342368, -0.00010029920472875986] grad 0.10026082539033342 dad [0.0005540543919735159, 0.0009500627792401821, 0.00022253464208259286] seconds 116.44537222292274
progress 0 460 minimum [-0.0056995209527531555, -0.005780616436794857, -0.00561308698509967] margin -0.0005001083224042134 error [-3.0557470847014656e-06, 0.00010024768183081179, -0.00010030010832240421] grad 0.10026213402021276 dad [0.0005543586536069789, 0.0009500641612887251, 0.00022416655208642015] seconds 120.2080162789207
progress 0 480 minimum [-0.005700183909417615, -0.005781550645277387, -0.005613473483196551] margin -0.0005022457446434147 error [-3.05419248602945e-06, 0.00010025220157672265, -0.00010030224574464341] grad 0.10026547190660164 dad [0.0005529298576849152, 0.0009500256216194312, 0.00021687945303124306] seconds 123.69744354393333
progress 0 500 minimum [-0.005700445866900084, -0.005782188536111958, -0.00561336124719123] margin -0.0005021232897083338 error [-3.054862572682282e-06, 0.00010024993576074337, -0.00010030212328970833] grad 0.10026430292022862 dad [0.0005531761054719447, 0.0009500639926621581, 0.00021814565835519636] seconds 127.28251364594325
progress 0 520 minimum [-0.005699934286741745, -0.005781481313125364, -0.005613046099911326] margin -0.000498467796910984 error [-3.0547508855782723e-06, 0.00010024727898327868, -0.00010029846779691098] grad 0.100261136143011 dad [0.0005529575023690119, 0.0009501074898791034, 0.00021695532793141172] seconds 130.3970633900026
progress 0 540 minimum [-0.005699920409301324, -0.0057813960178698725, -0.005613108931555612] margin -0.0004993990493195043 error [-3.0561065735845716e-06, 0.00010024655567120178, -0.0001002993990493195] grad 0.10026124046775435 dad [0.0005536015996369255, 0.0009500706599148696, 0.00022082273011400245] seconds 136.67209585895762
progress 0 560 minimum [-0.005699948041720888, -0.005781249313901362, -0.005613311478515116] margin -0.0005004765971482471 error [-3.0557882571002892e-06, 0.00010024867279234684, -0.00010030047659714825] grad 0.10026282742118328 dad [0.0005532703477204817, 0.0009500814781391676, 0.00021917442981784333] seconds 140.00076057191473
progress 0 580 minimum [-0.0057000693097323, -0.0057814651417835445, -0.0056133374210429205] margin -0.0005018133163280368 error [-3.056264262557562e-06, 0.00010024818336740182, -0.00010030181331632804] grad 0.10026325727136157 dad [0.0005529110556204712, 0.0009500469980598694, 0.00021739920717873606] seconds 143.28772926190868
progress 0 600 minimum [-0.00569994651442555, -0.005781174803741905, -0.005613382054160536] margin -0.0005016506069265291 error [-3.055938582630091e-06, 0.00010024892724747048, -0.00010030165060692653] grad 0.10026353789859563 dad [0.0005522358091448937, 0.0009500775308957303, 0.0002138156962319006] seconds 146.39066990290303
progress 0 620 minimum [-0.005699878032501906, -0.005781068528982013, -0.005613351475765204] margin -0.0005014461513629386 error [-3.0560936816748097e-06, 0.00010024849998124807, -0.00010030144615136294] grad 0.10026321996823816 dad [0.0005521594009580695, 0.0009500771260947188, 0.00021343612877842034] seconds 149.57229187292978
progress 0 640 minimum [-0.005699832492255848, -0.005781035673492953, -0.005613293059217717] margin -0.0005007012725376513 error [-3.0559173684885366e-06, 0.00010024808905395588, -0.00010030070127253765] grad 0.10026264267546982 dad [0.0005521257653793946, 0.0009500756376075762, 0.00021326580616732113] seconds 152.66300358099397
progress 0 660 minimum [-0.005699967305523363, -0.005781175534943172, -0.005613422856280741] margin -0.0005014649554323513 error [-3.055451279987409e-06, 0.00010024976366107552, -0.00010030146495543235] grad 0.10026386191701696 dad [0.0005520624118895324, 0.0009500760840985626, 0.00021293509323334984] seconds 156.0910905599594
progress 0 680 minimum [-0.005699968421196026, -0.005781220901936057, -0.005613379564232878] margin -0.0005018067904370981 error [-3.0563046746756584e-06, 0.00010024867200231213, -0.0001003018067904371] grad 0.10026348922732174 dad [0.0005517326259992929, 0.0009500822856376643, 0.0002112282604304445] seconds 159.6236596669769
