MT64 ordered False False False 0
MT64 segments False False False 0 []
splitmix deltas [(16565510152192778000, 1), (3207683410787542075, 1)]
MT64 ordered False False True 0
MT64 segments False False True 0 []
splitmix deltas [(6544705950696078976, 1), (8367988562925910063, 1)]
MT64 ordered False True False 0
MT64 segments False True False 0 []
splitmix deltas [(15239060662922009541, 1), (1881233921516773616, 1)]
MT64 ordered False True True 0
MT64 segments False True True 0 []
splitmix deltas [(10078755510783641553, 1), (11902038123013472640, 1)]
MT64 ordered True False False 0
MT64 segments True False False 0 []
splitmix deltas [(7953362315776849184, 1), (13679685708148453908, 1)]
MT64 ordered True False True 0
MT64 segments True False True 0 []
splitmix deltas [(14220138107768701943, 1), (14708801161847960093, 1)]
MT64 ordered True True False 0
MT64 segments True True False 0 []
splitmix deltas [(1691033256401040702, 1), (1342941871979187801, 1)]
MT64 ordered True True True 0
MT64 segments True True True 0 []
splitmix deltas [(8465439307220948210, 1), (17110531412576861970, 1)]
