vector popcount enabled
progress 2.94e-06 iterations=0 score=0.755882
progress 56.4584 iterations=32768 score=0.755882
progress 118.763 iterations=65536 score=0.755882
progress 179.194 iterations=98304 score=0.755882
progress 236.751 iterations=131072 score=0.755882
progress 302.266 iterations=163840 score=0.755882
progress 368.108 iterations=196608 score=0.755882
progress 426.418 iterations=229376 score=0.755882
best score=0.758 faults=50 detectors=0 seconds=447.206
progress 484.448 iterations=262144 score=0.758
progress 541.454 iterations=294912 score=0.758
progress 739.327 iterations=327680 score=0.758
progress 804.685 iterations=360448 score=0.758
progress 858.716 iterations=393216 score=0.758
progress 907.505 iterations=425984 score=0.758
progress 970.206 iterations=458752 score=0.758
progress 1016.01 iterations=491520 score=0.758
progress 1061.03 iterations=524288 score=0.758
finished iterations=552314 score=0.758
