vector popcount enabled
progress 2.8e-06 iterations=0 score=0.755882
progress 45.5505 iterations=32768 score=0.755882
progress 96.4109 iterations=65536 score=0.755882
progress 141.644 iterations=98304 score=0.755882
progress 188.245 iterations=131072 score=0.755882
progress 236.454 iterations=163840 score=0.755882
progress 283.813 iterations=196608 score=0.755882
progress 335.553 iterations=229376 score=0.755882
progress 386.163 iterations=262144 score=0.755882
progress 434.715 iterations=294912 score=0.755882
progress 482.947 iterations=327680 score=0.755882
progress 525.869 iterations=360448 score=0.755882
progress 576.39 iterations=393216 score=0.755882
progress 635.853 iterations=425984 score=0.755882
progress 706.028 iterations=458752 score=0.755882
best score=0.764894 faults=47 detectors=0 seconds=736.394
progress 766.692 iterations=491520 score=0.764894
progress 818.679 iterations=524288 score=0.764894
progress 869.543 iterations=557056 score=0.764894
progress 919.961 iterations=589824 score=0.764894
progress 986.963 iterations=622592 score=0.764894
progress 1032.08 iterations=655360 score=0.764894
progress 1081.93 iterations=688128 score=0.764894
finished iterations=703639 score=0.764894
