vector popcount enabled
progress 2.59e-06 iterations=0 score=0.755882
progress 56.9446 iterations=32768 score=0.755882
progress 110.467 iterations=65536 score=0.755882
progress 165.162 iterations=98304 score=0.755882
progress 218.668 iterations=131072 score=0.755882
progress 271.243 iterations=163840 score=0.755882
progress 328.215 iterations=196608 score=0.755882
progress 382.901 iterations=229376 score=0.755882
progress 440.246 iterations=262144 score=0.755882
progress 494.678 iterations=294912 score=0.755882
progress 547.471 iterations=327680 score=0.755882
progress 603.73 iterations=360448 score=0.755882
progress 661.302 iterations=393216 score=0.755882
progress 739.681 iterations=425984 score=0.755882
progress 813.043 iterations=458752 score=0.755882
best score=0.760204 faults=49 detectors=0 seconds=864.607
progress 867.405 iterations=491520 score=0.760204
progress 924.794 iterations=524288 score=0.760204
progress 978.304 iterations=557056 score=0.760204
progress 1029.68 iterations=589824 score=0.760204
progress 1080.33 iterations=622592 score=0.760204
finished iterations=637109 score=0.760204
