vector popcount enabled
progress 2.58e-06 iterations=0 score=0.755882
progress 56.1358 iterations=32768 score=0.755882
progress 107.486 iterations=65536 score=0.755882
progress 160.138 iterations=98304 score=0.755882
progress 210.412 iterations=131072 score=0.755882
progress 263.933 iterations=163840 score=0.755882
progress 318.259 iterations=196608 score=0.755882
progress 382.753 iterations=229376 score=0.755882
progress 437.411 iterations=262144 score=0.755882
progress 488.128 iterations=294912 score=0.755882
progress 540.306 iterations=327680 score=0.755882
progress 599.636 iterations=360448 score=0.755882
progress 667.915 iterations=393216 score=0.755882
best score=0.758 faults=50 detectors=0 seconds=715.916
progress 726.835 iterations=425984 score=0.758
progress 794.288 iterations=458752 score=0.758
progress 858.283 iterations=491520 score=0.758
progress 909.632 iterations=524288 score=0.758
progress 960.73 iterations=557056 score=0.758
progress 1013.83 iterations=589824 score=0.758
progress 1062.58 iterations=622592 score=0.758
finished iterations=650211 score=0.758
