{
  "count": 252,
  "frozen_files_unchanged": true,
  "results": {
    "v_6": {
      "six": {
        "private_proposal_not_frozen_evaluator": true,
        "proposed_addition_passed": false,
        "would_pass_all_v3_plus_proposed_addition": false,
        "relative_limit": 0.1,
        "target_floor": 1e-06,
        "sextuples_checked": 252,
        "maximum_relative_error": 1.0299978975294575,
        "worst": {
          "positions": [
            0,
            16,
            112,
            128,
            224,
            240
          ],
          "exact_cumulant": 1.340371107504447e-06,
          "observed_cumulant": -4.020831513436382e-08,
          "relative_error": 1.0299978975294575,
          "raw_exact": 0.03392714411815296,
          "raw_observed": 0.03383862144186936
        },
        "minimum_exact_cumulant": 1.340371107504447e-06,
        "count_above_limit": 38,
        "relative_error_quantiles": [
          0.02219429598800149,
          0.18086585383716963,
          0.8149815509934774
        ]
      },
      "worst_lower_four_errors": [
        {
          "positions": [
            0,
            16,
            112,
            128
          ],
          "relative_error": 0.0004003568700050586
        },
        {
          "positions": [
            0,
            16,
            224,
            240
          ],
          "relative_error": 0.01005118169713426
        },
        {
          "positions": [
            112,
            128,
            224,
            240
          ],
          "relative_error": 0.0004003568700050586
        }
      ]
    },
    "v_5": {
      "six": {
        "private_proposal_not_frozen_evaluator": true,
        "proposed_addition_passed": false,
        "would_pass_all_v3_plus_proposed_addition": false,
        "relative_limit": 0.1,
        "target_floor": 1e-06,
        "sextuples_checked": 252,
        "maximum_relative_error": 0.9110699747724412,
        "worst": {
          "positions": [
            0,
            16,
            112,
            128,
            224,
            240
          ],
          "exact_cumulant": 1.340371107504447e-06,
          "observed_cumulant": 1.1919923640466135e-07,
          "relative_error": 0.9110699747724412,
          "raw_exact": 0.03392714411815296,
          "raw_observed": 0.033915797006088585
        },
        "minimum_exact_cumulant": 1.340371107504447e-06,
        "count_above_limit": 36,
        "relative_error_quantiles": [
          0.028964836290034213,
          0.13202101273836186,
          0.7052215867716746
        ]
      },
      "worst_lower_four_errors": [
        {
          "positions": [
            0,
            16,
            112,
            128
          ],
          "relative_error": 0.0004721360145314435
        },
        {
          "positions": [
            0,
            16,
            224,
            240
          ],
          "relative_error": 0.004533714847669845
        },
        {
          "positions": [
            112,
            128,
            224,
            240
          ],
          "relative_error": 0.0004721360145314435
        }
      ]
    }
  }
}
