{"event": "six_ed_certified", "sizes": [6, 8, 10, 12], "sextuples": 1163}
{
  "event": "six_scan_complete",
  "version": "v_6",
  "count": 59049,
  "mesh": {
    "count": 1008,
    "maximum_relative_error": 0.1296815000701197,
    "minimum_exact_cumulant": 8.168006075742384e-07,
    "count_above_10_percent": 9,
    "count_above_25_percent": 0,
    "worst": {
      "left": 32,
      "first_gap": 64,
      "middle": 8,
      "second_gap": 64,
      "right": 8,
      "span": 176,
      "exact_raw": 0.04047946775188366,
      "observed_raw": 0.04039114361804845,
      "exact_cumulant": 2.5152358384581663e-06,
      "observed_cumulant": 2.8414153950195466e-06,
      "raw_relative_error": 0.0021819489914389756,
      "cumulant_relative_error": 0.1296815000701197
    }
  },
  "selected": [
    {
      "left": 16,
      "first_gap": 96,
      "middle": 16,
      "second_gap": 96,
      "right": 16,
      "span": 240,
      "exact_raw": 0.03392714411815296,
      "observed_raw": 0.03383862144186936,
      "exact_cumulant": 1.340371107504447e-06,
      "observed_cumulant": -4.020831513436382e-08,
      "raw_relative_error": 0.002609199170296006,
      "cumulant_relative_error": 1.0299978975294575
    },
    {
      "left": 16,
      "first_gap": 96,
      "middle": 8,
      "second_gap": 96,
      "right": 32,
      "span": 248,
      "exact_raw": 0.03387492132259714,
      "observed_raw": 0.033806317767898136,
      "exact_cumulant": 1.1104309863538253e-06,
      "observed_cumulant": 6.201382060278946e-08,
      "raw_relative_error": 0.002025201890380135,
      "cumulant_relative_error": 0.9441533770537005
    },
    {
      "left": 16,
      "first_gap": 96,
      "middle": 16,
      "second_gap": 96,
      "right": 24,
      "span": 248,
      "exact_raw": 0.030739558336109363,
      "observed_raw": 0.03067434512669224,
      "exact_cumulant": 1.840845492574565e-06,
      "observed_cumulant": 1.4332536092922612e-07,
      "raw_relative_error": 0.0021214751592744108,
      "cumulant_relative_error": 0.9221415585895943
    }
  ],
  "elapsed_seconds": 13.508049986092374
}
{
  "event": "six_scan_complete",
  "version": "v_5",
  "count": 59049,
  "mesh": {
    "count": 1008,
    "maximum_relative_error": 0.39692730081068717,
    "minimum_exact_cumulant": 8.168006075742384e-07,
    "count_above_10_percent": 201,
    "count_above_25_percent": 23,
    "worst": {
      "left": 8,
      "first_gap": 64,
      "middle": 16,
      "second_gap": 64,
      "right": 8,
      "span": 160,
      "exact_raw": 0.04797910500786791,
      "observed_raw": 0.04779495156044676,
      "exact_cumulant": 1.8763155782329109e-06,
      "observed_cumulant": 1.1315547002958778e-06,
      "raw_relative_error": 0.0038382009708382014,
      "cumulant_relative_error": 0.39692730081068717
    }
  },
  "selected": [
    {
      "left": 16,
      "first_gap": 96,
      "middle": 16,
      "second_gap": 96,
      "right": 16,
      "span": 240,
      "exact_raw": 0.03392714411815296,
      "observed_raw": 0.033915797006088585,
      "exact_cumulant": 1.340371107504447e-06,
      "observed_cumulant": 1.1919923640466135e-07,
      "raw_relative_error": 0.0003344552675832446,
      "cumulant_relative_error": 0.9110699747724412
    },
    {
      "left": 16,
      "first_gap": 96,
      "middle": 24,
      "second_gap": 96,
      "right": 8,
      "span": 240,
      "exact_raw": 0.03645718614894643,
      "observed_raw": 0.036414104965025354,
      "exact_cumulant": 1.2662263530879665e-06,
      "observed_cumulant": 1.715860834689329e-07,
      "raw_relative_error": 0.0011816925131046263,
      "cumulant_relative_error": 0.8644901971511783
    },
    {
      "left": 16,
      "first_gap": 96,
      "middle": 24,
      "second_gap": 96,
      "right": 16,
      "span": 248,
      "exact_raw": 0.030783540080553146,
      "observed_raw": 0.03080205831613192,
      "exact_cumulant": 2.130618375352971e-06,
      "observed_cumulant": 3.01103466111218e-07,
      "raw_relative_error": 0.000601562897909691,
      "cumulant_relative_error": 0.8586778985883217
    }
  ],
  "elapsed_seconds": 17.641069456003606
}
