DEPTH 1 beam 2470 children 2470 best (87.0, 6.55984211703, 2.141455064166514) seconds 0.17
DEPTH 2 beam 2500 children 75000 best (81.0, 6.46588020872, 1.9291735335602447) seconds 81.2
DEPTH 3 beam 2500 children 75000 best (65.0, 5.68837967928, 1.5947694913856754) seconds 102.07
DEPTH 4 beam 2500 children 75000 best (57.0, 5.50900683716, 1.5947694913856756) seconds 114.39
DEPTH 5 beam 2500 children 75000 best (53.0, 5.26362478142, 1.5077182627901122) seconds 119.33
DEPTH 6 beam 2500 children 44844 best (46.0, 4.97776035839, 1.4496858317613899) seconds 122.76
DEPTH 7 beam 2500 children 43768 best (39.0, 4.63548292475, 1.3663422489046937) seconds 126.29
DEPTH 8 beam 2500 children 57034 best (34.0, 4.46232254253, 1.3902776177308556) seconds 130.36
DEPTH 9 beam 2500 children 31990 best (29.0, 3.92553858309, 1.3902776177308553) seconds 132.68
DEPTH 10 beam 2500 children 25546 best (24.0, 3.80371243291, 1.3902776177308556) seconds 134.55
DEPTH 11 beam 2500 children 42112 best (17.0, 3.41558628532, 1.2344263414756782) seconds 137.9
DEPTH 12 beam 2500 children 20708 best (14.0, 2.92788149512, 1.234426341475678) seconds 139.74
DEPTH 13 beam 2500 children 21888 best (8.0, 2.54670677026, 1.2314783592177436) seconds 141.18
DEPTH 14 beam 2500 children 25120 best (7.0, 2.27361132819, 0.9614226018086574) seconds 142.81
DEPTH 15 beam 2500 children 32980 best (6.0, 2.04179139112, 0.8018767228939988) seconds 144.68
DEPTH 16 beam 2500 children 28104 best (5.0, 1.83305419069, 0.7393442377203837) seconds 146.49
DEPTH 17 beam 2500 children 19762 best (4.0, 1.59653214934, 0.37329239221332394) seconds 148.37
DEPTH 18 beam 2500 children 13792 best (3.0, 1.37671810858, 0.18393779805497001) seconds 149.57
DEPTH 19 beam 2500 children 6842 best (2.0, 1.16287859135, 0.06410783814813695) seconds 150.5
DETERMINANT 20 (1.0, 1.0, 5.548498390939316e-31) mask 63 bridge 0
SOLVED sector_10_6 20 150.88031268119812
