SETUP 48 compressed_spectrum rank 44 freedom 40 reference_tc 82.83779564640551
/usr/lib/python3/dist-packages/scipy/optimize/_optimize.py:284: RuntimeWarning: Values in x were outside bounds during a minimize step, clipping to bounds
  warnings.warn("Values in x were outside bounds during a "
MIN 25 78.97223653945623
MIN 50 78.69031081039809
MIN 75 78.61565242856769
MIN_RESULT True Optimization terminated successfully calls 83 tc 78.60658670912554
WITNESS {"start": 0, "low_tc": 78.60658670912554, "high_tc": 88.39641122584833, "ratio": 1.1245420380985234, "iterations": 2, "elapsed_seconds": 1.6154260190669447}
WITNESS {"start": 1, "low_tc": 78.60658670912554, "high_tc": 88.39641122584833, "ratio": 1.1245420380985234, "iterations": 2, "elapsed_seconds": 1.664561240002513}
WITNESS {"start": 2, "low_tc": 78.60658670912554, "high_tc": 88.39641122584833, "ratio": 1.1245420380985234, "iterations": 2, "elapsed_seconds": 1.7178499550791457}
WITNESS {"start": 3, "low_tc": 78.60658670912554, "high_tc": 88.39641122584833, "ratio": 1.1245420380985234, "iterations": 2, "elapsed_seconds": 1.7802022700197995}
WITNESS {"start": 4, "low_tc": 78.60658670912554, "high_tc": 88.39641122584833, "ratio": 1.1245420380985234, "iterations": 2, "elapsed_seconds": 1.8367284591076896}
WITNESS {"start": 5, "low_tc": 78.60658670912554, "high_tc": 88.39641122584838, "ratio": 1.124542038098524, "iterations": 1, "elapsed_seconds": 1.8719873130321503}
WITNESS {"start": 6, "low_tc": 78.60658670912554, "high_tc": 88.39641122584838, "ratio": 1.124542038098524, "iterations": 2, "elapsed_seconds": 2.0934820760739967}
WITNESS {"start": 7, "low_tc": 78.60658670912554, "high_tc": 88.39641122584838, "ratio": 1.124542038098524, "iterations": 2, "elapsed_seconds": 2.2693584380904213}
WITNESS {"start": 8, "low_tc": 78.60658670912554, "high_tc": 88.39641122584838, "ratio": 1.124542038098524, "iterations": 2, "elapsed_seconds": 2.3452715340536088}
WITNESS {"start": 9, "low_tc": 78.60658670912554, "high_tc": 88.39641122584838, "ratio": 1.124542038098524, "iterations": 2, "elapsed_seconds": 2.458862912026234}
WITNESS {"start": 10, "low_tc": 78.60658670912554, "high_tc": 88.39641122584838, "ratio": 1.124542038098524, "iterations": 2, "elapsed_seconds": 2.5069040911039338}
WITNESS {"start": 11, "low_tc": 78.60658670912554, "high_tc": 88.39641122584838, "ratio": 1.124542038098524, "iterations": 2, "elapsed_seconds": 2.577878108015284}
WITNESS {"start": 12, "low_tc": 78.60658670912554, "high_tc": 88.39641122584838, "ratio": 1.124542038098524, "iterations": 2, "elapsed_seconds": 2.6650385790271685}
WITNESS {"start": 13, "low_tc": 78.60658670912554, "high_tc": 88.39641122584838, "ratio": 1.124542038098524, "iterations": 2, "elapsed_seconds": 2.725236491067335}
WITNESS {"start": 14, "low_tc": 78.60658670912554, "high_tc": 88.39641122584838, "ratio": 1.124542038098524, "iterations": 2, "elapsed_seconds": 2.7703088010894135}
WITNESS {"start": 15, "low_tc": 78.60658670912554, "high_tc": 88.39641122584838, "ratio": 1.124542038098524, "iterations": 2, "elapsed_seconds": 2.814865051070228}
WITNESS {"start": 16, "low_tc": 78.60658670912554, "high_tc": 88.39641122584838, "ratio": 1.124542038098524, "iterations": 2, "elapsed_seconds": 2.860001292079687}
WITNESS {"start": 17, "low_tc": 78.60658670912554, "high_tc": 88.39641122584838, "ratio": 1.124542038098524, "iterations": 2, "elapsed_seconds": 2.903881149017252}
WITNESS {"start": 18, "low_tc": 78.60658670912554, "high_tc": 88.39641122584838, "ratio": 1.124542038098524, "iterations": 2, "elapsed_seconds": 2.948668293072842}
WITNESS {"start": 19, "low_tc": 78.60658670912554, "high_tc": 88.39641122584838, "ratio": 1.124542038098524, "iterations": 2, "elapsed_seconds": 3.0445391969988123}
WITNESS {"start": 20, "low_tc": 78.60658670912554, "high_tc": 88.39641122584838, "ratio": 1.124542038098524, "iterations": 2, "elapsed_seconds": 3.091257590102032}
WITNESS {"start": 21, "low_tc": 78.60658670912554, "high_tc": 88.39641122584838, "ratio": 1.124542038098524, "iterations": 2, "elapsed_seconds": 3.1853214281145483}
WITNESS {"start": 22, "low_tc": 78.60658670912554, "high_tc": 88.39641122584838, "ratio": 1.124542038098524, "iterations": 2, "elapsed_seconds": 3.239582342095673}
WITNESS {"start": 23, "low_tc": 78.60658670912554, "high_tc": 88.39641122584838, "ratio": 1.124542038098524, "iterations": 2, "elapsed_seconds": 3.2887225130107254}
WITNESS {"start": 24, "low_tc": 78.60658670912554, "high_tc": 88.39641122584838, "ratio": 1.124542038098524, "iterations": 2, "elapsed_seconds": 3.338810903020203}
