STAGE legacy_seed ALLOWANCE 3.0
seed scan_03_00 1e-07 [(64, 0.7412903), (59, 0.6803841), (75, 0.6574644), (0, 0.6470885), (46, 0.3392362), (50, 0.3201815), (37, 0.2698884), (91, 0.2676396), (48, 0.1627851), (78, 0.1500431), (84, 0.1370062), (1, 0.1119915), (72, 0.1119769), (85, 0.1116977), (90, 0.1088246), (67, 0.1059877), (34, 0.1006719), (66, 0.0948613), (36, 0.093303), (41, 0.0858425), (49, 0.0840919), (43, 0.0766357), (73, 0.0727603)]
seed scan_03_00 1e-09 [(64, 0.7412903), (59, 0.6803841), (75, 0.6574644), (0, 0.6470885), (46, 0.3392362), (50, 0.3201815), (37, 0.2698884), (91, 0.2676396), (48, 0.1627851), (78, 0.1500431), (84, 0.1370062), (1, 0.1119915), (72, 0.1119769), (85, 0.1116977), (90, 0.1088246), (67, 0.1059877), (34, 0.1006719), (66, 0.0948613), (36, 0.093303), (41, 0.0858425), (49, 0.0840919), (43, 0.0766357), (73, 0.0727603)]
seed scan_03_00 1e-05 [(64, 0.7412903), (59, 0.6803841), (75, 0.6574644), (0, 0.6470885), (46, 0.3392362), (50, 0.3201815), (37, 0.2698884), (91, 0.2676396), (48, 0.1627851), (78, 0.1500431), (84, 0.1370062), (1, 0.1119915), (72, 0.1119769), (85, 0.1116977), (90, 0.1088246), (67, 0.1059877), (34, 0.1006719), (66, 0.0948613), (36, 0.093303), (41, 0.0858425), (49, 0.0840919), (43, 0.0766357), (73, 0.0727603)]
seed scan_03_00 1e-11 [(64, 0.7412903), (59, 0.6803841), (75, 0.6574644), (0, 0.6470885), (46, 0.3392362), (50, 0.3201815), (37, 0.2698884), (91, 0.2676396), (48, 0.1627851), (78, 0.1500431), (84, 0.1370062), (1, 0.1119915), (72, 0.1119769), (85, 0.1116977), (90, 0.1088246), (67, 0.1059877), (34, 0.1006719), (66, 0.0948613), (36, 0.093303), (41, 0.0858425), (49, 0.0840919), (43, 0.0766357), (73, 0.0727603)]
seed scan_03_00 0.001 [(64, 1.0468086), (59, 0.6636579), (0, 0.6468515), (75, 0.6258923), (50, 0.3215828), (37, 0.287231), (78, 0.2756232), (1, 0.1743255), (91, 0.1417382), (48, 0.1350198), (49, 0.1286942), (41, 0.1270654), (66, 0.1243247), (72, 0.1236409), (85, 0.1233011), (90, 0.1213677), (67, 0.1160235), (11, 0.0969331), (35, 0.0939984), (12, 0.092625), (43, 0.091957), (34, 0.0837697), (32, 0.0793845)]
scan_03_00 best 0.05764217675033165 trace 7.516327639724198 support [0, 1, 11, 37, 41, 48, 49, 50, 59, 64, 66, 67, 72, 75, 78, 85, 90, 91]
seed scan_03_00 1e-13 [(64, 0.7412903), (59, 0.6803841), (75, 0.6574644), (0, 0.6470885), (46, 0.3392362), (50, 0.3201815), (37, 0.2698884), (91, 0.2676396), (48, 0.1627851), (78, 0.1500431), (84, 0.1370062), (1, 0.1119915), (72, 0.1119769), (85, 0.1116977), (90, 0.1088246), (67, 0.1059877), (34, 0.1006719), (66, 0.0948613), (36, 0.093303), (41, 0.0858425), (49, 0.0840919), (43, 0.0766357), (73, 0.0727603)]
seed scan_03_00 1.0 [(75, 0.6401674), (0, 0.6148435), (64, 0.594051), (59, 0.3722293), (37, 0.2385389), (66, 0.1912375), (90, 0.1498841), (91, 0.1228717), (52, 0.1031772), (15, 0.1029474), (50, 0.100537), (10, 0.0978628), (78, 0.0936463), (43, 0.0910136), (84, 0.0891985), (48, 0.0848975), (49, 0.0811377), (72, 0.0789591), (85, 0.0788253), (41, 0.0782802), (58, 0.0773007), (67, 0.0762493), (82, 0.0757875)]
scan_03_00 best 0.002590568323063453 trace 7.780961485270632 support [0, 10, 15, 37, 43, 48, 49, 50, 52, 59, 64, 66, 72, 75, 78, 84, 90, 91]
BEST scan_03_00 0.002590568323063453 trace 7.780961485270632 support [0, 10, 15, 37, 43, 48, 49, 50, 52, 59, 64, 66, 72, 75, 78, 84, 90, 91]
STAGE whitened_seed ALLOWANCE 9.0
BEST scan_03_00 0.002590568323063453 trace 7.780961485270632 support [0, 10, 15, 37, 43, 48, 49, 50, 52, 59, 64, 66, 72, 75, 78, 84, 90, 91]
SEED scan_03_00 1e-07 [(64, 1.0928156658932688), (59, 0.8641020267393109), (84, 0.8507994337437667), (15, 0.8300672940308846), (78, 0.7280304961112886), (25, 0.7154946742840496), (0, 0.6480265345936214), (75, 0.6084273761897571), (90, 0.44382444991227993), (50, 0.31959205980225147), (1, 0.26874134527073834), (6, 0.17584115015122118), (40, 0.10370792509524648), (87, 0.06661233012129282), (76, 0.0221368301897943), (69, 0.01896184956530641)]
SEED scan_03_00 1e-09 [(64, 1.0928156658932688), (59, 0.8641020267393109), (84, 0.8507994337437667), (15, 0.8300672940308846), (78, 0.7280304961112886), (25, 0.7154946742840496), (0, 0.6480265345936214), (75, 0.6084273761897571), (90, 0.44382444991227993), (50, 0.31959205980225147), (1, 0.26874134527073834), (6, 0.17584115015122118), (40, 0.10370792509524648), (87, 0.06661233012129282), (76, 0.0221368301897943), (69, 0.01896184956530641)]
SEED scan_03_00 1e-11 [(64, 1.0928156658932688), (59, 0.8641020267393109), (84, 0.8507994337437667), (15, 0.8300672940308846), (78, 0.7280304961112886), (25, 0.7154946742840496), (0, 0.6480265345936214), (75, 0.6084273761897571), (90, 0.44382444991227993), (50, 0.31959205980225147), (1, 0.26874134527073834), (6, 0.17584115015122118), (40, 0.10370792509524648), (87, 0.06661233012129282), (76, 0.0221368301897943), (69, 0.01896184956530641)]
SEED scan_03_00 1e-05 [(64, 1.0928156658932688), (59, 0.8641020267393109), (84, 0.8507994337437667), (15, 0.8300672940308846), (78, 0.7280304961112886), (25, 0.7154946742840496), (0, 0.6480265345936214), (75, 0.6084273761897571), (90, 0.44382444991227993), (50, 0.31959205980225147), (1, 0.26874134527073834), (6, 0.17584115015122118), (40, 0.10370792509524648), (87, 0.06661233012129282), (76, 0.0221368301897943), (69, 0.01896184956530641)]
SEED scan_03_00 1e-13 [(64, 1.0928156658932688), (59, 0.8641020267393109), (84, 0.8507994337437667), (15, 0.8300672940308846), (78, 0.7280304961112886), (25, 0.7154946742840496), (0, 0.6480265345936214), (75, 0.6084273761897571), (90, 0.44382444991227993), (50, 0.31959205980225147), (1, 0.26874134527073834), (6, 0.17584115015122118), (40, 0.10370792509524648), (87, 0.06661233012129282), (76, 0.0221368301897943), (69, 0.01896184956530641)]
SEED scan_03_00 1e-06 [(64, 1.0928156658932688), (59, 0.8641020267393109), (84, 0.8507994337437667), (15, 0.8300672940308846), (78, 0.7280304961112886), (25, 0.7154946742840496), (0, 0.6480265345936214), (75, 0.6084273761897571), (90, 0.44382444991227993), (50, 0.31959205980225147), (1, 0.26874134527073834), (6, 0.17584115015122118), (40, 0.10370792509524648), (87, 0.06661233012129282), (76, 0.0221368301897943), (69, 0.01896184956530641)]
SEED scan_03_00 1e-08 [(64, 1.0928156658932688), (59, 0.8641020267393109), (84, 0.8507994337437667), (15, 0.8300672940308846), (78, 0.7280304961112886), (25, 0.7154946742840496), (0, 0.6480265345936214), (75, 0.6084273761897571), (90, 0.44382444991227993), (50, 0.31959205980225147), (1, 0.26874134527073834), (6, 0.17584115015122118), (40, 0.10370792509524648), (87, 0.06661233012129282), (76, 0.0221368301897943), (69, 0.01896184956530641)]
SEED scan_03_00 1e-10 [(64, 1.0928156658932688), (59, 0.8641020267393109), (84, 0.8507994337437667), (15, 0.8300672940308846), (78, 0.7280304961112886), (25, 0.7154946742840496), (0, 0.6480265345936214), (75, 0.6084273761897571), (90, 0.44382444991227993), (50, 0.31959205980225147), (1, 0.26874134527073834), (6, 0.17584115015122118), (40, 0.10370792509524648), (87, 0.06661233012129282), (76, 0.0221368301897943), (69, 0.01896184956530641)]
BEST scan_03_00 0.0025843664251690383 trace 7.780657592511859 support [ 0 10 15 37 43 48 49 50 52 59 64 66 72 75 78 84 90 91]
CONT 0.001 0.13373214899076571
BEST scan_03_00 0.0025729574373917472 trace 7.780144710862394 support [ 0 10 15 37 43 48 49 50 52 59 64 66 72 75 78 84 90 91]
CONT 0.0001 1.0461880986086423
CONT 1e-05 nan
CONT 1e-06 69.2542365840517
CONT 1e-07 494.4480184297124
CONT 1e-08 nan
CONT 1e-09 760.971096656516
BEST scan_03_00 0.002571447580929084 trace 7.780233159890318 support [ 0 10 15 24 37 43 48 49 50 52 59 64 66 72 75 78 84 90]
BEST scan_03_00 0.0024939498957450117 trace 7.780354838589432 support [ 0 10 15 24 43 48 49 50 52 59 64 66 67 72 75 78 84 90]
BEST scan_03_00 0.0018430898437249144 trace 7.773769380558162 support [ 0 10 15 24 43 46 48 49 50 52 59 66 67 72 75 78 84 90]
BEST scan_03_00 0.0017706563846307134 trace 7.774786886796065 support [ 0 10 15 24 27 46 48 49 50 52 59 66 67 72 75 78 84 90]
BEST scan_03_00 0.0017369971063510823 trace 7.7748229796543455 support [ 0 10 15 24 27 34 46 49 50 52 59 66 67 72 75 78 84 90]
BEST scan_03_00 0.0017319834295615592 trace 7.7743856104192455 support [ 0 10 15 24 27 32 46 48 49 50 52 59 66 67 72 75 78 90]
STAGE_ERROR whitened_seed StageTimeout stage allowance exhausted
BEST scan_03_00 0.0017319834295615592 trace 7.7743856104192455 support [0, 10, 15, 24, 27, 32, 46, 48, 49, 50, 52, 59, 66, 67, 72, 75, 78, 90]
STAGE discrete_improve ALLOWANCE 9.0
BEST scan_03_00 0.0017319834295615592 trace 7.7743856104192455 support [0, 10, 15, 24, 27, 32, 46, 48, 49, 50, 52, 59, 66, 67, 72, 75, 78, 90]
CONT 0.001 0.13053626781018204
CONT 0.0001 1.030066626284371
CONT 1e-05 8.415424329813158
CONT 1e-06 66.16050235741724
CONT 1e-07 281.0815707066412
CONT 1e-08 399.01212857287095
CONT 1e-09 399.01211332164274
BEST scan_03_00 0.0017302038250464724 trace 7.774969248522718 support [ 0 10 24 27 32 46 48 49 50 52 59 61 66 67 72 75 78 90]
BEST scan_03_00 0.0017208108528286882 trace 7.774192355450593 support [ 0 10 24 27 28 46 48 49 50 52 59 61 66 67 72 75 78 90]
STAGE_ERROR discrete_improve StageTimeout stage allowance exhausted
BEST scan_03_00 0.0017208108528286882 trace 7.774192355450593 support [0, 10, 24, 27, 28, 46, 48, 49, 50, 52, 59, 61, 66, 67, 72, 75, 78, 90]
STAGE continuous ALLOWANCE 40.705806382000446
BEST scan_03_00 0.0017208108528286882 trace 7.774192355450593 support [ 0 10 24 27 28 46 48 49 50 52 59 61 66 67 72 75 78 90]
CONTINUOUS scan_03_00 0 0.0001 0.3750366370666889 1200 [(0, 1.511), (0, 3.333472), (0, 4.685064), (0, 5.119501), (0, 5.119496), (6, 11.223132), (0, 5.729074), (0, 5.1195), (2, 7.321269), (6, 10.89795), (8, 10.957803), (0, 4.153899), (0, 6.122735), (0, 5.119502), (0, 5.1195), (4, 6.468533), (0, 6.12203), (0, 6.235239)]
CONTINUOUS scan_03_00 0 1e-06 0.4451092081634669 1200 [(0, 1.511), (0, 3.318699), (0, 4.856954), (0, 5.093317), (0, 5.093317), (6, 11.241684), (0, 5.300741), (0, 5.093317), (2, 7.321269), (6, 10.915112), (8, 10.966676), (0, 4.175089), (0, 6.128942), (0, 5.093316), (0, 5.093316), (4, 6.465726), (0, 6.128721), (0, 6.16471)]
CONTINUOUS scan_03_00 0 1e-08 0.44510919810383764 6 [(0, 1.511), (0, 3.318699), (0, 4.856952), (0, 5.093317), (0, 5.093317), (6, 11.241684), (0, 5.30074), (0, 5.093317), (2, 7.321269), (6, 10.915112), (8, 10.966676), (0, 4.175089), (0, 6.128942), (0, 5.093316), (0, 5.093316), (4, 6.465726), (0, 6.128721), (0, 6.16471)]
CONTINUOUS scan_03_00 1 0.0001 0.37503746831603946 925 [(0, 1.511), (0, 3.333475), (0, 4.759737), (0, 5.119548), (0, 5.119548), (6, 11.223138), (0, 5.451082), (0, 5.119548), (2, 7.321269), (6, 10.89795), (8, 10.957803), (0, 4.154082), (0, 6.123712), (0, 5.119548), (0, 5.119548), (4, 6.468534), (0, 6.123548), (0, 6.123837)]
CONTINUOUS scan_03_00 1 1e-06 0.4451094058608823 748 [(0, 1.511), (0, 3.3187), (0, 5.019435), (0, 5.09332), (0, 5.09332), (6, 11.241684), (0, 5.09332), (0, 5.093321), (2, 7.321269), (6, 10.915113), (8, 10.966676), (0, 4.175107), (0, 6.128741), (0, 5.09332), (0, 5.09332), (4, 6.465726), (0, 6.129267), (0, 6.127725)]
CONTINUOUS scan_03_00 1 1e-08 0.4451094079951564 64 [(0, 1.511), (0, 3.3187), (0, 5.046418), (0, 5.09332), (0, 5.09332), (6, 11.241684), (0, 5.09332), (0, 5.093321), (2, 7.321269), (6, 10.915113), (8, 10.966676), (0, 4.175107), (0, 6.128745), (0, 5.09332), (0, 5.09332), (4, 6.465726), (0, 6.129266), (0, 6.127739)]
CONTINUOUS scan_03_00 2 0.0001 0.37503746331144233 1200 [(0, 1.511), (0, 3.333475), (0, 4.752628), (0, 5.119547), (0, 5.119547), (6, 11.223138), (0, 5.434044), (0, 5.11955), (2, 7.321269), (6, 10.89795), (8, 10.957803), (0, 4.154079), (0, 6.118947), (0, 5.119546), (0, 5.119546), (4, 6.468533), (0, 6.124009), (0, 6.117035)]
CONTINUOUS scan_03_00 2 1e-06 0.4451094003211907 1200 [(0, 1.511), (0, 3.3187), (0, 4.89273), (0, 5.09332), (0, 5.09332), (6, 11.241684), (0, 5.255586), (0, 5.09332), (2, 7.321269), (6, 10.915113), (8, 10.966676), (0, 4.175106), (0, 6.12683), (0, 5.093319), (0, 5.093321), (4, 6.465726), (0, 6.129411), (0, 6.121182)]
CONTINUOUS scan_03_00 2 1e-08 0.4451094004820879 23 [(0, 1.511), (0, 3.3187), (0, 4.89273), (0, 5.09332), (0, 5.09332), (6, 11.241684), (0, 5.255586), (0, 5.09332), (2, 7.321269), (6, 10.915113), (8, 10.966676), (0, 4.175106), (0, 6.12683), (0, 5.093319), (0, 5.093321), (4, 6.465726), (0, 6.129411), (0, 6.121182)]
CONTINUOUS scan_03_00 3 0.0001 0.3750369778379258 1200 [(0, 1.511), (0, 3.333474), (0, 4.153997), (0, 5.119524), (0, 5.119524), (6, 11.223136), (0, 5.60863), (0, 5.119522), (2, 7.321269), (6, 10.89795), (8, 10.957803), (0, 4.153997), (0, 6.033116), (0, 5.119521), (0, 5.119522), (4, 6.468533), (0, 6.124357), (0, 6.124066)]
CONTINUOUS scan_03_00 3 1e-06 0.44510913180995854 1200 [(0, 1.511), (0, 3.318699), (0, 4.175084), (0, 5.093315), (0, 5.093315), (6, 11.241684), (0, 5.181786), (0, 5.093316), (2, 7.321269), (6, 10.915112), (8, 10.966676), (0, 4.175084), (0, 6.079215), (0, 5.093315), (0, 5.093315), (4, 6.465726), (0, 6.129531), (0, 6.129197)]
CONTINUOUS scan_03_00 3 1e-08 0.4451090741517968 33 [(0, 1.511), (0, 3.318699), (0, 4.175084), (0, 5.093315), (0, 5.093315), (6, 11.241684), (0, 5.181604), (0, 5.093316), (2, 7.321269), (6, 10.915112), (8, 10.966676), (0, 4.175084), (0, 6.07922), (0, 5.093315), (0, 5.093315), (4, 6.465726), (0, 6.129531), (0, 6.129197)]
CONTINUOUS scan_03_00 4 0.0001 0.37503743839592535 1200 [(0, 1.511), (0, 3.333475), (0, 4.750987), (0, 5.119547), (0, 5.119547), (6, 11.223138), (0, 5.448992), (0, 5.119547), (2, 7.321269), (6, 10.89795), (8, 10.957803), (0, 4.154079), (0, 6.116046), (0, 5.119547), (0, 5.119547), (4, 6.468533), (0, 6.123829), (0, 6.124315)]
CONTINUOUS scan_03_00 4 1e-06 0.44510939978044917 1200 [(0, 1.511), (0, 3.3187), (0, 5.092654), (0, 5.09332), (0, 5.09332), (6, 11.241684), (0, 5.093319), (0, 5.09332), (2, 7.321269), (6, 10.915113), (8, 10.966676), (0, 4.175106), (0, 6.124973), (0, 5.09332), (0, 5.09332), (4, 6.465726), (0, 6.129332), (0, 6.127468)]
CONTINUOUS scan_03_00 4 1e-08 0.44510939940787364 256 [(0, 1.511), (0, 3.3187), (0, 5.093382), (0, 5.09332), (0, 5.09332), (6, 11.241684), (0, 5.09332), (0, 5.09332), (2, 7.321269), (6, 10.915113), (8, 10.966676), (0, 4.175106), (0, 6.125455), (0, 5.09332), (0, 5.09332), (4, 6.465726), (0, 6.12931), (0, 6.127667)]
CONTINUOUS scan_03_00 5 0.0001 0.3750374691473316 1146 [(0, 1.511), (0, 3.333475), (0, 5.119548), (0, 5.119548), (0, 5.119548), (6, 11.223138), (0, 5.119548), (0, 5.119548), (2, 7.321269), (6, 10.89795), (8, 10.957803), (0, 4.154082), (0, 6.123981), (0, 5.119548), (0, 5.119548), (4, 6.468533), (0, 6.123543), (0, 6.123996)]
CONTINUOUS scan_03_00 5 1e-06 0.4451093763663413 1200 [(0, 1.511), (0, 3.3187), (0, 5.09332), (0, 5.09332), (0, 5.09332), (6, 11.241684), (0, 5.09332), (0, 5.093319), (2, 7.321269), (6, 10.915113), (8, 10.966676), (0, 4.175103), (0, 6.128333), (0, 5.093319), (0, 5.093319), (4, 6.465726), (0, 6.129474), (0, 6.117686)]
CONTINUOUS scan_03_00 5 1e-08 0.44510868592921804 6 [(0, 1.511), (0, 3.3187), (0, 5.09332), (0, 5.09332), (0, 5.09332), (6, 11.241684), (0, 5.09332), (0, 5.093319), (2, 7.321269), (6, 10.915112), (8, 10.966676), (0, 4.175103), (0, 6.128333), (0, 5.093319), (0, 5.09332), (4, 6.465726), (0, 6.129474), (0, 6.117686)]
CONTINUOUS scan_03_00 6 0.0001 0.37503746701154883 1200 [(0, 1.511), (0, 3.333475), (0, 5.122572), (0, 5.119547), (0, 5.119547), (6, 11.223138), (0, 5.480208), (0, 5.119547), (2, 7.321269), (6, 10.89795), (8, 10.957803), (0, 4.154082), (0, 6.122665), (0, 5.119547), (0, 5.119547), (4, 6.468534), (0, 6.123704), (0, 5.759423)]
CONTINUOUS scan_03_00 6 1e-06 0.4451094067717204 381 [(0, 1.511), (0, 3.3187), (0, 5.093315), (0, 5.093299), (0, 5.09331), (6, 11.241684), (0, 5.250714), (0, 5.093348), (2, 7.321269), (6, 10.915113), (8, 10.966676), (0, 4.175107), (0, 6.128423), (0, 5.093297), (0, 5.093303), (4, 6.465726), (0, 6.129248), (0, 5.485231)]
CONTINUOUS scan_03_00 6 1e-08 0.4451094061292046 16 [(0, 1.511), (0, 3.3187), (0, 5.093315), (0, 5.093299), (0, 5.09331), (6, 11.241684), (0, 5.250715), (0, 5.093348), (2, 7.321269), (6, 10.915113), (8, 10.966676), (0, 4.175107), (0, 6.128423), (0, 5.093297), (0, 5.093303), (4, 6.465726), (0, 6.129248), (0, 5.48523)]
CONTINUOUS scan_03_00 7 0.0001 0.3750374679113884 1200 [(0, 1.511), (0, 3.333475), (0, 4.766521), (0, 5.119548), (0, 5.119548), (6, 11.223138), (0, 5.319688), (0, 5.119548), (2, 7.321269), (6, 10.89795), (8, 10.957803), (0, 4.154082), (0, 6.121851), (0, 5.119548), (0, 5.119548), (4, 6.468533), (0, 6.123698), (0, 6.123777)]
CONTINUOUS scan_03_00 7 1e-06 0.44510939757456036 914 [(0, 1.511), (0, 3.3187), (0, 4.954233), (0, 5.09332), (0, 5.09332), (6, 11.241684), (0, 5.116414), (0, 5.093321), (2, 7.321269), (6, 10.915113), (8, 10.966676), (0, 4.175107), (0, 6.128284), (0, 5.09332), (0, 5.09332), (4, 6.465726), (0, 6.129284), (0, 6.126046)]
CONTINUOUS scan_03_00 7 1e-08 0.44510939783021564 18 [(0, 1.511), (0, 3.3187), (0, 4.954233), (0, 5.09332), (0, 5.09332), (6, 11.241684), (0, 5.116414), (0, 5.093321), (2, 7.321269), (6, 10.915113), (8, 10.966676), (0, 4.175107), (0, 6.128284), (0, 5.09332), (0, 5.09332), (4, 6.465726), (0, 6.129284), (0, 6.126046)]
CONTINUOUS scan_03_00 8 0.0001 0.3750374671753394 1200 [(0, 1.511), (0, 3.333475), (0, 4.601189), (0, 5.119546), (0, 5.119546), (6, 11.223138), (0, 5.742003), (0, 5.119545), (2, 7.321269), (6, 10.89795), (8, 10.957803), (0, 4.154076), (0, 6.122971), (0, 5.119545), (0, 5.119545), (4, 6.468533), (0, 6.123643), (0, 5.737499)]
CONTINUOUS scan_03_00 8 1e-06 0.4451094097596997 679 [(0, 1.511), (0, 3.3187), (0, 4.777265), (0, 5.093275), (0, 5.093252), (6, 11.241684), (0, 5.593893), (0, 5.093331), (2, 7.321269), (6, 10.915113), (8, 10.966676), (0, 4.175107), (0, 6.128606), (0, 5.093266), (0, 5.093356), (4, 6.465726), (0, 6.129196), (0, 5.467083)]
CONTINUOUS scan_03_00 8 1e-08 0.44510940991658166 20 [(0, 1.511), (0, 3.3187), (0, 4.777265), (0, 5.093275), (0, 5.093252), (6, 11.241684), (0, 5.593893), (0, 5.093331), (2, 7.321269), (6, 10.915113), (8, 10.966676), (0, 4.175107), (0, 6.128606), (0, 5.093266), (0, 5.093356), (4, 6.465726), (0, 6.129196), (0, 5.467083)]
CONTINUOUS scan_03_00 9 0.0001 0.3750372306480077 1200 [(0, 1.511), (0, 3.333474), (0, 4.424501), (0, 5.119538), (0, 5.119538), (6, 11.223137), (0, 5.360125), (0, 5.119537), (2, 7.321269), (6, 10.89795), (8, 10.957803), (0, 4.154044), (0, 6.091821), (0, 4.885776), (0, 5.119537), (4, 6.468533), (0, 6.124542), (0, 6.124788)]
CONTINUOUS scan_03_00 9 1e-06 0.4451093731878103 1200 [(0, 1.511), (0, 3.3187), (0, 4.724735), (0, 5.09332), (0, 5.09332), (6, 11.241684), (0, 5.207652), (0, 5.093319), (2, 7.321269), (6, 10.915113), (8, 10.966676), (0, 4.175103), (0, 6.118894), (0, 4.954111), (0, 5.093319), (4, 6.465726), (0, 6.129462), (0, 6.129456)]
CONTINUOUS scan_03_00 9 1e-08 0.4451093718362098 18 [(0, 1.511), (0, 3.3187), (0, 4.724734), (0, 5.09332), (0, 5.09332), (6, 11.241684), (0, 5.207652), (0, 5.093319), (2, 7.321269), (6, 10.915113), (8, 10.966676), (0, 4.175103), (0, 6.118894), (0, 4.954117), (0, 5.093319), (4, 6.465726), (0, 6.129462), (0, 6.129456)]
CONTINUOUS scan_03_00 10 0.0001 0.37503748014775923 1200 [(0, 1.511), (0, 3.333475), (0, 4.926415), (0, 5.119548), (0, 5.119548), (6, 11.223138), (0, 5.315706), (0, 5.119548), (2, 7.321269), (6, 10.89795), (8, 10.957803), (0, 4.154082), (0, 6.122113), (0, 5.119548), (0, 5.119548), (4, 6.468533), (0, 6.123674), (0, 6.123664)]
CONTINUOUS scan_03_00 10 1e-06 0.4451094040784084 847 [(0, 1.511), (0, 3.3187), (0, 4.993652), (0, 5.09332), (0, 5.09332), (6, 11.241684), (0, 5.171493), (0, 5.093321), (2, 7.321269), (6, 10.915113), (8, 10.966676), (0, 4.175107), (0, 6.12841), (0, 5.09332), (0, 5.09332), (4, 6.465726), (0, 6.129278), (0, 6.126914)]
CONTINUOUS scan_03_00 10 1e-08 0.4451094071918432 18 [(0, 1.511), (0, 3.3187), (0, 4.993896), (0, 5.09332), (0, 5.09332), (6, 11.241684), (0, 5.17143), (0, 5.093321), (2, 7.321269), (6, 10.915113), (8, 10.966676), (0, 4.175107), (0, 6.12841), (0, 5.09332), (0, 5.09332), (4, 6.465726), (0, 6.129278), (0, 6.126914)]
STAGE_ERROR continuous StageTimeout stage allowance exhausted
BEST scan_03_00 0.0017208108528286882 trace 7.774192355450593 support [0, 10, 24, 27, 28, 46, 48, 49, 50, 52, 59, 61, 66, 67, 72, 75, 78, 90]
