BEST 0 20 9.182985853664837 (0.2698102440933368, 0.4958891317547772, 0.49897481046335557, False) 4.983540773391724
BEST 1 21 1.9238530148150468 (0.036873985711499316, 0.473524248062537, 0.4995952726611357, False) 8.441333055496216
BEST 2 28 136.62419041825655 (1.1585351626271856, 0.4942024917709261, 0.4993175985464404, False) 9.36227011680603
BEST 3 29 2.5869327031155978 (0.051960164745824836, 0.48963573952295736, 0.4996005100885499, False) 13.19928240776062
BEST 4 33 2.6167548587031852 (0.06184102531474438, 0.47612726914126474, 0.4999414322187601, False) 17.357709646224976
BEST 5 13 2.3211344109160077 (0.0495053620972408, 0.4913562279429642, 0.49910961287150424, False) 19.445281267166138
BEST 6 37 167.67270204493073 (1.2856661247541714, 0.4954437193108334, 0.4989059112147114, False) 19.944804191589355
BEST 7 31 2.1803450830490747 (0.037380969081414375, 0.4746779986209577, 0.4989362571328999, False) 23.09761118888855
BEST 8 36 2.7975569780799248 (0.06253239384281414, 0.494863620896826, 0.49981897399272146, False) 26.68075966835022
STATUS 8 {20: 9.182985853664837, 21: 1.9238530148150468, 28: 136.62419041825655, 29: 2.5869327031155978, 33: 2.6167548587031852, 13: 2.3211344109160077, 37: 167.67270204493073, 31: 2.1803450830490747, 36: 2.7975569780799248} 26.680861949920654
BEST 9 20 2.288826630571712 (0.07561464026426526, 0.4517794418116534, 0.49914420939755644, False) 31.673746824264526
BEST 13 33 2.5000550011143603 (0.0558766677476628, 0.4987572861877323, 0.49997817520271504, False) 36.33102774620056
BEST 14 13 1.7306909309081382 (0.03750498134108124, 0.47646291460919876, 0.49926133033986986, False) 40.16258430480957
BEST 15 37 2.2202026756338156 (0.054966683536796505, 0.49417457224701145, 0.4993004464355657, False) 45.16547226905823
BEST 17 36 2.281729386346689 (0.035460536402736546, 0.45605167935636937, 0.499990934505135, False) 52.83849740028381
STATUS 17 {20: 2.288826630571712, 21: 1.9238530148150468, 28: 136.62419041825655, 29: 2.5869327031155978, 33: 2.5000550011143603, 13: 1.7306909309081382, 37: 2.2202026756338156, 31: 2.1803450830490747, 36: 2.281729386346689} 52.83861255645752
BEST 20 28 136.62419027386596 (1.1585351615054955, 0.49420250355858825, 0.4993179257158751, False) 61.38201689720154
BEST 26 36 2.2263408976195165 (0.03664924927422808, 0.4726144368081586, 0.4993502897465012, False) 85.33477234840393
STATUS 26 {20: 2.288826630571712, 21: 1.9238530148150468, 28: 136.62419027386596, 29: 2.5869327031155978, 33: 2.5000550011143603, 13: 1.7306909309081382, 37: 2.2202026756338156, 31: 2.1803450830490747, 36: 2.2263408976195165} 85.33497881889343
BEST 27 20 2.228857425532209 (0.05026907271778825, 0.4701788517887127, 0.4995934915169258, False) 89.12425112724304
BEST 28 21 1.8835371416414894 (0.025256264796597323, 0.4635220169690868, 0.4996775628914385, False) 94.11124634742737
BEST 34 31 2.043203988169631 (0.030903750778258927, 0.46714428493978355, 0.4999623394249504, False) 112.76619052886963
BEST 35 36 2.028584397105311 (0.04100515402882579, 0.45644167677578373, 0.4972584738300938, False) 115.54253029823303
STATUS 35 {20: 2.228857425532209, 21: 1.8835371416414894, 28: 136.62419027386596, 29: 2.5869327031155978, 33: 2.5000550011143603, 13: 1.7306909309081382, 37: 2.2202026756338156, 31: 2.043203988169631, 36: 2.028584397105311} 115.54264497756958
BEST 38 28 2.8065408374093432 (0.056322294823740036, 0.4960982623338661, 0.4994266981307902, False) 120.08005619049072
BEST 39 29 2.352295149484961 (0.04567567009522877, 0.49706574234362266, 0.49981714191220394, False) 123.3166012763977
BEST 40 33 2.4420125693293837 (0.044125112785426183, 0.47991020359324654, 0.49933248868807034, False) 124.79950380325317
STATUS 44 {20: 2.228857425532209, 21: 1.8835371416414894, 28: 2.8065408374093432, 29: 2.352295149484961, 33: 2.4420125693293837, 13: 1.7306909309081382, 37: 2.2202026756338156, 31: 2.043203988169631, 36: 2.028584397105311} 130.96452069282532
BEST 45 20 1.9174812663791903 (0.029522780290917126, 0.46395811309448387, 0.4999524562564801, False) 134.20942878723145
BEST 47 28 2.5146360447406186 (0.06308061199479309, 0.4999365784568761, 0.4991324771261496, False) 141.11744666099548
BEST 49 33 2.1146566292524813 (0.027365127592940824, 0.48724120468127996, 0.4997196396748933, False) 145.79521799087524
BEST 50 13 1.6530198581402495 (0.05101824818459556, 0.48277895584365205, 0.4991157476919952, False) 148.62683415412903
BEST 52 31 2.0128926920659276 (0.03300242184035781, 0.4903447359808668, 0.49948386805721157, False) 156.35995888710022
STATUS 53 {20: 1.9174812663791903, 21: 1.8835371416414894, 28: 2.5146360447406186, 29: 2.352295149484961, 33: 2.1146566292524813, 13: 1.6530198581402495, 37: 2.2202026756338156, 31: 2.0128926920659276, 36: 2.028584397105311} 159.1207709312439
BEST 56 28 2.2486200871698467 (0.04975102290040375, 0.4978064051409028, 0.49811407812703834, False) 166.6846525669098
STATUS 62 {20: 1.9174812663791903, 21: 1.8835371416414894, 28: 2.2486200871698467, 29: 2.352295149484961, 33: 2.1146566292524813, 13: 1.6530198581402495, 37: 2.2202026756338156, 31: 2.0128926920659276, 36: 2.028584397105311} 189.96907424926758
STATUS 71 {20: 1.9174812663791903, 21: 1.8835371416414894, 28: 2.2486200871698467, 29: 2.352295149484961, 33: 2.1146566292524813, 13: 1.6530198581402495, 37: 2.2202026756338156, 31: 2.0128926920659276, 36: 2.028584397105311} 220.08531665802002
BEST 74 28 1.8848304943972678 (0.03248263512231362, 0.49802144721108865, 0.49950558141106605, False) 233.13165140151978
BEST 79 31 1.8974359490132289 (0.030947511482032352, 0.49366146097787467, 0.49923730197351546, False) 247.0500271320343
STATUS 80 {20: 1.9174812663791903, 21: 1.8835371416414894, 28: 1.8848304943972678, 29: 2.352295149484961, 33: 2.1146566292524813, 13: 1.6530198581402495, 37: 2.2202026756338156, 31: 1.8974359490132289, 36: 2.028584397105311} 253.716792345047
BEST 84 29 2.2121586676060665 (0.03781680547557361, 0.4787652439276635, 0.4990377578684253, False) 265.2711548805237
BEST 87 37 1.965824478661505 (0.04632886295510182, 0.46298672406206653, 0.49945939322996935, False) 278.13440012931824
STATUS 89 {20: 1.9174812663791903, 21: 1.8835371416414894, 28: 1.8848304943972678, 29: 2.2121586676060665, 33: 2.1146566292524813, 13: 1.6530198581402495, 37: 1.965824478661505, 31: 1.8974359490132289, 36: 2.028584397105311} 289.3650584220886
BEST 92 28 1.8609564768225773 (0.049733122881089276, 0.48337253886523257, 0.49904569111926955, False) 303.2394030094147
BEST 98 36 2.0066758147319956 (0.043281534627151806, 0.4989200771153992, 0.49895240845387434, False) 327.74903178215027
STATUS 98 {20: 1.9174812663791903, 21: 1.8835371416414894, 28: 1.8609564768225773, 29: 2.2121586676060665, 33: 2.1146566292524813, 13: 1.6530198581402495, 37: 1.965824478661505, 31: 1.8974359490132289, 36: 2.0066758147319956} 327.7492446899414
BEST 103 33 2.010053487460626 (0.0376085360677731, 0.48645736459190836, 0.4996612143378911, False) 346.6793599128723
BEST 107 36 1.997158177086726 (0.03622773525170099, 0.4956972933673076, 0.49839176397111373, False) 369.11503410339355
STATUS 107 {20: 1.9174812663791903, 21: 1.8835371416414894, 28: 1.8609564768225773, 29: 2.2121586676060665, 33: 2.010053487460626, 13: 1.6530198581402495, 37: 1.965824478661505, 31: 1.8974359490132289, 36: 1.997158177086726} 369.11522030830383
STATUS 116 {20: 1.9174812663791903, 21: 1.8835371416414894, 28: 1.8609564768225773, 29: 2.2121586676060665, 33: 2.010053487460626, 13: 1.6530198581402495, 37: 1.965824478661505, 31: 1.8974359490132289, 36: 1.997158177086726} 408.62264370918274
BEST 125 36 1.7739189905129762 (0.03287244117779843, 0.4443273609950589, 0.4999348159369177, False) 443.44135546684265
STATUS 125 {20: 1.9174812663791903, 21: 1.8835371416414894, 28: 1.8609564768225773, 29: 2.2121586676060665, 33: 2.010053487460626, 13: 1.6530198581402495, 37: 1.965824478661505, 31: 1.8974359490132289, 36: 1.7739189905129762} 443.4415018558502
STATUS 134 {20: 1.9174812663791903, 21: 1.8835371416414894, 28: 1.8609564768225773, 29: 2.2121586676060665, 33: 2.010053487460626, 13: 1.6530198581402495, 37: 1.965824478661505, 31: 1.8974359490132289, 36: 1.7739189905129762} 475.71066308021545
STATUS 143 {20: 1.9174812663791903, 21: 1.8835371416414894, 28: 1.8609564768225773, 29: 2.2121586676060665, 33: 2.010053487460626, 13: 1.6530198581402495, 37: 1.965824478661505, 31: 1.8974359490132289, 36: 1.7739189905129762} 506.22748732566833
STATUS 152 {20: 1.9174812663791903, 21: 1.8835371416414894, 28: 1.8609564768225773, 29: 2.2121586676060665, 33: 2.010053487460626, 13: 1.6530198581402495, 37: 1.965824478661505, 31: 1.8974359490132289, 36: 1.7739189905129762} 534.7302134037018
STATUS 161 {20: 1.9174812663791903, 21: 1.8835371416414894, 28: 1.8609564768225773, 29: 2.2121586676060665, 33: 2.010053487460626, 13: 1.6530198581402495, 37: 1.965824478661505, 31: 1.8974359490132289, 36: 1.7739189905129762} 563.0481898784637
BEST 166 33 1.9541206555405741 (0.029939405579403194, 0.49038049558816343, 0.4997576868594482, False) 577.4396572113037
BEST 168 37 1.9227652218181774 (0.040099333354597845, 0.468970343348853, 0.4964717869134656, False) 585.1141076087952
STATUS 170 {20: 1.9174812663791903, 21: 1.8835371416414894, 28: 1.8609564768225773, 29: 2.2121586676060665, 33: 1.9541206555405741, 13: 1.6530198581402495, 37: 1.9227652218181774, 31: 1.8974359490132289, 36: 1.7739189905129762} 594.1733431816101
BEST 171 20 1.820035924772282 (0.033350334192981126, 0.4872068067645996, 0.49962817675636373, False) 595.7377951145172
BEST 173 28 1.8454996278471003 (0.049627999902333596, 0.4411152635582982, 0.4998720221982147, False) 601.1570827960968
BEST 174 29 1.7632024762171448 (0.03402570275615878, 0.47972323310727116, 0.4999613200269586, False) 604.2134964466095
BEST 177 37 1.8694881068462679 (0.0365309845917256, 0.4720518577733106, 0.49961646881442334, False) 610.5654282569885
STATUS 179 {20: 1.820035924772282, 21: 1.8835371416414894, 28: 1.8454996278471003, 29: 1.7632024762171448, 33: 1.9541206555405741, 13: 1.6530198581402495, 37: 1.8694881068462679, 31: 1.8974359490132289, 36: 1.7739189905129762} 617.0642788410187
BEST 184 33 1.9262454232467692 (0.04104179419496441, 0.49556625204792226, 0.49942526081087024, False) 632.7279467582703
BEST 187 31 1.6247501635260753 (0.04647059774372292, 0.4231401208667318, 0.4999939025487663, False) 640.2798647880554
STATUS 188 {20: 1.820035924772282, 21: 1.8835371416414894, 28: 1.8454996278471003, 29: 1.7632024762171448, 33: 1.9262454232467692, 13: 1.6530198581402495, 37: 1.8694881068462679, 31: 1.6247501635260753, 36: 1.7739189905129762} 644.1548109054565
STATUS 197 {20: 1.820035924772282, 21: 1.8835371416414894, 28: 1.8454996278471003, 29: 1.7632024762171448, 33: 1.9262454232467692, 13: 1.6530198581402495, 37: 1.8694881068462679, 31: 1.6247501635260753, 36: 1.7739189905129762} 675.0293469429016
BEST 199 21 1.5357590297656574 (0.03788497307386071, 0.4803612388725522, 0.4978859888918805, False) 678.0173962116241
STATUS 206 {20: 1.820035924772282, 21: 1.5357590297656574, 28: 1.8454996278471003, 29: 1.7632024762171448, 33: 1.9262454232467692, 13: 1.6530198581402495, 37: 1.8694881068462679, 31: 1.6247501635260753, 36: 1.7739189905129762} 695.4474945068359
