BEST 0 20 6.354583557037909 (0.003703491283165757, 0.46518893142457607, 0.49933815335635146, False) 2.454054117202759
BEST 1 21 6.801359306560589 (0.002934142944870101, 0.495964857567204, 0.49931908458907515, False) 5.208522081375122
BEST 2 28 15.60399260377011 (0.27662191439948264, 0.49838533753255465, 0.4996430637664879, False) 5.254224061965942
BEST 3 29 163.1521144676607 (1.2465993269049962, 0.49807044904015463, 0.4997931255888943, False) 5.4244654178619385
BEST 4 33 7.20927936662837 (0.06074366026101457, 0.4869843917208681, 0.4967240240340445, False) 6.7096991539001465
BEST 5 13 6.158630354414152 (0.04688722225819852, 0.46964368635175013, 0.49898348698692985, False) 7.01241397857666
BEST 6 37 8.155539571633593 (0.1441190593898968, 0.49194337048583003, 0.4988224132528316, False) 7.518648147583008
BEST 7 31 28.37844006990663 (0.48147303061941343, 0.4930648519216232, 0.4998444483089344, False) 7.858698606491089
BEST 8 36 11.708327679160472 (0.2293554545663989, 0.48387087711080845, 0.49953412053468327, False) 8.435384511947632
STATUS 8 {20: 6.354583557037909, 21: 6.801359306560589, 28: 15.60399260377011, 29: 163.1521144676607, 33: 7.20927936662837, 13: 6.158630354414152, 37: 8.155539571633593, 31: 28.37844006990663, 36: 11.708327679160472} 8.436445713043213
BEST 11 28 15.603992602370395 (0.2766219143994808, 0.498385336620794, 0.49964306305927186, False) 8.898484230041504
BEST 12 29 8.853919135679776 (0.1864434122079502, 0.48165615315532184, 0.4999998517344313, False) 9.366257190704346
BEST 15 37 6.239214945884787 (0.0019639239487202007, 0.49263220885685577, 0.4994348627188572, False) 18.20960259437561
STATUS 17 {20: 6.354583557037909, 21: 6.801359306560589, 28: 15.603992602370395, 29: 8.853919135679776, 33: 7.20927936662837, 13: 6.158630354414152, 37: 6.239214945884787, 31: 28.37844006990663, 36: 11.708327679160472} 18.833247423171997
BEST 21 29 6.751902386816139 (0.0032292639254868755, 0.49850955802379615, 0.4998004267846792, False) 22.748963594436646
BEST 26 36 9.272604644796582 (0.13626286589831668, 0.4929550459866028, 0.4998729476508803, False) 26.058054208755493
STATUS 26 {20: 6.354583557037909, 21: 6.801359306560589, 28: 15.603992602370395, 29: 6.751902386816139, 33: 7.20927936662837, 13: 6.158630354414152, 37: 6.239214945884787, 31: 28.37844006990663, 36: 9.272604644796582} 26.059880018234253
BEST 31 33 7.192989635505908 (0.009976782278577678, 0.49032193231048193, 0.49985433696739356, False) 31.01832866668701
STATUS 35 {20: 6.354583557037909, 21: 6.801359306560589, 28: 15.603992602370395, 29: 6.751902386816139, 33: 7.192989635505908, 13: 6.158630354414152, 37: 6.239214945884787, 31: 28.37844006990663, 36: 9.272604644796582} 36.22572135925293
BEST 37 21 6.102724117174616 (0.031220613789700313, 0.4519922098527642, 0.49995583045459924, False) 38.06330132484436
BEST 38 28 15.603992601608436 (0.2766219143994812, 0.4983853361243764, 0.4996430626742314, False) 38.22883749008179
BEST 43 31 8.8914851032884 (0.017213232806418035, 0.49476792493578325, 0.49985939789666567, False) 40.0628023147583
STATUS 44 {20: 6.354583557037909, 21: 6.102724117174616, 28: 15.603992601608436, 29: 6.751902386816139, 33: 7.192989635505908, 13: 6.158630354414152, 37: 6.239214945884787, 31: 8.8914851032884, 36: 9.272604644796582} 40.360288858413696
BEST 47 28 7.34150685913252 (0.006966287619098176, 0.4757836221634486, 0.4998512209029533, False) 44.26400589942932
BEST 48 29 6.070128484706461 (0.002985261924438913, 0.4925765252092491, 0.49834717797543604, False) 45.123761892318726
STATUS 53 {20: 6.354583557037909, 21: 6.102724117174616, 28: 7.34150685913252, 29: 6.070128484706461, 33: 7.192989635505908, 13: 6.158630354414152, 37: 6.239214945884787, 31: 8.8914851032884, 36: 9.272604644796582} 47.41868543624878
BEST 56 28 6.935632578553643 (0.05833760788336706, 0.4963603298142898, 0.4991797630658432, False) 48.883872509002686
BEST 61 31 7.782218706163457 (0.07995233911956581, 0.4973984881288982, 0.499668345268816, False) 55.49918270111084
STATUS 62 {20: 6.354583557037909, 21: 6.102724117174616, 28: 6.935632578553643, 29: 6.070128484706461, 33: 7.192989635505908, 13: 6.158630354414152, 37: 6.239214945884787, 31: 7.782218706163457, 36: 9.272604644796582} 55.898903131484985
STATUS 71 {20: 6.354583557037909, 21: 6.102724117174616, 28: 6.935632578553643, 29: 6.070128484706461, 33: 7.192989635505908, 13: 6.158630354414152, 37: 6.239214945884787, 31: 7.782218706163457, 36: 9.272604644796582} 68.89243459701538
STATUS 80 {20: 6.354583557037909, 21: 6.102724117174616, 28: 6.935632578553643, 29: 6.070128484706461, 33: 7.192989635505908, 13: 6.158630354414152, 37: 6.239214945884787, 31: 7.782218706163457, 36: 9.272604644796582} 73.89271450042725
BEST 86 13 6.135947092542112 (0.002699501748605652, 0.49961002503012875, 0.49953388721253944, False) 76.75170612335205
STATUS 89 {20: 6.354583557037909, 21: 6.102724117174616, 28: 6.935632578553643, 29: 6.070128484706461, 33: 7.192989635505908, 13: 6.135947092542112, 37: 6.239214945884787, 31: 7.782218706163457, 36: 9.272604644796582} 77.47316789627075
STATUS 98 {20: 6.354583557037909, 21: 6.102724117174616, 28: 6.935632578553643, 29: 6.070128484706461, 33: 7.192989635505908, 13: 6.135947092542112, 37: 6.239214945884787, 31: 7.782218706163457, 36: 9.272604644796582} 82.96982192993164
BEST 103 33 6.707532659512815 (0.04126505371843418, 0.4919399847579231, 0.49992088164756865, False) 86.52213072776794
STATUS 107 {20: 6.354583557037909, 21: 6.102724117174616, 28: 6.935632578553643, 29: 6.070128484706461, 33: 6.707532659512815, 13: 6.135947092542112, 37: 6.239214945884787, 31: 7.782218706163457, 36: 9.272604644796582} 92.91360521316528
STATUS 116 {20: 6.354583557037909, 21: 6.102724117174616, 28: 6.935632578553643, 29: 6.070128484706461, 33: 6.707532659512815, 13: 6.135947092542112, 37: 6.239214945884787, 31: 7.782218706163457, 36: 9.272604644796582} 101.40247821807861
BEST 119 28 6.55046881999021 (0.0048448847424071755, 0.45542612051655995, 0.49996240970243044, False) 106.8586277961731
BEST 122 13 6.023666629349227 (0.038286109588760706, 0.49314365495966117, 0.499193269962948, False) 107.99700689315796
STATUS 125 {20: 6.354583557037909, 21: 6.102724117174616, 28: 6.55046881999021, 29: 6.070128484706461, 33: 6.707532659512815, 13: 6.023666629349227, 37: 6.239214945884787, 31: 7.782218706163457, 36: 9.272604644796582} 110.63647818565369
STATUS 134 {20: 6.354583557037909, 21: 6.102724117174616, 28: 6.55046881999021, 29: 6.070128484706461, 33: 6.707532659512815, 13: 6.023666629349227, 37: 6.239214945884787, 31: 7.782218706163457, 36: 9.272604644796582} 117.7694582939148
STATUS 143 {20: 6.354583557037909, 21: 6.102724117174616, 28: 6.55046881999021, 29: 6.070128484706461, 33: 6.707532659512815, 13: 6.023666629349227, 37: 6.239214945884787, 31: 7.782218706163457, 36: 9.272604644796582} 124.58432793617249
STATUS 152 {20: 6.354583557037909, 21: 6.102724117174616, 28: 6.55046881999021, 29: 6.070128484706461, 33: 6.707532659512815, 13: 6.023666629349227, 37: 6.239214945884787, 31: 7.782218706163457, 36: 9.272604644796582} 131.32184886932373
STATUS 161 {20: 6.354583557037909, 21: 6.102724117174616, 28: 6.55046881999021, 29: 6.070128484706461, 33: 6.707532659512815, 13: 6.023666629349227, 37: 6.239214945884787, 31: 7.782218706163457, 36: 9.272604644796582} 140.21752834320068
BEST 165 29 6.049051551101365 (0.00363165630787674, 0.49678338654280996, 0.4985304633743626, False) 143.62494564056396
STATUS 170 {20: 6.354583557037909, 21: 6.102724117174616, 28: 6.55046881999021, 29: 6.049051551101365, 33: 6.707532659512815, 13: 6.023666629349227, 37: 6.239214945884787, 31: 7.782218706163457, 36: 9.272604644796582} 145.78312945365906
STATUS 179 {20: 6.354583557037909, 21: 6.102724117174616, 28: 6.55046881999021, 29: 6.049051551101365, 33: 6.707532659512815, 13: 6.023666629349227, 37: 6.239214945884787, 31: 7.782218706163457, 36: 9.272604644796582} 155.1938042640686
BEST 183 29 5.991098642528555 (0.026706996871672533, 0.46339601232093797, 0.49994617758329696, False) 159.29700422286987
BEST 186 37 6.20372237834434 (0.019946645598222255, 0.48100801991119146, 0.4967008498826786, False) 165.724853515625
STATUS 188 {20: 6.354583557037909, 21: 6.102724117174616, 28: 6.55046881999021, 29: 5.991098642528555, 33: 6.707532659512815, 13: 6.023666629349227, 37: 6.20372237834434, 31: 7.782218706163457, 36: 9.272604644796582} 166.67768788337708
BEST 195 37 5.980900625562546 (0.0026491477274073164, 0.49052003673559197, 0.4988599219549421, False) 178.7081458568573
STATUS 197 {20: 6.354583557037909, 21: 6.102724117174616, 28: 6.55046881999021, 29: 5.991098642528555, 33: 6.707532659512815, 13: 6.023666629349227, 37: 5.980900625562546, 31: 7.782218706163457, 36: 9.272604644796582} 180.16080904006958
STATUS 206 {20: 6.354583557037909, 21: 6.102724117174616, 28: 6.55046881999021, 29: 5.991098642528555, 33: 6.707532659512815, 13: 6.023666629349227, 37: 5.980900625562546, 31: 7.782218706163457, 36: 9.272604644796582} 190.14914393424988
STATUS 215 {20: 6.354583557037909, 21: 6.102724117174616, 28: 6.55046881999021, 29: 5.991098642528555, 33: 6.707532659512815, 13: 6.023666629349227, 37: 5.980900625562546, 31: 7.782218706163457, 36: 9.272604644796582} 199.9101758003235
STATUS 224 {20: 6.354583557037909, 21: 6.102724117174616, 28: 6.55046881999021, 29: 5.991098642528555, 33: 6.707532659512815, 13: 6.023666629349227, 37: 5.980900625562546, 31: 7.782218706163457, 36: 9.272604644796582} 214.5261731147766
BEST 228 29 5.9555053277862475 (0.028782273329403273, 0.49733699778465335, 0.4999797382902438, False) 221.54458904266357
STATUS 233 {20: 6.354583557037909, 21: 6.102724117174616, 28: 6.55046881999021, 29: 5.9555053277862475, 33: 6.707532659512815, 13: 6.023666629349227, 37: 5.980900625562546, 31: 7.782218706163457, 36: 9.272604644796582} 224.66450381278992
BEST 238 33 6.681175417499451 (0.003630215344839524, 0.48240960753019246, 0.4995248571860156, False) 235.05451011657715
STATUS 242 {20: 6.354583557037909, 21: 6.102724117174616, 28: 6.55046881999021, 29: 5.9555053277862475, 33: 6.681175417499451, 13: 6.023666629349227, 37: 5.980900625562546, 31: 7.782218706163457, 36: 9.272604644796582} 237.4733316898346
STATUS 251 {20: 6.354583557037909, 21: 6.102724117174616, 28: 6.55046881999021, 29: 5.9555053277862475, 33: 6.681175417499451, 13: 6.023666629349227, 37: 5.980900625562546, 31: 7.782218706163457, 36: 9.272604644796582} 244.17976832389832
STATUS 260 {20: 6.354583557037909, 21: 6.102724117174616, 28: 6.55046881999021, 29: 5.9555053277862475, 33: 6.681175417499451, 13: 6.023666629349227, 37: 5.980900625562546, 31: 7.782218706163457, 36: 9.272604644796582} 255.36114835739136
BEST 266 13 5.877516801658052 (0.024833644972227068, 0.45920019260955036, 0.49939794571830487, False) 261.60005140304565
STATUS 269 {20: 6.354583557037909, 21: 6.102724117174616, 28: 6.55046881999021, 29: 5.9555053277862475, 33: 6.681175417499451, 13: 5.877516801658052, 37: 5.980900625562546, 31: 7.782218706163457, 36: 9.272604644796582} 262.7968189716339
BEST 277 31 7.782218706163456 (0.079952339119553, 0.49739848812888177, 0.49966834526869697, False) 268.4999465942383
STATUS 278 {20: 6.354583557037909, 21: 6.102724117174616, 28: 6.55046881999021, 29: 5.9555053277862475, 33: 6.681175417499451, 13: 5.877516801658052, 37: 5.980900625562546, 31: 7.782218706163456, 36: 9.272604644796582} 268.85909819602966
STATUS 287 {20: 6.354583557037909, 21: 6.102724117174616, 28: 6.55046881999021, 29: 5.9555053277862475, 33: 6.681175417499451, 13: 5.877516801658052, 37: 5.980900625562546, 31: 7.782218706163456, 36: 9.272604644796582} 279.68674778938293
BEST 289 21 5.971001134446793 (0.04261636790655711, 0.49099825814419695, 0.49947022067681246, False) 280.99767684936523
STATUS 296 {20: 6.354583557037909, 21: 5.971001134446793, 28: 6.55046881999021, 29: 5.9555053277862475, 33: 6.681175417499451, 13: 5.877516801658052, 37: 5.980900625562546, 31: 7.782218706163456, 36: 9.272604644796582} 292.2625353336334
STATUS 305 {20: 6.354583557037909, 21: 5.971001134446793, 28: 6.55046881999021, 29: 5.9555053277862475, 33: 6.681175417499451, 13: 5.877516801658052, 37: 5.980900625562546, 31: 7.782218706163456, 36: 9.272604644796582} 306.18018794059753
BEST 313 31 7.782218706163426 (0.07995233911955882, 0.497398488128894, 0.49966834526877113, False) 317.7349033355713
STATUS 314 {20: 6.354583557037909, 21: 5.971001134446793, 28: 6.55046881999021, 29: 5.9555053277862475, 33: 6.681175417499451, 13: 5.877516801658052, 37: 5.980900625562546, 31: 7.782218706163426, 36: 9.272604644796582} 318.21616220474243
BEST 315 20 6.220087469112763 (0.02165175571834628, 0.49595513310477424, 0.4994969895642154, False) 318.72852301597595
STATUS 323 {20: 6.220087469112763, 21: 5.971001134446793, 28: 6.55046881999021, 29: 5.9555053277862475, 33: 6.681175417499451, 13: 5.877516801658052, 37: 5.980900625562546, 31: 7.782218706163426, 36: 9.272604644796582} 325.46459770202637
STATUS 332 {20: 6.220087469112763, 21: 5.971001134446793, 28: 6.55046881999021, 29: 5.9555053277862475, 33: 6.681175417499451, 13: 5.877516801658052, 37: 5.980900625562546, 31: 7.782218706163426, 36: 9.272604644796582} 333.48705768585205
STATUS 341 {20: 6.220087469112763, 21: 5.971001134446793, 28: 6.55046881999021, 29: 5.9555053277862475, 33: 6.681175417499451, 13: 5.877516801658052, 37: 5.980900625562546, 31: 7.782218706163426, 36: 9.272604644796582} 339.4021158218384
STATUS 350 {20: 6.220087469112763, 21: 5.971001134446793, 28: 6.55046881999021, 29: 5.9555053277862475, 33: 6.681175417499451, 13: 5.877516801658052, 37: 5.980900625562546, 31: 7.782218706163426, 36: 9.272604644796582} 348.8260157108307
BEST 354 29 5.898426067666934 (0.0038785031000706295, 0.4966419899423631, 0.4973648427778965, False) 354.49857544898987
STATUS 359 {20: 6.220087469112763, 21: 5.971001134446793, 28: 6.55046881999021, 29: 5.898426067666934, 33: 6.681175417499451, 13: 5.877516801658052, 37: 5.980900625562546, 31: 7.782218706163426, 36: 9.272604644796582} 358.8543345928192
STATUS 368 {20: 6.220087469112763, 21: 5.971001134446793, 28: 6.55046881999021, 29: 5.898426067666934, 33: 6.681175417499451, 13: 5.877516801658052, 37: 5.980900625562546, 31: 7.782218706163426, 36: 9.272604644796582} 365.1792857646942
STATUS 377 {20: 6.220087469112763, 21: 5.971001134446793, 28: 6.55046881999021, 29: 5.898426067666934, 33: 6.681175417499451, 13: 5.877516801658052, 37: 5.980900625562546, 31: 7.782218706163426, 36: 9.272604644796582} 376.5607557296753
STATUS 386 {20: 6.220087469112763, 21: 5.971001134446793, 28: 6.55046881999021, 29: 5.898426067666934, 33: 6.681175417499451, 13: 5.877516801658052, 37: 5.980900625562546, 31: 7.782218706163426, 36: 9.272604644796582} 380.9486107826233
STATUS 395 {20: 6.220087469112763, 21: 5.971001134446793, 28: 6.55046881999021, 29: 5.898426067666934, 33: 6.681175417499451, 13: 5.877516801658052, 37: 5.980900625562546, 31: 7.782218706163426, 36: 9.272604644796582} 386.5757882595062
