seed crowded_singlets_7915002 1e-07 [(0, 0.9502226), (16, 0.5564006), (90, 0.4386925), (34, 0.4109581), (9, 0.3812358), (17, 0.3191386), (33, 0.1576304), (48, 0.1473913), (3, 0.1423197), (11, 0.1375983), (13, 0.1023125), (14, 0.0863986), (10, 0.0843266), (55, 0.0708475), (6, 0.0486997)]
crowded_singlets_7915002 best 9.398774718493388e-06 trace 4.220752594598712 support [0, 3, 9, 11, 16, 17, 33, 34, 48, 90]
seed crowded_singlets_7915002 1e-09 [(0, 0.9502226), (34, 0.4106795), (17, 0.3949886), (48, 0.3835194), (90, 0.3542282), (8, 0.2533768), (9, 0.2399253), (3, 0.1852484), (14, 0.1619279), (33, 0.1602576), (16, 0.1257645), (15, 0.1194506), (18, 0.1128851), (10, 0.0886098), (11, 0.0872901)]
crowded_singlets_7915002 best 3.2716085808977744e-06 trace 4.220751134375927 support [0, 3, 8, 9, 14, 17, 33, 34, 48, 90]
seed crowded_singlets_7915002 1e-05 [(0, 0.9502222), (16, 0.5696301), (90, 0.4154748), (34, 0.4128957), (9, 0.3483486), (12, 0.2137325), (48, 0.1638945), (33, 0.1556433), (18, 0.1098305), (15, 0.1054399), (14, 0.0942778), (7, 0.0839305), (17, 0.0808137), (3, 0.0729653), (6, 0.0685938)]
seed crowded_singlets_7915002 1e-11 [(0, 0.9502226), (18, 0.4455252), (16, 0.4159098), (34, 0.4096712), (17, 0.3446631), (8, 0.2812593), (14, 0.268338), (9, 0.2600937), (15, 0.2282979), (3, 0.1955846), (33, 0.1616121), (10, 0.0840683), (7, 0.0502624), (13, 0.0311644), (48, 0.0260012)]
TimeoutError stage allowance exhausted
crowded_singlets_7915002 best 3.2716085808977744e-06 trace 4.220751134375927 support [0, 3, 8, 9, 14, 17, 33, 34, 48, 90]
crowded_singlets_7915002 best 3.2716085808977744e-06 trace 4.220751134375927 support [0, 3, 8, 9, 14, 17, 33, 34, 48, 90]
SWEEP crowded_singlets_7915002 0 3.2716085808977744e-06
TimeoutError stage allowance exhausted
crowded_singlets_7915002 best 3.2716085808977744e-06 trace 4.220751134375927 support [0, 3, 8, 9, 14, 17, 33, 34, 48, 90]
crowded_singlets_7915002 best 3.2716085808977744e-06 trace 4.220751134375927 support [0, 3, 8, 9, 14, 17, 33, 34, 48, 90]
REFINE crowded_singlets_7915002 0.001 313 6.381748404439424e-05
REFINE crowded_singlets_7915002 0.0001 148 0.0006810261684392043
TimeoutError stage allowance exhausted
crowded_singlets_7915002 best 3.2716085808977744e-06 trace 4.220751134375927 support [0, 3, 8, 9, 14, 17, 33, 34, 48, 90]
crowded_singlets_7915002 best 3.2716085808977744e-06 trace 4.220751134375927 support [0, 3, 8, 9, 14, 17, 33, 34, 48, 90]
ENUMERATED 10240 loss 35914130.40741924 (0, 1, 2, 3, 4, 9, 19, 21, 22, 23)
ENUMERATED 20480 loss 7506304.1207653405 (0, 1, 2, 3, 5, 14, 17, 20, 22, 23)
ENUMERATED 30720 loss 4800359.615486987 (0, 1, 2, 3, 7, 12, 16, 20, 22, 23)
ENUMERATED 40960 loss 4369658.753510859 (0, 1, 2, 3, 8, 12, 16, 20, 22, 23)
ENUMERATED 51200 loss 4369658.753510859 (0, 1, 2, 3, 8, 12, 16, 20, 22, 23)
TimeoutError stage allowance exhausted
