CONFIG n 4096 checks 768 rank 763 pass 0 groups 20 initial_best 20
PROGRESS 0 0.010379 rank 763
PROGRESS 10 0.0775185 rank 763
PROGRESS 20 0.142187 rank 763
PROGRESS 30 0.207014 rank 763
PROGRESS 40 0.26739 rank 763
PROGRESS 50 0.336456 rank 763
PROGRESS 60 0.410205 rank 763
PROGRESS 70 0.496651 rank 763
PROGRESS 80 0.592623 rank 763
PROGRESS 90 0.687259 rank 763
PROGRESS 100 0.775793 rank 763
PROGRESS 110 0.862833 rank 763
PROGRESS 120 0.967428 rank 763
PROGRESS 130 1.05717 rank 763
PROGRESS 140 1.14991 rank 763
PROGRESS 150 1.25586 rank 763
PROGRESS 160 1.34922 rank 763
PROGRESS 170 1.43815 rank 763
PROGRESS 180 1.51534 rank 763
PROGRESS 190 1.62626 rank 763
PROGRESS 200 1.74001 rank 763
PROGRESS 210 1.89317 rank 763
PROGRESS 220 1.95727 rank 763
PROGRESS 230 2.02242 rank 763
PROGRESS 240 2.08861 rank 763
PROGRESS 250 2.15451 rank 763
PROGRESS 260 2.23425 rank 763
PROGRESS 270 2.33475 rank 763
PROGRESS 280 2.42722 rank 763
PROGRESS 290 2.49705 rank 763
PROGRESS 300 2.5619 rank 763
PROGRESS 310 2.63628 rank 763
PROGRESS 320 2.72459 rank 763
PROGRESS 330 2.8124 rank 763
PROGRESS 340 2.898 rank 763
PROGRESS 350 2.98772 rank 763
PROGRESS 360 3.08356 rank 763
PROGRESS 370 3.18603 rank 763
PROGRESS 380 3.27633 rank 763
PROGRESS 390 3.42229 rank 763
PROGRESS 400 3.56144 rank 763
PROGRESS 410 3.64634 rank 763
PROGRESS 420 3.72846 rank 763
PROGRESS 430 3.81168 rank 763
PROGRESS 440 3.87923 rank 763
PROGRESS 450 3.95029 rank 763
PROGRESS 460 4.03002 rank 763
PROGRESS 470 4.09524 rank 763
PROGRESS 480 4.18098 rank 763
PROGRESS 490 4.27155 rank 763
PROGRESS 500 4.35973 rank 763
PROGRESS 510 4.4785 rank 763
PROGRESS 520 4.56689 rank 763
PROGRESS 530 4.65647 rank 763
PROGRESS 540 4.75028 rank 763
PROGRESS 550 4.82068 rank 763
PROGRESS 560 4.90591 rank 763
PROGRESS 570 5.0069 rank 763
PROGRESS 580 5.10993 rank 763
PROGRESS 590 5.19915 rank 763
PROGRESS 600 5.27424 rank 763
PROGRESS 610 5.34627 rank 763
PROGRESS 620 5.4238 rank 763
PROGRESS 630 5.50041 rank 763
PROGRESS 640 5.58528 rank 763
PROGRESS 650 5.67758 rank 763
PROGRESS 660 5.81672 rank 763
PROGRESS 670 5.90929 rank 763
PROGRESS 680 6.00442 rank 763
PROGRESS 690 6.08078 rank 763
PROGRESS 700 6.16561 rank 763
PROGRESS 710 6.26006 rank 763
PROGRESS 720 6.34447 rank 763
PROGRESS 730 6.41195 rank 763
PROGRESS 740 6.47573 rank 763
PROGRESS 750 6.54832 rank 763
PROGRESS 760 6.60861 rank 763
PROGRESS 770 6.67522 rank 763
PROGRESS 780 6.77695 rank 763
PROGRESS 790 6.91572 rank 763
PROGRESS 800 6.99754 rank 763
PROGRESS 810 7.0867 rank 763
PROGRESS 820 7.17478 rank 763
PROGRESS 830 7.25931 rank 763
PROGRESS 840 7.34196 rank 763
PROGRESS 850 7.41286 rank 763
PROGRESS 860 7.48193 rank 763
PROGRESS 870 7.58752 rank 763
PROGRESS 880 7.64967 rank 763
PROGRESS 890 7.71289 rank 763
PROGRESS 900 7.77715 rank 763
PROGRESS 910 7.86519 rank 763
PROGRESS 920 7.93413 rank 763
PROGRESS 930 8.00426 rank 763
PROGRESS 940 8.07351 rank 763
PROGRESS 950 8.13916 rank 763
PROGRESS 960 8.21126 rank 763
PROGRESS 970 8.2884 rank 763
PROGRESS 980 8.365 rank 763
PROGRESS 990 8.4308 rank 763
PROGRESS 1000 8.50165 rank 763
PROGRESS 1010 8.56629 rank 763
PROGRESS 1020 8.64509 rank 763
PROGRESS 1030 8.73031 rank 763
PROGRESS 1040 8.81547 rank 763
PROGRESS 1050 8.90164 rank 763
PROGRESS 1060 9.01661 rank 763
PROGRESS 1070 9.10859 rank 763
PROGRESS 1080 9.19329 rank 763
PROGRESS 1090 9.31897 rank 763
PROGRESS 1100 9.43306 rank 763
PROGRESS 1110 9.5251 rank 763
PROGRESS 1120 9.62339 rank 763
PROGRESS 1130 9.75521 rank 763
PROGRESS 1140 9.83432 rank 763
PROGRESS 1150 9.91265 rank 763
PROGRESS 1160 9.99352 rank 763
PROGRESS 1170 10.0816 rank 763
PROGRESS 1180 10.1714 rank 763
PROGRESS 1190 10.2689 rank 763
PROGRESS 1200 10.3656 rank 763
PROGRESS 1210 10.4606 rank 763
PROGRESS 1220 10.5468 rank 763
PROGRESS 1230 10.6339 rank 763
PROGRESS 1240 10.7043 rank 763
PROGRESS 1250 10.7834 rank 763
PROGRESS 1260 10.8528 rank 763
PROGRESS 1270 10.9578 rank 763
PROGRESS 1280 11.0361 rank 763
PROGRESS 1290 11.1162 rank 763
PROGRESS 1300 11.1956 rank 763
PROGRESS 1310 11.2645 rank 763
PROGRESS 1320 11.3271 rank 763
PROGRESS 1330 11.3893 rank 763
PROGRESS 1340 11.5164 rank 763
PROGRESS 1350 11.593 rank 763
PROGRESS 1360 11.6659 rank 763
PROGRESS 1370 11.7657 rank 763
PROGRESS 1380 11.8527 rank 763
PROGRESS 1390 11.9356 rank 763
PROGRESS 1400 12.0336 rank 763
PROGRESS 1410 12.1154 rank 763
PROGRESS 1420 12.1776 rank 763
PROGRESS 1430 12.2408 rank 763
PROGRESS 1440 12.3334 rank 763
PROGRESS 1450 12.415 rank 763
PROGRESS 1460 12.5078 rank 763
PROGRESS 1470 12.6062 rank 763
PROGRESS 1480 12.6933 rank 763
PROGRESS 1490 12.7689 rank 763
PROGRESS 1500 12.8473 rank 763
PROGRESS 1510 12.9128 rank 763
PROGRESS 1520 12.9795 rank 763
PROGRESS 1530 13.0675 rank 763
PROGRESS 1540 13.1845 rank 763
PROGRESS 1550 13.2994 rank 763
PROGRESS 1560 13.3921 rank 763
PROGRESS 1570 13.4957 rank 763
PROGRESS 1580 13.5866 rank 763
PROGRESS 1590 13.6781 rank 763
PROGRESS 1600 13.7435 rank 763
PROGRESS 1610 13.8124 rank 763
PROGRESS 1620 13.983 rank 763
PROGRESS 1630 14.0678 rank 763
PROGRESS 1640 14.184 rank 763
PROGRESS 1650 14.2849 rank 763
PROGRESS 1660 14.3715 rank 763
PROGRESS 1670 14.4726 rank 763
PROGRESS 1680 14.5808 rank 763
PROGRESS 1690 14.6744 rank 763
PROGRESS 1700 14.766 rank 763
PROGRESS 1710 14.8964 rank 763
PROGRESS 1720 15.0057 rank 763
PROGRESS 1730 15.1046 rank 763
PROGRESS 1740 15.2433 rank 763
PROGRESS 1750 15.3496 rank 763
PROGRESS 1760 15.4494 rank 763
PROGRESS 1770 15.6042 rank 763
PROGRESS 1780 15.6996 rank 763
PROGRESS 1790 15.7926 rank 763
PROGRESS 1800 15.8848 rank 763
PROGRESS 1810 15.9573 rank 763
PROGRESS 1820 16.0243 rank 763
PROGRESS 1830 16.1029 rank 763
PROGRESS 1840 16.1786 rank 763
PROGRESS 1850 16.2489 rank 763
PROGRESS 1860 16.3293 rank 763
PROGRESS 1870 16.4854 rank 763
PROGRESS 1880 16.5522 rank 763
PROGRESS 1890 16.6191 rank 763
PROGRESS 1900 16.7014 rank 763
PROGRESS 1910 16.7693 rank 763
PROGRESS 1920 16.8361 rank 763
PROGRESS 1930 16.9051 rank 763
PROGRESS 1940 16.9758 rank 763
PROGRESS 1950 17.0474 rank 763
PROGRESS 1960 17.1192 rank 763
PROGRESS 1970 17.2024 rank 763
PROGRESS 1980 17.3001 rank 763
PROGRESS 1990 17.4496 rank 763
PROGRESS 2000 17.5112 rank 763
PROGRESS 2010 17.6141 rank 763
PROGRESS 2020 17.7696 rank 763
PROGRESS 2030 17.909 rank 763
PROGRESS 2040 18.0333 rank 763
PROGRESS 2050 18.153 rank 763
PROGRESS 2060 18.2382 rank 763
PROGRESS 2070 18.3152 rank 763
PROGRESS 2080 18.4158 rank 763
PROGRESS 2090 18.4953 rank 763
PROGRESS 2100 18.5696 rank 763
PROGRESS 2110 18.6515 rank 763
PROGRESS 2120 18.7272 rank 763
PROGRESS 2130 18.8017 rank 763
PROGRESS 2140 18.8912 rank 763
PROGRESS 2150 18.9721 rank 763
PROGRESS 2160 19.1075 rank 763
PROGRESS 2170 19.1727 rank 763
PROGRESS 2180 19.2448 rank 763
PROGRESS 2190 19.319 rank 763
PROGRESS 2200 19.3948 rank 763
PROGRESS 2210 19.461 rank 763
PROGRESS 2220 19.5483 rank 763
PROGRESS 2230 19.6314 rank 763
PROGRESS 2240 19.7069 rank 763
PROGRESS 2250 19.7752 rank 763
PROGRESS 2260 19.8442 rank 763
PROGRESS 2270 19.9093 rank 763
PROGRESS 2280 19.9887 rank 763
PROGRESS 2290 20.0689 rank 763
PROGRESS 2300 20.1973 rank 763
PROGRESS 2310 20.2598 rank 763
PROGRESS 2320 20.3463 rank 763
PROGRESS 2330 20.492 rank 763
PROGRESS 2340 20.5826 rank 763
PROGRESS 2350 20.666 rank 763
PROGRESS 2360 20.7451 rank 763
PROGRESS 2370 20.8256 rank 763
PROGRESS 2380 20.9026 rank 763
PROGRESS 2390 20.9881 rank 763
PROGRESS 2400 21.0778 rank 763
PROGRESS 2410 21.176 rank 763
PROGRESS 2420 21.2826 rank 763
PROGRESS 2430 21.3679 rank 763
PROGRESS 2440 21.4571 rank 763
PROGRESS 2450 21.5426 rank 763
PROGRESS 2460 21.6302 rank 763
PROGRESS 2470 21.7162 rank 763
PROGRESS 2480 21.8026 rank 763
PROGRESS 2490 21.892 rank 763
PROGRESS 2500 21.9729 rank 763
PROGRESS 2510 22.0573 rank 763
PROGRESS 2520 22.1662 rank 763
PROGRESS 2530 22.2669 rank 763
PROGRESS 2540 22.3467 rank 763
PROGRESS 2550 22.4098 rank 763
PROGRESS 2560 22.478 rank 763
PROGRESS 2570 22.5462 rank 763
PROGRESS 2580 22.6097 rank 763
PROGRESS 2590 22.6765 rank 763
PROGRESS 2600 22.7828 rank 763
PROGRESS 2610 22.8476 rank 763
PROGRESS 2620 22.9166 rank 763
PROGRESS 2630 22.9906 rank 763
PROGRESS 2640 23.0645 rank 763
PROGRESS 2650 23.1343 rank 763
PROGRESS 2660 23.2108 rank 763
PROGRESS 2670 23.2889 rank 763
PROGRESS 2680 23.3537 rank 763
PROGRESS 2690 23.4206 rank 763
PROGRESS 2700 23.5035 rank 763
PROGRESS 2710 23.6591 rank 763
PROGRESS 2720 23.7398 rank 763
PROGRESS 2730 23.8082 rank 763
PROGRESS 2740 23.8801 rank 763
PROGRESS 2750 23.9843 rank 763
PROGRESS 2760 24.1126 rank 763
PROGRESS 2770 24.2125 rank 763
PROGRESS 2780 24.2939 rank 763
PROGRESS 2790 24.421 rank 763
PROGRESS 2800 24.5196 rank 763
PROGRESS 2810 24.6379 rank 763
PROGRESS 2820 24.7106 rank 763
PROGRESS 2830 24.7941 rank 763
PROGRESS 2840 24.8894 rank 763
PROGRESS 2850 24.9721 rank 763
PROGRESS 2860 25.069 rank 763
PROGRESS 2870 25.1496 rank 763
PROGRESS 2880 25.244 rank 763
PROGRESS 2890 25.3141 rank 763
PROGRESS 2900 25.3815 rank 763
PROGRESS 2910 25.455 rank 763
PROGRESS 2920 25.5258 rank 763
PROGRESS 2930 25.5907 rank 763
PROGRESS 2940 25.6645 rank 763
PROGRESS 2950 25.7258 rank 763
PROGRESS 2960 25.7983 rank 763
PROGRESS 2970 25.8785 rank 763
PROGRESS 2980 25.9721 rank 763
PROGRESS 2990 26.0541 rank 763
PROGRESS 3000 26.1391 rank 763
PROGRESS 3010 26.2245 rank 763
PROGRESS 3020 26.3323 rank 763
PROGRESS 3030 26.4246 rank 763
PROGRESS 3040 26.5872 rank 763
PROGRESS 3050 26.6786 rank 763
PROGRESS 3060 26.7665 rank 763
PROGRESS 3070 26.8502 rank 763
PROGRESS 3080 26.9353 rank 763
PROGRESS 3090 27.0352 rank 763
PROGRESS 3100 27.1245 rank 763
PROGRESS 3110 27.195 rank 763
PROGRESS 3120 27.2668 rank 763
PROGRESS 3130 27.3508 rank 763
PROGRESS 3140 27.436 rank 763
PROGRESS 3150 27.5033 rank 763
PROGRESS 3160 27.5629 rank 763
PROGRESS 3170 27.6249 rank 763
PROGRESS 3180 27.7013 rank 763
PROGRESS 3190 27.7819 rank 763
PROGRESS 3200 27.8684 rank 763
PROGRESS 3210 27.9496 rank 763
PROGRESS 3220 28.0447 rank 763
PROGRESS 3230 28.1208 rank 763
PROGRESS 3240 28.2067 rank 763
PROGRESS 3250 28.2941 rank 763
PROGRESS 3260 28.4401 rank 763
PROGRESS 3270 28.5375 rank 763
PROGRESS 3280 28.6279 rank 763
PROGRESS 3290 28.715 rank 763
PROGRESS 3300 28.8068 rank 763
PROGRESS 3310 28.8986 rank 763
PROGRESS 3320 28.9861 rank 763
PROGRESS 3330 29.0731 rank 763
PROGRESS 3340 29.1634 rank 763
PROGRESS 3350 29.2566 rank 763
PROGRESS 3360 29.3441 rank 763
PROGRESS 3370 29.4198 rank 763
PROGRESS 3380 29.4915 rank 763
PROGRESS 3390 29.5721 rank 763
PROGRESS 3400 29.6687 rank 763
PROGRESS 3410 29.7525 rank 763
END trials 3418 elapsed 30.004
