0 4 0.1 44.62440050146901 38.946842880000005 1.0
1 8 0.03 43.93778292869256 38.829329740000006 1.0
2 12 0.01 43.83541912888325 38.67363092 1.0
pair 3 12 43.83194069899351 38.19446424
4 12 0.001 43.83041746021728 38.046523060000006 1.0
5 12 0.0001 43.83029869371659 37.894569381000004 1.0
6 12 1e-05 43.83024938483157 37.754648711 1.0
7 12 1e-05 43.8302149015711 37.571610631000006 1.0
8 12 0.0 43.830161606588504 37.323650061 2.690897088684033
9 12 0.0 43.8301391563935 37.103918541000006 0.9829028046097876
10 12 0.0 43.830123598339576 36.919117901 1.7005863569128494
11 12 0.0 43.83011952413921 36.719194661 1.522973208770361
12 12 0.0 43.830117698865415 36.524044921000005 0.41843693415013505
13 12 0.0 43.83011655998837 36.336610961000005 12.0
14 12 0.0 43.83011563140729 36.152965561 0.7091630383208386
15 12 0.0 43.83011333913282 35.957195391000006 0.8155374940689644
16 12 0.0 43.83010954720361 35.777198691 3.2360368153040513
17 12 0.0 43.830106599240274 35.585376571000005 2.5168097661846467
18 12 0.0 43.830104017083016 35.383056152 0.46657907789699843
19 12 0.0 43.83010251540049 35.183141732 6.348999990444644
20 12 0.0 43.830101367458624 34.991768112 3.4421017086956307
21 12 0.0 43.830099418726476 34.813014142 0.16794907510795962
22 12 0.0 43.83009921898974 34.630179232 2.6459525314495056
23 12 0.0 43.8300989428806 34.387624902 4.8471902496061094
24 12 0.0 43.83009873435889 34.198667112 9.291223931932743
25 12 0.0 43.83009864565409 34.022043072 0.4287007646337803
26 12 0.0 43.830098584892724 33.857738792000006 12.0
27 12 0.0 43.83009854596023 33.679922212 4.52713515854338
28 12 0.0 43.830098392514195 33.500730582 9.80648034756323
29 12 0.0 43.83009837484706 33.312830142 0.8279063460080373
30 12 0.0 43.830098361018344 33.127795922000004 6.361177639939827
31 12 0.0 43.83009834502123 32.856732632 5.536345312976996
32 12 0.0 43.83009834443941 32.583273043000005 0.3047721534316025
33 12 0.0 43.83009834427898 32.379440503000005 3.753122296936872
34 12 0.0 43.830098344031725 32.063214793 5.339291270750201
35 12 0.0 43.83009834402219 31.839996393000003 2.6459369406988316
36 12 0.0 43.83009834400191 31.616107423000003 8.004159394380075
37 12 0.0 43.83009834399084 31.396110673000003 6.723404128334185
38 12 0.0 43.830098343988624 31.176175293000004 0.23866331175595001
39 12 0.0 43.83009834398849 30.964177223000004 0.2744628085193425
40 12 0.0 43.83009834398834 30.802010133000003 0.31563222979724387
41 12 0.0 43.83009834398838 30.638036773000003 0.3629770642668304
pair 42 12 43.83078545299487 30.096113904000003
43 12 0.0 43.830135081576394 29.908258084000003 0.1
44 12 0.0 43.830125106277805 29.720259854000005 0.8250323216368743
45 12 0.0 43.83012116214852 29.528588114 2.2162874472621867
46 12 0.0 43.8301187535004 29.336752724000004 5.568539900776321
47 12 0.0 43.83011624609577 29.137251684000002 7.300003961495993
48 12 0.0 43.83011436463602 28.933254104000003 0.5026153898616271
49 12 0.0 43.83011305522664 28.749439644000002 12.0
50 12 0.0 43.830112124559385 28.561631854000005 1.7979185351440607
51 12 0.0 43.830109531227066 28.377635854000005 12.0
52 12 0.0 43.83010867085395 28.189638474000002 2.787948526944675
53 12 0.0 43.83010649685888 28.006895354 6.3133027536829625
54 12 0.0 43.83010619405061 27.827526424000002 1.561445657427568
55 12 0.0 43.83010579036681 27.641250935000002 6.331457597114866
56 12 0.0 43.830105418704136 27.465289315000003 6.824118041262864
57 12 0.0 43.83010533867731 27.281327575000002 2.118752583117192
58 12 0.0 43.8301051838416 27.093328955000004 11.504479436586132
59 12 0.0 43.830105055738265 26.909333565000004 7.02053671792734
60 12 0.0 43.83010490368069 26.701376455000002 0.1612134593011982
61 12 0.0 43.830104895369196 26.521383075000003 0.7804182825395662
62 12 0.0 43.83010489261381 26.349383785 2.1674850763397666
63 12 0.0 43.83010489166629 26.177451605 2.637506979593453
64 12 0.0 43.8301048915958 26.001454805 0.6384734534661033
65 12 0.0 43.830104891551926 25.821462225000005 4.86911630291394
66 12 0.0 43.83010489149417 25.633483745000003 5.705358333885609
67 12 0.0 43.83010489149214 25.417488445000004 1.5771568630133335
68 12 0.0 43.83010489148946 25.233491585000003 6.139897888166306
69 12 0.0 43.83010489148655 25.037499595000003 6.125850177855689
70 12 0.0 43.830104891485966 24.857499706000002 0.8273762108469715
71 12 0.0 43.83010489148605 24.657527306000002 0.9514826424740173
72 12 0.0 43.83010489148605 24.481530336000002 1.0942050388451197
