0.3594781812791259 0.00011767231747527518
{
  "entropy": 4.038793480685509,
  "reverse_kl": 2.121869512140968,
  "reward_variance": 0.1144313655963531,
  "gradient_infinity": 0.00686588193584256,
  "energy_error_per_spin": 0.006579537111408809,
  "target_sector_mass": 0.35947818127912556,
  "proposal_sector_mass": 0.00011767231747527513,
  "gate_scores": {
    "entropy": 1.0,
    "reverse_kl": 1.0,
    "reward_variance": 0.43694313826832015,
    "gradient_infinity": 0.43694313826441433,
    "energy_error_per_spin": 1.0,
    "target_sector_mass": 1.0,
    "proposal_sector_mass": 1.0
  },
  "core_score": 0.43694313826441433,
  "frustrated": 12,
  "row_l1_max": 4.595119850133021,
  "normalization": 1.0000000000000002,
  "symmetry_error": 0.0,
  "mean_energy_q": -15.529713874995643,
  "mean_energy_p": -15.424441281213113,
  "ground_energy": -16.0,
  "ground_degeneracy": 256,
  "passed": false
}
