5 9 4.7 1.9525944 {'reward_variance': 0.0983201, 'gradient_infinity': 0.0059251, 'entropy': 4.0386793, 'energy_error_per_spin': 0.0067805, 'target_sector_mass': 0.4259935, 'proposal_sector_mass': 0.0004506, 'core_score': 0.5063213}
10 15 7.2 1.9551809 {'reward_variance': 0.0977591, 'gradient_infinity': 0.0058655, 'entropy': 4.0441472, 'energy_error_per_spin': 0.0063909, 'target_sector_mass': 0.4259935, 'proposal_sector_mass': 0.0004594, 'core_score': 0.5114615}
15 20 9.1 1.9551786 {'reward_variance': 0.0977589, 'gradient_infinity': 0.0058655, 'entropy': 4.0441339, 'energy_error_per_spin': 0.0063918, 'target_sector_mass': 0.4259935, 'proposal_sector_mass': 0.0004594, 'core_score': 0.5114622}
20 25 11.1 1.9551785 {'reward_variance': 0.0977589, 'gradient_infinity': 0.0058655, 'entropy': 4.0441272, 'energy_error_per_spin': 0.0063921, 'target_sector_mass': 0.4259935, 'proposal_sector_mass': 0.0004594, 'core_score': 0.5114623}
25 30 13.1 1.9551784 {'reward_variance': 0.0977589, 'gradient_infinity': 0.0058655, 'entropy': 4.044127, 'energy_error_per_spin': 0.0063922, 'target_sector_mass': 0.4259935, 'proposal_sector_mass': 0.0004594, 'core_score': 0.5114623}
Optimization terminated successfully    (Exit mode 0)
            Current function value: 1.9551784480225047
            Iterations: 25
            Function evaluations: 30
            Gradient evaluations: 25
{
  "entropy": 4.044127019714173,
  "reverse_kl": 2.119533998479856,
  "reward_variance": 0.09775892240631004,
  "gradient_infinity": 0.005865535344075849,
  "energy_error_per_spin": 0.006392160525937038,
  "target_sector_mass": 0.42599348456563035,
  "proposal_sector_mass": 0.00045943394342368046,
  "gate_scores": {
    "entropy": 1.0,
    "reverse_kl": 1.0,
    "reward_variance": 0.5114622662490872,
    "gradient_infinity": 0.5114622662754866,
    "energy_error_per_spin": 1.0,
    "target_sector_mass": 1.0,
    "proposal_sector_mass": 1.0
  },
  "core_score": 0.5114622662490872,
  "frustrated": 12,
  "row_l1_max": 4.59511985013261,
  "normalization": 1.0,
  "symmetry_error": 0.0,
  "mean_energy_q": -15.52671584962809,
  "mean_energy_p": -15.424441281213104,
  "ground_energy": -16.0,
  "ground_degeneracy": 256,
  "passed": false
}
