0 4 0.1 48.61651347502769 38.9298585 1.0
1 8 0.03 47.92048228613662 38.75124954 1.0
2 16 0.01 47.76953822272662 38.547341540000005 1.0
pair 3 16 47.761048789652456 37.943681680000005
4 16 0.001 47.75940378988282 37.7357652 1.0
5 16 0.0001 47.75934960259206 37.39973852 1.0
6 16 1e-05 47.75932968380226 37.04971443 1.0
7 16 1e-05 47.75931624419869 36.709561750000006 1.0
8 16 0.0 47.75930533104063 36.386663430000006 1.0
9 16 0.0 47.75928801949523 36.035881461 4.26273619291068
10 16 0.0 47.75927998851088 35.688343611 0.8503804491466944
11 16 0.0 47.75926813667515 35.347764321 9.591442780393809
12 16 0.0 47.75926090824996 35.039733621 0.1
13 16 0.0 47.75925252306344 34.693206941 12.0
14 16 0.0 47.75924604701091 34.367104601 0.1
15 16 0.0 47.75924120432444 34.030346561 3.7496521624186214
16 16 0.0 47.7592387487826 33.704788792 1.0729369892892062
17 16 0.0 47.75923652322282 33.386392192 2.3408909923973744
18 16 0.0 47.75923607757747 33.027486232 1.8639850545225776
19 16 0.0 47.759235988265296 32.595081882 0.1
20 16 0.0 47.759235984970296 32.366221492 2.1413363210657477
21 16 0.0 47.759235981347786 32.159141452 3.6855530156277916
22 16 0.0 47.75923597962255 31.943164892000002 7.623496004299142
23 16 0.0 47.75923597924496 31.695504262000004 1.9620992728537
24 16 0.0 47.759235978539444 31.294117672000002 12.0
25 16 0.0 47.75923597661059 30.965949923000004 12.0
26 16 0.0 47.75923597597672 30.671371293000004 0.6954304857621441
27 16 0.0 47.7592359756408 30.367710323000004 4.543019978965349
28 16 0.0 47.75923597465602 30.135030443000005 5.2244729758101505
29 16 0.0 47.75923597349341 29.923134013000002 12.0
30 16 0.0 47.75923597297938 29.701773413000005 1.1374831978716142
31 16 0.0 47.75923597229028 29.371335094000003 12.0
32 16 0.0 47.75923596649496 29.044180294 12.0
33 16 0.0 47.759235965042855 28.693131094 3.716569755907624
34 16 0.0 47.75923595832227 28.319055384000002 4.274055219293767
35 16 0.0 47.7592359440658 28.048458164000003 4.9151635021878315
36 16 0.0 47.759235919524535 27.736797484 6.675745836678235
37 16 0.0 47.7592358913668 27.441511744000003 0.9465804286723629
38 16 0.0 47.75923585922363 27.144341274000002 1.0885674929732172
39 16 0.0 47.75923581605667 26.846326924000003 1.2518526169191997
40 16 0.0 47.7592357648905 26.574205364 12.0
41 16 0.0 47.759235743671205 26.271912004 2.294149383681145
42 16 0.0 47.75923569180221 25.967678034000002 7.202285075196966
43 16 0.0 47.75923568371582 25.672286444 3.051764637735203
44 16 0.0 47.75923566950406 25.349927024000003 4.410824696005163
45 16 0.0 47.75923566897573 25.043845634 0.7593492745477106
46 16 0.0 47.75923566861848 24.761650364000005 3.9261580645641128
47 16 0.0 47.759235668366955 24.445217904000003 3.8694857355463745
48 16 0.0 47.75923566836397 24.161925394 0.11383683262513741
49 16 0.0 47.759235668363665 23.874726954000003 0.1
50 16 0.0 47.75923566836347 23.626479724000003 0.11499999999999999
51 16 0.0 47.759235668363324 23.348235595000002 0.13224999999999998
pair 52 16 47.75953828991659 22.528590965000003
53 16 0.0 47.75924605516716 22.237579485 0.1
54 16 0.0 47.759241962477184 21.935856225000002 0.7760488870711039
55 16 0.0 47.759240735651716 21.604529285 1.5697497715263344
56 16 0.0 47.7592404235459 21.327206196000002 2.6326493400315494
57 16 0.0 47.75924036737813 21.038740806000003 1.8623307004179943
58 16 0.0 47.75924033526541 20.749748136000004 0.16439424277106737
59 16 0.0 47.75924033087056 20.486855726 2.575180672723209
60 16 0.0 47.759240324656204 20.224745396000003 5.103833153039532
61 16 0.0 47.75924032367549 19.935718846000004 3.293731114343015
62 16 0.0 47.75924032300467 19.575773427 0.17932014965061216
63 16 0.0 47.75924032295671 19.300431977000002 0.7904688404855045
64 16 0.0 47.759240322936044 19.041779977000004 3.8131114526246326
65 16 0.0 47.75924032290819 18.766894487000002 8.054920799011867
66 16 0.0 47.759240322905825 18.523663157 2.557938286040972
67 16 0.0 47.75924032290052 18.229353057000004 10.023433281865389
68 16 0.0 47.7592403228987 17.969927147000003 5.5816914079882745
69 16 0.0 47.75924032289625 17.690666217000004 0.3326620547447674
70 16 0.0 47.75924032289605 17.413693477000002 0.38256136295648246
71 16 0.0 47.75924032289603 17.133566798000004 0.4399455673999548
72 16 0.0 47.759240322896154 16.833752018000002 0.2199727836999774
