starting best 1.2279497936353807e-15
1 min_error 1.3734822452971758e-05 guard 6.804714779860173e-05 energy 0.26945637070098244 errors [0.00019409582972018858, 0.00023434027955249092, 7.258557359434145e-05, 0.0002029186096663151, 1.3734822452971758e-05, 0.00023270139712565165] time 0.19656247505918145
4 min_error 0.000128365450362842 guard 6.097576907690402e-05 energy 0.25018043389911715 errors [0.0004226151942403362, 0.00020316563992128894, 0.00021054109134980477, 0.00028935648577991065, 0.000128365450362842, 0.0002158543751870638] time 0.31547885306645185
12 min_error 0.00012946715948498072 guard 4.495960607580649e-05 energy 0.20860095686813107 errors [0.00023346858224101625, 0.00047050054370754584, 0.00012946715948498072, 0.0002610230586029999, 0.0002706493065603462, 0.0003107090587467225] time 0.524929351056926
15 min_error 0.00023216798710875793 guard 6.621580907949537e-05 energy 0.2817567607466983 errors [0.00023216798710875793, 0.00040934538844763265, 0.0004311940625775299, 0.00028629958368160875, 0.00024317350324757259, 0.00041449485656371536] time 0.7064418500522152
progress 200 0.00023216798710875793 time 4.0595680240076035
progress 300 0.00023216798710875793 time 6.101957146078348
318 min_error 0.00023596568911850524 guard 4.316467166827872e-05 energy 0.1998119813748777 errors [0.000486566592274612, 0.00023596568911850524, 0.00030926197676060287, 0.000243493264363763, 0.00036681220130340276, 0.00027952560403800503] time 7.0599321640329435
progress 400 0.00023596568911850524 time 8.350365480058827
436 min_error 0.00025253216768151616 guard 7.183274843314563e-05 energy 0.26190007225123013 errors [0.00045862727564674054, 0.0004879247559746613, 0.0002749168496313869, 0.00038463674228737945, 0.00025253216768151616, 0.0003999022098144189] time 9.04639912804123
469 min_error 0.0002615584865078474 guard 6.59778046404237e-05 energy 0.2704960505229747 errors [0.00047680873762202087, 0.0005773165323237883, 0.0002740454318234781, 0.0003325685884189686, 0.0002615584865078474, 0.0004138073420907302] time 9.581521661020815
progress 900 0.0002615584865078474 time 15.761795536032878
progress 1100 0.0002615584865078474 time 18.635421794024296
1210 min_error 0.0003309383828713275 guard 3.6471121080894304e-05 energy 0.18356708082506748 errors [0.0004948567575382459, 0.000339606923093131, 0.0007618376114387729, 0.0003309383828713275, 0.000380201613565448, 0.000464470339481552] time 20.225052008987404
progress 1400 0.0003309383828713275 time 22.447229627054185
progress 1700 0.0003309383828713275 time 29.33394355105702
progress 1900 0.0003309383828713275 time 33.20304585399572
2027 min_error 0.0003480145019158717 guard 5.276260199530409e-05 energy 0.24297833820955345 errors [0.0005926866976740141, 0.0007281200587142294, 0.0003997308106842784, 0.0003480145019158717, 0.00040473091642697723, 0.0003624827580907198] time 35.35804491897579
progress 2100 0.0003480145019158717 time 36.37701078504324
progress 2200 0.0003480145019158717 time 38.072320288047194
progress 2300 0.0003480145019158717 time 40.11819878802635
progress 2900 0.0003480145019158717 time 52.10278757906053
progress 3200 0.0003480145019158717 time 57.781331393052824
progress 3300 0.0003480145019158717 time 60.5810560999671
progress 3400 0.0003480145019158717 time 62.79002050298732
progress 3600 0.0003480145019158717 time 68.23161691008136
progress 3700 0.0003480145019158717 time 69.80288920702878
progress 3800 0.0003480145019158717 time 71.31379832606763
progress 3900 0.0003480145019158717 time 73.66844948206563
4356 min_error 0.00036271549097160815 guard 4.917429143584054e-05 energy 0.22540402693575284 errors [0.0007730254556848505, 0.0006583659006571866, 0.000503633972528314, 0.0003927890818236483, 0.00036271549097160815, 0.00045682976908688246] time 83.33633901400026
progress 4700 0.00036271549097160815 time 90.9720174780814
