fit 10 5500.0 58 2.317508299
design 4.505388088
allocate [3358, 0, 0, 1671, 582, 1110, 0, 1686, 0, 1625, 1255, 1188, 0, 0, 0, 0, 0, 0, 0, 0, 0, 0, 0, 922, 0, 0, 0, 0, 0, 0, 0, 0, 0, 0, 0, 0, 0, 0, 0, 0, 0, 0, 0, 0, 816, 0, 0, 658, 0, 0, 0, 0, 915, 0, 0, 0, 0]
fit 10 21286.0 109 6.405808757
design 9.476200116
allocate [5704, 0, 0, 2482, 0, 2486, 0, 2516, 0, 2479, 1229, 1818, 0, 0, 0, 0, 0, 0, 0, 0, 0, 0, 0, 0, 0, 0, 0, 0, 0, 0, 0, 0, 0, 0, 0, 0, 0, 0, 0, 0, 0, 0, 0, 0, 0, 0, 0, 0, 0, 0, 0, 0, 0, 0, 0, 0, 0]
fit 10 40000.0 152 11.358802695
fit 12 40000.0 186 16.954150094
fit 14 40000.0 214 32.160571108
complete 33.040637767
{
  "episode": 5,
  "seed": 103,
  "random": true,
  "scores": {
    "boundary": 0.0757618591697241,
    "bulk": 0.06824141733381611,
    "hook": 0.051357186714833865,
    "rare": 0.0729963175362503
  },
  "cpu": 31.824930006999995,
  "shots": 40000,
  "queries": 51,
  "rss": 147560
}
