fit 10 4220.0 43 1.23404743
joint_fisher 4.526263568
design 4.589043358
allocate [503, 0, 0, 2584, 0, 1930, 1706, 1367, 0, 2205, 862, 1615, 0, 0, 0, 0, 0, 0, 0, 1488, 0, 0, 0, 0, 0, 0, 0, 0, 0, 0, 0, 0, 1805, 0, 0, 0, 0, 0, 558, 0, 0]
fit 10 20843.0 81 5.441678698
joint_fisher 9.825547736
design 9.872103036
allocate [0, 0, 0, 3877, 643, 2634, 543, 3392, 0, 3495, 2268, 2305, 0, 0, 0, 0, 0, 0, 0, 0, 0, 0, 0, 0, 0, 0, 0, 0, 0, 0, 0, 0, 0, 0, 0, 0, 0, 0, 0, 0, 0]
fit 10 40000.0 120 10.959753676
fit 12 40000.0 142 12.916809875
fit 14 40000.0 154 16.094744064
complete 16.695704334
{
  "episode": 0,
  "seed": 8845222114536433291,
  "random": false,
  "scores": {
    "boundary": 0.049392415594096455,
    "bulk": 0.05491032860636199,
    "hook": 0.0464102891730356,
    "rare": 0.04399509136943505
  },
  "cpu": 15.687332053999997,
  "shots": 40000,
  "queries": 42,
  "rss": 106224
}
