fit 10 5500.0 47 1.74503128
design 2.615591739
allocate [188, 0, 4075, 1895, 0, 4181, 1845, 3459, 4362, 2857, 3668, 3894, 0, 0, 204, 0, 0, 0, 0, 0, 1176, 0, 0, 0, 0, 0, 0, 0, 0, 0, 0, 671, 0, 0, 0, 0, 0, 0, 0, 0, 0, 0, 0, 0, 0, 0, 0, 0, 0, 0, 0, 0, 875, 0, 0, 0, 1150]
fit 10 40000.0 94 4.195608759
fit 12 40000.0 132 9.247422987
complete 9.300065487
{
  "episode": 5,
  "seed": 102,
  "random": true,
  "scores": {
    "boundary": 0.05311218835563839,
    "bulk": 0.08852863094054403,
    "hook": 0.06550632893390423,
    "rare": 0.06151521613711884
  },
  "cpu": 8.468893087,
  "shots": 40000,
  "queries": 49,
  "rss": 104164
}
