single 0 39.90518706074464 38.80234296
single 1 39.19520672431247 38.65837756
single 2 39.09980998491201 38.47437954
single 3 39.08547528972024 38.26638526
single 4 39.08445392425971 38.08997042
single 5 39.08429283553079 37.8386703
single 6 39.084274238252426 37.69468678
single 7 39.08427039568423 37.566769281
single 8 39.08426932612577 37.462768481
single 9 39.08426896309618 37.354834101
single 10 39.08426882010335 37.250837331
single 11 39.084268758059494 37.131625021
single 12 39.0842687295782 36.975628541
single 13 39.084268716080025 36.851763430999995
single 14 39.08426870956095 36.723763201
single 15 39.08426870637332 36.591394991
single 16 39.08426870480059 36.475398001
single 17 39.084268704018655 36.359400760999996
single 18 39.08426870362744 36.247421141
single 19 39.08426870343028 36.135435750999996
single 20 39.084268703330466 36.031437141
single 21 39.08426870327934 35.923438411
single 22 39.084268703253244 35.815440740999996
single 23 39.08426870323972 35.711441721
single 24 39.084268703232695 35.611445571
single 25 39.08426870322893 35.511446491
single 26 39.084268703227096 35.411448431
single 27 39.08426870322596 35.299451201
single 28 39.084268703225476 35.203452241
single 29 39.0842687032252 35.103451041
single 30 39.084268703225014 35.007451470999996
cpu_before_save 4.400542109
cpu_after_save 4.412543519
