periodic even dimension 126465 generation 6.81491608399665 events 39203
periodic even 32.0 raw [-0.2541958  1.4542336  2.9709535] seconds 0.66
periodic even 32.0 local [-0.2869097  1.4022206  2.9263561] seconds 0.993
periodic even 36.0 raw [-0.2592634  1.4440689  2.9623937] seconds 2.391
periodic even 36.0 local [-0.2865854  1.4013137  2.9256511] seconds 3.097
periodic even 40.0 raw [-0.2628511  1.4366078  2.9550521] seconds 9.139
periodic even 40.0 local [-0.2867093  1.3993659  2.9230216] seconds 10.688
periodic odd dimension 126467 generation 6.383603413007222 events 39203
periodic odd 32.0 raw [0.4456502 2.6947557 4.3037404] seconds 0.574
periodic odd 32.0 local [0.4013264 2.6352624 4.2495861] seconds 0.738
periodic odd 36.0 raw [0.4375716 2.6816261 4.2911121] seconds 2.373
periodic odd 36.0 local [0.4009204 2.632973  4.2467881] seconds 2.995
periodic odd 40.0 raw [0.4317526 2.6717626 4.2813469] seconds 8.464
periodic odd 40.0 local [0.3998025 2.6293927 4.2427452] seconds 10.333
twisted even dimension 26374 generation 0.7434535919455811 events 20455
twisted even 32.0 raw [-0.253122   2.3629437  4.8235869] seconds 0.121
twisted even 32.0 local [-0.288925   2.3091225  4.7767227] seconds 0.124
twisted even 36.0 raw [-0.2589445  2.3518499  4.8119645] seconds 0.371
twisted even 36.0 local [-0.2884457  2.3083288  4.7738558] seconds 0.461
twisted even 40.0 raw [-0.2632998  2.3437455  4.8041623] seconds 1.049
twisted even 40.0 local [-0.2888774  2.3058816  4.7710562] seconds 1.274
twisted odd dimension 26357 generation 0.9836410210118629 events 20455
twisted odd 32.0 raw [0.7234179 3.971969  5.0892819] seconds 0.102
twisted odd 32.0 local [0.6762924 3.9082176 5.0273196] seconds 0.118
twisted odd 36.0 raw [0.7155608 3.9569882 5.0739197] seconds 0.367
twisted odd 36.0 local [0.6773112 3.9056747 5.0240141] seconds 0.431
twisted odd 40.0 raw [0.7092505 3.9461076 5.062681 ] seconds 1.065
twisted odd 40.0 local [0.6757579 3.9015204 5.0193326] seconds 1.325
biased mixed dimension 23746 generation 1.1226594120380469 events 14063
biased mixed 32.0 raw [-0.3422407  0.5892797  1.7086335] seconds 0.179
biased mixed 32.0 local [-0.3719653  0.5564938  1.6660952] seconds 0.199
biased mixed 36.0 raw [-0.3466351  0.5840677  1.7007304] seconds 0.475
biased mixed 36.0 local [-0.3724708  0.5556582  1.6640733] seconds 0.574
biased mixed 40.0 raw [-0.3508472  0.579604   1.6949419] seconds 1.414
biased mixed 40.0 local [-0.3711782  0.5573776  1.6666129] seconds 1.54
modulated even dimension 36649 generation 2.851631992030889 events 10768
modulated even 32.0 raw [-0.1306813  2.0116051  3.7767982] seconds 0.399
modulated even 32.0 local [-0.1426022  1.9879875  3.7556065] seconds 0.803
modulated even 36.0 raw [-0.1319256  2.0073456  3.7712542] seconds 1.222
modulated even 36.0 local [-0.1426046  1.9865641  3.7526385] seconds 2.386
modulated even 40.0 raw [-0.133272   2.0035051  3.7677851] seconds 3.535
modulated even 40.0 local [-0.1425484  1.9851415  3.7513398] seconds 6.789
modulated odd dimension 36639 generation 2.5277695240220055 events 10768
modulated odd 32.0 raw [0.6776329 2.5236018 2.5294186] seconds 0.343
modulated odd 32.0 local [0.6585022 2.5096383 2.515692 ] seconds 0.659
modulated odd 36.0 raw [0.6741831 2.5203961 2.5262665] seconds 0.991
modulated odd 36.0 local [0.6571777 2.5079409 2.5140284] seconds 1.977
modulated odd 40.0 raw [0.6717616 2.5180855 2.5239749] seconds 3.049
modulated odd 40.0 local [0.6568647 2.5072314 2.5133212] seconds 5.307
