0 4 19.864069716310766 3.364010557560526e-06 5.47959556
1 12 19.863475787418366 3.012723404083317e-11 4.949271991000001
2 12 19.86347578742503 3.016320526683103e-11 4.309619131
single 0 19.863475784801253 4.107289111
single 1 19.863475784704274 3.9300628410000003
single 2 19.863475784674343 3.7656282310000004
single 3 19.863475784654536 3.6234962810000004
{"case": "large_sym", "cpu": 1.998862169, "energy": 19.863475784654522, "parity": 1.0, "norm_after_canonicalization": 1.000000000000003, "max_bond": 12}
0 4 18.83119354756591 0.0003038682084011146 5.496975559999999
1 12 18.798223232011996 2.547989379486637e-07 4.907969100999999
2 12 18.798114293876633 2.546784751977782e-07 4.060171121
single 0 18.79811211317936 3.868493580999999
single 1 18.79811084130894 3.6186438809999997
single 2 18.798109648194504 3.358082520999999
single 3 18.798108601625643 3.1137695809999997
single 4 18.79810773469321 2.887978950999999
single 5 18.798107044706047 2.6642493409999997
single 6 18.79810651806453 2.4409476309999993
single 7 18.79810613933025 2.1982349919999997
single 8 18.79810588772549 1.9710628719999992
single 9 18.798105734993346 1.7881230619999995
single 10 18.798105649952184 1.5684947619999994
single 11 18.798105605821068 1.3635311719999992
single 12 18.798105584047445 1.1723185319999994
single 13 18.798105573655256 0.9838216319999997
single 14 18.798105568796966 0.8063205619999998
single 15 18.798105566553996 0.6374474319999992
single 16 18.798105565526267 0.4719553119999995
single 17 18.798105565057327 0.31609888199999947
single 18 18.79810556484386 0.16309760199999968
{"case": "large_odd", "cpu": 5.575453388, "energy": 18.79810556476639, "parity": -1.0, "norm_after_canonicalization": 0.9999999999999986, "max_bond": 12}
0 4 9.145314456406052 0.0003201209063684596 5.437589061000001
1 10 9.115935639087954 7.929935326167481e-07 5.082150970999999
2 10 9.115936962154713 8.674008495912489e-07 4.626420631
single 0 9.1159317548307 4.446102141000001
single 1 9.115931617011526 4.282431701
single 2 9.11593159751644 4.121937801
single 3 9.115931591836134 3.9332480909999994
single 4 9.115931589649149 3.767600861
single 5 9.115931588714718 3.622506250999999
single 6 9.115931588298958 3.5020317510000005
single 7 9.115931588110893 3.405918151
single 8 9.115931588025223 3.312411331
single 9 9.115931587986047 3.234011130999999
single 10 9.115931587968094 3.159795150999999
{"case": "cross_even", "cpu": 2.4620219089999997, "energy": 9.115931587968097, "parity": 1.0, "norm_after_canonicalization": 0.9999999999999998, "max_bond": 10}
0 4 11.751782410851854 0.0004914553701266255 5.477605090000001
1 8 11.719613787359979 1.6431176505182776e-05 5.226478581
2 8 11.71967419794677 1.6805187124546705e-05 4.873042121000001
single 0 11.719564603190538 4.721596711
single 1 11.719487123738613 4.577420541
single 2 11.719424937206332 4.442562851
single 3 11.719384703913505 4.308216111
single 4 11.71936638695379 4.169166391000001
single 5 11.719362113079585 4.032292181000001
single 6 11.719361479467349 3.921153511
single 7 11.719361396925935 3.818896071000001
single 8 11.719361386468378 3.7223308310000007
single 9 11.719361385151887 3.630620051000001
single 10 11.719361384986358 3.546555541
single 11 11.719361384965586 3.474337931000001
single 12 11.719361384962955 3.408614641
{"case": "cross_odd", "cpu": 2.213065039, "energy": 11.719361384962959, "parity": -1.0, "norm_after_canonicalization": 0.9999999999999981, "max_bond": 8}
0 4 -182.59616195711143 7.257787867254173e-06 5.337438610000001
1 12 -182.5979162304681 7.702714022173041e-10 4.351518901
2 12 -182.5979162304213 7.702785076446617e-10 2.9650131710000007
single 0 -182.5979166562603 2.666240331000001
single 1 -182.59791689540657 2.3990720110000012
single 2 -182.5979169292403 2.1248600520000025
single 3 -182.59791693155623 1.9016978520000016
single 4 -182.59791693166275 1.7044612220000026
single 5 -182.59791693166642 1.5176338519999995
{"case": "deep_even", "cpu": 4.104503317999999, "energy": -182.5979169316667, "parity": 1.0, "norm_after_canonicalization": 1.0000000000000007, "max_bond": 12}
0 4 -34.12905792243009 1.7117762414198268e-06 5.520064580000003
1 6 -34.12920790522542 2.888276950940849e-09 5.40287687
2 6 -34.12920790522539 2.8882785052530835e-09 5.296287820000003
single 0 -34.12920787932044 5.230200870000001
single 1 -34.12920787932057 5.173401270000003
{"case": "deep_odd", "cpu": 0.4478412799999987, "energy": -34.12920787932056, "parity": -1.0, "norm_after_canonicalization": 0.9999999999999998, "max_bond": 6}
0 4 -9.333271365641721 7.771171578607738e-05 5.296261710000003
1 12 -9.334238990690888 1.4195127295835164e-09 4.362446701000003
2 12 -9.334238990663591 1.420393580531254e-09 3.262806211000001
single 0 -9.334238991517738 3.066529271000004
single 1 -9.334238991737333 2.903802391000003
single 2 -9.33423899197667 2.7580025710000022
single 3 -9.334238992231828 2.6245210310000004
single 4 -9.334238992470718 2.4949561910000035
single 5 -9.334238992656946 2.3528240810000014
single 6 -9.334238992777125 2.226717701000002
single 7 -9.334238992843746 2.1093331520000014
single 8 -9.334238992877316 2.0079528120000028
single 9 -9.334238992893466 1.8865883320000023
{"case": "interface", "cpu": 3.7366566579999976, "energy": -9.334238992893475, "parity": 6.669816293318312e-28, "norm_after_canonicalization": 0.9999999999999974, "max_bond": 12}
0 4 -2.135345278611566 3.340218435954334e-05 5.366875759999999
1 10 -2.135791711289448 1.246353242834175e-09 4.916469960000001
2 10 -2.1357917112828986 1.2487755274293022e-09 4.437294470000001
single 0 -2.1357917122284302 4.298798480000002
single 1 -2.135791712590925 4.19450647
single 2 -2.1357917128153163 4.105860060000001
single 3 -2.1357917129408412 4.02476072
single 4 -2.135791713004645 3.95269008
single 5 -2.135791713034509 3.8828815
single 6 -2.1357917130477193 3.81383297
{"case": "weak_link", "cpu": 1.808362540000001, "energy": -2.1357917130477073, "parity": 7.800349239891622e-18, "norm_after_canonicalization": 1.0000000000000027, "max_bond": 10}
