0 4 0.1 48.87554629930039 39.000740750000006 1.0
1 8 0.03 48.23450284376099 38.84494911 1.0
2 24 0.01 48.11451158457933 38.55699949 1.0
pair 3 24 48.10407588222922 37.386126771
4 24 0.001 48.1029031716119 36.91520735100001 1.0
5 24 0.0001 48.10285655656524 36.455308871 1.0
6 24 1e-05 48.10285002473784 35.999679711000006 1.0
7 24 1e-05 48.102847228906015 35.540965701000005 1.0
8 24 0.0 48.102844861694514 35.101668821000004 1.0
9 24 0.0 48.10283998833603 34.654489142 10.378142600845807
10 24 0.0 48.10283588033583 34.206631872 0.1
11 24 0.0 48.10282935129641 33.737878562000006 0.11499999999999999
12 24 0.0 48.10282136632746 33.250952042 4.231165354790916
13 24 0.0 48.10281660405486 32.739770982 0.1
14 24 0.0 48.102814110729405 32.326447623 1.3442328662785246
15 24 0.0 48.10281341601405 31.893372233 0.5395052286747694
16 24 0.0 48.10281323845757 31.375226363000003 0.7068628790210223
17 24 0.0 48.10281323185713 30.844750233000003 0.7707469959963469
18 24 0.0 48.10281323075316 30.321722443000002 0.5774932954083151
19 24 0.0 48.10281323038384 29.793648003 0.32626022909890007
20 24 0.0 48.102813230262434 29.290096344000006 0.3384103767242444
21 24 0.0 48.10281323022829 28.854769354000005 1.0163616554026278
22 24 0.0 48.10281323021242 28.327488574 1.9695282669862049
23 24 0.0 48.102813230209556 27.767820544000003 0.856578614674752
24 24 0.0 48.10281323020768 27.237011704000004 2.042707211546956
25 24 0.0 48.102813230207026 26.729150805000003 2.765062111851806
26 24 0.0 48.10281323020702 26.197607745000003 0.1
pair 27 24 48.102836314261054 24.686009875000003
