DP 0 proxy 0.03186584029537482 order [2, 3, 5, 7, 12, 0, 1, 9, 10, 8, 11, 14, 15, 4, 6, 13] costs [4.752855, 5.434291, 4.752855, 4.717146, 4.752855, 4.752855, 4.752855, 4.752855, 4.752855, 4.0, 4.752855, 4.0]
initial 0 {'entropy': 3.463719027817376, 'reverse_kl': 1.4959957530221628, 'reward_variance': 0.08769243069980853, 'gradient_infinity': 0.0051465246327407595, 'energy_error_per_spin': 0.02079671988200344, 'target_sector_mass': 0.3755505143158899, 'proposal_sector_mass': 0.00037429849863021385}
variance 0 0.5630755661773936 {'entropy': 3.4424539163031573, 'reverse_kl': 1.4943364405490585, 'reward_variance': 0.07596647314578499, 'gradient_infinity': 0.005327881691557661, 'energy_error_per_spin': 0.022229496381208684, 'target_sector_mass': 0.3755505143158899, 'proposal_sector_mass': 0.00032120353479373625}
minimax 0 0.6522331039189926 {'entropy': 3.4514558080702855, 'reverse_kl': 1.4927894605356384, 'reward_variance': 0.07665970908187758, 'gradient_infinity': 0.004191858768375716, 'energy_error_per_spin': 0.021763564396602576, 'target_sector_mass': 0.3755505143158899, 'proposal_sector_mass': 0.0004857089681921179}
DP 1 proxy 0.025409178716590305 order [1, 3, 0, 2, 5, 7, 9, 14, 10, 8, 12, 15, 11, 4, 6, 13] costs [4.752855, 4.752855, 4.752855, 5.470001, 4.752855, 4.752855, 4.717146, 4.752855, 4.752855, 4.752855, 4.0, 4.0]
initial 1 {'entropy': 3.4660542911653014, 'reverse_kl': 1.4970921239948294, 'reward_variance': 0.10018817463378715, 'gradient_infinity': 0.00658943450350243, 'energy_error_per_spin': 0.020582242736963602, 'target_sector_mass': 0.3620692811205729, 'proposal_sector_mass': 0.00026212183217186135}
variance 1 0.4825942526878269 {'entropy': 3.4444779676059882, 'reverse_kl': 1.4950305796817998, 'reward_variance': 0.0837330774291339, 'gradient_infinity': 0.0062164022536351955, 'energy_error_per_spin': 0.022059609478984082, 'target_sector_mass': 0.3620692811205729, 'proposal_sector_mass': 0.0002462728580769218}
minimax 1 0.6596579453051185 {'entropy': 3.447531909554569, 'reverse_kl': 1.4919368623501283, 'reward_variance': 0.07579685859293786, 'gradient_infinity': 0.0032198822826136715, 'energy_error_per_spin': 0.022062095440427226, 'target_sector_mass': 0.3620692811205729, 'proposal_sector_mass': 0.00021297383405377834}
DP 2 proxy 0.028087243992490175 order [2, 3, 5, 7, 12, 0, 1, 9, 10, 8, 14, 15, 11, 4, 6, 13] costs [4.752855, 5.434291, 4.752855, 4.717146, 4.752855, 4.752855, 4.752855, 4.752855, 4.752855, 4.752855, 4.0, 4.0]
initial 2 {'entropy': 3.463719027817376, 'reverse_kl': 1.4962915149888674, 'reward_variance': 0.09419267341877119, 'gradient_infinity': 0.004787219954398048, 'energy_error_per_spin': 0.020778234759084212, 'target_sector_mass': 0.35474050757590936, 'proposal_sector_mass': 0.00044246816539213023}
variance 2 0.6170381113190578 {'entropy': 3.445376254291387, 'reverse_kl': 1.494222505292207, 'reward_variance': 0.0804692940391626, 'gradient_infinity': 0.004861936313118204, 'energy_error_per_spin': 0.022053971210499172, 'target_sector_mass': 0.35474050757590936, 'proposal_sector_mass': 0.0004228986609844885}
minimax 2 0.6189457826026142 {'entropy': 3.446377346311744, 'reverse_kl': 1.4937765961785012, 'reward_variance': 0.08078251989981136, 'gradient_infinity': 0.0044381379050732125, 'energy_error_per_spin': 0.022019272278833116, 'target_sector_mass': 0.35474050757590936, 'proposal_sector_mass': 0.00047255337124600173}
DP 3 proxy 0.023729297272711974 order [1, 3, 0, 7, 5, 12, 15, 2, 8, 9, 10, 14, 11, 4, 6, 13] costs [4.752855, 4.752855, 5.470001, 4.717146, 4.752855, 4.0, 4.752855, 4.752855, 4.752855, 4.752855, 4.752855, 4.0]
initial 3 {'entropy': 3.4661287325166756, 'reverse_kl': 1.4964097948007322, 'reward_variance': 0.09009726883381683, 'gradient_infinity': 0.007257436703932921, 'energy_error_per_spin': 0.020620235727133736, 'target_sector_mass': 0.3652686985750814, 'proposal_sector_mass': 4.96411279497843e-05}
variance 3 0.4399055673776684 {'entropy': 3.4399325499021023, 'reverse_kl': 1.4955629929034213, 'reward_variance': 0.07770467916237826, 'gradient_infinity': 0.006819645447734094, 'energy_error_per_spin': 0.022310422259127834, 'target_sector_mass': 0.3652686985750814, 'proposal_sector_mass': 4.6122081417314666e-05}
minimax 3 0.6252036045745641 {'entropy': 3.4538329719604066, 'reverse_kl': 1.4915370059290172, 'reward_variance': 0.07997394710163866, 'gradient_infinity': 0.004474348025264771, 'energy_error_per_spin': 0.021693270066384635, 'target_sector_mass': 0.3652686985750814, 'proposal_sector_mass': 5.624502222745917e-05}
DP 4 proxy 0.027329401836637318 order [1, 7, 0, 3, 5, 2, 14, 15, 8, 9, 10, 12, 11, 4, 6, 13] costs [4.752855, 4.752855, 5.50571, 4.717146, 4.752855, 4.752855, 4.0, 4.752855, 4.752855, 4.752855, 4.752855, 4.0]
initial 4 {'entropy': 3.4686750663310493, 'reverse_kl': 1.4985937068623378, 'reward_variance': 0.08860376708117829, 'gradient_infinity': 0.009391949786098449, 'energy_error_per_spin': 0.020324595359886115, 'target_sector_mass': 0.347952300031559, 'proposal_sector_mass': 0.0003224853174401397}
variance 4 0.3794033099566086 {'entropy': 3.443661336823882, 'reverse_kl': 1.496398229948927, 'reward_variance': 0.07247423468482436, 'gradient_infinity': 0.007907152945879946, 'energy_error_per_spin': 0.02202517076117322, 'target_sector_mass': 0.347952300031559, 'proposal_sector_mass': 0.00035146134178898634}
minimax 4 0.5553711869347423 {'entropy': 3.51075114731026, 'reverse_kl': 1.4736016932801248, 'reward_variance': 0.0897543197933563, 'gradient_infinity': 0.005401792657912065, 'energy_error_per_spin': 0.019256841147572708, 'target_sector_mass': 0.347952300031559, 'proposal_sector_mass': 0.0006490141811422953}
DP 5 proxy 0.027775854864853823 order [12, 3, 14, 0, 1, 2, 5, 7, 9, 15, 10, 8, 11, 4, 6, 13] costs [4.717146, 4.752855, 4.752855, 4.752855, 4.752855, 5.470001, 4.752855, 4.752855, 4.0, 4.752855, 4.752855, 4.0]
initial 5 {'entropy': 3.4660542911653027, 'reverse_kl': 1.4984931443874276, 'reward_variance': 0.10594669220477612, 'gradient_infinity': 0.006830357845490493, 'energy_error_per_spin': 0.020494678962426488, 'target_sector_mass': 0.3620692811205729, 'proposal_sector_mass': 0.0002621359550691972}
variance 5 0.4638583477674838 {'entropy': 3.439382813040309, 'reverse_kl': 1.4967217389725986, 'reward_variance': 0.08834576382188009, 'gradient_infinity': 0.006467491669469311, 'energy_error_per_spin': 0.022272359183666032, 'target_sector_mass': 0.3620692811205729, 'proposal_sector_mass': 0.00024716103073421007}
minimax 5 0.5583360694223523 {'entropy': 3.4477583367603417, 'reverse_kl': 1.4940321580818412, 'reward_variance': 0.0895517999611406, 'gradient_infinity': 0.004972424153763846, 'energy_error_per_spin': 0.02191698775683601, 'target_sector_mass': 0.3620692811205729, 'proposal_sector_mass': 0.0002633464858835654}
