best sector ((0.9982720157756618, -0.0003144835103568968), 4, 14787, 0.3493952055214816, 0.0003144835103568968)
{
  "metrics": {
    "entropy": 4.0283875091487396,
    "reverse_kl": 2.3237071268509366,
    "reward_variance": 0.057042957254341164,
    "gradient_infinity": 0.003182080500428261,
    "energy_error_per_spin": 0.00032686462115813497,
    "target_sector_mass": 0.3493952055214816,
    "proposal_sector_mass": 0.000314483510356888
  },
  "scores": {
    "entropy": 1.0,
    "reverse_kl": 1.0,
    "reward_variance": 0.8765323960513081,
    "gradient_infinity": 0.9427794173014304,
    "energy_error_per_spin": 1.0,
    "target_sector_mass": 0.9982720157756618,
    "proposal_sector_mass": 1.0
  },
  "core_score": 0.8765323960513081,
  "failing_gates": [
    "reward_variance",
    "gradient_infinity",
    "target_sector_mass"
  ],
  "passed": false,
  "validation": {
    "frustrated_plaquettes": 12,
    "max_row_l1": 4.595119850034594,
    "normalization": 1.0000000000000004,
    "symmetry_error": 0.0,
    "minimum_conditional": 0.010000000000989958,
    "target_entropy": 6.357324469938178,
    "ground_energy": -16.0,
    "ground_degeneracy": 320,
    "proposal_mean_energy": -15.533785257031607,
    "target_mean_energy": -15.528555423092996
  }
}
