{
  "passed": true,
  "final_audit": true,
  "concepts": [
    {
      "concept": "concept_1",
      "status": "hard_open_candidate",
      "attempts": [
        {
          "attempt": "v_1",
          "status": "finished",
          "snapshot": "concept_1/generations/generation_0",
          "core_score": 0.6428890575478345,
          "worst_family_score": 0.6140033888732985,
          "passed": true,
          "valid": true,
          "elapsed_seconds": 2475.959134564968,
          "timed_out": false
        },
        {
          "attempt": "v_2",
          "status": "finished",
          "snapshot": "concept_1/generations/generation_1",
          "core_score": 0.9799945387996717,
          "worst_family_score": 0.5672658450927657,
          "passed": true,
          "valid": true,
          "elapsed_seconds": 1636.5035471169977,
          "timed_out": false
        },
        {
          "attempt": "v_3",
          "status": "finished",
          "snapshot": "concept_1",
          "core_score": 0.19981653770685745,
          "worst_family_score": 0.16638572137580085,
          "passed": false,
          "valid": true,
          "elapsed_seconds": 3600.4652006790275,
          "timed_out": true
        }
      ],
      "champions": [
        "champions/generation_1",
        "champions/generation_2"
      ],
      "current_frozen_files": {
        "participant": 10,
        "evaluator": 3
      }
    },
    {
      "concept": "concept_2",
      "status": "solved",
      "attempts": [
        {
          "attempt": "v_1",
          "status": "finished",
          "snapshot": "concept_2/generations/generation_0",
          "core_score": 0.10470045359041658,
          "worst_family_score": 0.10091118199128585,
          "passed": true,
          "valid": true,
          "elapsed_seconds": 1411.838065220043,
          "timed_out": false
        },
        {
          "attempt": "v_2",
          "status": "finished",
          "snapshot": "concept_2/generations/generation_1",
          "core_score": 0.08858814150043354,
          "worst_family_score": 0.07870500906378436,
          "passed": true,
          "valid": true,
          "elapsed_seconds": 950.3808320169337,
          "timed_out": false
        }
      ],
      "champions": [
        "champions/generation_1",
        "champions/generation_2"
      ],
      "current_frozen_files": {
        "participant": 7,
        "evaluator": 4
      }
    },
    {
      "concept": "concept_3",
      "status": "solved",
      "attempts": [
        {
          "attempt": "v_1",
          "status": "finished",
          "snapshot": "concept_3/generations/generation_0",
          "core_score": 0.9992836277735069,
          "worst_family_score": 0.9991543498370165,
          "passed": true,
          "valid": true,
          "elapsed_seconds": 780.9501326889731,
          "timed_out": false
        }
      ],
      "champions": [
        "champions/generation_1"
      ],
      "current_frozen_files": {
        "participant": 11,
        "evaluator": 9
      }
    }
  ],
  "active_runtime_credential_files": 0,
  "native_isolation_verified": true,
  "historical_assets_unchanged": true,
  "submission_code_executed_by_evaluators": false
}
