STAGE legacy_seed ALLOWANCE 5
seed scan_02_04 1e-07 [(86, 0.9700875), (0, 0.7733871), (83, 0.5401663), (59, 0.4533448), (10, 0.3982851), (41, 0.3592789), (75, 0.3592695), (74, 0.2827819), (11, 0.2504249), (30, 0.2198504), (9, 0.1322526), (48, 0.1240256), (32, 0.1111702), (33, 0.109534), (13, 0.1064838), (14, 0.0823665), (67, 0.0782653)]
scan_02_04 best 0.11663587703307027 trace 6.159256774703486 support [0, 9, 10, 11, 30, 41, 48, 59, 74, 75, 83, 86]
seed scan_02_04 1e-09 [(86, 0.9700875), (0, 0.7733871), (83, 0.5401663), (59, 0.4533448), (10, 0.3982851), (41, 0.3592789), (75, 0.3592695), (74, 0.2827819), (11, 0.2504249), (30, 0.2198504), (9, 0.1322526), (48, 0.1240256), (32, 0.1111702), (33, 0.109534), (13, 0.1064838), (14, 0.0823665), (67, 0.0782653)]
seed scan_02_04 1e-05 [(86, 0.9298856), (0, 0.7731536), (47, 0.3554353), (83, 0.3499118), (75, 0.3162349), (59, 0.2823095), (74, 0.2734253), (41, 0.203249), (77, 0.0949667), (95, 0.094748), (15, 0.0910273), (14, 0.0910261), (16, 0.0896693), (13, 0.0895389), (48, 0.0882434), (17, 0.0871838), (12, 0.0870902)]
seed scan_02_04 1e-11 [(86, 0.9700875), (0, 0.7733871), (83, 0.5401663), (59, 0.4533448), (10, 0.3982851), (41, 0.3592789), (75, 0.3592695), (74, 0.2827819), (11, 0.2504249), (30, 0.2198504), (9, 0.1322526), (48, 0.1240256), (32, 0.1111702), (33, 0.109534), (13, 0.1064838), (14, 0.0823665), (67, 0.0782653)]
seed scan_02_04 0.001 [(0, 0.7720513), (86, 0.6385098), (95, 0.259186), (74, 0.2213697), (59, 0.2195058), (47, 0.217554), (41, 0.2162239), (83, 0.2097123), (75, 0.2038476), (68, 0.148452), (77, 0.1467088), (20, 0.0918362), (19, 0.0912648), (21, 0.0904618), (18, 0.0888061), (90, 0.0884303), (22, 0.0872137)]
seed scan_02_04 1e-13 [(86, 0.9700875), (0, 0.7733871), (83, 0.5401663), (59, 0.4533448), (10, 0.3982851), (41, 0.3592789), (75, 0.3592695), (74, 0.2827819), (11, 0.2504249), (30, 0.2198504), (9, 0.1322526), (48, 0.1240256), (32, 0.1111702), (33, 0.109534), (13, 0.1064838), (14, 0.0823665), (67, 0.0782653)]
seed scan_02_04 1.0 [(0, 0.7694316), (86, 0.4958044), (47, 0.4861477), (95, 0.444439), (74, 0.3494508), (75, 0.2012458), (23, 0.1889719), (59, 0.1606491), (21, 0.1300567), (38, 0.1108552), (22, 0.0968679), (57, 0.0877087), (77, 0.0842105), (68, 0.0721762), (62, 0.0718562), (19, 0.0709759), (18, 0.0697486)]
BEST scan_02_04 0.11663587703307027 trace 6.159256774703486 support [0, 9, 10, 11, 30, 41, 48, 59, 74, 75, 83, 86]
STAGE whitened_seed ALLOWANCE 45.0
BEST scan_02_04 0.11663587703307027 trace 6.159256774703486 support [0, 9, 10, 11, 30, 41, 48, 59, 74, 75, 83, 86]
SEED scan_02_04 1e-07 [(86, 0.9702900955435475), (0, 0.7733966430646562), (48, 0.7264193287303686), (10, 0.5088725603514196), (30, 0.45809064534306626), (59, 0.4572775742892875), (41, 0.4107101625049375), (75, 0.3607013099131661), (83, 0.29703147490701864), (27, 0.29234864925191545), (33, 0.28376472892981863), (74, 0.2827908624154778), (15, 0.22881812519124647), (47, 0.20325377472786013), (35, 0.08158689715317959), (81, 0.05249296094790003)]
BEST scan_02_04 0.11382651786820483 trace 6.16070474784191 support [ 0 10 27 30 33 41 48 59 74 75 83 86]
BEST scan_02_04 0.11110775643244802 trace 6.157244241571103 support [ 0 10 27 30 33 41 48 59 74 75 83 86]
SEED scan_02_04 1e-09 [(86, 0.9702900955435475), (0, 0.7733966430646562), (48, 0.7264193287303686), (10, 0.5088725603514196), (30, 0.45809064534306626), (59, 0.4572775742892875), (41, 0.4107101625049375), (75, 0.3607013099131661), (83, 0.29703147490701864), (27, 0.29234864925191545), (33, 0.28376472892981863), (74, 0.2827908624154778), (15, 0.22881812519124647), (47, 0.20325377472786013), (35, 0.08158689715317959), (81, 0.05249296094790003)]
SEED scan_02_04 1e-11 [(86, 0.9702900955435475), (0, 0.7733966430646562), (48, 0.7264193287303686), (10, 0.5088725603514196), (30, 0.45809064534306626), (59, 0.4572775742892875), (41, 0.4107101625049375), (75, 0.3607013099131661), (83, 0.29703147490701864), (27, 0.29234864925191545), (33, 0.28376472892981863), (74, 0.2827908624154778), (15, 0.22881812519124647), (47, 0.20325377472786013), (35, 0.08158689715317959), (81, 0.05249296094790003)]
SEED scan_02_04 1e-05 [(86, 0.9702914217245071), (0, 0.773425979034332), (11, 0.7023557194618751), (13, 0.6875542758708185), (59, 0.487193162764808), (83, 0.47203157219979), (32, 0.4364529437977518), (41, 0.3906884223839429), (28, 0.36781966844096636), (75, 0.3571480206555009), (74, 0.2827905634648543), (33, 0.22640778991408905), (25, 0.0972336941746642), (5, 0.09292834503757373), (81, 0.060209814967452806), (87, 0.03932711547269357)]
SEED scan_02_04 1e-13 [(86, 0.9702900955435475), (0, 0.7733966430646562), (48, 0.7264193287303686), (10, 0.5088725603514196), (30, 0.45809064534306626), (59, 0.4572775742892875), (41, 0.4107101625049375), (75, 0.3607013099131661), (83, 0.29703147490701864), (27, 0.29234864925191545), (33, 0.28376472892981863), (74, 0.2827908624154778), (15, 0.22881812519124647), (47, 0.20325377472786013), (35, 0.08158689715317959), (81, 0.05249296094790003)]
SEED scan_02_04 1e-06 [(86, 0.9702900955435475), (0, 0.7733966430646562), (48, 0.7264193287303686), (10, 0.5088725603514196), (30, 0.45809064534306626), (59, 0.4572775742892875), (41, 0.4107101625049375), (75, 0.3607013099131661), (83, 0.29703147490701864), (27, 0.29234864925191545), (33, 0.28376472892981863), (74, 0.2827908624154778), (15, 0.22881812519124647), (47, 0.20325377472786013), (35, 0.08158689715317959), (81, 0.05249296094790003)]
SEED scan_02_04 1e-08 [(86, 0.9702900955435475), (0, 0.7733966430646562), (48, 0.7264193287303686), (10, 0.5088725603514196), (30, 0.45809064534306626), (59, 0.4572775742892875), (41, 0.4107101625049375), (75, 0.3607013099131661), (83, 0.29703147490701864), (27, 0.29234864925191545), (33, 0.28376472892981863), (74, 0.2827908624154778), (15, 0.22881812519124647), (47, 0.20325377472786013), (35, 0.08158689715317959), (81, 0.05249296094790003)]
SEED scan_02_04 1e-10 [(86, 0.9702900955435475), (0, 0.7733966430646562), (48, 0.7264193287303686), (10, 0.5088725603514196), (30, 0.45809064534306626), (59, 0.4572775742892875), (41, 0.4107101625049375), (75, 0.3607013099131661), (83, 0.29703147490701864), (27, 0.29234864925191545), (33, 0.28376472892981863), (74, 0.2827908624154778), (15, 0.22881812519124647), (47, 0.20325377472786013), (35, 0.08158689715317959), (81, 0.05249296094790003)]
CONT 0.001 0.616866317577053
CONT 0.0001 3.499392927244444
CONT 1e-05 26.742777486182472
CONT 1e-06 228.25729882965314
BEST scan_02_04 0.11109240114176447 trace 6.157157552399 support [ 0 10 27 30 33 41 48 59 74 75 83 86]
CONT 1e-07 1426.4535886756812
CONT 1e-08 1503.5168754815213
CONT 1e-09 1503.5168754644692
BEST scan_02_04 0.09762884447638219 trace 6.154951280694491 support [ 0 10 27 30 33 41 48 53 74 75 83 86]
BEST scan_02_04 0.09676861910118775 trace 6.155124000090929 support [ 0 10 11 27 30 33 41 53 74 75 83 86]
BEST scan_02_04 0.09676195129697686 trace 6.155123314292811 support [ 0 10 11 23 30 33 41 53 74 75 83 86]
BEST scan_02_04 0.09609122823626029 trace 6.155234884154776 support [ 0 10 11 21 33 41 53 67 74 75 83 86]
BEST scan_02_04 0.09604557810262701 trace 6.156072098131393 support [ 0 10 11 21 33 47 53 67 74 75 83 86]
BEST scan_02_04 0.09602157439579843 trace 6.156054686533288 support [ 0 10 11 33 47 53 67 74 75 83 86 90]
BEST scan_02_04 0.09561108342487411 trace 6.15633091809076 support [ 0 10 11 33 47 65 67 74 75 83 86 90]
STAGE_ERROR whitened_seed StageTimeout stage allowance exhausted
BEST scan_02_04 0.09561108342487411 trace 6.15633091809076 support [0, 10, 11, 33, 47, 65, 67, 74, 75, 83, 86, 90]
STAGE discrete_improve ALLOWANCE 45.0
BEST scan_02_04 0.09561108342487411 trace 6.15633091809076 support [0, 10, 11, 33, 47, 65, 67, 74, 75, 83, 86, 90]
CONT 0.001 0.4589503626189239
CONT 0.0001 3.43057510565971
CONT 1e-05 28.33831344370527
CONT 1e-06 210.94882046104877
CONT 1e-07 1396.110407213614
CONT 1e-08 1507.4684563728254
CONT 1e-09 1507.4684565779546
BEST scan_02_04 0.09550247240382355 trace 6.156331733461234 support [ 0 10 11 47 60 65 67 74 75 83 86 90]
BEST scan_02_04 0.09543427054424458 trace 6.156323479265575 support [ 0 10 11 36 47 65 67 74 75 83 86 90]
BEST scan_02_04 0.09537866615699246 trace 6.15625856999578 support [ 0 10 11 36 47 65 67 74 75 83 84 86]
BEST scan_02_04 0.09536559409546776 trace 6.156291068906057 support [ 0 10 11 34 36 47 65 74 75 83 84 86]
STAGE_ERROR discrete_improve StageTimeout stage allowance exhausted
BEST scan_02_04 0.09536559409546776 trace 6.156291068906057 support [0, 10, 11, 34, 36, 47, 65, 74, 75, 83, 84, 86]
STAGE continuous ALLOWANCE 209.01878920698073
BEST scan_02_04 0.09536559409546776 trace 6.156291068906057 support [ 0 10 11 34 36 47 65 74 75 83 84 86]
CONTINUOUS scan_02_04 0 0.0001 0.602828685402814 104 [(0, 1.511), (0, 3.08), (0, 3.413439), (0, 4.467423), (0, 3.732153), (8, 9.267111), (8, 10.095722), (2, 7.118638), (4, 7.000324), (8, 10.56828), (0, 7.170232), (2, 4.149928)]
CONTINUOUS scan_02_04 0 1e-06 0.5575184015403859 1200 [(0, 1.511), (0, 3.510118), (0, 3.578382), (0, 4.48369), (0, 4.068353), (8, 9.86138), (8, 10.311612), (2, 7.12896), (4, 6.999325), (8, 10.56002), (0, 6.548736), (2, 4.151785)]
CONTINUOUS scan_02_04 0 1e-08 0.5546730938769965 1200 [(0, 1.511), (0, 3.509885), (0, 3.58165), (0, 4.484432), (0, 4.066766), (8, 9.826743), (8, 10.246175), (2, 7.129185), (4, 6.999128), (8, 10.560404), (0, 6.562626), (2, 4.151364)]
CONTINUOUS scan_02_04 1 0.0001 0.5549971886478359 1200 [(0, 1.511), (0, 3.186309), (0, 3.08), (0, 4.302864), (0, 3.725376), (8, 9.535958), (8, 10.126718), (2, 7.11985), (4, 7.004062), (8, 10.568849), (0, 4.686585), (2, 4.149836)]
CONTINUOUS scan_02_04 1 1e-06 0.5574529255356995 65 [(0, 1.511), (0, 3.578415), (0, 3.510059), (0, 4.483658), (0, 4.068088), (8, 9.862353), (8, 10.314135), (2, 7.128975), (4, 6.999324), (8, 10.560008), (0, 4.483751), (2, 4.151783)]
CONTINUOUS scan_02_04 1 1e-08 0.5551155368512457 48 [(0, 1.511), (0, 3.581114), (0, 3.510814), (0, 4.484238), (0, 4.070947), (8, 9.804645), (8, 10.211706), (2, 7.128869), (4, 6.999192), (8, 10.560513), (0, 4.484233), (2, 4.15143)]
CONTINUOUS scan_02_04 2 0.0001 0.6028286493325524 55 [(0, 1.511), (0, 3.08), (0, 3.413439), (0, 4.467423), (0, 3.732153), (8, 9.267111), (8, 10.095722), (2, 7.118638), (4, 7.000324), (8, 10.56828), (0, 7.170232), (2, 4.149928)]
CONTINUOUS scan_02_04 2 1e-06 0.5575184018461239 1200 [(0, 1.511), (0, 3.510118), (0, 3.578382), (0, 4.48369), (0, 4.068353), (8, 9.86138), (8, 10.311612), (2, 7.12896), (4, 6.999325), (8, 10.56002), (0, 6.548735), (2, 4.151785)]
CONTINUOUS scan_02_04 2 1e-08 0.5546730936881571 1200 [(0, 1.511), (0, 3.509885), (0, 3.58165), (0, 4.484432), (0, 4.066766), (8, 9.826743), (8, 10.246175), (2, 7.129185), (4, 6.999128), (8, 10.560404), (0, 6.562625), (2, 4.151364)]
CONTINUOUS scan_02_04 3 0.0001 0.6028286648808009 71 [(0, 1.511), (0, 3.413439), (0, 3.08), (0, 4.467423), (0, 3.732153), (8, 9.267111), (8, 10.095722), (2, 7.118638), (4, 7.000324), (8, 10.56828), (0, 7.170232), (2, 4.149928)]
CONTINUOUS scan_02_04 3 1e-06 0.557518279024909 1200 [(0, 1.511), (0, 3.578382), (0, 3.510118), (0, 4.48369), (0, 4.068353), (8, 9.861382), (8, 10.311617), (2, 7.128961), (4, 6.999325), (8, 10.56002), (0, 6.549054), (2, 4.151785)]
CONTINUOUS scan_02_04 3 1e-08 0.5546730392639883 1200 [(0, 1.511), (0, 3.58165), (0, 3.509885), (0, 4.484432), (0, 4.066765), (8, 9.826747), (8, 10.246182), (2, 7.129185), (4, 6.999128), (8, 10.560404), (0, 6.562947), (2, 4.151363)]
CONTINUOUS scan_02_04 4 0.0001 0.602828678467912 105 [(0, 1.511), (0, 3.08), (0, 3.413439), (0, 4.467423), (0, 3.732153), (8, 9.267111), (8, 10.095722), (2, 7.118638), (4, 7.000324), (8, 10.56828), (0, 7.170232), (2, 4.149928)]
CONTINUOUS scan_02_04 4 1e-06 0.5575184024206675 1200 [(0, 1.511), (0, 3.510118), (0, 3.578382), (0, 4.48369), (0, 4.068353), (8, 9.86138), (8, 10.311612), (2, 7.12896), (4, 6.999325), (8, 10.56002), (0, 6.548736), (2, 4.151785)]
CONTINUOUS scan_02_04 4 1e-08 0.5546730923333268 1200 [(0, 1.511), (0, 3.509885), (0, 3.58165), (0, 4.484432), (0, 4.066766), (8, 9.826743), (8, 10.246175), (2, 7.129185), (4, 6.999128), (8, 10.560404), (0, 6.562626), (2, 4.151364)]
CONTINUOUS scan_02_04 5 0.0001 0.6028286385494049 52 [(0, 1.511), (0, 3.413439), (0, 3.08), (0, 4.467423), (0, 3.732153), (8, 9.267111), (8, 10.095722), (2, 7.118638), (4, 7.000324), (8, 10.56828), (0, 7.170232), (2, 4.149928)]
CONTINUOUS scan_02_04 5 1e-06 0.5575182792419761 1200 [(0, 1.511), (0, 3.578382), (0, 3.510118), (0, 4.48369), (0, 4.068353), (8, 9.861382), (8, 10.311617), (2, 7.128961), (4, 6.999325), (8, 10.56002), (0, 6.549054), (2, 4.151785)]
CONTINUOUS scan_02_04 5 1e-08 0.5546730389874748 1200 [(0, 1.511), (0, 3.58165), (0, 3.509885), (0, 4.484432), (0, 4.066765), (8, 9.826747), (8, 10.246182), (2, 7.129185), (4, 6.999128), (8, 10.560404), (0, 6.562946), (2, 4.151363)]
CONTINUOUS scan_02_04 6 0.0001 0.602828670100031 61 [(0, 1.511), (0, 3.413439), (0, 3.08), (0, 4.467423), (0, 3.732153), (8, 10.095722), (8, 9.267111), (2, 7.118638), (4, 7.000324), (8, 10.56828), (0, 7.170232), (2, 4.149928)]
CONTINUOUS scan_02_04 6 1e-06 0.5574571047671582 782 [(0, 1.511), (0, 3.578413), (0, 3.510063), (0, 4.483704), (0, 4.068105), (8, 10.313986), (8, 9.862295), (2, 7.128974), (4, 6.999324), (8, 10.560009), (0, 5.258607), (2, 4.151783)]
CONTINUOUS scan_02_04 6 1e-08 0.554769417221209 1200 [(0, 1.511), (0, 3.581557), (0, 3.510047), (0, 4.484397), (0, 4.067491), (8, 10.24047), (8, 9.823459), (2, 7.129132), (4, 6.999138), (8, 10.560421), (0, 5.113892), (2, 4.151374)]
CONTINUOUS scan_02_04 7 0.0001 0.602828670920284 67 [(0, 1.511), (0, 3.413439), (0, 3.08), (0, 4.467423), (0, 3.732153), (8, 9.267111), (8, 10.095722), (2, 7.118638), (4, 7.000324), (8, 10.56828), (0, 7.170232), (2, 4.149928)]
CONTINUOUS scan_02_04 7 1e-06 0.5575182789712175 1200 [(0, 1.511), (0, 3.578382), (0, 3.510118), (0, 4.48369), (0, 4.068353), (8, 9.861382), (8, 10.311617), (2, 7.128961), (4, 6.999325), (8, 10.56002), (0, 6.549055), (2, 4.151785)]
CONTINUOUS scan_02_04 7 1e-08 0.5546730393787618 1200 [(0, 1.511), (0, 3.58165), (0, 3.509885), (0, 4.484432), (0, 4.066765), (8, 9.826747), (8, 10.246182), (2, 7.129185), (4, 6.999128), (8, 10.560404), (0, 6.562947), (2, 4.151363)]
CONTINUOUS scan_02_04 8 0.0001 0.5552277814925246 1200 [(0, 1.511), (0, 3.080022), (0, 3.444575), (0, 4.467601), (0, 3.72557), (8, 9.720896), (8, 10.210212), (2, 7.120335), (4, 7.005094), (8, 10.568848), (0, 4.856066), (2, 4.149733)]
CONTINUOUS scan_02_04 8 1e-06 0.5574530687373433 123 [(0, 1.511), (0, 3.510076), (0, 3.578418), (0, 4.483705), (0, 3.510054), (8, 9.862351), (8, 10.314131), (2, 7.128975), (4, 6.999324), (8, 10.560008), (0, 4.068089), (2, 4.151783)]
CONTINUOUS scan_02_04 8 1e-08 0.5551154506947641 39 [(0, 1.511), (0, 3.510827), (0, 3.581117), (0, 4.484236), (0, 3.51081), (8, 9.80464), (8, 10.211699), (2, 7.128869), (4, 6.999192), (8, 10.560513), (0, 4.070947), (2, 4.15143)]
CONTINUOUS scan_02_04 9 0.0001 0.5569954753785714 1200 [(0, 1.511), (0, 3.446795), (0, 3.08), (0, 4.476183), (0, 4.415816), (8, 9.594098), (8, 10.145129), (2, 7.120057), (4, 7.004965), (8, 10.568893), (0, 3.72563), (2, 4.149747)]
CONTINUOUS scan_02_04 9 1e-06 0.5574529467251017 82 [(0, 1.511), (0, 3.578416), (0, 3.510076), (0, 4.483705), (0, 4.068089), (8, 9.862351), (8, 10.314131), (2, 7.128975), (4, 6.999324), (8, 10.560008), (0, 3.510057), (2, 4.151783)]
CONTINUOUS scan_02_04 9 1e-08 0.5551156596697536 41 [(0, 1.511), (0, 3.581114), (0, 3.51083), (0, 4.484236), (0, 4.070948), (8, 9.80464), (8, 10.211699), (2, 7.128869), (4, 6.999192), (8, 10.560513), (0, 3.510813), (2, 4.15143)]
CONTINUOUS scan_02_04 10 0.0001 0.6028286670391512 58 [(0, 1.511), (0, 3.413439), (0, 3.08), (0, 4.467423), (0, 3.732153), (8, 9.267111), (8, 10.095722), (2, 7.118638), (4, 7.000324), (8, 10.56828), (0, 7.170232), (2, 4.149928)]
CONTINUOUS scan_02_04 10 1e-06 0.557518278960956 1200 [(0, 1.511), (0, 3.578382), (0, 3.510118), (0, 4.48369), (0, 4.068353), (8, 9.861382), (8, 10.311617), (2, 7.128961), (4, 6.999325), (8, 10.56002), (0, 6.549054), (2, 4.151785)]
CONTINUOUS scan_02_04 10 1e-08 0.5546730392704717 1200 [(0, 1.511), (0, 3.58165), (0, 3.509885), (0, 4.484432), (0, 4.066765), (8, 9.826747), (8, 10.246182), (2, 7.129185), (4, 6.999128), (8, 10.560404), (0, 6.562947), (2, 4.151363)]
CONTINUOUS scan_02_04 11 0.0001 0.6028286588172936 66 [(0, 1.511), (0, 3.413439), (0, 3.08), (0, 4.467423), (0, 3.732153), (8, 9.267111), (8, 10.095722), (2, 7.118638), (4, 7.000324), (8, 10.56828), (0, 7.170232), (2, 4.149928)]
CONTINUOUS scan_02_04 11 1e-06 0.55751827998039 1200 [(0, 1.511), (0, 3.578382), (0, 3.510118), (0, 4.48369), (0, 4.068353), (8, 9.861382), (8, 10.311617), (2, 7.128961), (4, 6.999325), (8, 10.56002), (0, 6.549054), (2, 4.151785)]
CONTINUOUS scan_02_04 11 1e-08 0.5546730376550323 1200 [(0, 1.511), (0, 3.58165), (0, 3.509885), (0, 4.484432), (0, 4.066765), (8, 9.826747), (8, 10.246182), (2, 7.129185), (4, 6.999128), (8, 10.560404), (0, 6.562947), (2, 4.151363)]
CONTINUOUS scan_02_04 12 0.0001 0.556317075494439 1200 [(0, 1.511), (0, 3.447031), (0, 3.088159), (0, 4.476233), (0, 3.726761), (8, 9.676221), (8, 10.181303), (2, 7.120238), (4, 7.00493), (8, 10.568882), (0, 4.658446), (2, 4.149725)]
CONTINUOUS scan_02_04 12 1e-06 0.5574531882780082 74 [(0, 1.511), (0, 3.578415), (0, 3.510032), (0, 4.483705), (0, 3.510062), (8, 9.862351), (8, 10.314131), (2, 7.128975), (4, 6.999324), (8, 10.560008), (0, 4.068089), (2, 4.151783)]
CONTINUOUS scan_02_04 12 1e-08 0.5551155795872151 43 [(0, 1.511), (0, 3.581114), (0, 3.510815), (0, 4.484236), (0, 3.510815), (8, 9.804639), (8, 10.211698), (2, 7.128869), (4, 6.999192), (8, 10.560513), (0, 4.070948), (2, 4.15143)]
CONTINUOUS scan_02_04 13 0.0001 0.602828662573058 77 [(0, 1.511), (0, 3.413439), (0, 3.08), (0, 4.467423), (0, 3.732153), (8, 9.267111), (8, 10.095722), (2, 7.118638), (4, 7.000324), (8, 10.56828), (0, 7.170232), (2, 4.149928)]
CONTINUOUS scan_02_04 13 1e-06 0.5575182798556061 1200 [(0, 1.511), (0, 3.578382), (0, 3.510118), (0, 4.48369), (0, 4.068353), (8, 9.861382), (8, 10.311617), (2, 7.128961), (4, 6.999325), (8, 10.56002), (0, 6.549054), (2, 4.151785)]
CONTINUOUS scan_02_04 13 1e-08 0.5546730377873267 1200 [(0, 1.511), (0, 3.58165), (0, 3.509885), (0, 4.484432), (0, 4.066765), (8, 9.826747), (8, 10.246182), (2, 7.129185), (4, 6.999128), (8, 10.560404), (0, 6.562947), (2, 4.151363)]
CONTINUOUS scan_02_04 14 0.0001 0.6028286618315476 63 [(0, 1.511), (0, 3.413439), (0, 3.08), (0, 4.467423), (0, 3.732153), (8, 9.267111), (8, 10.095722), (2, 7.118638), (4, 7.000324), (8, 10.56828), (0, 7.170232), (2, 4.149928)]
CONTINUOUS scan_02_04 14 1e-06 0.5575182790455755 1200 [(0, 1.511), (0, 3.578382), (0, 3.510118), (0, 4.48369), (0, 4.068353), (8, 9.861382), (8, 10.311617), (2, 7.128961), (4, 6.999325), (8, 10.56002), (0, 6.549054), (2, 4.151785)]
CONTINUOUS scan_02_04 14 1e-08 0.5546730392832575 1200 [(0, 1.511), (0, 3.58165), (0, 3.509885), (0, 4.484432), (0, 4.066765), (8, 9.826747), (8, 10.246182), (2, 7.129185), (4, 6.999128), (8, 10.560404), (0, 6.562947), (2, 4.151363)]
CONTINUOUS scan_02_04 15 0.0001 0.5550270683187332 1200 [(0, 1.511), (0, 3.164208), (0, 3.72537), (0, 4.650221), (0, 3.08), (8, 9.536719), (8, 10.126907), (2, 7.119851), (4, 7.004082), (8, 10.568847), (0, 4.267734), (2, 4.149838)]
CONTINUOUS scan_02_04 15 1e-06 0.5574529779130036 96 [(0, 1.511), (0, 3.578415), (0, 4.068089), (0, 4.483712), (0, 3.510059), (8, 9.862351), (8, 10.314131), (2, 7.128975), (4, 6.999324), (8, 10.560008), (0, 4.483683), (2, 4.151783)]
CONTINUOUS scan_02_04 15 1e-08 0.5551154402217204 57 [(0, 1.511), (0, 3.581114), (0, 4.070946), (0, 4.484338), (0, 3.510814), (8, 9.804649), (8, 10.211712), (2, 7.128869), (4, 6.999192), (8, 10.560513), (0, 4.483872), (2, 4.15143)]
CONTINUOUS scan_02_04 16 0.0001 0.6028286655180963 65 [(0, 1.511), (0, 3.413439), (0, 3.08), (0, 4.467423), (0, 3.732153), (8, 9.267111), (8, 10.095722), (2, 7.118638), (4, 7.000324), (8, 10.56828), (0, 7.170232), (2, 4.149928)]
CONTINUOUS scan_02_04 16 1e-06 0.5575182798652953 1200 [(0, 1.511), (0, 3.578382), (0, 3.510118), (0, 4.48369), (0, 4.068353), (8, 9.861382), (8, 10.311617), (2, 7.128961), (4, 6.999325), (8, 10.56002), (0, 6.549054), (2, 4.151785)]
CONTINUOUS scan_02_04 16 1e-08 0.5546730377546217 1200 [(0, 1.511), (0, 3.58165), (0, 3.509885), (0, 4.484432), (0, 4.066765), (8, 9.826747), (8, 10.246182), (2, 7.129185), (4, 6.999128), (8, 10.560404), (0, 6.562947), (2, 4.151363)]
CONTINUOUS scan_02_04 17 0.0001 0.554898584146338 1200 [(0, 1.511), (0, 3.260286), (0, 3.08), (0, 4.38359), (0, 3.725391), (8, 9.556827), (8, 10.132859), (2, 7.119895), (4, 7.004074), (8, 10.56885), (0, 4.844199), (2, 4.149822)]
CONTINUOUS scan_02_04 17 1e-06 0.5574530012933863 200 [(0, 1.511), (0, 3.578415), (0, 3.510059), (0, 4.068095), (0, 4.068088), (8, 9.862351), (8, 10.314131), (2, 7.128975), (4, 6.999324), (8, 10.560008), (0, 4.483705), (2, 4.151783)]
CONTINUOUS scan_02_04 17 1e-08 0.5551158379269284 42 [(0, 1.511), (0, 3.581114), (0, 3.510815), (0, 4.070936), (0, 4.07095), (8, 9.804639), (8, 10.211698), (2, 7.128869), (4, 6.999192), (8, 10.560513), (0, 4.484236), (2, 4.15143)]
CONTINUOUS scan_02_04 18 0.0001 0.5544851139899633 1200 [(0, 1.511), (0, 3.342586), (0, 3.725374), (0, 4.44026), (0, 3.08), (8, 9.618926), (8, 10.154814), (2, 7.120021), (4, 7.004077), (8, 10.568842), (0, 5.255528), (2, 4.149793)]
CONTINUOUS scan_02_04 18 1e-06 0.557452957728248 175 [(0, 1.511), (0, 3.578416), (0, 3.510056), (0, 4.483705), (0, 3.510065), (8, 9.862351), (8, 10.314131), (2, 7.128975), (4, 6.999324), (8, 10.560008), (0, 4.068089), (2, 4.151783)]
CONTINUOUS scan_02_04 18 1e-08 0.5551156005059055 50 [(0, 1.511), (0, 3.581115), (0, 3.510812), (0, 4.484236), (0, 3.510819), (8, 9.80464), (8, 10.211699), (2, 7.128869), (4, 6.999192), (8, 10.560513), (0, 4.070948), (2, 4.15143)]
CONTINUOUS scan_02_04 19 0.0001 0.5550722701628393 1200 [(0, 1.511), (0, 3.301428), (0, 3.725437), (0, 4.417411), (0, 3.08), (8, 9.541134), (8, 10.128285), (2, 7.119877), (4, 7.0041), (8, 10.568863), (0, 5.015004), (2, 4.149815)]
CONTINUOUS scan_02_04 19 1e-06 0.5574524721039028 73 [(0, 1.511), (0, 3.578415), (0, 4.068068), (0, 4.483705), (0, 3.510059), (8, 9.862351), (8, 10.31413), (2, 7.128975), (4, 6.999324), (8, 10.560008), (0, 4.068107), (2, 4.151783)]
CONTINUOUS scan_02_04 19 1e-08 0.5551154687408935 35 [(0, 1.511), (0, 3.581114), (0, 4.070957), (0, 4.484236), (0, 3.510814), (8, 9.804641), (8, 10.211701), (2, 7.128869), (4, 6.999192), (8, 10.560513), (0, 4.070938), (2, 4.15143)]
BEST scan_02_04 0.09536559409546776 trace 6.156291068906057 support [0, 10, 11, 34, 36, 47, 65, 74, 75, 83, 84, 86]
STAGE final_improve ALLOWANCE 148.7924451889703
BEST scan_02_04 0.09536559409546776 trace 6.156291068906057 support [0, 10, 11, 34, 36, 47, 65, 74, 75, 83, 84, 86]
BEST scan_02_04 0.09535175618888586 trace 6.156249177500084 support [ 0 10 11 34 36 47 65 74 75 83 84 86]
CONT 0.001 0.34992808532961805
CONT 0.0001 3.1255881058345287
CONT 1e-05 27.942986281881414
CONT 1e-06 267.82281118732635
CONT 1e-07 965.4805325232282
CONT 1e-08 965.4805329876486
CONT 1e-09 965.480532967798
BEST scan_02_04 0.09534640225776159 trace 6.15632607541543 support [ 0 10 11 36 37 47 65 74 75 83 84 86]
BEST scan_02_04 0.09532136275886051 trace 6.156337091863198 support [ 0 10 11 35 36 47 65 66 74 75 83 86]
BEST scan_02_04 0.09527691112269648 trace 6.156414628017606 support [ 0 10 11 35 47 65 66 67 74 75 83 86]
BEST scan_02_04 0.09512700358889002 trace 6.156351855069725 support [ 0 10 11 35 47 65 66 72 74 75 83 86]
BEST scan_02_04 0.09487448563189985 trace 6.156131613546092 support [ 0 10 11 35 47 66 72 74 75 83 86 89]
BEST scan_02_04 0.09471161215458056 trace 6.155603139803455 support [ 0 10 12 35 47 66 72 74 75 83 86 89]
BEST scan_02_04 0.09469288396961631 trace 6.155950626526281 support [ 0 10 12 35 47 72 74 75 79 83 86 89]
BEST scan_02_04 0.0946714021334396 trace 6.155932891193649 support [ 0 10 12 35 47 55 72 74 75 83 86 89]
BEST scan_02_04 0.09464294418483656 trace 6.15630198794938 support [ 0 10 12 35 47 55 71 72 74 75 83 86]
BEST scan_02_04 0.09458855915595538 trace 6.156511597061678 support [ 0 10 12 36 47 55 71 72 74 75 83 86]
BEST scan_02_04 0.09455226304772987 trace 6.156597663963737 support [ 0 10 12 47 55 71 72 74 75 83 86 91]
BEST scan_02_04 0.09430905010467966 trace 6.154134659715012 support [ 0 10 12 47 55 71 73 74 75 83 86 91]
BEST scan_02_04 0.09420851402736832 trace 6.154152058793665 support [ 0 10 12 47 55 71 74 75 83 84 86 91]
BEST scan_02_04 0.0935571755881383 trace 6.154359332945441 support [ 0 10 12 47 49 71 74 75 84 86 91 95]
BEST scan_02_04 0.09348558958625588 trace 6.154425220698674 support [ 0 10 12 47 49 71 74 75 79 84 86 95]
BEST scan_02_04 0.09334763682780793 trace 6.154631802734579 support [ 0 10 12 47 49 54 71 74 75 84 86 95]
STAGE_ERROR final_improve StageTimeout stage allowance exhausted
