{
  "radius": 0.02,
  "samples": 2400,
  "seed": 928781,
  "elapsed_seconds": 59.75588924298063,
  "scientific_scope": "Finite-range Hermitian model under simultaneous bounded coefficient changes, not generation-1 required points",
  "failure_counts": {
    "mass_offset": 48,
    "dispersion": 51,
    "hybridization": 40,
    "mixed": 232
  },
  "worst_by_family": {
    "mass_offset": {
      "family": "mass_offset",
      "trial": 860,
      "displacement": [
        -0.010183665760038966,
        -0.017417068277799905,
        -0.004705793322742338,
        0.00333563350103145,
        0.017361787156719575,
        0.019630391541299554,
        -0.013098126479121956,
        -0.013699127578687569,
        0.01225024507935903,
        0.0,
        0.0,
        0.0,
        0.0,
        0.0,
        0.0,
        0.0,
        0.0,
        0.0,
        0.0,
        0.0,
        0.0,
        0.0,
        0.0,
        0.0,
        0.0
      ],
      "metrics": {
        "size": 41,
        "windows": [
          0.3226894287353712,
          0.33671433353847857,
          0.3380278366663804
        ],
        "full": 0.9999999863920632,
        "contributions": [
          0.07458149219349534,
          0.24810793654187585,
          0.014024904803107365,
          0.0013135031279018553,
          0.6619721497256827
        ],
        "optical": [
          0.012968891109013794,
          0.04735206620901619,
          0.021128206231452937,
          0.019412793130564418,
          0.16583023390422758
        ],
        "chern": 1.0000000000000002,
        "sampled_gap": 0.7753498985348386,
        "gap_lower_bound": 0.06715947038097791,
        "max_flux": 0.04313074547770489,
        "min_overlap": 0.9862555070576375,
        "norm_upper_bound": 3.495157193507778,
        "plateau_spread": 0.015338407931009213,
        "plateau_mean": 0.33247719964674344,
        "omitted_response": 0.6675227867453197,
        "retained_optical_min": 0.012968891109013794
      },
      "fine_metrics": {
        "size": 129,
        "windows": [
          0.3226838879089616,
          0.33671432813060603,
          0.33802785007551694
        ],
        "full": 1.0000000000000038,
        "contributions": [
          0.07479989630904844,
          0.24788399159991314,
          0.014030440221644472,
          0.001313521944910915,
          0.6619721499244868
        ],
        "optical": [
          0.013006832544012378,
          0.047313309475457616,
          0.021129025041023302,
          0.01941279354489075,
          0.16583023395220958
        ],
        "chern": 1.0,
        "sampled_gap": 0.7727751959678156,
        "gap_lower_bound": 0.5476914164770537,
        "max_flux": 0.00450651766077799,
        "min_overlap": 0.9985573745945708,
        "norm_upper_bound": 3.2540333556154635,
        "plateau_spread": 0.01534396216655537,
        "plateau_mean": 0.33247535537169487,
        "omitted_response": 0.667524644628309,
        "retained_optical_min": 0.013006832544012378
      }
    },
    "dispersion": {
      "family": "dispersion",
      "trial": 1825,
      "displacement": [
        0.0,
        0.0,
        0.0,
        0.0,
        0.0,
        0.0,
        0.0,
        0.0,
        0.0,
        -0.01838861142237396,
        0.01444377347666784,
        -0.016693381614333418,
        -0.017342099185514992,
        0.0,
        0.0,
        0.0,
        0.0,
        0.0,
        0.0,
        0.0,
        0.0,
        0.0,
        0.0,
        0.0,
        0.0
      ],
      "metrics": {
        "size": 41,
        "windows": [
          0.33766021801110563,
          0.3581703675969102,
          0.3411800967052286
        ],
        "full": 0.9999999767391592,
        "contributions": [
          0.12548226304299517,
          0.21217795496811045,
          0.020510149585804542,
          -0.01699027089168157,
          0.6588198800339307
        ],
        "optical": [
          0.021757062951602728,
          0.04231765233488147,
          0.020077533013174657,
          0.018799608095185317,
          0.16597492439299594
        ],
        "chern": 1.0,
        "sampled_gap": 0.7908571704482916,
        "gap_lower_bound": 0.08218806980689763,
        "max_flux": 0.04817619541786289,
        "min_overlap": 0.9847685276688275,
        "norm_upper_bound": 3.4686491631015617,
        "plateau_spread": 0.02051014958580455,
        "plateau_mean": 0.3456702274377481,
        "omitted_response": 0.6543297493014111,
        "retained_optical_min": 0.018799608095185317
      },
      "fine_metrics": {
        "size": 129,
        "windows": [
          0.3376901057660011,
          0.35817159890630623,
          0.34118011970203055
        ],
        "full": 0.9999999999999992,
        "contributions": [
          0.12548589096612117,
          0.21220421479987991,
          0.02048149314030513,
          -0.016991479204275687,
          0.6588198802979687
        ],
        "optical": [
          0.021757826253481133,
          0.04232228069146969,
          0.02007234229987282,
          0.018799413339554226,
          0.16597492445126846
        ],
        "chern": 0.9999999999999999,
        "sampled_gap": 0.7872578617247002,
        "gap_lower_bound": 0.5620219460169704,
        "max_flux": 0.005052309193654923,
        "min_overlap": 0.9983950969979694,
        "norm_upper_bound": 3.2273067605616914,
        "plateau_spread": 0.020481493140305118,
        "plateau_mean": 0.34568060812477935,
        "omitted_response": 0.6543193918752199,
        "retained_optical_min": 0.018799413339554226
      }
    },
    "hybridization": {
      "family": "hybridization",
      "trial": 2134,
      "displacement": [
        0.0,
        0.0,
        0.0,
        0.0,
        0.0,
        0.0,
        0.0,
        0.0,
        0.0,
        0.0,
        0.0,
        0.0,
        0.0,
        0.019513233107656822,
        -0.017308335040710096,
        -0.018767835754580315,
        -0.0029355915119754702,
        -0.019437543351771672,
        0.010709440714307742,
        -0.019710214434282156,
        -0.017362233669955734,
        0.0,
        0.0,
        0.0,
        0.0
      ],
      "metrics": {
        "size": 41,
        "windows": [
          0.3110663143217521,
          0.32665032707961256,
          0.32330471570407127
        ],
        "full": 0.9999999713862969,
        "contributions": [
          0.06537777822631195,
          0.2456885360954401,
          0.015584012757860503,
          -0.003345611375541308,
          0.6766952556822257
        ],
        "optical": [
          0.011292055400438344,
          0.04696544703346435,
          0.01985734805130853,
          0.019003023191774212,
          0.16988950870800631
        ],
        "chern": 1.0,
        "sampled_gap": 0.7894123779038689,
        "gap_lower_bound": 0.08172286723382483,
        "max_flux": 0.04673057451205181,
        "min_overlap": 0.9855143726724477,
        "norm_upper_bound": 3.450018981687901,
        "plateau_spread": 0.015584012757860477,
        "plateau_mean": 0.32034045236847863,
        "omitted_response": 0.6796595190178183,
        "retained_optical_min": 0.011292055400438344
      },
      "fine_metrics": {
        "size": 129,
        "windows": [
          0.31108804675876667,
          0.3266503532610875,
          0.3233047439869362
        ],
        "full": 0.9999999999999984,
        "contributions": [
          0.06571722688872164,
          0.24537081987004503,
          0.015562306502320832,
          -0.003345609274151275,
          0.6766952560130622
        ],
        "optical": [
          0.011347046694654006,
          0.04691409865939115,
          0.019853712665839227,
          0.01900302318271147,
          0.16988950878152376
        ],
        "chern": 1.0,
        "sampled_gap": 0.7866772682547946,
        "gap_lower_bound": 0.5617526950960984,
        "max_flux": 0.004881183491342482,
        "min_overlap": 0.9984703761592975,
        "norm_upper_bound": 3.2089486063767017,
        "plateau_spread": 0.015562306502320822,
        "plateau_mean": 0.32034771466893014,
        "omitted_response": 0.6796522853310683,
        "retained_optical_min": 0.011347046694654006
      }
    },
    "mixed": {
      "family": "mixed",
      "trial": 539,
      "displacement": [
        0.007544537541601309,
        -0.015261937721468843,
        0.012981914708307517,
        -0.0055431638427718925,
        -0.00020533465988017974,
        0.0005309928223988652,
        -0.012369742725353756,
        -0.01691832312473026,
        0.013553195129524642,
        -0.008219537420567295,
        0.018809213073959646,
        0.006592341216262742,
        -0.013070622427689981,
        0.0068888127470744034,
        -0.016941040504722418,
        -0.013828904014978357,
        0.019013602098609774,
        -0.006933820686267982,
        -0.0010189456122043222,
        -0.013244654290696368,
        -0.009343405628440804,
        0.0,
        0.0,
        0.0,
        0.0
      ],
      "metrics": {
        "size": 41,
        "windows": [
          0.32289918668533335,
          0.356407239100184,
          0.33274077282128595
        ],
        "full": 0.9999999713202683,
        "contributions": [
          0.09037709466147942,
          0.23252209202385393,
          0.03350805241485065,
          -0.023666466278898048,
          0.6672591984989824
        ],
        "optical": [
          0.01563986879945395,
          0.04512009179811243,
          0.024677939694252967,
          0.015421152137061326,
          0.16817559122626374
        ],
        "chern": 1.0,
        "sampled_gap": 0.7619820065939613,
        "gap_lower_bound": 0.055019719798014344,
        "max_flux": 0.04786673636820763,
        "min_overlap": 0.9846354488880589,
        "norm_upper_bound": 3.4468200396607434,
        "plateau_spread": 0.033508052414850664,
        "plateau_mean": 0.3373490662022678,
        "omitted_response": 0.6626509051180005,
        "retained_optical_min": 0.015421152137061326
      },
      "fine_metrics": {
        "size": 129,
        "windows": [
          0.32290383223925256,
          0.3564072696360805,
          0.332740801089079
        ],
        "full": 0.9999999999999988,
        "contributions": [
          0.0903713711629531,
          0.23253246107629943,
          0.03350343739682791,
          -0.023666468547001485,
          0.6672591989109198
        ],
        "optical": [
          0.0156387288615633,
          0.0451229118245937,
          0.02467626817876191,
          0.015421151747125782,
          0.16817559131741497
        ],
        "chern": 1.0,
        "sampled_gap": 0.7591260824991254,
        "gap_lower_bound": 0.5344326425097159,
        "max_flux": 0.005008585492755546,
        "min_overlap": 0.9983852922487967,
        "norm_upper_bound": 3.2060649475962206,
        "plateau_spread": 0.03350343739682793,
        "plateau_mean": 0.3373506343214707,
        "omitted_response": 0.6626493656785281,
        "retained_optical_min": 0.015421151747125782
      }
    }
  },
  "root_causes": [
    "spectral-window cancellation sensitivity",
    "simultaneous perturbations absent from axis-only audit"
  ]
}
