{
  "radius": 0.02,
  "samples": 1200,
  "seed": 928781,
  "distribution": "box corners",
  "elapsed_seconds": 29.803968845051713,
  "scientific_scope": "Finite-range Hermitian model under simultaneous bounded coefficient changes, not generation-1 required points",
  "failure_counts": {
    "mass_offset": 12,
    "dispersion": 0,
    "hybridization": 2,
    "mixed": 69
  },
  "worst_by_family": {
    "mass_offset": {
      "family": "mass_offset",
      "trial": 1184,
      "displacement": [
        -0.02,
        0.02,
        -0.02,
        -0.02,
        0.02,
        0.02,
        -0.02,
        -0.02,
        -0.02,
        0.0,
        0.0,
        0.0,
        0.0,
        0.0,
        0.0,
        0.0,
        0.0,
        0.0,
        0.0,
        0.0,
        0.0,
        0.0,
        0.0,
        0.0,
        0.0
      ],
      "metrics": {
        "size": 41,
        "windows": [
          0.3542623547469156,
          0.3632133940802519,
          0.3660144539107784
        ],
        "full": 0.9999999061080924,
        "contributions": [
          0.08280549926917882,
          0.2714568554777368,
          0.008951039333336306,
          0.00280105983052655,
          0.6339854521973141
        ],
        "optical": [
          0.01595221058806798,
          0.05494490289819891,
          0.01730217574028615,
          0.019896463793768002,
          0.1709629507733933
        ],
        "chern": 1.0,
        "sampled_gap": 0.6859221713181478,
        "gap_lower_bound": -0.09313613361743478,
        "max_flux": 0.04130450543508831,
        "min_overlap": 0.9887009254232878,
        "norm_upper_bound": 3.9845504532638825,
        "plateau_spread": 0.011752099163862828,
        "plateau_mean": 0.3611634009126486,
        "omitted_response": 0.6388365051954439,
        "retained_optical_min": 0.01595221058806798
      },
      "fine_metrics": {
        "size": 129,
        "windows": [
          0.35426247039326214,
          0.36321348738535236,
          0.36601454613257767
        ],
        "full": 0.9999999999999974,
        "contributions": [
          0.08286627105890186,
          0.27139619933436027,
          0.00895101699209024,
          0.0028010587472253137,
          0.6339854538674198
        ],
        "optical": [
          0.015961801563422657,
          0.054935241808681055,
          0.017302271767716173,
          0.019896463599013453,
          0.17096295110103873
        ],
        "chern": 1.0,
        "sampled_gap": 0.6817005816944417,
        "gap_lower_bound": 0.43409290338158213,
        "max_flux": 0.004316082577377874,
        "min_overlap": 0.9988272550431718,
        "norm_upper_bound": 3.719927298091872,
        "plateau_spread": 0.011752075739315526,
        "plateau_mean": 0.3611635013037307,
        "omitted_response": 0.6388364986962667,
        "retained_optical_min": 0.015961801563422657
      }
    },
    "dispersion": {
      "family": "dispersion",
      "trial": 457,
      "displacement": [
        0.0,
        0.0,
        0.0,
        0.0,
        0.0,
        0.0,
        0.0,
        0.0,
        0.0,
        -0.02,
        0.02,
        -0.02,
        -0.02,
        0.0,
        0.0,
        0.0,
        0.0,
        0.0,
        0.0,
        0.0,
        0.0,
        0.0,
        0.0,
        0.0,
        0.0
      ],
      "metrics": {
        "size": 41,
        "windows": [
          0.36471211758302946,
          0.37276065975181005,
          0.3683041976873273
        ],
        "full": 0.9999998398274967,
        "contributions": [
          0.1732356926234396,
          0.19147642495958989,
          0.008048542168780606,
          -0.004456462064482737,
          0.6316956421401694
        ],
        "optical": [
          0.03235799096141528,
          0.042700924257282,
          0.01751495102224307,
          0.018806128161241845,
          0.1709455837114363
        ],
        "chern": 1.0000000000000002,
        "sampled_gap": 0.7180847153754497,
        "gap_lower_bound": -0.06105844615798939,
        "max_flux": 0.04792758598056658,
        "min_overlap": 0.9872115477989897,
        "norm_upper_bound": 3.967133921677929,
        "plateau_spread": 0.008048542168780592,
        "plateau_mean": 0.368592325007389,
        "omitted_response": 0.6314075148201077,
        "retained_optical_min": 0.01751495102224307
      },
      "fine_metrics": {
        "size": 129,
        "windows": [
          0.3647122733467283,
          0.37275895330758413,
          0.3683043559868327
        ],
        "full": 0.9999999999999998,
        "contributions": [
          0.1733082075827105,
          0.1914040657640178,
          0.00804667996085584,
          -0.004454597320751449,
          0.6316956440131671
        ],
        "optical": [
          0.0323709685612466,
          0.0426879897339031,
          0.01751474876200907,
          0.01880632965551367,
          0.17094558408505187
        ],
        "chern": 1.0000000000000002,
        "sampled_gap": 0.7104959009058135,
        "gap_lower_bound": 0.46286125266650335,
        "max_flux": 0.0050326163736787366,
        "min_overlap": 0.998629097981366,
        "norm_upper_bound": 3.7025171304737285,
        "plateau_spread": 0.00804667996085584,
        "plateau_mean": 0.3685918608803817,
        "omitted_response": 0.631408139119618,
        "retained_optical_min": 0.01751474876200907
      }
    },
    "hybridization": {
      "family": "hybridization",
      "trial": 618,
      "displacement": [
        0.0,
        0.0,
        0.0,
        0.0,
        0.0,
        0.0,
        0.0,
        0.0,
        0.0,
        0.0,
        0.0,
        0.0,
        0.0,
        0.02,
        -0.02,
        -0.02,
        0.02,
        -0.02,
        -0.02,
        0.02,
        -0.02,
        0.0,
        0.0,
        0.0,
        0.0
      ],
      "metrics": {
        "size": 41,
        "windows": [
          0.3488104650575446,
          0.35795301383381695,
          0.35432083605844655
        ],
        "full": 0.9999998852556929,
        "contributions": [
          0.10124295258756001,
          0.24756751246998457,
          0.00914254877627237,
          -0.003632177775370374,
          0.6456790491972464
        ],
        "optical": [
          0.020125706483514368,
          0.05093022901855392,
          0.017179522895735065,
          0.01710612917207781,
          0.17435053051597113
        ],
        "chern": 1.0,
        "sampled_gap": 0.7188676450168445,
        "gap_lower_bound": -0.05944632553287155,
        "max_flux": 0.04465370284976787,
        "min_overlap": 0.9882360042564928,
        "norm_upper_bound": 3.947776289638573,
        "plateau_spread": 0.009142548776272352,
        "plateau_mean": 0.35369477164993607,
        "omitted_response": 0.6463051136057569,
        "retained_optical_min": 0.01710612917207781
      },
      "fine_metrics": {
        "size": 129,
        "windows": [
          0.34881016550104377,
          0.3579531248625008,
          0.35432094915539525
        ],
        "full": 1.0000000000000016,
        "contributions": [
          0.10124387584295663,
          0.24756628965808714,
          0.00914295936145704,
          -0.0036321757071055617,
          0.6456790508446063
        ],
        "optical": [
          0.02012587387333721,
          0.050930217553509974,
          0.017179397748613955,
          0.01710612948034917,
          0.17435053085198743
        ],
        "chern": 0.9999999999999997,
        "sampled_gap": 0.7143620664937143,
        "gap_lower_bound": 0.46699095957481224,
        "max_flux": 0.00465084027273989,
        "min_overlap": 0.998750279270855,
        "norm_upper_bound": 3.6834321037301665,
        "plateau_spread": 0.009142959361457037,
        "plateau_mean": 0.35369474650631333,
        "omitted_response": 0.6463052534936882,
        "retained_optical_min": 0.01710612948034917
      }
    },
    "mixed": {
      "family": "mixed",
      "trial": 307,
      "displacement": [
        -0.02,
        -0.02,
        0.02,
        -0.02,
        0.02,
        0.02,
        -0.02,
        -0.02,
        -0.02,
        -0.02,
        0.02,
        0.02,
        0.02,
        0.02,
        0.02,
        -0.02,
        -0.02,
        -0.02,
        -0.02,
        0.02,
        -0.02,
        0.0,
        0.0,
        0.0,
        0.0
      ],
      "metrics": {
        "size": 41,
        "windows": [
          0.32733559261369977,
          0.34511599495889234,
          0.34653776379847473
        ],
        "full": 0.9999999002599991,
        "contributions": [
          0.09345266985032612,
          0.23388292276337364,
          0.017780402345192573,
          0.0014217688395824052,
          0.6534621364615244
        ],
        "optical": [
          0.018620103792064732,
          0.04662508639982312,
          0.01747958919274407,
          0.019354018054516565,
          0.17459099830286515
        ],
        "chern": 1.0,
        "sampled_gap": 0.6713676623362174,
        "gap_lower_bound": -0.10682793939972313,
        "max_flux": 0.04071221354009471,
        "min_overlap": 0.9883967412998131,
        "norm_upper_bound": 3.969157561406219,
        "plateau_spread": 0.019202171184774963,
        "plateau_mean": 0.33966311712368896,
        "omitted_response": 0.6603367831363101,
        "retained_optical_min": 0.01747958919274407
      },
      "fine_metrics": {
        "size": 129,
        "windows": [
          0.32733494154476145,
          0.34511608565151264,
          0.34653786127120706
        ],
        "full": 1.0000000000000029,
        "contributions": [
          0.09344996258033357,
          0.23388497896442786,
          0.017781144106751218,
          0.0014217756196944285,
          0.6534621387287958
        ],
        "optical": [
          0.01861971500787889,
          0.04662552969786046,
          0.01747956262364577,
          0.01935401925000079,
          0.17459099875938083
        ],
        "chern": 0.9999999999999999,
        "sampled_gap": 0.6670422041196558,
        "gap_lower_bound": 0.41970871829660494,
        "max_flux": 0.004234972475731689,
        "min_overlap": 0.9987919945534758,
        "norm_upper_bound": 3.704806811068118,
        "plateau_spread": 0.01920291972644561,
        "plateau_mean": 0.3396629628224937,
        "omitted_response": 0.6603370371775092,
        "retained_optical_min": 0.01747956262364577
      }
    }
  },
  "root_causes": [
    "spectral-window cancellation sensitivity",
    "simultaneous perturbations absent from axis-only audit"
  ]
}
