candidate 0 step 100 training pass probability 0.08956521739130435 expected KL 0.02869574101635973 ratio quantiles [1.02496432 1.39180557 2.15102481 4.4516248 ]
candidate 0 step 100 validation pass probability 0.06260869565217392 expected KL 0.028512907792871398 ratio quantiles [1.0876491  1.47205829 2.28841695 4.18880743]
elapsed 11.621365785598755 smooth loss -0.10731355911111376
candidate 0 step 200 training pass probability 0.08869565217391304 expected KL 0.02872196051985521 ratio quantiles [1.02191913 1.39073806 2.1500216  4.45549176]
candidate 0 step 200 validation pass probability 0.06608695652173913 expected KL 0.028528698094755826 ratio quantiles [1.0937738  1.4661809  2.28193212 4.20809285]
elapsed 15.503819227218628 smooth loss -0.10725756589471873
candidate 0 step 300 training pass probability 0.09217391304347826 expected KL 0.029628877626593338 ratio quantiles [1.0180963  1.40454177 2.16313412 4.51003187]
candidate 0 step 300 validation pass probability 0.06434782608695652 expected KL 0.029455291567754793 ratio quantiles [1.10351878 1.47736612 2.2934264  4.23374817]
elapsed 18.675498485565186 smooth loss -0.09706913756940386
candidate 0 step 400 training pass probability 0.09304347826086956 expected KL 0.029731746927693033 ratio quantiles [1.01759158 1.40849208 2.16488567 4.50765249]
candidate 0 step 400 validation pass probability 0.06782608695652174 expected KL 0.029559410438572374 ratio quantiles [1.10624251 1.47785168 2.295219   4.24266718]
elapsed 21.72245192527771 smooth loss -0.09706985010164661
candidate 0 step 500 training pass probability 0.10347826086956521 expected KL 0.02999877465671988 ratio quantiles [0.99696083 1.41472363 2.18861653 4.52633858]
candidate 0 step 500 validation pass probability 0.06347826086956522 expected KL 0.029823694143179227 ratio quantiles [1.10780952 1.47838401 2.28912301 4.24200068]
elapsed 24.86158776283264 smooth loss -0.09821847697565361
candidate 0 step 600 training pass probability 0.10260869565217391 expected KL 0.02986579190630022 ratio quantiles [0.99601209 1.42121424 2.18670045 4.51908417]
candidate 0 step 600 validation pass probability 0.06434782608695652 expected KL 0.029695193317295913 ratio quantiles [1.10843972 1.48643978 2.29516394 4.24604949]
elapsed 27.261578798294067 smooth loss -0.09835378125229399
candidate 1 step 100 training pass probability 0.09043478260869565 expected KL 0.02872644425524872 ratio quantiles [1.0215152  1.39181452 2.15096083 4.45176551]
candidate 1 step 100 validation pass probability 0.06434782608695652 expected KL 0.028528123098321072 ratio quantiles [1.09212507 1.46964116 2.29079261 4.21004894]
elapsed 29.706785202026367 smooth loss -0.10734166707535713
candidate 1 step 200 training pass probability 0.09130434782608696 expected KL 0.02880375505622884 ratio quantiles [1.02072394 1.39295801 2.15319573 4.44140766]
candidate 1 step 200 validation pass probability 0.06260869565217392 expected KL 0.028612123436345605 ratio quantiles [1.09117791 1.47161252 2.2874771  4.19451947]
elapsed 31.85487151145935 smooth loss -0.10733861108987545
candidate 1 step 300 training pass probability 0.09043478260869565 expected KL 0.029697351204937467 ratio quantiles [1.01776554 1.40980369 2.16434468 4.51249416]
candidate 1 step 300 validation pass probability 0.06434782608695652 expected KL 0.029530485664115452 ratio quantiles [1.10538827 1.48299608 2.29279141 4.22954408]
elapsed 34.3038215637207 smooth loss -0.0970451596735543
candidate 1 step 400 training pass probability 0.09304347826086956 expected KL 0.029654696435640712 ratio quantiles [1.02016938 1.40736036 2.16690082 4.51531765]
candidate 1 step 400 validation pass probability 0.06608695652173913 expected KL 0.029490467709530354 ratio quantiles [1.10747186 1.4798786  2.29773847 4.22248946]
elapsed 37.32341647148132 smooth loss -0.09709969792236561
candidate 1 step 500 training pass probability 0.10260869565217391 expected KL 0.030041823500017942 ratio quantiles [0.99969304 1.41775701 2.19374457 4.52845353]
candidate 1 step 500 validation pass probability 0.06434782608695652 expected KL 0.029856160857620523 ratio quantiles [1.10694724 1.48052024 2.30596235 4.2459685 ]
elapsed 39.74276566505432 smooth loss -0.09824084952624315
candidate 1 step 600 training pass probability 0.10260869565217391 expected KL 0.029859199226495384 ratio quantiles [0.99426632 1.4198367  2.18711288 4.51757696]
candidate 1 step 600 validation pass probability 0.06521739130434782 expected KL 0.029687094607224775 ratio quantiles [1.10676756 1.4814064  2.28623848 4.24691245]
elapsed 42.33092212677002 smooth loss -0.098255919189742
candidate 2 step 100 training pass probability 0.09217391304347826 expected KL 0.028763320997143394 ratio quantiles [1.01975667 1.39315001 2.14568202 4.45105177]
candidate 2 step 100 validation pass probability 0.06521739130434782 expected KL 0.02856803425993397 ratio quantiles [1.08764545 1.46705597 2.28118435 4.18513524]
elapsed 45.590017795562744 smooth loss -0.10720813509948732
candidate 2 step 200 training pass probability 0.09043478260869565 expected KL 0.028773024040645016 ratio quantiles [1.0195609  1.39196367 2.14933201 4.45421176]
candidate 2 step 200 validation pass probability 0.06347826086956522 expected KL 0.028580045917701732 ratio quantiles [1.09047763 1.46643904 2.2888785  4.1857224 ]
elapsed 47.88274049758911 smooth loss -0.10732790389309657
candidate 2 step 300 training pass probability 0.09130434782608696 expected KL 0.029618590202941997 ratio quantiles [1.01868542 1.40931118 2.16131788 4.51338612]
candidate 2 step 300 validation pass probability 0.06434782608695652 expected KL 0.029449037729035916 ratio quantiles [1.10364471 1.47737117 2.29321733 4.23355787]
elapsed 50.67270088195801 smooth loss -0.09706756292429934
candidate 2 step 400 training pass probability 0.09043478260869565 expected KL 0.029721319000200502 ratio quantiles [1.0178083  1.41106551 2.16793122 4.51893074]
candidate 2 step 400 validation pass probability 0.06608695652173913 expected KL 0.029557317368910884 ratio quantiles [1.10845572 1.48334481 2.2973518  4.22805571]
elapsed 53.85745716094971 smooth loss -0.09708531948826343
candidate 2 step 500 training pass probability 0.10086956521739131 expected KL 0.030067225696115696 ratio quantiles [0.99905496 1.42317909 2.18976186 4.52298185]
candidate 2 step 500 validation pass probability 0.06434782608695652 expected KL 0.029890216309157423 ratio quantiles [1.1129448  1.4853064  2.29713182 4.24197473]
elapsed 56.13270807266235 smooth loss -0.09815527957739713
candidate 2 step 600 training pass probability 0.10086956521739131 expected KL 0.02981519156635173 ratio quantiles [0.99739282 1.42553114 2.18673821 4.51720821]
candidate 2 step 600 validation pass probability 0.06434782608695652 expected KL 0.02964473500104326 ratio quantiles [1.11242965 1.49121353 2.2997972  4.24677089]
elapsed 58.101781368255615 smooth loss -0.09825401551488955
candidate 3 step 100 training pass probability 0.09043478260869565 expected KL 0.028682693356988014 ratio quantiles [1.0196497  1.39156332 2.14403605 4.45074234]
candidate 3 step 100 validation pass probability 0.06521739130434782 expected KL 0.028496207756177706 ratio quantiles [1.09102413 1.46721287 2.28306324 4.18192146]
elapsed 60.084084272384644 smooth loss -0.10722402577944821
candidate 3 step 200 training pass probability 0.09391304347826086 expected KL 0.028630421504305257 ratio quantiles [1.01981991 1.39084236 2.15201854 4.4605096 ]
candidate 3 step 200 validation pass probability 0.06347826086956522 expected KL 0.028444379079582603 ratio quantiles [1.09100645 1.46970414 2.28438973 4.18546365]
elapsed 63.714203119277954 smooth loss -0.10728345290508572
candidate 3 step 300 training pass probability 0.09304347826086956 expected KL 0.029591621799905123 ratio quantiles [1.0170845  1.40741748 2.16297408 4.51118884]
candidate 3 step 300 validation pass probability 0.06608695652173913 expected KL 0.029423677593811048 ratio quantiles [1.10709778 1.47725749 2.29584539 4.22902892]
elapsed 66.85787868499756 smooth loss -0.09708289875153098
candidate 3 step 400 training pass probability 0.09130434782608696 expected KL 0.029658397375028237 ratio quantiles [1.01836507 1.40573822 2.16762027 4.51144243]
candidate 3 step 400 validation pass probability 0.06782608695652174 expected KL 0.02949127192661705 ratio quantiles [1.10521814 1.48027802 2.29366396 4.22706121]
elapsed 68.82862401008606 smooth loss -0.097024151850029
candidate 3 step 500 training pass probability 0.10086956521739131 expected KL 0.03003495580169003 ratio quantiles [0.9958645  1.42216221 2.18673567 4.5276471 ]
candidate 3 step 500 validation pass probability 0.06434782608695652 expected KL 0.029853614506305467 ratio quantiles [1.1092428  1.49023052 2.29825366 4.24615826]
elapsed 70.65531301498413 smooth loss -0.09814481597471414
candidate 3 step 600 training pass probability 0.10260869565217391 expected KL 0.029886300358439682 ratio quantiles [0.99546449 1.42605573 2.18476354 4.51759068]
candidate 3 step 600 validation pass probability 0.06521739130434782 expected KL 0.029711066946887507 ratio quantiles [1.11112281 1.48830851 2.30188952 4.24607487]
elapsed 73.00473403930664 smooth loss -0.09828038329301497
candidate 4 step 100 training pass probability 0.09043478260869565 expected KL 0.028655248830577462 ratio quantiles [1.01980679 1.38758825 2.15689636 4.45378502]
candidate 4 step 100 validation pass probability 0.06347826086956522 expected KL 0.028471682581573253 ratio quantiles [1.09337594 1.47655906 2.28905643 4.19228245]
elapsed 75.0781147480011 smooth loss -0.10735431262084134
candidate 4 step 200 training pass probability 0.09043478260869565 expected KL 0.028760173359609387 ratio quantiles [1.02021096 1.39106772 2.15012293 4.45106617]
candidate 4 step 200 validation pass probability 0.06521739130434782 expected KL 0.028566863121989052 ratio quantiles [1.09290295 1.46703705 2.28298373 4.18695333]
elapsed 76.97753477096558 smooth loss -0.10733017283415823
candidate 4 step 300 training pass probability 0.09304347826086956 expected KL 0.029650160488337223 ratio quantiles [1.02198755 1.40753215 2.16077203 4.51164514]
candidate 4 step 300 validation pass probability 0.06695652173913043 expected KL 0.029483869118387664 ratio quantiles [1.10964708 1.47743607 2.29430891 4.23634638]
elapsed 79.40202212333679 smooth loss -0.0970977289780484
candidate 4 step 400 training pass probability 0.09130434782608696 expected KL 0.02970838307641517 ratio quantiles [1.01912643 1.41089834 2.16785051 4.51738468]
candidate 4 step 400 validation pass probability 0.06608695652173913 expected KL 0.029544007897922452 ratio quantiles [1.11049884 1.48295149 2.29764066 4.2322874 ]
elapsed 81.69354224205017 smooth loss -0.09718159828757097
candidate 4 step 500 training pass probability 0.10086956521739131 expected KL 0.029987676950986933 ratio quantiles [0.99695739 1.41666392 2.19441838 4.52787454]
candidate 4 step 500 validation pass probability 0.06347826086956522 expected KL 0.029796794277856385 ratio quantiles [1.10333162 1.48032596 2.3069005  4.25288072]
elapsed 84.0496015548706 smooth loss -0.09810370196026211
candidate 4 step 600 training pass probability 0.10086956521739131 expected KL 0.029924130974289004 ratio quantiles [0.99700808 1.42526638 2.18441419 4.52076194]
candidate 4 step 600 validation pass probability 0.06260869565217392 expected KL 0.029754478160090546 ratio quantiles [1.1080147  1.4925867  2.29600939 4.24422245]
elapsed 86.63500213623047 smooth loss -0.09829923814783187
candidate 5 step 100 training pass probability 0.09130434782608696 expected KL 0.02862412309839705 ratio quantiles [1.0167622  1.38913855 2.15040987 4.44224308]
candidate 5 step 100 validation pass probability 0.06434782608695652 expected KL 0.028430761015087853 ratio quantiles [1.08852559 1.47143528 2.2858934  4.19056855]
elapsed 90.58990716934204 smooth loss -0.10729029160450705
candidate 5 step 200 training pass probability 0.08956521739130435 expected KL 0.028942132340729686 ratio quantiles [1.02530132 1.39174775 2.15073194 4.45695869]
candidate 5 step 200 validation pass probability 0.06434782608695652 expected KL 0.028745755586785313 ratio quantiles [1.08990539 1.4654438  2.28435849 4.21330938]
elapsed 93.8702142238617 smooth loss -0.10727984087458022
candidate 5 step 300 training pass probability 0.09304347826086956 expected KL 0.029591331771574164 ratio quantiles [1.01991142 1.40825917 2.162457   4.51024191]
candidate 5 step 300 validation pass probability 0.06608695652173913 expected KL 0.02942477927587804 ratio quantiles [1.10634541 1.47723242 2.29170638 4.2228816 ]
elapsed 95.8638846874237 smooth loss -0.09719005407157925
candidate 5 step 400 training pass probability 0.09130434782608696 expected KL 0.029667197738736672 ratio quantiles [1.01755348 1.40647353 2.1679857  4.51579611]
candidate 5 step 400 validation pass probability 0.06695652173913043 expected KL 0.029505432353550423 ratio quantiles [1.10670592 1.48152174 2.29910565 4.22208217]
elapsed 97.72603583335876 smooth loss -0.09715350017114897
candidate 5 step 500 training pass probability 0.10086956521739131 expected KL 0.030027083655344813 ratio quantiles [0.99816413 1.41721291 2.18967383 4.52691527]
candidate 5 step 500 validation pass probability 0.06608695652173913 expected KL 0.029840675496010733 ratio quantiles [1.10726878 1.48451858 2.29974094 4.24714427]
elapsed 99.98790240287781 smooth loss -0.09821255416911331
candidate 5 step 600 training pass probability 0.10260869565217391 expected KL 0.029921224990398614 ratio quantiles [0.99594164 1.42096143 2.18646612 4.51619855]
candidate 5 step 600 validation pass probability 0.06260869565217392 expected KL 0.029745961404083806 ratio quantiles [1.10784687 1.48480072 2.29447852 4.24450216]
elapsed 102.70851278305054 smooth loss -0.09833040239651854
