setup (1056, 88)
iterate 0 0 0.87590892 2.0
BEST 0 0 {"scale": 0.9396543373284797, "error": 0.0022608391097380925, "minimum": 0.08000009999999988, "maximum": 4.958767430949694, "trace": 1.3035828178782118}
BEST 0 1 {"scale": 0.9381327073727274, "error": 0.002807758839712652, "minimum": 0.08000009999999988, "maximum": 5.692942970588493, "trace": 1.3066691708355962}
BEST 0 2 {"scale": 0.9240634206382895, "error": 0.0031881092614105314, "minimum": 0.08000009999999994, "maximum": 5.630373061895703, "trace": 1.32893592535175}
BEST 0 3 {"scale": 0.9232098835790934, "error": 0.003540374357302914, "minimum": 0.08000009999999992, "maximum": 5.6974985700247425, "trace": 1.378833778053921}
BEST 0 4 {"scale": 0.9551830543921166, "error": 0.0035140264594773984, "minimum": 0.08000009999999991, "maximum": 5.889699452449137, "trace": 1.4403864364464298}
iterate 0 5 0.98694123 6.0
BEST 0 5 {"scale": 0.970935219537124, "error": 0.0034704169323865456, "minimum": 0.08600180227618041, "maximum": 5.9999999, "trace": 1.4765354917499245}
iterate 0 10 1.005523373 9.9
BEST 0 10 {"scale": 0.9660335729445982, "error": 0.0035546608627013586, "minimum": 0.08000009999999995, "maximum": 5.85624589125532, "trace": 1.4837550378613678}
BEST 0 11 {"scale": 0.9671136626256565, "error": 0.0035041949201118547, "minimum": 0.08000009999999984, "maximum": 5.904324635183987, "trace": 1.4865208887311607}
BEST 0 12 {"scale": 0.9716572710860506, "error": 0.0035322617322165934, "minimum": 0.08000009999999998, "maximum": 5.930395954937189, "trace": 1.4975467890047256}
iterate 0 15 1.014402819 14.5
iterate 0 20 1.023221642 18.9
iterate 0 25 1.024716991 23.1
restart done 0 raw 1.0247169913924374 best 1.4975467890047256
iterate 1 0 0.896723851 24.7
iterate 1 5 0.939328112 29.8
iterate 1 10 0.988064763 33.7
BEST 1 10 {"scale": 0.9792224414285663, "error": 0.0034917532585441503, "minimum": 0.08000009999999999, "maximum": 5.971783677842286, "trace": 1.5057032100531058}
BEST 1 11 {"scale": 0.9802479040025599, "error": 0.0034872395454254115, "minimum": 0.0800000999999999, "maximum": 5.986610188214893, "trace": 1.512498842361731}
iterate 1 15 0.99319042 37.7
iterate 1 20 1.006412134 41.7
iterate 1 25 1.014597256 45.7
iterate 1 30 1.024491323 49.7
restart done 1 raw 1.0247169913924379 best 1.512498842361731
iterate 2 0 0.877515134 54.7
iterate 2 5 0.90017691 58.5
iterate 2 10 0.901135671 62.0
restart done 2 raw 0.9011356714337494 best 1.512498842361731
iterate 3 0 0.876525405 64.5
iterate 3 5 0.942370312 69.2
iterate 3 10 0.99057217 73.6
iterate 3 15 0.997456285 78.0
iterate 3 20 1.009140948 82.0
iterate 3 25 1.015770767 86.8
iterate 3 30 1.024709779 90.8
restart done 3 raw 1.0247169913924374 best 1.512498842361731
iterate 4 0 0.87972706 95.0
iterate 4 5 0.90011343 99.0
iterate 4 10 0.901135671 103.3
restart done 4 raw 0.9011356714337505 best 1.512498842361731
iterate 5 0 0.862421413 105.9
iterate 5 5 0.900875026 110.7
restart done 5 raw 0.9011334361739012 best 1.512498842361731
iterate 6 0 0.884575859 115.1
iterate 6 5 0.901131964 119.6
restart done 6 raw 0.9011334361738906 best 1.512498842361731
iterate 7 0 0.856302659 123.0
iterate 7 5 0.900875026 127.2
restart done 7 raw 0.9011334361739012 best 1.512498842361731
iterate 8 0 0.865346066 131.6
iterate 8 5 0.90085724 135.8
iterate 8 10 0.901135671 140.3
restart done 8 raw 0.9011356714337505 best 1.512498842361731
iterate 9 0 0.844550366 142.1
iterate 9 5 0.894420164 146.5
restart done 9 raw 0.8944201644560485 best 1.512498842361731
iterate 10 0 0.784576278 149.1
iterate 10 5 0.858936456 153.0
iterate 10 10 0.863723633 157.3
iterate 10 15 0.902378195 161.0
iterate 10 20 0.996739197 164.9
iterate 10 25 1.028736623 169.3
iterate 10 30 1.040307842 173.3
iterate 10 35 1.042471882 177.4
restart done 10 raw 1.042471881993765 best 1.512498842361731
iterate 11 0 0.803721693 180.1
iterate 11 5 0.894420164 184.4
restart done 11 raw 0.8944201644560398 best 1.512498842361731
iterate 12 0 0.78772488 187.2
restart done 12 raw 0.7895100934882353 best 1.512498842361731
iterate 13 0 0.793474253 192.6
iterate 13 5 0.898909714 196.5
restart done 13 raw 0.9011334361739012 best 1.512498842361731
iterate 14 0 0.789261702 201.2
restart done 14 raw 0.7895100934885658 best 1.512498842361731
iterate 15 0 0.782177017 205.4
iterate 15 5 0.894381224 209.9
restart done 15 raw 0.8944202003391286 best 1.512498842361731
iterate 16 0 0.789472976 213.2
restart done 16 raw 0.7895100934882353 best 1.512498842361731
iterate 17 0 0.780822098 216.6
iterate 17 5 0.789538501 220.9
restart done 17 raw 0.7895385014321987 best 1.512498842361731
iterate 18 0 0.78846212 223.3
restart done 18 raw 0.7895100934894019 best 1.512498842361731
iterate 19 0 0.789230991 228.4
restart done 19 raw 0.7895100934882707 best 1.512498842361731
iterate 20 0 0.78598089 233.1
iterate 20 5 0.789510093 237.4
restart done 20 raw 0.7895100934882353 best 1.512498842361731
iterate 21 0 0.783909385 239.1
iterate 21 5 0.788815938 243.4
iterate 21 10 0.788828811 247.7
restart done 21 raw 0.7888294289032974 best 1.512498842361731
iterate 22 0 0.775501593 251.2
iterate 22 5 0.789528595 255.6
restart done 22 raw 0.7895287336553765 best 1.512498842361731
iterate 23 0 0.776293633 258.8
iterate 23 5 0.787571624 263.5
iterate 23 10 0.789510093 268.0
restart done 23 raw 0.7895100934882353 best 1.512498842361731
