restart 0 trace 1.6060495815624545 best 1.6960215219298997 seconds 6.302377818967216
restart 1 trace 1.6302219744113349 best 1.6960215219298997 seconds 9.758136610966176
restart 2 trace 1.6300907690859787 best 1.6960215219298997 seconds 17.802657929016277
restart 3 trace 1.636864474030928 best 1.6960215219298997 seconds 34.13191459700465
restart 4 trace 1.634974693855402 best 1.6960215219298997 seconds 45.84132172900718
restart 5 trace 1.6995954900489139 best 1.6960215219298997 seconds 49.65961273002904
restart 6 trace 1.6349494055142326 best 1.6960215219298997 seconds 57.27886961598415
restart 7 trace 1.6173171408389626 best 1.6960215219298997 seconds 68.8779041779926
restart 8 trace 1.697789466275276 best 1.6960215219298997 seconds 71.60814818704966
restart 9 trace 1.6363469777494482 best 1.6960215219298997 seconds 77.82735373999458
restart 10 trace 1.6368637227697431 best 1.6960215219298997 seconds 93.17982496402692
restart 11 trace 1.6367434649999417 best 1.6960215219298997 seconds 105.62921932607424
restart 12 trace 1.5846379414323724 best 1.6960215219298997 seconds 116.78866903402377
restart 13 trace 1.699668344920339 best 1.6960215219298997 seconds 133.28006976097822
restart 14 trace 1.6373819181834735 best 1.6960215219298997 seconds 144.06243478006218
restart 15 trace 1.6996899950056008 best 1.6960215219298997 seconds 156.1674640290439
restart 16 trace 1.6996683449203296 best 1.6960215219298997 seconds 176.3121959110722
restart 17 trace 1.699689995005605 best 1.6960215219298997 seconds 194.92852372303605
restart 18 trace 1.6934636676069332 best 1.6960215219298997 seconds 198.78144165407866
restart 19 trace 1.6300907690859767 best 1.6960215219298997 seconds 215.87314697203692
restart 20 trace 1.6356708906291373 best 1.6960215219298997 seconds 227.52484611200634
restart 21 trace 1.6996683449203323 best 1.6960215219298997 seconds 247.3652712260373
restart 22 trace 1.6996683449203296 best 1.6960215219298997 seconds 267.0508460600395
restart 23 trace 1.699668344920331 best 1.6960215219298997 seconds 288.90715281199664
restart 24 trace 1.6996732789844207 best 1.6960215219298997 seconds 297.250908290036
restart 25 trace 1.6318257734918042 best 1.6960215219298997 seconds 301.5329646250466
restart 26 trace 1.699668344920336 best 1.6960215219298997 seconds 320.2022661740193
restart 27 trace 1.630211004586817 best 1.6960215219298997 seconds 321.9795317889657
restart 28 trace 1.6158491399093273 best 1.6960215219298997 seconds 332.3031555439811
restart 29 trace 1.634792785606176 best 1.6960215219298997 seconds 336.1997339730151
restart 30 trace 1.4732438373263346 best 1.6960215219298997 seconds 338.35554007906467
restart 31 trace 1.4732438373263346 best 1.6960215219298997 seconds 339.3409444770077
restart 32 trace 1.626644709635123 best 1.6960215219298997 seconds 341.3961218179902
restart 33 trace 1.6343160096386775 best 1.6960215219298997 seconds 354.1628588900203
restart 34 trace 1.628394936025952 best 1.6960215219298997 seconds 358.43813533801585
restart 35 trace 1.637472750983668 best 1.6960215219298997 seconds 368.0652554660337
restart 36 trace 1.610605749634282 best 1.6960215219298997 seconds 380.36591624002904
restart 37 trace 1.6757113869748668 best 1.6960215219298997 seconds 390.43596615700517
restart 38 trace 1.6996899950056008 best 1.6960215219298997 seconds 398.62337209202815
restart 39 trace 1.6368637227697411 best 1.6960215219298997 seconds 408.1600099740317
restart 40 trace 1.6991058329423194 best 1.6960215219298997 seconds 429.168724638992
restart 41 trace 1.6996899824331686 best 1.6960215219298997 seconds 442.3596744170645
restart 42 trace 1.6996536096691106 best 1.6960215219298997 seconds 452.4834365460556
restart 43 trace 1.6374727509836717 best 1.6960215219298997 seconds 463.9284048130503
restart 44 trace 1.6368637227697431 best 1.6960215219298997 seconds 477.0561809340725
restart 45 trace 1.4872366358332296 best 1.6960215219298997 seconds 488.0899554840289
restart 46 trace 1.6078025881141058 best 1.6960215219298997 seconds 491.058657467016
restart 47 trace 1.6991003006212582 best 1.6960215219298997 seconds 495.6945354259806
restart 48 trace 1.699484433027178 best 1.6960215219298997 seconds 502.7878926449921
restart 49 trace 1.699484433027178 best 1.6960215219298997 seconds 503.8691822399851
restart 50 trace 1.6263404370233057 best 1.6960215219298997 seconds 509.80893206608016
restart 51 trace 1.6972063641734993 best 1.6960215219298997 seconds 520.6344706590753
restart 52 trace 1.698964748820508 best 1.6960215219298997 seconds 550.559940922074
restart 53 trace 1.636863722769741 best 1.6960215219298997 seconds 574.6843974030344
restart 54 trace 1.634975608089662 best 1.6960215219298997 seconds 589.5467123240232
restart 55 trace 1.6991058329423132 best 1.6960215219298997 seconds 597.1591903740773
restart 56 trace 1.699689995005605 best 1.6960215219298997 seconds 613.086237045005
restart 57 trace 1.6161472447868355 best 1.6960215219298997 seconds 623.1476503669983
restart 58 trace 1.6544669759110622 best 1.6960215219298997 seconds 631.2008061680244
restart 59 trace 1.636782207735368 best 1.6960215219298997 seconds 636.2063811919652
restart 60 trace 1.6157972354584176 best 1.6960215219298997 seconds 658.5061949400697
restart 61 trace 1.6368637227697411 best 1.6960215219298997 seconds 672.2640376240015
restart 62 trace 1.6124724267844983 best 1.6960215219298997 seconds 685.9311844380572
restart 63 trace 1.6996683449203212 best 1.6960215219298997 seconds 706.0745378340362
restart 64 trace 1.6996683449203212 best 1.6960215219298997 seconds 707.6338934430387
restart 65 trace 1.4172711045467032 best 1.6960215219298997 seconds 715.6832498150179
restart 66 trace 1.683230731352348 best 1.6960215219298997 seconds 722.9373612169875
restart 67 trace 1.683230731352348 best 1.6960215219298997 seconds 723.8444770160131
restart 68 trace 1.6991059590733752 best 1.6960215219298997 seconds 742.163934436976
restart 69 trace 1.6996871374275964 best 1.6960215219298997 seconds 748.8361358380644
restart 70 trace 1.6154170730001316 best 1.6960215219298997 seconds 762.5529575200053
restart 71 trace 1.637472750983668 best 1.6960215219298997 seconds 770.558884059079
restart 72 trace 1.699590865374249 best 1.6960215219298997 seconds 777.8138214299688
restart 73 trace 1.6996683449203358 best 1.6960215219298997 seconds 798.7758046230301
restart 74 trace 1.6996683449203323 best 1.6960215219298997 seconds 816.7580423409818
restart 75 trace 1.435395045474215 best 1.6960215219298997 seconds 827.405926284031
restart 76 trace 1.636864936221516 best 1.6960215219298997 seconds 848.6581832430093
restart 77 trace 1.6951467505562323 best 1.6960215219298997 seconds 862.6107427190291
restart 78 trace 1.4330473928054608 best 1.6960215219298997 seconds 870.3049306790344
restart 79 trace 1.5839237219933753 best 1.6960215219298997 seconds 879.3146887470502
restart 80 trace 1.6987526673462614 best 1.6960215219298997 seconds 889.6039542930666
restart 81 trace 1.6991058329423279 best 1.6960215219298997 seconds 900.0531664760783
restart 82 trace 1.6991058329423279 best 1.6960215219298997 seconds 900.9342326869955
restart 83 trace 1.6996683449203385 best 1.6960215219298997 seconds 911.3375032510376
restart 84 trace 1.6996871374276115 best 1.6960215219298997 seconds 918.8476120380219
restart 85 trace 1.6374446718914826 best 1.6960215219298997 seconds 927.8308671590639
restart 86 trace 1.6300907690859767 best 1.6960215219298997 seconds 937.3791937939823
restart 87 trace 1.6713687059131193 best 1.6960215219298997 seconds 939.1978321550414
restart 88 trace 1.6996683449203358 best 1.6960215219298997 seconds 950.00071587204
restart 89 trace 1.6990245523071323 best 1.6960215219298997 seconds 955.9818954389775
