setup (1552, 88)
iterate 0 0 1.335084742 1.2
BEST 0 0 {"scale": 0.8943910687833783, "error": 0.003920295557883568, "minimum": 0.08000009999999977, "maximum": 5.714246326677964, "trace": 1.2504380666008121}
BEST 0 1 {"scale": 0.8965195162590412, "error": 0.004091486479775903, "minimum": 0.08000009999999987, "maximum": 5.591653698630999, "trace": 1.29396114438333}
BEST 0 3 {"scale": 0.874002557659839, "error": 0.003843403089167778, "minimum": 0.08000009999999988, "maximum": 5.54739150180444, "trace": 1.2957787652650796}
BEST 0 4 {"scale": 0.8728883304840649, "error": 0.0036546069393896164, "minimum": 0.08000009999999987, "maximum": 5.505256102917963, "trace": 1.2999976164756342}
iterate 0 5 1.43639427 7.9
BEST 0 7 {"scale": 0.8769526473777743, "error": 0.003489333349462076, "minimum": 0.08000009999999982, "maximum": 5.549744956344462, "trace": 1.305140906959661}
BEST 0 8 {"scale": 0.8854192781276183, "error": 0.0034710451458144723, "minimum": 0.08000009999999996, "maximum": 5.625374458633468, "trace": 1.3141932052141736}
iterate 0 10 1.44239923 14.8
iterate 0 15 1.448394012 22.1
iterate 0 20 1.448415511 28.4
restart done 0 raw 1.448434432847136 best 1.3141932052141736
iterate 1 0 1.33033443 32.8
BEST 1 1 {"scale": 0.9562287151443665, "error": 0.0034839455743696794, "minimum": 0.08000009999999994, "maximum": 5.899833656066381, "trace": 1.4688993848501055}
BEST 1 2 {"scale": 0.9560539247919317, "error": 0.0032224429385010155, "minimum": 0.08000009999999982, "maximum": 5.893150058422512, "trace": 1.4909079244327534}
BEST 1 3 {"scale": 0.9668909554172959, "error": 0.0030726470244554363, "minimum": 0.0800001, "maximum": 5.919328896675888, "trace": 1.5186229797662374}
BEST 1 4 {"scale": 0.968569746810469, "error": 0.002963565741364983, "minimum": 0.08000009999999995, "maximum": 5.966000944409091, "trace": 1.528143006540689}
iterate 1 5 1.603332713 39.3
BEST 1 5 {"scale": 0.9686274760232152, "error": 0.0028071286015257297, "minimum": 0.08000009999999995, "maximum": 5.900615846864694, "trace": 1.5327881093531497}
iterate 1 10 1.615042275 45.7
iterate 1 15 1.615866704 52.2
iterate 1 20 1.61605889 58.6
iterate 1 25 1.616250225 64.6
restart done 1 raw 1.616250225199968 best 1.5327881093531497
iterate 2 0 1.338401875 67.0
BEST 2 3 {"scale": 0.9710557202146272, "error": 0.0024144458833656977, "minimum": 0.08000009999999991, "maximum": 5.938102141723244, "trace": 1.5584577961134092}
BEST 2 4 {"scale": 0.9636867387491819, "error": 0.0026287829612092013, "minimum": 0.08000009999999987, "maximum": 5.915831618389268, "trace": 1.5832016051138385}
iterate 2 5 1.678369652 73.5
BEST 2 5 {"scale": 0.9761373868827218, "error": 0.00253712793850364, "minimum": 0.08000009999999985, "maximum": 5.932290426787984, "trace": 1.6213811564991}
BEST 2 6 {"scale": 0.9810200190852452, "error": 0.0025626217011177435, "minimum": 0.08000009999999992, "maximum": 5.927684438998091, "trace": 1.6372395211255018}
BEST 2 7 {"scale": 0.9801515260215394, "error": 0.002659724971430613, "minimum": 0.08000009999999981, "maximum": 5.935601819125311, "trace": 1.639881175666008}
BEST 2 8 {"scale": 0.9851549460447463, "error": 0.0026558494074670285, "minimum": 0.08000009999999987, "maximum": 5.964029968809736, "trace": 1.654945492147115}
BEST 2 9 {"scale": 0.9871676954690033, "error": 0.0026773453797892233, "minimum": 0.08000009999999982, "maximum": 5.98377547266798, "trace": 1.6615346603541485}
iterate 2 10 1.694997556 79.9
BEST 2 10 {"scale": 0.9876415291609644, "error": 0.002659012447901727, "minimum": 0.08000009999999996, "maximum": 5.988168368129208, "trace": 1.6629783880090183}
BEST 2 12 {"scale": 0.9888313538401371, "error": 0.002631381493001852, "minimum": 0.08076516230815861, "maximum": 5.9999999, "trace": 1.6663266693836438}
LP failure An optimal solution to the scaled model was found but was HiGHS Status Code 0: HighsModelStatusNOTSET in the unscaled model. For more information run with the option `disp: True`.
restart done 2 raw 1.6963077750467983 best 1.6663266693836438
iterate 3 0 1.445002298 86.4
iterate 3 5 1.687330347 92.5
iterate 3 10 1.696239696 99.1
BEST 3 13 {"scale": 0.9878673863665697, "error": 0.0026333572099058664, "minimum": 0.08362397753678186, "maximum": 5.999999899999999, "trace": 1.666357405273104}
BEST 3 14 {"scale": 0.9879795404348423, "error": 0.0026595422705151927, "minimum": 0.08070381223367999, "maximum": 5.9999999, "trace": 1.667526962209906}
iterate 3 15 1.699496334 105.4
BEST 3 15 {"scale": 0.9879322389122709, "error": 0.0026725300703978423, "minimum": 0.08042371594926674, "maximum": 5.9999999, "trace": 1.6676392963229423}
BEST 3 16 {"scale": 0.9883503768775784, "error": 0.0026860168305701568, "minimum": 0.08061899840088657, "maximum": 5.999999900000001, "trace": 1.6689399004282555}
BEST 3 17 {"scale": 0.9883636052958804, "error": 0.0026901136516412323, "minimum": 0.08040101448662945, "maximum": 5.9999999, "trace": 1.6689911783492746}
restart done 3 raw 1.6996683449203362 best 1.6689911783492746
iterate 4 0 1.37850355 110.2
iterate 4 5 1.49878949 115.9
iterate 4 10 1.602015091 121.9
iterate 4 15 1.612466676 127.5
restart done 4 raw 1.6124738868194373 best 1.6689911783492746
iterate 5 0 1.293681704 131.1
iterate 5 5 1.404838169 137.2
iterate 5 10 1.436486311 143.2
iterate 5 15 1.438665501 149.0
iterate 5 20 1.440947341 154.6
iterate 5 25 1.442969825 160.3
iterate 5 30 1.447118786 166.1
iterate 5 35 1.448256549 171.9
restart done 5 raw 1.4482565485397916 best 1.6689911783492746
iterate 6 0 1.341292967 173.1
iterate 6 5 1.61821023 178.9
iterate 6 10 1.686545025 185.7
iterate 6 15 1.696790549 192.1
BEST 6 19 {"scale": 0.9884702819188017, "error": 0.002613760623564204, "minimum": 0.08038044520010602, "maximum": 5.9999999, "trace": 1.6689975727205695}
iterate 6 20 1.699650504 198.6
BEST 6 20 {"scale": 0.9884606980874399, "error": 0.002622904590034569, "minimum": 0.08038180689330841, "maximum": 5.9999999, "trace": 1.6692286577973203}
restart done 6 raw 1.6996683449203318 best 1.6692286577973203
iterate 7 0 1.260754607 202.4
iterate 7 5 1.350966348 208.0
iterate 7 10 1.352303856 213.5
iterate 7 15 1.353114204 218.9
restart done 7 raw 1.3531142038706503 best 1.6692286577973203
iterate 8 0 1.357106393 221.2
iterate 8 5 1.472616765 226.8
restart done 8 raw 1.4726463333784747 best 1.6692286577973203
iterate 9 0 1.328157941 231.2
iterate 9 5 1.425941726 237.4
iterate 9 10 1.431848536 242.8
iterate 9 15 1.436194876 248.1
restart done 9 raw 1.4362077354014104 best 1.6692286577973203
iterate 10 0 1.442896068 251.5
iterate 10 5 1.68228566 257.6
iterate 10 10 1.695782243 263.4
iterate 10 15 1.699096091 269.0
restart done 10 raw 1.699668344920328 best 1.6692286577973203
iterate 11 0 1.337113719 275.1
iterate 11 5 1.613431894 280.7
iterate 11 10 1.614653894 286.8
iterate 11 15 1.615380179 292.8
iterate 11 20 1.615414644 298.7
restart done 11 raw 1.6154170730001312 best 1.6692286577973203
