setup (1552, 88)
iterate 0 0 1.436129815 2.9
BEST 0 0 {"scale": 0.9368434034542911, "error": 0.0024961159455878677, "minimum": 0.0800001, "maximum": 5.759750420399646, "trace": 1.3510609976320733}
BEST 0 1 {"scale": 0.9730874753608951, "error": 0.002552074994499468, "minimum": 0.08000009999999994, "maximum": 5.908674367594329, "trace": 1.4293996685194488}
BEST 0 3 {"scale": 0.9577724648853779, "error": 0.002228732262168162, "minimum": 0.08000009999999988, "maximum": 5.841882317486767, "trace": 1.443959800812546}
iterate 0 5 1.514821683 9.6
BEST 0 5 {"scale": 0.985916187720657, "error": 0.0022124117139934456, "minimum": 0.08000009999999991, "maximum": 5.936675468794107, "trace": 1.4909094954032205}
BEST 0 7 {"scale": 0.983859895233254, "error": 0.00218315457588859, "minimum": 0.08055514643427795, "maximum": 5.9999999, "trace": 1.4950918758790905}
BEST 0 8 {"scale": 0.9842025143616556, "error": 0.0021137355403671454, "minimum": 0.08226431953881125, "maximum": 5.9999999, "trace": 1.497888438476845}
BEST 0 9 {"scale": 0.9845969798893205, "error": 0.002092242645947273, "minimum": 0.08378852344465419, "maximum": 5.9999999, "trace": 1.498886811092745}
iterate 0 10 1.52535322 16.1
BEST 0 10 {"scale": 0.9847945336453775, "error": 0.0020837371043714065, "minimum": 0.0835769843944982, "maximum": 5.9999999, "trace": 1.4993443490284755}
BEST 0 11 {"scale": 0.985234003351655, "error": 0.002080382039377866, "minimum": 0.08264129177924852, "maximum": 5.9999999, "trace": 1.500082283431492}
BEST 0 12 {"scale": 0.985892407239225, "error": 0.0020689012468340304, "minimum": 0.08195307680380601, "maximum": 5.9999999, "trace": 1.5011981215719796}
iterate 0 15 1.525428771 23.5
BEST 0 15 {"scale": 0.9859040633131169, "error": 0.002064661264096507, "minimum": 0.08135093140850695, "maximum": 5.999999900000001, "trace": 1.5012590338280574}
BEST 0 16 {"scale": 0.9859040633138779, "error": 0.002064661264084162, "minimum": 0.08135093140773059, "maximum": 5.9999999, "trace": 1.5012590338293017}
restart done 0 raw 1.5254287710104881 best 1.5012590338293017
iterate 1 0 1.339004007 27.3
iterate 1 5 1.438879086 33.6
iterate 1 10 1.444584933 39.7
iterate 1 15 1.544443593 46.1
BEST 1 15 {"scale": 0.9769692487507518, "error": 0.0021935426824157903, "minimum": 0.08000009999999991, "maximum": 5.970644290955257, "trace": 1.503659074884007}
BEST 1 16 {"scale": 0.9804683121493616, "error": 0.0020925568850228625, "minimum": 0.08000009999999991, "maximum": 5.949214979703595, "trace": 1.5205856885806297}
BEST 1 17 {"scale": 0.9757972757058452, "error": 0.002113850580869804, "minimum": 0.08000009999999988, "maximum": 5.877617341339224, "trace": 1.5248186743131633}
BEST 1 18 {"scale": 0.9820686714489427, "error": 0.0019182130366404016, "minimum": 0.08000009999999992, "maximum": 5.984658751040269, "trace": 1.5616126469629734}
BEST 1 19 {"scale": 0.9838447835736238, "error": 0.0019008713720147252, "minimum": 0.08982047460174508, "maximum": 5.9999999, "trace": 1.5838424257048151}
iterate 1 20 1.622336112 54.3
restart done 1 raw 1.6228437122792223 best 1.5838424257048151
iterate 2 0 1.435131474 59.1
LP failure An optimal solution to the scaled model was found but was HiGHS Status Code 0: HighsModelStatusNOTSET in the unscaled model. For more information run with the option `disp: True`.
restart done 2 raw 1.568619571676826 best 1.5838424257048151
iterate 3 0 1.46212832 64.9
iterate 3 5 1.539647976 71.3
BEST 3 7 {"scale": 0.9714316245401227, "error": 0.0030929301406002574, "minimum": 0.08000009999999995, "maximum": 5.914504007904165, "trace": 1.606646161611654}
BEST 3 8 {"scale": 0.9715945858321619, "error": 0.0027424555823868484, "minimum": 0.0800001, "maximum": 5.8945432743529755, "trace": 1.6186367893295759}
BEST 3 9 {"scale": 0.9722928745411138, "error": 0.0026671543552591057, "minimum": 0.08000009999999991, "maximum": 5.9023754203963685, "trace": 1.6232665601448166}
iterate 3 10 1.694917023 76.8
BEST 3 10 {"scale": 0.9782605718830684, "error": 0.0026841375382875296, "minimum": 0.08000009999999994, "maximum": 5.939818826191449, "trace": 1.6396035374459668}
BEST 3 11 {"scale": 0.9829720134197741, "error": 0.0026990243927961003, "minimum": 0.08000009999999994, "maximum": 5.964199834929098, "trace": 1.651958421639156}
BEST 3 12 {"scale": 0.9853839192251624, "error": 0.00272606257774269, "minimum": 0.08000009999999999, "maximum": 5.980880669857828, "trace": 1.6585439771512074}
BEST 3 14 {"scale": 0.9855544349182003, "error": 0.0027202524617988416, "minimum": 0.08000009999999981, "maximum": 5.985769715544258, "trace": 1.6598615754296089}
iterate 3 15 1.698199113 82.5
BEST 3 15 {"scale": 0.9884186785879197, "error": 0.0026979083965278905, "minimum": 0.08318798579349379, "maximum": 5.9999999, "trace": 1.6677717310476203}
BEST 3 18 {"scale": 0.9883431827797282, "error": 0.0027223917496976614, "minimum": 0.08058929600760747, "maximum": 5.9999999, "trace": 1.6689214503183258}
BEST 3 19 {"scale": 0.9883569015086605, "error": 0.0027240089724413505, "minimum": 0.08037333829607346, "maximum": 5.999999899999999, "trace": 1.6689739837649031}
iterate 3 20 1.699668345 88.4
restart done 3 raw 1.6996683449203316 best 1.6689739837649031
iterate 4 0 1.451638941 91.1
iterate 4 5 1.620115875 97.2
iterate 4 10 1.622850306 103.4
restart done 4 raw 1.6228503055096168 best 1.6689739837649031
iterate 5 0 1.346460635 106.9
iterate 5 5 1.440347374 112.7
iterate 5 10 1.446911993 118.6
iterate 5 15 1.551897655 124.8
iterate 5 20 1.622843712 131.0
restart done 5 raw 1.622843712279252 best 1.6689739837649031
iterate 6 0 1.53333708 134.8
iterate 6 5 1.599102013 140.6
restart done 6 raw 1.5995949209140101 best 1.6689739837649031
iterate 7 0 1.54669834 147.5
iterate 7 5 1.582840369 153.4
iterate 7 10 1.598671264 159.1
iterate 7 15 1.599585929 164.5
restart done 7 raw 1.599591379946373 best 1.6689739837649031
iterate 8 0 1.421981351 170.5
iterate 8 5 1.485305917 175.9
iterate 8 10 1.487690595 181.3
iterate 8 15 1.48801899 186.9
restart done 8 raw 1.4880427201041142 best 1.6689739837649031
iterate 9 0 1.405953281 193.9
iterate 9 5 1.446230289 199.0
restart done 9 raw 1.446230288780249 best 1.6689739837649031
iterate 10 0 1.528994402 202.3
iterate 10 5 1.628468371 208.0
iterate 10 10 1.691287742 213.9
iterate 10 15 1.697421816 219.6
BEST 10 18 {"scale": 0.9884639890954651, "error": 0.002645575103743588, "minimum": 0.08035446858427046, "maximum": 5.9999999, "trace": 1.668981419943254}
BEST 10 19 {"scale": 0.9884539806790289, "error": 0.0026568659021146326, "minimum": 0.0803540773229872, "maximum": 5.9999999, "trace": 1.669211423888881}
iterate 10 20 1.699668345 225.2
restart done 10 raw 1.699668344920332 best 1.669211423888881
iterate 11 0 1.588912293 228.5
iterate 11 5 1.678407988 234.6
iterate 11 10 1.695613331 240.4
iterate 11 15 1.69870191 246.2
restart done 11 raw 1.6996683449203436 best 1.669211423888881
iterate 12 0 1.480642651 253.5
iterate 12 5 1.524888712 260.0
iterate 12 10 1.525421675 266.7
restart done 12 raw 1.5254287710104881 best 1.669211423888881
iterate 13 0 1.338455243 273.6
iterate 13 5 1.426086027 279.6
restart done 13 raw 1.4269710711044015 best 1.669211423888881
iterate 14 0 1.467617595 284.1
iterate 14 5 1.694471996 289.9
iterate 14 10 1.69789804 296.3
iterate 14 15 1.699635875 302.3
restart done 14 raw 1.6996899950056013 best 1.669211423888881
iterate 15 0 1.353878552 308.7
iterate 15 5 1.449227265 314.5
iterate 15 10 1.475858288 321.5
iterate 15 15 1.585408032 327.6
iterate 15 20 1.616165784 333.3
restart done 15 raw 1.616165783720945 best 1.669211423888881
iterate 16 0 1.428733855 337.0
iterate 16 5 1.495047191 342.6
iterate 16 10 1.503490331 348.0
iterate 16 15 1.510687744 353.4
restart done 16 raw 1.5106877441471522 best 1.669211423888881
iterate 17 0 1.400700966 356.1
iterate 17 5 1.444002079 361.7
iterate 17 10 1.445361107 366.9
restart done 17 raw 1.4501039046253728 best 1.669211423888881
iterate 18 0 1.523625834 373.4
iterate 18 5 1.634015648 378.8
iterate 18 10 1.63573773 384.8
iterate 18 15 1.636637944 391.3
restart done 18 raw 1.6366420194832143 best 1.669211423888881
iterate 19 0 1.514148692 396.1
iterate 19 5 1.634866433 402.5
iterate 19 10 1.634975007 409.1
restart done 19 raw 1.6349756080896602 best 1.669211423888881
iterate 20 0 1.502596279 415.6
LP failure An optimal solution to the scaled model was found but was HiGHS Status Code 0: HighsModelStatusNOTSET in the unscaled model. For more information run with the option `disp: True`.
restart done 20 raw 1.5857073514854814 best 1.669211423888881
iterate 21 0 1.560752011 421.4
iterate 21 5 1.603692301 428.6
BEST 21 8 {"scale": 0.9907234206796925, "error": 0.0021309286235937984, "minimum": 0.08000009999999988, "maximum": 5.9530572541872635, "trace": 1.6719751868031614}
iterate 21 10 1.696768061 436.2
BEST 21 10 {"scale": 0.9911224205345185, "error": 0.002111111662149413, "minimum": 0.08000009999999999, "maximum": 5.954843063957655, "trace": 1.6732777397685408}
BEST 21 11 {"scale": 0.9911224205351267, "error": 0.0021111116621527564, "minimum": 0.08000009999999987, "maximum": 5.9548430639605225, "trace": 1.6732777397703944}
restart done 21 raw 1.6967680613813578 best 1.6732777397703944
iterate 22 0 1.501615231 440.2
iterate 22 5 1.598685281 446.6
iterate 22 10 1.599585929 452.5
restart done 22 raw 1.5995913799463728 best 1.6732777397703944
iterate 23 0 1.323991943 458.5
iterate 23 5 1.374855001 464.3
iterate 23 10 1.468491425 470.0
iterate 23 15 1.474514388 476.1
restart done 23 raw 1.4745143882592417 best 1.6732777397703944
