setup (1056, 88)
iterate 0 0 1.415043466 1.8
BEST 0 0 {"scale": 0.933260265750544, "error": 0.002693401237668423, "minimum": 0.08000009999999985, "maximum": 5.890388939727821, "trace": 1.3284828951688294}
BEST 0 1 {"scale": 0.9540563451951726, "error": 0.0027803975277040094, "minimum": 0.08000009999999988, "maximum": 5.984855597888493, "trace": 1.3691730892092921}
BEST 0 2 {"scale": 0.9641528755297406, "error": 0.0028792406045904362, "minimum": 0.08582142009813987, "maximum": 5.9999999, "trace": 1.3980004230525354}
BEST 0 3 {"scale": 0.9639250465298775, "error": 0.0028728526441583334, "minimum": 0.08000009999999995, "maximum": 5.966615834477391, "trace": 1.406758611678544}
iterate 0 5 1.474816384 6.5
BEST 0 7 {"scale": 0.959149563192291, "error": 0.002620609559738105, "minimum": 0.0800000999999999, "maximum": 5.8342675400713135, "trace": 1.4236517142012075}
BEST 0 8 {"scale": 0.9729586835369052, "error": 0.002406725305520402, "minimum": 0.08000009999999995, "maximum": 5.892578389189672, "trace": 1.4609768077019294}
iterate 0 10 1.535855166 11.0
BEST 0 10 {"scale": 0.9605312896247359, "error": 0.0022156826461236533, "minimum": 0.08000009999999996, "maximum": 5.835978584325211, "trace": 1.46861041388039}
BEST 0 11 {"scale": 0.9827049800105475, "error": 0.0021797556544160875, "minimum": 0.08000009999999991, "maximum": 5.997920270277224, "trace": 1.5168369930976509}
BEST 0 12 {"scale": 0.9833549505979363, "error": 0.0020994418188037796, "minimum": 0.08000009999999985, "maximum": 5.94179643986998, "trace": 1.5276091723806446}
BEST 0 14 {"scale": 0.9748510988157829, "error": 0.0019428430018065754, "minimum": 0.08000009999999991, "maximum": 5.962394210459805, "trace": 1.550376824325824}
iterate 0 15 1.619270631 15.7
BEST 0 15 {"scale": 0.9839073170436822, "error": 0.0018686787323242717, "minimum": 0.09097948549202634, "maximum": 5.999999900000001, "trace": 1.5862076781054797}
iterate 0 20 1.622853734 19.9
restart done 0 raw 1.622853733694868 best 1.5862076781054797
iterate 1 0 1.355237567 21.5
restart done 1 raw 1.4643905533021404 best 1.5862076781054797
iterate 2 0 1.402362667 26.6
iterate 2 5 1.481335281 30.5
iterate 2 10 1.489697249 34.3
iterate 2 15 1.489780966 38.2
restart done 2 raw 1.4897809662176191 best 1.5862076781054797
iterate 3 0 1.447493596 39.6
restart done 3 raw 1.4643905533021404 best 1.5862076781054797
iterate 4 0 1.400359595 43.6
iterate 4 5 1.484006446 47.7
iterate 4 10 1.487065525 51.3
iterate 4 15 1.490257388 55.0
iterate 4 20 1.493004568 58.5
iterate 4 25 1.494056883 62.1
restart done 4 raw 1.49406557573683 best 1.5862076781054797
iterate 5 0 1.463211744 66.1
restart done 5 raw 1.4643905533021404 best 1.5862076781054797
iterate 6 0 1.3949276 70.3
iterate 6 5 1.479931629 74.3
iterate 6 10 1.483415039 78.1
restart done 6 raw 1.483432790036579 best 1.5862076781054797
iterate 7 0 1.464022211 81.9
restart done 7 raw 1.464293961009386 best 1.5862076781054797
iterate 8 0 1.37858835 86.3
iterate 8 5 1.615721155 90.4
iterate 8 10 1.679374442 94.4
BEST 8 11 {"scale": 0.960501493969702, "error": 0.00266330147091445, "minimum": 0.08000009999999988, "maximum": 5.831979387851841, "trace": 1.5900342993555878}
BEST 8 12 {"scale": 0.9724605269066228, "error": 0.0027198235113817027, "minimum": 0.08000009999999988, "maximum": 5.897595045668863, "trace": 1.6195664021381861}
BEST 8 14 {"scale": 0.9755802738920355, "error": 0.0026565685416793904, "minimum": 0.08000009999999991, "maximum": 5.925125824481162, "trace": 1.6330255717533184}
iterate 8 15 1.695630554 98.5
BEST 8 15 {"scale": 0.9782079777426722, "error": 0.0026463379377524906, "minimum": 0.08000009999999991, "maximum": 5.938780588229105, "trace": 1.639970220158423}
BEST 8 16 {"scale": 0.9791054642412123, "error": 0.002668747895875817, "minimum": 0.08000009999999988, "maximum": 5.946070010267868, "trace": 1.6424996808024563}
BEST 8 17 {"scale": 0.9854685758511593, "error": 0.0027029019635465557, "minimum": 0.08000009999999985, "maximum": 5.985104745486172, "trace": 1.6588146052234776}
BEST 8 19 {"scale": 0.9880532241507718, "error": 0.0027306725576157114, "minimum": 0.08299233265555385, "maximum": 5.9999999, "trace": 1.6665585268031191}
iterate 8 20 1.698863538 103.1
BEST 8 20 {"scale": 0.987991448189569, "error": 0.002721586684562139, "minimum": 0.08160228447597227, "maximum": 5.9999999, "trace": 1.6671973246231977}
BEST 8 21 {"scale": 0.9881737198426509, "error": 0.0027048875487482795, "minimum": 0.08043476122615814, "maximum": 5.9999999, "trace": 1.6681719639327786}
BEST 8 23 {"scale": 0.9882714746170835, "error": 0.002717822999691856, "minimum": 0.08071981002108482, "maximum": 5.9999999, "trace": 1.6687528988546414}
BEST 8 24 {"scale": 0.9883575426043743, "error": 0.0027207674994501672, "minimum": 0.08037598502199261, "maximum": 5.999999899999999, "trace": 1.6689756280919847}
iterate 8 25 1.699668345 107.5
restart done 8 raw 1.6996683449203216 best 1.6689756280919847
iterate 9 0 1.4639848 109.2
LP failure An optimal solution to the scaled model was found but was HiGHS Status Code 0: HighsModelStatusNOTSET in the unscaled model. For more information run with the option `disp: True`.
restart done 9 raw 1.463984800262687 best 1.6689756280919847
iterate 10 0 1.330064732 111.9
iterate 10 5 1.621220045 115.9
iterate 10 10 1.630089822 120.0
restart done 10 raw 1.6300907690859738 best 1.6689756280919847
iterate 11 0 1.462730366 123.4
LP failure An optimal solution to the scaled model was found but was HiGHS Status Code 0: HighsModelStatusNOTSET in the unscaled model. For more information run with the option `disp: True`.
restart done 11 raw 1.4639848002627782 best 1.6689756280919847
iterate 12 0 1.287892326 127.0
iterate 12 5 1.416801573 131.5
LP failure An optimal solution to the scaled model was found but was HiGHS Status Code 0: HighsModelStatusNOTSET in the unscaled model. For more information run with the option `disp: True`.
restart done 12 raw 1.463993342966559 best 1.6689756280919847
iterate 13 0 1.462621688 136.6
restart done 13 raw 1.4642939610093875 best 1.6689756280919847
iterate 14 0 1.290589959 142.3
iterate 14 5 1.45897969 146.5
LP failure An optimal solution to the scaled model was found but was HiGHS Status Code 0: HighsModelStatusNOTSET in the unscaled model. For more information run with the option `disp: True`.
restart done 14 raw 1.4640011881276487 best 1.6689756280919847
iterate 15 0 1.461899172 150.9
iterate 15 5 1.464293961 155.1
restart done 15 raw 1.464293961009386 best 1.6689756280919847
iterate 16 0 1.29358459 157.0
iterate 16 5 1.45897969 161.2
LP failure An optimal solution to the scaled model was found but was HiGHS Status Code 0: HighsModelStatusNOTSET in the unscaled model. For more information run with the option `disp: True`.
restart done 16 raw 1.4640011881276487 best 1.6689756280919847
iterate 17 0 1.45774514 164.8
LP failure An optimal solution to the scaled model was found but was HiGHS Status Code 0: HighsModelStatusNOTSET in the unscaled model. For more information run with the option `disp: True`.
restart done 17 raw 1.4639917797019342 best 1.6689756280919847
iterate 18 0 1.290739189 169.1
iterate 18 5 1.345362218 173.0
iterate 18 10 1.412168008 176.6
iterate 18 15 1.413191705 180.3
iterate 18 20 1.414146192 184.1
iterate 18 25 1.449739653 187.5
iterate 18 30 1.495233355 191.0
restart done 18 raw 1.6064877635086132 best 1.6689756280919847
iterate 19 0 1.417018311 195.9
LP failure An optimal solution to the scaled model was found but was HiGHS Status Code 0: HighsModelStatusNOTSET in the unscaled model. For more information run with the option `disp: True`.
restart done 19 raw 1.4639917797020823 best 1.6689756280919847
iterate 20 0 1.300754605 201.1
iterate 20 5 1.458216536 205.0
LP failure An optimal solution to the scaled model was found but was HiGHS Status Code 0: HighsModelStatusNOTSET in the unscaled model. For more information run with the option `disp: True`.
restart done 20 raw 1.4640009092194015 best 1.6689756280919847
iterate 21 0 1.345375978 209.0
iterate 21 5 1.348480849 212.6
iterate 21 10 1.355715061 217.2
restart done 21 raw 1.3557366553851153 best 1.6689756280919847
iterate 22 0 1.292939526 221.0
iterate 22 5 1.433512005 225.2
iterate 22 10 1.466080646 228.9
restart done 22 raw 1.4661849679108143 best 1.6689756280919847
iterate 23 0 1.345151677 233.7
iterate 23 5 1.448367288 238.0
restart done 23 raw 1.4483787899048575 best 1.6689756280919847
