STAGE legacy_seed ALLOWANCE 5
seed scan_03_03 1e-07 [(0, 1.111781), (74, 0.883368), (87, 0.5974266), (51, 0.5334003), (38, 0.369052), (47, 0.2865057), (1, 0.1892097), (40, 0.1739712), (62, 0.1524948), (53, 0.1409531), (56, 0.0656715), (83, 0.0513966), (78, 0.0367855), (28, 0.031536), (44, 0.0220751), (85, 0.0197979), (31, 0.0163365), (30, 0.0145457), (61, 0.013422)]
scan_03_03 best 0.0011399316418008397 trace 4.969162800178283 support [0, 1, 28, 38, 40, 47, 51, 53, 56, 62, 74, 78, 83, 87]
seed scan_03_03 1e-09 [(0, 1.111781), (74, 0.883368), (87, 0.5974266), (51, 0.5334003), (38, 0.369052), (47, 0.2865057), (1, 0.1892097), (40, 0.1739712), (62, 0.1524948), (53, 0.1409531), (56, 0.0656715), (83, 0.0513966), (78, 0.0367855), (28, 0.031536), (44, 0.0220751), (85, 0.0197979), (31, 0.0163365), (30, 0.0145457), (61, 0.013422)]
seed scan_03_03 1e-05 [(0, 1.1117625), (74, 0.9110437), (87, 0.6036562), (38, 0.5467308), (51, 0.5315107), (47, 0.2690088), (1, 0.1943644), (40, 0.1737137), (53, 0.1002634), (83, 0.0962624), (78, 0.0543377), (27, 0.0478866), (89, 0.0279001), (56, 0.0275816), (85, 0.0219366), (28, 0.0200986), (75, 0.0181639), (26, 0.0168271), (25, 0.0150934)]
scan_03_03 best 0.001085878337280249 trace 4.968177383368199 support [0, 1, 27, 38, 40, 47, 51, 53, 56, 74, 78, 83, 87, 89]
seed scan_03_03 1e-11 [(0, 1.111781), (74, 0.883368), (87, 0.5974266), (51, 0.5334003), (38, 0.369052), (47, 0.2865057), (1, 0.1892097), (40, 0.1739712), (62, 0.1524948), (53, 0.1409531), (56, 0.0656715), (83, 0.0513966), (78, 0.0367855), (28, 0.031536), (44, 0.0220751), (85, 0.0197979), (31, 0.0163365), (30, 0.0145457), (61, 0.013422)]
seed scan_03_03 0.001 [(0, 1.1117883), (74, 0.8961934), (87, 0.5761472), (51, 0.5495135), (38, 0.3457014), (47, 0.2811913), (1, 0.1939874), (40, 0.1742474), (62, 0.158889), (53, 0.1209917), (78, 0.0811603), (56, 0.0797704), (83, 0.0697133), (28, 0.0694906), (48, 0.0429611), (50, 0.0260153), (26, 0.0232624), (59, 0.0191055), (30, 0.015425)]
seed scan_03_03 1e-13 [(0, 1.111781), (74, 0.883368), (87, 0.5974266), (51, 0.5334003), (38, 0.369052), (47, 0.2865057), (1, 0.1892097), (40, 0.1739712), (62, 0.1524948), (53, 0.1409531), (56, 0.0656715), (83, 0.0513966), (78, 0.0367855), (28, 0.031536), (44, 0.0220751), (85, 0.0197979), (31, 0.0163365), (30, 0.0145457), (61, 0.013422)]
seed scan_03_03 1.0 [(0, 1.114266), (56, 0.9667731), (44, 0.9423364), (45, 0.7526839), (69, 0.5936), (38, 0.5579579), (82, 0.5279872), (41, 0.4607099), (81, 0.4338318), (63, 0.4235603), (51, 0.4195389), (39, 0.419086), (75, 0.413223), (87, 0.390169), (58, 0.3821601), (70, 0.3649307), (57, 0.3584928), (74, 0.3415632), (64, 0.2967548)]
BEST scan_03_03 0.001085878337280249 trace 4.968177383368199 support [0, 1, 27, 38, 40, 47, 51, 53, 56, 74, 78, 83, 87, 89]
STAGE whitened_seed ALLOWANCE 45.0
BEST scan_03_03 0.001085878337280249 trace 4.968177383368199 support [0, 1, 27, 38, 40, 47, 51, 53, 56, 74, 78, 83, 87, 89]
SEED scan_03_03 1e-07 [(0, 1.1117888822289368), (74, 0.8888767970872824), (87, 0.5714557193610577), (51, 0.5534445187870427), (47, 0.3038828284537127), (62, 0.3029685712519614), (1, 0.1954142482740358), (38, 0.18848924621196028), (27, 0.1807277914687277), (53, 0.17814074806211502), (40, 0.17450332346659778), (56, 0.10639829175346054), (78, 0.10208476326680907), (28, 0.029807514493851984), (93, 0.02280720590620621), (44, 0.018271895093170596)]
SEED scan_03_03 1e-09 [(0, 1.1117888822289368), (74, 0.8888767970872824), (87, 0.5714557193610577), (51, 0.5534445187870427), (47, 0.3038828284537127), (62, 0.3029685712519614), (1, 0.1954142482740358), (38, 0.18848924621196028), (27, 0.1807277914687277), (53, 0.17814074806211502), (40, 0.17450332346659778), (56, 0.10639829175346054), (78, 0.10208476326680907), (28, 0.029807514493851984), (93, 0.02280720590620621), (44, 0.018271895093170596)]
SEED scan_03_03 1e-11 [(0, 1.1117888822289368), (74, 0.8888767970872824), (87, 0.5714557193610577), (51, 0.5534445187870427), (47, 0.3038828284537127), (62, 0.3029685712519614), (1, 0.1954142482740358), (38, 0.18848924621196028), (27, 0.1807277914687277), (53, 0.17814074806211502), (40, 0.17450332346659778), (56, 0.10639829175346054), (78, 0.10208476326680907), (28, 0.029807514493851984), (93, 0.02280720590620621), (44, 0.018271895093170596)]
SEED scan_03_03 1e-05 [(0, 1.1117838780600788), (74, 0.9098287761465798), (87, 0.6246670402674765), (39, 0.5365365408773369), (47, 0.30887567777413705), (62, 0.26750591004746194), (38, 0.2269831341200539), (1, 0.19483390118325356), (53, 0.18388120178433645), (40, 0.17410574191659006), (29, 0.1315268376115603), (56, 0.10113027845173617), (78, 0.08760786980600005), (23, 0.052232996290352614), (27, 0.03602735864564991), (85, 0.009602750741117853)]
BEST scan_03_03 5.642591009028901e-05 trace 4.981389448547184 support [ 0  1 23 29 38 39 40 47 53 56 62 74 78 87]
BEST scan_03_03 5.634296855720293e-05 trace 4.981399994578536 support [ 0  1 23 29 38 39 40 47 53 56 62 74 78 87]
SEED scan_03_03 1e-13 [(0, 1.1117888822289368), (74, 0.8888767970872824), (87, 0.5714557193610577), (51, 0.5534445187870427), (47, 0.3038828284537127), (62, 0.3029685712519614), (1, 0.1954142482740358), (38, 0.18848924621196028), (27, 0.1807277914687277), (53, 0.17814074806211502), (40, 0.17450332346659778), (56, 0.10639829175346054), (78, 0.10208476326680907), (28, 0.029807514493851984), (93, 0.02280720590620621), (44, 0.018271895093170596)]
SEED scan_03_03 1e-06 [(0, 1.1117888822289368), (74, 0.908833348698515), (87, 0.602282740588081), (51, 0.5430881721978597), (47, 0.3038828284537127), (62, 0.3029685712519614), (1, 0.19502801820063384), (38, 0.18848924621196028), (53, 0.17768814089720447), (40, 0.17342917568283808), (26, 0.15908547237309822), (56, 0.10973647788350395), (78, 0.07764933682164184), (61, 0.03650178021059234), (28, 0.029807514493851984), (81, 0.012407405200034407)]
SEED scan_03_03 1e-08 [(0, 1.1117888822289368), (74, 0.8888767970872824), (87, 0.5714557193610577), (51, 0.5534445187870427), (47, 0.3038828284537127), (62, 0.3029685712519614), (1, 0.1954142482740358), (38, 0.18848924621196028), (27, 0.1807277914687277), (53, 0.17814074806211502), (40, 0.17450332346659778), (56, 0.10639829175346054), (78, 0.10208476326680907), (28, 0.029807514493851984), (93, 0.02280720590620621), (44, 0.018271895093170596)]
SEED scan_03_03 1e-10 [(0, 1.1117888822289368), (74, 0.8888767970872824), (87, 0.5714557193610577), (51, 0.5534445187870427), (47, 0.3038828284537127), (62, 0.3029685712519614), (1, 0.1954142482740358), (38, 0.18848924621196028), (27, 0.1807277914687277), (53, 0.17814074806211502), (40, 0.17450332346659778), (56, 0.10639829175346054), (78, 0.10208476326680907), (28, 0.029807514493851984), (93, 0.02280720590620621), (44, 0.018271895093170596)]
CONT 0.001 0.0009240444292981749
CONT 0.0001 0.003310234099723317
BEST scan_03_03 5.6342651172195765e-05 trace 4.981400039941263 support [ 0  1 23 29 38 39 40 47 53 56 62 74 78 87]
CONT 1e-05 0.004517859606417948
CONT 1e-06 0.00969655002720397
CONT 1e-07 0.009696550027205326
CONT 1e-08 0.009696550027203328
CONT 1e-09 0.009696550027205387
BEST scan_03_03 4.641259646220863e-05 trace 4.981448578304251 support [ 0  1 23 29 39 40 47 53 56 62 74 78 87 92]
BEST scan_03_03 4.3987360067628455e-05 trace 4.981396098485261 support [ 0  1 24 29 39 40 47 53 56 62 74 78 87 92]
BEST scan_03_03 4.2480298171332365e-05 trace 4.981428089116306 support [ 0  1 24 29 39 40 47 53 56 62 74 78 86 87]
BEST scan_03_03 4.219439346198062e-05 trace 4.981404841160525 support [ 0  1 24 29 39 40 47 53 56 62 68 74 78 87]
BEST scan_03_03 3.9596297771171685e-05 trace 4.9813488684364104 support [ 0  1 25 29 39 40 47 53 56 62 68 74 78 87]
BEST scan_03_03 3.559001339476633e-05 trace 4.981367478272857 support [ 0  1 27 29 39 40 47 53 56 62 68 74 78 87]
BEST scan_03_03 2.9080643587642285e-05 trace 4.981257209420844 support [ 0  1 26 27 39 40 47 53 56 62 68 74 78 87]
BEST scan_03_03 2.2092629131849804e-05 trace 4.981287581846302 support [ 0  1 26 27 39 40 47 53 56 62 74 78 86 87]
BEST scan_03_03 9.672889431100451e-06 trace 4.981370162097673 support [ 0  1 26 27 38 39 40 47 53 62 74 78 86 87]
BEST scan_03_03 9.319757300711256e-06 trace 4.981369176501486 support [ 0  1 26 27 38 39 40 47 53 62 74 78 87 92]
BEST scan_03_03 8.476454787335424e-06 trace 4.981371819192741 support [ 0  1 26 27 38 39 40 47 50 53 74 78 87 92]
BEST scan_03_03 7.26972577376935e-06 trace 4.981346612381227 support [ 0  1 18 27 38 39 40 47 50 53 74 78 80 87]
BEST scan_03_03 7.262249232901456e-06 trace 4.981347069746199 support [ 0  1 18 27 38 39 40 44 47 53 74 78 80 87]
BEST scan_03_03 3.4501093052844807e-06 trace 4.9813561560789745 support [ 0  1 16 27 38 39 40 44 47 53 74 78 80 87]
BEST scan_03_03 3.1363813387160397e-06 trace 4.981351228702974 support [ 0  1 16 27 38 39 40 47 53 56 74 78 80 87]
BEST scan_03_03 2.8209068351584916e-06 trace 4.9813452226104955 support [ 0  1 16 27 38 39 40 47 50 53 56 74 78 87]
BEST scan_03_03 2.7832895484654805e-06 trace 4.981344569204325 support [ 0  1 16 27 38 39 40 44 47 53 56 74 78 87]
BEST scan_03_03 2.471074476151358e-06 trace 4.981347615253114 support [ 0  1 15 27 38 39 40 44 47 53 56 74 78 87]
STAGE_ERROR whitened_seed StageTimeout stage allowance exhausted
BEST scan_03_03 2.471074476151358e-06 trace 4.981347615253114 support [0, 1, 15, 27, 38, 39, 40, 44, 47, 53, 56, 74, 78, 87]
STAGE discrete_improve ALLOWANCE 45.0
BEST scan_03_03 2.471074476151358e-06 trace 4.981347615253114 support [0, 1, 15, 27, 38, 39, 40, 44, 47, 53, 56, 74, 78, 87]
BEST scan_03_03 2.467819600708114e-06 trace 4.981347552381505 support [ 0  1 15 27 38 39 40 44 47 53 56 74 78 87]
CONT 0.001 8.152179606335279e-05
CONT 0.0001 0.00033193156867933587
CONT 1e-05 0.0010389662930988784
CONT 1e-06 0.0014139915234269343
CONT 1e-07 0.001413991523426966
CONT 1e-08 0.0014139915234269243
CONT 1e-09 0.0014139915234269791
STAGE_ERROR discrete_improve StageTimeout stage allowance exhausted
BEST scan_03_03 2.467819600708114e-06 trace 4.981347552381505 support [0, 1, 15, 27, 38, 39, 40, 44, 47, 53, 56, 74, 78, 87]
STAGE continuous ALLOWANCE 209.0067799029639
BEST scan_03_03 2.467819600708114e-06 trace 4.981347552381505 support [ 0  1 15 27 38 39 40 44 47 53 56 74 78 87]
CONTINUOUS scan_03_03 0 0.0001 8.542838732431002e-05 1200 [(0, 1.511), (0, 3.080472), (0, 3.853406), (0, 4.303829), (2, 5.9789), (4, 6.697664), (6, 11.02492), (2, 4.401101), (8, 13.293051), (8, 12.610641), (2, 6.066673), (2, 4.329001), (0, 5.472938), (4, 7.609536)]
CONTINUOUS scan_03_03 0 1e-06 0.0008564472077346568 804 [(0, 1.511), (0, 3.082159), (0, 3.909224), (0, 4.305704), (2, 5.979471), (4, 6.697672), (6, 11.024935), (2, 4.360796), (8, 13.293142), (8, 12.610726), (2, 5.993601), (2, 4.329858), (0, 5.475116), (4, 7.609532)]
CONTINUOUS scan_03_03 0 1e-08 0.0008564998189341741 648 [(0, 1.511), (0, 3.082149), (0, 3.909091), (0, 4.30569), (2, 5.979413), (4, 6.697671), (6, 11.024935), (2, 4.357025), (8, 13.293142), (8, 12.610728), (2, 5.991402), (2, 4.329572), (0, 5.475108), (4, 7.609532)]
CONTINUOUS scan_03_03 1 0.0001 7.434052762102009e-05 1200 [(0, 1.511), (0, 3.080505), (0, 3.856495), (0, 4.303814), (2, 5.980114), (4, 6.697664), (6, 11.024917), (2, 4.05831), (8, 13.293053), (8, 12.610647), (2, 5.702896), (2, 4.332328), (0, 5.472968), (4, 7.609536)]
CONTINUOUS scan_03_03 1 1e-06 0.0007346566852695659 1200 [(0, 1.511), (0, 3.081925), (0, 3.907003), (0, 4.305277), (2, 5.979834), (4, 6.697668), (6, 11.024964), (2, 3.353087), (8, 13.293142), (8, 12.610709), (2, 5.269368), (2, 4.331778), (0, 5.474809), (4, 7.609547)]
CONTINUOUS scan_03_03 1 1e-08 0.0007342076195175745 40 [(0, 1.511), (0, 3.081914), (0, 3.906868), (0, 4.305262), (2, 5.979834), (4, 6.697667), (6, 11.024965), (2, 3.349458), (8, 13.293142), (8, 12.610711), (2, 5.237786), (2, 4.331777), (0, 5.474803), (4, 7.609547)]
CONTINUOUS scan_03_03 2 0.0001 6.944559616074959e-05 1200 [(0, 1.511), (0, 3.080642), (0, 3.864683), (0, 4.303904), (2, 5.979922), (4, 6.697664), (6, 11.024913), (2, 3.349458), (8, 13.293056), (8, 12.610658), (2, 5.483245), (2, 4.331825), (0, 5.473239), (4, 7.609536)]
CONTINUOUS scan_03_03 2 1e-06 0.000733910025731271 428 [(0, 1.511), (0, 3.081925), (0, 3.907018), (0, 4.305277), (2, 5.979834), (4, 6.697668), (6, 11.024965), (2, 3.349464), (8, 13.293142), (8, 12.610709), (2, 5.274945), (2, 4.331777), (0, 5.47481), (4, 7.609547)]
CONTINUOUS scan_03_03 2 1e-08 0.0007344471304358257 35 [(0, 1.511), (0, 3.081914), (0, 3.906861), (0, 4.305261), (2, 5.979834), (4, 6.697667), (6, 11.024965), (2, 3.349458), (8, 13.293142), (8, 12.610711), (2, 5.241484), (2, 4.331777), (0, 5.474802), (4, 7.609547)]
CONTINUOUS scan_03_03 3 0.0001 7.069544885618148e-05 1200 [(0, 1.511), (0, 3.080587), (0, 4.303867), (0, 3.86095), (2, 5.977383), (4, 6.697666), (6, 11.024914), (2, 3.682281), (8, 13.293056), (8, 12.610654), (2, 6.013297), (2, 4.331954), (0, 5.473121), (4, 7.609536)]
CONTINUOUS scan_03_03 3 1e-06 0.0007402184307858893 78 [(0, 1.511), (0, 3.081972), (0, 4.305326), (0, 3.908796), (2, 5.979234), (4, 6.697671), (6, 11.024965), (2, 3.349458), (8, 13.293142), (8, 12.610713), (2, 5.988342), (2, 4.331788), (0, 5.474888), (4, 7.609549)]
CONTINUOUS scan_03_03 3 1e-08 0.0007409397779581384 40 [(0, 1.511), (0, 3.081963), (0, 4.305313), (0, 3.908722), (2, 5.979235), (4, 6.69767), (6, 11.024966), (2, 3.349458), (8, 13.293142), (8, 12.610715), (2, 5.988315), (2, 4.331788), (0, 5.474884), (4, 7.609549)]
CONTINUOUS scan_03_03 4 0.0001 6.980286861621832e-05 1200 [(0, 1.511), (0, 3.080627), (0, 3.864442), (0, 4.303884), (2, 5.979871), (4, 6.697663), (6, 11.024913), (2, 3.375369), (8, 13.293055), (8, 12.610657), (2, 5.287536), (2, 4.33182), (0, 5.473216), (4, 7.609536)]
CONTINUOUS scan_03_03 4 1e-06 0.0007338832240426363 405 [(0, 1.511), (0, 3.081922), (0, 3.906957), (0, 4.305273), (2, 5.979834), (4, 6.697668), (6, 11.024965), (2, 3.349468), (8, 13.293142), (8, 12.610709), (2, 5.267388), (2, 4.331777), (0, 5.474806), (4, 7.609547)]
CONTINUOUS scan_03_03 4 1e-08 0.0007343758879641699 34 [(0, 1.511), (0, 3.081912), (0, 3.906818), (0, 4.305259), (2, 5.979833), (4, 6.697667), (6, 11.024965), (2, 3.349458), (8, 13.293142), (8, 12.610711), (2, 5.228928), (2, 4.331777), (0, 5.4748), (4, 7.609547)]
CONTINUOUS scan_03_03 5 0.0001 6.949149199204047e-05 1065 [(0, 1.511), (0, 3.08064), (0, 3.864695), (0, 4.3039), (2, 5.979905), (4, 6.697664), (6, 11.024913), (2, 3.34949), (8, 13.293056), (8, 12.610657), (2, 5.429867), (2, 4.331822), (0, 5.473236), (4, 7.609536)]
CONTINUOUS scan_03_03 5 1e-06 0.0007338673537090473 387 [(0, 1.511), (0, 3.081924), (0, 3.906988), (0, 4.305275), (2, 5.979834), (4, 6.697668), (6, 11.024965), (2, 3.349467), (8, 13.293142), (8, 12.610709), (2, 5.271896), (2, 4.331777), (0, 5.474808), (4, 7.609547)]
CONTINUOUS scan_03_03 5 1e-08 0.0007344206111971341 56 [(0, 1.511), (0, 3.081912), (0, 3.906814), (0, 4.305258), (2, 5.979834), (4, 6.697667), (6, 11.024965), (2, 3.349458), (8, 13.293142), (8, 12.610711), (2, 5.234291), (2, 4.331777), (0, 5.474799), (4, 7.609547)]
CONTINUOUS scan_03_03 6 0.0001 7.089626116521786e-05 1200 [(0, 1.511), (0, 3.080573), (0, 3.860241), (0, 4.303856), (2, 5.97795), (4, 6.697666), (6, 11.024915), (2, 3.740511), (8, 13.293056), (8, 12.610653), (2, 6.023457), (2, 4.331985), (0, 5.473095), (4, 7.609536)]
CONTINUOUS scan_03_03 6 1e-06 0.00074023742557545 73 [(0, 1.511), (0, 3.081972), (0, 3.908796), (0, 4.305325), (2, 5.979371), (4, 6.697671), (6, 11.024965), (2, 3.349458), (8, 13.293142), (8, 12.610713), (2, 5.990806), (2, 4.331788), (0, 5.474888), (4, 7.609549)]
CONTINUOUS scan_03_03 6 1e-08 0.0007409530013699946 37 [(0, 1.511), (0, 3.081963), (0, 3.90872), (0, 4.305313), (2, 5.979372), (4, 6.69767), (6, 11.024966), (2, 3.349458), (8, 13.293142), (8, 12.610715), (2, 5.990745), (2, 4.331788), (0, 5.474883), (4, 7.609549)]
CONTINUOUS scan_03_03 7 0.0001 6.945859776208522e-05 1140 [(0, 1.511), (0, 3.080641), (0, 4.303903), (0, 3.864686), (2, 5.979916), (4, 6.697664), (6, 11.024913), (2, 3.349458), (8, 13.293056), (8, 12.610657), (2, 5.466429), (2, 4.331824), (0, 5.473238), (4, 7.609536)]
CONTINUOUS scan_03_03 7 1e-06 0.0007339192602069551 371 [(0, 1.511), (0, 3.081925), (0, 4.305277), (0, 3.907022), (2, 5.979834), (4, 6.697668), (6, 11.024965), (2, 3.349463), (8, 13.293142), (8, 12.610709), (2, 5.276987), (2, 4.331777), (0, 5.47481), (4, 7.609547)]
CONTINUOUS scan_03_03 7 1e-08 0.0007343812385608023 43 [(0, 1.511), (0, 3.08191), (0, 4.305255), (0, 3.90677), (2, 5.979833), (4, 6.697667), (6, 11.024965), (2, 3.349458), (8, 13.293142), (8, 12.610711), (2, 5.22585), (2, 4.331777), (0, 5.474796), (4, 7.609547)]
CONTINUOUS scan_03_03 8 0.0001 6.950615954028113e-05 1200 [(0, 1.511), (0, 3.080639), (0, 3.864699), (0, 4.303899), (2, 5.979902), (4, 6.697664), (6, 11.024913), (2, 3.349493), (8, 13.293056), (8, 12.610657), (2, 5.420092), (2, 4.331821), (0, 5.473236), (4, 7.609536)]
CONTINUOUS scan_03_03 8 1e-06 0.0007338836404839968 438 [(0, 1.511), (0, 3.081923), (0, 3.906978), (0, 4.305274), (2, 5.979834), (4, 6.697668), (6, 11.024965), (2, 3.349461), (8, 13.293142), (8, 12.610709), (2, 5.268896), (2, 4.331777), (0, 5.474807), (4, 7.609547)]
CONTINUOUS scan_03_03 8 1e-08 0.0007343683769871328 39 [(0, 1.511), (0, 3.081912), (0, 3.906819), (0, 4.305258), (2, 5.979833), (4, 6.697667), (6, 11.024965), (2, 3.349458), (8, 13.293142), (8, 12.610711), (2, 5.230117), (2, 4.331777), (0, 5.474799), (4, 7.609547)]
CONTINUOUS scan_03_03 9 0.0001 6.956142468876633e-05 1200 [(0, 1.511), (0, 3.080639), (0, 3.864574), (0, 4.3039), (2, 5.979916), (4, 6.697664), (6, 11.024913), (2, 3.358928), (8, 13.293056), (8, 12.610657), (2, 5.4669), (2, 4.331826), (0, 5.473233), (4, 7.609536)]
CONTINUOUS scan_03_03 9 1e-06 0.0007339307220280075 415 [(0, 1.511), (0, 3.081925), (0, 3.907018), (0, 4.305277), (2, 5.979834), (4, 6.697668), (6, 11.024965), (2, 3.349472), (8, 13.293142), (8, 12.610709), (2, 5.277526), (2, 4.331777), (0, 5.474809), (4, 7.609547)]
CONTINUOUS scan_03_03 9 1e-08 0.000734362551604179 46 [(0, 1.511), (0, 3.08191), (0, 3.906777), (0, 4.305256), (2, 5.979833), (4, 6.697667), (6, 11.024965), (2, 3.349458), (8, 13.293142), (8, 12.610711), (2, 5.227011), (2, 4.331777), (0, 5.474797), (4, 7.609547)]
CONTINUOUS scan_03_03 10 0.0001 6.94326804884942e-05 1200 [(0, 1.511), (0, 3.080643), (0, 3.864669), (0, 4.303906), (2, 5.979936), (4, 6.697664), (6, 11.024913), (2, 3.34948), (8, 13.293056), (8, 12.610658), (2, 5.517551), (2, 4.331826), (0, 5.47324), (4, 7.609536)]
CONTINUOUS scan_03_03 10 1e-06 0.000733909857137174 415 [(0, 1.511), (0, 3.081925), (0, 3.907017), (0, 4.305276), (2, 5.979834), (4, 6.697668), (6, 11.024965), (2, 3.34946), (8, 13.293142), (8, 12.610709), (2, 5.275067), (2, 4.331777), (0, 5.474809), (4, 7.609547)]
CONTINUOUS scan_03_03 10 1e-08 0.0007345136737758769 44 [(0, 1.511), (0, 3.081914), (0, 3.906867), (0, 4.305261), (2, 5.979834), (4, 6.697667), (6, 11.024965), (2, 3.349458), (8, 13.293142), (8, 12.610711), (2, 5.248758), (2, 4.331777), (0, 5.474802), (4, 7.609547)]
CONTINUOUS scan_03_03 11 0.0001 6.948053458922282e-05 1177 [(0, 1.511), (0, 3.08064), (0, 3.864692), (0, 4.303901), (2, 5.979908), (4, 6.697664), (6, 11.024913), (2, 3.34948), (8, 13.293056), (8, 12.610657), (2, 5.441544), (2, 4.331823), (0, 5.473237), (4, 7.609536)]
CONTINUOUS scan_03_03 11 1e-06 0.0007338935145190587 403 [(0, 1.511), (0, 3.081923), (0, 3.906981), (0, 4.305274), (2, 5.979834), (4, 6.697668), (6, 11.024965), (2, 3.349462), (8, 13.293142), (8, 12.610709), (2, 5.269815), (2, 4.331777), (0, 5.474807), (4, 7.609547)]
CONTINUOUS scan_03_03 11 1e-08 0.0007343908335337667 46 [(0, 1.511), (0, 3.081912), (0, 3.906817), (0, 4.305258), (2, 5.979833), (4, 6.697667), (6, 11.024965), (2, 3.349458), (8, 13.293142), (8, 12.610711), (2, 5.230274), (2, 4.331777), (0, 5.474799), (4, 7.609547)]
CONTINUOUS scan_03_03 12 0.0001 6.948555990813508e-05 1200 [(0, 1.511), (0, 3.080658), (0, 3.864707), (0, 4.303928), (2, 5.977518), (4, 6.697666), (6, 11.024914), (2, 3.352017), (8, 13.293058), (8, 12.610659), (2, 6.01804), (2, 4.331847), (0, 5.473269), (4, 7.609536)]
CONTINUOUS scan_03_03 12 1e-06 0.0007402276776281743 64 [(0, 1.511), (0, 3.081972), (0, 3.908796), (0, 4.305326), (2, 5.979303), (4, 6.697671), (6, 11.024965), (2, 3.349458), (8, 13.293142), (8, 12.610713), (2, 5.989442), (2, 4.331788), (0, 5.474888), (4, 7.609549)]
CONTINUOUS scan_03_03 12 1e-08 0.0007409480202991842 35 [(0, 1.511), (0, 3.081963), (0, 3.908721), (0, 4.305313), (2, 5.979305), (4, 6.69767), (6, 11.024966), (2, 3.349458), (8, 13.293142), (8, 12.610715), (2, 5.989403), (2, 4.331788), (0, 5.474884), (4, 7.609549)]
CONTINUOUS scan_03_03 13 0.0001 7.03122698370512e-05 1200 [(0, 1.511), (0, 3.080595), (0, 4.303864), (0, 3.862183), (2, 5.979948), (4, 6.697664), (6, 11.024914), (2, 3.560543), (8, 13.293055), (8, 12.610655), (2, 5.520441), (2, 4.331883), (0, 5.47314), (4, 7.609536)]
CONTINUOUS scan_03_03 13 1e-06 0.0007338815198437825 325 [(0, 1.511), (0, 3.081924), (0, 4.305274), (0, 3.906984), (2, 5.979834), (4, 6.697668), (6, 11.024965), (2, 3.349458), (8, 13.293142), (8, 12.610709), (2, 5.270598), (2, 4.331777), (0, 5.474807), (4, 7.609547)]
CONTINUOUS scan_03_03 13 1e-08 0.0007344701627698981 25 [(0, 1.511), (0, 3.081913), (0, 4.305259), (0, 3.906839), (2, 5.979834), (4, 6.697667), (6, 11.024965), (2, 3.349458), (8, 13.293142), (8, 12.610711), (2, 5.243126), (2, 4.331777), (0, 5.4748), (4, 7.609547)]
CONTINUOUS scan_03_03 14 0.0001 6.991498485365212e-05 1200 [(0, 1.511), (0, 3.080621), (0, 3.863641), (0, 4.303885), (2, 5.97993), (4, 6.697664), (6, 11.024914), (2, 3.436669), (8, 13.293056), (8, 12.610656), (2, 5.488658), (2, 4.331845), (0, 5.473196), (4, 7.609536)]
CONTINUOUS scan_03_03 14 1e-06 0.0007339054976334785 374 [(0, 1.511), (0, 3.081924), (0, 3.907004), (0, 4.305276), (2, 5.979834), (4, 6.697668), (6, 11.024965), (2, 3.349466), (8, 13.293142), (8, 12.610709), (2, 5.27349), (2, 4.331777), (0, 5.474809), (4, 7.609547)]
CONTINUOUS scan_03_03 14 1e-08 0.000734460119910715 55 [(0, 1.511), (0, 3.081913), (0, 3.906852), (0, 4.30526), (2, 5.979834), (4, 6.697667), (6, 11.024965), (2, 3.349458), (8, 13.293142), (8, 12.610711), (2, 5.242235), (2, 4.331777), (0, 5.474801), (4, 7.609547)]
CONTINUOUS scan_03_03 15 0.0001 8.34525477089986e-05 1091 [(0, 1.511), (0, 3.850648), (0, 3.080325), (0, 4.303578), (2, 5.979861), (4, 6.697662), (6, 11.02492), (2, 4.317593), (8, 13.29305), (8, 12.610635), (2, 4.355316), (2, 4.345924), (0, 5.472573), (4, 7.609535)]
CONTINUOUS scan_03_03 15 1e-06 0.0008576786033316052 593 [(0, 1.511), (0, 3.907296), (0, 3.082059), (0, 4.305531), (2, 5.979803), (4, 6.697671), (6, 11.024938), (2, 4.32442), (8, 13.293142), (8, 12.610722), (2, 4.344421), (2, 4.338787), (0, 5.474946), (4, 7.609534)]
CONTINUOUS scan_03_03 15 1e-08 0.0008577194527812498 83 [(0, 1.511), (0, 3.907295), (0, 3.082057), (0, 4.305529), (2, 5.979803), (4, 6.697671), (6, 11.024938), (2, 4.324412), (8, 13.293142), (8, 12.610723), (2, 4.344269), (2, 4.33882), (0, 5.474948), (4, 7.609534)]
CONTINUOUS scan_03_03 16 0.0001 7.017670852781946e-05 1200 [(0, 1.511), (0, 3.080624), (0, 3.862951), (0, 4.303896), (2, 5.978069), (4, 6.697666), (6, 11.024914), (2, 3.506798), (8, 13.293057), (8, 12.610657), (2, 6.028459), (2, 4.331888), (0, 5.473196), (4, 7.609536)]
CONTINUOUS scan_03_03 16 1e-06 0.0007402446357491118 73 [(0, 1.511), (0, 3.081972), (0, 3.908798), (0, 4.305325), (2, 5.979417), (4, 6.697671), (6, 11.024965), (2, 3.349458), (8, 13.293142), (8, 12.610713), (2, 5.991979), (2, 4.331788), (0, 5.474888), (4, 7.609549)]
CONTINUOUS scan_03_03 16 1e-08 0.0007409586362667683 34 [(0, 1.511), (0, 3.081963), (0, 3.908721), (0, 4.305313), (2, 5.979419), (4, 6.69767), (6, 11.024966), (2, 3.349458), (8, 13.293142), (8, 12.610715), (2, 5.991898), (2, 4.331788), (0, 5.474883), (4, 7.609549)]
CONTINUOUS scan_03_03 17 0.0001 6.950278186825856e-05 1200 [(0, 1.511), (0, 3.080658), (0, 3.864734), (0, 4.303927), (2, 5.978132), (4, 6.697666), (6, 11.024914), (2, 3.349469), (8, 13.293058), (8, 12.610659), (2, 6.032253), (2, 4.331847), (0, 5.47327), (4, 7.609536)]
CONTINUOUS scan_03_03 17 1e-06 0.0007402525893662864 62 [(0, 1.511), (0, 3.081972), (0, 3.908798), (0, 4.305325), (2, 5.979443), (4, 6.697671), (6, 11.024965), (2, 3.349458), (8, 13.293142), (8, 12.610713), (2, 5.992802), (2, 4.331788), (0, 5.474888), (4, 7.609549)]
CONTINUOUS scan_03_03 17 1e-08 0.0007409655459114072 30 [(0, 1.511), (0, 3.081963), (0, 3.908735), (0, 4.305313), (2, 5.979444), (4, 6.69767), (6, 11.024966), (2, 3.349458), (8, 13.293142), (8, 12.610715), (2, 5.99268), (2, 4.331788), (0, 5.474884), (4, 7.609549)]
CONTINUOUS scan_03_03 18 0.0001 6.953412495409922e-05 1200 [(0, 1.511), (0, 3.080658), (0, 4.303927), (0, 3.864733), (2, 5.978596), (4, 6.697667), (6, 11.024914), (2, 3.349851), (8, 13.293058), (8, 12.61066), (2, 6.05277), (2, 4.331848), (0, 5.473271), (4, 7.609536)]
CONTINUOUS scan_03_03 18 1e-06 0.000740282351534861 121 [(0, 1.511), (0, 3.081971), (0, 4.305324), (0, 3.908799), (2, 5.979565), (4, 6.697671), (6, 11.024966), (2, 3.349458), (8, 13.293142), (8, 12.610713), (2, 5.998318), (2, 4.331788), (0, 5.474887), (4, 7.609549)]
CONTINUOUS scan_03_03 18 1e-08 0.0007410119038313637 39 [(0, 1.511), (0, 3.081962), (0, 4.305311), (0, 3.908713), (2, 5.979563), (4, 6.69767), (6, 11.024966), (2, 3.349458), (8, 13.293142), (8, 12.610715), (2, 5.9981), (2, 4.331789), (0, 5.474882), (4, 7.609549)]
CONTINUOUS scan_03_03 19 0.0001 6.950242078791094e-05 1200 [(0, 1.511), (0, 3.08064), (0, 4.303904), (0, 3.864398), (2, 5.979959), (4, 6.697665), (6, 11.024914), (2, 3.372259), (8, 13.293056), (8, 12.610657), (2, 5.563953), (2, 4.331833), (0, 5.473232), (4, 7.609536)]
CONTINUOUS scan_03_03 19 1e-06 0.0007339104011296754 395 [(0, 1.511), (0, 3.081926), (0, 4.305278), (0, 3.907034), (2, 5.979834), (4, 6.697668), (6, 11.024965), (2, 3.349459), (8, 13.293142), (8, 12.610709), (2, 5.279398), (2, 4.331777), (0, 5.474811), (4, 7.609547)]
CONTINUOUS scan_03_03 19 1e-08 0.0007342706566289733 30 [(0, 1.511), (0, 3.08191), (0, 4.305256), (0, 3.906777), (2, 5.979833), (4, 6.697667), (6, 11.024965), (2, 3.349458), (8, 13.293142), (8, 12.610711), (2, 5.225063), (2, 4.331777), (0, 5.474797), (4, 7.609547)]
BEST scan_03_03 2.467819600708114e-06 trace 4.981347552381505 support [0, 1, 15, 27, 38, 39, 40, 44, 47, 53, 56, 74, 78, 87]
STAGE final_improve ALLOWANCE 165.60330030194018
BEST scan_03_03 2.467819600708114e-06 trace 4.981347552381505 support [0, 1, 15, 27, 38, 39, 40, 44, 47, 53, 56, 74, 78, 87]
CONT 0.001 8.152179606333593e-05
CONT 0.0001 0.00033193156867933267
CONT 1e-05 0.0010389662930987552
CONT 1e-06 0.0014139915234269373
CONT 1e-07 0.0014139915234269388
CONT 1e-08 0.0014139915234269362
CONT 1e-09 0.0014139915234269854
STAGE_ERROR final_improve StageTimeout stage allowance exhausted
