Success. Updated the following files:
A /srv/home/xuandong/mnt/jingxu/ALE/tasks_v4/sparse_blossom_correcting_a_million_errors_per_core_second_with_minimu__2303_15933/concept_1/adversary/second_attempt_diagnostic/DIAGNOSIS.md
{
  "source_and_frozen_assets_unchanged": true,
  "official_replays": 1,
  "relaxed_runs": 1,
  "initial_termination": {
    "returncode": 137,
    "wall_seconds": 403.461497001932,
    "cpu_seconds": 128.805497,
    "max_rss_kib": 114300,
    "watchdog_timeout": false,
    "cpu_accounting": "trusted wait4 with bwrap --as-pid-1; process/thread creation blocked by seccomp"
  },
  "replay_termination": {
    "returncode": 137,
    "wall_seconds": 439.81941284192726,
    "cpu_seconds": 132.927369,
    "max_rss_kib": 114768,
    "watchdog_timeout": false,
    "cpu_accounting": "trusted wait4 with bwrap --as-pid-1; process/thread creation blocked by seccomp"
  },
  "initial_signal_sender_proven": false,
  "watchdog_caused_termination": false,
  "reference": "Linux 5.15 RLIMIT_CPU uses CPUCLOCK_PROF; observed SCHED/proc/wait4 values need not be identical. Raw CPU clocks were queried from the trusted host, not injected into the candidate.",
  "full_quality_recovered": true,
  "relaxed_execution": {
    "returncode": 0,
    "wall_seconds": 462.0674613559386,
    "cpu_seconds": 156.480366,
    "max_rss_kib": 114360,
    "watchdog_timeout": false,
    "cpu_accounting": "trusted wait4 with bwrap --as-pid-1; process/thread creation blocked by seccomp"
  },
  "failed_original_quality_gates": [
    "pooled_improvement",
    "independent_holdout",
    "family_nonregression"
  ],
  "completed_run_measured_cpu_overrun": true,
  "cpu_overrun_seconds": 24.480366000000004,
  "original_numeric_gate_comparison": {
    "pooled_improvement": false,
    "independent_holdout": false,
    "family_nonregression": false,
    "paired_confidence": true,
    "runtime": false,
    "final_suite": true
  },
  "nonqualifying_diagnostic": true,
  "original_target_conclusion": "NOT_QUALIFIED: original replay is invalid; completed diagnostic fails original numerical gates"
}
