{
  "passed": true,
  "checks": {
    "integer_generators": true,
    "fourth_cluster_power_zero": true,
    "biorthogonal_normalization_exact": true,
    "left_triple_exactly_zero": true,
    "normal_right_exactly_zero": true,
    "ground_triple_nonzero": true,
    "normal_ground_nonzero": true,
    "coefficient_right_strictly_negative": true,
    "coefficient_left_strictly_positive": true,
    "projected_right_norm_strictly_positive": true,
    "projected_left_norm_strictly_positive": true
  },
  "decimal_approximations": {
    "B11": -15.75045307214746,
    "B22": 5.4578935176378565,
    "G11": 0.002234496760790349,
    "G22": 0.03455968136707191
  },
  "scope": "exact exclusion of the one stored decimal-valued relaxed tuple under exact CCSD/lambda stationarity and a positive Hermitian ground gap",
  "proof": "Rayleigh positivity requires e*B11>0 and e*B22>0. Exact opposite coefficient signs make these inequalities incompatible for every real e. See OBSTRUCTION_NOTES.md for the stationary residual identity.",
  "universal_task_impossibility_proved": false,
  "runtime_seconds": 0.08726615190971643
}
