ERROR:2026-08-28 05:58:28,833:jax._src.xla_bridge:566: Jax plugin configuration error: Exception when calling jax_plugins.xla_cuda12.initialize()
Traceback (most recent call last):
  File "/usr/lib/python3/dist-packages/jax/_src/xla_bridge.py", line 564, in discover_pjrt_plugins
    plugin_module.initialize()
  File "/home/xuandong/.local/lib/python3.10/site-packages/jax_plugins/xla_cuda12/__init__.py", line 324, in initialize
    _check_cuda_versions(raise_on_first_error=True)
  File "/home/xuandong/.local/lib/python3.10/site-packages/jax_plugins/xla_cuda12/__init__.py", line 281, in _check_cuda_versions
    local_device_count = cuda_versions.cuda_device_count()
RuntimeError: jaxlib/cuda/versions_helpers.cc:113: operation cuInit(0) failed: CUDA_ERROR_NO_DEVICE
/usr/lib/python3/dist-packages/scipy/optimize/_optimize.py:284: RuntimeWarning: Values in x were outside bounds during a minimize step, clipping to bounds
  warnings.warn("Values in x were outside bounds during a "
{"iteration": 10, "gradient_norm": 0.2545842212246187, "max_finite_energy_error": 0.0007372339741285039, "minimum_all_margin": -0.6392660386359278, "minimum_nonenergy_margin": -0.6392660386359278, "max_dad": 0.007382660386359277, "min_population": 0.02105074661955522, "elapsed_seconds": 11.451222461997531}
{"iteration": 20, "gradient_norm": 0.2527592713060741, "max_finite_energy_error": 0.00030904462060377114, "minimum_all_margin": -0.7997208590932087, "minimum_nonenergy_margin": -0.7997208590932087, "max_dad": 0.008987208590932086, "min_population": 0.020217821580083305, "elapsed_seconds": 14.652227492071688}
{"iteration": 30, "gradient_norm": 0.25225743614452145, "max_finite_energy_error": 0.0002622450837987955, "minimum_all_margin": -0.15881593365478106, "minimum_nonenergy_margin": -0.15881593365478106, "max_dad": 0.0025781593365478105, "min_population": 0.02018838990297581, "elapsed_seconds": 17.432502774056047}
{"iteration": 40, "gradient_norm": 0.25168591680680785, "max_finite_energy_error": 0.00026283788511394235, "minimum_all_margin": -0.024853678781779964, "minimum_nonenergy_margin": -0.024853678781779964, "max_dad": 0.0012385367878177996, "min_population": 0.020082626174487788, "elapsed_seconds": 20.20114007301163}
{"iteration": 50, "gradient_norm": 0.2513810665155651, "max_finite_energy_error": 0.0002526532605684473, "minimum_all_margin": -0.01526532605684473, "minimum_nonenergy_margin": -0.00012078006169653332, "max_dad": 0.0009912078006169653, "min_population": 0.020050259558853492, "elapsed_seconds": 22.25973004300613}
{"iteration": 60, "gradient_norm": 0.2513631241107661, "max_finite_energy_error": 0.00025304905780121345, "minimum_all_margin": -0.015304905780121347, "minimum_nonenergy_margin": -1.2121283416029714e-05, "max_dad": 0.0009901212128341603, "min_population": 0.020051583040369747, "elapsed_seconds": 23.720583491027355}
{"iteration": 70, "gradient_norm": 0.2513501597537776, "max_finite_energy_error": 0.0002531626894626271, "minimum_all_margin": -0.015316268946262711, "minimum_nonenergy_margin": -0.0005441770139727074, "max_dad": 0.000995441770139727, "min_population": 0.02005071157574419, "elapsed_seconds": 29.753092673025094}
{"iteration": 80, "gradient_norm": 0.2513446035683891, "max_finite_energy_error": 0.0002533566714073565, "minimum_all_margin": -0.015335667140735653, "minimum_nonenergy_margin": -0.0002191664054359806, "max_dad": 0.0009921916640543598, "min_population": 0.020050108548022066, "elapsed_seconds": 36.171843379037455}
{"iteration": 90, "gradient_norm": 0.2513448090443138, "max_finite_energy_error": 0.00025335223379396865, "minimum_all_margin": -0.015335223379396867, "minimum_nonenergy_margin": -0.00043608437802621514, "max_dad": 0.0009943608437802621, "min_population": 0.02005006880084795, "elapsed_seconds": 43.057365422020666}
{"iteration": 100, "gradient_norm": 0.2513454835579543, "max_finite_energy_error": 0.00025331538026041045, "minimum_all_margin": -0.015331538026041047, "minimum_nonenergy_margin": -0.0006958771807828636, "max_dad": 0.0009969587718078286, "min_population": 0.020050108229810442, "elapsed_seconds": 48.39016200101469}
{"stage": 0, "message": "Positive directional derivative for linesearch", "objective": 12.638093689383133, "minimum_margin": -0.01533634666983531, "elapsed_seconds": 51.24026321200654}
{"iteration": 110, "gradient_norm": 0.24637777921232046, "max_finite_energy_error": 0.0002562053932959607, "minimum_all_margin": -0.7142686400707193, "minimum_nonenergy_margin": -0.7142686400707193, "max_dad": 0.008132686400707193, "min_population": 0.02097277557714684, "elapsed_seconds": 52.97694833402056}
{"iteration": 120, "gradient_norm": 0.24542362599800088, "max_finite_energy_error": 0.0002639346316755109, "minimum_all_margin": -0.33853844644522774, "minimum_nonenergy_margin": -0.33853844644522774, "max_dad": 0.004375384464452277, "min_population": 0.020155362087343486, "elapsed_seconds": 57.51214697607793}
{"iteration": 130, "gradient_norm": 0.2453933299946969, "max_finite_energy_error": 0.00026751237383138005, "minimum_all_margin": -0.09385902259991881, "minimum_nonenergy_margin": -0.09385902259991881, "max_dad": 0.001928590225999188, "min_population": 0.02008687597187654, "elapsed_seconds": 61.97015334898606}
{"iteration": 140, "gradient_norm": 0.24482281392792385, "max_finite_energy_error": 0.0002459622338095713, "minimum_all_margin": -0.014596223380957129, "minimum_nonenergy_margin": -0.003896064991627422, "max_dad": 0.0010289606499162742, "min_population": 0.020051329587392596, "elapsed_seconds": 65.81941631401423}
{"iteration": 150, "gradient_norm": 0.24477060720957083, "max_finite_energy_error": 0.0002473005446370635, "minimum_all_margin": -0.014730054463706354, "minimum_nonenergy_margin": -0.0003219849806294613, "max_dad": 0.0009932198498062946, "min_population": 0.020050228991539652, "elapsed_seconds": 68.78847471205518}
{"iteration": 160, "gradient_norm": 0.24472433065751015, "max_finite_energy_error": 0.00024752287158280595, "minimum_all_margin": -0.014752287158280596, "minimum_nonenergy_margin": -6.470605338362943e-05, "max_dad": 0.0009906470605338363, "min_population": 0.020050331316465702, "elapsed_seconds": 71.20262746699154}
{"iteration": 170, "gradient_norm": 0.24468273284975295, "max_finite_energy_error": 0.00024709744951367796, "minimum_all_margin": -0.014709744951367797, "minimum_nonenergy_margin": -0.00016243498947800163, "max_dad": 0.00099162434989478, "min_population": 0.020050389094215727, "elapsed_seconds": 73.37302228901535}
{"iteration": 180, "gradient_norm": 0.24468883128410943, "max_finite_energy_error": 0.00024693831419719814, "minimum_all_margin": -0.014693831419719815, "minimum_nonenergy_margin": -2.1084350915385498e-05, "max_dad": 0.0009902108435091538, "min_population": 0.02005088461426933, "elapsed_seconds": 76.58427314902656}
{"iteration": 190, "gradient_norm": 0.24468074814758284, "max_finite_energy_error": 0.000247136622275157, "minimum_all_margin": -0.0147136622275157, "minimum_nonenergy_margin": -1.8279992798761122e-06, "max_dad": 0.0009900182799927988, "min_population": 0.020050052631101146, "elapsed_seconds": 81.98525713407435}
{"iteration": 200, "gradient_norm": 0.24468053209551865, "max_finite_energy_error": 0.00024717394952666893, "minimum_all_margin": -0.014717394952666895, "minimum_nonenergy_margin": -0.0005218169285304934, "max_dad": 0.000995218169285305, "min_population": 0.020050134878817898, "elapsed_seconds": 88.94917182903737}
{"iteration": 210, "gradient_norm": 0.24467922698588604, "max_finite_energy_error": 0.00024724044764390385, "minimum_all_margin": -0.014724044764390386, "minimum_nonenergy_margin": -0.0016548662785053963, "max_dad": 0.001006548662785054, "min_population": 0.02005014292770029, "elapsed_seconds": 96.807411900023}
{"iteration": 220, "gradient_norm": 0.244679622233066, "max_finite_energy_error": 0.000247181505945715, "minimum_all_margin": -0.014718150594571499, "minimum_nonenergy_margin": -0.00020531581415676736, "max_dad": 0.0009920531581415677, "min_population": 0.020050014946688316, "elapsed_seconds": 104.44571553601418}
{"stage": 1, "message": "Positive directional derivative for linesearch", "objective": 11.97875421256543, "minimum_margin": -0.014717478275926298, "elapsed_seconds": 106.44461444905028}
{"iteration": 230, "gradient_norm": 0.23905503846255033, "max_finite_energy_error": 0.00028263073867540456, "minimum_all_margin": -0.4438384859986299, "minimum_nonenergy_margin": -0.4438384859986299, "max_dad": 0.005428384859986299, "min_population": 0.02018535894691486, "elapsed_seconds": 108.92950374609791}
{"iteration": 240, "gradient_norm": 0.23945443028123325, "max_finite_energy_error": 0.0002434244111957362, "minimum_all_margin": -0.10045397271569202, "minimum_nonenergy_margin": -0.10045397271569202, "max_dad": 0.00199453972715692, "min_population": 0.020073142848416176, "elapsed_seconds": 113.08064151904546}
{"iteration": 250, "gradient_norm": 0.23927667537660494, "max_finite_energy_error": 0.0002414512849386874, "minimum_all_margin": -0.014145128493868741, "minimum_nonenergy_margin": -0.009680869950716865, "max_dad": 0.0010868086995071686, "min_population": 0.020057446051264135, "elapsed_seconds": 116.78664997208398}
{"iteration": 260, "gradient_norm": 0.23927018422869734, "max_finite_energy_error": 0.00024233086771330292, "minimum_all_margin": -0.014233086771330294, "minimum_nonenergy_margin": -0.00014259027541017183, "max_dad": 0.0009914259027541017, "min_population": 0.020050994761420016, "elapsed_seconds": 119.85829865501728}
{"iteration": 270, "gradient_norm": 0.23921392172884837, "max_finite_energy_error": 0.00024241368868072044, "minimum_all_margin": -0.014241368868072046, "minimum_nonenergy_margin": -0.00017826847029649845, "max_dad": 0.000991782684702965, "min_population": 0.02005059560265206, "elapsed_seconds": 122.95894228899851}
{"iteration": 280, "gradient_norm": 0.23920598553102232, "max_finite_energy_error": 0.000242461764445423, "minimum_all_margin": -0.014246176444542302, "minimum_nonenergy_margin": -3.094243437992347e-05, "max_dad": 0.0009903094243437992, "min_population": 0.02005024119228805, "elapsed_seconds": 125.14326586900279}
{"iteration": 290, "gradient_norm": 0.23920454914910005, "max_finite_energy_error": 0.0002424168909165303, "minimum_all_margin": -0.01424168909165303, "minimum_nonenergy_margin": -3.5097043960983718e-06, "max_dad": 0.000990035097043961, "min_population": 0.020050044068210496, "elapsed_seconds": 129.0339821940288}
{"iteration": 300, "gradient_norm": 0.23971327920914431, "max_finite_energy_error": 0.00025119600817724574, "minimum_all_margin": -0.23169446742492966, "minimum_nonenergy_margin": -0.23169446742492966, "max_dad": 0.0033069446742492966, "min_population": 0.02006538615150005, "elapsed_seconds": 135.28644609707408}
{"stage": 2, "message": "Positive directional derivative for linesearch", "objective": 11.452027742266479, "minimum_margin": -0.014242459860213118, "elapsed_seconds": 143.1431515290169}
{"iteration": 310, "gradient_norm": 0.23316371206419456, "max_finite_energy_error": 0.0003555565748811773, "minimum_all_margin": -0.12946125037327777, "minimum_nonenergy_margin": -0.12946125037327777, "max_dad": 0.002284612503732778, "min_population": 0.02060558133099464, "elapsed_seconds": 144.04117346100975}
{"iteration": 320, "gradient_norm": 0.23409880851332618, "max_finite_energy_error": 0.00024044045031246242, "minimum_all_margin": -0.3628902378972532, "minimum_nonenergy_margin": -0.3628902378972532, "max_dad": 0.004618902378972532, "min_population": 0.02012667701589029, "elapsed_seconds": 147.6637040330097}
{"iteration": 330, "gradient_norm": 0.23388219671594154, "max_finite_energy_error": 0.0002449231215067016, "minimum_all_margin": -0.03995438130659941, "minimum_nonenergy_margin": -0.03995438130659941, "max_dad": 0.0013895438130659941, "min_population": 0.020047038692742696, "elapsed_seconds": 151.05734512209892}
{"iteration": 340, "gradient_norm": 0.23483319826674404, "max_finite_energy_error": 0.00023717136932521754, "minimum_all_margin": -0.017046864159215767, "minimum_nonenergy_margin": -0.017046864159215767, "max_dad": 0.0011604686415921577, "min_population": 0.02007162120801355, "elapsed_seconds": 155.4393218170153}
{"iteration": 350, "gradient_norm": 0.23465518735451793, "max_finite_energy_error": 0.0002467645032164789, "minimum_all_margin": -0.014676450321647893, "minimum_nonenergy_margin": -0.009393662881573665, "max_dad": 0.0010839366288157366, "min_population": 0.020059455282052063, "elapsed_seconds": 159.84371995099355}
{"iteration": 360, "gradient_norm": 0.23470923371194616, "max_finite_energy_error": 0.0002378922563575081, "minimum_all_margin": -0.013789225635750812, "minimum_nonenergy_margin": -0.00010892887235261148, "max_dad": 0.0009910892887235261, "min_population": 0.02005121167623943, "elapsed_seconds": 162.69924102700315}
{"iteration": 370, "gradient_norm": 0.2346788949472824, "max_finite_energy_error": 0.00023803590252002849, "minimum_all_margin": -0.01380359025200285, "minimum_nonenergy_margin": -0.0002428663181912663, "max_dad": 0.0009924286631819127, "min_population": 0.02005083075086908, "elapsed_seconds": 165.20745232398622}
{"iteration": 380, "gradient_norm": 0.23466360846934783, "max_finite_energy_error": 0.00023851492139170816, "minimum_all_margin": -0.013851492139170817, "minimum_nonenergy_margin": -0.0004976853900205604, "max_dad": 0.0009949768539002056, "min_population": 0.020055616347594347, "elapsed_seconds": 168.8529490880901}
{"iteration": 390, "gradient_norm": 0.23464999559352734, "max_finite_energy_error": 0.000238196059849205, "minimum_all_margin": -0.013819605984920501, "minimum_nonenergy_margin": -0.00018974951871055662, "max_dad": 0.0009918974951871056, "min_population": 0.020052648811785968, "elapsed_seconds": 171.798236175091}
{"iteration": 400, "gradient_norm": 0.23463252067343, "max_finite_energy_error": 0.00023827188787350906, "minimum_all_margin": -0.013827188787350907, "minimum_nonenergy_margin": -1.4951151394845472e-06, "max_dad": 0.0009900149511513948, "min_population": 0.020049999209836796, "elapsed_seconds": 175.32205143000465}
{"iteration": 410, "gradient_norm": 0.23463146621009898, "max_finite_energy_error": 0.000238312818725106, "minimum_all_margin": -0.013831281872510603, "minimum_nonenergy_margin": -2.194176308527307e-07, "max_dad": 0.0009900021941763085, "min_population": 0.020050064148736873, "elapsed_seconds": 179.30852406402119}
{"iteration": 420, "gradient_norm": 0.23463245040557687, "max_finite_energy_error": 0.00023827579977719893, "minimum_all_margin": -0.013827579977719894, "minimum_nonenergy_margin": -2.6996104115183106e-07, "max_dad": 0.0009900026996104115, "min_population": 0.020050020849796523, "elapsed_seconds": 191.44260424003005}
{"iteration": 430, "gradient_norm": 0.23463220293741327, "max_finite_energy_error": 0.00023830516970768656, "minimum_all_margin": -0.013830516970768657, "minimum_nonenergy_margin": -0.00010647211040018707, "max_dad": 0.0009910647211040019, "min_population": 0.020050169362979056, "elapsed_seconds": 202.52846308902372}
{"iteration": 440, "gradient_norm": 0.23463066080738987, "max_finite_energy_error": 0.00023832649552124607, "minimum_all_margin": -0.013832649552124609, "minimum_nonenergy_margin": -3.011429961733564e-08, "max_dad": 0.0009900003011429962, "min_population": 0.020050000997086863, "elapsed_seconds": 207.81792106304783}
{"iteration": 450, "gradient_norm": 0.23463238519377125, "max_finite_energy_error": 0.00023827854571090157, "minimum_all_margin": -0.013827854571090158, "minimum_nonenergy_margin": -7.873900707061274e-05, "max_dad": 0.0009907873900707061, "min_population": 0.0200500252161774, "elapsed_seconds": 215.11838736804202}
{"iteration": 460, "gradient_norm": 0.23463061040783723, "max_finite_energy_error": 0.00023832749074204074, "minimum_all_margin": -0.013832749074204075, "minimum_nonenergy_margin": -2.3241161457810897e-05, "max_dad": 0.000990232411614578, "min_population": 0.020050008146683278, "elapsed_seconds": 222.09768067509867}
{"stage": 3, "message": "Iteration limit reached", "objective": 11.021146998672997, "minimum_margin": -0.01383299287065377, "elapsed_seconds": 224.83157734107226}
{"iteration": 470, "gradient_norm": 0.22828532364302329, "max_finite_energy_error": 0.0002916349472852353, "minimum_all_margin": -0.3811903306551243, "minimum_nonenergy_margin": -0.3811903306551243, "max_dad": 0.004801903306551243, "min_population": 0.020050037477842633, "elapsed_seconds": 226.912297494011}
{"iteration": 480, "gradient_norm": 0.23013592215227666, "max_finite_energy_error": 0.0002390457548280267, "minimum_all_margin": -0.15118130517805636, "minimum_nonenergy_margin": -0.15118130517805636, "max_dad": 0.0025018130517805636, "min_population": 0.0201176900970638, "elapsed_seconds": 231.13946812902577}
{"iteration": 490, "gradient_norm": 0.2299172892211915, "max_finite_energy_error": 0.00023464822527596851, "minimum_all_margin": -0.035107924518004145, "minimum_nonenergy_margin": -0.035107924518004145, "max_dad": 0.0013410792451800414, "min_population": 0.020043540160210177, "elapsed_seconds": 234.86126237805001}
{"iteration": 500, "gradient_norm": 0.23199782202171684, "max_finite_energy_error": 0.00023841532362878226, "minimum_all_margin": -0.013841532362878228, "minimum_nonenergy_margin": -0.012173131833479053, "max_dad": 0.0011117313183347905, "min_population": 0.02014901020640183, "elapsed_seconds": 239.5771632050164}
{"iteration": 510, "gradient_norm": 0.23111590427218145, "max_finite_energy_error": 0.00023515878784419186, "minimum_all_margin": -0.013515878784419188, "minimum_nonenergy_margin": -0.004804232683528571, "max_dad": 0.0010380423268352857, "min_population": 0.020065109058053497, "elapsed_seconds": 243.19357235904317}
{"iteration": 520, "gradient_norm": 0.2309225353840091, "max_finite_energy_error": 0.00023416789962560358, "minimum_all_margin": -0.01341678996256036, "minimum_nonenergy_margin": -0.00030827477643037733, "max_dad": 0.0009930827477643038, "min_population": 0.020051787960822784, "elapsed_seconds": 246.58247267303523}
{"iteration": 530, "gradient_norm": 0.23082855039290487, "max_finite_energy_error": 0.0002342594016346844, "minimum_all_margin": -0.013425940163468441, "minimum_nonenergy_margin": -4.7922489261218934e-05, "max_dad": 0.0009904792248926122, "min_population": 0.020050010285880625, "elapsed_seconds": 249.49060770205688}
{"iteration": 540, "gradient_norm": 0.2307473840011019, "max_finite_energy_error": 0.00023538541779188904, "minimum_all_margin": -0.013538541779188906, "minimum_nonenergy_margin": -0.001435438916284849, "max_dad": 0.0010043543891628485, "min_population": 0.02005372118681383, "elapsed_seconds": 251.49657306203153}
{"iteration": 550, "gradient_norm": 0.230733978442365, "max_finite_energy_error": 0.00023492746243691798, "minimum_all_margin": -0.0134927462436918, "minimum_nonenergy_margin": -9.112732083393395e-05, "max_dad": 0.0009909112732083393, "min_population": 0.020050402968915002, "elapsed_seconds": 254.92233820899855}
{"iteration": 560, "gradient_norm": 0.23073488680231485, "max_finite_energy_error": 0.00023504273255303687, "minimum_all_margin": -0.013504273255303689, "minimum_nonenergy_margin": -0.0003401366131403939, "max_dad": 0.000993401366131404, "min_population": 0.020051316563190966, "elapsed_seconds": 259.97903311101254}
{"iteration": 570, "gradient_norm": 0.23073681933001752, "max_finite_energy_error": 0.000234835628327712, "minimum_all_margin": -0.0134835628327712, "minimum_nonenergy_margin": -0.000156692066902598, "max_dad": 0.000991566920669026, "min_population": 0.020050493428708936, "elapsed_seconds": 265.00557971105445}
{"iteration": 580, "gradient_norm": 0.230733553156156, "max_finite_energy_error": 0.00023483034247373524, "minimum_all_margin": -0.013483034247373526, "minimum_nonenergy_margin": -8.867793303336292e-06, "max_dad": 0.0009900886779330334, "min_population": 0.02005002046386448, "elapsed_seconds": 268.09778696205467}
{"iteration": 590, "gradient_norm": 0.23073161271406972, "max_finite_energy_error": 0.0002349244010164675, "minimum_all_margin": -0.013492440101646751, "minimum_nonenergy_margin": -2.506153104649394e-05, "max_dad": 0.000990250615310465, "min_population": 0.020050576604784324, "elapsed_seconds": 270.14108860108536}
{"iteration": 600, "gradient_norm": 0.2307320450739445, "max_finite_energy_error": 0.00023487500218166701, "minimum_all_margin": -0.013487500218166703, "minimum_nonenergy_margin": -2.3739575958736485e-05, "max_dad": 0.0009902373957595874, "min_population": 0.020050185564116006, "elapsed_seconds": 272.6322095770156}
{"iteration": 610, "gradient_norm": 0.23073006559858425, "max_finite_energy_error": 0.00023489301238965865, "minimum_all_margin": -0.013489301238965867, "minimum_nonenergy_margin": -3.23876400791772e-06, "max_dad": 0.0009900323876400792, "min_population": 0.02005001805648681, "elapsed_seconds": 275.11162935907487}
{"iteration": 620, "gradient_norm": 0.23073232163974938, "max_finite_energy_error": 0.00023487251443565782, "minimum_all_margin": -0.013487251443565784, "minimum_nonenergy_margin": -5.962576860979972e-05, "max_dad": 0.000990596257686098, "min_population": 0.020050294661432284, "elapsed_seconds": 279.16440149000846}
{"stage": 4, "message": "Iteration limit reached", "objective": 10.660579161230839, "minimum_margin": -0.013489158273237722, "elapsed_seconds": 280.83971103909425}
{"iteration": 630, "gradient_norm": 0.23014625646951867, "max_finite_energy_error": 0.00026029820654382974, "minimum_all_margin": -0.13973543841769429, "minimum_nonenergy_margin": -0.13973543841769429, "max_dad": 0.002387354384176943, "min_population": 0.020312527150540424, "elapsed_seconds": 282.66244248498697}
{"iteration": 640, "gradient_norm": 0.22816131027707334, "max_finite_energy_error": 0.0002644931956430341, "minimum_all_margin": -0.5826062544850689, "minimum_nonenergy_margin": -0.5826062544850689, "max_dad": 0.006816062544850689, "min_population": 0.020184872662022308, "elapsed_seconds": 285.8054243080551}
{"iteration": 650, "gradient_norm": 0.22688018485141065, "max_finite_energy_error": 0.00023134383190459573, "minimum_all_margin": -0.02381081818518666, "minimum_nonenergy_margin": -0.02381081818518666, "max_dad": 0.0012281081818518666, "min_population": 0.02005952471570261, "elapsed_seconds": 288.43018662999384}
{"iteration": 660, "gradient_norm": 0.22809026687691558, "max_finite_energy_error": 0.00023816017037248116, "minimum_all_margin": -0.013816017037248118, "minimum_nonenergy_margin": -0.010437594823176901, "max_dad": 0.001094375948231769, "min_population": 0.02009177524947659, "elapsed_seconds": 291.1763970440952}
{"iteration": 670, "gradient_norm": 0.2273827673484404, "max_finite_energy_error": 0.0002286766363885917, "minimum_all_margin": -0.012867663638859172, "minimum_nonenergy_margin": -0.0012997866750302008, "max_dad": 0.001002997866750302, "min_population": 0.02004799561426215, "elapsed_seconds": 294.0384115490597}
{"iteration": 680, "gradient_norm": 0.22733608739363342, "max_finite_energy_error": 0.0002301361666141588, "minimum_all_margin": -0.013013616661415883, "minimum_nonenergy_margin": -0.0026143292053500914, "max_dad": 0.001016143292053501, "min_population": 0.0200660141896611, "elapsed_seconds": 296.6577926800819}
{"iteration": 690, "gradient_norm": 0.22715515967869582, "max_finite_energy_error": 0.00023158781577192755, "minimum_all_margin": -0.013158781577192757, "minimum_nonenergy_margin": -2.6733298961242186e-06, "max_dad": 0.0009900267332989612, "min_population": 0.020050039986895585, "elapsed_seconds": 299.423163347994}
{"iteration": 700, "gradient_norm": 0.22713840013204187, "max_finite_energy_error": 0.00023171094035001616, "minimum_all_margin": -0.013171094035001617, "minimum_nonenergy_margin": -2.4022304679531883e-05, "max_dad": 0.0009902402230467953, "min_population": 0.02005003876971341, "elapsed_seconds": 302.5623057530029}
{"iteration": 710, "gradient_norm": 0.2271372163067112, "max_finite_energy_error": 0.00023171579585357094, "minimum_all_margin": -0.013171579585357095, "minimum_nonenergy_margin": -9.388640583073496e-06, "max_dad": 0.0009900938864058307, "min_population": 0.020050584383760412, "elapsed_seconds": 305.5341147230938}
{"iteration": 720, "gradient_norm": 0.22713157158243158, "max_finite_energy_error": 0.00023180493867158702, "minimum_all_margin": -0.013180493867158704, "minimum_nonenergy_margin": -1.1119199809961518e-05, "max_dad": 0.0009901111919980996, "min_population": 0.02005039044918825, "elapsed_seconds": 309.3019927080022}
{"iteration": 730, "gradient_norm": 0.2271314680671056, "max_finite_energy_error": 0.00023177343616120893, "minimum_all_margin": -0.013177343616120895, "minimum_nonenergy_margin": -1.3679390435238775e-05, "max_dad": 0.0009901367939043524, "min_population": 0.02005020251918653, "elapsed_seconds": 314.0626250359928}
{"iteration": 740, "gradient_norm": 0.22712868519033724, "max_finite_energy_error": 0.00023180554620028104, "minimum_all_margin": -0.013180554620028106, "minimum_nonenergy_margin": -8.680769253161663e-07, "max_dad": 0.0009900086807692532, "min_population": 0.020049997520445485, "elapsed_seconds": 318.4175932620419}
{"iteration": 750, "gradient_norm": 0.2271286173745204, "max_finite_energy_error": 0.00023180816570267382, "minimum_all_margin": -0.013180816570267383, "minimum_nonenergy_margin": -3.6308804647134166e-06, "max_dad": 0.0009900363088046471, "min_population": 0.020050003156902623, "elapsed_seconds": 325.5450774260098}
{"iteration": 760, "gradient_norm": 0.22712924065866227, "max_finite_energy_error": 0.00023179481080637387, "minimum_all_margin": -0.013179481080637389, "minimum_nonenergy_margin": -9.446213351674629e-06, "max_dad": 0.0009900944621335167, "min_population": 0.020050000441603145, "elapsed_seconds": 333.9103496820899}
{"iteration": 770, "gradient_norm": 0.2271295332362247, "max_finite_energy_error": 0.0002317859484475271, "minimum_all_margin": -0.01317859484475271, "minimum_nonenergy_margin": -2.2879100285816932e-05, "max_dad": 0.0009902287910028582, "min_population": 0.020050008897848127, "elapsed_seconds": 341.9060802210588}
{"iteration": 780, "gradient_norm": 0.2271274767112808, "max_finite_energy_error": 0.00023182904063245857, "minimum_all_margin": -0.013182904063245859, "minimum_nonenergy_margin": -0.00015623030783327042, "max_dad": 0.0009915623030783327, "min_population": 0.02005000100879274, "elapsed_seconds": 349.1867398110917}
{"stage": 5, "message": "Iteration limit reached", "objective": 10.334146115918903, "minimum_margin": -0.01318031550809785, "elapsed_seconds": 350.1030514780432}
{"iteration": 790, "gradient_norm": 0.22287815295621816, "max_finite_energy_error": 0.00024645055183425413, "minimum_all_margin": -0.26715618147895337, "minimum_nonenergy_margin": -0.26715618147895337, "max_dad": 0.003661561814789534, "min_population": 0.020052300908049697, "elapsed_seconds": 353.2492174070794}
{"iteration": 800, "gradient_norm": 0.22389877844928455, "max_finite_energy_error": 0.00022643959154455828, "minimum_all_margin": -0.032939067981058105, "minimum_nonenergy_margin": -0.032939067981058105, "max_dad": 0.001319390679810581, "min_population": 0.020059619056408663, "elapsed_seconds": 356.56215765408706}
{"iteration": 810, "gradient_norm": 0.22411072012041203, "max_finite_energy_error": 0.000226864308977337, "minimum_all_margin": -0.012686430897733702, "minimum_nonenergy_margin": -0.011789660333177358, "max_dad": 0.0011078966033317736, "min_population": 0.020053586877014907, "elapsed_seconds": 359.7521503260359}
{"iteration": 820, "gradient_norm": 0.2241444782728704, "max_finite_energy_error": 0.0002280688974241052, "minimum_all_margin": -0.01280688974241052, "minimum_nonenergy_margin": -0.0006685671161839194, "max_dad": 0.0009966856711618392, "min_population": 0.020053696739443506, "elapsed_seconds": 362.78360611002427}
{"iteration": 830, "gradient_norm": 0.2240820305247033, "max_finite_energy_error": 0.00022888578988711217, "minimum_all_margin": -0.012888578988711218, "minimum_nonenergy_margin": -0.000721941745034484, "max_dad": 0.0009972194174503448, "min_population": 0.02005400998390825, "elapsed_seconds": 365.3822177409893}
{"iteration": 840, "gradient_norm": 0.224027754991189, "max_finite_energy_error": 0.00022895660278399177, "minimum_all_margin": -0.012895660278399178, "minimum_nonenergy_margin": -1.0007887260663623e-06, "max_dad": 0.0009900100078872607, "min_population": 0.020050003134055, "elapsed_seconds": 367.5612262210343}
{"iteration": 850, "gradient_norm": 0.22402360376371608, "max_finite_energy_error": 0.00022903246095618002, "minimum_all_margin": -0.012903246095618003, "minimum_nonenergy_margin": -2.532828084636854e-07, "max_dad": 0.0009900025328280846, "min_population": 0.020050001642227557, "elapsed_seconds": 370.6276312810369}
{"iteration": 860, "gradient_norm": 0.2240239000327921, "max_finite_energy_error": 0.00022902651040990207, "minimum_all_margin": -0.012902651040990209, "minimum_nonenergy_margin": -1.3742704780151521e-05, "max_dad": 0.0009901374270478015, "min_population": 0.02005000336553196, "elapsed_seconds": 382.5356381620513}
{"iteration": 870, "gradient_norm": 0.22402358395489566, "max_finite_energy_error": 0.0002290327256035951, "minimum_all_margin": -0.012903272560359513, "minimum_nonenergy_margin": -5.831715015089216e-05, "max_dad": 0.000990583171501509, "min_population": 0.020050000952582765, "elapsed_seconds": 399.8252164190635}
{"stage": 6, "message": "Positive directional derivative for linesearch", "objective": 10.055990308084425, "minimum_margin": -0.012902969380345086, "elapsed_seconds": 405.0962186800316}
{"iteration": 880, "gradient_norm": 0.22075584127451803, "max_finite_energy_error": 0.0002453662779755561, "minimum_all_margin": -0.37489092295127036, "minimum_nonenergy_margin": -0.37489092295127036, "max_dad": 0.0047389092295127035, "min_population": 0.02011873319811928, "elapsed_seconds": 407.16771494806744}
{"iteration": 890, "gradient_norm": 0.22232064801028548, "max_finite_energy_error": 0.0002370271729872364, "minimum_all_margin": -0.1480904834492636, "minimum_nonenergy_margin": -0.1480904834492636, "max_dad": 0.002470904834492636, "min_population": 0.020086730023696105, "elapsed_seconds": 411.79130703303963}
{"iteration": 900, "gradient_norm": 0.22144298765082776, "max_finite_energy_error": 0.00023336763880665856, "minimum_all_margin": -0.013336763880665858, "minimum_nonenergy_margin": -0.012376613640549518, "max_dad": 0.0011137661364054952, "min_population": 0.020054235605047706, "elapsed_seconds": 415.68418947805185}
{"iteration": 910, "gradient_norm": 0.22177031927203641, "max_finite_energy_error": 0.00022651680102780958, "minimum_all_margin": -0.01265168010278096, "minimum_nonenergy_margin": -0.0006732390467368687, "max_dad": 0.0009967323904673687, "min_population": 0.02005175566422704, "elapsed_seconds": 418.7854238389991}
{"iteration": 920, "gradient_norm": 0.22173670117265887, "max_finite_energy_error": 0.0002261310286382212, "minimum_all_margin": -0.012613102863822123, "minimum_nonenergy_margin": -0.0003797641032666447, "max_dad": 0.0009937976410326664, "min_population": 0.02005129563749823, "elapsed_seconds": 421.62859246705193}
{"iteration": 930, "gradient_norm": 0.22169486279187575, "max_finite_energy_error": 0.00022650874998886295, "minimum_all_margin": -0.012650874998886296, "minimum_nonenergy_margin": -1.0028637033830667e-05, "max_dad": 0.0009901002863703383, "min_population": 0.02005000126835973, "elapsed_seconds": 424.38033097505104}
{"iteration": 940, "gradient_norm": 0.22170253751720623, "max_finite_energy_error": 0.00022639408518498882, "minimum_all_margin": -0.012639408518498884, "minimum_nonenergy_margin": -0.00015638493855987465, "max_dad": 0.0009915638493855987, "min_population": 0.020050505995912616, "elapsed_seconds": 427.1065643490292}
{"iteration": 950, "gradient_norm": 0.2216859306473426, "max_finite_energy_error": 0.00022672340271823188, "minimum_all_margin": -0.01267234027182319, "minimum_nonenergy_margin": -0.00013046316629928938, "max_dad": 0.0009913046316629929, "min_population": 0.020050762277449556, "elapsed_seconds": 430.2908548550913}
{"iteration": 960, "gradient_norm": 0.22166097888488326, "max_finite_energy_error": 0.0002274893662219668, "minimum_all_margin": -0.012748936622196682, "minimum_nonenergy_margin": -0.0008845713453352767, "max_dad": 0.0009988457134533528, "min_population": 0.020052893419386406, "elapsed_seconds": 434.7855959540466}
{"iteration": 970, "gradient_norm": 0.22167763084984132, "max_finite_energy_error": 0.00022663858356297695, "minimum_all_margin": -0.012663858356297696, "minimum_nonenergy_margin": -2.608930360402731e-05, "max_dad": 0.0009902608930360403, "min_population": 0.020050080339660173, "elapsed_seconds": 438.35133489605505}
{"iteration": 980, "gradient_norm": 0.2216765955637272, "max_finite_energy_error": 0.00022664851204012848, "minimum_all_margin": -0.01266485120401285, "minimum_nonenergy_margin": -2.9625592008991446e-05, "max_dad": 0.00099029625592009, "min_population": 0.02004999808904375, "elapsed_seconds": 443.4664727409836}
{"iteration": 990, "gradient_norm": 0.22167602651063056, "max_finite_energy_error": 0.00022665962352252933, "minimum_all_margin": -0.012665962352252935, "minimum_nonenergy_margin": -0.00013718366175996446, "max_dad": 0.0009913718366175996, "min_population": 0.020049997385735336, "elapsed_seconds": 452.48639282607473}
{"stage": 7, "message": "Positive directional derivative for linesearch", "objective": 9.846347771188674, "minimum_margin": -0.01266460782922586, "elapsed_seconds": 453.2732202160405}
{"iteration": 1000, "gradient_norm": 0.2199316347059581, "max_finite_energy_error": 0.0002229952187091655, "minimum_all_margin": -0.24412432341969184, "minimum_nonenergy_margin": -0.24412432341969184, "max_dad": 0.0034312432341969184, "min_population": 0.020122251759001397, "elapsed_seconds": 456.49112019198947}
{"iteration": 1010, "gradient_norm": 0.21984812819928373, "max_finite_energy_error": 0.00022261678895896253, "minimum_all_margin": -0.08298291622863391, "minimum_nonenergy_margin": -0.08298291622863391, "max_dad": 0.0018198291622863391, "min_population": 0.020059050704154025, "elapsed_seconds": 460.69758165301755}
{"iteration": 1020, "gradient_norm": 0.21989378775955684, "max_finite_energy_error": 0.0002247719221166733, "minimum_all_margin": -0.012477192211667331, "minimum_nonenergy_margin": -0.011986146622025379, "max_dad": 0.0011098614662202538, "min_population": 0.020061724994952453, "elapsed_seconds": 464.6049352400005}
{"iteration": 1030, "gradient_norm": 0.2198116364193664, "max_finite_energy_error": 0.00022481468804658178, "minimum_all_margin": -0.01248146880465818, "minimum_nonenergy_margin": -0.00016324684322885103, "max_dad": 0.0009916324684322885, "min_population": 0.0200502641118943, "elapsed_seconds": 467.8215873760637}
{"iteration": 1040, "gradient_norm": 0.2197887582259188, "max_finite_energy_error": 0.00022557621991747823, "minimum_all_margin": -0.012557621991747824, "minimum_nonenergy_margin": -0.001902936500395398, "max_dad": 0.001009029365003954, "min_population": 0.02005503986600273, "elapsed_seconds": 470.18690905708354}
{"iteration": 1050, "gradient_norm": 0.21973971304106105, "max_finite_energy_error": 0.00022564699001881294, "minimum_all_margin": -0.012564699001881296, "minimum_nonenergy_margin": -0.0002587283531995917, "max_dad": 0.000992587283531996, "min_population": 0.020051102356209334, "elapsed_seconds": 473.5594411910279}
{"iteration": 1060, "gradient_norm": 0.21978854783884785, "max_finite_energy_error": 0.00022454583373621162, "minimum_all_margin": -0.012454583373621163, "minimum_nonenergy_margin": -0.00020624368203979362, "max_dad": 0.000992062436820398, "min_population": 0.020051337869895706, "elapsed_seconds": 476.25345537404064}
{"iteration": 1070, "gradient_norm": 0.21978897417244253, "max_finite_energy_error": 0.0002244602573462373, "minimum_all_margin": -0.012446025734623733, "minimum_nonenergy_margin": -0.0001557609721653929, "max_dad": 0.000991557609721654, "min_population": 0.020050838732751795, "elapsed_seconds": 479.031417396036}
{"iteration": 1080, "gradient_norm": 0.21978584679780497, "max_finite_energy_error": 0.00022455126065512587, "minimum_all_margin": -0.012455126065512589, "minimum_nonenergy_margin": -0.00029763907873148546, "max_dad": 0.0009929763907873148, "min_population": 0.020051034415176416, "elapsed_seconds": 482.3282687390456}
{"iteration": 1090, "gradient_norm": 0.21977310067152758, "max_finite_energy_error": 0.00022465205256194665, "minimum_all_margin": -0.012465205256194666, "minimum_nonenergy_margin": -7.325057125532469e-08, "max_dad": 0.0009900007325057125, "min_population": 0.02005000320521417, "elapsed_seconds": 485.14093688305}
{"iteration": 1100, "gradient_norm": 0.21977161630816425, "max_finite_energy_error": 0.00022471165163429063, "minimum_all_margin": -0.012471165163429065, "minimum_nonenergy_margin": -8.390919766464427e-05, "max_dad": 0.0009908390919766464, "min_population": 0.02005026359917362, "elapsed_seconds": 487.86909456702415}
{"iteration": 1110, "gradient_norm": 0.21977245548839644, "max_finite_energy_error": 0.00022465072379995732, "minimum_all_margin": -0.012465072379995733, "minimum_nonenergy_margin": -8.683015973549521e-07, "max_dad": 0.0009900086830159735, "min_population": 0.020050005519071632, "elapsed_seconds": 490.67907118506264}
{"iteration": 1120, "gradient_norm": 0.21977158837250013, "max_finite_energy_error": 0.00022466855818059628, "minimum_all_margin": -0.01246685581805963, "minimum_nonenergy_margin": -8.075840163702247e-08, "max_dad": 0.0009900008075840164, "min_population": 0.020049999902179913, "elapsed_seconds": 493.5741525850026}
{"iteration": 1130, "gradient_norm": 0.21978073206810225, "max_finite_energy_error": 0.0002244840689762384, "minimum_all_margin": -0.012448406897623842, "minimum_nonenergy_margin": -0.001140753378574169, "max_dad": 0.0010014075337857417, "min_population": 0.020050026521674702, "elapsed_seconds": 499.20338985999115}
{"iteration": 1140, "gradient_norm": 0.21977136613517825, "max_finite_energy_error": 0.00022467320551555758, "minimum_all_margin": -0.01246732055155576, "minimum_nonenergy_margin": -2.4950330280949437e-05, "max_dad": 0.0009902495033028095, "min_population": 0.020049997186256354, "elapsed_seconds": 505.28318178106565}
{"stage": 8, "message": "Positive directional derivative for linesearch", "objective": 9.677553452225695, "minimum_margin": -0.012466981828417333, "elapsed_seconds": 506.91834900400136}
{"iteration": 1150, "gradient_norm": 0.22846344064809926, "max_finite_energy_error": 0.0004089142844483362, "minimum_all_margin": -0.5742610078500447, "minimum_nonenergy_margin": -0.5742610078500447, "max_dad": 0.006732610078500448, "min_population": 0.020373725108732386, "elapsed_seconds": 509.27040853898507}
{"iteration": 1160, "gradient_norm": 0.21802933308314296, "max_finite_energy_error": 0.00022946937267320777, "minimum_all_margin": -0.018934395480832984, "minimum_nonenergy_margin": -0.018934395480832984, "max_dad": 0.0011793439548083299, "min_population": 0.020068020366796446, "elapsed_seconds": 513.1972083610017}
{"iteration": 1170, "gradient_norm": 0.21824906294027813, "max_finite_energy_error": 0.00022274324844051563, "minimum_all_margin": -0.012274324844051564, "minimum_nonenergy_margin": -0.0005373984303602957, "max_dad": 0.000995373984303603, "min_population": 0.02005123340239859, "elapsed_seconds": 516.3412799080834}
{"iteration": 1180, "gradient_norm": 0.21824027415090808, "max_finite_energy_error": 0.00022263322190374524, "minimum_all_margin": -0.012263322190374525, "minimum_nonenergy_margin": -0.0007806410987376035, "max_dad": 0.000997806410987376, "min_population": 0.020052032874923496, "elapsed_seconds": 518.8866861690767}
{"iteration": 1190, "gradient_norm": 0.21825976624404372, "max_finite_energy_error": 0.00022233182011888175, "minimum_all_margin": -0.012233182011888177, "minimum_nonenergy_margin": -0.0012220789483793513, "max_dad": 0.0010022207894837935, "min_population": 0.020056171077898272, "elapsed_seconds": 521.747467468027}
{"iteration": 1200, "gradient_norm": 0.2181906897200009, "max_finite_energy_error": 0.00022292926538725055, "minimum_all_margin": -0.012292926538725057, "minimum_nonenergy_margin": -5.684357362741553e-06, "max_dad": 0.0009900568435736274, "min_population": 0.020050053852672875, "elapsed_seconds": 524.3744157170877}
{"iteration": 1210, "gradient_norm": 0.21819396014206724, "max_finite_energy_error": 0.00022333548328035135, "minimum_all_margin": -0.012333548328035137, "minimum_nonenergy_margin": -0.0005642563202654148, "max_dad": 0.0009956425632026541, "min_population": 0.02005367978864118, "elapsed_seconds": 528.4631149270572}
{"iteration": 1220, "gradient_norm": 0.21821399124705604, "max_finite_energy_error": 0.00022314081862129242, "minimum_all_margin": -0.012314081862129244, "minimum_nonenergy_margin": -0.0008055539764237948, "max_dad": 0.000998055539764238, "min_population": 0.020055602399066844, "elapsed_seconds": 533.0346911629895}
{"iteration": 1230, "gradient_norm": 0.21819815997003292, "max_finite_energy_error": 0.00022294706502057338, "minimum_all_margin": -0.01229470650205734, "minimum_nonenergy_margin": -0.00029158547588043534, "max_dad": 0.0009929158547588043, "min_population": 0.02005189248847833, "elapsed_seconds": 537.0555582690286}
{"iteration": 1240, "gradient_norm": 0.218184157878558, "max_finite_energy_error": 0.00022297313143981867, "minimum_all_margin": -0.012297313143981869, "minimum_nonenergy_margin": -3.816903254485332e-06, "max_dad": 0.0009900381690325448, "min_population": 0.020050010327564854, "elapsed_seconds": 539.5016377000138}
{"iteration": 1250, "gradient_norm": 0.218181438841227, "max_finite_energy_error": 0.00022304139582418614, "minimum_all_margin": -0.012304139582418615, "minimum_nonenergy_margin": -4.0354606093816886e-05, "max_dad": 0.0009904035460609382, "min_population": 0.020050060655370766, "elapsed_seconds": 544.074553465005}
{"iteration": 1260, "gradient_norm": 0.2181791942711933, "max_finite_energy_error": 0.00022310128174751753, "minimum_all_margin": -0.012310128174751755, "minimum_nonenergy_margin": -9.939625481563286e-05, "max_dad": 0.0009909939625481563, "min_population": 0.020050114308089288, "elapsed_seconds": 549.1583827959839}
{"iteration": 1270, "gradient_norm": 0.2181828910064501, "max_finite_energy_error": 0.00022298614218563273, "minimum_all_margin": -0.012298614218563274, "minimum_nonenergy_margin": -2.338578028472909e-05, "max_dad": 0.0009902338578028473, "min_population": 0.020049936387119657, "elapsed_seconds": 553.0157250140328}
{"iteration": 1280, "gradient_norm": 0.10881520106953523, "max_finite_energy_error": 0.0022665750676567065, "minimum_all_margin": -0.5037391988611084, "minimum_nonenergy_margin": -0.5037391988611084, "max_dad": 0.0035991824116418697, "min_population": 0.020052708975827144, "elapsed_seconds": 558.3044544460718}
{"iteration": 1290, "gradient_norm": 0.21818965875905508, "max_finite_energy_error": 0.00022290379513778547, "minimum_all_margin": -0.012290379513778548, "minimum_nonenergy_margin": -0.00024942609106841374, "max_dad": 0.0009924942609106841, "min_population": 0.020050430443895508, "elapsed_seconds": 563.5722848800942}
{"iteration": 1300, "gradient_norm": 0.21818404062057037, "max_finite_energy_error": 0.00022296935700971687, "minimum_all_margin": -0.012296935700971689, "minimum_nonenergy_margin": -0.00017290181438176216, "max_dad": 0.0009917290181438176, "min_population": 0.020050028290193155, "elapsed_seconds": 568.2608714440139}
{"stage": 9, "message": "Iteration limit reached", "objective": 9.537718381036223, "minimum_margin": -0.012298448461244293, "elapsed_seconds": 568.8230607350124}
{"iteration": 1310, "gradient_norm": 0.21729586439644258, "max_finite_energy_error": 0.00023644811621270634, "minimum_all_margin": -0.5720445840262652, "minimum_nonenergy_margin": -0.5720445840262652, "max_dad": 0.006710445840262652, "min_population": 0.020108438454278947, "elapsed_seconds": 571.3675861890661}
{"iteration": 1320, "gradient_norm": 0.21767419927788298, "max_finite_energy_error": 0.0002307826535004054, "minimum_all_margin": -0.07920933467200063, "minimum_nonenergy_margin": -0.07920933467200063, "max_dad": 0.0017820933467200062, "min_population": 0.02008732968114151, "elapsed_seconds": 574.840124177048}
{"iteration": 1330, "gradient_norm": 0.21682019808326453, "max_finite_energy_error": 0.00022184628604682288, "minimum_all_margin": -0.012184628604682288, "minimum_nonenergy_margin": -0.0012832055944710184, "max_dad": 0.0010028320559447102, "min_population": 0.020051357098504898, "elapsed_seconds": 577.7951197540388}
{"iteration": 1340, "gradient_norm": 0.21684194755965178, "max_finite_energy_error": 0.00022079560898680128, "minimum_all_margin": -0.012079560898680128, "minimum_nonenergy_margin": -5.227326902131676e-05, "max_dad": 0.0009905227326902132, "min_population": 0.02005006256815326, "elapsed_seconds": 580.0369682490127}
{"iteration": 1350, "gradient_norm": 0.21678773406067275, "max_finite_energy_error": 0.00022145743599466527, "minimum_all_margin": -0.012145743599466527, "minimum_nonenergy_margin": -7.82205578336425e-06, "max_dad": 0.0009900782205578336, "min_population": 0.020050051123178796, "elapsed_seconds": 582.5057027530856}
{"iteration": 1360, "gradient_norm": 0.21678559652154888, "max_finite_energy_error": 0.0002214835267118076, "minimum_all_margin": -0.01214835267118076, "minimum_nonenergy_margin": -1.523556583059825e-05, "max_dad": 0.000990152355658306, "min_population": 0.02005009392802781, "elapsed_seconds": 585.2296346320072}
{"iteration": 1370, "gradient_norm": 0.21678593691234435, "max_finite_energy_error": 0.00022146274208756367, "minimum_all_margin": -0.012146274208756367, "minimum_nonenergy_margin": -2.131675332344568e-07, "max_dad": 0.0009900021316753323, "min_population": 0.020050003096556718, "elapsed_seconds": 587.6884197830223}
{"iteration": 1380, "gradient_norm": 0.21712778391678908, "max_finite_energy_error": 0.00022028103997140391, "minimum_all_margin": -0.012464839548016618, "minimum_nonenergy_margin": -0.012464839548016618, "max_dad": 0.0011146483954801662, "min_population": 0.020049962757384722, "elapsed_seconds": 592.6472331359982}
{"iteration": 1390, "gradient_norm": 0.2167859545408196, "max_finite_energy_error": 0.00022146191523697567, "minimum_all_margin": -0.012146191523697567, "minimum_nonenergy_margin": -5.791531411760732e-06, "max_dad": 0.0009900579153141176, "min_population": 0.020049999129241394, "elapsed_seconds": 598.6750551620498}
{"stage": 10, "message": "Positive directional derivative for linesearch", "objective": 9.415330333041158, "minimum_margin": -0.012146315386883941, "elapsed_seconds": 599.5650712430943}
{"iteration": 1400, "gradient_norm": 0.21566589656246252, "max_finite_energy_error": 0.0002329834264771513, "minimum_all_margin": -0.2242636403639265, "minimum_nonenergy_margin": -0.2242636403639265, "max_dad": 0.003232636403639265, "min_population": 0.02016087525395672, "elapsed_seconds": 602.2206997300964}
{"iteration": 1410, "gradient_norm": 0.21529609707679165, "max_finite_energy_error": 0.0002250699044741289, "minimum_all_margin": -0.051896916045411204, "minimum_nonenergy_margin": -0.051896916045411204, "max_dad": 0.001508969160454112, "min_population": 0.02004203211353428, "elapsed_seconds": 605.6206120790448}
{"iteration": 1420, "gradient_norm": 0.21561587062847318, "max_finite_energy_error": 0.00021866602706133165, "minimum_all_margin": -0.011866602706133164, "minimum_nonenergy_margin": -0.003715944780275553, "max_dad": 0.0010271594478027555, "min_population": 0.020049255812200156, "elapsed_seconds": 608.4871915089898}
{"iteration": 1430, "gradient_norm": 0.2155808319633398, "max_finite_energy_error": 0.00021947682250900158, "minimum_all_margin": -0.011947682250900158, "minimum_nonenergy_margin": -0.00024635840549945467, "max_dad": 0.0009924635840549945, "min_population": 0.020051457479638844, "elapsed_seconds": 611.2397530870512}
{"iteration": 1440, "gradient_norm": 0.21554454311790008, "max_finite_energy_error": 0.00021974322399520574, "minimum_all_margin": -0.011974322399520574, "minimum_nonenergy_margin": -5.336871806073829e-05, "max_dad": 0.0009905336871806074, "min_population": 0.02005010911451859, "elapsed_seconds": 613.1984588830965}
{"iteration": 1450, "gradient_norm": 0.21551821231687102, "max_finite_energy_error": 0.00022006416465636391, "minimum_all_margin": -0.012006416465636391, "minimum_nonenergy_margin": -1.6611766413278904e-05, "max_dad": 0.0009901661176641328, "min_population": 0.020050081286144758, "elapsed_seconds": 615.1504183750367}
{"iteration": 1460, "gradient_norm": 0.21551772607739936, "max_finite_energy_error": 0.0002200351177950033, "minimum_all_margin": -0.012003511779500329, "minimum_nonenergy_margin": -4.305867004985621e-06, "max_dad": 0.0009900430586700499, "min_population": 0.02005000202998067, "elapsed_seconds": 616.6735011209967}
{"iteration": 1470, "gradient_norm": 0.21551656951033632, "max_finite_energy_error": 0.0002200606662046134, "minimum_all_margin": -0.01200606662046134, "minimum_nonenergy_margin": -4.852661328043177e-06, "max_dad": 0.0009900485266132804, "min_population": 0.020049999029993888, "elapsed_seconds": 621.588931000093}
{"iteration": 1480, "gradient_norm": 0.21551653234710394, "max_finite_energy_error": 0.000220061318842113, "minimum_all_margin": -0.0120061318842113, "minimum_nonenergy_margin": -3.691139688821385e-07, "max_dad": 0.0009900036911396888, "min_population": 0.02004999765285558, "elapsed_seconds": 628.2272527440218}
{"stage": 11, "message": "Positive directional derivative for linesearch", "objective": 9.304733983604635, "minimum_margin": -0.0120061318842113, "elapsed_seconds": 628.2376410890138}
{"iteration": 1490, "gradient_norm": 0.2138687310600736, "max_finite_energy_error": 0.00024407166666851055, "minimum_all_margin": -0.5175658513927014, "minimum_nonenergy_margin": -0.5175658513927014, "max_dad": 0.006165658513927013, "min_population": 0.020047130750942294, "elapsed_seconds": 630.9403015060816}
{"iteration": 1500, "gradient_norm": 0.21350265306939006, "max_finite_energy_error": 0.00023357882243590922, "minimum_all_margin": -0.121931919105259, "minimum_nonenergy_margin": -0.121931919105259, "max_dad": 0.00220931919105259, "min_population": 0.020034098833624635, "elapsed_seconds": 634.4641440199921}
{"iteration": 1510, "gradient_norm": 0.21432948452043865, "max_finite_energy_error": 0.00021943350547326546, "minimum_all_margin": -0.011943350547326545, "minimum_nonenergy_margin": -2.26850267595613e-06, "max_dad": 0.0009891348710043516, "min_population": 0.020051138083202313, "elapsed_seconds": 637.0612624310888}
{"iteration": 1520, "gradient_norm": 0.21437862402535166, "max_finite_energy_error": 0.0002179133735999983, "minimum_all_margin": -0.01179133735999983, "minimum_nonenergy_margin": -1.3286383575839e-06, "max_dad": 0.0009898333404372102, "min_population": 0.020050387236982242, "elapsed_seconds": 639.2626690010075}
{"iteration": 1530, "gradient_norm": 0.21431167521656683, "max_finite_energy_error": 0.00021899993592855438, "minimum_all_margin": -0.011899993592855438, "minimum_nonenergy_margin": -6.524141200892064e-07, "max_dad": 0.0009893403324691841, "min_population": 0.020050319802894737, "elapsed_seconds": 640.980293332017}
{"iteration": 1540, "gradient_norm": 0.21431902326732397, "max_finite_energy_error": 0.000218743858629189, "minimum_all_margin": -0.011874385862918899, "minimum_nonenergy_margin": -1.3799635684152989e-08, "max_dad": 0.0009899809648142518, "min_population": 0.02005000984780842, "elapsed_seconds": 643.0042955400422}
{"iteration": 1550, "gradient_norm": 0.21432025397040155, "max_finite_energy_error": 0.00021871224027769642, "minimum_all_margin": -0.011871224027769642, "minimum_nonenergy_margin": -1.6214025955196831e-09, "max_dad": 0.0009899997227825945, "min_population": 0.02005000066017426, "elapsed_seconds": 644.943834720063}
{"iteration": 1560, "gradient_norm": 0.21432025209826425, "max_finite_energy_error": 0.00021871218755942223, "minimum_all_margin": -0.011871218755942223, "minimum_nonenergy_margin": -7.701284054917323e-11, "max_dad": 0.0009899999276658748, "min_population": 0.020049999922987158, "elapsed_seconds": 651.4009403689997}
{"iteration": 1570, "gradient_norm": 0.21432023748221937, "max_finite_energy_error": 0.00021871251114635726, "minimum_all_margin": -0.011871251114635726, "minimum_nonenergy_margin": -2.2041206013123649e-10, "max_dad": 0.0009899997954768078, "min_population": 0.020049999779587938, "elapsed_seconds": 665.870021127048}
{"iteration": 1580, "gradient_norm": 0.21432022947981194, "max_finite_energy_error": 0.00021871269621964728, "minimum_all_margin": -0.011871269621964728, "minimum_nonenergy_margin": -1.9972077811014621e-10, "max_dad": 0.0009899998123792707, "min_population": 0.02004999980027922, "elapsed_seconds": 678.8541658200556}
{"iteration": 1590, "gradient_norm": 0.2143202345646023, "max_finite_energy_error": 0.00021871258843431107, "minimum_all_margin": -0.011871258843431107, "minimum_nonenergy_margin": -9.551070351276891e-11, "max_dad": 0.0009899999173553942, "min_population": 0.020049999904489295, "elapsed_seconds": 692.7413998640841}
{"iteration": 1600, "gradient_norm": 0.21432024139667916, "max_finite_energy_error": 0.00021871243112459027, "minimum_all_margin": -0.011871243112459027, "minimum_nonenergy_margin": -9.53409885762202e-11, "max_dad": 0.00098999992085185, "min_population": 0.02004999990465901, "elapsed_seconds": 706.3976739810314}
{"iteration": 1610, "gradient_norm": 0.21432025720535697, "max_finite_energy_error": 0.0002187120543970522, "minimum_all_margin": -0.011871205439705221, "minimum_nonenergy_margin": -7.42914345493173e-10, "max_dad": 0.0009900000074291434, "min_population": 0.020049999820385772, "elapsed_seconds": 718.6759994029999}
{"best_max_finite_energy_error": 0.00021871203152956653, "records": [{"stage": 0, "message": "Positive directional derivative for linesearch", "objective": 12.638093689383133, "minimum_margin": -0.01533634666983531, "elapsed_seconds": 51.24026321200654}, {"stage": 1, "message": "Positive directional derivative for linesearch", "objective": 11.97875421256543, "minimum_margin": -0.014717478275926298, "elapsed_seconds": 106.44461444905028}, {"stage": 2, "message": "Positive directional derivative for linesearch", "objective": 11.452027742266479, "minimum_margin": -0.014242459860213118, "elapsed_seconds": 143.1431515290169}, {"stage": 3, "message": "Iteration limit reached", "objective": 11.021146998672997, "minimum_margin": -0.01383299287065377, "elapsed_seconds": 224.83157734107226}, {"stage": 4, "message": "Iteration limit reached", "objective": 10.660579161230839, "minimum_margin": -0.013489158273237722, "elapsed_seconds": 280.83971103909425}, {"stage": 5, "message": "Iteration limit reached", "objective": 10.334146115918903, "minimum_margin": -0.01318031550809785, "elapsed_seconds": 350.1030514780432}, {"stage": 6, "message": "Positive directional derivative for linesearch", "objective": 10.055990308084425, "minimum_margin": -0.012902969380345086, "elapsed_seconds": 405.0962186800316}, {"stage": 7, "message": "Positive directional derivative for linesearch", "objective": 9.846347771188674, "minimum_margin": -0.01266460782922586, "elapsed_seconds": 453.2732202160405}, {"stage": 8, "message": "Positive directional derivative for linesearch", "objective": 9.677553452225695, "minimum_margin": -0.012466981828417333, "elapsed_seconds": 506.91834900400136}, {"stage": 9, "message": "Iteration limit reached", "objective": 9.537718381036223, "minimum_margin": -0.012298448461244293, "elapsed_seconds": 568.8230607350124}, {"stage": 10, "message": "Positive directional derivative for linesearch", "objective": 9.415330333041158, "minimum_margin": -0.012146315386883941, "elapsed_seconds": 599.5650712430943}, {"stage": 11, "message": "Positive directional derivative for linesearch", "objective": 9.304733983604635, "minimum_margin": -0.0120061318842113, "elapsed_seconds": 628.2376410890138}, {"stage": 12, "stop": "private finite-search time limit"}], "runtime_seconds": 720.056239765021}
