ERROR:2026-08-28 05:58:28,834:jax._src.xla_bridge:566: Jax plugin configuration error: Exception when calling jax_plugins.xla_cuda12.initialize()
Traceback (most recent call last):
  File "/usr/lib/python3/dist-packages/jax/_src/xla_bridge.py", line 564, in discover_pjrt_plugins
    plugin_module.initialize()
  File "/home/xuandong/.local/lib/python3.10/site-packages/jax_plugins/xla_cuda12/__init__.py", line 324, in initialize
    _check_cuda_versions(raise_on_first_error=True)
  File "/home/xuandong/.local/lib/python3.10/site-packages/jax_plugins/xla_cuda12/__init__.py", line 281, in _check_cuda_versions
    local_device_count = cuda_versions.cuda_device_count()
RuntimeError: jaxlib/cuda/versions_helpers.cc:113: operation cuInit(0) failed: CUDA_ERROR_NO_DEVICE
{"iteration": 10, "gradient_norm": 0.2195510891772409, "max_finite_energy_error": 0.0002254262351972791, "minimum_all_margin": -0.12592642500251694, "minimum_nonenergy_margin": -0.12592642500251694, "max_dad": 0.0022492642500251694, "min_population": 0.020013076184257756, "elapsed_seconds": 10.910517982090823}
{"iteration": 20, "gradient_norm": 0.21946789355175592, "max_finite_energy_error": 0.00022352696267713412, "minimum_all_margin": -0.012352696267713414, "minimum_nonenergy_margin": -0.007605526335796088, "max_dad": 0.0010660552633579609, "min_population": 0.02004775800646685, "elapsed_seconds": 14.44347701210063}
{"iteration": 30, "gradient_norm": 0.219458271756711, "max_finite_energy_error": 0.00022416245908596366, "minimum_all_margin": -0.012416245908596368, "minimum_nonenergy_margin": -0.00013761602407926215, "max_dad": 0.0009913761602407926, "min_population": 0.020050025938313728, "elapsed_seconds": 16.94409892510157}
{"iteration": 40, "gradient_norm": 0.21942875807862544, "max_finite_energy_error": 0.0002230288788251933, "minimum_all_margin": -0.01230288788251933, "minimum_nonenergy_margin": -0.00014402412232305314, "max_dad": 0.0009914402412232305, "min_population": 0.020050215293625065, "elapsed_seconds": 18.85903626307845}
{"iteration": 50, "gradient_norm": 0.2194026822995225, "max_finite_energy_error": 0.00022364048537371062, "minimum_all_margin": -0.012364048537371063, "minimum_nonenergy_margin": -1.870805175271245e-07, "max_dad": 0.0009900018708051753, "min_population": 0.020049999539649338, "elapsed_seconds": 20.433919361094013}
{"iteration": 60, "gradient_norm": 0.254829456979847, "max_finite_energy_error": 0.0012008143248123382, "minimum_all_margin": -0.11008143248123381, "minimum_nonenergy_margin": -0.05435274785476221, "max_dad": 0.0015335274785476221, "min_population": 0.020031560445146795, "elapsed_seconds": 32.143355789012276}
{"iteration": 70, "gradient_norm": 0.22055441697353825, "max_finite_energy_error": 0.0002457860824343072, "minimum_all_margin": -0.014578608243430723, "minimum_nonenergy_margin": -0.00026917368979452027, "max_dad": 0.0009926917368979452, "min_population": 0.020049988811823835, "elapsed_seconds": 43.16092179901898}
{"iteration": 80, "gradient_norm": 0.21940241595266857, "max_finite_energy_error": 0.00022364696619314728, "minimum_all_margin": -0.01236469661931473, "minimum_nonenergy_margin": -7.192864177538172e-08, "max_dad": 0.0009900007192864177, "min_population": 0.020049999927435808, "elapsed_seconds": 53.59276023705024}
{"stage": 0, "message": "Positive directional derivative for linesearch", "objective": 9.64053092690753, "minimum_margin": -0.01236469661931473, "elapsed_seconds": 53.59410900401417}
/usr/lib/python3/dist-packages/scipy/optimize/_optimize.py:284: RuntimeWarning: Values in x were outside bounds during a minimize step, clipping to bounds
  warnings.warn("Values in x were outside bounds during a "
{"iteration": 90, "gradient_norm": 0.21829478041719164, "max_finite_energy_error": 0.00023859332826425828, "minimum_all_margin": -0.06645891130964919, "minimum_nonenergy_margin": -0.06645891130964919, "max_dad": 0.001654589113096492, "min_population": 0.020051969230892194, "elapsed_seconds": 58.12777593510691}
{"iteration": 100, "gradient_norm": 0.2172996825527494, "max_finite_energy_error": 0.00022075596515502838, "minimum_all_margin": -0.012075596515502838, "minimum_nonenergy_margin": -0.004465844963108165, "max_dad": 0.0010346584496310816, "min_population": 0.020046468939989074, "elapsed_seconds": 61.88887316407636}
{"iteration": 110, "gradient_norm": 0.2172800303613686, "max_finite_energy_error": 0.00022162007932058359, "minimum_all_margin": -0.012162007932058358, "minimum_nonenergy_margin": -1.2926982222876728e-05, "max_dad": 0.0009901292698222288, "min_population": 0.02004994934899814, "elapsed_seconds": 64.8281739060767}
{"iteration": 120, "gradient_norm": 0.21728545847271588, "max_finite_energy_error": 0.0002214772381914365, "minimum_all_margin": -0.01214772381914365, "minimum_nonenergy_margin": -2.596096702217089e-06, "max_dad": 0.0009900259609670222, "min_population": 0.020050004535956244, "elapsed_seconds": 67.20590318110771}
{"iteration": 130, "gradient_norm": 0.21728450454931936, "max_finite_energy_error": 0.00022149727219922255, "minimum_all_margin": -0.012149727219922255, "minimum_nonenergy_margin": -4.368795256115554e-11, "max_dad": 0.0009899999935534618, "min_population": 0.020049999956312046, "elapsed_seconds": 71.02305860107299}
{"iteration": 140, "gradient_norm": 0.2172844631821089, "max_finite_energy_error": 0.00022149827542072842, "minimum_all_margin": -0.012149827542072842, "minimum_nonenergy_margin": -5.84444929691702e-06, "max_dad": 0.0009900584444929692, "min_population": 0.020049999877888844, "elapsed_seconds": 90.8044214110123}
{"stage": 1, "message": "Positive directional derivative for linesearch", "objective": 9.455319059680246, "minimum_margin": -0.012149725524744923, "elapsed_seconds": 99.29077356506605}
{"iteration": 150, "gradient_norm": 0.21371543667287907, "max_finite_energy_error": 0.0002772412146190284, "minimum_all_margin": -0.6028905684192053, "minimum_nonenergy_margin": -0.6028905684192053, "max_dad": 0.0070189056841920535, "min_population": 0.02008649941035242, "elapsed_seconds": 101.10595545510296}
{"iteration": 160, "gradient_norm": 0.2156582098393557, "max_finite_energy_error": 0.0002215263628793096, "minimum_all_margin": -0.01215263628793096, "minimum_nonenergy_margin": -0.008896788900455976, "max_dad": 0.0010789678890045598, "min_population": 0.020046316724377407, "elapsed_seconds": 104.42658097506501}
{"iteration": 170, "gradient_norm": 0.21576437271087312, "max_finite_energy_error": 0.00021997628552439252, "minimum_all_margin": -0.011997628552439252, "minimum_nonenergy_margin": -0.0001655002716054524, "max_dad": 0.0009916550027160545, "min_population": 0.020049769900561527, "elapsed_seconds": 107.03596168500371}
{"iteration": 180, "gradient_norm": 0.21576448770708903, "max_finite_energy_error": 0.0002199700346512401, "minimum_all_margin": -0.01199700346512401, "minimum_nonenergy_margin": -4.179673277252514e-06, "max_dad": 0.0009900417967327725, "min_population": 0.020049984345138768, "elapsed_seconds": 108.87134357006289}
{"iteration": 190, "gradient_norm": 0.1809536472078607, "max_finite_energy_error": 0.001020735677291107, "minimum_all_margin": -0.09207356772911068, "minimum_nonenergy_margin": -0.0866080725537744, "max_dad": 0.001856080725537744, "min_population": 0.020031276890034023, "elapsed_seconds": 110.95150419406127}
{"stage": 2, "message": "Positive directional derivative for linesearch", "objective": 9.323455268184366, "minimum_margin": -0.011996224403819653, "elapsed_seconds": 119.36063958902378}
{"iteration": 200, "gradient_norm": 0.21418633098634185, "max_finite_energy_error": 0.0002200465764250481, "minimum_all_margin": -0.02783389112319722, "minimum_nonenergy_margin": -0.02783389112319722, "max_dad": 0.0012683389112319722, "min_population": 0.01996728417981155, "elapsed_seconds": 120.04284269502386}
{"iteration": 210, "gradient_norm": 0.2146606641350471, "max_finite_energy_error": 0.00021914218280727482, "minimum_all_margin": -0.011914218280727482, "minimum_nonenergy_margin": -0.010541912799320527, "max_dad": 0.0010954191279932053, "min_population": 0.02004483885451805, "elapsed_seconds": 123.75866423605476}
{"iteration": 220, "gradient_norm": 0.21469042127345542, "max_finite_energy_error": 0.0002188219523593382, "minimum_all_margin": -0.011882195235933821, "minimum_nonenergy_margin": -4.31800988411838e-05, "max_dad": 0.0009904318009884118, "min_population": 0.02004994034382537, "elapsed_seconds": 126.41861239203718}
{"iteration": 230, "gradient_norm": 0.21469029329344713, "max_finite_energy_error": 0.0002188494610035896, "minimum_all_margin": -0.01188494610035896, "minimum_nonenergy_margin": -8.1537263461667e-06, "max_dad": 0.0009900815372634617, "min_population": 0.02005027764946053, "elapsed_seconds": 128.9229219290428}
{"iteration": 240, "gradient_norm": 0.21468755622510752, "max_finite_energy_error": 0.0002188731863639326, "minimum_all_margin": -0.01188731863639326, "minimum_nonenergy_margin": -3.33916723765839e-06, "max_dad": 0.0009900333916723766, "min_population": 0.020050001006606772, "elapsed_seconds": 132.2086446970934}
{"iteration": 250, "gradient_norm": 0.21468653905881677, "max_finite_energy_error": 0.00021889775466954475, "minimum_all_margin": -0.011889775466954475, "minimum_nonenergy_margin": -1.202814653433748e-10, "max_dad": 0.000989999966475008, "min_population": 0.020049999879718533, "elapsed_seconds": 138.00957956607454}
{"iteration": 260, "gradient_norm": 0.21468653740364846, "max_finite_energy_error": 0.00021889778505634894, "minimum_all_margin": -0.011889778505634893, "minimum_nonenergy_margin": -1.942586855263606e-10, "max_dad": 0.0009899999314774966, "min_population": 0.020049999805741313, "elapsed_seconds": 150.06461591110565}
{"iteration": 270, "gradient_norm": 0.214686543981141, "max_finite_energy_error": 0.0002188976208334914, "minimum_all_margin": -0.01188976208334914, "minimum_nonenergy_margin": -7.198464324620346e-10, "max_dad": 0.0009899999626723653, "min_population": 0.020049999773161388, "elapsed_seconds": 166.05709905002732}
{"iteration": 280, "gradient_norm": 0.21468654503711512, "max_finite_energy_error": 0.00021889761513582684, "minimum_all_margin": -0.011889761513582684, "minimum_nonenergy_margin": -7.365789575497494e-11, "max_dad": 0.000989999995526491, "min_population": 0.020049999926342103, "elapsed_seconds": 180.84833609801717}
{"iteration": 290, "gradient_norm": 0.21468672990131846, "max_finite_energy_error": 0.00021889207011360767, "minimum_all_margin": -0.011889207011360767, "minimum_nonenergy_margin": -9.877770396765628e-09, "max_dad": 0.0009899954970744428, "min_population": 0.0200499901222296, "elapsed_seconds": 194.6022664050106}
{"iteration": 300, "gradient_norm": 0.21468654390622943, "max_finite_energy_error": 0.00021889763671367746, "minimum_all_margin": -0.011889763671367745, "minimum_nonenergy_margin": -1.2214546388222836e-10, "max_dad": 0.0009899999701405574, "min_population": 0.020049999877854534, "elapsed_seconds": 208.1704928780673}
{"iteration": 310, "gradient_norm": 0.2146865431583928, "max_finite_energy_error": 0.0002188976436174883, "minimum_all_margin": -0.011889764361748831, "minimum_nonenergy_margin": -2.0893212507311354e-10, "max_dad": 0.0009899999341677892, "min_population": 0.020049999791067873, "elapsed_seconds": 224.34647094807588}
{"iteration": 320, "gradient_norm": 0.21468653756430997, "max_finite_energy_error": 0.00021889773695837889, "minimum_all_margin": -0.011889773695837888, "minimum_nonenergy_margin": -5.092678015405916e-10, "max_dad": 0.0009899999092046897, "min_population": 0.020049999490732197, "elapsed_seconds": 239.92555293405894}
{"iteration": 330, "gradient_norm": 0.21468654151250816, "max_finite_energy_error": 0.00021889770991068147, "minimum_all_margin": -0.011889770991068147, "minimum_nonenergy_margin": -2.952015801943597e-11, "max_dad": 0.0009900000002952016, "min_population": 0.02004999999383259, "elapsed_seconds": 249.52983732707798}
{"stage": 3, "message": "Positive directional derivative for linesearch", "objective": 9.230765456499656, "minimum_margin": -0.011889770991068147, "elapsed_seconds": 249.53957190003712}
{"iteration": 340, "gradient_norm": 0.21343012446984105, "max_finite_energy_error": 0.00023118908909580682, "minimum_all_margin": -0.020557455949314, "minimum_nonenergy_margin": -0.020557455949314, "max_dad": 0.00119557455949314, "min_population": 0.020032878538506202, "elapsed_seconds": 251.9140506280819}
{"iteration": 350, "gradient_norm": 0.2139821704563226, "max_finite_energy_error": 0.0002181520350443833, "minimum_all_margin": -0.01181520350443833, "minimum_nonenergy_margin": -0.0002753240644279764, "max_dad": 0.0009927532406442798, "min_population": 0.020050221773968323, "elapsed_seconds": 254.7304347360041}
{"iteration": 360, "gradient_norm": 0.21397575288362197, "max_finite_energy_error": 0.0002181743211440157, "minimum_all_margin": -0.011817432114401569, "minimum_nonenergy_margin": -8.372909725490665e-06, "max_dad": 0.000990083729097255, "min_population": 0.02005002588586792, "elapsed_seconds": 256.8311809600564}
{"iteration": 370, "gradient_norm": 0.2139768740708288, "max_finite_energy_error": 0.00021812846874436076, "minimum_all_margin": -0.011812846874436076, "minimum_nonenergy_margin": -2.548263749752727e-07, "max_dad": 0.0009900025482637497, "min_population": 0.02005002043247393, "elapsed_seconds": 259.0815493760165}
{"iteration": 380, "gradient_norm": 0.21397465227066456, "max_finite_energy_error": 0.0002181799856018074, "minimum_all_margin": -0.01181799856018074, "minimum_nonenergy_margin": -1.047623402307754e-06, "max_dad": 0.000990010476234023, "min_population": 0.02005002987699133, "elapsed_seconds": 262.1302775000222}
{"iteration": 390, "gradient_norm": 0.21396903546071375, "max_finite_energy_error": 0.00021827125933571168, "minimum_all_margin": -0.011827125933571167, "minimum_nonenergy_margin": -0.00016538260764137683, "max_dad": 0.0009916538260764138, "min_population": 0.020049697549715934, "elapsed_seconds": 265.7609928169986}
{"iteration": 400, "gradient_norm": 0.2139737646742407, "max_finite_energy_error": 0.00021819516024335073, "minimum_all_margin": -0.011819516024335073, "minimum_nonenergy_margin": -6.26909678683174e-10, "max_dad": 0.0009900000062690968, "min_population": 0.02004999963087405, "elapsed_seconds": 268.1590648430865}
{"iteration": 410, "gradient_norm": 0.21397378120809807, "max_finite_energy_error": 0.00021819464975258995, "minimum_all_margin": -0.011819464975258995, "minimum_nonenergy_margin": -2.9719915232593805e-06, "max_dad": 0.0009900297199152326, "min_population": 0.02004999943989013, "elapsed_seconds": 274.2123154300498}
{"stage": 4, "message": "Positive directional derivative for linesearch", "objective": 9.169670964510336, "minimum_margin": -0.01181944025454463, "elapsed_seconds": 275.205642128014}
{"iteration": 420, "gradient_norm": 0.21171794857399664, "max_finite_energy_error": 0.00026621198620668807, "minimum_all_margin": -0.4552025673674395, "minimum_nonenergy_margin": -0.4552025673674395, "max_dad": 0.005542025673674396, "min_population": 0.01980859845161556, "elapsed_seconds": 276.9493747530505}
{"iteration": 430, "gradient_norm": 0.2134510059839846, "max_finite_energy_error": 0.00021892281100832633, "minimum_all_margin": -0.032305008161788704, "minimum_nonenergy_margin": -0.032305008161788704, "max_dad": 0.001313050081617887, "min_population": 0.0200571947502823, "elapsed_seconds": 280.24246365204453}
{"iteration": 440, "gradient_norm": 0.21343577889882015, "max_finite_energy_error": 0.000217730690427409, "minimum_all_margin": -0.0117730690427409, "minimum_nonenergy_margin": -1.9423806791067297e-06, "max_dad": 0.000990019423806791, "min_population": 0.020050115736756472, "elapsed_seconds": 283.95219042606186}
{"iteration": 450, "gradient_norm": 0.2134241984095043, "max_finite_energy_error": 0.00021765915470073338, "minimum_all_margin": -0.011765915470073338, "minimum_nonenergy_margin": -8.539013205846688e-05, "max_dad": 0.0009908539013205847, "min_population": 0.020048680532663798, "elapsed_seconds": 286.7458199521061}
{"iteration": 460, "gradient_norm": 0.21342487544764316, "max_finite_energy_error": 0.00021771308373486065, "minimum_all_margin": -0.011771308373486064, "minimum_nonenergy_margin": -9.217728635241285e-08, "max_dad": 0.000989946918760963, "min_population": 0.020049907822713646, "elapsed_seconds": 291.1549480170943}
{"iteration": 470, "gradient_norm": 0.2134283485397343, "max_finite_energy_error": 0.00021763028593868583, "minimum_all_margin": -0.011763028593868583, "minimum_nonenergy_margin": -6.539665534360112e-06, "max_dad": 0.0009900653966553436, "min_population": 0.02004995930697001, "elapsed_seconds": 301.2835216691019}
{"iteration": 480, "gradient_norm": 0.21342719162513005, "max_finite_energy_error": 0.00021766399222311605, "minimum_all_margin": -0.011766399222311605, "minimum_nonenergy_margin": -3.744218022043097e-06, "max_dad": 0.0009900374421802204, "min_population": 0.020049993541795118, "elapsed_seconds": 318.05286581104156}
{"iteration": 490, "gradient_norm": 0.21342849654271945, "max_finite_energy_error": 0.00021762162172489496, "minimum_all_margin": -0.011762162172489496, "minimum_nonenergy_margin": -1.1540094607101654e-05, "max_dad": 0.000990115400946071, "min_population": 0.020049927747686724, "elapsed_seconds": 330.4334024520358}
{"iteration": 500, "gradient_norm": 0.21342841479821464, "max_finite_energy_error": 0.00021762584633000515, "minimum_all_margin": -0.011762584633000514, "minimum_nonenergy_margin": -9.292431697185098e-06, "max_dad": 0.0009900929243169718, "min_population": 0.020049941734451977, "elapsed_seconds": 343.20403017802164}
{"iteration": 510, "gradient_norm": 0.21342810501170945, "max_finite_energy_error": 0.00021764209499908205, "minimum_all_margin": -0.011764209499908205, "minimum_nonenergy_margin": -5.947233000990967e-07, "max_dad": 0.000990005947233001, "min_population": 0.020049996270649444, "elapsed_seconds": 356.436656258069}
{"iteration": 520, "gradient_norm": 0.21342559516620976, "max_finite_energy_error": 0.0002177011477191293, "minimum_all_margin": -0.01177011477191293, "minimum_nonenergy_margin": -1.0121131325483562e-05, "max_dad": 0.0009901012113132548, "min_population": 0.020049981848859418, "elapsed_seconds": 375.81449260609224}
{"iteration": 530, "gradient_norm": 0.2134282941621359, "max_finite_energy_error": 0.00021763218019632546, "minimum_all_margin": -0.011763218019632546, "minimum_nonenergy_margin": -5.899325101663654e-06, "max_dad": 0.0009900589932510166, "min_population": 0.020049963011537202, "elapsed_seconds": 395.86142910807393}
{"iteration": 540, "gradient_norm": 0.21342401583038495, "max_finite_energy_error": 0.00021773791026635791, "minimum_all_margin": -0.011773791026635791, "minimum_nonenergy_margin": -1.6544364115343192e-05, "max_dad": 0.0009901654436411534, "min_population": 0.020049970284342754, "elapsed_seconds": 414.6070996200433}
{"iteration": 550, "gradient_norm": 0.21342699277834917, "max_finite_energy_error": 0.000217668605466681, "minimum_all_margin": -0.011766860546668098, "minimum_nonenergy_margin": -4.437220217624015e-06, "max_dad": 0.0009900443722021762, "min_population": 0.020049992024483126, "elapsed_seconds": 433.3795582980383}
{"iteration": 560, "gradient_norm": 0.21342765614861525, "max_finite_energy_error": 0.00021765316197086548, "minimum_all_margin": -0.011765316197086548, "minimum_nonenergy_margin": -1.739522855056727e-06, "max_dad": 0.0009900173952285506, "min_population": 0.020049996870696946, "elapsed_seconds": 448.48972738103475}
{"iteration": 570, "gradient_norm": 0.2134281739830418, "max_finite_energy_error": 0.0002176384813914467, "minimum_all_margin": -0.01176384813914467, "minimum_nonenergy_margin": -2.5267183525806355e-06, "max_dad": 0.0009900252671835258, "min_population": 0.0200499841530766, "elapsed_seconds": 463.8579623250989}
{"stage": 5, "message": "Iteration limit reached", "objective": 9.12295716871868, "minimum_margin": -0.011764407056368284, "elapsed_seconds": 470.14881159109063}
{"iteration": 580, "gradient_norm": 0.20897182732479824, "max_finite_energy_error": 0.0003269300332231495, "minimum_all_margin": -0.2530679993550621, "minimum_nonenergy_margin": -0.2530679993550621, "max_dad": 0.0035206799935506208, "min_population": 0.019965249475601285, "elapsed_seconds": 472.1412993040867}
{"iteration": 590, "gradient_norm": 0.21324967554585397, "max_finite_energy_error": 0.00021737381986230986, "minimum_all_margin": -0.06250572376013107, "minimum_nonenergy_margin": -0.06250572376013107, "max_dad": 0.0016150572376013106, "min_population": 0.02004790502209262, "elapsed_seconds": 475.47178638505284}
{"iteration": 600, "gradient_norm": 0.21294849844790212, "max_finite_energy_error": 0.00021647192389373515, "minimum_all_margin": -0.011647192389373515, "minimum_nonenergy_margin": -0.00024488654682339184, "max_dad": 0.000992448865468234, "min_population": 0.020049931255479072, "elapsed_seconds": 478.44446126406547}
{"iteration": 610, "gradient_norm": 0.2129273532154037, "max_finite_energy_error": 0.0002169351028431521, "minimum_all_margin": -0.01169351028431521, "minimum_nonenergy_margin": -3.7291822372947578e-06, "max_dad": 0.000990037291822373, "min_population": 0.020050012083125013, "elapsed_seconds": 480.67526059411466}
{"iteration": 620, "gradient_norm": 0.2129197278522611, "max_finite_energy_error": 0.00021693686908186294, "minimum_all_margin": -0.011693686908186294, "minimum_nonenergy_margin": -2.7885028171205015e-05, "max_dad": 0.000990278850281712, "min_population": 0.020049971068322247, "elapsed_seconds": 483.4071794130141}
{"iteration": 630, "gradient_norm": 0.21291058322651762, "max_finite_energy_error": 0.00021708743237880412, "minimum_all_margin": -0.011708743237880412, "minimum_nonenergy_margin": -4.732336557453261e-06, "max_dad": 0.0009900473233655745, "min_population": 0.020050068263153586, "elapsed_seconds": 486.38391195901204}
{"iteration": 640, "gradient_norm": 0.2129093035381119, "max_finite_energy_error": 0.00021709767912359013, "minimum_all_margin": -0.011709767912359012, "minimum_nonenergy_margin": -1.4951957146361328e-07, "max_dad": 0.0009900014951957146, "min_population": 0.020050000330866447, "elapsed_seconds": 488.36198735202197}
{"iteration": 650, "gradient_norm": 0.209692387684778, "max_finite_energy_error": 0.0002941224519141805, "minimum_all_margin": -0.019412245191418053, "minimum_nonenergy_margin": -0.0014839462242162513, "max_dad": 0.0010048394622421625, "min_population": 0.020049689540483202, "elapsed_seconds": 493.3651839020895}
{"iteration": 660, "gradient_norm": 0.21536738465346325, "max_finite_energy_error": 0.0002731636430208795, "minimum_all_margin": -0.01731636430208795, "minimum_nonenergy_margin": -0.000994899535428518, "max_dad": 0.0009999489953542852, "min_population": 0.0200497715367179, "elapsed_seconds": 500.34101470105816}
{"stage": 6, "message": "Positive directional derivative for linesearch", "objective": 9.07855900955035, "minimum_margin": -0.011710223509785464, "elapsed_seconds": 503.3567411490949}
{"iteration": 670, "gradient_norm": 0.2104922589724796, "max_finite_energy_error": 0.0002646643230299617, "minimum_all_margin": -0.18335300383963407, "minimum_nonenergy_margin": -0.18335300383963407, "max_dad": 0.0028235300383963407, "min_population": 0.01996741685227995, "elapsed_seconds": 504.9275388910901}
{"iteration": 680, "gradient_norm": 0.2119240633646614, "max_finite_energy_error": 0.00022586624321174753, "minimum_all_margin": -0.07324199173277135, "minimum_nonenergy_margin": -0.07324199173277135, "max_dad": 0.0017224199173277136, "min_population": 0.020041687505114543, "elapsed_seconds": 508.3694984080503}
{"iteration": 690, "gradient_norm": 0.21240720419124562, "max_finite_energy_error": 0.00021614035725381342, "minimum_all_margin": -0.011614035725381342, "minimum_nonenergy_margin": -0.00018479967255043486, "max_dad": 0.0009918479967255043, "min_population": 0.020049987319198118, "elapsed_seconds": 511.53034412907436}
{"iteration": 700, "gradient_norm": 0.21239233867839863, "max_finite_energy_error": 0.00021645043078910575, "minimum_all_margin": -0.011645043078910575, "minimum_nonenergy_margin": -2.038146669977592e-05, "max_dad": 0.0009902038146669978, "min_population": 0.020050001853034228, "elapsed_seconds": 513.2857440960361}
{"iteration": 710, "gradient_norm": 0.21239537549429272, "max_finite_energy_error": 0.0002163408610424966, "minimum_all_margin": -0.011634086104249661, "minimum_nonenergy_margin": -1.1221491543421912e-05, "max_dad": 0.0009901122149154342, "min_population": 0.020050042445582596, "elapsed_seconds": 515.021324440022}
{"iteration": 720, "gradient_norm": 0.2123794814827974, "max_finite_energy_error": 0.00021653262956489172, "minimum_all_margin": -0.011653262956489172, "minimum_nonenergy_margin": -5.016951266315767e-07, "max_dad": 0.0009900050169512663, "min_population": 0.02004999905313886, "elapsed_seconds": 516.6654553480912}
{"iteration": 730, "gradient_norm": 0.21237969947217328, "max_finite_energy_error": 0.00021652766476343288, "minimum_all_margin": -0.011652766476343288, "minimum_nonenergy_margin": -7.557039831147111e-07, "max_dad": 0.0009900075570398311, "min_population": 0.020049998513334086, "elapsed_seconds": 520.6316819540225}
{"stage": 7, "message": "Positive directional derivative for linesearch", "objective": 9.033253804530162, "minimum_margin": -0.01165282183144157, "elapsed_seconds": 528.3503925370751}
{"iteration": 740, "gradient_norm": 0.21661194178175416, "max_finite_energy_error": 0.000342255834362426, "minimum_all_margin": -0.07218574652601815, "minimum_nonenergy_margin": -0.07218574652601815, "max_dad": 0.0017118574652601815, "min_population": 0.019983802339560413, "elapsed_seconds": 528.5056247740285}
{"iteration": 750, "gradient_norm": 0.20634486566699137, "max_finite_energy_error": 0.00033088430831718085, "minimum_all_margin": -0.5393073609233457, "minimum_nonenergy_margin": -0.5393073609233457, "max_dad": 0.006383073609233457, "min_population": 0.019354957603818498, "elapsed_seconds": 531.585902444087}
{"iteration": 760, "gradient_norm": 0.2118135536492031, "max_finite_energy_error": 0.0002162284817761595, "minimum_all_margin": -0.01162284817761595, "minimum_nonenergy_margin": -0.0008198039861469436, "max_dad": 0.0009981980398614694, "min_population": 0.020049957491552174, "elapsed_seconds": 534.0320018270286}
{"iteration": 770, "gradient_norm": 0.21183132233832025, "max_finite_energy_error": 0.00021584160074894498, "minimum_all_margin": -0.011584160074894498, "minimum_nonenergy_margin": -2.239617251983267e-06, "max_dad": 0.0009900223961725198, "min_population": 0.02004999495166465, "elapsed_seconds": 535.8132010170957}
{"iteration": 780, "gradient_norm": 0.21182536510920436, "max_finite_energy_error": 0.00021588230928726304, "minimum_all_margin": -0.011588230928726304, "minimum_nonenergy_margin": -2.19411596957559e-06, "max_dad": 0.0009900219411596958, "min_population": 0.02004999821394646, "elapsed_seconds": 537.932876963052}
{"iteration": 790, "gradient_norm": 0.21182345662213303, "max_finite_energy_error": 0.0002159267944077392, "minimum_all_margin": -0.01159267944077392, "minimum_nonenergy_margin": -2.3282031576081497e-08, "max_dad": 0.0009900002328203158, "min_population": 0.020049999943209388, "elapsed_seconds": 540.2376150520286}
{"iteration": 800, "gradient_norm": 0.21182387066920305, "max_finite_energy_error": 0.00021591688560507194, "minimum_all_margin": -0.011591688560507194, "minimum_nonenergy_margin": -4.013095650061416e-09, "max_dad": 0.0009900000401309565, "min_population": 0.020049999983565544, "elapsed_seconds": 545.3976998421131}
{"iteration": 810, "gradient_norm": 0.21182387031235428, "max_finite_energy_error": 0.00021591687724953346, "minimum_all_margin": -0.011591687724953345, "minimum_nonenergy_margin": -1.4454781815942397e-10, "max_dad": 0.0009899999772086843, "min_population": 0.02004999985545218, "elapsed_seconds": 555.3005728310673}
{"iteration": 820, "gradient_norm": 0.21182369257458175, "max_finite_energy_error": 0.00021592129519198977, "minimum_all_margin": -0.011592129519198977, "minimum_nonenergy_margin": -1.3763862835927676e-08, "max_dad": 0.0009900001376386284, "min_population": 0.020050000004482406, "elapsed_seconds": 564.5655221600318}
{"iteration": 830, "gradient_norm": 0.21182387096955607, "max_finite_energy_error": 0.0002159168744491069, "minimum_all_margin": -0.01159168744491069, "minimum_nonenergy_margin": -6.77444892717427e-09, "max_dad": 0.0009900000677444893, "min_population": 0.020049999966555713, "elapsed_seconds": 576.7874243530678}
{"iteration": 840, "gradient_norm": 0.21182387393506277, "max_finite_energy_error": 0.00021591680064103613, "minimum_all_margin": -0.011591680064103613, "minimum_nonenergy_margin": -6.135032065701651e-11, "max_dad": 0.0009899999936484275, "min_population": 0.020049999938649678, "elapsed_seconds": 587.2696416620165}
{"iteration": 850, "gradient_norm": 0.21182386507747156, "max_finite_energy_error": 0.00021591701412670972, "minimum_all_margin": -0.011591701412670971, "minimum_nonenergy_margin": -1.2319244561097287e-08, "max_dad": 0.0009900001231924456, "min_population": 0.020049999932656073, "elapsed_seconds": 598.2394558180822}
{"iteration": 860, "gradient_norm": 0.21182385532713613, "max_finite_energy_error": 0.00021591717454683135, "minimum_all_margin": -0.011591717454683135, "minimum_nonenergy_margin": -1.0378292576457976e-07, "max_dad": 0.0009900010378292576, "min_population": 0.020049999426046353, "elapsed_seconds": 609.1055284111062}
{"iteration": 870, "gradient_norm": 0.21182386913969423, "max_finite_energy_error": 0.00021591690476618908, "minimum_all_margin": -0.011591690476618908, "minimum_nonenergy_margin": -2.3177679762433068e-08, "max_dad": 0.0009900002317767976, "min_population": 0.02004999987288449, "elapsed_seconds": 621.7820200480055}
{"iteration": 880, "gradient_norm": 0.2118238643994374, "max_finite_energy_error": 0.00021591699305778533, "minimum_all_margin": -0.011591699305778533, "minimum_nonenergy_margin": -5.636520135181289e-08, "max_dad": 0.0009900005636520135, "min_population": 0.02004999969088532, "elapsed_seconds": 634.1667812360683}
{"iteration": 890, "gradient_norm": 0.21182386643825363, "max_finite_energy_error": 0.00021591697514145025, "minimum_all_margin": -0.011591697514145025, "minimum_nonenergy_margin": -1.1888395823334008e-10, "max_dad": 0.0009900000006016808, "min_population": 0.02004999988111604, "elapsed_seconds": 645.1123469510349}
{"iteration": 900, "gradient_norm": 0.21182386674805692, "max_finite_energy_error": 0.00021591697760747763, "minimum_all_margin": -0.011591697760747763, "minimum_nonenergy_margin": -5.523238442127487e-09, "max_dad": 0.0009900000552323844, "min_population": 0.02004999995763133, "elapsed_seconds": 655.8071377041051}
{"stage": 8, "message": "Iteration limit reached", "objective": 8.985771390369516, "minimum_margin": -0.011591697760747763, "elapsed_seconds": 655.8088765990688}
{"iteration": 910, "gradient_norm": 0.2113678701807689, "max_finite_energy_error": 0.00021276515807278074, "minimum_all_margin": -0.05135917003038458, "minimum_nonenergy_margin": -0.05135917003038458, "max_dad": 0.0015035917003038458, "min_population": 0.020026400198844933, "elapsed_seconds": 659.2871682330733}
{"iteration": 920, "gradient_norm": 0.21079914307201042, "max_finite_energy_error": 0.00022237910256706073, "minimum_all_margin": -0.035721159563608065, "minimum_nonenergy_margin": -0.035721159563608065, "max_dad": 0.0013472115956360807, "min_population": 0.020019234731605086, "elapsed_seconds": 662.1016712770797}
{"iteration": 930, "gradient_norm": 0.21123645868169005, "max_finite_energy_error": 0.00021522806551033113, "minimum_all_margin": -0.011522806551033113, "minimum_nonenergy_margin": -3.605368896356445e-06, "max_dad": 0.0009900360536889636, "min_population": 0.020050004952331994, "elapsed_seconds": 663.851543780067}
{"iteration": 940, "gradient_norm": 0.21125014299731237, "max_finite_energy_error": 0.00021491015121277712, "minimum_all_margin": -0.011491015121277712, "minimum_nonenergy_margin": -4.770923707269822e-06, "max_dad": 0.0009900477092370727, "min_population": 0.0200506092567252, "elapsed_seconds": 665.338782660081}
{"iteration": 950, "gradient_norm": 0.21123029664628576, "max_finite_energy_error": 0.00021525699406943488, "minimum_all_margin": -0.011525699406943488, "minimum_nonenergy_margin": -2.8001939214421234e-06, "max_dad": 0.0009900280019392144, "min_population": 0.020050000294239863, "elapsed_seconds": 667.7204433390871}
{"iteration": 960, "gradient_norm": 0.21257734775307088, "max_finite_energy_error": 0.00024353591454184809, "minimum_all_margin": -0.01435359145418481, "minimum_nonenergy_margin": -0.0002512848991798825, "max_dad": 0.0009925128489917988, "min_population": 0.020049937405777995, "elapsed_seconds": 671.1665005940013}
{"iteration": 970, "gradient_norm": 0.21123090058366056, "max_finite_energy_error": 0.0002152432755861966, "minimum_all_margin": -0.01152432755861966, "minimum_nonenergy_margin": -0.00024056826288005196, "max_dad": 0.0009924056826288005, "min_population": 0.02004999431027785, "elapsed_seconds": 681.815003921045}
{"stage": 9, "message": "Positive directional derivative for linesearch", "objective": 8.935174742735626, "minimum_margin": -0.011525974451686025, "elapsed_seconds": 689.6097774280934}
{"iteration": 980, "gradient_norm": 0.21131136034826423, "max_finite_energy_error": 0.0002338214441222064, "minimum_all_margin": -0.023819131786436028, "minimum_nonenergy_margin": -0.023819131786436028, "max_dad": 0.0012281913178643603, "min_population": 0.01999187370618159, "elapsed_seconds": 690.5069682010217}
{"iteration": 990, "gradient_norm": 0.21044107700798856, "max_finite_energy_error": 0.00021541555382809108, "minimum_all_margin": -0.012514060010095453, "minimum_nonenergy_margin": -0.012514060010095453, "max_dad": 0.0011151406001009545, "min_population": 0.020033060666616673, "elapsed_seconds": 693.7431898160139}
{"iteration": 1000, "gradient_norm": 0.21058417524277268, "max_finite_energy_error": 0.00021485076889815602, "minimum_all_margin": -0.011485076889815602, "minimum_nonenergy_margin": -0.00046231889885629037, "max_dad": 0.000994623188988563, "min_population": 0.020049813503602586, "elapsed_seconds": 696.1566947581014}
{"iteration": 1010, "gradient_norm": 0.21059834932044538, "max_finite_energy_error": 0.000214571697149335, "minimum_all_margin": -0.0114571697149335, "minimum_nonenergy_margin": -6.458574811464904e-07, "max_dad": 0.0009900064585748115, "min_population": 0.020049998011063237, "elapsed_seconds": 697.8387864670949}
{"iteration": 1020, "gradient_norm": 0.21059791839630332, "max_finite_energy_error": 0.00021455713410301058, "minimum_all_margin": -0.011455713410301058, "minimum_nonenergy_margin": -4.007423309859703e-09, "max_dad": 0.0009899993868599812, "min_population": 0.0200500014694098, "elapsed_seconds": 699.3334230070468}
{"iteration": 1030, "gradient_norm": 0.21059744108068912, "max_finite_energy_error": 0.0002145689193997491, "minimum_all_margin": -0.011456891939974909, "minimum_nonenergy_margin": -1.9492039789962418e-07, "max_dad": 0.000990001949203979, "min_population": 0.020049999850737764, "elapsed_seconds": 704.7300219940953}
{"iteration": 1040, "gradient_norm": 0.21059745382791484, "max_finite_energy_error": 0.000214568598231768, "minimum_all_margin": -0.011456859823176799, "minimum_nonenergy_margin": -3.7271691180444655e-08, "max_dad": 0.0009900003727169118, "min_population": 0.020049999971891195, "elapsed_seconds": 711.7418770760996}
{"stage": 10, "message": "Positive directional derivative for linesearch", "objective": 8.881457503008468, "minimum_margin": -0.01145687678267727, "elapsed_seconds": 712.1657106280327}
{"iteration": 1050, "gradient_norm": 0.20861831272602083, "max_finite_energy_error": 0.0002370839294179028, "minimum_all_margin": -0.09900644014921617, "minimum_nonenergy_margin": -0.09900644014921617, "max_dad": 0.0019800644014921617, "min_population": 0.019979637125513514, "elapsed_seconds": 714.3833776410902}
{"iteration": 1060, "gradient_norm": 0.2100234195505411, "max_finite_energy_error": 0.00021031751617917038, "minimum_all_margin": -0.014213577544869186, "minimum_nonenergy_margin": -0.014213577544869186, "max_dad": 0.0011321357754486918, "min_population": 0.02005096538508405, "elapsed_seconds": 717.0422675480368}
{"iteration": 1070, "gradient_norm": 0.20992495073565764, "max_finite_energy_error": 0.00021383506699468313, "minimum_all_margin": -0.011383506699468313, "minimum_nonenergy_margin": -3.935617314703745e-06, "max_dad": 0.000990039356173147, "min_population": 0.020050009616222615, "elapsed_seconds": 719.2403760040179}
{"best_max_finite_energy_error": 0.0002138311578638863, "records": [{"stage": 0, "message": "Positive directional derivative for linesearch", "objective": 9.64053092690753, "minimum_margin": -0.01236469661931473, "elapsed_seconds": 53.59410900401417}, {"stage": 1, "message": "Positive directional derivative for linesearch", "objective": 9.455319059680246, "minimum_margin": -0.012149725524744923, "elapsed_seconds": 99.29077356506605}, {"stage": 2, "message": "Positive directional derivative for linesearch", "objective": 9.323455268184366, "minimum_margin": -0.011996224403819653, "elapsed_seconds": 119.36063958902378}, {"stage": 3, "message": "Positive directional derivative for linesearch", "objective": 9.230765456499656, "minimum_margin": -0.011889770991068147, "elapsed_seconds": 249.53957190003712}, {"stage": 4, "message": "Positive directional derivative for linesearch", "objective": 9.169670964510336, "minimum_margin": -0.01181944025454463, "elapsed_seconds": 275.205642128014}, {"stage": 5, "message": "Iteration limit reached", "objective": 9.12295716871868, "minimum_margin": -0.011764407056368284, "elapsed_seconds": 470.14881159109063}, {"stage": 6, "message": "Positive directional derivative for linesearch", "objective": 9.07855900955035, "minimum_margin": -0.011710223509785464, "elapsed_seconds": 503.3567411490949}, {"stage": 7, "message": "Positive directional derivative for linesearch", "objective": 9.033253804530162, "minimum_margin": -0.01165282183144157, "elapsed_seconds": 528.3503925370751}, {"stage": 8, "message": "Iteration limit reached", "objective": 8.985771390369516, "minimum_margin": -0.011591697760747763, "elapsed_seconds": 655.8088765990688}, {"stage": 9, "message": "Positive directional derivative for linesearch", "objective": 8.935174742735626, "minimum_margin": -0.011525974451686025, "elapsed_seconds": 689.6097774280934}, {"stage": 10, "message": "Positive directional derivative for linesearch", "objective": 8.881457503008468, "minimum_margin": -0.01145687678267727, "elapsed_seconds": 712.1657106280327}, {"stage": 11, "stop": "private finite-search time limit"}], "runtime_seconds": 720.1266194080235}
