IRLS ladder_16 2 0 error 0.0030397511777501456 count 125 large 119 elapsed 6.3
IRLS ladder_16 2 1 error 0.01771321769103752 count 122 large 94 elapsed 8.2
IRLS ladder_16 2 2 error 0.0030995842584886023 count 120 large 79 elapsed 9.7
IRLS ladder_16 2 3 error 0.002149841196708797 count 120 large 65 elapsed 10.9
IRLS ladder_16 2 4 error 0.001999805669008014 count 113 large 53 elapsed 11.6
IRLS ladder_16 2 5 error 0.002065780979345581 count 113 large 48 elapsed 12.3
FIT 100 18 1.2368339818291373e-12
IRLS ladder_16 2 6 error 0.0032116469999259314 count 78 large 45 elapsed 13.2
FIT 71 15 7.400173678888675e-13
IRLS ladder_16 2 7 error 0.0023558332733296223 count 57 large 42 elapsed 14.1
FIT 53 13 9.285410800421026e-16
IRLS ladder_16 2 8 error 0.0020416849022140853 count 53 large 41 elapsed 14.6
FIT 51 13 9.58555863989542e-16
IRLS ladder_16 2 9 error 0.001922623521356407 count 51 large 40 elapsed 15.1
FIT 49 13 9.742088203395732e-16
IRLS ladder_16 2 10 error 0.001883496974347081 count 48 large 40 elapsed 15.7
FIT 45 11 9.383631033415378e-16
IRLS ladder_16 2 11 error 0.0018294418120402788 count 43 large 39 elapsed 16.5
FIT 41 11 9.628545555733613e-16
IRLS ladder_16 2 12 error 0.0017876454868282503 count 43 large 38 elapsed 17.1
FIT 41 11 9.33931547998291e-16
IRLS ladder_16 2 13 error 0.001962056221165968 count 43 large 38 elapsed 17.5
FIT 41 11 9.348381603009208e-16
IRLS ladder_16 2 14 error 0.0024804775456189762 count 47 large 38 elapsed 17.9
FIT 43 11 8.828755207669587e-16
IRLS ladder_16 2 15 error 0.0003598505108072602 count 50 large 38 elapsed 18.2
FIT 45 11 9.135480377714486e-16
IRLS ladder_16 2 16 error 0.0004136428177023998 count 39 large 38 elapsed 18.6
FIT 39 11 9.043313888665453e-16
IRLS ladder_16 2 17 error 0.0002790583096640761 count 38 large 38 elapsed 19.0
FIT 38 11 9.816214351789356e-16
IRLS ladder_16 2 18 error 0.000258062832289197 count 38 large 38 elapsed 19.1
FIT 38 11 8.836301660377178e-16
IRLS ladder_16 2 19 error 0.0002564705000896376 count 38 large 38 elapsed 19.3
FIT 38 11 9.261373863958258e-16
IRLS ladder_16 2 20 error 0.0002563800863543031 count 38 large 38 elapsed 19.5
FIT 38 11 9.616154825400732e-16
IRLS ladder_16 2 21 error 0.00025637512934121107 count 38 large 38 elapsed 19.5
FIT 38 11 9.444275549690858e-16
IRLS ladder_16 2 22 error 0.0002563748648380048 count 38 large 38 elapsed 19.6
FIT 38 11 8.912091449583981e-16
IRLS ladder_16 2 23 error 0.0002563748648380048 count 38 large 38 elapsed 19.7
FIT 38 11 8.912091449583981e-16
IRLS ladder_16 2 24 error 0.0002563748648380048 count 38 large 38 elapsed 19.8
FIT 38 11 8.912091449583981e-16
IRLS ladder_16 2 25 error 0.0002563748648380048 count 38 large 38 elapsed 19.9
FIT 38 11 8.912091449583981e-16
IRLS ladder_16 2 26 error 0.0002563748648380048 count 38 large 38 elapsed 19.9
FIT 38 11 8.912091449583981e-16
IRLS ladder_16 2 27 error 0.0002563748648380048 count 38 large 38 elapsed 20.0
FIT 38 11 8.912091449583981e-16
IRLS ladder_16 2 28 error 0.0002563748648380048 count 38 large 38 elapsed 20.1
FIT 38 11 8.912091449583981e-16
IRLS ladder_16 2 29 error 0.0002563748648380048 count 38 large 38 elapsed 20.2
FIT 38 11 8.912091449583981e-16
IRLS ladder_16 2 30 error 0.0002563748648380048 count 38 large 38 elapsed 20.3
FIT 38 11 8.912091449583981e-16
IRLS ladder_16 2 31 error 0.0002563748648380048 count 38 large 38 elapsed 20.3
FIT 38 11 8.912091449583981e-16
IRLS ladder_16 2 32 error 0.0002563748648380048 count 38 large 38 elapsed 20.4
FIT 38 11 8.912091449583981e-16
IRLS ladder_16 2 33 error 0.0002563748648380048 count 38 large 38 elapsed 20.5
FIT 38 11 8.912091449583981e-16
IRLS ladder_16 2 34 error 0.0002563748648380048 count 38 large 38 elapsed 20.6
FIT 38 11 8.912091449583981e-16
IRLS ladder_16 2 35 error 0.0002563748648380048 count 38 large 38 elapsed 20.7
FIT 38 11 8.912091449583981e-16
IRLS ladder_16 2 36 error 0.0002563748648380048 count 38 large 38 elapsed 20.8
FIT 38 11 8.912091449583981e-16
IRLS ladder_16 2 37 error 0.0002563748648380048 count 38 large 38 elapsed 20.9
FIT 38 11 8.912091449583981e-16
IRLS ladder_16 2 38 error 0.0002563748648380048 count 38 large 38 elapsed 21.0
FIT 38 11 8.912091449583981e-16
IRLS ladder_16 2 39 error 0.0002563748648380048 count 38 large 38 elapsed 21.1
FIT 38 11 8.912091449583981e-16
