IRLS irregular_16 1 0 error 0.0018055402244568312 count 114 large 111 elapsed 4.8
IRLS irregular_16 1 1 error 0.016571308705370102 count 114 large 97 elapsed 6.1
IRLS irregular_16 1 2 error 0.0046736937479709 count 110 large 85 elapsed 7.9
IRLS irregular_16 1 3 error 0.004706990131120662 count 109 large 76 elapsed 9.4
IRLS irregular_16 1 4 error 0.004865456827658004 count 108 large 72 elapsed 11.7
IRLS irregular_16 1 5 error 0.004537799427386256 count 107 large 63 elapsed 13.9
FIT 107 18 8.491453429031283e-11
IRLS irregular_16 1 6 error 0.007033568232456663 count 86 large 54 elapsed 15.5
FIT 85 18 1.7546715738501133e-12
IRLS irregular_16 1 7 error 0.007815597333292876 count 75 large 52 elapsed 16.5
FIT 75 17 3.5601745388777008e-12
IRLS irregular_16 1 8 error 0.007933079482986995 count 73 large 51 elapsed 17.6
FIT 73 17 8.267332545322203e-13
IRLS irregular_16 1 9 error 0.008381758830279184 count 72 large 50 elapsed 18.6
FIT 72 17 1.092201628443102e-12
IRLS irregular_16 1 10 error 0.008967216112101908 count 73 large 49 elapsed 19.3
FIT 72 17 2.868998253492227e-12
IRLS irregular_16 1 11 error 0.009390703212485982 count 74 large 48 elapsed 20.1
FIT 73 18 7.645746103903287e-13
IRLS irregular_16 1 12 error 0.009509932429898647 count 75 large 48 elapsed 20.7
FIT 74 18 1.0548044701396938e-12
IRLS irregular_16 1 13 error 0.009371857008007458 count 76 large 48 elapsed 21.4
FIT 75 18 2.193721613305795e-12
IRLS irregular_16 1 14 error 0.009038864205266542 count 75 large 48 elapsed 22.0
FIT 74 18 3.2353569347807462e-12
IRLS irregular_16 1 15 error 0.002218255725718501 count 83 large 51 elapsed 22.8
FIT 81 18 1.0156442554205963e-12
IRLS irregular_16 1 16 error 0.0027604143388549325 count 60 large 51 elapsed 23.7
FIT 59 16 1.0205112609928898e-15
IRLS irregular_16 1 17 error 0.002960308008753691 count 56 large 52 elapsed 24.1
FIT 56 16 0.0005399270060686636
IRLS irregular_16 1 18 error 0.0029442253905733575 count 56 large 52 elapsed 25.1
FIT 56 16 0.0005608786763330052
IRLS irregular_16 1 19 error 0.002873722706800489 count 55 large 52 elapsed 26.2
FIT 55 16 0.001756259222364668
IRLS irregular_16 1 20 error 0.002809451302890062 count 55 large 52 elapsed 26.4
FIT 55 16 0.0017562592223646651
IRLS irregular_16 1 21 error 0.0027703249024175047 count 55 large 53 elapsed 26.7
FIT 55 16 0.0017562592223646302
IRLS irregular_16 1 22 error 0.0027541107469891946 count 55 large 53 elapsed 27.0
FIT 55 16 0.001756259222364657
IRLS irregular_16 1 23 error 0.0027551287129767904 count 55 large 53 elapsed 27.4
FIT 55 16 0.0017562592223646638
IRLS irregular_16 1 24 error 0.002768482654533991 count 55 large 53 elapsed 27.6
FIT 55 16 0.0017562592223646005
IRLS irregular_16 1 25 error 0.0027907604746837426 count 55 large 53 elapsed 27.9
FIT 55 16 0.0017562592223646606
IRLS irregular_16 1 26 error 0.0028198389852486126 count 55 large 53 elapsed 28.1
FIT 55 16 0.001756259222364612
IRLS irregular_16 1 27 error 0.0028544723335599937 count 55 large 53 elapsed 28.5
FIT 55 16 0.0017562592223646493
IRLS irregular_16 1 28 error 0.0028938735425272626 count 55 large 53 elapsed 28.8
FIT 55 16 0.0017562592223646346
IRLS irregular_16 1 29 error 0.002937314030678108 count 55 large 53 elapsed 29.1
FIT 55 16 0.0017562592223646434
IRLS irregular_16 1 30 error 0.002983726569476738 count 55 large 53 elapsed 29.4
FIT 55 16 0.001756259222364685
IRLS irregular_16 1 31 error 0.00303135146710849 count 55 large 53 elapsed 29.6
FIT 55 16 0.00175625922236468
IRLS irregular_16 1 32 error 0.0030775928792801622 count 55 large 53 elapsed 30.0
FIT 55 16 0.0017562592223646764
IRLS irregular_16 1 33 error 0.0031193541406355912 count 55 large 53 elapsed 30.3
FIT 55 16 0.00175625922236462
IRLS irregular_16 1 34 error 0.0031539469656052324 count 55 large 53 elapsed 30.6
FIT 55 16 0.0017562592223646866
IRLS irregular_16 1 35 error 0.0031801119121500155 count 55 large 53 elapsed 30.8
FIT 55 16 0.0017562592223646148
IRLS irregular_16 1 36 error 0.003198329961434838 count 55 large 53 elapsed 31.0
FIT 55 16 0.001756259222364663
IRLS irregular_16 1 37 error 0.00321022717645773 count 55 large 53 elapsed 31.2
FIT 55 16 0.0017562592223646378
IRLS irregular_16 1 38 error 0.0032176702510625867 count 55 large 53 elapsed 31.3
FIT 55 16 0.0017562592223646072
IRLS irregular_16 1 39 error 0.0032222184348300337 count 55 large 53 elapsed 31.5
FIT 55 16 0.0017562592223646638
