BEST case_fab8bc61577d4125a2c4 7.009262351087564e-07 trace 6.771934303582078 support [0, 1, 2, 3, 4, 9, 23, 28, 30, 33]
SEED case_fab8bc61577d4125a2c4 1e-07 [(0, 1.1246336687120808), (8, 0.7873195418482832), (22, 0.729006966252379), (28, 0.6974866966727755), (33, 0.5480027436568189), (24, 0.5170387335374615), (2, 0.46763598752372854), (27, 0.4487179103212679), (67, 0.27778736070760734), (54, 0.2719429542296607), (85, 0.2610487855622721), (9, 0.2223723919201952), (31, 0.16577906765694714), (23, 0.12076259329640193), (55, 0.11264699844949799), (32, 0.019726360225505928)]
SEED case_fab8bc61577d4125a2c4 1e-09 [(23, 1.1572454913241277), (0, 1.1246336671802606), (8, 0.8096001082013784), (27, 0.788434525088781), (28, 0.645267944563704), (2, 0.4659884219594212), (55, 0.29113565559866106), (31, 0.2846302427021783), (33, 0.25655959433817827), (22, 0.24432025677651684), (67, 0.24393433634242795), (9, 0.1822270634089676), (72, 0.12357112141221088), (32, 0.09786793884842038), (19, 0.02171217413715753), (10, 0.017792813574440642)]
SEED case_fab8bc61577d4125a2c4 1e-11 [(0, 1.124633662199544), (27, 0.9221166206898079), (24, 0.8454940657031746), (8, 0.7672310093813569), (67, 0.5868615030587424), (2, 0.45849519194926086), (72, 0.4464174374181938), (23, 0.4179587633129541), (55, 0.29603031787271983), (32, 0.2525321924021614), (31, 0.23563463210103663), (9, 0.137377916312477), (34, 0.08721614162840846), (10, 0.05618246524835903), (30, 0.054521466011383225), (7, 0.0499699936730478)]
SEED case_fab8bc61577d4125a2c4 1e-05 [(0, 1.1246336688833807), (8, 0.7839996166926078), (33, 0.669708362079183), (22, 0.5828337498367802), (28, 0.5559927869484411), (27, 0.5153869936652691), (2, 0.4661971282949059), (54, 0.39365879302491014), (29, 0.3175011990721655), (23, 0.30926335100239255), (67, 0.3043627717410806), (24, 0.2642961576026197), (9, 0.2256362991052236), (26, 0.17382550000890998), (55, 0.03998668137478163), (31, 0.03955452491657815)]
SEED case_fab8bc61577d4125a2c4 1e-13 [(24, 1.1841266395485988), (0, 1.1246336619114716), (8, 0.8752619920183848), (67, 0.6210901241778639), (27, 0.5386797232269871), (2, 0.4533469649870786), (23, 0.4391656587463725), (30, 0.34193797475895765), (55, 0.29794827003921753), (72, 0.28296411048567605), (31, 0.21571029432609815), (34, 0.11463870968526843), (32, 0.10056971200467713), (84, 0.07019288996756569), (7, 0.041676626235843756), (15, 0.022878885737371207)]
SEED case_fab8bc61577d4125a2c4 1e-06 [(0, 1.1246336689133818), (8, 0.7849564620666627), (33, 0.6497359171081385), (22, 0.6408195727171184), (27, 0.5940794572768329), (28, 0.5797770529167718), (24, 0.47785978053863815), (2, 0.46678899869993895), (29, 0.4135390429949812), (54, 0.3810358498156779), (9, 0.22472178270615994), (67, 0.15648211804979395), (23, 0.13089415053188957), (31, 0.09121133062181963), (55, 0.05116523890935173), (32, 0.0030843105004641877)]
SEED case_fab8bc61577d4125a2c4 1e-08 [(0, 1.1246336685088214), (23, 0.9314721423035763), (27, 0.8491243532958811), (8, 0.7836082204472846), (28, 0.5374404409387998), (33, 0.5222870654062406), (67, 0.4767294073615227), (22, 0.47480473683985425), (2, 0.4664735333401824), (9, 0.22560383888549473), (55, 0.12223154152642977), (72, 0.114033591330357), (32, 0.08307845366042996), (31, 0.04195603462897676), (24, 0.016564359642127355), (4, 0.0014195233051119683)]
BEST case_fab8bc61577d4125a2c4 2.9198854108013817e-07 trace 6.7719346472319675 support [ 0  2  8  9 22 23 27 28 33 67]
BEST case_fab8bc61577d4125a2c4 3.290689940639223e-09 trace 6.771934233415201 support [ 0  2  8  9 22 23 27 28 33 67]
BEST case_6296ba04751e4131a177 3.304187435696863e-07 trace 6.22450266797982 support [0, 1, 2, 3, 4, 5, 12, 25, 32, 33, 43, 84]
SEED case_6296ba04751e4131a177 1e-07 [(33, 0.9930498266758554), (27, 0.9317414775356208), (15, 0.7193686916744731), (0, 0.6662432581662563), (3, 0.6219413587460044), (2, 0.5191500640233734), (55, 0.25580906865655867), (1, 0.23202400362300138), (21, 0.2301191970466241), (84, 0.20818204978473798), (19, 0.1615979125552034), (36, 0.1477193579121303), (17, 0.14471513924229765), (10, 0.10134750270915242), (24, 0.07091512503837541), (73, 0.0707862919517665)]
SEED case_6296ba04751e4131a177 1e-09 [(33, 0.995384406811173), (3, 0.8936090605283615), (27, 0.8827529477271477), (0, 0.6662432498298367), (15, 0.6215867453527799), (2, 0.34012787886516416), (84, 0.2787876625351679), (1, 0.271175284509654), (55, 0.26108160982335854), (21, 0.24639342954663376), (17, 0.15042201422521134), (10, 0.1386452083724511), (19, 0.09348657973676026), (26, 0.09157151643418686), (73, 0.08955176165865338), (8, 0.086772023289859)]
SEED case_6296ba04751e4131a177 1e-11 [(27, 0.8439383117010479), (33, 0.830933348919698), (0, 0.666243248544137), (14, 0.643819893920819), (2, 0.6076307567340442), (3, 0.4791544536063645), (18, 0.32779277791375283), (73, 0.3266485397942839), (55, 0.27788951560717173), (1, 0.2158202374422986), (21, 0.19786873289293638), (84, 0.17539732278630463), (17, 0.16748997328532136), (24, 0.14402043043852866), (8, 0.08530051042798319), (85, 0.08307643633936415)]
SEED case_6296ba04751e4131a177 1e-05 [(33, 0.9959542547834092), (27, 0.9009547627957611), (0, 0.6662432574658123), (2, 0.5691904356959312), (3, 0.5515360500960488), (19, 0.4242619401924799), (15, 0.33793065536460715), (73, 0.2706927415691564), (16, 0.26152340746417496), (55, 0.25026609437423014), (1, 0.22196768020081276), (13, 0.17739963830688957), (24, 0.14893017147153936), (61, 0.11691874850323947), (43, 0.08835536143331707), (9, 0.08284732632564862)]
SEED case_6296ba04751e4131a177 1e-13 [(27, 0.8439392773294759), (33, 0.8309334654588066), (0, 0.6662432479330351), (14, 0.6449810319884586), (2, 0.6026774037715317), (3, 0.4855411776477587), (18, 0.3245389612050695), (73, 0.32380522895398034), (55, 0.2778983042166156), (1, 0.21703634340401423), (21, 0.2020187226929642), (84, 0.1753633232050167), (17, 0.16753308834813874), (24, 0.14170521367591807), (8, 0.0852883411730738), (85, 0.08350578169839756)]
SEED case_6296ba04751e4131a177 1e-06 [(33, 0.9960098657018264), (27, 0.9006996502799007), (0, 0.6662432573540331), (2, 0.5668846983595033), (3, 0.5561676721837215), (19, 0.40979460138049617), (15, 0.3905760961340334), (73, 0.2655290166403462), (55, 0.2561209840849022), (1, 0.22239085760783545), (13, 0.21478681113103046), (84, 0.16835493033518686), (24, 0.14962201754866708), (17, 0.13848910225096986), (9, 0.07762183787077649), (61, 0.06173625722281722)]
SEED case_6296ba04751e4131a177 1e-08 [(33, 0.9908584143892392), (27, 0.9210687034340713), (15, 0.7273599058365018), (0, 0.666243259567623), (3, 0.6058243868874837), (2, 0.5302028670030098), (21, 0.32052434792198853), (84, 0.317570367239205), (1, 0.22932455814761976), (55, 0.2257050947315432), (18, 0.14381674827342777), (73, 0.12777674189283658), (36, 0.12024044904236719), (10, 0.09720561361739591), (9, 0.07657928737164155), (24, 0.041758945697354916)]
SEED case_6296ba04751e4131a177 1e-10 [(33, 0.874180095303162), (27, 0.8549686922521866), (0, 0.6662432475973987), (3, 0.6555126009374486), (18, 0.5727959949150556), (2, 0.48637087032483195), (61, 0.48239245818604126), (55, 0.27700141530442934), (1, 0.24236254843050298), (73, 0.2346414617289393), (24, 0.2172773179096913), (84, 0.17935424304982972), (17, 0.16218923632030938), (8, 0.08645741666798144), (32, 0.08503146551754312), (15, 0.05851274567997956)]
BEST case_6296ba04751e4131a177 1.6081622607651745e-08 trace 6.224502736300495 support [ 0  1  2  3 18 24 27 33 55 61 73 84]
BEST case_6296ba04751e4131a177 1.512236326902302e-08 trace 6.224502735872513 support [ 0  1  2  3 18 24 27 33 55 61 73 84]
BEST case_6296ba04751e4131a177 9.050401863127297e-09 trace 6.224502735290491 support [ 0  1  2  3 18 24 27 33 55 61 73 84]
CONT 0.001 9.971242218376606e-07
SEED case_e69f87bc6e6046eb98a7 1e-07 [(0, 0.8736931312783509), (51, 0.7981776074141513), (72, 0.6571018251356036), (57, 0.4192828869507097), (85, 0.36693423248585866), (30, 0.3380068240142345), (37, 0.3337606060779504), (32, 0.2502532554862026), (93, 0.19425163585940833), (34, 0.163001816939724), (35, 0.09478429989801718), (21, 0.09287067931370048), (28, 0.05285403821576472), (29, 0.043055107495747515), (84, 0.04214247084146177), (22, 0.0020921598774975673)]
BEST case_e69f87bc6e6046eb98a7 0.5082174716892508 trace 4.697931142017658 support [ 0 30 32 34 37 51 57 72 85 93]
BEST case_e69f87bc6e6046eb98a7 0.00022484101736580802 trace 4.724241140058629 support [ 0 30 32 34 37 51 57 72 85 93]
SEED case_e69f87bc6e6046eb98a7 1e-09 [(0, 0.873693131276871), (51, 0.7981776093311832), (72, 0.6890822720384674), (57, 0.4192828790008295), (30, 0.35461044086462473), (37, 0.3337611637311571), (85, 0.32387614604543385), (32, 0.21633859928426952), (93, 0.19425163346377436), (34, 0.15522204855740016), (21, 0.0941078514187703), (35, 0.0939125571949273), (28, 0.08061943027884409), (84, 0.04451414855862785), (29, 0.030341884208095547), (26, 0.02035656734450922)]
SEED case_e69f87bc6e6046eb98a7 1e-11 [(72, 0.9913404249894789), (0, 0.8736931303754589), (51, 0.7981777347006902), (57, 0.41928031013727207), (37, 0.3323629495025709), (30, 0.24343024002923652), (84, 0.24318890146557848), (28, 0.20662447922579252), (93, 0.19425138384994908), (29, 0.1635710793477298), (35, 0.12357338542443984), (21, 0.08120840299518446), (32, 0.028107976408660938), (22, 0.02223829803577848), (54, 0.00184017393958956), (5, 0.0014185241354864428)]
SEED case_e69f87bc6e6046eb98a7 1e-05 [(0, 0.8736931312800483), (51, 0.7981776074537319), (72, 0.7134898678657785), (57, 0.41928288724694), (85, 0.3634740330659101), (37, 0.3337604185686571), (30, 0.312089275427491), (32, 0.2082293889852821), (93, 0.19425163583224367), (34, 0.12091965268830754), (35, 0.1092948428559033), (21, 0.09415188870760302), (28, 0.058407699467792736), (29, 0.05152110360007884), (84, 0.04239587996913529), (31, 0.02916313885429665)]
BEST case_e69f87bc6e6046eb98a7 0.00022484101219207947 trace 4.72424114005493 support [ 0 30 32 34 37 51 57 72 85 93]
SEED case_e69f87bc6e6046eb98a7 1e-13 [(72, 0.9923451027440904), (0, 0.873693130389964), (51, 0.7981776531292514), (57, 0.4192779876329633), (37, 0.33224171339394065), (30, 0.26856772225836545), (84, 0.23165536714421164), (28, 0.22267381806246891), (93, 0.1942513735117347), (29, 0.14606794804167153), (35, 0.11348412597394907), (21, 0.07978616207408734), (34, 0.02311054954513005), (22, 0.02260456240535947), (48, 0.0031029559085258393), (54, 0.001674204471250742)]
SEED case_e69f87bc6e6046eb98a7 1e-06 [(0, 0.8736931312792924), (51, 0.7981776074559359), (72, 0.6775563293312761), (57, 0.4192828870155456), (85, 0.3523192408635402), (30, 0.34066622445879985), (37, 0.33376048546030496), (32, 0.23923675849353818), (93, 0.19425163581538837), (34, 0.14710738876348176), (35, 0.10022230048306019), (21, 0.09366796914074374), (28, 0.05353492391399966), (84, 0.04298803484923255), (29, 0.04029966036269799), (27, 0.014582184121250154)]
SEED case_e69f87bc6e6046eb98a7 1e-08 [(0, 0.8736931312813558), (51, 0.7981776072737955), (72, 0.6700964375713655), (57, 0.4192828863123413), (85, 0.4028981454896061), (30, 0.3736573027728276), (37, 0.3337616045330319), (32, 0.2301889983567328), (93, 0.19425163594231687), (34, 0.16044861018070392), (21, 0.09487417810708997), (35, 0.09480240090159828), (28, 0.06300607537059191), (26, 0.007918492351571787), (84, 0.003590398094675018), (29, 0.001896583549731479)]
BEST case_e69f87bc6e6046eb98a7 0.00022484100578079372 trace 4.724241140049018 support [ 0 30 32 34 37 51 57 72 85 93]
SEED case_e69f87bc6e6046eb98a7 1e-10 [(0, 0.8736931311374303), (51, 0.7981776404258717), (72, 0.7932435056121749), (57, 0.41928250383511306), (37, 0.3337221898990942), (84, 0.26162644632612314), (30, 0.21403788743266186), (93, 0.19425158611858578), (29, 0.18456533737222502), (28, 0.17633642638746125), (32, 0.1560782260964038), (34, 0.13224522458073787), (35, 0.08152053158029102), (21, 0.08058753836944911), (22, 0.01946975433365256), (54, 0.004096745879782477)]
CONT 0.001 0.00997418986659856
CONT 0.0001 0.0664236736906508
BEST case_e69f87bc6e6046eb98a7 0.00022483050528317622 trace 4.724241228453824 support [ 0 30 32 34 37 51 57 72 85 93]
CONT 1e-05 0.3278190887843086
CONT 1e-06 1.5399949420130343
CONT 1e-07 2.318502406797736
CONT 1e-08 13.05036473093645
CONT 1e-09 23.803203441409647
BEST case_e69f87bc6e6046eb98a7 9.631852675188595e-05 trace 4.72437403255176 support [ 0 15 32 34 37 51 57 72 85 93]
BEST case_e69f87bc6e6046eb98a7 5.581320298458925e-05 trace 4.724305582586958 support [ 0 15 32 37 51 57 72 84 85 93]
BEST case_e69f87bc6e6046eb98a7 3.882848778706076e-05 trace 4.724314766776441 support [ 0 15 26 32 37 51 57 72 85 93]
BEST case_e69f87bc6e6046eb98a7 1.8794013394974793e-05 trace 4.724322850648374 support [ 0 15 25 26 32 37 51 57 72 93]
BEST case_e69f87bc6e6046eb98a7 1.7282867823041325e-05 trace 4.724325763503896 support [ 0 15 26 32 37 48 51 57 72 93]
BEST case_e69f87bc6e6046eb98a7 1.526138378324382e-05 trace 4.724327536235072 support [ 0 22 26 32 37 48 51 57 72 93]
BEST case_e69f87bc6e6046eb98a7 1.4700842415153275e-05 trace 4.724324226330284 support [ 0 26 32 37 48 51 57 72 84 93]
BEST case_e69f87bc6e6046eb98a7 1.4165696362404095e-05 trace 4.724325028348291 support [ 0 26 32 33 37 48 51 57 84 93]
BEST case_e69f87bc6e6046eb98a7 1.32011683145102e-05 trace 4.724325738342223 support [ 0 23 26 32 33 37 51 57 84 93]
BEST case_e69f87bc6e6046eb98a7 1.1428646884229881e-05 trace 4.724326824979414 support [ 0 24 26 32 33 37 51 57 84 93]
BEST case_e69f87bc6e6046eb98a7 9.694047323205446e-06 trace 4.724326559373089 support [ 0 25 26 29 32 33 37 51 57 93]
BEST case_e69f87bc6e6046eb98a7 9.641662225186772e-06 trace 4.7243258875768355 support [ 0 25 26 31 32 33 37 51 57 93]
BEST case_e69f87bc6e6046eb98a7 8.50844325654724e-06 trace 4.724329910562374 support [ 0 25 26 30 33 37 51 57 72 93]
DONE case_e69f87bc6e6046eb98a7 2136 8.50844325654724e-06
SEED case_6402b49ca1474b8a9568 1e-07 [(77, 0.9519277726567374), (67, 0.9446062795386845), (0, 0.8568598406085917), (44, 0.7173191108882504), (87, 0.4872049792581744), (4, 0.42534468159721517), (64, 0.396963466139438), (30, 0.253422918679424), (65, 0.234595017235109), (11, 0.15637157027880347), (72, 0.1477561483559902), (32, 0.10130879384026825), (31, 0.009673766876397072), (27, 0.007225314809070469), (29, 0.004596316163039068), (12, 4.0752798295178e-05)]
BEST case_6402b49ca1474b8a9568 9.424405700286798e-13 trace 5.695254984506066 support [ 0  4 11 30 32 44 64 65 67 72 77 87]
BEST case_6402b49ca1474b8a9568 7.401486830834377e-16 trace 5.695254984506092 support [ 0  4 11 30 32 44 64 65 67 72 77 87]
SEED case_b9c58dc6814a49388461 1e-07 [(17, 0.84526196381486), (15, 0.7227093886784977), (92, 0.6759778555147027), (0, 0.617153712362807), (77, 0.5022034948837504), (42, 0.49432924634938846), (36, 0.3832136755741683), (80, 0.26782766031687966), (37, 0.1829828109946851), (68, 0.15163320612900966), (56, 0.12454300880619013), (59, 0.09070533204655229), (16, 0.0001221641357338817), (25, 4.8597899902407464e-05), (14, 1.689057196653772e-05), (18, 1.4379151420136725e-05)]
BEST case_b9c58dc6814a49388461 7.239579306409875e-14 trace 5.058745979387838 support [ 0 15 17 36 37 42 56 59 68 77 80 92]
BEST case_b9c58dc6814a49388461 7.307349794873342e-16 trace 5.058745979387838 support [ 0 15 17 36 37 42 56 59 68 77 80 92]
SEED case_4f8d34a1e5934b1fa616 1e-07 [(73, 0.8488497165037607), (38, 0.7084001625827829), (0, 0.6960981566479645), (23, 0.48912454196524485), (18, 0.46624576944473345), (72, 0.46598886454995114), (26, 0.3293242370712107), (27, 0.3114321522656513), (28, 0.17424801331909584), (35, 0.16006190774724466), (59, 0.12426865014131484), (34, 0.07720606283986815), (22, 0.04262494212852495), (19, 0.03302328606295477), (54, 0.022004516063140828), (25, 0.01599919643893697)]
BEST case_4f8d34a1e5934b1fa616 0.5083622544572922 trace 4.893789207727105 support [ 0 18 23 26 27 28 35 38 72 73]
BEST case_4f8d34a1e5934b1fa616 0.5083622544570725 trace 4.893789207726378 support [ 0 18 23 26 27 28 35 38 72 73]
BEST case_4f8d34a1e5934b1fa616 0.49643298593787705 trace 4.865771045151107 support [ 0 18 23 26 27 28 35 38 72 73]
SEED case_4f8d34a1e5934b1fa616 1e-09 [(73, 0.8487664767801961), (38, 0.7084001625262242), (0, 0.6960981566843376), (72, 0.5019571421007301), (18, 0.48134039197286854), (26, 0.26459897699087637), (28, 0.26236235723569323), (23, 0.25746616902172403), (24, 0.23399359300930936), (27, 0.20441560637584566), (35, 0.20343288711743007), (59, 0.12426865012109253), (42, 0.0681427078975439), (25, 0.05729297439664865), (21, 0.04340613966008136), (19, 0.016047641236463926)]
BEST case_4f8d34a1e5934b1fa616 0.4917126993246697 trace 4.896198912611084 support [ 0 18 23 24 26 27 28 38 72 73]
SEED case_4f8d34a1e5934b1fa616 1e-11 [(73, 0.8488585573349012), (38, 0.7084001524745893), (0, 0.6960981566520875), (72, 0.4535958386027359), (25, 0.43742409279790007), (18, 0.4183515267103157), (24, 0.29927501892248914), (35, 0.22891132499750702), (28, 0.18528286761413018), (29, 0.16027211534468408), (27, 0.1277644971217661), (59, 0.12426865006763461), (42, 0.11403344583679828), (19, 0.08516410436598311), (23, 0.06674581084722715), (17, 0.01185108771137173)]
Traceback (most recent call last):
  File "/srv/home/xuandong/mnt/jingxu/ALE/tasks_v4/bootstrapping_the_o_n_archipelago__1504_07997/concept_2/attempts/v_2/seed.py", line 58, in <module>
    for selected in map(int, sys.argv[1:]):
  File "/srv/home/xuandong/mnt/jingxu/ALE/tasks_v4/bootstrapping_the_o_n_archipelago__1504_07997/concept_2/attempts/v_2/seed.py", line 47, in recover
    error, vectors, cost = solver.fit(support, vectors, conditioning, nfev=1000)
  File "/srv/home/xuandong/mnt/jingxu/ALE/tasks_v4/bootstrapping_the_o_n_archipelago__1504_07997/concept_2/attempts/v_2/improve.py", line 76, in fit
    solution = least_squares(residual, initial.ravel()[1:], jac=jacobian, method='lm', max_nfev=nfev, ftol=1e-13, xtol=1e-13, gtol=1e-13)
  File "/usr/lib/python3/dist-packages/scipy/optimize/_lsq/least_squares.py", line 808, in least_squares
    raise ValueError("`x0` is infeasible.")
ValueError: `x0` is infeasible.
