screen jobs 24/72: screen_ferro_competing_sites_16_04
screen jobs 48/72: screen_antiferro_small_moment_24_02
screen jobs 72/72: screen_opposite_axial_exchange_24_05
{"phase": "screen", "chains": 6, "status": "PASS", "max_observable_z": 2.528816584101902, "max_rhat": 1.0242987372112302, "max_constraint_or_norm": 3.346490564899934e-14, "minimum_wrong_target_zmax": 20.829605024362166, "gates": {"oracle": true, "stationary_moments": true, "constraint_and_norm": true}}
full jobs 24/1584: full_ferro_competing_sites_01_05
full jobs 48/1584: full_ferro_competing_sites_03_05
full jobs 72/1584: full_ferro_competing_sites_04_07
full jobs 96/1584: full_ferro_competing_sites_08_00
full jobs 120/1584: full_ferro_competing_sites_09_10
full jobs 144/1584: full_ferro_competing_sites_11_10
full jobs 168/1584: full_ferro_competing_sites_14_00
full jobs 192/1584: full_ferro_competing_sites_15_11
full jobs 216/1584: full_ferro_competing_sites_18_01
full jobs 240/1584: full_ferro_competing_sites_19_11
full jobs 264/1584: full_ferro_competing_sites_21_11
full jobs 288/1584: full_ferro_competing_sites_24_00
full jobs 312/1584: full_ferro_competing_sites_26_00
full jobs 336/1584: full_ferro_competing_sites_27_11
full jobs 360/1584: full_ferro_competing_sites_30_05
full jobs 384/1584: full_ferro_competing_sites_31_11
full jobs 408/1584: full_antiferro_axial_competition_00_11
full jobs 432/1584: full_antiferro_axial_competition_02_11
full jobs 456/1584: full_antiferro_axial_competition_04_11
full jobs 480/1584: full_antiferro_axial_competition_06_11
full jobs 504/1584: full_antiferro_axial_competition_08_09
full jobs 528/1584: full_antiferro_axial_competition_10_05
full jobs 552/1584: full_antiferro_axial_competition_12_01
full jobs 576/1584: full_antiferro_axial_competition_14_09
full jobs 600/1584: full_antiferro_axial_competition_16_09
full jobs 624/1584: full_antiferro_axial_competition_18_04
full jobs 648/1584: full_antiferro_axial_competition_20_11
full jobs 672/1584: full_antiferro_axial_competition_21_09
full jobs 696/1584: full_antiferro_axial_competition_25_01
full jobs 720/1584: full_antiferro_axial_competition_26_11
full jobs 744/1584: full_antiferro_axial_competition_29_00
full jobs 768/1584: full_antiferro_axial_competition_30_11
full jobs 792/1584: full_antiferro_axial_competition_32_11
full jobs 816/1584: full_antiferro_small_moment_02_00
full jobs 840/1584: full_antiferro_small_moment_03_10
full jobs 864/1584: full_antiferro_small_moment_05_08
full jobs 888/1584: full_antiferro_small_moment_07_11
full jobs 912/1584: full_antiferro_small_moment_09_11
full jobs 936/1584: full_antiferro_small_moment_11_09
full jobs 960/1584: full_antiferro_small_moment_14_01
full jobs 984/1584: full_antiferro_small_moment_17_00
full jobs 1008/1584: full_antiferro_small_moment_18_00
full jobs 1032/1584: full_antiferro_small_moment_19_11
full jobs 1056/1584: full_antiferro_small_moment_21_11
full jobs 1080/1584: full_antiferro_small_moment_23_11
full jobs 1104/1584: full_antiferro_small_moment_25_10
full jobs 1128/1584: full_antiferro_small_moment_27_08
full jobs 1152/1584: full_antiferro_small_moment_29_11
full jobs 1176/1584: full_antiferro_small_moment_31_10
full jobs 1200/1584: full_opposite_axial_exchange_01_01
full jobs 1224/1584: full_opposite_axial_exchange_02_11
full jobs 1248/1584: full_opposite_axial_exchange_04_10
full jobs 1272/1584: full_opposite_axial_exchange_06_11
full jobs 1296/1584: full_opposite_axial_exchange_08_11
full jobs 1320/1584: full_opposite_axial_exchange_10_11
full jobs 1344/1584: full_opposite_axial_exchange_13_11
full jobs 1368/1584: full_opposite_axial_exchange_15_06
full jobs 1392/1584: full_opposite_axial_exchange_16_11
full jobs 1416/1584: full_opposite_axial_exchange_18_11
full jobs 1440/1584: full_opposite_axial_exchange_20_11
full jobs 1464/1584: full_opposite_axial_exchange_22_06
full jobs 1488/1584: full_opposite_axial_exchange_24_01
full jobs 1512/1584: full_opposite_axial_exchange_27_04
full jobs 1536/1584: full_opposite_axial_exchange_28_11
full jobs 1560/1584: full_opposite_axial_exchange_31_01
full jobs 1584/1584: full_opposite_axial_exchange_32_10
{"phase": "full", "chains": 12, "status": "PASS", "max_observable_z": 2.7869499178007944, "max_rhat": 1.0108844792469731, "max_constraint_or_norm": 2.548514306744542e-13, "minimum_wrong_target_zmax": 218.7216251305984, "max_free_energy_z": 1.9405348569140344, "max_simpson_bias_over_sem": 0.006348911076292176, "gates": {"oracle": true, "stationary_moments": true, "constraint_and_norm": true, "mixing": true, "free_energy": true, "angular_bias_below_sampling_noise": true, "negative_control_power": true}}
