step 1 h 824.5 residual 193 time 0.000317546
step 11 h 574 residual 141 time 0.198701
step 21 h 448.5 residual 116 time 0.423982
step 31 h 366 residual 92 time 0.642392
step 41 h 322.5 residual 85 time 0.856715
step 51 h 295.5 residual 72 time 1.06545
step 61 h 245.5 residual 66 time 1.29646
step 71 h 206 residual 59 time 1.76206
step 81 h 195.5 residual 51 time 2.32279
step 91 h 190 residual 49 time 2.78628
step 101 h 191.5 residual 50 time 3.1403
step 111 h 191.5 residual 49 time 3.5615
step 121 h 194 residual 48 time 3.81053
step 131 h 192.5 residual 50 time 4.0279
step 141 h 191.5 residual 48 time 4.26298
step 151 h 193.5 residual 45 time 4.52592
step 161 h 187 residual 44 time 5.19662
step 171 h 188 residual 41 time 5.8043
step 181 h 190 residual 45 time 6.33701
step 191 h 189 residual 44 time 7.19793
step 201 h 189 residual 46 time 7.74517
step 211 h 189.5 residual 44 time 8.16986
step 221 h 190.5 residual 46 time 8.73939
step 231 h 191 residual 49 time 9.29357
step 241 h 190 residual 46 time 9.66089
step 251 h 191 residual 44 time 10.0712
step 261 h 192 residual 47 time 10.3891
step 271 h 190.5 residual 47 time 10.7225
step 281 h 186.5 residual 41 time 11.0494
step 291 h 188.5 residual 43 time 11.4738
step 301 h 188.5 residual 46 time 11.8855
