step 1 count 2 depth 5 h 133.796 residual 68 time 0.00289262
step 6 count 13 depth 10 h 61.1351 residual 40 time 0.46955
step 11 count 22 depth 14 h 34.5409 residual 27 time 1.06572
step 16 count 29 depth 16 h 25.8605 residual 23 time 1.65323
step 21 count 35 depth 24 h 15.7151 residual 16 time 2.22191
step 26 count 41 depth 26 h 8.74717 residual 13 time 2.54734
step 31 count 46 depth 28 h 6.21722 residual 12 time 2.86389
step 36 count 52 depth 33 h -0.0958433 residual 8 time 3.1695
step 41 count 57 depth 44 h -9.97705 residual 3 time 3.47566
step 46 count 63 depth 44 h -9.86269 residual 4 time 3.79453
step 51 count 69 depth 44 h -9.83855 residual 4 time 4.0949
step 56 count 75 depth 44 h -7.04881 residual 6 time 4.38315
step 61 count 80 depth 46 h -10.5891 residual 4 time 4.91371
step 66 count 85 depth 45 h -7.21833 residual 5 time 5.99335
step 71 count 89 depth 47 h -6.44538 residual 5 time 6.4231
step 76 count 94 depth 52 h -10.8424 residual 3 time 6.81992
step 81 count 99 depth 48 h -3.8849 residual 6 time 7.26252
step 86 count 104 depth 50 h -2.89908 residual 7 time 7.60221
step 91 count 110 depth 53 h -8.06213 residual 5 time 7.90066
step 96 count 115 depth 56 h -10.7338 residual 4 time 8.19842
step 101 count 120 depth 58 h -10.7319 residual 4 time 8.90039
step 106 count 125 depth 59 h -8.93149 residual 5 time 9.47549
step 111 count 130 depth 59 h -6.39883 residual 6 time 9.86708
