groups 224 time 1.17452
improved 0 count 213 depth 85 time 1.2146
improved 50 count 213 depth 85 time 3.08651
improved 224 count 214 depth 85 time 9.26624
improved 226 count 214 depth 85 time 9.33404
improved 228 count 214 depth 85 time 9.40292
improved 236 count 214 depth 85 time 9.68387
improved 237 count 214 depth 85 time 9.71953
improved 242 count 213 depth 85 time 9.90523
improved 243 count 213 depth 85 time 9.95383
improved 266 count 213 depth 85 time 10.9336
improved 267 count 213 depth 85 time 10.9694
improved 270 count 213 depth 85 time 11.08
improved 590 count 212 depth 85 time 23.0111
improved 660 count 212 depth 85 time 25.6928
improved 711 count 212 depth 85 time 27.4799
improved 910 count 212 depth 85 time 34.9588
improved 2799 count 214 depth 85 time 105.176
improved 2802 count 214 depth 85 time 105.293
improved 2803 count 214 depth 85 time 105.33
improved 2805 count 214 depth 85 time 105.399
improved 2900 count 213 depth 85 time 108.765
improved 3260 count 213 depth 85 time 122.679
improved 3811 count 213 depth 85 time 142.917
improved 3905 count 213 depth 85 time 146.342
