sector 1 sweep 1 bond 16 energy -88.28233550714722 discarded 3.3306690738754696e-16 seconds 0.32
sector 0 sweep 1 bond 16 energy -88.98736695828251 discarded 3.3306690738754696e-16 seconds 0.35
sector 0 sweep 2 bond 32 energy -89.31348041149178 discarded 3.9077066386949966e-05 seconds 0.88
sector 1 sweep 2 bond 32 energy -89.00037926448616 discarded 0.00011539513032243764 seconds 0.96
sector 0 sweep 3 bond 48 energy -89.32656377940381 discarded 1.4573773130854839e-05 seconds 2.25
sector 1 sweep 3 bond 48 energy -89.03381620368205 discarded 3.423062665164345e-05 seconds 2.44
sector 0 sweep 1 bond 16 energy -88.9873669582824 discarded 2.220446049250313e-16 seconds 0.5
sector 1 sweep 1 bond 16 energy -88.28233550714731 discarded 2.220446049250313e-16 seconds 0.35
sector 0 sweep 2 bond 32 energy -89.31348041149177 discarded 3.9077066386949966e-05 seconds 1.2
sector 1 sweep 2 bond 32 energy -89.00037926448623 discarded 0.00011539513032288173 seconds 1.2
sector 0 sweep 3 bond 48 energy -89.3265637794037 discarded 1.4573773131076884e-05 seconds 2.37
sector 1 sweep 3 bond 48 energy -89.03381620368204 discarded 3.423062665175447e-05 seconds 2.6
sector 0 sweep 1 bond 64 energy -89.3292919536766 discarded 5.321814522396551e-06 seconds 2.3
sector 1 sweep 1 bond 64 energy -89.03909857425447 discarded 1.6225953213155897e-05 seconds 3.07
sector 0 sweep 2 bond 96 energy -89.33042825197448 discarded 1.0975563363713192e-06 seconds 4.6
sector 1 sweep 2 bond 96 energy -89.04200733547198 discarded 2.9266556577089986e-06 seconds 7.2
sector 0 sweep 3 bond 128 energy -89.33061206580422 discarded 2.992718618477497e-07 seconds 11.54
sector 1 sweep 3 bond 128 energy -89.04247477908993 discarded 8.464346031855641e-07 seconds 14.79
sector 0 sweep 4 bond 160 energy -89.33065366485495 discarded 9.852290339118497e-08 seconds 17.9
sector 1 sweep 4 bond 160 energy -89.04258156418344 discarded 3.352363330266783e-07 seconds 23.99
sector 0 sweep 5 bond 192 energy -89.33066762424907 discarded 3.3511991182066936e-08 seconds 42.31
sector 1 sweep 5 bond 192 energy -89.0426177691809 discarded 1.397689856075246e-07 seconds 54.73
sector 0 sweep 6 bond 224 energy -89.33067094302189 discarded 1.667242266467639e-08 seconds 65.8
sector 1 sweep 6 bond 224 energy -89.04263180926046 discarded 6.296398924465763e-08 seconds 82.33
sector 0 sweep 7 bond 256 energy -89.3306725171713 discarded 8.416745300721118e-09 seconds 93.36
sector 1 sweep 7 bond 256 energy -89.04263756789356 discarded 2.938369714211575e-08 seconds 122.01
sector 0 sweep 8 bond 288 energy -89.3306732620832 discarded 4.756569804698074e-09 seconds 136.19
sector 1 sweep 8 bond 275 energy -89.04263924450461 discarded 1.97437470816908e-08 seconds 177.92
