REDUCE irregular_18 45 error 0.03088872598338412 removed 6 elapsed 5
REDUCE irregular_18 44 error 0.03459374700586364 removed 32 elapsed 10
SEARCH irregular_18 0 error 0.031953995132537515 best 0.031953995132537515 depth 12 elapsed 24
SEARCH irregular_18 1 error 0.02634792860718612 best 0.02634792860718612 depth 12 elapsed 38
SEARCH irregular_18 2 error 0.02634792860718612 best 0.02634792860718612 depth 12 elapsed 53
SEARCH irregular_18 3 error 0.06081758519487387 best 0.02634792860718612 depth 12 elapsed 70
SEARCH irregular_18 4 error 0.029564423945185513 best 0.02634792860718612 depth 12 elapsed 74
SEARCH irregular_18 5 error 0.021420968256882087 best 0.021420968256882087 depth 12 elapsed 84
SEARCH irregular_18 6 error 0.019878969627959188 best 0.019878969627959188 depth 12 elapsed 100
SEARCH irregular_18 7 error 0.018005971713660637 best 0.018005971713660637 depth 14 elapsed 118
SEARCH irregular_18 8 error 0.018005971713660637 best 0.018005971713660637 depth 13 elapsed 133
SEARCH irregular_18 9 error 0.15127216504143642 best 0.018005971713660637 depth 13 elapsed 151
SEARCH irregular_18 10 error 0.03948189987800129 best 0.018005971713660637 depth 13 elapsed 159
SEARCH irregular_18 11 error 0.02845992528232368 best 0.018005971713660637 depth 15 elapsed 166
SEARCH irregular_18 12 error 0.0181944990366015 best 0.018005971713660637 depth 13 elapsed 174
SEARCH irregular_18 13 error 1.3902086933359348e-15 best 1.3902086933359348e-15 depth 13 elapsed 175
EXACT irregular_18 41 15 1.3902086933359348e-15
SEARCH irregular_18 14 error 1.3281554856862781e-15 best 1.3281554856862781e-15 depth 15 elapsed 175
EXACT irregular_18 41 15 1.3281554856862781e-15
SEARCH irregular_18 15 error 1.2621104090388835e-15 best 1.2621104090388835e-15 depth 15 elapsed 175
EXACT irregular_18 41 15 1.2621104090388835e-15
SEARCH irregular_18 16 error 1.2621104090388835e-15 best 1.2621104090388835e-15 depth 15 elapsed 175
EXACT irregular_18 41 15 1.2621104090388835e-15
SEARCH irregular_18 17 error 0.031443776874628605 best 1.2621104090388835e-15 depth 15 elapsed 175
SEARCH irregular_18 18 error 1.320942424147895e-15 best 1.2621104090388835e-15 depth 13 elapsed 175
EXACT irregular_18 41 14 1.320942424147895e-15
SEARCH irregular_18 19 error 1.3168807885752033e-15 best 1.2621104090388835e-15 depth 14 elapsed 175
EXACT irregular_18 41 14 1.3168807885752033e-15
SEARCH irregular_18 20 error 1.3035686125035696e-15 best 1.2621104090388835e-15 depth 14 elapsed 175
EXACT irregular_18 41 14 1.3035686125035696e-15
SEARCH irregular_18 21 error 1.2940476409660233e-15 best 1.2621104090388835e-15 depth 14 elapsed 175
EXACT irregular_18 41 14 1.2940476409660233e-15
SEARCH irregular_18 22 error 1.2809443056477284e-15 best 1.2621104090388835e-15 depth 14 elapsed 176
EXACT irregular_18 41 14 1.2809443056477284e-15
SEARCH irregular_18 23 error 1.2809443056477284e-15 best 1.2621104090388835e-15 depth 14 elapsed 176
EXACT irregular_18 41 14 1.2809443056477284e-15
SEARCH irregular_18 24 error 0.1050060406504613 best 1.2621104090388835e-15 depth 14 elapsed 176
SEARCH irregular_18 25 error 1.5069382195699082e-15 best 1.2621104090388835e-15 depth 15 elapsed 176
EXACT irregular_18 38 13 1.5069382195699082e-15
