{
  "core_score": 0.5,
  "worst_family_score": 0.5,
  "resource_score": 0.9654654654654655,
  "runtime_score": null,
  "valid": true,
  "passed": false,
  "reason": "2/4 certified; inspect accuracy and budget flags",
  "family_scores": {
    "ladder": 0.5,
    "irregular": 0.5
  },
  "instances": [
    {
      "id": "ladder_14",
      "family": "ladder",
      "gates": 32,
      "depth": 10,
      "projector_error": 1.8831484134644737e-15,
      "slater_fidelity": 0.9999999999999984,
      "slater_infidelity": 1.5543122344752192e-15,
      "integrity_error": 1.246499445216838e-15,
      "accurate": true,
      "within_budget": true,
      "certified": true,
      "resource_score": 1.0
    },
    {
      "id": "ladder_16",
      "family": "ladder",
      "gates": 37,
      "depth": 9,
      "projector_error": 1.9999887434926554e-15,
      "slater_fidelity": 0.9999999999999967,
      "slater_infidelity": 3.3306690738754696e-15,
      "integrity_error": 1.1239592678005597e-15,
      "accurate": true,
      "within_budget": false,
      "certified": false,
      "resource_score": 0.972972972972973
    },
    {
      "id": "irregular_16",
      "family": "irregular",
      "gates": 45,
      "depth": 12,
      "projector_error": 1.7541177027294674e-15,
      "slater_fidelity": 0.9999999999999993,
      "slater_infidelity": 6.661338147750939e-16,
      "integrity_error": 1.1829664032053117e-15,
      "accurate": true,
      "within_budget": false,
      "certified": false,
      "resource_score": 0.8888888888888888
    },
    {
      "id": "irregular_18",
      "family": "irregular",
      "gates": 38,
      "depth": 13,
      "projector_error": 4.6546952930003415e-15,
      "slater_fidelity": 0.9999999999999971,
      "slater_infidelity": 2.886579864025407e-15,
      "integrity_error": 1.0694238173890714e-15,
      "accurate": true,
      "within_budget": true,
      "certified": true,
      "resource_score": 1.0
    }
  ],
  "infrastructure_error": false,
  "target_sha256": "7d4e27bc459e1858f985af50b2c85f601aa500d9dbae0350667467e629218d06",
  "evaluation_seconds": 0.008818613016046584
}
