BEST 174: 0 27 33 37 82 88 132 142 143 148 150 159 177 183 206 208 219 220 322 327 338 347 350 351 462 465 486 487 500 505 519 531 538 539 541 542 577 583 589 602 613 637 694 699 716 717 727 730 769 787 789 798 848 863 870 877 903 906 916 920 961 963 964 967 969 973 975 979 982 983 994 1013 1014 1017 1031 1034 1039 1046 1056 1063 1065 1076 1091 1099 1105 1112 1123 1131 1133 1141 1204 1207 1281 1301 1321 1327 1332 1339 1377 1383 1390 1391 1392 1397 1422 1431 1451 1453 1462 1470 1473 1487 1494 1496 1506 1510 1516 1528 1544 1550 1553 1564 1568 1584 1620 1631 1653 1657 1665 1666 1667 1668 1678 1686 1706 1712 1714 1723 1730 1742 1751 1759 1769 1779 1793 1796 1797 1806 1858 1868 1872 1873 1879 1887 1924 1928 1973 1976 1984 1986 1987 1989 1994 1998 1999 2001 2003 2009 2011 2012 2023 2027 2028 2034
BEST 166: 1 23 32 33 41 43 88 90 132 138 143 148 150 151 152 157 177 183 193 208 269 277 322 327 347 351 433 434 492 505 519 538 545 555 576 577 581 593 602 606 613 637 658 659 696 699 717 730 742 754 787 789 804 810 848 853 857 863 870 877 898 916 920 927 930 947 961 967 975 982 994 1006 1013 1014 1039 1046 1063 1065 1096 1112 1123 1141 1193 1209 1332 1339 1391 1397 1411 1422 1455 1460 1462 1470 1485 1492 1494 1496 1501 1503 1509 1510 1516 1528 1544 1550 1551 1553 1560 1564 1568 1584 1602 1615 1620 1623 1641 1653 1666 1667 1670 1678 1686 1690 1706 1714 1721 1723 1730 1741 1742 1758 1769 1779 1785 1790 1797 1806 1858 1864 1878 1887 1891 1895 1928 1950 1956 1976 1984 1987 1988 1989 1990 1992 1994 1999 2003 2007 2009 2011 2012 2013 2027 2028 2031 2034
BEST 162: 0 5 32 34 37 41 74 85 88 90 132 142 143 159 219 220 269 277 338 350 433 434 492 506 531 542 544 545 577 589 602 606 617 637 658 660 672 681 694 699 716 717 769 789 853 863 877 892 899 916 930 947 963 975 977 979 982 983 1013 1017 1030 1046 1076 1080 1089 1091 1096 1105 1131 1141 1185 1194 1207 1209 1263 1273 1281 1296 1327 1332 1377 1383 1391 1392 1397 1402 1420 1431 1443 1448 1449 1451 1453 1455 1460 1462 1473 1485 1487 1492 1501 1503 1506 1509 1511 1516 1523 1528 1544 1550 1557 1566 1568 1584 1615 1631 1641 1657 1665 1668 1670 1672 1675 1678 1686 1687 1700 1706 1712 1723 1757 1759 1763 1769 1779 1785 1793 1797 1800 1806 1858 1864 1922 1923 1924 1934 1956 1976 1984 1988 1989 1992 1993 1997 2000 2003 2008 2010 2011 2013 2028 2031
BEST 160: 1 23 33 41 74 83 85 88 147 148 150 151 152 157 206 208 269 280 327 351 433 434 531 538 540 541 555 575 576 577 583 602 613 637 658 660 676 698 717 730 804 810 870 877 882 892 898 899 916 920 961 963 975 977 1001 1013 1014 1023 1034 1046 1056 1065 1096 1099 1185 1193 1194 1209 1221 1245 1264 1273 1281 1301 1331 1339 1383 1388 1390 1391 1392 1397 1411 1430 1443 1448 1451 1453 1454 1455 1460 1462 1487 1492 1496 1497 1501 1503 1509 1511 1523 1528 1544 1550 1551 1553 1568 1584 1615 1620 1623 1631 1645 1657 1665 1667 1670 1681 1686 1694 1700 1712 1714 1723 1758 1759 1769 1779 1800 1806 1861 1867 1873 1878 1879 1887 1891 1895 1923 1934 1956 1976 1984 1985 1987 1988 1989 1992 1993 1995 1997 2001 2003 2006 2009 2011 2027 2031 2034 2039
BEST 156: 0 27 32 37 82 88 140 143 150 152 157 159 165 177 327 338 462 465 480 485 487 505 519 531 540 541 544 545 555 575 589 591 593 606 659 660 676 681 694 696 717 730 789 798 804 810 848 857 870 889 898 903 916 920 969 973 977 979 982 983 1001 1006 1013 1017 1031 1039 1063 1080 1089 1112 1133 1141 1185 1193 1194 1207 1263 1264 1292 1301 1332 1339 1377 1383 1388 1390 1391 1397 1411 1422 1451 1455 1460 1462 1473 1487 1494 1502 1509 1511 1538 1544 1553 1557 1560 1565 1615 1631 1645 1657 1666 1667 1672 1675 1678 1681 1686 1694 1700 1706 1712 1714 1742 1758 1769 1779 1785 1790 1793 1806 1827 1852 1873 1887 1895 1903 1923 1924 1928 1950 1970 1976 1985 1989 1990 1993 1994 1996 1999 2003 2004 2007 2009 2012 2023 2028
BEST 150: 0 1 32 33 74 82 85 88 138 143 144 151 156 159 165 177 193 195 208 220 262 280 350 351 462 465 487 505 531 540 544 545 555 575 583 602 658 660 681 694 717 727 754 764 769 785 882 889 899 903 963 968 969 977 994 1013 1014 1023 1056 1080 1096 1112 1123 1131 1194 1203 1207 1209 1263 1264 1281 1292 1327 1332 1390 1391 1397 1402 1411 1430 1443 1448 1449 1451 1462 1470 1485 1492 1496 1501 1510 1528 1538 1550 1553 1565 1568 1583 1584 1593 1620 1623 1645 1657 1666 1668 1672 1675 1681 1686 1687 1690 1700 1712 1737 1741 1742 1751 1758 1759 1769 1779 1793 1800 1858 1867 1873 1877 1891 1903 1923 1924 1956 1976 1985 1986 1987 1989 1993 1994 1997 1998 1999 2000 2003 2008 2009 2010 2031 2034
BEST 148: 32 37 74 82 83 85 88 90 140 142 150 152 156 159 206 220 269 280 322 338 347 350 433 434 480 485 486 505 539 540 541 542 544 575 581 589 658 659 676 696 716 727 782 787 789 798 877 889 899 903 906 916 920 927 930 947 961 963 964 967 969 973 977 979 1006 1014 1017 1023 1027 1031 1096 1112 1185 1207 1264 1273 1281 1284 1296 1301 1332 1339 1377 1383 1388 1397 1420 1431 1449 1451 1462 1470 1485 1492 1511 1523 1550 1551 1553 1565 1568 1584 1602 1620 1645 1657 1665 1667 1668 1678 1681 1686 1690 1694 1706 1723 1737 1741 1751 1758 1763 1769 1779 1790 1793 1800 1827 1852 1858 1864 1868 1873 1903 1905 1922 1950 1970 1976 1984 1986 1992 1999 2003 2007 2009 2013 2028 2031
BEST 146: 0 1 23 27 33 34 74 82 85 88 140 142 151 152 156 157 208 220 269 280 301 314 327 338 347 351 433 434 492 505 531 541 544 555 602 606 672 676 717 727 742 764 769 787 789 798 804 810 853 863 870 877 920 927 971 975 979 983 994 1001 1006 1013 1014 1017 1065 1076 1096 1112 1185 1209 1264 1273 1281 1284 1301 1308 1321 1332 1383 1388 1391 1397 1411 1420 1448 1451 1460 1470 1473 1492 1496 1497 1501 1503 1506 1511 1553 1557 1564 1565 1568 1584 1614 1631 1641 1645 1653 1657 1665 1667 1670 1672 1678 1686 1690 1694 1706 1721 1742 1751 1763 1769 1779 1785 1793 1800 1858 1860 1867 1872 1891 1895 1922 1924 1934 1950 1984 1987 1988 1998 2003 2009 2027 2028 2031 2039
BEST 142: 5 27 32 41 132 140 142 143 144 148 151 152 157 159 262 280 327 338 347 350 519 531 541 542 577 581 591 606 613 637 658 660 676 681 694 698 716 717 769 787 804 810 882 892 899 916 920 927 961 964 969 971 973 975 977 982 994 1014 1063 1065 1076 1080 1123 1141 1185 1193 1194 1209 1263 1273 1301 1308 1321 1331 1368 1370 1391 1392 1411 1431 1443 1453 1460 1462 1497 1503 1506 1510 1511 1523 1551 1553 1560 1564 1568 1584 1614 1623 1645 1657 1668 1678 1687 1690 1700 1712 1721 1723 1737 1742 1751 1758 1763 1769 1779 1790 1793 1800 1858 1860 1868 1872 1879 1887 1922 1923 1934 1950 1956 1976 1984 1988 1989 1994 1997 1999 2001 2006 2009 2010 2028 2034
BEST 138: 0 5 21 27 74 82 83 85 138 143 144 145 156 159 277 280 347 351 492 500 583 589 591 602 617 637 672 696 716 717 754 764 782 787 793 798 804 819 848 853 877 892 898 899 903 916 920 923 961 977 979 982 1001 1023 1034 1046 1065 1072 1080 1083 1089 1091 1105 1112 1123 1131 1204 1209 1221 1245 1284 1301 1321 1327 1377 1383 1388 1392 1397 1402 1448 1449 1451 1453 1454 1470 1494 1496 1497 1501 1506 1509 1510 1523 1528 1529 1538 1551 1560 1565 1584 1593 1602 1615 1641 1657 1666 1667 1681 1686 1714 1721 1741 1757 1763 1769 1773 1779 1782 1790 1793 1806 1867 1868 1873 1878 1891 1905 1924 1934 1973 1976 1985 1989 1994 2000 2006 2010
BEST 136: 32 37 140 143 144 147 152 157 269 277 327 338 433 434 462 465 486 505 539 542 544 545 577 583 694 698 716 717 769 782 804 820 848 853 874 877 906 927 967 973 975 977 982 983 994 1009 1013 1023 1031 1046 1076 1080 1089 1091 1123 1141 1193 1209 1221 1245 1254 1273 1281 1284 1321 1331 1377 1383 1388 1402 1411 1431 1448 1451 1454 1455 1473 1487 1494 1497 1506 1509 1510 1516 1528 1529 1550 1560 1568 1583 1584 1593 1615 1620 1623 1624 1645 1653 1678 1694 1741 1742 1747 1751 1763 1769 1779 1782 1796 1797 1800 1813 1867 1868 1873 1878 1891 1895 1922 1950 1984 1985 1988 1993 1996 1997 2000 2001 2006 2008 2010 2011 2027 2028 2031 2039
BEST 134: 33 48 51 60 77 82 102 112 131 147 152 158 208 220 226 246 261 281 374 375 441 447 452 466 491 495 519 525 549 551 553 574 580 591 645 648 651 656 659 661 666 671 673 694 751 766 823 828 841 857 936 948 1003 1010 1011 1013 1035 1036 1045 1049 1091 1092 1095 1099 1100 1102 1103 1105 1107 1111 1115 1116 1120 1128 1133 1134 1196 1197 1210 1214 1228 1246 1253 1256 1280 1285 1286 1291 1301 1302 1321 1325 1352 1373 1422 1434 1445 1446 1457 1463 1504 1528 1537 1560 1569 1593 1614 1623 1664 1668 1669 1675 1677 1680 1685 1686 1711 1720 1724 1725 1731 1756 1765 1777 1805 1819 1842 1843 1891 1902 1934 1948 1990 2008
BEST 128: 15 30 65 73 117 127 141 152 161 162 169 173 174 190 195 206 252 254 267 270 288 294 301 317 341 348 387 411 578 583 588 606 611 631 643 659 667 671 697 703 706 734 737 738 739 740 742 744 748 752 755 767 881 883 898 905 912 925 935 938 943 949 970 991 1029 1049 1057 1058 1059 1060 1066 1067 1074 1076 1078 1083 1085 1086 1106 1107 1122 1133 1158 1159 1160 1163 1166 1170 1175 1183 1185 1205 1329 1333 1445 1456 1525 1534 1601 1614 1704 1706 1714 1718 1747 1755 1772 1782 1801 1821 1826 1832 1857 1882 1889 1890 1913 1914 1920 1942 1945 1948 1988 1997 2002 2009 2027 2037
BEST 126: 46 61 81 90 104 106 114 122 130 139 149 159 169 179 201 209 210 213 215 222 406 407 409 413 463 472 495 497 514 525 535 537 541 543 551 571 586 601 627 639 642 648 680 685 713 731 746 766 768 780 805 812 820 826 865 888 962 976 980 985 1032 1036 1037 1040 1051 1055 1105 1118 1163 1169 1171 1177 1216 1218 1223 1228 1269 1279 1291 1297 1304 1309 1381 1398 1400 1402 1408 1412 1415 1416 1423 1435 1456 1467 1552 1564 1671 1677 1681 1682 1691 1692 1731 1748 1752 1753 1756 1757 1763 1771 1777 1788 1808 1811 1828 1839 1944 1949 1961 1962 1969 1972 1994 2003 2009 2012
BEST 122: 1 7 27 30 50 61 81 88 104 106 128 130 149 159 169 177 193 196 201 215 218 220 246 249 386 398 406 409 413 414 433 436 450 456 463 465 466 474 507 510 515 520 521 533 537 543 551 571 586 601 642 665 680 700 707 713 718 726 768 769 780 795 812 814 869 875 962 976 979 980 1014 1017 1037 1054 1101 1118 1136 1146 1162 1172 1235 1242 1253 1267 1291 1297 1304 1309 1393 1396 1412 1415 1416 1436 1456 1467 1511 1534 1588 1594 1671 1682 1701 1726 1748 1753 1756 1757 1763 1771 1803 1806 1828 1848 1911 1919 1957 1967 1969 1972 2009 2012
PROGRESS 100 1.2135 3
BEST 120: 2 30 42 56 85 87 131 146 147 150 233 245 273 280 300 315 327 329 331 344 372 382 406 410 457 459 476 478 485 505 516 543 544 546 683 684 689 693 697 703 714 722 742 763 764 766 778 787 812 813 845 852 864 879 888 890 896 905 929 936 937 939 942 950 1058 1065 1072 1083 1090 1103 1108 1110 1125 1148 1159 1165 1194 1202 1204 1208 1210 1215 1267 1271 1283 1310 1329 1332 1362 1370 1508 1515 1516 1518 1520 1521 1555 1560 1573 1577 1640 1644 1669 1672 1686 1690 1696 1698 1825 1830 1834 1845 1867 1877 1896 1916 1922 1928 1985 2001
BEST 108: 67 71 97 104 117 121 164 167 196 207 232 248 249 250 279 283 365 369 380 382 411 415 483 484 498 508 617 623 652 653 674 701 770 786 879 881 928 933 935 939 943 945 946 949 950 951 970 991 993 1007 1072 1074 1080 1082 1084 1085 1101 1106 1124 1129 1136 1146 1167 1171 1225 1232 1267 1272 1385 1393 1421 1431 1442 1445 1486 1497 1506 1507 1510 1513 1514 1515 1517 1522 1524 1525 1526 1528 1531 1532 1582 1592 1665 1671 1696 1702 1794 1810 1860 1861 1890 1909 1913 1916 2028 2043 2045 2047
PROGRESS 200 2.49723 2
BEST 106: 87 93 179 182 224 248 388 391 394 397 400 401 417 419 424 433 438 444 550 551 666 671 738 751 755 758 807 815 822 829 833 839 840 852 854 856 859 863 877 890 944 950 1029 1044 1064 1077 1106 1116 1138 1147 1153 1161 1217 1227 1232 1237 1266 1276 1282 1294 1344 1345 1347 1352 1357 1375 1408 1418 1458 1459 1506 1514 1539 1540 1542 1548 1555 1556 1558 1564 1582 1597 1607 1609 1616 1618 1624 1630 1691 1693 1770 1775 1813 1814 1841 1846 1863 1870 1940 1945 1954 1958 1962 1967 2029 2033
PROGRESS 300 3.87353 2
PROGRESS 400 5.41246 2
PROGRESS 500 6.54874 2
PROGRESS 600 7.81027 2
BEST 100: 40 55 70 76 77 78 84 86 91 93 132 145 265 275 289 305 359 365 430 434 435 437 469 473 532 539 657 660 681 682 685 698 811 812 827 829 855 858 864 873 930 946 995 996 997 1003 1004 1007 1008 1014 1017 1021 1094 1097 1123 1143 1152 1178 1216 1227 1232 1240 1264 1278 1284 1288 1393 1397 1413 1416 1444 1460 1477 1479 1482 1495 1619 1621 1623 1628 1641 1649 1650 1661 1664 1665 1697 1699 1707 1711 1739 1753 1810 1818 1952 1982 1984 1990 2000 2001
BEST 98: 45 46 208 210 215 223 259 287 332 342 393 405 426 433 436 447 460 479 489 493 499 503 516 518 535 540 611 628 634 635 803 807 816 819 838 839 852 861 884 895 944 958 972 974 998 1022 1054 1055 1089 1094 1295 1299 1364 1369 1380 1381 1412 1415 1423 1434 1450 1461 1603 1608 1610 1622 1627 1630 1698 1724 1735 1743 1766 1778 1783 1788 1801 1804 1816 1819 1828 1838 1842 1853 1892 1902 1926 1928 1930 1949 1962 1978 1984 2005 2018 2027 2028 2030
PROGRESS 700 9.09682 2
PROGRESS 800 10.4284 2
PROGRESS 900 12.3283 2
PROGRESS 1000 14.2228 2
PROGRESS 1100 16.1055 2
PROGRESS 1200 19.4763 2
PROGRESS 1300 21.3217 2
PROGRESS 1400 22.8866 2
PROGRESS 1500 24.8557 2
PROGRESS 1600 26.5315 2
PROGRESS 1700 28.2403 2
PROGRESS 1800 29.8361 2
PROGRESS 1900 31.537 2
PROGRESS 2000 33.3264 2
PROGRESS 2100 34.9474 2
PROGRESS 2200 37.9172 2
PROGRESS 2300 39.9546 2
PROGRESS 2400 42.3078 2
PROGRESS 2500 47.7512 2
PROGRESS 2600 55.3276 2
PROGRESS 2700 62.5694 2
PROGRESS 2800 69.0802 2
PROGRESS 2900 74.4059 2
PROGRESS 3000 77.0663 2
PROGRESS 3100 79.68 2
PROGRESS 3200 81.8763 2
PROGRESS 3300 83.7621 2
PROGRESS 3400 85.5067 2
PROGRESS 3500 87.2003 2
PROGRESS 3600 89.4426 2
PROGRESS 3700 91.2405 2
PROGRESS 3800 95.109 2
PROGRESS 3900 97.1579 2
PROGRESS 4000 98.9914 2
PROGRESS 4100 100.545 2
PROGRESS 4200 102.559 2
PROGRESS 4300 104.518 2
PROGRESS 4400 106.714 2
PROGRESS 4500 108.979 2
PROGRESS 4600 111.234 2
PROGRESS 4700 113.199 2
PROGRESS 4800 115.255 2
PROGRESS 4900 117.534 2
PROGRESS 5000 119.704 2
PROGRESS 5100 121.359 2
PROGRESS 5200 123.185 2
PROGRESS 5300 124.756 2
PROGRESS 5400 126.405 2
PROGRESS 5500 128.6 2
PROGRESS 5600 130.304 2
PROGRESS 5700 132.086 2
PROGRESS 5800 133.938 2
PROGRESS 5900 135.754 2
PROGRESS 6000 137.375 2
PROGRESS 6100 139.11 2
PROGRESS 6200 140.653 2
PROGRESS 6300 142.498 2
PROGRESS 6400 144.269 2
PROGRESS 6500 145.889 2
PROGRESS 6600 147.554 2
PROGRESS 6700 149.914 2
PROGRESS 6800 151.523 2
PROGRESS 6900 153.173 2
PROGRESS 7000 155.025 0
PROGRESS 7100 156.755 0
PROGRESS 7200 158.523 0
PROGRESS 7300 160.038 0
PROGRESS 7400 161.534 0
PROGRESS 7500 163.092 0
PROGRESS 7600 164.77 0
PROGRESS 7700 166.301 0
PROGRESS 7800 168.025 0
PROGRESS 7900 169.669 0
PROGRESS 8000 171.321 0
PROGRESS 8100 173.108 0
PROGRESS 8200 174.704 0
PROGRESS 8300 176.403 0
PROGRESS 8400 178.35 0
PROGRESS 8500 180.401 0
PROGRESS 8600 182.369 0
PROGRESS 8700 184.229 0
PROGRESS 8800 186.116 0
PROGRESS 8900 187.811 0
PROGRESS 9000 189.601 2
PROGRESS 9100 191.98 2
PROGRESS 9200 193.657 2
PROGRESS 9300 195.486 0
PROGRESS 9400 197.281 0
PROGRESS 9500 198.988 2
PROGRESS 9600 200.772 0
PROGRESS 9700 202.937 2
PROGRESS 9800 205.074 2
PROGRESS 9900 206.727 0
PROGRESS 10000 208.258 0
PROGRESS 10100 210.295 2
PROGRESS 10200 212.29 2
PROGRESS 10300 213.898 2
PROGRESS 10400 215.712 2
PROGRESS 10500 217.142 0
PROGRESS 10600 218.524 2
PROGRESS 10700 219.909 2
PROGRESS 10800 222.141 0
PROGRESS 10900 224.266 2
PROGRESS 11000 226.685 2
PROGRESS 11100 229.146 2
PROGRESS 11200 231.016 2
PROGRESS 11300 232.918 2
PROGRESS 11400 235.21 2
PROGRESS 11500 237.102 2
PROGRESS 11600 238.535 2
PROGRESS 11700 240.805 2
PROGRESS 11800 242.452 2
PROGRESS 11900 243.912 2
PROGRESS 12000 246.585 2
PROGRESS 12100 249.651 2
PROGRESS 12200 252.61 2
PROGRESS 12300 254.056 2
PROGRESS 12400 255.52 2
PROGRESS 12500 256.939 0
PROGRESS 12600 258.712 2
PROGRESS 12700 260.809 2
PROGRESS 12800 262.629 2
PROGRESS 12900 264.741 2
PROGRESS 13000 267.535 0
PROGRESS 13100 269.713 2
PROGRESS 13200 271.591 2
PROGRESS 13300 273.667 2
PROGRESS 13400 275.74 2
PROGRESS 13500 277.426 2
PROGRESS 13600 279.893 2
PROGRESS 13700 281.335 2
PROGRESS 13800 283.609 2
PROGRESS 13900 285.359 0
PROGRESS 14000 287.509 2
PROGRESS 14100 289.221 0
PROGRESS 14200 290.762 0
PROGRESS 14300 292.091 0
PROGRESS 14400 293.488 2
PROGRESS 14500 294.897 2
PROGRESS 14600 296.208 2
PROGRESS 14700 297.688 0
PROGRESS 14800 299.233 2
PROGRESS 14900 300.61 2
PROGRESS 15000 302.042 2
PROGRESS 15100 303.422 2
PROGRESS 15200 304.694 2
PROGRESS 15300 306.158 2
PROGRESS 15400 307.564 2
PROGRESS 15500 308.885 2
PROGRESS 15600 310.192 2
PROGRESS 15700 311.434 0
PROGRESS 15800 312.781 2
PROGRESS 15900 314.108 2
PROGRESS 16000 315.506 2
PROGRESS 16100 316.699 2
PROGRESS 16200 318.032 0
PROGRESS 16300 319.467 2
PROGRESS 16400 320.927 2
PROGRESS 16500 322.241 2
PROGRESS 16600 323.524 0
PROGRESS 16700 324.765 2
PROGRESS 16800 326.116 2
PROGRESS 16900 327.448 2
PROGRESS 17000 328.878 0
PROGRESS 17100 330.235 0
PROGRESS 17200 331.5 2
PROGRESS 17300 332.892 0
PROGRESS 17400 334.384 0
PROGRESS 17500 335.815 0
PROGRESS 17600 337.242 0
PROGRESS 17700 338.656 2
PROGRESS 17800 340.044 0
PROGRESS 17900 341.416 2
PROGRESS 18000 342.984 0
PROGRESS 18100 344.369 0
PROGRESS 18200 345.949 0
PROGRESS 18300 347.448 2
PROGRESS 18400 348.883 2
PROGRESS 18500 350.489 2
PROGRESS 18600 352.132 2
PROGRESS 18700 353.631 2
PROGRESS 18800 355.132 2
PROGRESS 18900 356.82 2
PROGRESS 19000 358.381 2
PROGRESS 19100 359.981 2
PROGRESS 19200 361.523 2
PROGRESS 19300 363.087 2
PROGRESS 19400 364.598 2
PROGRESS 19500 366.285 0
PROGRESS 19600 367.668 2
PROGRESS 19700 369.08 2
PROGRESS 19800 370.696 2
PROGRESS 19900 372.308 0
PROGRESS 20000 374.186 2
PROGRESS 20100 375.861 2
PROGRESS 20200 377.64 2
PROGRESS 20300 380.476 2
PROGRESS 20400 382.626 0
PROGRESS 20500 384.421 2
PROGRESS 20600 386.026 2
PROGRESS 20700 387.598 2
PROGRESS 20800 389.109 2
PROGRESS 20900 391.133 2
PROGRESS 21000 393.001 0
BEST 14: 130 150 208 209 541 542 610 617 844 861 1419 1431 1478 1502
