seed crowded_singlets_7915006 1e-07 [(0, 0.5651861), (1, 0.5516104), (4, 0.4780571), (27, 0.2859198), (5, 0.2567555), (29, 0.229378), (26, 0.2086544), (78, 0.1957527), (8, 0.189356), (31, 0.1747746), (13, 0.1557365), (32, 0.1429536), (72, 0.1338374), (7, 0.1278913), (30, 0.1196015)]
crowded_singlets_7915006 best 0.000713211722047191 trace 5.479815677374645 support [0, 1, 4, 5, 8, 26, 27, 29, 31, 78]
seed crowded_singlets_7915006 1e-09 [(0, 0.5651862), (1, 0.529478), (3, 0.3460651), (49, 0.3209262), (30, 0.2789944), (6, 0.2620617), (78, 0.2244427), (31, 0.2089532), (9, 0.1974144), (28, 0.1951667), (5, 0.186452), (90, 0.1463135), (16, 0.1393811), (35, 0.1292494), (72, 0.1234492)]
crowded_singlets_7915006 best 0.00042862034598631593 trace 5.479870601065293 support [0, 1, 3, 6, 9, 28, 30, 31, 49, 78]
seed crowded_singlets_7915006 1e-05 [(0, 0.5651865), (1, 0.3882852), (3, 0.3359766), (2, 0.3270026), (25, 0.2602792), (8, 0.2045524), (49, 0.1816827), (32, 0.1809467), (31, 0.1731454), (35, 0.1669435), (11, 0.1627227), (30, 0.1612327), (5, 0.1454397), (7, 0.1453756), (29, 0.144548)]
seed crowded_singlets_7915006 1e-11 [(0, 0.5651862), (1, 0.5631412), (4, 0.4308036), (28, 0.4117148), (6, 0.2481077), (27, 0.2220767), (34, 0.2088692), (3, 0.1989558), (85, 0.1985913), (78, 0.1882687), (30, 0.1791623), (16, 0.1538329), (26, 0.1446375), (31, 0.1401001), (33, 0.1355599)]
crowded_singlets_7915006 best 0.00032010566349854885 trace 5.479938783568719 support [0, 1, 3, 4, 6, 27, 28, 34, 78, 85]
seed crowded_singlets_7915006 0.001 [(0, 0.565186), (3, 0.4877828), (1, 0.4627541), (34, 0.2329807), (31, 0.1763878), (30, 0.1745304), (29, 0.1641117), (49, 0.1592919), (32, 0.1577081), (5, 0.1552944), (78, 0.1461308), (28, 0.1329514), (10, 0.1306072), (8, 0.1269571), (72, 0.1266999)]
seed crowded_singlets_7915006 1e-13 [(0, 0.5651862), (1, 0.5631412), (4, 0.4308036), (28, 0.4117148), (6, 0.2481077), (27, 0.2220767), (34, 0.2088692), (3, 0.1989558), (85, 0.1985913), (78, 0.1882687), (30, 0.1791623), (16, 0.1538329), (26, 0.1446375), (31, 0.1401001), (33, 0.1355599)]
seed crowded_singlets_7915006 1.0 [(0, 0.5652158), (1, 0.3861969), (78, 0.3546314), (2, 0.3035696), (8, 0.2469491), (6, 0.2276256), (3, 0.2144232), (28, 0.203377), (49, 0.1982272), (5, 0.1654864), (4, 0.1583621), (30, 0.1524541), (32, 0.1509177), (31, 0.1477504), (26, 0.1183687)]
crowded_singlets_7915006 best 0.00032010566349854885 trace 5.479938783568719 support [0, 1, 3, 4, 6, 27, 28, 34, 78, 85]
crowded_singlets_7915006 best 0.00032010566349854885 trace 5.479938783568719 support [0, 1, 3, 4, 6, 27, 28, 34, 78, 85]
SWEEP crowded_singlets_7915006 0 0.00032010566349854885
crowded_singlets_7915006 best 0.00013034894702043665 trace 5.479972954145342 support [0, 1, 2, 4, 6, 27, 28, 34, 78, 85]
crowded_singlets_7915006 best 0.000126366157677064 trace 5.479973806015073 support [0, 1, 4, 5, 6, 27, 28, 34, 78, 85]
crowded_singlets_7915006 best 0.00012340854728593031 trace 5.479971427553905 support [0, 1, 4, 6, 7, 27, 28, 34, 78, 85]
crowded_singlets_7915006 best 8.285278075429818e-05 trace 5.47998986596869 support [0, 1, 4, 6, 7, 27, 28, 34, 78, 85]
crowded_singlets_7915006 best 2.7730239247255227e-05 trace 5.479991982654925 support [0, 1, 4, 6, 9, 27, 28, 34, 78, 85]
crowded_singlets_7915006 best 3.460094461134785e-06 trace 5.479995092695015 support [0, 1, 4, 6, 10, 27, 28, 34, 78, 85]
crowded_singlets_7915006 best 3.2526281898079268e-06 trace 5.4799944439182156 support [0, 1, 4, 6, 11, 27, 28, 34, 78, 85]
crowded_singlets_7915006 best 1.5171276712688808e-06 trace 5.479995070325645 support [0, 1, 4, 6, 27, 28, 34, 78, 85, 90]
crowded_singlets_7915006 best 1.3348918090080379e-06 trace 5.4799950801733965 support [0, 1, 4, 6, 13, 27, 28, 34, 78, 85]
TimeoutError stage allowance exhausted
crowded_singlets_7915006 best 1.3348918090080379e-06 trace 5.4799950801733965 support [0, 1, 4, 6, 13, 27, 28, 34, 78, 85]
crowded_singlets_7915006 best 1.3348918090080379e-06 trace 5.4799950801733965 support [0, 1, 4, 6, 13, 27, 28, 34, 78, 85]
REFINE crowded_singlets_7915006 0.001 247 5.474455576053474e-05
REFINE crowded_singlets_7915006 0.0001 52 0.00035217919753075335
REFINE crowded_singlets_7915006 1e-05 51 0.025028675775354867
crowded_singlets_7915006 best 1.2617348025360454e-06 trace 5.4799950660007015 support [0, 1, 4, 6, 13, 27, 28, 34, 78, 85]
REFINE crowded_singlets_7915006 1e-06 86 0.4789850912673326
REFINE crowded_singlets_7915006 1e-07 36 1.5694558061569763
REFINE crowded_singlets_7915006 1e-08 115 2.769636532781628
crowded_singlets_7915006 best 1.2617348025360454e-06 trace 5.4799950660007015 support [0, 1, 4, 6, 13, 27, 28, 34, 78, 85]
crowded_singlets_7915006 best 1.2617348025360454e-06 trace 5.4799950660007015 support [0, 1, 4, 6, 13, 27, 28, 34, 78, 85]
ENUMERATED 10240 loss 69611865.46529779 (0, 1, 2, 3, 4, 9, 19, 21, 22, 23)
ENUMERATED 20480 loss 14204100.646470238 (0, 1, 2, 3, 5, 14, 17, 20, 22, 23)
ENUMERATED 30720 loss 9085047.018429 (0, 1, 2, 3, 7, 12, 16, 20, 22, 23)
ENUMERATED 40960 loss 8128237.87009654 (0, 1, 2, 3, 9, 12, 16, 20, 22, 23)
ENUMERATED 51200 loss 8128237.87009654 (0, 1, 2, 3, 9, 12, 16, 20, 22, 23)
ENUMERATED 61440 loss 6737281.259061147 (0, 1, 2, 4, 7, 12, 16, 20, 22, 23)
ENUMERATED 71680 loss 6737281.259061147 (0, 1, 2, 4, 7, 12, 16, 20, 22, 23)
ENUMERATED 81920 loss 6737281.259061147 (0, 1, 2, 4, 7, 12, 16, 20, 22, 23)
ENUMERATED 92160 loss 6737281.259061147 (0, 1, 2, 4, 7, 12, 16, 20, 22, 23)
ENUMERATED 102400 loss 6737281.259061147 (0, 1, 2, 4, 7, 12, 16, 20, 22, 23)
ENUMERATED 112640 loss 6737281.259061147 (0, 1, 2, 4, 7, 12, 16, 20, 22, 23)
ENUMERATED 122880 loss 6737281.259061147 (0, 1, 2, 4, 7, 12, 16, 20, 22, 23)
ENUMERATED 133120 loss 6737281.259061147 (0, 1, 2, 4, 7, 12, 16, 20, 22, 23)
ENUMERATED 143360 loss 6737281.259061147 (0, 1, 2, 4, 7, 12, 16, 20, 22, 23)
ENUMERATED 153600 loss 6737281.259061147 (0, 1, 2, 4, 7, 12, 16, 20, 22, 23)
ENUMERATED 163840 loss 6737281.259061147 (0, 1, 2, 4, 7, 12, 16, 20, 22, 23)
ENUMERATED 174080 loss 6737281.259061147 (0, 1, 2, 4, 7, 12, 16, 20, 22, 23)
ENUMERATED 184320 loss 6737281.259061147 (0, 1, 2, 4, 7, 12, 16, 20, 22, 23)
ENUMERATED 194560 loss 6737281.259061147 (0, 1, 2, 4, 7, 12, 16, 20, 22, 23)
ENUMERATED 204800 loss 6737281.259061147 (0, 1, 2, 4, 7, 12, 16, 20, 22, 23)
ENUMERATED 215040 loss 6737281.259061147 (0, 1, 2, 4, 7, 12, 16, 20, 22, 23)
ENUMERATED 225280 loss 6737281.259061147 (0, 1, 2, 4, 7, 12, 16, 20, 22, 23)
ENUMERATED 235520 loss 6737281.259061147 (0, 1, 2, 4, 7, 12, 16, 20, 22, 23)
ENUMERATED 245760 loss 6737281.259061147 (0, 1, 2, 4, 7, 12, 16, 20, 22, 23)
ENUMERATED 256000 loss 6737281.259061147 (0, 1, 2, 4, 7, 12, 16, 20, 22, 23)
ENUMERATED 266240 loss 6737281.259061147 (0, 1, 2, 4, 7, 12, 16, 20, 22, 23)
ENUMERATED 276480 loss 6737281.259061147 (0, 1, 2, 4, 7, 12, 16, 20, 22, 23)
ENUMERATED 286720 loss 6737281.259061147 (0, 1, 2, 4, 7, 12, 16, 20, 22, 23)
ENUMERATED 296960 loss 6737281.259061147 (0, 1, 2, 4, 7, 12, 16, 20, 22, 23)
ENUMERATED 307200 loss 6737281.259061147 (0, 1, 2, 4, 7, 12, 16, 20, 22, 23)
ENUMERATED 317440 loss 6737281.259061147 (0, 1, 2, 4, 7, 12, 16, 20, 22, 23)
ENUMERATED 327680 loss 6737281.259061147 (0, 1, 2, 4, 7, 12, 16, 20, 22, 23)
ENUMERATED 337920 loss 6737281.259061147 (0, 1, 2, 4, 7, 12, 16, 20, 22, 23)
ENUMERATED 348160 loss 6737281.259061147 (0, 1, 2, 4, 7, 12, 16, 20, 22, 23)
ENUMERATED 358400 loss 6737281.259061147 (0, 1, 2, 4, 7, 12, 16, 20, 22, 23)
ENUMERATED 368640 loss 6737281.259061147 (0, 1, 2, 4, 7, 12, 16, 20, 22, 23)
ENUMERATED 378880 loss 6737281.259061147 (0, 1, 2, 4, 7, 12, 16, 20, 22, 23)
ENUMERATED 389120 loss 6737281.259061147 (0, 1, 2, 4, 7, 12, 16, 20, 22, 23)
ENUMERATED 399360 loss 6737281.259061147 (0, 1, 2, 4, 7, 12, 16, 20, 22, 23)
ENUMERATED 409600 loss 6737281.259061147 (0, 1, 2, 4, 7, 12, 16, 20, 22, 23)
ENUMERATED 419840 loss 6737281.259061147 (0, 1, 2, 4, 7, 12, 16, 20, 22, 23)
ENUMERATED 430080 loss 6737281.259061147 (0, 1, 2, 4, 7, 12, 16, 20, 22, 23)
ENUMERATED 440320 loss 6737281.259061147 (0, 1, 2, 4, 7, 12, 16, 20, 22, 23)
ENUMERATED 450560 loss 6737281.259061147 (0, 1, 2, 4, 7, 12, 16, 20, 22, 23)
ENUMERATED 460800 loss 6737281.259061147 (0, 1, 2, 4, 7, 12, 16, 20, 22, 23)
ENUMERATED 471040 loss 6737281.259061147 (0, 1, 2, 4, 7, 12, 16, 20, 22, 23)
ENUMERATED 481280 loss 6737281.259061147 (0, 1, 2, 4, 7, 12, 16, 20, 22, 23)
ENUMERATED 491520 loss 6737281.259061147 (0, 1, 2, 4, 7, 12, 16, 20, 22, 23)
ENUMERATED 501760 loss 6737281.259061147 (0, 1, 2, 4, 7, 12, 16, 20, 22, 23)
ENUMERATED 512000 loss 6737281.259061147 (0, 1, 2, 4, 7, 12, 16, 20, 22, 23)
TimeoutError stage allowance exhausted
