ITER 0 50 5.57 0.007876210010045235 eq 9.39010799038943e-05 ineq -0.00023245049670024553
ITER 0 100 7.58 0.007898668140679016 eq 1.1042841989959191e-06 ineq -2.899186394962616e-06
ITER 0 150 9.46 0.007902752195046674 eq 4.2871623953968505e-06 ineq -1.136117651080737e-05
ITER 0 200 11.64 0.007904076016741519 eq 9.263201180384869e-06 ineq -3.781655653237875e-05
ITER 0 250 14.32 0.007904415744550376 eq 5.218080648792731e-06 ineq -2.147267843129186e-05
ITER 0 300 16.67 0.007904682289626224 eq 2.560240902990661e-06 ineq -5.861988733674162e-06
ITER 0 350 19.28 0.007904753667294304 eq 3.066355407135728e-06 ineq -6.357977062984577e-06
ITER 0 400 22.84 0.007904792319168888 eq 6.686038026462582e-06 ineq -6.475531670710466e-05
ITER 0 450 25.62 0.007904790321494203 eq 1.4063043437390382e-07 ineq -3.019404961335237e-07
ITER 0 500 28.98 0.007904798120976757 eq 2.7403742069639104e-07 ineq -2.459594376433283e-06
ITER 0 550 32.49 0.00790480400402822 eq 1.0102554029293935e-09 ineq -5.485321152853828e-08
ITER 0 600 35.62 0.00790481274459891 eq 1.6559729214709376e-08 ineq -2.6174350173380212e-08
ITER 0 650 39.14 0.007904815603586956 eq 8.929526770516898e-09 ineq -1.2183509701113593e-08
ITER 0 700 41.88 0.007904819661736747 eq 2.639351701297505e-07 ineq -2.3156023393200442e-07
ITER 0 750 45.05 0.00790482005250616 eq 2.1780908466765208e-09 ineq -2.8430499621201477e-09
ITER 0 800 48.16 0.007904822205634536 eq 3.6395176689471425e-08 ineq -8.296022792342317e-08
ITER 0 850 50.9 0.007904824318895326 eq 1.1609192773030792e-08 ineq -1.4904249459601893e-08
ITER 0 900 53.33 0.007904825290350671 eq 5.71834196354576e-09 ineq -8.088810633799515e-08
ITER 0 950 55.88 0.007904826122712389 eq 1.863586194361294e-09 ineq -1.4589816479948503e-08
ITER 0 1000 59.15 0.007904827512909414 eq 2.4452179243361063e-08 ineq -2.1053250477687246e-07
ITER 0 1050 61.46 0.007904827603540191 eq 2.7571580330355284e-09 ineq -1.0113223508634306e-08
ITER 0 1100 64.26 0.007904827887812124 eq 1.7786176289214253e-08 ineq -4.2914223605250434e-08
ITER 0 1150 66.87 0.007904827876866161 eq 3.71667204705201e-09 ineq -8.820670131803876e-09
ITER 0 1200 69.59 0.007904828042662796 eq 1.681954481077073e-09 ineq -5.9726268861193255e-09
ITER 0 1250 72.28 0.007904828267668125 eq 1.5374302907001728e-08 ineq -8.663269947251084e-08
ITER 0 1300 75.07 0.007904828391819385 eq 1.1653421248925376e-08 ineq -7.048355341043866e-08
ITER 0 1350 78.25 0.00790482861889277 eq 2.7533649394705757e-08 ineq -7.458951122030211e-08
ITER 0 1400 80.94 0.007904830178127717 eq 1.7377658328057784e-07 ineq -1.496026185682231e-06
ITER 0 1450 84.15 0.007904829780695668 eq 7.107526222924046e-08 ineq -3.2933173020610607e-07
ITER 0 1500 86.87 0.007904829972474346 eq 1.3630821029899802e-09 ineq -7.999187312535128e-09
RESULT 0 Iteration limit reached [0.00790483009997545, 0.007904830099975113, -2.2801316390541615e-11, 0.09800000260267709, 1.0000000000000004, 0.45400000000586516, 0.10999999223121826, 0.0579999935164219, 0.7952446908706141, 0.06678163853280765, 91.77129416280022, 0.9888843273830636, 0.6902828802394505, 5.068319431609321e-19, 5.183866110849185] ineq -7.999187312535128e-09
ITER 1 50 1.85 0.008019696926331591 eq 0.00021784515980621078 ineq -0.0003891385841893816
ITER 1 100 4.28 0.008029161824193233 eq 3.55034630282677e-05 ineq -0.000134431703359722
ITER 1 150 6.29 0.008032979353801154 eq 5.3629935714692406e-05 ineq -9.828060911160758e-05
ITER 1 200 8.77 0.008035446116046646 eq 5.845311845077402e-05 ineq -4.991316147562319e-05
ITER 1 250 11.17 0.008036196892240376 eq 1.7088609722253005e-06 ineq -3.89266563152052e-06
ITER 1 300 13.59 0.00803692038763284 eq 2.3667272960340267e-07 ineq -1.2056793621401107e-06
ITER 1 350 16.0 0.008037223146940492 eq 3.1915515250869834e-07 ineq -8.527875698105536e-07
ITER 1 400 18.37 0.008037457508618744 eq 3.4303148349977297e-06 ineq -0.0027781232246735094
ITER 1 450 21.99 0.008037517830527184 eq 1.416481569492409e-06 ineq -2.78894812937025e-06
ITER 1 500 24.85 0.008037580641865287 eq 2.056686235865806e-06 ineq -4.195681443629196e-06
ITER 1 550 27.39 0.00803763851324228 eq 7.05387363847401e-08 ineq -5.649301825227937e-07
/usr/lib/python3/dist-packages/scipy/optimize/_optimize.py:284: RuntimeWarning: Values in x were outside bounds during a minimize step, clipping to bounds
  warnings.warn("Values in x were outside bounds during a "
ITER 1 600 30.19 0.00803769226607078 eq 1.7627756208327748e-06 ineq -4.273502754746639e-06
ITER 1 650 32.79 0.008037720410992783 eq 3.859757187181644e-07 ineq -2.5299572416273564e-06
ITER 1 700 35.32 0.008037751914601772 eq 1.2478878431735092e-06 ineq -1.2293298224247406e-06
ITER 1 750 37.89 0.008037779670717471 eq 1.6351977918706245e-07 ineq -7.217311845525431e-07
ITER 1 800 41.12 0.008037788060238535 eq 2.3069227658464656e-05 ineq -4.07593082029159e-05
ITER 1 850 44.49 0.008037813020956115 eq 7.134191744329496e-06 ineq -6.650379960997099e-06
ITER 1 900 47.37 0.008037829372792899 eq 2.0190031576865363e-06 ineq -3.01740508498044e-06
ITER 1 950 50.28 0.008037858443087501 eq 7.780949601925138e-08 ineq -1.219495009974203e-07
ITER 1 1000 52.85 0.008037879952920947 eq 3.131845213017876e-06 ineq -6.6475609260263635e-06
ITER 1 1050 55.51 0.008037893425552198 eq 2.139104163492604e-07 ineq -3.032572183994664e-07
ITER 1 1100 57.87 0.00803790891855413 eq 8.784182059714512e-07 ineq -2.8957045657279634e-06
ITER 1 1150 60.68 0.00803792188779981 eq 1.2188274029343817e-06 ineq -2.369917077200967e-06
ITER 1 1200 63.65 0.008037922222107922 eq 1.272490203695349e-06 ineq -3.749232966185345e-06
ITER 1 1250 66.86 0.008037924666263595 eq 8.920289860283322e-07 ineq -1.6508447564997364e-06
ITER 1 1300 69.92 0.008037928987857866 eq 2.0089745006191713e-08 ineq -1.581041806156258e-07
