CONFIG n 8192 checks 384 rank 379 impulses 124659
BEST 148: 18 44 75 80 119 126 158 202 235 244 287 297 553 585 648 672 719 739 782 785 819 871 872 895 912 959 1174 1179 1194 1216 1324 1344 1404 1406 1724 1779 1846 1869 1927 1931 1939 1959 1972 1981 2127 2143 2203 2222 2224 2241 2254 2266 2284 2300 2597 2619 2712 2731 2819 2851 3123 3135 3139 3194 3220 3282 3364 3393 3480 3545 3615 3634 3749 3780 3855 3903 3934 3938 3990 4031 4124 4219 4227 4250 4363 4387 4395 4461 4566 4588 4815 4839 4897 4905 5027 5080 5165 5217 5305 5332 5392 5426 5521 5537 5574 5594 5793 5794 5857 5877 5905 5950 5955 5972 6024 6032 6040 6092 6104 6123 6204 6208 6347 6362 6421 6436 6514 6519 6578 6642 7092 7144 7170 7286 7328 7381 7425 7435 7722 7726 7732 7783 7859 7910 7938 7955 7996 8014
BEST 142: 7 14 20 25 44 60 96 126 158 202 214 222 235 244 287 297 402 502 622 632 648 672 719 739 818 819 871 872 1042 1122 1194 1232 1324 1328 1425 1518 1771 1779 1846 1869 1927 1931 1938 1939 2013 2030 2130 2152 2186 2236 2241 2266 2288 2300 2565 2619 2688 2712 2731 2752 2819 2851 3048 3063 3114 3123 3139 3183 3521 3535 3545 3551 3731 3749 3780 3822 3903 3964 3990 3992 4108 4219 4227 4240 4250 4310 4395 4407 4496 4533 4583 4592 4802 4863 4867 4905 5305 5353 5387 5453 5521 5574 5594 5630 5793 5794 5807 5877 5905 5987 6024 6040 6186 6204 6347 6353 6421 6519 6548 6578 6629 6642 6708 6730 7051 7086 7092 7144 7170 7203 7320 7410 7435 7458 7830 7859 7910 7922 7955 7963 7996 8063
BEST 138: 14 15 18 60 80 126 170 184 206 213 235 251 285 331 545 558 585 622 672 719 782 818 819 871 912 959 970 1022 1042 1122 1179 1216 1344 1404 1425 1518 1724 1771 1931 1939 1955 1959 2030 2042 2062 2127 2130 2152 2186 2201 2203 2222 2224 2236 2254 2288 2731 2756 3114 3135 3139 3194 3528 3535 3551 3554 3731 3749 3818 3822 3855 3903 3938 3964 4031 4048 4124 4219 4227 4240 4437 4452 4496 4533 4583 4585 4588 4592 4779 4839 4867 4897 4905 4928 4938 4961 5027 5080 5165 5217 5305 5337 5424 5453 5521 5537 5793 5794 5807 5877 5950 5955 5972 6011 6024 6123 6186 6204 6458 6463 6514 6519 6548 6642 7092 7129 7203 7263 7358 7410 7435 7505 7699 7748 7773 7783 7859 7922
BEST 126: 1 75 119 126 158 202 206 213 235 251 287 297 558 599 720 739 785 818 819 871 872 895 916 970 1174 1194 1312 1328 1344 1404 1425 1518 1724 1779 1839 1869 1927 1939 1979 2030 2062 2095 2186 2224 2712 2731 2789 2796 3083 3135 3183 3194 3220 3282 3364 3393 3545 3551 3731 3780 3855 3903 3938 3964 4108 4124 4227 4250 4363 4407 4524 4583 4585 4588 4776 4779 4815 4863 4897 4905 4938 4961 5594 5630 5793 5794 5857 5877 5905 5955 6024 6032 6040 6093 6104 6137 6436 6514 6548 6578 6586 6642 6708 6779 7051 7070 7086 7129 7170 7263 7358 7413 7435 7469 7681 7699 7722 7732 7830 7859 7910 7922 7938 7955 7991 8014
BEST 118: 7 14 20 25 44 60 75 119 214 244 297 331 545 553 599 622 648 672 719 739 785 818 861 872 916 1022 1216 1277 1312 1328 1518 1519 1846 1869 1972 1981 2062 2127 2130 2143 2186 2203 2224 2236 2251 2288 2583 2597 2688 2731 2752 2789 3123 3135 3364 3393 3535 3551 3758 3780 4124 4219 4361 4363 4387 4437 4509 4588 4776 4779 4802 4815 4839 4863 5305 5353 5387 5426 5521 5594 5794 5807 5857 5877 6032 6040 6147 6204 6347 6362 6421 6463 6578 6586 6708 6779 7051 7070 7129 7157 7170 7203 7263 7286 7320 7328 7358 7413 7425 7469 7681 7726 7773 7783 7859 7910 7955 7991
BEST 114: 14 18 25 44 96 126 170 202 213 235 285 287 553 558 648 672 819 872 1174 1232 1312 1324 1425 1518 1724 1771 1846 1869 1955 1972 2201 2236 2254 2266 2288 2300 2565 2597 3123 3139 3535 3554 3615 3634 3880 3903 3990 4048 4124 4219 4227 4250 4395 4437 4583 4585 4588 4592 4766 4776 4802 4863 4905 4928 4938 4961 5217 5234 5305 5337 5376 5387 5426 5453 5521 5594 5794 5807 5857 5877 5905 5972 6040 6092 6204 6208 6347 6362 6421 6463 6548 6642 6730 6779 7070 7086 7092 7157 7263 7286 7328 7410 7425 7435 7458 7469 7681 7699 7859 7910 7967 7991 7996 8063
BEST 112: 14 24 134 137 140 147 213 214 222 251 276 285 287 297 553 558 771 819 847 872 959 1017 1174 1179 1214 1279 1391 1404 1576 1663 1726 1771 1936 1939 2013 2014 2082 2141 2143 2146 2186 2201 2222 2257 2284 2286 2338 2345 2574 2597 2688 2753 2754 2779 3135 3139 3551 3554 3728 3815 3873 3964 4437 4461 4745 4766 5027 5080 5426 5437 5537 5577 5794 5877 5972 5994 6030 6061 6072 6092 6122 6137 6330 6353 6557 6629 7077 7138 7181 7242 7313 7320 7328 7404 7415 7422 7428 7455 7458 7469 7475 7522 7680 7681 7720 7722 7726 7741 7829 7894 7948 8015
BEST 106: 14 25 147 206 214 233 285 287 327 337 545 553 818 819 847 871 959 1012 1179 1279 1324 1391 1766 1771 1819 1890 1936 1939 2013 2014 2054 2146 2186 2194 2203 2222 2266 2286 2338 2402 2583 2597 2619 2662 2688 2721 2731 2754 2779 2799 3114 3135 3183 3194 3346 3393 3551 3554 3728 3731 3758 3815 4361 4461 4745 4746 4766 4776 4779 4808 4867 4928 5332 5337 5387 5437 5521 5577 5794 5877 5921 6011 6023 6037 6104 6122 6330 6353 7051 7077 7140 7157 7170 7203 7222 7242 7358 7381 7435 7475 7512 7522 7680 7741 8015 8063
BEST 104: 134 206 233 235 244 251 276 337 545 638 832 843 844 861 872 895 970 976 1017 1022 1174 1179 1256 1277 1576 1663 1724 1771 1931 1936 1939 1972 1978 2014 2082 2130 2141 2143 2201 2203 2241 2266 2338 2345 2363 2380 2565 2619 2733 2786 3142 3183 3346 3393 3495 3551 3749 3780 3815 3822 3959 3964 4124 4219 4746 4766 4776 4779 4867 4938 5266 5332 5387 5424 5521 5577 5794 5877 6017 6030 6037 6061 6092 6104 7138 7164 7181 7286 7404 7410 7415 7422 7425 7428 7435 7469 7680 7726 7773 7807 7963 7996 8014 8015
BEST 96: 14 119 135 137 147 158 206 221 244 251 297 337 545 622 818 832 847 861 912 1022 1277 1279 1324 1391 1572 1576 1701 1766 1819 1890 1931 1936 1959 1972 2014 2036 2095 2143 2194 2203 2241 2266 2338 2380 2565 2574 2688 2731 2754 2779 3114 3135 3139 3142 3731 3780 3815 3822 4361 4461 4745 4746 4766 4776 5080 5112 5266 5337 5410 5437 5794 5877 5972 6011 6030 6037 6061 6072 6092 6137 6557 6629 7203 7220 7328 7358 7381 7415 7428 7455 7469 7512 7829 7894 7963 8063
BEST 88: 54 109 282 359 375 377 396 428 443 444 543 585 665 672 746 764 795 810 812 827 905 912 1174 1205 1214 1256 1282 1383 1468 1471 1559 1590 1591 1613 1685 1785 1794 1850 2274 2278 2305 2420 2596 2675 2841 2917 3091 3196 3270 3312 3856 3862 4048 4086 4225 4242 4314 4336 4622 4649 4676 4682 5027 5075 5283 5309 5681 5738 5835 5861 5895 5918 5932 5970 6276 6339 6566 6586 6787 6810 7070 7095 7195 7269 7570 7658 7744 7804
BEST 84: 200 222 413 422 427 453 518 549 573 612 627 635 1287 1310 1320 1339 1580 1655 1796 1817 1858 1868 1870 1913 2296 2303 2332 2423 2523 2543 3343 3446 3489 3574 3719 3727 3765 3777 3785 3790 3880 3950 4121 4212 4888 4940 4946 4990 5074 5095 5253 5350 5441 5482 5526 5541 5546 5557 5590 5626 5664 5687 5964 6007 6681 6698 6794 6881 6882 6891 6968 7027 7176 7263 7601 7639 7736 7765 7809 7868 7872 7892 8147 8186
PROGRESS 10 0.46736 4
BEST 82: 31 65 343 360 371 380 544 608 779 812 827 837 932 942 1046 1077 1152 1218 1256 1272 1465 1470 1997 2011 2361 2403 2602 2630 2769 2778 2895 2899 2947 3047 3089 3105 3157 3174 3223 3227 3230 3243 3344 3355 3488 3494 3525 3537 3674 3706 3978 4001 4236 4247 4419 4421 4446 4448 4459 4470 4617 4644 5004 5036 5656 5742 5820 5867 6189 6270 6279 6359 6843 6845 7112 7114 7611 7665 7869 7925 8087 8131
BEST 76: 28 31 270 335 827 837 854 862 1077 1144 1152 1276 1449 1461 1465 1470 1730 1781 2340 2381 2623 2630 2769 2778 2859 2862 3030 3047 3105 3121 3227 3230 3243 3296 3339 3412 3460 3474 3488 3508 3525 3539 3561 3573 3975 3978 4261 4347 4446 4459 4644 4668 5004 5083 5539 5544 5656 5742 5815 5820 6189 6231 6330 6333 6839 6845 7031 7037 7091 7114 7597 7665 7869 7925 8118 8144
PROGRESS 20 0.970091 4
PROGRESS 30 1.47737 3
PROGRESS 40 1.99768 3
PROGRESS 50 2.48394 3
PROGRESS 60 2.97186 3
PROGRESS 70 3.43024 3
PROGRESS 80 3.91348 3
PROGRESS 90 4.37403 3
PROGRESS 100 4.8994 3
PROGRESS 110 5.44751 3
PROGRESS 120 5.95884 3
PROGRESS 130 6.42758 3
PROGRESS 140 6.90144 3
PROGRESS 150 7.37161 3
PROGRESS 160 7.82849 3
PROGRESS 170 8.29768 3
PROGRESS 180 8.78127 3
PROGRESS 190 9.27927 3
PROGRESS 200 9.76209 3
PROGRESS 210 10.2588 3
PROGRESS 220 10.7556 3
PROGRESS 230 11.2702 3
PROGRESS 240 11.7439 3
PROGRESS 250 12.3647 3
PROGRESS 260 12.931 3
PROGRESS 270 13.5087 3
PROGRESS 280 14.1915 3
PROGRESS 290 14.695 3
PROGRESS 300 15.2787 3
PROGRESS 310 15.7724 3
PROGRESS 320 16.3338 3
BEST 68: 45 114 116 117 522 548 559 634 701 731 1685 1718 2857 2865 3174 3190 3473 3522 3601 3651 3661 3668 3671 3685 3701 3702 3703 3710 3745 3766 3788 3800 3876 3963 4041 4092 4389 4449 4484 4564 5059 5108 5329 5338 5555 5556 5627 5629 6153 6157 6158 6173 6177 6250 6546 6600 6705 6725 7180 7195 7210 7248 7296 7335 7757 7758 7962 7998
PROGRESS 330 16.8726 3
PROGRESS 340 17.4013 3
PROGRESS 350 17.9459 3
PROGRESS 360 18.4798 3
PROGRESS 370 19.0217 3
PROGRESS 380 19.5908 3
PROGRESS 390 20.1542 3
PROGRESS 400 20.6752 3
PROGRESS 410 21.2053 3
PROGRESS 420 21.752 3
PROGRESS 430 22.2926 3
PROGRESS 440 22.8413 3
PROGRESS 450 23.4084 3
PROGRESS 460 23.949 3
PROGRESS 470 24.4764 3
PROGRESS 480 25.0044 3
PROGRESS 490 25.5344 3
PROGRESS 500 26.072 3
PROGRESS 510 26.588 3
PROGRESS 520 27.1112 3
PROGRESS 530 27.6363 3
PROGRESS 540 28.1732 3
PROGRESS 550 28.6932 3
PROGRESS 560 29.2512 3
PROGRESS 570 29.7626 3
PROGRESS 580 30.2701 3
PROGRESS 590 30.7887 3
PROGRESS 600 31.3022 3
PROGRESS 610 31.8159 3
PROGRESS 620 32.3175 3
PROGRESS 630 32.8207 3
PROGRESS 640 33.343 3
PROGRESS 650 33.8713 3
PROGRESS 660 34.3988 3
PROGRESS 670 34.932 3
PROGRESS 680 35.4637 3
PROGRESS 690 35.9206 3
PROGRESS 700 36.3321 3
PROGRESS 710 36.7947 3
PROGRESS 720 37.2796 3
PROGRESS 730 37.6861 3
PROGRESS 740 38.0996 3
PROGRESS 750 38.5764 3
PROGRESS 760 39.094 3
PROGRESS 770 39.6356 3
PROGRESS 780 40.1615 3
PROGRESS 790 40.6912 3
PROGRESS 800 41.2225 3
PROGRESS 810 41.8769 3
PROGRESS 820 42.3125 3
PROGRESS 830 42.7457 3
PROGRESS 840 43.179 3
PROGRESS 850 43.6032 3
PROGRESS 860 44.055 3
PROGRESS 870 44.4689 3
PROGRESS 880 44.9292 3
PROGRESS 890 45.3797 3
PROGRESS 900 45.8101 3
PROGRESS 910 46.2247 3
PROGRESS 920 46.6556 3
PROGRESS 930 47.1808 3
PROGRESS 940 47.7046 3
PROGRESS 950 48.1249 3
PROGRESS 960 48.552 3
PROGRESS 970 49.0928 3
PROGRESS 980 49.6547 3
PROGRESS 990 50.2185 3
PROGRESS 1000 50.7688 3
PROGRESS 1010 51.3267 3
PROGRESS 1020 51.8798 3
PROGRESS 1030 52.4505 3
PROGRESS 1040 53.0036 3
PROGRESS 1050 53.5761 3
PROGRESS 1060 54.1439 3
PROGRESS 1070 54.6165 3
PROGRESS 1080 55.057 3
PROGRESS 1090 55.4758 3
PROGRESS 1100 55.8688 3
PROGRESS 1110 56.3097 3
PROGRESS 1120 56.7821 3
PROGRESS 1130 57.5517 3
PROGRESS 1140 57.9659 3
PROGRESS 1150 58.3876 3
PROGRESS 1160 58.8322 3
PROGRESS 1170 59.2532 3
PROGRESS 1180 59.7138 3
PROGRESS 1190 60.2338 3
PROGRESS 1200 60.753 3
PROGRESS 1210 61.3261 3
PROGRESS 1220 61.8299 3
PROGRESS 1230 62.3921 3
PROGRESS 1240 62.911 3
PROGRESS 1250 63.4225 3
PROGRESS 1260 63.9403 3
PROGRESS 1270 64.4463 3
PROGRESS 1280 64.9679 3
PROGRESS 1290 65.493 3
PROGRESS 1300 65.9697 3
PROGRESS 1310 66.3996 3
PROGRESS 1320 66.8173 3
PROGRESS 1330 67.2376 3
PROGRESS 1340 67.6321 3
PROGRESS 1350 68.0374 3
PROGRESS 1360 68.4308 3
PROGRESS 1370 68.8455 3
PROGRESS 1380 69.3299 3
PROGRESS 1390 69.8319 3
PROGRESS 1400 70.3264 3
PROGRESS 1410 70.8314 3
PROGRESS 1420 71.333 3
PROGRESS 1430 71.8568 3
PROGRESS 1440 72.3785 3
PROGRESS 1450 72.8723 3
PROGRESS 1460 73.3747 3
PROGRESS 1470 73.8486 3
PROGRESS 1480 74.3242 3
PROGRESS 1490 74.7777 3
PROGRESS 1500 75.1847 3
PROGRESS 1510 75.6588 3
PROGRESS 1520 76.1806 3
PROGRESS 1530 76.631 3
PROGRESS 1540 77.0946 3
PROGRESS 1550 77.5766 3
PROGRESS 1560 78.027 3
PROGRESS 1570 78.4339 3
PROGRESS 1580 78.8183 3
PROGRESS 1590 79.233 3
PROGRESS 1600 79.6376 3
PROGRESS 1610 80.1079 3
PROGRESS 1620 80.5365 3
PROGRESS 1630 80.9969 3
PROGRESS 1640 81.4139 3
PROGRESS 1650 81.9082 3
PROGRESS 1660 82.3781 3
PROGRESS 1670 82.8591 3
PROGRESS 1680 83.3561 3
PROGRESS 1690 83.8526 3
PROGRESS 1700 84.3363 3
PROGRESS 1710 84.8299 3
PROGRESS 1720 85.3877 3
PROGRESS 1730 85.7984 3
PROGRESS 1740 86.2695 3
PROGRESS 1750 86.6674 3
PROGRESS 1760 87.0466 3
PROGRESS 1770 87.5318 3
PROGRESS 1780 88.0447 3
PROGRESS 1790 88.6474 3
PROGRESS 1800 89.1504 3
PROGRESS 1810 89.5991 3
PROGRESS 1820 90.0582 3
PROGRESS 1830 90.6038 3
PROGRESS 1840 91.0514 3
PROGRESS 1850 91.5209 3
PROGRESS 1860 92.0075 3
PROGRESS 1870 92.5247 3
PROGRESS 1880 93.0178 3
PROGRESS 1890 93.5303 3
PROGRESS 1900 93.933 3
PROGRESS 1910 94.3557 3
PROGRESS 1920 94.7518 3
PROGRESS 1930 95.1453 3
PROGRESS 1940 95.5159 3
PROGRESS 1950 95.9247 3
PROGRESS 1960 96.4497 3
PROGRESS 1970 97.005 3
PROGRESS 1980 97.4965 3
PROGRESS 1990 97.9451 3
PROGRESS 2000 98.4401 3
PROGRESS 2010 98.9345 3
PROGRESS 2020 99.4169 3
PROGRESS 2030 99.9044 3
PROGRESS 2040 100.382 3
PROGRESS 2050 100.855 3
PROGRESS 2060 101.348 3
PROGRESS 2070 101.745 3
PROGRESS 2080 102.286 3
PROGRESS 2090 102.742 3
PROGRESS 2100 103.222 3
PROGRESS 2110 103.623 3
PROGRESS 2120 104.026 3
PROGRESS 2130 104.477 3
PROGRESS 2140 104.957 3
PROGRESS 2150 105.498 3
PROGRESS 2160 105.959 3
PROGRESS 2170 106.396 3
PROGRESS 2180 106.893 3
PROGRESS 2190 107.396 3
PROGRESS 2200 107.915 3
PROGRESS 2210 108.455 3
PROGRESS 2220 108.883 3
PROGRESS 2230 109.323 3
PROGRESS 2240 109.961 3
PROGRESS 2250 110.429 3
PROGRESS 2260 111.267 3
PROGRESS 2270 111.738 3
PROGRESS 2280 112.242 3
PROGRESS 2290 112.725 3
PROGRESS 2300 113.158 3
PROGRESS 2310 113.727 3
PROGRESS 2320 114.169 3
PROGRESS 2330 114.592 3
PROGRESS 2340 115.005 3
PROGRESS 2350 115.497 3
PROGRESS 2360 115.952 3
PROGRESS 2370 116.468 3
PROGRESS 2380 116.951 3
PROGRESS 2390 117.467 3
PROGRESS 2400 117.917 3
PROGRESS 2410 118.436 3
PROGRESS 2420 118.979 3
PROGRESS 2430 119.395 3
PROGRESS 2440 119.906 3
PROGRESS 2450 120.412 3
PROGRESS 2460 120.911 2
PROGRESS 2470 121.381 2
PROGRESS 2480 121.912 2
PROGRESS 2490 122.356 2
PROGRESS 2500 122.815 2
PROGRESS 2510 123.296 2
PROGRESS 2520 123.721 2
PROGRESS 2530 124.14 2
PROGRESS 2540 124.59 2
PROGRESS 2550 125.128 2
PROGRESS 2560 125.591 2
PROGRESS 2570 126.073 2
PROGRESS 2580 126.556 2
PROGRESS 2590 126.972 2
PROGRESS 2600 127.403 2
PROGRESS 2610 127.847 2
PROGRESS 2620 128.272 2
PROGRESS 2630 128.675 2
PROGRESS 2640 129.099 2
PROGRESS 2650 129.521 2
PROGRESS 2660 130.042 2
PROGRESS 2670 130.56 2
PROGRESS 2680 131.101 2
PROGRESS 2690 131.635 2
PROGRESS 2700 132.155 2
PROGRESS 2710 132.68 2
PROGRESS 2720 133.205 2
PROGRESS 2730 133.737 2
PROGRESS 2740 134.251 2
PROGRESS 2750 134.67 2
PROGRESS 2760 135.066 2
PROGRESS 2770 135.47 2
PROGRESS 2780 135.901 2
PROGRESS 2790 136.311 2
PROGRESS 2800 136.739 2
PROGRESS 2810 137.136 2
PROGRESS 2820 137.555 2
PROGRESS 2830 137.981 2
PROGRESS 2840 138.38 2
PROGRESS 2850 138.797 2
PROGRESS 2860 139.234 2
PROGRESS 2870 140.094 2
PROGRESS 2880 140.753 2
PROGRESS 2890 141.573 2
PROGRESS 2900 142.087 2
PROGRESS 2910 142.494 2
PROGRESS 2920 142.913 2
PROGRESS 2930 143.314 2
PROGRESS 2940 143.749 2
PROGRESS 2950 144.203 2
PROGRESS 2960 144.63 2
PROGRESS 2970 145.137 2
PROGRESS 2980 145.595 2
PROGRESS 2990 146.005 2
PROGRESS 3000 146.392 2
PROGRESS 3010 146.785 2
PROGRESS 3020 147.262 2
PROGRESS 3030 147.698 2
PROGRESS 3040 148.127 2
PROGRESS 3050 148.58 2
PROGRESS 3060 148.973 2
PROGRESS 3070 149.356 2
PROGRESS 3080 149.82 2
PROGRESS 3090 150.323 2
PROGRESS 3100 150.834 2
PROGRESS 3110 151.211 2
PROGRESS 3120 151.607 2
PROGRESS 3130 152.089 2
PROGRESS 3140 152.584 2
PROGRESS 3150 153.048 2
PROGRESS 3160 153.513 2
PROGRESS 3170 154.158 2
PROGRESS 3180 154.566 2
PROGRESS 3190 155.081 2
PROGRESS 3200 155.717 2
PROGRESS 3210 156.186 2
PROGRESS 3220 156.824 2
PROGRESS 3230 157.37 2
PROGRESS 3240 158.048 2
PROGRESS 3250 158.527 2
PROGRESS 3260 158.96 2
PROGRESS 3270 159.524 2
PROGRESS 3280 160.065 2
PROGRESS 3290 160.636 2
PROGRESS 3300 161.25 2
PROGRESS 3310 161.825 2
PROGRESS 3320 162.4 2
PROGRESS 3330 162.977 2
PROGRESS 3340 163.553 2
PROGRESS 3350 164.085 2
PROGRESS 3360 164.619 2
PROGRESS 3370 165.165 2
PROGRESS 3380 165.721 2
PROGRESS 3390 166.281 2
PROGRESS 3400 166.832 2
PROGRESS 3410 167.484 2
PROGRESS 3420 167.961 2
PROGRESS 3430 168.402 2
PROGRESS 3440 168.847 2
PROGRESS 3450 169.286 2
PROGRESS 3460 169.715 2
PROGRESS 3470 170.171 2
PROGRESS 3480 170.616 2
PROGRESS 3490 171.042 2
PROGRESS 3500 171.465 2
PROGRESS 3510 172.325 2
PROGRESS 3520 173.001 2
PROGRESS 3530 173.918 2
PROGRESS 3540 174.581 2
PROGRESS 3550 175.452 2
PROGRESS 3560 176.233 2
PROGRESS 3570 176.967 2
PROGRESS 3580 177.888 2
PROGRESS 3590 178.704 2
PROGRESS 3600 179.413 2
PROGRESS 3610 180.319 2
PROGRESS 3620 181.186 2
PROGRESS 3630 181.919 2
PROGRESS 3640 182.376 2
PROGRESS 3650 182.784 2
PROGRESS 3660 183.239 2
PROGRESS 3670 183.677 2
PROGRESS 3680 184.07 2
PROGRESS 3690 184.566 2
PROGRESS 3700 185.001 2
PROGRESS 3710 185.395 2
PROGRESS 3720 185.84 2
PROGRESS 3730 186.312 2
PROGRESS 3740 186.806 2
PROGRESS 3750 187.305 2
PROGRESS 3760 187.732 2
PROGRESS 3770 188.218 2
PROGRESS 3780 188.715 2
PROGRESS 3790 189.183 2
PROGRESS 3800 189.62 2
PROGRESS 3810 190.027 2
PROGRESS 3820 190.428 2
PROGRESS 3830 190.889 2
PROGRESS 3840 191.353 2
PROGRESS 3850 191.848 2
PROGRESS 3860 192.372 2
PROGRESS 3870 192.879 2
PROGRESS 3880 193.388 2
PROGRESS 3890 193.9 2
PROGRESS 3900 194.398 2
PROGRESS 3910 194.902 2
PROGRESS 3920 195.51 2
PROGRESS 3930 196 2
PROGRESS 3940 196.47 2
PROGRESS 3950 197.217 2
PROGRESS 3960 197.738 2
PROGRESS 3970 198.228 2
PROGRESS 3980 198.735 2
PROGRESS 3990 199.238 2
PROGRESS 4000 199.762 2
PROGRESS 4010 200.308 2
PROGRESS 4020 200.974 2
PROGRESS 4030 201.841 2
PROGRESS 4040 202.326 2
PROGRESS 4050 202.889 2
PROGRESS 4060 203.426 2
PROGRESS 4070 203.959 2
PROGRESS 4080 204.437 2
PROGRESS 4090 204.904 2
PROGRESS 4100 205.395 2
PROGRESS 4110 205.883 2
PROGRESS 4120 206.395 2
PROGRESS 4130 206.871 2
PROGRESS 4140 207.348 2
PROGRESS 4150 207.878 2
PROGRESS 4160 208.375 2
PROGRESS 4170 208.978 2
PROGRESS 4180 209.642 2
PROGRESS 4190 210.119 2
PROGRESS 4200 210.713 2
PROGRESS 4210 211.27 2
PROGRESS 4220 211.813 2
PROGRESS 4230 212.282 2
PROGRESS 4240 212.756 2
PROGRESS 4250 213.253 2
PROGRESS 4260 213.818 2
PROGRESS 4270 214.331 2
PROGRESS 4280 214.919 2
PROGRESS 4290 215.438 2
PROGRESS 4300 215.92 2
PROGRESS 4310 216.413 2
PROGRESS 4320 217.048 2
PROGRESS 4330 217.592 2
PROGRESS 4340 218.065 2
PROGRESS 4350 218.578 2
PROGRESS 4360 219.046 2
PROGRESS 4370 219.456 2
PROGRESS 4380 219.906 2
PROGRESS 4390 220.335 2
PROGRESS 4400 220.795 2
PROGRESS 4410 221.226 2
PROGRESS 4420 221.804 2
PROGRESS 4430 222.346 2
PROGRESS 4440 222.862 2
PROGRESS 4450 223.284 2
PROGRESS 4460 223.755 2
PROGRESS 4470 224.2 2
PROGRESS 4480 224.775 2
PROGRESS 4490 225.277 2
PROGRESS 4500 225.782 2
PROGRESS 4510 226.32 2
PROGRESS 4520 226.822 2
PROGRESS 4530 227.296 2
PROGRESS 4540 227.759 2
PROGRESS 4550 228.259 2
PROGRESS 4560 228.833 2
PROGRESS 4570 229.487 2
PROGRESS 4580 229.993 2
PROGRESS 4590 230.549 2
PROGRESS 4600 231.056 2
PROGRESS 4610 231.544 2
PROGRESS 4620 232.047 2
PROGRESS 4630 232.543 2
PROGRESS 4640 233.032 2
PROGRESS 4650 233.613 2
PROGRESS 4660 234.016 2
PROGRESS 4670 234.409 2
PROGRESS 4680 234.799 2
PROGRESS 4690 235.251 2
PROGRESS 4700 235.946 2
PROGRESS 4710 236.528 2
PROGRESS 4720 237.069 2
PROGRESS 4730 237.538 2
PROGRESS 4740 238.024 2
PROGRESS 4750 238.494 2
PROGRESS 4760 238.963 2
PROGRESS 4770 239.428 2
PROGRESS 4780 239.865 2
END trials 4783 elapsed 240.013
