fit 8 12 62 0.394 0.985
score {'boundary': 0.23612074586879828, 'bulk': 0.25211102971507227, 'hook': 0.21393735792014923, 'rare': 0.15046139583093976}
design 0.243
allocate 9000 [1599, 0, 0, 510, 0, 528, 0, 357, 339, 307, 391, 649, 0, 0, 0, 0, 0, 0, 0, 0, 0, 0, 0, 0, 0, 0, 0, 0, 0, 0, 0, 0, 0, 0, 0, 0, 0, 0, 0, 0, 0, 0, 0, 0, 0, 0, 0, 0, 0, 0, 0, 0, 0, 0, 0, 0, 0]
fit 10 14 114 1.007 2.334
score {'boundary': 0.13460628560430013, 'bulk': 0.1604769951933074, 'hook': 0.13028238968783332, 'rare': 0.21786744642786413}
design 0.373
allocate 23000 [2999, 0, 427, 1437, 0, 1580, 0, 1595, 467, 1164, 1010, 1736, 0, 0, 0, 0, 0, 0, 0, 0, 0, 0, 0, 0, 497, 0, 0, 0, 0, 0, 0, 0, 0, 0, 0, 0, 0, 0, 0, 294, 0, 0, 0, 0, 424, 0, 0, 370, 0, 0, 0, 0, 0, 0, 0, 0, 0]
fit 10 14 159 1.04 3.93
score {'boundary': 0.07742149953736703, 'bulk': 0.10664177669663981, 'hook': 0.06325488714613346, 'rare': 0.15641528674116276}
design 0.387
allocate 40000 [2982, 0, 461, 1754, 0, 1850, 806, 1564, 627, 1286, 1540, 2097, 0, 0, 0, 0, 0, 0, 0, 0, 0, 0, 0, 0, 610, 0, 0, 0, 0, 0, 0, 0, 0, 0, 0, 0, 0, 0, 0, 0, 0, 0, 0, 0, 501, 0, 0, 495, 0, 0, 0, 427, 0, 0, 0, 0, 0]
fit 10 14 205 1.003 5.571
score {'boundary': 0.05270699199875387, 'bulk': 0.08090605070093133, 'hook': 0.036582435663268326, 'rare': 0.05141726432311674}
fit 12 15 248 2.167 7.803
score {'boundary': 0.05051548277852733, 'bulk': 0.0742021609562336, 'hook': 0.03544348535626481, 'rare': 0.06162678379819552}
{
  "episode": 5,
  "seed": 7305567631500479794,
  "scores": {
    "boundary": 0.05051548277852733,
    "bulk": 0.0742021609562336,
    "hook": 0.03544348535626481,
    "rare": 0.06162678379819552
  },
  "cpu": 7.334765947,
  "rss": 102328
}
