seed spin_aliases_7915104 1e-07 [(0, 1.3678159), (45, 0.7653953), (37, 0.6491902), (5, 0.4334524), (7, 0.4279768), (20, 0.3115637), (23, 0.2750671), (19, 0.2320859), (9, 0.199768), (14, 0.1859971), (6, 0.1833901), (30, 0.1415492), (1, 0.1338817), (22, 0.1322138), (17, 0.121605)]
spin_aliases_7915104 best 0.003989714918850269 trace 6.407138187350903 support [0, 5, 7, 9, 14, 19, 20, 23, 37, 45]
seed spin_aliases_7915104 1e-09 [(0, 1.3678159), (45, 0.7653942), (7, 0.7643956), (37, 0.6491909), (22, 0.3091851), (18, 0.2899491), (23, 0.2834227), (5, 0.2338079), (30, 0.190853), (66, 0.1692296), (54, 0.1371615), (1, 0.1266109), (6, 0.1174485), (17, 0.1115024), (4, 0.1114092)]
spin_aliases_7915104 best 0.0004972733861223513 trace 6.406213553361315 support [0, 5, 7, 18, 22, 23, 30, 37, 45, 66]
seed spin_aliases_7915104 1e-05 [(0, 1.3678157), (45, 0.7653935), (37, 0.6491874), (5, 0.3756295), (7, 0.3632853), (6, 0.2371944), (8, 0.1944273), (66, 0.1892319), (20, 0.1815734), (19, 0.1662605), (21, 0.1555767), (18, 0.1498662), (1, 0.1283106), (17, 0.1264756), (9, 0.1152239)]
seed spin_aliases_7915104 1e-11 [(0, 1.3678159), (6, 0.7872749), (45, 0.7653954), (37, 0.6491861), (23, 0.4409626), (18, 0.2855824), (66, 0.2322225), (7, 0.1949707), (30, 0.1767634), (11, 0.1637435), (17, 0.160068), (22, 0.1480001), (8, 0.1458924), (21, 0.1281661), (1, 0.1254384)]
seed spin_aliases_7915104 0.001 [(0, 1.3678181), (45, 0.7653942), (37, 0.6491312), (5, 0.5567126), (7, 0.3049401), (8, 0.266278), (66, 0.2299974), (19, 0.1486485), (18, 0.1247819), (14, 0.1235905), (21, 0.1186169), (10, 0.1165973), (20, 0.1160203), (9, 0.1136831), (1, 0.1123227)]
seed spin_aliases_7915104 1e-13 [(0, 1.3678159), (6, 0.8576385), (45, 0.7653956), (37, 0.6491806), (23, 0.5252774), (18, 0.4617066), (11, 0.2895345), (17, 0.2750449), (30, 0.1791851), (22, 0.1321922), (1, 0.1302172), (7, 0.0958354), (9, 0.0903635), (12, 0.0882842), (5, 0.0772616)]
seed spin_aliases_7915104 1.0 [(0, 1.3676756), (45, 0.7543236), (37, 0.6353162), (7, 0.2290122), (6, 0.2144197), (8, 0.1877244), (5, 0.1784223), (12, 0.1503619), (9, 0.1501597), (22, 0.1336385), (16, 0.1190749), (21, 0.1151769), (79, 0.1140774), (10, 0.1135481), (4, 0.1134452)]
spin_aliases_7915104 best 0.0004972733861223513 trace 6.406213553361315 support [0, 5, 7, 18, 22, 23, 30, 37, 45, 66]
spin_aliases_7915104 best 0.0004972733861223513 trace 6.406213553361315 support [0, 5, 7, 18, 22, 23, 30, 37, 45, 66]
SWEEP spin_aliases_7915104 0 0.0004972733861223513
spin_aliases_7915104 best 0.00048158251170726406 trace 6.406205240094295 support [0, 5, 7, 22, 23, 30, 37, 45, 49, 66]
spin_aliases_7915104 best 0.00047277109650690016 trace 6.406223214632467 support [0, 5, 7, 22, 23, 24, 30, 37, 45, 66]
spin_aliases_7915104 best 0.0004420247947888274 trace 6.406230425218786 support [0, 5, 7, 22, 23, 24, 30, 37, 45, 66]
spin_aliases_7915104 best 0.0004411227032188474 trace 6.406232207214933 support [0, 5, 7, 22, 23, 25, 30, 37, 45, 66]
spin_aliases_7915104 best 0.0004197090512298182 trace 6.406237777047129 support [0, 5, 7, 22, 23, 26, 30, 37, 45, 66]
spin_aliases_7915104 best 0.00038204436124428313 trace 6.40623701967211 support [0, 5, 7, 22, 23, 26, 30, 37, 45, 66]
spin_aliases_7915104 best 0.00012912539901156522 trace 6.406308112979273 support [0, 4, 5, 7, 22, 23, 30, 37, 45, 66]
spin_aliases_7915104 best 3.134092411057517e-05 trace 6.406338010519526 support [0, 5, 7, 22, 23, 30, 37, 45, 60, 66]
spin_aliases_7915104 best 7.26813461569857e-06 trace 6.406337688928115 support [0, 3, 5, 7, 22, 23, 30, 37, 45, 66]
spin_aliases_7915104 best 7.253873011113641e-06 trace 6.406337508623526 support [0, 3, 5, 7, 22, 23, 30, 37, 45, 66]
spin_aliases_7915104 best 4.6029290353318455e-06 trace 6.4063375985112305 support [0, 2, 5, 7, 22, 23, 30, 37, 45, 66]
spin_aliases_7915104 best 4.335329299266306e-06 trace 6.406337245515586 support [0, 2, 5, 7, 22, 23, 30, 37, 45, 66]
spin_aliases_7915104 best 1.5327118387704026e-06 trace 6.406337175407925 support [0, 1, 5, 7, 22, 23, 30, 37, 45, 66]
spin_aliases_7915104 best 1.3739910761697277e-06 trace 6.4063371563158125 support [0, 1, 5, 7, 22, 23, 30, 37, 45, 66]
TimeoutError stage allowance exhausted
spin_aliases_7915104 best 1.3739910761697277e-06 trace 6.4063371563158125 support [0, 1, 5, 7, 22, 23, 30, 37, 45, 66]
spin_aliases_7915104 best 1.3739910761697277e-06 trace 6.4063371563158125 support [0, 1, 5, 7, 22, 23, 30, 37, 45, 66]
REFINE spin_aliases_7915104 0.001 107 0.00010292851969627201
spin_aliases_7915104 best 1.3041196119297402e-06 trace 6.406336959906441 support [0, 1, 5, 7, 22, 23, 30, 37, 45, 66]
REFINE spin_aliases_7915104 0.0001 22 0.00031328358208492093
spin_aliases_7915104 best 1.2784897192770948e-06 trace 6.406336972614993 support [0, 1, 5, 7, 22, 23, 30, 37, 45, 66]
REFINE spin_aliases_7915104 1e-05 9 0.005992711599888306
spin_aliases_7915104 best 1.1588134824788368e-06 trace 6.406337033428563 support [0, 1, 5, 7, 22, 23, 30, 37, 45, 66]
REFINE spin_aliases_7915104 1e-06 29 0.013815079480144026
REFINE spin_aliases_7915104 1e-07 38 0.335619195532286
REFINE spin_aliases_7915104 1e-08 17 0.449166332349962
spin_aliases_7915104 best 1.1588134824788368e-06 trace 6.406337033428563 support [0, 1, 5, 7, 22, 23, 30, 37, 45, 66]
spin_aliases_7915104 best 1.1588134824788368e-06 trace 6.406337033428563 support [0, 1, 5, 7, 22, 23, 30, 37, 45, 66]
ENUMERATED 10240 loss 8.470480947915304e+18 (0, 1, 2, 3, 4, 9, 19, 21, 22, 23)
ENUMERATED 20480 loss 1.4593425587860403e+18 (0, 1, 2, 3, 5, 14, 17, 20, 22, 23)
ENUMERATED 30720 loss 8.05214808988148e+17 (0, 1, 2, 3, 7, 13, 17, 20, 22, 23)
ENUMERATED 40960 loss 6.655805884986804e+17 (0, 1, 2, 3, 9, 12, 16, 20, 22, 23)
ENUMERATED 51200 loss 6.655805884986804e+17 (0, 1, 2, 3, 9, 12, 16, 20, 22, 23)
ENUMERATED 61440 loss 4.8056840630643584e+17 (0, 1, 2, 4, 8, 12, 16, 20, 22, 23)
ENUMERATED 71680 loss 4.8056840630643584e+17 (0, 1, 2, 4, 8, 12, 16, 20, 22, 23)
ENUMERATED 81920 loss 4.8056840630643584e+17 (0, 1, 2, 4, 8, 12, 16, 20, 22, 23)
ENUMERATED 92160 loss 4.8056840630643584e+17 (0, 1, 2, 4, 8, 12, 16, 20, 22, 23)
ENUMERATED 102400 loss 4.8056840630643584e+17 (0, 1, 2, 4, 8, 12, 16, 20, 22, 23)
ENUMERATED 112640 loss 4.8056840630643584e+17 (0, 1, 2, 4, 8, 12, 16, 20, 22, 23)
ENUMERATED 122880 loss 4.8056840630643584e+17 (0, 1, 2, 4, 8, 12, 16, 20, 22, 23)
ENUMERATED 133120 loss 4.8056840630643584e+17 (0, 1, 2, 4, 8, 12, 16, 20, 22, 23)
ENUMERATED 143360 loss 4.8056840630643584e+17 (0, 1, 2, 4, 8, 12, 16, 20, 22, 23)
ENUMERATED 153600 loss 4.8056840630643584e+17 (0, 1, 2, 4, 8, 12, 16, 20, 22, 23)
ENUMERATED 163840 loss 4.8056840630643584e+17 (0, 1, 2, 4, 8, 12, 16, 20, 22, 23)
ENUMERATED 174080 loss 4.8056840630643584e+17 (0, 1, 2, 4, 8, 12, 16, 20, 22, 23)
ENUMERATED 184320 loss 4.8056840630643584e+17 (0, 1, 2, 4, 8, 12, 16, 20, 22, 23)
ENUMERATED 194560 loss 4.8056840630643584e+17 (0, 1, 2, 4, 8, 12, 16, 20, 22, 23)
ENUMERATED 204800 loss 4.8056840630643584e+17 (0, 1, 2, 4, 8, 12, 16, 20, 22, 23)
ENUMERATED 215040 loss 4.8056840630643584e+17 (0, 1, 2, 4, 8, 12, 16, 20, 22, 23)
ENUMERATED 225280 loss 4.8056840630643584e+17 (0, 1, 2, 4, 8, 12, 16, 20, 22, 23)
ENUMERATED 235520 loss 4.8056840630643584e+17 (0, 1, 2, 4, 8, 12, 16, 20, 22, 23)
ENUMERATED 245760 loss 4.8056840630643584e+17 (0, 1, 2, 4, 8, 12, 16, 20, 22, 23)
ENUMERATED 256000 loss 4.8056840630643584e+17 (0, 1, 2, 4, 8, 12, 16, 20, 22, 23)
ENUMERATED 266240 loss 4.8056840630643584e+17 (0, 1, 2, 4, 8, 12, 16, 20, 22, 23)
ENUMERATED 276480 loss 4.8056840630643584e+17 (0, 1, 2, 4, 8, 12, 16, 20, 22, 23)
ENUMERATED 286720 loss 4.8056840630643584e+17 (0, 1, 2, 4, 8, 12, 16, 20, 22, 23)
ENUMERATED 296960 loss 4.8056840630643584e+17 (0, 1, 2, 4, 8, 12, 16, 20, 22, 23)
ENUMERATED 307200 loss 4.8056840630643584e+17 (0, 1, 2, 4, 8, 12, 16, 20, 22, 23)
ENUMERATED 317440 loss 4.8056840630643584e+17 (0, 1, 2, 4, 8, 12, 16, 20, 22, 23)
ENUMERATED 327680 loss 4.8056840630643584e+17 (0, 1, 2, 4, 8, 12, 16, 20, 22, 23)
ENUMERATED 337920 loss 4.8056840630643584e+17 (0, 1, 2, 4, 8, 12, 16, 20, 22, 23)
ENUMERATED 348160 loss 4.8056840630643584e+17 (0, 1, 2, 4, 8, 12, 16, 20, 22, 23)
ENUMERATED 358400 loss 4.8056840630643584e+17 (0, 1, 2, 4, 8, 12, 16, 20, 22, 23)
ENUMERATED 368640 loss 4.8056840630643584e+17 (0, 1, 2, 4, 8, 12, 16, 20, 22, 23)
ENUMERATED 378880 loss 4.8056840630643584e+17 (0, 1, 2, 4, 8, 12, 16, 20, 22, 23)
ENUMERATED 389120 loss 4.8056840630643584e+17 (0, 1, 2, 4, 8, 12, 16, 20, 22, 23)
ENUMERATED 399360 loss 4.8056840630643584e+17 (0, 1, 2, 4, 8, 12, 16, 20, 22, 23)
ENUMERATED 409600 loss 4.8056840630643584e+17 (0, 1, 2, 4, 8, 12, 16, 20, 22, 23)
ENUMERATED 419840 loss 4.8056840630643584e+17 (0, 1, 2, 4, 8, 12, 16, 20, 22, 23)
ENUMERATED 430080 loss 4.8056840630643584e+17 (0, 1, 2, 4, 8, 12, 16, 20, 22, 23)
ENUMERATED 440320 loss 4.8056840630643584e+17 (0, 1, 2, 4, 8, 12, 16, 20, 22, 23)
ENUMERATED 450560 loss 4.8056840630643584e+17 (0, 1, 2, 4, 8, 12, 16, 20, 22, 23)
ENUMERATED 460800 loss 4.8056840630643584e+17 (0, 1, 2, 4, 8, 12, 16, 20, 22, 23)
ENUMERATED 471040 loss 4.8056840630643584e+17 (0, 1, 2, 4, 8, 12, 16, 20, 22, 23)
ENUMERATED 481280 loss 4.8056840630643584e+17 (0, 1, 2, 4, 8, 12, 16, 20, 22, 23)
ENUMERATED 491520 loss 4.8056840630643584e+17 (0, 1, 2, 4, 8, 12, 16, 20, 22, 23)
ENUMERATED 501760 loss 4.8056840630643584e+17 (0, 1, 2, 4, 8, 12, 16, 20, 22, 23)
TimeoutError stage allowance exhausted
