CONFIG n 2048 checks 384 rank 379 pass 1 groups 9 initial_best 20
PROGRESS 0 0.0202937 rank 379
PROGRESS 10 0.174151 rank 379
PROGRESS 20 0.222005 rank 379
PROGRESS 30 0.253762 rank 379
PROGRESS 40 0.309262 rank 379
PROGRESS 50 0.332883 rank 379
PROGRESS 60 0.427065 rank 379
PROGRESS 70 0.544403 rank 379
PROGRESS 80 0.790478 rank 379
PROGRESS 90 0.828095 rank 379
PROGRESS 100 0.881394 rank 379
PROGRESS 110 0.955617 rank 379
PROGRESS 120 1.10434 rank 379
PROGRESS 130 1.18239 rank 379
PROGRESS 140 1.3031 rank 379
PROGRESS 150 1.32779 rank 379
PROGRESS 160 1.35169 rank 379
PROGRESS 170 1.4641 rank 379
PROGRESS 180 1.54972 rank 379
PROGRESS 190 1.69917 rank 379
PROGRESS 200 1.73321 rank 379
PROGRESS 210 1.75396 rank 379
PROGRESS 220 1.79347 rank 379
PROGRESS 230 1.81987 rank 379
PROGRESS 240 1.84217 rank 379
PROGRESS 250 1.90321 rank 379
PROGRESS 260 2.08021 rank 379
PROGRESS 270 2.27443 rank 379
PROGRESS 280 2.35179 rank 379
PROGRESS 290 2.41428 rank 379
PROGRESS 300 2.48494 rank 379
PROGRESS 310 2.55232 rank 379
PROGRESS 320 2.73571 rank 379
PROGRESS 330 2.79108 rank 379
PROGRESS 340 2.8609 rank 379
PROGRESS 350 2.91778 rank 379
PROGRESS 360 2.96153 rank 379
PROGRESS 370 3.03366 rank 379
PROGRESS 380 3.05624 rank 379
PROGRESS 390 3.10426 rank 379
PROGRESS 400 3.12281 rank 379
PROGRESS 410 3.14163 rank 379
PROGRESS 420 3.18978 rank 379
PROGRESS 430 3.31525 rank 379
PROGRESS 440 3.34377 rank 379
PROGRESS 450 3.39148 rank 379
PROGRESS 460 3.412 rank 379
PROGRESS 470 3.44442 rank 379
PROGRESS 480 3.48037 rank 379
PROGRESS 490 3.50659 rank 379
PROGRESS 500 3.54067 rank 379
PROGRESS 510 3.59992 rank 379
PROGRESS 520 3.63006 rank 379
PROGRESS 530 3.75373 rank 379
PROGRESS 540 3.77716 rank 379
PROGRESS 550 3.80072 rank 379
PROGRESS 560 3.82421 rank 379
PROGRESS 570 3.84651 rank 379
PROGRESS 580 3.87025 rank 379
PROGRESS 590 3.89229 rank 379
PROGRESS 600 3.91639 rank 379
PROGRESS 610 3.93864 rank 379
PROGRESS 620 3.96159 rank 379
PROGRESS 630 3.98378 rank 379
PROGRESS 640 4.00685 rank 379
PROGRESS 650 4.02963 rank 379
PROGRESS 660 4.05224 rank 379
PROGRESS 670 4.07471 rank 379
PROGRESS 680 4.11992 rank 379
PROGRESS 690 4.15804 rank 379
PROGRESS 700 4.19403 rank 379
PROGRESS 710 4.26973 rank 379
PROGRESS 720 4.29312 rank 379
PROGRESS 730 4.31635 rank 379
PROGRESS 740 4.33986 rank 379
PROGRESS 750 4.36425 rank 379
PROGRESS 760 4.38609 rank 379
PROGRESS 770 4.40834 rank 379
PROGRESS 780 4.43167 rank 379
PROGRESS 790 4.45571 rank 379
PROGRESS 800 4.48091 rank 379
PROGRESS 810 4.50354 rank 379
PROGRESS 820 4.52827 rank 379
PROGRESS 830 4.5511 rank 379
PROGRESS 840 4.573 rank 379
PROGRESS 850 4.59541 rank 379
PROGRESS 860 4.61924 rank 379
PROGRESS 870 4.64356 rank 379
PROGRESS 880 4.66713 rank 379
PROGRESS 890 4.69002 rank 379
PROGRESS 900 4.71251 rank 379
PROGRESS 910 4.73472 rank 379
PROGRESS 920 4.75819 rank 379
PROGRESS 930 4.78292 rank 379
PROGRESS 940 4.80558 rank 379
PROGRESS 950 4.82964 rank 379
PROGRESS 960 4.85267 rank 379
PROGRESS 970 4.87517 rank 379
PROGRESS 980 4.89793 rank 379
PROGRESS 990 4.92125 rank 379
PROGRESS 1000 4.94599 rank 379
PROGRESS 1010 4.9688 rank 379
PROGRESS 1020 4.9936 rank 379
PROGRESS 1030 5.01752 rank 379
PROGRESS 1040 5.03913 rank 379
PROGRESS 1050 5.06256 rank 379
PROGRESS 1060 5.08588 rank 379
PROGRESS 1070 5.10941 rank 379
PROGRESS 1080 5.13415 rank 379
PROGRESS 1090 5.15725 rank 379
PROGRESS 1100 5.18071 rank 379
PROGRESS 1110 5.20616 rank 379
PROGRESS 1120 5.22908 rank 379
PROGRESS 1130 5.25496 rank 379
PROGRESS 1140 5.28031 rank 379
PROGRESS 1150 5.30648 rank 379
PROGRESS 1160 5.33273 rank 379
PROGRESS 1170 5.35841 rank 379
PROGRESS 1180 5.38442 rank 379
PROGRESS 1190 5.41071 rank 379
PROGRESS 1200 5.43693 rank 379
PROGRESS 1210 5.4761 rank 379
PROGRESS 1220 5.50224 rank 379
PROGRESS 1230 5.5293 rank 379
PROGRESS 1240 5.55546 rank 379
PROGRESS 1250 5.58074 rank 379
PROGRESS 1260 5.60932 rank 379
PROGRESS 1270 5.63697 rank 379
PROGRESS 1280 5.66196 rank 379
PROGRESS 1290 5.68716 rank 379
PROGRESS 1300 5.71294 rank 379
PROGRESS 1310 5.73946 rank 379
PROGRESS 1320 5.76549 rank 379
PROGRESS 1330 5.79141 rank 379
PROGRESS 1340 5.81743 rank 379
PROGRESS 1350 5.84296 rank 379
PROGRESS 1360 5.86793 rank 379
PROGRESS 1370 5.8941 rank 379
PROGRESS 1380 5.92027 rank 379
PROGRESS 1390 5.94563 rank 379
PROGRESS 1400 5.97093 rank 379
PROGRESS 1410 5.99675 rank 379
PROGRESS 1420 6.02208 rank 379
PROGRESS 1430 6.04728 rank 379
PROGRESS 1440 6.07222 rank 379
PROGRESS 1450 6.09789 rank 379
PROGRESS 1460 6.12333 rank 379
PROGRESS 1470 6.14824 rank 379
PROGRESS 1480 6.17424 rank 379
PROGRESS 1490 6.20039 rank 379
PROGRESS 1500 6.22549 rank 379
PROGRESS 1510 6.2518 rank 379
PROGRESS 1520 6.27751 rank 379
PROGRESS 1530 6.30295 rank 379
PROGRESS 1540 6.3279 rank 379
PROGRESS 1550 6.3535 rank 379
PROGRESS 1560 6.37971 rank 379
PROGRESS 1570 6.40497 rank 379
PROGRESS 1580 6.42975 rank 379
PROGRESS 1590 6.45501 rank 379
PROGRESS 1600 6.48076 rank 379
PROGRESS 1610 6.50622 rank 379
PROGRESS 1620 6.5322 rank 379
PROGRESS 1630 6.55893 rank 379
PROGRESS 1640 6.58668 rank 379
PROGRESS 1650 6.61257 rank 379
PROGRESS 1660 6.63832 rank 379
PROGRESS 1670 6.6659 rank 379
PROGRESS 1680 6.69796 rank 379
PROGRESS 1690 6.72279 rank 379
PROGRESS 1700 6.7478 rank 379
PROGRESS 1710 6.85771 rank 379
PROGRESS 1720 6.89278 rank 379
PROGRESS 1730 6.91447 rank 379
PROGRESS 1740 6.93545 rank 379
PROGRESS 1750 6.95708 rank 379
PROGRESS 1760 6.97781 rank 379
PROGRESS 1770 7.00292 rank 379
PROGRESS 1780 7.02669 rank 379
PROGRESS 1790 7.05102 rank 379
PROGRESS 1800 7.07434 rank 379
PROGRESS 1810 7.09985 rank 379
PROGRESS 1820 7.12519 rank 379
PROGRESS 1830 7.15012 rank 379
PROGRESS 1840 7.17416 rank 379
PROGRESS 1850 7.1985 rank 379
PROGRESS 1860 7.223 rank 379
PROGRESS 1870 7.24822 rank 379
PROGRESS 1880 7.27144 rank 379
PROGRESS 1890 7.29206 rank 379
PROGRESS 1900 7.31249 rank 379
PROGRESS 1910 7.33248 rank 379
PROGRESS 1920 7.35435 rank 379
PROGRESS 1930 7.37568 rank 379
PROGRESS 1940 7.39602 rank 379
PROGRESS 1950 7.4166 rank 379
PROGRESS 1960 7.43749 rank 379
PROGRESS 1970 7.45932 rank 379
PROGRESS 1980 7.4792 rank 379
PROGRESS 1990 7.50322 rank 379
PROGRESS 2000 7.5276 rank 379
PROGRESS 2010 7.55192 rank 379
PROGRESS 2020 7.57734 rank 379
PROGRESS 2030 7.60212 rank 379
PROGRESS 2040 7.62732 rank 379
PROGRESS 2050 7.65316 rank 379
PROGRESS 2060 7.67902 rank 379
PROGRESS 2070 7.70423 rank 379
PROGRESS 2080 7.7533 rank 379
PROGRESS 2090 7.77915 rank 379
PROGRESS 2100 7.80481 rank 379
PROGRESS 2110 7.82902 rank 379
PROGRESS 2120 7.85547 rank 379
PROGRESS 2130 7.88194 rank 379
PROGRESS 2140 7.90619 rank 379
PROGRESS 2150 7.93141 rank 379
PROGRESS 2160 7.95761 rank 379
PROGRESS 2170 8.01045 rank 379
PROGRESS 2180 8.03424 rank 379
PROGRESS 2190 8.05783 rank 379
PROGRESS 2200 8.08125 rank 379
PROGRESS 2210 8.10458 rank 379
PROGRESS 2220 8.12753 rank 379
PROGRESS 2230 8.15012 rank 379
PROGRESS 2240 8.1733 rank 379
PROGRESS 2250 8.19431 rank 379
PROGRESS 2260 8.26552 rank 379
PROGRESS 2270 8.28896 rank 379
PROGRESS 2280 8.31206 rank 379
PROGRESS 2290 8.33448 rank 379
PROGRESS 2300 8.3572 rank 379
PROGRESS 2310 8.38004 rank 379
PROGRESS 2320 8.40329 rank 379
PROGRESS 2330 8.42645 rank 379
PROGRESS 2340 8.44937 rank 379
PROGRESS 2350 8.47179 rank 379
PROGRESS 2360 8.49331 rank 379
PROGRESS 2370 8.51444 rank 379
PROGRESS 2380 8.53606 rank 379
PROGRESS 2390 8.55913 rank 379
PROGRESS 2400 8.58237 rank 379
PROGRESS 2410 8.60489 rank 379
PROGRESS 2420 8.62689 rank 379
PROGRESS 2430 8.64856 rank 379
PROGRESS 2440 8.67156 rank 379
PROGRESS 2450 8.69503 rank 379
PROGRESS 2460 8.71798 rank 379
PROGRESS 2470 8.74161 rank 379
PROGRESS 2480 8.76552 rank 379
PROGRESS 2490 8.78965 rank 379
PROGRESS 2500 8.813 rank 379
PROGRESS 2510 8.83604 rank 379
PROGRESS 2520 8.85849 rank 379
PROGRESS 2530 8.88207 rank 379
PROGRESS 2540 8.90663 rank 379
PROGRESS 2550 8.93079 rank 379
PROGRESS 2560 8.95411 rank 379
PROGRESS 2570 8.97653 rank 379
PROGRESS 2580 8.99865 rank 379
PROGRESS 2590 9.01922 rank 379
PROGRESS 2600 9.03939 rank 379
PROGRESS 2610 9.06025 rank 379
PROGRESS 2620 9.0843 rank 379
PROGRESS 2630 9.10752 rank 379
PROGRESS 2640 9.14163 rank 379
PROGRESS 2650 9.16721 rank 379
PROGRESS 2660 9.19135 rank 379
PROGRESS 2670 9.21465 rank 379
PROGRESS 2680 9.25283 rank 379
PROGRESS 2690 9.27537 rank 379
PROGRESS 2700 9.29651 rank 379
PROGRESS 2710 9.31838 rank 379
PROGRESS 2720 9.34097 rank 379
PROGRESS 2730 9.36507 rank 379
PROGRESS 2740 9.38856 rank 379
PROGRESS 2750 9.41325 rank 379
PROGRESS 2760 9.43957 rank 379
PROGRESS 2770 9.49782 rank 379
PROGRESS 2780 9.52335 rank 379
PROGRESS 2790 9.55301 rank 379
PROGRESS 2800 9.57809 rank 379
PROGRESS 2810 9.71611 rank 379
PROGRESS 2820 9.80626 rank 379
PROGRESS 2830 9.83189 rank 379
PROGRESS 2840 9.85199 rank 379
PROGRESS 2850 9.87656 rank 379
PROGRESS 2860 9.9037 rank 379
PROGRESS 2870 9.9299 rank 379
PROGRESS 2880 9.95533 rank 379
PROGRESS 2890 9.98535 rank 379
PROGRESS 2900 10.0112 rank 379
PROGRESS 2910 10.0379 rank 379
PROGRESS 2920 10.0627 rank 379
PROGRESS 2930 10.0868 rank 379
PROGRESS 2940 10.111 rank 379
PROGRESS 2950 10.1363 rank 379
PROGRESS 2960 10.161 rank 379
PROGRESS 2970 10.1846 rank 379
PROGRESS 2980 10.2093 rank 379
PROGRESS 2990 10.2347 rank 379
PROGRESS 3000 10.2605 rank 379
PROGRESS 3010 10.2859 rank 379
PROGRESS 3020 10.3618 rank 379
PROGRESS 3030 10.3889 rank 379
PROGRESS 3040 10.4304 rank 379
PROGRESS 3050 10.4595 rank 379
PROGRESS 3060 10.4925 rank 379
PROGRESS 3070 10.5181 rank 379
PROGRESS 3080 10.5911 rank 379
PROGRESS 3090 10.6226 rank 379
PROGRESS 3100 10.6532 rank 379
PROGRESS 3110 10.6822 rank 379
PROGRESS 3120 10.7094 rank 379
PROGRESS 3130 10.7354 rank 379
PROGRESS 3140 10.761 rank 379
PROGRESS 3150 10.7857 rank 379
PROGRESS 3160 10.8114 rank 379
PROGRESS 3170 10.8366 rank 379
PROGRESS 3180 10.8622 rank 379
PROGRESS 3190 10.8867 rank 379
PROGRESS 3200 10.9133 rank 379
PROGRESS 3210 10.939 rank 379
PROGRESS 3220 10.9647 rank 379
PROGRESS 3230 10.9912 rank 379
PROGRESS 3240 11.0174 rank 379
PROGRESS 3250 11.0434 rank 379
PROGRESS 3260 11.0696 rank 379
PROGRESS 3270 11.0963 rank 379
PROGRESS 3280 11.122 rank 379
PROGRESS 3290 11.1478 rank 379
PROGRESS 3300 11.1728 rank 379
PROGRESS 3310 11.1987 rank 379
PROGRESS 3320 11.2254 rank 379
PROGRESS 3330 11.251 rank 379
PROGRESS 3340 11.2771 rank 379
PROGRESS 3350 11.3032 rank 379
PROGRESS 3360 11.3289 rank 379
PROGRESS 3370 11.3549 rank 379
PROGRESS 3380 11.3803 rank 379
PROGRESS 3390 11.4055 rank 379
PROGRESS 3400 11.4316 rank 379
PROGRESS 3410 11.4572 rank 379
PROGRESS 3420 11.4828 rank 379
PROGRESS 3430 11.5091 rank 379
PROGRESS 3440 11.5351 rank 379
PROGRESS 3450 11.5599 rank 379
PROGRESS 3460 11.5872 rank 379
PROGRESS 3470 11.6139 rank 379
PROGRESS 3480 11.639 rank 379
PROGRESS 3490 11.6647 rank 379
PROGRESS 3500 11.691 rank 379
PROGRESS 3510 11.716 rank 379
PROGRESS 3520 11.7412 rank 379
PROGRESS 3530 11.7675 rank 379
PROGRESS 3540 11.7933 rank 379
PROGRESS 3550 11.8182 rank 379
PROGRESS 3560 11.9018 rank 379
PROGRESS 3570 11.9667 rank 379
PROGRESS 3580 11.9969 rank 379
PROGRESS 3590 12.0174 rank 379
PROGRESS 3600 12.0417 rank 379
PROGRESS 3610 12.0658 rank 379
PROGRESS 3620 12.0892 rank 379
PROGRESS 3630 12.1131 rank 379
PROGRESS 3640 12.1374 rank 379
PROGRESS 3650 12.1627 rank 379
PROGRESS 3660 12.1987 rank 379
PROGRESS 3670 12.2413 rank 379
PROGRESS 3680 12.2646 rank 379
PROGRESS 3690 12.2897 rank 379
PROGRESS 3700 12.3179 rank 379
PROGRESS 3710 12.342 rank 379
PROGRESS 3720 12.3671 rank 379
PROGRESS 3730 12.3901 rank 379
PROGRESS 3740 12.414 rank 379
PROGRESS 3750 12.4395 rank 379
PROGRESS 3760 12.5062 rank 379
PROGRESS 3770 12.5325 rank 379
PROGRESS 3780 12.5966 rank 379
PROGRESS 3790 12.6347 rank 379
PROGRESS 3800 12.6665 rank 379
PROGRESS 3810 12.715 rank 379
PROGRESS 3820 12.7583 rank 379
PROGRESS 3830 12.7949 rank 379
PROGRESS 3840 12.8294 rank 379
PROGRESS 3850 12.861 rank 379
PROGRESS 3860 12.889 rank 379
PROGRESS 3870 12.9179 rank 379
PROGRESS 3880 12.9467 rank 379
PROGRESS 3890 12.9769 rank 379
PROGRESS 3900 13.0354 rank 379
PROGRESS 3910 13.0601 rank 379
PROGRESS 3920 13.0847 rank 379
PROGRESS 3930 13.1104 rank 379
PROGRESS 3940 13.1485 rank 379
PROGRESS 3950 13.1966 rank 379
PROGRESS 3960 13.2525 rank 379
PROGRESS 3970 13.2945 rank 379
PROGRESS 3980 13.3379 rank 379
PROGRESS 3990 13.3769 rank 379
PROGRESS 4000 13.444 rank 379
PROGRESS 4010 13.4754 rank 379
PROGRESS 4020 13.5146 rank 379
PROGRESS 4030 13.54 rank 379
PROGRESS 4040 13.5639 rank 379
PROGRESS 4050 13.5919 rank 379
PROGRESS 4060 13.6256 rank 379
PROGRESS 4070 13.6583 rank 379
PROGRESS 4080 13.6855 rank 379
PROGRESS 4090 13.7477 rank 379
PROGRESS 4100 13.7753 rank 379
PROGRESS 4110 13.803 rank 379
PROGRESS 4120 13.8252 rank 379
PROGRESS 4130 13.8474 rank 379
PROGRESS 4140 13.8707 rank 379
PROGRESS 4150 13.895 rank 379
PROGRESS 4160 13.9159 rank 379
PROGRESS 4170 13.9883 rank 379
PROGRESS 4180 14.0159 rank 379
PROGRESS 4190 14.0803 rank 379
PROGRESS 4200 14.1073 rank 379
PROGRESS 4210 14.1333 rank 379
PROGRESS 4220 14.1591 rank 379
PROGRESS 4230 14.185 rank 379
PROGRESS 4240 14.213 rank 379
PROGRESS 4250 14.24 rank 379
PROGRESS 4260 14.2669 rank 379
PROGRESS 4270 14.3115 rank 379
PROGRESS 4280 14.3362 rank 379
PROGRESS 4290 14.3614 rank 379
PROGRESS 4300 14.3945 rank 379
PROGRESS 4310 14.4204 rank 379
PROGRESS 4320 14.4473 rank 379
PROGRESS 4330 14.474 rank 379
PROGRESS 4340 14.5016 rank 379
PROGRESS 4350 14.5298 rank 379
PROGRESS 4360 14.5582 rank 379
PROGRESS 4370 14.586 rank 379
PROGRESS 4380 14.6125 rank 379
PROGRESS 4390 14.6385 rank 379
PROGRESS 4400 14.6646 rank 379
PROGRESS 4410 14.6919 rank 379
PROGRESS 4420 14.7187 rank 379
PROGRESS 4430 14.7476 rank 379
PROGRESS 4440 14.7803 rank 379
PROGRESS 4450 14.8121 rank 379
PROGRESS 4460 14.8479 rank 379
PROGRESS 4470 14.8768 rank 379
PROGRESS 4480 14.9028 rank 379
PROGRESS 4490 14.9286 rank 379
PROGRESS 4500 14.9543 rank 379
PROGRESS 4510 14.985 rank 379
PROGRESS 4520 15.011 rank 379
PROGRESS 4530 15.0366 rank 379
PROGRESS 4540 15.0631 rank 379
PROGRESS 4550 15.0893 rank 379
PROGRESS 4560 15.1151 rank 379
PROGRESS 4570 15.1408 rank 379
PROGRESS 4580 15.1777 rank 379
PROGRESS 4590 15.2113 rank 379
PROGRESS 4600 15.2407 rank 379
PROGRESS 4610 15.2883 rank 379
PROGRESS 4620 15.3459 rank 379
PROGRESS 4630 15.3724 rank 379
PROGRESS 4640 15.399 rank 379
PROGRESS 4650 15.4249 rank 379
PROGRESS 4660 15.4562 rank 379
PROGRESS 4670 15.484 rank 379
PROGRESS 4680 15.5108 rank 379
PROGRESS 4690 15.5374 rank 379
PROGRESS 4700 15.5729 rank 379
PROGRESS 4710 15.6107 rank 379
PROGRESS 4720 15.6372 rank 379
PROGRESS 4730 15.6627 rank 379
PROGRESS 4740 15.6884 rank 379
PROGRESS 4750 15.7142 rank 379
PROGRESS 4760 15.7391 rank 379
PROGRESS 4770 15.7658 rank 379
PROGRESS 4780 15.7921 rank 379
PROGRESS 4790 15.817 rank 379
PROGRESS 4800 15.8429 rank 379
PROGRESS 4810 15.8692 rank 379
PROGRESS 4820 15.8955 rank 379
PROGRESS 4830 15.9252 rank 379
PROGRESS 4840 15.9614 rank 379
PROGRESS 4850 16.0004 rank 379
PROGRESS 4860 16.036 rank 379
PROGRESS 4870 16.0672 rank 379
PROGRESS 4880 16.0991 rank 379
PROGRESS 4890 16.1353 rank 379
PROGRESS 4900 16.166 rank 379
PROGRESS 4910 16.1967 rank 379
PROGRESS 4920 16.2272 rank 379
PROGRESS 4930 16.2618 rank 379
PROGRESS 4940 16.2961 rank 379
PROGRESS 4950 16.3258 rank 379
PROGRESS 4960 16.3576 rank 379
PROGRESS 4970 16.3945 rank 379
PROGRESS 4980 16.4343 rank 379
PROGRESS 4990 16.4672 rank 379
PROGRESS 5000 16.4961 rank 379
PROGRESS 5010 16.5262 rank 379
PROGRESS 5020 16.5615 rank 379
PROGRESS 5030 16.5913 rank 379
PROGRESS 5040 16.6224 rank 379
PROGRESS 5050 16.6545 rank 379
PROGRESS 5060 16.6875 rank 379
PROGRESS 5070 16.7245 rank 379
PROGRESS 5080 16.764 rank 379
PROGRESS 5090 16.8033 rank 379
PROGRESS 5100 16.8434 rank 379
PROGRESS 5110 16.8782 rank 379
PROGRESS 5120 16.9164 rank 379
PROGRESS 5130 16.9524 rank 379
PROGRESS 5140 16.9877 rank 379
PROGRESS 5150 17.0219 rank 379
PROGRESS 5160 17.0544 rank 379
PROGRESS 5170 17.0862 rank 379
PROGRESS 5180 17.1177 rank 379
PROGRESS 5190 17.1493 rank 379
PROGRESS 5200 17.1907 rank 379
PROGRESS 5210 17.2284 rank 379
PROGRESS 5220 17.2639 rank 379
PROGRESS 5230 17.2952 rank 379
PROGRESS 5240 17.3297 rank 379
PROGRESS 5250 17.3702 rank 379
PROGRESS 5260 17.4137 rank 379
PROGRESS 5270 17.4533 rank 379
PROGRESS 5280 17.4802 rank 379
PROGRESS 5290 17.5144 rank 379
PROGRESS 5300 17.5504 rank 379
PROGRESS 5310 17.5873 rank 379
PROGRESS 5320 17.6266 rank 379
PROGRESS 5330 17.6589 rank 379
PROGRESS 5340 17.685 rank 379
PROGRESS 5350 17.7094 rank 379
PROGRESS 5360 17.731 rank 379
PROGRESS 5370 17.7537 rank 379
PROGRESS 5380 17.778 rank 379
PROGRESS 5390 17.8018 rank 379
PROGRESS 5400 17.8261 rank 379
PROGRESS 5410 17.8621 rank 379
PROGRESS 5420 17.897 rank 379
PROGRESS 5430 17.9313 rank 379
PROGRESS 5440 17.9571 rank 379
PROGRESS 5450 17.9919 rank 379
PROGRESS 5460 18.0202 rank 379
PROGRESS 5470 18.0595 rank 379
PROGRESS 5480 18.0974 rank 379
PROGRESS 5490 18.1307 rank 379
PROGRESS 5500 18.1638 rank 379
PROGRESS 5510 18.1914 rank 379
PROGRESS 5520 18.2191 rank 379
PROGRESS 5530 18.2559 rank 379
PROGRESS 5540 18.2984 rank 379
PROGRESS 5550 18.3431 rank 379
PROGRESS 5560 18.3963 rank 379
PROGRESS 5570 18.4485 rank 379
PROGRESS 5580 18.485 rank 379
PROGRESS 5590 18.52 rank 379
PROGRESS 5600 18.5566 rank 379
PROGRESS 5610 18.5896 rank 379
PROGRESS 5620 18.618 rank 379
PROGRESS 5630 18.6533 rank 379
PROGRESS 5640 18.6878 rank 379
PROGRESS 5650 18.7239 rank 379
PROGRESS 5660 18.7634 rank 379
PROGRESS 5670 18.8094 rank 379
PROGRESS 5680 18.852 rank 379
PROGRESS 5690 18.8878 rank 379
PROGRESS 5700 18.9163 rank 379
PROGRESS 5710 18.9415 rank 379
PROGRESS 5720 18.9661 rank 379
PROGRESS 5730 18.9911 rank 379
PROGRESS 5740 19.0102 rank 379
PROGRESS 5750 19.0288 rank 379
PROGRESS 5760 19.0631 rank 379
PROGRESS 5770 19.1015 rank 379
PROGRESS 5780 19.1478 rank 379
PROGRESS 5790 19.1939 rank 379
PROGRESS 5800 19.2203 rank 379
PROGRESS 5810 19.2803 rank 379
PROGRESS 5820 19.3137 rank 379
PROGRESS 5830 19.3735 rank 379
PROGRESS 5840 19.4186 rank 379
PROGRESS 5850 19.4565 rank 379
PROGRESS 5860 19.5054 rank 379
PROGRESS 5870 19.5963 rank 379
PROGRESS 5880 19.6567 rank 379
PROGRESS 5890 19.6891 rank 379
PROGRESS 5900 19.7278 rank 379
PROGRESS 5910 19.7651 rank 379
PROGRESS 5920 19.8009 rank 379
PROGRESS 5930 19.8393 rank 379
PROGRESS 5940 19.8699 rank 379
PROGRESS 5950 19.9065 rank 379
PROGRESS 5960 19.9444 rank 379
PROGRESS 5970 19.9679 rank 379
PROGRESS 5980 19.9985 rank 379
PROGRESS 5990 20.0419 rank 379
PROGRESS 6000 20.0917 rank 379
PROGRESS 6010 20.1242 rank 379
PROGRESS 6020 20.1765 rank 379
PROGRESS 6030 20.2119 rank 379
PROGRESS 6040 20.2387 rank 379
PROGRESS 6050 20.29 rank 379
PROGRESS 6060 20.3292 rank 379
PROGRESS 6070 20.358 rank 379
PROGRESS 6080 20.3936 rank 379
PROGRESS 6090 20.425 rank 379
PROGRESS 6100 20.4465 rank 379
PROGRESS 6110 20.4679 rank 379
PROGRESS 6120 20.4899 rank 379
PROGRESS 6130 20.5111 rank 379
PROGRESS 6140 20.5334 rank 379
PROGRESS 6150 20.5555 rank 379
PROGRESS 6160 20.5777 rank 379
PROGRESS 6170 20.5968 rank 379
PROGRESS 6180 20.6179 rank 379
PROGRESS 6190 20.6403 rank 379
PROGRESS 6200 20.6607 rank 379
PROGRESS 6210 20.6809 rank 379
PROGRESS 6220 20.7004 rank 379
PROGRESS 6230 20.723 rank 379
PROGRESS 6240 20.7452 rank 379
PROGRESS 6250 20.7719 rank 379
PROGRESS 6260 20.8059 rank 379
PROGRESS 6270 20.8527 rank 379
PROGRESS 6280 20.8975 rank 379
PROGRESS 6290 20.9447 rank 379
PROGRESS 6300 20.9913 rank 379
PROGRESS 6310 21.0325 rank 379
PROGRESS 6320 21.076 rank 379
PROGRESS 6330 21.1523 rank 379
PROGRESS 6340 21.2063 rank 379
PROGRESS 6350 21.254 rank 379
PROGRESS 6360 21.2891 rank 379
PROGRESS 6370 21.3147 rank 379
PROGRESS 6380 21.3398 rank 379
PROGRESS 6390 21.3649 rank 379
PROGRESS 6400 21.3977 rank 379
PROGRESS 6410 21.4236 rank 379
PROGRESS 6420 21.4542 rank 379
PROGRESS 6430 21.4914 rank 379
PROGRESS 6440 21.5164 rank 379
PROGRESS 6450 21.5411 rank 379
PROGRESS 6460 21.5652 rank 379
PROGRESS 6470 21.5964 rank 379
PROGRESS 6480 21.6446 rank 379
PROGRESS 6490 21.6884 rank 379
PROGRESS 6500 21.7408 rank 379
PROGRESS 6510 21.7944 rank 379
PROGRESS 6520 21.8516 rank 379
PROGRESS 6530 21.9037 rank 379
PROGRESS 6540 21.9588 rank 379
PROGRESS 6550 22.0196 rank 379
PROGRESS 6560 22.0656 rank 379
PROGRESS 6570 22.1126 rank 379
PROGRESS 6580 22.1496 rank 379
PROGRESS 6590 22.1906 rank 379
PROGRESS 6600 22.2419 rank 379
PROGRESS 6610 22.288 rank 379
PROGRESS 6620 22.3315 rank 379
PROGRESS 6630 22.3699 rank 379
PROGRESS 6640 22.408 rank 379
PROGRESS 6650 22.4436 rank 379
PROGRESS 6660 22.4796 rank 379
PROGRESS 6670 22.5204 rank 379
PROGRESS 6680 22.5634 rank 379
PROGRESS 6690 22.6044 rank 379
PROGRESS 6700 22.6454 rank 379
PROGRESS 6710 22.6796 rank 379
PROGRESS 6720 22.7081 rank 379
PROGRESS 6730 22.7368 rank 379
PROGRESS 6740 22.7684 rank 379
PROGRESS 6750 22.7967 rank 379
PROGRESS 6760 22.8247 rank 379
PROGRESS 6770 22.8524 rank 379
PROGRESS 6780 22.8864 rank 379
PROGRESS 6790 22.9193 rank 379
PROGRESS 6800 22.956 rank 379
PROGRESS 6810 22.9944 rank 379
PROGRESS 6820 23.0548 rank 379
PROGRESS 6830 23.0994 rank 379
PROGRESS 6840 23.1371 rank 379
PROGRESS 6850 23.1696 rank 379
PROGRESS 6860 23.2107 rank 379
PROGRESS 6870 23.2502 rank 379
PROGRESS 6880 23.2846 rank 379
PROGRESS 6890 23.3184 rank 379
PROGRESS 6900 23.3612 rank 379
PROGRESS 6910 23.3952 rank 379
PROGRESS 6920 23.4311 rank 379
PROGRESS 6930 23.4673 rank 379
PROGRESS 6940 23.5062 rank 379
PROGRESS 6950 23.5474 rank 379
PROGRESS 6960 23.5889 rank 379
PROGRESS 6970 23.628 rank 379
PROGRESS 6980 23.706 rank 379
PROGRESS 6990 23.7431 rank 379
PROGRESS 7000 23.7778 rank 379
PROGRESS 7010 23.824 rank 379
PROGRESS 7020 23.8542 rank 379
PROGRESS 7030 23.8861 rank 379
PROGRESS 7040 23.9158 rank 379
PROGRESS 7050 23.9486 rank 379
PROGRESS 7060 23.9914 rank 379
PROGRESS 7070 24.0308 rank 379
PROGRESS 7080 24.0637 rank 379
PROGRESS 7090 24.0944 rank 379
PROGRESS 7100 24.1278 rank 379
PROGRESS 7110 24.1924 rank 379
PROGRESS 7120 24.2337 rank 379
PROGRESS 7130 24.2791 rank 379
PROGRESS 7140 24.3219 rank 379
PROGRESS 7150 24.3597 rank 379
PROGRESS 7160 24.3967 rank 379
PROGRESS 7170 24.4283 rank 379
PROGRESS 7180 24.4695 rank 379
PROGRESS 7190 24.5015 rank 379
PROGRESS 7200 24.5412 rank 379
PROGRESS 7210 24.5649 rank 379
PROGRESS 7220 24.5895 rank 379
PROGRESS 7230 24.614 rank 379
PROGRESS 7240 24.6393 rank 379
PROGRESS 7250 24.663 rank 379
PROGRESS 7260 24.6871 rank 379
PROGRESS 7270 24.7122 rank 379
PROGRESS 7280 24.7387 rank 379
PROGRESS 7290 24.7727 rank 379
PROGRESS 7300 24.8155 rank 379
PROGRESS 7310 24.8547 rank 379
PROGRESS 7320 24.8898 rank 379
PROGRESS 7330 24.9214 rank 379
PROGRESS 7340 24.971 rank 379
PROGRESS 7350 24.9935 rank 379
PROGRESS 7360 25.0145 rank 379
PROGRESS 7370 25.0419 rank 379
PROGRESS 7380 25.0794 rank 379
PROGRESS 7390 25.104 rank 379
PROGRESS 7400 25.1314 rank 379
PROGRESS 7410 25.1718 rank 379
PROGRESS 7420 25.2066 rank 379
PROGRESS 7430 25.2408 rank 379
PROGRESS 7440 25.2797 rank 379
PROGRESS 7450 25.3117 rank 379
PROGRESS 7460 25.35 rank 379
PROGRESS 7470 25.3811 rank 379
PROGRESS 7480 25.4172 rank 379
PROGRESS 7490 25.449 rank 379
PROGRESS 7500 25.482 rank 379
PROGRESS 7510 25.5223 rank 379
PROGRESS 7520 25.6038 rank 379
PROGRESS 7530 25.6397 rank 379
PROGRESS 7540 25.6772 rank 379
PROGRESS 7550 25.7115 rank 379
PROGRESS 7560 25.8026 rank 379
PROGRESS 7570 25.8532 rank 379
PROGRESS 7580 25.9004 rank 379
PROGRESS 7590 25.9201 rank 379
PROGRESS 7600 25.9951 rank 379
PROGRESS 7610 26.0303 rank 379
PROGRESS 7620 26.0567 rank 379
PROGRESS 7630 26.0831 rank 379
PROGRESS 7640 26.1719 rank 379
PROGRESS 7650 26.1965 rank 379
PROGRESS 7660 26.2216 rank 379
PROGRESS 7670 26.2461 rank 379
PROGRESS 7680 26.2712 rank 379
PROGRESS 7690 26.2956 rank 379
PROGRESS 7700 26.3265 rank 379
PROGRESS 7710 26.3957 rank 379
PROGRESS 7720 26.4221 rank 379
PROGRESS 7730 26.4476 rank 379
PROGRESS 7740 26.472 rank 379
PROGRESS 7750 26.4972 rank 379
PROGRESS 7760 26.5228 rank 379
PROGRESS 7770 26.548 rank 379
PROGRESS 7780 26.5723 rank 379
PROGRESS 7790 26.5974 rank 379
PROGRESS 7800 26.6232 rank 379
PROGRESS 7810 26.6494 rank 379
PROGRESS 7820 26.732 rank 379
PROGRESS 7830 26.7562 rank 379
PROGRESS 7840 26.8448 rank 379
PROGRESS 7850 26.8734 rank 379
PROGRESS 7860 26.9074 rank 379
PROGRESS 7870 26.9438 rank 379
PROGRESS 7880 26.976 rank 379
PROGRESS 7890 27.0097 rank 379
PROGRESS 7900 27.0785 rank 379
PROGRESS 7910 27.0991 rank 379
PROGRESS 7920 27.1644 rank 379
PROGRESS 7930 27.1915 rank 379
PROGRESS 7940 27.2393 rank 379
PROGRESS 7950 27.2634 rank 379
PROGRESS 7960 27.2886 rank 379
PROGRESS 7970 27.3467 rank 379
PROGRESS 7980 27.3724 rank 379
PROGRESS 7990 27.3963 rank 379
PROGRESS 8000 27.4613 rank 379
PROGRESS 8010 27.4982 rank 379
PROGRESS 8020 27.548 rank 379
PROGRESS 8030 27.5753 rank 379
PROGRESS 8040 27.6702 rank 379
PROGRESS 8050 27.6966 rank 379
PROGRESS 8060 27.7218 rank 379
PROGRESS 8070 27.7479 rank 379
PROGRESS 8080 27.7841 rank 379
PROGRESS 8090 27.8265 rank 379
PROGRESS 8100 27.8568 rank 379
PROGRESS 8110 27.8832 rank 379
PROGRESS 8120 27.9529 rank 379
PROGRESS 8130 27.9794 rank 379
PROGRESS 8140 28.0059 rank 379
PROGRESS 8150 28.0312 rank 379
PROGRESS 8160 28.0619 rank 379
PROGRESS 8170 28.1021 rank 379
PROGRESS 8180 28.1367 rank 379
PROGRESS 8190 28.1692 rank 379
PROGRESS 8200 28.2038 rank 379
PROGRESS 8210 28.2309 rank 379
PROGRESS 8220 28.2587 rank 379
PROGRESS 8230 28.2856 rank 379
PROGRESS 8240 28.3202 rank 379
PROGRESS 8250 28.3554 rank 379
PROGRESS 8260 28.3862 rank 379
PROGRESS 8270 28.4177 rank 379
PROGRESS 8280 28.4471 rank 379
PROGRESS 8290 28.4761 rank 379
PROGRESS 8300 28.503 rank 379
PROGRESS 8310 28.5301 rank 379
PROGRESS 8320 28.5544 rank 379
PROGRESS 8330 28.5864 rank 379
PROGRESS 8340 28.6158 rank 379
PROGRESS 8350 28.6452 rank 379
PROGRESS 8360 28.6737 rank 379
PROGRESS 8370 28.7007 rank 379
PROGRESS 8380 28.728 rank 379
PROGRESS 8390 28.754 rank 379
PROGRESS 8400 28.7794 rank 379
PROGRESS 8410 28.8481 rank 379
PROGRESS 8420 28.8878 rank 379
PROGRESS 8430 28.9178 rank 379
PROGRESS 8440 28.9449 rank 379
PROGRESS 8450 28.9807 rank 379
PROGRESS 8460 29.0147 rank 379
PROGRESS 8470 29.041 rank 379
PROGRESS 8480 29.0676 rank 379
PROGRESS 8490 29.095 rank 379
PROGRESS 8500 29.1258 rank 379
PROGRESS 8510 29.1543 rank 379
PROGRESS 8520 29.1827 rank 379
PROGRESS 8530 29.2107 rank 379
PROGRESS 8540 29.2414 rank 379
PROGRESS 8550 29.2708 rank 379
PROGRESS 8560 29.2969 rank 379
PROGRESS 8570 29.3245 rank 379
PROGRESS 8580 29.3493 rank 379
PROGRESS 8590 29.3747 rank 379
PROGRESS 8600 29.403 rank 379
PROGRESS 8610 29.4292 rank 379
PROGRESS 8620 29.4547 rank 379
PROGRESS 8630 29.4804 rank 379
PROGRESS 8640 29.5052 rank 379
PROGRESS 8650 29.5344 rank 379
PROGRESS 8660 29.5624 rank 379
PROGRESS 8670 29.5947 rank 379
PROGRESS 8680 29.6278 rank 379
PROGRESS 8690 29.6585 rank 379
PROGRESS 8700 29.691 rank 379
PROGRESS 8710 29.7164 rank 379
PROGRESS 8720 29.7479 rank 379
PROGRESS 8730 29.7744 rank 379
PROGRESS 8740 29.8033 rank 379
PROGRESS 8750 29.8267 rank 379
PROGRESS 8760 29.8582 rank 379
PROGRESS 8770 29.8873 rank 379
PROGRESS 8780 29.9166 rank 379
PROGRESS 8790 29.944 rank 379
PROGRESS 8800 29.9711 rank 379
END trials 8807 elapsed 30.0061
