best 53 valid 35 accepted 14 score 38.9742 min 37 families [38, 37, 37, 38, 39] time 0.3
best 71 valid 45 accepted 18 score 38.9865 min 37 families [39, 37, 37, 39, 39] time 0.5
best 77 valid 49 accepted 21 score 39.9835 min 38 families [38, 38, 39, 38, 38] time 0.6
best 89 valid 56 accepted 25 score 41.0278 min 39 families [39, 39, 39, 39, 39] time 0.6
best 91 valid 58 accepted 27 score 41.0368 min 39 families [39, 39, 39, 39, 39] time 0.7
best 94 valid 60 accepted 28 score 42.1857 min 40 families [40, 40, 41, 42, 44] time 0.7
best 107 valid 69 accepted 30 score 42.2576 min 40 families [42, 40, 42, 41, 46] time 0.8
best 109 valid 71 accepted 31 score 43.2752 min 41 families [42, 44, 43, 41, 46] time 0.8
best 265 valid 157 accepted 55 score 44.178 min 42 families [42, 44, 42, 42, 42] time 1.8
best 267 valid 159 accepted 56 score 44.1819 min 42 families [42, 42, 42, 42, 42] time 1.8
best 272 valid 163 accepted 57 score 45.262 min 43 families [43, 45, 44, 43, 43] time 1.9
best 277 valid 168 accepted 58 score 46.2531 min 44 families [44, 44, 44, 44, 44] time 2.5
best 394 valid 241 accepted 64 score 46.2905 min 44 families [45, 44, 44, 45, 45] time 4.1
best 400 valid 244 accepted 65 score 46.3033 min 44 families [45, 44, 45, 45, 44] time 4.1
best 487 valid 294 accepted 77 score 46.3245 min 44 families [45, 44, 45, 45, 46] time 5.2
best 692 valid 418 accepted 100 score 47.3367 min 45 families [46, 45, 45, 45, 46] time 6.7
best 752 valid 454 accepted 102 score 47.3495 min 45 families [46, 45, 45, 45, 46] time 7.0
best 774 valid 466 accepted 107 score 47.363 min 45 families [45, 45, 45, 45, 45] time 7.2
best 782 valid 473 accepted 110 score 48.4505 min 46 families [48, 48, 48, 46, 48] time 7.4
best 792 valid 479 accepted 113 score 48.4847 min 46 families [46, 46, 46, 49, 49] time 7.5
best 806 valid 489 accepted 117 score 49.4176 min 47 families [47, 47, 47, 47, 47] time 7.7
best 822 valid 498 accepted 119 score 49.4246 min 47 families [47, 47, 47, 47, 47] time 7.9
best 852 valid 516 accepted 126 score 50.5363 min 48 families [48, 48, 48, 48, 48] time 8.2
best 870 valid 528 accepted 129 score 53.8263 min 51 families [56, 55, 55, 51, 55] time 8.5
best 908 valid 557 accepted 136 score 55.7459 min 53 families [54, 53, 54, 53, 53] time 9.8
best 1041 valid 645 accepted 156 score 55.802 min 53 families [53, 54, 56, 54, 53] time 11.7
best 1149 valid 717 accepted 171 score 56.8186 min 54 families [56, 56, 54, 54, 54] time 13.2
best 1942 valid 1237 accepted 246 score 56.8253 min 54 families [56, 56, 54, 54, 54] time 25.0
best 2236 valid 1423 accepted 276 score 57.8544 min 55 families [56, 56, 56, 56, 55] time 28.5
best 7178 valid 4461 accepted 757 score 57.8548 min 55 families [56, 56, 56, 55, 55] time 85.4
best 7531 valid 4691 accepted 801 score 57.859 min 55 families [55, 57, 56, 55, 56] time 90.0
best 9342 valid 5854 accepted 962 score 57.8647 min 55 families [58, 59, 55, 55, 55] time 111.5
best 9983 valid 6274 accepted 1027 score 57.8899 min 55 families [58, 58, 55, 55, 55] time 118.9
done improved-grid 10134 6367 1041 best 57.889944444444446
