best 50 iterations 1 time 5.1171e-05 support 5252 318 6618 2191 7485 2934 255 1175 7983 1970 4861 1160
best 48 iterations 2 time 0.000250105 support 5252 318 6618 2191 7485 2934 255 1175 7983 1970 4861 4771
best 46 iterations 3 time 0.000482219 support 5252 318 6618 2191 7485 2934 255 1175 7983 1970 4861 7501
best 44 iterations 5 time 0.000654282 support 5252 318 6618 2191 7485 3827 255 1175 7983 1970 4861 4832
best 42 iterations 24 time 0.00137459 support 328 601 3718 680 6974 3827 3815 1587 5149 5227 283 4249
best 40 iterations 25 time 0.00148734 support 328 601 3718 6485 6974 3827 3815 1587 5149 5227 283 4249
best 38 iterations 27 time 0.00162891 support 328 601 3718 7591 6974 3827 3815 1587 3970 5227 283 4249
best 34 iterations 58 time 0.00288375 support 3823 1836 3718 4427 7091 4439 4730 6880 4672 5428 6884 4841
best 32 iterations 72 time 0.00346352 support 7462 1836 3718 1368 7091 800 4730 4446 2759 603 7482 4667
best 30 iterations 139 time 0.00587397 support 344 4995 6356 805 587 3362 5025 3049 5246 6415 6070 3377
best 28 iterations 623 time 0.0223576 support 3888 2464 1177 2657 3677 3650 3545 553 7989 2493 8023 5011
best 26 iterations 3774 time 0.124723 support 6520 1475 4553 6350 3312 6973 4818 6367 5374 2485 4525 7000
best 24 iterations 8852 time 0.295853 support 7810 1201 5040 465 7235 4070 5113 3975 7181 7835 1166 570
best 22 iterations 23798 time 0.791671 support 2014 4796 5410 1064 3586 4296 1939 3669 5499 978 4795 977
best 20 iterations 40371 time 1.31063 support 7186 6701 1770 5009 5607 99 7217 6031 5555 5156 5225 91
best 18 iterations 54327 time 1.73613 support 7939 5505 4813 7958 808 5046 5533 858 6937 560 7130 524
best 16 iterations 61159 time 1.94243 support 7912 1980 1089 1471 3391 2084 2034 1040 1443 1335 3369 5533
best 14 iterations 107098 time 3.3045 support 792 7936 6737 1927 7623 4705 1536 7998 6669 805 4612 1932
best 12 iterations 118538 time 3.61499 support 4485 4513 1906 242 5517 23 196 1801 7824 5599 112 7934
best 10 iterations 140451 time 4.2469 support 445 3510 4248 2434 6215 4745 4274 2494 3518 6590 6579 392
best 8 iterations 1130558 time 34.8801 support 5717 1879 143 5684 3722 7899 148 7858 7843 7809 1816 3838
best 6 iterations 4367627 time 176.383 support 4689 3138 4656 861 786 902 6430 6418 3706 3087 997 3391
