{
  "core_score": 0.26944351384357,
  "worst_family_score": 0.28496941916819674,
  "rmse_hartree": 7.3055648615643e-05,
  "worst_family_rmse_hartree": 0.00017875764520795082,
  "family_rmse_hartree": {
    "bridge": 3.5428206674132685e-06,
    "collective": 5.3566723184859035e-06,
    "density": 1.0249772000761682e-06,
    "frustrated": 0.00017875764520795082,
    "local": 4.032504630895837e-07,
    "mixed": 5.10022958467972e-06
  },
  "maximum_absolute_error_hartree": 0.0003155267522153976,
  "resource_score": 0.5,
  "maximum_query_cost": 160,
  "runtime_seconds": 32.149105632910505,
  "passed": false,
  "valid": true,
  "reason": "energy accuracy target missed"
}
