{
  "diagnostic_only": true,
  "official_hidden_assay": false,
  "valid": true,
  "passed": false,
  "reason": "public training diagnostic does not meet all conditions",
  "core_score": 1.5640533312932803e-05,
  "worst_family_score": 0.0,
  "family_scores": {
    "nominal": 3.1281066625865606e-05,
    "perturbed_assay": 0.0
  },
  "nominal": {
    "valid": true,
    "passed": false,
    "reason": "admissible, target not met",
    "core_score": 3.1281066625865606e-05,
    "admissibility": {
      "hf_weight": true,
      "spectral_gap": true,
      "diagonal_margin": true,
      "eigen_residual": true
    },
    "witness_checks": {
      "all_triples_small": true,
      "material_tail": false,
      "large_ratio": false
    },
    "numerical_valid": true,
    "metrics": {
      "full_energy_eh": -3.0366317681827715,
      "third_order_energy_eh": -3.036631769746825,
      "tail_eh": 1.5640533312932803e-09,
      "max_abs_triple_eh": 8.086149838604229e-08,
      "tail_to_parent_ratio": 0.01934237384306566,
      "hf_weight": 0.9857154097519659,
      "spectral_gap_eh": 0.9742177165525239,
      "diagonal_margin_eh": 0.9657140146540568
    },
    "max_numerical_error_eh": 8.881784197001252e-16
  },
  "perturbed_assay": {
    "case_count": 64,
    "required_successes": 61,
    "successes": 0,
    "success_fraction": 0.0,
    "physically_valid_cases": 64,
    "failure_counts_nonexclusive": {
      "witness_checks.material_tail": 64,
      "witness_checks.large_ratio": 64
    },
    "metric_ranges": {
      "full_energy_eh": {
        "min": -3.036639802940123,
        "max": -3.0366235527130128
      },
      "third_order_energy_eh": {
        "min": -3.036639804234142,
        "max": -3.036623554373455
      },
      "tail_eh": {
        "min": 6.940639174501939e-10,
        "max": 2.190034376070571e-09
      },
      "max_abs_triple_eh": {
        "min": 4.952803456248489e-08,
        "max": 1.0951771312051051e-07
      },
      "tail_to_parent_ratio": {
        "min": 0.010523968232097482,
        "max": 0.02603199116893736
      },
      "hf_weight": {
        "min": 0.9857059480385649,
        "max": 0.9857265206760909
      },
      "spectral_gap_eh": {
        "min": 0.9741915822306453,
        "max": 0.974229648576463
      },
      "diagonal_margin_eh": {
        "min": 0.9657140146540568,
        "max": 0.9657140146540568
      }
    },
    "max_numerical_error_eh": 3.1086244689504383e-15
  },
  "runtime_seconds": 1.8874673020327464
}
