fit 10 5500.0 43 1.501361509
design 2.086543939
allocate [0, 0, 0, 2205, 193, 2353, 0, 2463, 0, 2002, 1588, 924, 0, 0, 0, 0, 0, 0, 0, 0, 1525, 0, 0, 507, 0, 0, 0, 0, 0, 0, 0, 671, 0, 0, 0, 500, 0, 0, 0, 0, 0, 0, 0, 474, 0, 0, 0, 0, 1502, 0, 0, 0, 0, 0, 0, 0, 0]
fit 10 22407.0 83 3.004089339
design 3.426912649
allocate [0, 0, 0, 2800, 906, 2864, 0, 3996, 0, 3210, 2668, 875, 0, 0, 0, 0, 0, 0, 0, 0, 0, 0, 0, 0, 0, 0, 0, 0, 0, 0, 0, 0, 0, 0, 0, 274, 0, 0, 0, 0, 0, 0, 0, 0, 0, 0, 0, 0, 0, 0, 0, 0, 0, 0, 0, 0, 0]
fit 10 40000.0 121 4.656053388
fit 12 40000.0 141 7.929384997
fit 14 40000.0 157 16.598605723
complete 17.437956663
{
  "episode": 3,
  "seed": 210,
  "random": true,
  "scores": {
    "boundary": 0.04658119546910972,
    "bulk": 0.06003273383385336,
    "hook": 0.04680580848012221,
    "rare": 0.045712375709859296
  },
  "cpu": 16.561741862999998,
  "shots": 40000,
  "queries": 52,
  "rss": 123888
}
