0 site 24.72647662236594 39.190198221 [2, 2, 2, 2, 2, 2, 2, 2, 2, 2, 2, 2, 2, 2, 2, 2, 2, 2, 2, 2, 2, 2, 2, 2, 2, 2, 2, 2, 2, 2, 2, 2, 2, 2, 2, 2, 2, 2, 2]
1 site 24.34882945996887 39.074938921000005 [4, 4, 4, 4, 4, 4, 4, 4, 4, 4, 4, 4, 4, 4, 4, 4, 4, 4, 4, 4, 4, 4, 4, 4, 4, 4, 4, 4, 4, 4, 4, 4, 4, 4, 4, 4, 4, 4, 4]
2 site 24.337607461654457 38.904830151000006 [8, 8, 8, 8, 8, 8, 8, 8, 8, 8, 8, 8, 8, 8, 8, 8, 8, 8, 8, 8, 8, 8, 8, 8, 8, 8, 8, 8, 8, 8, 8, 8, 8, 8, 8, 8, 8, 8, 7]
3 pair 24.33741255683899 38.303827721000005 [7, 8, 8, 8, 8, 8, 8, 8, 8, 8, 8, 8, 8, 8, 8, 8, 8, 8, 8, 8, 8, 8, 8, 8, 8, 8, 8, 8, 8, 8, 8, 8, 8, 8, 8, 8, 8, 8, 7]
4 site 24.337356420100175 38.124667591000005 [8, 8, 8, 8, 8, 8, 8, 8, 8, 8, 8, 8, 8, 8, 8, 8, 8, 8, 8, 8, 8, 8, 8, 8, 8, 8, 8, 8, 8, 8, 8, 8, 8, 8, 8, 8, 8, 8, 7]
5 site 24.337355256023624 37.951570211 [8, 8, 8, 8, 8, 8, 8, 8, 8, 8, 8, 8, 8, 8, 8, 8, 8, 8, 8, 8, 8, 8, 8, 8, 8, 8, 8, 8, 8, 8, 8, 8, 8, 8, 8, 8, 8, 8, 7]
6 site 24.337354830658647 37.803585081 [7, 8, 8, 8, 8, 8, 8, 8, 8, 8, 8, 8, 8, 8, 8, 8, 8, 8, 8, 8, 8, 8, 8, 8, 8, 8, 8, 8, 8, 8, 8, 8, 8, 8, 8, 8, 8, 8, 7]
7 site 24.337354118827704 37.629540121000005 [7, 8, 8, 8, 8, 8, 8, 8, 8, 8, 8, 8, 8, 8, 8, 8, 8, 8, 8, 8, 8, 8, 8, 8, 8, 8, 8, 8, 8, 8, 8, 8, 8, 8, 8, 8, 8, 8, 7]
8 site 24.337353665001274 37.456946901 [7, 8, 8, 8, 8, 8, 8, 8, 8, 8, 8, 8, 8, 8, 8, 8, 8, 8, 8, 8, 8, 8, 8, 8, 8, 8, 8, 8, 8, 8, 8, 8, 8, 8, 8, 8, 8, 8, 7]
9 site 24.337353367188726 37.276405361 [7, 8, 8, 8, 8, 8, 8, 8, 8, 8, 8, 8, 8, 8, 8, 8, 8, 8, 8, 8, 8, 8, 8, 8, 8, 8, 8, 8, 8, 8, 8, 8, 8, 8, 8, 8, 8, 8, 7]
10 site 24.337353239668982 37.099646392000004 [7, 8, 8, 8, 8, 8, 8, 8, 8, 8, 8, 8, 8, 8, 8, 8, 8, 8, 8, 8, 8, 8, 8, 8, 8, 8, 8, 8, 8, 8, 8, 8, 8, 8, 8, 8, 8, 8, 7]
11 site 24.33735319233329 36.931393072000006 [7, 8, 8, 8, 8, 8, 8, 8, 8, 8, 8, 8, 8, 8, 8, 8, 8, 8, 8, 8, 8, 8, 8, 8, 8, 8, 8, 8, 8, 8, 8, 8, 8, 8, 8, 8, 8, 8, 7]
candidate 1 -1 1.0424766472283409e-07 3
candidate 1 1 1.7734491208898362e-07 3
candidate 2 -1 4.847784538242195e-07 3
candidate 2 1 -6.177132405582597e-08 2
candidate 3 -1 7.78019483504977e-07 3
candidate 3 1 6.430803232149174e-07 3
candidate 4 -1 1.162428990397757e-06 3
candidate 4 1 1.7374986285290106e-06 3
candidate 5 -1 1.900460084414135e-06 3
candidate 5 1 2.795093994478748e-06 3
candidate 6 -1 2.144862722985863e-06 3
candidate 6 1 3.746714877905788e-06 3
candidate 7 -1 2.297841561471614e-06 3
candidate 7 1 4.5440225555637426e-06 3
candidate 8 -1 2.633126399587127e-06 3
candidate 8 1 5.104473892458827e-06 3
candidate 9 -1 3.200214493404019e-06 3
candidate 9 1 5.475350892680808e-06 3
candidate 10 -1 3.880992000659944e-06 3
candidate 10 1 5.736782590304301e-06 3
candidate 11 -1 4.376024392627187e-06 3
candidate 11 1 5.959321519810601e-06 3
candidate 12 -1 4.592838195094373e-06 3
candidate 12 1 6.222357605167872e-06 3
candidate 13 -1 4.7142668258004505e-06 3
candidate 13 1 6.626244161367367e-06 3
candidate 14 -1 4.7490315218112755e-06 3
candidate 14 1 7.257381462011381e-06 3
candidate 15 -1 4.627344559082758e-06 3
candidate 15 1 8.042367394267558e-06 3
candidate 16 -1 5.271903610548634e-06 3
candidate 16 1 8.277352534946658e-06 3
candidate 17 -1 5.688017356675346e-06 3
candidate 17 1 6.162995024538986e-06 3
candidate 18 -1 1.458373176888017e-06 3
candidate 18 1 8.313155461792121e-07 3
candidate 19 -1 2.2901041063505545e-09 1
candidate 19 1 2.553051103859616e-10 1
candidate 20 -1 1.4038628961543509e-06 3
candidate 20 1 7.686100431669729e-07 3
candidate 21 -1 5.046647881812305e-06 3
candidate 21 1 6.726372802745573e-06 3
candidate 22 -1 5.178550381401692e-06 3
candidate 22 1 8.491406816801828e-06 3
candidate 23 -1 4.662636445829094e-06 3
candidate 23 1 8.215604619721262e-06 3
candidate 24 -1 4.488417495451813e-06 3
candidate 24 1 7.436542460936835e-06 3
candidate 25 -1 4.537656462133555e-06 3
candidate 25 1 6.8053833892633975e-06 3
candidate 26 -1 4.033091158817115e-06 3
candidate 26 1 6.3987635243734076e-06 3
candidate 27 -1 3.70167595420412e-06 3
candidate 27 1 6.105719297266887e-06 3
candidate 28 -1 3.549514485001737e-06 3
candidate 28 1 5.825811367543565e-06 3
candidate 29 -1 3.3478171381773336e-06 3
candidate 29 1 5.501491123993674e-06 3
candidate 30 -1 2.9402269454692487e-06 3
candidate 30 1 5.094748651401915e-06 3
candidate 31 -1 2.435107205656095e-06 3
candidate 31 1 4.5563169450701935e-06 3
candidate 32 -1 2.0244129821378465e-06 3
candidate 32 1 3.805464853456897e-06 3
candidate 33 -1 1.7570633303876093e-06 3
candidate 33 1 2.8448058877472704e-06 3
candidate 34 -1 1.2599968997051292e-06 3
candidate 34 1 1.7554206230840919e-06 3
candidate 35 -1 7.660766137007613e-07 3
candidate 35 1 6.562875114468625e-07 3
candidate 36 -1 4.989493156415392e-07 3
candidate 36 1 -6.715276512636592e-08 2
candidate 37 -1 9.96726825519545e-08 3
candidate 37 1 2.2207665395512777e-07 3
candidate 37 -1 9.967267189381346e-08 3
candidate 37 1 2.220766646132688e-07 3
candidate 36 -1 7.952749214723553e-08 3
candidate 36 1 4.499745426045365e-06 3
candidate 35 -1 7.766656331398281e-07 3
candidate 35 1 6.036874218295907e-07 3
candidate 34 -1 1.2639288442528596e-06 3
candidate 34 1 1.7413368595953216e-06 3
candidate 33 -1 1.7574065473979772e-06 3
candidate 33 1 2.839237733809341e-06 3
candidate 32 -1 2.024465700856126e-06 3
candidate 32 1 3.8026020448000963e-06 3
candidate 31 -1 2.435122549826474e-06 3
candidate 31 1 4.554866610106956e-06 3
candidate 30 -1 2.94024403046933e-06 3
candidate 30 1 5.093966567670805e-06 3
candidate 29 -1 3.3478359213745534e-06 3
candidate 29 1 5.501044963551749e-06 3
candidate 28 -1 3.549529701274423e-06 3
candidate 28 1 5.825539204806773e-06 3
candidate 27 -1 3.701688509494261e-06 3
candidate 27 1 6.105548699508745e-06 3
candidate 26 -1 4.033106243639395e-06 3
candidate 26 1 6.3986491340983775e-06 3
candidate 25 -1 4.537670701409979e-06 3
candidate 25 1 6.805303257806372e-06 3
candidate 24 -1 4.488384298895198e-06 3
candidate 24 1 7.436484697365131e-06 3
candidate 23 -1 4.662603828364809e-06 3
candidate 23 1 8.215567845581973e-06 3
candidate 22 -1 5.178547116457821e-06 3
candidate 22 1 8.491388996390015e-06 3
candidate 21 -1 5.046651534001967e-06 3
candidate 21 1 6.726372369314504e-06 3
candidate 20 -1 1.4038618623146704e-06 3
candidate 20 1 7.686064300571616e-07 3
candidate 19 -1 2.290150291628379e-09 1
candidate 19 1 2.553619538048224e-10 1
candidate 18 -1 1.4583737062423552e-06 3
candidate 18 1 8.313137271898086e-07 3
candidate 17 -1 5.688021989413983e-06 3
candidate 17 1 6.163001081915809e-06 3
candidate 16 -1 5.271908754878041e-06 3
candidate 16 1 8.277356812413927e-06 3
candidate 15 -1 4.627348907604301e-06 3
candidate 15 1 8.042370691185852e-06 3
candidate 14 -1 4.7490330707944395e-06 3
candidate 14 1 7.257384442738157e-06 3
candidate 13 -1 4.714267973326969e-06 3
candidate 13 1 6.626246623397947e-06 3
candidate 12 -1 4.592839353279032e-06 3
candidate 12 1 6.222359520080545e-06 3
candidate 11 -1 4.376025366070735e-06 3
candidate 11 1 5.959323004844919e-06 3
candidate 10 -1 3.880992856863941e-06 3
candidate 10 1 5.73678370940911e-06 3
candidate 9 -1 3.200215211052182e-06 3
candidate 9 1 5.475351759542946e-06 3
candidate 8 -1 2.6331269573631744e-06 3
candidate 8 1 5.104474549710858e-06 3
candidate 7 -1 2.2978420126662513e-06 3
candidate 7 1 4.544023077812653e-06 3
candidate 6 -1 2.1448631493115045e-06 3
candidate 6 1 3.746715332653139e-06 3
candidate 5 -1 1.9004605533723407e-06 3
candidate 5 1 2.7950943213284063e-06 3
candidate 4 -1 1.1624291538225862e-06 3
candidate 4 1 1.7374987990592672e-06 3
candidate 3 -1 7.780195474538232e-07 3
candidate 3 1 6.430803765056226e-07 3
candidate 2 -1 7.739102159121103e-08 3
candidate 2 1 5.113933010392202e-06 3
candidate 1 -1 1.0728560795314479e-07 3
candidate 1 1 1.7774146243709765e-07 3
12 pair 24.337353063409214 34.764030763 [7, 8, 9, 8, 8, 8, 8, 8, 8, 8, 8, 8, 8, 8, 8, 8, 8, 8, 8, 8, 8, 8, 8, 8, 8, 8, 8, 8, 8, 8, 8, 8, 8, 8, 8, 8, 9, 8, 7]
13 site 24.337353043629182 34.582515933 [7, 8, 9, 8, 8, 8, 8, 8, 8, 8, 8, 8, 8, 8, 8, 8, 8, 8, 8, 8, 8, 8, 8, 8, 8, 8, 8, 8, 8, 8, 8, 8, 8, 8, 8, 8, 9, 8, 7]
14 site 24.337353043107044 34.426107523 [7, 8, 9, 8, 8, 8, 8, 8, 8, 8, 8, 8, 8, 8, 8, 8, 8, 8, 8, 8, 8, 8, 8, 8, 8, 8, 8, 8, 8, 8, 8, 8, 8, 8, 8, 8, 9, 8, 7]
15 site 24.337353042971237 34.270314953 [7, 8, 9, 8, 8, 8, 8, 8, 8, 8, 8, 8, 8, 8, 8, 8, 8, 8, 8, 8, 8, 8, 8, 8, 8, 8, 8, 8, 8, 8, 8, 8, 8, 8, 8, 8, 9, 8, 7]
16 site 24.337353042963855 34.060811963000006 [7, 8, 9, 8, 8, 8, 8, 8, 8, 8, 8, 8, 8, 8, 8, 8, 8, 8, 8, 8, 8, 8, 8, 8, 8, 8, 8, 8, 8, 8, 8, 8, 8, 8, 8, 8, 9, 8, 7]
17 site 24.337353042963173 33.860071663 [7, 8, 9, 8, 8, 8, 8, 8, 8, 8, 8, 8, 8, 8, 8, 8, 8, 8, 8, 8, 8, 8, 8, 8, 8, 8, 8, 8, 8, 8, 8, 8, 8, 8, 8, 8, 9, 8, 7]
18 site 24.337353042962874 33.657965073 [7, 8, 9, 8, 8, 8, 8, 8, 8, 8, 8, 8, 8, 8, 8, 8, 8, 8, 8, 8, 8, 8, 8, 8, 8, 8, 8, 8, 8, 8, 8, 8, 8, 8, 8, 8, 9, 8, 7]
19 site 24.337353042962878 33.486548063 [7, 8, 9, 8, 8, 8, 8, 8, 8, 8, 8, 8, 8, 8, 8, 8, 8, 8, 8, 8, 8, 8, 8, 8, 8, 8, 8, 8, 8, 8, 8, 8, 8, 8, 8, 8, 9, 8, 7]
20 site 24.33735304296286 33.325818653 [7, 8, 9, 8, 8, 8, 8, 8, 8, 8, 8, 8, 8, 8, 8, 8, 8, 8, 8, 8, 8, 8, 8, 8, 8, 8, 8, 8, 8, 8, 8, 8, 8, 8, 8, 8, 9, 8, 7]
21 site 24.33735304296287 33.179365643000004 [7, 8, 9, 8, 8, 8, 8, 8, 8, 8, 8, 8, 8, 8, 8, 8, 8, 8, 8, 8, 8, 8, 8, 8, 8, 8, 8, 8, 8, 8, 8, 8, 8, 8, 8, 8, 9, 8, 7]
22 site 24.33735304296285 33.039919063 [7, 8, 9, 8, 8, 8, 8, 8, 8, 8, 8, 8, 8, 8, 8, 8, 8, 8, 8, 8, 8, 8, 8, 8, 8, 8, 8, 8, 8, 8, 8, 8, 8, 8, 8, 8, 9, 8, 7]
23 site 24.33735304296288 32.898156933 [7, 8, 9, 8, 8, 8, 8, 8, 8, 8, 8, 8, 8, 8, 8, 8, 8, 8, 8, 8, 8, 8, 8, 8, 8, 8, 8, 8, 8, 8, 8, 8, 8, 8, 8, 8, 9, 8, 7]
24 site 24.33735304296288 32.755529423000006 [7, 8, 9, 8, 8, 8, 8, 8, 8, 8, 8, 8, 8, 8, 8, 8, 8, 8, 8, 8, 8, 8, 8, 8, 8, 8, 8, 8, 8, 8, 8, 8, 8, 8, 8, 8, 9, 8, 7]
candidate 1 -1 1.077140545646671e-07 3
candidate 1 1 1.780423026787048e-07 3
candidate 2 -1 9.087710850508302e-08 3
candidate 2 1 5.128637589280061e-06 3
candidate 3 -1 7.804313106873906e-07 3
candidate 3 1 6.434827923840203e-07 3
candidate 4 -1 1.1643495057001019e-06 3
candidate 4 1 1.7365421172144124e-06 3
candidate 5 -1 1.9014439338604916e-06 3
candidate 5 1 2.794176900522416e-06 3
candidate 6 -1 2.145029142752719e-06 3
candidate 6 1 3.745913701891368e-06 3
candidate 7 -1 2.2979157527913685e-06 3
candidate 7 1 4.543411733948233e-06 3
candidate 8 -1 2.6331675506696683e-06 3
candidate 8 1 5.104037263947703e-06 3
candidate 9 -1 3.2002402470254765e-06 3
candidate 9 1 5.475042222258253e-06 3
candidate 10 -1 3.881013633133534e-06 3
candidate 10 1 5.736561337954527e-06 3
candidate 11 -1 4.3760582535412595e-06 3
candidate 11 1 5.9591810526171685e-06 3
candidate 12 -1 4.592890931576221e-06 3
candidate 12 1 6.2223075047995735e-06 3
candidate 13 -1 4.71440438332138e-06 3
candidate 13 1 6.626348159954887e-06 3
candidate 14 -1 4.749452696017897e-06 3
candidate 14 1 7.257807176586084e-06 3
candidate 15 -1 4.627819169655822e-06 3
candidate 15 1 8.04344043459082e-06 3
candidate 16 -1 5.27296108643327e-06 3
candidate 16 1 8.279933485511037e-06 3
candidate 17 -1 5.691718396150236e-06 3
candidate 17 1 6.1690669106440055e-06 3
candidate 18 -1 1.459319449281793e-06 3
candidate 18 1 8.327570633070991e-07 3
candidate 19 -1 2.396749465560788e-09 1
candidate 19 1 3.632294465205632e-10 1
candidate 20 -1 1.403593078208587e-06 3
candidate 20 1 7.68777855597591e-07 3
candidate 21 -1 5.046911315531588e-06 3
candidate 21 1 6.729887768841536e-06 3
candidate 22 -1 5.1783668340021904e-06 3
candidate 22 1 8.49166994143502e-06 3
candidate 23 -1 4.662293481061397e-06 3
candidate 23 1 8.215279713397194e-06 3
candidate 24 -1 4.488284378822982e-06 3
candidate 24 1 7.436084636935902e-06 3
candidate 25 -1 4.537713689245493e-06 3
candidate 25 1 6.804915443581194e-06 3
candidate 26 -1 4.0331129511628205e-06 3
candidate 26 1 6.398310159028142e-06 3
candidate 27 -1 3.7016935792166805e-06 3
candidate 27 1 6.105239329201595e-06 3
candidate 28 -1 3.549540597447276e-06 3
candidate 28 1 5.825227209044215e-06 3
candidate 29 -1 3.3478575431900026e-06 3
candidate 29 1 5.500690086535087e-06 3
candidate 30 -1 2.9402855901139446e-06 3
candidate 30 1 5.093533200550837e-06 3
candidate 31 -1 2.4351929006627415e-06 3
candidate 31 1 4.5542861428771175e-06 3
candidate 32 -1 2.0245961955822622e-06 3
candidate 32 1 3.801867325847752e-06 3
candidate 33 -1 1.7578816056129654e-06 3
candidate 33 1 2.8383889052463473e-06 3
candidate 34 -1 1.267402794269401e-06 3
candidate 34 1 1.7406659829077853e-06 3
candidate 35 -1 7.79609944601134e-07 3
candidate 35 1 6.057877541820744e-07 3
candidate 36 -1 9.290972258213515e-08 3
candidate 36 1 4.507268858588986e-06 3
candidate 37 -1 9.997912897574679e-08 3
candidate 37 1 2.2222674544991605e-07 3
candidate 37 -1 9.997912897574679e-08 3
candidate 37 1 2.222267525553434e-07 3
candidate 36 -1 9.290971902942147e-08 3
candidate 36 1 4.507268840825418e-06 3
candidate 35 -1 7.79609965917416e-07 3
candidate 35 1 6.057877683929291e-07 3
candidate 34 -1 1.267402794269401e-06 3
candidate 34 1 1.7406659900132126e-06 3
candidate 33 -1 1.7578816020602517e-06 3
candidate 33 1 2.8383889016936337e-06 3
candidate 32 -1 2.0245961920295485e-06 3
candidate 32 1 3.80186730453147e-06 3
candidate 31 -1 2.4351928900046005e-06 3
candidate 31 1 4.5542861535352586e-06 3
candidate 30 -1 2.940285565244949e-06 3
candidate 30 1 5.093533200550837e-06 3
candidate 29 -1 3.3478575360845753e-06 3
candidate 29 1 5.5006900829823735e-06 3
candidate 28 -1 3.5495405796837076e-06 3
candidate 28 1 5.825227191280646e-06 3
candidate 27 -1 3.701693582769394e-06 3
candidate 27 1 6.105239329201595e-06 3
candidate 26 -1 4.033112947610107e-06 3
candidate 26 1 6.398310151922715e-06 3
candidate 25 -1 4.537713675034638e-06 3
candidate 25 1 6.804915425817626e-06 3
candidate 24 -1 4.488284378822982e-06 3
candidate 24 1 7.436084640488616e-06 3
candidate 23 -1 4.662293488166824e-06 3
candidate 23 1 8.21527970984448e-06 3
candidate 22 -1 5.1783668340021904e-06 3
candidate 22 1 8.49166993077688e-06 3
candidate 21 -1 5.046911315531588e-06 3
candidate 21 1 6.729887758183395e-06 3
candidate 20 -1 1.4035930746558734e-06 3
candidate 20 1 7.687778413867363e-07 3
candidate 19 -1 2.396749465560788e-09 1
candidate 19 1 3.632223410932056e-10 1
candidate 18 -1 1.4593194350709382e-06 3
candidate 18 1 8.32757052648958e-07 3
candidate 17 -1 5.691718396150236e-06 3
candidate 17 1 6.169066892880437e-06 3
candidate 16 -1 5.2729610793278425e-06 3
candidate 16 1 8.279933481958324e-06 3
candidate 15 -1 4.627819183866677e-06 3
candidate 15 1 8.04344043459082e-06 3
candidate 14 -1 4.749452692465184e-06 3
candidate 14 1 7.2578071943496525e-06 3
candidate 13 -1 4.714404369110525e-06 3
candidate 13 1 6.6263481528494594e-06 3
candidate 12 -1 4.592890924470794e-06 3
candidate 12 1 6.2223074941414325e-06 3
candidate 11 -1 4.376058246435832e-06 3
candidate 11 1 5.959181045511741e-06 3
candidate 10 -1 3.881013626028107e-06 3
candidate 10 1 5.736561323743672e-06 3
candidate 9 -1 3.200240243472763e-06 3
candidate 9 1 5.475042211600112e-06 3
candidate 8 -1 2.6331675577750957e-06 3
candidate 8 1 5.104037249736848e-06 3
candidate 7 -1 2.2979157527913685e-06 3
candidate 7 1 4.54341174105366e-06 3
candidate 6 -1 2.14502915341086e-06 3
candidate 6 1 3.7459137196549364e-06 3
candidate 5 -1 1.9014439374132053e-06 3
candidate 5 1 2.7941768934169886e-06 3
candidate 4 -1 1.1643495092528156e-06 3
candidate 4 1 1.7365421065562714e-06 3
candidate 3 -1 7.804312964765359e-07 3
candidate 3 1 6.434827888313066e-07 3
candidate 2 -1 9.087712271593773e-08 3
candidate 2 1 5.128637610596343e-06 3
candidate 1 -1 1.0771405101195342e-07 3
candidate 1 1 1.7804230623141848e-07 3
25 pair 24.337353042962885 30.450731914000002 [7, 8, 9, 8, 8, 8, 8, 8, 8, 8, 8, 8, 8, 8, 8, 8, 8, 8, 8, 8, 8, 8, 8, 8, 8, 8, 8, 8, 8, 8, 8, 8, 8, 8, 8, 8, 9, 8, 7]
26 site 24.337353042962818 30.349717404000003 [7, 8, 9, 8, 8, 8, 8, 8, 8, 8, 8, 8, 8, 8, 8, 8, 8, 8, 8, 8, 8, 8, 8, 8, 8, 8, 8, 8, 8, 8, 8, 8, 8, 8, 8, 8, 9, 8, 7]
27 site 24.33735304296287 30.248740634 [7, 8, 9, 8, 8, 8, 8, 8, 8, 8, 8, 8, 8, 8, 8, 8, 8, 8, 8, 8, 8, 8, 8, 8, 8, 8, 8, 8, 8, 8, 8, 8, 8, 8, 8, 8, 9, 8, 7]
28 site 24.337353042962892 30.134088944000005 [7, 8, 9, 8, 8, 8, 8, 8, 8, 8, 8, 8, 8, 8, 8, 8, 8, 8, 8, 8, 8, 8, 8, 8, 8, 8, 8, 8, 8, 8, 8, 8, 8, 8, 8, 8, 9, 8, 7]
29 site 24.33735304296291 30.021703424000002 [7, 8, 9, 8, 8, 8, 8, 8, 8, 8, 8, 8, 8, 8, 8, 8, 8, 8, 8, 8, 8, 8, 8, 8, 8, 8, 8, 8, 8, 8, 8, 8, 8, 8, 8, 8, 9, 8, 7]
30 site 24.337353042962935 29.902627154 [7, 8, 9, 8, 8, 8, 8, 8, 8, 8, 8, 8, 8, 8, 8, 8, 8, 8, 8, 8, 8, 8, 8, 8, 8, 8, 8, 8, 8, 8, 8, 8, 8, 8, 8, 8, 9, 8, 7]
31 site 24.33735304296296 29.803597364000005 [7, 8, 9, 8, 8, 8, 8, 8, 8, 8, 8, 8, 8, 8, 8, 8, 8, 8, 8, 8, 8, 8, 8, 8, 8, 8, 8, 8, 8, 8, 8, 8, 8, 8, 8, 8, 9, 8, 7]
32 site 24.337353042962867 29.693862584 [7, 8, 9, 8, 8, 8, 8, 8, 8, 8, 8, 8, 8, 8, 8, 8, 8, 8, 8, 8, 8, 8, 8, 8, 8, 8, 8, 8, 8, 8, 8, 8, 8, 8, 8, 8, 9, 8, 7]
33 site 24.337353042962874 29.582564454000003 [7, 8, 9, 8, 8, 8, 8, 8, 8, 8, 8, 8, 8, 8, 8, 8, 8, 8, 8, 8, 8, 8, 8, 8, 8, 8, 8, 8, 8, 8, 8, 8, 8, 8, 8, 8, 9, 8, 7]
34 site 24.337353042962835 29.468032564000005 [7, 8, 9, 8, 8, 8, 8, 8, 8, 8, 8, 8, 8, 8, 8, 8, 8, 8, 8, 8, 8, 8, 8, 8, 8, 8, 8, 8, 8, 8, 8, 8, 8, 8, 8, 8, 9, 8, 7]
35 site 24.337353042962874 29.354246194000005 [7, 8, 9, 8, 8, 8, 8, 8, 8, 8, 8, 8, 8, 8, 8, 8, 8, 8, 8, 8, 8, 8, 8, 8, 8, 8, 8, 8, 8, 8, 8, 8, 8, 8, 8, 8, 9, 8, 7]
36 site 24.337353042962842 29.244487774000003 [7, 8, 9, 8, 8, 8, 8, 8, 8, 8, 8, 8, 8, 8, 8, 8, 8, 8, 8, 8, 8, 8, 8, 8, 8, 8, 8, 8, 8, 8, 8, 8, 8, 8, 8, 8, 9, 8, 7]
37 site 24.33735304296281 29.114659414000002 [7, 8, 9, 8, 8, 8, 8, 8, 8, 8, 8, 8, 8, 8, 8, 8, 8, 8, 8, 8, 8, 8, 8, 8, 8, 8, 8, 8, 8, 8, 8, 8, 8, 8, 8, 8, 9, 8, 7]
38 site 24.337353042962825 29.010986194000004 [7, 8, 9, 8, 8, 8, 8, 8, 8, 8, 8, 8, 8, 8, 8, 8, 8, 8, 8, 8, 8, 8, 8, 8, 8, 8, 8, 8, 8, 8, 8, 8, 8, 8, 8, 8, 9, 8, 7]
39 site 24.337353042962892 28.899977984000003 [7, 8, 9, 8, 8, 8, 8, 8, 8, 8, 8, 8, 8, 8, 8, 8, 8, 8, 8, 8, 8, 8, 8, 8, 8, 8, 8, 8, 8, 8, 8, 8, 8, 8, 8, 8, 9, 8, 7]
40 site 24.337353042962807 28.788221064000005 [7, 8, 9, 8, 8, 8, 8, 8, 8, 8, 8, 8, 8, 8, 8, 8, 8, 8, 8, 8, 8, 8, 8, 8, 8, 8, 8, 8, 8, 8, 8, 8, 8, 8, 8, 8, 9, 8, 7]
41 site 24.337353042962892 28.675574434000005 [7, 8, 9, 8, 8, 8, 8, 8, 8, 8, 8, 8, 8, 8, 8, 8, 8, 8, 8, 8, 8, 8, 8, 8, 8, 8, 8, 8, 8, 8, 8, 8, 8, 8, 8, 8, 9, 8, 7]
42 site 24.337353042962857 28.553364694000003 [7, 8, 9, 8, 8, 8, 8, 8, 8, 8, 8, 8, 8, 8, 8, 8, 8, 8, 8, 8, 8, 8, 8, 8, 8, 8, 8, 8, 8, 8, 8, 8, 8, 8, 8, 8, 9, 8, 7]
43 site 24.337353042962906 28.430048934000002 [7, 8, 9, 8, 8, 8, 8, 8, 8, 8, 8, 8, 8, 8, 8, 8, 8, 8, 8, 8, 8, 8, 8, 8, 8, 8, 8, 8, 8, 8, 8, 8, 8, 8, 8, 8, 9, 8, 7]
44 site 24.33735304296284 28.308433504000003 [7, 8, 9, 8, 8, 8, 8, 8, 8, 8, 8, 8, 8, 8, 8, 8, 8, 8, 8, 8, 8, 8, 8, 8, 8, 8, 8, 8, 8, 8, 8, 8, 8, 8, 8, 8, 9, 8, 7]
candidate 1 -1 1.0771406522280813e-07 3
candidate 1 1 1.7804231688955952e-07 3
candidate 2 -1 9.087711916322405e-08 3
candidate 2 1 5.128637596385488e-06 3
candidate 3 -1 7.804313071346769e-07 3
candidate 3 1 6.43482795936734e-07 3
candidate 4 -1 1.1643495021473882e-06 3
candidate 4 1 1.7365421207671261e-06 3
candidate 5 -1 1.901443930307778e-06 3
candidate 5 1 2.7941769040751296e-06 3
candidate 6 -1 2.1450291569635738e-06 3
candidate 6 1 3.7459137089967953e-06 3
candidate 7 -1 2.297915749238655e-06 3
candidate 7 1 4.543411730395519e-06 3
candidate 8 -1 2.6331675577750957e-06 3
candidate 8 1 5.10403727105313e-06 3
candidate 9 -1 3.20024025057819e-06 3
candidate 9 1 5.475042211600112e-06 3
candidate 10 -1 3.881013626028107e-06 3
candidate 10 1 5.736561320190958e-06 3
candidate 11 -1 4.376058249988546e-06 3
candidate 11 1 5.9591810419590274e-06 3
candidate 12 -1 4.592890924470794e-06 3
candidate 12 1 6.222307497694146e-06 3
candidate 13 -1 4.714404379768666e-06 3
candidate 13 1 6.6263481528494594e-06 3
candidate 14 -1 4.749452685359756e-06 3
candidate 14 1 7.2578071943496525e-06 3
candidate 15 -1 4.627819158997681e-06 3
candidate 15 1 8.043440427485393e-06 3
candidate 16 -1 5.27296108643327e-06 3
candidate 16 1 8.279933481958324e-06 3
candidate 17 -1 5.691718389044809e-06 3
candidate 17 1 6.169066907091292e-06 3
candidate 18 -1 1.4593194386236519e-06 3
candidate 18 1 8.327570597543854e-07 3
candidate 19 -1 2.3967388074197515e-09 1
candidate 19 1 3.63232999234242e-10 1
candidate 20 -1 1.4035930746558734e-06 3
candidate 20 1 7.68777855597591e-07 3
candidate 21 -1 5.0469113119788744e-06 3
candidate 21 1 6.729887761736109e-06 3
candidate 22 -1 5.178366816238622e-06 3
candidate 22 1 8.491669923671452e-06 3
candidate 23 -1 4.662293491719538e-06 3
candidate 23 1 8.21527970984448e-06 3
candidate 24 -1 4.488284385928409e-06 3
candidate 24 1 7.436084640488616e-06 3
candidate 25 -1 4.537713685692779e-06 3
candidate 25 1 6.804915447133908e-06 3
candidate 26 -1 4.033112944057393e-06 3
candidate 26 1 6.398310162580856e-06 3
candidate 27 -1 3.7016935792166805e-06 3
candidate 27 1 6.105239325648881e-06 3
candidate 28 -1 3.5495405938945623e-06 3
candidate 28 1 5.825227198386074e-06 3
candidate 29 -1 3.3478575431900026e-06 3
candidate 29 1 5.5006900829823735e-06 3
candidate 30 -1 2.940285586561231e-06 3
candidate 30 1 5.0935332076562645e-06 3
candidate 31 -1 2.435192904215455e-06 3
candidate 31 1 4.554286128666263e-06 3
candidate 32 -1 2.0245961920295485e-06 3
candidate 32 1 3.801867290320615e-06 3
candidate 33 -1 1.7578816589036705e-06 3
candidate 33 1 2.8383888803773516e-06 3
candidate 34 -1 1.2674033165183118e-06 3
candidate 34 1 1.7406659900132126e-06 3
candidate 35 -1 7.79609944601134e-07 3
candidate 35 1 6.057881449805791e-07 3
candidate 36 -1 9.290984337440023e-08 3
candidate 36 1 4.507269082409948e-06 3
candidate 37 -1 9.997913608117415e-08 3
candidate 37 1 2.2222674544991605e-07 3
candidate 37 -1 9.997913963388783e-08 3
candidate 37 1 2.2222674900262973e-07 3
candidate 36 -1 9.290983626897287e-08 3
candidate 36 1 4.507269096620803e-06 3
candidate 35 -1 7.796099481538477e-07 3
candidate 35 1 6.057881520860064e-07 3
candidate 34 -1 1.2674033165183118e-06 3
candidate 34 1 1.7406659900132126e-06 3
candidate 33 -1 1.7578816517982432e-06 3
candidate 33 1 2.838388887482779e-06 3
candidate 32 -1 2.0245962062404033e-06 3
candidate 32 1 3.801867293873329e-06 3
candidate 31 -1 2.435192904215455e-06 3
candidate 31 1 4.554286128666263e-06 3
candidate 30 -1 2.9402856007720857e-06 3
candidate 30 1 5.093533214761692e-06 3
candidate 29 -1 3.3478575325318616e-06 3
candidate 29 1 5.5006900936405145e-06 3
candidate 28 -1 3.549540576130994e-06 3
candidate 28 1 5.825227191280646e-06 3
candidate 27 -1 3.7016935934275352e-06 3
candidate 27 1 6.105239332754309e-06 3
candidate 26 -1 4.0331129511628205e-06 3
candidate 26 1 6.398310159028142e-06 3
candidate 25 -1 4.5377136927982065e-06 3
candidate 25 1 6.804915447133908e-06 3
candidate 24 -1 4.488284371717555e-06 3
candidate 24 1 7.436084636935902e-06 3
candidate 23 -1 4.662293488166824e-06 3
candidate 23 1 8.21527969918634e-06 3
candidate 22 -1 5.1783668340021904e-06 3
candidate 22 1 8.491669927224166e-06 3
candidate 21 -1 5.046911319084302e-06 3
candidate 21 1 6.729887761736109e-06 3
candidate 20 -1 1.4035930639977323e-06 3
candidate 20 1 7.68777834281309e-07 3
candidate 19 -1 2.3967565709881455e-09 1
candidate 19 1 3.632401046615996e-10 1
candidate 18 -1 1.4593194386236519e-06 3
candidate 18 1 8.327570633070991e-07 3
candidate 17 -1 5.691718396150236e-06 3
candidate 17 1 6.1690668999858644e-06 3
candidate 16 -1 5.272961097091411e-06 3
candidate 16 1 8.279933492616465e-06 3
candidate 15 -1 4.627819169655822e-06 3
candidate 15 1 8.04344043459082e-06 3
candidate 14 -1 4.749452692465184e-06 3
candidate 14 1 7.257807190796939e-06 3
candidate 13 -1 4.714404351346957e-06 3
candidate 13 1 6.626348145744032e-06 3
candidate 12 -1 4.59289092091808e-06 3
candidate 12 1 6.222307490588719e-06 3
candidate 11 -1 4.376058249988546e-06 3
candidate 11 1 5.959181045511741e-06 3
candidate 10 -1 3.881013633133534e-06 3
candidate 10 1 5.736561320190958e-06 3
candidate 9 -1 3.200240239920049e-06 3
candidate 9 1 5.4750422044946845e-06 3
candidate 8 -1 2.6331675577750957e-06 3
candidate 8 1 5.10403727105313e-06 3
candidate 7 -1 2.297915745685941e-06 3
candidate 7 1 4.54341174105366e-06 3
candidate 6 -1 2.1450291605162874e-06 3
candidate 6 1 3.745913701891368e-06 3
candidate 5 -1 1.901443940965919e-06 3
candidate 5 1 2.7941769040751296e-06 3
candidate 4 -1 1.1643495092528156e-06 3
candidate 4 1 1.7365421207671261e-06 3
candidate 3 -1 7.804313000292495e-07 3
candidate 3 1 6.434827923840203e-07 3
candidate 2 -1 9.08771120577967e-08 3
candidate 2 1 5.128637596385488e-06 3
candidate 1 -1 1.0771406167009445e-07 3
candidate 1 1 1.7804231333684584e-07 3
45 pair 24.33735304296296 26.027519015000003 [7, 8, 9, 8, 8, 8, 8, 8, 8, 8, 8, 8, 8, 8, 8, 8, 8, 8, 8, 8, 8, 8, 8, 8, 8, 8, 8, 8, 8, 8, 8, 8, 8, 8, 8, 8, 9, 8, 7]
46 site 24.337353042962913 25.886660005000003 [7, 8, 9, 8, 8, 8, 8, 8, 8, 8, 8, 8, 8, 8, 8, 8, 8, 8, 8, 8, 8, 8, 8, 8, 8, 8, 8, 8, 8, 8, 8, 8, 8, 8, 8, 8, 9, 8, 7]
47 site 24.33735304296289 25.768364945000002 [7, 8, 9, 8, 8, 8, 8, 8, 8, 8, 8, 8, 8, 8, 8, 8, 8, 8, 8, 8, 8, 8, 8, 8, 8, 8, 8, 8, 8, 8, 8, 8, 8, 8, 8, 8, 9, 8, 7]
48 site 24.337353042962864 25.648917905000005 [7, 8, 9, 8, 8, 8, 8, 8, 8, 8, 8, 8, 8, 8, 8, 8, 8, 8, 8, 8, 8, 8, 8, 8, 8, 8, 8, 8, 8, 8, 8, 8, 8, 8, 8, 8, 9, 8, 7]
49 site 24.337353042962892 25.489907415000005 [7, 8, 9, 8, 8, 8, 8, 8, 8, 8, 8, 8, 8, 8, 8, 8, 8, 8, 8, 8, 8, 8, 8, 8, 8, 8, 8, 8, 8, 8, 8, 8, 8, 8, 8, 8, 9, 8, 7]
50 site 24.3373530429629 25.332753375000003 [7, 8, 9, 8, 8, 8, 8, 8, 8, 8, 8, 8, 8, 8, 8, 8, 8, 8, 8, 8, 8, 8, 8, 8, 8, 8, 8, 8, 8, 8, 8, 8, 8, 8, 8, 8, 9, 8, 7]
51 site 24.337353042962917 25.178013215000004 [7, 8, 9, 8, 8, 8, 8, 8, 8, 8, 8, 8, 8, 8, 8, 8, 8, 8, 8, 8, 8, 8, 8, 8, 8, 8, 8, 8, 8, 8, 8, 8, 8, 8, 8, 8, 9, 8, 7]
52 site 24.337353042962942 25.015505745000002 [7, 8, 9, 8, 8, 8, 8, 8, 8, 8, 8, 8, 8, 8, 8, 8, 8, 8, 8, 8, 8, 8, 8, 8, 8, 8, 8, 8, 8, 8, 8, 8, 8, 8, 8, 8, 9, 8, 7]
53 site 24.337353042962906 24.899698025000003 [7, 8, 9, 8, 8, 8, 8, 8, 8, 8, 8, 8, 8, 8, 8, 8, 8, 8, 8, 8, 8, 8, 8, 8, 8, 8, 8, 8, 8, 8, 8, 8, 8, 8, 8, 8, 9, 8, 7]
54 site 24.337353042962864 24.774304805000003 [7, 8, 9, 8, 8, 8, 8, 8, 8, 8, 8, 8, 8, 8, 8, 8, 8, 8, 8, 8, 8, 8, 8, 8, 8, 8, 8, 8, 8, 8, 8, 8, 8, 8, 8, 8, 9, 8, 7]
55 site 24.337353042962885 24.633357195000002 [7, 8, 9, 8, 8, 8, 8, 8, 8, 8, 8, 8, 8, 8, 8, 8, 8, 8, 8, 8, 8, 8, 8, 8, 8, 8, 8, 8, 8, 8, 8, 8, 8, 8, 8, 8, 9, 8, 7]
56 site 24.337353042962974 24.494405175000004 [7, 8, 9, 8, 8, 8, 8, 8, 8, 8, 8, 8, 8, 8, 8, 8, 8, 8, 8, 8, 8, 8, 8, 8, 8, 8, 8, 8, 8, 8, 8, 8, 8, 8, 8, 8, 9, 8, 7]
57 site 24.337353042962977 24.354078955000002 [7, 8, 9, 8, 8, 8, 8, 8, 8, 8, 8, 8, 8, 8, 8, 8, 8, 8, 8, 8, 8, 8, 8, 8, 8, 8, 8, 8, 8, 8, 8, 8, 8, 8, 8, 8, 9, 8, 7]
58 site 24.33735304296293 24.217843485000003 [7, 8, 9, 8, 8, 8, 8, 8, 8, 8, 8, 8, 8, 8, 8, 8, 8, 8, 8, 8, 8, 8, 8, 8, 8, 8, 8, 8, 8, 8, 8, 8, 8, 8, 8, 8, 9, 8, 7]
59 site 24.33735304296291 24.081110565000003 [7, 8, 9, 8, 8, 8, 8, 8, 8, 8, 8, 8, 8, 8, 8, 8, 8, 8, 8, 8, 8, 8, 8, 8, 8, 8, 8, 8, 8, 8, 8, 8, 8, 8, 8, 8, 9, 8, 7]
60 site 24.337353042962892 23.943829466000004 [7, 8, 9, 8, 8, 8, 8, 8, 8, 8, 8, 8, 8, 8, 8, 8, 8, 8, 8, 8, 8, 8, 8, 8, 8, 8, 8, 8, 8, 8, 8, 8, 8, 8, 8, 8, 9, 8, 7]
61 site 24.337353042962874 23.800006946000003 [7, 8, 9, 8, 8, 8, 8, 8, 8, 8, 8, 8, 8, 8, 8, 8, 8, 8, 8, 8, 8, 8, 8, 8, 8, 8, 8, 8, 8, 8, 8, 8, 8, 8, 8, 8, 9, 8, 7]
62 site 24.33735304296287 23.659270586 [7, 8, 9, 8, 8, 8, 8, 8, 8, 8, 8, 8, 8, 8, 8, 8, 8, 8, 8, 8, 8, 8, 8, 8, 8, 8, 8, 8, 8, 8, 8, 8, 8, 8, 8, 8, 9, 8, 7]
63 site 24.337353042962924 23.558910916000002 [7, 8, 9, 8, 8, 8, 8, 8, 8, 8, 8, 8, 8, 8, 8, 8, 8, 8, 8, 8, 8, 8, 8, 8, 8, 8, 8, 8, 8, 8, 8, 8, 8, 8, 8, 8, 9, 8, 7]
64 site 24.337353042962924 23.422038466000004 [7, 8, 9, 8, 8, 8, 8, 8, 8, 8, 8, 8, 8, 8, 8, 8, 8, 8, 8, 8, 8, 8, 8, 8, 8, 8, 8, 8, 8, 8, 8, 8, 8, 8, 8, 8, 9, 8, 7]
65 site 24.337353042962878 23.284164356 [7, 8, 9, 8, 8, 8, 8, 8, 8, 8, 8, 8, 8, 8, 8, 8, 8, 8, 8, 8, 8, 8, 8, 8, 8, 8, 8, 8, 8, 8, 8, 8, 8, 8, 8, 8, 9, 8, 7]
66 site 24.33735304296292 23.148155656000004 [7, 8, 9, 8, 8, 8, 8, 8, 8, 8, 8, 8, 8, 8, 8, 8, 8, 8, 8, 8, 8, 8, 8, 8, 8, 8, 8, 8, 8, 8, 8, 8, 8, 8, 8, 8, 9, 8, 7]
67 site 24.337353042962874 23.015283466000003 [7, 8, 9, 8, 8, 8, 8, 8, 8, 8, 8, 8, 8, 8, 8, 8, 8, 8, 8, 8, 8, 8, 8, 8, 8, 8, 8, 8, 8, 8, 8, 8, 8, 8, 8, 8, 9, 8, 7]
68 site 24.33735304296293 22.878605926000002 [7, 8, 9, 8, 8, 8, 8, 8, 8, 8, 8, 8, 8, 8, 8, 8, 8, 8, 8, 8, 8, 8, 8, 8, 8, 8, 8, 8, 8, 8, 8, 8, 8, 8, 8, 8, 9, 8, 7]
69 site 24.337353042962913 22.741918626000004 [7, 8, 9, 8, 8, 8, 8, 8, 8, 8, 8, 8, 8, 8, 8, 8, 8, 8, 8, 8, 8, 8, 8, 8, 8, 8, 8, 8, 8, 8, 8, 8, 8, 8, 8, 8, 9, 8, 7]
candidate 1 -1 1.077140545646671e-07 3
candidate 1 1 1.7804230978413216e-07 3
candidate 2 -1 9.087712271593773e-08 3
candidate 2 1 5.128637596385488e-06 3
candidate 3 -1 7.804313106873906e-07 3
candidate 3 1 6.434827994894476e-07 3
candidate 4 -1 1.1643495092528156e-06 3
candidate 4 1 1.7365421136616987e-06 3
candidate 5 -1 1.9014439338604916e-06 3
candidate 5 1 2.7941769040751296e-06 3
candidate 6 -1 2.1450291605162874e-06 3
candidate 6 1 3.7459137196549364e-06 3
candidate 7 -1 2.2979157421332275e-06 3
candidate 7 1 4.5434117481590874e-06 3
candidate 8 -1 2.633167564880523e-06 3
candidate 8 1 5.104037274605844e-06 3
candidate 9 -1 3.200240229261908e-06 3
candidate 9 1 5.475042211600112e-06 3
candidate 10 -1 3.881013611817252e-06 3
candidate 10 1 5.736561313085531e-06 3
candidate 11 -1 4.376058257093973e-06 3
candidate 11 1 5.959181049064455e-06 3
candidate 12 -1 4.5928909280235075e-06 3
candidate 12 1 6.2223074941414325e-06 3
candidate 13 -1 4.714404372663239e-06 3
candidate 13 1 6.6263481635076005e-06 3
candidate 14 -1 4.749452692465184e-06 3
candidate 14 1 7.257807197902366e-06 3
candidate 15 -1 4.627819169655822e-06 3
candidate 15 1 8.043440438143534e-06 3
candidate 16 -1 5.27296108643327e-06 3
candidate 16 1 8.279933485511037e-06 3
candidate 17 -1 5.691718403255663e-06 3
candidate 17 1 6.1690669106440055e-06 3
candidate 18 -1 1.4593194386236519e-06 3
candidate 18 1 8.327570633070991e-07 3
candidate 19 -1 2.396745912847109e-09 1
candidate 19 1 3.632365519479208e-10 1
candidate 20 -1 1.4035930746558734e-06 3
candidate 20 1 7.6877784493945e-07 3
candidate 21 -1 5.046911315531588e-06 3
candidate 21 1 6.729887765288822e-06 3
candidate 22 -1 5.1783668340021904e-06 3
candidate 22 1 8.491669934329593e-06 3
candidate 23 -1 4.662293477508683e-06 3
candidate 23 1 8.215279692080912e-06 3
candidate 24 -1 4.488284385928409e-06 3
candidate 24 1 7.436084640488616e-06 3
candidate 25 -1 4.537713685692779e-06 3
candidate 25 1 6.804915443581194e-06 3
candidate 26 -1 4.033112954715534e-06 3
candidate 26 1 6.398310159028142e-06 3
candidate 27 -1 3.7016935898748216e-06 3
candidate 27 1 6.105239329201595e-06 3
candidate 28 -1 3.549540586789135e-06 3
candidate 28 1 5.825227191280646e-06 3
candidate 29 -1 3.3478575360845753e-06 3
candidate 29 1 5.50069007942966e-06 3
candidate 30 -1 2.9402855723503762e-06 3
candidate 30 1 5.093533186339982e-06 3
candidate 31 -1 2.4351929113208826e-06 3
candidate 31 1 4.554286139324404e-06 3
candidate 32 -1 2.0245961955822622e-06 3
candidate 32 1 3.801867293873329e-06 3
candidate 33 -1 1.7578816517982432e-06 3
candidate 33 1 2.8383888697192106e-06 3
candidate 34 -1 1.2674033023074571e-06 3
candidate 34 1 1.7406659900132126e-06 3
candidate 35 -1 7.79609944601134e-07 3
candidate 35 1 6.057881414278654e-07 3
candidate 36 -1 9.29098469271139e-08 3
candidate 36 1 4.507269093068089e-06 3
candidate 37 -1 9.997912897574679e-08 3
candidate 37 1 2.222267383444887e-07 3
candidate 37 -1 9.997913252846047e-08 3
candidate 37 1 2.2222674900262973e-07 3
candidate 36 -1 9.290983626897287e-08 3
candidate 36 1 4.507269096620803e-06 3
candidate 35 -1 7.796099588119887e-07 3
candidate 35 1 6.057881520860064e-07 3
candidate 34 -1 1.2674033236237392e-06 3
candidate 34 1 1.74066599711864e-06 3
candidate 33 -1 1.7578816517982432e-06 3
candidate 33 1 2.8383888803773516e-06 3
candidate 32 -1 2.024596209793117e-06 3
candidate 32 1 3.8018673009787562e-06 3
candidate 31 -1 2.435192904215455e-06 3
candidate 31 1 4.554286128666263e-06 3
candidate 30 -1 2.9402855794558036e-06 3
candidate 30 1 5.093533200550837e-06 3
candidate 29 -1 3.347857539637289e-06 3
candidate 29 1 5.500690075876946e-06 3
candidate 28 -1 3.5495405796837076e-06 3
candidate 28 1 5.825227184175219e-06 3
candidate 27 -1 3.701693586322108e-06 3
candidate 27 1 6.105239336307022e-06 3
candidate 26 -1 4.0331129618209616e-06 3
candidate 26 1 6.3983101554754285e-06 3
candidate 25 -1 4.53771369635092e-06 3
candidate 25 1 6.804915447133908e-06 3
candidate 24 -1 4.488284375270268e-06 3
candidate 24 1 7.43608464404133e-06 3
candidate 23 -1 4.662293488166824e-06 3
candidate 23 1 8.215279706291767e-06 3
candidate 22 -1 5.178366841107618e-06 3
candidate 22 1 8.49166994143502e-06 3
candidate 21 -1 5.0469113119788744e-06 3
candidate 21 1 6.729887765288822e-06 3
candidate 20 -1 1.4035930639977323e-06 3
candidate 20 1 7.687778413867363e-07 3
candidate 19 -1 2.3967601237018243e-09 1
candidate 19 1 3.632365519479208e-10 1
candidate 18 -1 1.4593194350709382e-06 3
candidate 18 1 8.327570633070991e-07 3
candidate 17 -1 5.691718403255663e-06 3
candidate 17 1 6.169066914196719e-06 3
candidate 16 -1 5.272961093538697e-06 3
candidate 16 1 8.279933499721892e-06 3
candidate 15 -1 4.62781917676125e-06 3
candidate 15 1 8.043440445248962e-06 3
candidate 14 -1 4.74945268891247e-06 3
candidate 14 1 7.257807190796939e-06 3
candidate 13 -1 4.714404351346957e-06 3
candidate 13 1 6.626348145744032e-06 3
candidate 12 -1 4.592890924470794e-06 3
candidate 12 1 6.222307497694146e-06 3
candidate 11 -1 4.3760582535412595e-06 3
candidate 11 1 5.959181056169882e-06 3
candidate 10 -1 3.88101361892268e-06 3
candidate 10 1 5.736561320190958e-06 3
candidate 9 -1 3.200240229261908e-06 3
candidate 9 1 5.475042211600112e-06 3
candidate 8 -1 2.633167564880523e-06 3
candidate 8 1 5.104037274605844e-06 3
candidate 7 -1 2.297915749238655e-06 3
candidate 7 1 4.54341174105366e-06 3
candidate 6 -1 2.1450291463054327e-06 3
candidate 6 1 3.7459137161022227e-06 3
candidate 5 -1 1.9014439374132053e-06 3
candidate 5 1 2.7941769147332707e-06 3
candidate 4 -1 1.1643495128055292e-06 3
candidate 4 1 1.7365421278725535e-06 3
candidate 3 -1 7.804313035819632e-07 3
candidate 3 1 6.434828030421613e-07 3
candidate 2 -1 9.087711916322405e-08 3
candidate 2 1 5.128637607043629e-06 3
candidate 1 -1 1.0771404745923974e-07 3
candidate 1 1 1.7804230978413216e-07 3
70 pair 24.337353042962977 20.173941996000003 [7, 8, 9, 8, 8, 8, 8, 8, 8, 8, 8, 8, 8, 8, 8, 8, 8, 8, 8, 8, 8, 8, 8, 8, 8, 8, 8, 8, 8, 8, 8, 8, 8, 8, 8, 8, 9, 8, 7]
71 site 24.337353042962913 20.022191486000004 [7, 8, 9, 8, 8, 8, 8, 8, 8, 8, 8, 8, 8, 8, 8, 8, 8, 8, 8, 8, 8, 8, 8, 8, 8, 8, 8, 8, 8, 8, 8, 8, 8, 8, 8, 8, 9, 8, 7]
72 site 24.337353042962874 19.885106956 [7, 8, 9, 8, 8, 8, 8, 8, 8, 8, 8, 8, 8, 8, 8, 8, 8, 8, 8, 8, 8, 8, 8, 8, 8, 8, 8, 8, 8, 8, 8, 8, 8, 8, 8, 8, 9, 8, 7]
73 site 24.3373530429629 19.765003206000003 [7, 8, 9, 8, 8, 8, 8, 8, 8, 8, 8, 8, 8, 8, 8, 8, 8, 8, 8, 8, 8, 8, 8, 8, 8, 8, 8, 8, 8, 8, 8, 8, 8, 8, 8, 8, 9, 8, 7]
74 site 24.337353042962885 19.646403066 [7, 8, 9, 8, 8, 8, 8, 8, 8, 8, 8, 8, 8, 8, 8, 8, 8, 8, 8, 8, 8, 8, 8, 8, 8, 8, 8, 8, 8, 8, 8, 8, 8, 8, 8, 8, 9, 8, 7]
75 site 24.337353042962903 19.519229806000002 [7, 8, 9, 8, 8, 8, 8, 8, 8, 8, 8, 8, 8, 8, 8, 8, 8, 8, 8, 8, 8, 8, 8, 8, 8, 8, 8, 8, 8, 8, 8, 8, 8, 8, 8, 8, 9, 8, 7]
76 site 24.337353042962903 19.398878056000004 [7, 8, 9, 8, 8, 8, 8, 8, 8, 8, 8, 8, 8, 8, 8, 8, 8, 8, 8, 8, 8, 8, 8, 8, 8, 8, 8, 8, 8, 8, 8, 8, 8, 8, 8, 8, 9, 8, 7]
77 site 24.33735304296296 19.281923236000004 [7, 8, 9, 8, 8, 8, 8, 8, 8, 8, 8, 8, 8, 8, 8, 8, 8, 8, 8, 8, 8, 8, 8, 8, 8, 8, 8, 8, 8, 8, 8, 8, 8, 8, 8, 8, 9, 8, 7]
78 site 24.33735304296289 19.171833696000004 [7, 8, 9, 8, 8, 8, 8, 8, 8, 8, 8, 8, 8, 8, 8, 8, 8, 8, 8, 8, 8, 8, 8, 8, 8, 8, 8, 8, 8, 8, 8, 8, 8, 8, 8, 8, 9, 8, 7]
79 site 24.337353042962917 19.045543166 [7, 8, 9, 8, 8, 8, 8, 8, 8, 8, 8, 8, 8, 8, 8, 8, 8, 8, 8, 8, 8, 8, 8, 8, 8, 8, 8, 8, 8, 8, 8, 8, 8, 8, 8, 8, 9, 8, 7]
80 site 24.337353042962864 18.906667356000003 [7, 8, 9, 8, 8, 8, 8, 8, 8, 8, 8, 8, 8, 8, 8, 8, 8, 8, 8, 8, 8, 8, 8, 8, 8, 8, 8, 8, 8, 8, 8, 8, 8, 8, 8, 8, 9, 8, 7]
81 site 24.337353042962878 18.770472196000004 [7, 8, 9, 8, 8, 8, 8, 8, 8, 8, 8, 8, 8, 8, 8, 8, 8, 8, 8, 8, 8, 8, 8, 8, 8, 8, 8, 8, 8, 8, 8, 8, 8, 8, 8, 8, 9, 8, 7]
82 site 24.33735304296291 18.627234036000004 [7, 8, 9, 8, 8, 8, 8, 8, 8, 8, 8, 8, 8, 8, 8, 8, 8, 8, 8, 8, 8, 8, 8, 8, 8, 8, 8, 8, 8, 8, 8, 8, 8, 8, 8, 8, 9, 8, 7]
83 site 24.33735304296291 18.485585616 [7, 8, 9, 8, 8, 8, 8, 8, 8, 8, 8, 8, 8, 8, 8, 8, 8, 8, 8, 8, 8, 8, 8, 8, 8, 8, 8, 8, 8, 8, 8, 8, 8, 8, 8, 8, 9, 8, 7]
84 site 24.33735304296295 18.345408296000002 [7, 8, 9, 8, 8, 8, 8, 8, 8, 8, 8, 8, 8, 8, 8, 8, 8, 8, 8, 8, 8, 8, 8, 8, 8, 8, 8, 8, 8, 8, 8, 8, 8, 8, 8, 8, 9, 8, 7]
85 site 24.337353042962906 18.204442407000002 [7, 8, 9, 8, 8, 8, 8, 8, 8, 8, 8, 8, 8, 8, 8, 8, 8, 8, 8, 8, 8, 8, 8, 8, 8, 8, 8, 8, 8, 8, 8, 8, 8, 8, 8, 8, 9, 8, 7]
86 site 24.33735304296287 18.066618557 [7, 8, 9, 8, 8, 8, 8, 8, 8, 8, 8, 8, 8, 8, 8, 8, 8, 8, 8, 8, 8, 8, 8, 8, 8, 8, 8, 8, 8, 8, 8, 8, 8, 8, 8, 8, 9, 8, 7]
87 site 24.3373530429629 17.930759147000003 [7, 8, 9, 8, 8, 8, 8, 8, 8, 8, 8, 8, 8, 8, 8, 8, 8, 8, 8, 8, 8, 8, 8, 8, 8, 8, 8, 8, 8, 8, 8, 8, 8, 8, 8, 8, 9, 8, 7]
88 site 24.337353042962857 17.792569107000002 [7, 8, 9, 8, 8, 8, 8, 8, 8, 8, 8, 8, 8, 8, 8, 8, 8, 8, 8, 8, 8, 8, 8, 8, 8, 8, 8, 8, 8, 8, 8, 8, 8, 8, 8, 8, 9, 8, 7]
89 site 24.337353042962874 17.649981337000003 [7, 8, 9, 8, 8, 8, 8, 8, 8, 8, 8, 8, 8, 8, 8, 8, 8, 8, 8, 8, 8, 8, 8, 8, 8, 8, 8, 8, 8, 8, 8, 8, 8, 8, 8, 8, 9, 8, 7]
90 site 24.337353042962917 17.513560157000004 [7, 8, 9, 8, 8, 8, 8, 8, 8, 8, 8, 8, 8, 8, 8, 8, 8, 8, 8, 8, 8, 8, 8, 8, 8, 8, 8, 8, 8, 8, 8, 8, 8, 8, 8, 8, 9, 8, 7]
91 site 24.33735304296295 17.372414007000003 [7, 8, 9, 8, 8, 8, 8, 8, 8, 8, 8, 8, 8, 8, 8, 8, 8, 8, 8, 8, 8, 8, 8, 8, 8, 8, 8, 8, 8, 8, 8, 8, 8, 8, 8, 8, 9, 8, 7]
92 site 24.337353042962896 17.232690597 [7, 8, 9, 8, 8, 8, 8, 8, 8, 8, 8, 8, 8, 8, 8, 8, 8, 8, 8, 8, 8, 8, 8, 8, 8, 8, 8, 8, 8, 8, 8, 8, 8, 8, 8, 8, 9, 8, 7]
93 site 24.337353042962942 17.090710687 [7, 8, 9, 8, 8, 8, 8, 8, 8, 8, 8, 8, 8, 8, 8, 8, 8, 8, 8, 8, 8, 8, 8, 8, 8, 8, 8, 8, 8, 8, 8, 8, 8, 8, 8, 8, 9, 8, 7]
94 site 24.33735304296294 16.963198697000003 [7, 8, 9, 8, 8, 8, 8, 8, 8, 8, 8, 8, 8, 8, 8, 8, 8, 8, 8, 8, 8, 8, 8, 8, 8, 8, 8, 8, 8, 8, 8, 8, 8, 8, 8, 8, 9, 8, 7]
95 site 24.337353042962864 16.849358527000003 [7, 8, 9, 8, 8, 8, 8, 8, 8, 8, 8, 8, 8, 8, 8, 8, 8, 8, 8, 8, 8, 8, 8, 8, 8, 8, 8, 8, 8, 8, 8, 8, 8, 8, 8, 8, 9, 8, 7]
96 site 24.337353042962892 16.729887517 [7, 8, 9, 8, 8, 8, 8, 8, 8, 8, 8, 8, 8, 8, 8, 8, 8, 8, 8, 8, 8, 8, 8, 8, 8, 8, 8, 8, 8, 8, 8, 8, 8, 8, 8, 8, 9, 8, 7]
97 site 24.33735304296293 16.580940597 [7, 8, 9, 8, 8, 8, 8, 8, 8, 8, 8, 8, 8, 8, 8, 8, 8, 8, 8, 8, 8, 8, 8, 8, 8, 8, 8, 8, 8, 8, 8, 8, 8, 8, 8, 8, 9, 8, 7]
98 site 24.337353042962892 16.425430957000003 [7, 8, 9, 8, 8, 8, 8, 8, 8, 8, 8, 8, 8, 8, 8, 8, 8, 8, 8, 8, 8, 8, 8, 8, 8, 8, 8, 8, 8, 8, 8, 8, 8, 8, 8, 8, 9, 8, 7]
99 site 24.33735304296295 16.273855878000003 [7, 8, 9, 8, 8, 8, 8, 8, 8, 8, 8, 8, 8, 8, 8, 8, 8, 8, 8, 8, 8, 8, 8, 8, 8, 8, 8, 8, 8, 8, 8, 8, 8, 8, 8, 8, 9, 8, 7]
candidate 1 -1 1.077140545646671e-07 3
candidate 1 1 1.780423026787048e-07 3
candidate 2 -1 9.087711561051037e-08 3
candidate 2 1 5.128637592832774e-06 3
candidate 3 -1 7.804313000292495e-07 3
candidate 3 1 6.434827888313066e-07 3
candidate 4 -1 1.1643495092528156e-06 3
candidate 4 1 1.7365421207671261e-06 3
candidate 5 -1 1.9014439374132053e-06 3
candidate 5 1 2.7941769076278433e-06 3
candidate 6 -1 2.14502915341086e-06 3
candidate 6 1 3.7459137089967953e-06 3
candidate 7 -1 2.2979157527913685e-06 3
candidate 7 1 4.543411737500946e-06 3
candidate 8 -1 2.6331675684332367e-06 3
candidate 8 1 5.1040372781585575e-06 3
candidate 9 -1 3.2002402328146218e-06 3
candidate 9 1 5.475042197389257e-06 3
candidate 10 -1 3.881013622475393e-06 3
candidate 10 1 5.7365613166382445e-06 3
candidate 11 -1 4.376058249988546e-06 3
candidate 11 1 5.959181045511741e-06 3
candidate 12 -1 4.592890924470794e-06 3
candidate 12 1 6.222307497694146e-06 3
candidate 13 -1 4.714404369110525e-06 3
candidate 13 1 6.626348145744032e-06 3
candidate 14 -1 4.749452681807043e-06 3
candidate 14 1 7.257807197902366e-06 3
candidate 15 -1 4.6278191803139634e-06 3
candidate 15 1 8.043440438143534e-06 3
candidate 16 -1 5.272961082880556e-06 3
candidate 16 1 8.279933489063751e-06 3
candidate 17 -1 5.691718389044809e-06 3
candidate 17 1 6.169066907091292e-06 3
candidate 18 -1 1.4593194386236519e-06 3
candidate 18 1 8.327570668598128e-07 3
candidate 19 -1 2.396749465560788e-09 1
candidate 19 1 3.632294465205632e-10 1
candidate 20 -1 1.4035930639977323e-06 3
candidate 20 1 7.687778413867363e-07 3
candidate 21 -1 5.0469113119788744e-06 3
candidate 21 1 6.729887765288822e-06 3
candidate 22 -1 5.178366823344049e-06 3
candidate 22 1 8.491669923671452e-06 3
candidate 23 -1 4.662293484614111e-06 3
candidate 23 1 8.21527970984448e-06 3
candidate 24 -1 4.488284385928409e-06 3
candidate 24 1 7.436084647594043e-06 3
candidate 25 -1 4.5377136821400654e-06 3
candidate 25 1 6.804915443581194e-06 3
candidate 26 -1 4.0331129618209616e-06 3
candidate 26 1 6.398310159028142e-06 3
candidate 27 -1 3.701693586322108e-06 3
candidate 27 1 6.105239329201595e-06 3
candidate 28 -1 3.549540586789135e-06 3
candidate 28 1 5.825227201938787e-06 3
candidate 29 -1 3.3478575431900026e-06 3
candidate 29 1 5.50069007942966e-06 3
candidate 30 -1 2.9402855901139446e-06 3
candidate 30 1 5.093533204103551e-06 3
candidate 31 -1 2.4351929006627415e-06 3
candidate 31 1 4.554286128666263e-06 3
candidate 32 -1 2.024596199134976e-06 3
candidate 32 1 3.8018673116368973e-06 3
candidate 33 -1 1.7578816446928158e-06 3
candidate 33 1 2.838388876824638e-06 3
candidate 34 -1 1.267403291649316e-06 3
candidate 34 1 1.740665986460499e-06 3
candidate 35 -1 7.796099517065613e-07 3
candidate 35 1 6.057881485332928e-07 3
candidate 36 -1 9.290985758525494e-08 3
candidate 36 1 4.50726910372623e-06 3
candidate 37 -1 9.997914673931518e-08 3
candidate 37 1 2.2222674900262973e-07 3
candidate 37 -1 9.997913252846047e-08 3
candidate 37 1 2.2222674544991605e-07 3
candidate 36 -1 9.290983982168655e-08 3
candidate 36 1 4.507269096620803e-06 3
candidate 35 -1 7.796099481538477e-07 3
candidate 35 1 6.057881485332928e-07 3
candidate 34 -1 1.2674033058601708e-06 3
candidate 34 1 1.740665986460499e-06 3
candidate 33 -1 1.7578816589036705e-06 3
candidate 33 1 2.8383888803773516e-06 3
candidate 32 -1 2.0245962062404033e-06 3
candidate 32 1 3.80186730453147e-06 3
candidate 31 -1 2.435192907768169e-06 3
candidate 31 1 4.554286139324404e-06 3
candidate 30 -1 2.9402855830085173e-06 3
candidate 30 1 5.093533204103551e-06 3
candidate 29 -1 3.347857539637289e-06 3
candidate 29 1 5.5006900829823735e-06 3
candidate 28 -1 3.5495405796837076e-06 3
candidate 28 1 5.825227198386074e-06 3
candidate 27 -1 3.701693586322108e-06 3
candidate 27 1 6.105239336307022e-06 3
candidate 26 -1 4.033112958268248e-06 3
candidate 26 1 6.398310162580856e-06 3
candidate 25 -1 4.537713689245493e-06 3
candidate 25 1 6.804915454239335e-06 3
candidate 24 -1 4.488284385928409e-06 3
candidate 24 1 7.436084629830475e-06 3
candidate 23 -1 4.662293495272252e-06 3
candidate 23 1 8.215279716949908e-06 3
candidate 22 -1 5.1783668340021904e-06 3
candidate 22 1 8.49166994143502e-06 3
candidate 21 -1 5.0469113119788744e-06 3
candidate 21 1 6.729887768841536e-06 3
candidate 20 -1 1.403593078208587e-06 3
candidate 20 1 7.687778520448774e-07 3
candidate 19 -1 2.3967423601334303e-09 1
candidate 19 1 3.632294465205632e-10 1
candidate 18 -1 1.4593194315182245e-06 3
candidate 18 1 8.327570597543854e-07 3
candidate 17 -1 5.691718403255663e-06 3
candidate 17 1 6.169066903538578e-06 3
candidate 16 -1 5.2729610899859836e-06 3
candidate 16 1 8.279933485511037e-06 3
candidate 15 -1 4.627819169655822e-06 3
candidate 15 1 8.043440438143534e-06 3
candidate 14 -1 4.74945268891247e-06 3
candidate 14 1 7.257807190796939e-06 3
candidate 13 -1 4.714404365557812e-06 3
candidate 13 1 6.626348156402173e-06 3
candidate 12 -1 4.5928909173653665e-06 3
candidate 12 1 6.222307490588719e-06 3
candidate 11 -1 4.3760582535412595e-06 3
candidate 11 1 5.959181049064455e-06 3
candidate 10 -1 3.88101361892268e-06 3
candidate 10 1 5.736561313085531e-06 3
candidate 9 -1 3.2002402328146218e-06 3
candidate 9 1 5.4750422044946845e-06 3
candidate 8 -1 2.6331675577750957e-06 3
candidate 8 1 5.104037256842275e-06 3
candidate 7 -1 2.297915749238655e-06 3
candidate 7 1 4.54341174105366e-06 3
candidate 6 -1 2.1450291569635738e-06 3
candidate 6 1 3.745913712549509e-06 3
candidate 5 -1 1.9014439267550642e-06 3
candidate 5 1 2.7941768934169886e-06 3
candidate 4 -1 1.1643495092528156e-06 3
candidate 4 1 1.736542110108985e-06 3
candidate 3 -1 7.804313071346769e-07 3
candidate 3 1 6.434828030421613e-07 3
candidate 2 -1 9.087712982136509e-08 3
candidate 2 1 5.128637610596343e-06 3
candidate 1 -1 1.0771406167009445e-07 3
candidate 1 1 1.780423204422732e-07 3
100 pair 24.337353042962967 13.663900629000004 [7, 8, 9, 8, 8, 8, 8, 8, 8, 8, 8, 8, 8, 8, 8, 8, 8, 8, 8, 8, 8, 8, 8, 8, 8, 8, 8, 8, 8, 8, 8, 8, 8, 8, 8, 8, 9, 8, 7]
101 site 24.337353042962913 13.528925479000002 [7, 8, 9, 8, 8, 8, 8, 8, 8, 8, 8, 8, 8, 8, 8, 8, 8, 8, 8, 8, 8, 8, 8, 8, 8, 8, 8, 8, 8, 8, 8, 8, 8, 8, 8, 8, 9, 8, 7]
102 site 24.33735304296291 13.374482159000003 [7, 8, 9, 8, 8, 8, 8, 8, 8, 8, 8, 8, 8, 8, 8, 8, 8, 8, 8, 8, 8, 8, 8, 8, 8, 8, 8, 8, 8, 8, 8, 8, 8, 8, 8, 8, 9, 8, 7]
103 site 24.33735304296292 13.232115409000002 [7, 8, 9, 8, 8, 8, 8, 8, 8, 8, 8, 8, 8, 8, 8, 8, 8, 8, 8, 8, 8, 8, 8, 8, 8, 8, 8, 8, 8, 8, 8, 8, 8, 8, 8, 8, 9, 8, 7]
104 site 24.33735304296292 13.078495160000003 [7, 8, 9, 8, 8, 8, 8, 8, 8, 8, 8, 8, 8, 8, 8, 8, 8, 8, 8, 8, 8, 8, 8, 8, 8, 8, 8, 8, 8, 8, 8, 8, 8, 8, 8, 8, 9, 8, 7]
105 site 24.337353042962963 12.924028990000004 [7, 8, 9, 8, 8, 8, 8, 8, 8, 8, 8, 8, 8, 8, 8, 8, 8, 8, 8, 8, 8, 8, 8, 8, 8, 8, 8, 8, 8, 8, 8, 8, 8, 8, 8, 8, 9, 8, 7]
106 site 24.337353042962942 12.775546180000003 [7, 8, 9, 8, 8, 8, 8, 8, 8, 8, 8, 8, 8, 8, 8, 8, 8, 8, 8, 8, 8, 8, 8, 8, 8, 8, 8, 8, 8, 8, 8, 8, 8, 8, 8, 8, 9, 8, 7]
107 site 24.337353042962956 12.621389550000004 [7, 8, 9, 8, 8, 8, 8, 8, 8, 8, 8, 8, 8, 8, 8, 8, 8, 8, 8, 8, 8, 8, 8, 8, 8, 8, 8, 8, 8, 8, 8, 8, 8, 8, 8, 8, 9, 8, 7]
108 site 24.33735304296295 12.481525830000002 [7, 8, 9, 8, 8, 8, 8, 8, 8, 8, 8, 8, 8, 8, 8, 8, 8, 8, 8, 8, 8, 8, 8, 8, 8, 8, 8, 8, 8, 8, 8, 8, 8, 8, 8, 8, 9, 8, 7]
109 site 24.337353042962892 12.350587990000001 [7, 8, 9, 8, 8, 8, 8, 8, 8, 8, 8, 8, 8, 8, 8, 8, 8, 8, 8, 8, 8, 8, 8, 8, 8, 8, 8, 8, 8, 8, 8, 8, 8, 8, 8, 8, 9, 8, 7]
110 site 24.337353042962906 12.212908790000004 [7, 8, 9, 8, 8, 8, 8, 8, 8, 8, 8, 8, 8, 8, 8, 8, 8, 8, 8, 8, 8, 8, 8, 8, 8, 8, 8, 8, 8, 8, 8, 8, 8, 8, 8, 8, 9, 8, 7]
111 site 24.337353042962906 12.058382800000004 [7, 8, 9, 8, 8, 8, 8, 8, 8, 8, 8, 8, 8, 8, 8, 8, 8, 8, 8, 8, 8, 8, 8, 8, 8, 8, 8, 8, 8, 8, 8, 8, 8, 8, 8, 8, 9, 8, 7]
112 site 24.33735304296288 11.927705160000002 [7, 8, 9, 8, 8, 8, 8, 8, 8, 8, 8, 8, 8, 8, 8, 8, 8, 8, 8, 8, 8, 8, 8, 8, 8, 8, 8, 8, 8, 8, 8, 8, 8, 8, 8, 8, 9, 8, 7]
113 site 24.337353042962924 11.772045980000001 [7, 8, 9, 8, 8, 8, 8, 8, 8, 8, 8, 8, 8, 8, 8, 8, 8, 8, 8, 8, 8, 8, 8, 8, 8, 8, 8, 8, 8, 8, 8, 8, 8, 8, 8, 8, 9, 8, 7]
114 site 24.337353042962903 11.628005080000001 [7, 8, 9, 8, 8, 8, 8, 8, 8, 8, 8, 8, 8, 8, 8, 8, 8, 8, 8, 8, 8, 8, 8, 8, 8, 8, 8, 8, 8, 8, 8, 8, 8, 8, 8, 8, 9, 8, 7]
115 site 24.33735304296287 11.480437671000004 [7, 8, 9, 8, 8, 8, 8, 8, 8, 8, 8, 8, 8, 8, 8, 8, 8, 8, 8, 8, 8, 8, 8, 8, 8, 8, 8, 8, 8, 8, 8, 8, 8, 8, 8, 8, 9, 8, 7]
116 site 24.337353042962892 11.346502751000003 [7, 8, 9, 8, 8, 8, 8, 8, 8, 8, 8, 8, 8, 8, 8, 8, 8, 8, 8, 8, 8, 8, 8, 8, 8, 8, 8, 8, 8, 8, 8, 8, 8, 8, 8, 8, 9, 8, 7]
117 site 24.337353042962913 11.186422881000002 [7, 8, 9, 8, 8, 8, 8, 8, 8, 8, 8, 8, 8, 8, 8, 8, 8, 8, 8, 8, 8, 8, 8, 8, 8, 8, 8, 8, 8, 8, 8, 8, 8, 8, 8, 8, 9, 8, 7]
118 site 24.337353042962942 11.046604521000003 [7, 8, 9, 8, 8, 8, 8, 8, 8, 8, 8, 8, 8, 8, 8, 8, 8, 8, 8, 8, 8, 8, 8, 8, 8, 8, 8, 8, 8, 8, 8, 8, 8, 8, 8, 8, 9, 8, 7]
119 site 24.33735304296291 10.893695181000002 [7, 8, 9, 8, 8, 8, 8, 8, 8, 8, 8, 8, 8, 8, 8, 8, 8, 8, 8, 8, 8, 8, 8, 8, 8, 8, 8, 8, 8, 8, 8, 8, 8, 8, 8, 8, 9, 8, 7]
120 site 24.337353042962842 10.753783871000003 [7, 8, 9, 8, 8, 8, 8, 8, 8, 8, 8, 8, 8, 8, 8, 8, 8, 8, 8, 8, 8, 8, 8, 8, 8, 8, 8, 8, 8, 8, 8, 8, 8, 8, 8, 8, 9, 8, 7]
121 site 24.337353042962924 10.608379371000002 [7, 8, 9, 8, 8, 8, 8, 8, 8, 8, 8, 8, 8, 8, 8, 8, 8, 8, 8, 8, 8, 8, 8, 8, 8, 8, 8, 8, 8, 8, 8, 8, 8, 8, 8, 8, 9, 8, 7]
122 site 24.33735304296288 10.460647221000002 [7, 8, 9, 8, 8, 8, 8, 8, 8, 8, 8, 8, 8, 8, 8, 8, 8, 8, 8, 8, 8, 8, 8, 8, 8, 8, 8, 8, 8, 8, 8, 8, 8, 8, 8, 8, 9, 8, 7]
123 site 24.33735304296287 10.317686661000003 [7, 8, 9, 8, 8, 8, 8, 8, 8, 8, 8, 8, 8, 8, 8, 8, 8, 8, 8, 8, 8, 8, 8, 8, 8, 8, 8, 8, 8, 8, 8, 8, 8, 8, 8, 8, 9, 8, 7]
124 site 24.337353042962874 10.193584271000002 [7, 8, 9, 8, 8, 8, 8, 8, 8, 8, 8, 8, 8, 8, 8, 8, 8, 8, 8, 8, 8, 8, 8, 8, 8, 8, 8, 8, 8, 8, 8, 8, 8, 8, 8, 8, 9, 8, 7]
125 site 24.33735304296292 10.058307611000004 [7, 8, 9, 8, 8, 8, 8, 8, 8, 8, 8, 8, 8, 8, 8, 8, 8, 8, 8, 8, 8, 8, 8, 8, 8, 8, 8, 8, 8, 8, 8, 8, 8, 8, 8, 8, 9, 8, 7]
126 site 24.337353042962835 9.904569601000002 [7, 8, 9, 8, 8, 8, 8, 8, 8, 8, 8, 8, 8, 8, 8, 8, 8, 8, 8, 8, 8, 8, 8, 8, 8, 8, 8, 8, 8, 8, 8, 8, 8, 8, 8, 8, 9, 8, 7]
127 site 24.337353042962892 9.730701152000002 [7, 8, 9, 8, 8, 8, 8, 8, 8, 8, 8, 8, 8, 8, 8, 8, 8, 8, 8, 8, 8, 8, 8, 8, 8, 8, 8, 8, 8, 8, 8, 8, 8, 8, 8, 8, 9, 8, 7]
128 site 24.337353042962864 9.584293822000003 [7, 8, 9, 8, 8, 8, 8, 8, 8, 8, 8, 8, 8, 8, 8, 8, 8, 8, 8, 8, 8, 8, 8, 8, 8, 8, 8, 8, 8, 8, 8, 8, 8, 8, 8, 8, 9, 8, 7]
129 site 24.337353042962913 9.425503392000003 [7, 8, 9, 8, 8, 8, 8, 8, 8, 8, 8, 8, 8, 8, 8, 8, 8, 8, 8, 8, 8, 8, 8, 8, 8, 8, 8, 8, 8, 8, 8, 8, 8, 8, 8, 8, 9, 8, 7]
130 site 24.337353042962874 9.271728382000003 [7, 8, 9, 8, 8, 8, 8, 8, 8, 8, 8, 8, 8, 8, 8, 8, 8, 8, 8, 8, 8, 8, 8, 8, 8, 8, 8, 8, 8, 8, 8, 8, 8, 8, 8, 8, 9, 8, 7]
131 site 24.337353042962892 9.124296362000003 [7, 8, 9, 8, 8, 8, 8, 8, 8, 8, 8, 8, 8, 8, 8, 8, 8, 8, 8, 8, 8, 8, 8, 8, 8, 8, 8, 8, 8, 8, 8, 8, 8, 8, 8, 8, 9, 8, 7]
132 site 24.337353042962885 8.976955042000004 [7, 8, 9, 8, 8, 8, 8, 8, 8, 8, 8, 8, 8, 8, 8, 8, 8, 8, 8, 8, 8, 8, 8, 8, 8, 8, 8, 8, 8, 8, 8, 8, 8, 8, 8, 8, 9, 8, 7]
133 site 24.337353042962892 8.842349652000003 [7, 8, 9, 8, 8, 8, 8, 8, 8, 8, 8, 8, 8, 8, 8, 8, 8, 8, 8, 8, 8, 8, 8, 8, 8, 8, 8, 8, 8, 8, 8, 8, 8, 8, 8, 8, 9, 8, 7]
134 site 24.337353042962913 8.704653022000002 [7, 8, 9, 8, 8, 8, 8, 8, 8, 8, 8, 8, 8, 8, 8, 8, 8, 8, 8, 8, 8, 8, 8, 8, 8, 8, 8, 8, 8, 8, 8, 8, 8, 8, 8, 8, 9, 8, 7]
135 site 24.337353042962864 8.570846212000003 [7, 8, 9, 8, 8, 8, 8, 8, 8, 8, 8, 8, 8, 8, 8, 8, 8, 8, 8, 8, 8, 8, 8, 8, 8, 8, 8, 8, 8, 8, 8, 8, 8, 8, 8, 8, 9, 8, 7]
136 site 24.337353042962896 8.409754642000003 [7, 8, 9, 8, 8, 8, 8, 8, 8, 8, 8, 8, 8, 8, 8, 8, 8, 8, 8, 8, 8, 8, 8, 8, 8, 8, 8, 8, 8, 8, 8, 8, 8, 8, 8, 8, 9, 8, 7]
137 site 24.337353042962825 8.259055672000002 [7, 8, 9, 8, 8, 8, 8, 8, 8, 8, 8, 8, 8, 8, 8, 8, 8, 8, 8, 8, 8, 8, 8, 8, 8, 8, 8, 8, 8, 8, 8, 8, 8, 8, 8, 8, 9, 8, 7]
138 site 24.337353042962917 8.107817742000002 [7, 8, 9, 8, 8, 8, 8, 8, 8, 8, 8, 8, 8, 8, 8, 8, 8, 8, 8, 8, 8, 8, 8, 8, 8, 8, 8, 8, 8, 8, 8, 8, 8, 8, 8, 8, 9, 8, 7]
139 site 24.337353042962807 7.956281542000003 [7, 8, 9, 8, 8, 8, 8, 8, 8, 8, 8, 8, 8, 8, 8, 8, 8, 8, 8, 8, 8, 8, 8, 8, 8, 8, 8, 8, 8, 8, 8, 8, 8, 8, 8, 8, 9, 8, 7]
140 site 24.337353042962825 7.797339202000003 [7, 8, 9, 8, 8, 8, 8, 8, 8, 8, 8, 8, 8, 8, 8, 8, 8, 8, 8, 8, 8, 8, 8, 8, 8, 8, 8, 8, 8, 8, 8, 8, 8, 8, 8, 8, 9, 8, 7]
141 site 24.337353042962878 7.664547892000002 [7, 8, 9, 8, 8, 8, 8, 8, 8, 8, 8, 8, 8, 8, 8, 8, 8, 8, 8, 8, 8, 8, 8, 8, 8, 8, 8, 8, 8, 8, 8, 8, 8, 8, 8, 8, 9, 8, 7]
142 site 24.33735304296292 7.553778582 [7, 8, 9, 8, 8, 8, 8, 8, 8, 8, 8, 8, 8, 8, 8, 8, 8, 8, 8, 8, 8, 8, 8, 8, 8, 8, 8, 8, 8, 8, 8, 8, 8, 8, 8, 8, 9, 8, 7]
143 site 24.337353042962885 7.429677973000004 [7, 8, 9, 8, 8, 8, 8, 8, 8, 8, 8, 8, 8, 8, 8, 8, 8, 8, 8, 8, 8, 8, 8, 8, 8, 8, 8, 8, 8, 8, 8, 8, 8, 8, 8, 8, 9, 8, 7]
144 site 24.33735304296291 7.287814553000004 [7, 8, 9, 8, 8, 8, 8, 8, 8, 8, 8, 8, 8, 8, 8, 8, 8, 8, 8, 8, 8, 8, 8, 8, 8, 8, 8, 8, 8, 8, 8, 8, 8, 8, 8, 8, 9, 8, 7]
145 site 24.337353042962853 7.156842933 [7, 8, 9, 8, 8, 8, 8, 8, 8, 8, 8, 8, 8, 8, 8, 8, 8, 8, 8, 8, 8, 8, 8, 8, 8, 8, 8, 8, 8, 8, 8, 8, 8, 8, 8, 8, 9, 8, 7]
146 site 24.3373530429629 7.024354293000002 [7, 8, 9, 8, 8, 8, 8, 8, 8, 8, 8, 8, 8, 8, 8, 8, 8, 8, 8, 8, 8, 8, 8, 8, 8, 8, 8, 8, 8, 8, 8, 8, 8, 8, 8, 8, 9, 8, 7]
147 site 24.337353042962885 6.882694333000003 [7, 8, 9, 8, 8, 8, 8, 8, 8, 8, 8, 8, 8, 8, 8, 8, 8, 8, 8, 8, 8, 8, 8, 8, 8, 8, 8, 8, 8, 8, 8, 8, 8, 8, 8, 8, 9, 8, 7]
148 site 24.337353042962892 6.726149663000001 [7, 8, 9, 8, 8, 8, 8, 8, 8, 8, 8, 8, 8, 8, 8, 8, 8, 8, 8, 8, 8, 8, 8, 8, 8, 8, 8, 8, 8, 8, 8, 8, 8, 8, 8, 8, 9, 8, 7]
149 site 24.337353042962903 6.578141543000001 [7, 8, 9, 8, 8, 8, 8, 8, 8, 8, 8, 8, 8, 8, 8, 8, 8, 8, 8, 8, 8, 8, 8, 8, 8, 8, 8, 8, 8, 8, 8, 8, 8, 8, 8, 8, 9, 8, 7]
150 site 24.337353042962885 6.429112843000006 [7, 8, 9, 8, 8, 8, 8, 8, 8, 8, 8, 8, 8, 8, 8, 8, 8, 8, 8, 8, 8, 8, 8, 8, 8, 8, 8, 8, 8, 8, 8, 8, 8, 8, 8, 8, 9, 8, 7]
151 site 24.33735304296289 6.280357363 [7, 8, 9, 8, 8, 8, 8, 8, 8, 8, 8, 8, 8, 8, 8, 8, 8, 8, 8, 8, 8, 8, 8, 8, 8, 8, 8, 8, 8, 8, 8, 8, 8, 8, 8, 8, 9, 8, 7]
152 site 24.337353042962906 6.1332130629999995 [7, 8, 9, 8, 8, 8, 8, 8, 8, 8, 8, 8, 8, 8, 8, 8, 8, 8, 8, 8, 8, 8, 8, 8, 8, 8, 8, 8, 8, 8, 8, 8, 8, 8, 8, 8, 9, 8, 7]
153 site 24.337353042962828 5.983712213000004 [7, 8, 9, 8, 8, 8, 8, 8, 8, 8, 8, 8, 8, 8, 8, 8, 8, 8, 8, 8, 8, 8, 8, 8, 8, 8, 8, 8, 8, 8, 8, 8, 8, 8, 8, 8, 9, 8, 7]
154 site 24.337353042962928 5.834219564000001 [7, 8, 9, 8, 8, 8, 8, 8, 8, 8, 8, 8, 8, 8, 8, 8, 8, 8, 8, 8, 8, 8, 8, 8, 8, 8, 8, 8, 8, 8, 8, 8, 8, 8, 8, 8, 9, 8, 7]
155 site 24.337353042962913 5.692103434000003 [7, 8, 9, 8, 8, 8, 8, 8, 8, 8, 8, 8, 8, 8, 8, 8, 8, 8, 8, 8, 8, 8, 8, 8, 8, 8, 8, 8, 8, 8, 8, 8, 8, 8, 8, 8, 9, 8, 7]
156 site 24.337353042962942 5.544740354000005 [7, 8, 9, 8, 8, 8, 8, 8, 8, 8, 8, 8, 8, 8, 8, 8, 8, 8, 8, 8, 8, 8, 8, 8, 8, 8, 8, 8, 8, 8, 8, 8, 8, 8, 8, 8, 9, 8, 7]
157 site 24.337353042962903 5.397222884000001 [7, 8, 9, 8, 8, 8, 8, 8, 8, 8, 8, 8, 8, 8, 8, 8, 8, 8, 8, 8, 8, 8, 8, 8, 8, 8, 8, 8, 8, 8, 8, 8, 8, 8, 8, 8, 9, 8, 7]
158 site 24.33735304296292 5.252377164000002 [7, 8, 9, 8, 8, 8, 8, 8, 8, 8, 8, 8, 8, 8, 8, 8, 8, 8, 8, 8, 8, 8, 8, 8, 8, 8, 8, 8, 8, 8, 8, 8, 8, 8, 8, 8, 9, 8, 7]
159 site 24.337353042962867 5.100751374000005 [7, 8, 9, 8, 8, 8, 8, 8, 8, 8, 8, 8, 8, 8, 8, 8, 8, 8, 8, 8, 8, 8, 8, 8, 8, 8, 8, 8, 8, 8, 8, 8, 8, 8, 8, 8, 9, 8, 7]
160 site 24.337353042962885 4.945609684000004 [7, 8, 9, 8, 8, 8, 8, 8, 8, 8, 8, 8, 8, 8, 8, 8, 8, 8, 8, 8, 8, 8, 8, 8, 8, 8, 8, 8, 8, 8, 8, 8, 8, 8, 8, 8, 9, 8, 7]
161 site 24.3373530429629 4.805518904000003 [7, 8, 9, 8, 8, 8, 8, 8, 8, 8, 8, 8, 8, 8, 8, 8, 8, 8, 8, 8, 8, 8, 8, 8, 8, 8, 8, 8, 8, 8, 8, 8, 8, 8, 8, 8, 9, 8, 7]
162 site 24.337353042962864 4.660778564000005 [7, 8, 9, 8, 8, 8, 8, 8, 8, 8, 8, 8, 8, 8, 8, 8, 8, 8, 8, 8, 8, 8, 8, 8, 8, 8, 8, 8, 8, 8, 8, 8, 8, 8, 8, 8, 9, 8, 7]
163 site 24.337353042962924 4.519678604000006 [7, 8, 9, 8, 8, 8, 8, 8, 8, 8, 8, 8, 8, 8, 8, 8, 8, 8, 8, 8, 8, 8, 8, 8, 8, 8, 8, 8, 8, 8, 8, 8, 8, 8, 8, 8, 9, 8, 7]
164 site 24.337353042962903 4.389145194000001 [7, 8, 9, 8, 8, 8, 8, 8, 8, 8, 8, 8, 8, 8, 8, 8, 8, 8, 8, 8, 8, 8, 8, 8, 8, 8, 8, 8, 8, 8, 8, 8, 8, 8, 8, 8, 9, 8, 7]
165 site 24.337353042962892 4.244066004000004 [7, 8, 9, 8, 8, 8, 8, 8, 8, 8, 8, 8, 8, 8, 8, 8, 8, 8, 8, 8, 8, 8, 8, 8, 8, 8, 8, 8, 8, 8, 8, 8, 8, 8, 8, 8, 9, 8, 7]
166 site 24.337353042962867 4.100195474000003 [7, 8, 9, 8, 8, 8, 8, 8, 8, 8, 8, 8, 8, 8, 8, 8, 8, 8, 8, 8, 8, 8, 8, 8, 8, 8, 8, 8, 8, 8, 8, 8, 8, 8, 8, 8, 9, 8, 7]
167 site 24.337353042962885 3.956427674000004 [7, 8, 9, 8, 8, 8, 8, 8, 8, 8, 8, 8, 8, 8, 8, 8, 8, 8, 8, 8, 8, 8, 8, 8, 8, 8, 8, 8, 8, 8, 8, 8, 8, 8, 8, 8, 9, 8, 7]
168 site 24.337353042962892 3.8178456050000023 [7, 8, 9, 8, 8, 8, 8, 8, 8, 8, 8, 8, 8, 8, 8, 8, 8, 8, 8, 8, 8, 8, 8, 8, 8, 8, 8, 8, 8, 8, 8, 8, 8, 8, 8, 8, 9, 8, 7]
169 site 24.337353042962867 3.6861068650000064 [7, 8, 9, 8, 8, 8, 8, 8, 8, 8, 8, 8, 8, 8, 8, 8, 8, 8, 8, 8, 8, 8, 8, 8, 8, 8, 8, 8, 8, 8, 8, 8, 8, 8, 8, 8, 9, 8, 7]
170 site 24.3373530429629 3.5511343450000012 [7, 8, 9, 8, 8, 8, 8, 8, 8, 8, 8, 8, 8, 8, 8, 8, 8, 8, 8, 8, 8, 8, 8, 8, 8, 8, 8, 8, 8, 8, 8, 8, 8, 8, 8, 8, 9, 8, 7]
171 site 24.33735304296287 3.398423875000006 [7, 8, 9, 8, 8, 8, 8, 8, 8, 8, 8, 8, 8, 8, 8, 8, 8, 8, 8, 8, 8, 8, 8, 8, 8, 8, 8, 8, 8, 8, 8, 8, 8, 8, 8, 8, 9, 8, 7]
172 site 24.337353042962892 3.2330831050000057 [7, 8, 9, 8, 8, 8, 8, 8, 8, 8, 8, 8, 8, 8, 8, 8, 8, 8, 8, 8, 8, 8, 8, 8, 8, 8, 8, 8, 8, 8, 8, 8, 8, 8, 8, 8, 9, 8, 7]
173 site 24.33735304296288 3.098714715 [7, 8, 9, 8, 8, 8, 8, 8, 8, 8, 8, 8, 8, 8, 8, 8, 8, 8, 8, 8, 8, 8, 8, 8, 8, 8, 8, 8, 8, 8, 8, 8, 8, 8, 8, 8, 9, 8, 7]
174 site 24.337353042962892 2.958758545000002 [7, 8, 9, 8, 8, 8, 8, 8, 8, 8, 8, 8, 8, 8, 8, 8, 8, 8, 8, 8, 8, 8, 8, 8, 8, 8, 8, 8, 8, 8, 8, 8, 8, 8, 8, 8, 9, 8, 7]
175 site 24.33735304296293 2.8296959950000016 [7, 8, 9, 8, 8, 8, 8, 8, 8, 8, 8, 8, 8, 8, 8, 8, 8, 8, 8, 8, 8, 8, 8, 8, 8, 8, 8, 8, 8, 8, 8, 8, 8, 8, 8, 8, 9, 8, 7]
176 site 24.337353042962913 2.675460975 [7, 8, 9, 8, 8, 8, 8, 8, 8, 8, 8, 8, 8, 8, 8, 8, 8, 8, 8, 8, 8, 8, 8, 8, 8, 8, 8, 8, 8, 8, 8, 8, 8, 8, 8, 8, 9, 8, 7]
177 site 24.337353042962896 2.5361391060000003 [7, 8, 9, 8, 8, 8, 8, 8, 8, 8, 8, 8, 8, 8, 8, 8, 8, 8, 8, 8, 8, 8, 8, 8, 8, 8, 8, 8, 8, 8, 8, 8, 8, 8, 8, 8, 9, 8, 7]
178 site 24.337353042962857 2.376934016 [7, 8, 9, 8, 8, 8, 8, 8, 8, 8, 8, 8, 8, 8, 8, 8, 8, 8, 8, 8, 8, 8, 8, 8, 8, 8, 8, 8, 8, 8, 8, 8, 8, 8, 8, 8, 9, 8, 7]
179 site 24.337353042962867 2.2295083059999996 [7, 8, 9, 8, 8, 8, 8, 8, 8, 8, 8, 8, 8, 8, 8, 8, 8, 8, 8, 8, 8, 8, 8, 8, 8, 8, 8, 8, 8, 8, 8, 8, 8, 8, 8, 8, 9, 8, 7]
180 site 24.3373530429629 2.0866119160000025 [7, 8, 9, 8, 8, 8, 8, 8, 8, 8, 8, 8, 8, 8, 8, 8, 8, 8, 8, 8, 8, 8, 8, 8, 8, 8, 8, 8, 8, 8, 8, 8, 8, 8, 8, 8, 9, 8, 7]
181 site 24.337353042962864 1.9406572660000023 [7, 8, 9, 8, 8, 8, 8, 8, 8, 8, 8, 8, 8, 8, 8, 8, 8, 8, 8, 8, 8, 8, 8, 8, 8, 8, 8, 8, 8, 8, 8, 8, 8, 8, 8, 8, 9, 8, 7]
182 site 24.3373530429629 1.799391946 [7, 8, 9, 8, 8, 8, 8, 8, 8, 8, 8, 8, 8, 8, 8, 8, 8, 8, 8, 8, 8, 8, 8, 8, 8, 8, 8, 8, 8, 8, 8, 8, 8, 8, 8, 8, 9, 8, 7]
183 site 24.337353042962878 1.6643535760000034 [7, 8, 9, 8, 8, 8, 8, 8, 8, 8, 8, 8, 8, 8, 8, 8, 8, 8, 8, 8, 8, 8, 8, 8, 8, 8, 8, 8, 8, 8, 8, 8, 8, 8, 8, 8, 9, 8, 7]
184 site 24.337353042962864 1.5400720860000021 [7, 8, 9, 8, 8, 8, 8, 8, 8, 8, 8, 8, 8, 8, 8, 8, 8, 8, 8, 8, 8, 8, 8, 8, 8, 8, 8, 8, 8, 8, 8, 8, 8, 8, 8, 8, 9, 8, 7]
185 site 24.337353042962828 1.4124785660000043 [7, 8, 9, 8, 8, 8, 8, 8, 8, 8, 8, 8, 8, 8, 8, 8, 8, 8, 8, 8, 8, 8, 8, 8, 8, 8, 8, 8, 8, 8, 8, 8, 8, 8, 8, 8, 9, 8, 7]
186 site 24.337353042962906 1.2693923460000036 [7, 8, 9, 8, 8, 8, 8, 8, 8, 8, 8, 8, 8, 8, 8, 8, 8, 8, 8, 8, 8, 8, 8, 8, 8, 8, 8, 8, 8, 8, 8, 8, 8, 8, 8, 8, 9, 8, 7]
187 site 24.337353042962903 1.1341862960000029 [7, 8, 9, 8, 8, 8, 8, 8, 8, 8, 8, 8, 8, 8, 8, 8, 8, 8, 8, 8, 8, 8, 8, 8, 8, 8, 8, 8, 8, 8, 8, 8, 8, 8, 8, 8, 9, 8, 7]
188 site 24.33735304296289 0.9993174260000046 [7, 8, 9, 8, 8, 8, 8, 8, 8, 8, 8, 8, 8, 8, 8, 8, 8, 8, 8, 8, 8, 8, 8, 8, 8, 8, 8, 8, 8, 8, 8, 8, 8, 8, 8, 8, 9, 8, 7]
189 site 24.33735304296288 0.832049786000006 [7, 8, 9, 8, 8, 8, 8, 8, 8, 8, 8, 8, 8, 8, 8, 8, 8, 8, 8, 8, 8, 8, 8, 8, 8, 8, 8, 8, 8, 8, 8, 8, 8, 8, 8, 8, 9, 8, 7]
190 site 24.337353042962892 0.6928671960000017 [7, 8, 9, 8, 8, 8, 8, 8, 8, 8, 8, 8, 8, 8, 8, 8, 8, 8, 8, 8, 8, 8, 8, 8, 8, 8, 8, 8, 8, 8, 8, 8, 8, 8, 8, 8, 9, 8, 7]
191 site 24.337353042962913 0.5580881460000029 [7, 8, 9, 8, 8, 8, 8, 8, 8, 8, 8, 8, 8, 8, 8, 8, 8, 8, 8, 8, 8, 8, 8, 8, 8, 8, 8, 8, 8, 8, 8, 8, 8, 8, 8, 8, 9, 8, 7]
192 site 24.337353042962906 0.4014510659999999 [7, 8, 9, 8, 8, 8, 8, 8, 8, 8, 8, 8, 8, 8, 8, 8, 8, 8, 8, 8, 8, 8, 8, 8, 8, 8, 8, 8, 8, 8, 8, 8, 8, 8, 8, 8, 9, 8, 7]
193 site 24.337353042962935 0.28774311600000146 [7, 8, 9, 8, 8, 8, 8, 8, 8, 8, 8, 8, 8, 8, 8, 8, 8, 8, 8, 8, 8, 8, 8, 8, 8, 8, 8, 8, 8, 8, 8, 8, 8, 8, 8, 8, 9, 8, 7]
194 site 24.33735304296295 0.17027123600000493 [7, 8, 9, 8, 8, 8, 8, 8, 8, 8, 8, 8, 8, 8, 8, 8, 8, 8, 8, 8, 8, 8, 8, 8, 8, 8, 8, 8, 8, 8, 8, 8, 8, 8, 8, 8, 9, 8, 7]
