0 4 0.1 15.713165674762461 39.31836272 1.0
1 8 0.03 15.564907025529138 39.251493780000004 1.0
2 13 0.01 15.549448766791526 39.17128728 1.0
pair 3 13 15.548803519013514 38.91010098
4 13 0.001 15.548482701504119 38.834448370000004 1.0
5 13 0.0001 15.548474596113104 38.746233020000005 1.0
6 13 1e-05 15.548470129255433 38.658976800000005 1.0
7 13 1e-05 15.5484656951103 38.5154949 1.0
8 13 0.0 15.54845961876721 38.414899930000004 1.0
9 13 0.0 15.548442722460868 38.334194110000006 6.445152911565374
10 13 0.0 15.548431313158948 38.25353306 0.18915843770564497
11 13 0.0 15.548418635154913 38.16903476 7.638381259256786
12 13 0.0 15.548407546115126 38.07640868 0.1
13 13 0.0 15.548402087067442 37.98472662 0.8878788325738525
14 13 0.0 15.548400669503524 37.89528207 0.9970826107247546
15 13 0.0 15.548399595699697 37.81086398 1.1466450023334678
16 13 0.0 15.548395758382068 37.71826411 1.318641752683488
17 13 0.0 15.548388276821782 37.615697180000005 1.4889338544652326
18 13 0.0 15.548385957455382 37.5358825 0.190417943179849
19 13 0.0 15.548385770948764 37.45199444 0.7120863704030401
20 13 0.0 15.5483857501722 37.35462823 0.7604873597341074
21 13 0.0 15.548385749529317 37.25313535 1.5423857043232772
22 13 0.0 15.548385749401891 37.158745720000006 1.204040318431972
23 13 0.0 15.548385749369617 37.078513720000004 0.1
24 13 0.0 15.548385749367803 37.00212812 0.11499999999999999
25 13 0.0 15.548385749367009 36.91874096 0.13224999999999998
26 13 0.0 15.548385749366663 36.83550686 0.15208749999999996
pair 27 13 15.548582613348772 36.564581621
