0 4 0.1 28.079415187253538 39.192051170000006 1.0
1 8 0.03 27.497769164730716 39.09727809 1.0
2 16 0.01 27.456688057694276 38.956336840000006 1.0
pair 3 16 27.45619843172316 38.47377721
4 16 0.001 27.455867277593676 38.302740921 1.0
5 16 0.0001 27.455830605173535 38.109163011 1.0
6 16 1e-05 27.455820815057205 37.938819841000004 1.0
7 16 1e-05 27.45581435586444 37.761875501000006 1.0
8 16 0.0 27.455810003831804 37.597939511 1.0
9 16 0.0 27.455807791891704 37.425296071000005 0.1
10 16 0.0 27.455807546431835 37.261749611000006 0.33240305920195184
11 16 0.0 27.455807500305333 37.106272031 2.924947789806643
12 16 0.0 27.45580744783587 36.943110021 3.4413685171916963
13 16 0.0 27.45580744128752 36.782236231000006 0.20467337031613633
14 16 0.0 27.45580744035357 36.617370721 1.721170941799867
15 16 0.0 27.45580743987161 36.456572451 1.9435283221587425
16 16 0.0 27.455807439859647 36.296245331 0.7637705710574807
17 16 0.0 27.455807439854574 36.120176611000005 1.7629084205202272
18 16 0.0 27.45580743985337 35.947848261000004 2.5314483841273727
19 16 0.0 27.4558074398531 35.721850092000004 2.911165641746478
20 16 0.0 27.455807439853118 35.535158532000004 3.34784048800845
pair 21 16 27.45621557753563 34.948179062
22 16 0.0 27.455911783830672 34.748386362000005 0.1
23 16 0.0 27.455853368467057 34.564284842000006 0.9226823599077637
24 16 0.0 27.455830289649636 34.352560262000004 0.1798584889617294
25 16 0.0 27.455822775771345 34.136374212 0.27366003136319106
26 16 0.0 27.45582235344945 33.920987482 0.5897872232649362
27 16 0.0 27.45582210445036 33.705130402 0.6782553067546765
28 16 0.0 27.45582037095045 33.487703252 0.7799936027678779
29 16 0.0 27.455812956858352 33.281403773 0.1
30 16 0.0 27.455808417425736 33.091886213 0.3981113943909009
31 16 0.0 27.455807610190252 32.846004183000005 0.13800607659969555
32 16 0.0 27.455807541260494 32.658495793 1.1880600735328686
33 16 0.0 27.45580748294218 32.446150623 5.17812000111095
34 16 0.0 27.455807457300853 32.247933303 2.943903102831865
35 16 0.0 27.45580744390623 32.051591593000005 0.42688790178838865
36 16 0.0 27.455807440906963 31.835020203000003 1.648079607240335
37 16 0.0 27.455807439968527 31.608009953000003 1.9074506568226912
38 16 0.0 27.455807439957997 31.370604453000002 0.8125708026621615
39 16 0.0 27.455807439953 31.134936153000005 2.195701137986346
40 16 0.0 27.455807439951933 30.919665133000002 2.0675629246832052
41 16 0.0 27.455807439951982 30.699124274000003 2.377697363385686
42 16 0.0 27.455807439951908 30.523838504000004 0.1
