{
  "construction": "64-dimensional Fock operators, projected sector, scipy matrix exponentials",
  "point_count": 241,
  "seconds": 6.162477731704712,
  "extrema": {
    "energy_error": 9.50032159074965e-05,
    "cc_residual": 2.0623004925434583e-15,
    "lambda_residual": 2.636779683484747e-16,
    "rdm_dad": 0.0009513906035208946,
    "jacobian_condition": 48.065490334156344,
    "amplitude_norm": 0.6265591199783681,
    "lambda_norm": 0.5735487952648026,
    "pair_entry_max": 0.6614468030728591,
    "pair_frobenius": 3.0531198000633872,
    "occupation_violation": 0.02300003355999537,
    "ground_overlap": 0.9999985276648731,
    "reference_weight": 0.6902104044848578,
    "fci_gap": 0.14086721266039914,
    "hf_real_min": 0.32164535387379645,
    "hf_imaginary_min": 0.5199700401783263,
    "eom_real_min": 0.14815531922325906
  }
}
