2026-08-28 05:02:03.228572: E external/xla/xla/service/slow_operation_alarm.cc:73] Constant folding an instruction is taking > 1s:

  %compare.63 = pred[2]{0} compare(%broadcast.335, %constant.276), direction=LE

This isn't necessarily a bug; constant-folding is inherently a trade-off between compilation time and speed at runtime. XLA has some guards that attempt to keep constant folding from taking too long, but fundamentally you'll always be able to come up with an input program that takes a long time.

If you'd like to file a bug, run with envvar XLA_FLAGS=--xla_dump_to=/tmp/foo and attach the results.
2026-08-28 05:02:03.268555: E external/xla/xla/service/slow_operation_alarm.cc:140] The operation took 1.040107932s
Constant folding an instruction is taking > 1s:

  %compare.63 = pred[2]{0} compare(%broadcast.335, %constant.276), direction=LE

This isn't necessarily a bug; constant-folding is inherently a trade-off between compilation time and speed at runtime. XLA has some guards that attempt to keep constant folding from taking too long, but fundamentally you'll always be able to come up with an input program that takes a long time.

If you'd like to file a bug, run with envvar XLA_FLAGS=--xla_dump_to=/tmp/foo and attach the results.
/usr/lib/python3/dist-packages/scipy/optimize/_optimize.py:284: RuntimeWarning: Values in x were outside bounds during a minimize step, clipping to bounds
  warnings.warn("Values in x were outside bounds during a "
{"seed": 21, "attempt": 0, "iteration": 25, "seconds": 9.516302108764648, "objective": 0.010771922399853336, "equality": 3.2183629603398005, "inequality": -612915.9417685424}
{"seed": 21, "attempt": 0, "iteration": 50, "seconds": 10.4801926612854, "objective": 0.05434783261520086, "equality": 21.707717595118563, "inequality": -18985597.22453957}
{"seed": 21, "attempt": 0, "iteration": 75, "seconds": 12.235437870025635, "objective": 0.00291956990920654, "equality": 0.6198666432718203, "inequality": -91358.26750260983}
{"seed": 21, "attempt": 0, "iteration": 100, "seconds": 13.242296934127808, "objective": 0.015006476631137428, "equality": 3.3190461634718824, "inequality": -2901903.645292781}
{"seed": 21, "attempt": 0, "iteration": 125, "seconds": 14.426114559173584, "objective": 0.04914287376371399, "equality": 26.038385594449608, "inequality": -176807166.72239015}
{"seed": 21, "attempt": 0, "iteration": 150, "seconds": 16.016772270202637, "objective": 0.04665810028987689, "equality": 28.280297740586683, "inequality": -137425767.45181608}
{"seed": 21, "attempt": 0, "iteration": 175, "seconds": 17.030660152435303, "objective": 0.03501691987366932, "equality": 5.6042291032486204, "inequality": -14681721.908337401}
{"seed": 21, "attempt": 0, "iteration": 200, "seconds": 18.327418565750122, "objective": 0.0570903337371633, "equality": 34.182211468769495, "inequality": -271330555.5864603}
{"seed": 21, "attempt": 0, "iteration": 225, "seconds": 19.95880913734436, "objective": 0.061325796013289656, "equality": 61.03940741232223, "inequality": -527435373.8134434}
{"seed": 21, "attempt": 0, "iteration": 250, "seconds": 22.103684425354004, "objective": 0.057168019450908554, "equality": 45.52583894402183, "inequality": -406111247.1666721}
{"seed": 21, "attempt": 0, "iteration": 275, "seconds": 23.694650888442993, "objective": 0.08052766834576175, "equality": 85.73999323195488, "inequality": -1125827706.651139}
{"seed": 21, "attempt": 0, "iteration": 300, "seconds": 25.35597062110901, "objective": 0.057002736223937076, "equality": 24.64509810459736, "inequality": -77774420.94549674}
{"seed": 21, "attempt": 0, "iteration": 325, "seconds": 27.531925678253174, "objective": 0.010218490378638354, "equality": 0.24581355214541784, "inequality": -46908.23489659859}
{"seed": 21, "attempt": 0, "iteration": 350, "seconds": 29.075660705566406, "objective": 0.056920059834712315, "equality": 24.08581011575904, "inequality": -328713651.896484}
{"seed": 21, "attempt": 0, "iteration": 375, "seconds": 30.579166650772095, "objective": 0.05694094797167666, "equality": 52.322103817903646, "inequality": -147255349.28646183}
{"seed": 21, "attempt": 0, "iteration": 400, "seconds": 32.14969348907471, "objective": 0.03128029068518731, "equality": 13.521678793286615, "inequality": -13076878.536094625}
{"seed": 21, "attempt": 0, "iteration": 425, "seconds": 33.68192267417908, "objective": 0.08005546714556758, "equality": 78.76511847655696, "inequality": -885999322.7365681}
{"seed": 21, "attempt": 0, "iteration": 450, "seconds": 35.59593105316162, "objective": 0.05177471782894856, "equality": 45.048023796552116, "inequality": -77508478.3361932}
{"seed": 21, "attempt": 0, "iteration": 475, "seconds": 37.35152864456177, "objective": 0.048461289157710745, "equality": 14.686641843365823, "inequality": -98653407.82062146}
{"seed": 21, "attempt": 0, "iteration": 500, "seconds": 38.83291292190552, "objective": 0.023468674323098123, "equality": 1.918263577324999, "inequality": -975906.2546586455}
{"seed": 21, "attempt": 0, "iteration": 525, "seconds": 40.90796113014221, "objective": 0.06104104082911904, "equality": 28.372852808455626, "inequality": -214318938.96128818}
{"seed": 21, "attempt": 0, "iteration": 550, "seconds": 42.35785508155823, "objective": 0.04118106124372449, "equality": 14.044580068643024, "inequality": -14922229.793245506}
{"seed": 21, "attempt": 0, "iteration": 575, "seconds": 43.478992223739624, "objective": 0.04979434414258459, "equality": 13.08235063858091, "inequality": -99693978.7025968}
{"seed": 21, "attempt": 0, "iteration": 600, "seconds": 45.60143780708313, "objective": 0.040591390638802495, "equality": 8.797553455024829, "inequality": -29535723.273702256}
{"seed": 21, "attempt": 0, "iteration": 625, "seconds": 47.283536195755005, "objective": 0.031597755486023275, "equality": 5.20639167744863, "inequality": -2910137.1644999417}
{"seed": 21, "attempt": 0, "iteration": 650, "seconds": 49.64141774177551, "objective": 0.009321971591370394, "equality": 0.016051668620683898, "inequality": -17572.533713023513}
END 21 0 False Iteration limit reached 0.009321971591370394
{"seed": 21, "attempt": 1, "iteration": 25, "seconds": 51.621793031692505, "objective": 0.0625961656350705, "equality": 18.475806878155787, "inequality": -163230144.2761909}
{"seed": 21, "attempt": 1, "iteration": 50, "seconds": 53.563950538635254, "objective": 0.040895217276005806, "equality": 9.965728554764505, "inequality": -12774890.927420776}
{"seed": 21, "attempt": 1, "iteration": 75, "seconds": 55.097474336624146, "objective": 0.02155974454879951, "equality": 1.8642739725240505, "inequality": -3258348.8699546023}
{"seed": 21, "attempt": 1, "iteration": 100, "seconds": 57.36435651779175, "objective": 0.008326095303317278, "equality": 0.7843591918794486, "inequality": -881592.7958731452}
{"seed": 21, "attempt": 1, "iteration": 125, "seconds": 60.079692363739014, "objective": 0.010310569386578936, "equality": 0.7427873469240849, "inequality": -1511886.1349094114}
{"seed": 21, "attempt": 1, "iteration": 150, "seconds": 63.06446170806885, "objective": 0.00795236781814218, "equality": 0.7785995314044762, "inequality": -809162.8301091536}
{"seed": 21, "attempt": 1, "iteration": 175, "seconds": 65.49376106262207, "objective": 0.008140146226097867, "equality": 0.7768126168753928, "inequality": -818056.4887938717}
END 21 1 False More than 3*n iterations in LSQ subproblem 0.008083834299950425
{"seed": 21, "attempt": 2, "iteration": 25, "seconds": 67.73567819595337, "objective": 0.017775516638498363, "equality": 1.0536353509567824, "inequality": -6062.735375977714}
{"seed": 21, "attempt": 2, "iteration": 50, "seconds": 69.18634104728699, "objective": 0.03764069883009652, "equality": 3.4586629672987823, "inequality": -253639.5019113289}
{"seed": 21, "attempt": 2, "iteration": 75, "seconds": 71.90381598472595, "objective": 0.028751706059502752, "equality": 1.6533453135301135, "inequality": -32467.162399253055}
{"seed": 21, "attempt": 2, "iteration": 100, "seconds": 73.21582770347595, "objective": 0.026363138848312193, "equality": 1.3096996615810754, "inequality": -17418.53980871586}
{"seed": 21, "attempt": 2, "iteration": 125, "seconds": 73.98382806777954, "objective": 0.006103306676557143, "equality": 0.023909906746590395, "inequality": -56.0832527051285}
{"seed": 21, "attempt": 2, "iteration": 150, "seconds": 74.61262679100037, "objective": 0.005314014979508823, "equality": 5.0379520555777005e-05, "inequality": -0.09668048823096985}
{"seed": 21, "attempt": 2, "iteration": 175, "seconds": 75.33133792877197, "objective": 0.005057179527158334, "equality": 2.1406584402181017e-05, "inequality": -0.016298887709793233}
{"seed": 21, "attempt": 2, "iteration": 200, "seconds": 76.08391690254211, "objective": 0.004691917175919438, "equality": 5.714326432657013e-05, "inequality": -0.035397914287808745}
{"seed": 21, "attempt": 2, "iteration": 225, "seconds": 77.64668703079224, "objective": 0.004536567497171062, "equality": 2.9048901360989587e-05, "inequality": -0.02876810192272074}
{"seed": 21, "attempt": 2, "iteration": 250, "seconds": 78.55652785301208, "objective": 0.0043534629720421115, "equality": 4.709700510086012e-06, "inequality": -0.014350042570102273}
{"seed": 21, "attempt": 2, "iteration": 275, "seconds": 79.79128980636597, "objective": 0.004240262977200747, "equality": 0.0006861890652146013, "inequality": -0.09312647508051115}
{"seed": 21, "attempt": 2, "iteration": 300, "seconds": 80.42746353149414, "objective": 0.004146878632584065, "equality": 9.33386744583764e-06, "inequality": -0.010664739633171346}
{"seed": 21, "attempt": 2, "iteration": 325, "seconds": 81.59153699874878, "objective": 0.003974222096236111, "equality": 0.00013160785688712956, "inequality": -0.04984410353555865}
{"seed": 21, "attempt": 2, "iteration": 350, "seconds": 82.7314510345459, "objective": 0.0038542651286696153, "equality": 9.892392906968306e-05, "inequality": -0.02453260340199709}
{"seed": 21, "attempt": 2, "iteration": 375, "seconds": 83.88023209571838, "objective": 0.003717731823940435, "equality": 3.614719453418069e-05, "inequality": -0.03259714010249129}
{"seed": 21, "attempt": 2, "iteration": 400, "seconds": 84.6192455291748, "objective": 0.003547091741724845, "equality": 7.047571760621096e-07, "inequality": -0.005348351648790505}
{"seed": 21, "attempt": 2, "iteration": 425, "seconds": 85.48741602897644, "objective": 0.003418065724453267, "equality": 1.3490570778304511e-05, "inequality": -0.011645578970726602}
{"seed": 21, "attempt": 2, "iteration": 450, "seconds": 86.11189126968384, "objective": 0.003324708960422471, "equality": 2.6572259166246504e-05, "inequality": -0.0203023449172677}
{"seed": 21, "attempt": 2, "iteration": 475, "seconds": 86.73836493492126, "objective": 0.003200808093254221, "equality": 2.886026346390902e-06, "inequality": -0.0025723358805806187}
{"seed": 21, "attempt": 2, "iteration": 500, "seconds": 87.5650269985199, "objective": 0.003081782510566608, "equality": 0.002626383060480089, "inequality": -1.1210693022551772}
{"seed": 21, "attempt": 2, "iteration": 525, "seconds": 88.13769698143005, "objective": 0.00300887628356675, "equality": 3.0395081843659355e-05, "inequality": -0.028245933172467534}
{"seed": 21, "attempt": 2, "iteration": 550, "seconds": 88.7149589061737, "objective": 0.0029003966010966516, "equality": 1.3628109821819945e-06, "inequality": -0.0020552432982989077}
{"seed": 21, "attempt": 2, "iteration": 575, "seconds": 89.26246237754822, "objective": 0.002797232700060102, "equality": 2.991342800309771e-06, "inequality": -0.0048704619267265605}
{"seed": 21, "attempt": 2, "iteration": 600, "seconds": 89.91611051559448, "objective": 0.0027336324926573612, "equality": 8.53701882102681e-05, "inequality": -0.03614039357642416}
{"seed": 21, "attempt": 2, "iteration": 625, "seconds": 90.56231498718262, "objective": 0.002654026085263016, "equality": 1.4230118200460329e-05, "inequality": -0.006609279501003263}
{"seed": 21, "attempt": 2, "iteration": 650, "seconds": 91.25790619850159, "objective": 0.002603206891191654, "equality": 2.1889336453459474e-05, "inequality": -0.01477075610177528}
END 21 2 False Iteration limit reached 0.002603206891191654
{"seed": 21, "attempt": 3, "iteration": 25, "seconds": 92.89695167541504, "objective": 0.011372972843277061, "equality": 0.6520486040457862, "inequality": -4592.112158755703}
{"seed": 21, "attempt": 3, "iteration": 50, "seconds": 95.16897511482239, "objective": 0.019966813434416333, "equality": 2.7041941437656902, "inequality": -25397.34159492668}
{"seed": 21, "attempt": 3, "iteration": 75, "seconds": 96.7985270023346, "objective": 0.027265755438080016, "equality": 1.700360769902314, "inequality": -59499.89492833695}
{"seed": 21, "attempt": 3, "iteration": 100, "seconds": 98.39970922470093, "objective": 0.06587064409729637, "equality": 37.39322502261945, "inequality": -320406624.0759092}
{"seed": 21, "attempt": 3, "iteration": 125, "seconds": 99.54806089401245, "objective": 0.044190059405365203, "equality": 6.484770969102563, "inequality": -248671.7867090913}
{"seed": 21, "attempt": 3, "iteration": 150, "seconds": 100.53945541381836, "objective": 0.023622285119219804, "equality": 1.0165658609276518, "inequality": -6954.966028962321}
END 21 3 False More than 3*n iterations in LSQ subproblem 0.0059755841152709915
{"seed": 21, "attempt": 4, "iteration": 25, "seconds": 104.52805757522583, "objective": 0.04509655590312329, "equality": 14.407258766242311, "inequality": -28525397.79033537}
{"seed": 21, "attempt": 4, "iteration": 50, "seconds": 107.31666326522827, "objective": 0.050426095602371684, "equality": 22.721411443274494, "inequality": -52199654.484143004}
{"seed": 21, "attempt": 4, "iteration": 75, "seconds": 108.77193927764893, "objective": 0.014825605069860245, "equality": 1.1935689407752341, "inequality": -787754.4649009486}
{"seed": 21, "attempt": 4, "iteration": 100, "seconds": 110.43048477172852, "objective": 0.009082134194008022, "equality": 0.28662630835123515, "inequality": -383600.9480116091}
{"seed": 21, "attempt": 4, "iteration": 125, "seconds": 112.17370343208313, "objective": 0.00830004629559752, "equality": 0.2797804244889511, "inequality": -395972.35780023737}
{"seed": 21, "attempt": 4, "iteration": 150, "seconds": 113.88975048065186, "objective": 0.00787446837789853, "equality": 0.27823611867736286, "inequality": -299847.92925579706}
{"seed": 21, "attempt": 4, "iteration": 175, "seconds": 115.79787421226501, "objective": 0.007658915552796269, "equality": 0.2775870992953388, "inequality": -294442.9378205979}
{"seed": 21, "attempt": 4, "iteration": 200, "seconds": 117.49784803390503, "objective": 0.011389992729000556, "equality": 0.41926510068221623, "inequality": -567109.9772623775}
{"seed": 21, "attempt": 4, "iteration": 225, "seconds": 119.31012725830078, "objective": 0.007534418562706475, "equality": 0.27858414084647865, "inequality": -288247.183884868}
{"seed": 21, "attempt": 4, "iteration": 250, "seconds": 121.14726305007935, "objective": 0.00747409672342277, "equality": 0.27816583359071656, "inequality": -260266.20157720192}
{"seed": 21, "attempt": 4, "iteration": 275, "seconds": 123.10942506790161, "objective": 0.010521110489711525, "equality": 0.5902277912331286, "inequality": -1081110.8709640848}
END 21 4 False More than 3*n iterations in LSQ subproblem 0.007475475324084228
{"seed": 21, "attempt": 5, "iteration": 25, "seconds": 124.40355372428894, "objective": 0.01580362752642079, "equality": 4.220480361013784, "inequality": -4111692.702974718}
{"seed": 21, "attempt": 5, "iteration": 50, "seconds": 124.87598991394043, "objective": 0.017428806124713245, "equality": 3.335441459227375, "inequality": -3994465.464365023}
{"seed": 21, "attempt": 5, "iteration": 75, "seconds": 125.50687527656555, "objective": 0.005308511815060344, "equality": 0.10030683927253237, "inequality": -37584.07553360553}
{"seed": 21, "attempt": 5, "iteration": 100, "seconds": 126.09803652763367, "objective": 0.006619295875212266, "equality": 0.013622468063560503, "inequality": -673.2728590706879}
{"seed": 21, "attempt": 5, "iteration": 125, "seconds": 126.82641363143921, "objective": 0.0046242455001208336, "equality": 0.00011520808775222768, "inequality": -1.7339857140433388}
{"seed": 21, "attempt": 5, "iteration": 150, "seconds": 127.31436467170715, "objective": 0.003558745394162437, "equality": 5.01102972460081e-05, "inequality": -0.23651995107420434}
{"seed": 21, "attempt": 5, "iteration": 175, "seconds": 127.8875367641449, "objective": 0.002814068395004303, "equality": 4.5489033163315096e-06, "inequality": -0.09467284683236431}
{"seed": 21, "attempt": 5, "iteration": 200, "seconds": 128.43847489356995, "objective": 0.0024337797481885242, "equality": 0.001204368800173286, "inequality": -0.7405003033383298}
{"seed": 21, "attempt": 5, "iteration": 225, "seconds": 129.1205348968506, "objective": 0.002246674942425656, "equality": 1.7770432688280022e-05, "inequality": -0.13160971023044496}
{"seed": 21, "attempt": 5, "iteration": 250, "seconds": 129.7629907131195, "objective": 0.002167867896561324, "equality": 3.5256110227331605e-05, "inequality": -0.1608730290809415}
{"seed": 21, "attempt": 5, "iteration": 275, "seconds": 130.41707301139832, "objective": 0.0020713788763458466, "equality": 1.1686446593068417e-05, "inequality": -0.04167767570246491}
{"seed": 21, "attempt": 5, "iteration": 300, "seconds": 131.41618514060974, "objective": 0.0020279389082971323, "equality": 2.855042667532226e-06, "inequality": -0.014097942146583633}
{"seed": 21, "attempt": 5, "iteration": 325, "seconds": 132.2971465587616, "objective": 0.002001438120153987, "equality": 8.0324653102537e-06, "inequality": -0.034783421383597586}
{"seed": 21, "attempt": 5, "iteration": 350, "seconds": 132.95011734962463, "objective": 0.0019815391769402698, "equality": 8.232024461561627e-05, "inequality": -0.06200287029950423}
{"seed": 21, "attempt": 5, "iteration": 375, "seconds": 133.70508098602295, "objective": 0.001959427031449004, "equality": 2.1390199502535623e-05, "inequality": -0.030809587826483405}
{"seed": 21, "attempt": 5, "iteration": 400, "seconds": 134.43141865730286, "objective": 0.0019272991506700844, "equality": 3.7353411827673044e-05, "inequality": -0.09102807580302089}
{"seed": 21, "attempt": 5, "iteration": 425, "seconds": 135.18748831748962, "objective": 0.0018784649231975304, "equality": 6.011381568082896e-06, "inequality": -0.017157217921766933}
{"seed": 21, "attempt": 5, "iteration": 450, "seconds": 135.93450474739075, "objective": 0.001808232127969612, "equality": 4.736502057304734e-05, "inequality": -0.029991887294337834}
{"seed": 21, "attempt": 5, "iteration": 475, "seconds": 136.66670417785645, "objective": 0.0017776337802001072, "equality": 2.3109939441524896e-05, "inequality": -0.01139873946926377}
{"seed": 21, "attempt": 5, "iteration": 500, "seconds": 137.27064728736877, "objective": 0.0017442622468577225, "equality": 0.00016709581800523898, "inequality": -0.04896390347195862}
{"seed": 21, "attempt": 5, "iteration": 525, "seconds": 137.96060180664062, "objective": 0.0016921865250054886, "equality": 7.628324980567952e-05, "inequality": -0.03467040383277498}
{"seed": 21, "attempt": 5, "iteration": 550, "seconds": 138.62061715126038, "objective": 0.0016688218300366208, "equality": 0.0001274769214136759, "inequality": -0.042987837041623254}
{"seed": 21, "attempt": 5, "iteration": 575, "seconds": 139.35432243347168, "objective": 0.0016476204521826841, "equality": 0.00024090264594489423, "inequality": -0.09778563732818447}
{"seed": 21, "attempt": 5, "iteration": 600, "seconds": 140.23804712295532, "objective": 0.0016203184145192188, "equality": 2.0506338508773092e-05, "inequality": -0.007174852638411904}
{"seed": 21, "attempt": 5, "iteration": 625, "seconds": 140.80216765403748, "objective": 0.0016030666698619357, "equality": 0.0007130690910291254, "inequality": -0.2878037544500151}
{"seed": 21, "attempt": 5, "iteration": 650, "seconds": 141.51969027519226, "objective": 0.0016001773107707405, "equality": 2.5884247301107e-05, "inequality": -0.0076167036808611555}
END 21 5 False Iteration limit reached 0.0016001773107707405
{"seed": 21, "attempt": 6, "iteration": 25, "seconds": 144.09389901161194, "objective": 0.009376868242697123, "equality": 0.4394945624178467, "inequality": -6947.156309396449}
{"seed": 21, "attempt": 6, "iteration": 50, "seconds": 147.18174362182617, "objective": 0.02826776526327144, "equality": 0.9772688485999516, "inequality": -5585.024933497576}
{"seed": 21, "attempt": 6, "iteration": 75, "seconds": 148.91456985473633, "objective": 0.06488644576652158, "equality": 37.76597452388677, "inequality": -101867338.09925626}
END 21 6 False More than 3*n iterations in LSQ subproblem 0.0034747670257760186
{"seed": 21, "attempt": 7, "iteration": 25, "seconds": 151.44164848327637, "objective": 0.029754973976158883, "equality": 6.133715470302828, "inequality": -643231.9745304498}
{"seed": 21, "attempt": 7, "iteration": 50, "seconds": 152.87614560127258, "objective": 0.05679008557019032, "equality": 14.917804950929419, "inequality": -26249215.52181166}
{"seed": 21, "attempt": 7, "iteration": 75, "seconds": 153.70666790008545, "objective": 0.005887999463049279, "equality": 0.03199664111970765, "inequality": -365.285031893687}
{"seed": 21, "attempt": 7, "iteration": 100, "seconds": 154.22886419296265, "objective": 0.005171004198264078, "equality": 0.0003519677530860882, "inequality": -0.14433481023455613}
{"seed": 21, "attempt": 7, "iteration": 125, "seconds": 154.86745691299438, "objective": 0.004111322070398912, "equality": 6.918341370891479e-06, "inequality": -0.016927015029607646}
{"seed": 21, "attempt": 7, "iteration": 150, "seconds": 155.69701862335205, "objective": 0.003512453702684282, "equality": 0.0002683913344482258, "inequality": -0.11556730542959089}
{"seed": 21, "attempt": 7, "iteration": 175, "seconds": 156.20926451683044, "objective": 0.003131612858919036, "equality": 8.21124763724021e-05, "inequality": -0.09195164457650266}
{"seed": 21, "attempt": 7, "iteration": 200, "seconds": 156.70498299598694, "objective": 0.0027801259724463036, "equality": 0.00010496630557610236, "inequality": -0.05687042315892072}
{"seed": 21, "attempt": 7, "iteration": 225, "seconds": 157.45461893081665, "objective": 0.0025911367101653826, "equality": 4.3825266572539157e-05, "inequality": -0.3390696486713267}
{"seed": 21, "attempt": 7, "iteration": 250, "seconds": 158.31313347816467, "objective": 0.002318027238822589, "equality": 1.4078609459677871e-05, "inequality": -0.02346855381760124}
{"seed": 21, "attempt": 7, "iteration": 275, "seconds": 158.77835202217102, "objective": 0.002247157671160599, "equality": 0.0001775167021853142, "inequality": -0.07257540427664821}
{"seed": 21, "attempt": 7, "iteration": 300, "seconds": 159.34501671791077, "objective": 0.0021402240661792223, "equality": 0.0004404564156103583, "inequality": -0.9840741092406518}
{"seed": 21, "attempt": 7, "iteration": 325, "seconds": 160.1928732395172, "objective": 0.002066926206282188, "equality": 6.356635377083308e-06, "inequality": -0.022132503594093578}
{"seed": 21, "attempt": 7, "iteration": 350, "seconds": 160.9594841003418, "objective": 0.001970978455843577, "equality": 1.347685538607285e-05, "inequality": -0.022960967703326673}
{"seed": 21, "attempt": 7, "iteration": 375, "seconds": 161.56919813156128, "objective": 0.0019220615386854915, "equality": 0.00042590203896613124, "inequality": -0.7778161840217592}
{"seed": 21, "attempt": 7, "iteration": 400, "seconds": 162.5048909187317, "objective": 0.001880700915364039, "equality": 1.1553895290401794e-05, "inequality": -0.041395045986476475}
{"seed": 21, "attempt": 7, "iteration": 425, "seconds": 163.2719042301178, "objective": 0.0018179711599975417, "equality": 0.0005599478322538803, "inequality": -0.9783420561096818}
{"seed": 21, "attempt": 7, "iteration": 450, "seconds": 163.81335496902466, "objective": 0.0017873225834421336, "equality": 4.100593851120299e-05, "inequality": -0.012641033623176987}
{"seed": 21, "attempt": 7, "iteration": 475, "seconds": 164.25880360603333, "objective": 0.001772316019664151, "equality": 1.890730872780577e-05, "inequality": -0.005024283685743433}
{"seed": 21, "attempt": 7, "iteration": 500, "seconds": 164.9569857120514, "objective": 0.0017606690742999105, "equality": 0.00015900742515031346, "inequality": -0.0908496541069765}
{"seed": 21, "attempt": 7, "iteration": 525, "seconds": 165.54633808135986, "objective": 0.0017292604485257116, "equality": 1.104851905169707e-06, "inequality": -0.0026672532559928186}
{"seed": 21, "attempt": 7, "iteration": 550, "seconds": 166.0852494239807, "objective": 0.001713843056332658, "equality": 0.0005319110378717499, "inequality": -0.8257726989714058}
{"seed": 21, "attempt": 7, "iteration": 575, "seconds": 166.6916675567627, "objective": 0.0017063866074343444, "equality": 0.00036134910031412914, "inequality": -0.5931929425339035}
{"seed": 21, "attempt": 7, "iteration": 600, "seconds": 167.14734196662903, "objective": 0.0016915114924975264, "equality": 0.00015391449481610856, "inequality": -0.940709866824136}
{"seed": 21, "attempt": 7, "iteration": 625, "seconds": 167.74125361442566, "objective": 0.0016837625818271204, "equality": 5.5315959268717636e-05, "inequality": -0.030962154035067475}
{"seed": 21, "attempt": 7, "iteration": 650, "seconds": 168.30624437332153, "objective": 0.0016692597127111915, "equality": 7.489960250071545e-05, "inequality": -0.03793857686383135}
END 21 7 False Iteration limit reached 0.0016692597127111915
{"seed": 21, "attempt": 8, "iteration": 25, "seconds": 170.0626838207245, "objective": 0.05542257664489991, "equality": 25.036952561809443, "inequality": -68057662.30694975}
{"seed": 21, "attempt": 8, "iteration": 50, "seconds": 171.1825008392334, "objective": 0.029676507329734484, "equality": 4.089949206767484, "inequality": -111198.37933207683}
{"seed": 21, "attempt": 8, "iteration": 75, "seconds": 171.7236020565033, "objective": 0.005675077710395437, "equality": 0.00570202156746559, "inequality": -12.246505909947103}
{"seed": 21, "attempt": 8, "iteration": 100, "seconds": 172.57399988174438, "objective": 0.005318053303226543, "equality": 1.6418987950300376e-05, "inequality": -0.04261971014685173}
{"seed": 21, "attempt": 8, "iteration": 125, "seconds": 173.36811470985413, "objective": 0.004818638093266513, "equality": 3.3468209964873e-05, "inequality": -0.15700197962601692}
{"seed": 21, "attempt": 8, "iteration": 150, "seconds": 173.9493863582611, "objective": 0.004441390900979238, "equality": 0.00022424168480682282, "inequality": -0.9588644730166038}
{"seed": 21, "attempt": 8, "iteration": 175, "seconds": 174.426819562912, "objective": 0.004169457999746972, "equality": 1.6664454937812684e-05, "inequality": -0.04791963830021733}
{"seed": 21, "attempt": 8, "iteration": 200, "seconds": 175.1035351753235, "objective": 0.0038571081821884958, "equality": 0.0005488018172185097, "inequality": -2.4548962816176783}
{"seed": 21, "attempt": 8, "iteration": 225, "seconds": 176.4415934085846, "objective": 0.0036461803963812873, "equality": 5.1766368548696734e-05, "inequality": -0.0766121026387907}
{"seed": 21, "attempt": 8, "iteration": 250, "seconds": 177.28348064422607, "objective": 0.0032263824819284267, "equality": 2.749145734320599e-05, "inequality": -0.0703633361843482}
{"seed": 21, "attempt": 8, "iteration": 275, "seconds": 177.8110830783844, "objective": 0.003036442011841036, "equality": 0.000618889224261062, "inequality": -0.41977152252272276}
{"seed": 21, "attempt": 8, "iteration": 300, "seconds": 178.38550353050232, "objective": 0.0028497923185838692, "equality": 0.00014694886802479466, "inequality": -0.8319551497892519}
{"seed": 21, "attempt": 8, "iteration": 325, "seconds": 179.03589963912964, "objective": 0.0025931013100054926, "equality": 0.0003241823648257071, "inequality": -0.5425871837059333}
{"seed": 21, "attempt": 8, "iteration": 350, "seconds": 179.56342482566833, "objective": 0.002394386182702455, "equality": 0.00020436335877838108, "inequality": -0.2869692424115584}
{"seed": 21, "attempt": 8, "iteration": 375, "seconds": 180.19402885437012, "objective": 0.0022365031308430594, "equality": 9.044728410569775e-05, "inequality": -0.031242868360901465}
{"seed": 21, "attempt": 8, "iteration": 400, "seconds": 180.8074734210968, "objective": 0.002052789709638429, "equality": 4.593049505072222e-05, "inequality": -0.17249281434500574}
{"seed": 21, "attempt": 8, "iteration": 425, "seconds": 181.2962076663971, "objective": 0.0019762592270840874, "equality": 0.00011335957597056329, "inequality": -0.36716852889259144}
{"seed": 21, "attempt": 8, "iteration": 450, "seconds": 181.78199577331543, "objective": 0.001908211920259805, "equality": 8.92322615973773e-06, "inequality": -0.012475746166643376}
{"seed": 21, "attempt": 8, "iteration": 475, "seconds": 182.6595492362976, "objective": 0.0018562732049844457, "equality": 1.0553585337119004e-05, "inequality": -0.07836208681975165}
{"seed": 21, "attempt": 8, "iteration": 500, "seconds": 183.5279951095581, "objective": 0.0018342197672171806, "equality": 4.9439293765607406e-05, "inequality": -0.1387712449883196}
{"seed": 21, "attempt": 8, "iteration": 525, "seconds": 184.2415280342102, "objective": 0.0018073322128473054, "equality": 0.00010192817678145172, "inequality": -0.12827345368847887}
{"seed": 21, "attempt": 8, "iteration": 550, "seconds": 184.7966811656952, "objective": 0.0017857199484253247, "equality": 1.5557526261974347e-05, "inequality": -0.056137517168508566}
{"seed": 21, "attempt": 8, "iteration": 575, "seconds": 185.50258946418762, "objective": 0.0017703788783075484, "equality": 8.530576569253795e-06, "inequality": -0.04672383475933373}
{"seed": 21, "attempt": 8, "iteration": 600, "seconds": 186.81732749938965, "objective": 0.001760201592119101, "equality": 8.418035243408506e-06, "inequality": -0.04007193329098868}
{"seed": 21, "attempt": 8, "iteration": 625, "seconds": 187.5587546825409, "objective": 0.001737993502783428, "equality": 2.4370368745054577e-05, "inequality": -0.207246604625567}
{"seed": 21, "attempt": 8, "iteration": 650, "seconds": 188.14979004859924, "objective": 0.001713401632817472, "equality": 1.3230414110360078e-05, "inequality": -0.027559736735611295}
END 21 8 False Iteration limit reached 0.001713401632817472
{"seed": 21, "attempt": 9, "iteration": 25, "seconds": 188.90752053260803, "objective": 0.016219358695081874, "equality": 3.500124064587297, "inequality": -8793980.206032563}
{"seed": 21, "attempt": 9, "iteration": 50, "seconds": 189.91268515586853, "objective": 0.05098831244731357, "equality": 22.777039048947447, "inequality": -33046506.682527214}
{"seed": 21, "attempt": 9, "iteration": 75, "seconds": 190.8649981021881, "objective": 0.060861332841447825, "equality": 40.5984172420557, "inequality": -52472121.94925027}
{"seed": 21, "attempt": 9, "iteration": 100, "seconds": 191.68262243270874, "objective": 0.0697031026149227, "equality": 39.177567595747306, "inequality": -134268698.34736872}
{"seed": 21, "attempt": 9, "iteration": 125, "seconds": 193.2979187965393, "objective": 0.01764198295191701, "equality": 3.5755057012643796, "inequality": -3114348.1914788494}
END 21 9 False More than 3*n iterations in LSQ subproblem 0.0030183375483382037
{"seed": 21, "attempt": 10, "iteration": 25, "seconds": 196.01872897148132, "objective": 0.06379006026941035, "equality": 19.526976980579533, "inequality": -34003394.355187796}
{"seed": 21, "attempt": 10, "iteration": 50, "seconds": 197.4641969203949, "objective": 0.0635437414106534, "equality": 25.14890272246401, "inequality": -74407281.96218984}
