STAGE legacy_seed ALLOWANCE 5
seed case_637ddd70a9624643ae61 1e-07 [(0, 1.1508219), (63, 0.7714535), (42, 0.7227638), (71, 0.6758426), (80, 0.4602768), (55, 0.4453171), (56, 0.4254642), (87, 0.4177595), (57, 0.4052919), (59, 0.2706543), (52, 0.2652075), (11, 0.2524993), (72, 0.2308015), (36, 0.2204626), (79, 0.1944725), (10, 0.1944239), (45, 0.1898427), (83, 0.0802454), (95, 0.0727035), (77, 0.0683903), (43, 0.0605147)]
case_637ddd70a9624643ae61 best 0.0005210086233857358 trace 8.449322562149282 support [0, 10, 11, 36, 42, 52, 55, 56, 57, 59, 63, 71, 72, 79, 80, 87]
seed case_637ddd70a9624643ae61 1e-09 [(0, 1.1508219), (63, 0.7714535), (42, 0.7227638), (71, 0.6758426), (80, 0.4602768), (55, 0.4453171), (56, 0.4254642), (87, 0.4177595), (57, 0.4052919), (59, 0.2706543), (52, 0.2652075), (11, 0.2524993), (72, 0.2308015), (36, 0.2204626), (79, 0.1944725), (10, 0.1944239), (45, 0.1898427), (83, 0.0802454), (95, 0.0727035), (77, 0.0683903), (43, 0.0605147)]
seed case_637ddd70a9624643ae61 1e-05 [(0, 1.1509135), (42, 0.9274572), (63, 0.7528353), (71, 0.6924353), (56, 0.4743224), (80, 0.4667132), (57, 0.4368448), (59, 0.3966246), (87, 0.3956796), (79, 0.3552273), (10, 0.3483777), (72, 0.2669909), (52, 0.2522258), (36, 0.1747027), (51, 0.1521462), (55, 0.1199217), (11, 0.1132027), (75, 0.0872585), (12, 0.0681939), (90, 0.0635353), (48, 0.0535478)]
seed case_637ddd70a9624643ae61 1e-11 [(0, 1.1508219), (63, 0.7714535), (42, 0.7227638), (71, 0.6758426), (80, 0.4602768), (55, 0.4453171), (56, 0.4254642), (87, 0.4177595), (57, 0.4052919), (59, 0.2706543), (52, 0.2652075), (11, 0.2524993), (72, 0.2308015), (36, 0.2204626), (79, 0.1944725), (10, 0.1944239), (45, 0.1898427), (83, 0.0802454), (95, 0.0727035), (77, 0.0683903), (43, 0.0605147)]
seed case_637ddd70a9624643ae61 0.001 [(0, 1.1508329), (42, 0.9552823), (63, 0.8828458), (71, 0.7420155), (80, 0.5631178), (10, 0.4351237), (57, 0.4037781), (79, 0.3963265), (87, 0.3873942), (36, 0.3060011), (56, 0.2355835), (52, 0.226111), (59, 0.2096566), (83, 0.1615769), (90, 0.1605977), (72, 0.1296633), (75, 0.0976938), (51, 0.095332), (43, 0.0784697), (55, 0.0645003), (81, 0.0533817)]
seed case_637ddd70a9624643ae61 1e-13 [(0, 1.1508219), (63, 0.7714535), (42, 0.7227638), (71, 0.6758426), (80, 0.4602768), (55, 0.4453171), (56, 0.4254642), (87, 0.4177595), (57, 0.4052919), (59, 0.2706543), (52, 0.2652075), (11, 0.2524993), (72, 0.2308015), (36, 0.2204626), (79, 0.1944725), (10, 0.1944239), (45, 0.1898427), (83, 0.0802454), (95, 0.0727035), (77, 0.0683903), (43, 0.0605147)]
seed case_637ddd70a9624643ae61 1.0 [(0, 1.1507997), (42, 0.8468481), (63, 0.8129777), (71, 0.7559362), (57, 0.7401181), (80, 0.4939184), (56, 0.3474429), (79, 0.3141813), (59, 0.2485093), (52, 0.2347787), (72, 0.2158876), (10, 0.211022), (55, 0.200404), (11, 0.193658), (83, 0.1604666), (36, 0.1543163), (90, 0.1162786), (86, 0.106482), (48, 0.0850022), (51, 0.078341), (61, 0.074324)]
BEST case_637ddd70a9624643ae61 0.0005210086233857358 trace 8.449322562149282 support [0, 10, 11, 36, 42, 52, 55, 56, 57, 59, 63, 71, 72, 79, 80, 87]
STAGE whitened_seed ALLOWANCE 45.0
BEST case_637ddd70a9624643ae61 0.0005210086233857358 trace 8.449322562149282 support [0, 10, 11, 36, 42, 52, 55, 56, 57, 59, 63, 71, 72, 79, 80, 87]
SEED case_637ddd70a9624643ae61 1e-07 [(0, 1.1507653932964557), (42, 0.9947467225277458), (63, 0.8966304907750576), (71, 0.8016607443490096), (57, 0.7472174713495845), (80, 0.4893509644101379), (56, 0.4717424357665824), (79, 0.4409903838817707), (43, 0.40819893776834726), (10, 0.3152921558752307), (72, 0.26194922663942966), (52, 0.2579146157509665), (83, 0.23300230654266185), (12, 0.23023191291250758), (59, 0.1491240966627326), (86, 0.1063594292841584)]
BEST case_637ddd70a9624643ae61 0.00045661636098888925 trace 8.4506557220069 support [ 0 10 12 42 43 52 56 57 59 63 71 72 79 80 83 86]
BEST case_637ddd70a9624643ae61 0.0003860722939922607 trace 8.45195221397612 support [ 0 10 12 42 43 52 56 57 59 63 71 72 79 80 83 86]
SEED case_637ddd70a9624643ae61 1e-09 [(0, 1.1507653932964557), (42, 0.9947467225277458), (63, 0.8966304907750576), (71, 0.8016607443490096), (57, 0.7472174713495845), (80, 0.4893509644101379), (56, 0.4717424357665824), (79, 0.4409903838817707), (43, 0.40819893776834726), (10, 0.3152921558752307), (72, 0.26194922663942966), (52, 0.2579146157509665), (83, 0.23300230654266185), (12, 0.23023191291250758), (59, 0.1491240966627326), (86, 0.1063594292841584)]
SEED case_637ddd70a9624643ae61 1e-11 [(0, 1.1507653932964557), (42, 0.9947467225277458), (63, 0.8966304907750576), (71, 0.8016607443490096), (57, 0.7472174713495845), (80, 0.4893509644101379), (56, 0.4717424357665824), (79, 0.4409903838817707), (43, 0.40819893776834726), (10, 0.3152921558752307), (72, 0.26194922663942966), (52, 0.2579146157509665), (83, 0.23300230654266185), (12, 0.23023191291250758), (59, 0.1491240966627326), (86, 0.1063594292841584)]
SEED case_637ddd70a9624643ae61 1e-05 [(0, 1.1507653932964557), (42, 0.9947467225277338), (63, 0.8966304907750622), (71, 0.8016607443490102), (57, 0.7472174713495827), (80, 0.4893509644101406), (56, 0.4717424357665773), (79, 0.4409903838817766), (43, 0.4081989377683494), (10, 0.3152921558752309), (72, 0.26194922663943687), (52, 0.25791461575096514), (83, 0.23300230654266116), (12, 0.23023191291250614), (59, 0.1491240966627316), (86, 0.10635942928415905)]
BEST case_637ddd70a9624643ae61 0.0003860407380181901 trace 8.451951615097535 support [ 0 10 12 42 43 52 56 57 59 63 71 72 79 80 83 86]
SEED case_637ddd70a9624643ae61 1e-13 [(0, 1.1507653932964557), (42, 0.9947467225277458), (63, 0.8966304907750576), (71, 0.8016607443490096), (57, 0.7472174713495845), (80, 0.4893509644101379), (56, 0.4717424357665824), (79, 0.4409903838817707), (43, 0.40819893776834726), (10, 0.3152921558752307), (72, 0.26194922663942966), (52, 0.2579146157509665), (83, 0.23300230654266185), (12, 0.23023191291250758), (59, 0.1491240966627326), (86, 0.1063594292841584)]
SEED case_637ddd70a9624643ae61 1e-06 [(0, 1.1507653932964557), (42, 0.9947467225277458), (63, 0.8966304907750576), (71, 0.8016607443490096), (57, 0.7472174713495845), (80, 0.4893509644101379), (56, 0.4717424357665824), (79, 0.4409903838817707), (43, 0.40819893776834726), (10, 0.3152921558752307), (72, 0.26194922663942966), (52, 0.2579146157509665), (83, 0.23300230654266185), (12, 0.23023191291250758), (59, 0.1491240966627326), (86, 0.1063594292841584)]
SEED case_637ddd70a9624643ae61 1e-08 [(0, 1.1507653932964557), (42, 0.9947467225277458), (63, 0.8966304907750576), (71, 0.8016607443490096), (57, 0.7472174713495845), (80, 0.4893509644101379), (56, 0.4717424357665824), (79, 0.4409903838817707), (43, 0.40819893776834726), (10, 0.3152921558752307), (72, 0.26194922663942966), (52, 0.2579146157509665), (83, 0.23300230654266185), (12, 0.23023191291250758), (59, 0.1491240966627326), (86, 0.1063594292841584)]
SEED case_637ddd70a9624643ae61 1e-10 [(0, 1.1507653932964557), (42, 0.9947467225277458), (63, 0.8966304907750576), (71, 0.8016607443490096), (57, 0.7472174713495845), (80, 0.4893509644101379), (56, 0.4717424357665824), (79, 0.4409903838817707), (43, 0.40819893776834726), (10, 0.3152921558752307), (72, 0.26194922663942966), (52, 0.2579146157509665), (83, 0.23300230654266185), (12, 0.23023191291250758), (59, 0.1491240966627326), (86, 0.1063594292841584)]
BEST case_637ddd70a9624643ae61 0.0003846874483600569 trace 8.450996323828987 support [ 0 10 12 42 43 52 56 57 59 63 71 72 79 80 83 86]
CONT 0.001 0.05796712957200446
CONT 0.0001 0.1832390151006074
CONT 1e-05 0.44336352286294856
CONT 1e-06 1.3470513523314693
CONT 1e-07 4.067506324225461
CONT 1e-08 4.07186217689929
CONT 1e-09 4.071862176890846
BEST case_637ddd70a9624643ae61 0.0003261697183843198 trace 8.449292862580325 support [ 0 10 12 42 43 52 56 57 63 71 72 77 79 80 83 86]
BEST case_637ddd70a9624643ae61 0.0003255380731320907 trace 8.448813403111012 support [ 0  9 10 34 43 52 56 57 63 71 72 77 79 80 83 86]
BEST case_637ddd70a9624643ae61 0.00031524201573718985 trace 8.449256228445492 support [ 0  9 10 34 43 57 63 68 71 72 77 79 80 82 83 86]
BEST case_637ddd70a9624643ae61 0.0003098134407320277 trace 8.448905192606423 support [ 0  9 10 34 43 44 57 63 71 72 77 79 80 82 83 86]
BEST case_637ddd70a9624643ae61 0.00030841193879346964 trace 8.44885557143858 support [ 0  9 10 14 34 44 57 63 71 72 77 79 80 82 83 86]
BEST case_637ddd70a9624643ae61 0.00021132172676643568 trace 8.449019152818813 support [ 0  9 10 16 34 44 57 63 71 72 74 77 79 82 83 86]
BEST case_637ddd70a9624643ae61 0.00020190067526876243 trace 8.448702317944315 support [ 0  9 10 16 34 38 57 63 71 72 74 77 79 82 83 86]
BEST case_637ddd70a9624643ae61 0.00019623148291597614 trace 8.448680505755771 support [ 0  9 10 16 34 57 63 71 72 74 77 79 80 82 83 86]
BEST case_637ddd70a9624643ae61 0.00014039309750502545 trace 8.447832720667313 support [ 0  8 10 16 34 57 63 71 72 74 77 79 80 82 83 86]
BEST case_637ddd70a9624643ae61 0.000139977321934074 trace 8.447848814110488 support [ 0  8 10 16 34 44 57 63 71 72 74 77 79 82 83 86]
STAGE_ERROR whitened_seed StageTimeout stage allowance exhausted
BEST case_637ddd70a9624643ae61 0.000139977321934074 trace 8.447848814110488 support [0, 8, 10, 16, 34, 44, 57, 63, 71, 72, 74, 77, 79, 82, 83, 86]
STAGE discrete_improve ALLOWANCE 45.0
BEST case_637ddd70a9624643ae61 0.000139977321934074 trace 8.447848814110488 support [0, 8, 10, 16, 34, 44, 57, 63, 71, 72, 74, 77, 79, 82, 83, 86]
CONT 0.001 0.04051728040648657
CONT 0.0001 0.287588086143398
CONT 1e-05 2.2944817114732827
CONT 1e-06 11.899906925447372
CONT 1e-07 26.721382721977214
CONT 1e-08 26.911483973587497
CONT 1e-09 26.911483973545014
BEST case_637ddd70a9624643ae61 0.00013279416562889665 trace 8.447527031534346 support [ 0  8 10 16 34 44 53 57 63 72 74 77 79 82 83 86]
BEST case_637ddd70a9624643ae61 0.00010080128773322489 trace 8.44763426861431 support [ 0  8 10 16 34 44 53 63 72 74 77 79 82 83 86 87]
BEST case_637ddd70a9624643ae61 9.2405138908205e-05 trace 8.44797951979247 support [ 0  8 10 16 34 44 53 63 72 74 77 79 83 86 87 94]
BEST case_637ddd70a9624643ae61 8.80563176594553e-05 trace 8.447876871464334 support [ 0  8 10 15 34 44 53 63 72 74 77 79 86 87 94 95]
BEST case_637ddd70a9624643ae61 5.366511087234727e-05 trace 8.447938168963551 support [ 0  8 10 15 34 44 59 63 72 74 77 79 86 87 94 95]
BEST case_637ddd70a9624643ae61 5.0259272428484124e-05 trace 8.447936340606114 support [ 0  6 11 15 34 44 59 63 72 74 77 79 86 87 94 95]
BEST case_637ddd70a9624643ae61 4.844478027378316e-05 trace 8.447882846949355 support [ 0  6 10 15 34 44 59 63 72 74 77 79 86 87 94 95]
BEST case_637ddd70a9624643ae61 4.429765331721417e-05 trace 8.448024489828544 support [ 0  6 10 15 34 44 63 72 74 77 79 83 86 87 94 95]
BEST case_637ddd70a9624643ae61 4.279764875247024e-05 trace 8.44803385885377 support [ 0  6 10 17 34 44 63 72 74 77 79 83 86 87 94 95]
BEST case_637ddd70a9624643ae61 3.841464010599871e-05 trace 8.447997337390373 support [ 0  6 10 17 35 44 63 72 74 77 79 83 86 87 94 95]
BEST case_637ddd70a9624643ae61 3.6923787517934015e-05 trace 8.448004363040397 support [ 0  6 10 19 35 44 63 72 74 77 79 83 86 87 94 95]
BEST case_637ddd70a9624643ae61 3.609371665789096e-05 trace 8.44787490391053 support [ 0  6 10 19 43 44 63 72 74 77 79 83 86 87 94 95]
BEST case_637ddd70a9624643ae61 3.470050970971401e-05 trace 8.447840578038434 support [ 0  6 11 19 43 44 63 72 74 77 79 83 86 87 94 95]
BEST case_637ddd70a9624643ae61 3.3860484255337006e-05 trace 8.447844209171626 support [ 0  6 11 20 43 44 63 72 74 77 79 83 86 87 94 95]
BEST case_637ddd70a9624643ae61 3.3331972443066227e-05 trace 8.447882277950365 support [ 0  6 11 20 43 44 63 65 72 74 77 79 86 87 94 95]
BEST case_637ddd70a9624643ae61 3.299994441239902e-05 trace 8.447862380472408 support [ 0  6 11 20 43 44 63 65 72 74 77 79 83 86 87 94]
STAGE_ERROR discrete_improve StageTimeout stage allowance exhausted
BEST case_637ddd70a9624643ae61 3.299994441239902e-05 trace 8.447862380472408 support [0, 6, 11, 20, 43, 44, 63, 65, 72, 74, 77, 79, 83, 86, 87, 94]
STAGE continuous ALLOWANCE 207.21028827503324
BEST case_637ddd70a9624643ae61 3.299994441239902e-05 trace 8.447862380472408 support [ 0  6 11 20 43 44 63 65 72 74 77 79 83 86 87 94]
CONTINUOUS case_637ddd70a9624643ae61 0 0.0001 0.010499985825479554 227 [(0, 1.511), (0, 3.08), (0, 3.769272), (0, 5.098585), (0, 6.626185), (2, 5.727754), (4, 6.0442), (8, 9.242169), (0, 7.271281), (2, 4.788361), (8, 10.670092), (0, 7.271281), (8, 10.287935), (2, 7.373107), (4, 9.127056), (6, 9.543702)]
CONTINUOUS case_637ddd70a9624643ae61 0 1e-06 0.1379536622465609 42 [(0, 1.511), (0, 3.08), (0, 3.750478), (0, 5.006853), (0, 6.589462), (2, 6.015041), (4, 6.031818), (8, 9.242169), (0, 7.271281), (2, 4.756979), (8, 10.683201), (0, 7.271281), (8, 10.352131), (2, 7.373107), (4, 9.137638), (6, 9.433012)]
CONTINUOUS case_637ddd70a9624643ae61 0 1e-08 0.13795365950972 13 [(0, 1.511), (0, 3.08), (0, 3.750478), (0, 5.006853), (0, 6.589462), (2, 6.015041), (4, 6.031818), (8, 9.242169), (0, 7.271281), (2, 4.756979), (8, 10.683201), (0, 7.271281), (8, 10.352131), (2, 7.373107), (4, 9.137638), (6, 9.433012)]
CONTINUOUS case_637ddd70a9624643ae61 1 0.0001 0.010499998177845953 27 [(0, 1.511), (0, 3.08), (0, 3.769272), (0, 5.098585), (0, 6.626185), (2, 5.727754), (4, 6.0442), (8, 9.242169), (0, 7.271281), (2, 4.788361), (8, 10.670092), (0, 7.271281), (8, 10.287935), (2, 7.373107), (4, 9.127056), (6, 9.543702)]
CONTINUOUS case_637ddd70a9624643ae61 1 1e-06 0.13795366224584144 43 [(0, 1.511), (0, 3.08), (0, 3.750478), (0, 5.006853), (0, 6.589462), (2, 6.015041), (4, 6.031818), (8, 9.242169), (0, 7.271281), (2, 4.756979), (8, 10.683201), (0, 7.271281), (8, 10.352131), (2, 7.373107), (4, 9.137638), (6, 9.433012)]
CONTINUOUS case_637ddd70a9624643ae61 1 1e-08 0.137953660193168 14 [(0, 1.511), (0, 3.08), (0, 3.750478), (0, 5.006853), (0, 6.589462), (2, 6.015041), (4, 6.031818), (8, 9.242169), (0, 7.271281), (2, 4.756979), (8, 10.683201), (0, 7.271281), (8, 10.352131), (2, 7.373107), (4, 9.137638), (6, 9.433012)]
CONTINUOUS case_637ddd70a9624643ae61 2 0.0001 0.010499998286072714 35 [(0, 1.511), (0, 3.08), (0, 3.769272), (0, 5.098585), (0, 6.626185), (2, 5.727754), (4, 6.0442), (8, 9.242169), (0, 7.271281), (2, 4.788361), (8, 10.670092), (0, 7.271281), (8, 10.287935), (2, 7.373107), (4, 9.127056), (6, 9.543702)]
CONTINUOUS case_637ddd70a9624643ae61 2 1e-06 0.13795374068916674 36 [(0, 1.511), (0, 3.08), (0, 3.750478), (0, 5.006852), (0, 6.589462), (2, 6.015041), (4, 6.031818), (8, 9.242169), (0, 7.271281), (2, 4.756978), (8, 10.683201), (0, 7.271281), (8, 10.352131), (2, 7.373107), (4, 9.137638), (6, 9.433011)]
CONTINUOUS case_637ddd70a9624643ae61 2 1e-08 0.13795361834390615 14 [(0, 1.511), (0, 3.08), (0, 3.750478), (0, 5.006853), (0, 6.589462), (2, 6.015041), (4, 6.031819), (8, 9.242169), (0, 7.271281), (2, 4.756979), (8, 10.683201), (0, 7.271281), (8, 10.352131), (2, 7.373107), (4, 9.137638), (6, 9.433012)]
CONTINUOUS case_637ddd70a9624643ae61 3 0.0001 0.010499997311856218 63 [(0, 1.511), (0, 3.08), (0, 3.769272), (0, 5.098585), (0, 6.626185), (2, 5.727754), (4, 6.0442), (8, 9.242169), (0, 7.271281), (2, 4.788361), (8, 10.670092), (0, 7.271281), (8, 10.287935), (2, 7.373107), (4, 9.127056), (6, 9.543702)]
CONTINUOUS case_637ddd70a9624643ae61 3 1e-06 0.13795368001900937 41 [(0, 1.511), (0, 3.08), (0, 3.750478), (0, 5.006853), (0, 6.589462), (2, 6.015041), (4, 6.031818), (8, 9.242169), (0, 7.271281), (2, 4.756979), (8, 10.683201), (0, 7.271281), (8, 10.352131), (2, 7.373107), (4, 9.137638), (6, 9.433012)]
CONTINUOUS case_637ddd70a9624643ae61 3 1e-08 0.13795364580049144 15 [(0, 1.511), (0, 3.08), (0, 3.750478), (0, 5.006853), (0, 6.589462), (2, 6.015041), (4, 6.031819), (8, 9.242169), (0, 7.271281), (2, 4.756979), (8, 10.683201), (0, 7.271281), (8, 10.352131), (2, 7.373107), (4, 9.137638), (6, 9.433012)]
CONTINUOUS case_637ddd70a9624643ae61 4 0.0001 0.010500000613036197 33 [(0, 1.511), (0, 3.08), (0, 3.769272), (0, 5.098585), (0, 6.626185), (2, 5.727754), (4, 6.0442), (8, 9.242169), (0, 7.271281), (2, 4.78836), (8, 10.670092), (0, 7.271281), (8, 10.287935), (2, 7.373107), (4, 9.127056), (6, 9.543703)]
CONTINUOUS case_637ddd70a9624643ae61 4 1e-06 0.13795378856238477 38 [(0, 1.511), (0, 3.08), (0, 3.750478), (0, 5.006852), (0, 6.589462), (2, 6.015041), (4, 6.031818), (8, 9.242169), (0, 7.271281), (2, 4.756978), (8, 10.683201), (0, 7.271281), (8, 10.352131), (2, 7.373107), (4, 9.137638), (6, 9.433011)]
CONTINUOUS case_637ddd70a9624643ae61 4 1e-08 0.13795365621274278 15 [(0, 1.511), (0, 3.08), (0, 3.750478), (0, 5.006853), (0, 6.589462), (2, 6.015041), (4, 6.031818), (8, 9.242169), (0, 7.271281), (2, 4.756979), (8, 10.683201), (0, 7.271281), (8, 10.352131), (2, 7.373107), (4, 9.137638), (6, 9.433012)]
CONTINUOUS case_637ddd70a9624643ae61 5 0.0001 0.010499983896132178 29 [(0, 1.511), (0, 3.08), (0, 3.769272), (0, 5.098585), (0, 6.626185), (2, 5.727754), (4, 6.0442), (8, 9.242169), (0, 7.271281), (2, 4.788361), (8, 10.670092), (0, 7.271281), (8, 10.287935), (2, 7.373107), (4, 9.127056), (6, 9.543702)]
CONTINUOUS case_637ddd70a9624643ae61 5 1e-06 0.13795362913878462 34 [(0, 1.511), (0, 3.08), (0, 3.750478), (0, 5.006853), (0, 6.589462), (2, 6.015041), (4, 6.031819), (8, 9.242169), (0, 7.271281), (2, 4.756979), (8, 10.683201), (0, 7.271281), (8, 10.352131), (2, 7.373107), (4, 9.137638), (6, 9.433012)]
CONTINUOUS case_637ddd70a9624643ae61 5 1e-08 0.13795364526423248 19 [(0, 1.511), (0, 3.08), (0, 3.750478), (0, 5.006853), (0, 6.589462), (2, 6.015041), (4, 6.031819), (8, 9.242169), (0, 7.271281), (2, 4.756979), (8, 10.683201), (0, 7.271281), (8, 10.352131), (2, 7.373107), (4, 9.137638), (6, 9.433012)]
CONTINUOUS case_637ddd70a9624643ae61 6 0.0001 0.010499999754522057 99 [(0, 1.511), (0, 3.08), (0, 3.769272), (0, 5.098585), (0, 6.626185), (2, 5.727754), (4, 6.0442), (8, 9.242169), (0, 7.271281), (2, 4.788361), (8, 10.670092), (0, 7.271281), (8, 10.287935), (2, 7.373107), (4, 9.127056), (6, 9.543702)]
CONTINUOUS case_637ddd70a9624643ae61 6 1e-06 0.13795384836074945 38 [(0, 1.511), (0, 3.08), (0, 3.750478), (0, 5.006851), (0, 6.589461), (2, 6.015041), (4, 6.031818), (8, 9.242169), (0, 7.271281), (2, 4.756978), (8, 10.683201), (0, 7.271281), (8, 10.352131), (2, 7.373107), (4, 9.137638), (6, 9.433011)]
CONTINUOUS case_637ddd70a9624643ae61 6 1e-08 0.13795350185763927 15 [(0, 1.511), (0, 3.08), (0, 3.750479), (0, 5.006854), (0, 6.589462), (2, 6.015041), (4, 6.031819), (8, 9.242169), (0, 7.271281), (2, 4.75698), (8, 10.683201), (0, 7.271281), (8, 10.352131), (2, 7.373107), (4, 9.137638), (6, 9.433012)]
CONTINUOUS case_637ddd70a9624643ae61 7 0.0001 0.010499999455653813 42 [(0, 1.511), (0, 3.08), (0, 3.769272), (0, 5.098585), (0, 6.626185), (2, 5.727754), (4, 6.0442), (8, 9.242169), (0, 7.271281), (2, 4.788361), (8, 10.670092), (0, 7.271281), (8, 10.287935), (2, 7.373107), (4, 9.127056), (6, 9.543702)]
CONTINUOUS case_637ddd70a9624643ae61 7 1e-06 0.13795376484421748 36 [(0, 1.511), (0, 3.08), (0, 3.750478), (0, 5.006852), (0, 6.589462), (2, 6.015041), (4, 6.031818), (8, 9.242169), (0, 7.271281), (2, 4.756978), (8, 10.683201), (0, 7.271281), (8, 10.352131), (2, 7.373107), (4, 9.137638), (6, 9.433011)]
CONTINUOUS case_637ddd70a9624643ae61 7 1e-08 0.13795371167946294 18 [(0, 1.511), (0, 3.08), (0, 3.750478), (0, 5.006852), (0, 6.589462), (2, 6.015041), (4, 6.031818), (8, 9.242169), (0, 7.271281), (2, 4.756979), (8, 10.683201), (0, 7.271281), (8, 10.352131), (2, 7.373107), (4, 9.137638), (6, 9.433011)]
CONTINUOUS case_637ddd70a9624643ae61 8 0.0001 0.010499994627753095 39 [(0, 1.511), (0, 3.08), (0, 3.769272), (0, 5.098585), (0, 6.626185), (2, 5.727754), (4, 6.0442), (8, 9.242169), (0, 7.271281), (2, 4.788361), (8, 10.670092), (0, 7.271281), (8, 10.287935), (2, 7.373107), (4, 9.127056), (6, 9.543702)]
CONTINUOUS case_637ddd70a9624643ae61 8 1e-06 0.13795357389704926 39 [(0, 1.511), (0, 3.08), (0, 3.750479), (0, 5.006853), (0, 6.589462), (2, 6.015041), (4, 6.031819), (8, 9.242169), (0, 7.271281), (2, 4.756979), (8, 10.683201), (0, 7.271281), (8, 10.352131), (2, 7.373107), (4, 9.137638), (6, 9.433012)]
CONTINUOUS case_637ddd70a9624643ae61 8 1e-08 0.13795362870061723 16 [(0, 1.511), (0, 3.08), (0, 3.750478), (0, 5.006853), (0, 6.589462), (2, 6.015041), (4, 6.031819), (8, 9.242169), (0, 7.271281), (2, 4.756979), (8, 10.683201), (0, 7.271281), (8, 10.352131), (2, 7.373107), (4, 9.137638), (6, 9.433012)]
CONTINUOUS case_637ddd70a9624643ae61 9 0.0001 0.010499998174467961 78 [(0, 1.511), (0, 3.08), (0, 3.769272), (0, 5.098585), (0, 6.626185), (2, 5.727754), (4, 6.0442), (8, 9.242169), (0, 7.271281), (2, 4.788361), (8, 10.670092), (0, 7.271281), (8, 10.287935), (2, 7.373107), (4, 9.127056), (6, 9.543702)]
CONTINUOUS case_637ddd70a9624643ae61 9 1e-06 0.13795374552226408 37 [(0, 1.511), (0, 3.08), (0, 3.750478), (0, 5.006852), (0, 6.589462), (2, 6.015041), (4, 6.031818), (8, 9.242169), (0, 7.271281), (2, 4.756978), (8, 10.683201), (0, 7.271281), (8, 10.352131), (2, 7.373107), (4, 9.137638), (6, 9.433011)]
CONTINUOUS case_637ddd70a9624643ae61 9 1e-08 0.13795368688177795 17 [(0, 1.511), (0, 3.08), (0, 3.750478), (0, 5.006852), (0, 6.589462), (2, 6.015041), (4, 6.031818), (8, 9.242169), (0, 7.271281), (2, 4.756979), (8, 10.683201), (0, 7.271281), (8, 10.352131), (2, 7.373107), (4, 9.137638), (6, 9.433012)]
CONTINUOUS case_637ddd70a9624643ae61 10 0.0001 0.010499998241612954 45 [(0, 1.511), (0, 3.08), (0, 3.769272), (0, 5.098585), (0, 6.626185), (2, 5.727754), (4, 6.0442), (8, 9.242169), (0, 7.271281), (2, 4.788361), (8, 10.670092), (0, 7.271281), (8, 10.287935), (2, 7.373107), (4, 9.127056), (6, 9.543702)]
CONTINUOUS case_637ddd70a9624643ae61 10 1e-06 0.13795342963265275 35 [(0, 1.511), (0, 3.08), (0, 3.750479), (0, 5.006854), (0, 6.589462), (2, 6.01504), (4, 6.031819), (8, 9.242169), (0, 7.271281), (2, 4.75698), (8, 10.683201), (0, 7.271281), (8, 10.352131), (2, 7.373107), (4, 9.137638), (6, 9.433012)]
CONTINUOUS case_637ddd70a9624643ae61 10 1e-08 0.13795365506786672 16 [(0, 1.511), (0, 3.08), (0, 3.750478), (0, 5.006853), (0, 6.589462), (2, 6.015041), (4, 6.031818), (8, 9.242169), (0, 7.271281), (2, 4.756979), (8, 10.683201), (0, 7.271281), (8, 10.352131), (2, 7.373107), (4, 9.137638), (6, 9.433012)]
CONTINUOUS case_637ddd70a9624643ae61 11 0.0001 0.01050000224758263 44 [(0, 1.511), (0, 3.08), (0, 3.769272), (0, 5.098585), (0, 6.626185), (2, 5.727754), (4, 6.0442), (8, 9.242169), (0, 7.271281), (2, 4.788361), (8, 10.670092), (0, 7.271281), (8, 10.287935), (2, 7.373107), (4, 9.127056), (6, 9.543703)]
CONTINUOUS case_637ddd70a9624643ae61 11 1e-06 0.13795358781048744 38 [(0, 1.511), (0, 3.08), (0, 3.750478), (0, 5.006853), (0, 6.589462), (2, 6.015041), (4, 6.031819), (8, 9.242169), (0, 7.271281), (2, 4.756979), (8, 10.683201), (0, 7.271281), (8, 10.352131), (2, 7.373107), (4, 9.137638), (6, 9.433012)]
CONTINUOUS case_637ddd70a9624643ae61 11 1e-08 0.13795363238406158 18 [(0, 1.511), (0, 3.08), (0, 3.750478), (0, 5.006853), (0, 6.589462), (2, 6.015041), (4, 6.031819), (8, 9.242169), (0, 7.271281), (2, 4.756979), (8, 10.683201), (0, 7.271281), (8, 10.352131), (2, 7.373107), (4, 9.137638), (6, 9.433012)]
CONTINUOUS case_637ddd70a9624643ae61 12 0.0001 0.01049999723436501 62 [(0, 1.511), (0, 3.08), (0, 3.769272), (0, 5.098585), (0, 6.626185), (2, 5.727754), (4, 6.0442), (8, 9.242169), (0, 7.271281), (2, 4.788361), (8, 10.670092), (0, 7.271281), (8, 10.287935), (2, 7.373107), (4, 9.127056), (6, 9.543702)]
CONTINUOUS case_637ddd70a9624643ae61 12 1e-06 0.13795360036120646 37 [(0, 1.511), (0, 3.08), (0, 3.750478), (0, 5.006853), (0, 6.589462), (2, 6.015041), (4, 6.031819), (8, 9.242169), (0, 7.271281), (2, 4.756979), (8, 10.683201), (0, 7.271281), (8, 10.352131), (2, 7.373107), (4, 9.137638), (6, 9.433012)]
CONTINUOUS case_637ddd70a9624643ae61 12 1e-08 0.1379537253065057 10 [(0, 1.511), (0, 3.08), (0, 3.750478), (0, 5.006852), (0, 6.589462), (2, 6.015041), (4, 6.031818), (8, 9.242169), (0, 7.271281), (2, 4.756979), (8, 10.683201), (0, 7.271281), (8, 10.352131), (2, 7.373107), (4, 9.137638), (6, 9.433011)]
CONTINUOUS case_637ddd70a9624643ae61 13 0.0001 0.010499998268821791 41 [(0, 1.511), (0, 3.08), (0, 3.769272), (0, 5.098585), (0, 6.626185), (2, 5.727754), (4, 6.0442), (8, 9.242169), (0, 7.271281), (2, 4.788361), (8, 10.670092), (0, 7.271281), (8, 10.287935), (2, 7.373107), (4, 9.127056), (6, 9.543702)]
CONTINUOUS case_637ddd70a9624643ae61 13 1e-06 0.13795352513793718 42 [(0, 1.511), (0, 3.08), (0, 3.750479), (0, 5.006854), (0, 6.589462), (2, 6.015041), (4, 6.031819), (8, 9.242169), (0, 7.271281), (2, 4.75698), (8, 10.683201), (0, 7.271281), (8, 10.352131), (2, 7.373107), (4, 9.137638), (6, 9.433012)]
CONTINUOUS case_637ddd70a9624643ae61 13 1e-08 0.13795373286622545 17 [(0, 1.511), (0, 3.08), (0, 3.750478), (0, 5.006852), (0, 6.589462), (2, 6.015041), (4, 6.031818), (8, 9.242169), (0, 7.271281), (2, 4.756978), (8, 10.683201), (0, 7.271281), (8, 10.352131), (2, 7.373107), (4, 9.137638), (6, 9.433011)]
CONTINUOUS case_637ddd70a9624643ae61 14 0.0001 0.010499998772096389 38 [(0, 1.511), (0, 3.08), (0, 3.769272), (0, 5.098585), (0, 6.626185), (2, 5.727754), (4, 6.0442), (8, 9.242169), (0, 7.271281), (2, 4.788361), (8, 10.670092), (0, 7.271281), (8, 10.287935), (2, 7.373107), (4, 9.127056), (6, 9.543702)]
CONTINUOUS case_637ddd70a9624643ae61 14 1e-06 0.1379536142041647 40 [(0, 1.511), (0, 3.08), (0, 3.750478), (0, 5.006853), (0, 6.589462), (2, 6.015041), (4, 6.031819), (8, 9.242169), (0, 7.271281), (2, 4.756979), (8, 10.683201), (0, 7.271281), (8, 10.352131), (2, 7.373107), (4, 9.137638), (6, 9.433012)]
CONTINUOUS case_637ddd70a9624643ae61 14 1e-08 0.1379536891524994 18 [(0, 1.511), (0, 3.08), (0, 3.750478), (0, 5.006852), (0, 6.589462), (2, 6.015041), (4, 6.031818), (8, 9.242169), (0, 7.271281), (2, 4.756979), (8, 10.683201), (0, 7.271281), (8, 10.352131), (2, 7.373107), (4, 9.137638), (6, 9.433012)]
CONTINUOUS case_637ddd70a9624643ae61 15 0.0001 0.010499999662950676 109 [(0, 1.511), (0, 3.08), (0, 3.769272), (0, 5.098585), (0, 7.271281), (2, 5.727754), (4, 6.0442), (8, 9.242169), (0, 6.626185), (2, 4.788361), (8, 10.670092), (0, 7.271281), (8, 10.287935), (2, 7.373107), (4, 9.127056), (6, 9.543702)]
CONTINUOUS case_637ddd70a9624643ae61 15 1e-06 0.13795371753887245 41 [(0, 1.511), (0, 3.08), (0, 3.750478), (0, 5.006852), (0, 7.271281), (2, 6.015041), (4, 6.031818), (8, 9.242169), (0, 6.589462), (2, 4.756978), (8, 10.683201), (0, 7.271281), (8, 10.352131), (2, 7.373107), (4, 9.137638), (6, 9.433011)]
CONTINUOUS case_637ddd70a9624643ae61 15 1e-08 0.13795360964541478 18 [(0, 1.511), (0, 3.08), (0, 3.750478), (0, 5.006853), (0, 7.271281), (2, 6.015041), (4, 6.031819), (8, 9.242169), (0, 6.589462), (2, 4.756979), (8, 10.683201), (0, 7.271281), (8, 10.352131), (2, 7.373107), (4, 9.137638), (6, 9.433012)]
CONTINUOUS case_637ddd70a9624643ae61 16 0.0001 0.010500000412900825 42 [(0, 1.511), (0, 3.08), (0, 3.769272), (0, 5.098585), (0, 6.626185), (2, 5.727754), (4, 6.0442), (8, 9.242169), (0, 7.271281), (2, 4.788361), (8, 10.670092), (0, 7.271281), (8, 10.287935), (2, 7.373107), (4, 9.127056), (6, 9.543702)]
CONTINUOUS case_637ddd70a9624643ae61 16 1e-06 0.13795359860503445 36 [(0, 1.511), (0, 3.08), (0, 3.750478), (0, 5.006853), (0, 6.589462), (2, 6.015041), (4, 6.031819), (8, 9.242169), (0, 7.271281), (2, 4.756979), (8, 10.683201), (0, 7.271281), (8, 10.352131), (2, 7.373107), (4, 9.137638), (6, 9.433012)]
CONTINUOUS case_637ddd70a9624643ae61 16 1e-08 0.13795361859790908 14 [(0, 1.511), (0, 3.08), (0, 3.750478), (0, 5.006853), (0, 6.589462), (2, 6.015041), (4, 6.031819), (8, 9.242169), (0, 7.271281), (2, 4.756979), (8, 10.683201), (0, 7.271281), (8, 10.352131), (2, 7.373107), (4, 9.137638), (6, 9.433012)]
CONTINUOUS case_637ddd70a9624643ae61 17 0.0001 0.010499996390362643 35 [(0, 1.511), (0, 3.08), (0, 3.769272), (0, 5.098585), (0, 6.626185), (2, 5.727754), (4, 6.0442), (8, 9.242169), (0, 7.271281), (2, 4.788361), (8, 10.670092), (0, 7.271281), (8, 10.287935), (2, 7.373107), (4, 9.127056), (6, 9.543702)]
CONTINUOUS case_637ddd70a9624643ae61 17 1e-06 0.13795365209155655 36 [(0, 1.511), (0, 3.08), (0, 3.750478), (0, 5.006853), (0, 6.589462), (2, 6.015041), (4, 6.031819), (8, 9.242169), (0, 7.271281), (2, 4.756979), (8, 10.683201), (0, 7.271281), (8, 10.352131), (2, 7.373107), (4, 9.137638), (6, 9.433012)]
CONTINUOUS case_637ddd70a9624643ae61 17 1e-08 0.13795366065577205 17 [(0, 1.511), (0, 3.08), (0, 3.750478), (0, 5.006853), (0, 6.589462), (2, 6.015041), (4, 6.031818), (8, 9.242169), (0, 7.271281), (2, 4.756979), (8, 10.683201), (0, 7.271281), (8, 10.352131), (2, 7.373107), (4, 9.137638), (6, 9.433012)]
CONTINUOUS case_637ddd70a9624643ae61 18 0.0001 0.010499998343738345 70 [(0, 1.511), (0, 3.08), (0, 3.769272), (0, 5.098585), (0, 7.271281), (2, 5.727754), (4, 6.0442), (8, 9.242169), (0, 6.626185), (2, 4.788361), (8, 10.670092), (0, 7.271281), (8, 10.287935), (2, 7.373107), (4, 9.127056), (6, 9.543702)]
CONTINUOUS case_637ddd70a9624643ae61 18 1e-06 0.13795356556476052 41 [(0, 1.511), (0, 3.08), (0, 3.750478), (0, 5.006853), (0, 7.271281), (2, 6.015041), (4, 6.031819), (8, 9.242169), (0, 6.589462), (2, 4.756979), (8, 10.683201), (0, 7.271281), (8, 10.352131), (2, 7.373107), (4, 9.137638), (6, 9.433012)]
CONTINUOUS case_637ddd70a9624643ae61 18 1e-08 0.13795368263399005 15 [(0, 1.511), (0, 3.08), (0, 3.750478), (0, 5.006852), (0, 7.271281), (2, 6.015041), (4, 6.031818), (8, 9.242169), (0, 6.589462), (2, 4.756979), (8, 10.683201), (0, 7.271281), (8, 10.352131), (2, 7.373107), (4, 9.137638), (6, 9.433012)]
CONTINUOUS case_637ddd70a9624643ae61 19 0.0001 0.010499992866259505 31 [(0, 1.511), (0, 3.08), (0, 3.769272), (0, 5.098585), (0, 6.626185), (2, 5.727754), (4, 6.0442), (8, 9.242169), (0, 7.271281), (2, 4.788361), (8, 10.670092), (0, 7.271281), (8, 10.287935), (2, 7.373107), (4, 9.127056), (6, 9.543702)]
CONTINUOUS case_637ddd70a9624643ae61 19 1e-06 0.1379536118140205 41 [(0, 1.511), (0, 3.08), (0, 3.750478), (0, 5.006853), (0, 6.589462), (2, 6.015041), (4, 6.031819), (8, 9.242169), (0, 7.271281), (2, 4.756979), (8, 10.683201), (0, 7.271281), (8, 10.352131), (2, 7.373107), (4, 9.137638), (6, 9.433012)]
CONTINUOUS case_637ddd70a9624643ae61 19 1e-08 0.13795363006324826 17 [(0, 1.511), (0, 3.08), (0, 3.750478), (0, 5.006853), (0, 6.589462), (2, 6.015041), (4, 6.031819), (8, 9.242169), (0, 7.271281), (2, 4.756979), (8, 10.683201), (0, 7.271281), (8, 10.352131), (2, 7.373107), (4, 9.137638), (6, 9.433012)]
BEST case_637ddd70a9624643ae61 3.299994441239902e-05 trace 8.447862380472408 support [0, 6, 11, 20, 43, 44, 63, 65, 72, 74, 77, 79, 83, 86, 87, 94]
STAGE final_improve ALLOWANCE 182.90645155799575
BEST case_637ddd70a9624643ae61 3.299994441239902e-05 trace 8.447862380472408 support [0, 6, 11, 20, 43, 44, 63, 65, 72, 74, 77, 79, 83, 86, 87, 94]
CONT 0.001 0.010010534291172702
CONT 0.0001 0.0633279011895599
CONT 1e-05 0.31444053911393943
CONT 1e-06 1.061707816991321
CONT 1e-07 1.9104409476794257
CONT 1e-08 1.9685752138014359
CONT 1e-09 1.9685752138015498
BEST case_637ddd70a9624643ae61 3.2770543707025725e-05 trace 8.447888661651456 support [ 0  6 11 18 43 44 63 65 72 74 77 79 86 87 94 95]
BEST case_637ddd70a9624643ae61 3.24481515588977e-05 trace 8.447889673706403 support [ 0  6 11 20 43 44 63 65 72 74 77 79 86 87 94 95]
BEST case_637ddd70a9624643ae61 2.9200572087076623e-05 trace 8.447908634485515 support [ 0  6 11 20 43 44 59 63 65 72 74 77 79 86 87 94]
STAGE_ERROR final_improve StageTimeout stage allowance exhausted
