EXHAUSTIVE 2 0 from 0.007759526441646493 to 0.00868429097696429 best 0.007759526441646493 time 5.657078742980957
EXHAUSTIVE 2 1 from 0.007759526441646493 to 0.00868429097696429 best 0.007759526441646493 time 11.745370864868164
EXHAUSTIVE 2 2 from 0.008800456154379788 to 0.0077595264416542905 best 0.007759526441646493 time 19.898218393325806
EXHAUSTIVE 2 3 from 0.0077595264416542905 to 0.008684290976964283 best 0.007759526441646493 time 28.8849515914917
EXHAUSTIVE 2 4 from 0.010922129422798094 to 0.010677592688803137 best 0.007759526441646493 time 34.6999351978302
EXHAUSTIVE 2 5 from 0.010677592688803137 to 0.010814179745444926 best 0.007759526441646493 time 41.03895592689514
EXHAUSTIVE 2 6 from 0.007759526441646492 to 0.008684290976964288 best 0.007759526441646493 time 47.87703561782837
EXHAUSTIVE 2 7 from 0.009926797793731006 to 0.0077595264416495755 best 0.007759526441646493 time 56.54931592941284
EXHAUSTIVE 2 8 from 0.0077595264416495755 to 0.008684290976964286 best 0.007759526441646493 time 64.3247377872467
EXHAUSTIVE 2 9 from 0.011706697334114021 to 0.011638143099874232 best 0.007759526441646493 time 71.98604345321655
EXHAUSTIVE 2 10 from 0.011638143099874232 to 0.011640848304335786 best 0.007759526441646493 time 79.69928693771362
EXHAUSTIVE 2 11 from 0.007759526441646494 to 0.008684290976964283 best 0.007759526441646493 time 88.55847573280334
EXHAUSTIVE 2 12 from 0.008789393334622572 to 0.0077595264416500265 best 0.007759526441646493 time 94.9488353729248
EXHAUSTIVE 2 13 from 0.0077595264416500265 to 0.008684290976964276 best 0.007759526441646493 time 101.67823910713196
EXHAUSTIVE 2 14 from 0.012065279217463318 to 0.012760235035230027 best 0.007759526441646493 time 108.41372537612915
EXHAUSTIVE 2 15 from 0.0077595264416464955 to 0.008684290976964285 best 0.007759526441646493 time 117.71713709831238
EXHAUSTIVE 2 16 from 0.008971822669827361 to 0.007759526441647512 best 0.007759526441646493 time 126.35716080665588
EXHAUSTIVE 2 17 from 0.007759526441647512 to 0.008684290976964281 best 0.007759526441646493 time 133.90817737579346
EXHAUSTIVE 2 18 from 0.014382681146858381 to 0.011953634008704733 best 0.007759526441646493 time 140.76951670646667
EXHAUSTIVE 2 19 from 0.011953634008704733 to 0.01270082773187226 best 0.007759526441646493 time 148.63138246536255
EXHAUSTIVE 2 20 from 0.007759526441646495 to 0.008684290976964286 best 0.007759526441646493 time 155.45078420639038
EXHAUSTIVE 2 21 from 0.008684290976962916 to 0.0077595264416466065 best 0.007759526441646493 time 162.7437059879303
