SAVE 2 best gates 32 loss 0.007759526441646515 seconds 1.0247106552124023
SAVE 2 gauge_1203 gates 32 loss 0.007759526441646515 seconds 1.0254395008087158
GAUGE 2 1203 0 0.007759526441646515 best 0.007759526441646515 time 1.0256030559539795
SAVE 2 best gates 32 loss 0.007759526441646507 seconds 2.0139853954315186
GAUGE 2 1203 1 0.007759526441646507 best 0.007759526441646507 time 2.014198064804077
GAUGE 2 1203 2 0.007759526441647334 best 0.007759526441646507 time 4.2032692432403564
GAUGE 2 1203 3 0.00892760574652726 best 0.007759526441646502 time 8.011265516281128
SAVE 2 best gates 32 loss 0.0077595264416465 seconds 9.134218692779541
GAUGE 2 1203 4 0.0077595264416465 best 0.0077595264416465 time 9.135807514190674
GAUGE 2 1203 5 0.007759526441647335 best 0.0077595264416465 time 11.505676031112671
GAUGE 2 1203 6 0.047508488057339565 best 0.0077595264416465 time 23.13137435913086
GAUGE 2 1203 7 0.010527586895263598 best 0.007759526441646498 time 28.952348709106445
GAUGE 2 1203 8 0.007759526441647337 best 0.007759526441646498 time 31.110334157943726
GAUGE 2 1203 9 0.007759526441646502 best 0.007759526441646498 time 32.07505798339844
SAVE 2 best gates 32 loss 0.007759526441646495 seconds 33.0330650806427
GAUGE 2 1203 10 0.007759526441646495 best 0.007759526441646495 time 33.03327393531799
GAUGE 2 1203 11 0.011866304712765518 best 0.007759526441646495 time 40.98593235015869
GAUGE 2 1203 12 0.007759526441646497 best 0.007759526441646495 time 42.023499965667725
GAUGE 2 1203 13 0.036540387569752524 best 0.007759526441646495 time 52.85399603843689
GAUGE 2 1203 14 0.0077595264416473395 best 0.007759526441646495 time 55.10775446891785
GAUGE 2 1203 15 0.009192322983214315 best 0.007759526441646495 time 57.83598494529724
GAUGE 2 1203 16 0.007759526441646497 best 0.007759526441646495 time 58.701581716537476
GAUGE 2 1203 17 0.007759526441647336 best 0.007759526441646495 time 63.932313203811646
SAVE 2 best gates 32 loss 0.007759526441646491 seconds 65.49447464942932
GAUGE 2 1203 18 0.007759526441646491 best 0.007759526441646491 time 65.49468779563904
GAUGE 2 1203 19 0.016722259648254086 best 0.007759526441646491 time 73.05338931083679
GAUGE 2 1203 20 0.007759526441647334 best 0.007759526441646491 time 76.75065040588379
GAUGE 2 1203 21 0.007759526441646494 best 0.007759526441646491 time 80.19730257987976
GAUGE 2 1203 22 0.0077595264416464955 best 0.007759526441646491 time 81.93724179267883
GAUGE 2 1203 23 0.011916668672912627 best 0.007759526441646491 time 94.01515817642212
GAUGE 2 1203 24 0.007759526441646495 best 0.007759526441646491 time 95.20249390602112
GAUGE 2 1203 25 0.007759526441646494 best 0.007759526441646491 time 96.78773736953735
GAUGE 2 1203 26 0.007759526441647333 best 0.007759526441646491 time 100.80491018295288
GAUGE 2 1203 27 0.01289821258152343 best 0.007759526441646491 time 104.84028005599976
GAUGE 2 1203 28 0.007759526441646493 best 0.007759526441646491 time 105.89204025268555
GAUGE 2 1203 29 0.007759526441647331 best 0.007759526441646491 time 108.82712626457214
GAUGE 2 1203 30 0.007759526441646497 best 0.007759526441646491 time 109.90713167190552
GAUGE 2 1203 31 0.009138237975949268 best 0.007759526441646491 time 114.19124341011047
GAUGE 2 1203 32 0.007759526441647333 best 0.007759526441646491 time 116.45811367034912
GAUGE 2 1203 33 0.007759526441646494 best 0.007759526441646491 time 117.52185797691345
GAUGE 2 1203 34 0.009139655677507725 best 0.007759526441646491 time 121.0699667930603
GAUGE 2 1203 35 0.011896170887512866 best 0.007759526441646491 time 134.45238661766052
GAUGE 2 1203 36 0.007759526441646499 best 0.007759526441646491 time 135.79147934913635
GAUGE 2 1203 37 0.007759526441646494 best 0.007759526441646491 time 137.19371795654297
GAUGE 2 1203 38 0.007759526441647336 best 0.007759526441646491 time 139.5072660446167
GAUGE 2 1203 39 0.00981245803970262 best 0.007759526441646491 time 141.7572305202484
GAUGE 2 1203 40 0.007759526441646494 best 0.007759526441646491 time 142.9977958202362
GAUGE 2 1203 41 0.00904500993295915 best 0.007759526441646491 time 149.9964475631714
GAUGE 2 1203 42 0.007759526441646494 best 0.007759526441646491 time 151.1534698009491
GAUGE 2 1203 43 0.034109525526461286 best 0.007759526441646491 time 170.34815311431885
GAUGE 2 1203 44 0.007759526441647334 best 0.007759526441646491 time 174.14378356933594
GAUGE 2 1203 45 0.0077595264416464955 best 0.007759526441646491 time 176.31618189811707
GAUGE 2 1203 46 0.0077595264416465 best 0.007759526441646491 time 179.4126706123352
GAUGE 2 1203 47 0.015335186983182042 best 0.007759526441646491 time 185.91043877601624
GAUGE 2 1203 48 0.04750848805733957 best 0.007759526441646491 time 207.911292552948
GAUGE 2 1203 49 0.007759526441646497 best 0.007759526441646491 time 209.93442273139954
GAUGE 2 1203 50 0.007759526441647333 best 0.007759526441646491 time 212.5957007408142
GAUGE 2 1203 51 0.007759526441646498 best 0.007759526441646491 time 213.6107578277588
GAUGE 2 1203 52 0.007759526441646497 best 0.007759526441646491 time 215.18730235099792
GAUGE 2 1203 53 0.007759526441647339 best 0.007759526441646491 time 219.93781781196594
GAUGE 2 1203 54 0.007759526441646495 best 0.007759526441646491 time 221.06415057182312
GAUGE 2 1203 55 0.012392343763650643 best 0.007759526441646491 time 231.39302849769592
GAUGE 2 1203 56 0.007759526441647333 best 0.007759526441646491 time 235.74967765808105
GAUGE 2 1203 57 0.007759526441646498 best 0.007759526441646491 time 237.55013489723206
GAUGE 2 1203 58 0.007759526441646495 best 0.007759526441646491 time 238.96348881721497
GAUGE 2 1203 59 0.008850361754578763 best 0.007759526441646491 time 246.3000876903534
GAUGE 2 1203 60 0.007759526441646494 best 0.007759526441646491 time 247.44776487350464
GAUGE 2 1203 61 0.007759526441646497 best 0.007759526441646491 time 248.46941089630127
GAUGE 2 1203 62 0.009045009932959142 best 0.007759526441646491 time 255.8671715259552
GAUGE 2 1203 63 0.010786730982078134 best 0.007759526441646491 time 261.9587469100952
GAUGE 2 1203 64 0.0077595264416464955 best 0.007759526441646491 time 262.9748089313507
GAUGE 2 1203 65 0.007759526441647337 best 0.007759526441646491 time 265.33106994628906
GAUGE 2 1203 66 0.0077595264416464955 best 0.007759526441646491 time 266.8929109573364
GAUGE 2 1203 67 0.01193614694017032 best 0.007759526441646491 time 276.7545967102051
GAUGE 2 1203 68 0.007759526441647337 best 0.007759526441646491 time 280.50237345695496
GAUGE 2 1203 69 0.037265024405972146 best 0.007759526441646491 time 296.01782608032227
GAUGE 2 1203 70 0.007759526441646495 best 0.007759526441646491 time 297.23187232017517
GAUGE 2 1203 71 0.010170340315692958 best 0.007759526441646491 time 301.03672671318054
GAUGE 2 1203 72 0.007759526441646494 best 0.007759526441646491 time 302.156462430954
GAUGE 2 1203 73 0.007759526441646494 best 0.007759526441646491 time 303.4398818016052
GAUGE 2 1203 74 0.007759526441647337 best 0.007759526441646491 time 307.0185751914978
GAUGE 2 1203 75 0.013598171882421503 best 0.007759526441646491 time 314.24128699302673
GAUGE 2 1203 76 0.007759526441649953 best 0.007759526441646491 time 317.616037607193
GAUGE 2 1203 77 0.007759526441647333 best 0.007759526441646491 time 322.90482687950134
GAUGE 2 1203 78 0.007759526441646497 best 0.007759526441646491 time 324.017609834671
GAUGE 2 1203 79 0.011694965188857183 best 0.007759526441646491 time 335.237948179245
GAUGE 2 1203 80 0.00775952644164734 best 0.007759526441646491 time 338.40369415283203
GAUGE 2 1203 81 0.007759526441646494 best 0.007759526441646491 time 339.27693128585815
GAUGE 2 1203 82 0.007759526441646494 best 0.007759526441646491 time 340.6424376964569
GAUGE 2 1203 83 0.01692798264600088 best 0.007759526441646491 time 368.18613743782043
GAUGE 2 1203 84 0.007759526441646492 best 0.007759526441646491 time 371.71486949920654
GAUGE 2 1203 85 0.007759526441646495 best 0.007759526441646491 time 373.79875922203064
GAUGE 2 1203 86 0.007759526441647335 best 0.007759526441646491 time 378.14706802368164
GAUGE 2 1203 87 0.011778777377006965 best 0.007759526441646491 time 393.7370414733887
GAUGE 2 1203 88 0.007759526441646495 best 0.007759526441646491 time 396.0654091835022
GAUGE 2 1203 89 0.007759526441647334 best 0.007759526441646491 time 406.4649226665497
GAUGE 2 1203 90 0.01434922868222132 best 0.007759526441646491 time 434.6820561885834
GAUGE 2 1203 91 0.01004479632098857 best 0.007759526441646491 time 458.4475927352905
GAUGE 2 1203 92 0.007759526441647338 best 0.007759526441646491 time 464.53433322906494
GAUGE 2 1203 93 0.007759526441646496 best 0.007759526441646491 time 467.7715222835541
GAUGE 2 1203 94 0.007759526441646495 best 0.007759526441646491 time 469.083788394928
GAUGE 2 1203 95 0.021113611382172756 best 0.007759526441646491 time 482.4308476448059
GAUGE 2 1203 96 0.0077595264416464955 best 0.007759526441646491 time 485.7142012119293
GAUGE 2 1203 97 0.007759526441646506 best 0.007759526441646491 time 486.78466391563416
GAUGE 2 1203 98 0.007759526441647334 best 0.007759526441646491 time 493.7326078414917
GAUGE 2 1203 99 0.014646728810003012 best 0.007759526441646491 time 508.8314025402069
GAUGE 2 1203 100 0.007759526441646495 best 0.007759526441646491 time 509.8353228569031
GAUGE 2 1203 101 0.007759526441647338 best 0.007759526441646491 time 512.1805274486542
GAUGE 2 1203 102 0.007759526441646494 best 0.007759526441646491 time 513.2223556041718
GAUGE 2 1203 103 0.010852917103140151 best 0.007759526441646491 time 524.1795003414154
GAUGE 2 1203 104 0.0112965328686231 best 0.007759526441646491 time 534.5032978057861
GAUGE 2 1203 105 0.0077595264416464955 best 0.007759526441646491 time 536.6505324840546
GAUGE 2 1203 106 0.007759526441646495 best 0.007759526441646491 time 537.613085269928
GAUGE 2 1203 107 0.01101303744991648 best 0.007759526441646491 time 542.8996388912201
GAUGE 2 1203 108 0.007759526441646496 best 0.007759526441646491 time 544.0089328289032
GAUGE 2 1203 109 0.007759526441646498 best 0.007759526441646491 time 547.0210194587708
GAUGE 2 1203 110 0.007759526441647339 best 0.007759526441646491 time 550.8897218704224
GAUGE 2 1203 111 0.017113317919181394 best 0.007759526441646491 time 569.5981922149658
GAUGE 2 1203 112 0.0077595264416465 best 0.007759526441646491 time 571.9742414951324
GAUGE 2 1203 113 0.0077595264416473325 best 0.007759526441646491 time 576.9702191352844
GAUGE 2 1203 114 0.007759526441646494 best 0.007759526441646491 time 583.2675685882568
GAUGE 2 1203 115 0.017302724503895233 best 0.007759526441646491 time 592.8826174736023
GAUGE 2 1203 116 0.007759526441647339 best 0.007759526441646491 time 595.4618670940399
GAUGE 2 1203 117 0.007759526441646497 best 0.007759526441646491 time 596.3136830329895
GAUGE 2 1203 118 0.007759526441646503 best 0.007759526441646491 time 597.1949701309204
GAUGE 2 1203 119 0.008383592423253995 best 0.007759526441646491 time 602.4922504425049
GAUGE 2 1203 120 0.007759526441646495 best 0.007759526441646491 time 604.2864413261414
GAUGE 2 1203 121 0.007759526441646498 best 0.007759526441646491 time 605.7713506221771
GAUGE 2 1203 122 0.007759526441647334 best 0.007759526441646491 time 611.412150144577
GAUGE 2 1203 123 0.03229163861616647 best 0.007759526441646491 time 641.6028571128845
GAUGE 2 1203 124 0.007759526441646498 best 0.007759526441646491 time 646.0422368049622
GAUGE 2 1203 125 0.007759526441647336 best 0.007759526441646491 time 659.2686560153961
GAUGE 2 1203 126 0.007759526441646498 best 0.007759526441646491 time 663.2325344085693
GAUGE 2 1203 127 0.014812338673031156 best 0.007759526441646491 time 672.4904046058655
GAUGE 2 1203 128 0.007759526441647336 best 0.007759526441646491 time 686.3640327453613
GAUGE 2 1203 129 0.007759526441646492 best 0.007759526441646491 time 687.5783185958862
GAUGE 2 1203 130 0.007759526441646497 best 0.007759526441646491 time 689.429779291153
GAUGE 2 1203 131 0.011552162413075499 best 0.007759526441646491 time 700.3029265403748
GAUGE 2 1203 132 0.007759526441646511 best 0.007759526441646491 time 702.1433637142181
GAUGE 2 1203 133 0.0077595264416465 best 0.007759526441646491 time 706.4170699119568
GAUGE 2 1203 134 0.007759526441647336 best 0.007759526441646491 time 721.1177129745483
GAUGE 2 1203 135 0.012078473275683935 best 0.007759526441646491 time 738.6340923309326
GAUGE 2 1203 136 0.0077595264416465 best 0.007759526441646491 time 749.920872926712
GAUGE 2 1203 137 0.007759526441647339 best 0.007759526441646491 time 757.5925693511963
GAUGE 2 1203 138 0.0077595264416464955 best 0.007759526441646491 time 761.6450605392456
GAUGE 2 1203 139 0.01602047780497312 best 0.007759526441646491 time 771.3725266456604
GAUGE 2 1203 140 0.007759526441647334 best 0.007759526441646491 time 785.1679298877716
GAUGE 2 1203 141 0.007759526441646495 best 0.007759526441646491 time 791.6065626144409
GAUGE 2 1203 142 0.007759526441646496 best 0.007759526441646491 time 794.7743921279907
GAUGE 2 1203 143 0.011078992873345444 best 0.007759526441646491 time 803.5000336170197
GAUGE 2 1203 144 0.007759526441646499 best 0.007759526441646491 time 805.090761423111
GAUGE 2 1203 145 0.007759526441646499 best 0.007759526441646491 time 807.9548518657684
GAUGE 2 1203 146 0.007759526441647336 best 0.007759526441646491 time 812.5637261867523
GAUGE 2 1203 147 0.007759526441646497 best 0.007759526441646491 time 814.3493235111237
GAUGE 2 1203 148 0.007759526441646499 best 0.007759526441646491 time 815.3002529144287
GAUGE 2 1203 149 0.007759526441647345 best 0.007759526441646491 time 817.7001631259918
GAUGE 2 1203 150 0.0077595264416464955 best 0.007759526441646491 time 818.9553577899933
GAUGE 2 1203 151 0.01028805609402042 best 0.007759526441646491 time 825.5873553752899
GAUGE 2 1203 152 0.00775952644164734 best 0.007759526441646491 time 829.448558807373
GAUGE 2 1203 153 0.007759526441646511 best 0.007759526441646491 time 830.4079737663269
GAUGE 2 1203 154 0.007759526441646497 best 0.007759526441646491 time 831.4270732402802
GAUGE 2 1203 155 0.008605261659250414 best 0.007759526441646491 time 863.6814486980438
GAUGE 2 1203 156 0.007759526441646497 best 0.007759526441646491 time 864.6873822212219
GAUGE 2 1203 157 0.0077595264416465 best 0.007759526441646491 time 865.7479395866394
GAUGE 2 1203 158 0.007759526441647339 best 0.007759526441646491 time 868.4540040493011
GAUGE 2 1203 159 0.010914248887122488 best 0.007759526441646491 time 870.7703719139099
GAUGE 2 1203 160 0.05120614255251642 best 0.007759526441646491 time 905.9427392482758
GAUGE 2 1203 161 0.007759526441647336 best 0.007759526441646491 time 907.8510000705719
GAUGE 2 1203 162 0.007759526441646499 best 0.007759526441646491 time 908.7240307331085
GAUGE 2 1203 163 0.01130987183740327 best 0.007759526441646491 time 924.9101107120514
GAUGE 2 1203 164 0.007759526441647335 best 0.007759526441646491 time 938.5232756137848
GAUGE 2 1203 165 0.0077595264416464955 best 0.007759526441646491 time 941.0419073104858
GAUGE 2 1203 166 0.007759526441646499 best 0.007759526441646491 time 948.1707801818848
