GAUSS 1 803 0 0.08992875330131143 33.850502014160156
GAUSS 1 803 1 0.0871920990039779 54.38770389556885
GAUSS 1 803 2 0.10370965125875818 87.4148850440979
GAUSS 1 803 3 0.10410582211541564 117.9249358177185
GAUSS 1 803 4 0.10251607169218542 156.9792628288269
GAUSS 1 803 5 0.1406158947383793 202.06004071235657
GAUSS 1 803 6 0.06291079851574725 207.59468793869019
GAUSS 1 803 7 0.0690612499255041 231.96212029457092
GAUSS 1 803 8 0.10750470332864262 252.2340579032898
GAUSS 1 803 9 0.06781311486192598 268.96363496780396
GAUSS 1 803 10 0.12781447768747767 295.40063858032227
GAUSS 1 803 11 0.14409066736843035 322.75888562202454
GAUSS 1 803 12 0.11227620957739808 345.76547145843506
GAUSS 1 803 13 0.10155034957284671 367.395476102829
GAUSS 1 803 14 0.08704768167215525 381.0820140838623
GAUSS 1 803 15 0.10325770469724146 405.07191944122314
GAUSS 1 803 16 0.14168862985063763 430.86263132095337
GAUSS 1 803 17 0.05459537745391608 432.01722717285156
GAUSS 1 803 18 0.09133241294669373 454.7098431587219
GAUSS 1 803 19 0.11337409734141589 483.3956229686737
GAUSS 1 803 20 0.06941203972848768 495.7115988731384
GAUSS 1 803 21 0.03735163528292043 496.9815607070923
GAUSS 1 803 22 0.07680494760514245 512.1280248165131
GAUSS 1 803 23 0.11794299354273843 535.5100569725037
GAUSS 1 803 24 0.12407409970168895 559.7050538063049
GAUSS 1 803 25 0.041595330154120445 564.2362322807312
GAUSS 1 803 26 0.08909659076550501 589.2415702342987
GAUSS 1 803 27 0.14701293257851006 612.6460394859314
GAUSS 1 803 28 0.11559898663320106 633.682685136795
GAUSS 1 803 29 0.0837337167276384 657.8043224811554
GAUSS 1 803 30 0.08905439438142787 677.3566179275513
GAUSS 1 803 31 0.14217857809125886 702.7574119567871
GAUSS 1 803 32 0.050270614574391054 704.1878983974457
GAUSS 1 803 33 0.058083830064050476 714.9849026203156
GAUSS 1 803 34 0.1044252703093492 725.5269467830658
GAUSS 1 803 35 0.08367406554073639 729.2787044048309
GAUSS 1 803 36 0.04882762710159623 732.0746564865112
GAUSS 1 803 37 0.2085023390355988 755.6160001754761
GAUSS 1 803 38 0.049498456500905445 760.97722697258
GAUSS 1 803 39 0.11892349912612714 785.6833117008209
GAUSS 1 803 40 0.059019646440795624 802.4228491783142
GAUSS 1 803 41 0.04996036364250352 808.8962604999542
GAUSS 1 803 42 0.14536250620242225 834.3669431209564
GAUSS 1 803 43 0.07119041121998865 858.6763989925385
