HYBRID 0 0 pair from 0.02581275068091577 to 0.02590706007639272 best 0.02581275068091577 time 6.999624252319336
HYBRID 0 1 relocate from 0.02590706007639272 to 0.02598034011158475 best 0.02581275068091577 time 11.475709915161133
HYBRID 0 2 angles from 0.02598034011158475 to 0.034496955436849254 best 0.02581275068091577 time 13.110292434692383
HYBRID 0 3 order from 0.034496955436849254 to 0.027532868769782462 best 0.02581275068091577 time 13.703739166259766
HYBRID 0 4 pair from 0.027532868769782462 to 0.027543822901692876 best 0.02581275068091577 time 18.494755506515503
HYBRID 0 5 relocate from 0.027543822901692876 to 0.02662553716473137 best 0.02581275068091577 time 29.01807141304016
HYBRID 0 6 angles from 0.02662553716473137 to 0.056777986459087666 best 0.02581275068091577 time 31.039299249649048
HYBRID 0 7 order from 0.025812750680915774 to 0.02604376408789691 best 0.02581275068091577 time 31.63670778274536
HYBRID 0 8 pair from 0.02581275068091576 to 0.02646396753411866 best 0.02581275068091577 time 36.87241268157959
HYBRID 0 9 relocate from 0.02646396753411866 to 0.02655924037246625 best 0.02581275068091577 time 45.40198826789856
HYBRID 0 10 angles from 0.02655924037246625 to 0.0349515546700248 best 0.02581275068091577 time 47.28650116920471
HYBRID 0 11 order from 0.0349515546700248 to 0.028430031406386266 best 0.02581275068091577 time 47.948896408081055
HYBRID 0 12 pair from 0.028430031406386266 to 0.027621982142579247 best 0.02581275068091577 time 52.63652586936951
SAVE 0 best gates 24 loss 0.025370571935254733 seconds 57.65408754348755
SAVE 0 hybrid_1501 gates 24 loss 0.025370571935254733 seconds 57.65473389625549
HYBRID 0 13 relocate from 0.027621982142579247 to 0.025370571935254733 best 0.025370571935254733 time 57.656660318374634
HYBRID 0 14 angles from 0.025370571935254594 to 0.0827014485363055 best 0.025370571935254646 time 59.11385941505432
HYBRID 0 15 order from 0.02537057193525458 to 0.025799838250439782 best 0.02537057193525459 time 59.604334115982056
HYBRID 0 16 pair from 0.025799838250439782 to 0.0264179204744553 best 0.02537057193525459 time 63.31585359573364
HYBRID 0 17 relocate from 0.0264179204744553 to 0.026233817120303354 best 0.02537057193525459 time 73.7352364063263
HYBRID 0 18 angles from 0.026233817120303354 to 0.08991883184138857 best 0.02537057193525459 time 75.19593381881714
HYBRID 0 19 order from 0.025370571935254525 to 0.026642225754867705 best 0.025370571935254525 time 75.62268710136414
HYBRID 0 20 pair from 0.026642225754867705 to 0.027600109918192027 best 0.025370571935254525 time 80.5895824432373
HYBRID 0 21 relocate from 0.027600109918192027 to 0.025831419413746986 best 0.025370571935254525 time 87.6217041015625
HYBRID 0 22 angles from 0.025370571935254525 to 0.08270144853630555 best 0.02537057193525452 time 89.18401575088501
HYBRID 0 23 order from 0.02537057193525451 to 0.02675054953084341 best 0.02537057193525452 time 89.80599236488342
HYBRID 0 24 pair from 0.02675054953084341 to 0.02755591756735414 best 0.02537057193525452 time 94.68594765663147
HYBRID 0 25 relocate from 0.02755591756735414 to 0.0277825371135717 best 0.02537057193525452 time 99.57510209083557
HYBRID 0 26 angles from 0.0277825371135717 to 0.08905574561590546 best 0.02537057193525452 time 101.11775469779968
HYBRID 0 27 order from 0.02537057193525451 to 0.026870438869049027 best 0.02537057193525451 time 101.70003366470337
HYBRID 0 28 pair from 0.026870438869049027 to 0.027225204934252994 best 0.02537057193525451 time 106.37388968467712
HYBRID 0 29 relocate from 0.027225204934252994 to 0.027223435625120647 best 0.02537057193525451 time 115.10744214057922
HYBRID 0 30 angles from 0.14736068232943955 to 0.14732025032294027 best 0.0253705719352545 time 117.7574245929718
HYBRID 0 31 order from 0.2410926895435663 to 0.15491044315824634 best 0.0253705719352545 time 118.68369817733765
HYBRID 0 32 pair from 0.05279721630866511 to 0.029941515910294886 best 0.0253705719352545 time 124.21228623390198
HYBRID 0 33 relocate from 0.029941515910294886 to 0.029068464465063514 best 0.0253705719352545 time 133.29119682312012
HYBRID 0 34 angles from 0.029068464465063514 to 0.09627878630791736 best 0.0253705719352545 time 134.90827918052673
HYBRID 0 35 order from 0.04427269341673876 to 0.0402001392320436 best 0.025370571935254497 time 135.53905701637268
HYBRID 0 36 pair from 0.0402001392320436 to 0.03367977432573165 best 0.025370571935254497 time 141.02908897399902
HYBRID 0 37 relocate from 0.03367977432573165 to 0.032641160808093934 best 0.025370571935254497 time 147.1121666431427
HYBRID 0 38 angles from 0.03638542905866981 to 0.07676945877715362 best 0.025370571935254497 time 149.67790246009827
HYBRID 0 39 order from 0.06374603113652388 to 0.033762500401423826 best 0.025370571935254497 time 150.6324520111084
HYBRID 0 40 pair from 0.033762500401423826 to 0.0289262539066286 best 0.025370571935254497 time 155.27641439437866
HYBRID 0 41 relocate from 0.0289262539066286 to 0.02541527347023954 best 0.025370571935254497 time 162.6754026412964
HYBRID 0 42 angles from 0.02541527347023954 to 0.07956125222471751 best 0.025370571935254497 time 164.636643409729
HYBRID 0 43 order from 0.28361224957856346 to 0.19533939619176985 best 0.025370571935254497 time 165.3365604877472
HYBRID 0 44 pair from 0.03306734527694846 to 0.02812316130731076 best 0.025370571935254497 time 171.36865234375
HYBRID 0 45 relocate from 0.02812316130731076 to 0.026341623542179046 best 0.025370571935254497 time 178.61976170539856
HYBRID 0 46 angles from 0.19926367667215647 to 0.1991747055781864 best 0.025370571935254497 time 181.07926154136658
HYBRID 0 47 order from 0.1350831110188286 to 0.03588142945270827 best 0.025370571935254497 time 181.65933084487915
HYBRID 0 48 pair from 0.03588142945270827 to 0.03074215507704579 best 0.025370571935254497 time 186.06359386444092
HYBRID 0 49 relocate from 0.03074215507704579 to 0.028012488499546705 best 0.025370571935254497 time 192.64411067962646
HYBRID 0 50 angles from 0.028012488499546705 to 0.086709234660253 best 0.025370571935254497 time 194.55542969703674
HYBRID 0 51 order from 0.13995195987763373 to 0.046269817623980414 best 0.025370571935254497 time 195.12132811546326
HYBRID 0 52 pair from 0.1970142269303557 to 0.060970561582059504 best 0.025370571935254497 time 199.665274143219
HYBRID 0 53 relocate from 0.029947112594541147 to 0.0293286330461459 best 0.025370571935254497 time 206.53955817222595
HYBRID 0 54 angles from 0.25810200342364387 to 0.1383775648456967 best 0.025370571935254497 time 207.7999153137207
HYBRID 0 55 order from 0.16775192316064116 to 0.07492760554943896 best 0.025370571935254497 time 208.4533233642578
HYBRID 0 56 pair from 0.20086271200951522 to 0.03785608838014318 best 0.025370571935254497 time 213.93400835990906
HYBRID 0 57 relocate from 0.03785608838014318 to 0.028183646524415143 best 0.025370571935254497 time 218.6362268924713
HYBRID 0 58 angles from 0.028183646524415143 to 0.09222024447527476 best 0.025370571935254497 time 220.6445050239563
HYBRID 0 59 order from 0.044272693416739596 to 0.041233863680422596 best 0.025370571935254497 time 221.09769225120544
HYBRID 0 60 pair from 0.04920250190656067 to 0.035655941866455945 best 0.025370571935254497 time 226.9385962486267
HYBRID 0 61 relocate from 0.035655941866455945 to 0.02903734409153234 best 0.025370571935254497 time 230.22687673568726
HYBRID 0 62 angles from 0.03340918023123253 to 0.09081028782378417 best 0.025370571935254497 time 231.83035016059875
HYBRID 0 63 order from 0.0477062959640923 to 0.03160824763240916 best 0.025370571935254497 time 232.25760579109192
HYBRID 0 64 pair from 0.03160824763240916 to 0.031542826138377805 best 0.025370571935254497 time 235.6669156551361
HYBRID 0 65 relocate from 0.031542826138377805 to 0.02940529824884162 best 0.025370571935254497 time 238.85491180419922
HYBRID 0 66 angles from 0.02940529824884162 to 0.08490140477496178 best 0.025370571935254497 time 241.72553396224976
HYBRID 0 67 order from 0.20648274116083432 to 0.03424540938543391 best 0.025370571935254497 time 242.49666571617126
HYBRID 0 68 pair from 0.03424540938543391 to 0.028415314665944783 best 0.025370571935254497 time 247.53896760940552
HYBRID 0 69 relocate from 0.028415314665944783 to 0.027881686485979565 best 0.025370571935254497 time 258.42785596847534
HYBRID 0 70 angles from 0.08438682285325183 to 0.09110755008966508 best 0.025370571935254497 time 262.06228971481323
HYBRID 0 71 order from 0.03376250040141977 to 0.03028593129582479 best 0.025370571935254497 time 262.5100402832031
HYBRID 0 72 pair from 0.03028593129582479 to 0.028443182600830376 best 0.025370571935254497 time 265.9317235946655
HYBRID 0 73 relocate from 0.028443182600830376 to 0.026341623542180774 best 0.025370571935254497 time 270.62393522262573
HYBRID 0 74 angles from 0.026341623542180774 to 0.07229976212119993 best 0.025370571935254497 time 272.9880621433258
HYBRID 0 75 order from 0.18424371691691124 to 0.04386224980143539 best 0.025370571935254497 time 273.85183119773865
HYBRID 0 76 pair from 0.1123855752796609 to 0.0569555365742752 best 0.025370571935254497 time 277.9572877883911
HYBRID 0 77 relocate from 0.060073315724103876 to 0.029962326330859042 best 0.025370571935254497 time 294.2833924293518
HYBRID 0 78 angles from 0.13281711130540721 to 0.15560597965829343 best 0.025370571935254497 time 296.5037593841553
HYBRID 0 79 order from 0.24161225751036072 to 0.08812263909527929 best 0.025370571935254497 time 297.25058484077454
HYBRID 0 80 pair from 0.03403040405634502 to 0.030671360135155853 best 0.025370571935254497 time 301.6709666252136
HYBRID 0 81 relocate from 0.030671360135155853 to 0.02757426064921335 best 0.025370571935254497 time 304.5451261997223
HYBRID 0 82 angles from 0.02757426064921335 to 0.08960746647891989 best 0.025370571935254497 time 306.14163756370544
HYBRID 0 83 order from 0.16904482368973406 to 0.057371224009375436 best 0.025370571935254497 time 306.86680006980896
HYBRID 0 84 pair from 0.08966815078422889 to 0.055855229753594894 best 0.025370571935254497 time 310.55643105506897
HYBRID 0 85 relocate from 0.17541710561370472 to 0.06871264078053643 best 0.025370571935254497 time 318.95548939704895
HYBRID 0 86 angles from 0.06599441445575187 to 0.11095618003805292 best 0.025370571935254497 time 320.89731454849243
HYBRID 0 87 order from 0.03895040232206019 to 0.02932863304614959 best 0.025370571935254497 time 321.7443628311157
HYBRID 0 88 pair from 0.02932863304614959 to 0.03015734510503209 best 0.025370571935254497 time 324.9522957801819
HYBRID 0 89 relocate from 0.03015734510503209 to 0.027599404837203127 best 0.025370571935254497 time 331.4453580379486
HYBRID 0 90 angles from 0.027599404837203127 to 0.08749463298281618 best 0.025370571935254497 time 334.5502243041992
HYBRID 0 91 order from 0.16112037305200333 to 0.07733785819724198 best 0.025370571935254497 time 335.1394262313843
HYBRID 0 92 pair from 0.16932319880796187 to 0.05093302717772937 best 0.025370571935254497 time 339.28994274139404
HYBRID 0 93 relocate from 0.15696555371005638 to 0.04755970341946108 best 0.025370571935254497 time 344.92115211486816
HYBRID 0 94 angles from 0.1110501903116073 to 0.14841227918307082 best 0.025370571935254497 time 346.85526967048645
HYBRID 0 95 order from 0.09512464241999645 to 0.03627540961791567 best 0.025370571935254497 time 347.51551365852356
HYBRID 0 96 pair from 0.03627540961791567 to 0.03354449822192887 best 0.025370571935254497 time 351.1817317008972
HYBRID 0 97 relocate from 0.03354449822192887 to 0.03199466041630796 best 0.025370571935254497 time 361.13990354537964
HYBRID 0 98 angles from 0.03199466041630796 to 0.10163614596074406 best 0.025370571935254497 time 362.2633376121521
HYBRID 0 99 order from 0.27950212547678394 to 0.03106975113686125 best 0.025370571935254497 time 363.15701127052307
HYBRID 0 100 pair from 0.03106975113686125 to 0.030626155488376456 best 0.025370571935254497 time 367.24191999435425
HYBRID 0 101 relocate from 0.030626155488376456 to 0.03000692258214933 best 0.025370571935254497 time 370.2194814682007
HYBRID 0 102 angles from 0.08724128862528535 to 0.1016673135764096 best 0.025370571935254497 time 371.53950119018555
HYBRID 0 103 order from 0.05619565853409294 to 0.039072922160747973 best 0.025370571935254497 time 372.10049748420715
HYBRID 0 104 pair from 0.039072922160747973 to 0.03163089164705474 best 0.025370571935254497 time 375.8179466724396
HYBRID 0 105 relocate from 0.03163089164705474 to 0.02840896805032391 best 0.025370571935254497 time 379.19658279418945
HYBRID 0 106 angles from 0.02840896805032391 to 0.09079260940277926 best 0.025370571935254497 time 380.87136697769165
HYBRID 0 107 order from 0.24240493600700785 to 0.031143579050448993 best 0.025370571935254497 time 381.57844638824463
HYBRID 0 108 pair from 0.031143579050448993 to 0.027081326579751486 best 0.025370571935254497 time 387.60405111312866
HYBRID 0 109 relocate from 0.027081326579751486 to 0.027009936879861567 best 0.025370571935254497 time 406.9728162288666
HYBRID 0 110 angles from 0.03328846317102381 to 0.09166202850865628 best 0.025370571935254497 time 408.30115509033203
HYBRID 0 111 order from 0.2421143029750176 to 0.03553666646368236 best 0.025370571935254497 time 408.86411452293396
HYBRID 0 112 pair from 0.03553666646368236 to 0.030974659502113325 best 0.025370571935254497 time 412.3436851501465
HYBRID 0 113 relocate from 0.030974659502113325 to 0.027789118056798335 best 0.025370571935254497 time 418.2687816619873
HYBRID 0 114 angles from 0.027789118056798335 to 0.09194983974978789 best 0.025370571935254497 time 420.2771553993225
HYBRID 0 115 order from 0.03478834141879022 to 0.03165050990012551 best 0.025370571935254497 time 420.70604395866394
HYBRID 0 116 pair from 0.03165050990012551 to 0.028072209408935116 best 0.025370571935254497 time 425.82160353660583
HYBRID 0 117 relocate from 0.028072209408935116 to 0.027557085504729795 best 0.025370571935254497 time 432.30272459983826
HYBRID 0 118 angles from 0.28676828955863964 to 0.24075857561521916 best 0.025370571935254497 time 434.376580953598
HYBRID 0 119 order from 0.12409238155298222 to 0.03337053540132057 best 0.025370571935254497 time 434.8860354423523
HYBRID 0 120 pair from 0.03337053540132057 to 0.027898945343060044 best 0.025370571935254497 time 439.3123197555542
HYBRID 0 121 relocate from 0.027898945343060044 to 0.026642225754866744 best 0.025370571935254497 time 446.03606486320496
HYBRID 0 122 angles from 0.026642225754866744 to 0.08471012130686127 best 0.025370571935254497 time 447.5204920768738
HYBRID 0 123 order from 0.140819359800376 to 0.04127594495005757 best 0.025370571935254497 time 448.23537039756775
HYBRID 0 124 pair from 0.06947660205992987 to 0.038751924747789455 best 0.025370571935254497 time 452.7780566215515
HYBRID 0 125 relocate from 0.038751924747789455 to 0.030934387450207945 best 0.025370571935254497 time 460.95033526420593
HYBRID 0 126 angles from 0.14336093517997509 to 0.1561378671740233 best 0.025370571935254497 time 464.3760914802551
HYBRID 0 127 order from 0.18986948997995268 to 0.03885732836389724 best 0.025370571935254497 time 465.02012872695923
HYBRID 0 128 pair from 0.03885732836389724 to 0.0340610378898286 best 0.025370571935254497 time 469.30139684677124
HYBRID 0 129 relocate from 0.0340610378898286 to 0.03283633043688329 best 0.025370571935254497 time 477.06963634490967
HYBRID 0 130 angles from 0.03283633043688329 to 0.04090980304702966 best 0.025370571935254497 time 478.9056885242462
HYBRID 0 131 order from 0.02537057193525451 to 0.02579983825043977 best 0.025370571935254497 time 479.4435203075409
HYBRID 0 132 pair from 0.02579983825043977 to 0.026417920474455316 best 0.025370571935254497 time 483.7740285396576
HYBRID 0 133 relocate from 0.026417920474455316 to 0.026233817120303347 best 0.025370571935254497 time 491.95701003074646
HYBRID 0 134 angles from 0.13655461284588477 to 0.0309092812541114 best 0.025370571935254497 time 494.20091366767883
HYBRID 0 135 order from 0.0309092812541114 to 0.030474854481827678 best 0.025370571935254497 time 494.94225239753723
HYBRID 0 136 pair from 0.030474854481827678 to 0.03013868256098761 best 0.025370571935254497 time 500.0365300178528
