HYBRID 1 0 pair from 0.014652543796517457 to 0.014834439519660712 best 0.014652543796517457 time 11.925280332565308
HYBRID 1 1 relocate from 0.014834439519660712 to 0.014872317126055145 best 0.014652543796517457 time 18.562617540359497
HYBRID 1 2 angles from 0.014872317126055145 to 0.023631409470261336 best 0.014652543796517457 time 22.59644079208374
HYBRID 1 3 order from 0.014652543796517457 to 0.014859319679302072 best 0.014652543796517457 time 24.653141736984253
HYBRID 1 4 pair from 0.014859319679302072 to 0.015040893133890218 best 0.014652543796517457 time 43.93859934806824
HYBRID 1 5 relocate from 0.015040893133890218 to 0.015069915679810465 best 0.014652543796517457 time 60.70331835746765
HYBRID 1 6 angles from 0.015069915679810465 to 0.023686856710100176 best 0.014652543796517457 time 64.18420147895813
HYBRID 1 7 order from 0.014652543796517464 to 0.014978231019141672 best 0.014652543796517457 time 66.05558896064758
HYBRID 1 8 pair from 0.014652543796517464 to 0.014980294404477729 best 0.014652543796517457 time 87.01355743408203
HYBRID 1 9 relocate from 0.014980294404477729 to 0.014723395744394595 best 0.014652543796517457 time 94.71753525733948
HYBRID 1 10 angles from 0.014723395744394595 to 0.02349757657738858 best 0.014652543796517457 time 99.02131032943726
HYBRID 1 11 order from 0.014652543796517462 to 0.014978231019141674 best 0.014652543796517457 time 100.8895947933197
HYBRID 1 12 pair from 0.014978231019141674 to 0.01511451807145589 best 0.014652543796517457 time 123.90037035942078
HYBRID 1 13 relocate from 0.01511451807145589 to 0.015282640489627276 best 0.014652543796517457 time 131.50221419334412
HYBRID 1 14 angles from 0.015282640489627276 to 0.022535970128277374 best 0.014652543796517457 time 135.6051914691925
HYBRID 1 15 order from 0.022535970128277374 to 0.016912959252792088 best 0.014652543796517457 time 137.71843218803406
HYBRID 1 16 pair from 0.06561278751179764 to 0.0208638343070897 best 0.014652543796517457 time 153.2274465560913
HYBRID 1 17 relocate from 0.0208638343070897 to 0.018020125353072878 best 0.014652543796517457 time 163.63222122192383
HYBRID 1 18 angles from 0.018020125353072878 to 0.025533217800971883 best 0.014652543796517457 time 168.15578818321228
HYBRID 1 19 order from 0.05662560147604623 to 0.02673241292210055 best 0.014652543796517457 time 170.15460014343262
HYBRID 1 20 pair from 0.1551740293665303 to 0.036906476652865346 best 0.014652543796517457 time 187.06838941574097
HYBRID 1 21 relocate from 0.02221415723993475 to 0.015039474393582681 best 0.014652543796517457 time 197.1926293373108
HYBRID 1 22 angles from 0.015039474393582681 to 0.023997143428646103 best 0.014652543796517457 time 202.15719747543335
HYBRID 1 23 order from 0.12036960019287325 to 0.06432656009435878 best 0.014652543796517457 time 203.91185188293457
HYBRID 1 24 pair from 0.02281843079437789 to 0.018836681382833013 best 0.014652543796517457 time 220.88062644004822
HYBRID 1 25 relocate from 0.018836681382833013 to 0.0182977648243776 best 0.014652543796517457 time 238.65003490447998
HYBRID 1 26 angles from 0.0182977648243776 to 0.026934494360115427 best 0.014652543796517457 time 243.83560490608215
HYBRID 1 27 order from 0.025082518712795914 to 0.016759222197756777 best 0.014652543796517457 time 246.04378485679626
HYBRID 1 28 pair from 0.016759222197756777 to 0.01666871942534151 best 0.014652543796517457 time 261.67848801612854
HYBRID 1 29 relocate from 0.01666871942534151 to 0.015303246893925745 best 0.014652543796517457 time 283.1457815170288
HYBRID 1 30 angles from 0.015303246893925745 to 0.02412647401367584 best 0.014652543796517457 time 287.5295400619507
HYBRID 1 31 order from 0.08538769756733468 to 0.023468102947269687 best 0.014652543796517457 time 289.10029554367065
HYBRID 1 32 pair from 0.10012519197273034 to 0.03623521463432917 best 0.014652543796517457 time 306.3044738769531
HYBRID 1 33 relocate from 0.06665043402251561 to 0.015262155250463089 best 0.014652543796517457 time 324.05333709716797
HYBRID 1 34 angles from 0.015262155250463089 to 0.024009495483668913 best 0.014652543796517457 time 327.3744475841522
HYBRID 1 35 order from 0.11517585352569591 to 0.053567955470964254 best 0.014652543796517457 time 329.2533791065216
HYBRID 1 36 pair from 0.021606131986601305 to 0.019650596002798452 best 0.014652543796517457 time 342.67072010040283
HYBRID 1 37 relocate from 0.019650596002798452 to 0.018572551782314775 best 0.014652543796517457 time 358.10616970062256
HYBRID 1 38 angles from 0.018572551782314775 to 0.026881927651835363 best 0.014652543796517457 time 361.95390796661377
HYBRID 1 39 order from 0.1489247872037742 to 0.022719362609174128 best 0.014652543796517457 time 363.70719170570374
HYBRID 1 40 pair from 0.029510621584012187 to 0.01763564363492054 best 0.014652543796517457 time 383.64411759376526
HYBRID 1 41 relocate from 0.01763564363492054 to 0.0162628284994463 best 0.014652543796517457 time 406.0997829437256
HYBRID 1 42 angles from 0.0162628284994463 to 0.024922348087766718 best 0.014652543796517457 time 411.5426142215729
HYBRID 1 43 order from 0.04101860641916762 to 0.020255547252327064 best 0.014652543796517457 time 413.4737002849579
HYBRID 1 44 pair from 0.020255547252327064 to 0.01759503038071017 best 0.014652543796517457 time 428.30357217788696
HYBRID 1 45 relocate from 0.01759503038071017 to 0.01753966153636191 best 0.014652543796517457 time 461.1702208518982
HYBRID 1 46 angles from 0.01753966153636191 to 0.026304597667943564 best 0.014652543796517457 time 466.2728793621063
HYBRID 1 47 order from 0.1953952061465614 to 0.0620033871446244 best 0.014652543796517457 time 468.2046024799347
HYBRID 1 48 pair from 0.019154005432930027 to 0.017682760433017503 best 0.014652543796517457 time 484.36525321006775
