NEIGHBOR 2 1603 0 7 0.04250182960163364 best 0.007759526441646498 time 4.89371657371521
NEIGHBOR 2 1603 1 2 0.007864415323765899 best 0.007759526441646498 time 5.259133577346802
NEIGHBOR 2 1603 2 6 0.011926587033180181 best 0.007759526441646498 time 6.335384130477905
NEIGHBOR 2 1603 3 4 0.021126342939774 best 0.007759526441646498 time 11.105278015136719
NEIGHBOR 2 1603 4 4 0.0077595264416476665 best 0.007759526441646498 time 12.206092596054077
NEIGHBOR 2 1603 5 8 0.041699903000302595 best 0.007759526441646498 time 13.640529870986938
NEIGHBOR 2 1603 6 3 0.015532252205809472 best 0.007759526441646498 time 22.584174156188965
NEIGHBOR 2 1603 7 7 0.053267112113331155 best 0.007759526441646498 time 25.124101400375366
NEIGHBOR 2 1603 8 8 0.04437106101354505 best 0.007759526441646498 time 26.681862354278564
NEIGHBOR 2 1603 9 4 0.007759526441656647 best 0.007759526441646498 time 32.14984941482544
NEIGHBOR 2 1603 10 8 0.04868931482407443 best 0.007759526441646498 time 32.6550772190094
NEIGHBOR 2 1603 11 3 0.007878822530992488 best 0.007759526441646498 time 33.113890409469604
NEIGHBOR 2 1603 12 3 0.007759526441646644 best 0.007759526441646498 time 41.49208664894104
NEIGHBOR 2 1603 13 5 0.012247607266749685 best 0.007759526441646498 time 46.200674533843994
NEIGHBOR 2 1603 14 7 0.07075217384142009 best 0.007759526441646498 time 47.95164179801941
NEIGHBOR 2 1603 15 4 0.007759526441656647 best 0.007759526441646498 time 49.57688665390015
NEIGHBOR 2 1603 16 5 0.009126618056140267 best 0.007759526441646498 time 49.943010091781616
NEIGHBOR 2 1603 17 2 0.007759526441649054 best 0.007759526441646498 time 50.145156145095825
NEIGHBOR 2 1603 18 3 0.059416551022958515 best 0.007759526441646498 time 56.178476095199585
NEIGHBOR 2 1603 19 5 0.029665077947447802 best 0.007759526441646498 time 56.94545078277588
NEIGHBOR 2 1603 20 6 0.07149153776349687 best 0.007759526441646498 time 59.405518531799316
NEIGHBOR 2 1603 21 7 0.03594633657572256 best 0.007759526441646498 time 74.8765721321106
NEIGHBOR 2 1603 22 4 0.10769934825136267 best 0.007759526441646498 time 75.19202518463135
NEIGHBOR 2 1603 23 3 0.173829969136973 best 0.007759526441646498 time 75.39748477935791
NEIGHBOR 2 1603 24 6 0.008271112497970292 best 0.007759526441646498 time 77.00413990020752
NEIGHBOR 2 1603 25 8 0.024937013731546855 best 0.007759526441646498 time 78.331383228302
NEIGHBOR 2 1603 26 7 0.06013050067955747 best 0.007759526441646498 time 80.99732542037964
NEIGHBOR 2 1603 27 5 0.01096844841045402 best 0.007759526441646498 time 90.88865900039673
NEIGHBOR 2 1603 28 5 0.009871597346389819 best 0.007759526441646498 time 92.24955201148987
NEIGHBOR 2 1603 29 7 0.010266664573927779 best 0.007759526441646498 time 92.92925500869751
NEIGHBOR 2 1603 30 7 0.018228801580203437 best 0.007759526441646498 time 96.5808629989624
NEIGHBOR 2 1603 31 3 0.0077595264416476135 best 0.007759526441646498 time 96.8570282459259
NEIGHBOR 2 1603 32 7 0.05560564434258687 best 0.007759526441646498 time 97.6822464466095
NEIGHBOR 2 1603 33 6 0.03481722154417274 best 0.007759526441646498 time 102.15919280052185
NEIGHBOR 2 1603 34 6 0.06666177378694522 best 0.007759526441646498 time 102.58630704879761
NEIGHBOR 2 1603 35 2 0.007864415323765899 best 0.007759526441646498 time 102.80166602134705
NEIGHBOR 2 1603 36 6 0.019032236716359622 best 0.007759526441646498 time 106.09884762763977
NEIGHBOR 2 1603 37 8 0.03729254754500847 best 0.007759526441646498 time 107.19557070732117
NEIGHBOR 2 1603 38 3 0.1235020022609933 best 0.007759526441646498 time 107.53526854515076
