PAIRS 2 903 1 0.048035941955764154 best 0.0077595264416465 stale 1 time 6.112789869308472
PAIRS 2 903 2 0.011914456290769522 best 0.0077595264416465 stale 1 time 11.97434377670288
PAIRS 2 903 3 0.010376529135249807 best 0.0077595264416465 stale 1 time 18.770324230194092
PAIRS 2 903 4 0.010159211954287851 best 0.0077595264416465 stale 1 time 23.013229608535767
PAIRS 2 903 5 0.010141220465071547 best 0.0077595264416465 stale 1 time 26.909113883972168
PAIRS 2 903 6 0.01670550422256397 best 0.0077595264416465 stale 2 time 31.671283960342407
PAIRS 2 903 7 0.007759526441647884 best 0.0077595264416465 stale 2 time 37.96854305267334
PAIRS 2 903 8 0.22781521572952596 best 0.0077595264416465 stale 3 time 43.58627390861511
PAIRS 2 903 9 0.04603518438538099 best 0.0077595264416465 stale 3 time 48.160311222076416
PAIRS 2 903 10 0.030465896113896614 best 0.0077595264416465 stale 3 time 53.26360559463501
PAIRS 2 903 11 0.025082964622483026 best 0.0077595264416465 stale 3 time 60.09848618507385
PAIRS 2 903 12 0.020763553136067887 best 0.0077595264416465 stale 3 time 67.63247632980347
PAIRS 2 903 13 0.017911176752028163 best 0.0077595264416465 stale 3 time 72.23047089576721
PAIRS 2 903 14 0.016988417450333623 best 0.0077595264416465 stale 3 time 77.63295340538025
PAIRS 2 903 15 0.01611286244262256 best 0.0077595264416465 stale 3 time 82.74036574363708
PAIRS 2 903 16 0.014781814956689449 best 0.0077595264416465 stale 3 time 86.78446960449219
PAIRS 2 903 17 0.014136958692629337 best 0.0077595264416465 stale 3 time 91.63502144813538
PAIRS 2 903 18 0.013565637642159099 best 0.0077595264416465 stale 3 time 97.1833279132843
PAIRS 2 903 19 0.0135549736260939 best 0.0077595264416465 stale 3 time 101.23603558540344
PAIRS 2 903 20 0.01561860482218172 best 0.0077595264416465 stale 4 time 104.85219144821167
PAIRS 2 903 21 0.010492048440406458 best 0.0077595264416465 stale 4 time 109.81983947753906
PAIRS 2 903 22 0.0077595264416487906 best 0.0077595264416465 stale 4 time 114.84383988380432
PAIRS 2 903 23 0.17273974491315383 best 0.0077595264416465 stale 5 time 120.50487995147705
PAIRS 2 903 24 0.04284129400384084 best 0.0077595264416465 stale 5 time 125.28689289093018
PAIRS 2 903 25 0.024240438633878845 best 0.0077595264416465 stale 5 time 131.4349660873413
PAIRS 2 903 26 0.02179216464262138 best 0.0077595264416465 stale 5 time 137.6022264957428
PAIRS 2 903 27 0.02103038791447164 best 0.0077595264416465 stale 5 time 142.37955689430237
PAIRS 2 903 28 0.020890808985856206 best 0.0077595264416465 stale 5 time 146.94421124458313
PAIRS 2 903 29 0.01934067679202838 best 0.0077595264416465 stale 5 time 151.64317393302917
PAIRS 2 903 30 0.01619755798368086 best 0.0077595264416465 stale 5 time 156.2979085445404
PAIRS 2 903 31 0.014050463138633609 best 0.0077595264416465 stale 5 time 161.9994912147522
PAIRS 2 903 32 0.012369649126408581 best 0.0077595264416465 stale 5 time 167.25095200538635
PAIRS 2 903 33 0.054202516557350255 best 0.0077595264416465 stale 6 time 172.83062410354614
PAIRS 2 903 34 0.013483159315180406 best 0.0077595264416465 stale 6 time 178.2863130569458
PAIRS 2 903 35 0.010417591205792423 best 0.0077595264416465 stale 6 time 184.49411702156067
PAIRS 2 903 36 0.009091230784253265 best 0.0077595264416465 stale 6 time 190.61681294441223
PAIRS 2 903 37 0.009045009932961017 best 0.0077595264416465 stale 6 time 196.58973836898804
PAIRS 2 903 38 0.008740708060575728 best 0.0077595264416465 stale 6 time 202.56546139717102
PAIRS 2 903 39 0.026153766972399888 best 0.0077595264416465 stale 7 time 207.19480514526367
PAIRS 2 903 40 0.01781739977813164 best 0.0077595264416465 stale 7 time 212.97381591796875
PAIRS 2 903 41 0.015184641232240195 best 0.0077595264416465 stale 7 time 217.419771194458
PAIRS 2 903 42 0.013143762706677829 best 0.0077595264416465 stale 7 time 222.5029797554016
PAIRS 2 903 43 0.012522609293478757 best 0.0077595264416465 stale 7 time 226.90808963775635
PAIRS 2 903 44 0.010603365271819706 best 0.0077595264416465 stale 7 time 231.9035449028015
PAIRS 2 903 45 0.010031575331286019 best 0.0077595264416465 stale 7 time 236.20779728889465
PAIRS 2 903 46 0.017255174196357415 best 0.0077595264416465 stale 8 time 241.80444049835205
PAIRS 2 903 47 0.013416402745692226 best 0.0077595264416465 stale 8 time 245.86881971359253
PAIRS 2 903 48 0.012016530291790544 best 0.0077595264416465 stale 8 time 250.32293486595154
PAIRS 2 903 49 0.011261389079735526 best 0.0077595264416465 stale 8 time 256.81733083724976
PAIRS 2 903 50 0.01093758378697981 best 0.0077595264416465 stale 8 time 262.11957478523254
PAIRS 2 903 51 0.010710915266801256 best 0.0077595264416465 stale 8 time 270.11374855041504
PAIRS 2 903 52 0.010587324608097097 best 0.0077595264416465 stale 8 time 276.29516315460205
PAIRS 2 903 53 0.010429861178215784 best 0.0077595264416465 stale 8 time 283.0365445613861
PAIRS 2 903 54 0.01041314914442084 best 0.0077595264416465 stale 8 time 288.5762138366699
PAIRS 2 903 55 0.11943015897544858 best 0.0077595264416465 stale 9 time 294.1719126701355
PAIRS 2 903 56 0.06273238823831365 best 0.0077595264416465 stale 9 time 298.92672538757324
PAIRS 2 903 57 0.045945575063841726 best 0.0077595264416465 stale 9 time 303.8248379230499
PAIRS 2 903 58 0.034317930698522944 best 0.0077595264416465 stale 9 time 308.3360924720764
PAIRS 2 903 59 0.026748962129039072 best 0.0077595264416465 stale 9 time 312.3631970882416
PAIRS 2 903 60 0.0236023144299662 best 0.0077595264416465 stale 9 time 316.6376280784607
PAIRS 2 903 61 0.022630083930544317 best 0.0077595264416465 stale 9 time 321.3969612121582
PAIRS 2 903 62 0.02024349761154326 best 0.0077595264416465 stale 9 time 325.5876398086548
PAIRS 2 903 63 0.01912774344666305 best 0.0077595264416465 stale 9 time 329.6272397041321
PAIRS 2 903 64 0.018933232068119032 best 0.0077595264416465 stale 9 time 334.37454867362976
PAIRS 2 903 65 0.018907298501452657 best 0.0077595264416465 stale 9 time 339.6751630306244
PAIRS 2 903 66 0.09973542992190239 best 0.0077595264416465 stale 10 time 344.8158221244812
PAIRS 2 903 67 0.046971351461890104 best 0.0077595264416465 stale 10 time 349.7288694381714
PAIRS 2 903 68 0.031952492374221056 best 0.0077595264416465 stale 10 time 355.14287781715393
PAIRS 2 903 69 0.025512637812474162 best 0.0077595264416465 stale 10 time 360.29054856300354
PAIRS 2 903 70 0.021103069436727684 best 0.0077595264416465 stale 10 time 366.05132246017456
PAIRS 2 903 71 0.01844939688056305 best 0.0077595264416465 stale 10 time 370.61349296569824
PAIRS 2 903 72 0.18140417476439216 best 0.0077595264416465 stale 11 time 376.2716820240021
PAIRS 2 903 73 0.1311235604661834 best 0.0077595264416465 stale 11 time 381.29819416999817
PAIRS 2 903 74 0.10099087252729592 best 0.0077595264416465 stale 11 time 386.16445684432983
PAIRS 2 903 75 0.08007497788282997 best 0.0077595264416465 stale 11 time 390.6720247268677
PAIRS 2 903 76 0.0706010711387644 best 0.0077595264416465 stale 11 time 395.3711111545563
PAIRS 2 903 77 0.0594343642343664 best 0.0077595264416465 stale 11 time 400.9540069103241
PAIRS 2 903 78 0.05352896522722983 best 0.0077595264416465 stale 11 time 405.57084345817566
PAIRS 2 903 79 0.0527539993778203 best 0.0077595264416465 stale 11 time 409.9988634586334
PAIRS 2 903 80 0.04679536277219947 best 0.0077595264416465 stale 11 time 414.8482916355133
PAIRS 2 903 81 0.044034157517051156 best 0.0077595264416465 stale 11 time 420.02485156059265
PAIRS 2 903 82 0.04130152663451393 best 0.0077595264416465 stale 11 time 425.35004115104675
PAIRS 2 903 83 0.03964960712462605 best 0.0077595264416465 stale 11 time 430.20799565315247
PAIRS 2 903 84 0.03899537370792798 best 0.0077595264416465 stale 11 time 436.63748145103455
PAIRS 2 903 85 0.03843828644544201 best 0.0077595264416465 stale 11 time 442.10631918907166
PAIRS 2 903 86 0.03363728500788584 best 0.0077595264416465 stale 11 time 447.3394465446472
PAIRS 2 903 87 0.031362771326111774 best 0.0077595264416465 stale 11 time 452.65944933891296
PAIRS 2 903 88 0.030954619212638795 best 0.0077595264416465 stale 11 time 457.3479926586151
PAIRS 2 903 89 0.02726557719875134 best 0.0077595264416465 stale 12 time 463.9670810699463
PAIRS 2 903 90 0.021033793079545567 best 0.0077595264416465 stale 12 time 469.9549734592438
PAIRS 2 903 91 0.017405253355901696 best 0.0077595264416465 stale 12 time 475.6923677921295
PAIRS 2 903 92 0.015397048359310715 best 0.0077595264416465 stale 12 time 481.0762617588043
PAIRS 2 903 93 0.014826139465984432 best 0.0077595264416465 stale 12 time 486.1760005950928
PAIRS 2 903 94 0.01441382119462884 best 0.0077595264416465 stale 12 time 490.661838054657
PAIRS 2 903 95 0.01198752720489716 best 0.0077595264416465 stale 12 time 495.3939530849457
PAIRS 2 903 96 0.010960077534366772 best 0.0077595264416465 stale 12 time 500.7428820133209
PAIRS 2 903 97 0.01073619444823087 best 0.0077595264416465 stale 12 time 505.87835216522217
PAIRS 2 903 98 0.010582409019731474 best 0.0077595264416465 stale 12 time 511.33113527297974
PAIRS 2 903 99 0.010542255931207431 best 0.0077595264416465 stale 12 time 519.6685152053833
PAIRS 2 903 100 0.010317119573862266 best 0.0077595264416465 stale 12 time 525.19455909729
PAIRS 2 903 101 0.010037015424128009 best 0.0077595264416465 stale 12 time 530.3472340106964
PAIRS 2 903 102 0.009217786431845657 best 0.0077595264416465 stale 12 time 536.3395736217499
PAIRS 2 903 103 0.00890007146970617 best 0.0077595264416465 stale 12 time 542.2642154693604
PAIRS 2 903 104 0.008238716751723912 best 0.0077595264416465 stale 12 time 547.5715763568878
PAIRS 2 903 105 0.008098289286998442 best 0.0077595264416465 stale 12 time 552.1249406337738
PAIRS 2 903 106 0.007998747574985468 best 0.0077595264416465 stale 12 time 556.6621518135071
PAIRS 2 903 107 0.007897854532990661 best 0.0077595264416465 stale 12 time 562.5430283546448
PAIRS 2 903 108 0.007833806126311942 best 0.0077595264416465 stale 12 time 567.8199310302734
PAIRS 2 903 109 0.2681757091464784 best 0.0077595264416465 stale 13 time 572.0929341316223
PAIRS 2 903 110 0.15581221254500097 best 0.0077595264416465 stale 13 time 578.1047282218933
PAIRS 2 903 111 0.12108547969869164 best 0.0077595264416465 stale 13 time 582.7687380313873
PAIRS 2 903 112 0.10082759533827411 best 0.0077595264416465 stale 13 time 587.6474323272705
PAIRS 2 903 113 0.07887328060047294 best 0.0077595264416465 stale 13 time 591.9167809486389
PAIRS 2 903 114 0.06881666595183934 best 0.0077595264416465 stale 13 time 596.6347999572754
PAIRS 2 903 115 0.060228601397791896 best 0.0077595264416465 stale 13 time 602.2085909843445
PAIRS 2 903 116 0.05619930591877234 best 0.0077595264416465 stale 13 time 607.4685244560242
PAIRS 2 903 117 0.052180431246392836 best 0.0077595264416465 stale 13 time 612.1011250019073
PAIRS 2 903 118 0.049676859553713676 best 0.0077595264416465 stale 13 time 617.065016746521
PAIRS 2 903 119 0.04669605000550653 best 0.0077595264416465 stale 13 time 622.3767819404602
PAIRS 2 903 120 0.04620194162208094 best 0.0077595264416465 stale 13 time 626.9201104640961
PAIRS 2 903 121 0.04452121697868038 best 0.0077595264416465 stale 13 time 635.4508144855499
PAIRS 2 903 122 0.042900910624151245 best 0.0077595264416465 stale 13 time 641.4342262744904
PAIRS 2 903 123 0.04151756081847981 best 0.0077595264416465 stale 13 time 645.8111777305603
PAIRS 2 903 124 0.03980913486879238 best 0.0077595264416465 stale 13 time 651.7759680747986
PAIRS 2 903 125 0.03893260567504162 best 0.0077595264416465 stale 13 time 658.0442063808441
PAIRS 2 903 126 0.21882212481263538 best 0.007759526441646495 stale 14 time 666.7516090869904
PAIRS 2 903 127 0.1111569030483527 best 0.007759526441646495 stale 14 time 674.4263768196106
PAIRS 2 903 128 0.05448524386997719 best 0.007759526441646495 stale 14 time 682.6493120193481
PAIRS 2 903 129 0.03589913810861092 best 0.007759526441646495 stale 14 time 688.5229458808899
PAIRS 2 903 130 0.027947576588256202 best 0.007759526441646495 stale 14 time 694.5575807094574
PAIRS 2 903 131 0.01947582477249746 best 0.007759526441646495 stale 14 time 700.3412907123566
PAIRS 2 903 132 0.015640801339443743 best 0.007759526441646495 stale 14 time 705.8999645709991
PAIRS 2 903 133 0.013856704626703695 best 0.007759526441646495 stale 14 time 713.2901434898376
PAIRS 2 903 134 0.012447828829181624 best 0.007759526441646495 stale 14 time 728.8471794128418
PAIRS 2 903 135 0.011179635219567245 best 0.007759526441646495 stale 14 time 734.583681344986
PAIRS 2 903 136 0.010300255948373633 best 0.007759526441646495 stale 14 time 740.8241288661957
PAIRS 2 903 137 0.010013343302438029 best 0.007759526441646495 stale 14 time 745.6150550842285
PAIRS 2 903 138 0.009906698340325865 best 0.007759526441646495 stale 14 time 750.2754435539246
PAIRS 2 903 139 0.00954939109795466 best 0.007759526441646495 stale 14 time 754.1480870246887
PAIRS 2 903 140 0.009441438809907264 best 0.007759526441646495 stale 14 time 757.9433190822601
PAIRS 2 903 141 0.009391842743032244 best 0.007759526441646495 stale 14 time 763.0151209831238
PAIRS 2 903 142 0.00935982349521037 best 0.007759526441646495 stale 14 time 767.8346979618073
PAIRS 2 903 143 0.06577637879324781 best 0.007759526441646493 stale 15 time 771.9796493053436
PAIRS 2 903 144 0.030495499738352017 best 0.007759526441646493 stale 15 time 778.8098723888397
PAIRS 2 903 145 0.021087225902937226 best 0.007759526441646493 stale 15 time 783.5311136245728
PAIRS 2 903 146 0.01826738896002537 best 0.007759526441646493 stale 15 time 788.186644077301
PAIRS 2 903 147 0.015542055793672184 best 0.007759526441646493 stale 15 time 793.0519132614136
PAIRS 2 903 148 0.012961846702988587 best 0.007759526441646493 stale 15 time 798.3280794620514
PAIRS 2 903 149 0.012827990024322751 best 0.007759526441646493 stale 15 time 803.703203201294
PAIRS 2 903 150 0.07583890383512151 best 0.007759526441646493 stale 16 time 809.3531126976013
PAIRS 2 903 151 0.03230442384936993 best 0.007759526441646493 stale 16 time 815.8211815357208
PAIRS 2 903 152 0.018781550877333592 best 0.007759526441646493 stale 16 time 821.2842628955841
PAIRS 2 903 153 0.014247685252436757 best 0.007759526441646493 stale 16 time 826.463814496994
PAIRS 2 903 154 0.012395191673472378 best 0.007759526441646493 stale 16 time 830.7925999164581
PAIRS 2 903 155 0.0107793909952044 best 0.007759526441646493 stale 16 time 835.5023913383484
PAIRS 2 903 156 0.010296906756467541 best 0.007759526441646493 stale 16 time 840.3996434211731
