POP 2 508 0 0.01820888048400271 seconds 2.3209633827209473
POP 2 508 1 0.00899411374593969 seconds 5.080383777618408
POP 2 508 2 0.008994113745939687 seconds 6.72146201133728
POP 2 508 3 0.018344438553277522 seconds 8.130351543426514
POP 2 508 4 0.01679500309435467 seconds 10.33843207359314
POP 2 508 5 0.018228494807464416 seconds 16.849241495132446
POP 2 508 6 0.020100611919663423 seconds 18.6025390625
POP 2 508 7 0.009602443743984328 seconds 21.595641136169434
POP 2 508 8 0.009511178030166576 seconds 25.722165822982788
POP 2 508 9 0.017092107541347226 seconds 28.810311794281006
POP 2 508 10 0.014501376975651509 seconds 31.353744983673096
POP 2 508 11 0.021559942374184442 seconds 35.20100665092468
POP 2 508 12 0.017053681876558136 seconds 39.62933087348938
POP 2 508 13 0.01429772891515962 seconds 42.29383826255798
POP 2 508 14 0.008994113745939683 seconds 45.732375144958496
POP 2 508 15 0.02021443797429529 seconds 47.34756088256836
POP 2 508 16 0.045343354658663744 seconds 52.41928148269653
POP 2 508 17 0.014026720752777833 seconds 55.35980772972107
POP 2 508 18 0.01452422709291757 seconds 57.586594343185425
POP 2 508 19 0.04846779112447793 seconds 61.456230878829956
POP 2 508 20 0.008994113745939687 seconds 63.70727276802063
POP 2 508 21 0.0192823775111595 seconds 65.12554335594177
POP 2 508 22 0.010305458849355735 seconds 67.0226662158966
POP 2 508 23 0.010583036662310525 seconds 68.64296364784241
POP 2 508 24 0.01529250886734503 seconds 70.34980988502502
POP 2 508 25 0.008994113745939688 seconds 71.90404009819031
POP 2 508 26 0.04134708265781985 seconds 76.29841423034668
POP 2 508 27 0.021001929095749976 seconds 77.29666185379028
POP 2 508 28 0.014755476009876744 seconds 79.02874088287354
POP 2 508 29 0.014690757955509693 seconds 82.65235424041748
POP 2 508 30 0.015609609248127997 seconds 86.56523370742798
POP 2 508 31 0.04600643763567281 seconds 90.65024065971375
POP 2 508 32 0.010850710510609186 seconds 94.32363748550415
POP 2 508 33 0.02261744154942301 seconds 96.45795369148254
POP 2 508 34 0.012613865826586577 seconds 99.79678535461426
POP 2 508 35 0.009098794258132386 seconds 102.469078540802
POP 2 508 36 0.01580746994833332 seconds 107.23230862617493
POP 2 508 37 0.011895924870343933 seconds 115.08423089981079
POP 2 508 38 0.008287935273609012 seconds 118.82121419906616
POP 2 508 39 0.019004199449389452 seconds 120.45601224899292
POP 2 508 40 0.05032347459094061 seconds 122.87024903297424
POP 2 508 41 0.010536745521050012 seconds 125.05755400657654
POP 2 508 42 0.017700257571480877 seconds 126.84748721122742
POP 2 508 43 0.00958691420082155 seconds 128.87314081192017
POP 2 508 44 0.009564634695286584 seconds 131.5342390537262
POP 2 508 45 0.01778496735555777 seconds 133.10163187980652
POP 2 508 46 0.027750881707582598 seconds 135.63275241851807
POP 2 508 47 0.007878822530992764 seconds 136.61767435073853
POP 2 508 48 0.022174925796053777 seconds 138.43758153915405
POP 2 508 49 0.03148740656108526 seconds 142.57914090156555
POP 2 508 50 0.012930271426621762 seconds 145.44430088996887
POP 2 508 51 0.016974131491383278 seconds 146.05875539779663
POP 2 508 52 0.010387899561669736 seconds 148.50323915481567
POP 2 508 53 0.007878822530992766 seconds 151.0807647705078
POP 2 508 54 0.022007509845221176 seconds 152.2971305847168
POP 2 508 55 0.05091791588732279 seconds 155.71552801132202
POP 2 508 56 0.017480670907622384 seconds 161.4602301120758
POP 2 508 57 0.021298307518628802 seconds 163.62436270713806
POP 2 508 58 0.012665781747359836 seconds 168.27855968475342
POP 2 508 59 0.007878822530992764 seconds 169.90717601776123
POP 2 508 60 0.01323913102922402 seconds 171.08909463882446
POP 2 508 61 0.0433979831046227 seconds 174.10417819023132
POP 2 508 62 0.010185327491930662 seconds 176.19166326522827
POP 2 508 63 0.019956999344328662 seconds 177.28745555877686
POP 2 508 64 0.010131375579073454 seconds 181.12519669532776
POP 2 508 65 0.008587253352143238 seconds 184.34008860588074
POP 2 508 66 0.01946247469840897 seconds 185.29720616340637
POP 2 508 67 0.024533868650648043 seconds 191.11393213272095
POP 2 508 68 0.06086287275971505 seconds 193.89581847190857
POP 2 508 69 0.023348682966156647 seconds 194.95459938049316
POP 2 508 70 0.008245041071955622 seconds 199.13225603103638
POP 2 508 71 0.06398832216521454 seconds 203.95024633407593
POP 2 508 72 0.01614628777365592 seconds 204.86007118225098
POP 2 508 73 0.013124319148160755 seconds 206.9430913925171
POP 2 508 74 0.05573787844559149 seconds 211.31211376190186
POP 2 508 75 0.016806521872691774 seconds 212.36642241477966
POP 2 508 76 0.007878822530992764 seconds 214.30429577827454
POP 2 508 77 0.011451596868391376 seconds 216.39247059822083
POP 2 508 78 0.016490110217702452 seconds 217.482497215271
POP 2 508 79 0.01460287775206724 seconds 219.0502655506134
POP 2 508 80 0.007878822530992764 seconds 220.75764918327332
POP 2 508 81 0.017270865667995888 seconds 221.65747356414795
POP 2 508 82 0.01389679557035457 seconds 224.1584701538086
POP 2 508 83 0.013512653011688781 seconds 226.46101236343384
POP 2 508 84 0.01595441512079089 seconds 229.28737330436707
POP 2 508 85 0.045905417610751655 seconds 235.83403778076172
POP 2 508 86 0.01282126287721049 seconds 238.5669300556183
POP 2 508 87 0.023255069365797562 seconds 239.4959533214569
POP 2 508 88 0.010686180847784766 seconds 241.74089980125427
POP 2 508 89 0.007878822530992764 seconds 243.32895684242249
POP 2 508 90 0.013351628500224135 seconds 246.26169443130493
POP 2 508 91 0.04555483740538285 seconds 250.86763715744019
POP 2 508 92 0.06402155350634804 seconds 253.43462824821472
POP 2 508 93 0.017189559055348944 seconds 254.15781378746033
SAVE 2 best gates 32 loss 0.007878822530992372 seconds 254.5104169845581
POP 2 508 94 0.007878822530992763 seconds 255.3493847846985
POP 2 508 95 0.00833565560933167 seconds 257.4350986480713
POP 2 508 96 0.021217730306521854 seconds 258.45149850845337
POP 2 508 97 0.020980657924416047 seconds 262.2434604167938
POP 2 508 98 0.009841816024338722 seconds 265.21825337409973
POP 2 508 99 0.01764663105711321 seconds 266.64764881134033
POP 2 508 100 0.010790387400564788 seconds 269.1880829334259
POP 2 508 101 0.007878822530992764 seconds 271.49076080322266
POP 2 508 102 0.014571564769267712 seconds 273.6038627624512
POP 2 508 103 0.00966950296414847 seconds 277.0406575202942
POP 2 508 104 0.007878822530992764 seconds 279.55773162841797
POP 2 508 105 0.020563554003087646 seconds 280.30429005622864
POP 2 508 106 0.007878822530992768 seconds 282.20859026908875
POP 2 508 107 0.02028313724205602 seconds 284.7369062900543
POP 2 508 108 0.01809013758968546 seconds 285.6383922100067
POP 2 508 109 0.010206955014248134 seconds 288.33834314346313
POP 2 508 110 0.010043696250471667 seconds 290.27231669425964
POP 2 508 111 0.01759079951945837 seconds 291.42499709129333
POP 2 508 112 0.04284441003139729 seconds 295.88989543914795
POP 2 508 113 0.05515606091183594 seconds 299.9870038032532
POP 2 508 114 0.014692533101459371 seconds 302.60115098953247
POP 2 508 115 0.013445179132917637 seconds 304.63750863075256
POP 2 508 116 0.04244170542023953 seconds 308.8530285358429
POP 2 508 117 0.01589745830472653 seconds 309.86602807044983
POP 2 508 118 0.03603714587997264 seconds 314.88173484802246
SAVE 2 best gates 32 loss 0.007759526441648506 seconds 316.78534865379333
POP 2 508 119 0.007759526441650681 seconds 317.66317892074585
POP 2 508 120 0.01801679719282789 seconds 318.6936242580414
POP 2 508 121 0.036448923576805924 seconds 322.6085431575775
POP 2 508 122 0.06609443532542997 seconds 325.8314299583435
POP 2 508 123 0.014732468375972037 seconds 327.6956958770752
POP 2 508 124 0.022521700356444317 seconds 331.76156640052795
POP 2 508 125 0.013933222969858189 seconds 334.54556250572205
POP 2 508 126 0.010530930317443322 seconds 336.11504006385803
POP 2 508 127 0.00775952644165068 seconds 338.16151690483093
POP 2 508 128 0.012883986505494167 seconds 340.1542658805847
POP 2 508 129 0.020857997369631197 seconds 341.4638886451721
POP 2 508 130 0.0421487627883076 seconds 346.58054852485657
POP 2 508 131 0.009045009932965947 seconds 349.9353165626526
POP 2 508 132 0.021730649844940466 seconds 351.096316576004
POP 2 508 133 0.015887681540336807 seconds 354.2701995372772
SAVE 2 best gates 32 loss 0.007759526441647137 seconds 356.16749238967896
POP 2 508 134 0.007759526441650674 seconds 357.36316537857056
POP 2 508 135 0.02013791940465008 seconds 358.4583902359009
POP 2 508 136 0.018296448608133252 seconds 361.8601369857788
POP 2 508 137 0.0112198762640556 seconds 365.80544781684875
POP 2 508 138 0.015649698541883174 seconds 368.315363407135
POP 2 508 139 0.013317103671024493 seconds 372.4896547794342
POP 2 508 140 0.008984852227020619 seconds 374.6363718509674
POP 2 508 141 0.020312535811128445 seconds 377.17001962661743
POP 2 508 142 0.027082664397860133 seconds 382.676584482193
POP 2 508 143 0.05374032996291408 seconds 388.53957986831665
POP 2 508 144 0.01663432148980023 seconds 390.7975969314575
POP 2 508 145 0.048273396983029716 seconds 393.6255702972412
POP 2 508 146 0.012948289747361359 seconds 396.564569234848
POP 2 508 147 0.02653947722212041 seconds 398.58692479133606
POP 2 508 148 0.013543185650559822 seconds 400.68438148498535
POP 2 508 149 0.00835015531851852 seconds 403.9830186367035
POP 2 508 150 0.022136087302953637 seconds 405.2900321483612
POP 2 508 151 0.0077595264416506805 seconds 408.18213057518005
POP 2 508 152 0.008527858256683571 seconds 411.5535624027252
POP 2 508 153 0.014581209994753474 seconds 413.91804122924805
POP 2 508 154 0.008350155318518519 seconds 417.40030550956726
POP 2 508 155 0.00775952644165068 seconds 419.3617470264435
POP 2 508 156 0.014759139584229732 seconds 421.0854506492615
POP 2 508 157 0.010236395861197714 seconds 423.73176860809326
POP 2 508 158 0.024166620071306145 seconds 427.2438917160034
POP 2 508 159 0.015544855632019714 seconds 428.22006154060364
POP 2 508 160 0.04510754889355795 seconds 431.48435854911804
POP 2 508 161 0.008301544890039952 seconds 433.4643363952637
POP 2 508 162 0.017782892776687133 seconds 435.86312222480774
POP 2 508 163 0.016364320586187347 seconds 439.1738622188568
POP 2 508 164 0.022833359007170997 seconds 445.71231722831726
POP 2 508 165 0.01724605248706178 seconds 448.294899225235
POP 2 508 166 0.01083761427456918 seconds 452.2446975708008
POP 2 508 167 0.007759526441648486 seconds 455.4291319847107
POP 2 508 168 0.01817816313060963 seconds 456.43736481666565
POP 2 508 169 0.009577678929460324 seconds 459.5264484882355
POP 2 508 170 0.007878822530993212 seconds 461.47433853149414
POP 2 508 171 0.018330135092332108 seconds 464.2045557498932
POP 2 508 172 0.01193758469906072 seconds 468.66471672058105
POP 2 508 173 0.016840428956557525 seconds 473.0822219848633
POP 2 508 174 0.014181045658871386 seconds 475.4983015060425
POP 2 508 175 0.032939100205619944 seconds 480.51388597488403
POP 2 508 176 0.01117848398621393 seconds 483.02175211906433
POP 2 508 177 0.012727818634428744 seconds 486.38075280189514
POP 2 508 178 0.06637078671335409 seconds 489.3297390937805
POP 2 508 179 0.03964247445178282 seconds 492.92282032966614
POP 2 508 180 0.02084251633304027 seconds 494.43616104125977
POP 2 508 181 0.008766514775853893 seconds 496.67095398902893
POP 2 508 182 0.018171379930837055 seconds 499.8002710342407
POP 2 508 183 0.014164765389006613 seconds 501.36506032943726
POP 2 508 184 0.007759526441650678 seconds 503.89681458473206
POP 2 508 185 0.007844064803742726 seconds 505.8842170238495
POP 2 508 186 0.01653066474272171 seconds 508.0441436767578
POP 2 508 187 0.00808951927650017 seconds 512.6897337436676
POP 2 508 188 0.025706189705168015 seconds 517.3109126091003
POP 2 508 189 0.015613196750796893 seconds 518.464759349823
POP 2 508 190 0.007759526441650679 seconds 519.4385752677917
POP 2 508 191 0.07964123602981106 seconds 522.2865233421326
POP 2 508 192 0.019708464315137286 seconds 523.5698461532593
POP 2 508 193 0.06398941069774303 seconds 526.1797125339508
POP 2 508 194 0.011452319058001892 seconds 528.1006855964661
POP 2 508 195 0.01252971992808829 seconds 529.0871822834015
POP 2 508 196 0.009413044402576369 seconds 532.5595779418945
POP 2 508 197 0.010752477313733515 seconds 535.1224265098572
POP 2 508 198 0.021939199315668782 seconds 535.9977996349335
POP 2 508 199 0.026460572759354054 seconds 541.9230589866638
POP 2 508 200 0.00839285286543501 seconds 544.0916361808777
POP 2 508 201 0.017543198157456155 seconds 546.2728164196014
POP 2 508 202 0.009374192316117995 seconds 551.0456013679504
POP 2 508 203 0.037405060060314195 seconds 557.2060644626617
POP 2 508 204 0.011219648350571213 seconds 560.2112667560577
POP 2 508 205 0.010157147651238941 seconds 563.1127245426178
POP 2 508 206 0.04885102401909436 seconds 570.2064788341522
POP 2 508 207 0.022030934746298882 seconds 571.388897895813
POP 2 508 208 0.007759526441650672 seconds 574.2223467826843
POP 2 508 209 0.007759526441650676 seconds 576.1794104576111
POP 2 508 210 0.012788630232191643 seconds 577.2751107215881
POP 2 508 211 0.00775952644165068 seconds 579.176234960556
POP 2 508 212 0.020322072495995956 seconds 584.7348268032074
POP 2 508 213 0.016846608775139636 seconds 585.5215752124786
POP 2 508 214 0.020104127193446928 seconds 587.6854472160339
POP 2 508 215 0.007759526441650671 seconds 589.3220090866089
POP 2 508 216 0.012036330095949711 seconds 591.3835010528564
POP 2 508 217 0.012285477658220193 seconds 594.7609028816223
POP 2 508 218 0.008990247808681273 seconds 596.9280486106873
POP 2 508 219 0.015552840847101356 seconds 597.7704138755798
POP 2 508 220 0.007864415323766014 seconds 599.499433517456
POP 2 508 221 0.008350155318518524 seconds 602.1527218818665
POP 2 508 222 0.018848464323974766 seconds 604.4766848087311
POP 2 508 223 0.013923131476909729 seconds 607.0239713191986
POP 2 508 224 0.01812631155889651 seconds 609.6409621238708
POP 2 508 225 0.019559965380212457 seconds 610.7982771396637
POP 2 508 226 0.007759526441650674 seconds 612.2110378742218
POP 2 508 227 0.007759526441650674 seconds 613.6880192756653
POP 2 508 228 0.011990446051169829 seconds 615.5688693523407
POP 2 508 229 0.0368094702800281 seconds 619.622483253479
POP 2 508 230 0.01666432618792412 seconds 624.1400361061096
POP 2 508 231 0.019254672907763896 seconds 625.6160759925842
POP 2 508 232 0.015936205446282083 seconds 629.4851274490356
POP 2 508 233 0.009834088467767928 seconds 631.7301349639893
POP 2 508 234 0.013631507579241009 seconds 633.3939118385315
POP 2 508 235 0.01879124546365488 seconds 635.696594953537
POP 2 508 236 0.013148636784063571 seconds 638.0834670066833
POP 2 508 237 0.02042525209640534 seconds 640.2480335235596
POP 2 508 238 0.010739900019074655 seconds 642.774662733078
POP 2 508 239 0.027641919539907484 seconds 645.5264978408813
POP 2 508 240 0.01843382907243141 seconds 646.9382593631744
POP 2 508 241 0.007759526441648367 seconds 648.9327299594879
POP 2 508 242 0.0077595264416506805 seconds 650.9936933517456
POP 2 508 243 0.013407049354447366 seconds 652.539580821991
POP 2 508 244 0.008570450000439826 seconds 654.446436882019
POP 2 508 245 0.02122940855091131 seconds 657.4522616863251
POP 2 508 246 0.022916921050886448 seconds 658.4880084991455
POP 2 508 247 0.007759526441650683 seconds 660.0860247612
POP 2 508 248 0.008344747506123799 seconds 661.9563601016998
POP 2 508 249 0.015257608809320044 seconds 664.3380606174469
POP 2 508 250 0.02461785819616285 seconds 668.4284775257111
POP 2 508 251 0.009576656911363916 seconds 670.5313837528229
POP 2 508 252 0.019967948467052497 seconds 671.7447288036346
POP 2 508 253 0.07024389691869097 seconds 673.971887588501
POP 2 508 254 0.0089221213277551 seconds 677.6992225646973
POP 2 508 255 0.021814914348707855 seconds 678.8290388584137
POP 2 508 256 0.02089692684086488 seconds 682.0576665401459
POP 2 508 257 0.01583682093489854 seconds 684.4384083747864
POP 2 508 258 0.018470592556223735 seconds 686.2161631584167
POP 2 508 259 0.014454105936862407 seconds 689.5326671600342
POP 2 508 260 0.013270729002362775 seconds 692.3761434555054
POP 2 508 261 0.018557169922404877 seconds 693.3415138721466
POP 2 508 262 0.019184768055750596 seconds 696.2959966659546
POP 2 508 263 0.00985929334781083 seconds 698.8085885047913
POP 2 508 264 0.02114515588314497 seconds 700.3327498435974
POP 2 508 265 0.008400234456714 seconds 701.8827967643738
POP 2 508 266 0.04603333340672532 seconds 707.1918208599091
POP 2 508 267 0.013780471519678124 seconds 709.4259853363037
POP 2 508 268 0.020234794968316833 seconds 713.3513267040253
POP 2 508 269 0.010634564965905575 seconds 715.0161776542664
POP 2 508 270 0.018136864037379758 seconds 716.2735562324524
POP 2 508 271 0.02453086778656937 seconds 718.2861092090607
POP 2 508 272 0.021835458509927644 seconds 721.9107043743134
POP 2 508 273 0.015127675170705056 seconds 724.4523365497589
POP 2 508 274 0.026877627163062568 seconds 727.1354093551636
POP 2 508 275 0.007759526441648243 seconds 728.9791128635406
POP 2 508 276 0.01803416807198283 seconds 730.1970314979553
POP 2 508 277 0.011550588059804696 seconds 733.9000341892242
POP 2 508 278 0.015897881232785686 seconds 736.1015989780426
POP 2 508 279 0.013881437356016445 seconds 737.2881550788879
POP 2 508 280 0.012889177862873706 seconds 739.8836553096771
POP 2 508 281 0.013692014752848822 seconds 742.1958231925964
POP 2 508 282 0.018266878544633228 seconds 743.472042798996
POP 2 508 283 0.007759526441650676 seconds 745.7711102962494
POP 2 508 284 0.05012855827447596 seconds 750.1974272727966
POP 2 508 285 0.015736318003486127 seconds 752.178076505661
POP 2 508 286 0.009056787347070716 seconds 753.834231376648
POP 2 508 287 0.014851151513815906 seconds 757.789514541626
POP 2 508 288 0.016377277367310927 seconds 758.5924656391144
POP 2 508 289 0.007759526441650675 seconds 760.2226994037628
POP 2 508 290 0.00961492576074921 seconds 761.6317913532257
POP 2 508 291 0.019879436863353982 seconds 762.6741449832916
POP 2 508 292 0.00899024780868127 seconds 765.2774271965027
POP 2 508 293 0.008089519276500168 seconds 766.5732924938202
POP 2 508 294 0.017205302874787335 seconds 767.3255496025085
POP 2 508 295 0.00839285286543362 seconds 769.9894006252289
POP 2 508 296 0.007759526441650673 seconds 771.7550876140594
POP 2 508 297 0.022596442339512322 seconds 772.9664545059204
POP 2 508 298 0.007759526441650676 seconds 774.4436237812042
POP 2 508 299 0.013539844750657403 seconds 777.2653696537018
POP 2 508 300 0.018321905579971366 seconds 778.6554319858551
POP 2 508 301 0.011386306537260908 seconds 781.5680742263794
POP 2 508 302 0.01315707353159422 seconds 784.6298379898071
POP 2 508 303 0.014775516158288045 seconds 786.6261296272278
POP 2 508 304 0.020795910882273946 seconds 789.4109544754028
POP 2 508 305 0.008153118730695574 seconds 792.5230836868286
POP 2 508 306 0.02099825660696289 seconds 793.8415396213531
POP 2 508 307 0.00775952644165068 seconds 796.7526223659515
POP 2 508 308 0.04709127890923851 seconds 799.1479680538177
POP 2 508 309 0.018185382007587517 seconds 800.162011384964
POP 2 508 310 0.011004814724645606 seconds 803.2559862136841
POP 2 508 311 0.03247023719331369 seconds 806.1002359390259
POP 2 508 312 0.018777152864784787 seconds 808.4478054046631
POP 2 508 313 0.07110663698676037 seconds 811.7285068035126
POP 2 508 314 0.030089507485166738 seconds 816.3608915805817
POP 2 508 315 0.01875180406442728 seconds 817.4937992095947
POP 2 508 316 0.027124788239932824 seconds 821.3296093940735
POP 2 508 317 0.012529235526773888 seconds 824.0913529396057
POP 2 508 318 0.018659964819394748 seconds 825.4717671871185
POP 2 508 319 0.01720152467240774 seconds 827.5449295043945
POP 2 508 320 0.04121472910950533 seconds 831.0013995170593
POP 2 508 321 0.015040240960008548 seconds 833.3040053844452
POP 2 508 322 0.009678842120812063 seconds 835.4186611175537
POP 2 508 323 0.015099266122531901 seconds 838.0047662258148
POP 2 508 324 0.013953435966327758 seconds 839.8344342708588
POP 2 508 325 0.009414839839361795 seconds 841.5616903305054
POP 2 508 326 0.030121650221494718 seconds 843.9470770359039
POP 2 508 327 0.026274055306590795 seconds 845.383499622345
POP 2 508 328 0.010049900450915127 seconds 847.0599362850189
POP 2 508 329 0.0097785629102631 seconds 848.9661560058594
POP 2 508 330 0.01545638700599026 seconds 850.6526906490326
POP 2 508 331 0.017180298887018504 seconds 855.5814433097839
POP 2 508 332 0.04527987765224221 seconds 857.6237418651581
POP 2 508 333 0.010434879021830103 seconds 860.0283005237579
POP 2 508 334 0.007759526441650676 seconds 861.9785044193268
POP 2 508 335 0.02126666773977151 seconds 865.1530871391296
POP 2 508 336 0.015464083079036406 seconds 866.2570161819458
POP 2 508 337 0.00908716653541365 seconds 870.9083120822906
POP 2 508 338 0.010736802304079494 seconds 874.310949087143
POP 2 508 339 0.01719097682183913 seconds 875.5005977153778
POP 2 508 340 0.007759526441650385 seconds 877.6585063934326
POP 2 508 341 0.03386537476701661 seconds 883.9907484054565
POP 2 508 342 0.015164311536571119 seconds 886.0807332992554
POP 2 508 343 0.013416314938538029 seconds 888.2149286270142
POP 2 508 344 0.008400234456719724 seconds 890.522509098053
POP 2 508 345 0.018649465688583878 seconds 891.5897588729858
POP 2 508 346 0.009985033710489293 seconds 893.2995157241821
POP 2 508 347 0.010164059022048116 seconds 895.2733821868896
POP 2 508 348 0.02186000706315486 seconds 896.4941082000732
POP 2 508 349 0.01799467766619261 seconds 900.0200417041779
POP 2 508 350 0.00775952644165068 seconds 902.1462376117706
POP 2 508 351 0.014794872690870816 seconds 903.7688591480255
POP 2 508 352 0.021384443285880177 seconds 908.6653244495392
POP 2 508 353 0.00912779299328651 seconds 911.4205272197723
POP 2 508 354 0.017414495347411293 seconds 913.3075423240662
POP 2 508 355 0.01871332714102077 seconds 915.6332643032074
POP 2 508 356 0.010298695287377467 seconds 917.4652707576752
POP 2 508 357 0.01709738883492811 seconds 918.4814620018005
POP 2 508 358 0.009900172887230515 seconds 920.7018203735352
POP 2 508 359 0.00951936798513296 seconds 922.8178853988647
POP 2 508 360 0.016641496510745143 seconds 923.9951961040497
POP 2 508 361 0.013420586302459776 seconds 926.3452985286713
POP 2 508 362 0.010311331145763256 seconds 928.5013041496277
POP 2 508 363 0.02325509251207715 seconds 929.8445632457733
POP 2 508 364 0.010246874521526159 seconds 935.091046333313
POP 2 508 365 0.061371909851451516 seconds 938.7343034744263
POP 2 508 366 0.02073630034965182 seconds 939.9881193637848
POP 2 508 367 0.016900200119883208 seconds 945.4615139961243
POP 2 508 368 0.009727062292832081 seconds 946.8455772399902
POP 2 508 369 0.017932583646763266 seconds 948.145138502121
POP 2 508 370 0.014094647816169497 seconds 951.454549074173
POP 2 508 371 0.007759526441650677 seconds 952.8266665935516
POP 2 508 372 0.01619446395464467 seconds 953.9049091339111
POP 2 508 373 0.009701609405809327 seconds 958.3859486579895
POP 2 508 374 0.0144875749130876 seconds 960.9613838195801
POP 2 508 375 0.01346172493312231 seconds 962.3294456005096
POP 2 508 376 0.05896930329024286 seconds 966.1981472969055
POP 2 508 377 0.010817959298561549 seconds 968.2115473747253
POP 2 508 378 0.01570819096358954 seconds 969.4964070320129
POP 2 508 379 0.009451313037384763 seconds 971.4874248504639
POP 2 508 380 0.00775952644165068 seconds 974.0773713588715
POP 2 508 381 0.01901772885708613 seconds 975.3007175922394
POP 2 508 382 0.013020698555409509 seconds 980.0130968093872
POP 2 508 383 0.010966167196948949 seconds 981.7322726249695
POP 2 508 384 0.02148269868750167 seconds 982.7343277931213
POP 2 508 385 0.009598568057387253 seconds 985.5339000225067
POP 2 508 386 0.05822949250415502 seconds 988.651769399643
POP 2 508 387 0.01494224128008799 seconds 989.8282523155212
POP 2 508 388 0.008153118730695581 seconds 992.494487285614
POP 2 508 389 0.00812259298313882 seconds 994.9283812046051
POP 2 508 390 0.027322258161735485 seconds 995.7994062900543
POP 2 508 391 0.020877189106054534 seconds 999.0507032871246
POP 2 508 392 0.007759526441650677 seconds 1002.1452021598816
POP 2 508 393 0.013669285954794337 seconds 1003.0003535747528
POP 2 508 394 0.012606217303934351 seconds 1005.1208996772766
POP 2 508 395 0.010838344081582787 seconds 1008.6095464229584
POP 2 508 396 0.01871509848737409 seconds 1009.6138761043549
POP 2 508 397 0.011010112479203412 seconds 1011.5663449764252
POP 2 508 398 0.014714979090985994 seconds 1015.9158806800842
POP 2 508 399 0.027308661107226188 seconds 1017.4819481372833
POP 2 508 400 0.04250986401233717 seconds 1020.6581327915192
POP 2 508 401 0.010726904078396679 seconds 1023.9966971874237
POP 2 508 402 0.011762702825021927 seconds 1026.6991186141968
POP 2 508 403 0.02070062869971042 seconds 1031.0579760074615
POP 2 508 404 0.04309413489927075 seconds 1035.494597196579
POP 2 508 405 0.01250593677271535 seconds 1037.1121518611908
POP 2 508 406 0.0246264024558972 seconds 1041.6461510658264
POP 2 508 407 0.015514341139340715 seconds 1044.4184114933014
POP 2 508 408 0.017116032036403866 seconds 1045.0696852207184
POP 2 508 409 0.00972967793721019 seconds 1049.164562702179
POP 2 508 410 0.008082054501888631 seconds 1051.0312209129333
POP 2 508 411 0.014760366840494855 seconds 1051.9916729927063
POP 2 508 412 0.008404906162546225 seconds 1055.4125831127167
POP 2 508 413 0.021077337122278446 seconds 1057.8101081848145
POP 2 508 414 0.015697918523366505 seconds 1058.5992181301117
POP 2 508 415 0.018131718624989843 seconds 1061.3398263454437
POP 2 508 416 0.008990247808681276 seconds 1063.5192363262177
POP 2 508 417 0.0132941938180313 seconds 1064.8898298740387
POP 2 508 418 0.0077595264416506745 seconds 1068.5700364112854
POP 2 508 419 0.015483982951302213 seconds 1070.5966069698334
POP 2 508 420 0.019112110797807454 seconds 1071.5418977737427
POP 2 508 421 0.009671785115818935 seconds 1073.4970395565033
POP 2 508 422 0.05540860984125529 seconds 1075.8965702056885
POP 2 508 423 0.013481795740830459 seconds 1077.25665640831
POP 2 508 424 0.007759526441650677 seconds 1078.7261395454407
POP 2 508 425 0.00823167901881995 seconds 1082.1777300834656
POP 2 508 426 0.018776020646939957 seconds 1083.1845145225525
POP 2 508 427 0.04269882675550566 seconds 1086.7188701629639
POP 2 508 428 0.045386579055983464 seconds 1090.4237265586853
POP 2 508 429 0.015086362269013893 seconds 1091.1261522769928
POP 2 508 430 0.015031540931920145 seconds 1095.8604669570923
POP 2 508 431 0.012603169831072888 seconds 1099.0840950012207
POP 2 508 432 0.018027226823320586 seconds 1100.80925989151
POP 2 508 433 0.019924321749344984 seconds 1104.2515399456024
POP 2 508 434 0.007759526441650679 seconds 1107.0332126617432
POP 2 508 435 0.023249750476579126 seconds 1108.2264549732208
POP 2 508 436 0.010799932384945516 seconds 1110.8151938915253
POP 2 508 437 0.010815669304246312 seconds 1113.5479555130005
POP 2 508 438 0.015476562796790733 seconds 1114.9576342105865
POP 2 508 439 0.020570023315284888 seconds 1117.1716673374176
POP 2 508 440 0.021782810678414404 seconds 1122.2946951389313
POP 2 508 441 0.014845759961529694 seconds 1123.4872117042542
POP 2 508 442 0.05778679319708306 seconds 1126.2820930480957
POP 2 508 443 0.03508407289301304 seconds 1132.075245141983
POP 2 508 444 0.01732937912479556 seconds 1133.3913991451263
POP 2 508 445 0.027738087642100676 seconds 1136.2519836425781
POP 2 508 446 0.03308917010117871 seconds 1138.4016528129578
POP 2 508 447 0.018371457785736303 seconds 1140.2603595256805
POP 2 508 448 0.023810317879770924 seconds 1145.059788942337
POP 2 508 449 0.015024903150140545 seconds 1149.0980861186981
POP 2 508 450 0.01702866078166472 seconds 1150.5070173740387
POP 2 508 451 0.014457797716501727 seconds 1153.486609697342
POP 2 508 452 0.007759526441647459 seconds 1155.9519491195679
POP 2 508 453 0.013823550168479602 seconds 1157.0211720466614
POP 2 508 454 0.011433925953675464 seconds 1161.650536775589
POP 2 508 455 0.008122592983138817 seconds 1168.308985710144
POP 2 508 456 0.01893135740069496 seconds 1169.307490348816
POP 2 508 457 0.00957665691136232 seconds 1170.6488242149353
POP 2 508 458 0.0077595264416506745 seconds 1172.143278837204
POP 2 508 459 0.021925649799638895 seconds 1173.5590274333954
POP 2 508 460 0.06162149131947291 seconds 1177.21045255661
