POP 0 504 0 0.05087282438256057 seconds 0.8029701709747314
POP 0 504 1 0.04089567344226546 seconds 3.638483762741089
POP 0 504 2 0.045391930160513495 seconds 7.324896812438965
POP 0 504 3 0.04881454558939818 seconds 8.298680543899536
POP 0 504 4 0.057732332960377726 seconds 10.403963565826416
POP 0 504 5 0.04389799149112921 seconds 11.968893051147461
POP 0 504 6 0.0462490540375123 seconds 12.777169227600098
POP 0 504 7 0.03404882989505316 seconds 14.553900718688965
POP 0 504 8 0.03404882989505316 seconds 15.669039487838745
POP 0 504 9 0.05618880313694883 seconds 16.33455491065979
POP 0 504 10 0.05192921756967931 seconds 17.742517471313477
POP 0 504 11 0.08448095630980902 seconds 20.546562433242798
POP 0 504 12 0.04763884424555242 seconds 21.667272567749023
POP 0 504 13 0.08658418905048497 seconds 25.591018199920654
POP 0 504 14 0.035753053987937426 seconds 26.79251480102539
POP 0 504 15 0.0416525485438644 seconds 28.018340826034546
POP 0 504 16 0.07108597945207262 seconds 31.795685291290283
POP 0 504 17 0.03877155969675312 seconds 35.39547419548035
POP 0 504 18 0.05837747774070517 seconds 36.38255858421326
POP 0 504 19 0.0459414005154707 seconds 38.842045307159424
POP 0 504 20 0.037797972586662607 seconds 39.865278005599976
POP 0 504 21 0.04957744133748579 seconds 41.02247476577759
POP 0 504 22 0.041944388864365884 seconds 42.81556534767151
POP 0 504 23 0.046087920113332646 seconds 44.5714955329895
POP 0 504 24 0.04646990507494596 seconds 45.8030309677124
POP 0 504 25 0.053554058703740956 seconds 49.678200006484985
POP 0 504 26 0.03788196618426958 seconds 51.0041024684906
POP 0 504 27 0.042699708063307557 seconds 51.732532024383545
POP 0 504 28 0.0338366933264928 seconds 53.586766719818115
POP 0 504 29 0.08252312167193664 seconds 58.61352562904358
POP 0 504 30 0.04818590468815165 seconds 59.19574546813965
SAVE 0 best gates 24 loss 0.03383669332649258 seconds 59.64838910102844
POP 0 504 31 0.033836693326492806 seconds 59.95345592498779
POP 0 504 32 0.0448435359613897 seconds 61.89122462272644
POP 0 504 33 0.03754083227311007 seconds 64.20001077651978
POP 0 504 34 0.04194113014323969 seconds 76.95556902885437
POP 0 504 35 0.047617787639771945 seconds 84.68025755882263
POP 0 504 36 0.04873631474939752 seconds 85.18187141418457
POP 0 504 37 0.034014225753487025 seconds 86.62755799293518
POP 0 504 38 0.03812000038124413 seconds 87.60763764381409
POP 0 504 39 0.048044954679569256 seconds 88.27534127235413
POP 0 504 40 0.04009472391910471 seconds 90.36738228797913
POP 0 504 41 0.09437378020482 seconds 95.1645359992981
POP 0 504 42 0.04092795484221393 seconds 96.42144727706909
POP 0 504 43 0.05084877674068663 seconds 98.66365504264832
POP 0 504 44 0.051432393808561884 seconds 100.46995425224304
POP 0 504 45 0.060380210744461066 seconds 100.96981167793274
POP 0 504 46 0.0338366933264928 seconds 102.29631876945496
POP 0 504 47 0.0338366933264928 seconds 103.18022465705872
POP 0 504 48 0.05301085500189071 seconds 104.07466435432434
POP 0 504 49 0.08173922843139493 seconds 105.59493708610535
POP 0 504 50 0.04202656720423618 seconds 107.05246567726135
POP 0 504 51 0.05850867757210975 seconds 107.98340106010437
POP 0 504 52 0.037881966184269596 seconds 110.89876818656921
POP 0 504 53 0.04262793748477281 seconds 112.66555738449097
POP 0 504 54 0.052738355523688114 seconds 113.8687789440155
POP 0 504 55 0.09055765660519255 seconds 117.54034495353699
POP 0 504 56 0.06095314070566769 seconds 120.71375322341919
POP 0 504 57 0.0737633368345341 seconds 121.34921836853027
POP 0 504 58 0.08256105017338619 seconds 122.78665399551392
POP 0 504 59 0.03676831309405567 seconds 125.22264528274536
POP 0 504 60 0.06159532602281498 seconds 125.99810123443604
POP 0 504 61 0.07375880798758118 seconds 130.0390329360962
POP 0 504 62 0.036693334955795055 seconds 130.76062178611755
POP 0 504 63 0.05163984327642744 seconds 131.79240655899048
POP 0 504 64 0.03383669332649281 seconds 133.66498708724976
POP 0 504 65 0.0459744864244756 seconds 134.3966348171234
POP 0 504 66 0.05450606808468364 seconds 136.416832447052
POP 0 504 67 0.09715274751866165 seconds 139.09659123420715
POP 0 504 68 0.06124147781983006 seconds 142.10264682769775
SAVE 0 best gates 24 loss 0.03376535902981524 seconds 143.81254816055298
SAVE 0 best gates 24 loss 0.03376535902981498 seconds 144.61611437797546
POP 0 504 69 0.03376535902981498 seconds 144.83773374557495
POP 0 504 70 0.04361259810248915 seconds 147.23484539985657
POP 0 504 71 0.036159942419035286 seconds 148.22240257263184
POP 0 504 72 0.058310591842065405 seconds 149.22068738937378
POP 0 504 73 0.04252637468117341 seconds 150.46269536018372
POP 0 504 74 0.03827476832499971 seconds 151.44482111930847
POP 0 504 75 0.045851644485007094 seconds 152.23614358901978
POP 0 504 76 0.03591963536711928 seconds 153.35227942466736
POP 0 504 77 0.03569084259289372 seconds 155.90893507003784
POP 0 504 78 0.06482752598047317 seconds 156.59890270233154
POP 0 504 79 0.03639362344009805 seconds 157.90340328216553
POP 0 504 80 0.03508082822594361 seconds 158.99708318710327
POP 0 504 81 0.059733888464728865 seconds 159.63353562355042
POP 0 504 82 0.03281306450782165 seconds 161.63760447502136
POP 0 504 83 0.03458026822360849 seconds 162.75760412216187
POP 0 504 84 0.04898787374432097 seconds 163.64095997810364
POP 0 504 85 0.033690944510298616 seconds 164.6987907886505
POP 0 504 86 0.03228137639028556 seconds 165.94299459457397
POP 0 504 87 0.038690501486517294 seconds 166.8896083831787
POP 0 504 88 0.05750752927458066 seconds 168.99867224693298
POP 0 504 89 0.037354813773810336 seconds 171.2797782421112
POP 0 504 90 0.051883176061067786 seconds 171.893620967865
POP 0 504 91 0.044479535973023406 seconds 173.1960768699646
POP 0 504 92 0.04137088636852976 seconds 174.64142513275146
POP 0 504 93 0.04626555212943345 seconds 175.16461944580078
POP 0 504 94 0.0315432943471315 seconds 175.98097229003906
POP 0 504 95 0.03558954430938352 seconds 176.5636796951294
POP 0 504 96 0.04468031971253286 seconds 177.5791037082672
POP 0 504 97 0.03113382007356868 seconds 178.51920580863953
POP 0 504 98 0.03287094672786629 seconds 180.3551549911499
POP 0 504 99 0.046779822708636384 seconds 181.0273151397705
POP 0 504 100 0.05594353610990896 seconds 183.83802843093872
POP 0 504 101 0.03376118413096286 seconds 185.36419224739075
POP 0 504 102 0.0545987444358613 seconds 185.9371383190155
POP 0 504 103 0.03612887142849802 seconds 186.97383880615234
POP 0 504 104 0.041405580574898966 seconds 188.3258557319641
POP 0 504 105 0.05084363003058653 seconds 188.8914647102356
POP 0 504 106 0.03991607690049739 seconds 191.26403284072876
POP 0 504 107 0.08300770846985439 seconds 192.89811205863953
POP 0 504 108 0.04415004273410373 seconds 193.5439145565033
POP 0 504 109 0.04355311314147242 seconds 195.41262221336365
POP 0 504 110 0.030907211667365358 seconds 196.8955955505371
POP 0 504 111 0.060892368718345094 seconds 197.47016143798828
POP 0 504 112 0.029791332352309068 seconds 198.42087936401367
POP 0 504 113 0.03288718071122979 seconds 199.90022134780884
POP 0 504 114 0.03855400262034408 seconds 201.18977665901184
POP 0 504 115 0.03607585757515939 seconds 202.49362444877625
POP 0 504 116 0.04244883884722691 seconds 203.55498695373535
POP 0 504 117 0.056681577921291776 seconds 204.09139251708984
POP 0 504 118 0.03232144567679071 seconds 205.6839418411255
POP 0 504 119 0.06564517432041915 seconds 208.02087140083313
POP 0 504 120 0.06276183569283986 seconds 209.0508942604065
POP 0 504 121 0.030208980468524348 seconds 210.82249546051025
POP 0 504 122 0.0394368890991056 seconds 212.57480216026306
POP 0 504 123 0.05511401970995543 seconds 213.46904349327087
POP 0 504 124 0.0295260195093386 seconds 214.63771796226501
POP 0 504 125 0.05089288569362355 seconds 217.03380823135376
POP 0 504 126 0.05484996674845767 seconds 217.93906211853027
POP 0 504 127 0.05163131540260659 seconds 219.79464888572693
POP 0 504 128 0.067195003450794 seconds 222.43193912506104
POP 0 504 129 0.05938088174632283 seconds 223.7338569164276
POP 0 504 130 0.06577897046507253 seconds 225.98405933380127
POP 0 504 131 0.036668456220876146 seconds 227.23715019226074
POP 0 504 132 0.05437612762580345 seconds 228.08186411857605
POP 0 504 133 0.036927720465000716 seconds 229.57750368118286
POP 0 504 134 0.07097822653635448 seconds 231.42707777023315
POP 0 504 135 0.0719479152182799 seconds 232.08690094947815
POP 0 504 136 0.03020898046852435 seconds 234.09264874458313
POP 0 504 137 0.037756285199403 seconds 235.55529165267944
POP 0 504 138 0.046961753881500555 seconds 236.38811469078064
POP 0 504 139 0.0292935348535606 seconds 237.85979175567627
POP 0 504 140 0.03724314205974725 seconds 239.29056429862976
POP 0 504 141 0.05544438677346044 seconds 241.68117141723633
POP 0 504 142 0.029903482969497026 seconds 243.60231018066406
POP 0 504 143 0.09863997271017808 seconds 245.42152166366577
POP 0 504 144 0.052491037558509715 seconds 246.26869416236877
POP 0 504 145 0.0375394425362251 seconds 248.1659541130066
POP 0 504 146 0.03466648316132226 seconds 249.65721917152405
POP 0 504 147 0.060575842698011265 seconds 250.17926836013794
POP 0 504 148 0.05035469656208105 seconds 252.07244849205017
POP 0 504 149 0.04485956616807452 seconds 253.12298345565796
POP 0 504 150 0.04901023850435876 seconds 253.58667039871216
POP 0 504 151 0.029791332352309075 seconds 255.01179432868958
POP 0 504 152 0.038207010509669626 seconds 257.27618861198425
POP 0 504 153 0.05787052824226837 seconds 257.88825392723083
POP 0 504 154 0.0292935348535606 seconds 258.89822030067444
POP 0 504 155 0.03245822903449778 seconds 260.0242977142334
POP 0 504 156 0.061957617264776464 seconds 261.6679220199585
POP 0 504 157 0.05442125876173071 seconds 264.39648389816284
POP 0 504 158 0.03012392187485109 seconds 265.3062915802002
POP 0 504 159 0.06324837122747816 seconds 266.1189363002777
POP 0 504 160 0.03102599006030193 seconds 266.7406802177429
POP 0 504 161 0.030824303504576604 seconds 267.7026700973511
POP 0 504 162 0.05790181305972488 seconds 268.2949275970459
POP 0 504 163 0.029293534853560625 seconds 269.3833694458008
POP 0 504 164 0.029526019509338596 seconds 271.8241882324219
POP 0 504 165 0.03579091441832618 seconds 272.8140251636505
POP 0 504 166 0.06876429930366927 seconds 275.8635811805725
POP 0 504 167 0.043907325573327056 seconds 277.9844334125519
POP 0 504 168 0.05297600850753122 seconds 279.6702229976654
POP 0 504 169 0.0292935348535606 seconds 284.04971528053284
POP 0 504 170 0.11702747248501157 seconds 286.3556137084961
POP 0 504 171 0.06215670564335187 seconds 287.36860823631287
POP 0 504 172 0.10897402985033525 seconds 289.81161284446716
POP 0 504 173 0.1323280902379436 seconds 292.0703172683716
POP 0 504 174 0.05213071983749242 seconds 292.5632953643799
POP 0 504 175 0.07054200881762396 seconds 295.1099615097046
POP 0 504 176 0.03407620339257492 seconds 295.96776056289673
POP 0 504 177 0.05287218030434377 seconds 296.70073676109314
POP 0 504 178 0.03080255942305943 seconds 298.1726269721985
SAVE 0 best gates 24 loss 0.027943853594516694 seconds 299.88007521629333
SAVE 0 best gates 24 loss 0.02780345298568205 seconds 300.11017394065857
SAVE 0 best gates 24 loss 0.02780345298568182 seconds 300.7667260169983
POP 0 504 179 0.02780345298568182 seconds 300.86975502967834
POP 0 504 180 0.051357651182658 seconds 301.86337018013
POP 0 504 181 0.036792904912008845 seconds 303.5511157512665
POP 0 504 182 0.07990163939933707 seconds 307.8277642726898
POP 0 504 183 0.05656931920970286 seconds 308.6962311267853
POP 0 504 184 0.0362588594185566 seconds 312.27935791015625
POP 0 504 185 0.03387285805458471 seconds 313.9956257343292
POP 0 504 186 0.04108687292992833 seconds 314.57682156562805
POP 0 504 187 0.09902879794073798 seconds 317.5308771133423
POP 0 504 188 0.028461919041028037 seconds 318.8437535762787
POP 0 504 189 0.06999469904428847 seconds 319.770708322525
POP 0 504 190 0.039152619667883394 seconds 321.7191722393036
POP 0 504 191 0.1403438662910993 seconds 324.1640853881836
POP 0 504 192 0.05141580455398941 seconds 324.6704435348511
POP 0 504 193 0.03128108807276972 seconds 325.5485680103302
POP 0 504 194 0.03285168882383722 seconds 326.89972853660583
POP 0 504 195 0.051949800831764634 seconds 327.57552790641785
POP 0 504 196 0.10016615428625737 seconds 330.1318471431732
POP 0 504 197 0.037228734800289306 seconds 332.205331325531
POP 0 504 198 0.05217332422727785 seconds 333.094181060791
POP 0 504 199 0.031671141439590135 seconds 334.61322712898254
POP 0 504 200 0.030812418796448623 seconds 335.7824800014496
POP 0 504 201 0.03848141786898177 seconds 336.4245660305023
SAVE 0 best gates 24 loss 0.026907334920990816 seconds 337.44665598869324
POP 0 504 202 0.02690733492099481 seconds 337.7759985923767
POP 0 504 203 0.0904553275752698 seconds 339.37553429603577
POP 0 504 204 0.050730421281744285 seconds 340.24284386634827
POP 0 504 205 0.08651154193894903 seconds 341.75269985198975
POP 0 504 206 0.029412906510805678 seconds 343.04228019714355
POP 0 504 207 0.07309728546220327 seconds 343.97427344322205
POP 0 504 208 0.03373711061413798 seconds 345.46738386154175
POP 0 504 209 0.0605137049800714 seconds 347.7742004394531
POP 0 504 210 0.04834140195794648 seconds 349.36957335472107
POP 0 504 211 0.026907334920989744 seconds 350.39573669433594
POP 0 504 212 0.027734132049892224 seconds 351.28600668907166
POP 0 504 213 0.05636459298211183 seconds 351.7569491863251
POP 0 504 214 0.026907334920994806 seconds 352.5289533138275
POP 0 504 215 0.028159548829023894 seconds 353.91271591186523
POP 0 504 216 0.05325113246682615 seconds 354.4628949165344
POP 0 504 217 0.13582843368775316 seconds 357.13799142837524
POP 0 504 218 0.038861223039004 seconds 358.46646761894226
POP 0 504 219 0.04886686218704209 seconds 359.26581621170044
POP 0 504 220 0.038345640472624225 seconds 361.10652327537537
POP 0 504 221 0.13039388708487198 seconds 362.467342376709
POP 0 504 222 0.05104459856975097 seconds 363.0747768878937
POP 0 504 223 0.02991743775444437 seconds 364.72211027145386
SAVE 0 best gates 24 loss 0.026647314900152323 seconds 367.1250174045563
SAVE 0 best gates 24 loss 0.026647314900148454 seconds 367.3972899913788
POP 0 504 224 0.026647314900148454 seconds 367.51680183410645
POP 0 504 225 0.06878871135834908 seconds 368.9287452697754
POP 0 504 226 0.026981519894310125 seconds 370.3757598400116
POP 0 504 227 0.026647314900147524 seconds 371.9240183830261
POP 0 504 228 0.06280316571822551 seconds 372.4272449016571
POP 0 504 229 0.07932348845918841 seconds 374.4244222640991
SAVE 0 best gates 24 loss 0.026393816342040778 seconds 374.5436415672302
POP 0 504 230 0.026393816342051138 seconds 375.2634871006012
POP 0 504 231 0.04612167544849121 seconds 375.87945222854614
POP 0 504 232 0.05752065908391751 seconds 377.2865025997162
SAVE 0 best gates 24 loss 0.026393816342039984 seconds 377.6947412490845
POP 0 504 233 0.02639381634204266 seconds 377.9952964782715
POP 0 504 234 0.05635819025389524 seconds 378.4863395690918
POP 0 504 235 0.029429498213871197 seconds 379.5644783973694
POP 0 504 236 0.030245307817233148 seconds 380.5773310661316
POP 0 504 237 0.05497935714100928 seconds 381.1000556945801
POP 0 504 238 0.026393816342051145 seconds 381.97590589523315
POP 0 504 239 0.09458862279394599 seconds 384.2929401397705
POP 0 504 240 0.04777624959196561 seconds 385.0258860588074
SAVE 0 best gates 24 loss 0.026393816342039893 seconds 385.4224774837494
POP 0 504 241 0.02639381634205112 seconds 386.4414095878601
POP 0 504 242 0.02739282785882189 seconds 388.7043032646179
POP 0 504 243 0.03930672373315831 seconds 389.7251138687134
POP 0 504 244 0.026393816342042662 seconds 390.6511869430542
POP 0 504 245 0.029259080750557758 seconds 394.1898350715637
POP 0 504 246 0.052445466023470735 seconds 394.70361042022705
POP 0 504 247 0.03345260051736991 seconds 395.8064386844635
POP 0 504 248 0.039261493700352056 seconds 396.97850918769836
POP 0 504 249 0.05323274800100022 seconds 397.914843082428
POP 0 504 250 0.026393816342056804 seconds 399.04590487480164
POP 0 504 251 0.08316592871169451 seconds 401.1472864151001
POP 0 504 252 0.042669386306103556 seconds 403.0733685493469
POP 0 504 253 0.049553497821525946 seconds 404.8838906288147
POP 0 504 254 0.04908412843763823 seconds 407.20848655700684
POP 0 504 255 0.057589283448496065 seconds 407.7717719078064
POP 0 504 256 0.02639381634205114 seconds 409.2839312553406
POP 0 504 257 0.03049484788147341 seconds 410.48009157180786
POP 0 504 258 0.05695680611731237 seconds 411.4957597255707
POP 0 504 259 0.03871622963212667 seconds 412.88447666168213
POP 0 504 260 0.04840749386566105 seconds 415.2763500213623
POP 0 504 261 0.04338011121864873 seconds 415.8875153064728
POP 0 504 262 0.026393816342056804 seconds 417.7932479381561
POP 0 504 263 0.0298595938451146 seconds 420.12531995773315
POP 0 504 264 0.05686596320982797 seconds 420.7442977428436
POP 0 504 265 0.07640544370792185 seconds 423.10323452949524
POP 0 504 266 0.038756865824458975 seconds 425.45616936683655
POP 0 504 267 0.0542018169137156 seconds 426.0547113418579
POP 0 504 268 0.027499885748839045 seconds 427.227662563324
POP 0 504 269 0.03149287733054244 seconds 428.64365339279175
POP 0 504 270 0.04889571491645866 seconds 429.3793420791626
POP 0 504 271 0.08436402135672257 seconds 432.3978283405304
POP 0 504 272 0.04611640856592756 seconds 437.16162729263306
POP 0 504 273 0.03311968448168727 seconds 438.0769419670105
POP 0 504 274 0.026393816342042686 seconds 439.3145353794098
POP 0 504 275 0.11763465509088811 seconds 443.43656730651855
POP 0 504 276 0.06192728733015601 seconds 444.74008655548096
POP 0 504 277 0.03195833928591503 seconds 446.16280460357666
POP 0 504 278 0.03398750915170795 seconds 447.63252234458923
POP 0 504 279 0.05533997704494843 seconds 448.6184461116791
POP 0 504 280 0.03566872583248756 seconds 450.5086090564728
POP 0 504 281 0.028396647947438337 seconds 451.381227016449
POP 0 504 282 0.06572052537259004 seconds 451.9076554775238
POP 0 504 283 0.03374773228157406 seconds 454.64783787727356
POP 0 504 284 0.026908349109373234 seconds 455.46445894241333
POP 0 504 285 0.051837558745982934 seconds 456.1716537475586
POP 0 504 286 0.030834425541863865 seconds 458.7983675003052
POP 0 504 287 0.027926016299257565 seconds 460.00587916374207
POP 0 504 288 0.056323002999780665 seconds 460.7159492969513
POP 0 504 289 0.04215921229412851 seconds 463.48351192474365
POP 0 504 290 0.026393816342051128 seconds 464.30027532577515
POP 0 504 291 0.05557750492920086 seconds 465.5702431201935
POP 0 504 292 0.12418195994391709 seconds 469.3097610473633
POP 0 504 293 0.08888888290106431 seconds 472.9207854270935
POP 0 504 294 0.04954543174434632 seconds 475.6359746456146
POP 0 504 295 0.0733384785187154 seconds 478.3002851009369
POP 0 504 296 0.11542608527871279 seconds 492.8267993927002
POP 0 504 297 0.05628935241706936 seconds 496.04868626594543
POP 0 504 298 0.03368388090039044 seconds 508.7288861274719
POP 0 504 299 0.026742012606389635 seconds 515.0679247379303
POP 0 504 300 0.03926532734041951 seconds 516.4354770183563
POP 0 504 301 0.07493419096550022 seconds 519.1527254581451
POP 0 504 302 0.08837187562682096 seconds 521.327540397644
POP 0 504 303 0.06011866675384182 seconds 522.267126083374
POP 0 504 304 0.039314157613845165 seconds 525.204507112503
POP 0 504 305 0.07915059836647377 seconds 529.1054921150208
POP 0 504 306 0.04951327449567465 seconds 530.2536656856537
POP 0 504 307 0.07619068967887473 seconds 533.2121005058289
POP 0 504 308 0.03650678205238033 seconds 534.1946773529053
POP 0 504 309 0.05242944739981344 seconds 534.7038378715515
POP 0 504 310 0.02639381634205679 seconds 536.5035934448242
POP 0 504 311 0.053129424169909074 seconds 538.6530396938324
POP 0 504 312 0.05888614018252835 seconds 539.312237739563
POP 0 504 313 0.027392692078669484 seconds 541.246782541275
POP 0 504 314 0.0863494322415416 seconds 544.5626602172852
POP 0 504 315 0.046317344636058196 seconds 545.1579813957214
POP 0 504 316 0.03103836037056218 seconds 550.9836449623108
POP 0 504 317 0.055555526102931185 seconds 552.9152674674988
POP 0 504 318 0.0603336856543359 seconds 554.5639705657959
POP 0 504 319 0.027622429952510363 seconds 558.6906893253326
POP 0 504 320 0.030156657196438577 seconds 560.4837019443512
POP 0 504 321 0.0708948411521923 seconds 561.3004026412964
POP 0 504 322 0.028334050245102414 seconds 562.7154006958008
POP 0 504 323 0.02639381634204268 seconds 563.7505910396576
POP 0 504 324 0.05173452837276541 seconds 565.6762113571167
POP 0 504 325 0.027326597176808184 seconds 566.7166311740875
POP 0 504 326 0.04988923271771687 seconds 569.3032565116882
POP 0 504 327 0.052989508243908766 seconds 570.6488170623779
POP 0 504 328 0.04091335018119989 seconds 573.6358320713043
POP 0 504 329 0.026393816342051124 seconds 575.5459263324738
POP 0 504 330 0.04131823330354657 seconds 576.5728645324707
POP 0 504 331 0.026393816342056786 seconds 577.3097441196442
POP 0 504 332 0.026550769435218897 seconds 578.146998167038
POP 0 504 333 0.058682850330532964 seconds 579.0435106754303
POP 0 504 334 0.030277503647792102 seconds 580.5054564476013
POP 0 504 335 0.10648969971510908 seconds 583.6971788406372
POP 0 504 336 0.044706621047529815 seconds 584.7067544460297
POP 0 504 337 0.034498058732915574 seconds 586.0293731689453
POP 0 504 338 0.030959685786206857 seconds 587.5821087360382
POP 0 504 339 0.04706075460909449 seconds 589.0563499927521
POP 0 504 340 0.03147362023895461 seconds 590.5566329956055
POP 0 504 341 0.03295283381615832 seconds 592.4626824855804
POP 0 504 342 0.05003058839591786 seconds 594.5907292366028
POP 0 504 343 0.02639381634205113 seconds 596.3866891860962
POP 0 504 344 0.03282235773414945 seconds 598.3030247688293
POP 0 504 345 0.04962652844903095 seconds 599.0473909378052
POP 0 504 346 0.026393816342042666 seconds 600.6663711071014
POP 0 504 347 0.026393816342042686 seconds 602.0625386238098
POP 0 504 348 0.05776040145107423 seconds 603.7715425491333
POP 0 504 349 0.04042473701883215 seconds 604.9284574985504
POP 0 504 350 0.08688002239369699 seconds 607.1752209663391
POP 0 504 351 0.05283472059508168 seconds 607.9387075901031
POP 0 504 352 0.05866568545905356 seconds 612.7986092567444
POP 0 504 353 0.02639381634205113 seconds 615.6866881847382
POP 0 504 354 0.06149678608641631 seconds 616.9366195201874
POP 0 504 355 0.028951125992416376 seconds 619.5864856243134
POP 0 504 356 0.03149287733054244 seconds 621.8370161056519
POP 0 504 357 0.046928859560029346 seconds 623.3280620574951
POP 0 504 358 0.04004830154802994 seconds 624.8804044723511
POP 0 504 359 0.035927408137468385 seconds 627.2784349918365
POP 0 504 360 0.039675575350454025 seconds 629.1893634796143
POP 0 504 361 0.08462275145948445 seconds 632.2663292884827
POP 0 504 362 0.03739304977495901 seconds 634.4801154136658
POP 0 504 363 0.039285916412960274 seconds 635.1329209804535
POP 0 504 364 0.027042129310066484 seconds 636.8399460315704
POP 0 504 365 0.026858764868192823 seconds 638.0704412460327
POP 0 504 366 0.04870841127917002 seconds 638.9260723590851
POP 0 504 367 0.033137099535712575 seconds 640.6969110965729
POP 0 504 368 0.135810059813229 seconds 642.4919753074646
POP 0 504 369 0.075692957743553 seconds 643.1765048503876
POP 0 504 370 0.026561817196026977 seconds 644.5974638462067
POP 0 504 371 0.1139863545223353 seconds 646.8980476856232
POP 0 504 372 0.04710165879395079 seconds 647.607483625412
POP 0 504 373 0.03897043764387277 seconds 650.1266648769379
POP 0 504 374 0.02639381634204267 seconds 651.3927438259125
POP 0 504 375 0.05172494543306573 seconds 651.9414525032043
POP 0 504 376 0.03280074077470238 seconds 654.1776440143585
POP 0 504 377 0.07745232506315115 seconds 658.0767266750336
POP 0 504 378 0.05482398224188496 seconds 658.7560777664185
POP 0 504 379 0.04502879010247541 seconds 661.3565320968628
POP 0 504 380 0.09362628671893042 seconds 664.4770109653473
POP 0 504 381 0.04348408990511908 seconds 665.2294449806213
POP 0 504 382 0.026393816342056786 seconds 666.8860614299774
POP 0 504 383 0.026708143741096105 seconds 669.2940256595612
POP 0 504 384 0.05290996929073673 seconds 670.2843923568726
POP 0 504 385 0.0263938163420568 seconds 671.3220481872559
POP 0 504 386 0.13139766058179608 seconds 673.093697309494
POP 0 504 387 0.04393764597966544 seconds 674.9284071922302
POP 0 504 388 0.035674686776243046 seconds 676.2932691574097
POP 0 504 389 0.02664731490015232 seconds 678.4003148078918
POP 0 504 390 0.04582069727011756 seconds 679.1964039802551
POP 0 504 391 0.033691473244283184 seconds 681.1150798797607
POP 0 504 392 0.030335454374516613 seconds 683.0246751308441
POP 0 504 393 0.056213221638756174 seconds 684.0240581035614
POP 0 504 394 0.04007427002164963 seconds 687.1218221187592
POP 0 504 395 0.10324666612386962 seconds 690.8553302288055
POP 0 504 396 0.05491611282943639 seconds 692.5758624076843
POP 0 504 397 0.08157366843652311 seconds 696.3274440765381
POP 0 504 398 0.03227807149693202 seconds 699.1138188838959
POP 0 504 399 0.054644182351587224 seconds 699.9143455028534
POP 0 504 400 0.02639381634205113 seconds 701.3319165706635
POP 0 504 401 0.03528418756615003 seconds 704.1110961437225
POP 0 504 402 0.07311513429494787 seconds 705.0101082324982
POP 0 504 403 0.02837497711233566 seconds 706.7176795005798
POP 0 504 404 0.026916855400422535 seconds 709.8931891918182
POP 0 504 405 0.04230585489333482 seconds 711.8594424724579
POP 0 504 406 0.031540717626820904 seconds 716.4306473731995
POP 0 504 407 0.026644148610586647 seconds 718.7059414386749
POP 0 504 408 0.0593737360024761 seconds 720.1358485221863
POP 0 504 409 0.031611639089880704 seconds 721.0368504524231
POP 0 504 410 0.03541539227134778 seconds 722.4787089824677
POP 0 504 411 0.055710896855451816 seconds 723.116512298584
POP 0 504 412 0.027336372082719284 seconds 724.9709765911102
POP 0 504 413 0.04698832995760969 seconds 729.9098036289215
POP 0 504 414 0.05357067489232708 seconds 731.1988067626953
POP 0 504 415 0.03317430923413064 seconds 733.2491028308868
POP 0 504 416 0.026721311375450984 seconds 734.5887997150421
POP 0 504 417 0.05472310216212246 seconds 735.6484615802765
POP 0 504 418 0.035158545480981365 seconds 736.7834045886993
POP 0 504 419 0.03916785826381208 seconds 740.4461598396301
POP 0 504 420 0.06220927840067596 seconds 741.2912638187408
POP 0 504 421 0.11001612504753862 seconds 743.8107616901398
POP 0 504 422 0.03391940148914752 seconds 745.7961182594299
POP 0 504 423 0.06111020420283902 seconds 746.4916582107544
POP 0 504 424 0.04561043988458958 seconds 748.6940448284149
POP 0 504 425 0.030842209549411588 seconds 750.6271367073059
POP 0 504 426 0.04692728078467502 seconds 751.702623128891
POP 0 504 427 0.035158545480974635 seconds 754.5403032302856
POP 0 504 428 0.048713307988968876 seconds 757.1617562770844
POP 0 504 429 0.048322229593095754 seconds 758.2644593715668
POP 0 504 430 0.03041064469197162 seconds 760.2864990234375
POP 0 504 431 0.03875686582445896 seconds 763.4846873283386
POP 0 504 432 0.05268735595580549 seconds 764.3287448883057
POP 0 504 433 0.03367039237575648 seconds 765.7017397880554
POP 0 504 434 0.02846492497183871 seconds 768.6446211338043
POP 0 504 435 0.06889000087468074 seconds 769.3586421012878
POP 0 504 436 0.05587418923219945 seconds 771.9389319419861
POP 0 504 437 0.11009544846648958 seconds 775.1695713996887
POP 0 504 438 0.07318510237428308 seconds 776.3526043891907
POP 0 504 439 0.13105198712825677 seconds 778.4634873867035
POP 0 504 440 0.032165447940454804 seconds 780.4020578861237
POP 0 504 441 0.05185117952658762 seconds 781.2735917568207
POP 0 504 442 0.09237612155370944 seconds 784.5331676006317
POP 0 504 443 0.09269632523294742 seconds 786.7110133171082
POP 0 504 444 0.05042965776541479 seconds 787.2631869316101
POP 0 504 445 0.026393816342051128 seconds 789.0820486545563
POP 0 504 446 0.1218116604598764 seconds 790.5245676040649
POP 0 504 447 0.046881293022069 seconds 791.1766581535339
POP 0 504 448 0.03150959742644629 seconds 791.9605028629303
POP 0 504 449 0.15827205029101268 seconds 794.0833323001862
POP 0 504 450 0.05986988553666425 seconds 794.5517666339874
POP 0 504 451 0.02639381634205679 seconds 795.5539402961731
POP 0 504 452 0.02639381634205114 seconds 797.614846944809
POP 0 504 453 0.04610063641232433 seconds 798.4192354679108
POP 0 504 454 0.027174125989999673 seconds 799.5794713497162
POP 0 504 455 0.03167950616153353 seconds 801.2651641368866
POP 0 504 456 0.04604038747949001 seconds 802.1694228649139
POP 0 504 457 0.03650361818423801 seconds 803.138087272644
POP 0 504 458 0.028795849307615633 seconds 805.294887304306
POP 0 504 459 0.0611966921600882 seconds 806.5088012218475
POP 0 504 460 0.02639381634205679 seconds 807.5537285804749
POP 0 504 461 0.09229535071910942 seconds 810.1226954460144
POP 0 504 462 0.047371473380436 seconds 812.5202579498291
POP 0 504 463 0.0988238849918054 seconds 815.6231055259705
POP 0 504 464 0.026393816342042676 seconds 816.9010078907013
POP 0 504 465 0.04969934130299008 seconds 817.9898490905762
POP 0 504 466 0.02639381634205114 seconds 820.4285953044891
POP 0 504 467 0.0315843121449943 seconds 823.6867337226868
POP 0 504 468 0.04265927797624277 seconds 824.6495122909546
POP 0 504 469 0.03270976507464286 seconds 825.9360640048981
POP 0 504 470 0.10626430501787965 seconds 830.3507611751556
POP 0 504 471 0.048663858859774256 seconds 831.3125281333923
POP 0 504 472 0.09282489196241 seconds 833.3148465156555
POP 0 504 473 0.0263938163420568 seconds 834.7441329956055
POP 0 504 474 0.050777206879840935 seconds 836.3813173770905
POP 0 504 475 0.03815439720392402 seconds 837.814710855484
POP 0 504 476 0.03169342723598786 seconds 841.0263249874115
POP 0 504 477 0.050668007106154926 seconds 841.9537794589996
POP 0 504 478 0.04739627024321811 seconds 845.1909193992615
POP 0 504 479 0.12616269297252333 seconds 848.1887154579163
POP 0 504 480 0.066483466188808 seconds 848.7896254062653
POP 0 504 481 0.045449315646443236 seconds 851.0286767482758
POP 0 504 482 0.026393816342042672 seconds 851.7767102718353
POP 0 504 483 0.04401839256583037 seconds 852.3557887077332
POP 0 504 484 0.026393816342056793 seconds 853.8746252059937
POP 0 504 485 0.026647314900150817 seconds 854.822377204895
POP 0 504 486 0.053806970128562406 seconds 855.4699535369873
POP 0 504 487 0.026393816342056793 seconds 856.4697852134705
POP 0 504 488 0.026393816342056786 seconds 857.4295399188995
POP 0 504 489 0.04944014133495225 seconds 858.2523286342621
POP 0 504 490 0.031327190140416794 seconds 860.7102391719818
POP 0 504 491 0.036701731485487464 seconds 862.9087405204773
POP 0 504 492 0.05185447099342199 seconds 863.5039830207825
POP 0 504 493 0.13428953534446103 seconds 865.9798541069031
POP 0 504 494 0.03745217165062699 seconds 867.4267127513885
POP 0 504 495 0.04861822536860902 seconds 868.0366244316101
POP 0 504 496 0.10928374832628487 seconds 869.8238823413849
POP 0 504 497 0.15009844919100443 seconds 871.2360010147095
POP 0 504 498 0.06629629877089793 seconds 871.7781751155853
POP 0 504 499 0.03203044205828455 seconds 873.747820854187
POP 0 504 500 0.030084170308510003 seconds 875.5250942707062
POP 0 504 501 0.05584696068248358 seconds 876.5110778808594
POP 0 504 502 0.057744749013080104 seconds 879.0070662498474
POP 0 504 503 0.03284961159745053 seconds 881.0605688095093
POP 0 504 504 0.05050922055971216 seconds 881.5348014831543
POP 0 504 505 0.03261702929984073 seconds 883.2255966663361
POP 0 504 506 0.02952359981040319 seconds 885.3825178146362
POP 0 504 507 0.06153092948165778 seconds 886.280871629715
POP 0 504 508 0.03932117583409677 seconds 887.9966204166412
POP 0 504 509 0.03246797597170691 seconds 889.4725863933563
POP 0 504 510 0.05669641055202031 seconds 890.2142744064331
POP 0 504 511 0.02948868411471214 seconds 892.8817443847656
POP 0 504 512 0.026393816342051145 seconds 893.9567279815674
POP 0 504 513 0.055364053842335566 seconds 895.1043059825897
POP 0 504 514 0.06678637600325323 seconds 898.4071259498596
POP 0 504 515 0.036416078839493674 seconds 900.2166945934296
POP 0 504 516 0.07080823396537439 seconds 900.8264026641846
POP 0 504 517 0.033594964139021175 seconds 902.5614674091339
POP 0 504 518 0.09132094118781733 seconds 905.5437898635864
POP 0 504 519 0.0681437504725036 seconds 906.6473813056946
POP 0 504 520 0.030258830540408687 seconds 908.1645073890686
POP 0 504 521 0.03863826894654247 seconds 909.9427497386932
POP 0 504 522 0.05400241134867938 seconds 910.631489276886
POP 0 504 523 0.03762321257812785 seconds 912.1347320079803
POP 0 504 524 0.026561817196025368 seconds 913.7583470344543
POP 0 504 525 0.04508411177680285 seconds 914.4440770149231
POP 0 504 526 0.03178094434778664 seconds 916.2429549694061
POP 0 504 527 0.028388092522538485 seconds 918.076899766922
POP 0 504 528 0.04025634347351777 seconds 918.6976404190063
POP 0 504 529 0.037542078969485304 seconds 920.1674206256866
POP 0 504 530 0.02702683358347405 seconds 922.0014178752899
POP 0 504 531 0.049899005956533425 seconds 922.8210999965668
POP 0 504 532 0.02639381634205114 seconds 923.5822668075562
POP 0 504 533 0.0687670244800687 seconds 926.311949968338
POP 0 504 534 0.06822890326977492 seconds 926.8606693744659
POP 0 504 535 0.12148551295565212 seconds 929.2160680294037
POP 0 504 536 0.028362171252685604 seconds 931.1595792770386
POP 0 504 537 0.047679928214454305 seconds 932.5719938278198
POP 0 504 538 0.036562125708519105 seconds 936.0262269973755
POP 0 504 539 0.05160717327894445 seconds 938.0641977787018
POP 0 504 540 0.05752613911689726 seconds 938.8450427055359
POP 0 504 541 0.08331592732889515 seconds 941.567342042923
POP 0 504 542 0.030258830540408704 seconds 942.9746451377869
POP 0 504 543 0.06372763863720146 seconds 943.8263182640076
POP 0 504 544 0.12135053865187258 seconds 946.0866000652313
POP 0 504 545 0.03804264162818676 seconds 947.9958443641663
POP 0 504 546 0.061096638007319355 seconds 948.9698116779327
POP 0 504 547 0.03301582242756204 seconds 952.7912957668304
POP 0 504 548 0.02639381634205114 seconds 953.4866211414337
POP 0 504 549 0.054708752280048636 seconds 954.1122860908508
POP 0 504 550 0.12806611257546516 seconds 955.3898437023163
POP 0 504 551 0.031157948208598536 seconds 956.4099507331848
POP 0 504 552 0.06013501773786619 seconds 957.3375623226166
POP 0 504 553 0.02827265945878646 seconds 958.1493988037109
POP 0 504 554 0.028410463441991232 seconds 959.0828704833984
POP 0 504 555 0.05303298384083252 seconds 959.6179225444794
POP 0 504 556 0.0470760961132699 seconds 962.0120639801025
POP 0 504 557 0.03101930534092191 seconds 963.920423746109
POP 0 504 558 0.06082329305452188 seconds 964.5322365760803
POP 0 504 559 0.08064671767866084 seconds 967.8602252006531
POP 0 504 560 0.07715056668760839 seconds 970.8175826072693
POP 0 504 561 0.05934762931643265 seconds 971.6705996990204
POP 0 504 562 0.04149959798477959 seconds 973.8050844669342
POP 0 504 563 0.027552246924636505 seconds 974.7703337669373
POP 0 504 564 0.05693881457757623 seconds 975.401871919632
POP 0 504 565 0.03644253678086455 seconds 978.6534521579742
POP 0 504 566 0.04954782730157015 seconds 981.3693709373474
POP 0 504 567 0.060888985058004344 seconds 982.2515957355499
POP 0 504 568 0.07077032837429764 seconds 985.9625670909882
POP 0 504 569 0.02699494601922442 seconds 988.5038335323334
POP 0 504 570 0.05628863621099464 seconds 989.7630860805511
POP 0 504 571 0.03955203251302217 seconds 991.407185792923
POP 0 504 572 0.03991673065316173 seconds 993.6230683326721
POP 0 504 573 0.04157722646137563 seconds 994.4087388515472
POP 0 504 574 0.02855042865440681 seconds 995.67502617836
POP 0 504 575 0.032031872240069786 seconds 997.6305446624756
POP 0 504 576 0.050863809774371244 seconds 998.2864472866058
POP 0 504 577 0.026334575681961885 seconds 999.4140923023224
POP 0 504 578 0.033901035804264214 seconds 1002.6871871948242
POP 0 504 579 0.07089741976205867 seconds 1003.6127038002014
POP 0 504 580 0.03831368005628774 seconds 1004.7494118213654
POP 0 504 581 0.0879696706448283 seconds 1007.5121750831604
POP 0 504 582 0.05393222349707164 seconds 1008.5451529026031
POP 0 504 583 0.10754482043597192 seconds 1010.0348312854767
POP 0 504 584 0.04093137825102567 seconds 1012.4552578926086
POP 0 504 585 0.05033616115847672 seconds 1013.1399245262146
POP 0 504 586 0.03724143237781866 seconds 1014.6472492218018
POP 0 504 587 0.030655546375720634 seconds 1016.6389133930206
POP 0 504 588 0.06022367063389114 seconds 1017.3246073722839
POP 0 504 589 0.03753732909397824 seconds 1018.8093583583832
POP 0 504 590 0.15224170055486816 seconds 1021.2329285144806
POP 0 504 591 0.04252891950656121 seconds 1022.5826456546783
POP 0 504 592 0.03341361455684973 seconds 1024.666996717453
POP 0 504 593 0.0284688398681533 seconds 1026.2138886451721
POP 0 504 594 0.04129279202769788 seconds 1026.9409084320068
POP 0 504 595 0.11374542897492623 seconds 1029.2258079051971
POP 0 504 596 0.033317725239431766 seconds 1030.6844618320465
POP 0 504 597 0.053485700858453784 seconds 1032.0068380832672
POP 0 504 598 0.04284527864700723 seconds 1035.7348396778107
POP 0 504 599 0.09896328600549492 seconds 1038.1878218650818
POP 0 504 600 0.04988149878059645 seconds 1038.8387744426727
POP 0 504 601 0.026319619424221438 seconds 1042.6404173374176
POP 0 504 602 0.028831986314385008 seconds 1044.5173091888428
POP 0 504 603 0.06432304113881562 seconds 1045.67613697052
POP 0 504 604 0.02903561102084364 seconds 1049.0164473056793
POP 0 504 605 0.02784735985075421 seconds 1050.009170293808
POP 0 504 606 0.0651458869322634 seconds 1050.5058805942535
POP 0 504 607 0.04105031663898587 seconds 1054.4822192192078
POP 0 504 608 0.030954432847482522 seconds 1057.6068065166473
POP 0 504 609 0.05571614501170436 seconds 1058.6608600616455
POP 0 504 610 0.027780545853233442 seconds 1059.9787168502808
POP 0 504 611 0.02713714691877359 seconds 1062.3618938922882
POP 0 504 612 0.0656683883538287 seconds 1063.70538854599
POP 0 504 613 0.10640040362457621 seconds 1065.4620852470398
POP 0 504 614 0.06452946665448824 seconds 1067.800383090973
POP 0 504 615 0.0600985156162983 seconds 1068.821753025055
POP 0 504 616 0.0319241895172471 seconds 1071.4295177459717
POP 0 504 617 0.1028652169119542 seconds 1073.6913213729858
POP 0 504 618 0.05319990132311594 seconds 1074.4307098388672
POP 0 504 619 0.058389772168521425 seconds 1077.681765794754
POP 0 504 620 0.03308207043691749 seconds 1079.696103811264
POP 0 504 621 0.060006421631639065 seconds 1080.6038954257965
POP 0 504 622 0.02631961942422144 seconds 1082.4467995166779
POP 0 504 623 0.05105979611292907 seconds 1085.3790051937103
POP 0 504 624 0.04822219785019439 seconds 1086.7989675998688
POP 0 504 625 0.07685422795754922 seconds 1091.3345096111298
POP 0 504 626 0.08216136824486509 seconds 1093.8263804912567
POP 0 504 627 0.07078554545761638 seconds 1095.209710597992
POP 0 504 628 0.030851191241697662 seconds 1096.1064105033875
POP 0 504 629 0.13117275758754107 seconds 1097.7672774791718
POP 0 504 630 0.061244135061259065 seconds 1098.4915084838867
POP 0 504 631 0.03824064434408359 seconds 1101.1744520664215
POP 0 504 632 0.026319619424221428 seconds 1102.3393499851227
POP 0 504 633 0.06828141215194737 seconds 1102.8737118244171
POP 0 504 634 0.026319619424221438 seconds 1103.9924893379211
POP 0 504 635 0.027086858639864653 seconds 1106.0279231071472
POP 0 504 636 0.06955872817152195 seconds 1107.4313564300537
POP 0 504 637 0.07574541351449174 seconds 1111.5390107631683
POP 0 504 638 0.029218969705944058 seconds 1113.148640871048
POP 0 504 639 0.06650840383388178 seconds 1113.6634805202484
SAVE 0 best gates 24 loss 0.025907060076390903 seconds 1114.6370024681091
POP 0 504 640 0.025907060076390903 seconds 1114.7770030498505
POP 0 504 641 0.025907060076391694 seconds 1115.6239013671875
POP 0 504 642 0.05182628131706 seconds 1116.7911009788513
POP 0 504 643 0.033883484176900326 seconds 1117.7137067317963
POP 0 504 644 0.025907060076391708 seconds 1119.452407836914
POP 0 504 645 0.0432180294693317 seconds 1120.122990846634
POP 0 504 646 0.03821768364488637 seconds 1121.3899266719818
POP 0 504 647 0.02832670710159643 seconds 1123.065847158432
POP 0 504 648 0.05289348254666048 seconds 1124.1251528263092
POP 0 504 649 0.028275789288401788 seconds 1125.1107394695282
POP 0 504 650 0.02909226322123419 seconds 1126.6425547599792
POP 0 504 651 0.06172485486714841 seconds 1127.247468471527
POP 0 504 652 0.04108281582783151 seconds 1129.3432862758636
POP 0 504 653 0.031121929575212835 seconds 1131.7878196239471
POP 0 504 654 0.059140334259016186 seconds 1133.3343739509583
POP 0 504 655 0.029071542079266367 seconds 1134.3814816474915
POP 0 504 656 0.06348623576210163 seconds 1136.7868301868439
POP 0 504 657 0.06622465190431961 seconds 1137.3557360172272
POP 0 504 658 0.07020950628019364 seconds 1140.9186413288116
POP 0 504 659 0.025812750680921117 seconds 1143.172068119049
POP 0 504 660 0.05301507741207857 seconds 1144.2540798187256
POP 0 504 661 0.0374199685737843 seconds 1147.2991378307343
POP 0 504 662 0.030360712977403503 seconds 1148.9565596580505
POP 0 504 663 0.05372574132559813 seconds 1150.9171135425568
POP 0 504 664 0.07149979688925852 seconds 1153.9668822288513
POP 0 504 665 0.025812750680921107 seconds 1156.343777179718
POP 0 504 666 0.053808525309813844 seconds 1157.9364140033722
POP 0 504 667 0.05262422808828248 seconds 1159.9122197628021
POP 0 504 668 0.04533332450383072 seconds 1163.4898889064789
POP 0 504 669 0.05371986957373283 seconds 1164.4310791492462
POP 0 504 670 0.03202402098419781 seconds 1167.3271117210388
POP 0 504 671 0.15884646870890756 seconds 1169.2005362510681
POP 0 504 672 0.052713746026122485 seconds 1169.9923655986786
POP 0 504 673 0.08597871402138418 seconds 1174.0238583087921
POP 0 504 674 0.025812750680921114 seconds 1175.3361248970032
POP 0 504 675 0.039879702521109055 seconds 1176.146615743637
POP 0 504 676 0.02677451801043239 seconds 1177.5388312339783
POP 0 504 677 0.037959040702243305 seconds 1178.9019317626953
POP 0 504 678 0.06027217449385421 seconds 1180.0418543815613
