GROW 1 1 0.8013936511172736
GROW 1 2 0.7201317084705836
GROW 1 3 0.6321149637973426
GROW 1 4 0.5672387036461344
GROW 1 5 0.5130652640913651
GROW 1 6 0.459263486728438
GROW 1 7 0.4246675749867587
GROW 1 8 0.38075906682517136
GROW 1 9 0.34275454100516334
GROW 1 10 0.30234849915228834
GROW 1 11 0.2720400082405186
GROW 1 12 0.24613750948894345
GROW 1 13 0.2163731914016485
GROW 1 14 0.1948118291863147
GROW 1 15 0.1764216928129169
GROW 1 16 0.15650403108050095
GROW 1 17 0.13893110590325472
GROW 1 18 0.12352868090165887
GROW 1 19 0.10912304730274437
GROW 1 20 0.09614380215621125
GROW 1 21 0.08123649590819715
GROW 1 22 0.07159016484147247
GROW 1 23 0.06296445435118914
GROW 1 24 0.05561291801829746
GROW 1 25 0.04931935982613583
GROW 1 26 0.04398837651943882
GROW 1 27 0.03846574836708486
GROW 1 28 0.03189526220079841
SAVE 1 best gates 28 loss 0.03189526220079841 seconds 0.12451362609863281
SAVE 1 best gates 28 loss 0.03189526220079716 seconds 0.5386850833892822
SAVE 1 best gates 28 loss 0.03189526220079696 seconds 0.6871838569641113
ITER 1 10 current 0.03833668095637645 best 0.03189526220079696 stagnation 1
ITER 1 20 current 0.09686450508654405 best 0.03189526220079696 stagnation 1
SAVE 1 best gates 28 loss 0.03189526220079664 seconds 2.074187755584717
ITER 1 30 current 0.08968694185863073 best 0.03189526220079664 stagnation 1
ITER 1 40 current 0.10585794303485785 best 0.03189526220079664 stagnation 1
ITER 1 50 current 0.033946881100325024 best 0.03189526220079664 stagnation 0
ITER 1 60 current 0.03189526220079667 best 0.03189526220079664 stagnation 0
ITER 1 70 current 0.05110304972082135 best 0.03189526220079664 stagnation 1
ITER 1 80 current 0.03710243641692806 best 0.03189526220079664 stagnation 0
SAVE 1 best gates 28 loss 0.03189526220079654 seconds 6.8675384521484375
ITER 1 90 current 0.03602075146142954 best 0.03189526220079654 stagnation 1
ITER 1 100 current 0.04931431270243066 best 0.03189526220079654 stagnation 0
ITER 1 110 current 0.03938502905202035 best 0.03189526220079654 stagnation 0
ITER 1 120 current 0.057619113767650894 best 0.03189526220079654 stagnation 1
SAVE 1 best gates 28 loss 0.03189526220079652 seconds 9.47228717803955
ITER 1 130 current 0.04266041504451962 best 0.03189526220079652 stagnation 1
ITER 1 140 current 0.031895262200804395 best 0.03189526220079652 stagnation 0
SAVE 1 best gates 28 loss 0.031895262200796505 seconds 10.548798561096191
ITER 1 150 current 0.0435113576788974 best 0.031895262200796505 stagnation 0
ITER 1 160 current 0.03189526220079679 best 0.031895262200796505 stagnation 0
ITER 1 170 current 0.054967219224868864 best 0.031895262200796505 stagnation 1
ITER 1 180 current 0.03704796801269447 best 0.031895262200796505 stagnation 1
ITER 1 190 current 0.05767733144935164 best 0.031895262200796505 stagnation 0
ITER 1 200 current 0.05381890943645758 best 0.031895262200796505 stagnation 1
ITER 1 210 current 0.03902900232457873 best 0.031895262200796505 stagnation 0
SAVE 1 best gates 28 loss 0.031745220523483914 seconds 16.591156482696533
SAVE 1 best gates 28 loss 0.03174522052348284 seconds 16.740061044692993
ITER 1 220 current 0.06357445730809555 best 0.03174522052348284 stagnation 1
SAVE 1 best gates 28 loss 0.03174522052348225 seconds 17.094074010849
ITER 1 230 current 0.09976484502384897 best 0.03174522052348225 stagnation 1
ITER 1 240 current 0.04335445860417197 best 0.03174522052348225 stagnation 0
ITER 1 250 current 0.056427648768575124 best 0.03174522052348225 stagnation 1
ITER 1 260 current 0.16935692195488894 best 0.03174522052348225 stagnation 1
ITER 1 270 current 0.04928407886643711 best 0.03174522052348225 stagnation 1
SAVE 1 best gates 28 loss 0.03174522052348221 seconds 21.045825242996216
ITER 1 280 current 0.03174522052348292 best 0.03174522052348221 stagnation 0
ITER 1 290 current 0.03174522052348315 best 0.03174522052348221 stagnation 0
SAVE 1 best gates 28 loss 0.03174522052348179 seconds 22.86244797706604
ITER 1 300 current 0.045389667918544985 best 0.03174522052348179 stagnation 2
ITER 1 310 current 0.0317452205234841 best 0.03174522052348179 stagnation 0
SAVE 1 best gates 28 loss 0.03174522052348169 seconds 24.771087408065796
ITER 1 320 current 0.21249116167479445 best 0.03174522052348169 stagnation 2
ITER 1 330 current 0.07242185006730167 best 0.03174522052348169 stagnation 0
ITER 1 340 current 0.04029197535475846 best 0.03174522052348169 stagnation 0
ITER 1 350 current 0.04263380499212628 best 0.03174522052348169 stagnation 0
ITER 1 360 current 0.0468111423732047 best 0.03174522052348169 stagnation 0
ITER 1 370 current 0.032477140465095894 best 0.03174522052348169 stagnation 0
ITER 1 380 current 0.059660316160689085 best 0.03174522052348169 stagnation 0
ITER 1 390 current 0.03700542067964993 best 0.03174522052348169 stagnation 1
ITER 1 400 current 0.03756226828170214 best 0.03174522052348169 stagnation 1
ITER 1 410 current 0.03549530119322148 best 0.03174522052348169 stagnation 0
SAVE 1 best gates 28 loss 0.03174522052348167 seconds 31.06950545310974
ITER 1 420 current 0.03174522052348167 best 0.03174522052348167 stagnation 1
ITER 1 430 current 0.039256111888357814 best 0.03174522052348167 stagnation 1
ITER 1 440 current 0.03174522052348203 best 0.03174522052348167 stagnation 0
ITER 1 450 current 0.1719812011887821 best 0.03174522052348167 stagnation 0
ITER 1 460 current 0.06265408743533406 best 0.03174522052348167 stagnation 0
ITER 1 470 current 0.060550553427368106 best 0.03174522052348167 stagnation 1
ITER 1 480 current 0.038372763736729 best 0.03174522052348167 stagnation 0
SAVE 1 best gates 28 loss 0.031745220523481665 seconds 37.176872968673706
ITER 1 490 current 0.10901466218885564 best 0.031745220523481665 stagnation 2
ITER 1 500 current 0.1144335265789061 best 0.031745220523481665 stagnation 0
ITER 1 510 current 0.0865550438904788 best 0.031745220523481665 stagnation 1
ITER 1 520 current 0.03774047286777468 best 0.031745220523481665 stagnation 1
ITER 1 530 current 0.04101778475069613 best 0.031745220523481665 stagnation 1
ITER 1 540 current 0.039584773833039724 best 0.031745220523481665 stagnation 1
ITER 1 550 current 0.13527722056502337 best 0.031745220523481665 stagnation 1
ITER 1 560 current 0.07676865919316744 best 0.031745220523481665 stagnation 0
ITER 1 570 current 0.04537796879625189 best 0.031745220523481665 stagnation 0
ITER 1 580 current 0.06618574421456783 best 0.031745220523481665 stagnation 1
ITER 1 590 current 0.03889932119332488 best 0.031745220523481665 stagnation 1
ITER 1 600 current 0.03549197585052988 best 0.031745220523481665 stagnation 0
ITER 1 610 current 0.04678358052757404 best 0.031745220523481665 stagnation 0
ITER 1 620 current 0.03648079047365855 best 0.031745220523481665 stagnation 0
ITER 1 630 current 0.03174522052348407 best 0.031745220523481665 stagnation 0
ITER 1 640 current 0.03391824863435377 best 0.031745220523481665 stagnation 0
ITER 1 650 current 0.031745220523484566 best 0.031745220523481665 stagnation 0
ITER 1 660 current 0.03174522052348999 best 0.031745220523481665 stagnation 0
ITER 1 670 current 0.04571827889123314 best 0.031745220523481665 stagnation 0
ITER 1 680 current 0.06188598576039554 best 0.031745220523481665 stagnation 1
ITER 1 690 current 0.03771527858314235 best 0.031745220523481665 stagnation 1
ITER 1 700 current 0.03174522052348231 best 0.031745220523481665 stagnation 0
SAVE 1 best gates 28 loss 0.03174522052348164 seconds 60.6485435962677
ITER 1 710 current 0.04266752648245217 best 0.03174522052348164 stagnation 0
ITER 1 720 current 0.10103517859370069 best 0.03174522052348164 stagnation 1
ITER 1 730 current 0.03761760532937327 best 0.03174522052348164 stagnation 1
ITER 1 740 current 0.03381200766977907 best 0.03174522052348164 stagnation 0
ITER 1 750 current 0.07746975058184524 best 0.03174522052348164 stagnation 0
ITER 1 760 current 0.03238887367138105 best 0.03174522052348164 stagnation 0
ITER 1 770 current 0.07276810205330185 best 0.03174522052348164 stagnation 0
ITER 1 780 current 0.24441593537288772 best 0.03174522052348164 stagnation 1
ITER 1 790 current 0.04034181125182798 best 0.03174522052348164 stagnation 1
ITER 1 800 current 0.05968606830206558 best 0.03174522052348164 stagnation 1
ITER 1 810 current 0.031745220523487466 best 0.03174522052348164 stagnation 0
ITER 1 820 current 0.031745220523486085 best 0.03174522052348164 stagnation 0
ITER 1 830 current 0.04124598634333937 best 0.03174522052348164 stagnation 2
ITER 1 840 current 0.10119807036732446 best 0.03174522052348164 stagnation 1
ITER 1 850 current 0.03648691375892127 best 0.03174522052348164 stagnation 0
ITER 1 860 current 0.06698648284036064 best 0.03174522052348164 stagnation 1
ITER 1 870 current 0.033461595884450725 best 0.03174522052348164 stagnation 1
ITER 1 880 current 0.1006931037987975 best 0.03174522052348164 stagnation 2
ITER 1 890 current 0.03270084649747204 best 0.03174522052348164 stagnation 0
ITER 1 900 current 0.0735610244047119 best 0.03174522052348164 stagnation 0
SAVE 1 best gates 28 loss 0.03174522052348163 seconds 79.86575651168823
ITER 1 910 current 0.04773875205528916 best 0.03174522052348163 stagnation 0
SAVE 1 best gates 28 loss 0.02999033841661688 seconds 81.21346783638
SAVE 1 best gates 28 loss 0.026790641490518633 seconds 81.26556348800659
ITER 1 920 current 0.026790641490518633 best 0.026790641490518633 stagnation 0
SAVE 1 best gates 28 loss 0.026790641490518623 seconds 81.72920894622803
ITER 1 930 current 0.036448572372287484 best 0.026790641490518623 stagnation 1
SAVE 1 best gates 28 loss 0.02679064149051792 seconds 81.96144127845764
ITER 1 940 current 0.26851185509091263 best 0.02679064149051792 stagnation 1
ITER 1 950 current 0.08176648164619474 best 0.02679064149051792 stagnation 1
ITER 1 960 current 0.032110601753369744 best 0.02679064149051792 stagnation 0
ITER 1 970 current 0.030518321959100047 best 0.02679064149051792 stagnation 0
ITER 1 980 current 0.02679064149051809 best 0.02679064149051792 stagnation 0
SAVE 1 best gates 28 loss 0.026696114846019615 seconds 85.9878613948822
SAVE 1 best gates 28 loss 0.026696114846015417 seconds 86.14066004753113
ITER 1 990 current 0.03765714429283677 best 0.026696114846015417 stagnation 0
SAVE 1 best gates 28 loss 0.026696114846015348 seconds 86.59587860107422
ITER 1 1000 current 0.06200065921807791 best 0.026696114846015348 stagnation 1
SAVE 1 best gates 28 loss 0.02669611484601532 seconds 87.59441089630127
ITER 1 1010 current 0.08383822021399447 best 0.02669611484601532 stagnation 1
ITER 1 1020 current 0.09533173311760287 best 0.02669611484601532 stagnation 1
SAVE 1 best gates 28 loss 0.026696114846015317 seconds 89.8666512966156
ITER 1 1030 current 0.08100939189952512 best 0.026696114846015317 stagnation 2
ITER 1 1040 current 0.08086279340564562 best 0.026696114846015317 stagnation 0
ITER 1 1050 current 0.026696114846019657 best 0.026696114846015317 stagnation 0
SAVE 1 best gates 28 loss 0.02669611484601531 seconds 93.22592425346375
ITER 1 1060 current 0.08829206197760692 best 0.02669611484601531 stagnation 1
ITER 1 1070 current 0.03583811986575477 best 0.02669611484601531 stagnation 0
ITER 1 1080 current 0.030980887391564304 best 0.02669611484601531 stagnation 0
SAVE 1 best gates 28 loss 0.026696114846015306 seconds 96.29895758628845
ITER 1 1090 current 0.026696114846015626 best 0.026696114846015306 stagnation 0
ITER 1 1100 current 0.03457175794072901 best 0.026696114846015306 stagnation 0
ITER 1 1110 current 0.027539560429922286 best 0.026696114846015306 stagnation 0
ITER 1 1120 current 0.06461269285983476 best 0.026696114846015306 stagnation 1
ITER 1 1130 current 0.04589753199673419 best 0.026696114846015306 stagnation 0
SAVE 1 best gates 28 loss 0.026348067496542303 seconds 100.42304539680481
ITER 1 1140 current 0.026348067496542303 best 0.026348067496542303 stagnation 0
SAVE 1 best gates 28 loss 0.026348067496540544 seconds 100.48007678985596
SAVE 1 best gates 28 loss 0.026348067496540048 seconds 100.59904789924622
ITER 1 1150 current 0.026575933718884386 best 0.026348067496540048 stagnation 2
SAVE 1 best gates 28 loss 0.02633930169292481 seconds 101.32261490821838
ITER 1 1160 current 0.037851295119835426 best 0.02633930169292481 stagnation 0
SAVE 1 best gates 28 loss 0.026339301692924602 seconds 102.01773715019226
ITER 1 1170 current 0.027603140267018315 best 0.026339301692924602 stagnation 1
ITER 1 1180 current 0.06294446846338665 best 0.026339301692924602 stagnation 0
ITER 1 1190 current 0.09873711440988435 best 0.026339301692924602 stagnation 1
ITER 1 1200 current 0.03526088500550227 best 0.026339301692924602 stagnation 0
SAVE 1 best gates 28 loss 0.026339301692924557 seconds 103.9397337436676
ITER 1 1210 current 0.03241153334617185 best 0.026339301692924557 stagnation 0
ITER 1 1220 current 0.026339301692926965 best 0.026339301692924557 stagnation 0
ITER 1 1230 current 0.02633930169293431 best 0.026339301692924557 stagnation 0
ITER 1 1240 current 0.10809668930101436 best 0.026339301692924557 stagnation 1
ITER 1 1250 current 0.031982793657105754 best 0.026339301692924557 stagnation 1
ITER 1 1260 current 0.026339301692924644 best 0.026339301692924557 stagnation 0
ITER 1 1270 current 0.02754096476016233 best 0.026339301692924557 stagnation 1
ITER 1 1280 current 0.03774348444422799 best 0.026339301692924557 stagnation 0
ITER 1 1290 current 0.03364329855004636 best 0.026339301692924557 stagnation 0
ITER 1 1300 current 0.19674203148736127 best 0.026339301692924557 stagnation 0
ITER 1 1310 current 0.08874355065780212 best 0.026339301692924557 stagnation 0
ITER 1 1320 current 0.03317558919415033 best 0.026339301692924557 stagnation 0
ITER 1 1330 current 0.06276319798316123 best 0.026339301692924557 stagnation 1
ITER 1 1340 current 0.04063415086038458 best 0.026339301692924557 stagnation 0
ITER 1 1350 current 0.03705676298562927 best 0.026339301692924557 stagnation 0
ITER 1 1360 current 0.026339301692926316 best 0.026339301692924557 stagnation 0
ITER 1 1370 current 0.04276227071891606 best 0.026339301692924557 stagnation 0
ITER 1 1380 current 0.03886736581331523 best 0.026339301692924557 stagnation 0
ITER 1 1390 current 0.026339301692925414 best 0.026339301692924557 stagnation 0
ITER 1 1400 current 0.04644588211611726 best 0.026339301692924557 stagnation 0
ITER 1 1410 current 0.02633930169292613 best 0.026339301692924557 stagnation 0
ITER 1 1420 current 0.03614870888886338 best 0.026339301692924557 stagnation 1
ITER 1 1430 current 0.026339301692927065 best 0.026339301692924557 stagnation 0
SAVE 1 best gates 28 loss 0.026339301692924547 seconds 121.02101254463196
ITER 1 1440 current 0.026339301692925133 best 0.026339301692924547 stagnation 0
SAVE 1 best gates 28 loss 0.02633930169292454 seconds 121.45465993881226
ITER 1 1450 current 0.10890642622227634 best 0.02633930169292454 stagnation 0
ITER 1 1460 current 0.030226415070178557 best 0.02633930169292454 stagnation 0
ITER 1 1470 current 0.026339301692925962 best 0.02633930169292454 stagnation 0
SAVE 1 best gates 28 loss 0.02633930169292453 seconds 124.39616584777832
ITER 1 1480 current 0.03208454998122513 best 0.02633930169292453 stagnation 1
ITER 1 1490 current 0.03576394954731586 best 0.02633930169292453 stagnation 0
ITER 1 1500 current 0.06197545847422136 best 0.02633930169292453 stagnation 1
ITER 1 1510 current 0.109991964726131 best 0.02633930169292453 stagnation 1
ITER 1 1520 current 0.06320688997164432 best 0.02633930169292453 stagnation 1
ITER 1 1530 current 0.026339301692927676 best 0.02633930169292453 stagnation 0
ITER 1 1540 current 0.14346150913172256 best 0.02633930169292453 stagnation 0
ITER 1 1550 current 0.02633930169292495 best 0.02633930169292453 stagnation 0
ITER 1 1560 current 0.026339301692926156 best 0.02633930169292453 stagnation 0
ITER 1 1570 current 0.04165395107559219 best 0.02633930169292453 stagnation 0
ITER 1 1580 current 0.026339301692926084 best 0.02633930169292453 stagnation 0
ITER 1 1590 current 0.03725208534275655 best 0.02633930169292453 stagnation 0
ITER 1 1600 current 0.03132366462242486 best 0.02633930169292453 stagnation 0
ITER 1 1610 current 0.026339301692926344 best 0.02633930169292453 stagnation 0
ITER 1 1620 current 0.04832116022337654 best 0.02633930169292453 stagnation 1
ITER 1 1630 current 0.03298489958403556 best 0.02633930169292453 stagnation 0
ITER 1 1640 current 0.03748404819572164 best 0.02633930169292453 stagnation 2
ITER 1 1650 current 0.07373337485767838 best 0.02633930169292453 stagnation 0
ITER 1 1660 current 0.054587652156248063 best 0.02633930169292453 stagnation 1
ITER 1 1670 current 0.031300915983328056 best 0.02633930169292453 stagnation 1
ITER 1 1680 current 0.03526118754766498 best 0.02633930169292453 stagnation 0
ITER 1 1690 current 0.02633930169292683 best 0.02633930169292453 stagnation 0
ITER 1 1700 current 0.05288268099120539 best 0.02633930169292453 stagnation 0
ITER 1 1710 current 0.026339301692924533 best 0.02633930169292453 stagnation 1
ITER 1 1720 current 0.044132955848950293 best 0.02633930169292453 stagnation 0
ITER 1 1730 current 0.17487201196808347 best 0.02633930169292453 stagnation 1
ITER 1 1740 current 0.06122770765616099 best 0.02633930169292453 stagnation 0
ITER 1 1750 current 0.14346150913172256 best 0.02633930169292453 stagnation 0
ITER 1 1760 current 0.037066480510946076 best 0.02633930169292453 stagnation 1
ITER 1 1770 current 0.0365327889703703 best 0.02633930169292453 stagnation 0
ITER 1 1780 current 0.026339301692926174 best 0.02633930169292453 stagnation 0
ITER 1 1790 current 0.03911947636859847 best 0.02633930169292453 stagnation 0
ITER 1 1800 current 0.026339301692924734 best 0.02633930169292453 stagnation 0
ITER 1 1810 current 0.051113986114914654 best 0.02633930169292453 stagnation 0
ITER 1 1820 current 0.026339301692926517 best 0.02633930169292453 stagnation 0
SAVE 1 best gates 28 loss 0.02595664520395125 seconds 156.75408697128296
SAVE 1 best gates 28 loss 0.025956645203950867 seconds 157.0024356842041
ITER 1 1830 current 0.06658134638006495 best 0.025956645203950867 stagnation 3
SAVE 1 best gates 28 loss 0.02595664520395083 seconds 158.01186656951904
ITER 1 1840 current 0.02595664520395083 best 0.02595664520395083 stagnation 1
ITER 1 1850 current 0.05739873543830697 best 0.02595664520395083 stagnation 0
ITER 1 1860 current 0.04568927782750292 best 0.02595664520395083 stagnation 0
SAVE 1 best gates 28 loss 0.025956645203950815 seconds 160.48469758033752
ITER 1 1870 current 0.02971081210945587 best 0.025956645203950815 stagnation 0
ITER 1 1880 current 0.04080425271263486 best 0.025956645203950815 stagnation 0
ITER 1 1890 current 0.025956645203953802 best 0.025956645203950815 stagnation 0
ITER 1 1900 current 0.22429468356714435 best 0.025956645203950815 stagnation 0
ITER 1 1910 current 0.11776439814722078 best 0.025956645203950815 stagnation 1
ITER 1 1920 current 0.1218024995790171 best 0.025956645203950815 stagnation 0
ITER 1 1930 current 0.038338550677281674 best 0.025956645203950815 stagnation 0
ITER 1 1940 current 0.03826310172255388 best 0.025956645203950815 stagnation 0
ITER 1 1950 current 0.02951896960131977 best 0.025956645203950815 stagnation 0
ITER 1 1960 current 0.03166571997900548 best 0.025956645203950815 stagnation 0
ITER 1 1970 current 0.039359070771585195 best 0.025956645203950815 stagnation 0
ITER 1 1980 current 0.040071954713227005 best 0.025956645203950815 stagnation 1
ITER 1 1990 current 0.03591616148470786 best 0.025956645203950815 stagnation 0
ITER 1 2000 current 0.025956645203951665 best 0.025956645203950815 stagnation 0
ITER 1 2010 current 0.03841632887099295 best 0.025956645203950815 stagnation 0
ITER 1 2020 current 0.046664425205354104 best 0.025956645203950815 stagnation 0
ITER 1 2030 current 0.02595664520395296 best 0.025956645203950815 stagnation 0
SAVE 1 best gates 28 loss 0.025956645203950808 seconds 175.50575876235962
ITER 1 2040 current 0.034204828917276886 best 0.025956645203950808 stagnation 1
ITER 1 2050 current 0.034620057590893295 best 0.025956645203950808 stagnation 1
ITER 1 2060 current 0.02595664520395179 best 0.025956645203950808 stagnation 0
ITER 1 2070 current 0.040776100100253274 best 0.025956645203950808 stagnation 1
ITER 1 2080 current 0.041096853677442924 best 0.025956645203950808 stagnation 1
ITER 1 2090 current 0.026703054951047762 best 0.025956645203950808 stagnation 1
ITER 1 2100 current 0.30161437291439014 best 0.025956645203950808 stagnation 1
ITER 1 2110 current 0.028739295344006065 best 0.025956645203950808 stagnation 2
ITER 1 2120 current 0.05735129632078776 best 0.025956645203950808 stagnation 1
ITER 1 2130 current 0.13155513223508875 best 0.025956645203950808 stagnation 1
ITER 1 2140 current 0.04709676904527096 best 0.025956645203950808 stagnation 0
ITER 1 2150 current 0.16187614809750356 best 0.025956645203950808 stagnation 0
ITER 1 2160 current 0.02595664520395118 best 0.025956645203950808 stagnation 0
ITER 1 2170 current 0.03369032205459117 best 0.025956645203950808 stagnation 1
ITER 1 2180 current 0.025956645203951433 best 0.025956645203950808 stagnation 0
ITER 1 2190 current 0.04568927782750294 best 0.025956645203950808 stagnation 0
ITER 1 2200 current 0.03833855067728166 best 0.025956645203950808 stagnation 0
ITER 1 2210 current 0.1925329934546609 best 0.025956645203950808 stagnation 0
ITER 1 2220 current 0.03132837933020236 best 0.025956645203950808 stagnation 1
ITER 1 2230 current 0.0347301168898934 best 0.025956645203950808 stagnation 0
ITER 1 2240 current 0.06179797727856621 best 0.025956645203950808 stagnation 1
ITER 1 2250 current 0.03365094068456644 best 0.025956645203950808 stagnation 1
ITER 1 2260 current 0.04543974987813659 best 0.025956645203950808 stagnation 0
ITER 1 2270 current 0.025956645203950825 best 0.025956645203950808 stagnation 0
ITER 1 2280 current 0.03838692500266492 best 0.025956645203950808 stagnation 1
ITER 1 2290 current 0.06051826076620754 best 0.025956645203950808 stagnation 1
ITER 1 2300 current 0.08064960777548134 best 0.025956645203950808 stagnation 1
ITER 1 2310 current 0.041751450871475325 best 0.025956645203950808 stagnation 1
ITER 1 2320 current 0.1055803781300924 best 0.025956645203950808 stagnation 0
ITER 1 2330 current 0.04302305372088601 best 0.025956645203950808 stagnation 0
ITER 1 2340 current 0.03146218980379928 best 0.025956645203950808 stagnation 1
ITER 1 2350 current 0.03591616148470785 best 0.025956645203950808 stagnation 0
ITER 1 2360 current 0.03892731222866224 best 0.025956645203950808 stagnation 0
ITER 1 2370 current 0.03411796564373454 best 0.025956645203950808 stagnation 0
ITER 1 2380 current 0.029703886734907106 best 0.025956645203950808 stagnation 0
ITER 1 2390 current 0.14726855427354732 best 0.025956645203950808 stagnation 1
ITER 1 2400 current 0.03720863802076719 best 0.025956645203950808 stagnation 0
ITER 1 2410 current 0.04313298181737486 best 0.025956645203950808 stagnation 0
ITER 1 2420 current 0.025956645203954815 best 0.025956645203950808 stagnation 0
ITER 1 2430 current 0.04736743605274475 best 0.025956645203950808 stagnation 0
ITER 1 2440 current 0.03149307632567749 best 0.025956645203950808 stagnation 1
ITER 1 2450 current 0.04080078646760214 best 0.025956645203950808 stagnation 0
ITER 1 2460 current 0.1703694883448042 best 0.025956645203950808 stagnation 1
ITER 1 2470 current 0.036568709470249205 best 0.025956645203950808 stagnation 0
ITER 1 2480 current 0.02595664520395237 best 0.025956645203950808 stagnation 0
ITER 1 2490 current 0.05278297308892956 best 0.025956645203950808 stagnation 1
ITER 1 2500 current 0.025956645203951214 best 0.025956645203950808 stagnation 0
ITER 1 2510 current 0.08494726745926139 best 0.025956645203950808 stagnation 0
ITER 1 2520 current 0.04047067624231817 best 0.025956645203950808 stagnation 0
SAVE 1 best gates 28 loss 0.02591196770745566 seconds 222.2926149368286
ITER 1 2530 current 0.034395131704521735 best 0.02591196770745566 stagnation 0
SAVE 1 best gates 28 loss 0.025911967707455474 seconds 222.8762743473053
ITER 1 2540 current 0.052124699802710575 best 0.025911967707455474 stagnation 0
ITER 1 2550 current 0.07625830552189697 best 0.025911967707455474 stagnation 0
ITER 1 2560 current 0.025911967707457205 best 0.025911967707455474 stagnation 0
ITER 1 2570 current 0.10468830657951904 best 0.025911967707455474 stagnation 1
ITER 1 2580 current 0.06762419322607732 best 0.025911967707455474 stagnation 0
ITER 1 2590 current 0.054010444937224705 best 0.025911967707455474 stagnation 0
ITER 1 2600 current 0.039481253168686795 best 0.025911967707455474 stagnation 0
SAVE 1 best gates 28 loss 0.025911967707455262 seconds 227.86177277565002
ITER 1 2610 current 0.03543100927323921 best 0.025911967707455262 stagnation 0
SAVE 1 best gates 28 loss 0.02591196770745522 seconds 228.74551653862
SAVE 1 best gates 28 loss 0.025911967707455113 seconds 228.85116744041443
ITER 1 2620 current 0.09802305318572174 best 0.025911967707455113 stagnation 1
SAVE 1 best gates 28 loss 0.025911967707455096 seconds 230.40987396240234
ITER 1 2630 current 0.025911967707455096 best 0.025911967707455096 stagnation 1
ITER 1 2640 current 0.034540995585281266 best 0.025911967707455096 stagnation 0
ITER 1 2650 current 0.02739081002829109 best 0.025911967707455096 stagnation 0
ITER 1 2660 current 0.06928602402586971 best 0.025911967707455096 stagnation 0
ITER 1 2670 current 0.032497920948133925 best 0.025911967707455096 stagnation 2
ITER 1 2680 current 0.03205813544855543 best 0.025911967707455096 stagnation 0
ITER 1 2690 current 0.07676296423927348 best 0.025911967707455096 stagnation 0
ITER 1 2700 current 0.025911967707456695 best 0.025911967707455096 stagnation 0
ITER 1 2710 current 0.10411728875315426 best 0.025911967707455096 stagnation 1
ITER 1 2720 current 0.16984794223445457 best 0.025911967707455096 stagnation 2
ITER 1 2730 current 0.08028463461375798 best 0.025911967707455096 stagnation 2
ITER 1 2740 current 0.025911967707457725 best 0.025911967707455096 stagnation 0
ITER 1 2750 current 0.028472488923268365 best 0.025911967707455096 stagnation 0
ITER 1 2760 current 0.04388495769567003 best 0.025911967707455096 stagnation 0
ITER 1 2770 current 0.04388495769566874 best 0.025911967707455096 stagnation 0
SAVE 1 best gates 28 loss 0.025911967707455085 seconds 250.07909846305847
ITER 1 2780 current 0.050612189582570584 best 0.025911967707455085 stagnation 1
SAVE 1 best gates 28 loss 0.025650787477910365 seconds 251.92623734474182
ITER 1 2790 current 0.04012572424420976 best 0.025650787477910365 stagnation 1
SAVE 1 best gates 28 loss 0.02565078747789933 seconds 252.1525366306305
ITER 1 2800 current 0.025650787477901175 best 0.02565078747789933 stagnation 0
SAVE 1 best gates 28 loss 0.025650787477898028 seconds 253.48175358772278
ITER 1 2810 current 0.026579938852791297 best 0.025650787477898028 stagnation 0
ITER 1 2820 current 0.1847074651151112 best 0.025650787477898028 stagnation 0
ITER 1 2830 current 0.025650787477899246 best 0.025650787477898028 stagnation 0
ITER 1 2840 current 0.02930345569411529 best 0.025650787477898028 stagnation 0
ITER 1 2850 current 0.02565078747789866 best 0.025650787477898028 stagnation 0
ITER 1 2860 current 0.025650787477898555 best 0.025650787477898028 stagnation 0
SAVE 1 best gates 28 loss 0.02565078747789793 seconds 257.13593220710754
ITER 1 2870 current 0.027943594400510325 best 0.02565078747789793 stagnation 0
SAVE 1 best gates 28 loss 0.025650787477897896 seconds 258.3454256057739
ITER 1 2880 current 0.0569428993014117 best 0.025650787477897896 stagnation 1
ITER 1 2890 current 0.0735689587176126 best 0.025650787477897896 stagnation 1
ITER 1 2900 current 0.04410041119246519 best 0.025650787477897896 stagnation 0
ITER 1 2910 current 0.04676144418041305 best 0.025650787477897896 stagnation 0
ITER 1 2920 current 0.19799139378959 best 0.025650787477897896 stagnation 1
ITER 1 2930 current 0.060068182063295915 best 0.025650787477897896 stagnation 0
SAVE 1 best gates 28 loss 0.0251107962171212 seconds 264.9383339881897
ITER 1 2940 current 0.031103372700947395 best 0.0251107962171212 stagnation 0
ITER 1 2950 current 0.09980885565636782 best 0.0251107962171212 stagnation 1
SAVE 1 best gates 28 loss 0.025110796217120923 seconds 265.8938796520233
ITER 1 2960 current 0.03356111800180123 best 0.025110796217120923 stagnation 0
ITER 1 2970 current 0.09502573017446553 best 0.025110796217120923 stagnation 1
SAVE 1 best gates 28 loss 0.025110796217119823 seconds 267.72315406799316
ITER 1 2980 current 0.11008258254959025 best 0.025110796217119823 stagnation 1
ITER 1 2990 current 0.025110796217120097 best 0.025110796217119823 stagnation 0
SAVE 1 best gates 28 loss 0.025110796217119376 seconds 269.0669345855713
ITER 1 3000 current 0.04185495103134861 best 0.025110796217119376 stagnation 1
ITER 1 3010 current 0.04847402702439231 best 0.025110796217119376 stagnation 0
ITER 1 3020 current 0.02781742100190627 best 0.025110796217119376 stagnation 0
ITER 1 3030 current 0.030683979046989805 best 0.025110796217119376 stagnation 0
ITER 1 3040 current 0.05309662258858321 best 0.025110796217119376 stagnation 1
ITER 1 3050 current 0.027376551630810732 best 0.025110796217119376 stagnation 0
ITER 1 3060 current 0.10631537914823957 best 0.025110796217119376 stagnation 0
ITER 1 3070 current 0.02511079621712268 best 0.025110796217119376 stagnation 0
ITER 1 3080 current 0.09098780908017773 best 0.025110796217119376 stagnation 2
ITER 1 3090 current 0.034737111370430424 best 0.025110796217119376 stagnation 3
ITER 1 3100 current 0.06698006037984405 best 0.025110796217119376 stagnation 0
ITER 1 3110 current 0.03711317427917332 best 0.025110796217119376 stagnation 1
ITER 1 3120 current 0.030683979046989805 best 0.025110796217119376 stagnation 0
ITER 1 3130 current 0.030453167645966003 best 0.025110796217119376 stagnation 0
ITER 1 3140 current 0.07463408584763012 best 0.025110796217119376 stagnation 1
SAVE 1 best gates 28 loss 0.025110796217119317 seconds 282.5686333179474
ITER 1 3150 current 0.025110796217119317 best 0.025110796217119317 stagnation 1
ITER 1 3160 current 0.03746041705969702 best 0.025110796217119317 stagnation 1
ITER 1 3170 current 0.02511079621711983 best 0.025110796217119317 stagnation 0
ITER 1 3180 current 0.05617190098047269 best 0.025110796217119317 stagnation 0
