TRIMMED 2 1103 0 3 0 1531 soft 3.8500260628176486e-08 hard 0.00775952644164849 best 0.00775952644164849 time 4.943501234054565
TRIMMED 2 1103 0 3 4 369 soft 2.3004985698328506e-07 hard 0.007759526441649217 best 0.00775952644164849 time 13.81070327758789
TRIMMED 2 1103 0 3 8 217 soft 2.35062806888731e-06 hard 0.007759526441648377 best 0.007759526441648377 time 19.918013095855713
TRIMMED 2 1103 0 3 12 163 soft 2.4058096792882424e-05 hard 0.007759526441652776 best 0.007759526441648377 time 24.331507444381714
TRIMMED 2 1103 0 3 16 113 soft 0.0002422451092179054 hard 0.007759526441653536 best 0.007759526441648377 time 28.374009370803833
TRIMMED 2 1103 0 3 20 76 soft 0.0020161074326168586 hard 0.007759526441648115 best 0.007759526441648115 time 32.61535167694092
TRIMMED 2 1103 0 3 24 36 soft 0.007457160928595128 hard 0.007759526441647744 best 0.007759526441647744 time 36.564176082611084
TRIMMED 2 1103 0 3 25 32 soft 0.007759527084380964 hard 0.007759526441649199 best 0.007759526441647744 time 37.59055280685425
TRIMMED 2 1103 1 0 0 237 soft 1.818577467942509e-06 hard 0.2180005988098646 best 0.2180005988098646 time 37.684263944625854
TRIMMED 2 1103 1 0 4 132 soft 7.505000032309345e-07 hard 0.1778107641330823 best 0.1778107641330823 time 37.9909348487854
TRIMMED 2 1103 1 0 8 107 soft 6.231691524978693e-06 hard 0.177810764133085 best 0.1778107641330823 time 38.330772399902344
TRIMMED 2 1103 1 0 12 102 soft 7.804009573474185e-05 hard 0.15609950893549876 best 0.15609950893549876 time 38.59839630126953
TRIMMED 2 1103 1 0 16 88 soft 0.0007894233377783968 hard 0.16127282458105155 best 0.15609950893549876 time 38.91232657432556
TRIMMED 2 1103 1 0 20 78 soft 0.006186602919831086 hard 0.16127282458105474 best 0.15609950893549876 time 39.12355160713196
TRIMMED 2 1103 1 0 24 52 soft 0.03884032091122865 hard 0.11481137191047056 best 0.11481137191047056 time 39.307286977767944
TRIMMED 2 1103 1 0 28 33 soft 0.08245561923008064 hard 0.08296560458895735 best 0.08296560458895735 time 39.46128010749817
TRIMMED 2 1103 1 0 29 32 soft 0.08296560458899423 hard 0.0829656045889627 best 0.08296560458895735 time 39.486525774002075
TRIMMED 2 1103 2 1 0 182 soft 3.8395798696721115e-07 hard 0.14454116992879254 best 0.14454116992879254 time 39.57462453842163
TRIMMED 2 1103 2 1 4 105 soft 2.065001281963195e-06 hard 0.13034570510394405 best 0.13034570510394405 time 39.841081619262695
TRIMMED 2 1103 2 1 8 96 soft 2.5382900750556258e-05 hard 0.13034570510394525 best 0.13034570510394405 time 40.107171297073364
TRIMMED 2 1103 2 1 12 94 soft 0.00016824413561499185 hard 0.11935405054640076 best 0.11935405054640076 time 40.35736417770386
TRIMMED 2 1103 2 1 16 91 soft 0.0015345426118924545 hard 0.11935405054640874 best 0.11935405054640076 time 40.57947301864624
TRIMMED 2 1103 2 1 20 69 soft 0.010336582556343843 hard 0.09088682484886318 best 0.09088682484886318 time 40.786149740219116
TRIMMED 2 1103 2 1 24 49 soft 0.044224048553619374 hard 0.07551231969883472 best 0.07551231969883472 time 40.89059662818909
TRIMMED 2 1103 2 1 28 32 soft 0.07551231969893989 hard 0.07551231969884048 best 0.07551231969883472 time 40.94622182846069
TRIMMED 2 1103 3 2 0 3700 soft 1.4454737920759494e-06 hard 0.007759526441647193 best 0.007759526441647193 time 43.30962896347046
TRIMMED 2 1103 3 2 4 1433 soft 4.5769184582635665e-07 hard 0.013283435576084374 best 0.007759526441647193 time 51.21147680282593
TRIMMED 2 1103 3 2 8 611 soft 3.0631312862354435e-06 hard 0.012314216817355957 best 0.007759526441647193 time 56.136616230010986
TRIMMED 2 1103 3 2 12 188 soft 2.2064370319986292e-05 hard 0.012314216817347534 best 0.007759526441647193 time 60.49176216125488
TRIMMED 2 1103 3 2 16 132 soft 0.0002270682961168035 hard 0.01231421681734694 best 0.007759526441647193 time 64.89456844329834
TRIMMED 2 1103 3 2 20 84 soft 0.001945497706902295 hard 0.012314216817350128 best 0.007759526441647193 time 69.48531556129456
TRIMMED 2 1103 3 2 24 41 soft 0.010636205054996222 hard 0.012314216817348074 best 0.007759526441647193 time 74.2465648651123
TRIMMED 2 1103 3 2 25 32 soft 0.012314219145539863 hard 0.01231421681734681 best 0.007759526441647193 time 75.43457412719727
TRIMMED 2 1103 4 3 0 1661 soft 3.635277811568003e-08 hard 0.007759526441653415 best 0.007759526441653415 time 77.30769610404968
TRIMMED 2 1103 4 3 4 367 soft 2.3990379408116547e-07 hard 0.007759526441654846 best 0.007759526441653415 time 82.86947059631348
TRIMMED 2 1103 4 3 8 249 soft 2.3340382861181723e-06 hard 0.007759526441646945 best 0.007759526441646945 time 87.20352387428284
TRIMMED 2 1103 4 3 12 145 soft 2.3244852500860353e-05 hard 0.00775952644164713 best 0.007759526441646945 time 91.52714109420776
TRIMMED 2 1103 4 3 16 119 soft 0.00024133421241720828 hard 0.007759526441647671 best 0.007759526441646945 time 95.95433235168457
TRIMMED 2 1103 4 3 20 76 soft 0.001859590170059469 hard 0.0077595264416493075 best 0.007759526441646945 time 100.23512721061707
TRIMMED 2 1103 4 3 24 37 soft 0.00703144642832634 hard 0.007759526441649034 best 0.007759526441646945 time 104.8608775138855
TRIMMED 2 1103 4 3 25 32 soft 0.007759625326160028 hard 0.007759526441647002 best 0.007759526441646945 time 106.1404640674591
TRIMMED 2 1103 5 0 0 238 soft 1.3692023806212833e-06 hard 0.19539796161975342 best 0.19539796161975342 time 106.2633204460144
TRIMMED 2 1103 5 0 4 134 soft 1.2004920653385981e-06 hard 0.19252572186072398 best 0.19252572186072398 time 106.63798356056213
TRIMMED 2 1103 5 0 8 110 soft 6.832000363836127e-06 hard 0.22661159973112985 best 0.19252572186072398 time 106.96124458312988
TRIMMED 2 1103 5 0 12 96 soft 6.510025742795746e-05 hard 0.22661159973113063 best 0.19252572186072398 time 107.24179577827454
TRIMMED 2 1103 5 0 16 89 soft 0.0006754350938590171 hard 0.22661159973113115 best 0.19252572186072398 time 107.52963018417358
TRIMMED 2 1103 5 0 20 77 soft 0.004771488537298683 hard 0.1881973914362255 best 0.1881973914362255 time 107.73241305351257
TRIMMED 2 1103 5 0 24 56 soft 0.033507628540397606 hard 0.188197391436226 best 0.1881973914362255 time 107.87518191337585
TRIMMED 2 1103 5 0 28 35 soft 0.09825502596347646 hard 0.1051344997955712 best 0.1051344997955712 time 107.99449062347412
TRIMMED 2 1103 5 0 29 32 soft 0.10513449979559737 hard 0.10513449979557342 best 0.1051344997955712 time 108.01920199394226
TRIMMED 2 1103 6 1 0 185 soft 1.7510001034777752e-06 hard 0.2593089621796079 best 0.2593089621796079 time 108.12221169471741
TRIMMED 2 1103 6 1 4 121 soft 1.50713341023841e-06 hard 0.19267184332151327 best 0.19267184332151327 time 108.4513726234436
TRIMMED 2 1103 6 1 8 102 soft 1.4202147177905135e-05 hard 0.20786762271206935 best 0.19267184332151327 time 108.72622060775757
TRIMMED 2 1103 6 1 12 95 soft 0.0001572221098236468 hard 0.24108868853365004 best 0.19267184332151327 time 108.99802112579346
TRIMMED 2 1103 6 1 16 87 soft 0.001187627633538372 hard 0.23601888504798335 best 0.19267184332151327 time 109.24470782279968
TRIMMED 2 1103 6 1 20 74 soft 0.00835961877013793 hard 0.18038000738377405 best 0.18038000738377405 time 109.48461270332336
TRIMMED 2 1103 6 1 24 54 soft 0.04144494368165989 hard 0.16545073189037843 best 0.16545073189037843 time 109.62347292900085
TRIMMED 2 1103 6 1 28 33 soft 0.11806075693800308 hard 0.12689402537706687 best 0.12689402537706687 time 109.71653437614441
TRIMMED 2 1103 6 1 30 32 soft 0.12689402537709235 hard 0.1268940253770667 best 0.1268940253770667 time 109.75011396408081
TRIMMED 2 1103 7 2 0 4514 soft 2.568068552230718e-07 hard 0.0335225801921083 best 0.0335225801921083 time 111.89194107055664
TRIMMED 2 1103 7 2 4 1711 soft 5.507013857174256e-07 hard 0.03352258019211013 best 0.0335225801921083 time 119.28020477294922
TRIMMED 2 1103 7 2 8 367 soft 2.9863476887661988e-06 hard 0.010963374788244133 best 0.010963374788244133 time 123.46310472488403
TRIMMED 2 1103 7 2 12 263 soft 2.940615802555596e-05 hard 0.010963374788246435 best 0.010963374788244133 time 127.48718571662903
TRIMMED 2 1103 7 2 16 125 soft 0.0002711044311608855 hard 0.010963374788246544 best 0.010963374788244133 time 131.98105192184448
TRIMMED 2 1103 7 2 20 79 soft 0.0024108671397326076 hard 0.010963374788250472 best 0.010963374788244133 time 135.8726682662964
TRIMMED 2 1103 7 2 24 36 soft 0.008432216314441961 hard 0.009004937866585754 best 0.009004937866585754 time 140.13772773742676
TRIMMED 2 1103 7 2 25 32 soft 0.009004940130561143 hard 0.009004937866583022 best 0.009004937866583022 time 141.07018208503723
TRIMMED 2 1103 8 3 0 1559 soft 3.567140769212021e-08 hard 0.007759526441661054 best 0.007759526441661054 time 142.65640306472778
TRIMMED 2 1103 8 3 4 409 soft 2.435594346113433e-07 hard 0.007759526441655695 best 0.007759526441655695 time 147.71024703979492
TRIMMED 2 1103 8 3 8 231 soft 2.2654714584406877e-06 hard 0.007759526441647911 best 0.007759526441647911 time 151.87034130096436
TRIMMED 2 1103 8 3 12 153 soft 2.433524937921269e-05 hard 0.0077595264416479084 best 0.0077595264416479084 time 156.58863806724548
TRIMMED 2 1103 8 3 16 115 soft 0.00025392650650416784 hard 0.007759526441648373 best 0.0077595264416479084 time 160.65531420707703
TRIMMED 2 1103 8 3 20 87 soft 0.0020811064290727037 hard 0.007759526441659853 best 0.0077595264416479084 time 164.40204095840454
TRIMMED 2 1103 8 3 24 35 soft 0.007547738159554885 hard 0.007759526441647789 best 0.007759526441647789 time 168.69654893875122
TRIMMED 2 1103 8 3 25 32 soft 0.007759526474416118 hard 0.007759526441653981 best 0.007759526441647789 time 169.8157181739807
TRIMMED 2 1103 9 0 0 236 soft 1.068205405809939e-06 hard 0.2512113055363404 best 0.2512113055363404 time 169.92435503005981
TRIMMED 2 1103 9 0 4 144 soft 1.3864295072309024e-06 hard 0.11255650599376694 best 0.11255650599376694 time 170.26271438598633
TRIMMED 2 1103 9 0 8 111 soft 1.2038061871306588e-05 hard 0.1036620549128092 best 0.1036620549128092 time 170.4699854850769
TRIMMED 2 1103 9 0 12 100 soft 0.00013931791776427023 hard 0.10366205491281041 best 0.1036620549128092 time 170.76897430419922
TRIMMED 2 1103 9 0 16 88 soft 0.0010984378234319065 hard 0.10366205491280901 best 0.10366205491280901 time 171.01960372924805
TRIMMED 2 1103 9 0 20 72 soft 0.00823423809622376 hard 0.1036620549128092 best 0.10366205491280901 time 171.25307321548462
TRIMMED 2 1103 9 0 24 52 soft 0.034098267482748044 hard 0.1036620549128103 best 0.10366205491280901 time 171.35334539413452
TRIMMED 2 1103 9 0 28 34 soft 0.08154543277700943 hard 0.10366205491280983 best 0.10366205491280901 time 171.42381191253662
TRIMMED 2 1103 9 0 30 32 soft 0.10366205491284763 hard 0.10366205491281379 best 0.10366205491280901 time 171.45590829849243
TRIMMED 2 1103 10 1 0 182 soft 8.182735713303833e-07 hard 0.1545232129919617 best 0.1545232129919617 time 171.53947257995605
TRIMMED 2 1103 10 1 4 135 soft 2.429702034849699e-06 hard 0.17604155014259015 best 0.1545232129919617 time 171.77070593833923
TRIMMED 2 1103 10 1 8 99 soft 1.7330156237984293e-05 hard 0.14529527578930734 best 0.14529527578930734 time 171.99884510040283
TRIMMED 2 1103 10 1 12 95 soft 0.00014418055834301095 hard 0.14529527578930787 best 0.14529527578930734 time 172.23466968536377
TRIMMED 2 1103 10 1 16 82 soft 0.0011083575722642186 hard 0.13657086949056282 best 0.13657086949056282 time 172.52269983291626
TRIMMED 2 1103 10 1 20 67 soft 0.0068145897740025775 hard 0.10281484075427838 best 0.10281484075427838 time 172.69203186035156
TRIMMED 2 1103 10 1 24 52 soft 0.0344337093764852 hard 0.08728620780046463 best 0.08728620780046463 time 172.83939003944397
TRIMMED 2 1103 10 1 28 33 soft 0.08466096531154131 hard 0.08728620780046623 best 0.08728620780046463 time 172.96150469779968
TRIMMED 2 1103 10 1 29 32 soft 0.08728620780050572 hard 0.08728620780047272 best 0.08728620780046463 time 172.98370480537415
TRIMMED 2 1103 11 2 0 4169 soft 2.467962607074059e-07 hard 0.010966167196947643 best 0.010966167196947643 time 175.4120008945465
TRIMMED 2 1103 11 2 4 1287 soft 4.26510253081906e-07 hard 0.02165158442146446 best 0.010966167196947643 time 183.0586268901825
TRIMMED 2 1103 11 2 8 438 soft 2.4309538563820673e-06 hard 0.01353971821297787 best 0.010966167196947643 time 187.7038290500641
TRIMMED 2 1103 11 2 12 174 soft 2.353662871934008e-05 hard 0.013539718212977178 best 0.010966167196947643 time 192.34423446655273
TRIMMED 2 1103 11 2 16 113 soft 0.0002435993619801185 hard 0.013539718212981956 best 0.010966167196947643 time 196.59059739112854
TRIMMED 2 1103 11 2 20 85 soft 0.002198589116839229 hard 0.009113421700256663 best 0.009113421700256663 time 200.30558824539185
TRIMMED 2 1103 11 2 24 34 soft 0.008592130536789793 hard 0.009113421700256715 best 0.009113421700256663 time 204.82844376564026
TRIMMED 2 1103 11 2 25 32 soft 0.009113427265367612 hard 0.009113421700258443 best 0.009113421700256663 time 205.89770793914795
TRIMMED 2 1103 12 3 0 1469 soft 3.885218842562633e-08 hard 0.0077595264416566645 best 0.0077595264416566645 time 208.05794310569763
TRIMMED 2 1103 12 3 4 317 soft 2.2131808594633053e-07 hard 0.0077595264416476205 best 0.0077595264416476205 time 212.8497953414917
TRIMMED 2 1103 12 3 8 232 soft 2.2207119375776423e-06 hard 0.007759526441651696 best 0.0077595264416476205 time 217.4335970878601
TRIMMED 2 1103 12 3 12 153 soft 2.3173472284458547e-05 hard 0.007759526441647594 best 0.007759526441647594 time 222.35290479660034
TRIMMED 2 1103 12 3 16 113 soft 0.00022823852361042598 hard 0.007759526441666309 best 0.007759526441647594 time 226.64417481422424
TRIMMED 2 1103 12 3 20 80 soft 0.0018640023557266686 hard 0.0077595264416508904 best 0.007759526441647594 time 231.34502243995667
TRIMMED 2 1103 12 3 24 39 soft 0.006866826296701097 hard 0.0077595264416476135 best 0.007759526441647594 time 235.58545517921448
TRIMMED 2 1103 12 3 25 32 soft 0.007759539060506018 hard 0.007759526441646648 best 0.007759526441646648 time 236.62339901924133
TRIMMED 2 1103 13 0 0 233 soft 5.446547390953086e-07 hard 0.19019658867538275 best 0.19019658867538275 time 236.74779438972473
TRIMMED 2 1103 13 0 4 135 soft 1.351412595954865e-06 hard 0.13150987595992916 best 0.13150987595992916 time 237.07287907600403
TRIMMED 2 1103 13 0 8 101 soft 6.952152265418962e-06 hard 0.1288843632167247 best 0.1288843632167247 time 237.3114914894104
TRIMMED 2 1103 13 0 12 94 soft 7.359283494378529e-05 hard 0.12888436321672578 best 0.1288843632167247 time 237.58440899848938
TRIMMED 2 1103 13 0 16 87 soft 0.0006814541538143106 hard 0.12888436321672517 best 0.1288843632167247 time 237.84599089622498
TRIMMED 2 1103 13 0 20 75 soft 0.0049323057175470085 hard 0.12888436321672442 best 0.12888436321672442 time 238.01594710350037
TRIMMED 2 1103 13 0 24 50 soft 0.032866043295151 hard 0.11517394740400597 best 0.11517394740400597 time 238.11784172058105
TRIMMED 2 1103 13 0 28 40 soft 0.09594127216738456 hard 0.11517394740400463 best 0.11517394740400463 time 238.18304634094238
TRIMMED 2 1103 13 0 30 32 soft 0.11517394740408578 hard 0.11517394740401334 best 0.11517394740400463 time 238.258234500885
TRIMMED 2 1103 14 1 0 188 soft 1.3107055926791573e-06 hard 0.2139257504225063 best 0.2139257504225063 time 238.3847188949585
TRIMMED 2 1103 14 1 4 117 soft 1.2832399927001327e-06 hard 0.18478559148208762 best 0.18478559148208762 time 238.7036418914795
TRIMMED 2 1103 14 1 8 99 soft 1.0885473402870608e-05 hard 0.18478559148206689 best 0.18478559148206689 time 238.9717721939087
TRIMMED 2 1103 14 1 12 95 soft 9.981866339360783e-05 hard 0.1777391612429182 best 0.1777391612429182 time 239.28569984436035
TRIMMED 2 1103 14 1 16 85 soft 0.001192470226587422 hard 0.15754410482435602 best 0.15754410482435602 time 239.5302803516388
TRIMMED 2 1103 14 1 20 72 soft 0.009208960422403713 hard 0.12782205258861765 best 0.12782205258861765 time 239.79754853248596
TRIMMED 2 1103 14 1 24 51 soft 0.03845560244628698 hard 0.113154702029219 best 0.113154702029219 time 239.8847918510437
TRIMMED 2 1103 14 1 28 34 soft 0.10075862319718769 hard 0.11315470202922169 best 0.113154702029219 time 239.94560408592224
TRIMMED 2 1103 14 1 30 32 soft 0.11315470202926511 hard 0.11315470202922827 best 0.113154702029219 time 239.98389172554016
TRIMMED 2 1103 15 2 0 3946 soft 1.0330473785697777e-07 hard 0.007759526441647581 best 0.007759526441647581 time 242.22995686531067
TRIMMED 2 1103 15 2 4 1408 soft 5.459852453246408e-07 hard 0.011228440050589915 best 0.007759526441647581 time 248.54967522621155
TRIMMED 2 1103 15 2 8 295 soft 2.8536036239838247e-06 hard 0.010838610461863957 best 0.007759526441647581 time 252.96813344955444
TRIMMED 2 1103 15 2 12 188 soft 2.7431229389786377e-05 hard 0.010838610461852386 best 0.007759526441647581 time 257.0243170261383
TRIMMED 2 1103 15 2 16 145 soft 0.0002757526555727111 hard 0.010322469041947724 best 0.007759526441647581 time 261.0781400203705
TRIMMED 2 1103 15 2 20 70 soft 0.0023032767588229705 hard 0.010322469041949521 best 0.007759526441647581 time 264.96511149406433
TRIMMED 2 1103 15 2 24 36 soft 0.009069145024275018 hard 0.010322469041948869 best 0.007759526441647581 time 268.89670038223267
TRIMMED 2 1103 15 2 26 32 soft 0.010322469562133691 hard 0.010322469041950187 best 0.007759526441647581 time 271.0641357898712
TRIMMED 2 1103 16 3 0 1606 soft 5.171373328417894e-08 hard 0.00775952644164694 best 0.00775952644164694 time 272.82590103149414
TRIMMED 2 1103 16 3 4 406 soft 2.3663259339065073e-07 hard 0.007759526441649897 best 0.00775952644164694 time 278.0877583026886
TRIMMED 2 1103 16 3 8 234 soft 2.2554393640484343e-06 hard 0.007759526441660687 best 0.00775952644164694 time 282.94935154914856
TRIMMED 2 1103 16 3 12 135 soft 2.3367511239318937e-05 hard 0.007759526441653166 best 0.00775952644164694 time 287.1327826976776
TRIMMED 2 1103 16 3 16 108 soft 0.00023653619303127364 hard 0.007759526441646647 best 0.007759526441646647 time 291.1595606803894
TRIMMED 2 1103 16 3 20 70 soft 0.0018853115723389455 hard 0.007759526441646813 best 0.007759526441646647 time 295.46575450897217
TRIMMED 2 1103 16 3 24 38 soft 0.006967760133603546 hard 0.007759526441648041 best 0.007759526441646647 time 300.10041189193726
TRIMMED 2 1103 16 3 25 32 soft 0.007759546545254751 hard 0.00775952644164894 best 0.007759526441646647 time 301.07318687438965
TRIMMED 2 1103 17 0 0 240 soft 8.835409226900105e-07 hard 0.22268820425171731 best 0.22268820425171731 time 301.1909439563751
TRIMMED 2 1103 17 0 4 149 soft 1.0789204969628086e-06 hard 0.14144542972620633 best 0.14144542972620633 time 301.4601237773895
TRIMMED 2 1103 17 0 8 100 soft 7.541685825685074e-06 hard 0.11438176669898188 best 0.11438176669898188 time 301.7253179550171
TRIMMED 2 1103 17 0 12 97 soft 7.826507469323854e-05 hard 0.11438176669898395 best 0.11438176669898188 time 301.9843077659607
TRIMMED 2 1103 17 0 16 89 soft 0.0007938119554617838 hard 0.11438176669898167 best 0.11438176669898167 time 302.2430348396301
TRIMMED 2 1103 17 0 20 69 soft 0.005776435068974834 hard 0.1143817666989813 best 0.1143817666989813 time 302.412761926651
TRIMMED 2 1103 17 0 24 50 soft 0.03226917309877393 hard 0.11438176669898466 best 0.1143817666989813 time 302.52752137184143
TRIMMED 2 1103 17 0 28 37 soft 0.09241125995138354 hard 0.11438176669898321 best 0.1143817666989813 time 302.6064863204956
TRIMMED 2 1103 17 0 30 32 soft 0.11438176669903673 hard 0.11438176669898616 best 0.1143817666989813 time 302.6411135196686
TRIMMED 2 1103 18 1 0 182 soft 9.67446470215442e-07 hard 0.26016790335989415 best 0.26016790335989415 time 302.74557161331177
TRIMMED 2 1103 18 1 4 133 soft 2.2829687316466103e-06 hard 0.1783020687165461 best 0.1783020687165461 time 303.03399324417114
TRIMMED 2 1103 18 1 8 106 soft 1.3663249824295566e-05 hard 0.1827301361803119 best 0.1783020687165461 time 303.32137155532837
TRIMMED 2 1103 18 1 12 96 soft 0.00016445858497991914 hard 0.1516276646406962 best 0.1516276646406962 time 303.5739393234253
TRIMMED 2 1103 18 1 16 88 soft 0.0010121514869065721 hard 0.18421837799744062 best 0.1516276646406962 time 303.9807925224304
TRIMMED 2 1103 18 1 20 73 soft 0.006191611206641312 hard 0.18421837799743782 best 0.1516276646406962 time 304.20787048339844
TRIMMED 2 1103 18 1 24 52 soft 0.0358572857594758 hard 0.167197590149532 best 0.1516276646406962 time 304.3912522792816
TRIMMED 2 1103 18 1 28 35 soft 0.1347868083963501 hard 0.16719759014953955 best 0.1516276646406962 time 304.48215889930725
TRIMMED 2 1103 18 1 31 32 soft 0.1671975901499433 hard 0.16719759014955476 best 0.1516276646406962 time 304.5408341884613
TRIMMED 2 1103 19 2 0 3328 soft 5.8169056170061e-08 hard 0.018137929298362485 best 0.018137929298362485 time 306.6135437488556
TRIMMED 2 1103 19 2 4 1532 soft 4.1058434016746337e-07 hard 0.01813792929836293 best 0.018137929298362485 time 313.33094549179077
TRIMMED 2 1103 19 2 8 316 soft 2.701473493861939e-06 hard 0.008039611038983005 best 0.008039611038983005 time 318.18116784095764
TRIMMED 2 1103 19 2 12 213 soft 2.5121900007436686e-05 hard 0.008039611038982793 best 0.008039611038982793 time 322.63807439804077
TRIMMED 2 1103 19 2 16 125 soft 0.0002492597541935397 hard 0.00803961103897868 best 0.00803961103897868 time 326.2224552631378
TRIMMED 2 1103 19 2 20 75 soft 0.001924763761855727 hard 0.00803961103897817 best 0.00803961103897817 time 330.5358099937439
TRIMMED 2 1103 19 2 24 39 soft 0.00713928820505263 hard 0.008039611038979506 best 0.00803961103897817 time 334.4055802822113
TRIMMED 2 1103 19 2 25 32 soft 0.008039615212012846 hard 0.008039611038978772 best 0.00803961103897817 time 335.4272508621216
TRIMMED 2 1103 20 3 0 1450 soft 6.037381677089068e-08 hard 0.007759526441652452 best 0.007759526441652452 time 337.170040845871
TRIMMED 2 1103 20 3 4 393 soft 2.679538952600241e-07 hard 0.00775952644164972 best 0.00775952644164972 time 341.69955372810364
TRIMMED 2 1103 20 3 8 213 soft 2.3735885600754736e-06 hard 0.007759526441647392 best 0.007759526441647392 time 345.44717955589294
TRIMMED 2 1103 20 3 12 146 soft 2.4542079880002986e-05 hard 0.007759526441648113 best 0.007759526441647392 time 349.8276014328003
TRIMMED 2 1103 20 3 16 123 soft 0.0002526468154756381 hard 0.007759526441656314 best 0.007759526441647392 time 354.2459285259247
TRIMMED 2 1103 20 3 20 75 soft 0.001993833830236204 hard 0.007759526441647384 best 0.007759526441647384 time 358.1956567764282
