TRIMMED 1 1103 0 3 0 1444 soft 4.643626567985444e-08 hard 0.014652543796518643 best 0.014652543796518643 time 2.371922016143799
TRIMMED 1 1103 0 3 4 368 soft 2.4522562962352383e-07 hard 0.014652543796520147 best 0.014652543796518643 time 10.240365028381348
TRIMMED 1 1103 0 3 8 219 soft 2.6778591976820406e-06 hard 0.014652543796517729 best 0.014652543796517729 time 14.3866286277771
TRIMMED 1 1103 0 3 12 173 soft 2.7918321794499365e-05 hard 0.014652543796519172 best 0.014652543796517729 time 18.405670166015625
TRIMMED 1 1103 0 3 16 126 soft 0.0002780311524416339 hard 0.014652543796517838 best 0.014652543796517729 time 22.576738119125366
TRIMMED 1 1103 0 3 20 86 soft 0.0021169436822315287 hard 0.014652543796517696 best 0.014652543796517696 time 26.759296655654907
TRIMMED 1 1103 0 3 24 45 soft 0.012194731819638174 hard 0.01465254379651823 best 0.014652543796517696 time 30.505190134048462
TRIMMED 1 1103 0 3 26 28 soft 0.014652543798902422 hard 0.014652543796529974 best 0.014652543796517696 time 32.027302503585815
TRIMMED 1 1103 1 0 0 220 soft 4.874034513541764e-07 hard 0.2321023333066741 best 0.2321023333066741 time 32.12556290626526
TRIMMED 1 1103 1 0 4 132 soft 1.415071932863619e-06 hard 0.18807186289534747 best 0.18807186289534747 time 32.43904447555542
TRIMMED 1 1103 1 0 8 102 soft 1.1447877544539614e-05 hard 0.17243647765191714 best 0.17243647765191714 time 32.731404304504395
TRIMMED 1 1103 1 0 12 94 soft 0.00011136322684654362 hard 0.17243647765191597 best 0.17243647765191597 time 32.9895281791687
TRIMMED 1 1103 1 0 16 87 soft 0.0009750629437183037 hard 0.17243647765191697 best 0.17243647765191597 time 33.263426065444946
TRIMMED 1 1103 1 0 20 72 soft 0.0076825912420189464 hard 0.12169265368520606 best 0.12169265368520606 time 33.53252911567688
TRIMMED 1 1103 1 0 24 45 soft 0.03532896526105054 hard 0.11267470265113698 best 0.11267470265113698 time 33.649017095565796
TRIMMED 1 1103 1 0 28 33 soft 0.07643527973209445 hard 0.11267470265113728 best 0.11267470265113698 time 33.71773886680603
TRIMMED 1 1103 1 0 30 28 soft 0.1126747026511565 hard 0.11267470265113806 best 0.11267470265113698 time 33.7539176940918
TRIMMED 1 1103 2 1 0 220 soft 5.242934261356268e-07 hard 0.22522515405358723 best 0.22522515405358723 time 33.8784019947052
TRIMMED 1 1103 2 1 4 124 soft 1.4902264666293186e-06 hard 0.2402473191416614 best 0.22522515405358723 time 34.25265550613403
TRIMMED 1 1103 2 1 8 104 soft 1.518350000017555e-05 hard 0.24973113459152477 best 0.22522515405358723 time 34.60721731185913
TRIMMED 1 1103 2 1 12 96 soft 0.00014003209481552688 hard 0.23165608890645942 best 0.22522515405358723 time 34.87910985946655
TRIMMED 1 1103 2 1 16 86 soft 0.0013817526441638288 hard 0.16607117052864342 best 0.16607117052864342 time 35.12972331047058
TRIMMED 1 1103 2 1 20 69 soft 0.00922823758711969 hard 0.17879487636454638 best 0.16607117052864342 time 35.34075570106506
TRIMMED 1 1103 2 1 24 53 soft 0.04670716163399812 hard 0.15578794349350145 best 0.15578794349350145 time 35.45236396789551
TRIMMED 1 1103 2 1 28 31 soft 0.1169314781486979 hard 0.12297409521472308 best 0.12297409521472308 time 35.53872275352478
TRIMMED 1 1103 2 1 29 28 soft 0.12297409521490349 hard 0.12297409521473095 best 0.12297409521472308 time 35.556560039520264
TRIMMED 1 1103 3 2 0 3335 soft 2.2993059261355964e-07 hard 0.03240921641225973 best 0.03240921641225973 time 37.38887166976929
TRIMMED 1 1103 3 2 4 1285 soft 3.096953856128485e-07 hard 0.03240921641226111 best 0.03240921641225973 time 43.32761883735657
TRIMMED 1 1103 3 2 8 251 soft 2.3956498293651883e-06 hard 0.032409216412261604 best 0.03240921641225973 time 47.488351821899414
TRIMMED 1 1103 3 2 12 173 soft 2.5852969390428947e-05 hard 0.03240921641225942 best 0.03240921641225942 time 51.26757454872131
TRIMMED 1 1103 3 2 16 124 soft 0.0002471464269948804 hard 0.03240921641225961 best 0.03240921641225942 time 54.871814012527466
TRIMMED 1 1103 3 2 20 81 soft 0.0019970421921060365 hard 0.014652543796517788 best 0.014652543796517788 time 58.60347127914429
TRIMMED 1 1103 3 2 24 46 soft 0.011696895612182146 hard 0.01465254379652085 best 0.014652543796517788 time 62.342469215393066
TRIMMED 1 1103 3 2 26 28 soft 0.01465254379775318 hard 0.014652543796529695 best 0.014652543796517788 time 63.97573804855347
TRIMMED 1 1103 4 3 0 1510 soft 4.671259435951332e-08 hard 0.014652543796518334 best 0.014652543796518334 time 65.61519145965576
TRIMMED 1 1103 4 3 4 412 soft 2.884154717197939e-07 hard 0.014652543796518376 best 0.014652543796518334 time 70.06860733032227
TRIMMED 1 1103 4 3 8 194 soft 2.582031672232622e-06 hard 0.014652543796517993 best 0.014652543796517993 time 74.32413864135742
TRIMMED 1 1103 4 3 12 151 soft 2.826809962673179e-05 hard 0.014652543796517804 best 0.014652543796517804 time 78.33106350898743
TRIMMED 1 1103 4 3 16 132 soft 0.00028369462241119336 hard 0.014652543796517543 best 0.014652543796517543 time 82.22984194755554
TRIMMED 1 1103 4 3 20 93 soft 0.0022100270055442923 hard 0.014652543796518435 best 0.014652543796517543 time 86.13818979263306
TRIMMED 1 1103 4 3 24 41 soft 0.012250262544825821 hard 0.014652543796521022 best 0.014652543796517543 time 89.7861340045929
TRIMMED 1 1103 4 3 26 28 soft 0.014652543797637703 hard 0.014652543796542822 best 0.014652543796517543 time 91.5745496749878
TRIMMED 1 1103 5 0 0 223 soft 6.806510683752178e-07 hard 0.21418545854205917 best 0.21418545854205917 time 91.66237831115723
TRIMMED 1 1103 5 0 4 127 soft 1.2083544022737775e-06 hard 0.16729737248558466 best 0.16729737248558466 time 91.94306755065918
TRIMMED 1 1103 5 0 8 101 soft 1.1448327919304421e-05 hard 0.18973242312745167 best 0.16729737248558466 time 92.19515180587769
TRIMMED 1 1103 5 0 12 94 soft 0.00012174069778213689 hard 0.1897324231274495 best 0.16729737248558466 time 92.41355347633362
TRIMMED 1 1103 5 0 16 84 soft 0.0009785394480007475 hard 0.18973242312745084 best 0.16729737248558466 time 92.6228518486023
TRIMMED 1 1103 5 0 20 77 soft 0.007987341820315862 hard 0.1574639343498299 best 0.1574639343498299 time 92.82866096496582
TRIMMED 1 1103 5 0 24 52 soft 0.04629718819842824 hard 0.15746393434982783 best 0.15746393434982783 time 92.99428367614746
TRIMMED 1 1103 5 0 28 34 soft 0.12189579009739564 hard 0.13519279811963858 best 0.13519279811963858 time 93.11693859100342
TRIMMED 1 1103 5 0 30 28 soft 0.13519279811973833 hard 0.13519279811965243 best 0.13519279811963858 time 93.15752816200256
TRIMMED 1 1103 6 1 0 221 soft 8.711650294527506e-07 hard 0.22064983261174773 best 0.22064983261174773 time 93.28336906433105
TRIMMED 1 1103 6 1 4 137 soft 1.110786490516697e-06 hard 0.2199827975870487 best 0.2199827975870487 time 93.63026165962219
TRIMMED 1 1103 6 1 8 103 soft 1.1182399419379674e-05 hard 0.1686134112028699 best 0.1686134112028699 time 93.90824794769287
TRIMMED 1 1103 6 1 12 95 soft 0.00011919718632044608 hard 0.16861341120286982 best 0.16861341120286982 time 94.19733214378357
TRIMMED 1 1103 6 1 16 85 soft 0.0008334938779710115 hard 0.16861341120287096 best 0.16861341120286982 time 94.4813551902771
TRIMMED 1 1103 6 1 20 73 soft 0.00663689846910235 hard 0.16861341120286952 best 0.16861341120286952 time 94.78497862815857
TRIMMED 1 1103 6 1 24 47 soft 0.032097386945246706 hard 0.15214181338800495 best 0.15214181338800495 time 94.88378262519836
TRIMMED 1 1103 6 1 28 32 soft 0.10084097325203949 hard 0.15214181338800303 best 0.15214181338800303 time 94.94742059707642
TRIMMED 1 1103 6 1 30 28 soft 0.15214181338808322 hard 0.15214181338801228 best 0.15214181338800303 time 94.97814130783081
TRIMMED 1 1103 7 2 0 3547 soft 1.0994653096611284e-07 hard 0.036160740182438186 best 0.036160740182438186 time 96.93703413009644
TRIMMED 1 1103 7 2 4 1396 soft 6.139829560639691e-07 hard 0.03616074018243503 best 0.03616074018243503 time 103.04395198822021
TRIMMED 1 1103 7 2 8 401 soft 2.934634853900465e-06 hard 0.036160740182437666 best 0.03616074018243503 time 107.84707927703857
TRIMMED 1 1103 7 2 12 157 soft 2.714558372976803e-05 hard 0.03616074018243574 best 0.03616074018243503 time 111.4299304485321
TRIMMED 1 1103 7 2 16 109 soft 0.00026059140958210045 hard 0.036160740182435945 best 0.03616074018243503 time 115.17408156394958
TRIMMED 1 1103 7 2 20 95 soft 0.0022509609853335 hard 0.03616074018243585 best 0.03616074018243503 time 118.47157144546509
TRIMMED 1 1103 7 2 24 43 soft 0.013599524322265152 hard 0.036160740182435216 best 0.03616074018243503 time 122.3305082321167
TRIMMED 1 1103 7 2 28 28 soft 0.036160740190293354 hard 0.03616074018244423 best 0.03616074018243503 time 125.34761929512024
TRIMMED 1 1103 8 3 0 1641 soft 4.784733877149728e-08 hard 0.014652543796520007 best 0.014652543796520007 time 126.87370324134827
TRIMMED 1 1103 8 3 4 401 soft 2.9330310851942216e-07 hard 0.014652543796518556 best 0.014652543796518556 time 130.9533371925354
TRIMMED 1 1103 8 3 8 215 soft 2.6679075865491375e-06 hard 0.014652543796517748 best 0.014652543796517748 time 134.43483328819275
TRIMMED 1 1103 8 3 12 160 soft 2.9356933371746376e-05 hard 0.014652543796517797 best 0.014652543796517748 time 137.75682878494263
TRIMMED 1 1103 8 3 16 105 soft 0.0002836586031137287 hard 0.014652543796517698 best 0.014652543796517698 time 141.48264861106873
TRIMMED 1 1103 8 3 20 86 soft 0.002149087340196483 hard 0.014652543796520643 best 0.014652543796517698 time 145.20573019981384
TRIMMED 1 1103 8 3 24 43 soft 0.012217806401545371 hard 0.014652543796518402 best 0.014652543796517698 time 149.03936767578125
TRIMMED 1 1103 8 3 26 28 soft 0.014652543799188684 hard 0.0146525437965181 best 0.014652543796517698 time 150.43277549743652
TRIMMED 1 1103 9 0 0 215 soft 1.1457551826218066e-06 hard 0.1864148196454607 best 0.1864148196454607 time 150.65044379234314
TRIMMED 1 1103 9 0 4 119 soft 1.2060752489430153e-06 hard 0.14016830390699803 best 0.14016830390699803 time 151.08698439598083
TRIMMED 1 1103 9 0 8 114 soft 1.2948402612288064e-05 hard 0.13416537446712262 best 0.13416537446712262 time 151.53235340118408
TRIMMED 1 1103 9 0 12 93 soft 0.00012755913962377187 hard 0.13416537446712243 best 0.13416537446712243 time 151.79624319076538
TRIMMED 1 1103 9 0 16 82 soft 0.0009428938631543455 hard 0.1341653744671237 best 0.13416537446712243 time 152.02123713493347
TRIMMED 1 1103 9 0 20 70 soft 0.008319058020784417 hard 0.10948758805887585 best 0.10948758805887585 time 152.1903772354126
TRIMMED 1 1103 9 0 24 46 soft 0.03609441917521031 hard 0.08926408923602241 best 0.08926408923602241 time 152.2798376083374
TRIMMED 1 1103 9 0 28 29 soft 0.08786935455402671 hard 0.08926408923602616 best 0.08926408923602241 time 152.34421110153198
TRIMMED 1 1103 9 0 29 28 soft 0.08926408923608088 hard 0.089264089236027 best 0.08926408923602241 time 152.35727047920227
TRIMMED 1 1103 10 1 0 220 soft 6.140570568566131e-07 hard 0.21728304893820283 best 0.21728304893820283 time 152.44653296470642
TRIMMED 1 1103 10 1 4 132 soft 2.0739075936565167e-06 hard 0.1793124762882841 best 0.1793124762882841 time 152.79189729690552
TRIMMED 1 1103 10 1 8 99 soft 1.0690720914994785e-05 hard 0.15831070208619208 best 0.15831070208619208 time 153.04336428642273
TRIMMED 1 1103 10 1 12 93 soft 0.00010532164272258201 hard 0.14250759302014515 best 0.14250759302014515 time 153.2873251438141
TRIMMED 1 1103 10 1 16 86 soft 0.0008336075025344445 hard 0.1425075930201429 best 0.1425075930201429 time 153.50946354866028
TRIMMED 1 1103 10 1 20 79 soft 0.007531148333209032 hard 0.1425075930201436 best 0.1425075930201429 time 153.80167961120605
TRIMMED 1 1103 10 1 24 51 soft 0.04472327938009626 hard 0.14250759302014315 best 0.1425075930201429 time 153.9272313117981
TRIMMED 1 1103 10 1 28 31 soft 0.1342382159238961 hard 0.14250759302014332 best 0.1425075930201429 time 154.00167083740234
TRIMMED 1 1103 10 1 30 28 soft 0.14250759302021976 hard 0.14250759302014784 best 0.1425075930201429 time 154.0262222290039
TRIMMED 1 1103 11 2 0 4222 soft 1.011038813022698e-07 hard 0.014652543796518681 best 0.014652543796518681 time 155.78073692321777
TRIMMED 1 1103 11 2 4 1554 soft 5.655072976401352e-07 hard 0.04424723220730588 best 0.014652543796518681 time 161.9781994819641
TRIMMED 1 1103 11 2 8 390 soft 3.0902688669766466e-06 hard 0.014652543796517781 best 0.014652543796517781 time 166.00202560424805
TRIMMED 1 1103 11 2 12 162 soft 2.699460087682786e-05 hard 0.014652543796517661 best 0.014652543796517661 time 169.42715644836426
TRIMMED 1 1103 11 2 16 105 soft 0.0002764404633217892 hard 0.014652543796517845 best 0.014652543796517661 time 172.9934847354889
TRIMMED 1 1103 11 2 20 80 soft 0.0021357694810910065 hard 0.014652543796517708 best 0.014652543796517661 time 176.63684630393982
TRIMMED 1 1103 11 2 24 42 soft 0.01239026910188467 hard 0.014652543796520248 best 0.014652543796517661 time 180.19653797149658
TRIMMED 1 1103 11 2 26 28 soft 0.014652543798130831 hard 0.014652543796529194 best 0.014652543796517661 time 181.9463713169098
TRIMMED 1 1103 12 3 0 1425 soft 4.144086245147448e-08 hard 0.014652543796519063 best 0.014652543796519063 time 183.4891529083252
TRIMMED 1 1103 12 3 4 345 soft 2.5291298061168407e-07 hard 0.0146525437965225 best 0.014652543796519063 time 187.36747860908508
TRIMMED 1 1103 12 3 8 214 soft 2.638421310728904e-06 hard 0.014652543796518223 best 0.014652543796518223 time 191.31439089775085
TRIMMED 1 1103 12 3 12 155 soft 2.82805032805431e-05 hard 0.014652543796529718 best 0.014652543796518223 time 195.24449253082275
TRIMMED 1 1103 12 3 16 123 soft 0.00027944267380657404 hard 0.014652543796530483 best 0.014652543796518223 time 199.01350164413452
TRIMMED 1 1103 12 3 20 80 soft 0.002104600219752379 hard 0.0146525437965258 best 0.014652543796518223 time 203.33341932296753
TRIMMED 1 1103 12 3 24 46 soft 0.011752472540382928 hard 0.014652543796523983 best 0.014652543796518223 time 207.28963804244995
TRIMMED 1 1103 12 3 26 28 soft 0.014652543799823154 hard 0.014652543796531225 best 0.014652543796518223 time 208.70107221603394
TRIMMED 1 1103 13 0 0 215 soft 6.070509379982631e-07 hard 0.28316988350671923 best 0.28316988350671923 time 208.7863805294037
TRIMMED 1 1103 13 0 4 130 soft 1.4616858240220635e-06 hard 0.18561954625442612 best 0.18561954625442612 time 209.03540444374084
TRIMMED 1 1103 13 0 8 110 soft 1.2318097942953875e-05 hard 0.22024315515802007 best 0.18561954625442612 time 209.27865481376648
TRIMMED 1 1103 13 0 12 96 soft 0.00011883703131305938 hard 0.19660325333368167 best 0.18561954625442612 time 209.52834367752075
TRIMMED 1 1103 13 0 16 86 soft 0.0010032766741808182 hard 0.1966032533336813 best 0.18561954625442612 time 209.72992777824402
TRIMMED 1 1103 13 0 20 67 soft 0.0072762570933054575 hard 0.15515549299466358 best 0.15515549299466358 time 209.87940335273743
TRIMMED 1 1103 13 0 24 49 soft 0.03840575567176631 hard 0.15515549299466377 best 0.15515549299466358 time 209.98777961730957
TRIMMED 1 1103 13 0 28 33 soft 0.10708063840845519 hard 0.1176072124562223 best 0.1176072124562223 time 210.05767059326172
TRIMMED 1 1103 13 0 30 28 soft 0.11760721245625529 hard 0.11760721245622732 best 0.1176072124562223 time 210.0847725868225
TRIMMED 1 1103 14 1 0 219 soft 8.634432722328307e-07 hard 0.27726656587338766 best 0.27726656587338766 time 210.16512894630432
TRIMMED 1 1103 14 1 4 134 soft 2.0155079056415235e-06 hard 0.21347296627771384 best 0.21347296627771384 time 210.45128059387207
TRIMMED 1 1103 14 1 8 111 soft 1.1650739524160727e-05 hard 0.14916229838968964 best 0.14916229838968964 time 210.71299505233765
TRIMMED 1 1103 14 1 12 98 soft 0.00013339145649899275 hard 0.13688481189771023 best 0.13688481189771023 time 210.97485256195068
TRIMMED 1 1103 14 1 16 88 soft 0.0012864181114059724 hard 0.1368848118977102 best 0.1368848118977102 time 211.24015355110168
TRIMMED 1 1103 14 1 20 71 soft 0.007895521599398408 hard 0.14441546344310793 best 0.1368848118977102 time 211.53733468055725
TRIMMED 1 1103 14 1 24 44 soft 0.03503190910552428 hard 0.11057075941696656 best 0.11057075941696656 time 211.66887760162354
TRIMMED 1 1103 14 1 28 31 soft 0.0905780722138699 hard 0.11057075941696612 best 0.11057075941696612 time 211.77239418029785
TRIMMED 1 1103 14 1 30 28 soft 0.11057075941698064 hard 0.11057075941696688 best 0.11057075941696612 time 211.80832386016846
TRIMMED 1 1103 15 2 0 3675 soft 5.50347947617482e-08 hard 0.03755861875805372 best 0.03755861875805372 time 214.03437209129333
TRIMMED 1 1103 15 2 4 1798 soft 5.977427314219168e-07 hard 0.019409051590023586 best 0.019409051590023586 time 219.73406982421875
TRIMMED 1 1103 15 2 8 375 soft 3.1340616608830903e-06 hard 0.0194090515900193 best 0.0194090515900193 time 223.88542938232422
TRIMMED 1 1103 15 2 12 130 soft 2.7646305113992424e-05 hard 0.019409051590019287 best 0.019409051590019287 time 227.9044108390808
TRIMMED 1 1103 15 2 16 112 soft 0.00027992979741345915 hard 0.019409051590019072 best 0.019409051590019072 time 231.99339199066162
TRIMMED 1 1103 15 2 20 83 soft 0.0024635437810658885 hard 0.01940905159002038 best 0.019409051590019072 time 235.86206126213074
TRIMMED 1 1103 15 2 24 42 soft 0.014209188234873793 hard 0.019409051590021355 best 0.019409051590019072 time 239.68086910247803
TRIMMED 1 1103 15 2 27 28 soft 0.019409051592041583 hard 0.019409051590134545 best 0.019409051590019072 time 242.1758530139923
TRIMMED 1 1103 16 3 0 1585 soft 4.9585624293262874e-08 hard 0.01465254379651804 best 0.01465254379651804 time 243.8630211353302
TRIMMED 1 1103 16 3 4 368 soft 2.7423156450115863e-07 hard 0.014652543796518126 best 0.01465254379651804 time 248.35412788391113
SAVE 1 best gates 28 loss 0.014652543796517514 seconds 252.05016589164734
TRIMMED 1 1103 16 3 8 180 soft 2.6865489756527582e-06 hard 0.014652543796517514 best 0.014652543796517514 time 252.05037426948547
TRIMMED 1 1103 16 3 12 136 soft 2.8743694912055602e-05 hard 0.0146525437965177 best 0.014652543796517514 time 255.79550313949585
TRIMMED 1 1103 16 3 16 114 soft 0.00027646307453295496 hard 0.01465254379651763 best 0.014652543796517514 time 259.6218726634979
TRIMMED 1 1103 16 3 20 87 soft 0.002074692523713076 hard 0.014652543796518258 best 0.014652543796517514 time 263.16752791404724
TRIMMED 1 1103 16 3 24 45 soft 0.01150822765400089 hard 0.014652543796518806 best 0.014652543796517514 time 267.1241674423218
TRIMMED 1 1103 16 3 26 28 soft 0.014652543798177743 hard 0.014652543796521368 best 0.014652543796517514 time 268.84693360328674
TRIMMED 1 1103 17 0 0 223 soft 9.490872738657522e-07 hard 0.21731439459934165 best 0.21731439459934165 time 268.9619746208191
TRIMMED 1 1103 17 0 4 132 soft 1.2392615367040264e-06 hard 0.2468052859133236 best 0.21731439459934165 time 269.2473409175873
TRIMMED 1 1103 17 0 8 106 soft 1.027851495597347e-05 hard 0.1982603022338794 best 0.1982603022338794 time 269.4596281051636
TRIMMED 1 1103 17 0 12 96 soft 0.00010220097886490863 hard 0.19826030223388139 best 0.1982603022338794 time 269.70583319664
TRIMMED 1 1103 17 0 16 88 soft 0.0009532881566202289 hard 0.19826030223388152 best 0.1982603022338794 time 269.94949221611023
TRIMMED 1 1103 17 0 20 69 soft 0.006955005137127547 hard 0.19826030223388427 best 0.1982603022338794 time 270.1515419483185
TRIMMED 1 1103 17 0 24 54 soft 0.03689619816984626 hard 0.18692806389267744 best 0.18692806389267744 time 270.27480721473694
TRIMMED 1 1103 17 0 28 31 soft 0.11571056052265623 hard 0.1392173826657909 best 0.1392173826657909 time 270.3885154724121
TRIMMED 1 1103 17 0 30 28 soft 0.13921738266585967 hard 0.13921738266579495 best 0.1392173826657909 time 270.4261393547058
TRIMMED 1 1103 18 1 0 221 soft 8.453109156083488e-07 hard 0.2306330609886514 best 0.2306330609886514 time 270.53749799728394
TRIMMED 1 1103 18 1 4 142 soft 1.2189933997402782e-06 hard 0.17487950627781715 best 0.17487950627781715 time 270.8742718696594
TRIMMED 1 1103 18 1 8 100 soft 9.574504736825937e-06 hard 0.15738620160067054 best 0.15738620160067054 time 271.1602883338928
TRIMMED 1 1103 18 1 12 92 soft 8.829128978212395e-05 hard 0.15738620160067032 best 0.15738620160067032 time 271.39889574050903
TRIMMED 1 1103 18 1 16 88 soft 0.000750889659217347 hard 0.1573862016006704 best 0.15738620160067032 time 271.6485950946808
TRIMMED 1 1103 18 1 20 71 soft 0.004874899244010141 hard 0.1573862016006707 best 0.15738620160067032 time 271.8023371696472
TRIMMED 1 1103 18 1 24 48 soft 0.03295395796660785 hard 0.12963526619254567 best 0.12963526619254567 time 271.9389946460724
TRIMMED 1 1103 18 1 28 31 soft 0.11490284846081009 hard 0.12963526619254648 best 0.12963526619254567 time 272.02126812934875
TRIMMED 1 1103 18 1 30 28 soft 0.12963526619260246 hard 0.12963526619254634 best 0.12963526619254567 time 272.06926250457764
TRIMMED 1 1103 19 2 0 3363 soft 1.140026937725487e-07 hard 0.014652543796518588 best 0.014652543796518588 time 274.1901009082794
TRIMMED 1 1103 19 2 4 1112 soft 3.924497281228143e-07 hard 0.014652543796518652 best 0.014652543796518588 time 280.69265580177307
TRIMMED 1 1103 19 2 8 310 soft 2.809300505645458e-06 hard 0.01465254379651861 best 0.014652543796518588 time 284.33396434783936
TRIMMED 1 1103 19 2 12 170 soft 2.7501177417113898e-05 hard 0.014652543796517627 best 0.014652543796517627 time 288.17988300323486
TRIMMED 1 1103 19 2 16 102 soft 0.00027562813794797497 hard 0.014652543796517809 best 0.014652543796517627 time 291.9866371154785
TRIMMED 1 1103 19 2 20 80 soft 0.00213053755355514 hard 0.014652543796518815 best 0.014652543796517627 time 295.71217465400696
TRIMMED 1 1103 19 2 24 42 soft 0.012390261101335079 hard 0.014652543796520647 best 0.014652543796517627 time 299.1910729408264
TRIMMED 1 1103 19 2 26 28 soft 0.014652543798161447 hard 0.014652543796529877 best 0.014652543796517627 time 300.50950145721436
TRIMMED 1 1103 20 3 0 2134 soft 5.272796059531878e-08 hard 0.014652543796517615 best 0.014652543796517615 time 302.0890462398529
TRIMMED 1 1103 20 3 4 388 soft 2.602254383892472e-07 hard 0.01465254379651854 best 0.014652543796517615 time 306.9785373210907
TRIMMED 1 1103 20 3 8 186 soft 2.614955153422915e-06 hard 0.014652543796517774 best 0.014652543796517615 time 310.8856129646301
TRIMMED 1 1103 20 3 12 139 soft 2.7988317245087595e-05 hard 0.014652543796517882 best 0.014652543796517615 time 314.7879252433777
TRIMMED 1 1103 20 3 16 98 soft 0.0002675193090472086 hard 0.014652543796518038 best 0.014652543796517615 time 318.60297203063965
TRIMMED 1 1103 20 3 20 84 soft 0.002080492373647295 hard 0.014652543796517694 best 0.014652543796517615 time 322.347535610199
TRIMMED 1 1103 20 3 24 45 soft 0.0114218969352428 hard 0.014652543796524925 best 0.014652543796517615 time 325.90274810791016
TRIMMED 1 1103 20 3 26 28 soft 0.014652543797248996 hard 0.014652543796518161 best 0.014652543796517615 time 327.30727338790894
TRIMMED 1 1103 21 0 0 214 soft 3.4348756755166343e-07 hard 0.2167149645160352 best 0.2167149645160352 time 327.5685920715332
TRIMMED 1 1103 21 0 4 124 soft 1.224302873671839e-06 hard 0.21345361357388773 best 0.21345361357388773 time 328.15593671798706
TRIMMED 1 1103 21 0 8 106 soft 8.787667868869872e-06 hard 0.18788900012968587 best 0.18788900012968587 time 328.42062306404114
TRIMMED 1 1103 21 0 12 96 soft 9.595600765209413e-05 hard 0.18794786184796386 best 0.18788900012968587 time 328.7306549549103
TRIMMED 1 1103 21 0 16 89 soft 0.0007919597536187233 hard 0.19237930991250643 best 0.18788900012968587 time 329.09983944892883
TRIMMED 1 1103 21 0 20 76 soft 0.005619226827533602 hard 0.1923793099125058 best 0.18788900012968587 time 329.2513132095337
TRIMMED 1 1103 21 0 24 56 soft 0.03507889728535147 hard 0.1923793099125059 best 0.18788900012968587 time 329.3854503631592
TRIMMED 1 1103 21 0 28 34 soft 0.1265385887988614 hard 0.1923793099125076 best 0.18788900012968587 time 329.5291368961334
TRIMMED 1 1103 21 0 31 28 soft 0.1923793099125812 hard 0.19237930991251034 best 0.18788900012968587 time 329.5792381763458
TRIMMED 1 1103 22 1 0 210 soft 4.696874482016312e-07 hard 0.23755975700968365 best 0.23755975700968365 time 329.6635992527008
TRIMMED 1 1103 22 1 4 126 soft 1.2111623560257388e-06 hard 0.17249488747469 best 0.17249488747469 time 329.9710695743561
TRIMMED 1 1103 22 1 8 104 soft 8.996330038140866e-06 hard 0.16185030445303594 best 0.16185030445303594 time 330.25428080558777
TRIMMED 1 1103 22 1 12 94 soft 8.447118498751711e-05 hard 0.16185030445303705 best 0.16185030445303594 time 330.49469351768494
TRIMMED 1 1103 22 1 16 86 soft 0.0008399588742153184 hard 0.16185030445303544 best 0.16185030445303544 time 330.76529240608215
TRIMMED 1 1103 22 1 20 71 soft 0.008641694787262807 hard 0.14042825229523795 best 0.14042825229523795 time 331.00135612487793
TRIMMED 1 1103 22 1 24 50 soft 0.038374784190810765 hard 0.14042825229523587 best 0.14042825229523587 time 331.09756207466125
TRIMMED 1 1103 22 1 28 30 soft 0.10834836565919247 hard 0.11430477726078568 best 0.11430477726078568 time 331.16939330101013
TRIMMED 1 1103 22 1 29 28 soft 0.11430477726079238 hard 0.11430477726078607 best 0.11430477726078568 time 331.1875936985016
TRIMMED 1 1103 23 2 0 3790 soft 2.8386177638783297e-07 hard 0.01465254379652059 best 0.01465254379652059 time 333.1136815547943
TRIMMED 1 1103 23 2 4 1152 soft 4.125120421709389e-07 hard 0.015439196667422167 best 0.01465254379652059 time 339.23744773864746
TRIMMED 1 1103 23 2 8 274 soft 2.7520650349360835e-06 hard 0.01543919666742207 best 0.01465254379652059 time 343.57657265663147
TRIMMED 1 1103 23 2 12 155 soft 2.7217290952404456e-05 hard 0.015439196667421985 best 0.01465254379652059 time 347.91771697998047
TRIMMED 1 1103 23 2 16 122 soft 0.0002690821084929437 hard 0.015439196667430046 best 0.01465254379652059 time 352.02433466911316
TRIMMED 1 1103 23 2 20 89 soft 0.002261531235904449 hard 0.015439196667422155 best 0.01465254379652059 time 355.5121340751648
TRIMMED 1 1103 23 2 24 44 soft 0.013375054209218645 hard 0.015439196667422562 best 0.01465254379652059 time 359.61443305015564
TRIMMED 1 1103 23 2 26 28 soft 0.015439196667668933 hard 0.015439196667439222 best 0.01465254379652059 time 361.36928939819336
