TRIMMED 1 1102 0 2 0 1379 soft 3.76548328409301e-08 hard 0.014652543796518478 best 0.014652543796518478 time 3.3016936779022217
TRIMMED 1 1102 0 2 4 444 soft 2.3744649646943063e-07 hard 0.014652543796517732 best 0.014652543796517732 time 12.007970809936523
TRIMMED 1 1102 0 2 8 224 soft 2.659682863895889e-06 hard 0.014652543796518074 best 0.014652543796517732 time 17.68963646888733
TRIMMED 1 1102 0 2 12 160 soft 2.7786113331503502e-05 hard 0.014652543796517679 best 0.014652543796517679 time 21.39026689529419
TRIMMED 1 1102 0 2 16 105 soft 0.0002764467953228554 hard 0.01465254379652795 best 0.014652543796517679 time 25.132596731185913
TRIMMED 1 1102 0 2 20 80 soft 0.002134304892179647 hard 0.014652543796517653 best 0.014652543796517653 time 28.823535203933716
TRIMMED 1 1102 0 2 24 42 soft 0.01239009906933455 hard 0.014652543796520128 best 0.014652543796517653 time 32.31301307678223
TRIMMED 1 1102 0 2 26 28 soft 0.014652543797908207 hard 0.01465254379652403 best 0.014652543796517653 time 33.78146409988403
TRIMMED 1 1102 1 3 0 3516 soft 1.2825211779991378e-07 hard 0.027934959847881226 best 0.027934959847881226 time 35.71270680427551
TRIMMED 1 1102 1 3 4 1476 soft 4.82451774300529e-07 hard 0.027934959847879786 best 0.027934959847879786 time 42.18766808509827
TRIMMED 1 1102 1 3 8 388 soft 2.922157993732557e-06 hard 0.027934959847879005 best 0.027934959847879005 time 46.78437638282776
TRIMMED 1 1102 1 3 12 170 soft 2.2078827443037923e-05 hard 0.027934959847879588 best 0.027934959847879005 time 50.74767327308655
TRIMMED 1 1102 1 3 16 150 soft 0.00027931568607929253 hard 0.014652543796518015 best 0.014652543796518015 time 54.85002160072327
TRIMMED 1 1102 1 3 20 90 soft 0.002195340719487533 hard 0.014652543796518333 best 0.014652543796518015 time 58.776981353759766
TRIMMED 1 1102 1 3 24 47 soft 0.011889628615041352 hard 0.014652543796519696 best 0.014652543796518015 time 62.332449436187744
TRIMMED 1 1102 1 3 26 28 soft 0.01465254379888081 hard 0.01465254379652236 best 0.014652543796518015 time 63.84198880195618
TRIMMED 1 1102 2 0 0 222 soft 4.798404420973291e-07 hard 0.19996574255476907 best 0.19996574255476907 time 64.07371497154236
TRIMMED 1 1102 2 0 4 153 soft 1.7312542365326595e-06 hard 0.17180720229542454 best 0.17180720229542454 time 64.4130072593689
TRIMMED 1 1102 2 0 8 98 soft 1.1772422494789185e-05 hard 0.17180720229542562 best 0.17180720229542454 time 64.65683889389038
TRIMMED 1 1102 2 0 12 96 soft 0.00012087899569569727 hard 0.20375089625069645 best 0.17180720229542454 time 65.00901746749878
TRIMMED 1 1102 2 0 16 82 soft 0.0009078836410812776 hard 0.11852311180536994 best 0.11852311180536994 time 65.28582191467285
TRIMMED 1 1102 2 0 20 65 soft 0.007799177315034236 hard 0.11852311180536729 best 0.11852311180536729 time 65.48837018013
TRIMMED 1 1102 2 0 24 47 soft 0.0342661240506242 hard 0.11852311180536408 best 0.11852311180536408 time 65.59635186195374
TRIMMED 1 1102 2 0 28 29 soft 0.10022587435506251 hard 0.10264897602862638 best 0.10264897602862638 time 65.6713936328888
TRIMMED 1 1102 2 0 29 28 soft 0.1026489760287014 hard 0.1026489760286277 best 0.10264897602862638 time 65.6890184879303
TRIMMED 1 1102 3 1 0 222 soft 1.62775402036337e-06 hard 0.23111549177138027 best 0.23111549177138027 time 65.80562376976013
TRIMMED 1 1102 3 1 4 131 soft 1.4393702715985524e-06 hard 0.20288080840008374 best 0.20288080840008374 time 66.126211643219
TRIMMED 1 1102 3 1 8 99 soft 1.0843007468891944e-05 hard 0.1928806677618137 best 0.1928806677618137 time 66.36619877815247
TRIMMED 1 1102 3 1 12 96 soft 0.00011597916340393 hard 0.19288066776181448 best 0.1928806677618137 time 66.68709921836853
TRIMMED 1 1102 3 1 16 87 soft 0.000983770483799019 hard 0.19288066776181398 best 0.1928806677618137 time 66.96566462516785
TRIMMED 1 1102 3 1 20 78 soft 0.007437627189201535 hard 0.19288066776181653 best 0.1928806677618137 time 67.16992259025574
TRIMMED 1 1102 3 1 24 46 soft 0.03375636646386565 hard 0.09142182377597818 best 0.09142182377597818 time 67.3093090057373
TRIMMED 1 1102 3 1 28 30 soft 0.08357687613211233 hard 0.09142182377597828 best 0.09142182377597818 time 67.38825726509094
TRIMMED 1 1102 3 1 29 28 soft 0.09142182377599935 hard 0.09142182377598 best 0.09142182377597818 time 67.41004252433777
TRIMMED 1 1102 4 2 0 1379 soft 3.76548328409301e-08 hard 0.014652543796518478 best 0.014652543796518478 time 68.89704990386963
TRIMMED 1 1102 4 2 4 444 soft 2.3744649646943063e-07 hard 0.014652543796517732 best 0.014652543796517732 time 73.7299485206604
TRIMMED 1 1102 4 2 8 224 soft 2.659682863895889e-06 hard 0.014652543796518074 best 0.014652543796517732 time 77.78688907623291
TRIMMED 1 1102 4 2 12 160 soft 2.7786113331503502e-05 hard 0.014652543796517679 best 0.014652543796517679 time 81.4726185798645
TRIMMED 1 1102 4 2 16 105 soft 0.0002764467953228554 hard 0.01465254379652795 best 0.014652543796517679 time 85.10774755477905
TRIMMED 1 1102 4 2 20 80 soft 0.002134304892179647 hard 0.014652543796517653 best 0.014652543796517653 time 88.5978193283081
TRIMMED 1 1102 4 2 24 42 soft 0.01239009906933455 hard 0.014652543796520128 best 0.014652543796517653 time 92.1259696483612
TRIMMED 1 1102 4 2 26 28 soft 0.014652543797908207 hard 0.01465254379652403 best 0.014652543796517653 time 93.8415470123291
TRIMMED 1 1102 5 3 0 3697 soft 1.535066558511704e-07 hard 0.027989422937186856 best 0.027989422937186856 time 96.21078872680664
TRIMMED 1 1102 5 3 4 1176 soft 3.870213600872225e-07 hard 0.04239386539146525 best 0.027989422937186856 time 102.27864193916321
TRIMMED 1 1102 5 3 8 275 soft 2.4040966280732214e-06 hard 0.04239386539146287 best 0.027989422937186856 time 107.61293172836304
TRIMMED 1 1102 5 3 12 165 soft 2.34636758665328e-05 hard 0.042393865391464385 best 0.027989422937186856 time 112.1333384513855
TRIMMED 1 1102 5 3 16 126 soft 0.00024559013305934697 hard 0.04239386539146372 best 0.027989422937186856 time 116.11541438102722
TRIMMED 1 1102 5 3 20 101 soft 0.002203388282335221 hard 0.04239386539146402 best 0.027989422937186856 time 120.21456575393677
TRIMMED 1 1102 5 3 24 49 soft 0.011770274723715717 hard 0.026376129662816654 best 0.026376129662816654 time 124.49077582359314
TRIMMED 1 1102 5 3 28 28 soft 0.026376129665418337 hard 0.026376129662819308 best 0.026376129662816654 time 128.10842514038086
TRIMMED 1 1102 6 0 0 235 soft 3.2239007627378184e-06 hard 0.18110138940335088 best 0.18110138940335088 time 128.1922857761383
TRIMMED 1 1102 6 0 4 150 soft 3.0723210312878594e-06 hard 0.15916360172929891 best 0.15916360172929891 time 128.53082585334778
TRIMMED 1 1102 6 0 8 101 soft 9.113624297721685e-06 hard 0.2035503361517247 best 0.15916360172929891 time 128.76364469528198
TRIMMED 1 1102 6 0 12 95 soft 8.670533076332079e-05 hard 0.20355033615172455 best 0.15916360172929891 time 129.0196385383606
TRIMMED 1 1102 6 0 16 91 soft 0.0009347047428561051 hard 0.2035503361517244 best 0.15916360172929891 time 129.33396863937378
TRIMMED 1 1102 6 0 20 70 soft 0.0073064922697713116 hard 0.17535663544868613 best 0.15916360172929891 time 129.56297731399536
TRIMMED 1 1102 6 0 24 49 soft 0.0358382765942464 hard 0.15038840978704976 best 0.15038840978704976 time 129.66163063049316
TRIMMED 1 1102 6 0 28 33 soft 0.09981903038374841 hard 0.1284600245355845 best 0.1284600245355845 time 129.7538938522339
TRIMMED 1 1102 6 0 30 28 soft 0.12846002453567845 hard 0.128460024535608 best 0.1284600245355845 time 129.79199695587158
TRIMMED 1 1102 7 1 0 222 soft 8.518956446848951e-07 hard 0.2760500650047249 best 0.2760500650047249 time 129.89059901237488
TRIMMED 1 1102 7 1 4 130 soft 1.644303683549267e-06 hard 0.2634571260071983 best 0.2634571260071983 time 130.25488138198853
TRIMMED 1 1102 7 1 8 102 soft 1.1743999005806343e-05 hard 0.251835769906535 best 0.251835769906535 time 130.50540328025818
TRIMMED 1 1102 7 1 12 92 soft 0.00012079284921437634 hard 0.25183576990653433 best 0.25183576990653433 time 130.71856951713562
TRIMMED 1 1102 7 1 16 82 soft 0.000899410101612973 hard 0.25183576990653217 best 0.25183576990653217 time 130.93660426139832
TRIMMED 1 1102 7 1 20 71 soft 0.0072173926011742185 hard 0.20785958905572255 best 0.20785958905572255 time 131.10194540023804
TRIMMED 1 1102 7 1 24 52 soft 0.050104965773090746 hard 0.1364268062644351 best 0.1364268062644351 time 131.20500016212463
TRIMMED 1 1102 7 1 28 30 soft 0.11624732908018012 hard 0.13642680626443607 best 0.1364268062644351 time 131.26786041259766
TRIMMED 1 1102 7 1 30 28 soft 0.13642680626447531 hard 0.136426806264444 best 0.1364268062644351 time 131.30404472351074
TRIMMED 1 1102 8 2 0 1462 soft 5.2266170847964823e-08 hard 0.01465254379651756 best 0.01465254379651756 time 132.73224925994873
TRIMMED 1 1102 8 2 4 500 soft 2.820224195705519e-07 hard 0.014652543796518135 best 0.01465254379651756 time 136.9660758972168
TRIMMED 1 1102 8 2 8 233 soft 2.7587336701788894e-06 hard 0.014652543796517715 best 0.01465254379651756 time 141.14893746376038
TRIMMED 1 1102 8 2 12 158 soft 2.7339436049693925e-05 hard 0.01465254379651768 best 0.01465254379651756 time 144.98837876319885
TRIMMED 1 1102 8 2 16 105 soft 0.00027562518406433115 hard 0.01465254379652911 best 0.01465254379651756 time 148.41539931297302
TRIMMED 1 1102 8 2 20 80 soft 0.00213408702778907 hard 0.01465254379652013 best 0.01465254379651756 time 152.0476050376892
TRIMMED 1 1102 8 2 24 42 soft 0.012389998868680623 hard 0.014652543796518792 best 0.01465254379651756 time 155.77412390708923
TRIMMED 1 1102 8 2 26 28 soft 0.01465254379806411 hard 0.014652543796518761 best 0.01465254379651756 time 157.373295545578
TRIMMED 1 1102 9 3 0 2881 soft 6.788578464795851e-08 hard 0.014652543796519703 best 0.014652543796519703 time 159.45165824890137
TRIMMED 1 1102 9 3 4 956 soft 3.974017683704884e-07 hard 0.014652543796517939 best 0.014652543796517939 time 165.08519554138184
TRIMMED 1 1102 9 3 8 300 soft 2.8058246617785184e-06 hard 0.014652543796518883 best 0.014652543796517939 time 169.36260294914246
TRIMMED 1 1102 9 3 12 186 soft 3.0680065302919747e-05 hard 0.014652543796518288 best 0.014652543796517939 time 172.96986508369446
TRIMMED 1 1102 9 3 16 106 soft 0.0002959098823909294 hard 0.014652543796517743 best 0.014652543796517743 time 176.34602212905884
TRIMMED 1 1102 9 3 20 84 soft 0.0021681928675865536 hard 0.014652543796525416 best 0.014652543796517743 time 180.433039188385
TRIMMED 1 1102 9 3 24 41 soft 0.011762272637882681 hard 0.014652543796518877 best 0.014652543796517743 time 184.34583234786987
TRIMMED 1 1102 9 3 26 28 soft 0.014652543797949448 hard 0.014652543796530254 best 0.014652543796517743 time 185.85467886924744
TRIMMED 1 1102 10 0 0 223 soft 5.142213828170596e-07 hard 0.19049537957212231 best 0.19049537957212231 time 185.95297622680664
TRIMMED 1 1102 10 0 4 126 soft 1.4586729951222888e-06 hard 0.20880552249771342 best 0.19049537957212231 time 186.20417523384094
TRIMMED 1 1102 10 0 8 95 soft 1.2139284225580575e-05 hard 0.19947394579658687 best 0.19049537957212231 time 186.45773482322693
TRIMMED 1 1102 10 0 12 87 soft 0.00010408640228256218 hard 0.19947394579658992 best 0.19049537957212231 time 186.72149515151978
TRIMMED 1 1102 10 0 16 84 soft 0.0008299637809208212 hard 0.19947394579658745 best 0.19049537957212231 time 186.93678617477417
TRIMMED 1 1102 10 0 20 73 soft 0.007443021494846441 hard 0.19947394579658712 best 0.19049537957212231 time 187.16052842140198
TRIMMED 1 1102 10 0 24 53 soft 0.035109479504247906 hard 0.19653328993250496 best 0.19049537957212231 time 187.42453813552856
TRIMMED 1 1102 10 0 28 39 soft 0.13448881354065564 hard 0.1965332899325227 best 0.19049537957212231 time 187.52800703048706
TRIMMED 1 1102 10 0 30 28 soft 0.17289987991419267 hard 0.17289987991412362 best 0.17289987991412362 time 187.58298635482788
TRIMMED 1 1102 11 1 0 224 soft 9.393479582444791e-07 hard 0.21108590080358652 best 0.21108590080358652 time 187.69451928138733
TRIMMED 1 1102 11 1 4 120 soft 9.671905967692578e-07 hard 0.18310342504305518 best 0.18310342504305518 time 188.0124933719635
TRIMMED 1 1102 11 1 8 103 soft 1.0138950783701929e-05 hard 0.14551487093043688 best 0.14551487093043688 time 188.26471161842346
TRIMMED 1 1102 11 1 12 93 soft 0.00010399625455219203 hard 0.14627353275846455 best 0.14551487093043688 time 188.53131580352783
TRIMMED 1 1102 11 1 16 87 soft 0.0009961904437156414 hard 0.14627353275846447 best 0.14551487093043688 time 188.79293704032898
TRIMMED 1 1102 11 1 20 76 soft 0.007904889863044065 hard 0.12959721575142655 best 0.12959721575142655 time 189.0337986946106
TRIMMED 1 1102 11 1 24 52 soft 0.03208096179404976 hard 0.12583418455937523 best 0.12583418455937523 time 189.15724563598633
TRIMMED 1 1102 11 1 28 31 soft 0.11001744081972786 hard 0.12583418455937448 best 0.12583418455937448 time 189.25825667381287
TRIMMED 1 1102 11 1 30 28 soft 0.12583418455939568 hard 0.1258341845593768 best 0.12583418455937448 time 189.29467296600342
TRIMMED 1 1102 12 2 0 1462 soft 5.2266170847964823e-08 hard 0.01465254379651756 best 0.01465254379651756 time 190.84485054016113
TRIMMED 1 1102 12 2 4 500 soft 2.820224195705519e-07 hard 0.014652543796518135 best 0.01465254379651756 time 195.19320821762085
TRIMMED 1 1102 12 2 8 233 soft 2.7587336701788894e-06 hard 0.014652543796517715 best 0.01465254379651756 time 199.18100595474243
TRIMMED 1 1102 12 2 12 158 soft 2.7339436049693925e-05 hard 0.01465254379651768 best 0.01465254379651756 time 203.8365831375122
TRIMMED 1 1102 12 2 16 105 soft 0.00027562518406433115 hard 0.01465254379652911 best 0.01465254379651756 time 207.63092589378357
TRIMMED 1 1102 12 2 20 80 soft 0.00213408702778907 hard 0.01465254379652013 best 0.01465254379651756 time 211.10173296928406
TRIMMED 1 1102 12 2 24 42 soft 0.012389998868680623 hard 0.014652543796518792 best 0.01465254379651756 time 215.09298753738403
TRIMMED 1 1102 12 2 26 28 soft 0.01465254379806411 hard 0.014652543796518761 best 0.01465254379651756 time 216.51932096481323
TRIMMED 1 1102 13 3 0 3605 soft 1.2536533380178622e-07 hard 0.10656896974441907 best 0.10656896974441907 time 218.42117762565613
TRIMMED 1 1102 13 3 4 1504 soft 6.10774863802925e-07 hard 0.05747281850946746 best 0.05747281850946746 time 224.5850052833557
TRIMMED 1 1102 13 3 8 309 soft 2.8957828742916167e-06 hard 0.05747281850947596 best 0.05747281850946746 time 228.57264947891235
TRIMMED 1 1102 13 3 12 167 soft 2.891740948651005e-05 hard 0.05747281850946768 best 0.05747281850946746 time 232.6309609413147
TRIMMED 1 1102 13 3 16 126 soft 0.0002934663671655717 hard 0.05747281850946911 best 0.05747281850946746 time 236.1865110397339
TRIMMED 1 1102 13 3 20 83 soft 0.00207551153311337 hard 0.05747281850947264 best 0.05747281850946746 time 239.80376648902893
TRIMMED 1 1102 13 3 24 50 soft 0.012677329598359682 hard 0.05747281850946723 best 0.05747281850946723 time 243.62506079673767
TRIMMED 1 1102 13 3 28 33 soft 0.02012034757337646 hard 0.01485931967930409 best 0.01485931967930409 time 247.55150961875916
TRIMMED 1 1102 13 3 29 28 soft 0.014859319680000054 hard 0.014859319679315277 best 0.01485931967930409 time 248.51158046722412
TRIMMED 1 1102 14 0 0 226 soft 2.266450531960148e-06 hard 0.2296210646261634 best 0.2296210646261634 time 248.6156063079834
TRIMMED 1 1102 14 0 4 131 soft 1.1918748116947228e-06 hard 0.1547390314204848 best 0.1547390314204848 time 248.94970417022705
TRIMMED 1 1102 14 0 8 101 soft 9.313143214386402e-06 hard 0.17638864329584653 best 0.1547390314204848 time 249.25163626670837
TRIMMED 1 1102 14 0 12 94 soft 0.00011959287446722711 hard 0.17638864329584372 best 0.1547390314204848 time 249.5373945236206
TRIMMED 1 1102 14 0 16 87 soft 0.0009399450761387164 hard 0.1763886432958446 best 0.1547390314204848 time 249.77218747138977
TRIMMED 1 1102 14 0 20 76 soft 0.0059064730162456894 hard 0.17638864329584453 best 0.1547390314204848 time 249.9492540359497
TRIMMED 1 1102 14 0 24 54 soft 0.036459797853373624 hard 0.13248785660425014 best 0.13248785660425014 time 250.11486339569092
TRIMMED 1 1102 14 0 28 33 soft 0.11098649981002394 hard 0.13248785660425452 best 0.13248785660425014 time 250.19958019256592
TRIMMED 1 1102 14 0 30 28 soft 0.1324878566043478 hard 0.1324878566042524 best 0.13248785660425014 time 250.24041223526
TRIMMED 1 1102 15 1 0 225 soft 7.440266932155781e-07 hard 0.22921521029895423 best 0.22921521029895423 time 250.34433722496033
TRIMMED 1 1102 15 1 4 127 soft 1.0441819266887438e-06 hard 0.2598330751233672 best 0.22921521029895423 time 250.66040897369385
TRIMMED 1 1102 15 1 8 112 soft 1.415440941544522e-05 hard 0.2087189273652879 best 0.2087189273652879 time 250.91909432411194
TRIMMED 1 1102 15 1 12 96 soft 0.00011522914919663052 hard 0.19369343054431912 best 0.19369343054431912 time 251.20162391662598
TRIMMED 1 1102 15 1 16 89 soft 0.0010220784181970935 hard 0.20053784820255227 best 0.19369343054431912 time 251.4875385761261
TRIMMED 1 1102 15 1 20 67 soft 0.005978048143672382 hard 0.1937569228497631 best 0.19369343054431912 time 251.6918442249298
TRIMMED 1 1102 15 1 24 51 soft 0.03259043870928425 hard 0.1937569228497621 best 0.19369343054431912 time 251.82049751281738
TRIMMED 1 1102 15 1 28 31 soft 0.09680901215823466 hard 0.11678118043487744 best 0.11678118043487744 time 251.933513879776
TRIMMED 1 1102 15 1 30 28 soft 0.11678118043494826 hard 0.11678118043488193 best 0.11678118043487744 time 251.98424983024597
TRIMMED 1 1102 16 2 0 1432 soft 5.699362179205874e-08 hard 0.014652543796520166 best 0.014652543796520166 time 253.45102548599243
TRIMMED 1 1102 16 2 4 368 soft 2.527659755487061e-07 hard 0.01465254379651832 best 0.01465254379651832 time 257.2474253177643
TRIMMED 1 1102 16 2 8 234 soft 2.633231868603856e-06 hard 0.014652543796518121 best 0.014652543796518121 time 260.7426323890686
TRIMMED 1 1102 16 2 12 149 soft 2.7691168761358732e-05 hard 0.014652543796517615 best 0.014652543796517615 time 264.3292326927185
TRIMMED 1 1102 16 2 16 106 soft 0.000276041667659427 hard 0.014652543796523287 best 0.014652543796517615 time 267.7702651023865
TRIMMED 1 1102 16 2 20 81 soft 0.002136948379620985 hard 0.014652543796517798 best 0.014652543796517615 time 271.39221596717834
TRIMMED 1 1102 16 2 24 42 soft 0.012390191437034943 hard 0.014652543796520109 best 0.014652543796517615 time 274.8786885738373
TRIMMED 1 1102 16 2 26 28 soft 0.014652543797413658 hard 0.014652543796542006 best 0.014652543796517615 time 276.8358380794525
TRIMMED 1 1102 17 3 0 3331 soft 7.712948949626197e-08 hard 0.014652543796518635 best 0.014652543796518635 time 278.85126280784607
TRIMMED 1 1102 17 3 4 1416 soft 6.007945798283751e-07 hard 0.023544152730415935 best 0.014652543796518635 time 285.5160117149353
TRIMMED 1 1102 17 3 8 358 soft 2.8160485062075207e-06 hard 0.023544152730415772 best 0.014652543796518635 time 289.75049448013306
TRIMMED 1 1102 17 3 12 197 soft 2.9190737155710256e-05 hard 0.02354415273041625 best 0.014652543796518635 time 293.5768060684204
TRIMMED 1 1102 17 3 16 121 soft 0.00028894943636445964 hard 0.023544152730417045 best 0.014652543796518635 time 296.97821712493896
TRIMMED 1 1102 17 3 20 89 soft 0.0022678863473032567 hard 0.02354415273041787 best 0.014652543796518635 time 300.8484308719635
TRIMMED 1 1102 17 3 24 44 soft 0.012498154250897495 hard 0.02354415273041815 best 0.014652543796518635 time 304.6280336380005
TRIMMED 1 1102 17 3 28 29 soft 0.019260515685658456 hard 0.02354415273041623 best 0.014652543796518635 time 307.8294470310211
TRIMMED 1 1102 17 3 30 28 soft 0.02354415273163656 hard 0.02354415273042838 best 0.014652543796518635 time 309.1222221851349
TRIMMED 1 1102 18 0 0 222 soft 3.499510884190822e-06 hard 0.2465919087274936 best 0.2465919087274936 time 309.2182397842407
TRIMMED 1 1102 18 0 4 132 soft 1.151781605331649e-06 hard 0.166554403085039 best 0.166554403085039 time 309.5210111141205
TRIMMED 1 1102 18 0 8 104 soft 1.1423545605231109e-05 hard 0.19541660399494828 best 0.166554403085039 time 309.82010650634766
TRIMMED 1 1102 18 0 12 93 soft 0.00011380138518679856 hard 0.19541660399495278 best 0.166554403085039 time 310.09410786628723
TRIMMED 1 1102 18 0 16 88 soft 0.0010520460495322202 hard 0.1954166039949467 best 0.166554403085039 time 310.4399890899658
TRIMMED 1 1102 18 0 20 70 soft 0.0066700637038640135 hard 0.21025305506893022 best 0.166554403085039 time 310.6393401622772
TRIMMED 1 1102 18 0 24 52 soft 0.0380137796904133 hard 0.210253055068929 best 0.166554403085039 time 310.73511481285095
TRIMMED 1 1102 18 0 28 38 soft 0.12248545924431632 hard 0.21025305506893419 best 0.166554403085039 time 310.8266501426697
TRIMMED 1 1102 18 0 31 28 soft 0.21025305506915268 hard 0.21025305506901895 best 0.166554403085039 time 310.91066813468933
TRIMMED 1 1102 19 1 0 224 soft 1.2242404681989004e-06 hard 0.2201008050275926 best 0.2201008050275926 time 310.99996757507324
TRIMMED 1 1102 19 1 4 121 soft 1.3021513036215878e-06 hard 0.19725652108028047 best 0.19725652108028047 time 311.24398159980774
TRIMMED 1 1102 19 1 8 96 soft 8.99822147538901e-06 hard 0.19163148119955223 best 0.19163148119955223 time 311.49931740760803
TRIMMED 1 1102 19 1 12 91 soft 8.507165409110871e-05 hard 0.19163148119955487 best 0.19163148119955223 time 311.73582339286804
TRIMMED 1 1102 19 1 16 85 soft 0.0006999138169077624 hard 0.19163148119955437 best 0.19163148119955223 time 311.94934582710266
TRIMMED 1 1102 19 1 20 75 soft 0.006632945902734884 hard 0.1588628093085362 best 0.1588628093085362 time 312.15695691108704
TRIMMED 1 1102 19 1 24 51 soft 0.04472327938009567 hard 0.14250759302014313 best 0.14250759302014313 time 312.30987000465393
TRIMMED 1 1102 19 1 28 31 soft 0.1342382159238961 hard 0.14250759302014332 best 0.14250759302014313 time 312.3818094730377
TRIMMED 1 1102 19 1 30 28 soft 0.14250759302021979 hard 0.14250759302014793 best 0.14250759302014313 time 312.4102370738983
TRIMMED 1 1102 20 2 0 1508 soft 4.7346520349483914e-08 hard 0.014652543796517703 best 0.014652543796517703 time 314.05004620552063
TRIMMED 1 1102 20 2 4 407 soft 2.556289000047379e-07 hard 0.014652543796519493 best 0.014652543796517703 time 318.3711109161377
TRIMMED 1 1102 20 2 8 190 soft 2.560797834202102e-06 hard 0.014652543796519446 best 0.014652543796517703 time 322.1865870952606
TRIMMED 1 1102 20 2 12 145 soft 2.7548330427934086e-05 hard 0.014652543796520428 best 0.014652543796517703 time 325.702196598053
TRIMMED 1 1102 20 2 16 118 soft 0.00027706790276717263 hard 0.014652543796518442 best 0.014652543796517703 time 330.53278827667236
TRIMMED 1 1102 20 2 20 81 soft 0.001988126972301251 hard 0.014652543796525917 best 0.014652543796517703 time 333.8877239227295
TRIMMED 1 1102 20 2 24 45 soft 0.011491792581999323 hard 0.014652543796522 best 0.014652543796517703 time 336.681303024292
TRIMMED 1 1102 20 2 26 28 soft 0.014652543798298069 hard 0.014652543796520808 best 0.014652543796517703 time 338.2809565067291
TRIMMED 1 1102 21 3 0 3189 soft 9.888124009799656e-08 hard 0.014652543796517674 best 0.014652543796517674 time 341.0400357246399
TRIMMED 1 1102 21 3 4 1532 soft 4.930134810271106e-07 hard 0.014652543796522574 best 0.014652543796517674 time 347.4180076122284
TRIMMED 1 1102 21 3 8 335 soft 2.4984646553786607e-06 hard 0.014652543796518057 best 0.014652543796517674 time 351.292929649353
TRIMMED 1 1102 21 3 12 168 soft 2.6386584062088486e-05 hard 0.014652543796518282 best 0.014652543796517674 time 355.1496398448944
TRIMMED 1 1102 21 3 16 130 soft 0.0002681319575738607 hard 0.014652543796517774 best 0.014652543796517674 time 358.6572563648224
