0 4 0.1 45.70726763786386 38.907982911000005 1.0
1 8 0.03 45.5008142780166 38.819999131 1.0
2 12 0.01 45.46673563033562 38.689681931 1.0
pair 3 12 45.461470123758424 38.240461991000004
4 12 0.001 45.45952714575708 38.100463901000005 1.0
5 12 0.0001 45.459075676998786 37.968467461 1.0
6 12 1e-05 45.45889188259089 37.832470861000004 1.0
7 12 1e-05 45.45880412876 37.691052011000004 1.0
8 12 0.0 45.45873224687244 37.473008271000005 1.9610051287453272
9 12 0.0 45.458713892818835 37.243513912000004 0.6969637712160068
10 12 0.0 45.458698012390904 37.078702772 3.6001172961664287
11 12 0.0 45.458689540189596 36.897521192 1.134805448725676
12 12 0.0 45.45867250617856 36.765583452 7.514840425381788
13 12 0.0 45.45865985779313 36.557587202 0.1
14 12 0.0 45.45864579125795 36.378308532000005 7.102318866812953
15 12 0.0 45.45863549258223 36.195146072 0.1
16 12 0.0 45.45862799106221 36.015369983 3.4933315463785997
17 12 0.0 45.45862310387489 35.835849243000006 0.8464954741268206
18 12 0.0 45.458615979567284 35.656232763000006 4.635610608747269
19 12 0.0 45.458612244261914 35.476646583000004 0.939966355496477
20 12 0.0 45.45860549945667 35.297227883000005 6.819788296637492
21 12 0.0 45.45860157099257 35.125267853000004 0.23286395379875655
22 12 0.0 45.458596905822134 34.945577993 11.35119481146875
23 12 0.0 45.458593071593086 34.769852323 0.1
24 12 0.0 45.458588608628624 34.586290943 12.0
25 12 0.0 45.45858429911316 34.418891033 0.1
26 12 0.0 45.458579715459514 34.262965073000004 6.385276023481262
27 12 0.0 45.458576631287556 34.092984413 0.1
28 12 0.0 45.45857490760098 33.914432913 1.6935032102184806
29 12 0.0 45.45857423285396 33.743567384 1.1091739996374599
30 12 0.0 45.458574143957584 33.581439644 0.2893063957914073
31 12 0.0 45.458574133743305 33.439756284000005 0.8276926017566079
32 12 0.0 45.45857413249072 33.285263724 0.9826433869544449
33 12 0.0 45.4585741324717 33.122077014000006 0.7328549533429551
34 12 0.0 45.458574132468655 32.978290774 0.11296911417989551
35 12 0.0 45.45857413246844 32.811326144000006 0.1
36 12 0.0 45.4585741324686 32.668698504000005 0.1
37 12 0.0 45.45857413246845 32.489706424000005 0.1
