Starting seed 71 weight 12 anchor -1
unknown
timeout
(:max-memory              1182.31
 :memory                  27.37
 :num-allocs              16152968539.00
 :pb-conflicts            24599
 :pb-lemmas               12490
 :pb-propagations         39380332
 :pb-resolves             33426
 :rlimit-count            22415016
 :sat-backjumps           17394
 :sat-backtracks          7662
 :sat-conflicts           25056
 :sat-decisions           85709
 :sat-del-clause          8100
 :sat-elim-bool-vars-res  1
 :sat-gc-clause           8059
 :sat-minimized-lits      22338
 :sat-mk-clause-2ary      1864
 :sat-mk-clause-3ary      8105
 :sat-mk-clause-nary      11868
 :sat-mk-var              8577
 :sat-propagations-2ary   353895
 :sat-propagations-3ary   234030
 :sat-propagations-nary   239906
 :sat-restarts            2839
 :sat-subs-resolution-dyn 3100
 :sat-subsumed            41
 :time                    700.27)
