MT TEST 167344516 936532391 3724481519 2925897151 3599854874
progress 0 seconds 1.701e-05
progress 10000 seconds 0.132247
progress 20000 seconds 0.250556
progress 30000 seconds 0.361952
progress 40000 seconds 0.47525
progress 50000 seconds 0.580346
progress 60000 seconds 0.698617
progress 70000 seconds 0.815014
progress 80000 seconds 0.924108
progress 90000 seconds 1.0562
progress 100000 seconds 1.16126
progress 110000 seconds 1.27061
progress 120000 seconds 1.39262
progress 130000 seconds 1.6094
progress 140000 seconds 1.78735
progress 150000 seconds 1.92733
progress 160000 seconds 2.07905
progress 170000 seconds 2.19774
progress 180000 seconds 2.31179
progress 190000 seconds 2.42898
progress 200000 seconds 2.61814
progress 210000 seconds 2.73297
progress 220000 seconds 2.84633
progress 230000 seconds 2.96045
progress 240000 seconds 3.07411
progress 250000 seconds 3.18998
progress 260000 seconds 3.30193
progress 270000 seconds 3.41242
progress 280000 seconds 3.58857
progress 290000 seconds 3.70197
progress 300000 seconds 3.91605
progress 310000 seconds 4.06357
progress 320000 seconds 4.18534
progress 330000 seconds 4.30444
progress 340000 seconds 4.42067
progress 350000 seconds 4.53542
progress 360000 seconds 4.65163
progress 370000 seconds 4.76742
progress 380000 seconds 4.87698
progress 390000 seconds 4.98894
progress 400000 seconds 5.10181
progress 410000 seconds 5.21178
progress 420000 seconds 5.32334
progress 430000 seconds 5.43387
progress 440000 seconds 5.54337
progress 450000 seconds 5.65488
progress 460000 seconds 5.76769
progress 470000 seconds 5.87681
progress 480000 seconds 5.98285
progress 490000 seconds 6.09422
progress 500000 seconds 6.20655
progress 510000 seconds 6.31983
progress 520000 seconds 6.4435
progress 530000 seconds 6.55484
progress 540000 seconds 6.66716
progress 550000 seconds 6.77605
progress 560000 seconds 6.88453
progress 570000 seconds 6.99247
progress 580000 seconds 7.10533
progress 590000 seconds 7.22061
progress 600000 seconds 7.3343
progress 610000 seconds 7.44494
progress 620000 seconds 7.55669
progress 630000 seconds 7.67769
progress 640000 seconds 7.8505
progress 650000 seconds 7.9697
progress 660000 seconds 8.07992
progress 670000 seconds 8.20866
progress 680000 seconds 8.34537
progress 690000 seconds 8.51285
progress 700000 seconds 8.62449
progress 710000 seconds 8.74857
progress 720000 seconds 8.86397
progress 730000 seconds 8.97944
progress 740000 seconds 9.09928
progress 750000 seconds 9.21262
progress 760000 seconds 9.3649
progress 770000 seconds 9.62271
progress 780000 seconds 9.76159
progress 790000 seconds 9.87953
progress 800000 seconds 9.99617
progress 810000 seconds 10.1112
progress 820000 seconds 10.2445
progress 830000 seconds 10.3644
progress 840000 seconds 10.4801
progress 850000 seconds 10.6008
progress 860000 seconds 10.7115
progress 870000 seconds 10.8311
progress 880000 seconds 10.9752
progress 890000 seconds 11.0908
progress 900000 seconds 11.2069
progress 910000 seconds 11.3239
progress 920000 seconds 11.435
progress 930000 seconds 11.5453
progress 940000 seconds 11.6548
progress 950000 seconds 11.7621
progress 960000 seconds 11.8791
progress 970000 seconds 12.0057
progress 980000 seconds 12.1169
progress 990000 seconds 12.2577
progress 1000000 seconds 12.3776
progress 1010000 seconds 12.5009
progress 1020000 seconds 12.616
progress 1030000 seconds 12.7351
progress 1040000 seconds 12.8756
progress 1050000 seconds 12.9938
progress 1060000 seconds 13.1599
progress 1070000 seconds 13.3439
progress 1080000 seconds 13.4643
progress 1090000 seconds 13.5738
progress 1100000 seconds 13.6862
progress 1110000 seconds 13.8074
progress 1120000 seconds 13.9423
progress 1130000 seconds 14.0802
progress 1140000 seconds 14.2048
progress 1150000 seconds 14.3277
progress 1160000 seconds 14.448
progress 1170000 seconds 14.565
progress 1180000 seconds 14.6761
progress 1190000 seconds 14.7871
progress 1200000 seconds 14.8944
progress 1210000 seconds 15.0072
progress 1220000 seconds 15.1201
progress 1230000 seconds 15.2364
progress 1240000 seconds 15.3848
progress 1250000 seconds 15.5175
progress 1260000 seconds 15.658
progress 1270000 seconds 15.7702
progress 1280000 seconds 15.8924
progress 1290000 seconds 16.0083
progress 1300000 seconds 16.1183
progress 1310000 seconds 16.2388
progress 1320000 seconds 16.3736
progress 1330000 seconds 16.4956
progress 1340000 seconds 16.6046
progress 1350000 seconds 16.7167
progress 1360000 seconds 16.8261
progress 1370000 seconds 16.9359
progress 1380000 seconds 17.0452
progress 1390000 seconds 17.156
progress 1400000 seconds 17.2652
progress 1410000 seconds 17.3802
progress 1420000 seconds 17.4948
progress 1430000 seconds 17.611
progress 1440000 seconds 17.7226
progress 1450000 seconds 17.8413
progress 1460000 seconds 17.966
progress 1470000 seconds 18.0812
progress 1480000 seconds 18.1968
progress 1490000 seconds 18.3125
progress 1500000 seconds 18.4297
progress 1510000 seconds 18.5461
progress 1520000 seconds 18.6623
progress 1530000 seconds 18.7777
progress 1540000 seconds 18.8936
progress 1550000 seconds 19.0063
progress 1560000 seconds 19.114
progress 1570000 seconds 19.2232
progress 1580000 seconds 19.3349
progress 1590000 seconds 19.4487
progress 1600000 seconds 19.5622
progress 1610000 seconds 19.6783
progress 1620000 seconds 19.7862
progress 1630000 seconds 19.8966
progress 1640000 seconds 20.0093
progress 1650000 seconds 20.1243
progress 1660000 seconds 20.2354
progress 1670000 seconds 20.3443
progress 1680000 seconds 20.4559
progress 1690000 seconds 20.5663
progress 1700000 seconds 20.7057
progress 1710000 seconds 20.8196
progress 1720000 seconds 20.9296
progress 1730000 seconds 21.0407
progress 1740000 seconds 21.148
progress 1750000 seconds 21.261
progress 1760000 seconds 21.3843
progress 1770000 seconds 21.504
progress 1780000 seconds 21.6155
progress 1790000 seconds 21.7431
progress 1800000 seconds 21.8576
progress 1810000 seconds 21.9743
progress 1820000 seconds 22.0921
progress 1830000 seconds 22.2157
progress 1840000 seconds 22.346
progress 1850000 seconds 22.507
progress 1860000 seconds 22.6317
progress 1870000 seconds 22.7683
progress 1880000 seconds 22.8919
progress 1890000 seconds 23.005
progress 1900000 seconds 23.117
progress 1910000 seconds 23.2286
progress 1920000 seconds 23.3467
progress 1930000 seconds 23.4591
progress 1940000 seconds 23.5716
progress 1950000 seconds 23.6799
progress 1960000 seconds 23.7906
progress 1970000 seconds 23.9759
progress 1980000 seconds 24.1057
progress 1990000 seconds 24.3064
