gauge 0 21 min 0.8556315514702374
gauge 0 11 min 0.8831843949657734
gauge 0 12 min 0.8821100128212512
NOMINAL 0 min 0.8821100128212512 best 0.8821100128212512 seconds 0.6455926895141602
gauge 0 21 min 0.8201567924826382
gauge 0 7 min 0.8542517725251367
gauge 0 12 min 0.866466143399017
gauge 0 1 min 0.8688688024711084
gauge 0 3 min 0.8700959119031557
NOMINAL 1 min 0.8700959119031557 best 0.8821100128212512 seconds 1.2562153339385986
gauge 0 10 min 0.8153575177004018
gauge 0 21 min 0.8343237082167223
gauge 0 18 min 0.8447512349296852
gauge 0 7 min 0.8456035824350366
gauge 0 12 min 0.852482129616214
NOMINAL 2 min 0.852482129616214 best 0.8821100128212512 seconds 1.9467036724090576
gauge 0 10 min 0.770254504874709
gauge 0 21 min 0.8222420134594944
gauge 0 18 min 0.8238670285250764
gauge 0 16 min 0.8298058580351051
gauge 0 15 min 0.8299136828333843
gauge 0 1 min 0.8312244052862099
NOMINAL 3 min 0.8312244052862099 best 0.8821100128212512 seconds 2.73812198638916
gauge 0 10 min 0.7973456955965459
gauge 0 21 min 0.8054640366485621
gauge 0 7 min 0.8243065099100162
NOMINAL 4 min 0.8243065099100162 best 0.8821100128212512 seconds 3.55810284614563
gauge 0 10 min 0.7863753513852699
gauge 0 21 min 0.7940117712350893
gauge 0 7 min 0.8317044636739742
gauge 0 16 min 0.8457529547552723
gauge 0 12 min 0.8532018540866163
gauge 0 15 min 0.8531433126433197
gauge 0 2 min 0.8555571036366133
NOMINAL 5 min 0.8555571036366133 best 0.8821100128212512 seconds 5.293086767196655
gauge 0 10 min 0.8309363586546383
gauge 0 22 min 0.8306369177032917
gauge 0 8 min 0.8364099399423139
NOMINAL 6 min 0.8364099399423139 best 0.8821100128212512 seconds 6.3650734424591064
gauge 0 20 min 0.8024900168983191
gauge 0 16 min 0.8055888537488292
gauge 0 6 min 0.8091462912721606
gauge 0 22 min 0.8105478879015992
NOMINAL 7 min 0.8105478879015992 best 0.8821100128212512 seconds 7.743912935256958
gauge 0 21 min 0.8417942057973586
gauge 0 3 min 0.8526708273166949
NOMINAL 8 min 0.8526708273166949 best 0.8821100128212512 seconds 8.613577127456665
gauge 0 10 min 0.8013230976808821
gauge 0 20 min 0.8074251098773486
gauge 0 7 min 0.8160019476556066
gauge 0 16 min 0.8304262162163925
gauge 0 17 min 0.8370307642448167
gauge 0 22 min 0.8410299999006444
NOMINAL 9 min 0.8410299999006444 best 0.8821100128212512 seconds 9.643757104873657
gauge 0 18 min 0.7888753032891072
gauge 0 23 min 0.7928829925469949
gauge 0 13 min 0.7927476869481654
gauge 0 8 min 0.8056892050014787
NOMINAL 10 min 0.8056892050014787 best 0.8821100128212512 seconds 10.877479076385498
gauge 0 10 min 0.7586628363771396
gauge 0 21 min 0.8582808281715987
gauge 0 16 min 0.8613469823417808
gauge 0 12 min 0.8722619039115711
gauge 0 17 min 0.8930246749778786
NOMINAL 11 min 0.8930246749778786 best 0.8930246749778786 seconds 11.642138481140137
gauge 0 10 min 0.8686549861448151
gauge 0 22 min 0.8780248004498667
NOMINAL 12 min 0.8780248004498667 best 0.8930246749778786 seconds 12.58388352394104
gauge 0 21 min 0.8412076443667623
gauge 0 0 min 0.8429944447038317
NOMINAL 13 min 0.8429944447038317 best 0.8930246749778786 seconds 13.774024248123169
gauge 0 11 min 0.8582670502237146
gauge 0 20 min 0.8628425203229576
gauge 0 23 min 0.8683330066827705
gauge 0 6 min 0.8763775565533286
NOMINAL 14 min 0.8763775565533286 best 0.8930246749778786 seconds 14.462358474731445
gauge 0 10 min 0.7657379676692877
gauge 0 21 min 0.803426068350326
gauge 0 2 min 0.8062398027703863
NOMINAL 15 min 0.8062398027703863 best 0.8930246749778786 seconds 15.24104619026184
gauge 0 10 min 0.8554386320861469
gauge 0 21 min 0.858695950810595
NOMINAL 16 min 0.858695950810595 best 0.8930246749778786 seconds 16.12671446800232
gauge 0 10 min 0.8072806428231941
gauge 0 7 min 0.8148917733051
gauge 0 23 min 0.8202630767569794
NOMINAL 17 min 0.8202630767569794 best 0.8930246749778786 seconds 17.045273065567017
gauge 0 16 min 0.8396127309531819
gauge 0 4 min 0.8445303886766033
gauge 0 23 min 0.8641976632166815
gauge 0 1 min 0.8679369890705675
NOMINAL 18 min 0.8679369890705675 best 0.8930246749778786 seconds 17.794408798217773
gauge 0 21 min 0.8096945510416422
gauge 0 11 min 0.8236900252000141
gauge 0 4 min 0.8241194256579069
gauge 0 6 min 0.8312954919901311
NOMINAL 19 min 0.8312954919901311 best 0.8930246749778786 seconds 18.551270961761475
gauge 0 10 min 0.810547419310555
gauge 0 20 min 0.8170534362376032
gauge 0 4 min 0.8515298311594387
gauge 0 15 min 0.8558860422233301
gauge 0 2 min 0.8585014796854683
NOMINAL 20 min 0.8585014796854683 best 0.8930246749778786 seconds 20.219988584518433
gauge 0 10 min 0.825239970703555
gauge 0 4 min 0.8528245280448418
gauge 0 23 min 0.8684908611862613
gauge 0 3 min 0.8676942396742462
gauge 0 13 min 0.8729664898922234
NOMINAL 21 min 0.8729664898922234 best 0.8930246749778786 seconds 22.083775520324707
gauge 0 21 min 0.8329145402303109
gauge 0 18 min 0.8342826694220454
gauge 0 7 min 0.8375918066185251
gauge 0 4 min 0.839309996853465
gauge 0 9 min 0.8479145160925838
NOMINAL 22 min 0.8479145160925838 best 0.8930246749778786 seconds 22.85696029663086
gauge 0 10 min 0.824097022669457
gauge 0 7 min 0.8299643120132574
gauge 0 16 min 0.8325439333990128
gauge 0 12 min 0.8407370625093155
gauge 0 0 min 0.847817444589755
NOMINAL 23 min 0.847817444589755 best 0.8930246749778786 seconds 23.941218614578247
gauge 0 21 min 0.83930859607533
gauge 0 11 min 0.859499264134482
gauge 0 16 min 0.8634711448786426
gauge 0 4 min 0.8818062374521661
gauge 0 6 min 0.8826604078649166
NOMINAL 24 min 0.8826604078649166 best 0.8930246749778786 seconds 25.369882822036743
gauge 0 10 min 0.8399488867483998
gauge 0 7 min 0.854230712422856
gauge 0 4 min 0.8571626119399598
gauge 0 2 min 0.8616691884365444
NOMINAL 25 min 0.8616691884365444 best 0.8930246749778786 seconds 26.947720050811768
gauge 0 10 min 0.8484756870459709
gauge 0 18 min 0.8608186216736274
gauge 0 2 min 0.8652188861607002
gauge 0 22 min 0.8690376785948744
gauge 0 8 min 0.8735604000237742
NOMINAL 26 min 0.8735604000237742 best 0.8930246749778786 seconds 28.611918687820435
gauge 0 21 min 0.8196322995284157
gauge 0 20 min 0.8266313992872633
gauge 0 7 min 0.8413291013058168
gauge 0 23 min 0.851257852074248
gauge 0 14 min 0.8565503196012689
NOMINAL 27 min 0.8565503196012689 best 0.8930246749778786 seconds 29.76766300201416
gauge 0 10 min 0.7663996102254789
gauge 0 21 min 0.778353135922666
gauge 0 7 min 0.7833321777414256
gauge 0 15 min 0.793606650408932
gauge 0 5 min 0.798773381359066
gauge 0 2 min 0.8018953012964508
NOMINAL 28 min 0.8018953012964508 best 0.8930246749778786 seconds 31.151675701141357
gauge 0 18 min 0.7976508762820648
gauge 0 23 min 0.8007330333725967
gauge 0 0 min 0.8080440745381942
gauge 0 3 min 0.8085649257017175
gauge 0 22 min 0.8142153996425449
NOMINAL 29 min 0.8142153996425449 best 0.8930246749778786 seconds 32.44619631767273
gauge 0 10 min 0.7685747227191847
gauge 0 21 min 0.7854185920493973
gauge 0 18 min 0.7871740284068829
gauge 0 7 min 0.8017212396830953
gauge 0 15 min 0.8111213944001223
gauge 0 5 min 0.8155469232113615
gauge 0 3 min 0.8223929899352989
gauge 0 8 min 0.8294881438658781
NOMINAL 30 min 0.8294881438658781 best 0.8930246749778786 seconds 33.20828628540039
gauge 0 10 min 0.8341659558671168
gauge 0 21 min 0.8369013471706521
gauge 0 7 min 0.837228263055818
gauge 0 16 min 0.8589875653070067
gauge 0 14 min 0.8605430414776785
NOMINAL 31 min 0.8605430414776785 best 0.8930246749778786 seconds 34.05701017379761
NOMINAL 32 min 0.835278405861467 best 0.8930246749778786 seconds 35.20994305610657
gauge 0 10 min 0.7825630341187774
gauge 0 21 min 0.8149554066374375
gauge 0 11 min 0.8408335737910034
gauge 0 23 min 0.8423833929463623
NOMINAL 33 min 0.8423833929463623 best 0.8930246749778786 seconds 36.17879009246826
gauge 0 7 min 0.79736607472719
NOMINAL 34 min 0.79736607472719 best 0.8930246749778786 seconds 36.89068245887756
gauge 0 10 min 0.8024726658380965
gauge 0 20 min 0.8244902002297612
gauge 0 5 min 0.8262655543517835
gauge 0 23 min 0.8399261075330824
gauge 0 9 min 0.848708731151739
NOMINAL 35 min 0.848708731151739 best 0.8930246749778786 seconds 37.55408239364624
gauge 0 21 min 0.7261786078713252
gauge 0 11 min 0.7390161596385776
gauge 0 18 min 0.749835244192348
gauge 0 20 min 0.7496010659328837
gauge 0 16 min 0.7663629466126611
gauge 0 3 min 0.7737379871667809
gauge 0 22 min 0.7821144721143798
NOMINAL 36 min 0.7821144721143798 best 0.8930246749778786 seconds 39.019304275512695
gauge 0 10 min 0.7974437966627708
gauge 0 21 min 0.838188012247172
gauge 0 4 min 0.8486416845164423
NOMINAL 37 min 0.8486416845164423 best 0.8930246749778786 seconds 39.7628710269928
gauge 0 10 min 0.7645555172254559
gauge 0 21 min 0.7911322823464214
gauge 0 20 min 0.791439102037539
gauge 0 15 min 0.7938619090169653
gauge 0 5 min 0.8157429598403053
NOMINAL 38 min 0.8157429598403053 best 0.8930246749778786 seconds 40.38863158226013
gauge 0 21 min 0.837361858615265
gauge 0 7 min 0.8422606162490449
gauge 0 6 min 0.8420143009391148
NOMINAL 39 min 0.8420143009391148 best 0.8930246749778786 seconds 41.217888832092285
gauge 0 6 min 0.8445583200393555
NOMINAL 40 min 0.8445583200393555 best 0.8930246749778786 seconds 42.286051750183105
gauge 0 10 min 0.832731466278729
gauge 0 2 min 0.8349869369214322
gauge 0 13 min 0.8556442664200067
NOMINAL 41 min 0.8556442664200067 best 0.8930246749778786 seconds 43.80481672286987
gauge 0 21 min 0.8137472611680031
gauge 0 20 min 0.8233526703893794
gauge 0 7 min 0.8274815567432818
gauge 0 2 min 0.8309456436920611
NOMINAL 42 min 0.8309456436920611 best 0.8930246749778786 seconds 44.505720138549805
gauge 0 23 min 0.8828491104094659
gauge 0 2 min 0.8854110541784046
gauge 0 9 min 0.8887878223579825
NOMINAL 43 min 0.8887878223579825 best 0.8930246749778786 seconds 45.64303135871887
gauge 0 10 min 0.7466112363640165
gauge 0 21 min 0.78418353182318
gauge 0 18 min 0.7822800768442375
gauge 0 7 min 0.8234727202969838
gauge 0 16 min 0.8290693683993157
gauge 0 17 min 0.8349466721669528
gauge 0 1 min 0.8427564028634851
NOMINAL 44 min 0.8427564028634851 best 0.8930246749778786 seconds 46.478217363357544
gauge 0 21 min 0.809487417451608
gauge 0 20 min 0.8101085078920475
gauge 0 7 min 0.826854900654584
gauge 0 23 min 0.8295347995841684
gauge 0 0 min 0.8344024139109542
gauge 0 17 min 0.8369380738220538
gauge 0 3 min 0.8441469984652178
NOMINAL 45 min 0.8441469984652178 best 0.8930246749778786 seconds 47.709898710250854
gauge 0 18 min 0.8201857594319107
gauge 0 20 min 0.8211705529159188
gauge 0 5 min 0.8277293388957118
gauge 0 23 min 0.8557785177094245
NOMINAL 46 min 0.8557785177094245 best 0.8930246749778786 seconds 48.59199547767639
gauge 0 10 min 0.8248564296670251
gauge 0 11 min 0.8280954790502953
gauge 0 20 min 0.8352643778889265
gauge 0 7 min 0.846208151086116
gauge 0 16 min 0.8482741061843311
gauge 0 12 min 0.8520494031181249
gauge 0 4 min 0.8525065563526838
gauge 0 23 min 0.8592767019380753
gauge 0 3 min 0.8679154095585213
NOMINAL 47 min 0.8679154095585213 best 0.8930246749778786 seconds 49.35361170768738
gauge 0 10 min 0.824363416526916
gauge 0 18 min 0.8265206743392511
gauge 0 7 min 0.8265252264053792
gauge 0 6 min 0.8406620424198487
NOMINAL 48 min 0.8406620424198487 best 0.8930246749778786 seconds 51.69978737831116
gauge 0 20 min 0.8779232931946398
NOMINAL 49 min 0.8779232931946398 best 0.8930246749778786 seconds 53.03415012359619
gauge 0 10 min 0.8241420949035774
gauge 0 21 min 0.8553594892338577
gauge 0 11 min 0.8765658290777161
gauge 0 15 min 0.8838118930150911
gauge 0 5 min 0.8873329434842989
NOMINAL 50 min 0.8873329434842989 best 0.8930246749778786 seconds 54.76154541969299
gauge 0 10 min 0.829941611243296
gauge 0 11 min 0.8492240377120149
gauge 0 12 min 0.8550484715551461
gauge 0 5 min 0.8563814833544219
gauge 0 23 min 0.8679091908454012
NOMINAL 51 min 0.8679091908454012 best 0.8930246749778786 seconds 56.46371841430664
gauge 0 10 min 0.8520457143255359
gauge 0 18 min 0.866485251434026
gauge 0 22 min 0.8701671249563381
NOMINAL 52 min 0.8701671249563381 best 0.8930246749778786 seconds 57.702903270721436
gauge 0 21 min 0.8075781645660605
gauge 0 20 min 0.8147846694322259
gauge 0 5 min 0.8161122142344566
gauge 0 23 min 0.830761254873473
gauge 0 2 min 0.8381411160431986
gauge 0 13 min 0.8381502133428966
NOMINAL 53 min 0.8381502133428966 best 0.8930246749778786 seconds 59.20869040489197
gauge 0 10 min 0.8221102794148024
gauge 0 1 min 0.8308299810091478
gauge 0 3 min 0.8378975917530396
NOMINAL 54 min 0.8378975917530396 best 0.8930246749778786 seconds 60.28313183784485
gauge 0 10 min 0.8829705461011147
gauge 0 21 min 0.902083482475306
gauge 0 18 min 0.9036459896751083
gauge 0 2 min 0.9059326663009463
NOMINAL 55 min 0.9059326663009463 best 0.9059326663009463 seconds 61.34023690223694
gauge 0 10 min 0.8244108279412771
NOMINAL 56 min 0.8244108279412771 best 0.9059326663009463 seconds 62.86841893196106
gauge 0 11 min 0.8919183685224144
gauge 0 23 min 0.8958003608459184
gauge 0 6 min 0.8979205413016327
gauge 0 2 min 0.9080522332400938
NOMINAL 57 min 0.9080522332400938 best 0.9080522332400938 seconds 63.818628549575806
gauge 0 21 min 0.8526714331710505
gauge 0 15 min 0.8642610039272992
gauge 0 2 min 0.8701152732882447
gauge 0 17 min 0.8708237251526516
gauge 0 19 min 0.8866357617126811
NOMINAL 58 min 0.8866357617126811 best 0.9080522332400938 seconds 64.8703989982605
gauge 0 18 min 0.8096801572150074
gauge 0 12 min 0.8167137233888933
gauge 0 4 min 0.8270796378421562
gauge 0 6 min 0.8275519732198927
gauge 0 22 min 0.8433882938764002
NOMINAL 59 min 0.8433882938764002 best 0.9080522332400938 seconds 66.22881960868835
