{
  "valid": true,
  "passed": false,
  "reason": "admissible, one or more targets not met",
  "core_score": 0.6913377192982456,
  "worst_family_score": 0.07401315789473685,
  "family_scores": {
    "nominal": 1.0,
    "vv": 1.0,
    "full": 0.07401315789473685
  },
  "nominal": {
    "valid": true,
    "passed": true,
    "core_score": 1.0,
    "worst_family_score": null,
    "reason": "witness passes",
    "admissibility": {
      "hf_weight": true,
      "spectral_gap": true,
      "diagonal_margin": true,
      "eigen_residual": true,
      "closure": true,
      "variational": true,
      "solver_agreement": true
    },
    "witness_checks": {
      "all_triples_small": true,
      "material_tail": true,
      "large_ratio": true
    },
    "score_factors": {
      "parent": 1.0,
      "tail": 1.0,
      "ratio": 1.0
    },
    "numerical_valid": true,
    "metrics": {
      "full_energy_eh": -3.0392343699382303,
      "third_order_energy_eh": -3.0391346155636145,
      "tail_eh": 9.975437461573478e-05,
      "max_abs_triple_eh": 8.113475074011944e-07,
      "tail_to_parent_ratio": 122.94901223676074,
      "hf_weight": 0.9810086248619034,
      "spectral_gap_eh": 0.7818806395066753,
      "diagonal_margin_eh": 0.9657140146540564
    },
    "max_numerical_error_eh": 2.6645352591003757e-15
  },
  "robustness_families": {
    "vv": {
      "case_count": 128,
      "required_successes": 122,
      "successes": 128,
      "success_fraction": 1.0,
      "physically_valid_cases": 128,
      "numerically_valid_cases": 128,
      "failure_counts_nonexclusive": {},
      "failure_clusters": {
        "pass": 128
      },
      "physical_failure_counts": {},
      "metric_ranges": {
        "full_energy_eh": {
          "min": -3.0392513807893953,
          "max": -3.039216245010678
        },
        "third_order_energy_eh": {
          "min": -3.0391512018038656,
          "max": -3.039117482722432
        },
        "tail_eh": {
          "min": 9.876228824623468e-05,
          "max": 0.0001011174361842393
        },
        "max_abs_triple_eh": {
          "min": 7.678314339898407e-07,
          "max": 9.948734649434243e-07
        },
        "tail_to_parent_ratio": {
          "min": 101.39267248740443,
          "max": 130.07815047978988
        },
        "hf_weight": {
          "min": 0.9809820718019788,
          "max": 0.9810394870037524
        },
        "spectral_gap_eh": {
          "min": 0.7807322222522033,
          "max": 0.7830695007724344
        },
        "diagonal_margin_eh": {
          "min": 0.9657140146540564,
          "max": 0.9657140146540564
        }
      },
      "minimum_individual_nominal_score": 1.0,
      "max_numerical_error_eh": 8.43769498715119e-15
    },
    "full": {
      "case_count": 128,
      "required_successes": 122,
      "successes": 9,
      "success_fraction": 0.0703125,
      "physically_valid_cases": 128,
      "numerically_valid_cases": 128,
      "failure_counts_nonexclusive": {
        "parents": 119,
        "ratio": 117
      },
      "failure_clusters": {
        "pass": 9,
        "parents+ratio": 117,
        "parents": 2
      },
      "physical_failure_counts": {},
      "metric_ranges": {
        "full_energy_eh": {
          "min": -3.0439273103511324,
          "max": -3.0354568110744986
        },
        "third_order_energy_eh": {
          "min": -3.043827668107859,
          "max": -3.035356357475357
        },
        "tail_eh": {
          "min": 9.571035844713194e-05,
          "max": 0.00010377225663971146
        },
        "max_abs_triple_eh": {
          "min": 7.564873434340313e-07,
          "max": 1.3069421116007618e-05
        },
        "tail_to_parent_ratio": {
          "min": 7.516663331945851,
          "max": 130.84057671301903
        },
        "hf_weight": {
          "min": 0.980582122066164,
          "max": 0.9813852041182007
        },
        "spectral_gap_eh": {
          "min": 0.7789526197777779,
          "max": 0.7858030161256595
        },
        "diagonal_margin_eh": {
          "min": 0.963177937517945,
          "max": 0.9699674882418261
        }
      },
      "minimum_individual_nominal_score": 0.07516663331945851,
      "max_numerical_error_eh": 9.769962616701378e-15
    }
  },
  "resource_score": 1.0,
  "evaluation_complete": true,
  "worker_runtime_seconds": 8.099060245906003,
  "peak_memory_mib": 33.84375,
  "resource_limits": {
    "address_space_bytes": 536870912,
    "cpu_seconds": 60,
    "core_dump_bytes": 0
  },
  "runtime_seconds": 8.532780701993033,
  "target_id": "c2-pair-gate-g3-v1",
  "submitted_code_executed": false
}
