Initial {'max_triple': 0.08711223120627665, 'tail': -110.00417110507144, 'ratio': 1262.786747415389, 'weight': 0.981582030359822, 'gap': 0.6816368153897314, 'margin': 0.9657140146540568, 'max_noise_sigma': 0.6211982204017696}
Iteration 0 time 0.07184448698535562 bound 11.771177059769123 slack 1.0858390789328838 tail -111.45786567068328 properties [0.9824681414128936, 0.7058475458259954, 0.9657140146540568]
Iteration 10 time 0.3287413049256429 bound 1.0976230119544126 slack 1.09758964604113 tail -104.93678348577617 properties [0.9822423315620865, 0.6922602289964854, 0.9657140146540568]
Iteration 20 time 0.8873395440168679 bound 1.0765921693580518 slack 1.0671277372939938 tail -105.00000203350623 properties [0.9821620086286208, 0.66445361027787, 0.9657140146540568]
Iteration 30 time 1.16107725398615 bound 1.0609258991739876 slack 1.060337200586564 tail -105.00230368082342 properties [0.9822269779574078, 0.6636103737404264, 0.9657140146540568]
Iteration 40 time 1.308879638905637 bound 1.0543002124199419 slack 1.0539481963887571 tail -104.99998576340985 properties [0.982250220866255, 0.6629179688637175, 0.9657140146540568]
Iteration 50 time 1.6412676859181374 bound 1.0547798052236717 slack 1.0525746873196595 tail -105.00246535549707 properties [0.9822567118284258, 0.662983199009179, 0.9657140146540568]
Iteration 60 time 2.017330884002149 bound 1.0529225485207103 slack 1.0519470583096961 tail -105.00226377407884 properties [0.9822597265830334, 0.6629915562593762, 0.9657140146540568]
Iteration 70 time 2.642679748008959 bound 1.0519235041161887 slack 1.0519234994440634 tail -104.99999997515275 properties [0.9822601485134568, 0.662998991012909, 0.9657140146540568]
Iteration 80 time 2.9784773719729856 bound 1.0518075396069015 slack 1.0518075356815708 tail -105.00000002577892 properties [0.9822604281621321, 0.6628477080916193, 0.9657140146540568]
Iteration 90 time 3.4188241889933124 bound 1.051864008699759 slack 1.0518069410683633 tail -105.00000665514264 properties [0.9822609773400302, 0.6629129111791725, 0.9657140146540568]
Iteration 100 time 4.918263805913739 bound 1.0518070031708535 slack 1.0518069749211296 tail -104.99999997604093 properties [0.9822609589545634, 0.6629107483774286, 0.9657140146540568]
Iteration 110 time 6.394174549961463 bound 1.051806981002206 slack 1.0518069747783934 tail -104.99999998447862 properties [0.9822609589076187, 0.6629107427595611, 0.9657140146540568]
Iteration 120 time 7.950769144925289 bound 1.0518069783255726 slack 1.0518069748225267 tail -104.99999994184606 properties [0.9822609589075846, 0.6629107426939478, 0.9657140146540568]
Positive directional derivative for linesearch    (Exit mode 8)
            Current function value: 1.0518069748225654
            Iterations: 127
            Function evaluations: 366
            Gradient evaluations: 123
Final Positive directional derivative for linesearch objective 1.0518069748225654 minconstraint -3.3762808104853548e-09 time 8.012259017908946 {'max_triple': 0.9771846594119893, 'tail': -104.99999999957765, 'ratio': 107.45154356266738, 'weight': 0.9822609589075839, 'gap': 0.6629107426939185, 'margin': 0.9657140146540568, 'max_noise_sigma': 0.5273809768210147}
