CONFIG n 8192 checks 384 rank 379 pass 1 groups 2 initial_best 20
PROGRESS 0 0.0450641 rank 379
PROGRESS 10 0.430733 rank 379
PROGRESS 20 0.836342 rank 379
PROGRESS 30 1.24334 rank 379
PROGRESS 40 1.8283 rank 379
PROGRESS 50 2.2764 rank 379
PROGRESS 60 2.62095 rank 379
PROGRESS 70 3.21169 rank 379
PROGRESS 80 3.57136 rank 379
PROGRESS 90 4.05985 rank 379
PROGRESS 100 4.58082 rank 379
PROGRESS 110 4.88734 rank 379
PROGRESS 120 5.22735 rank 379
PROGRESS 130 5.49507 rank 379
PROGRESS 140 5.74845 rank 379
PROGRESS 150 6.17765 rank 379
PROGRESS 160 6.47309 rank 379
PROGRESS 170 6.89411 rank 379
PROGRESS 180 7.23599 rank 379
PROGRESS 190 7.58367 rank 379
PROGRESS 200 8.06006 rank 379
PROGRESS 210 8.36248 rank 379
PROGRESS 220 8.66231 rank 379
PROGRESS 230 9.09602 rank 379
PROGRESS 240 9.6504 rank 379
PROGRESS 250 10.0475 rank 379
PROGRESS 260 10.3243 rank 379
PROGRESS 270 10.694 rank 379
PROGRESS 280 10.9954 rank 379
PROGRESS 290 11.2477 rank 379
PROGRESS 300 11.4928 rank 379
PROGRESS 310 11.7369 rank 379
PROGRESS 320 12.0118 rank 379
PROGRESS 330 12.2898 rank 379
PROGRESS 340 12.6392 rank 379
PROGRESS 350 12.9517 rank 379
PROGRESS 360 13.1934 rank 379
PROGRESS 370 13.5093 rank 379
PROGRESS 380 13.7683 rank 379
PROGRESS 390 14.0848 rank 379
PROGRESS 400 14.5416 rank 379
PROGRESS 410 14.9764 rank 379
PROGRESS 420 15.358 rank 379
PROGRESS 430 15.6828 rank 379
PROGRESS 440 16.0772 rank 379
PROGRESS 450 16.5622 rank 379
PROGRESS 460 16.999 rank 379
PROGRESS 470 17.5182 rank 379
PROGRESS 480 17.9212 rank 379
PROGRESS 490 18.222 rank 379
PROGRESS 500 18.5536 rank 379
PROGRESS 510 18.836 rank 379
PROGRESS 520 19.1284 rank 379
PROGRESS 530 19.5461 rank 379
PROGRESS 540 19.9059 rank 379
PROGRESS 550 20.158 rank 379
PROGRESS 560 20.3698 rank 379
PROGRESS 570 20.6605 rank 379
PROGRESS 580 20.9587 rank 379
PROGRESS 590 21.406 rank 379
PROGRESS 600 21.7292 rank 379
PROGRESS 610 22.0499 rank 379
PROGRESS 620 22.3293 rank 379
PROGRESS 630 22.6653 rank 379
PROGRESS 640 23.0007 rank 379
PROGRESS 650 23.3199 rank 379
PROGRESS 660 23.7592 rank 379
PROGRESS 670 24.0571 rank 379
PROGRESS 680 24.4389 rank 379
PROGRESS 690 24.7902 rank 379
PROGRESS 700 25.2083 rank 379
PROGRESS 710 25.4805 rank 379
PROGRESS 720 25.7619 rank 379
PROGRESS 730 26.1398 rank 379
PROGRESS 740 26.5524 rank 379
PROGRESS 750 26.8521 rank 379
PROGRESS 760 27.1572 rank 379
PROGRESS 770 27.4499 rank 379
PROGRESS 780 27.7062 rank 379
PROGRESS 790 27.9705 rank 379
PROGRESS 800 28.2355 rank 379
PROGRESS 810 28.5008 rank 379
PROGRESS 820 28.7865 rank 379
PROGRESS 830 29.0944 rank 379
PROGRESS 840 29.5145 rank 379
PROGRESS 850 29.8351 rank 379
END trials 856 elapsed 30.019
