run 0 mode 0 steps 196 min 1738 final 1738 best 1738
run 1 mode 1 steps 194 min 1732 final 1734 best 1732
run 2 mode 2 steps 153 min 1750 final 1754 best 1732
run 3 mode 3 steps 168 min 1748 final 1762 best 1732
run 4 mode 4 steps 198 min 1666 final 1670 best 1666
run 5 mode 5 steps 166 min 1700 final 1700 best 1666
run 6 mode 6 steps 183 min 1638 final 1638 best 1638
run 7 mode 7 steps 228 min 1358 final 1364 best 1358
run 8 mode 0 steps 199 min 1808 final 1808 best 1358
run 9 mode 1 steps 191 min 1674 final 1674 best 1358
run 10 mode 2 steps 213 min 1670 final 1682 best 1358
run 11 mode 3 steps 151 min 1846 final 1850 best 1358
run 12 mode 4 steps 213 min 1558 final 1558 best 1358
run 13 mode 5 steps 160 min 1884 final 1892 best 1358
run 14 mode 6 steps 182 min 1758 final 1764 best 1358
run 15 mode 7 steps 243 min 1594 final 1596 best 1358
run 16 mode 0 steps 252 min 1700 final 1700 best 1358
run 17 mode 1 steps 181 min 1666 final 1674 best 1358
run 18 mode 2 steps 213 min 1674 final 1674 best 1358
run 19 mode 3 steps 167 min 1750 final 1762 best 1358
run 20 mode 4 steps 198 min 1666 final 1670 best 1358
run 21 mode 5 steps 237 min 1584 final 1586 best 1358
run 22 mode 6 steps 183 min 1638 final 1638 best 1358
run 23 mode 7 steps 207 min 1524 final 1526 best 1358
run 24 mode 0 steps 186 min 1814 final 1818 best 1358
run 25 mode 1 steps 146 min 1794 final 1794 best 1358
run 26 mode 2 steps 220 min 1662 final 1666 best 1358
run 27 mode 3 steps 151 min 1846 final 1848 best 1358
run 28 mode 4 steps 213 min 1558 final 1560 best 1358
run 29 mode 5 steps 153 min 1884 final 1888 best 1358
run 30 mode 6 steps 181 min 1752 final 1752 best 1358
run 31 mode 7 steps 243 min 1594 final 1600 best 1358
run 32 mode 0 steps 187 min 1710 final 1710 best 1358
run 33 mode 1 steps 185 min 1674 final 1674 best 1358
run 34 mode 2 steps 153 min 1748 final 1750 best 1358
run 35 mode 3 steps 167 min 1750 final 1762 best 1358
run 36 mode 4 steps 198 min 1666 final 1670 best 1358
run 37 mode 5 steps 169 min 1732 final 1732 best 1358
run 38 mode 6 steps 183 min 1638 final 1638 best 1358
run 39 mode 7 steps 207 min 1524 final 1526 best 1358
run 40 mode 0 steps 235 min 1744 final 1744 best 1358
run 41 mode 1 steps 203 min 1640 final 1640 best 1358
run 42 mode 2 steps 151 min 1824 final 1826 best 1358
run 43 mode 3 steps 151 min 1846 final 1850 best 1358
run 44 mode 4 steps 213 min 1558 final 1560 best 1358
run 45 mode 5 steps 213 min 1832 final 1838 best 1358
run 46 mode 6 steps 194 min 1770 final 1772 best 1358
run 47 mode 7 steps 253 min 1574 final 1578 best 1358
run 48 mode 0 steps 225 min 1734 final 1736 best 1358
run 49 mode 1 steps 219 min 1652 final 1656 best 1358
run 50 mode 2 steps 183 min 1696 final 1696 best 1358
run 51 mode 3 steps 168 min 1748 final 1762 best 1358
run 52 mode 4 steps 180 min 1672 final 1678 best 1358
run 53 mode 5 steps 159 min 1734 final 1736 best 1358
run 54 mode 6 steps 172 min 1692 final 1698 best 1358
run 55 mode 7 steps 228 min 1358 final 1364 best 1358
run 56 mode 0 steps 272 min 1810 final 1812 best 1358
run 57 mode 1 steps 184 min 1726 final 1726 best 1358
run 58 mode 2 steps 163 min 1746 final 1746 best 1358
run 59 mode 3 steps 151 min 1846 final 1848 best 1358
run 60 mode 4 steps 217 min 1668 final 1674 best 1358
run 61 mode 5 steps 287 min 1764 final 1766 best 1358
run 62 mode 6 steps 175 min 1764 final 1764 best 1358
run 63 mode 7 steps 253 min 1574 final 1578 best 1358
run 64 mode 0 steps 351 min 1734 final 1736 best 1358
run 65 mode 1 steps 203 min 1638 final 1640 best 1358
run 66 mode 2 steps 205 min 1632 final 1636 best 1358
run 67 mode 3 steps 168 min 1748 final 1762 best 1358
run 68 mode 4 steps 201 min 1666 final 1668 best 1358
run 69 mode 5 steps 140 min 1756 final 1758 best 1358
run 70 mode 6 steps 172 min 1692 final 1698 best 1358
run 71 mode 7 steps 228 min 1358 final 1364 best 1358
run 72 mode 0 steps 214 min 1802 final 1804 best 1358
run 73 mode 1 steps 183 min 1650 final 1654 best 1358
run 74 mode 2 steps 247 min 1736 final 1740 best 1358
run 75 mode 3 steps 227 min 1820 final 1826 best 1358
run 76 mode 4 steps 220 min 1608 final 1608 best 1358
run 77 mode 5 steps 175 min 1754 final 1758 best 1358
run 78 mode 6 steps 272 min 1656 final 1660 best 1358
run 79 mode 7 steps 252 min 1574 final 1578 best 1358
run 80 mode 0 steps 171 min 1720 final 1720 best 1358
run 81 mode 1 steps 150 min 1790 final 1792 best 1358
run 82 mode 2 steps 234 min 1542 final 1548 best 1358
run 83 mode 3 steps 167 min 1750 final 1762 best 1358
run 84 mode 4 steps 205 min 1606 final 1614 best 1358
run 85 mode 5 steps 203 min 1692 final 1698 best 1358
run 86 mode 6 steps 188 min 1654 final 1656 best 1358
run 87 mode 7 steps 203 min 1524 final 1526 best 1358
run 88 mode 0 steps 167 min 1824 final 1824 best 1358
run 89 mode 1 steps 311 min 1684 final 1686 best 1358
run 90 mode 2 steps 281 min 1720 final 1732 best 1358
run 91 mode 3 steps 196 min 1838 final 1852 best 1358
run 92 mode 4 steps 214 min 1656 final 1660 best 1358
run 93 mode 5 steps 217 min 1792 final 1792 best 1358
run 94 mode 6 steps 229 min 1694 final 1706 best 1358
run 95 mode 7 steps 253 min 1574 final 1578 best 1358
run 96 mode 0 steps 213 min 1706 final 1706 best 1358
run 97 mode 1 steps 203 min 1566 final 1568 best 1358
run 98 mode 2 steps 169 min 1710 final 1716 best 1358
run 99 mode 3 steps 169 min 1748 final 1762 best 1358
run 100 mode 4 steps 180 min 1672 final 1678 best 1358
run 101 mode 5 steps 192 min 1722 final 1722 best 1358
run 102 mode 6 steps 172 min 1650 final 1654 best 1358
run 103 mode 7 steps 228 min 1358 final 1364 best 1358
run 104 mode 0 steps 245 min 1840 final 1842 best 1358
run 105 mode 1 steps 202 min 1682 final 1686 best 1358
run 106 mode 2 steps 207 min 1734 final 1738 best 1358
run 107 mode 3 steps 160 min 1838 final 1852 best 1358
run 108 mode 4 steps 303 min 1618 final 1620 best 1358
run 109 mode 5 steps 166 min 1772 final 1776 best 1358
run 110 mode 6 steps 161 min 1760 final 1762 best 1358
run 111 mode 7 steps 252 min 1574 final 1578 best 1358
run 112 mode 0 steps 239 min 1744 final 1746 best 1358
run 113 mode 1 steps 160 min 1714 final 1720 best 1358
run 114 mode 2 steps 175 min 1642 final 1644 best 1358
run 115 mode 3 steps 168 min 1750 final 1762 best 1358
run 116 mode 4 steps 186 min 1682 final 1688 best 1358
run 117 mode 5 steps 222 min 1678 final 1680 best 1358
run 118 mode 6 steps 225 min 1572 final 1578 best 1358
run 119 mode 7 steps 253 min 1522 final 1526 best 1358
run 120 mode 0 steps 341 min 1730 final 1730 best 1358
run 121 mode 1 steps 247 min 1738 final 1740 best 1358
run 122 mode 2 steps 216 min 1696 final 1700 best 1358
run 123 mode 3 steps 169 min 1808 final 1814 best 1358
run 124 mode 4 steps 298 min 1682 final 1686 best 1358
run 125 mode 5 steps 174 min 1794 final 1796 best 1358
run 126 mode 6 steps 180 min 1734 final 1738 best 1358
run 127 mode 7 steps 252 min 1574 final 1578 best 1358
