single 0 49.923205392574545 38.59732217
single 1 49.237224653347276 38.40431287
single 2 49.080560555114076 38.15925076
single 3 49.03479728801422 37.55012589
single 4 49.034429927668675 37.070415630999996
single 5 49.03441599685779 36.423267501
single 6 49.034413113583064 35.986663121
single 7 49.03441219333287 35.580501281
single 8 49.03441172831113 35.251584791
single 9 49.03441147101762 34.956704832
single 10 49.03441134118459 34.663953382
single 11 49.03441127350244 34.378889111999996
single 12 49.03441123281511 34.095079041999995
single 13 49.03441120456198 33.801446892
single 14 49.034411183272354 33.542450072
single 15 49.03441116668251 33.291509802
single 16 49.03441115358719 33.018655392
single 17 49.03441114314377 32.725837453
single 18 49.03441113468899 32.438170703
single 19 49.03441112770682 32.202332473
single 20 49.03441112181765 31.950952472999997
single 21 49.03441111675367 31.702932732999997
single 22 49.03441111232966 31.473191073
single 23 49.03441110841549 31.179535223
single 24 49.034411104918306 30.929450322999998
single 25 49.03441110176834 30.674074143
single 26 49.03441109891165 30.452360093
single 27 49.03441109630545 30.223640052999997
single 28 49.03441109391454 29.948877752999998
single 29 49.03441109170969 29.682038202999998
single 30 49.03441108966642 29.441731372999996
single 31 49.03441108776373 29.223045743
single 32 49.034411085983905 28.992920153
single 33 49.03441108431072 28.770117672999998
single 34 49.03441108273158 28.545859733
single 35 49.034411081233934 28.279472542999997
single 36 49.03441107980729 28.007218864
single 37 49.034411078442844 27.748239413999997
single 38 49.03441107713179 27.486029584
single 39 49.034411075866835 27.223320664
single 40 49.034411074641554 26.984353004
single 41 49.03441107344932 26.744024464
single 42 49.03441107228417 26.512042643999997
single 43 49.03441107114102 26.268091153999997
single 44 49.03441107001473 26.012132893999997
single 45 49.03441106890038 25.764194285
single 46 49.03441106779323 25.504195965
single 47 49.03441106668813 25.256231485
single 48 49.034411065580926 25.041579395
single 49 49.03441106446648 24.793263685
single 50 49.03441106334011 24.556603295
single 51 49.034411062196554 24.317837185
single 52 49.034411061030355 24.086275835
single 53 49.034411059835456 23.867205775
single 54 49.03441105860602 23.628751205
single 55 49.03441105733489 23.360162665999997
single 56 49.03441105601428 23.097485056
single 57 49.03441105463524 22.841638076
single 58 49.03441105318858 22.586018086
single 59 49.03441105166277 22.330410726
single 60 49.03441105004501 22.074636406
single 61 49.034411048320436 21.826845665999997
single 62 49.03441104647164 21.572048736
single 63 49.034411044478084 21.351626076
single 64 49.034411042315114 21.099973126
single 65 49.034411039954364 20.884710426999998
single 66 49.034411037360414 20.677825577
single 67 49.034411034491455 20.426040027
single 68 49.03441103129537 20.170250527
single 69 49.034411027709034 19.918489306999998
single 70 49.0344110236535 19.662602247
single 71 49.03441101903114 19.402721226999997
single 72 49.034411013718376 19.135696456999998
single 73 49.03441100755866 18.869045406999998
single 74 49.03441100035247 18.601225987
single 75 49.03441099184274 18.373984117
single 76 49.03441098169663 18.142482918
single 77 49.034410969480064 17.885999507999998
single 78 49.03441095462559 17.674222938
single 79 49.03441093638854 17.453081838
single 80 49.034410913795305 17.183957527999997
single 81 49.034410885580094 16.948366668
single 82 49.03441085012643 16.710230927999998
single 83 49.034410805427385 16.471714927999997
single 84 49.034410749116084 16.231137458
single 85 49.0344106786376 16.009100917999998
single 86 49.03441059164595 15.777195358
single 87 49.034410486676435 15.541266967999999
single 88 49.03441036397178 15.313664577999997
single 89 49.034410226090074 14.995742887999999
single 90 49.03441007780875 14.700743308
single 91 49.03440992511679 14.478421267999998
single 92 49.034409773742865 14.254963007999997
single 93 49.03440962799605 14.023340567999998
single 94 49.03440949038909 13.803273968
single 95 49.034409361918705 13.540390879
single 96 49.0344092426021 13.273208668999999
single 97 49.03440913195657 13.009430789
single 98 49.0344090293118 12.745984398999997
single 99 49.03440893397917 12.478229198999998
single 100 49.03440884532202 12.218267178999998
single 101 49.03440876277492 11.953404928999998
single 102 49.03440868583636 11.689842678999998
single 103 49.03440861406471 11.441990018999999
single 104 49.034408547076694 11.178327888999998
single 105 49.034408484533834 10.90669861
single 106 49.03440842612557 10.64670113
single 107 49.03440837155853 10.37874914
single 108 49.03440832056272 10.110974769999999
single 109 49.03440827290126 9.843004109999999
single 110 49.034408228365265 9.583008189999997
single 111 49.0344081867623 9.335012669999998
single 112 49.03440814790348 9.088977419999999
single 113 49.03440811159779 8.829044919999998
single 114 49.03440807766371 8.577052769999998
single 115 49.034408045937475 8.337058850999998
single 116 49.03440801627936 8.109061540999999
single 117 49.034407988568326 7.889083011
single 118 49.03440796269555 7.673102681
single 119 49.03440793855216 7.445304941
single 120 49.034407916025806 7.222076700999999
single 121 49.034407895001074 7.006808090999996
single 122 49.03440787536478 6.778551700999998
single 123 49.034407857012916 6.5142687210000005
single 124 49.03440783985232 6.262975161
single 125 49.0344078238051 6.0280284409999965
single 126 49.03440780880568 5.796650381999996
single 127 49.03440779479626 5.578263421999999
single 128 49.034407781724816 5.3602864719999985
single 129 49.03440776953962 5.1162758319999995
single 130 49.03440775818866 4.895155222
single 131 49.034407747618054 4.664668442
single 132 49.03440773777274 4.4534830119999995
single 133 49.03440772859796 4.222784321999995
single 134 49.034407720041564 3.9982891419999973
single 135 49.034407712054204 3.7594944729999966
single 136 49.03440770459092 3.5040719029999963
single 137 49.03440769761218 3.2569624029999957
single 138 49.03440769108283 3.010226422999999
single 139 49.0344076849727 2.7753310729999967
single 140 49.03440767925524 2.5676642629999975
single 141 49.034407673907225 2.3236844030000015
single 142 49.03440766890844 2.083720073000002
single 143 49.03440766423931 1.8357515329999998
single 144 49.034407659882476 1.5917620130000003
single 145 49.034407655820836 1.3477716829999977
single 146 49.034407652038105 1.054280612999996
single 147 49.034407648517664 0.7544032529999996
single 148 49.034407645243775 0.5145333930000007
single 149 49.034407642201046 0.2947539529999972
single 150 49.03440763937391 0.0549646629999998
cpu_before_save 39.369032917
cpu_after_save 39.393033167
