slices 1 index 0 loss 0.9318023823846066 best 0.9318023823846066 seconds 0.11057096102740616
slices 1 index 5 loss 0.9205461827413528 best 0.8859721275109462 seconds 0.645195092074573
slices 1 index 10 loss 0.9486341511603846 best 0.8706117862959283 seconds 1.0966152839828283
slices 1 index 15 loss 0.902191407736106 best 0.8706117862959283 seconds 1.7841103330720216
slices 1 index 20 loss 0.9306422021398797 best 0.8706117862959283 seconds 2.293327820021659
slices 1 index 25 loss 0.8874740470826247 best 0.8706117862959283 seconds 2.776754566002637
slices 1 index 30 loss 0.955156662491647 best 0.8706117862959283 seconds 3.5864374940283597
slices 1 index 35 loss 0.9373253456615732 best 0.8706117862959283 seconds 4.017785188974813
slices 1 index 40 loss 0.9157950916487645 best 0.8706117862959283 seconds 4.433311747969128
slices 1 index 45 loss 0.9205461827414749 best 0.8706117862959283 seconds 4.87406464596279
slices 1 index 50 loss 0.9196052030708181 best 0.8706117862959283 seconds 5.455363632994704
slices 1 index 55 loss 0.8813285622295811 best 0.8706117862959283 seconds 6.142450905987062
slices 1 index 60 loss 0.8813285622295793 best 0.8706117862959283 seconds 6.7101073659723625
slices 1 index 65 loss 0.8813285622295794 best 0.8706117862959283 seconds 7.6231370200403035
slices 1 index 70 loss 0.8874740470826077 best 0.8706117862959283 seconds 8.155109153012745
slices 1 index 75 loss 0.8706117862963856 best 0.8706117862959283 seconds 8.617273941054009
slices 1 index 80 loss 0.9237082758568451 best 0.8706117862959283 seconds 9.357064053067006
slices 1 index 85 loss 0.9260993632363188 best 0.8706117862959283 seconds 9.842166688060388
slices 1 index 90 loss 0.9704714747697452 best 0.8706117862959283 seconds 10.270461668958887
slices 1 index 95 loss 0.9401951053772883 best 0.8706117862959283 seconds 10.899917894974351
slices 1 index 100 loss 0.9334261556780195 best 0.8706117862959283 seconds 11.586655250983313
slices 1 index 105 loss 0.9024252546720957 best 0.8706117862959283 seconds 12.314267904032022
slices 1 index 110 loss 0.9719728390423692 best 0.8706117862959283 seconds 12.729114291025326
slices 1 index 115 loss 0.9313154974306079 best 0.8706117862959283 seconds 13.263951321016066
slices 1 index 120 loss 0.9313154974302489 best 0.8706117862959283 seconds 13.852336711017415
LEVEL 1 best 0.8706117862959283 size 24 seconds 14.134014219045639
slices 2 index 0 loss 0.834906856863109 best 0.834906856863109 seconds 14.286409663967788
slices 2 index 5 loss 0.8993673310240651 best 0.834906856863109 seconds 15.35344640200492
slices 2 index 10 loss 0.8387533095457393 best 0.8231571735814873 seconds 16.568852634052746
slices 2 index 15 loss 0.8558279009805783 best 0.8231571735814873 seconds 17.649078842019662
slices 2 index 20 loss 0.8904845357841873 best 0.8231571735814873 seconds 18.400189083069563
slices 2 index 25 loss 0.8485091725042391 best 0.8231571735814873 seconds 19.55545471305959
slices 2 index 30 loss 0.85526077030991 best 0.8231571735814873 seconds 20.650879484019242
slices 2 index 35 loss 0.8676497643790158 best 0.8231571735814873 seconds 21.61448567500338
slices 2 index 40 loss 0.8552607703101007 best 0.8231571735814873 seconds 22.54918185796123
slices 2 index 45 loss 0.8480319692596865 best 0.8231571735814873 seconds 24.770869769970886
LEVEL 2 best 0.8231571735814873 size 20 seconds 25.081485387985595
slices 4 index 0 loss 0.7873089146335498 best 0.7873089146335498 seconds 25.40331657906063
slices 4 index 5 loss 0.8055988229802928 best 0.75080460110898 seconds 28.52585578407161
slices 4 index 10 loss 0.7754858421767193 best 0.75080460110898 seconds 31.173424436012283
slices 4 index 15 loss 0.790904871365051 best 0.75080460110898 seconds 34.58214468497317
slices 4 index 20 loss 0.7508046011118672 best 0.75080460110898 seconds 37.47151984402444
slices 4 index 25 loss 0.8262529064331973 best 0.75080460110898 seconds 42.238428037962876
slices 4 index 30 loss 0.8034013809116606 best 0.75080460110898 seconds 46.7173643510323
slices 4 index 35 loss 0.7918188195331852 best 0.75080460110898 seconds 49.28706819796935
LEVEL 4 best 0.7495261071874757 size 16 seconds 51.39287590805907
slices 6 index 0 loss 0.7347727452014134 best 0.7347727452014134 seconds 52.30276682600379
slices 6 index 5 loss 0.7425892121553115 best 0.7204593569460592 seconds 58.085326301981695
slices 6 index 10 loss 0.7351310694415815 best 0.7204593569460592 seconds 65.99740232597105
slices 6 index 15 loss 0.7274904888085786 best 0.6997468014606815 seconds 72.9949760499876
slices 6 index 20 loss 0.726235739536992 best 0.6997468014606815 seconds 78.61490548006259
slices 6 index 25 loss 0.7383652489416491 best 0.6997468014606815 seconds 85.62237798096612
slices 6 index 30 loss 0.7092206312313981 best 0.6997468014606815 seconds 93.85408582305536
LEVEL 6 best 0.6997468014606815 size 12 seconds 95.30355762306135
slices 12 index 0 loss 0.5928039310420702 best 0.5928039310420702 seconds 103.36941353499424
slices 12 index 5 loss 0.6373827281044315 best 0.5928039310420702 seconds 148.8147213869961
slices 12 index 10 loss 0.6017808957016311 best 0.5928039310420702 seconds 193.3018704020651
slices 12 index 15 loss 0.6293884062147378 best 0.5928039310420702 seconds 232.1567727230722
slices 12 index 20 loss 0.6193971987938429 best 0.5928039310420702 seconds 289.0997264700709
LEVEL 12 best 0.5928039310420702 size 8 seconds 316.8549436579924
slices 24 index 0 loss 0.5321426560249302 best 0.5321426560249302 seconds 349.29407026199624
slices 24 index 5 loss 0.5501804929953799 best 0.5008849035307007 seconds 568.0617200799752
