eval 20 loss 0.0734468566183818 gram 0.07344585572299174 linear 1.0700946764274422 seconds 4.2731256319675595
eval 40 loss 0.04828507286450228 gram 0.047986640304719 linear 1.0374881750637328 seconds 10.299517813022248
eval 60 loss 0.04539791469825191 gram 0.045323107227049575 linear 1.0262772901998392 seconds 15.798055320978165
eval 80 loss 0.04282830643878179 gram 0.04276351188756192 linear 1.0156311920495031 seconds 20.429371017962694
eval 100 loss 0.042081708759796214 gram 0.04200098881462683 linear 1.0100024211955927 seconds 25.514772141934372
eval 120 loss 0.0414155112865877 gram 0.04135781425904555 linear 1.013626988629992 seconds 31.643091814010404
eval 140 loss 0.040290902412935474 gram 0.040225143821355024 linear 1.0009825010440951 seconds 37.293814125005156
eval 160 loss 0.03951082980439959 gram 0.039392481391512975 linear 1.0040758216954728 seconds 42.30744468292687
eval 180 loss 0.03894908621867178 gram 0.038882632887833266 linear 1.002379421698199 seconds 47.955332531942986
eval 200 loss 0.03880155222668073 gram 0.038736685230789075 linear 1.0049417630590367 seconds 53.90050619095564
eval 220 loss 0.03875003897999922 gram 0.03868294379900316 linear 1.0147309487244758 seconds 59.35305711394176
eval 240 loss 0.03867685683121996 gram 0.038618118221903086 linear 1.0221551963707818 seconds 65.14320134592708
eval 260 loss 0.03866714935486466 gram 0.038604897401553206 linear 1.022452520067679 seconds 70.8579249830218
eval 280 loss 0.03863975864040673 gram 0.03858182692213699 linear 1.0254981592937098 seconds 77.43926815898158
eval 300 loss 0.03861773642634284 gram 0.03855761657863007 linear 1.031494075819121 seconds 83.70314452901948
eval 320 loss 0.038594126329891315 gram 0.03853445867871413 linear 1.0450723441946335 seconds 90.77314867998939
eval 340 loss 0.0385868969351701 gram 0.03852874461821635 linear 1.0487317768035311 seconds 96.8329125950113
eval 360 loss 0.038585391050611206 gram 0.038525933159854885 linear 1.0507421961920946 seconds 102.19317689503077
eval 380 loss 0.03858433417881861 gram 0.038525469979753646 linear 1.051065182791091 seconds 108.0241802999517
eval 400 loss 0.03858280668421988 gram 0.03852321408555693 linear 1.0508322053043309 seconds 113.74911385495216
eval 420 loss 0.03858215718617173 gram 0.038522232732501514 linear 1.0499917733597477 seconds 120.2116402159445
eval 440 loss 0.038582012467418735 gram 0.03852207882655504 linear 1.0498573206725264 seconds 125.85459500702564
eval 460 loss 0.038581957673508416 gram 0.038522511404213096 linear 1.0496566272702528 seconds 131.31891940999776
eval 480 loss 0.03858192449466781 gram 0.038522736009132 linear 1.0493927743275282 seconds 136.69447840796784
eval 500 loss 0.03858191438370085 gram 0.038522864037796194 linear 1.0493517481596604 seconds 142.41901048494037
