trial 0 modes 4 loss 0.6981256595296108 calls 49 seconds 2.559500245959498
trial 1 modes 4 loss 0.7333921206840794 calls 54 seconds 5.815662691020407
trial 2 modes 4 loss 0.7269854219655703 calls 52 seconds 8.840804971987382
trial 3 modes 4 loss 0.813957896723962 calls 40 seconds 11.281538787065074
trial 4 modes 4 loss 0.7361439804169057 calls 47 seconds 14.325192854041234
trial 5 modes 4 loss 0.7636596610331924 calls 59 seconds 17.892732109990902
trial 6 modes 4 loss 0.7365366989078217 calls 57 seconds 22.33824277401436
trial 7 modes 4 loss 0.741988042536254 calls 41 seconds 25.151170658995397
trial 8 modes 4 loss 0.6745695767333169 calls 43 seconds 27.909422041033395
trial 9 modes 4 loss 0.7020437565452644 calls 54 seconds 31.370985044981353
trial 10 modes 4 loss 0.7695712044791625 calls 51 seconds 35.2232916590292
trial 11 modes 4 loss 0.677645268717108 calls 41 seconds 37.94915082806256
trial 12 modes 4 loss 0.6880762968024048 calls 43 seconds 40.631102981977165
trial 13 modes 4 loss 0.7760836150229823 calls 49 seconds 44.00408103805967
trial 14 modes 4 loss 0.7505349245988413 calls 56 seconds 47.70538202195894
trial 15 modes 4 loss 0.7795885935353454 calls 35 seconds 50.114242278039455
trial 16 modes 4 loss 0.7389101533525273 calls 69 seconds 54.99193458503578
trial 17 modes 4 loss 0.7713123692424798 calls 63 seconds 59.60950345499441
trial 18 modes 4 loss 0.7332454269457644 calls 41 seconds 62.31312720500864
trial 19 modes 4 loss 0.7240614331244338 calls 41 seconds 65.23249224200845
trial 20 modes 4 loss 0.7487477992883126 calls 47 seconds 68.38552342203911
trial 21 modes 4 loss 0.7087158495317893 calls 36 seconds 71.02721537905745
trial 22 modes 4 loss 0.7308087797158895 calls 54 seconds 73.96211455902085
trial 23 modes 4 loss 0.7859309245455012 calls 45 seconds 77.00401922501624
trial 24 modes 4 loss 0.7210381189471162 calls 68 seconds 81.820851659053
trial 25 modes 4 loss 0.7049167908892895 calls 41 seconds 84.60227501404006
trial 26 modes 4 loss 0.7255212534243126 calls 48 seconds 88.08046838198788
trial 27 modes 4 loss 0.7171037505925724 calls 48 seconds 90.99529884802178
trial 28 modes 4 loss 0.7059585466947633 calls 48 seconds 93.50756131403614
trial 29 modes 4 loss 0.7011835335298139 calls 36 seconds 96.09229937498458
