Schedules 6 280
Schedules 7 44
Schedules 8 8
Best 1.00001 tested 1
Best 0.940679 tested 19726
Best 0.894581 tested 30600
Best 0.811288 tested 30609
Best 0.697841 tested 51438
Best 0.69327 tested 51518
Best 0.632823 tested 87598
Best 0.591193 tested 288738
Best 0.425031 tested 288818
Best 0.36518 tested 466092
Schedule 6 1 1 3 3 4 4 0.36518
Schedule 6 1 1 3 4 3 4 0.36518
Best 0.2912 tested 2350674
Best 0.168708 tested 2454610
Best 0.156278 tested 2631884
Schedule 6 1 1 3 4 4 3 0.156278
Schedule 6 1 1 4 3 3 4 0.156278
Best 0.145729 tested 4795372
Schedule 6 1 3 1 3 4 4 0.145729
Schedule 6 1 3 1 4 3 4 0.145729
Schedule 6 1 3 3 1 4 4 0.145729
Schedule 6 1 3 3 4 1 4 0.145729
Schedule 6 1 3 4 1 3 4 0.145729
Progress 10000000 0.145729 0.508594
Schedule 6 1 3 4 1 4 3 0.145729
Schedule 6 1 3 4 3 1 4 0.145729
Schedule 6 1 1 2 4 4 4 0.145729
Schedule 6 1 1 4 2 4 4 0.145729
Schedule 6 1 2 1 4 4 4 0.145729
Schedule 6 1 2 4 1 4 4 0.145729
Schedule 6 1 2 4 4 1 4 0.145729
Schedule 6 1 4 1 4 2 4 0.145729
Schedule 6 1 3 3 3 3 3 0.145729
Progress 20000000 0.145729 1.05547
Schedule 6 1 2 3 3 3 4 0.145729
Schedule 6 1 2 3 3 4 3 0.145729
Schedule 6 1 2 3 4 3 3 0.145729
Schedule 6 1 2 4 3 3 3 0.145729
Schedule 6 1 3 2 3 3 4 0.145729
Schedule 6 1 3 2 3 4 3 0.145729
Schedule 6 1 3 2 4 3 3 0.145729
Schedule 6 1 3 3 2 3 4 0.145729
Schedule 6 1 3 3 2 4 3 0.145729
Progress 30000000 0.145729 1.53234
Schedule 6 1 3 3 3 2 4 0.145729
Schedule 6 1 2 2 3 4 4 0.145729
Schedule 6 1 2 2 4 3 4 0.145729
Schedule 6 1 2 2 4 4 3 0.145729
Schedule 6 1 2 3 2 4 4 0.145729
Schedule 6 1 2 3 4 2 4 0.145729
Schedule 6 1 2 3 4 4 2 0.145729
Schedule 6 1 2 4 2 3 4 0.145729
Schedule 6 1 2 4 2 4 3 0.145729
Progress 40000000 0.145729 2.21788
Schedule 6 1 2 4 3 2 4 0.145729
Schedule 6 1 2 4 3 4 2 0.145729
Schedule 6 1 2 4 4 2 3 0.145729
Schedule 6 1 3 2 2 4 4 0.145729
Schedule 6 1 3 2 4 2 4 0.145729
Schedule 6 1 3 4 2 2 4 0.145729
Schedule 6 1 4 2 2 3 4 0.145729
Schedule 6 1 4 2 3 2 4 0.145729
Schedule 6 2 2 3 3 3 3 0.145729
Schedule 6 2 3 2 3 3 3 0.145729
Progress 50000000 0.145729 3.0206
Schedule 6 2 3 3 2 3 3 0.145729
Schedule 6 2 2 2 3 3 4 0.145729
Schedule 6 2 2 2 3 4 3 0.145729
Schedule 6 2 2 3 2 3 4 0.145729
Schedule 6 2 2 3 2 4 3 0.145729
Schedule 6 2 2 3 3 2 4 0.145729
Schedule 6 2 3 2 3 2 4 0.145729
Schedule 6 2 2 2 2 4 4 0.145729
Schedule 6 2 2 2 4 2 4 0.145729
Progress 60000000 0.145729 3.82226
Schedule 6 2 2 4 2 2 4 0.145729
Schedule 6 1 1 3 3 3 5 0.145729
Schedule 6 1 1 3 3 5 3 0.145729
Schedule 6 1 3 1 3 3 5 0.145729
Schedule 6 1 3 1 3 5 3 0.145729
Schedule 6 1 3 3 1 3 5 0.145729
Schedule 6 1 3 3 3 1 5 0.145729
Schedule 6 1 1 2 3 4 5 0.145729
Schedule 6 1 1 2 3 5 4 0.145729
Progress 70000000 0.145729 4.59582
Schedule 6 1 1 2 4 3 5 0.145729
Schedule 6 1 1 2 4 5 3 0.145729
Schedule 6 1 1 2 5 3 4 0.145729
Schedule 6 1 1 2 5 4 3 0.145729
Schedule 6 1 1 3 2 4 5 0.145729
Schedule 6 1 1 3 2 5 4 0.145729
Schedule 6 1 1 3 4 2 5 0.145729
Schedule 6 1 1 3 5 2 4 0.145729
Schedule 6 1 1 4 2 3 5 0.145729
Progress 80000000 0.145729 5.28681
Schedule 6 1 1 4 3 2 5 0.145729
Schedule 6 1 2 1 3 4 5 0.145729
Schedule 6 1 2 1 3 5 4 0.145729
Schedule 6 1 2 1 4 3 5 0.145729
Schedule 6 1 2 3 1 4 5 0.145729
Schedule 6 1 2 3 1 5 4 0.145729
Schedule 6 1 2 3 4 1 5 0.145729
Schedule 6 1 2 3 5 1 4 0.145729
Schedule 6 1 2 4 1 3 5 0.145729
Schedule 6 1 2 4 1 5 3 0.145729
Progress 90000000 0.145729 5.9408
Schedule 6 1 2 4 3 1 5 0.145729
Schedule 6 1 2 4 5 1 3 0.145729
Schedule 6 1 2 5 1 3 4 0.145729
Schedule 6 1 2 5 1 4 3 0.145729
Schedule 6 1 2 5 3 1 4 0.145729
Schedule 6 1 2 5 4 1 3 0.145729
Schedule 6 1 3 1 4 2 5 0.145729
Schedule 6 1 3 2 4 1 5 0.145729
Schedule 6 1 3 2 5 1 4 0.145729
Progress 100000000 0.145729 6.5952
Schedule 6 1 1 2 2 5 5 0.145729
Schedule 6 1 1 2 3 3 6 0.145729
Schedule 6 1 1 2 3 6 3 0.145729
Schedule 6 1 1 2 5 2 5 0.145729
Schedule 6 1 1 2 5 5 2 0.145729
Schedule 6 1 1 2 6 3 3 0.145729
Schedule 6 1 1 3 2 3 6 0.145729
Schedule 6 1 1 3 2 6 3 0.145729
Schedule 6 1 1 3 3 2 6 0.145729
Progress 110000000 0.145729 7.35258
Schedule 6 1 1 5 2 2 5 0.145729
Schedule 6 1 2 1 2 5 5 0.145729
Schedule 6 1 2 1 3 3 6 0.145729
Schedule 6 1 2 1 3 6 3 0.145729
Schedule 6 1 2 1 5 2 5 0.145729
Schedule 6 1 2 2 1 5 5 0.145729
Schedule 6 1 2 2 5 1 5 0.145729
Schedule 6 1 2 3 1 3 6 0.145729
Schedule 6 1 2 3 1 6 3 0.145729
Progress 120000000 0.145729 8.10148
Schedule 6 1 2 3 3 1 6 0.145729
Schedule 6 1 2 3 6 1 3 0.145729
Schedule 6 1 2 5 1 2 5 0.145729
Schedule 6 1 2 5 1 5 2 0.145729
Schedule 6 1 2 5 2 1 5 0.145729
Schedule 6 1 2 6 1 3 3 0.145729
Schedule 6 1 2 6 3 1 3 0.145729
Schedule 6 1 3 1 3 2 6 0.145729
Schedule 6 1 3 2 3 1 6 0.145729
Schedule 6 1 1 2 2 4 6 0.145729
Progress 130000000 0.145729 9.328
Schedule 6 1 1 2 2 6 4 0.145729
Schedule 6 1 1 2 4 2 6 0.145729
Schedule 6 1 1 2 4 6 2 0.145729
Schedule 6 1 1 2 6 2 4 0.145729
Schedule 6 1 1 4 2 2 6 0.145729
Schedule 6 1 2 1 2 4 6 0.145729
Schedule 6 1 2 1 2 6 4 0.145729
Schedule 6 1 2 1 4 2 6 0.145729
Schedule 6 1 2 2 1 4 6 0.145729
Progress 140000000 0.145729 10.0361
Schedule 6 1 2 2 4 1 6 0.145729
Schedule 6 1 2 2 6 1 4 0.145729
Schedule 6 1 2 4 1 2 6 0.145729
Schedule 6 1 2 4 1 6 2 0.145729
Schedule 6 1 2 4 2 1 6 0.145729
Schedule 6 1 2 6 2 1 4 0.145729
Schedule 6 1 1 2 2 3 7 0.145729
Schedule 6 1 1 2 2 7 3 0.145729
Schedule 6 1 1 2 3 2 7 0.145729
Progress 150000000 0.145729 10.52
Schedule 6 1 1 2 3 7 2 0.145729
Schedule 6 1 1 2 7 2 3 0.145729
Schedule 6 1 1 3 2 2 7 0.145729
Schedule 6 1 2 1 2 3 7 0.145729
Schedule 6 1 2 1 2 7 3 0.145729
Schedule 6 1 2 1 3 2 7 0.145729
Schedule 6 1 2 2 1 3 7 0.145729
Schedule 6 1 2 2 3 1 7 0.145729
Schedule 6 1 2 2 7 1 3 0.145729
Progress 160000000 0.145729 11.1183
Schedule 6 1 2 3 1 2 7 0.145729
Schedule 6 1 2 3 1 7 2 0.145729
Schedule 6 1 2 3 2 1 7 0.145729
Schedule 6 1 2 7 2 1 3 0.145729
Schedule 6 1 1 2 2 2 8 0.145729
Schedule 6 1 1 2 2 8 2 0.145729
Schedule 6 1 2 1 2 2 8 0.145729
Schedule 6 1 2 1 2 8 2 0.145729
Schedule 6 1 2 2 1 2 8 0.145729
Progress 170000000 0.145729 11.8249
Schedule 6 1 2 2 2 1 8 0.145729
Schedule 6 1 2 2 3 3 5 0.145729
Schedule 6 1 2 2 3 5 3 0.145729
Schedule 6 1 2 2 5 3 3 0.145729
Schedule 6 1 2 3 2 3 5 0.145729
Schedule 6 1 2 3 2 5 3 0.145729
Schedule 6 1 2 3 3 2 5 0.145729
Schedule 6 1 2 3 3 5 2 0.145729
Schedule 6 1 2 3 5 2 3 0.145729
Schedule 6 1 2 3 5 3 2 0.145729
Progress 180000000 0.145729 12.6607
Schedule 6 1 2 5 2 3 3 0.145729
Schedule 6 1 2 5 3 2 3 0.145729
Schedule 6 1 3 2 2 3 5 0.145729
Schedule 6 1 3 2 2 5 3 0.145729
Schedule 6 1 3 2 3 2 5 0.145729
Schedule 6 1 3 2 5 2 3 0.145729
Schedule 6 1 3 3 2 2 5 0.145729
Schedule 6 1 2 2 2 4 5 0.145729
Schedule 6 1 2 2 2 5 4 0.145729
Progress 190000000 0.145729 13.3731
Schedule 6 1 2 2 4 2 5 0.145729
Schedule 6 1 2 2 4 5 2 0.145729
Schedule 6 1 2 2 5 2 4 0.145729
Schedule 6 1 2 2 5 4 2 0.145729
Schedule 6 1 2 4 2 2 5 0.145729
Schedule 6 1 2 4 2 5 2 0.145729
Schedule 6 1 2 5 2 2 4 0.145729
Schedule 6 1 4 2 2 2 5 0.145729
Schedule 6 1 2 2 2 3 6 0.145729
Progress 200000000 0.145729 13.8662
Schedule 6 1 2 2 2 6 3 0.145729
Schedule 6 1 2 2 3 2 6 0.145729
Schedule 6 1 2 2 3 6 2 0.145729
Schedule 6 1 2 2 6 2 3 0.145729
Schedule 6 1 2 2 6 3 2 0.145729
Schedule 6 1 2 3 2 2 6 0.145729
Schedule 6 1 2 3 2 6 2 0.145729
Schedule 6 1 2 6 2 2 3 0.145729
Schedule 6 1 3 2 2 2 6 0.145729
Progress 210000000 0.145729 14.407
Schedule 6 1 1 1 4 4 5 0.145729
Schedule 6 1 1 1 4 5 4 0.145729
Schedule 6 1 1 4 1 4 5 0.145729
Schedule 6 1 1 4 1 5 4 0.145729
Schedule 6 1 1 4 4 1 5 0.145729
Schedule 6 1 4 1 4 1 5 0.145729
Schedule 6 1 1 1 3 5 5 0.145729
Schedule 6 1 1 1 5 3 5 0.145729
Schedule 6 1 1 3 1 5 5 0.145729
Schedule 6 1 1 3 5 1 5 0.145729
Progress 220000000 0.145729 14.9126
Schedule 6 1 1 5 1 3 5 0.145729
Schedule 6 1 3 1 5 1 5 0.145729
Schedule 6 1 1 1 3 4 6 0.145729
Schedule 6 1 1 1 3 6 4 0.145729
Schedule 6 1 1 1 4 3 6 0.145729
Schedule 6 1 1 3 1 4 6 0.145729
Schedule 6 1 1 3 1 6 4 0.145729
Schedule 6 1 1 3 4 1 6 0.145729
Schedule 6 1 1 3 6 1 4 0.145729
Progress 230000000 0.145729 15.4191
Schedule 6 1 1 4 1 3 6 0.145729
Schedule 6 1 1 4 3 1 6 0.145729
Schedule 6 1 3 1 4 1 6 0.145729
Schedule 6 1 2 2 2 2 7 0.145729
Schedule 6 1 2 2 2 7 2 0.145729
Schedule 6 1 2 2 7 2 2 0.145729
Schedule 6 1 1 1 2 5 6 0.145729
Schedule 6 1 1 1 2 6 5 0.145729
Schedule 6 1 1 1 5 2 6 0.145729
Progress 240000000 0.145729 15.944
Schedule 6 1 1 2 1 5 6 0.145729
Schedule 6 1 1 2 1 6 5 0.145729
Schedule 6 1 1 2 5 1 6 0.145729
Schedule 6 1 1 2 6 1 5 0.145729
Schedule 6 1 1 5 1 2 6 0.145729
Schedule 6 1 1 5 2 1 6 0.145729
Schedule 6 1 2 1 5 1 6 0.145729
Schedule 6 1 1 1 3 3 7 0.145729
Schedule 6 1 1 1 3 7 3 0.145729
Progress 250000000 0.145729 16.4394
Schedule 6 1 1 3 1 3 7 0.145729
Schedule 6 1 1 3 1 7 3 0.145729
Schedule 6 1 1 3 3 1 7 0.145729
Schedule 6 1 3 1 3 1 7 0.145729
Schedule 6 1 1 1 2 4 7 0.145729
Schedule 6 1 1 1 2 7 4 0.145729
Schedule 6 1 1 1 4 2 7 0.145729
Schedule 6 1 1 2 1 4 7 0.145729
Schedule 6 1 1 2 1 7 4 0.145729
Schedule 6 1 1 2 4 1 7 0.145729
Progress 260000000 0.145729 17.1918
Schedule 6 1 1 2 7 1 4 0.145729
Schedule 6 1 1 4 1 2 7 0.145729
Schedule 6 1 1 4 2 1 7 0.145729
Schedule 6 1 2 1 4 1 7 0.145729
Schedule 6 1 1 1 2 3 8 0.145729
Schedule 6 1 1 1 2 8 3 0.145729
Schedule 6 1 1 1 3 2 8 0.145729
Schedule 6 1 1 2 1 3 8 0.145729
Schedule 6 1 1 2 1 8 3 0.145729
Progress 270000000 0.145729 17.9677
Schedule 6 1 1 2 3 1 8 0.145729
Schedule 6 1 1 2 8 1 3 0.145729
Schedule 6 1 1 3 1 2 8 0.145729
Schedule 6 1 1 3 2 1 8 0.145729
Schedule 6 1 2 1 3 1 8 0.145729
Schedule 6 1 1 1 2 2 9 0.145729
Schedule 6 1 1 1 2 9 2 0.145729
Schedule 6 1 1 2 1 2 9 0.145729
Schedule 6 1 1 2 1 9 2 0.145729
Progress 280000000 0.145729 18.6889
Schedule 6 1 1 2 2 1 9 0.145729
Schedule 6 1 2 1 2 1 9 0.145729
Schedule 6 2 2 2 2 3 5 0.145729
Schedule 6 2 2 2 3 2 5 0.145729
Schedule 6 2 2 3 2 2 5 0.145729
Schedule 6 2 2 2 2 2 6 0.145729
Schedule 6 1 1 1 1 6 6 0.145729
Schedule 6 1 1 1 6 1 6 0.145729
Schedule 6 1 1 6 1 1 6 0.145729
Progress 290000000 0.145729 19.3342
Schedule 6 1 1 1 1 5 7 0.145729
Schedule 6 1 1 1 5 1 7 0.145729
Schedule 6 1 1 5 1 1 7 0.145729
Schedule 6 1 1 1 1 4 8 0.145729
Schedule 6 1 1 1 4 1 8 0.145729
Schedule 6 1 1 4 1 1 8 0.145729
Schedule 6 1 1 1 1 3 9 0.145729
Schedule 6 1 1 1 3 1 9 0.145729
Schedule 6 1 1 3 1 1 9 0.145729
Schedule 6 1 1 1 1 2 10 0.145729
Progress 300000000 0.145729 19.8195
Schedule 6 1 1 1 2 1 10 0.145729
Schedule 6 1 1 2 1 1 10 0.145729
Schedule 6 1 1 1 1 1 11 0.145729
Progress 310000000 0.145729 20.3264
Progress 320000000 0.145729 21.0375
Schedule 7 1 1 1 3 3 3 4 0.145729
Progress 330000000 0.145729 21.5472
Schedule 7 1 1 1 3 3 4 3 0.145729
Progress 340000000 0.145729 22.306
Progress 350000000 0.145729 22.9464
Schedule 7 1 1 3 1 3 3 4 0.145729
Progress 360000000 0.145729 23.5567
Progress 370000000 0.145729 24.2195
Schedule 7 1 1 3 1 3 4 3 0.145729
Progress 380000000 0.145729 24.6931
Schedule 7 1 1 3 1 4 3 3 0.145729
Progress 390000000 0.145729 25.1607
Progress 400000000 0.145729 25.6141
Schedule 7 1 1 3 3 1 3 4 0.145729
Progress 410000000 0.145729 26.2198
Progress 420000000 0.145729 26.8386
Schedule 7 1 1 3 3 1 4 3 0.145729
Progress 430000000 0.145729 27.323
Schedule 7 1 1 3 3 3 1 4 0.145729
Progress 440000000 0.145729 27.8734
Progress 450000000 0.145729 28.3825
Schedule 7 1 3 1 3 1 3 4 0.145729
Progress 460000000 0.145729 29.1089
Progress 470000000 0.145729 29.9358
Schedule 7 1 3 1 3 3 1 4 0.145729
Progress 480000000 0.145729 30.5131
Progress 490000000 0.145729 31.0181
Schedule 7 1 1 1 2 3 4 4 0.145729
Progress 500000000 0.145729 31.5735
Schedule 7 1 1 1 2 4 3 4 0.145729
Progress 510000000 0.145729 32.1061
Progress 520000000 0.145729 32.7218
Schedule 7 1 1 1 2 4 4 3 0.145729
Progress 530000000 0.145729 33.4293
Progress 540000000 0.145729 33.9587
Schedule 7 1 1 1 3 2 4 4 0.145729
Progress 550000000 0.145729 34.5299
Schedule 7 1 1 1 3 4 2 4 0.145729
Progress 560000000 0.145729 35.3323
Progress 570000000 0.145729 35.9296
Schedule 7 1 1 1 4 2 3 4 0.145729
Progress 580000000 0.145729 36.7002
Progress 590000000 0.145729 37.4912
Schedule 7 1 1 2 1 3 4 4 0.145729
Progress 600000000 0.145729 38.2763
Progress 610000000 0.145729 39.0496
Schedule 7 1 1 2 1 4 3 4 0.145729
Progress 620000000 0.145729 39.6744
Schedule 7 1 1 2 1 4 4 3 0.145729
Progress 630000000 0.145729 40.1202
Progress 640000000 0.145729 40.6455
Schedule 7 1 1 2 3 1 4 4 0.145729
Progress 650000000 0.145729 41.1227
Progress 660000000 0.145729 41.634
Schedule 7 1 1 2 3 4 1 4 0.145729
Progress 670000000 0.145729 42.1619
Schedule 7 1 1 2 4 1 3 4 0.145729
Progress 680000000 0.145729 42.7951
Progress 690000000 0.145729 43.3544
Schedule 7 1 1 2 4 1 4 3 0.145729
Progress 700000000 0.145729 43.8658
Progress 710000000 0.145729 44.7097
Schedule 7 1 1 2 4 3 1 4 0.145729
Progress 720000000 0.145729 45.4849
Schedule 7 1 1 2 4 4 1 3 0.145729
Progress 730000000 0.145729 45.8995
Progress 740000000 0.145729 46.3845
Schedule 7 1 1 3 1 2 4 4 0.145729
Progress 750000000 0.145729 46.9006
Progress 760000000 0.145729 47.3222
Schedule 7 1 1 3 1 4 2 4 0.145729
Progress 770000000 0.145729 47.7949
Progress 780000000 0.145729 48.3011
Schedule 7 1 1 3 2 1 4 4 0.145729
Progress 790000000 0.145729 48.6931
Schedule 7 1 1 3 2 4 1 4 0.145729
Progress 800000000 0.145729 49.188
Progress 810000000 0.145729 49.7327
Schedule 7 1 1 3 4 1 2 4 0.145729
Progress 820000000 0.145729 50.1782
Progress 830000000 0.145729 50.6145
Schedule 7 1 1 3 4 2 1 4 0.145729
Progress 840000000 0.145729 51.0597
Schedule 7 1 1 4 1 2 3 4 0.145729
Progress 850000000 0.145729 51.4607
Progress 860000000 0.145729 51.9707
Schedule 7 1 1 4 1 3 2 4 0.145729
Progress 870000000 0.145729 52.3592
Progress 880000000 0.145729 52.7475
Schedule 7 1 1 4 2 1 3 4 0.145729
Progress 890000000 0.145729 53.2184
Schedule 7 1 2 1 3 1 4 4 0.145729
Progress 900000000 0.145729 53.6568
Progress 910000000 0.145729 54.101
Schedule 7 1 2 1 3 4 1 4 0.145729
Progress 920000000 0.145729 54.6172
Progress 930000000 0.145729 55.1288
Schedule 7 1 2 1 4 1 3 4 0.145729
Progress 940000000 0.145729 56.2402
Progress 950000000 0.145729 56.9806
Schedule 7 1 2 3 1 4 1 4 0.145729
Progress 960000000 0.145729 57.4295
Schedule 7 1 2 4 1 3 1 4 0.145729
Progress 970000000 0.145729 57.8402
Progress 980000000 0.145729 58.6424
Schedule 7 1 2 4 1 4 1 3 0.145729
Progress 990000000 0.145729 59.1892
Progress 1000000000 0.145729 59.758
Schedule 7 1 1 1 1 4 4 4 0.145729
Progress 1010000000 0.145729 60.3792
Schedule 7 1 1 1 4 1 4 4 0.145729
Progress 1020000000 0.145729 60.8855
Progress 1030000000 0.145729 61.4016
Schedule 7 1 1 4 1 1 4 4 0.145729
Progress 1040000000 0.145729 61.9381
Progress 1050000000 0.145729 62.4557
Schedule 7 1 1 4 1 4 1 4 0.145729
Progress 1060000000 0.145729 63.0406
Progress 1070000000 0.145729 63.7556
Progress 1080000000 0.145729 64.673
Progress 1090000000 0.145729 65.5237
Progress 1100000000 0.145729 66.1985
Progress 1110000000 0.145729 66.7652
Progress 1120000000 0.145729 67.367
Progress 1130000000 0.145729 68.0916
Progress 1140000000 0.145729 68.7597
Progress 1150000000 0.145729 69.4039
Progress 1160000000 0.145729 69.9948
Progress 1170000000 0.145729 70.611
Progress 1180000000 0.145729 71.2922
Progress 1190000000 0.145729 71.9323
Progress 1200000000 0.145729 72.4843
Progress 1210000000 0.145729 73.0355
Progress 1220000000 0.145729 73.5916
Progress 1230000000 0.145729 74.142
Progress 1240000000 0.145729 74.8629
Progress 1250000000 0.145729 75.4094
Progress 1260000000 0.145729 76.0207
Progress 1270000000 0.145729 76.8712
Progress 1280000000 0.145729 77.6232
Progress 1290000000 0.145729 78.1764
Progress 1300000000 0.145729 78.8014
Progress 1310000000 0.145729 79.4451
Progress 1320000000 0.145729 80.0113
Schedule 8 1 1 1 1 3 3 3 3 0.145729
Progress 1330000000 0.145729 80.6241
Progress 1340000000 0.145729 81.3503
Progress 1350000000 0.145729 82.0388
Progress 1360000000 0.145729 82.7039
Progress 1370000000 0.145729 83.0978
Progress 1380000000 0.145729 83.5137
Progress 1390000000 0.145729 83.9891
Progress 1400000000 0.145729 84.7441
Progress 1410000000 0.145729 85.3098
Progress 1420000000 0.145729 85.9767
Progress 1430000000 0.145729 86.6475
Progress 1440000000 0.145729 87.2483
Progress 1450000000 0.145729 87.8447
Progress 1460000000 0.145729 88.4787
Progress 1470000000 0.145729 89.0536
Progress 1480000000 0.145729 89.6437
Progress 1490000000 0.145729 90.2987
Progress 1500000000 0.145729 90.8073
Progress 1510000000 0.145729 91.3031
Progress 1520000000 0.145729 91.9387
Progress 1530000000 0.145729 92.4587
Progress 1540000000 0.145729 92.9631
Progress 1550000000 0.145729 93.3621
Progress 1560000000 0.145729 93.7986
Progress 1570000000 0.145729 94.4268
Progress 1580000000 0.145729 95.3038
Progress 1590000000 0.145729 96.1758
Schedule 8 1 1 1 3 1 3 3 3 0.145729
Progress 1600000000 0.145729 97.1104
Progress 1610000000 0.145729 97.9428
Progress 1620000000 0.145729 98.7719
Progress 1630000000 0.145729 99.2811
Progress 1640000000 0.145729 99.772
Progress 1650000000 0.145729 100.418
Progress 1660000000 0.145729 101.054
Progress 1670000000 0.145729 101.647
Progress 1680000000 0.145729 102.555
Progress 1690000000 0.145729 103.469
Progress 1700000000 0.145729 104.343
Progress 1710000000 0.145729 105.242
Progress 1720000000 0.145729 105.825
Progress 1730000000 0.145729 106.745
Progress 1740000000 0.145729 107.477
Progress 1750000000 0.145729 108.024
Progress 1760000000 0.145729 108.609
Progress 1770000000 0.145729 109.14
Progress 1780000000 0.145729 109.679
Progress 1790000000 0.145729 110.223
Progress 1800000000 0.145729 110.732
Progress 1810000000 0.145729 111.229
Progress 1820000000 0.145729 111.73
Progress 1830000000 0.145729 112.42
Progress 1840000000 0.145729 113.166
Progress 1850000000 0.145729 113.858
Progress 1860000000 0.145729 114.455
Schedule 8 1 1 1 3 3 1 3 3 0.145729
Progress 1870000000 0.145729 115.015
Progress 1880000000 0.145729 115.406
Progress 1890000000 0.145729 115.914
Progress 1900000000 0.145729 116.591
Progress 1910000000 0.145729 117.252
Progress 1920000000 0.145729 118.003
Progress 1930000000 0.145729 118.524
Progress 1940000000 0.145729 119.122
Progress 1950000000 0.145729 119.703
Progress 1960000000 0.145729 120.231
Progress 1970000000 0.145729 120.611
Progress 1980000000 0.145729 121.053
Progress 1990000000 0.145729 121.512
Progress 2000000000 0.145729 121.982
Progress 2010000000 0.145729 122.361
Progress 2020000000 0.145729 122.726
Progress 2030000000 0.145729 123.155
Progress 2040000000 0.145729 123.955
Progress 2050000000 0.145729 124.563
Progress 2060000000 0.145729 125.137
Progress 2070000000 0.145729 125.625
Progress 2080000000 0.145729 126.016
Progress 2090000000 0.145729 126.403
Progress 2100000000 0.145729 126.796
Progress 2110000000 0.145729 127.305
Progress 2120000000 0.145729 127.83
Progress 2130000000 0.145729 128.758
Schedule 8 1 1 3 1 1 3 3 3 0.145729
Progress 2140000000 0.145729 129.46
Progress 2150000000 0.145729 130.035
Progress 2160000000 0.145729 130.423
Progress 2170000000 0.145729 130.935
Progress 2180000000 0.145729 131.378
Progress 2190000000 0.145729 131.81
Progress 2200000000 0.145729 132.365
Progress 2210000000 0.145729 132.926
Progress 2220000000 0.145729 133.335
Progress 2230000000 0.145729 133.881
Progress 2240000000 0.145729 134.363
Progress 2250000000 0.145729 134.831
Progress 2260000000 0.145729 135.352
Progress 2270000000 0.145729 135.83
Progress 2280000000 0.145729 136.383
Progress 2290000000 0.145729 136.862
Progress 2300000000 0.145729 137.338
Progress 2310000000 0.145729 137.721
Progress 2320000000 0.145729 138.135
Progress 2330000000 0.145729 138.593
Progress 2340000000 0.145729 139.431
Progress 2350000000 0.145729 140.273
Progress 2360000000 0.145729 141.023
Progress 2370000000 0.145729 141.499
Progress 2380000000 0.145729 142.011
Progress 2390000000 0.145729 142.702
Progress 2400000000 0.145729 143.174
Schedule 8 1 1 3 1 3 1 3 3 0.145729
Progress 2410000000 0.145729 143.729
Progress 2420000000 0.145729 144.318
Progress 2430000000 0.145729 145.301
Progress 2440000000 0.145729 146.133
Progress 2450000000 0.145729 146.707
Progress 2460000000 0.145729 147.183
Progress 2470000000 0.145729 147.649
Progress 2480000000 0.145729 148.076
Progress 2490000000 0.145729 148.839
Progress 2500000000 0.145729 149.753
Progress 2510000000 0.145729 150.659
Progress 2520000000 0.145729 151.048
Progress 2530000000 0.145729 151.406
Progress 2540000000 0.145729 151.773
Progress 2550000000 0.145729 152.162
Progress 2560000000 0.145729 152.62
Progress 2570000000 0.145729 153.462
Progress 2580000000 0.145729 153.971
Progress 2590000000 0.145729 154.861
Progress 2600000000 0.145729 155.646
Progress 2610000000 0.145729 156.239
Progress 2620000000 0.145729 156.885
Progress 2630000000 0.145729 157.367
Progress 2640000000 0.145729 157.831
Progress 2650000000 0.145729 158.39
Progress 2660000000 0.145729 158.867
Progress 2670000000 0.145729 159.345
Schedule 8 1 1 3 1 3 3 1 3 0.145729
Progress 2680000000 0.145729 159.908
Progress 2690000000 0.145729 160.511
Progress 2700000000 0.145729 161.032
Progress 2710000000 0.145729 161.733
Progress 2720000000 0.145729 162.425
Progress 2730000000 0.145729 163.044
Progress 2740000000 0.145729 163.584
Progress 2750000000 0.145729 164.139
Progress 2760000000 0.145729 164.635
Progress 2770000000 0.145729 165.138
Progress 2780000000 0.145729 165.762
Progress 2790000000 0.145729 166.468
Progress 2800000000 0.145729 166.981
Progress 2810000000 0.145729 167.465
Progress 2820000000 0.145729 168.166
Progress 2830000000 0.145729 168.81
Progress 2840000000 0.145729 169.451
Progress 2850000000 0.145729 170.139
Progress 2860000000 0.145729 170.737
Progress 2870000000 0.145729 171.275
Progress 2880000000 0.145729 171.901
Progress 2890000000 0.145729 172.446
Progress 2900000000 0.145729 173.06
Progress 2910000000 0.145729 173.757
Progress 2920000000 0.145729 174.532
Progress 2930000000 0.145729 175.277
Progress 2940000000 0.145729 176.108
Schedule 8 1 1 3 3 1 1 3 3 0.145729
Progress 2950000000 0.145729 177.007
Progress 2960000000 0.145729 177.654
Progress 2970000000 0.145729 178.265
Progress 2980000000 0.145729 178.84
Progress 2990000000 0.145729 179.271
Progress 3000000000 0.145729 179.616
Progress 3010000000 0.145729 179.939
Progress 3020000000 0.145729 180.264

