Initial 0.07337805394142322
Progress 0 0 0.07337805394142322 0.0
Best 0.06961035307334792 0 401 seconds 5.6
Best 0.06638742789430918 0 460 seconds 6.4
Progress 0 500 0.06638742789430918 6.9
Best 0.06251069091503604 0 748 seconds 10.4
Progress 0 1000 0.06251069091503604 14.1
Progress 0 1500 0.06251069091503604 20.8
Progress 0 2000 0.06251069091503604 28.4
Best 0.05877554523821197 0 2289 seconds 33.1
Progress 0 2500 0.05877554523821197 35.8
Best 0.05877554523820794 0 2804 seconds 40.3
Progress 0 3000 0.05877554523821197 42.9
Progress 0 3500 0.05877554523821197 50.4
Best 0.05877554523819551 0 3840 seconds 55.9
Progress 1 0 0.05877554523819551 58.2
Progress 1 500 0.05877554523819551 66.1
Progress 1 1000 0.05877554523819551 73.0
Progress 1 1500 0.05877554523819551 80.1
Progress 1 2000 0.05877554523819551 87.7
Progress 1 2500 0.05877554523819551 94.8
Progress 1 3000 0.05877554523819551 101.1
Progress 1 3500 0.05877554523819551 107.6
Progress 2 0 0.05877554523819551 114.4
Progress 2 500 0.05877554523819551 121.8
Progress 2 1000 0.05877554523819551 129.4
Progress 2 1500 0.05877554523819551 137.8
Progress 2 2000 0.05877554523819551 146.0
Progress 2 2500 0.05877554523819551 155.9
Progress 2 3000 0.05877554523819551 166.9
Progress 2 3500 0.05877554523819551 174.9
Progress 3 0 0.05877554523819551 182.9
Progress 3 500 0.05877554523819551 193.8
Progress 3 1000 0.05877554523819551 212.5
Progress 3 1500 0.05877554523819551 220.7
Progress 3 2000 0.05877554523819551 227.8
Progress 3 2500 0.05877554523819551 236.7
Progress 3 3000 0.05877554523819551 246.1
Progress 3 3500 0.05877554523819551 254.8
Progress 4 0 0.05877554523819551 261.7
Progress 4 500 0.05877554523819551 269.3
Progress 4 1000 0.05877554523819551 279.1
Progress 4 1500 0.05877554523819551 287.8
Progress 4 2000 0.05877554523819551 296.2
Progress 4 2500 0.05877554523819551 303.9
Progress 4 3000 0.05877554523819551 311.4
Progress 4 3500 0.05877554523819551 317.7
Progress 5 0 0.05877554523819551 325.8
Progress 5 500 0.05877554523819551 332.0
Progress 5 1000 0.05877554523819551 337.6
Progress 5 1500 0.05877554523819551 344.5
Progress 5 2000 0.05877554523819551 350.8
Progress 5 2500 0.05877554523819551 357.3
Progress 5 3000 0.05877554523819551 364.0
Progress 5 3500 0.05877554523819551 371.5
Progress 6 0 0.05877554523819551 379.1
Progress 6 500 0.05877554523819551 388.5
Progress 6 1000 0.05877554523819551 396.6
Progress 6 1500 0.05877554523819551 405.2
Progress 6 2000 0.05877554523819551 413.2
Progress 6 2500 0.05877554523819551 419.9
