INITIAL 24 0.189969546339378
BEST 24 loss 0.189969546339378 fidelity 0.8190525607947192
ITER 0 loss 0.1872907864914355 best 0.189969546339378 seconds 1.6068282200722024
BEST 24 loss 0.1872907864914355 fidelity 0.8214786731847097
ITER 1 loss 0.18088207394838302 best 0.1872907864914355 seconds 4.060115094995126
BEST 24 loss 0.18088207394838302 fidelity 0.8272975072205841
ITER 2 loss 0.17567294684556153 best 0.18088207394838302 seconds 5.924224804970436
BEST 24 loss 0.17567294684556153 fidelity 0.8320422992177893
ITER 3 loss 0.1724353880985174 best 0.17567294684556153 seconds 7.946152579039335
BEST 24 loss 0.1724353880985174 fidelity 0.8349981026686542
ITER 4 loss 0.17224215919335373 best 0.1724353880985174 seconds 9.12855931604281
BEST 24 loss 0.17224215919335373 fidelity 0.8351746811575435
ITER 5 loss 0.17224215919327338 best 0.17224215919335373 seconds 10.970700124977157
BEST 24 loss 0.17224215919327338 fidelity 0.8351746811576168
ITER 6 loss 0.1722421591931508 best 0.17224215919327338 seconds 14.476786436047405
BEST 24 loss 0.1722421591931508 fidelity 0.8351746811577289
ITER 7 loss 0.1722421591931508 best 0.1722421591931508 seconds 16.587017485988326
ITER 8 loss 0.1722421591933124 best 0.1722421591931508 seconds 18.829957236070186
ITER 9 loss 0.3982024875229724 best 0.1722421591931508 seconds 21.07268520607613
ITER 10 loss 0.2019785433370068 best 0.1722421591931508 seconds 24.226488273008727
ITER 11 loss 0.1722421591932529 best 0.1722421591931508 seconds 26.344809401081875
ITER 12 loss 0.1722421591931459 best 0.1722421591931508 seconds 28.129563170019537
BEST 24 loss 0.1722421591931459 fidelity 0.8351746811577334
ITER 13 loss 0.17224215919312766 best 0.1722421591931459 seconds 30.178866093046963
BEST 24 loss 0.17224215919312766 fidelity 0.83517468115775
ITER 14 loss 0.1722421591931244 best 0.17224215919312766 seconds 32.45688295806758
BEST 24 loss 0.1722421591931244 fidelity 0.835174681157753
ITER 15 loss 0.17224215919326707 best 0.1722421591931244 seconds 33.80643603100907
ITER 16 loss 0.3583615661290305 best 0.1722421591931244 seconds 35.797273988020606
ITER 17 loss 0.2284350786764839 best 0.1722421591931244 seconds 38.58328282798175
ITER 18 loss 0.17224215919321434 best 0.1722421591931244 seconds 40.7651960629737
ITER 19 loss 0.17224215919321434 best 0.1722421591931244 seconds 43.58218534698244
ITER 20 loss 0.17243538809860176 best 0.1722421591931244 seconds 45.14285033696797
ITER 21 loss 0.17224215919335367 best 0.1722421591931244 seconds 47.161222517024726
ITER 22 loss 0.17224215919316463 best 0.1722421591931244 seconds 48.54777924704831
ITER 23 loss 0.17224215919313107 best 0.1722421591931244 seconds 50.24667077907361
ITER 24 loss 0.1722421591931251 best 0.1722421591931244 seconds 52.04328835604247
ITER 25 loss 0.17224215919312402 best 0.1722421591931244 seconds 54.48107844800688
BEST 24 loss 0.17224215919312402 fidelity 0.8351746811577534
ITER 26 loss 0.46423269858729593 best 0.17224215919312402 seconds 56.271754215005785
ITER 27 loss 0.21838778547851623 best 0.17224215919312402 seconds 60.25679859297816
ITER 28 loss 0.17224215919323788 best 0.17224215919312402 seconds 62.108403544989415
ITER 29 loss 0.17224215919314356 best 0.17224215919312402 seconds 63.28873315907549
ITER 30 loss 0.17224215919312724 best 0.17224215919312402 seconds 64.85141806199681
ITER 31 loss 0.17224215919312438 best 0.17224215919312402 seconds 66.15750903799199
ITER 32 loss 0.17224215919312438 best 0.17224215919312402 seconds 67.86577034497168
ITER 33 loss 0.353785944504139 best 0.17224215919312402 seconds 70.03123133804183
ITER 34 loss 0.17224215919319258 best 0.17224215919312402 seconds 74.24524439207744
ITER 35 loss 0.17224215919346791 best 0.17224215919312402 seconds 76.26933320704848
ITER 36 loss 0.17224215919318528 best 0.17224215919312402 seconds 79.80379598098807
ITER 37 loss 0.17224215919325192 best 0.17224215919312402 seconds 85.77588745998219
ITER 38 loss 0.1722421591931468 best 0.17224215919312402 seconds 88.52556474704761
ITER 39 loss 0.1702013556205795 best 0.17224215919312402 seconds 90.23867282806896
BEST 24 loss 0.1702013556205795 fidelity 0.8370407697431913
ITER 40 loss 0.1702013556204052 best 0.1702013556205795 seconds 91.68258099304512
BEST 24 loss 0.1702013556204052 fidelity 0.8370407697433507
ITER 41 loss 0.17322982379060317 best 0.1702013556204052 seconds 94.1848189290613
ITER 42 loss 0.170201355620436 best 0.1702013556204052 seconds 95.89326684502885
