STAGE legacy_seed ALLOWANCE 3.0
seed joint_01 1e-07 [(0, 0.8885755), (9, 0.2706534), (45, 0.2172854), (46, 0.2103523), (10, 0.2024469), (52, 0.2013576), (78, 0.2007914), (11, 0.2007599), (12, 0.1915032), (53, 0.1786691), (8, 0.1675162), (89, 0.1554214), (83, 0.1464913), (13, 0.1463297), (63, 0.1389254), (49, 0.1385892), (71, 0.137742), (7, 0.1315017), (14, 0.1274152), (73, 0.1247265), (15, 0.1233668), (18, 0.1225124), (16, 0.1194642)]
joint_01 best 0.006294223774036544 trace 6.838617939671542 support [0, 7, 8, 9, 10, 11, 12, 13, 45, 46, 49, 52, 53, 63, 71, 78, 83, 89]
seed joint_01 1e-09 [(0, 0.8885755), (9, 0.2706534), (45, 0.2172854), (46, 0.2103523), (10, 0.2024469), (52, 0.2013576), (78, 0.2007914), (11, 0.2007599), (12, 0.1915032), (53, 0.1786691), (8, 0.1675162), (89, 0.1554214), (83, 0.1464913), (13, 0.1463297), (63, 0.1389254), (49, 0.1385892), (71, 0.137742), (7, 0.1315017), (14, 0.1274152), (73, 0.1247265), (15, 0.1233668), (18, 0.1225124), (16, 0.1194642)]
seed joint_01 1e-05 [(0, 0.8885755), (9, 0.2706534), (45, 0.2172854), (46, 0.2103523), (10, 0.2024469), (52, 0.2013576), (78, 0.2007914), (11, 0.2007599), (12, 0.1915032), (53, 0.1786691), (8, 0.1675162), (89, 0.1554214), (83, 0.1464913), (13, 0.1463297), (63, 0.1389254), (49, 0.1385892), (71, 0.137742), (7, 0.1315017), (14, 0.1274152), (73, 0.1247265), (15, 0.1233668), (18, 0.1225124), (16, 0.1194642)]
seed joint_01 1e-11 [(0, 0.8885755), (9, 0.2706534), (45, 0.2172854), (46, 0.2103523), (10, 0.2024469), (52, 0.2013576), (78, 0.2007914), (11, 0.2007599), (12, 0.1915032), (53, 0.1786691), (8, 0.1675162), (89, 0.1554214), (83, 0.1464913), (13, 0.1463297), (63, 0.1389254), (49, 0.1385892), (71, 0.137742), (7, 0.1315017), (14, 0.1274152), (73, 0.1247265), (15, 0.1233668), (18, 0.1225124), (16, 0.1194642)]
seed joint_01 0.001 [(0, 0.8886903), (89, 0.2648985), (17, 0.22153), (40, 0.217765), (52, 0.2158425), (10, 0.1900271), (9, 0.1853573), (37, 0.1853153), (83, 0.1808553), (78, 0.1736886), (11, 0.1730913), (8, 0.1715633), (71, 0.1606116), (12, 0.1578017), (63, 0.1549393), (7, 0.1498947), (45, 0.1490054), (49, 0.1485259), (14, 0.1471518), (13, 0.1450461), (73, 0.1436289), (15, 0.1427243), (6, 0.1228107)]
joint_01 best 0.0056482631165019155 trace 6.7496407028912415 support [0, 7, 8, 9, 10, 11, 12, 17, 37, 40, 45, 49, 52, 63, 71, 78, 83, 89]
seed joint_01 1e-13 [(0, 0.8885755), (9, 0.2706534), (45, 0.2172854), (46, 0.2103523), (10, 0.2024469), (52, 0.2013576), (78, 0.2007914), (11, 0.2007599), (12, 0.1915032), (53, 0.1786691), (8, 0.1675162), (89, 0.1554214), (83, 0.1464913), (13, 0.1463297), (63, 0.1389254), (49, 0.1385892), (71, 0.137742), (7, 0.1315017), (14, 0.1274152), (73, 0.1247265), (15, 0.1233668), (18, 0.1225124), (16, 0.1194642)]
seed joint_01 1.0 [(0, 0.8917296), (40, 0.2979233), (89, 0.2515912), (17, 0.2156854), (45, 0.1443208), (1, 0.1416075), (14, 0.1366517), (95, 0.1344374), (2, 0.1309414), (3, 0.1260778), (4, 0.1232878), (5, 0.1213773), (13, 0.120121), (6, 0.119854), (12, 0.1192387), (49, 0.1186752), (7, 0.1186041), (8, 0.1176386), (11, 0.1176097), (78, 0.1175945), (37, 0.1169383), (9, 0.1169366), (73, 0.1168108)]
BEST joint_01 0.0056482631165019155 trace 6.7496407028912415 support [0, 7, 8, 9, 10, 11, 12, 17, 37, 40, 45, 49, 52, 63, 71, 78, 83, 89]
STAGE whitened_seed ALLOWANCE 9.0
BEST joint_01 0.0056482631165019155 trace 6.7496407028912415 support [0, 7, 8, 9, 10, 11, 12, 17, 37, 40, 45, 49, 52, 63, 71, 78, 83, 89]
SEED joint_01 1e-07 [(0, 0.8883520245682398), (8, 0.8692921898129689), (13, 0.8587492128217085), (18, 0.7609656130613331), (5, 0.5843060537103913), (23, 0.44587682993729083), (77, 0.4034154279338047), (53, 0.36449731620920034), (45, 0.2645446075438853), (46, 0.24093046841464494), (52, 0.21927232370482216), (28, 0.1497472033941904), (57, 0.1411212099904252), (1, 0.12476471300060168), (63, 0.121577477272626), (82, 0.054884630892126855)]
BEST joint_01 0.00019960775515649132 trace 6.6783498108418895 support [ 0  5  8 13 18 23 40 45 46 52 53 57 63 77 82 87 94 95]
BEST joint_01 0.00018990997969717624 trace 6.676862793068188 support [ 0  5  8 13 18 23 40 45 46 52 53 57 63 77 82 87 94 95]
SEED joint_01 1e-09 [(0, 0.8883520245682398), (8, 0.8692921898129689), (13, 0.8587492128217085), (18, 0.7609656130613331), (5, 0.5843060537103913), (23, 0.44587682993729083), (77, 0.4034154279338047), (53, 0.36449731620920034), (45, 0.2645446075438853), (46, 0.24093046841464494), (52, 0.21927232370482216), (28, 0.1497472033941904), (57, 0.1411212099904252), (1, 0.12476471300060168), (63, 0.121577477272626), (82, 0.054884630892126855)]
SEED joint_01 1e-11 [(0, 0.8883520245682398), (8, 0.8692921898129689), (13, 0.8587492128217085), (18, 0.7609656130613331), (5, 0.5843060537103913), (23, 0.44587682993729083), (77, 0.4034154279338047), (53, 0.36449731620920034), (45, 0.2645446075438853), (46, 0.24093046841464494), (52, 0.21927232370482216), (28, 0.1497472033941904), (57, 0.1411212099904252), (1, 0.12476471300060168), (63, 0.121577477272626), (82, 0.054884630892126855)]
SEED joint_01 1e-05 [(0, 0.8883520245682398), (8, 0.8692921898129689), (13, 0.8587492128217085), (18, 0.7609656130613331), (5, 0.5843060537103913), (23, 0.44587682993729083), (77, 0.4034154279338047), (53, 0.36449731620920034), (45, 0.2645446075438853), (46, 0.24093046841464494), (52, 0.21927232370482216), (28, 0.1497472033941904), (57, 0.1411212099904252), (1, 0.12476471300060168), (63, 0.121577477272626), (82, 0.054884630892126855)]
SEED joint_01 1e-13 [(0, 0.8883520245682398), (8, 0.8692921898129689), (13, 0.8587492128217085), (18, 0.7609656130613331), (5, 0.5843060537103913), (23, 0.44587682993729083), (77, 0.4034154279338047), (53, 0.36449731620920034), (45, 0.2645446075438853), (46, 0.24093046841464494), (52, 0.21927232370482216), (28, 0.1497472033941904), (57, 0.1411212099904252), (1, 0.12476471300060168), (63, 0.121577477272626), (82, 0.054884630892126855)]
SEED joint_01 1e-06 [(0, 0.8883520245682398), (8, 0.8692921898129689), (13, 0.8587492128217085), (18, 0.7609656130613331), (5, 0.5843060537103913), (23, 0.44587682993729083), (77, 0.4034154279338047), (53, 0.36449731620920034), (45, 0.2645446075438853), (46, 0.24093046841464494), (52, 0.21927232370482216), (28, 0.1497472033941904), (57, 0.1411212099904252), (1, 0.12476471300060168), (63, 0.121577477272626), (82, 0.054884630892126855)]
SEED joint_01 1e-08 [(0, 0.8883520245682398), (8, 0.8692921898129689), (13, 0.8587492128217085), (18, 0.7609656130613331), (5, 0.5843060537103913), (23, 0.44587682993729083), (77, 0.4034154279338047), (53, 0.36449731620920034), (45, 0.2645446075438853), (46, 0.24093046841464494), (52, 0.21927232370482216), (28, 0.1497472033941904), (57, 0.1411212099904252), (1, 0.12476471300060168), (63, 0.121577477272626), (82, 0.054884630892126855)]
SEED joint_01 1e-10 [(0, 0.8883520245682398), (8, 0.8692921898129689), (13, 0.8587492128217085), (18, 0.7609656130613331), (5, 0.5843060537103913), (23, 0.44587682993729083), (77, 0.4034154279338047), (53, 0.36449731620920034), (45, 0.2645446075438853), (46, 0.24093046841464494), (52, 0.21927232370482216), (28, 0.1497472033941904), (57, 0.1411212099904252), (1, 0.12476471300060168), (63, 0.121577477272626), (82, 0.054884630892126855)]
CONT 0.001 0.022095646354511677
CONT 0.0001 0.10603350235735354
CONT 1e-05 0.22986779887989053
CONT 1e-06 0.34445028780355375
CONT 1e-07 0.34445028780355985
BEST joint_01 0.00018236196635980595 trace 6.66839477293978 support [ 0  5  8 13 18 23 40 45 46 52 53 57 63 77 82 87 94 95]
CONT 1e-08 0.23305773438898394
CONT 1e-09 0.23305773438898633
BEST joint_01 0.00016612813041021906 trace 6.667550799788501 support [ 0  5  8 13 18 23 39 40 45 46 52 53 63 77 82 87 94 95]
BEST joint_01 0.0001295508183488577 trace 6.658619648528555 support [ 0  5  8 13 20 23 39 40 45 46 52 53 63 77 82 87 94 95]
BEST joint_01 0.00010247584474058762 trace 6.655016086829696 support [ 0  5  8 13 23 29 39 40 45 46 52 53 63 77 82 87 94 95]
BEST joint_01 9.370256602911234e-05 trace 6.655228086369877 support [ 0  5  8 13 23 29 39 40 45 46 53 58 63 77 82 87 94 95]
BEST joint_01 8.385515459979312e-05 trace 6.654880861416918 support [ 0  5 11 13 23 29 39 40 45 46 53 58 63 77 82 87 94 95]
BEST joint_01 8.383786667552668e-05 trace 6.654881264945891 support [ 0  5 11 13 23 29 39 40 45 46 53 63 77 82 87 88 94 95]
BEST joint_01 7.669102146700321e-05 trace 6.656770848510577 support [ 0  5 11 19 23 29 39 40 45 46 53 63 76 77 82 87 94 95]
BEST joint_01 5.601008938801999e-05 trace 6.655690628794277 support [ 0  5 11 19 23 29 39 40 45 46 53 63 69 76 77 82 94 95]
BEST joint_01 5.504369514172658e-05 trace 6.652330090884925 support [ 0  5 11 19 23 29 39 40 45 46 53 63 76 77 82 93 94 95]
STAGE_ERROR whitened_seed StageTimeout stage allowance exhausted
BEST joint_01 5.504369514172658e-05 trace 6.652330090884925 support [0, 5, 11, 19, 23, 29, 39, 40, 45, 46, 53, 63, 76, 77, 82, 93, 94, 95]
STAGE discrete_improve ALLOWANCE 9.0
BEST joint_01 5.504369514172658e-05 trace 6.652330090884925 support [0, 5, 11, 19, 23, 29, 39, 40, 45, 46, 53, 63, 76, 77, 82, 93, 94, 95]
BEST joint_01 5.495732195890761e-05 trace 6.6523135760502905 support [ 0  5 11 19 23 29 39 40 45 46 53 63 76 77 82 93 94 95]
CONT 0.001 0.012035382968135316
CONT 0.0001 0.0646979650957607
CONT 1e-05 0.1419832576052718
CONT 1e-06 0.14511342750686454
CONT 1e-07 0.14511342750694275
CONT 1e-08 0.14511342750691975
CONT 1e-09 0.14511342750692477
BEST joint_01 5.2530867926138986e-05 trace 6.651980534250497 support [ 0  5 11 17 23 29 39 40 45 46 53 63 76 77 82 93 94 95]
BEST joint_01 4.6100467206526094e-05 trace 6.652277760887782 support [ 0  5 11 17 23 30 40 45 46 53 63 75 76 77 82 93 94 95]
BEST joint_01 4.591771008518231e-05 trace 6.651860654974857 support [ 0  5 11 14 23 30 40 45 46 53 63 75 76 77 82 93 94 95]
BEST joint_01 4.591768608078457e-05 trace 6.651860657932693 support [ 0  5 11 14 23 30 40 45 46 53 63 76 77 82 87 93 94 95]
BEST joint_01 4.581749685891165e-05 trace 6.651800193032994 support [ 0  5 11 13 23 30 40 45 46 53 63 76 77 82 87 93 94 95]
STAGE_ERROR discrete_improve StageTimeout stage allowance exhausted
BEST joint_01 4.581749685891165e-05 trace 6.651800193032994 support [0, 5, 11, 13, 23, 30, 40, 45, 46, 53, 63, 76, 77, 82, 87, 93, 94, 95]
STAGE continuous ALLOWANCE 41.04151231597643
BEST joint_01 4.581749685891165e-05 trace 6.651800193032994 support [ 0  5 11 13 23 30 40 45 46 53 63 76 77 82 87 93 94 95]
CONTINUOUS joint_01 0 0.0001 0.022370038439052452 1200 [(0, 1.511), (0, 3.327183), (0, 3.786914), (0, 3.817085), (0, 4.38779), (0, 5.417547), (6, 8.5075), (4, 7.735178), (6, 8.907698), (8, 12.349319), (4, 9.058462), (6, 10.634329), (8, 12.355364), (6, 7.40235), (4, 6.342394), (4, 5.678091), (6, 9.832156), (8, 13.265798)]
CONTINUOUS joint_01 0 1e-06 0.013163917967258095 1200 [(0, 1.511), (0, 3.313507), (0, 3.804185), (0, 3.793808), (0, 4.350673), (0, 5.457453), (6, 8.469393), (4, 7.08899), (6, 8.942277), (8, 12.349551), (4, 8.859227), (6, 10.69972), (8, 12.350627), (6, 8.071902), (4, 6.393285), (4, 5.43284), (6, 9.489949), (8, 13.262958)]
BEST joint_01 2.942123151226476e-05 trace 6.652747364872322 support [ 0  5 12 13 22 39 40 45 52 64 66 71 75 76 83 87 94 95]
CONTINUOUS joint_01 0 1e-08 0.013103250364131139 1200 [(0, 1.511), (0, 3.313433), (0, 3.804273), (0, 3.793666), (0, 4.350698), (0, 5.457427), (6, 8.469165), (4, 7.089006), (6, 8.942281), (8, 12.349536), (4, 8.859224), (6, 10.691459), (8, 12.35062), (6, 8.067088), (4, 6.393429), (4, 5.432731), (6, 9.492349), (8, 13.261599)]
BEST joint_01 2.9409284685819975e-05 trace 6.652747021915078 support [ 0  5 12 13 22 39 40 45 52 64 66 71 75 76 83 87 94 95]
CONTINUOUS joint_01 1 0.0001 0.0055203896221946306 1200 [(0, 1.511), (0, 3.309859), (0, 3.885986), (0, 3.698894), (0, 4.331944), (0, 5.52452), (6, 8.524468), (4, 7.365869), (6, 8.931227), (8, 12.34328), (4, 8.933194), (6, 10.785782), (8, 12.351177), (6, 7.848971), (4, 6.350812), (4, 5.409364), (6, 9.116791), (8, 13.068049)]
CONTINUOUS joint_01 1 1e-06 0.012194974308822581 1200 [(0, 1.511), (0, 3.30508), (0, 3.827042), (0, 3.763865), (0, 4.33376), (0, 5.466454), (6, 8.514426), (4, 7.087905), (6, 8.942684), (8, 12.346923), (4, 8.858136), (6, 10.759457), (8, 12.350013), (6, 7.897277), (4, 6.340373), (4, 5.392888), (6, 9.081112), (8, 13.081318)]
CONTINUOUS joint_01 1 1e-08 0.012196239352902401 1200 [(0, 1.511), (0, 3.305075), (0, 3.827024), (0, 3.763887), (0, 4.333762), (0, 5.466442), (6, 8.514434), (4, 7.087906), (6, 8.942684), (8, 12.346922), (4, 8.858137), (6, 10.759495), (8, 12.350013), (6, 7.897242), (4, 6.340353), (4, 5.392874), (6, 9.081109), (8, 13.079024)]
CONTINUOUS joint_01 2 0.0001 0.005031086570898776 1200 [(0, 1.511), (0, 3.306012), (0, 3.887488), (0, 3.714188), (0, 4.319808), (0, 5.512179), (6, 8.528164), (4, 7.363913), (6, 8.930685), (8, 12.336885), (4, 8.932797), (6, 10.780585), (8, 12.350906), (6, 7.652708), (4, 6.30928), (4, 5.376911), (6, 8.950532), (8, 12.860445)]
CONTINUOUS joint_01 2 1e-06 0.012223798816509722 1200 [(0, 1.511), (0, 3.302902), (0, 3.830895), (0, 3.766736), (0, 4.321842), (0, 5.466871), (6, 8.515511), (4, 7.087471), (6, 8.942653), (8, 12.344273), (4, 8.858131), (6, 10.777723), (8, 12.349699), (6, 7.677106), (4, 6.308235), (4, 5.367096), (6, 8.94269), (8, 12.869345)]
CONTINUOUS joint_01 2 1e-08 0.012223121934043832 1200 [(0, 1.511), (0, 3.302861), (0, 3.830613), (0, 3.767016), (0, 4.321869), (0, 5.466696), (6, 8.515546), (4, 7.087495), (6, 8.942646), (8, 12.344267), (4, 8.858149), (6, 10.778195), (8, 12.349698), (6, 7.676794), (4, 6.308093), (4, 5.366987), (6, 8.942683), (8, 12.867527)]
CONTINUOUS joint_01 3 0.0001 0.0054639638273554945 1200 [(0, 1.511), (0, 3.308785), (0, 3.742465), (0, 3.838455), (0, 4.323273), (0, 5.459293), (6, 8.505885), (4, 7.378621), (6, 8.928989), (8, 12.343283), (4, 8.942289), (6, 10.994187), (8, 12.34801), (6, 7.423934), (4, 6.339152), (4, 5.401349), (6, 8.931117), (8, 12.376502)]
CONTINUOUS joint_01 3 1e-06 0.01216559860534469 1200 [(0, 1.511), (0, 3.299633), (0, 3.815043), (0, 3.791837), (0, 4.324768), (0, 5.45805), (6, 8.503137), (4, 7.088762), (6, 8.94233), (8, 12.346072), (4, 8.859069), (6, 11.01978), (8, 12.348577), (6, 7.408051), (4, 6.302099), (4, 5.363678), (6, 8.942328), (8, 12.359915)]
CONTINUOUS joint_01 3 1e-08 0.012278542225034238 1200 [(0, 1.511), (0, 3.295711), (0, 3.817611), (0, 3.790602), (0, 4.329851), (0, 5.458524), (6, 8.504741), (4, 7.088502), (6, 8.942318), (8, 12.345841), (4, 8.859088), (6, 11.023172), (8, 12.348378), (6, 7.390253), (4, 6.290588), (4, 5.355399), (6, 8.94232), (8, 12.361089)]
CONTINUOUS joint_01 4 0.0001 0.0011126445249013048 1200 [(0, 1.511), (0, 3.307977), (0, 3.801757), (0, 3.796704), (0, 4.314988), (0, 5.438396), (6, 8.52473), (4, 7.323114), (6, 8.928562), (8, 10.654801), (4, 8.897927), (6, 11.033948), (8, 12.350027), (6, 7.55183), (4, 6.287682), (4, 5.36187), (6, 8.924241), (8, 12.450672)]
CONTINUOUS joint_01 4 1e-06 0.0017007279104589222 1200 [(0, 1.511), (0, 3.306596), (0, 3.832824), (0, 3.768316), (0, 4.328788), (0, 5.463836), (6, 8.511543), (4, 7.385879), (6, 9.017119), (8, 9.339016), (4, 8.851573), (6, 11.038202), (8, 12.350159), (6, 7.529449), (4, 6.268443), (4, 5.342227), (6, 8.649612), (8, 12.690394)]
CONTINUOUS joint_01 4 1e-08 0.0017014826592948523 1200 [(0, 1.511), (0, 3.30658), (0, 3.832884), (0, 3.768257), (0, 4.328811), (0, 5.463877), (6, 8.511546), (4, 7.385867), (6, 9.017127), (8, 9.339016), (4, 8.851566), (6, 11.038205), (8, 12.350159), (6, 7.529328), (4, 6.268402), (4, 5.342196), (6, 8.64968), (8, 12.6904)]
CONTINUOUS joint_01 5 0.0001 0.00041741782474933486 1200 [(0, 1.511), (0, 3.289497), (0, 3.862332), (0, 3.732262), (0, 4.347741), (0, 5.506651), (6, 8.523996), (4, 7.384614), (6, 8.973765), (8, 9.339014), (4, 8.870638), (6, 10.910274), (8, 12.350137), (6, 7.502557), (4, 6.22579), (4, 5.30765), (6, 8.762542), (8, 11.83346)]
BEST joint_01 1.509934363571991e-05 trace 6.654858196800611 support [ 0  4 12 14 22 40 45 46 52 53 57 58 59 64 66 69 75 83]
BEST joint_01 1.4350560464417372e-05 trace 6.65466625898762 support [ 0  4 12 14 22 40 45 46 52 53 57 58 59 64 66 69 75 83]
CONTINUOUS joint_01 5 1e-06 0.002370196377802872 1200 [(0, 1.511), (0, 3.289303), (0, 3.858667), (0, 3.735895), (0, 4.354268), (0, 5.498888), (6, 8.518385), (4, 7.359496), (6, 9.001523), (8, 9.339014), (4, 8.846069), (6, 10.914888), (8, 12.35021), (6, 7.505708), (4, 6.226087), (4, 5.307668), (6, 8.643698), (8, 11.842597)]
CONTINUOUS joint_01 5 1e-08 0.002374307579277193 1200 [(0, 1.511), (0, 3.289266), (0, 3.858582), (0, 3.735974), (0, 4.354364), (0, 5.49866), (6, 8.518365), (4, 7.360359), (6, 9.002032), (8, 9.339014), (4, 8.846136), (6, 10.915002), (8, 12.35021), (6, 7.505596), (4, 6.226055), (4, 5.307666), (6, 8.642375), (8, 11.842659)]
CONTINUOUS joint_01 6 0.0001 0.0004296297572660673 1200 [(0, 1.511), (0, 3.306355), (0, 4.160995), (0, 3.780035), (0, 4.319597), (0, 5.566108), (6, 8.533427), (4, 7.375765), (6, 8.963541), (8, 9.339025), (4, 8.866591), (6, 11.02883), (8, 12.349757), (6, 7.548334), (4, 6.235196), (4, 5.306678), (6, 9.016531), (8, 12.349646)]
CONTINUOUS joint_01 6 1e-06 0.002449122947209985 1200 [(0, 1.511), (0, 3.274779), (0, 3.941203), (0, 3.795936), (0, 4.469145), (0, 5.469204), (6, 8.508558), (4, 7.369425), (6, 8.924109), (8, 9.339014), (4, 8.84526), (6, 11.037004), (8, 12.350865), (6, 7.462894), (4, 6.203857), (4, 5.305484), (6, 9.213805), (8, 12.350843)]
STAGE_ERROR continuous StageTimeout stage allowance exhausted
BEST joint_01 1.4350560464417372e-05 trace 6.65466625898762 support [0, 4, 12, 14, 22, 40, 45, 46, 52, 53, 57, 58, 59, 64, 66, 69, 75, 83]
