{"cpu": 0.02429389999999998, "loss": 0.29070783141036594, "calls": 4, "status": "Optimization terminated successfully"}
{"name": "damping_2", "degree": 2, "baseline_log": 0.3257749695251746, "solution_log": 0.29070783141043854, "ratio": 1.0356892406885494, "cpu": 0.046565829999999975, "baseline_cpu": 0.011369359999999995}
{"cpu": 0.04276711000000005, "loss": 1.7824229546912158, "calls": 10, "status": "Optimization terminated successfully"}
{"name": "damping_24", "degree": 24, "baseline_log": 2.6141142876939156, "solution_log": 1.7824229547287658, "ratio": 2.2972007878412897, "cpu": 0.04289548999999998, "baseline_cpu": 0.021041260000000006}
{"cpu": 0.025656369999999873, "loss": 0.27119617322716594, "calls": 5, "status": "Optimization terminated successfully"}
{"name": "model_2", "degree": 2, "baseline_log": 0.3163980850852044, "solution_log": 0.2711961732371373, "ratio": 1.0462390866509141, "cpu": 0.025763329999999973, "baseline_cpu": 0.011237469999999972}
{"cpu": 0.07061476, "loss": 1.0389196323844982, "calls": 11, "status": "Optimization terminated successfully"}
{"name": "model_24", "degree": 24, "baseline_log": 1.164246364502894, "solution_log": 1.0389196323910994, "ratio": 1.1335187495444545, "cpu": 0.0707495800000002, "baseline_cpu": 0.03373764999999995}
{"cpu": 0.026893499999999904, "loss": 0.3199864713765832, "calls": 5, "status": "Optimization terminated successfully"}
{"name": "near_origin_2", "degree": 2, "baseline_log": 0.3405651767302822, "solution_log": 0.3199864809942179, "ratio": 1.0207918970520917, "cpu": 0.026986940000000015, "baseline_cpu": 0.010689989999999927}
{"cpu": 0.0871537899999999, "loss": 1.152128938229803, "calls": 19, "status": "Optimization terminated successfully"}
{"name": "near_origin_24", "degree": 24, "baseline_log": 1.3700661916085721, "solution_log": 1.152128938233768, "ratio": 1.243509039175468, "cpu": 0.08728148000000013, "baseline_cpu": 0.03208806999999991}
{"cpu": 0.026699040000000007, "loss": 0.3165698137610531, "calls": 5, "status": "Optimization terminated successfully"}
{"name": "separated_2", "degree": 2, "baseline_log": 0.34078238044227516, "solution_log": 0.31656981381622984, "ratio": 1.0245080709702852, "cpu": 0.026797310000000074, "baseline_cpu": 0.010326959999999996}
{"cpu": 0.05726905999999987, "loss": 1.2640466027619663, "calls": 11, "status": "Optimization terminated successfully"}
{"name": "separated_24", "degree": 24, "baseline_log": 1.4517105850842373, "solution_log": 1.2640466027874453, "ratio": 1.2064280660465099, "cpu": 0.0574369400000001, "baseline_cpu": 0.028048679999999937}
{"cpu": 0.019170780000000498, "loss": 7.626232425106545, "calls": 6, "status": "Optimization terminated successfully"}
{"name": "empty_wide_2", "degree": 2, "baseline_log": 7.694945146895106, "solution_log": 7.626232425114741, "ratio": 1.0711284530696552, "cpu": 0.0192961700000005, "baseline_cpu": 0.00398219000000033}
{"cpu": 0.030528569999999533, "loss": 27.00143614552612, "calls": 8, "status": "Optimization terminated successfully"}
{"name": "pole_count_2", "degree": 2, "baseline_log": 29.62327841768315, "solution_log": 27.001436145579163, "ratio": 13.761051849080284, "cpu": 0.03064213999999943, "baseline_cpu": 0.01111954000000015}
{"cpu": 0.031324679999999994, "loss": 0.23552682065610497, "calls": 10, "status": "Optimization terminated successfully"}
{"name": "clusters_2", "degree": 2, "baseline_log": 1.335133478039149, "solution_log": 6.521893980355816, "ratio": 0.005590086586967002, "cpu": 0.03144587000000065, "baseline_cpu": 0.009643330000000283}
{"cpu": 0.047843859999999516, "loss": 51.077092353707116, "calls": 22, "status": "Optimization terminated successfully"}
{"name": "empty_wide_12", "degree": 12, "baseline_log": 62.79709648480824, "solution_log": 51.07709235370724, "ratio": 123007.93335564782, "cpu": 0.04797069999999959, "baseline_cpu": 0.005091690000000426}
{"cpu": 0.11683313999999978, "loss": 128.06031484516527, "calls": 51, "status": "Optimization terminated successfully"}
{"name": "pole_count_12", "degree": 12, "baseline_log": 175.32595481856822, "solution_log": 128.06031484541134, "ratio": 3.3667170933037485e+20, "cpu": 0.11694498000000042, "baseline_cpu": 0.020234820000000653}
{"cpu": 0.33434792999999985, "loss": 9.182843008286769, "calls": 172, "status": "Optimization terminated successfully"}
{"name": "clusters_12", "degree": 12, "baseline_log": 10.185397778702978, "solution_log": 9.18284300828865, "ratio": 2.725235292922823, "cpu": 0.33447565999999984, "baseline_cpu": 0.020595940000000645}
