FOUND 603 seconds 0.5 count 1 [0.013421091034995003, 0.010044710836928594, 0.9944380272233058, 0.28545930441418216]
FOUND 2220 seconds 2.6 count 2 [0.0022017984470098823, 0.003816285746793824, 0.9994089999972504, 0.16979064672181501]
FOUND 2501 seconds 2.9 count 3 [0.003691127008477846, -0.013311741301647029, 0.988806706340897, 0.3274141441370628]
FOUND 5390 seconds 5.8 count 4 [0.0037443522368164417, 0.005874900006774819, 0.9990786864816803, 0.2101990541010157]
FOUND 5446 seconds 5.9 count 5 [0.00051005392639699, 0.02031263410470885, 0.986406372320076, 0.13594230884645195]
FOUND 5719 seconds 6.2 count 6 [0.026069978337232194, 0.002180123429063041, 0.9998645510226316, 0.3895734783563753]
FOUND 6981 seconds 7.6 count 7 [0.003063064405213443, 0.0024575099666468425, 0.9998277387345234, 0.2467088012660158]
FOUND 7159 seconds 7.8 count 8 [0.0013343994043370777, -0.009220232901269831, 0.9806763756578682, 0.08522952382797233]
FOUND 8349 seconds 9.0 count 9 [0.0005468457856702895, -0.00031356147374772547, 0.9996747577491303, 0.08156331586162892]
FOUND 8380 seconds 9.0 count 10 [0.007485792052223994, 0.007191059963119084, 0.984685244279083, 0.23000583671652158]
FOUND 8664 seconds 9.3 count 11 [0.1406949385177032, -0.0034461837445536325, 0.9994794740283128, 0.6081564410303564]
FOUND 9631 seconds 10.4 count 12 [0.0008082589039634658, 0.002375042139820316, 0.9995937611391219, 0.06414204386889742]
FOUND 9679 seconds 10.5 count 13 [0.002618580891637696, 0.052098536941684426, 0.9826595619221062, 0.2471666638920473]
FOUND 11426 seconds 12.9 count 14 [0.141211650648865, -0.0036940345076423853, 0.9997180363057492, 0.9652431794046757]
FOUND 12998 seconds 14.7 count 15 [0.015226943964660997, 0.01575286718981861, 0.9982624609808763, 0.33610819521097957]
FOUND 13144 seconds 14.7 count 16 [0.023327688985114704, 0.025377516261752664, 0.990332961423205, 0.2286304047529469]
FOUND 13343 seconds 15.4 count 17 [0.08772304609350798, 0.006929390765150423, 0.9988327558907591, 0.33390272990721737]
FOUND 15919 seconds 18.4 count 18 [0.08485123570216388, 0.027227690038048813, 0.9887046377786564, 0.3481014021072819]
FOUND 16111 seconds 18.7 count 19 [0.0004968082921941175, 0.010858958922968842, 0.9935707368104744, 0.12199882873435014]
FOUND 16369 seconds 18.9 count 20 [0.007727297394152626, 0.010542711413870975, 0.9948394097930288, 0.29617649510102684]
FOUND 16955 seconds 19.5 count 21 [0.022851794969082295, 0.011178951840671747, 0.994335423481149, 0.23128732949681177]
FOUND 17596 seconds 20.2 count 22 [0.0024447379784633405, -0.0003523874414472772, 0.9999962315612795, 0.19825553882965874]
FOUND 17990 seconds 20.7 count 23 [0.1528882179359914, -0.01314259567784859, 0.9935852640111231, 0.8001739447825996]
FOUND 18129 seconds 20.9 count 24 [0.001254806847323392, 0.005611220745630696, 0.9982917251545682, 0.09515087377291062]
FOUND 18375 seconds 21.1 count 25 [0.0002347988396484979, 0.010225706558629977, 0.9954146390976505, 0.0330217048943298]
FOUND 19314 seconds 22.1 count 26 [0.010616047767467052, 0.0004667772568329731, 0.999872618247344, 0.2621225844219363]
FOUND 19879 seconds 22.7 count 27 [0.0033774134944737355, 0.017762066174943136, 0.9802314929195773, 0.15493046808787944]
FOUND 21315 seconds 24.0 count 28 [0.0009583946538171961, 0.015411232901078264, 0.9936631549490058, 0.09935769283411638]
FOUND 21610 seconds 24.3 count 29 [0.0016642048396963345, 0.0037437012433816363, 0.9979757950172274, 0.21881742753577993]
FOUND 24024 seconds 26.7 count 30 [0.0028025268246020824, 0.0027568209895454387, 0.9934449735474771, 0.09795723113888699]
FOUND 24941 seconds 27.5 count 31 [0.006762486858009216, 0.015410042254856204, 0.9928065375851733, 0.458951533631363]
FOUND 25340 seconds 28.0 count 32 [0.012781272175888425, 0.0047165694813267045, 0.9997910411607467, 0.20354314356471034]
FOUND 25347 seconds 28.0 count 33 [0.007446573861366826, 0.006677556856130362, 0.9928878355143144, 0.18386004208406503]
FOUND 25441 seconds 28.1 count 34 [0.0041640024759073135, 0.000878004893225981, 0.999834893936909, 0.11979714200956389]
FOUND 26565 seconds 29.2 count 35 [0.0017036626174267296, -0.010128350441797274, 0.9871385029696294, 0.28665392093606534]
FOUND 27711 seconds 30.3 count 36 [0.00020473806709664366, 0.003931635446972059, 0.9995491530706998, 0.05032846559036464]
FOUND 28641 seconds 31.3 count 37 [0.00873532404831412, 0.015486210238913944, 0.997124242231792, 0.42882031704746765]
FOUND 28883 seconds 31.6 count 38 [0.027384372777228494, -0.005630544211323141, 0.9994422715359873, 0.38141657856123484]
FOUND 29749 seconds 32.4 count 39 [0.0032444477612820766, -0.008436993005470406, 0.99698884871295, 0.1544872571919518]
FOUND 30152 seconds 32.8 count 40 [0.01492299849527745, 0.017053006591207787, 0.9905164762206916, 0.20998980985739457]
FOUND 30756 seconds 33.4 count 41 [0.041285292824565945, 0.005371835400314939, 0.997116919746004, 0.4019355926104002]
FOUND 30864 seconds 33.5 count 42 [0.007572853303492666, 0.05747509965098874, 0.9871188764563469, 0.19755215911425633]
FOUND 31200 seconds 33.8 count 43 [0.017590800141676428, -0.021327095675176988, 0.9931865862866938, 0.38519281983655107]
FOUND 32217 seconds 34.7 count 44 [0.0730987512152921, -0.01015162373453915, 0.9875821157166165, 0.4743145992900974]
FOUND 32923 seconds 35.3 count 45 [0.09830694054378301, 0.003447286940839067, 0.9976958653588982, 0.5479159651620328]
FOUND 34023 seconds 36.3 count 46 [0.01039172511853348, 0.01317406064678206, 0.9823665421567529, 0.3527927780212493]
FOUND 34249 seconds 36.7 count 47 [0.019659704108221154, -0.008241745404616196, 0.9944920221039233, 0.4496667275741268]
FOUND 34577 seconds 37.1 count 48 [0.0013483123468667202, 0.001801527807540726, 0.9997793249367058, 0.19382107546755378]
FOUND 35009 seconds 37.6 count 49 [0.05737344191312571, -0.03152954507933048, 0.9944898214877976, 0.2832265608737095]
FOUND 35094 seconds 37.7 count 50 [0.12492288071433477, -0.021750168434640837, 0.987063714998039, 0.7796393623919257]
FOUND 35856 seconds 38.3 count 51 [0.010669043354190933, 0.03999505222258226, 0.9868786480880043, 0.4348766276154646]
FOUND 36027 seconds 38.5 count 52 [0.03644293372580726, 0.0099582838059038, 0.9990474140809132, 0.36978009294478575]
FOUND 36299 seconds 38.8 count 53 [0.0013082248068405633, 0.01909158254768961, 0.9830463482188686, 0.2970456130084769]
FOUND 38007 seconds 40.6 count 54 [0.011545519575418828, 0.006317731902729218, 0.9976871530130582, 0.22958925079996836]
FOUND 38818 seconds 41.5 count 55 [0.0013087924266988174, 0.016138597366086138, 0.984184938873514, 0.25587623614504035]
FOUND 38841 seconds 41.5 count 56 [0.19250267048226624, -0.0010670568171518013, 0.9999915278214204, 0.5949465308055036]
FOUND 39019 seconds 41.7 count 57 [0.04876878527981798, 0.02143208487846371, 0.9959996030022833, 0.30917403153645473]
FOUND 40045 seconds 42.6 count 58 [0.030406925920420713, 0.03834526906986424, 0.9841071753350376, 0.2693876172836816]
FOUND 41140 seconds 43.6 count 59 [0.00032041918886149823, 0.0020328023969637954, 0.9995271577737964, 0.10446984392092105]
FOUND 41934 seconds 44.3 count 60 [0.07295960282137688, 0.011514308173627086, 0.996666390424625, 0.3331996083894736]
FOUND 42299 seconds 44.6 count 61 [0.0863918004781491, -0.0007577927350430613, 0.9999896932082682, 0.5778212822241583]
FOUND 42807 seconds 45.2 count 62 [0.000603440729725957, 0.008737279007585474, 0.9938738576385386, 0.04950476723751042]
FOUND 42955 seconds 45.3 count 63 [0.06362894898972925, 0.0316549556521295, 0.9891780108384394, 0.561532532734149]
FOUND 43657 seconds 46.1 count 64 [0.000899557369766466, -0.022841824610666084, 0.9946325943993103, 0.06850311105646781]
FOUND 43970 seconds 46.4 count 65 [0.0008704264839864972, -0.010362025553614096, 0.9983766500589847, 0.0986337461555105]
FOUND 44124 seconds 46.6 count 66 [0.002559665462096791, -0.0020714730241380153, 0.9989003150187121, 0.13052391863206245]
FOUND 44729 seconds 47.3 count 67 [0.047758380337611, 0.01515923069024927, 0.9956302950135858, 0.38696206819427237]
FOUND 45915 seconds 49.0 count 68 [0.0004702605570717239, 0.0034326039286143306, 0.9979903646555265, 0.04862196726436472]
FOUND 46110 seconds 49.3 count 69 [0.03053286603831361, 0.004950009346594619, 0.9924946625320201, 0.3172174604190272]
FOUND 47352 seconds 51.1 count 70 [0.00989512436856299, 0.015177621780497752, 0.9840316427945993, 0.4552819254841241]
FOUND 48336 seconds 52.2 count 71 [0.0004415823378451922, 0.007499419821723308, 0.9820540015944924, 0.18860123476108598]
FOUND 48482 seconds 52.4 count 72 [0.00045997535146856183, -0.013421950627860113, 0.9939288085316118, 0.14636772749827198]
FOUND 48828 seconds 52.8 count 73 [0.0014185763025744164, -0.01409331141229142, 0.9969492549129159, 0.16498558025438273]
FOUND 49270 seconds 53.3 count 74 [0.08149521914346503, 0.01634896646952466, 0.9912664887403122, 0.6604747977347653]
FOUND 49732 seconds 53.9 count 75 [0.010503631917909262, 0.034877978229244544, 0.9850093563947511, 0.26659217097961024]
FOUND 50260 seconds 54.4 count 76 [0.06300178674865675, 0.033074490124317624, 0.9869010734225216, 0.43078161414776917]
FOUND 50321 seconds 54.5 count 77 [0.010521577363949418, -0.008969171493865336, 0.9930341209783999, 0.3689402280736625]
FOUND 50324 seconds 54.5 count 78 [0.0013246855030825129, 0.018051473762311865, 0.9908880299823551, 0.1458767894505717]
FOUND 50643 seconds 54.9 count 79 [0.000551358358959142, 0.007192542845195327, 0.9965453843340736, 0.20379086542400862]
FOUND 50756 seconds 55.0 count 80 [0.0009856044757954319, 0.014135778695347323, 0.9939234777212039, 0.08995403396161174]
FOUND 50858 seconds 55.1 count 81 [0.003228462756201367, -0.008762154253044052, 0.9959858086087928, 0.31903365466807615]
FOUND 51445 seconds 55.6 count 82 [0.08794937923092246, 0.016722421853161418, 0.9976009258888389, 0.4166759557532472]
FOUND 51650 seconds 55.8 count 83 [0.00017077074452442886, 0.0011407433574102122, 0.9972170141744101, 0.0597232537927502]
FOUND 53545 seconds 57.6 count 84 [0.006208385553770909, 0.012951074582864486, 0.9975387109212706, 0.17331373067120795]
FOUND 54426 seconds 58.3 count 85 [0.02527631770385287, 0.021367977320673415, 0.9955129289172866, 0.2884544736398915]
FOUND 55262 seconds 59.2 count 86 [0.010444883187329834, 0.002720104491022557, 0.999717824070376, 0.24007778359545207]
FOUND 57050 seconds 61.3 count 87 [0.0006230443581722866, 0.008688600312281025, 0.99781880753003, 0.07810558678134202]
FOUND 57077 seconds 61.4 count 88 [0.001525646063365552, -0.001700049178540386, 0.9999233497962068, 0.4218190246498675]
FOUND 57710 seconds 62.1 count 89 [0.01362719359262976, 0.003914253589433425, 0.9992795401535114, 0.19607615167352882]
FOUND 58002 seconds 62.6 count 90 [0.00048301462666246756, -0.0005728206614676878, 0.9999810877252596, 0.181775910300177]
FOUND 58219 seconds 62.8 count 91 [0.048037351234408554, -0.016993856532989682, 0.9988438053676986, 0.27770962675356037]
FOUND 58634 seconds 63.3 count 92 [0.033808384430862364, -0.010248369774161326, 0.9948498359572401, 0.4633225486579844]
FOUND 62718 seconds 68.2 count 93 [0.006888565213536161, -0.005544110630834265, 0.994860754882977, 0.19988878820806755]
FOUND 63523 seconds 69.2 count 94 [0.0193168938391155, -0.00909135006269901, 0.9975767760677262, 0.37607036110512276]
FOUND 63534 seconds 69.2 count 95 [0.11593069098769676, -0.0030432482724576104, 0.9997635700163652, 0.6399111820511145]
FOUND 64356 seconds 70.1 count 96 [0.04005356083858924, 0.0051742600020876495, 0.9998778372690127, 0.4360883225535413]
FOUND 64971 seconds 70.5 count 97 [0.015819584672357445, 0.018581877033259975, 0.9934449065763469, 0.2608723037054793]
FOUND 65010 seconds 70.6 count 98 [0.0003715333124889586, 0.024527583430474564, 0.9883997747135241, 0.15288925834656475]
FOUND 65106 seconds 70.6 count 99 [0.007239389625749501, 0.005555234839345502, 0.9937565676621734, 0.15944499142251536]
FOUND 65932 seconds 71.2 count 100 [0.0021235553943048657, 0.0472602187051252, 0.9856506583922492, 0.22238387241910215]
FOUND 66018 seconds 71.3 count 101 [0.02048383797527431, -0.0007418468684301516, 0.9999747788778376, 0.20045686747744818]
FOUND 66997 seconds 71.9 count 102 [0.0004556224887604099, 0.005299617200176687, 0.9975858681460683, 0.0450288485323027]
FOUND 67546 seconds 72.3 count 103 [0.009541380013196044, -0.00838654208277445, 0.9992962639633047, 0.1777947538698157]
FOUND 68005 seconds 72.7 count 104 [0.0016002189622415439, 0.0035821194372060994, 0.9913451228867716, 0.08579287601494488]
FOUND 68566 seconds 73.1 count 105 [0.022763873539785703, -0.008213203206898001, 0.9941729871603622, 0.5392625464843017]
FOUND 70333 seconds 75.0 count 106 [0.1126831083046138, -0.009161227848391462, 0.9961070885570341, 0.651107203782119]
FOUND 71463 seconds 76.8 count 107 [0.03265436119954078, -0.004299186194043791, 0.9985853188646159, 0.4740045160345779]
FOUND 72143 seconds 78.0 count 108 [0.21328807356552967, 0.01111199532842777, 0.9988390321891074, 0.7618962527342367]
FOUND 72166 seconds 78.0 count 109 [0.00875329016941162, 0.011688224502224731, 0.9963690130346134, 0.24462136535622778]
FOUND 72507 seconds 78.6 count 110 [0.008722211983767148, 0.007483403344143991, 0.9858417426745456, 0.20813664796745704]
FOUND 72760 seconds 78.8 count 111 [0.0006888025448140251, 0.03719333241096834, 0.9859581388840092, 0.06919016543716155]
FOUND 72800 seconds 78.8 count 112 [0.01748010920438953, 0.00952974756520919, 0.9986489958425964, 0.2595444369818611]
FOUND 73228 seconds 79.4 count 113 [0.003942666100442249, 0.01368149215266179, 0.9875510302754742, 0.16359697591388744]
FOUND 73422 seconds 79.6 count 114 [0.006966848370645318, 0.0007877637317257324, 0.9999000945159091, 0.18099289799271268]
FOUND 73561 seconds 79.8 count 115 [0.07899827289250672, 0.0043408988510189594, 0.9978914866908749, 0.6381864949792202]
FOUND 74082 seconds 80.5 count 116 [0.1487900051231419, -0.033243209826645526, 0.9866037474885089, 0.7827307769995474]
FOUND 74629 seconds 81.1 count 117 [0.0047722372742478895, 0.013650679688339107, 0.9853682816373737, 0.1670484652970719]
FOUND 76019 seconds 82.6 count 118 [0.0011436720276614132, 0.006135163440308178, 0.9948927357455892, 0.20390632840675674]
FOUND 77446 seconds 84.3 count 119 [0.008818757762975906, 0.007279642228527727, 0.9885735180086593, 0.16516221247262264]
FOUND 77584 seconds 84.4 count 120 [0.01893493246312293, -0.008190325271726362, 0.9940711151741511, 0.29051968569010844]
FOUND 77839 seconds 84.7 count 121 [0.007604066474581399, 0.006422616679392146, 0.997746476746457, 0.25279504511328776]
FOUND 78879 seconds 85.6 count 122 [0.0115398628272525, 0.010014518444202203, 0.9875872157926417, 0.2636972740817973]
FOUND 78966 seconds 85.7 count 123 [0.00908395141314845, 0.015069586725701134, 0.9823953531439612, 0.23964897262768492]
FOUND 79382 seconds 86.2 count 124 [0.00046032673057383455, -0.004648194174948994, 0.9995811924629414, 0.12713376364368764]
FOUND 80419 seconds 87.2 count 125 [0.03777848951287366, 0.03588030013198962, 0.9830847134048107, 0.3581831673040142]
FOUND 80424 seconds 87.2 count 126 [0.015051892615924656, -0.00015650797131971927, 0.9999983793894849, 0.24046873476692224]
FOUND 80994 seconds 87.9 count 127 [0.0003416460512222219, 0.01054368488897639, 0.9884913427895478, 0.1091077192307262]
FOUND 81270 seconds 88.1 count 128 [0.039335072740025234, 0.010068591053956855, 0.9879849423192287, 0.3434132525895911]
FOUND 81659 seconds 88.7 count 129 [0.0022301412652445674, 0.008026265644154318, 0.9985483010027412, 0.1816088521747079]
FOUND 81853 seconds 89.1 count 130 [0.00036060835833671403, 0.01717225505140929, 0.9927206005967908, 0.05533718387218732]
FOUND 82657 seconds 89.9 count 131 [0.000651975179179809, 0.003980093824289099, 0.9998784346279366, 0.13876125200143402]
FOUND 82963 seconds 90.3 count 132 [0.0042608342924826985, 0.047229502082547725, 0.9894254695063669, 0.12772153721428778]
FOUND 83313 seconds 90.6 count 133 [0.0015447366413205196, 0.004251128171295804, 0.9995886596970228, 0.08364982280206665]
FOUND 83788 seconds 91.0 count 134 [0.0008454308160226187, 0.0039008505571249685, 0.9908513435831435, 0.10642368421704959]
FOUND 84532 seconds 92.0 count 135 [0.001495227193175408, 0.01415123231971327, 0.9887573794344878, 0.1960440348814647]
FOUND 84605 seconds 92.1 count 136 [0.0012794304123404654, 0.011622572153054733, 0.9820460690971854, 0.12189307994479631]
FOUND 85746 seconds 93.1 count 137 [0.03367987215350501, 0.024042135664785302, 0.9896294755625985, 0.3187122047423162]
FOUND 86716 seconds 94.2 count 138 [0.023363043759707436, -0.0033538012422427155, 0.9991801011317459, 0.2907014920783741]
FOUND 87577 seconds 95.0 count 139 [0.0030649085442415736, 0.011281982535982227, 0.9952047410675503, 0.12936911228143486]
FOUND 87889 seconds 95.3 count 140 [0.00854042090575141, 0.002626772625027307, 0.9956776307059062, 0.2447375425606078]
FOUND 88061 seconds 95.5 count 141 [0.030952960809152552, -0.0034036618509705185, 0.9998196295725602, 0.34501486077875937]
FOUND 88466 seconds 95.9 count 142 [0.0008261234610014156, 0.012555411911736147, 0.9926764104573617, 0.2412986612550027]
FOUND 88598 seconds 96.0 count 143 [0.004250976507394276, -0.005711855628744988, 0.9885137737992492, 0.14000527718110833]
FOUND 89658 seconds 97.2 count 144 [0.007658699166296246, 0.0007552446461596141, 0.999946158845114, 0.18133115132884836]
FOUND 90501 seconds 97.8 count 145 [0.00269677860221348, 0.005474777158523181, 0.9931493345298943, 0.15521173687521828]
FOUND 90534 seconds 97.8 count 146 [0.022255829461412746, 0.01828825715045257, 0.9952680042428332, 0.30347318347283003]
FOUND 91965 seconds 99.2 count 147 [0.010782209883321237, -0.008619605257908614, 0.9959399103346634, 0.3200088567112247]
FOUND 91987 seconds 99.2 count 148 [0.12077161733143438, -0.011190486918967846, 0.998809426078482, 0.6297275014041036]
FOUND 94052 seconds 101.1 count 149 [0.000919103533566846, 0.010917863347193357, 0.9939692548064698, 0.07159970861347835]
FOUND 95832 seconds 102.9 count 150 [0.00033116088933948795, 0.00895364691288858, 0.9985195675036828, 0.15333593118303335]
FOUND 96306 seconds 103.2 count 150 [0.0008803661241400167, 0.011095279629860677, 0.9947551906430345, 0.06471503102193035]
FOUND 96569 seconds 103.5 count 150 [0.002171318751786888, 0.004081889083098478, 0.9874336668557212, 0.17524268932911047]
FOUND 97206 seconds 104.3 count 150 [0.026497001522860657, 0.029839489532331065, 0.9892283298439499, 0.27577793486595464]
FOUND 97596 seconds 104.8 count 150 [0.0013116892954803117, 0.006291515746055243, 0.9956156920940088, 0.0877009882187745]
FOUND 98488 seconds 105.8 count 150 [0.006268452075207011, 0.0008766064125680373, 0.9995180760654669, 0.194531341584775]
FOUND 98610 seconds 105.9 count 150 [0.0683577055014644, 0.0009246377953404661, 0.9999941926652226, 0.3773315151427782]
FOUND 98622 seconds 105.9 count 150 [0.0066437988599767905, 0.036086531561928314, 0.9806363392984855, 0.19594665008472334]
FOUND 100736 seconds 108.3 count 150 [0.09807333273869401, 0.00379876372507848, 0.9936899519592841, 0.3973715802210944]
FOUND 101122 seconds 108.7 count 150 [0.015860547021184727, 0.019365934341203594, 0.9824583310237612, 0.2935524009930918]
FOUND 101237 seconds 108.8 count 150 [0.0025891501379042836, 0.0002673879155614678, 0.999996645913407, 0.27834096340949793]
FOUND 101791 seconds 109.4 count 150 [0.0004762325346528492, -0.0030236381731052475, 0.9990428289265317, 0.09443097946477695]
FOUND 101826 seconds 109.5 count 150 [0.05530263186427448, 0.0002913187016950758, 0.9999963482227501, 0.423495381426807]
FOUND 102026 seconds 109.7 count 150 [0.0009389982528280605, 0.014183807425793837, 0.9928375718762791, 0.13803542424337145]
FOUND 102176 seconds 109.8 count 150 [0.0026998047414268367, 0.02092806078342635, 0.9834574911827527, 0.207650818514573]
FOUND 103626 seconds 111.1 count 150 [0.0037433611439079417, 0.020285053405899145, 0.9825351314223271, 0.3135747658471491]
FOUND 104641 seconds 112.1 count 150 [0.07997821638678437, 0.031461437283407445, 0.9862665488617811, 0.33491245843286466]
FOUND 107070 seconds 114.5 count 150 [0.029444978253007514, 0.002545483513622493, 0.9998653356146363, 0.4416192305808779]
FOUND 107465 seconds 114.9 count 150 [0.0638122159487627, -0.0006551764928734993, 0.9999976205923167, 0.3652649799741929]
FOUND 109305 seconds 116.9 count 150 [0.001221871585946478, 0.007165698807230392, 0.9916766539145822, 0.12190541151568202]
FOUND 111504 seconds 119.3 count 150 [0.022613325305870458, 0.01723302965335005, 0.9860967875989864, 0.3763029025131116]
FOUND 111758 seconds 119.5 count 150 [0.005482643996522588, 0.021310387673228792, 0.9871282407747693, 0.2401504384809834]
FOUND 111918 seconds 119.7 count 150 [0.0007837080313519802, 0.01363091368402447, 0.984513427048405, 0.06295623602813456]
FOUND 112079 seconds 119.9 count 150 [0.004277044614756864, 0.01260978326385942, 0.9944251596653114, 0.21195195844077697]
FOUND 112780 seconds 120.7 count 150 [0.00010819758002189594, 0.00989407579880508, 0.9968623019522329, 0.023379876703118148]
FOUND 113195 seconds 121.0 count 150 [0.023605100709759724, 0.017740125391794592, 0.9915389138978432, 0.32990907412175546]
FOUND 113216 seconds 121.0 count 150 [0.003446152381914472, 0.006788613788117903, 0.9843740561170728, 0.16720123960042227]
FOUND 114618 seconds 122.4 count 150 [0.010227423441068322, 0.0069048294408555755, 0.9922548723124682, 0.24713103488742813]
FOUND 114661 seconds 122.4 count 150 [0.017562775211290335, 0.0053564431987052075, 0.9869494178070262, 0.24370488777672641]
FOUND 114763 seconds 122.6 count 150 [0.05015003773953847, 0.014859709268841392, 0.9932768836857478, 0.38255515130492834]
FOUND 115065 seconds 123.1 count 150 [0.00010628553287119632, 0.0024447923683665884, 0.9989781308965309, 0.043984078906317385]
FOUND 116982 seconds 124.6 count 150 [0.031451492986533935, 0.00014699782059812705, 0.9999989015070179, 0.3569812366285503]
FOUND 117426 seconds 125.0 count 150 [0.10920070757283601, -0.02556428594788862, 0.9915033932823968, 0.585423744268691]
FOUND 119546 seconds 127.1 count 150 [0.00930468135671525, 0.0033428657349738877, 0.9998511581840994, 0.18416812317898879]
FOUND 121389 seconds 129.1 count 150 [0.008333919546938073, 0.01107622814472986, 0.9866684929124524, 0.17386570387705186]
FOUND 121426 seconds 129.2 count 150 [0.00643082638672747, 0.011847482790499075, 0.9851940583453789, 0.2929716695562508]
FOUND 126242 seconds 133.9 count 150 [0.0033919672256822186, 0.022341990372589215, 0.9889938626604752, 0.2741546660982666]
FOUND 127740 seconds 135.7 count 150 [0.01397198498332064, 0.026827658039543678, 0.9856634723304954, 0.21103294548250204]
FOUND 127864 seconds 135.8 count 150 [0.0020158435388374137, 0.029198293785564378, 0.983428696645281, 0.1095632066801561]
FOUND 128403 seconds 136.3 count 150 [0.003912676844282756, 0.01573289001872702, 0.9838353876340219, 0.15591894601240694]
FOUND 129100 seconds 137.0 count 150 [0.06804164823351076, -0.02947678516959762, 0.9962418689301932, 0.4707923276154876]
FOUND 129870 seconds 138.0 count 150 [0.01676297839976455, 0.029811919374022722, 0.9857804065714936, 0.4028022791548516]
FOUND 129894 seconds 138.0 count 150 [0.01166461375073502, 0.014244883577625433, 0.9976269481244366, 0.2244623297622504]
FOUND 130309 seconds 138.3 count 150 [0.020008635971999533, 0.02090177010735328, 0.9863056142774893, 0.25377354904819666]
FOUND 131383 seconds 139.3 count 150 [0.04155414997771789, -0.005826439250942617, 0.9978862325286522, 0.6496664996678638]
FOUND 131578 seconds 139.6 count 150 [0.005993640074444345, -0.007845664082305248, 0.9974907387420832, 0.2747032583962311]
FOUND 131604 seconds 139.6 count 150 [0.0014247921630295896, 0.005717599544644347, 0.9974041332873568, 0.17485294507616875]
FOUND 131686 seconds 139.7 count 150 [0.09504559976777716, -0.005261780496887525, 0.99976788048116, 0.43683411912168796]
FOUND 132095 seconds 140.1 count 150 [0.0053285350546332655, 0.019277728367260494, 0.9918182110532875, 0.13762230117402652]
FOUND 132161 seconds 140.1 count 150 [0.002569084296828006, 0.005800803487280515, 0.9856452971610988, 0.11962505347523279]
FOUND 132458 seconds 140.3 count 150 [0.003969622330360251, -0.0009654554154856498, 0.9999448947463693, 0.19353397905531364]
FOUND 132870 seconds 140.7 count 150 [0.018045866929871757, 0.01594693101034883, 0.9935903605506567, 0.22380520695746114]
FOUND 133491 seconds 141.3 count 150 [0.00038378045604051814, 0.028892809966275745, 0.98052370495323, 0.14799409863164545]
FOUND 133648 seconds 141.5 count 150 [0.003989327359449102, -0.00210045498487732, 0.9999129558077011, 0.17123705574130776]
FOUND 134914 seconds 143.0 count 150 [0.00942994499352956, 0.00590545149020949, 0.9868731784625262, 0.2622338355089743]
FOUND 135004 seconds 143.1 count 150 [0.0008972610347610169, 0.017752686580629007, 0.992406719788491, 0.07314388609562454]
FOUND 135653 seconds 143.7 count 150 [0.0018197889132918602, -0.01895770042878686, 0.9904123181911544, 0.2870259467963901]
FOUND 137522 seconds 145.3 count 150 [0.008476729957859641, 0.006577472608261026, 0.9846733328036039, 0.23197336227400903]
FOUND 137599 seconds 145.4 count 150 [0.0032499351635801865, 0.0016292264417629987, 0.9987963509409543, 0.1267170631567322]
FOUND 137697 seconds 145.4 count 150 [0.07460811812903834, -0.0073780289802511945, 0.9871949680741808, 0.637052256366737]
FOUND 138028 seconds 145.9 count 150 [0.0019699562695303374, -0.006488366988719019, 0.9864569604326333, 0.12880314542786553]
FOUND 138940 seconds 146.9 count 150 [0.00011753465742780911, 0.0036730441495622657, 0.9980408344632347, 0.03471567916687379]
FOUND 139992 seconds 147.8 count 150 [0.011681190954719017, 0.007881989428866643, 0.9981515830774849, 0.2564015934545721]
FOUND 140024 seconds 147.8 count 150 [0.02705236131048494, 0.019929746809721927, 0.9929071248930534, 0.2641861613959267]
FOUND 140947 seconds 148.7 count 150 [0.001167466463611655, 0.01504811836117348, 0.9964603433718704, 0.07251758582333893]
FOUND 141480 seconds 149.2 count 150 [0.012089301722124928, 0.001595422485837883, 0.9998898833198284, 0.3112345754382074]
FOUND 141568 seconds 149.4 count 150 [0.012234137776928389, -0.012402271429415634, 0.9985064569357142, 0.2247315320941035]
FOUND 142632 seconds 150.6 count 150 [0.00537060936078826, -0.032872904782097034, 0.9840604898674846, 0.16738216820300772]
FOUND 143608 seconds 151.3 count 150 [0.00043863230843910195, -0.0012136861183247305, 0.9992945486166066, 0.07009702441773828]
FOUND 143822 seconds 151.5 count 150 [0.18463252329049196, -0.007332139146007943, 0.9959120840027164, 0.5634129687486836]
FOUND 145051 seconds 152.4 count 150 [0.024851982700532904, -0.02143971181145954, 0.9950143442552457, 0.3926417631574379]
FOUND 145187 seconds 152.5 count 150 [0.014307350482977104, 0.015418850616254254, 0.9879371026266414, 0.24301269041566181]
FOUND 145634 seconds 153.0 count 150 [0.005988227109001709, 0.03459212650212917, 0.9848306994671743, 0.22029974331983787]
FOUND 146524 seconds 153.9 count 150 [0.001251128321243648, -0.015947540000726956, 0.9916681112882656, 0.22716853674511586]
FOUND 148091 seconds 155.6 count 150 [0.02003729317234737, -0.006295144546134779, 0.9995260434819669, 0.3132987522969475]
FOUND 148745 seconds 156.2 count 150 [0.00343426402620487, 0.012299500389272744, 0.9922937207880129, 0.1687554823081245]
FOUND 149625 seconds 157.0 count 150 [0.005008554235945923, 0.010978177965203617, 0.9966322733683516, 0.1340889968795881]
DONE 157.3673710823059
