queries 1000 best 139 67
queries 2000 best 139 67
queries 3000 best 139 67
queries 4000 best 139 67
queries 5000 best 139 67
queries 6000 best 139 67
queries 7000 best 139 67
queries 8000 best 139 67
queries 9000 best 139 67
queries 10000 best 139 67
queries 11000 best 139 67
queries 12000 best 139 67
queries 13000 best 139 67
queries 14000 best 139 67
queries 15000 best 139 67
queries 16000 best 139 67
queries 17000 best 139 67
queries 18000 best 139 67
queries 19000 best 139 67
queries 20000 best 139 67
queries 21000 best 139 67
queries 22000 best 139 67
queries 23000 best 139 67
queries 24000 best 139 67
queries 25000 best 139 67
queries 26000 best 139 67
queries 27000 best 139 67
queries 28000 best 139 67
queries 29000 best 139 67
queries 30000 best 139 67
queries 31000 best 139 67
queries 32000 best 139 67
queries 33000 best 139 67
queries 34000 best 139 67
queries 35000 best 139 67
queries 36000 best 139 67
queries 37000 best 139 67
queries 38000 best 139 67
queries 39000 best 139 67
queries 40000 best 139 67
queries 41000 best 139 67
queries 42000 best 139 67
queries 43000 best 139 67
queries 44000 best 139 67
queries 45000 best 139 67
queries 46000 best 139 67
queries 47000 best 139 67
queries 48000 best 139 67
queries 49000 best 139 67
queries 50000 best 139 67
queries 51000 best 139 67
queries 52000 best 139 67
queries 53000 best 139 67
queries 54000 best 139 67
queries 55000 best 139 67
queries 56000 best 139 67
queries 57000 best 139 67
queries 58000 best 139 67
queries 59000 best 139 67
queries 60000 best 139 67
queries 61000 best 139 67
queries 62000 best 139 67
queries 63000 best 139 67
queries 64000 best 139 67
queries 65000 best 139 67
queries 66000 best 139 67
queries 67000 best 139 67
queries 68000 best 139 67
queries 69000 best 139 67
queries 70000 best 139 67
queries 71000 best 139 67
queries 72000 best 139 67
queries 73000 best 139 67
queries 74000 best 139 67
queries 75000 best 139 67
queries 76000 best 139 67
queries 77000 best 139 67
queries 78000 best 139 67
queries 79000 best 139 67
queries 80000 best 139 67
queries 81000 best 139 67
queries 82000 best 139 67
queries 83000 best 139 67
queries 84000 best 139 67
queries 85000 best 139 67
queries 86000 best 139 67
queries 87000 best 139 67
queries 88000 best 139 67
queries 89000 best 139 67
queries 90000 best 139 67
queries 91000 best 139 67
queries 92000 best 139 67
queries 93000 best 139 67
queries 94000 best 139 67
queries 95000 best 139 67
queries 96000 best 139 67
queries 97000 best 139 67
queries 98000 best 139 67
queries 99000 best 139 67
queries 100000 best 139 67
queries 101000 best 139 67
queries 102000 best 139 67
queries 103000 best 139 67
queries 104000 best 139 67
queries 105000 best 139 67
queries 106000 best 139 67
queries 107000 best 139 67
queries 108000 best 139 67
queries 109000 best 139 67
queries 110000 best 139 67
queries 111000 best 139 67
queries 112000 best 139 67
queries 113000 best 139 67
queries 114000 best 139 67
queries 115000 best 139 67
queries 116000 best 139 67
queries 117000 best 139 67
queries 118000 best 139 67
queries 119000 best 139 67
queries 120000 best 139 67
queries 121000 best 139 67
queries 122000 best 139 67
queries 123000 best 139 67
queries 124000 best 139 67
queries 125000 best 139 67
queries 126000 best 139 67
queries 127000 best 139 67
queries 128000 best 139 67
queries 129000 best 139 67
queries 130000 best 139 67
queries 131000 best 139 67
queries 132000 best 139 67
queries 133000 best 139 67
queries 134000 best 139 67
queries 135000 best 139 67
queries 136000 best 139 67
queries 137000 best 139 67
queries 138000 best 139 67
queries 139000 best 139 67
queries 140000 best 139 67
queries 141000 best 139 67
queries 142000 best 139 67
queries 143000 best 139 67
queries 144000 best 139 67
queries 145000 best 139 67
queries 146000 best 139 67
queries 147000 best 139 67
queries 148000 best 139 67
queries 149000 best 139 67
queries 150000 best 139 67
queries 151000 best 139 67
queries 152000 best 139 67
queries 153000 best 139 67
queries 154000 best 139 67
queries 155000 best 139 67
queries 156000 best 139 67
queries 157000 best 139 67
queries 158000 best 139 67
queries 159000 best 139 67
queries 160000 best 139 67
queries 161000 best 139 67
queries 162000 best 139 67
queries 163000 best 139 67
queries 164000 best 139 67
queries 165000 best 139 67
queries 166000 best 139 67
queries 167000 best 139 67
queries 168000 best 139 67
queries 169000 best 139 67
queries 170000 best 139 67
queries 171000 best 139 67
queries 172000 best 139 67
queries 173000 best 139 67
queries 174000 best 139 67
queries 175000 best 139 67
queries 176000 best 139 67
queries 177000 best 139 67
queries 178000 best 139 67
queries 179000 best 139 67
queries 180000 best 139 67
queries 181000 best 139 67
queries 182000 best 139 67
queries 183000 best 139 67
queries 184000 best 139 67
queries 185000 best 139 67
queries 186000 best 139 67
queries 187000 best 139 67
queries 188000 best 139 67
queries 189000 best 139 67
queries 190000 best 139 67
queries 191000 best 139 67
queries 192000 best 139 67
queries 193000 best 139 67
queries 194000 best 139 67
queries 195000 best 139 67
queries 196000 best 139 67
queries 197000 best 139 67
queries 198000 best 139 67
queries 199000 best 139 67
queries 200000 best 139 67
queries 201000 best 139 67
queries 202000 best 139 67
queries 203000 best 139 67
queries 204000 best 139 67
queries 205000 best 139 67
queries 206000 best 139 67
queries 207000 best 139 67
queries 208000 best 139 67
queries 209000 best 139 67
queries 210000 best 139 67
queries 211000 best 139 67
queries 212000 best 139 67
queries 213000 best 139 67
queries 214000 best 139 67
queries 215000 best 139 67
queries 216000 best 139 67
queries 217000 best 139 67
queries 218000 best 139 67
queries 219000 best 139 67
queries 220000 best 139 67
queries 221000 best 139 67
queries 222000 best 139 67
queries 223000 best 139 67
queries 224000 best 139 67
queries 225000 best 139 67
queries 226000 best 139 67
queries 227000 best 139 67
queries 228000 best 139 67
queries 229000 best 139 67
queries 230000 best 139 67
queries 231000 best 139 67
queries 232000 best 139 67
queries 233000 best 139 67
queries 234000 best 139 67
queries 235000 best 139 67
queries 236000 best 139 67
queries 237000 best 139 67
queries 238000 best 139 67
queries 239000 best 139 67
queries 240000 best 139 67
queries 241000 best 139 67
queries 242000 best 139 67
queries 243000 best 139 67
queries 244000 best 139 67
queries 245000 best 139 67
queries 246000 best 139 67
queries 247000 best 139 67
queries 248000 best 139 67
queries 249000 best 139 67
queries 250000 best 139 67
queries 251000 best 139 67
queries 252000 best 139 67
queries 253000 best 139 67
queries 254000 best 139 67
queries 255000 best 139 67
queries 256000 best 139 67
queries 257000 best 139 67
queries 258000 best 139 67
queries 259000 best 139 67
queries 260000 best 139 67
queries 261000 best 139 67
queries 262000 best 139 67
queries 263000 best 139 67
queries 264000 best 139 67
queries 265000 best 139 67
queries 266000 best 139 67
queries 267000 best 139 67
queries 268000 best 139 67
queries 269000 best 139 67
queries 270000 best 139 67
queries 271000 best 139 67
queries 272000 best 139 67
queries 273000 best 139 67
queries 274000 best 139 67
queries 275000 best 139 67
queries 276000 best 139 67
queries 277000 best 139 67
queries 278000 best 139 67
queries 279000 best 139 67
queries 280000 best 139 67
queries 281000 best 139 67
queries 282000 best 139 67
queries 283000 best 139 67
queries 284000 best 139 67
queries 285000 best 139 67
queries 286000 best 139 67
queries 287000 best 139 67
queries 288000 best 139 67
queries 289000 best 139 67
queries 290000 best 139 67
queries 291000 best 139 67
queries 292000 best 139 67
queries 293000 best 139 67
queries 294000 best 139 67
queries 295000 best 139 67
queries 296000 best 139 67
queries 297000 best 139 67
queries 298000 best 139 67
queries 299000 best 139 67
queries 300000 best 139 67
queries 301000 best 139 67
queries 302000 best 139 67
queries 303000 best 139 67
queries 304000 best 139 67
queries 305000 best 139 67
queries 306000 best 139 67
queries 307000 best 139 67
queries 308000 best 139 67
queries 309000 best 139 67
queries 310000 best 139 67
queries 311000 best 139 67
queries 312000 best 139 67
queries 313000 best 139 67
queries 314000 best 139 67
queries 315000 best 139 67
queries 316000 best 139 67
queries 317000 best 139 67
queries 318000 best 139 67
queries 319000 best 139 67
queries 320000 best 139 67
queries 321000 best 139 67
queries 322000 best 139 67
queries 323000 best 139 67
queries 324000 best 139 67
queries 325000 best 139 67
queries 326000 best 139 67
queries 327000 best 139 67
queries 328000 best 139 67
queries 329000 best 139 67
queries 330000 best 139 67
queries 331000 best 139 67
queries 332000 best 139 67
queries 333000 best 139 67
queries 334000 best 139 67
queries 335000 best 139 67
queries 336000 best 139 67
queries 337000 best 139 67
queries 338000 best 139 67
queries 339000 best 139 67
queries 340000 best 139 67
queries 341000 best 139 67
queries 342000 best 139 67
queries 343000 best 139 67
queries 344000 best 139 67
queries 345000 best 139 67
queries 346000 best 139 67
queries 347000 best 139 67
queries 348000 best 139 67
queries 349000 best 139 67
queries 350000 best 139 67
queries 351000 best 139 67
queries 352000 best 139 67
queries 353000 best 139 67
queries 354000 best 139 67
queries 355000 best 139 67
queries 356000 best 139 67
queries 357000 best 139 67
queries 358000 best 139 67
queries 359000 best 139 67
queries 360000 best 139 67
queries 361000 best 139 67
queries 362000 best 139 67
queries 363000 best 139 67
queries 364000 best 139 67
queries 365000 best 139 67
queries 366000 best 139 67
queries 367000 best 139 67
queries 368000 best 139 67
queries 369000 best 139 67
queries 370000 best 139 67
queries 371000 best 139 67
queries 372000 best 139 67
queries 373000 best 139 67
queries 374000 best 139 67
queries 375000 best 139 67
queries 376000 best 139 67
queries 377000 best 139 67
queries 378000 best 139 67
queries 379000 best 139 67
queries 380000 best 139 67
queries 381000 best 139 67
queries 382000 best 139 67
queries 383000 best 139 67
queries 384000 best 139 67
queries 385000 best 139 67
queries 386000 best 139 67
queries 387000 best 139 67
queries 388000 best 139 67
queries 389000 best 139 67
queries 390000 best 139 67
queries 391000 best 139 67
queries 392000 best 139 67
queries 393000 best 139 67
queries 394000 best 139 67
queries 395000 best 139 67
queries 396000 best 139 67
queries 397000 best 139 67
queries 398000 best 139 67
queries 399000 best 139 67
queries 400000 best 139 67
queries 401000 best 139 67
queries 402000 best 139 67
queries 403000 best 139 67
queries 404000 best 139 67
queries 405000 best 139 67
queries 406000 best 139 67
queries 407000 best 139 67
queries 408000 best 139 67
queries 409000 best 139 67
queries 410000 best 139 67
queries 411000 best 139 67
queries 412000 best 139 67
queries 413000 best 139 67
queries 414000 best 139 67
queries 415000 best 139 67
queries 416000 best 139 67
queries 417000 best 139 67
queries 418000 best 139 67
queries 419000 best 139 67
queries 420000 best 139 67
queries 421000 best 139 67
queries 422000 best 139 67
queries 423000 best 139 67
queries 424000 best 139 67
queries 425000 best 139 67
queries 426000 best 139 67
queries 427000 best 139 67
queries 428000 best 139 67
queries 429000 best 139 67
queries 430000 best 139 67
queries 431000 best 139 67
queries 432000 best 139 67
queries 433000 best 139 67
queries 434000 best 139 67
queries 435000 best 139 67
queries 436000 best 139 67
queries 437000 best 139 67
queries 438000 best 139 67
queries 439000 best 139 67
queries 440000 best 139 67
queries 441000 best 139 67
queries 442000 best 139 67
queries 443000 best 139 67
queries 444000 best 139 67
queries 445000 best 139 67
queries 446000 best 139 67
queries 447000 best 139 67
queries 448000 best 139 67
queries 449000 best 139 67
queries 450000 best 139 67
queries 451000 best 139 67
queries 452000 best 139 67
queries 453000 best 139 67
queries 454000 best 139 67
queries 455000 best 139 67
queries 456000 best 139 67
queries 457000 best 139 67
queries 458000 best 139 67
queries 459000 best 139 67
queries 460000 best 139 67
queries 461000 best 139 67
queries 462000 best 139 67
queries 463000 best 139 67
queries 464000 best 139 67
queries 465000 best 139 67
queries 466000 best 139 67
queries 467000 best 139 67
queries 468000 best 139 67
queries 469000 best 139 67
queries 470000 best 139 67
queries 471000 best 139 67
queries 472000 best 139 67
queries 473000 best 139 67
queries 474000 best 139 67
queries 475000 best 139 67
queries 476000 best 139 67
queries 477000 best 139 67
queries 478000 best 139 67
queries 479000 best 139 67
queries 480000 best 139 67
queries 481000 best 139 67
queries 482000 best 139 67
queries 483000 best 139 67
queries 484000 best 139 67
queries 485000 best 139 67
queries 486000 best 139 67
queries 487000 best 139 67
queries 488000 best 139 67
queries 489000 best 139 67
queries 490000 best 139 67
queries 491000 best 139 67
queries 492000 best 139 67
queries 493000 best 139 67
queries 494000 best 139 67
queries 495000 best 139 67
queries 496000 best 139 67
queries 497000 best 139 67
queries 498000 best 139 67
queries 499000 best 139 67
queries 500000 best 139 67
queries 501000 best 139 67
queries 502000 best 139 67
queries 503000 best 139 67
queries 504000 best 139 67
queries 505000 best 139 67
queries 506000 best 139 67
queries 507000 best 139 67
queries 508000 best 139 67
queries 509000 best 139 67
queries 510000 best 139 67
queries 511000 best 139 67
queries 512000 best 139 67
queries 513000 best 139 67
queries 514000 best 139 67
queries 515000 best 139 67
queries 516000 best 139 67
queries 517000 best 139 67
queries 518000 best 139 67
queries 519000 best 139 67
queries 520000 best 139 67
queries 521000 best 139 67
queries 522000 best 139 67
queries 523000 best 139 67
queries 524000 best 139 67
queries 525000 best 139 67
queries 526000 best 139 67
queries 527000 best 139 67
queries 528000 best 139 67
queries 529000 best 139 67
queries 530000 best 139 67
queries 531000 best 139 67
queries 532000 best 139 67
queries 533000 best 139 67
queries 534000 best 139 67
queries 535000 best 139 67
queries 536000 best 139 67
queries 537000 best 139 67
queries 538000 best 139 67
queries 539000 best 139 67
queries 540000 best 139 67
queries 541000 best 139 67
queries 542000 best 139 67
queries 543000 best 139 67
queries 544000 best 139 67
queries 545000 best 139 67
queries 546000 best 139 67
queries 547000 best 139 67
queries 548000 best 139 67
queries 549000 best 139 67
queries 550000 best 139 67
queries 551000 best 139 67
queries 552000 best 139 67
queries 553000 best 139 67
queries 554000 best 139 67
queries 555000 best 139 67
queries 556000 best 139 67
queries 557000 best 139 67
queries 558000 best 139 67
queries 559000 best 139 67
queries 560000 best 139 67
queries 561000 best 139 67
queries 562000 best 139 67
queries 563000 best 139 67
queries 564000 best 139 67
queries 565000 best 139 67
queries 566000 best 139 67
queries 567000 best 139 67
queries 568000 best 139 67
queries 569000 best 139 67
queries 570000 best 139 67
queries 571000 best 139 67
queries 572000 best 139 67
queries 573000 best 139 67
queries 574000 best 139 67
queries 575000 best 139 67
queries 576000 best 139 67
queries 577000 best 139 67
queries 578000 best 139 67
queries 579000 best 139 67
queries 580000 best 139 67
queries 581000 best 139 67
queries 582000 best 139 67
queries 583000 best 139 67
queries 584000 best 139 67
queries 585000 best 139 67
queries 586000 best 139 67
queries 587000 best 139 67
queries 588000 best 139 67
queries 589000 best 139 67
queries 590000 best 139 67
queries 591000 best 139 67
queries 592000 best 139 67
queries 593000 best 139 67
queries 594000 best 139 67
queries 595000 best 139 67
queries 596000 best 139 67
queries 597000 best 139 67
queries 598000 best 139 67
queries 599000 best 139 67
queries 600000 best 139 67
queries 601000 best 139 67
queries 602000 best 139 67
queries 603000 best 139 67
queries 604000 best 139 67
queries 605000 best 139 67
queries 606000 best 139 67
queries 607000 best 139 67
queries 608000 best 139 67
queries 609000 best 139 67
queries 610000 best 139 67
queries 611000 best 139 67
queries 612000 best 139 67
queries 613000 best 139 67
queries 614000 best 139 67
queries 615000 best 139 67
queries 616000 best 139 67
queries 617000 best 139 67
queries 618000 best 139 67
queries 619000 best 139 67
queries 620000 best 139 67
queries 621000 best 139 67
queries 622000 best 139 67
queries 623000 best 139 67
queries 624000 best 139 67
queries 625000 best 139 67
queries 626000 best 139 67
queries 627000 best 139 67
queries 628000 best 139 67
queries 629000 best 139 67
queries 630000 best 139 67
queries 631000 best 139 67
queries 632000 best 139 67
queries 633000 best 139 67
queries 634000 best 139 67
queries 635000 best 139 67
queries 636000 best 139 67
queries 637000 best 139 67
queries 638000 best 139 67
queries 639000 best 139 67
queries 640000 best 139 67
queries 641000 best 139 67
queries 642000 best 139 67
queries 643000 best 139 67
queries 644000 best 139 67
queries 645000 best 139 67
queries 646000 best 139 67
queries 647000 best 139 67
queries 648000 best 139 67
queries 649000 best 139 67
queries 650000 best 139 67
queries 651000 best 139 67
queries 652000 best 139 67
queries 653000 best 139 67
queries 654000 best 139 67
queries 655000 best 139 67
queries 656000 best 139 67
queries 657000 best 139 67
queries 658000 best 139 67
queries 659000 best 139 67
queries 660000 best 139 67
queries 661000 best 139 67
queries 662000 best 139 67
queries 663000 best 139 67
queries 664000 best 139 67
queries 665000 best 139 67
queries 666000 best 139 67
queries 667000 best 139 67
queries 668000 best 139 67
queries 669000 best 139 67
queries 670000 best 139 67
queries 671000 best 139 67
queries 672000 best 139 67
queries 673000 best 139 67
queries 674000 best 139 67
queries 675000 best 139 67
queries 676000 best 139 67
queries 677000 best 139 67
queries 678000 best 139 67
queries 679000 best 139 67
queries 680000 best 139 67
queries 681000 best 139 67
queries 682000 best 139 67
queries 683000 best 139 67
queries 684000 best 139 67
queries 685000 best 139 67
queries 686000 best 139 67
queries 687000 best 139 67
queries 688000 best 139 67
queries 689000 best 139 67
queries 690000 best 139 67
queries 691000 best 139 67
queries 692000 best 139 67
queries 693000 best 139 67
queries 694000 best 139 67
queries 695000 best 139 67
queries 696000 best 139 67
queries 697000 best 139 67
queries 698000 best 139 67
queries 699000 best 139 67
queries 700000 best 139 67
queries 701000 best 139 67
queries 702000 best 139 67
queries 703000 best 139 67
queries 704000 best 139 67
queries 705000 best 139 67
queries 706000 best 139 67
queries 707000 best 139 67
queries 708000 best 139 67
queries 709000 best 139 67
queries 710000 best 139 67
queries 711000 best 139 67
queries 712000 best 139 67
queries 713000 best 139 67
queries 714000 best 139 67
queries 715000 best 139 67
queries 716000 best 139 67
queries 717000 best 139 67
queries 718000 best 139 67
queries 719000 best 139 67
queries 720000 best 139 67
queries 721000 best 139 67
queries 722000 best 139 67
queries 723000 best 139 67
queries 724000 best 139 67
queries 725000 best 139 67
queries 726000 best 139 67
queries 727000 best 139 67
queries 728000 best 139 67
queries 729000 best 139 67
queries 730000 best 139 67
queries 731000 best 139 67
queries 732000 best 139 67
queries 733000 best 139 67
queries 734000 best 139 67
queries 735000 best 139 67
queries 736000 best 139 67
queries 737000 best 139 67
queries 738000 best 139 67
queries 739000 best 139 67
queries 740000 best 139 67
queries 741000 best 139 67
queries 742000 best 139 67
queries 743000 best 139 67
queries 744000 best 139 67
queries 745000 best 139 67
queries 746000 best 139 67
queries 747000 best 139 67
queries 748000 best 139 67
queries 749000 best 139 67
queries 750000 best 139 67
queries 751000 best 139 67
queries 752000 best 139 67
queries 753000 best 139 67
queries 754000 best 139 67
queries 755000 best 139 67
queries 756000 best 139 67
queries 757000 best 139 67
queries 758000 best 139 67
queries 759000 best 139 67
queries 760000 best 139 67
queries 761000 best 139 67
queries 762000 best 139 67
queries 763000 best 139 67
queries 764000 best 139 67
queries 765000 best 139 67
queries 766000 best 139 67
queries 767000 best 139 67
queries 768000 best 139 67
queries 769000 best 139 67
queries 770000 best 139 67
queries 771000 best 139 67
queries 772000 best 139 67
queries 773000 best 139 67
queries 774000 best 139 67
queries 775000 best 139 67
queries 776000 best 139 67
queries 777000 best 139 67
queries 778000 best 139 67
queries 779000 best 139 67
queries 780000 best 139 67
queries 781000 best 139 67
queries 782000 best 139 67
queries 783000 best 139 67
queries 784000 best 139 67
queries 785000 best 139 67
queries 786000 best 139 67
queries 787000 best 139 67
queries 788000 best 139 67
queries 789000 best 139 67
queries 790000 best 139 67
queries 791000 best 139 67
queries 792000 best 139 67
queries 793000 best 139 67
queries 794000 best 139 67
queries 795000 best 139 67
queries 796000 best 139 67
queries 797000 best 139 67
queries 798000 best 139 67
queries 799000 best 139 67
queries 800000 best 139 67
queries 801000 best 139 67
queries 802000 best 139 67
queries 803000 best 139 67
queries 804000 best 139 67
queries 805000 best 139 67
queries 806000 best 139 67
queries 807000 best 139 67
queries 808000 best 139 67
queries 809000 best 139 67
queries 810000 best 139 67
queries 811000 best 139 67
queries 812000 best 139 67
queries 813000 best 139 67
queries 814000 best 139 67
queries 815000 best 139 67
queries 816000 best 139 67
queries 817000 best 139 67
queries 818000 best 139 67
queries 819000 best 139 67
queries 820000 best 139 67
queries 821000 best 139 67
queries 822000 best 139 67
queries 823000 best 139 67
queries 824000 best 139 67
queries 825000 best 139 67
queries 826000 best 139 67
queries 827000 best 139 67
queries 828000 best 139 67
queries 829000 best 139 67
queries 830000 best 139 67
queries 831000 best 139 67
queries 832000 best 139 67
queries 833000 best 139 67
queries 834000 best 139 67
queries 835000 best 139 67
queries 836000 best 139 67
queries 837000 best 139 67
queries 838000 best 139 67
queries 839000 best 139 67
queries 840000 best 139 67
queries 841000 best 139 67
queries 842000 best 139 67
queries 843000 best 139 67
queries 844000 best 139 67
queries 845000 best 139 67
queries 846000 best 139 67
queries 847000 best 139 67
queries 848000 best 139 67
queries 849000 best 139 67
queries 850000 best 139 67
queries 851000 best 139 67
queries 852000 best 139 67
queries 853000 best 139 67
queries 854000 best 139 67
queries 855000 best 139 67
queries 856000 best 139 67
queries 857000 best 139 67
queries 858000 best 139 67
queries 859000 best 139 67
queries 860000 best 139 67
queries 861000 best 139 67
queries 862000 best 139 67
queries 863000 best 139 67
queries 864000 best 139 67
queries 865000 best 139 67
queries 866000 best 139 67
queries 867000 best 139 67
queries 868000 best 139 67
queries 869000 best 139 67
queries 870000 best 139 67
queries 871000 best 139 67
queries 872000 best 139 67
queries 873000 best 139 67
queries 874000 best 139 67
queries 875000 best 139 67
queries 876000 best 139 67
queries 877000 best 139 67
queries 878000 best 139 67
queries 879000 best 139 67
queries 880000 best 139 67
queries 881000 best 139 67
queries 882000 best 139 67
queries 883000 best 139 67
queries 884000 best 139 67
queries 885000 best 139 67
queries 886000 best 139 67
queries 887000 best 139 67
queries 888000 best 139 67
queries 889000 best 139 67
queries 890000 best 139 67
queries 891000 best 139 67
queries 892000 best 139 67
queries 893000 best 139 67
queries 894000 best 139 67
queries 895000 best 139 67
queries 896000 best 139 67
queries 897000 best 139 67
queries 898000 best 139 67
queries 899000 best 139 67
queries 900000 best 139 67
queries 901000 best 139 67
queries 902000 best 139 67
queries 903000 best 139 67
queries 904000 best 139 67
queries 905000 best 139 67
queries 906000 best 139 67
queries 907000 best 139 67
queries 908000 best 139 67
queries 909000 best 139 67
queries 910000 best 139 67
queries 911000 best 139 67
queries 912000 best 139 67
queries 913000 best 139 67
queries 914000 best 139 67
queries 915000 best 139 67
queries 916000 best 139 67
queries 917000 best 139 67
queries 918000 best 139 67
queries 919000 best 139 67
queries 920000 best 139 67
queries 921000 best 139 67
queries 922000 best 139 67
queries 923000 best 139 67
queries 924000 best 139 67
queries 925000 best 139 67
queries 926000 best 139 67
queries 927000 best 139 67
queries 928000 best 139 67
queries 929000 best 139 67
queries 930000 best 139 67
queries 931000 best 139 67
queries 932000 best 139 67
queries 933000 best 139 67
queries 934000 best 139 67
queries 935000 best 139 67
queries 936000 best 139 67
queries 937000 best 139 67
queries 938000 best 139 67
queries 939000 best 139 67
queries 940000 best 139 67
queries 941000 best 139 67
queries 942000 best 139 67
queries 943000 best 139 67
queries 944000 best 139 67
queries 945000 best 139 67
queries 946000 best 139 67
queries 947000 best 139 67
queries 948000 best 139 67
queries 949000 best 139 67
queries 950000 best 139 67
queries 951000 best 139 67
queries 952000 best 139 67
queries 953000 best 139 67
queries 954000 best 139 67
queries 955000 best 139 67
queries 956000 best 139 67
queries 957000 best 139 67
queries 958000 best 139 67
queries 959000 best 139 67
queries 960000 best 139 67
queries 961000 best 139 67
queries 962000 best 139 67
queries 963000 best 139 67
queries 964000 best 139 67
queries 965000 best 139 67
queries 966000 best 139 67
queries 967000 best 139 67
queries 968000 best 139 67
queries 969000 best 139 67
queries 970000 best 139 67
queries 971000 best 139 67
queries 972000 best 139 67
queries 973000 best 139 67
queries 974000 best 139 67
queries 975000 best 139 67
queries 976000 best 139 67
queries 977000 best 139 67
queries 978000 best 139 67
queries 979000 best 139 67
queries 980000 best 139 67
queries 981000 best 139 67
queries 982000 best 139 67
queries 983000 best 139 67
queries 984000 best 139 67
queries 985000 best 139 67
queries 986000 best 139 67
queries 987000 best 139 67
queries 988000 best 139 67
queries 989000 best 139 67
queries 990000 best 139 67
queries 991000 best 139 67
queries 992000 best 139 67
queries 993000 best 139 67
queries 994000 best 139 67
queries 995000 best 139 67
queries 996000 best 139 67
queries 997000 best 139 67
queries 998000 best 139 67
queries 999000 best 139 67
queries 1000000 best 139 67
queries 1001000 best 139 67
queries 1002000 best 139 67
queries 1003000 best 139 67
queries 1004000 best 139 67
queries 1005000 best 139 67
queries 1006000 best 139 67
queries 1007000 best 139 67
queries 1008000 best 139 67
queries 1009000 best 139 67
queries 1010000 best 139 67
queries 1011000 best 139 67
queries 1012000 best 139 67
queries 1013000 best 139 67
queries 1014000 best 139 67
queries 1015000 best 139 67
queries 1016000 best 139 67
queries 1017000 best 139 67
queries 1018000 best 139 67
queries 1019000 best 139 67
queries 1020000 best 139 67
queries 1021000 best 139 67
queries 1022000 best 139 67
queries 1023000 best 139 67
queries 1024000 best 139 67
queries 1025000 best 139 67
queries 1026000 best 139 67
queries 1027000 best 139 67
queries 1028000 best 139 67
queries 1029000 best 139 67
queries 1030000 best 139 67
queries 1031000 best 139 67
queries 1032000 best 139 67
queries 1033000 best 139 67
queries 1034000 best 139 67
queries 1035000 best 139 67
queries 1036000 best 139 67
queries 1037000 best 139 67
queries 1038000 best 139 67
queries 1039000 best 139 67
queries 1040000 best 139 67
queries 1041000 best 139 67
queries 1042000 best 139 67
queries 1043000 best 139 67
queries 1044000 best 139 67
queries 1045000 best 139 67
queries 1046000 best 139 67
queries 1047000 best 139 67
queries 1048000 best 139 67
queries 1049000 best 139 67
queries 1050000 best 139 67
queries 1051000 best 139 67
queries 1052000 best 139 67
queries 1053000 best 139 67
queries 1054000 best 139 67
queries 1055000 best 139 67
queries 1056000 best 139 67
queries 1057000 best 139 67
queries 1058000 best 139 67
queries 1059000 best 139 67
queries 1060000 best 139 67
queries 1061000 best 139 67
queries 1062000 best 139 67
queries 1063000 best 139 67
queries 1064000 best 139 67
queries 1065000 best 139 67
queries 1066000 best 139 67
queries 1067000 best 139 67
queries 1068000 best 139 67
queries 1069000 best 139 67
queries 1070000 best 139 67
queries 1071000 best 139 67
queries 1072000 best 139 67
queries 1073000 best 139 67
queries 1074000 best 139 67
queries 1075000 best 139 67
queries 1076000 best 139 67
queries 1077000 best 139 67
queries 1078000 best 139 67
queries 1079000 best 139 67
queries 1080000 best 139 67
queries 1081000 best 139 67
queries 1082000 best 139 67
queries 1083000 best 139 67
queries 1084000 best 139 67
queries 1085000 best 139 67
queries 1086000 best 139 67
queries 1087000 best 139 67
queries 1088000 best 139 67
queries 1089000 best 139 67
queries 1090000 best 139 67
queries 1091000 best 139 67
queries 1092000 best 139 67
queries 1093000 best 139 67
queries 1094000 best 139 67
queries 1095000 best 139 67
queries 1096000 best 139 67
queries 1097000 best 139 67
queries 1098000 best 139 67
queries 1099000 best 139 67
queries 1100000 best 139 67
queries 1101000 best 139 67
queries 1102000 best 139 67
queries 1103000 best 139 67
queries 1104000 best 139 67
queries 1105000 best 139 67
queries 1106000 best 139 67
queries 1107000 best 139 67
queries 1108000 best 139 67
queries 1109000 best 139 67
queries 1110000 best 139 67
queries 1111000 best 139 67
queries 1112000 best 139 67
queries 1113000 best 139 67
queries 1114000 best 139 67
queries 1115000 best 139 67
queries 1116000 best 139 67
queries 1117000 best 139 67
queries 1118000 best 139 67
queries 1119000 best 139 67
queries 1120000 best 139 67
queries 1121000 best 139 67
queries 1122000 best 139 67
queries 1123000 best 139 67
queries 1124000 best 139 67
queries 1125000 best 139 67
queries 1126000 best 139 67
queries 1127000 best 139 67
queries 1128000 best 139 67
queries 1129000 best 139 67
queries 1130000 best 139 67
queries 1131000 best 139 67
queries 1132000 best 139 67
queries 1133000 best 139 67
queries 1134000 best 139 67
queries 1135000 best 139 67
queries 1136000 best 139 67
queries 1137000 best 139 67
queries 1138000 best 139 67
queries 1139000 best 139 67
queries 1140000 best 139 67
queries 1141000 best 139 67
queries 1142000 best 139 67
queries 1143000 best 139 67
queries 1144000 best 139 67
queries 1145000 best 139 67
queries 1146000 best 139 67
queries 1147000 best 139 67
queries 1148000 best 139 67
queries 1149000 best 139 67
queries 1150000 best 139 67
queries 1151000 best 139 67
queries 1152000 best 139 67
queries 1153000 best 139 67
queries 1154000 best 139 67
queries 1155000 best 139 67
queries 1156000 best 139 67
queries 1157000 best 139 67
queries 1158000 best 139 67
queries 1159000 best 139 67
queries 1160000 best 139 67
queries 1161000 best 139 67
queries 1162000 best 139 67
queries 1163000 best 139 67
queries 1164000 best 139 67
queries 1165000 best 139 67
queries 1166000 best 139 67
queries 1167000 best 139 67
queries 1168000 best 139 67
queries 1169000 best 139 67
queries 1170000 best 139 67
queries 1171000 best 139 67
queries 1172000 best 139 67
queries 1173000 best 139 67
queries 1174000 best 139 67
queries 1175000 best 139 67
queries 1176000 best 139 67
queries 1177000 best 139 67
queries 1178000 best 139 67
queries 1179000 best 139 67
queries 1180000 best 139 67
queries 1181000 best 139 67
queries 1182000 best 139 67
queries 1183000 best 139 67
queries 1184000 best 139 67
queries 1185000 best 139 67
queries 1186000 best 139 67
queries 1187000 best 139 67
queries 1188000 best 139 67
queries 1189000 best 139 67
queries 1190000 best 139 67
queries 1191000 best 139 67
queries 1192000 best 139 67
queries 1193000 best 139 67
queries 1194000 best 139 67
queries 1195000 best 139 67
queries 1196000 best 139 67
queries 1197000 best 139 67
queries 1198000 best 139 67
queries 1199000 best 139 67
queries 1200000 best 139 67
queries 1201000 best 139 67
queries 1202000 best 139 67
queries 1203000 best 139 67
queries 1204000 best 139 67
queries 1205000 best 139 67
queries 1206000 best 139 67
queries 1207000 best 139 67
queries 1208000 best 139 67
queries 1209000 best 139 67
queries 1210000 best 139 67
queries 1211000 best 139 67
queries 1212000 best 139 67
queries 1213000 best 139 67
queries 1214000 best 139 67
queries 1215000 best 139 67
queries 1216000 best 139 67
queries 1217000 best 139 67
queries 1218000 best 139 67
queries 1219000 best 139 67
queries 1220000 best 139 67
queries 1221000 best 139 67
queries 1222000 best 139 67
queries 1223000 best 139 67
queries 1224000 best 139 67
queries 1225000 best 139 67
queries 1226000 best 139 67
queries 1227000 best 139 67
queries 1228000 best 139 67
queries 1229000 best 139 67
queries 1230000 best 139 67
queries 1231000 best 139 67
queries 1232000 best 139 67
queries 1233000 best 139 67
queries 1234000 best 139 67
queries 1235000 best 139 67
queries 1236000 best 139 67
queries 1237000 best 139 67
queries 1238000 best 139 67
queries 1239000 best 139 67
queries 1240000 best 139 67
queries 1241000 best 139 67
queries 1242000 best 139 67
queries 1243000 best 139 67
queries 1244000 best 139 67
queries 1245000 best 139 67
queries 1246000 best 139 67
queries 1247000 best 139 67
queries 1248000 best 139 67
queries 1249000 best 139 67
queries 1250000 best 139 67
queries 1251000 best 139 67
queries 1252000 best 139 67
queries 1253000 best 139 67
queries 1254000 best 139 67
queries 1255000 best 139 67
queries 1256000 best 139 67
queries 1257000 best 139 67
queries 1258000 best 139 67
queries 1259000 best 139 67
queries 1260000 best 139 67
queries 1261000 best 139 67
queries 1262000 best 139 67
queries 1263000 best 139 67
queries 1264000 best 139 67
queries 1265000 best 139 67
queries 1266000 best 139 67
queries 1267000 best 139 67
queries 1268000 best 139 67
queries 1269000 best 139 67
queries 1270000 best 139 67
queries 1271000 best 139 67
queries 1272000 best 139 67
queries 1273000 best 139 67
queries 1274000 best 139 67
queries 1275000 best 139 67
queries 1276000 best 139 67
queries 1277000 best 139 67
queries 1278000 best 139 67
queries 1279000 best 139 67
queries 1280000 best 139 67
queries 1281000 best 139 67
queries 1282000 best 139 67
queries 1283000 best 139 67
queries 1284000 best 139 67
queries 1285000 best 139 67
queries 1286000 best 139 67
queries 1287000 best 139 67
queries 1288000 best 139 67
queries 1289000 best 139 67
queries 1290000 best 139 67
queries 1291000 best 139 67
queries 1292000 best 139 67
queries 1293000 best 139 67
queries 1294000 best 139 67
queries 1295000 best 139 67
queries 1296000 best 139 67
queries 1297000 best 139 67
queries 1298000 best 139 67
queries 1299000 best 139 67
queries 1300000 best 139 67
queries 1301000 best 139 67
queries 1302000 best 139 67
queries 1303000 best 139 67
queries 1304000 best 139 67
queries 1305000 best 139 67
queries 1306000 best 139 67
queries 1307000 best 139 67
queries 1308000 best 139 67
queries 1309000 best 139 67
queries 1310000 best 139 67
queries 1311000 best 139 67
queries 1312000 best 139 67
queries 1313000 best 139 67
queries 1314000 best 139 67
queries 1315000 best 139 67
queries 1316000 best 139 67
queries 1317000 best 139 67
queries 1318000 best 139 67
queries 1319000 best 139 67
queries 1320000 best 139 67
queries 1321000 best 139 67
queries 1322000 best 139 67
queries 1323000 best 139 67
queries 1324000 best 139 67
queries 1325000 best 139 67
queries 1326000 best 139 67
queries 1327000 best 139 67
queries 1328000 best 139 67
queries 1329000 best 139 67
queries 1330000 best 139 67
queries 1331000 best 139 67
queries 1332000 best 139 67
queries 1333000 best 139 67
queries 1334000 best 139 67
queries 1335000 best 139 67
queries 1336000 best 139 67
queries 1337000 best 139 67
queries 1338000 best 139 67
queries 1339000 best 139 67
queries 1340000 best 139 67
queries 1341000 best 139 67
queries 1342000 best 139 67
queries 1343000 best 139 67
queries 1344000 best 139 67
queries 1345000 best 139 67
queries 1346000 best 139 67
queries 1347000 best 139 67
queries 1348000 best 139 67
queries 1349000 best 139 67
queries 1350000 best 139 67
queries 1351000 best 139 67
queries 1352000 best 139 67
queries 1353000 best 139 67
queries 1354000 best 139 67
queries 1355000 best 139 67
queries 1356000 best 139 67
queries 1357000 best 139 67
queries 1358000 best 139 67
queries 1359000 best 139 67
queries 1360000 best 139 67
queries 1361000 best 139 67
queries 1362000 best 139 67
queries 1363000 best 139 67
queries 1364000 best 139 67
queries 1365000 best 139 67
queries 1366000 best 139 67
queries 1367000 best 139 67
queries 1368000 best 139 67
queries 1369000 best 139 67
queries 1370000 best 139 67
queries 1371000 best 139 67
queries 1372000 best 139 67
queries 1373000 best 139 67
queries 1374000 best 139 67
queries 1375000 best 139 67
queries 1376000 best 139 67
queries 1377000 best 139 67
queries 1378000 best 139 67
queries 1379000 best 139 67
queries 1380000 best 139 67
queries 1381000 best 139 67
queries 1382000 best 139 67
queries 1383000 best 139 67
queries 1384000 best 139 67
queries 1385000 best 139 67
queries 1386000 best 139 67
queries 1387000 best 139 67
queries 1388000 best 139 67
queries 1389000 best 139 67
queries 1390000 best 139 67
queries 1391000 best 139 67
queries 1392000 best 139 67
queries 1393000 best 139 67
queries 1394000 best 139 67
queries 1395000 best 139 67
queries 1396000 best 139 67
queries 1397000 best 139 67
queries 1398000 best 139 67
queries 1399000 best 139 67
queries 1400000 best 139 67
queries 1401000 best 139 67
queries 1402000 best 139 67
queries 1403000 best 139 67
queries 1404000 best 139 67
queries 1405000 best 139 67
queries 1406000 best 139 67
queries 1407000 best 139 67
queries 1408000 best 139 67
queries 1409000 best 139 67
queries 1410000 best 139 67
queries 1411000 best 139 67
queries 1412000 best 139 67
queries 1413000 best 139 67
queries 1414000 best 139 67
queries 1415000 best 139 67
queries 1416000 best 139 67
queries 1417000 best 139 67
queries 1418000 best 139 67
queries 1419000 best 139 67
queries 1420000 best 139 67
queries 1421000 best 139 67
queries 1422000 best 139 67
queries 1423000 best 139 67
queries 1424000 best 139 67
queries 1425000 best 139 67
queries 1426000 best 139 67
queries 1427000 best 139 67
queries 1428000 best 139 67
queries 1429000 best 139 67
queries 1430000 best 139 67
queries 1431000 best 139 67
queries 1432000 best 139 67
queries 1433000 best 139 67
queries 1434000 best 139 67
queries 1435000 best 139 67
queries 1436000 best 139 67
queries 1437000 best 139 67
queries 1438000 best 139 67
queries 1439000 best 139 67
queries 1440000 best 139 67
queries 1441000 best 139 67
queries 1442000 best 139 67
queries 1443000 best 139 67
queries 1444000 best 139 67
queries 1445000 best 139 67
queries 1446000 best 139 67
queries 1447000 best 139 67
queries 1448000 best 139 67
queries 1449000 best 139 67
queries 1450000 best 139 67
queries 1451000 best 139 67
queries 1452000 best 139 67
queries 1453000 best 139 67
queries 1454000 best 139 67
queries 1455000 best 139 67
queries 1456000 best 139 67
queries 1457000 best 139 67
queries 1458000 best 139 67
queries 1459000 best 139 67
queries 1460000 best 139 67
queries 1461000 best 139 67
queries 1462000 best 139 67
queries 1463000 best 139 67
queries 1464000 best 139 67
queries 1465000 best 139 67
queries 1466000 best 139 67
queries 1467000 best 139 67
queries 1468000 best 139 67
queries 1469000 best 139 67
queries 1470000 best 139 67
queries 1471000 best 139 67
queries 1472000 best 139 67
queries 1473000 best 139 67
queries 1474000 best 139 67
queries 1475000 best 139 67
queries 1476000 best 139 67
queries 1477000 best 139 67
queries 1478000 best 139 67
queries 1479000 best 139 67
queries 1480000 best 139 67
queries 1481000 best 139 67
queries 1482000 best 139 67
queries 1483000 best 139 67
queries 1484000 best 139 67
queries 1485000 best 139 67
queries 1486000 best 139 67
queries 1487000 best 139 67
queries 1488000 best 139 67
queries 1489000 best 139 67
queries 1490000 best 139 67
queries 1491000 best 139 67
queries 1492000 best 139 67
queries 1493000 best 139 67
queries 1494000 best 139 67
queries 1495000 best 139 67
queries 1496000 best 139 67
queries 1497000 best 139 67
queries 1498000 best 139 67
queries 1499000 best 139 67
queries 1500000 best 139 67
queries 1501000 best 139 67
queries 1502000 best 139 67
queries 1503000 best 139 67
queries 1504000 best 139 67
queries 1505000 best 139 67
queries 1506000 best 139 67
queries 1507000 best 139 67
queries 1508000 best 139 67
queries 1509000 best 139 67
queries 1510000 best 139 67
queries 1511000 best 139 67
queries 1512000 best 139 67
queries 1513000 best 139 67
queries 1514000 best 139 67
queries 1515000 best 139 67
queries 1516000 best 139 67
queries 1517000 best 139 67
queries 1518000 best 139 67
queries 1519000 best 139 67
queries 1520000 best 139 67
queries 1521000 best 139 67
queries 1522000 best 139 67
queries 1523000 best 139 67
queries 1524000 best 139 67
queries 1525000 best 139 67
queries 1526000 best 139 67
queries 1527000 best 139 67
queries 1528000 best 139 67
queries 1529000 best 139 67
queries 1530000 best 139 67
queries 1531000 best 139 67
queries 1532000 best 139 67
queries 1533000 best 139 67
queries 1534000 best 139 67
queries 1535000 best 139 67
queries 1536000 best 139 67
queries 1537000 best 139 67
queries 1538000 best 139 67
queries 1539000 best 139 67
queries 1540000 best 139 67
queries 1541000 best 139 67
queries 1542000 best 139 67
queries 1543000 best 139 67
queries 1544000 best 139 67
queries 1545000 best 139 67
queries 1546000 best 139 67
queries 1547000 best 139 67
queries 1548000 best 139 67
queries 1549000 best 139 67
queries 1550000 best 139 67
queries 1551000 best 139 67
queries 1552000 best 139 67
queries 1553000 best 139 67
queries 1554000 best 139 67
queries 1555000 best 139 67
queries 1556000 best 139 67
queries 1557000 best 139 67
queries 1558000 best 139 67
queries 1559000 best 139 67
queries 1560000 best 139 67
queries 1561000 best 139 67
queries 1562000 best 139 67
queries 1563000 best 139 67
queries 1564000 best 139 67
queries 1565000 best 139 67
queries 1566000 best 139 67
queries 1567000 best 139 67
queries 1568000 best 139 67
queries 1569000 best 139 67
queries 1570000 best 139 67
queries 1571000 best 139 67
queries 1572000 best 139 67
queries 1573000 best 139 67
queries 1574000 best 139 67
queries 1575000 best 139 67
queries 1576000 best 139 67
queries 1577000 best 139 67
queries 1578000 best 139 67
queries 1579000 best 139 67
queries 1580000 best 139 67
queries 1581000 best 139 67
queries 1582000 best 139 67
queries 1583000 best 139 67
queries 1584000 best 139 67
queries 1585000 best 139 67
queries 1586000 best 139 67
queries 1587000 best 139 67
queries 1588000 best 139 67
queries 1589000 best 139 67
queries 1590000 best 139 67
queries 1591000 best 139 67
queries 1592000 best 139 67
queries 1593000 best 139 67
queries 1594000 best 139 67
queries 1595000 best 139 67
queries 1596000 best 139 67
