queries 1000 best 139 67
queries 2000 best 139 67
queries 3000 best 139 67
queries 4000 best 139 67
queries 5000 best 139 67
queries 6000 best 139 67
queries 7000 best 139 67
queries 8000 best 139 67
queries 9000 best 139 67
queries 10000 best 139 67
queries 11000 best 139 67
queries 12000 best 139 67
queries 13000 best 139 67
queries 14000 best 139 67
queries 15000 best 139 67
queries 16000 best 139 67
queries 17000 best 139 67
queries 18000 best 139 67
queries 19000 best 139 67
queries 20000 best 139 67
queries 21000 best 139 67
queries 22000 best 139 67
queries 23000 best 139 67
queries 24000 best 139 67
queries 25000 best 139 67
queries 26000 best 139 67
queries 27000 best 139 67
queries 28000 best 139 67
queries 29000 best 139 67
queries 30000 best 139 67
queries 31000 best 139 67
queries 32000 best 139 67
queries 33000 best 139 67
queries 34000 best 139 67
queries 35000 best 139 67
queries 36000 best 139 67
queries 37000 best 139 67
queries 38000 best 139 67
queries 39000 best 139 67
queries 40000 best 139 67
queries 41000 best 139 67
queries 42000 best 139 67
queries 43000 best 139 67
queries 44000 best 139 67
queries 45000 best 139 67
queries 46000 best 139 67
queries 47000 best 139 67
queries 48000 best 139 67
queries 49000 best 139 67
queries 50000 best 139 67
queries 51000 best 139 67
queries 52000 best 139 67
queries 53000 best 139 67
queries 54000 best 139 67
queries 55000 best 139 67
queries 56000 best 139 67
queries 57000 best 139 67
queries 58000 best 139 67
queries 59000 best 139 67
queries 60000 best 139 67
queries 61000 best 139 67
queries 62000 best 139 67
queries 63000 best 139 67
queries 64000 best 139 67
queries 65000 best 139 67
queries 66000 best 139 67
queries 67000 best 139 67
queries 68000 best 139 67
queries 69000 best 139 67
queries 70000 best 139 67
queries 71000 best 139 67
queries 72000 best 139 67
queries 73000 best 139 67
queries 74000 best 139 67
queries 75000 best 139 67
queries 76000 best 139 67
queries 77000 best 139 67
queries 78000 best 139 67
queries 79000 best 139 67
queries 80000 best 139 67
queries 81000 best 139 67
queries 82000 best 139 67
queries 83000 best 139 67
queries 84000 best 139 67
queries 85000 best 139 67
queries 86000 best 139 67
queries 87000 best 139 67
queries 88000 best 139 67
queries 89000 best 139 67
queries 90000 best 139 67
queries 91000 best 139 67
queries 92000 best 139 67
queries 93000 best 139 67
queries 94000 best 139 67
queries 95000 best 139 67
queries 96000 best 139 67
queries 97000 best 139 67
queries 98000 best 139 67
queries 99000 best 139 67
queries 100000 best 139 67
queries 101000 best 139 67
queries 102000 best 139 67
queries 103000 best 139 67
queries 104000 best 139 67
queries 105000 best 139 67
queries 106000 best 139 67
queries 107000 best 139 67
queries 108000 best 139 67
queries 109000 best 139 67
queries 110000 best 139 67
queries 111000 best 139 67
queries 112000 best 139 67
queries 113000 best 139 67
queries 114000 best 139 67
queries 115000 best 139 67
queries 116000 best 139 67
queries 117000 best 139 67
queries 118000 best 139 67
queries 119000 best 139 67
queries 120000 best 139 67
queries 121000 best 139 67
queries 122000 best 139 67
queries 123000 best 139 67
queries 124000 best 139 67
queries 125000 best 139 67
queries 126000 best 139 67
queries 127000 best 139 67
queries 128000 best 139 67
queries 129000 best 139 67
queries 130000 best 139 67
queries 131000 best 139 67
queries 132000 best 139 67
queries 133000 best 139 67
queries 134000 best 139 67
queries 135000 best 139 67
queries 136000 best 139 67
queries 137000 best 139 67
queries 138000 best 139 67
queries 139000 best 139 67
queries 140000 best 139 67
queries 141000 best 139 67
queries 142000 best 139 67
queries 143000 best 139 67
queries 144000 best 139 67
queries 145000 best 139 67
queries 146000 best 139 67
queries 147000 best 139 67
queries 148000 best 139 67
queries 149000 best 139 67
queries 150000 best 139 67
queries 151000 best 139 67
queries 152000 best 139 67
queries 153000 best 139 67
queries 154000 best 139 67
queries 155000 best 139 67
queries 156000 best 139 67
queries 157000 best 139 67
queries 158000 best 139 67
queries 159000 best 139 67
queries 160000 best 139 67
queries 161000 best 139 67
queries 162000 best 139 67
queries 163000 best 139 67
queries 164000 best 139 67
queries 165000 best 139 67
queries 166000 best 139 67
queries 167000 best 139 67
queries 168000 best 139 67
queries 169000 best 139 67
queries 170000 best 139 67
queries 171000 best 139 67
queries 172000 best 139 67
queries 173000 best 139 67
queries 174000 best 139 67
queries 175000 best 139 67
queries 176000 best 139 67
queries 177000 best 139 67
queries 178000 best 139 67
queries 179000 best 139 67
queries 180000 best 139 67
queries 181000 best 139 67
queries 182000 best 139 67
queries 183000 best 139 67
queries 184000 best 139 67
queries 185000 best 139 67
queries 186000 best 139 67
queries 187000 best 139 67
queries 188000 best 139 67
queries 189000 best 139 67
queries 190000 best 139 67
queries 191000 best 139 67
queries 192000 best 139 67
queries 193000 best 139 67
queries 194000 best 139 67
queries 195000 best 139 67
queries 196000 best 139 67
queries 197000 best 139 67
queries 198000 best 139 67
queries 199000 best 139 67
queries 200000 best 139 67
queries 201000 best 139 67
queries 202000 best 139 67
queries 203000 best 139 67
queries 204000 best 139 67
queries 205000 best 139 67
queries 206000 best 139 67
queries 207000 best 139 67
queries 208000 best 139 67
queries 209000 best 139 67
queries 210000 best 139 67
queries 211000 best 139 67
queries 212000 best 139 67
queries 213000 best 139 67
queries 214000 best 139 67
queries 215000 best 139 67
queries 216000 best 139 67
queries 217000 best 139 67
queries 218000 best 139 67
queries 219000 best 139 67
queries 220000 best 139 67
queries 221000 best 139 67
queries 222000 best 139 67
queries 223000 best 139 67
queries 224000 best 139 67
queries 225000 best 139 67
queries 226000 best 139 67
queries 227000 best 139 67
queries 228000 best 139 67
queries 229000 best 139 67
queries 230000 best 139 67
queries 231000 best 139 67
queries 232000 best 139 67
queries 233000 best 139 67
queries 234000 best 139 67
queries 235000 best 139 67
queries 236000 best 139 67
queries 237000 best 139 67
queries 238000 best 139 67
queries 239000 best 139 67
queries 240000 best 139 67
queries 241000 best 139 67
queries 242000 best 139 67
queries 243000 best 139 67
queries 244000 best 139 67
queries 245000 best 139 67
queries 246000 best 139 67
queries 247000 best 139 67
queries 248000 best 139 67
queries 249000 best 139 67
queries 250000 best 139 67
queries 251000 best 139 67
queries 252000 best 139 67
queries 253000 best 139 67
queries 254000 best 139 67
queries 255000 best 139 67
queries 256000 best 139 67
queries 257000 best 139 67
queries 258000 best 139 67
queries 259000 best 139 67
queries 260000 best 139 67
queries 261000 best 139 67
queries 262000 best 139 67
queries 263000 best 139 67
queries 264000 best 139 67
queries 265000 best 139 67
queries 266000 best 139 67
queries 267000 best 139 67
queries 268000 best 139 67
queries 269000 best 139 67
queries 270000 best 139 67
queries 271000 best 139 67
queries 272000 best 139 67
queries 273000 best 139 67
queries 274000 best 139 67
queries 275000 best 139 67
queries 276000 best 139 67
queries 277000 best 139 67
queries 278000 best 139 67
queries 279000 best 139 67
queries 280000 best 139 67
queries 281000 best 139 67
queries 282000 best 139 67
queries 283000 best 139 67
queries 284000 best 139 67
queries 285000 best 139 67
queries 286000 best 139 67
queries 287000 best 139 67
queries 288000 best 139 67
queries 289000 best 139 67
queries 290000 best 139 67
queries 291000 best 139 67
queries 292000 best 139 67
queries 293000 best 139 67
queries 294000 best 139 67
queries 295000 best 139 67
queries 296000 best 139 67
queries 297000 best 139 67
queries 298000 best 139 67
queries 299000 best 139 67
queries 300000 best 139 67
queries 301000 best 139 67
queries 302000 best 139 67
queries 303000 best 139 67
queries 304000 best 139 67
queries 305000 best 139 67
queries 306000 best 139 67
queries 307000 best 139 67
queries 308000 best 139 67
queries 309000 best 139 67
queries 310000 best 139 67
queries 311000 best 139 67
queries 312000 best 139 67
queries 313000 best 139 67
queries 314000 best 139 67
queries 315000 best 139 67
queries 316000 best 139 67
queries 317000 best 139 67
queries 318000 best 139 67
queries 319000 best 139 67
queries 320000 best 139 67
queries 321000 best 139 67
queries 322000 best 139 67
queries 323000 best 139 67
queries 324000 best 139 67
queries 325000 best 139 67
queries 326000 best 139 67
queries 327000 best 139 67
queries 328000 best 139 67
queries 329000 best 139 67
queries 330000 best 139 67
queries 331000 best 139 67
queries 332000 best 139 67
queries 333000 best 139 67
queries 334000 best 139 67
queries 335000 best 139 67
queries 336000 best 139 67
queries 337000 best 139 67
queries 338000 best 139 67
queries 339000 best 139 67
queries 340000 best 139 67
queries 341000 best 139 67
queries 342000 best 139 67
queries 343000 best 139 67
queries 344000 best 139 67
queries 345000 best 139 67
queries 346000 best 139 67
queries 347000 best 139 67
queries 348000 best 139 67
queries 349000 best 139 67
queries 350000 best 139 67
queries 351000 best 139 67
queries 352000 best 139 67
queries 353000 best 139 67
queries 354000 best 139 67
queries 355000 best 139 67
queries 356000 best 139 67
queries 357000 best 139 67
queries 358000 best 139 67
queries 359000 best 139 67
queries 360000 best 139 67
queries 361000 best 139 67
queries 362000 best 139 67
queries 363000 best 139 67
queries 364000 best 139 67
queries 365000 best 139 67
queries 366000 best 139 67
queries 367000 best 139 67
queries 368000 best 139 67
queries 369000 best 139 67
queries 370000 best 139 67
queries 371000 best 139 67
queries 372000 best 139 67
queries 373000 best 139 67
queries 374000 best 139 67
queries 375000 best 139 67
queries 376000 best 139 67
queries 377000 best 139 67
queries 378000 best 139 67
queries 379000 best 139 67
queries 380000 best 139 67
queries 381000 best 139 67
queries 382000 best 139 67
queries 383000 best 139 67
queries 384000 best 139 67
queries 385000 best 139 67
queries 386000 best 139 67
queries 387000 best 139 67
queries 388000 best 139 67
queries 389000 best 139 67
queries 390000 best 139 67
queries 391000 best 139 67
queries 392000 best 139 67
queries 393000 best 139 67
queries 394000 best 139 67
queries 395000 best 139 67
queries 396000 best 139 67
queries 397000 best 139 67
queries 398000 best 139 67
queries 399000 best 139 67
queries 400000 best 139 67
queries 401000 best 139 67
queries 402000 best 139 67
queries 403000 best 139 67
queries 404000 best 139 67
queries 405000 best 139 67
queries 406000 best 139 67
queries 407000 best 139 67
queries 408000 best 139 67
queries 409000 best 139 67
queries 410000 best 139 67
queries 411000 best 139 67
queries 412000 best 139 67
queries 413000 best 139 67
queries 414000 best 139 67
queries 415000 best 139 67
queries 416000 best 139 67
queries 417000 best 139 67
queries 418000 best 139 67
queries 419000 best 139 67
queries 420000 best 139 67
queries 421000 best 139 67
queries 422000 best 139 67
queries 423000 best 139 67
queries 424000 best 139 67
queries 425000 best 139 67
queries 426000 best 139 67
queries 427000 best 139 67
queries 428000 best 139 67
queries 429000 best 139 67
