queries 1000 best 136 66
queries 2000 best 136 66
queries 3000 best 136 66
queries 4000 best 136 66
queries 5000 best 136 66
queries 6000 best 136 66
queries 7000 best 136 66
queries 8000 best 136 66
queries 9000 best 136 66
queries 10000 best 136 66
queries 11000 best 136 66
queries 12000 best 136 66
queries 13000 best 136 66
queries 14000 best 136 66
queries 15000 best 136 66
queries 16000 best 136 66
queries 17000 best 136 66
queries 18000 best 136 66
queries 19000 best 136 66
queries 20000 best 136 66
queries 21000 best 136 66
queries 22000 best 136 66
queries 23000 best 136 66
queries 24000 best 136 66
queries 25000 best 136 66
queries 26000 best 136 66
queries 27000 best 136 66
queries 28000 best 136 66
queries 29000 best 136 66
queries 30000 best 136 66
queries 31000 best 136 66
queries 32000 best 136 66
queries 33000 best 136 66
queries 34000 best 136 66
queries 35000 best 136 66
queries 36000 best 136 66
queries 37000 best 136 66
queries 38000 best 136 66
queries 39000 best 136 66
queries 40000 best 136 66
queries 41000 best 136 66
queries 42000 best 136 66
queries 43000 best 136 66
queries 44000 best 136 66
queries 45000 best 136 66
queries 46000 best 136 66
queries 47000 best 136 66
queries 48000 best 136 66
queries 49000 best 136 66
queries 50000 best 136 66
queries 51000 best 136 66
queries 52000 best 136 66
queries 53000 best 136 66
queries 54000 best 136 66
queries 55000 best 136 66
queries 56000 best 136 66
queries 57000 best 136 66
queries 58000 best 136 66
queries 59000 best 136 66
queries 60000 best 136 66
queries 61000 best 136 66
queries 62000 best 136 66
queries 63000 best 136 66
queries 64000 best 136 66
queries 65000 best 136 66
queries 66000 best 136 66
queries 67000 best 136 66
queries 68000 best 136 66
queries 69000 best 136 66
queries 70000 best 136 66
queries 71000 best 136 66
queries 72000 best 136 66
queries 73000 best 136 66
queries 74000 best 136 66
queries 75000 best 136 66
queries 76000 best 136 66
queries 77000 best 136 66
queries 78000 best 136 66
queries 79000 best 136 66
queries 80000 best 136 66
queries 81000 best 136 66
queries 82000 best 136 66
queries 83000 best 136 66
queries 84000 best 136 66
queries 85000 best 136 66
queries 86000 best 136 66
queries 87000 best 136 66
queries 88000 best 136 66
queries 89000 best 136 66
queries 90000 best 136 66
queries 91000 best 136 66
queries 92000 best 136 66
queries 93000 best 136 66
queries 94000 best 136 66
queries 95000 best 136 66
queries 96000 best 136 66
queries 97000 best 136 66
queries 98000 best 136 66
queries 99000 best 136 66
queries 100000 best 136 66
queries 101000 best 136 66
queries 102000 best 136 66
queries 103000 best 136 66
queries 104000 best 136 66
queries 105000 best 136 66
queries 106000 best 136 66
queries 107000 best 136 66
queries 108000 best 136 66
queries 109000 best 136 66
queries 110000 best 136 66
queries 111000 best 136 66
queries 112000 best 136 66
queries 113000 best 136 66
queries 114000 best 136 66
queries 115000 best 136 66
queries 116000 best 136 66
queries 117000 best 136 66
queries 118000 best 136 66
queries 119000 best 136 66
queries 120000 best 136 66
queries 121000 best 136 66
queries 122000 best 136 66
queries 123000 best 136 66
queries 124000 best 136 66
queries 125000 best 136 66
queries 126000 best 136 66
queries 127000 best 136 66
queries 128000 best 136 66
queries 129000 best 136 66
queries 130000 best 136 66
queries 131000 best 136 66
queries 132000 best 136 66
queries 133000 best 136 66
queries 134000 best 136 66
queries 135000 best 136 66
queries 136000 best 136 66
queries 137000 best 136 66
queries 138000 best 136 66
queries 139000 best 136 66
queries 140000 best 136 66
queries 141000 best 136 66
queries 142000 best 136 66
queries 143000 best 136 66
queries 144000 best 136 66
queries 145000 best 136 66
queries 146000 best 136 66
queries 147000 best 136 66
queries 148000 best 136 66
queries 149000 best 136 66
queries 150000 best 136 66
queries 151000 best 136 66
queries 152000 best 136 66
queries 153000 best 136 66
queries 154000 best 136 66
queries 155000 best 136 66
queries 156000 best 136 66
queries 157000 best 136 66
queries 158000 best 136 66
queries 159000 best 136 66
queries 160000 best 136 66
queries 161000 best 136 66
queries 162000 best 136 66
queries 163000 best 136 66
queries 164000 best 136 66
queries 165000 best 136 66
queries 166000 best 136 66
queries 167000 best 136 66
queries 168000 best 136 66
queries 169000 best 136 66
queries 170000 best 136 66
queries 171000 best 136 66
queries 172000 best 136 66
queries 173000 best 136 66
queries 174000 best 136 66
queries 175000 best 136 66
queries 176000 best 136 66
queries 177000 best 136 66
queries 178000 best 136 66
queries 179000 best 136 66
queries 180000 best 136 66
queries 181000 best 136 66
queries 182000 best 136 66
queries 183000 best 136 66
queries 184000 best 136 66
queries 185000 best 136 66
queries 186000 best 136 66
queries 187000 best 136 66
queries 188000 best 136 66
queries 189000 best 136 66
queries 190000 best 136 66
queries 191000 best 136 66
queries 192000 best 136 66
queries 193000 best 136 66
queries 194000 best 136 66
queries 195000 best 136 66
queries 196000 best 136 66
queries 197000 best 136 66
queries 198000 best 136 66
queries 199000 best 136 66
queries 200000 best 136 66
queries 201000 best 136 66
queries 202000 best 136 66
queries 203000 best 136 66
queries 204000 best 136 66
queries 205000 best 136 66
queries 206000 best 136 66
queries 207000 best 136 66
queries 208000 best 136 66
queries 209000 best 136 66
queries 210000 best 136 66
queries 211000 best 136 66
queries 212000 best 136 66
queries 213000 best 136 66
queries 214000 best 136 66
queries 215000 best 136 66
queries 216000 best 136 66
queries 217000 best 136 66
queries 218000 best 136 66
queries 219000 best 136 66
queries 220000 best 136 66
queries 221000 best 136 66
queries 222000 best 136 66
queries 223000 best 136 66
queries 224000 best 136 66
queries 225000 best 136 66
queries 226000 best 136 66
queries 227000 best 136 66
queries 228000 best 136 66
queries 229000 best 136 66
queries 230000 best 136 66
queries 231000 best 136 66
queries 232000 best 136 66
queries 233000 best 136 66
queries 234000 best 136 66
queries 235000 best 136 66
queries 236000 best 136 66
queries 237000 best 136 66
queries 238000 best 136 66
queries 239000 best 136 66
queries 240000 best 136 66
queries 241000 best 136 66
queries 242000 best 136 66
queries 243000 best 136 66
queries 244000 best 136 66
queries 245000 best 136 66
queries 246000 best 136 66
queries 247000 best 136 66
queries 248000 best 136 66
queries 249000 best 136 66
queries 250000 best 136 66
queries 251000 best 136 66
queries 252000 best 136 66
queries 253000 best 136 66
queries 254000 best 136 66
queries 255000 best 136 66
queries 256000 best 136 66
queries 257000 best 136 66
queries 258000 best 136 66
queries 259000 best 136 66
queries 260000 best 136 66
queries 261000 best 136 66
queries 262000 best 136 66
queries 263000 best 136 66
queries 264000 best 136 66
queries 265000 best 136 66
queries 266000 best 136 66
queries 267000 best 136 66
queries 268000 best 136 66
queries 269000 best 136 66
queries 270000 best 136 66
queries 271000 best 136 66
queries 272000 best 136 66
queries 273000 best 136 66
queries 274000 best 136 66
queries 275000 best 136 66
queries 276000 best 136 66
queries 277000 best 136 66
queries 278000 best 136 66
queries 279000 best 136 66
queries 280000 best 136 66
queries 281000 best 136 66
queries 282000 best 136 66
queries 283000 best 136 66
queries 284000 best 136 66
queries 285000 best 136 66
queries 286000 best 136 66
queries 287000 best 136 66
queries 288000 best 136 66
queries 289000 best 136 66
queries 290000 best 136 66
queries 291000 best 136 66
queries 292000 best 136 66
queries 293000 best 136 66
queries 294000 best 136 66
queries 295000 best 136 66
queries 296000 best 136 66
queries 297000 best 136 66
queries 298000 best 136 66
queries 299000 best 136 66
queries 300000 best 136 66
queries 301000 best 136 66
queries 302000 best 136 66
queries 303000 best 136 66
queries 304000 best 136 66
queries 305000 best 136 66
queries 306000 best 136 66
queries 307000 best 136 66
queries 308000 best 136 66
queries 309000 best 136 66
queries 310000 best 136 66
queries 311000 best 136 66
queries 312000 best 136 66
queries 313000 best 136 66
queries 314000 best 136 66
queries 315000 best 136 66
queries 316000 best 136 66
queries 317000 best 136 66
queries 318000 best 136 66
queries 319000 best 136 66
queries 320000 best 136 66
queries 321000 best 136 66
queries 322000 best 136 66
queries 323000 best 136 66
queries 324000 best 136 66
queries 325000 best 136 66
queries 326000 best 136 66
queries 327000 best 136 66
queries 328000 best 136 66
queries 329000 best 136 66
queries 330000 best 136 66
queries 331000 best 136 66
queries 332000 best 136 66
queries 333000 best 136 66
queries 334000 best 136 66
queries 335000 best 136 66
queries 336000 best 136 66
queries 337000 best 136 66
queries 338000 best 136 66
queries 339000 best 136 66
queries 340000 best 136 66
queries 341000 best 136 66
queries 342000 best 136 66
queries 343000 best 136 66
queries 344000 best 136 66
queries 345000 best 136 66
queries 346000 best 136 66
queries 347000 best 136 66
queries 348000 best 136 66
queries 349000 best 136 66
queries 350000 best 136 66
queries 351000 best 136 66
queries 352000 best 136 66
queries 353000 best 136 66
queries 354000 best 136 66
queries 355000 best 136 66
queries 356000 best 136 66
queries 357000 best 136 66
queries 358000 best 136 66
queries 359000 best 136 66
queries 360000 best 136 66
queries 361000 best 136 66
queries 362000 best 136 66
queries 363000 best 136 66
queries 364000 best 136 66
queries 365000 best 136 66
queries 366000 best 136 66
queries 367000 best 136 66
queries 368000 best 136 66
queries 369000 best 136 66
queries 370000 best 136 66
queries 371000 best 136 66
queries 372000 best 136 66
queries 373000 best 136 66
queries 374000 best 136 66
queries 375000 best 136 66
queries 376000 best 136 66
queries 377000 best 136 66
queries 378000 best 136 66
queries 379000 best 136 66
queries 380000 best 136 66
queries 381000 best 136 66
queries 382000 best 136 66
queries 383000 best 136 66
queries 384000 best 136 66
queries 385000 best 136 66
queries 386000 best 136 66
queries 387000 best 136 66
queries 388000 best 136 66
queries 389000 best 136 66
queries 390000 best 136 66
queries 391000 best 136 66
queries 392000 best 136 66
queries 393000 best 136 66
queries 394000 best 136 66
queries 395000 best 136 66
queries 396000 best 136 66
queries 397000 best 136 66
queries 398000 best 136 66
queries 399000 best 136 66
queries 400000 best 136 66
queries 401000 best 136 66
queries 402000 best 136 66
queries 403000 best 136 66
queries 404000 best 136 66
queries 405000 best 136 66
queries 406000 best 136 66
queries 407000 best 136 66
queries 408000 best 136 66
queries 409000 best 136 66
queries 410000 best 136 66
queries 411000 best 136 66
queries 412000 best 136 66
queries 413000 best 136 66
queries 414000 best 136 66
queries 415000 best 136 66
queries 416000 best 136 66
queries 417000 best 136 66
queries 418000 best 136 66
queries 419000 best 136 66
queries 420000 best 136 66
queries 421000 best 136 66
queries 422000 best 136 66
queries 423000 best 136 66
queries 424000 best 136 66
queries 425000 best 136 66
queries 426000 best 136 66
queries 427000 best 136 66
queries 428000 best 136 66
queries 429000 best 136 66
queries 430000 best 136 66
queries 431000 best 136 66
queries 432000 best 136 66
queries 433000 best 136 66
queries 434000 best 136 66
queries 435000 best 136 66
queries 436000 best 136 66
queries 437000 best 136 66
queries 438000 best 136 66
queries 439000 best 136 66
queries 440000 best 136 66
queries 441000 best 136 66
queries 442000 best 136 66
queries 443000 best 136 66
queries 444000 best 136 66
queries 445000 best 136 66
queries 446000 best 136 66
queries 447000 best 136 66
queries 448000 best 136 66
queries 449000 best 136 66
queries 450000 best 136 66
queries 451000 best 136 66
queries 452000 best 136 66
queries 453000 best 136 66
queries 454000 best 136 66
queries 455000 best 136 66
queries 456000 best 136 66
queries 457000 best 136 66
queries 458000 best 136 66
queries 459000 best 136 66
queries 460000 best 136 66
queries 461000 best 136 66
queries 462000 best 136 66
queries 463000 best 136 66
queries 464000 best 136 66
queries 465000 best 136 66
queries 466000 best 136 66
queries 467000 best 136 66
queries 468000 best 136 66
queries 469000 best 136 66
queries 470000 best 136 66
queries 471000 best 136 66
queries 472000 best 136 66
queries 473000 best 136 66
queries 474000 best 136 66
queries 475000 best 136 66
queries 476000 best 136 66
queries 477000 best 136 66
queries 478000 best 136 66
queries 479000 best 136 66
queries 480000 best 136 66
queries 481000 best 136 66
queries 482000 best 136 66
queries 483000 best 136 66
queries 484000 best 136 66
queries 485000 best 136 66
queries 486000 best 136 66
queries 487000 best 136 66
queries 488000 best 136 66
queries 489000 best 136 66
queries 490000 best 136 66
queries 491000 best 136 66
queries 492000 best 136 66
queries 493000 best 136 66
queries 494000 best 136 66
queries 495000 best 136 66
queries 496000 best 136 66
queries 497000 best 136 66
queries 498000 best 136 66
queries 499000 best 136 66
queries 500000 best 136 66
queries 501000 best 136 66
queries 502000 best 136 66
queries 503000 best 136 66
queries 504000 best 136 66
queries 505000 best 136 66
queries 506000 best 136 66
queries 507000 best 136 66
queries 508000 best 136 66
queries 509000 best 136 66
queries 510000 best 136 66
queries 511000 best 136 66
queries 512000 best 136 66
queries 513000 best 136 66
queries 514000 best 136 66
queries 515000 best 136 66
queries 516000 best 136 66
queries 517000 best 136 66
queries 518000 best 136 66
queries 519000 best 136 66
queries 520000 best 136 66
queries 521000 best 136 66
queries 522000 best 136 66
queries 523000 best 136 66
queries 524000 best 136 66
queries 525000 best 136 66
queries 526000 best 136 66
queries 527000 best 136 66
queries 528000 best 136 66
queries 529000 best 136 66
queries 530000 best 136 66
queries 531000 best 136 66
queries 532000 best 136 66
queries 533000 best 136 66
queries 534000 best 136 66
queries 535000 best 136 66
queries 536000 best 136 66
queries 537000 best 136 66
queries 538000 best 136 66
queries 539000 best 136 66
queries 540000 best 136 66
queries 541000 best 136 66
queries 542000 best 136 66
queries 543000 best 136 66
queries 544000 best 136 66
queries 545000 best 136 66
queries 546000 best 136 66
queries 547000 best 136 66
queries 548000 best 136 66
queries 549000 best 136 66
queries 550000 best 136 66
queries 551000 best 136 66
queries 552000 best 136 66
queries 553000 best 136 66
queries 554000 best 136 66
queries 555000 best 136 66
queries 556000 best 136 66
queries 557000 best 136 66
queries 558000 best 136 66
queries 559000 best 136 66
queries 560000 best 136 66
queries 561000 best 136 66
queries 562000 best 136 66
queries 563000 best 136 66
queries 564000 best 136 66
queries 565000 best 136 66
queries 566000 best 136 66
queries 567000 best 136 66
queries 568000 best 136 66
queries 569000 best 136 66
queries 570000 best 136 66
queries 571000 best 136 66
queries 572000 best 136 66
queries 573000 best 136 66
queries 574000 best 136 66
queries 575000 best 136 66
queries 576000 best 136 66
queries 577000 best 136 66
queries 578000 best 136 66
queries 579000 best 136 66
queries 580000 best 136 66
queries 581000 best 136 66
queries 582000 best 136 66
queries 583000 best 136 66
queries 584000 best 136 66
queries 585000 best 136 66
queries 586000 best 136 66
queries 587000 best 136 66
queries 588000 best 136 66
queries 589000 best 136 66
queries 590000 best 136 66
queries 591000 best 136 66
queries 592000 best 136 66
queries 593000 best 136 66
queries 594000 best 136 66
queries 595000 best 136 66
queries 596000 best 136 66
queries 597000 best 136 66
queries 598000 best 136 66
queries 599000 best 136 66
queries 600000 best 136 66
queries 601000 best 136 66
queries 602000 best 136 66
queries 603000 best 136 66
queries 604000 best 136 66
queries 605000 best 136 66
queries 606000 best 136 66
queries 607000 best 136 66
queries 608000 best 136 66
queries 609000 best 136 66
queries 610000 best 136 66
queries 611000 best 136 66
queries 612000 best 136 66
queries 613000 best 136 66
queries 614000 best 136 66
queries 615000 best 136 66
queries 616000 best 136 66
queries 617000 best 136 66
queries 618000 best 136 66
queries 619000 best 136 66
queries 620000 best 136 66
queries 621000 best 136 66
queries 622000 best 136 66
queries 623000 best 136 66
queries 624000 best 136 66
queries 625000 best 136 66
queries 626000 best 136 66
queries 627000 best 136 66
queries 628000 best 136 66
queries 629000 best 136 66
queries 630000 best 136 66
queries 631000 best 136 66
queries 632000 best 136 66
queries 633000 best 136 66
queries 634000 best 136 66
queries 635000 best 136 66
queries 636000 best 136 66
queries 637000 best 136 66
queries 638000 best 136 66
queries 639000 best 136 66
queries 640000 best 136 66
queries 641000 best 136 66
queries 642000 best 136 66
queries 643000 best 136 66
queries 644000 best 136 66
queries 645000 best 136 66
queries 646000 best 136 66
queries 647000 best 136 66
queries 648000 best 136 66
queries 649000 best 136 66
queries 650000 best 136 66
queries 651000 best 136 66
queries 652000 best 136 66
queries 653000 best 136 66
queries 654000 best 136 66
queries 655000 best 136 66
queries 656000 best 136 66
queries 657000 best 136 66
queries 658000 best 136 66
queries 659000 best 136 66
queries 660000 best 136 66
queries 661000 best 136 66
queries 662000 best 136 66
queries 663000 best 136 66
queries 664000 best 136 66
queries 665000 best 136 66
queries 666000 best 136 66
queries 667000 best 136 66
queries 668000 best 136 66
queries 669000 best 136 66
queries 670000 best 136 66
queries 671000 best 136 66
queries 672000 best 136 66
queries 673000 best 136 66
queries 674000 best 136 66
queries 675000 best 136 66
queries 676000 best 136 66
queries 677000 best 136 66
queries 678000 best 136 66
queries 679000 best 136 66
queries 680000 best 136 66
queries 681000 best 136 66
queries 682000 best 136 66
queries 683000 best 136 66
queries 684000 best 136 66
queries 685000 best 136 66
queries 686000 best 136 66
queries 687000 best 136 66
queries 688000 best 136 66
queries 689000 best 136 66
queries 690000 best 136 66
queries 691000 best 136 66
queries 692000 best 136 66
queries 693000 best 136 66
queries 694000 best 136 66
queries 695000 best 136 66
queries 696000 best 136 66
queries 697000 best 136 66
queries 698000 best 136 66
queries 699000 best 136 66
queries 700000 best 136 66
queries 701000 best 136 66
queries 702000 best 136 66
queries 703000 best 136 66
queries 704000 best 136 66
queries 705000 best 136 66
queries 706000 best 136 66
queries 707000 best 136 66
queries 708000 best 136 66
queries 709000 best 136 66
queries 710000 best 136 66
queries 711000 best 136 66
queries 712000 best 136 66
queries 713000 best 136 66
queries 714000 best 136 66
queries 715000 best 136 66
queries 716000 best 136 66
queries 717000 best 136 66
queries 718000 best 136 66
queries 719000 best 136 66
queries 720000 best 136 66
queries 721000 best 136 66
queries 722000 best 136 66
queries 723000 best 136 66
queries 724000 best 136 66
queries 725000 best 136 66
queries 726000 best 136 66
queries 727000 best 136 66
queries 728000 best 136 66
queries 729000 best 136 66
queries 730000 best 136 66
queries 731000 best 136 66
queries 732000 best 136 66
queries 733000 best 136 66
queries 734000 best 136 66
queries 735000 best 136 66
queries 736000 best 136 66
queries 737000 best 136 66
queries 738000 best 136 66
queries 739000 best 136 66
queries 740000 best 136 66
queries 741000 best 136 66
