0 4 0.1 43.59951360149513 39.149959300000006 1.0
1 8 0.03 42.91407529905499 39.03442108 1.0
2 12 0.01 42.76151442987115 38.874747531000004 1.0
pair 3 12 42.75883449557807 38.334626641
4 12 0.001 42.75794452607347 38.148048171 1.0
5 12 0.0001 42.757920756550824 37.939977061 1.0
6 12 1e-05 42.757903000611186 37.678112651000006 1.0
7 12 1e-05 42.75788559325142 37.407092341 1.0
8 12 0.0 42.75786815405868 37.107127551000005 1.260872737612939
9 12 0.0 42.75785293632353 36.819291051 0.5367940569804869
10 12 0.0 42.75783726984286 36.627404651000006 0.35375939970999615
11 12 0.0 42.75782651785717 36.443535381000004 0.9128123305969612
12 12 0.0 42.757817378611975 36.227342732000004 2.653403069945841
13 12 0.0 42.75781033671071 36.055482232 0.6185419423411473
14 12 0.0 42.75780342010844 35.893870622 1.4224530096249588
15 12 0.0 42.75779854397341 35.71392143200001 6.440251996871993
16 12 0.0 42.75779399239076 35.471239022000006 0.1
17 12 0.0 42.75779038487809 35.192094262000005 1.7681174124753636
18 12 0.0 42.75778834497508 34.907310002 1.3609105147125333
19 12 0.0 42.75778645143696 34.673782992 1.7820868350846757
20 12 0.0 42.7577821723636 34.430832682 3.5049600568345562
21 12 0.0 42.757776447156054 34.185605782 0.5094690846766756
22 12 0.0 42.75777194013211 33.956171592000004 1.47533076526416
23 12 0.0 42.75776980843032 33.732887062 2.82274778284063
24 12 0.0 42.75776766773574 33.477073522000005 3.2116254472939367
25 12 0.0 42.75776598053417 33.245483592 0.6518264670988796
26 12 0.0 42.757764458038686 33.013751522 12.0
27 12 0.0 42.7577630664987 32.793117602 0.1
28 12 0.0 42.75776015691969 32.576461893 2.3199010084711778
29 12 0.0 42.757758802680655 32.307146303 0.34342613672911004
30 12 0.0 42.757758218460424 32.013858223 3.484711199983749
31 12 0.0 42.757757163186774 31.768413563000003 6.985303151889145
32 12 0.0 42.75775697569772 31.483492233000003 2.2355480544086523
33 12 0.0 42.757756584143806 31.207128703000002 12.0
34 12 0.0 42.75775584844576 30.928665893 12.0
35 12 0.0 42.75775560116465 30.679245924000003 0.38640569831847776
36 12 0.0 42.7577555218114 30.413295504000004 4.510855066418544
37 12 0.0 42.75775532775033 30.163263444000002 11.824926027802398
38 12 0.0 42.75775530260149 29.949184584 3.486878596868563
39 12 0.0 42.75775522841936 29.644786984000003 12.0
40 12 0.0 42.757755204327964 29.402008064 6.926238486649077
41 12 0.0 42.757755173400035 29.120149384 0.2072487742972248
42 12 0.0 42.757755171044856 28.754278885000005 0.7756480989193724
43 12 0.0 42.757755170426805 28.411624125000003 1.9413761853405622
44 12 0.0 42.75775517014223 28.165347065000002 5.139467478136105
45 12 0.0 42.7577551699826 27.941656265000002 4.750491937367287
46 12 0.0 42.757755169916024 27.750101185000005 0.12867834681030402
47 12 0.0 42.75775516990726 27.560320995000005 2.5461131379343893
48 12 0.0 42.757755169889144 27.374901535000003 8.472213715819905
49 12 0.0 42.757755169874024 27.155727715000005 9.258071592640096
50 12 0.0 42.757755169870954 26.931733885000003 0.48805599482595424
51 12 0.0 42.75775516987023 26.710267425000005 0.5612643940498473
52 12 0.0 42.757755169869796 26.496168325000003 0.6454540531573243
53 12 0.0 42.757755169869505 26.308324025000005 0.7422721611309229
pair 54 12 42.758374928364475 25.706166796000005
55 12 0.0 42.75785738230576 25.491288556 0.1
56 12 0.0 42.75784356368432 25.260369216 0.6095932563975026
57 12 0.0 42.75783178598595 24.979375176000005 3.211419118404511
58 12 0.0 42.757825349025026 24.753177546000003 0.1917260002652847
59 12 0.0 42.75782384027647 24.547324166000003 0.9649083245585371
60 12 0.0 42.75782255932364 24.310196896 1.1096445732423177
61 12 0.0 42.75781968089647 24.112561946000003 1.2760912592286653
62 12 0.0 42.757812124622525 23.898463486000004 12.0
63 12 0.0 42.75780696357588 23.705042396000003 0.1
64 12 0.0 42.75780316309998 23.506093996000004 2.586171589225977
65 12 0.0 42.75779894022215 23.299486456000004 1.7521504404177708
66 12 0.0 42.75779225241888 23.068467576000003 0.331257974910496
67 12 0.0 42.75779093269714 22.833501406000003 1.396875043083575
68 12 0.0 42.75778994796436 22.625946466000002 12.0
69 12 0.0 42.75778926206488 22.415160356 0.6668334682143238
70 12 0.0 42.75778725468955 22.185929896 0.7668584884464723
71 12 0.0 42.7577823300566 21.975566716000003 0.8818872617134431
72 12 0.0 42.75777649582615 21.764715236000004 1.81630500229865
73 12 0.0 42.75777462883959 21.529266526000004 1.817133153816529
74 12 0.0 42.75777347486451 21.300198716000004 1.0048348794123871
75 12 0.0 42.75777165811888 21.076252756000002 0.4691424307559486
76 12 0.0 42.75776975853053 20.842029196000002 0.5395137953693409
77 12 0.0 42.757766182406556 20.571901896000004 0.9218044962608029
78 12 0.0 42.75776469964897 20.352413826000003 0.9286074108339328
79 12 0.0 42.75776371717251 20.140420696000003 0.9070748825736179
80 12 0.0 42.75776307305401 19.916504106 0.7426473665074793
81 12 0.0 42.75776263270132 19.645053617000002 0.6523880524064583
82 12 0.0 42.757762322250585 19.373310237000002 0.8892904928817907
83 12 0.0 42.75776208420481 19.109772977000002 1.5483262385277992
84 12 0.0 42.75776189459311 18.838100907 1.4958205856946114
85 12 0.0 42.75776176494798 18.578361967000003 0.48670375101743846
86 12 0.0 42.75776167947669 18.319980647 12.0
87 12 0.0 42.75776136634741 18.096055567000004 11.178918685291663
88 12 0.0 42.75776124696754 17.866970247 0.20935339873335196
89 12 0.0 42.75776122287821 17.643437917000004 4.832103886648458
90 12 0.0 42.757761162868675 17.419707048000003 8.18621809005438
91 12 0.0 42.757761155463115 17.195768908 3.7671238402826304
92 12 0.0 42.75776113309993 16.967773008 10.98399992250029
93 12 0.0 42.757761117649274 16.743805238000004 8.92166421741546
94 12 0.0 42.757761111373064 16.512043218000002 0.3222291298604665
95 12 0.0 42.75776111004322 16.288944868 1.5972399320156885
96 12 0.0 42.757761109327035 16.057662398 2.7986797236422745
97 12 0.0 42.75776110900468 15.820436198000003 6.272712619739083
98 12 0.0 42.757761108927276 15.623901218000004 1.107425295497446
99 12 0.0 42.757761108835 15.452019428000003 10.700232573952851
100 12 0.0 42.75776110861487 15.280291928000004 11.943131498649562
101 12 0.0 42.75776110860556 15.114227839000002 0.14111295026969833
102 12 0.0 42.75776110860471 14.903095049000004 0.16227989281015306
103 12 0.0 42.75776110860401 14.694368319000002 0.18662187673167602
104 12 0.0 42.757761108603525 14.478834429000003 0.1
