CONFIG n 2048 checks 384 rank 379 pass 1 groups 9 initial_best 20
PROGRESS 0 0.00830071 rank 379
PROGRESS 10 0.0411131 rank 379
PROGRESS 20 0.0665802 rank 379
PROGRESS 30 0.0926757 rank 379
PROGRESS 40 0.177698 rank 379
PROGRESS 50 0.202895 rank 379
PROGRESS 60 0.227229 rank 379
PROGRESS 70 0.250537 rank 379
PROGRESS 80 0.274709 rank 379
PROGRESS 90 0.299616 rank 379
PROGRESS 100 0.331273 rank 379
PROGRESS 110 0.354353 rank 379
PROGRESS 120 0.378324 rank 379
PROGRESS 130 0.527077 rank 379
PROGRESS 140 0.551198 rank 379
PROGRESS 150 0.579283 rank 379
PROGRESS 160 0.597407 rank 379
PROGRESS 170 0.628434 rank 379
PROGRESS 180 0.653438 rank 379
PROGRESS 190 0.706073 rank 379
PROGRESS 200 0.731394 rank 379
PROGRESS 210 0.755342 rank 379
PROGRESS 220 0.803716 rank 379
PROGRESS 230 0.827284 rank 379
PROGRESS 240 0.846371 rank 379
PROGRESS 250 0.895486 rank 379
PROGRESS 260 0.917961 rank 379
PROGRESS 270 0.992308 rank 379
PROGRESS 280 1.07607 rank 379
PROGRESS 290 1.23088 rank 379
PROGRESS 300 1.3395 rank 379
PROGRESS 310 1.44671 rank 379
PROGRESS 320 1.54857 rank 379
PROGRESS 330 1.57331 rank 379
PROGRESS 340 1.59541 rank 379
PROGRESS 350 1.61723 rank 379
PROGRESS 360 1.64051 rank 379
PROGRESS 370 1.66187 rank 379
PROGRESS 380 1.78307 rank 379
PROGRESS 390 1.8572 rank 379
PROGRESS 400 1.89956 rank 379
PROGRESS 410 2.07215 rank 379
PROGRESS 420 2.2119 rank 379
PROGRESS 430 2.24258 rank 379
PROGRESS 440 2.2622 rank 379
PROGRESS 450 2.28567 rank 379
PROGRESS 460 2.30634 rank 379
PROGRESS 470 2.33196 rank 379
PROGRESS 480 2.41513 rank 379
PROGRESS 490 2.47744 rank 379
PROGRESS 500 2.5858 rank 379
PROGRESS 510 2.66583 rank 379
PROGRESS 520 2.83361 rank 379
PROGRESS 530 2.93153 rank 379
PROGRESS 540 2.96741 rank 379
PROGRESS 550 3.06744 rank 379
PROGRESS 560 3.12601 rank 379
PROGRESS 570 3.1643 rank 379
PROGRESS 580 3.19617 rank 379
PROGRESS 590 3.22552 rank 379
PROGRESS 600 3.26285 rank 379
PROGRESS 610 3.294 rank 379
PROGRESS 620 3.31707 rank 379
PROGRESS 630 3.34907 rank 379
PROGRESS 640 3.37243 rank 379
PROGRESS 650 3.39246 rank 379
PROGRESS 660 3.41657 rank 379
PROGRESS 670 3.44284 rank 379
PROGRESS 680 3.47961 rank 379
PROGRESS 690 3.50823 rank 379
PROGRESS 700 3.55093 rank 379
PROGRESS 710 3.57909 rank 379
PROGRESS 720 3.6176 rank 379
PROGRESS 730 3.66346 rank 379
PROGRESS 740 3.75754 rank 379
PROGRESS 750 3.83405 rank 379
PROGRESS 760 3.85651 rank 379
PROGRESS 770 3.88535 rank 379
PROGRESS 780 3.90484 rank 379
PROGRESS 790 3.92955 rank 379
PROGRESS 800 3.95439 rank 379
PROGRESS 810 4.0313 rank 379
PROGRESS 820 4.0551 rank 379
PROGRESS 830 4.07547 rank 379
PROGRESS 840 4.09482 rank 379
PROGRESS 850 4.1347 rank 379
PROGRESS 860 4.16154 rank 379
PROGRESS 870 4.20098 rank 379
PROGRESS 880 4.22575 rank 379
PROGRESS 890 4.26175 rank 379
PROGRESS 900 4.29781 rank 379
PROGRESS 910 4.3864 rank 379
PROGRESS 920 4.43589 rank 379
PROGRESS 930 4.4607 rank 379
PROGRESS 940 4.48288 rank 379
PROGRESS 950 4.51409 rank 379
PROGRESS 960 4.53498 rank 379
PROGRESS 970 4.55838 rank 379
PROGRESS 980 4.581 rank 379
PROGRESS 990 4.60554 rank 379
PROGRESS 1000 4.64312 rank 379
PROGRESS 1010 4.66721 rank 379
PROGRESS 1020 4.69125 rank 379
PROGRESS 1030 4.82421 rank 379
PROGRESS 1040 4.84807 rank 379
PROGRESS 1050 4.87461 rank 379
PROGRESS 1060 4.90237 rank 379
PROGRESS 1070 4.9356 rank 379
PROGRESS 1080 4.95722 rank 379
PROGRESS 1090 4.9793 rank 379
PROGRESS 1100 5.00104 rank 379
PROGRESS 1110 5.05966 rank 379
PROGRESS 1120 5.08464 rank 379
PROGRESS 1130 5.33327 rank 379
PROGRESS 1140 5.3684 rank 379
PROGRESS 1150 5.5195 rank 379
PROGRESS 1160 5.54985 rank 379
PROGRESS 1170 5.57582 rank 379
PROGRESS 1180 5.60871 rank 379
PROGRESS 1190 5.6422 rank 379
PROGRESS 1200 5.68462 rank 379
PROGRESS 1210 5.74328 rank 379
PROGRESS 1220 5.78911 rank 379
PROGRESS 1230 5.85321 rank 379
PROGRESS 1240 5.90575 rank 379
PROGRESS 1250 5.95544 rank 379
PROGRESS 1260 6.02782 rank 379
PROGRESS 1270 6.07402 rank 379
PROGRESS 1280 6.14801 rank 379
PROGRESS 1290 6.18801 rank 379
PROGRESS 1300 6.27883 rank 379
PROGRESS 1310 6.33091 rank 379
PROGRESS 1320 6.39521 rank 379
PROGRESS 1330 6.42555 rank 379
PROGRESS 1340 6.45344 rank 379
PROGRESS 1350 6.4801 rank 379
PROGRESS 1360 6.5152 rank 379
PROGRESS 1370 6.53813 rank 379
PROGRESS 1380 6.56348 rank 379
PROGRESS 1390 6.58808 rank 379
PROGRESS 1400 6.62616 rank 379
PROGRESS 1410 6.65336 rank 379
PROGRESS 1420 6.67681 rank 379
PROGRESS 1430 6.7419 rank 379
PROGRESS 1440 6.76856 rank 379
PROGRESS 1450 6.81966 rank 379
PROGRESS 1460 6.85866 rank 379
PROGRESS 1470 6.88242 rank 379
PROGRESS 1480 6.96178 rank 379
PROGRESS 1490 7.00607 rank 379
PROGRESS 1500 7.04588 rank 379
PROGRESS 1510 7.08101 rank 379
PROGRESS 1520 7.11986 rank 379
PROGRESS 1530 7.15211 rank 379
PROGRESS 1540 7.18042 rank 379
PROGRESS 1550 7.20755 rank 379
PROGRESS 1560 7.24006 rank 379
PROGRESS 1570 7.27434 rank 379
PROGRESS 1580 7.31691 rank 379
PROGRESS 1590 7.35643 rank 379
PROGRESS 1600 7.39724 rank 379
PROGRESS 1610 7.43359 rank 379
PROGRESS 1620 7.46389 rank 379
PROGRESS 1630 7.49262 rank 379
PROGRESS 1640 7.52023 rank 379
PROGRESS 1650 7.64499 rank 379
PROGRESS 1660 7.66997 rank 379
PROGRESS 1670 7.69377 rank 379
PROGRESS 1680 7.71762 rank 379
PROGRESS 1690 7.74288 rank 379
PROGRESS 1700 7.7679 rank 379
PROGRESS 1710 7.79174 rank 379
PROGRESS 1720 7.81545 rank 379
PROGRESS 1730 7.83938 rank 379
PROGRESS 1740 7.86384 rank 379
PROGRESS 1750 7.88847 rank 379
PROGRESS 1760 7.9123 rank 379
PROGRESS 1770 7.93644 rank 379
PROGRESS 1780 7.96109 rank 379
PROGRESS 1790 7.98604 rank 379
PROGRESS 1800 8.01139 rank 379
PROGRESS 1810 8.03632 rank 379
PROGRESS 1820 8.0628 rank 379
PROGRESS 1830 8.11199 rank 379
PROGRESS 1840 8.14407 rank 379
PROGRESS 1850 8.17379 rank 379
PROGRESS 1860 8.20162 rank 379
PROGRESS 1870 8.23417 rank 379
PROGRESS 1880 8.26377 rank 379
PROGRESS 1890 8.29122 rank 379
PROGRESS 1900 8.31894 rank 379
PROGRESS 1910 8.35256 rank 379
PROGRESS 1920 8.38183 rank 379
PROGRESS 1930 8.40997 rank 379
PROGRESS 1940 8.43708 rank 379
PROGRESS 1950 8.46373 rank 379
PROGRESS 1960 8.4879 rank 379
PROGRESS 1970 8.51235 rank 379
PROGRESS 1980 8.53985 rank 379
PROGRESS 1990 8.56685 rank 379
PROGRESS 2000 8.59339 rank 379
PROGRESS 2010 8.62095 rank 379
PROGRESS 2020 8.64741 rank 379
PROGRESS 2030 8.67128 rank 379
PROGRESS 2040 8.69914 rank 379
PROGRESS 2050 8.72697 rank 379
PROGRESS 2060 8.75076 rank 379
PROGRESS 2070 8.77709 rank 379
PROGRESS 2080 8.80444 rank 379
PROGRESS 2090 8.82897 rank 379
PROGRESS 2100 8.85768 rank 379
PROGRESS 2110 8.88579 rank 379
PROGRESS 2120 8.91153 rank 379
PROGRESS 2130 8.93978 rank 379
PROGRESS 2140 8.96815 rank 379
PROGRESS 2150 8.99763 rank 379
PROGRESS 2160 9.02626 rank 379
PROGRESS 2170 9.05783 rank 379
PROGRESS 2180 9.08576 rank 379
PROGRESS 2190 9.12747 rank 379
PROGRESS 2200 9.15622 rank 379
PROGRESS 2210 9.18522 rank 379
PROGRESS 2220 9.21314 rank 379
PROGRESS 2230 9.28511 rank 379
PROGRESS 2240 9.31558 rank 379
PROGRESS 2250 9.34745 rank 379
PROGRESS 2260 9.37803 rank 379
PROGRESS 2270 9.40718 rank 379
PROGRESS 2280 9.4358 rank 379
PROGRESS 2290 9.46573 rank 379
PROGRESS 2300 9.4941 rank 379
PROGRESS 2310 9.52381 rank 379
PROGRESS 2320 9.55281 rank 379
PROGRESS 2330 9.57967 rank 379
PROGRESS 2340 9.60434 rank 379
PROGRESS 2350 9.62845 rank 379
PROGRESS 2360 9.65355 rank 379
PROGRESS 2370 9.67932 rank 379
PROGRESS 2380 9.70432 rank 379
PROGRESS 2390 9.72923 rank 379
PROGRESS 2400 9.75589 rank 379
PROGRESS 2410 9.78496 rank 379
PROGRESS 2420 9.81414 rank 379
PROGRESS 2430 9.84311 rank 379
PROGRESS 2440 9.86965 rank 379
PROGRESS 2450 9.89481 rank 379
PROGRESS 2460 9.92189 rank 379
PROGRESS 2470 9.94917 rank 379
PROGRESS 2480 9.97517 rank 379
PROGRESS 2490 10.0012 rank 379
PROGRESS 2500 10.0279 rank 379
PROGRESS 2510 10.0542 rank 379
PROGRESS 2520 10.0797 rank 379
PROGRESS 2530 10.1058 rank 379
PROGRESS 2540 10.1327 rank 379
PROGRESS 2550 10.1589 rank 379
PROGRESS 2560 10.1857 rank 379
PROGRESS 2570 10.2126 rank 379
PROGRESS 2580 10.2393 rank 379
PROGRESS 2590 10.265 rank 379
PROGRESS 2600 10.2958 rank 379
PROGRESS 2610 10.324 rank 379
PROGRESS 2620 10.3538 rank 379
PROGRESS 2630 10.4449 rank 379
PROGRESS 2640 10.4791 rank 379
PROGRESS 2650 10.5481 rank 379
PROGRESS 2660 10.576 rank 379
PROGRESS 2670 10.6364 rank 379
PROGRESS 2680 10.6628 rank 379
PROGRESS 2690 10.6886 rank 379
PROGRESS 2700 10.7142 rank 379
PROGRESS 2710 10.7403 rank 379
PROGRESS 2720 10.7667 rank 379
PROGRESS 2730 10.7936 rank 379
PROGRESS 2740 10.8202 rank 379
PROGRESS 2750 10.8459 rank 379
PROGRESS 2760 10.8712 rank 379
PROGRESS 2770 10.8991 rank 379
PROGRESS 2780 10.926 rank 379
PROGRESS 2790 10.9521 rank 379
BEST 14: 195 208 225 236 840 851 1574 1575 1600 1601 1678 1694 1741 1748
