single 0 42.59870869502539 38.80317078
single 1 41.991694862966234 38.647467
single 2 41.879533771294575 38.425765739999996
single 3 41.859961311344996 38.24176955
single 4 41.8575276215421 38.0817549
single 5 41.85725735763238 37.84797207
single 6 41.85720384585238 37.700176739999996
single 7 41.85719139098825 37.56462575
single 8 41.857188274578924 37.44862952
single 9 41.85718744239887 37.32071465
single 10 41.85718720135686 37.17282741
single 11 41.857187123439545 36.989084411
single 12 41.8571870946588 36.817011840999996
single 13 41.85718708252498 36.673091151
single 14 41.85718707684359 36.493093781
single 15 41.85718707399235 36.313192920999995
single 16 41.85718707250182 36.141366941
single 17 41.857187071705205 35.997404541
single 18 41.85718707127435 35.833442551
single 19 41.85718707103955 35.669526710999996
single 20 41.85718707091128 35.505528761
single 21 41.857187070840936 35.345534041
single 22 41.85718707080244 35.185606021
single 23 41.85718707078127 35.029718771
single 24 41.85718707076965 34.885719551
single 25 41.85718707076336 34.733744871
single 26 41.85718707075981 34.604093711
single 27 41.85718707075777 34.476094730999996
single 28 41.85718707075672 34.364095151
single 29 41.85718707075614 34.254698031
single 30 41.85718707075598 34.130934131
single 31 41.85718707075574 34.011236591
cpu_before_save 5.396764199
cpu_after_save 5.448548349
