0 4 0.1 22.95572827318039 39.262494641 1.0
1 8 0.03 22.55649712354825 39.156288351 1.0
2 12 0.01 22.53098993601143 39.037514151 1.0
pair 3 12 22.529266496795145 38.647106411
4 12 0.001 22.528576699448376 38.530127231 1.0
5 12 0.0001 22.528528721172336 38.410612481 1.0
6 12 1e-05 22.52850975551521 38.297724061000004 1.0
7 12 1e-05 22.52850121070685 38.192104831 1.0
8 12 0.0 22.528497790340733 38.080042291000005 0.7964376357499561
9 12 0.0 22.52849586662422 37.941097631000005 1.8984748468047814
10 12 0.0 22.528493167063072 37.807775081 1.4830651007598332
11 12 0.0 22.528491382186576 37.682501781 0.14742760717163278
12 12 0.0 22.528491220215585 37.539359941 1.0782119598035576
13 12 0.0 22.528491162563707 37.412390892000005 1.7694728374635307
14 12 0.0 22.528491083439626 37.269797682000004 2.03489376308306
15 12 0.0 22.52849070026793 37.117548892 2.340127827545519
16 12 0.0 22.52848744182272 36.992777482 2.6911470016773467
17 12 0.0 22.52848116004832 36.866962462000004 0.19457901779020106
18 12 0.0 22.528478107626484 36.746321892000005 0.46159877062292853
19 12 0.0 22.52847794934524 36.619724492 0.37825696375588985
20 12 0.0 22.528477945228296 36.479417962 0.29139087543050984
21 12 0.0 22.52847794441482 36.337613202 0.830758511253572
22 12 0.0 22.528477943965985 36.200164922000006 2.608494169189072
23 12 0.0 22.528477943743756 36.067203842000005 2.1710447749582307
24 12 0.0 22.528477943659265 35.919634612 0.1
25 12 0.0 22.528477943651808 35.774201092000006 0.11499999999999999
26 12 0.0 22.528477943647 35.628129592 0.13224999999999998
27 12 0.0 22.528477943644 35.480939562 0.15208749999999996
28 12 0.0 22.528477943642045 35.330714922000006 0.17490062499999995
29 12 0.0 22.528477943640812 35.180559333000005 0.20113571874999991
30 12 0.0 22.52847794364015 35.029017533 0.23130607656249988
swap 3 1 3.2505103959579174e-06
swap 35 -1 2.963433232139323e-06
pair 31 12 22.528471729696474 32.706574084
32 12 0.0 22.52846886461793 32.574827524 0.1
33 12 0.0 22.52846885104091 32.449059764000005 0.23820214197422368
34 12 0.0 22.528468850639154 32.321112534 0.4998048794824127
35 12 0.0 22.528468850604344 32.183522334 0.9874985046732391
36 12 0.0 22.528468850600266 32.038841804 1.375577047678304
37 12 0.0 22.528468850599637 31.927329674000003 0.9470793309898273
38 12 0.0 22.528468850599314 31.809458944000003 0.2901716144676656
39 12 0.0 22.528468850599193 31.675431684000003 0.3336973566378154
pair 40 12 22.528468850599186 29.434217225000005
RESULT 10.317146415 {"energy": 22.528468850599175, "parity": -1.0, "norm_after_canonicalization": 0.9999999999999981, "max_bond": 12}
