0 4 0.1 19.327495961822287 39.238844330000006 1.0
1 8 0.03 19.16372924869291 39.114991270000004 1.0
2 24 0.01 19.154217500213395 38.8475327 1.0
pair 3 24 19.154060869571506 37.95468425
4 24 0.001 19.154055619461577 37.6199638 1.0
5 24 0.0001 19.154055604195207 37.23449956 1.0
6 24 1e-05 19.154055601260364 36.898939351 1.0
7 24 1e-05 19.154055599961303 36.523127081000005 1.0
8 24 0.0 19.154055599201076 36.209375551 1.0
9 24 0.0 19.154055598369272 35.755123521 3.4020924149956406
10 24 0.0 19.15405559744411 35.317060541000004 6.7202868841953824
11 24 0.0 19.154055597161438 34.896755871 1.1851876918091728
12 24 0.0 19.154055596823785 34.565679331000005 11.538936874108261
13 24 0.0 19.154055596700225 34.253299482 2.443117460527318
14 24 0.0 19.15405559637485 33.908095222 9.666432060505617
15 24 0.0 19.15405559625525 33.569877352000006 5.18826225479067
16 24 0.0 19.154055595859376 33.22333827200001 0.1
17 24 0.0 19.15405559581216 32.881462902 12.0
18 24 0.0 19.154055595663742 32.479704092000006 7.720710184988305
19 24 0.0 19.154055595259468 32.159051482 0.15739478163619333
20 24 0.0 19.15405559518595 31.844371852000002 12.0
21 24 0.0 19.154055595120457 31.539331983000004 3.01238922489179
22 24 0.0 19.15405559485855 31.231267273 12.0
23 24 0.0 19.15405559478041 30.915338503 3.111749696847211
24 24 0.0 19.15405559453661 30.555889503000003 12.0
25 24 0.0 19.154055594472933 30.011789413000002 2.5389368181492133
26 24 0.0 19.154055594316723 29.470110133000002 12.0
27 24 0.0 19.154055594243736 28.927594964 6.47603154619094
28 24 0.0 19.154055593959434 28.596824274000003 0.1
29 24 0.0 19.154055593944413 28.222022774000003 0.11499999999999999
30 24 0.0 19.15405559393136 27.651482074 0.13224999999999998
31 24 0.0 19.15405559391947 27.105755714000004 0.15208749999999996
32 24 0.0 19.1540555939086 26.506773924 0.17490062499999995
33 24 0.0 19.15405559389859 25.921190754 0.20113571874999991
34 24 0.0 19.15405559388912 25.359672314 0.23130607656249988
35 24 0.0 19.154055593880198 24.819272955000002 0.26600198804687486
36 24 0.0 19.154055593871664 24.281820405000005 0.3059022862539061
37 24 0.0 19.154055593863276 23.778528665000003 0.35178762919199197
38 24 0.0 19.15405559385518 23.235280555000003 0.40455577357079076
39 24 0.0 19.154055593847072 22.690121865000002 0.46523913960640934
40 24 0.0 19.154055593838976 22.157240466 0.5350250105473707
41 24 0.0 19.15405559383087 21.630669236000003 0.6152787621294763
42 24 0.0 19.154055593822594 21.122326326000003 0.7075705764488976
43 24 0.0 19.15405559381422 20.608839566000004 12.0
44 24 0.0 19.15405559376839 20.082598896000004 12.0
45 24 0.0 19.15405559375432 19.601210187000003 0.245521512669135
46 24 0.0 19.154055593749973 19.136781477000003 0.2823497395695052
47 24 0.0 19.15405559374558 18.621889977000002 0.324702200504931
48 24 0.0 19.15405559374114 18.145097277 0.3734075305806706
49 24 0.0 19.154055593736576 17.629695868000002 0.4294186601677712
50 24 0.0 19.15405559373182 17.144304088000002 0.49383145919293686
51 24 0.0 19.154055593726955 16.657540688000005 0.5679061780718774
52 24 0.0 19.154055593721885 16.193688818000002 0.6530921047826589
53 24 0.0 19.154055593716436 15.716769308000003 0.7510559205000576
54 24 0.0 19.154055593710762 15.244096169000002 0.8637143085750663
55 24 0.0 19.154055593704626 14.882146439000003 0.9932714548613262
56 24 0.0 19.154055593698008 14.428626679000004 1.142262173090525
57 24 0.0 19.15405559369081 13.977965969000003 1.3136014990541036
58 24 0.0 19.154055593682852 13.610551529000002 12.0
59 24 0.0 19.154055593649854 13.054305420000002 12.0
60 24 0.0 19.154055593631227 12.541369680000003 0.1981465453223188
61 24 0.0 19.15405559362603 12.016952380000003 0.2278685271206666
62 24 0.0 19.15405559362061 11.493112440000004 0.2620488061887666
63 24 0.0 19.15405559361489 11.007509451000004 0.30135612711708154
64 24 0.0 19.15405559360889 10.563681731000003 0.34655954618464374
65 24 0.0 19.15405559360256 10.111315371000003 0.39854347811234025
66 24 0.0 19.15405559359591 9.586183241000004 0.4583249998291913
67 24 0.0 19.15405559358882 9.036748251000002 0.5270737498035699
68 24 0.0 19.154055593581294 8.533985611000002 0.6061348122741054
69 24 0.0 19.154055593573208 7.988541432000002 0.6970550341152211
70 24 0.0 19.154055593564543 7.386926202000005 0.8016132892325042
71 24 0.0 19.154055593555196 6.848887942000005 0.9218552826173797
72 24 0.0 19.154055593545056 6.365874222000002 1.0601335750099865
73 24 0.0 19.154055593534032 5.921759273000006 1.2191536112614845
74 24 0.0 19.15405559352206 5.477106543000005 1.402026652950707
75 24 0.0 19.1540555935088 5.040027273 12.0
76 24 0.0 19.154055593455688 4.573309553000001 12.0
77 24 0.0 19.1540555934296 4.067654733000005 0.2212027727235524
78 24 0.0 19.15405559342196 3.6040478930000006 0.25438318863208526
79 24 0.0 19.15405559341401 3.129807033000006 0.292540666926898
80 24 0.0 19.154055593405623 2.6585096930000063 0.3364217669659327
81 24 0.0 19.154055593396816 2.1338658230000007 0.3868850320108225
82 24 0.0 19.154055593387465 1.6131531540000026 0.44491778681244587
83 24 0.0 19.15405559337752 1.1327666940000043 0.5116554548343127
84 24 0.0 19.154055593366788 0.5629178340000038 0.5884037730594596
85 24 0.0 19.154055593359594 0.1681835540000023 0.5884037730594596
RESULT 39.685181246 {"energy": 19.154055593359008, "parity": -1.0, "norm_after_canonicalization": 0.999999999999997, "max_bond": 24}
