0 4 0.1 30.55017810362195 5.1452431 1.0
1 8 0.03 30.221522690762935 5.0339541400000005 1.0
2 16 0.01 30.194909400801865 4.86437063 1.0
pair 3 16 30.194619676683878 4.35356462
4 16 0.0 30.19454245272789 4.16016045 0.05059387601886554
5 16 0.0 30.19454018312628 3.96267282 0.9181157198030818
6 16 0.0 30.194539852396364 3.762626461 0.24048228615902065
7 16 0.0 30.194539781223742 3.566145031 1.1593079122203092
pair 8 16 30.194539781223707 3.143793431
9 16 0.0 30.19453974957625 2.942824051 0.5363723184810312
10 16 0.0 30.194539723513866 2.724656741 1.588467886467914
11 16 0.0 30.194539698986695 2.510112481 0.5869233301279616
12 16 0.0 30.194539678082712 2.305806661 1.3865494075765132
13 16 0.0 30.194539661135416 2.121027621 0.5091438901307539
14 16 0.0 30.194539650122202 1.9437955910000002 1.2185010229791062
15 16 0.0 30.1945396428294 1.7373419810000001 0.5030675929158968
16 16 0.0 30.194539638155266 1.5433777710000003 1.2704505096148757
17 16 0.0 30.194539634874584 1.3371225620000002 0.5539623315868006
18 16 0.0 30.194539632373008 1.1298415220000004 1.3966855732903238
19 16 0.0 30.194539630324087 0.9345453820000005 0.5998156665101793
20 16 0.0 30.194539628544263 0.752308212 1.465830811253314
21 16 0.0 30.19453962694706 0.5383232420000006 0.6212236383144966
22 16 0.0 30.194539625479127 0.3445088820000004 1.4913631893912846
23 16 0.0 30.194539624312906 0.2105346620000006 1.4913631893912846
24 16 0.0 30.19453962367473 0.08229073200000059 1.4913631893912846
RESULT 5.691041848 {"energy": 30.194539623674835, "parity": -1.0, "norm_after_canonicalization": 1.0000000000000016, "max_bond": 16}
