0 4 0.1 22.95572827318039 5.24116523 1.0
1 8 0.03 22.55649712354825 5.15424092 1.0
2 12 0.01 22.53098993601143 5.0566707200000005 1.0
pair 3 12 22.529266496795145 4.71596715
4 12 0.0 22.528571148662095 4.58861814 0.11465549372306869
5 12 0.0 22.52851603968404 4.469536841 0.8403243990222489
6 12 0.0 22.528500702860818 4.335399761 0.4220781036082565
7 12 0.0 22.52849758293798 4.215991071 0.5953975247741558
swap 3 1 3.143558686247161e-06
swap 35 -1 2.892312551239229e-06
pair 8 12 22.528491547066707 3.8118418910000003
9 12 0.0 22.528487303856807 3.663933581 0.19171006598957355
10 12 0.0 22.528485451898774 3.5453893510000003 0.05
11 12 0.0 22.5284837366565 3.431783501 0.5289755720158145
12 12 0.0 22.5284823626137 3.311482701 1.112389499869979
13 12 0.0 22.528482167019618 3.160690771 0.06126248113506334
14 12 0.0 22.52848214576121 3.031977771 0.5513623302155701
15 12 0.0 22.52848205610726 2.9125398710000003 4.962260971940131
16 12 0.0 22.528480838546766 2.758417401 4.273711657419219
17 12 0.0 22.528477691531364 2.6200100020000003 0.15000000000000002
18 12 0.0 22.52847112045646 2.481080532 0.22568275348658065
19 12 0.0 22.528468892188734 2.343370272 0.40435287434783623
20 12 0.0 22.528468854654683 2.2108249620000002 0.20405381009749912
21 12 0.0 22.528468851971326 2.074584392 0.5868542079559245
22 12 0.0 22.528468851214452 1.932010822 0.7931459430123412
23 12 0.0 22.528468850879626 1.7915399620000003 0.5962276426948462
24 12 0.0 22.528468850728217 1.6219226520000003 0.7962082187973918
25 12 0.0 22.52846885065889 1.4501221920000003 0.5987484130051323
26 12 0.0 22.52846885062688 1.2781505520000005 0.8029794720204779
27 12 0.0 22.52846885061204 1.1060390519999999 0.5567626350909682
28 12 0.0 22.528468850605098 0.9365846520000005 0.8249083341112468
RESULT 5.652050667 {"energy": 22.528468850605083, "parity": -1.0, "norm_after_canonicalization": 0.9999999999999992, "max_bond": 12}
