0 4 0.1 22.95572827318039 39.19722746 1.0
1 8 0.03 22.55649712354825 39.12873454 1.0
2 12 0.01 22.53098993601143 39.03687259 1.0
pair 3 12 22.52922798121607 38.6870871
4 12 0.001 22.528541846751175 38.58877728 1.0
5 12 0.0001 22.52849974493204 38.485800191 1.0
6 12 1e-05 22.52849028798217 38.382771191 1.0
7 12 1e-05 22.528488231058976 38.283479671 1.0
8 12 0.0 22.528487660045577 38.177862371 0.8794044405885544
9 12 0.0 22.52848765168774 38.077656651000005 0.6711736307785202
10 12 0.0 22.528487650940697 37.960848051 0.26861062933613616
11 12 0.0 22.528487650801246 37.843351741000006 1.7963205329360383
12 12 0.0 22.528487650719406 37.747339901000004 2.4983445773949575
13 12 0.0 22.528487650714577 37.629864251 1.9341028786035146
14 12 0.0 22.528487650713746 37.494033461 0.13199204425545993
15 12 0.0 22.528487650713664 37.397290271 0.15179085089377892
16 12 0.0 22.528487650713593 37.295983731 0.17455947852784573
pair 17 12 22.528788611622918 36.937147861
18 12 0.0 22.528490327771166 36.828273881 0.1
19 12 0.0 22.528487987879274 36.707499871 0.4797161428060764
20 12 0.0 22.528487683233816 36.604273961000004 0.9184269695088062
21 12 0.0 22.52848765377282 36.495103851 1.1995869251449245
22 12 0.0 22.528487651424864 36.395461881 1.0756122932957703
23 12 0.0 22.528487650914418 36.287087351000004 0.27729061745217554
24 12 0.0 22.528487650798287 36.165464881000005 2.278001002872145
25 12 0.0 22.528487650715242 36.063362041000005 2.7172490438340198
26 12 0.0 22.528487650714396 35.955344312 1.1032730754261637
27 12 0.0 22.528487650713835 35.848225282 1.862883293538194
28 12 0.0 22.52848765071366 35.741120702 2.142315787568923
pair 29 12 22.528788611630045 35.227253502
30 12 0.0 22.528490327769607 35.068236252000005 0.1
31 12 0.0 22.528487987879288 34.935866722 0.4797159295552558
32 12 0.0 22.52848768323396 34.768543472000005 0.9184293140073516
33 12 0.0 22.528487653772878 34.603142522 1.1995811129248495
34 12 0.0 22.528487651424836 34.438462772 1.0756833895968358
35 12 0.0 22.52848765091437 34.276394282000005 0.27718627752614666
36 12 0.0 22.52848765079834 34.102776953 2.26157989242681
37 12 0.0 22.528487650715277 33.941271733 2.722786288654878
38 12 0.0 22.52848765071446 33.790521363 1.1505423385333033
39 12 0.0 22.528487650713767 33.614930893 2.4117610122151034
40 12 0.0 22.528487650713643 33.443357313 2.773525164047369
pair 41 12 22.528788611671057 32.972689653
42 12 0.0 22.52849032776796 32.811529023000006 0.1
43 12 0.0 22.528487987878172 32.646740943000005 0.4797153897145555
44 12 0.0 22.528487683233617 32.478440443000004 0.9184279312385438
45 12 0.0 22.528487653772764 32.309575893 1.199585961919773
46 12 0.0 22.52848765142482 32.141596413 1.0757326255869586
47 12 0.0 22.528487650914375 31.971891273000004 0.2772017300469255
48 12 0.0 22.52848765079834 31.788110213000003 2.2530240457842132
49 12 0.0 22.528487650715398 31.611354803000005 2.7084168098260544
50 12 0.0 22.528487650714535 31.454189863000003 1.2184350087912774
51 12 0.0 22.528487650713817 31.305162953000004 2.0257058643352344
52 12 0.0 22.528487650713682 31.149196913000004 2.3295617439855194
RESULT 8.563384167 {"energy": 22.528487650713625, "parity": -1.0, "norm_after_canonicalization": 1.0000000000000018, "max_bond": 12}
