0 4 0.1 47.70069061134552 39.254206970000006 1.0
1 8 0.03 47.151632008242416 39.144598641 1.0
2 24 0.01 47.084176771373386 38.930482851 1.0
pair 3 24 47.083005391598505 37.817481491
4 24 0.001 47.082870064979936 37.486178201 1.0
5 24 0.0001 47.08286829542599 37.044009361 1.0
6 24 1e-05 47.082867359923604 36.596702002 1.0
7 24 1e-05 47.082866597731304 36.246192022 1.0
8 24 0.0 47.082865897713596 35.935617892 1.0
9 24 0.0 47.082864468192945 35.595070112 9.428979128755406
10 24 0.0 47.08286332370935 35.261993822 0.1
11 24 0.0 47.082861917947724 34.912992162 4.464561022688268
12 24 0.0 47.082860974470556 34.525294362000004 0.1
13 24 0.0 47.08286039250151 34.213130222000004 2.0318256304341635
14 24 0.0 47.08286007752938 33.846313573 0.3170632315871401
15 24 0.0 47.0828598809138 33.450354183 1.0994245570987369
16 24 0.0 47.08285981766699 33.123444123000006 1.598392691730385
17 24 0.0 47.08285979347032 32.792568393 2.4036353598800115
18 24 0.0 47.082859785050566 32.467245213000005 1.068616395340475
19 24 0.0 47.08285977541149 32.120016903 6.911999717568895
20 24 0.0 47.08285977037255 31.805293944000002 3.8374122638803447
21 24 0.0 47.08285976428828 31.461781084000002 0.3391768315079107
22 24 0.0 47.08285976236993 31.112939854000004 5.820426105869012
23 24 0.0 47.08285975670616 30.718883304000002 10.680356333198473
24 24 0.0 47.08285975477638 30.267996854000003 1.7512605067303326
25 24 0.0 47.08285975163669 29.866272414 12.0
26 24 0.0 47.08285975076775 29.492695934000004 4.701667364673856
27 24 0.0 47.08285974819294 29.047443105000003 5.906842640289622
28 24 0.0 47.08285974792692 28.725583195000002 0.12578035613829383
29 24 0.0 47.08285974788484 28.344791165000004 6.972363879461106
30 24 0.0 47.082859747762235 27.989585085 7.4073180851509965
31 24 0.0 47.082859747702656 27.623696275 4.805037635438215
32 24 0.0 47.082859747587655 27.265756255000003 0.14125039770211872
33 24 0.0 47.082859747557116 26.900520766000003 0.16243795735743652
34 24 0.0 47.08285974752864 26.536108986000002 0.18680365096105198
35 24 0.0 47.08285974750035 26.179049146000004 0.21482419860520977
36 24 0.0 47.08285974747235 25.839323026000002 0.2470478283959912
37 24 0.0 47.082859747445184 25.508380396000003 0.28410500265538985
38 24 0.0 47.082859747418865 25.194759846000004 0.3267207530536983
39 24 0.0 47.0828597473945 24.887002796000004 11.252512017867884
40 24 0.0 47.08285974731581 24.566467196000005 8.677361826626711
41 24 0.0 47.08285974728363 24.171870057000003 0.1
42 24 0.0 47.08285974728323 23.802080627000002 0.11499999999999999
43 24 0.0 47.08285974728337 23.430440507000004 0.1
44 24 0.0 47.082859747283166 23.089286797000003 0.11499999999999999
pair 45 24 47.082876123061425 21.829107147000002
46 24 0.0 47.08286668402767 21.337776567000002 0.1
47 24 0.0 47.08286580965734 20.836139757 3.56580375250521
48 24 0.0 47.08286489101337 20.292559878000002 0.13874431173817015
49 24 0.0 47.082863664714566 19.819928058000002 5.392220126268443
50 24 0.0 47.08286272358031 19.378875158000003 0.1
51 24 0.0 47.08286201233104 18.920852668000002 2.7947004116546412
52 24 0.0 47.08286147785919 18.476697739000002 0.3082389543022158
53 24 0.0 47.08286086466925 18.013550749000004 2.3572863346793844
54 24 0.0 47.082860574015434 17.588976959000004 0.7494774908144434
55 24 0.0 47.082860294318294 17.157420479000002 1.766937780636474
56 24 0.0 47.08286015018524 16.674394439000004 1.6348737061319318
57 24 0.0 47.082860052458365 16.145741170000004 0.9349829672290791
58 24 0.0 47.082859910611745 15.604427430000001 0.3051133050530309
59 24 0.0 47.0828598661157 15.044451120000002 4.317612994470105
60 24 0.0 47.08285983573937 14.398469971000004 0.4051497057174965
61 24 0.0 47.08285979880564 13.841436141000003 4.400888266543662
62 24 0.0 47.082859782130136 13.354820371000002 1.0843752687716564
63 24 0.0 47.08285976593128 12.849238181000004 2.3069307887115693
64 24 0.0 47.08285976162727 12.354299192000003 2.042407440296396
65 24 0.0 47.08285976004845 11.797846042000003 0.3392179571349784
66 24 0.0 47.08285975920608 11.126810722000002 0.3901006507052251
67 24 0.0 47.08285975827768 10.602929542000002 0.4486157483110088
68 24 0.0 47.082859757200076 10.040748363000002 0.5159081105576601
69 24 0.0 47.082859755917816 9.386004613000004 0.593294327141309
70 24 0.0 47.08285975438238 8.942426983000004 0.6822884762125053
71 24 0.0 47.08285975257024 8.481360383000002 0.784631747644381
72 24 0.0 47.082859750524214 7.962226873000002 12.0
73 24 0.0 47.08285974938548 7.410386804000005 3.0576821714516
74 24 0.0 47.0828597456047 6.851303624000003 10.798550252467015
75 24 0.0 47.08285974496982 6.396648874 3.15466487987641
76 24 0.0 47.0828597436902 6.000437924000003 5.706573097602645
77 24 0.0 47.082859743605276 5.557542904000002 1.5443794202428507
78 24 0.0 47.08285974349189 5.134258995000003 6.250277790840214
79 24 0.0 47.082859743360096 4.742459205000003 11.570423398426389
80 24 0.0 47.082859743164754 4.317111425 12.0
81 24 0.0 47.08285974309032 3.8700911950000005 0.2062917539308876
82 24 0.0 47.082859743066045 3.4019195550000063 12.0
83 24 0.0 47.08285974300835 2.9637091049999995 7.5746923306221525
84 24 0.0 47.082859742965276 2.4950063850000035 0.1
85 24 0.0 47.08285974296252 2.089490045000005 0.11499999999999999
86 24 0.0 47.08285974296068 1.7010767760000007 0.13224999999999998
87 24 0.0 47.082859742959485 1.3272883960000001 0.15208749999999996
88 24 0.0 47.08285974295901 0.9618283960000014 0.17490062499999995
RESULT 38.773025614 {"energy": 47.08285974295893, "parity": -1.0, "norm_after_canonicalization": 0.9999999999999972, "max_bond": 24}
