0 4 0.1 40.14938026695975 39.27642249 1.0
1 8 0.03 39.638599356822645 39.172232820000005 1.0
2 12 0.01 39.56003046870647 39.036483600000004 1.0
pair 3 12 39.55667598143501 38.567669390000006
4 12 0.001 39.55533002007025 38.40135034 1.0
5 12 0.0001 39.55514977351236 38.24162941 1.0
6 12 1e-05 39.55508851978519 38.075636241000005 1.0
7 12 1e-05 39.5550666789693 37.923506311000004 1.0
8 12 0.0 39.555048756019566 37.761746981 1.7910639166822164
9 12 0.0 39.55504137002484 37.599313631 1.3474730510109696
10 12 0.0 39.55503943417997 37.437077411000004 0.16434029658193094
11 12 0.0 39.55503898925307 37.274776001000006 10.90570252243354
12 12 0.0 39.55503863891791 37.109381561000006 1.7837907836470677
13 12 0.0 39.55503765225112 36.942846331000005 12.0
14 12 0.0 39.55503722285372 36.779775061 1.5807505179340111
15 12 0.0 39.55503617729368 36.602564801 12.0
16 12 0.0 39.5550357963531 36.427442931 2.5549035502606214
17 12 0.0 39.55503480487566 36.245461111000004 8.350755093287853
18 12 0.0 39.555034550809225 36.064574591 4.043234685646846
19 12 0.0 39.555033488678106 35.897448431 12.0
20 12 0.0 39.55503310699862 35.729746121000005 1.8834801912610348
21 12 0.0 39.55503230738179 35.536541982 12.0
22 12 0.0 39.555032070321346 35.368867502 3.13136264250666
23 12 0.0 39.55503153466396 35.21007057200001 5.130675812477492
24 12 0.0 39.5550314579957 35.050331502000006 0.58170171073095
25 12 0.0 39.55503141234297 34.891519972000005 6.1053872401132185
26 12 0.0 39.55503134239704 34.732568632 5.990720187680294
27 12 0.0 39.55503133965625 34.567146662 0.21487811606841786
28 12 0.0 39.55503133912482 34.409397582000004 3.1373791331492575
29 12 0.0 39.55503133846314 34.251905352 4.00970027791725
30 12 0.0 39.55503133838301 34.077896022000004 4.742360888611875
31 12 0.0 39.555031338360386 33.919719242 0.23937745215350412
32 12 0.0 39.55503133835454 33.762785502 2.5680381400493197
33 12 0.0 39.55503133834336 33.598163152000005 8.317417573003226
34 12 0.0 39.55503133833583 33.43345119200001 8.733192176189217
35 12 0.0 39.55503133833521 33.264080692 0.19077649564068638
36 12 0.0 39.5550313383353 33.100000963 0.1
37 12 0.0 39.555031338335176 32.954377383 0.1
pair 38 12 39.55584739812633 32.481900743000004
RESULT 7.231536817 {"energy": 39.55503133833531, "parity": -1.0, "norm_after_canonicalization": 1.0000000000000002, "max_bond": 12}
