0 4 0.1 24.726476622365933 5.2623176 1.0
1 8 0.03 24.348829459968947 5.18676166 1.0
2 16 0.01 24.337607461654446 5.06358799 1.0
pair 3 16 24.33741255635303 4.81149968
4 16 0.0 24.33735625717221 4.65058866 0.056263067806619584
5 16 0.0 24.337354945969405 4.49630722 0.8045510417076999
6 16 0.0 24.337354328818364 4.34628452 1.1628678272107043
7 16 0.0 24.337353551321694 4.18902593 1.2910641017509552
swap 2 -1 6.409871744494922e-08
swap 36 -1 7.023103165693101e-08
pair 8 16 24.337353416991963 3.80000157
9 16 0.0 24.33735311441193 3.60516204 0.3954911108857324
10 16 0.0 24.33735305373189 3.4191002000000004 0.4723332315246278
11 16 0.0 24.33735304437734 3.2315839000000004 0.31126502100132813
12 16 0.0 24.337353043147097 3.0420395900000003 0.43436866079741515
13 16 0.0 24.337353042986727 2.853244611 0.3037321049930973
14 16 0.0 24.337353042965994 2.663810271 0.44144551799645654
15 16 0.0 24.337353042963333 2.4714645510000004 0.21588375519754516
16 16 0.0 24.337353042962928 2.278930111 0.9272127857186554
pair 17 16 24.337353042962924 1.2353131409999998
RESULT 4.477186819 {"energy": 24.33735304296301, "parity": 1.0, "norm_after_canonicalization": 1.0000000000000016, "max_bond": 16}
