0 4 0.1 47.70069061134552 39.103674670000004 1.0
1 8 0.03 47.151632008242416 38.98495803 1.0
2 24 0.01 47.084176771373386 38.751281561000006 1.0
pair 3 24 47.083005391598505 37.733652371000005
4 24 0.0 47.08286984078253 37.261876701000006 0.05
5 24 0.0 47.08286789472284 36.853740971 0.7586929046386375
6 24 0.0 47.082866451031784 36.462828191 0.7095495393253299
7 24 0.0 47.082865188197864 36.041196932000005 1.210503243505682
8 24 0.0 47.08286324372799 35.514462632000004 0.9725441852909963
9 24 0.0 47.08286127992439 35.020971692 0.7717718634407075
10 24 0.0 47.08286036196729 34.55063534200001 0.673717669043643
11 24 0.0 47.08285997368048 34.138817733 0.5869412262778004
12 24 0.0 47.08285983823092 33.645167753 0.43513782639001475
13 24 0.0 47.082859803197486 33.117843053 0.6795387008812418
14 24 0.0 47.082859787575806 32.648224773 0.8920310597885099
15 24 0.0 47.082859776899596 32.190793403 0.8035096665656236
16 24 0.0 47.082859769504054 31.715126614000003 0.6871812992192018
17 24 0.0 47.08285976497754 31.243614474000005 0.6412084186085116
18 24 0.0 47.082859762347745 30.730335114000003 0.8198452464080447
19 24 0.0 47.08285976056668 30.246584254000005 0.8949165685799576
20 24 0.0 47.082859758969 29.643036024000004 1.256841474702043
21 24 0.0 47.082859757280374 29.028246635000002 0.8818659614291189
22 24 0.0 47.0828597553499 28.374324095000002 1.3044465988120457
23 24 0.0 47.082859753150956 27.731020185000002 0.8673895935193706
24 24 0.0 47.082859750818145 27.160824835000003 1.2000717224583635
25 24 0.0 47.08285974857447 26.573630826000002 0.7728525597595511
26 24 0.0 47.08285974672545 26.004825806000003 1.0355850383792442
27 24 0.0 47.082859745382606 25.449938856000003 0.675919846656809
28 24 0.0 47.082859744532804 24.867852476000003 0.9174996359195373
29 24 0.0 47.08285974403748 24.322647857000003 0.6229187323391281
30 24 0.0 47.08285974376734 23.790604197 0.8731490011961247
31 24 0.0 47.08285974362186 23.245686047000003 0.6277399526522265
32 24 0.0 47.08285974354074 22.647569627000003 0.9145022919294058
33 24 0.0 47.082859743490324 22.131048528000004 0.7238940858588195
34 24 0.0 47.082859743452325 21.589906648000003 1.108419114554197
35 24 0.0 47.082859743418105 21.078688458000002 0.8673367298877215
36 24 0.0 47.082859743382535 20.538198868000002 1.1994185551627503
37 24 0.0 47.0828597433442 20.006497668 0.9663929744329627
38 24 0.0 47.08285974330213 19.476714609000002 1.132588265457381
39 24 0.0 47.08285974325736 18.989217419000003 0.9627847948820007
40 24 0.0 47.08285974321016 18.440674009000002 0.7715330244045369
41 24 0.0 47.0828597431634 17.910748449000003 1.2472182723435852
42 24 0.0 47.08285974311934 17.389401869000004 0.7928295393752607
43 24 0.0 47.08285974308053 16.835076810000004 1.1267182976419803
44 24 0.0 47.08285974304754 16.284597070000004 0.7249317214937679
45 24 0.0 47.08285974302124 15.772994490000002 1.0664754952140463
46 24 0.0 47.08285974300151 15.249350761000002 0.6618201821540999
47 24 0.0 47.08285974298686 14.721199311000003 1.0077279367380156
pair 48 24 47.08285974298675 8.076757023000003
RESULT 31.663730667 {"energy": 47.08285974298678, "parity": -1.0, "norm_after_canonicalization": 0.999999999999999, "max_bond": 24}
