0 19.154055593326003 1.45406484
1 19.15405559328482 2.04130336
2 19.154055593265955 2.59656984
3 19.15405559318261 3.14054844
4 19.154055593165847 3.6938088
5 19.15405559305442 4.195735779
6 19.154055593006262 4.800390579
7 19.15405559298009 5.351671909
8 19.15405559295103 5.873503569
9 19.154055592933634 6.378265419
10 19.154055592908517 6.888979848
11 19.154055592900914 7.396134538
12 19.15405559287433 7.899076668
13 19.154055592871416 8.350961988
14 19.15405559285601 8.823454938
15 19.154055592854043 9.406847477
16 19.1540555928539 9.812962767
17 19.15405559285371 10.256135587
18 19.154055592853478 10.768839567
19 19.154055592852828 11.318330926
20 19.154055592852814 11.899401236
21 19.15405559285279 12.347487836
22 19.1540555928528 12.848841886
23 19.15405559285279 13.369243306
24 19.154055592852774 13.827173275
25 19.15405559285278 14.363174165
26 19.15405559285278 14.835526735
27 19.15405559285278 15.243592835
RESULT 15.270923505 {"energy": 19.154055592852853, "parity": -1.0, "norm_after_canonicalization": 1.0000000000000007, "max_bond": 24}
