0 4 0.1 30.55017810362195 39.277730021 1.0
1 8 0.03 30.221522690762935 39.173609131000006 1.0
2 16 0.01 30.194909400801865 39.021751071000004 1.0
pair 3 16 30.194619676683878 38.502357721
4 16 0.0 30.19454245272789 38.283878201 0.05059387601886554
5 16 0.0 30.19454018312628 38.043189191 0.9181157198030818
6 16 0.0 30.194539852396364 37.790533621 0.24048228615902065
7 16 0.0 30.194539781223742 37.569955981 1.1593079122203092
8 16 0.0 30.194539749576276 37.352560491000006 0.5363589254477816
9 16 0.0 30.19453972351386 37.155321241 1.5884807559621401
10 16 0.0 30.194539698986272 36.954576132 0.5868784655228363
11 16 0.0 30.19453967808229 36.767479992000005 1.3866420506696124
12 16 0.0 30.194539661134225 36.549227422 0.5090210712608324
13 16 0.0 30.194539650121104 36.353545392 1.2187071434932566
14 16 0.0 30.194539642828627 36.160753372 0.5030594391624074
15 16 0.0 30.194539638154694 35.966361302 1.270510839347098
16 16 0.0 30.194539634874367 35.754672312000004 0.5541338409820452
17 16 0.0 30.194539632373 35.557982302 1.3960376590303947
18 16 0.0 30.19453963032469 35.372769302 0.6004979068507571
19 16 0.0 30.19453962854532 35.192892732000004 1.4635871763374204
20 16 0.0 30.194539626948625 35.013821952 0.6224906576426248
21 16 0.0 30.19453962548129 34.825757952000004 1.4881161365099491
22 16 0.0 30.194539624108835 34.61964999200001 0.6362513963176074
23 16 0.0 30.19453962280845 34.423853912000006 1.497699301945961
24 16 0.0 30.19453962155565 34.222260543000004 0.6477748382625332
25 16 0.0 30.194539620336776 34.019616293000006 1.5076297107170507
26 16 0.0 30.194539619127692 33.837432153 0.6605304826223883
27 16 0.0 30.194539617918938 33.653029543 1.514620679096366
28 16 0.0 30.194539616683908 33.475441013 0.6753571060538239
29 16 0.0 30.194539615420055 33.279595073 1.5095377322454289
30 16 0.0 30.19453961409845 33.082241083 0.6863561277682455
31 16 0.0 30.194539612735454 32.888766063000006 1.4885477957104245
32 16 0.0 30.194539611307466 32.718069423 0.6896121552095941
33 16 0.0 30.194539609866013 32.520935913 1.4394702004550395
34 16 0.0 30.194539608403456 32.336070233 0.6825156229232376
35 16 0.0 30.19453960700716 32.162243133000004 1.3669402951685616
36 16 0.0 30.19453960568028 31.985790543000004 0.6676956506248849
37 16 0.0 30.194539604506424 31.712580744000004 1.2971434775853585
38 16 0.0 30.194539603479612 31.439402514 0.6488707295615432
39 16 0.0 30.194539602638983 31.162190774000003 1.2376569903979764
40 16 0.0 30.194539601956393 30.890555664000004 0.6364989620674006
41 16 0.0 30.194539601428314 30.620734364 1.2012791720993348
42 16 0.0 30.194539601020278 30.346601884000002 0.6296724494184172
43 16 0.0 30.194539600713124 30.076597424000003 1.1888160273216908
44 16 0.0 30.194539600480244 29.806426804000004 0.6293623437419538
45 16 0.0 30.19453960030472 29.537735594000004 1.1994512604998064
46 16 0.0 30.19453960017054 29.267728904000002 0.6347412742108816
47 16 0.0 30.194539600066935 29.003579875000003 1.2134001674250203
48 16 0.0 30.19453959998558 28.751286365000002 0.6464144111452572
49 16 0.0 30.194539599920542 28.557200075000004 1.2299807250506753
50 16 0.0 30.194539599867817 28.377712155000005 0.6592962435121872
51 16 0.0 30.19453959982433 28.191108465000003 1.2387233000002498
52 16 0.0 30.194539599788143 27.974147885 0.7021016344353449
53 16 0.0 30.19453959975776 27.770376665 1.21879255583397
54 16 0.0 30.194539599731506 27.553317815000003 0.6594765094973806
55 16 0.0 30.194539599709103 27.364814575000004 1.2996490349474803
56 16 0.0 30.19453959968994 27.168371205000003 0.6782514273230904
57 16 0.0 30.194539599673476 26.958597036 1.2324598560697042
pair 58 16 30.19453959967349 23.985896827000005
RESULT 15.727296443 {"energy": 30.19453959967349, "parity": -1.0, "norm_after_canonicalization": 1.0000000000000033, "max_bond": 16}
