0 4 0.1 16.47102066987082 39.30383204 1.0
1 8 0.03 16.232921917212426 39.24180606 1.0
2 12 0.01 16.222535649238896 39.144169440000006 1.0
pair 3 12 16.221993422384507 38.907860910000004
4 12 0.0 16.221879198145853 38.778984040000005 0.05
5 12 0.0 16.22187653297321 38.654954440000004 0.7086177437364481
6 12 0.0 16.221873696872887 38.53491246 0.8614490332210271
7 12 0.0 16.221872000570297 38.44160252 1.8391093620546857
8 12 0.0 16.221871305026983 38.34759978 0.26946999418480433
9 12 0.0 16.221871003319926 38.259046590000004 1.6945160802280799
10 12 0.0 16.221870638324084 38.1726052 0.5702080317684346
11 12 0.0 16.221870366589084 38.067148360000004 1.1293064354570623
12 12 0.0 16.221870206909713 37.937192270000004 0.3750998171739881
13 12 0.0 16.22187015123894 37.813991570000006 0.854874016366136
14 12 0.0 16.221870133886238 37.706425811 0.3172931044774267
15 12 0.0 16.221870129408977 37.597831611000004 0.8005637758427622
16 12 0.0 16.221870128279576 37.505543731 0.30472922690313603
17 12 0.0 16.22187012800893 37.398552641 0.789264557915535
18 12 0.0 16.221870127944182 37.258821221000005 0.3010943553362485
19 12 0.0 16.221870127928916 37.139712731 0.7816929216285879
20 12 0.0 16.2218701279253 37.024099141 0.30642115251432356
pair 21 12 16.22187012792532 36.399155151
RESULT 3.310742109 {"energy": 16.221870127925314, "parity": -1.0, "norm_after_canonicalization": 1.000000000000001, "max_bond": 12}
