0 4 0.1 24.72647662236594 5.2938458100000005 1.0
1 8 0.03 24.34882945996887 5.21141037 1.0
pair 2 8 24.3428372453742 4.99358554
3 8 0.0 24.341739590815532 4.86656565 0.05
4 8 0.0 24.341708128118597 4.74013734 0.7261445927271519
5 16 0.01 24.337476738164117 4.57379897 1.0
pair 6 16 24.337390239311834 4.06873647
7 16 0.0 24.337355829565645 3.8799404200000005 0.05
8 16 0.0 24.337354985060678 3.69957248 0.9524128773011471
9 16 0.0 24.33735447120004 3.52333066 1.297892432554453
10 16 0.0 24.33735368553084 3.34499101 1.384167883335063
11 16 0.0 24.33735330117356 3.16022558 0.4694889562707761
12 16 0.0 24.33735320812541 2.9958884400000003 0.4798478250663274
13 16 0.0 24.337353192076456 2.8176202900000002 0.35909215218079443
14 16 0.0 24.337353189708324 2.63081157 0.4317734421304749
15 16 0.0 24.337353189303688 2.46199192 0.445620124903801
16 16 0.0 24.33735318920496 2.27374184 0.6647629879226771
17 16 0.0 24.337353189170674 2.106956931 0.5943657024156883
18 16 0.0 24.337353189156843 1.9412080610000002 0.5640181430016362
19 16 0.0 24.337353189151067 1.758728741 0.6927148929777354
swap 2 -1 6.195054069735306e-08
swap 36 -1 6.715163536341606e-08
pair 20 16 24.33735306004883 0.16237310100000002
RESULT 5.677795709 {"energy": 24.337353043250467, "parity": 1.0, "norm_after_canonicalization": 0.9999999999999947, "max_bond": 16}
