fit 10 5500.0 55 1.58924665
design 2.34696579
allocate [3467, 0, 0, 1223, 0, 1451, 0, 964, 1991, 248, 1151, 831, 0, 0, 0, 0, 1186, 0, 0, 1126, 0, 0, 0, 0, 0, 0, 463, 0, 0, 0, 0, 0, 0, 0, 0, 672, 0, 0, 0, 0, 0, 0, 0, 0, 818, 0, 0, 0, 0, 0, 0, 889, 0, 0, 0, 0, 1148]
fit 10 23128.0 110 3.752339439
design 4.587844719
allocate [4270, 0, 602, 2004, 0, 2289, 0, 1493, 3249, 0, 1827, 1138, 0, 0, 0, 0, 0, 0, 0, 0, 0, 0, 0, 0, 0, 0, 0, 0, 0, 0, 0, 0, 0, 0, 0, 0, 0, 0, 0, 0, 0, 0, 0, 0, 0, 0, 0, 0, 0, 0, 0, 0, 0, 0, 0, 0, 0]
fit 10 40000.0 164 7.388098468
fit 12 40000.0 199 13.157589516
complete 14.266052795
{
  "episode": 5,
  "seed": 218,
  "random": true,
  "scores": {
    "boundary": 0.0522650697621142,
    "bulk": 0.08927346343909798,
    "hook": 0.0683699411785381,
    "rare": 0.059415727572631895
  },
  "cpu": 13.393439874999999,
  "shots": 40000,
  "queries": 55,
  "rss": 138724
}
