fit 10 4220.0 45 1.044972459
design 1.345996479
allocate [746, 0, 2533, 500, 0, 1986, 1939, 367, 1210, 624, 2445, 1160, 0, 0, 0, 0, 0, 0, 0, 0, 0, 0, 0, 0, 0, 0, 0, 0, 0, 0, 0, 0, 0, 0, 0, 0, 1446, 0, 558, 0, 0]
fit 10 19734.0 96 2.044452129
design 2.344599639
allocate [8406, 0, 732, 1379, 0, 1970, 195, 1625, 0, 1534, 2954, 1471, 0, 0, 0, 0, 0, 0, 0, 0, 0, 0, 0, 0, 0, 0, 0, 0, 0, 0, 0, 0, 0, 0, 0, 0, 0, 0, 0, 0, 0]
fit 10 40000.0 146 3.023233338
fit 12 40000.0 183 5.506291397
fit 14 40000.0 213 12.647027024
complete 13.148699784
{
  "episode": 2,
  "seed": 203,
  "random": true,
  "scores": {
    "boundary": 0.05979026248215148,
    "bulk": 0.09887856863025637,
    "hook": 0.06704942391394414,
    "rare": 0.02135221276646325
  },
  "cpu": 12.372700804,
  "shots": 40000,
  "queries": 46,
  "rss": 99164
}
