fit 10 4220.0 48 1.14074418
design 1.474031419
allocate [986, 0, 1752, 943, 0, 1905, 0, 2558, 2330, 462, 1733, 0, 0, 0, 0, 0, 0, 0, 0, 0, 0, 0, 0, 0, 0, 0, 0, 1269, 0, 0, 1149, 0, 0, 0, 0, 0, 0, 0, 0, 1687, 0]
fit 10 20994.0 97 2.093852019
design 2.365368429
allocate [2020, 0, 2597, 1452, 0, 2207, 0, 3464, 3767, 933, 2566, 0, 0, 0, 0, 0, 0, 0, 0, 0, 0, 0, 0, 0, 0, 0, 0, 0, 0, 0, 0, 0, 0, 0, 0, 0, 0, 0, 0, 0, 0]
fit 10 40000.0 136 2.873868049
fit 12 40000.0 162 4.227129758
fit 14 40000.0 182 8.624130157
complete 9.144834397
{
  "episode": 2,
  "seed": 209,
  "random": true,
  "scores": {
    "boundary": 0.08394585540354826,
    "bulk": 0.06196512290488372,
    "hook": 0.060908179706645686,
    "rare": 0.08406240335187812
  },
  "cpu": 8.409950107,
  "shots": 40000,
  "queries": 42,
  "rss": 100676
}
