{
  "valid": true,
  "passed": false,
  "reason": "calibration_targets_not_met",
  "core_score": 0.9652626095256142,
  "nominal_score": 0.9652626095256142,
  "inherited_generation_two_score": 0.9652626095256142,
  "extension_score": 0.9700646462348368,
  "local_score": 0.9652632769455499,
  "worst_family_score": 0.9652632769455499,
  "worst_scale_score": 0.9919749451514159,
  "runtime_score": 1.0,
  "resource_score": 1.0,
  "physical_class": 0,
  "opposite_class": 1,
  "failed_groups": [
    "global",
    "rows:++--@0.95",
    "columns:+----@0.95",
    "columns:+---+@0.95",
    "columns:++---@0.95",
    "orientation_columns:+----@0.95",
    "orientation_columns:+----@1.05",
    "orientation_columns:+---+@0.95",
    "orientation_columns:+---+@1.05",
    "orientation_columns:++---@0.95",
    "orientation_columns:++--+@0.95",
    "orientation_cross:0,0@0.95",
    "orientation_cross:0,0@1.05",
    "orientation_cross:2,0@0.95",
    "orientation_cross:2,0@1.05",
    "orientation_cross:3,0@0.95",
    "orientation_cross:3,0@1.05"
  ],
  "extension_minimum_certificates": {
    "certified_gap": 0.8309342906843807,
    "certified_opposite_posterior": 0.8382336404230553,
    "certified_syndrome_probability": 1.781780546039274e-05
  },
  "extension_point_minima": {
    "gap": 0.8550694342429228,
    "opposite_posterior": 0.8432090772758045,
    "syndrome_probability": 1.8502257234386705e-05
  },
  "extension_failure_clusters": {
    "none": 74,
    "opposite_posterior": 6,
    "gap+opposite_posterior": 5,
    "gap": 1
  },
  "extension_actual_failure_clusters": {
    "none": 81,
    "opposite_posterior": 5
  },
  "extension_certificate_only_failures": 7,
  "inference_points": 5791,
  "evaluation_seconds": 2.591741797979921,
  "evaluation_cpu_seconds": 2.48477165,
  "peak_rss_mib": 39.9375
}
