{
  "ready": true,
  "frozen_at_utc": "2026-08-28T18:39:42.072124+00:00",
  "files_frozen": 19,
  "manifest_sha256": "44c65e396e69794328eae4c87969923518d4af01b90b200f99bbe326bdde72fc",
  "solvability": "open_unknown_achievability",
  "baseline": {
    "core_score": 0.9197899012060603,
    "inherited_generation_two_score": 1.0104109012101703,
    "extension_minimum_certificates": {
      "certified_gap": 0.7818214160251512,
      "certified_opposite_posterior": 0.8369618827942639,
      "certified_syndrome_probability": 1.853306134534733e-05
    },
    "extension_point_minima": {
      "gap": 0.8053940642086896,
      "opposite_posterior": 0.8418515011072247,
      "syndrome_probability": 1.9270660798792905e-05
    },
    "extension_actual_failure_clusters": {
      "none": 77,
      "gap+opposite_posterior": 2,
      "opposite_posterior": 6,
      "gap": 1
    },
    "extension_certificate_only_failures": 5,
    "evaluation_seconds": 959.6884485459886,
    "evaluation_cpu_seconds": 887.0246580390001,
    "peak_rss_mib": 68.84375
  },
  "audit_passed": true,
  "fresh_runner_launched": false
}
