generated 6144 seconds 13.76483273098711
base 512 best 0.10530340423942142 seconds 21.847767175990157
base 1024 best 0.13561890839737173 seconds 28.75783204997424
base 1536 best 0.1408664172460377 seconds 35.89168649399653
base 2048 best 0.1408664172460377 seconds 42.57209616492037
base 2560 best 0.1408664172460377 seconds 50.56857380992733
base 3072 best 0.1408664172460377 seconds 59.15134423598647
base 3584 best 0.1408664172460377 seconds 64.64829879300669
base 4096 best 0.1408664172460377 seconds 71.47209459589794
base 4608 best 0.1408664172460377 seconds 78.34332201792859
base 5120 best 0.1408664172460377 seconds 85.40019230195321
base 5632 best 0.1408664172460377 seconds 92.22661095892545
base 6144 best 0.1408664172460377 seconds 99.12497277394868
partial best [(0.06291221474537888, -0.0711867660291266, 26), (0.060030014283031355, -0.057470799035523545, 20), (0.0593397925611894, -0.07421056773781759, 26), (0.05635056133092278, -0.061916955334183565, 23), (0.05633596761835516, -0.06446167145707465, 22), (0.055548895796073916, -0.06916595932571057, 21), (0.055535418301485964, -0.08322815233920966, 26), (0.054978818084795614, -0.060718987285516945, 20), (0.054768523118478754, -0.04658330239412478, 21), (0.054678742144507, -0.04759248077299971, 22)] seconds 204.56822148000356
BEST {"kind": 26, "base": 0.0711867660291266, "orientation": -1, "ranks": [246, 253, 257], "partial_score": 0.06291221474537888, "score": -0.009113779276283582, "margin": -0.015751112414159635, "coverage": 0.01153515495924956, "core": 0.04424888758584036, "worst": 0.034477226031958366, "passed": false} seconds 207.9351413080003
BEST {"kind": 26, "base": 0.07421056773781759, "orientation": -1, "ranks": [199, 218, 230], "partial_score": 0.0593397925611894, "score": -0.00811383980708455, "margin": -0.014881599832247433, "coverage": 0.024779927620217856, "core": 0.045118400167752565, "worst": 0.041006177105705574, "passed": false} seconds 209.72373315994628
BEST {"kind": 26, "base": 0.08322815233920966, "orientation": -1, "ranks": [228, 244, 252], "partial_score": 0.055535418301485964, "score": -0.007871185458494185, "margin": -0.015435559190655847, "coverage": 0.009564440809344155, "core": 0.05042915821441108, "worst": 0.03516311711769132, "passed": false} seconds 209.72920685692225
BEST {"kind": 20, "base": 0.060718987285516945, "orientation": -1, "ranks": [229, 241, 247], "partial_score": 0.054978818084795614, "score": -0.005031570951481205, "margin": -0.012201366044766265, "coverage": 0.018778778368048976, "core": 0.04779863395523373, "worst": 0.04105624087437124, "passed": false} seconds 209.7861440659035
BEST {"kind": 21, "base": 0.04658330239412478, "orientation": -1, "ranks": [236, 246, 256], "partial_score": 0.054768523118478754, "score": -0.0006546705982194171, "margin": -0.008416697605875219, "coverage": 0.02131209923775279, "core": 0.051746846717705346, "worst": 0.047110743048592266, "passed": false} seconds 210.67597321397625
BEST {"kind": 22, "base": 0.04759248077299971, "orientation": -1, "ranks": [210, 225, 238], "partial_score": 0.054678742144507, "score": 0.0007314042015458249, "margin": -0.007407519227000288, "coverage": 0.026840316585144575, "core": 0.05425948952364075, "worst": 0.044243328352701124, "passed": false} seconds 211.07217736099847
BEST {"kind": 27, "base": 0.06113199813661113, "orientation": -1, "ranks": [653, 671, 686], "partial_score": 0.05384017796659066, "score": 0.0033105734765441885, "margin": -0.00502396214745502, "coverage": 0.03229511629431653, "core": 0.0555635708266614, "worst": 0.04497603785254498, "passed": false} seconds 212.11526554089505
complete 317.8511798499385
