START 0 seed_9954.json
/usr/lib/python3/dist-packages/scipy/optimize/_optimize.py:284: RuntimeWarning: Values in x were outside bounds during a minimize step, clipping to bounds
  warnings.warn("Values in x were outside bounds during a "
progress 0 25 minimum 0.019979681403313576 margin -78.5911197387745 error -0.0786211197387745 grad 0.3018022093533478 dad 0.37407340585298304 seconds 8.409720859024674
BEST 0 39 minimum 0.008186577144123828 metrics [0.008186577144123828, -0.008186577144123519, -6.418320985801529e-09, 6.670033257894695e-05, 1.245027747565075e-09, 0.46791491961806075, 0.7379432292307486, 0.20874298950420095, 2.626656540610207, 21.91171565508677, 0.666981029522459, 0.9865738210759767, 7.250604320000419e-05, 6.623227780683928, 0.7803391513385681, 0.610263412105938]
progress 0 50 minimum 0.0010740709917823731 margin -0.07779280789176184 error 1.5690901076226282e-06 grad 0.0018400915939488954 dad 0.0009779280789176184 seconds 9.404762511956505
progress 0 75 minimum 1.4015099400488416e-05 margin -0.0103356698481142 error 3.952110736449299e-07 grad 0.0006554333649874392 dad 0.000303356698481142 seconds 10.189525792025961
BEST 0 90 minimum -3.782568248379692e-08 metrics [-3.782568248379692e-08, 3.7825682586145604e-08, 2.2459945636654766e-07, 0.0004962262723596205, 2.6058702573550363e-07, 0.6261275682677181, 0.15074512938617612, 0.0555851472988714, 1.1590771629218892, 94.95272849427529, 0.5975619026335245, 0.7311043375207148, 0.00020000001107019777, 5.576440036436236, 0.1605023530390281, 0.1264917260927151]
BEST 0 91 minimum -3.7825815566197196e-08 metrics [-3.7825815566197196e-08, 3.7825815146774744e-08, 2.246187138510436e-07, 0.0004962576481696927, 2.606432102369993e-07, 0.6261270791755678, 0.1507455066681782, 0.05559920940625174, 1.1590813067314003, 94.95259130232928, 0.5975622061349402, 0.7311050561542273, 0.00020000000353479681, 5.5764441233715285, 0.16050281545520895, 0.12649202290438194]
BEST 0 92 minimum -3.782647772787584e-08 metrics [-3.782647772787584e-08, 3.782647772787584e-08, 2.247061070548284e-07, 0.0004964000171193084, 2.608920244284718e-07, 0.6261249832853593, 0.1507476338130207, 0.05568398617978298, 1.1591040940196071, 94.95165729911533, 0.597563554642445, 0.7311080612764704, 0.00020000007824961153, 5.576467314028319, 0.16050559293328415, 0.1264938551774672]
BEST 0 93 minimum -3.782784252565845e-08 metrics [-3.782784252565845e-08, 3.7827842191973104e-08, 2.2483773776116323e-07, 0.000496618464061366, 2.612519686140402e-07, 0.6261212826723396, 0.15075211843603498, 0.055885921281946194, 1.1591514831397736, 94.94922455379717, 0.5975659951837162, 0.7311132723663877, 0.00020000023900422522, 5.576513840479752, 0.16051207518280036, 0.12649813395115755]
BEST 0 99 minimum -3.791600714300736e-08 metrics [-3.791600714300736e-08, 3.791600700076003e-08, 2.2571230662293829e-07, 0.000498464390767764, 2.6226528127004656e-07, 0.6260388814951662, 0.15089091811125765, 0.06407859092123581, 1.1606588668326636, 94.84370929117841, 0.5976237851274347, 0.7312236180900351, 0.0002000005828864386, 5.577854662048255, 0.1607586232384638, 0.1266589396576925]
progress 0 100 minimum -3.791584179957397e-08 margin -5.698552930531384e-10 error 2.2568679725054608e-07 grad 0.0004984264090910748 dad 0.00020000000569855294 seconds 10.896638229023665
BEST 0 101 minimum -3.791615602044551e-08 metrics [-3.791615602044551e-08, 3.791615532655612e-08, 2.2564067858610315e-07, 0.0004983607269267951, 2.620541560416356e-07, 0.6260401434363898, 0.15088929671086682, 0.06411501672593843, 1.1606490605229223, 94.84380370310272, 0.5976228911999047, 0.7312218879848915, 0.00020000002005654685, 5.577832616936675, 0.1607578696593764, 0.1266582107278553]
BEST 0 102 minimum -3.7917169234972716e-08 metrics [-3.7917169234972716e-08, 3.791716962631142e-08, 2.2558508749881412e-07, 0.0004982953541309465, 2.618974996870804e-07, 0.6260431793569631, 0.15088506112244815, 0.06421393256261987, 1.1606292301639909, 94.84482623167048, 0.5976206971432575, 0.7312177497977485, 0.00020000000160277765, 5.577782416637611, 0.16075504450552555, 0.12665576750668597]
BEST 0 103 minimum -3.7921594336909337e-08 metrics [-3.7921594336909337e-08, 3.792159386506455e-08, 2.254867119688697e-07, 0.000498244907893017, 2.6166698563478974e-07, 0.6260580304146981, 0.1508640381828652, 0.06466072006314118, 1.1605348163519447, 94.85125250514218, 0.5976099488143811, 0.7311975034367939, 0.00019999927939317227, 5.577544953515668, 0.16073919382027682, 0.12664258034057546]
BEST 0 104 minimum -3.793760407079423e-08 metrics [-3.793760407079423e-08, 3.793760394721346e-08, 2.2531876808784546e-07, 0.0004985177558318221, 2.6156329535620415e-07, 0.6261314022537162, 0.1507597297227381, 0.06692504720563412, 1.1600878366810385, 94.88518211082564, 0.5975568388025818, 0.7310974239639609, 0.00019997784261771716, 5.576392390196798, 0.1606585611482732, 0.12657589713986875]
BEST 0 107 minimum -3.8029162152675156e-08 metrics [-3.8029162152675156e-08, 3.802916204165285e-08, 2.2605397109742853e-07, 0.0005013359465005095, 2.6471533043359585e-07, 0.6263643056450152, 0.15042338324538562, 0.07439336487234512, 1.1586997881199461, 95.0000001562112, 0.5973874818842033, 0.7307801519158593, 0.00020000066118837885, 5.57272357786014, 0.1603939750811747, 0.12635756645057697]
BEST 0 108 minimum -3.8030092084811047e-08 metrics [-3.8030092084811047e-08, 3.8030093074681304e-08, 2.2608778671440177e-07, 0.0005014184501222214, 2.6483836357282797e-07, 0.6263668503556328, 0.15042078619306753, 0.07451542993549837, 1.1586819520293703, 95.0000007961489, 0.5973855039086249, 0.7307768490859656, 0.00019999995272395755, 5.572659961662153, 0.16039290448100033, 0.12635642114877418]
BEST 0 118 minimum -3.835930935391918e-08 metrics [-3.835930935391918e-08, 3.835930884044103e-08, 2.2715857550537066e-07, 0.000509782094126998, 2.730420053387306e-07, 0.6271996856676882, 0.14983459925682663, 0.105011846071843, 1.1542182912062315, 94.9436426819437, 0.5967799947331636, 0.729649044523821, 0.0001999765894737075, 5.556469074716176, 0.16018351231505057, 0.1261370180911337]
BEST 0 121 minimum -3.8369365226258334e-08 metrics [-3.8369365226258334e-08, 3.8369364796508876e-08, 2.2778866259898223e-07, 0.0005130698232340816, 2.773788009280409e-07, 0.6274508330034908, 0.14983031982123407, 0.11531157460810401, 1.1531217028326088, 94.80372387852368, 0.5965985352368048, 0.7293096504520717, 0.00019986781467441146, 5.550857415589546, 0.16031793921279286, 0.12622279831906316]
BEST 0 122 minimum -3.8395116752631964e-08 metrics [-3.8395116752631964e-08, 3.8395116863654266e-08, 2.2802641730379491e-07, 0.0005139119677519188, 2.785411262751225e-07, 0.6274970260573584, 0.1498728757263068, 0.11761315702571634, 1.1529529818031932, 94.74411370076739, 0.5965647381626538, 0.7292481583437441, 0.00019988157804255374, 5.549547302647884, 0.1603958947963757, 0.12627864759627563]
BEST 0 123 minimum -3.841567886005364e-08 metrics [-3.841567886005364e-08, 3.8415679082248744e-08, 2.282350610727235e-07, 0.0005150935775166309, 2.801797996943023e-07, 0.6275738268607123, 0.14995612203584585, 0.12152471863241573, 1.1526842328590765, 94.6351949443997, 0.5965086642935603, 0.729146098363666, 0.0001998476223256913, 5.547294054205684, 0.16054090623648865, 0.12638314624497507]
BEST 0 124 minimum -3.8441476236372855e-08 metrics [-3.8441476236372855e-08, 3.844147600240433e-08, 2.2830164425613475e-07, 0.0005164498503451773, 2.820219701105131e-07, 0.6276750082692751, 0.15011769973882227, 0.12712085798251074, 1.1523700965332448, 94.45076417391525, 0.596434613593286, 0.7290126498915677, 0.00019976208148534693, 5.543987668083045, 0.16079638363818413, 0.12656927730720327]
BEST 0 125 minimum -3.850342854266568e-08 metrics [-3.850342854266568e-08, 3.850342822353525e-08, 2.2812197109089993e-07, 0.0005176136417681011, 2.834018563158125e-07, 0.6277786800279805, 0.1503834702310023, 0.13374422733642283, 1.1521178369535543, 94.18232732881191, 0.5963581497626222, 0.72887799599829, 0.00019967796624410287, 5.539921739343594, 0.16118355063513076, 0.12685405529168775]
progress 0 125 minimum -3.850342854266568e-08 margin 3.2203375589714024e-05 error 2.2812197109089993e-07 grad 0.0005176136417681011 dad 0.00019967796624410287 seconds 12.278658421942964
BEST 0 126 minimum -3.8721408524011736e-08 metrics [-3.8721408524011736e-08, 3.8721408524011736e-08, 2.285372868726654e-07, 0.0005197785525948573, 2.86132626370339e-07, 0.6278717619940825, 0.15084835947489594, 0.1419127594490119, 1.1520601716575092, 93.76397545138, 0.5962873766148821, 0.7287619997679893, 0.0001998600936851305, 5.534698591179089, 0.16181375286996905, 0.12732137630326767]
BEST 0 129 minimum -3.8850875164544996e-08 metrics [-3.8850875164544996e-08, 3.8850875627716164e-08, 2.239041494433991e-07, 0.000519205382222846, 2.8215743352877354e-07, 0.6282402723397901, 0.15254323557091354, 0.17243616214068314, 1.1519468484383333, 92.22874031672917, 0.5960166496039915, 0.7282963211240473, 0.00019948703443918337, 5.514600225254899, 0.1641439462988494, 0.12904486471717178]
BEST 0 130 minimum -3.90909261349659e-08 metrics [-3.90909261349659e-08, 3.9090925829654566e-08, 2.2329308801971592e-07, 0.0005199051660650487, 2.825306529841143e-07, 0.6282597621794167, 0.15325562235391565, 0.180665285737599, 1.1524433182254517, 91.6573451767484, 0.5959980721924034, 0.7282860185587834, 0.0001997027122880958, 5.508652386666412, 0.16506374497129356, 0.12972811447812221]
BEST 0 133 minimum -3.930055070267002e-08 metrics [-3.930055070267002e-08, 3.930055059164772e-08, 2.226447888276084e-07, 0.0005255630777331896, 2.925661054531403e-07, 0.6284154388835058, 0.15507509803665442, 0.2077837103345278, 1.1539805207294778, 90.17081760396806, 0.595881178737799, 0.7281142050894178, 0.00019970515425131905, 5.490301177813098, 0.167462145968834, 0.13150042248554192]
BEST 0 135 minimum -3.959248182083819e-08 metrics [-3.959248182083819e-08, 3.959248173757146e-08, 2.1985288523040936e-07, 0.0005263853300002694, 2.936733048963802e-07, 0.6284328370269242, 0.15655921939731687, 0.2279280379392545, 1.1557249285494173, 88.98973573162442, 0.595862961743458, 0.7281290086901647, 0.00019993383304330996, 5.475682503125025, 0.16941878607626196, 0.1329365479641361]
BEST 0 137 minimum -3.970829592914171e-08 metrics [-3.970829592914171e-08, 3.9708295096474444e-08, 2.1526660809456644e-07, 0.0005223461537016345, 2.859035904689833e-07, 0.6284180451987984, 0.15744459978180547, 0.24021822684101152, 1.1569293675945258, 88.2779102771018, 0.5958700999139726, 0.7281760192548069, 0.00019999429221033806, 5.466326042209227, 0.17060605822069982, 0.133800959844785]
BEST 0 139 minimum -3.985797066256753e-08 metrics [-3.985797066256753e-08, 3.98579704796731e-08, 2.1379035874957708e-07, 0.0005265272041881924, 2.955261955150945e-07, 0.6283543692973759, 0.15867573218597641, 0.25976046175064016, 1.159365504516543, 87.30737013515473, 0.5959106875270396, 0.7283044428668559, 0.0001999682629965028, 5.452233022646771, 0.17224709374050332, 0.13498589664960886]
progress 0 150 minimum -4.0281263935515454e-08 margin -2.1635990083798576e-05 error 1.899421988582617e-07 grad 0.000519193893740415 dad 0.000200216359900838 seconds 13.138756818021648
BEST 0 166 minimum -4.0287252691008e-08 metrics [-4.0287252691008e-08, 4.0287252200954526e-08, 1.7273502983528033e-07, 0.000515411983439071, 2.9397341860804005e-07, 0.6273942619191123, 0.15848366310218065, 0.3863142788995907, 1.176029152711983, 85.65013323924585, 0.5965636253645796, 0.7299452372234915, 0.0002000001760744855, 5.357148756319802, 0.17360876909876313, 0.13529955947530029]
BEST 0 167 minimum -4.028964064042393e-08 metrics [-4.028964064042393e-08, 4.0289640290680495e-08, 1.727837881659866e-07, 0.0005158893785378963, 2.949856008349627e-07, 0.6273961445559162, 0.15842585091506578, 0.38683345982397066, 1.1760134416170573, 85.67709089481048, 0.5965620150816069, 0.729943696380323, 0.00019999986597277062, 5.356863236572256, 0.17354864889655097, 0.13525038184159655]
BEST 0 168 minimum -4.029387207227231e-08 metrics [-4.029387207227231e-08, 4.0293872016761156e-08, 1.7263881346707421e-07, 0.0005168010973891888, 2.96959736578728e-07, 0.6274061985614003, 0.1582197854982228, 0.3886435310711746, 1.175937705235199, 85.77164733779064, 0.5965541001790872, 0.7299333684665905, 0.00019999108376260886, 5.35582920751229, 0.17333589670361466, 0.13507644262877552]
progress 0 175 minimum 6.577677898189638e-07 margin -0.063055257267373 error 7.414607594569134e-09 grad 0.0001589285908123755 dad 0.00017175538569125524 seconds 14.113923621014692
BEST 0 185 minimum -4.0396219746385396e-08 metrics [-4.0396219746385396e-08, 4.0396219702643066e-08, 1.780230691750262e-07, 0.0005476280973517939, 3.3961502510226893e-07, 0.6294623692153276, 0.1490212317657713, 0.43480665475270175, 1.155344641352267, 90.5586420716902, 0.5950622392130873, 0.7270963863817866, 0.0001984250494440225, 5.342984086307155, 0.16393949207851669, 0.127698223278781]
BEST 0 186 minimum -4.067975877740404e-08 metrics [-4.067975877740404e-08, 4.067975933885748e-08, 1.791989792110371e-07, 0.0005493205576302729, 3.405434222392145e-07, 0.6295254350486704, 0.14879185013141338, 0.43559356240228747, 1.154648401207652, 90.68721032979768, 0.5950147238200307, 0.7270083971186047, 0.00019893879207679715, 5.342983960700285, 0.1637079550837475, 0.1275186664325033]
BEST 0 187 minimum -4.083768729776227e-08 metrics [-4.083768729776227e-08, 4.083768723184278e-08, 1.8012666469502392e-07, 0.0005516192386809615, 3.424710368626904e-07, 0.6296800408558926, 0.1481783910551453, 0.43817514805695545, 1.1530429978344283, 91.02937188097118, 0.5949014651195113, 0.72679357922938, 0.00019910403737366834, 5.3425423590557, 0.16308473777983856, 0.12703271839487532]
BEST 0 188 minimum -4.0904268765280106e-08 metrics [-4.0904268765280106e-08, 4.090426908298639e-08, 1.8099127352400046e-07, 0.0005547119744538733, 3.4499686574207544e-07, 0.6299592708252167, 0.1470780769188451, 0.44275376527572285, 1.1501508657000212, 91.64853648251542, 0.5946979965673937, 0.7264054176264575, 0.00019891576501999007, 5.341757407961361, 0.16196785904632688, 0.1261621225937724]
BEST 0 189 minimum -4.091903564896675e-08 metrics [-4.091903564896675e-08, 4.091903549330311e-08, 1.81668617926789e-07, 0.0005578548998628277, 3.462938982234931e-07, 0.6303465077809952, 0.14557575973021653, 0.4487658061482748, 1.1461073494134535, 92.50600613083238, 0.594415875931785, 0.7258668049439372, 0.00019839359767777787, 5.340805363438281, 0.16044638103020992, 0.12497709484655928]
BEST 0 190 minimum -4.1011131240997756e-08 metrics [-4.1011131240997756e-08, 4.101113115773103e-08, 1.8219354647186492e-07, 0.0005602835111820235, 3.451493855166632e-07, 0.6307456964302832, 0.1440349015400173, 0.45473778754905697, 1.1418968063845805, 93.4002965202907, 0.5941241387537903, 0.7253117941811298, 0.0001979155775144385, 5.339895030828734, 0.15888898780177835, 0.1237644582715586]
BEST 0 191 minimum -4.1042889561161326e-08 metrics [-4.1042889561161326e-08, 4.104288953143964e-08, 1.8275383251165067e-07, 0.000563592924831558, 3.461309070473817e-07, 0.6311550028540328, 0.14239938545282094, 0.4612732658682563, 1.1375709907827203, 94.37105622366911, 0.5938246521729548, 0.7247438796665047, 0.00019737780929993384, 5.3387947050624245, 0.15723119578820693, 0.12247233052619341]
progress 0 200 minimum -4.240265860655512e-08 margin -0.0001494248929719788 error 1.7953783082447217e-07 grad 0.0005614299931769713 dad 0.00019997370979073944 seconds 15.31317624996882
progress 0 225 minimum -4.2554080037504605e-08 margin -6.096486586386618e-06 error 1.5448216128532977e-07 grad 0.0005352597334593026 dad 0.00020002220406382403 seconds 16.068263798952103
progress 0 250 minimum -4.302794862076631e-08 margin -7.54725938137429e-05 error 1.2837820495548158e-07 grad 0.0004991822082776118 dad 0.00020075472593813744 seconds 16.792551322025247
progress 0 275 minimum -4.3074779471301155e-08 margin -2.105161535457395e-06 error 1.0406135952933937e-07 grad 0.00045991842504748643 dad 0.00020002105161535458 seconds 17.67105324997101
progress 0 300 minimum -4.461332506527324e-08 margin -0.00018549466997064474 error 8.942685925106275e-08 grad 0.0004341958428806894 dad 0.00020185494669970646 seconds 18.52003329002764
progress 0 325 minimum -4.715391391241219e-08 margin -0.0004387053921388388 error 8.422913211347804e-08 grad 0.00043280843286677885 dad 0.0002043870539213884 seconds 19.53183709201403
progress 0 350 minimum -5.0317301762692335e-08 margin -1.7480717367661424e-05 error 8.50367407601027e-08 grad 0.00043755949271934863 dad 0.00020017480717367662 seconds 20.29400336893741
BEST 0 360 minimum -5.382319999414076e-08 metrics [-5.382319999414076e-08, 5.382319967495164e-08, 9.131237721504704e-08, 0.00045534633609325395, 3.9401802132132957e-07, 0.6606711504036354, 0.127131068413473, 0.06669713853287203, 0.8590623406576261, 94.99583099611458, 0.5717832995579242, 0.6850716448515961, 0.0001999186197638093, 4.728612606774543, 0.1316926504644073, 0.10598406655688096]
progress 0 375 minimum -6.187108883559667e-08 margin -6.150960563781362e-05 error 1.1418612988478571e-07 grad 0.00048911278253009 dad 0.00020061509605637815 seconds 20.884896686999127
BEST 0 394 minimum -9.411612028703278e-08 metrics [-9.411612028703278e-08, 9.411612023058069e-08, 2.1975426678366716e-07, 0.0006133455862474883, 5.988574315329842e-07, 0.6723162336323979, 0.11758058136797045, 0.05499999929109082, 0.7351620879048074, 95.00000023432945, 0.5624084677715638, 0.6684829882727121, 0.00020000025485577714, 4.730195154860159, 0.12793124583435225, 0.10286722992016933]
progress 0 400 minimum -1.1243185145921669e-07 margin -0.006059026018405262 error 1.9178426624577583e-07 grad 0.000628298032599184 dad 0.00020223922263878114 seconds 21.701254336046986
progress 0 425 minimum -0.06995770637729588 margin -140.86365160943058 error 0.14089365160943057 grad 0.9241089798466129 dad 0.46771515150978854 seconds 23.199937738012522
END 0 Optimization terminated successfully minimum -1.5390980467530624e-08 margin 4.238173397300149e-13 calls 661 bad_roots 2
START 1 seed_3215.json
progress 1 25 minimum 0.1250777555118021 margin -1129.7892251551407 error 1.1298192251551407 grad 1.1848885195501964 dad 0.24797022399132518 seconds 24.99513630301226
END 1 Positive directional derivative for linesearch minimum -0.9083359511675684 margin -29.92058746359053 calls 119 bad_roots 8
START 2 seed_11808.json
progress 2 25 minimum 0.025702026987731226 margin -607.4727850374364 error 0.6075027850374364 grad 2.1996213054384786 dad 0.1612937397899132 seconds 27.970965742017142
progress 2 50 minimum -0.001263293084912119 margin -31.2689606570353 error 0.0312989606570353 grad 0.5315327043339423 dad 0.17337735869678317 seconds 29.41026277898345
END 2 Positive directional derivative for linesearch minimum -0.5135777287184048 margin -0.6024218531781333 calls 179 bad_roots 4
START 3 seed_9.json
progress 3 25 minimum 0.001719784828674506 margin -160.02088957495684 error 0.16005088957495683 grad 1.8433147000993293 dad 0.03561815947419077 seconds 31.08351300295908
progress 3 50 minimum -0.8010250270242486 margin -0.23281725414104779 error 5.911785068990483e-05 grad 2.3375056206311946 dad 0.002528172541410478 seconds 31.911974910995923
progress 3 75 minimum -0.8029679170572641 margin -0.009447466627321094 error 1.9341390958160787e-05 grad 2.334499019695372 dad 0.00029447466627321095 seconds 32.62588015093934
END 3 Positive directional derivative for linesearch minimum -0.8029411549793097 margin -0.0002569144024421792 calls 143 bad_roots 0
START 4 seed_11569.json
BEST 4 18 minimum -3.6520347566283327e-06 metrics [-3.6520347566283327e-06, 3.652034756385092e-06, 3.804807459095727e-06, 0.008803195793742431, 1.12331763890694e-08, 0.4550000287548191, 1.9536480645670475, 0.14382266916868391, 0.43498387418681705, 3.524463561887804, 0.5885110485153032, 1.055847565247367, 0.0001965115557038359, 4.60416921483487, 1.9536442597595907, 1.9535379826789994]
progress 4 25 minimum -5.69435710776647e-06 margin -0.0014054662143369835 error -1.4140106763038673e-05 grad 0.010715476245813352 dad 0.00021405466214336985 seconds 33.70716810703743
progress 4 50 minimum -0.00015037937709381274 margin -0.10680060065857092 error 0.00013680060065857091 grad 0.05544107227779949 dad 0.0008952736698686845 seconds 34.25694565894082
progress 4 75 minimum -19.668301879059214 margin -2722263.7545017106 error -2722.2637845017107 grad 678.9707575728825 dad 45.4962726625668 seconds 35.25368192594033
progress 4 100 minimum 1.9536410546712915e-05 margin -0.020443457334054095 error -1.498565968205412e-06 grad 0.0003844720658175922 dad 0.00040443457334054096 seconds 36.30548216297757
progress 4 125 minimum -1.7453317319779716e-08 margin -1.4025584937167254e-07 error -1.544516088358705e-07 grad 0.00020130683410669701 dad 0.00020000140255849373 seconds 36.84505972499028
progress 4 150 minimum -1.8694410374246447e-08 margin 0.0005427117642206537 error -1.0438332975759579e-06 grad 0.00021696234309133633 dad 0.00019457288235779347 seconds 37.377476957044564
progress 4 175 minimum -1.824995870629276e-07 margin -0.0004107947352727508 error 1.3084752569447744e-05 grad 0.0013135190633469507 dad 0.00020410794735272752 seconds 37.88647628901526
progress 4 200 minimum 3.8963186872221405e-05 margin -0.029856604143535307 error -4.622727217284961e-05 grad 0.002847026825035293 dad 0.0004985660414353531 seconds 38.52887499798089
BEST 4 222 minimum -3.720029024622141e-06 metrics [-3.720029024622141e-06, 3.7200290246008905e-06, 2.9999989438422858e-05, 0.003602755996255931, 5.291517132899326e-05, 0.9551499982136085, 0.9040232774063321, 0.9968969783420097, 0.9968969783420089, 10.774270431585926, 0.21381383038375174, 0.21317953462171263, 0.00020000020221144866, 4.950349987162411, 0.9039932774168953, 0.9036518393468922]
BEST 4 223 minimum -3.727171079267967e-06 metrics [-3.727171079267967e-06, 3.727171079326297e-06, 3.0000020052600718e-05, 0.003607017962869337, 5.302348701241577e-05, 0.9551021045428212, 0.9040673290418924, 0.9965211669711764, 0.9965211669711754, 10.774133100905052, 0.21393006470476894, 0.21329575506874246, 0.00020000074594893062, 4.9503419784743, 0.9040373290218379, 0.9036957978693693]
progress 4 225 minimum -3.9818462343103964e-06 margin -4.4444314849034034e-06 error 2.9982988247745368e-05 grad 0.003751468126665743 dad 0.00020004444431484904 seconds 39.18162086897064
progress 4 250 minimum -0.00021493881608535386 margin -0.0002253052150314605 error -2.9802072602613805e-05 grad 0.019983472563628816 dad 0.00020225305215031461 seconds 39.8535026749596
BEST 4 268 minimum -0.0003455558247521433 metrics [-0.0003455558247521433, 0.0003455558247518198, -2.9999999642260633e-05, 0.015136809938692942, 0.0008999074511477634, 0.8130648586837794, 0.10499997888390578, 0.2808872855572207, 0.2808872855572228, 62.028821161905725, 0.44862319614213203, 0.4480176773667436, 0.00019492485511462697, 5.091607698024673, 0.1664362574253625, 0.1636444405681684]
BEST 4 269 minimum -0.00034558838969697345 metrics [-0.00034558838969697345, 0.0003455883896965606, -3.000001892106141e-05, 0.015139114668739479, 0.0008999991020768316, 0.8130137611983631, 0.10499998273687083, 0.28083946702124646, 0.2808394670212461, 62.02296306578571, 0.4486831146627892, 0.4480870601995505, 0.00019476194082841762, 5.091670850616773, 0.16645616597965882, 0.16366260111610034]
progress 4 275 minimum -0.000346235168802288 margin -0.0012451694978991151 error -2.9956314001378104e-05 grad 0.01519328315502686 dad 0.00021245169497899116 seconds 40.612541042035446
progress 4 300 minimum -0.00033572213025433927 margin -0.0019377427593359178 error -3.193774275933592e-05 grad 0.013161458959914088 dad 0.0001919074690974473 seconds 41.263926906045526
progress 4 325 minimum -0.0003565139304368074 margin -0.004099103268433187 error -2.976501128193476e-05 grad 0.01577015747061459 dad 0.00024099103268433188 seconds 41.92036452004686
progress 4 350 minimum -0.000356444996560274 margin -0.0037898525761277634 error -2.9460481859810983e-05 grad 0.015930640238494626 dad 0.00023789852576127765 seconds 43.71344315505121
progress 4 375 minimum -0.00035472804000843906 margin -0.016577599639891565 error -2.4817398994070317e-05 grad 0.018099949049979778 dad 0.0003657759963989157 seconds 45.599990603048354
progress 4 400 minimum -0.00034244495377213654 margin -0.05018489308488164 error -2.714354450983336e-06 grad 0.025951497073542894 dad 0.0007018489308488164 seconds 47.08840240398422
progress 4 425 minimum -0.00021269106212225055 margin -0.37686803764423027 error 0.0002623080244461562 grad 0.07383389479579461 dad 0.0028937979500421184 seconds 48.8437574589625
progress 4 450 minimum -0.0003560455765779999 margin -0.0027519069146906047 error -2.944622840406197e-05 grad 0.015641680819390474 dad 0.00022751906914690606 seconds 50.42331752704922
progress 4 475 minimum -0.0003622347830209455 margin -0.009906057375087622 error -2.385914205582651e-05 grad 0.017609598278328524 dad 0.0002040641129912103 seconds 51.32000041299034
END 4 Positive directional derivative for linesearch minimum -0.0003600860601656998 margin -0.00012566682709815036 calls 888 bad_roots 4
START 5 seed_2494.json
progress 5 25 minimum -0.0013012095868615361 margin -0.18688615026933064 error -7.583697727664429e-05 grad 0.04711574303943895 dad 0.0020688615026933066 seconds 52.402333248988725
progress 5 50 minimum -3.5335471007892825e-10 margin 0.016107414230565578 error 2.964014824691219e-06 grad 0.0001704674113699189 dad 3.8925857694344215e-05 seconds 54.031471019028686
END 5 Optimization terminated successfully minimum -3.5335471007892825e-10 margin 0.016107414230565578 calls 116 bad_roots 1
START 6 seed_13873.json
progress 6 25 minimum 6.499162414250797e-06 margin -0.055951338038724145 error -5.8737892114635315e-06 grad 0.0017186423088871251 dad 0.0007595133803872414 seconds 55.18126614904031
progress 6 50 minimum -9.188805021064183e-08 margin -5.946546338295947e-07 error -6.447642499907147e-07 grad 0.0007037307236157179 dad 0.0002000059465463383 seconds 55.68862217001151
progress 6 75 minimum -2.8635575092783e-07 margin -1.6702562669263562e-07 error -2.448362040219365e-06 grad 0.0011082507738297968 dad 0.00020000167025626694 seconds 56.2136647059815
progress 6 100 minimum -2.5209750861526867e-06 margin -0.008363316089730495 error -2.8268651351304186e-05 grad 0.003967270800457004 dad 0.00028363316089730496 seconds 56.77761823695619
progress 6 125 minimum -3.64855829128102e-06 margin -0.0004016719104850587 error -2.996884994921345e-05 grad 0.004149786162387724 dad 0.0002040167191048506 seconds 57.58554242202081
progress 6 150 minimum -5.758000279324502e-05 margin -29.32328346733448 error 0.00747201926825003 grad 0.6741396010682381 dad 0.002837491835784223 seconds 58.61860725202132
progress 6 175 minimum -1.2153959791587892e-07 margin -1.1674363249359232e-05 error -1.798062803537448e-06 grad 0.0007891824714053252 dad 0.0002001167436324936 seconds 60.07064312999137
progress 6 200 minimum 5.626465476440693e-07 margin -0.19128161554230386 error -3.7970057857883432e-06 grad 0.003408996234618431 dad 0.0021128161554230386 seconds 60.94270128302742
progress 6 225 minimum -2.501076633174221e-06 margin 0.00010177553669052562 error -2.9898224463309475e-05 grad 0.0030376764662481672 dad 0.00017407315028953444 seconds 61.46567688998766
progress 6 250 minimum -1.2274128305240711e-05 margin -0.0015279735481487657 error 3.139449573330566e-05 grad 0.022467729593337545 dad 0.00021527973548148767 seconds 62.18786188296508
progress 6 275 minimum -5.6730643832064546e-05 margin -0.00043127404317389745 error -3.001215089604159e-05 grad 0.018785453657223904 dad 0.00020431274043173898 seconds 62.739224595949054
progress 6 300 minimum -0.0001530959531964365 margin -0.0006813322106739953 error -2.950002082213743e-05 grad 0.019471634670723777 dad 0.00020681332210673996 seconds 63.53438449103851
progress 6 325 minimum -0.00025687787685344703 margin -0.0008901199757179102 error -3.0196131965753992e-05 grad 0.014777682789363296 dad 0.0002089011997571791 seconds 65.03295783302747
progress 6 350 minimum -0.00030908854185780104 margin -0.0008788577043461812 error -2.9928443912030644e-05 grad 0.01512098422435136 dad 0.00020878857704346182 seconds 65.6425999510102
progress 6 375 minimum -0.0003334565332472556 margin -5.837554263392851e-06 error -2.9996508822183188e-05 grad 0.015259214864169085 dad 0.00018029604009071613 seconds 66.41730178298894
progress 6 400 minimum -0.00034325980867425067 margin -0.023590609586971255 error -4.187443408421032e-05 grad 0.005357624652433685 dad 0.00043590609586971257 seconds 67.69716513203457
progress 6 425 minimum -0.00034534941143434114 margin -0.0049511900408217 error -3.49511900408217e-05 grad 0.012274262674131339 dad 0.00023085853969098035 seconds 69.0265372749418
progress 6 450 minimum -0.0003587231806400309 margin -0.010981200747808815 error -4.012841219669383e-05 grad 0.009152829337473611 dad 0.00030981200747808816 seconds 70.35380627401173
progress 6 475 minimum -0.00035406679899251353 margin -0.00278174317822291 error -3.278174317822291e-05 grad 0.014303440956708775 dad 0.00019664493554689676 seconds 71.51653813594021
progress 6 500 minimum -0.000351033256318749 margin -0.00028300557827989713 error -3.0283005578279898e-05 grad 0.015485111643181278 dad 0.0002012636743345936 seconds 72.54814243502915
progress 6 525 minimum -0.0003520894674510103 margin -0.0009254888110666595 error -2.974134392053074e-05 grad 0.01567236080706049 dad 0.00020517709082582797 seconds 73.46032917394768
progress 6 550 minimum -0.000510871385016786 margin -0.6441971252854337 error 0.00041296921744615744 grad 0.1140133683835163 dad 0.006641971252854336 seconds 74.40605331596453
END 6 Positive directional derivative for linesearch minimum -0.012013730844826397 margin -0.2846913529898026 calls 982 bad_roots 4
START 7 seed_16304.json
progress 7 25 minimum -0.4576965892504221 margin -8.71745338373215 error 0.004516827558151082 grad 1.2368736882248872 dad 0.08737453383732151 seconds 76.24518775800243
END 7 Positive directional derivative for linesearch minimum -6.731567697224898 margin -189.72512516222918 calls 60 bad_roots 0
START 8 seed_15419.json
progress 8 25 minimum 0.0003354259704239523 margin -0.8470427995270502 error -0.0008770427995270502 grad 0.020364136556130084 dad 0.004040907011708579 seconds 77.81769919302315
progress 8 50 minimum 2.767693722333124e-07 margin -0.0009885459039982428 error 3.0988545903998244e-05 grad 0.0031402667707326926 dad 0.00019671182149003148 seconds 78.68303322803695
progress 8 75 minimum -3.5295872810869513e-07 margin -5.784380750263347e-06 error 2.1306445452839995e-05 grad 0.002463679293851798 dad 0.00020005784380750264 seconds 79.22912862303201
progress 8 100 minimum 0.0032270411554240646 margin -1.4556848537515907 error 0.0002990721619262615 grad 0.012262729373324214 dad 0.014756848537515908 seconds 79.9625358079793
progress 8 125 minimum -1.1536298863563955e-07 margin -7.50333736178224e-07 error -1.441946769009661e-05 grad 0.001631326655256946 dad 0.0002000075033373618 seconds 80.57453971495852
progress 8 150 minimum -4.515858508428887e-07 margin -1.0811900926828042e-06 error -2.9999476103270695e-05 grad 0.00256220093755573 dad 0.00020001081190092684 seconds 81.13902722904459
progress 8 175 minimum -1.2392195421698459e-06 margin -3.7856718757147507e-06 error -3.0000402200691667e-05 grad 0.004060085249212535 dad 0.00020003785671875716 seconds 81.77745723596308
progress 8 200 minimum -2.409647299403677e-07 margin -0.05321595912293539 error -2.538453384870465e-05 grad 0.004186295432301144 dad 0.0007321595912293539 seconds 82.43119684001431
progress 8 225 minimum -3.5284665486496594e-06 margin -0.002997323146335237 error -2.8758198677092395e-05 grad 0.004013088897439736 dad 0.00022997323146335238 seconds 83.30859304394107
progress 8 250 minimum -0.9249648902121381 margin -1262.1882678374864 error 1.2622182678374863 grad 2.7182458036731494 dad 2.5146043160562934 seconds 84.12229146796744
progress 8 275 minimum -0.31292456253436557 margin -10.874892001432741 error 0.010904892001432742 grad 1.1807076758348662 dad 0.10018574595781414 seconds 84.98022612999193
progress 8 300 minimum -0.7453043936931165 margin -4.787196214213981 error -0.001267305561203802 grad 1.8401780087535942 dad 0.0480719621421398 seconds 86.40096805803478
END 8 Positive directional derivative for linesearch minimum -0.7515557353205917 margin -4.287047476378877 calls 443 bad_roots 0
START 9 seed_6479.json
progress 9 25 minimum -0.5902173886966167 margin -11.084622791687163 error 0.008940867406753483 grad 1.6378777428281566 dad 0.11104622791687165 seconds 87.89669299998786
progress 9 50 minimum -0.6740851459749622 margin -26.709608801606876 error 0.013785490165650227 grad 2.5905914820402476 dad 0.26729608801606874 seconds 88.93431219598278
END 9 Positive directional derivative for linesearch minimum -0.6860802770348265 margin -16.407161092431288 calls 99 bad_roots 4
START 10 seed_12137.json
END 10 Positive directional derivative for linesearch minimum -33.588049776375996 margin -5647.779566887993 calls 25 bad_roots 1
START 11 seed_9466.json
END 11 Optimization terminated successfully minimum -1.3618336081814685e-08 margin -2.311410611521847e-12 calls 22 bad_roots 0
START 12 seed_15172.json
progress 12 25 minimum -2.815381610248092e-07 margin -3.47219939212088e-05 error -3.003472199392121e-05 grad 0.002855362523411478 dad 0.0001999915409817783 seconds 90.59281917195767
progress 12 50 minimum -4.4073456507400725e-06 margin -8.727074562363214e-05 error -2.9799891021919933e-05 grad 0.008052688093775014 dad 0.00020087270745623633 seconds 91.15310324600432
progress 12 75 minimum 0.0006434332829917955 margin -8883.558309334603 error 8.883588309334604 grad 2.3244891639254908 dad 0.1197764448466712 seconds 91.91584213299211
progress 12 100 minimum -0.056186779477591105 margin -32.2844465677827 error 0.032314446567782706 grad 0.6680500516831624 dad 0.021830605959759077 seconds 92.7799733140273
progress 12 125 minimum -0.39248159504237634 margin -13.329676226591161 error 0.007319986854845251 grad 1.993799393233412 dad 0.13349676226591162 seconds 94.23931365902536
progress 12 150 minimum -1.0298058182868661 margin -49.3990835667357 error 0.0494290835667357 grad 3.989902727988352 dad 0.3583156762325844 seconds 95.38632220297586
progress 12 175 minimum -0.818862465084782 margin -2.894678263360351 error -0.0006232742749583409 grad 2.6348132160695514 dad 0.029146782633603513 seconds 96.39954191399738
progress 12 200 minimum -0.8238469971817035 margin -0.20452110850160726 error 0.00010160835464523288 grad 2.668425266216688 dad 0.0022452110850160727 seconds 97.44902361102868
END 12 Positive directional derivative for linesearch minimum -0.823928656068983 margin -0.008731845230210141 calls 350 bad_roots 1
START 13 seed_19033.json
progress 13 25 minimum 0.0483683942785889 margin -13732.393468230664 error 13.732423468230666 grad 2.8578063358215817 dad 0.2529794571705089 seconds 99.92567376000807
progress 13 50 minimum -2.626543598676406e-07 margin -7.343474023118433e-06 error -5.076962326100443e-06 grad 0.0007746545255430197 dad 0.0002000734347402312 seconds 101.49701297399588
progress 13 75 minimum -2.486582044842834e-06 margin -8.667729234639217e-06 error -1.5393556177301093e-05 grad 0.003496285269406799 dad 0.0002000866772923464 seconds 102.03025824099313
progress 13 100 minimum -1.642124380170316e-05 margin -0.015205079249418682 error -3.114169923179588e-05 grad 0.007986949623181503 dad 0.00035205079249418683 seconds 102.61495839001145
END 13 Inequality constraints incompatible minimum -17.00917708349162 margin -157176.76424851533 calls 228 bad_roots 5
START 14 seed_4761.json
progress 14 25 minimum -1.6597182033631586e-06 margin -7.960293736567023e-05 error -3.0033179809318966e-05 grad 0.002111527368440624 dad 0.0002007960293736567 seconds 103.5987333849771
progress 14 50 minimum -1.1316007260672896e-05 margin -0.001786009191823162 error 2.7426649605200026e-05 grad 0.004698692403751635 dad 0.00021786009191823163 seconds 104.12651001103222
progress 14 75 minimum -0.000274018815739914 margin -0.010144532527443482 error 2.3841410384584094e-05 grad 0.021841275771969194 dad 0.00030144532527443484 seconds 104.75138865504414
progress 14 100 minimum -0.0013313121822209322 margin -34.51298750999296 error -0.03454298750999296 grad 0.31181126611087373 dad 0.2448390795432349 seconds 105.53050203295425
progress 14 125 minimum -0.2349728977858189 margin -91.17389772333136 error -0.09120389772333137 grad 0.7402717011680606 dad 0.8853029420123796 seconds 107.13230186095461
END 14 Positive directional derivative for linesearch minimum -0.7168656802665757 margin -4.753132148199058 calls 219 bad_roots 3
START 15 seed_6198.json
progress 15 25 minimum -4.003519404343248e-07 margin 1.7031676324571305e-06 error -2.9998296832367544e-05 grad 0.0012495303098066632 dad 0.0001706430880589284 seconds 108.95291485497728
progress 15 50 minimum -9.915266135941492e-07 margin 0.00010461154296630235 error -2.949808220709116e-05 grad 0.0006588127246142275 dad 0.00019895388457033699 seconds 109.43743438203819
progress 15 75 minimum 0.1112019581218347 margin -5885.492952139978 error 5.885522952139978 grad 2.226119712911008 dad 0.41863781696158525 seconds 110.45464460202493
progress 15 100 minimum -1.9271974862870725e-06 margin -1.2262999392879297e-06 error 1.7472117949335342e-05 grad 0.0055110941395796476 dad 0.0002000122629993929 seconds 111.23521608603187
progress 15 125 minimum -0.00020295644115644884 margin -0.12458193176750597 error -3.3805295438504857e-06 grad 0.022735970643253774 dad 0.0014458193176750597 seconds 111.74350409803446
progress 15 150 minimum -0.00021021402857720486 margin -0.0007082636448908493 error -2.9832554992115234e-05 grad 0.02053100609678805 dad 0.0002070826364489085 seconds 112.47196839598473
progress 15 175 minimum -0.0003523865432164606 margin -0.0016327878577877125 error -3.1000508295964124e-05 grad 0.01542049156734443 dad 0.00021632787857787713 seconds 113.14332407899201
progress 15 200 minimum -0.00035423459721798826 margin -0.0036825871857876164 error -2.9733139600196523e-05 grad 0.016076691680108075 dad 0.00023682587185787617 seconds 114.10606100293808
progress 15 225 minimum -0.00026183028990699913 margin -0.06589616598799837 error -3.475633223892771e-05 grad 0.0023544176907796728 dad 0.0008589616598799838 seconds 115.18815598101355
progress 15 250 minimum -0.00024586369445933767 margin -0.001017237120795467 error -2.93567577376308e-05 grad 0.020453247013305875 dad 0.00021017237120795468 seconds 116.13820972002577
progress 15 275 minimum -0.0003597993575756694 margin -0.0062329462460077225 error -2.9731002826771658e-05 grad 0.016255660933600008 dad 0.00026232946246007723 seconds 116.7559224650031
progress 15 300 minimum -0.00036016353146415094 margin -0.003284757145184409 error -2.9760063684936e-05 grad 0.016174085983548032 dad 0.0002328475714518441 seconds 117.90526007802691
progress 15 325 minimum -0.00036867095451551847 margin -0.000839154872008833 error -3.0839154872008834e-05 grad 0.015919297630553532 dad 0.0001748166658223395 seconds 119.09666805295274
END 15 Positive directional derivative for linesearch minimum -0.00037167721972800895 margin -0.0007790377420680265 calls 536 bad_roots 0
START 16 seed_18885.json
progress 16 25 minimum -0.44741178350952737 margin -1448.671946455422 error -1.4487019464554218 grad 3.865551172409876 dad 1.0784155976941676 seconds 120.56734740699176
progress 16 50 minimum -2.3109320363802e-06 margin 0.0015387133185274745 error -1.7817505321371385e-05 grad 0.007444067061360558 dad 0.00018461286681472526 seconds 121.52611202700064
progress 16 75 minimum -4.50580819995333e-06 margin -6.068749862792055e-05 error -2.9957883102227356e-05 grad 0.008978016888785554 dad 0.00020060687498627922 seconds 122.07666929299012
progress 16 100 minimum -1.166701998031258e-05 margin -0.004998417073778997 error -3.093491224115397e-05 grad 0.012259275676240992 dad 0.00024998417073779 seconds 122.83781197096687
progress 16 125 minimum -0.00011562528263146296 margin -0.006665494950757462 error -3.2450892911928264e-05 grad 0.0238771490435708 dad 0.00026665494950757463 seconds 123.50366786704399
progress 16 150 minimum -167.4077560648633 margin -353777753.60858905 error 353777.75363858906 grad 30232.699569766653 dad 278.8747485561374 seconds 124.92336271505337
END 16 Positive directional derivative for linesearch minimum 0.002461157308060542 margin -0.12167226385351539 calls 347 bad_roots 14
START 17 seed_5408.json
END 17 Optimization terminated successfully minimum -1.6170662156518174e-12 margin 0.019779716716695088 calls 18 bad_roots 0
START 18 seed_10127.json
progress 18 25 minimum -3.034765440821391e-08 margin -0.017921182955510772 error -4.485603316339848e-06 grad 0.0015544808598269364 dad 0.0003792118295551077 seconds 128.83605999394786
progress 18 50 minimum -1.6297990747671504e-08 margin -3.867456843709464e-05 error -2.1600194344273405e-07 grad 0.0004251435852767101 dad 0.00020038674568437096 seconds 129.40352215699386
END 18 Optimization terminated successfully minimum -1.6239439800730813e-08 margin -5.030047559029249e-12 calls 98 bad_roots 2
START 19 seed_16382.json
progress 19 25 minimum 0.045478010352413216 margin -1925.4496966709473 error 1.9254796966709473 grad 2.418781446548311 dad 0.01964923138314571 seconds 131.5859004110098
progress 19 50 minimum -0.7831734742065443 margin -4.0321271255354025 error -0.001210814213569611 grad 2.525220693143816 dad 0.04052127125535403 seconds 132.96825614094269
END 19 Positive directional derivative for linesearch minimum -0.8229718141776186 margin -1.816997528897803 calls 146 bad_roots 1
