START 0 seed_9954.json
/usr/lib/python3/dist-packages/scipy/optimize/_optimize.py:284: RuntimeWarning: Values in x were outside bounds during a minimize step, clipping to bounds
  warnings.warn("Values in x were outside bounds during a "
progress 0 25 minimum -0.05377219790187765 margin -4.223633890973742 error -0.004118852440509357 grad 0.1847814504643855 dad 0.3900845909310521 seconds 7.0270220519742
progress 0 50 minimum -0.045394575312735545 margin -6.645070272504482 error -0.006555092196561141 grad 0.16997807594334155 dad 0.3495543587000846 seconds 8.149899624986574
progress 0 75 minimum -0.06152541130724076 margin -4.776518398724839 error 0.00472759152558222 grad 0.11676391061823566 dad 0.3865802887245318 seconds 9.414237478980795
progress 0 100 minimum 0.0128382929548056 margin -43.51254292948749 error 0.012189018505774918 grad 0.3629740540456807 dad 0.08570895036048187 seconds 11.44001106498763
progress 0 125 minimum -21.725144789315035 margin -357624.8323711698 error -357.37317817646976 grad 251.73419470009978 dad 37.01879340834686 seconds 12.98512645100709
progress 0 150 minimum 0.1393330102324896 margin -6.916114054536427 error 0.00689033073104639 grad 0.10578332349003748 dad 0.13069607077172743 seconds 14.509361138916574
progress 0 175 minimum -0.007675549717032076 margin -2036.4007315770482 error 2.035105778962877 grad 1.3749526141711341 dad 0.2256632238582341 seconds 16.825625526951626
progress 0 200 minimum -0.08885459673956125 margin -3598.0762926110087 error 3.5953465064792773 grad 2.809786131731818 dad 0.5641861877481426 seconds 19.595000454923138
END 0 Positive directional derivative for linesearch metrics [-0.0229878748688327, 0.02298787486883258, 4.188120072967649e-09, 0.07998056938438172, 5.773159728050814e-15, 0.8651419179416754, 0.2781909420470674, 0.055038089358682596, 0.09679302001203362, 75.00468066933013, 0.5155129672520682, 0.3835271659413885, 0.22039593923878925, 4.13898602847215, 0.11222570063629872, 0.11145982451769383] margin -0.00012125131167300962 calls 749 bad_roots 40
START 1 seed_3215.json
END 1 Inequality constraints incompatible metrics [-0.5750135270327387, 0.5750135270327386, 0.0016565952618305957, 1.4611703416034545, 0.00012520729352105686, 0.6720112911644164, 0.18826567029836827, 0.39719303042450915, 0.3971930304245088, 104.45003016623252, 2.2971934165984425, 0.6143170295366105, 1.3276174894166761, 3.5613468547499196, 0.05314471180353442, 0.05199282292334237] margin -3.03776560343405 calls 100 bad_roots 1
START 2 seed_11808.json
progress 2 25 minimum -0.0028574326997337605 margin -1.3710195107509335 error -0.0013872388957465454 grad 0.06378061500438809 dad 0.05757369425301786 seconds 24.09844514389988
END 2 Inequality constraints incompatible metrics [-0.021682932154737367, 0.021682932154737156, 6.033384478687509e-05, 0.14893731732115026, 1.0169235782342412e-06, 0.8159652864159214, 0.13470759397941423, 0.10364031875931232, 0.8617049096940461, 38.05288484732229, 0.6551179103364198, 0.4285870790440977, 0.1379173124664397, 4.269085701738052, 0.2550340122096701, 0.20819021642911273] margin -0.12927116210802533 calls 156 bad_roots 0
START 3 seed_9.json
progress 3 25 minimum -1.8001915990353223 margin -5031.286511682849 error 5.026197306782022 grad 5.1692049008261085 dad 5.114550723994033 seconds 27.997945607989095
progress 3 50 minimum -0.2101933172681078 margin -1693.9256523161814 error -1.6909169939903936 grad 3.08865832578789 dad 1.087842882884742 seconds 31.145024628960527
END 3 Inequality constraints incompatible metrics [-0.11689820175001381, 0.11689820175001375, -0.0003276600472812419, 0.4088740610482737, 2.648139160177365e-07, 0.35501917301509034, 0.4075447685023601, -0.15171675010892116, 0.6689875493050697, 29.887791641973834, 0.4193897247163478, 1.296165495922549, 0.5532372504664551, 5.495821836189853, 0.6920890370295112, 0.4676914148248311] margin -0.6565341083295155 calls 434 bad_roots 2
START 4 seed_11569.json
progress 4 25 minimum -0.1716697591307307 margin -166.27142688820308 error -0.1656647424006339 grad 0.6866844875692006 dad 0.6082139096981016 seconds 36.32041982898954
progress 4 50 minimum -0.008406407081609446 margin -16.029913535435714 error -0.015551329431016114 grad 0.5585841044196003 dad 0.17351509593873018 seconds 40.44102117989678
END 4 Inequality constraints incompatible metrics [0.0006748596075420426, -0.0006748596075418778, -8.30833875076209e-05, 0.16277436744861534, 2.3177408436936275e-08, 0.21496502674751644, 1.5758324774344157, -1.0105257473745741, -0.9196477360613853, 4.7310961276418055, 0.7198480925816656, 1.494489108699544, 0.10322068241565033, 5.4600377809013345, 2.46161910750935, 1.9431585474617254] margin -1.065525747374574 calls 394 bad_roots 3
START 5 seed_2494.json
progress 5 25 minimum -0.0018627393016303609 margin -3049.644127434764 error 3.047692543992163 grad 2.0315834426007995 dad 0.0926041687372685 seconds 44.18328062596265
progress 5 50 minimum -1.3693402717662873 margin -426.7891425563847 error 0.4236156514925282 grad 3.253491063856544 dad 2.8360016716641656 seconds 46.29140436893795
progress 5 75 minimum 0.033738588429608245 margin -5754.690298621382 error 5.753324441756661 grad 1.445856864721062 dad 0.05864677037203352 seconds 48.43228119495325
progress 5 100 minimum -10.523769245703889 margin -1283752.805323093 error -1283.6022318346343 grad 150.65348845878356 dad 19.713411853202068 seconds 51.30688958999235
progress 5 125 minimum 0.017429437885036113 margin -207.13164805722653 error 0.20621743655060198 grad 0.994211506624537 dad 0.18035625837128183 seconds 55.16507344099227
progress 5 150 minimum 0.008340106230746755 margin -200.36862897337383 error 0.19951742475301337 grad 0.9312042203604824 dad 0.14471301848677254 seconds 60.49414957000408
progress 5 175 minimum -10.523769245701912 margin -1283752.8053226187 error -1283.60223183416 grad 150.6534884587299 dad 19.713411853198533 seconds 63.486703537986614
progress 5 200 minimum -0.2776575192469505 margin -3350.03883682171 error -3.3477253061700285 grad 2.393530651681765 dad 1.257066666127456 seconds 68.32190336892381
progress 5 225 minimum -5.087488763599879e-11 margin -0.2299999994912511 error 8.093346441917504e-07 grad 0.0003346408870252944 dad 1.0897591489396688e-05 seconds 70.07545057591051
progress 5 250 minimum -1.6566362340091068e-09 margin -0.22999998343363764 error 2.452903717919952e-06 grad 0.0005287491383690643 dad 5.407536928293747e-05 seconds 70.85588094091509
progress 5 275 minimum 0.0006147272275761052 margin -0.23614727227576104 error -1.0113664218547314e-05 grad 0.0005956834614992547 dad 0.0027377351297131714 seconds 73.7611722209258
END 5 Inequality constraints incompatible metrics [-0.05427134466221011, 0.054271344662210064, -0.0006639817922717839, 0.7599516948690042, 9.533150535645518e-08, 0.2772262288314015, 0.8106052477365129, -3.9927091741648892, -1.2135145849323608, 22.108967449819016, 0.7247875462701385, 1.3293328306154972, 0.47809191270591517, 8.877727074281802, 0.8112692295287828, 0.7700749162376337] margin -4.047709174164889 calls 1392 bad_roots 95
START 6 seed_13873.json
progress 6 25 minimum -22.71691306269853 margin -5424.858157737587 error -5.333458475544372 grad 91.47968219321476 dad 37.93340813540666 seconds 76.39071384596173
progress 6 50 minimum 0.048111303935376076 margin -6362.6837266582015 error 6.360975354035485 grad 1.7883726227163228 dad 0.05654003192372741 seconds 79.52281887200661
progress 6 75 minimum -0.058668355001992134 margin -220.08247035483825 error 0.21961561586699485 grad 0.5468544878433893 dad 0.3367032424796896 seconds 83.48116749199107
progress 6 100 minimum -0.20196826969851672 margin -168.39141836390846 error 0.16760222633996769 grad 0.8691920239407848 dad 0.8701309844455437 seconds 87.26659130398184
progress 6 125 minimum 0.0056538851836181875 margin -128.8924662905162 error 0.12822438673748593 grad 0.7480795530302775 dad 0.1132121078060859 seconds 90.96173276694026
progress 6 150 minimum 0.011600257949117801 margin -138.26108402357679 error 0.13757388734986087 grad 0.7671966737159114 dad 0.1221679316704986 seconds 93.31534935696982
progress 6 175 minimum 0.019491794860750304 margin -184.4601396440936 error 0.18363696163536503 grad 0.9031780087285696 dad 0.2016164541847486 seconds 94.85628878790885
progress 6 200 minimum 0.00029319227585182983 margin -1813.8403416897602 error 1.8128165463094508 grad 1.1037953803094038 dad 0.09517569673540632 seconds 96.68644746893551
progress 6 225 minimum -6.641624193610888 margin -2035896.9170274243 error 2035.7398120139394 grad 157.18501348511535 dad 17.00262793519905 seconds 99.74327427300159
END 6 Inequality constraints incompatible metrics [-0.030297950743241323, 0.030297950743241042, -0.00011533730732971037, 0.2536635707966526, 2.419838573963773e-08, 0.4653174847737853, 0.6804836056365193, -0.4199093418429741, 2.09922208924216, 24.948596716385605, 0.5523131519101814, 0.9705783097929489, 0.2951370645580406, 7.008237219895412, 1.0935600611101708, 0.6450367524923459] margin -0.4749093418429741 calls 1181 bad_roots 37
START 7 seed_16304.json
BEST 7 19 dad 0.24750564743293954 metrics [-0.023027108305449115, 0.023027108305448962, 1.2550089298457578e-05, 0.06744122883011867, 1.9642189985624725e-08, 0.9387207125652285, 0.14980311574138616, 0.1460591180179868, 0.5850126544812443, 75.68535235655675, 0.5028044272220543, 0.24764003649835245, 0.24750564743293954, 4.167133437357351, 0.10060568498882105, 0.09991678008193908]
progress 7 25 minimum -0.02315160433637533 margin -0.04075054387896846 error -4.023327587754366e-05 grad 0.08051726800142481 dad 0.22509317447118685 seconds 100.92657865595538
progress 7 50 minimum -0.04137263257626745 margin -0.3589678905645707 error 0.0001859023561014972 grad 0.10783577670321776 dad 0.279625493815563 seconds 102.04531026293989
progress 7 75 minimum -11.543978357001915 margin -62052.329930393076 error -62.00427044422484 grad 48.13948616824014 dad 19.781934074363434 seconds 103.58661568292882
progress 7 100 minimum -0.1287970112668541 margin -2423.052202286785 error 2.421655284926242 grad 1.476917360542918 dad 0.6571561641584196 seconds 105.71758431091439
progress 7 125 minimum -0.026266754011978203 margin -0.9130464408305571 error 0.0009143625621761409 grad 0.07868387865441623 dad 0.20593859835025763 seconds 107.67943464394193
progress 7 150 minimum -0.002018643565463246 margin -0.4883003692599676 error -0.0005350616001962294 grad 0.033238769063738294 dad 0.04414771110799577 seconds 109.53217352798674
progress 7 175 minimum -0.021192444831547794 margin -0.404555444609847 error 0.0004083052870380577 grad 0.07625015757178931 dad 0.16848203934277256 seconds 111.07433289592154
progress 7 200 minimum -0.022539614111006356 margin -0.04417231879640115 error -4.467416201059393e-05 grad 0.07949815678580723 dad 0.17504200847827192 seconds 112.32099850091618
progress 7 225 minimum -0.022744592871689166 margin -0.04134953573522402 error -4.150552012394115e-05 grad 0.07984401561128288 dad 0.17386010307194924 seconds 113.6361557089258
progress 7 250 minimum -0.022573019347378834 margin -0.0354868718942555 error -3.595730643768391e-05 grad 0.0795295654565716 dad 0.17225881064837859 seconds 115.1169900149107
progress 7 275 minimum -0.02217616569253017 margin -0.052503047953703516 error -5.386803480922353e-05 grad 0.07863501314447999 dad 0.170283615114767 seconds 116.11711479793303
progress 7 300 minimum -0.021999525507772226 margin -0.05548365342773782 error -5.708682565463974e-05 grad 0.07839682777309809 dad 0.1688501333505734 seconds 117.72740029089618
progress 7 325 minimum -0.022788568877071144 margin -0.004777778880150736 error -5.130639423089889e-06 grad 0.07964713945706085 dad 0.17218859063753109 seconds 118.88447844097391
progress 7 350 minimum -0.02852690285794346 margin -0.3113480061393368 error 0.0003020624608018885 grad 0.08928554533744827 dad 0.19481690885629818 seconds 120.6495515279239
progress 7 375 minimum -0.035739354017450264 margin -0.6339817503018518 error 0.0006108111412999051 grad 0.10317060900194668 dad 0.22084137671095808 seconds 122.21326083794702
progress 7 400 minimum -0.03981229300925973 margin -1.198318705991556 error 0.0011657163988920693 grad 0.11260230709948679 dad 0.22921721235118334 seconds 123.8093268229859
progress 7 425 minimum -0.029752635009244938 margin -0.6254592759879598 error 0.0006123207106782935 grad 0.09313856530966622 dad 0.19427855348016462 seconds 125.69322601892054
progress 7 450 minimum -0.029168570106902464 margin -0.8489179325702854 error 0.0008346107895742527 grad 0.09430714299603259 dad 0.18819914995285927 seconds 127.8966795509914
progress 7 475 minimum -0.023746678300318926 margin -0.7687004176473448 error 0.0007620787961153397 grad 0.08662162153200507 dad 0.16318696358335036 seconds 129.70048980694264
progress 7 500 minimum -0.23377261496388718 margin -92.63903383074064 error 0.0914750903715782 grad 1.2439434591624619 dad 0.840656902688763 seconds 131.88362383993808
progress 7 525 minimum -0.135132620211166 margin -475.4728151113482 error 0.4717203054461696 grad 3.8325096651786423 dad 0.4437149933910178 seconds 133.94626922090538
progress 7 550 minimum -0.0953397234734347 margin -959.4881802383742 error 0.9578373683844257 grad 1.7308118539485011 dad 0.45825183190155194 seconds 136.17842663498595
progress 7 575 minimum -0.023342248690439382 margin -0.11195085393624553 error 2.9489212202804538e-05 grad 0.08247929851439227 dad 0.1656866455366967 seconds 137.8628048019018
progress 7 600 minimum -0.013124887583461396 margin -3.253642956441692 error -0.0005484359915133297 grad 0.09238382081392031 dad 0.14833561161666758 seconds 139.41595505690202
progress 7 625 minimum -0.023214592052697054 margin -0.007119910945712746 error 2.5038954576395156e-06 grad 0.08028748207397524 dad 0.16803821047807266 seconds 140.84156473190524
progress 7 650 minimum -0.028582566881760044 margin -0.13608140339417146 error 0.00010861310230181331 grad 0.09061369560161227 dad 0.19796204959356117 seconds 142.4363956839079
progress 7 675 minimum -0.034581923852319923 margin -0.4276261602334878 error 0.0004068907997263338 grad 0.10073536050715402 dad 0.22295987143773288 seconds 144.5329268919304
END 7 Positive directional derivative for linesearch metrics [-0.023008700603674485, 0.023008700603674548, 1.1344483974440323e-07, 0.08001311723195076, 1.1542100608608052e-11, 0.45500653761527393, 0.10495563670707142, 0.22015639912759347, 0.3600528399767152, 95.13763774602768, 0.6601768162357569, 1.0089062314302766, 0.16676018652899094, 5.381857211223962, 0.0982616794784851, 0.08451406807087085] margin -0.0013763774602767852 calls 2237 bad_roots 24
START 8 seed_15419.json
progress 8 25 minimum -106.71798500513977 margin -28556627.447054584 error -28548.794798372397 grad 7832.728682186006 dad 180.0427039245079 seconds 146.9794933599187
END 8 Inequality constraints incompatible metrics [-0.013310212409633954, 0.013310212409633815, 1.2898306971820261e-05, 0.07480517447064083, 7.271261459607103e-08, 0.9245744644430984, 0.0981181168499976, 0.1288152800190578, 0.4907491615745513, 47.13380233978514, 0.4512356574733132, 0.27154557636211807, 0.22119636680531596, 6.115393537369023, 0.25847366273576, 0.19503063962467881] margin -0.09689787590366046 calls 160 bad_roots 2
START 9 seed_6479.json
progress 9 25 minimum -0.015163913842902811 margin -138.88177213625593 error 0.1372769472858102 grad 1.6848248504457424 dad 0.20676081466426505 seconds 150.48640677297954
progress 9 50 minimum -0.03436863021305878 margin -2.2647402447531544 error 0.002241520934709751 grad 0.10321931004340344 dad 0.29744416449881783 seconds 151.6725475449348
progress 9 75 minimum -0.26839795853961756 margin -95.03622143698655 error -0.09177971701697718 grad 3.3365044200093585 dad 0.9717995986092405 seconds 153.31700620090123
progress 9 100 minimum -13.691786784701454 margin -2792918.859819065 error -2792.56176106505 grad 357.1787540146962 dad 26.36020434104603 seconds 155.9779355119681
END 9 Inequality constraints incompatible metrics [-0.022879729308708623, 0.02287972930870863, 1.6019423987323478e-06, 0.07959651438563606, 4.90537055419793e-10, 0.8899310445428181, 0.10593252934581043, 0.3993174955960644, 0.474172189356715, 87.72817293975251, 0.5351023602441275, 0.328637763485908, 0.2320649598618764, 4.371750630454511, 0.08902188451195689, 0.08764843692130218] margin -0.0012027069129137702 calls 392 bad_roots 8
START 10 seed_12137.json
progress 10 25 minimum -0.026476145546059985 margin -0.2937557073089703 error 0.0002935691802314899 grad 0.08018652707748036 dad 0.27562412769665384 seconds 158.20671287295409
progress 10 50 minimum -0.02986188060270485 margin -0.7281225008619624 error -0.0007092656130498476 grad 0.09885688781211485 dad 0.27824725568528214 seconds 159.2872951249592
progress 10 75 minimum -0.022665320828453107 margin -1.2074366301718307 error 0.0012124247464084803 grad 0.07501188376335029 dad 0.2332609513874919 seconds 160.82940664491616
progress 10 100 minimum -1.0629625471865607 margin -53.39271966010218 error 0.011793675288706673 grad 1.0470543635547402 dad 2.3729146057620003 seconds 162.25496596901212
progress 10 125 minimum 0.018131724338849634 margin -76.36994913062935 error -0.0760198038538542 grad 0.4301452767751352 dad 0.28500009992545144 seconds 163.6878762069391
progress 10 150 minimum 0.09574238377762122 margin -136.0760544894535 error 0.13537331656829732 grad 0.7827379211561893 dad 0.0958694565318869 seconds 166.81516748294234
progress 10 175 minimum -0.1251785097200297 margin -2.1214422250768132 error -0.0014406207659671821 grad 0.7608214591096314 dad 0.34499762974392933 seconds 168.58252025896218
progress 10 200 minimum -0.039913769563364294 margin -2.906252004605171 error 0.0028866075030302696 grad 0.09964450157490172 dad 0.28780046146598504 seconds 169.88051575399004
progress 10 225 minimum -0.1522008199907222 margin -204.43514189898207 error -0.2026842564665685 grad 1.8308854324135493 dad 0.6541441511535788 seconds 171.08771004900336
progress 10 250 minimum -0.028424740140813844 margin -1.4511941640356616 error 0.001445494609519038 grad 0.08569955451662363 dad 0.23876148018983256 seconds 173.12575797201134
progress 10 275 minimum 0.002979692613237772 margin -3.1546619316987154 error -0.0031693404375103817 grad 0.06532149418833393 dad 0.04934603392596292 seconds 174.66187815601006
progress 10 300 minimum -0.010930529026802277 margin -0.14231356434253195 error 0.00015883090353430163 grad 0.06348266080823034 dad 0.12428560606734626 seconds 176.36353942297865
progress 10 325 minimum -0.023120394478958868 margin -0.016628413024555696 error 1.647136050664244e-05 grad 0.08015705251791326 dad 0.19848708825543554 seconds 178.22218755993526
progress 10 350 minimum 0.00023329981075289209 margin -2.8908969856474602 error 0.002861126096460609 grad 0.10977088918685159 dad 0.032226241499662744 seconds 179.80128926597536
END 10 Positive directional derivative for linesearch metrics [-0.023454718568661215, 0.023454718568661548, 3.8995522988471976e-07, 0.08093486732643013, 1.8127466194783892e-10, 0.6487425933484458, 0.28281830306918243, 0.1833503716159248, 0.23454531881262386, 94.20993415376508, 0.6538257562011291, 0.6785399439775028, 0.19183377711755384, 4.6606596399049005, 0.0709114175800456, 0.06687527322310542] margin -0.0013248225563148393 calls 1267 bad_roots 11
START 11 seed_9466.json
progress 11 25 minimum 0.02408951963600511 margin -11637.650824471764 error 11.634909686885123 grad 2.8211375866410706 dad 0.0815719164208986 seconds 182.3442152069183
progress 11 50 minimum -0.22070455048828047 margin -905.8127174376896 error 0.9041094812874508 grad 1.7832361502386318 dad 0.9664253821308075 seconds 186.8611791379517
END 11 Inequality constraints incompatible metrics [-0.03299551093345249, 0.03299551093345232, -0.0001331287410977211, 0.21676809826499513, 1.2214496958318222e-07, 0.43130240309158635, 0.2457167294875906, 0.0586106136254629, 1.0036811486665453, 34.96789741496419, 0.8213695610925852, 1.0412407095116396, 0.2207380889777079, 3.6624598215864017, 0.24370209631544587, 0.23185574308435739] margin -0.2698968393627162 calls 492 bad_roots 3
START 12 seed_15172.json
progress 12 25 minimum -0.01527259374777283 margin -4959.934580394044 error 4.958122641950919 grad 1.8919384431256718 dad 0.4848448043576545 seconds 192.8593859479297
