stage 0 shots 6000 queries 27 cpu 0.158
stage 1 shots 14000 queries 36 cpu 0.363
stage 2 shots 26000 queries 45 cpu 0.534
stage 3 shots 40000 queries 54 cpu 0.657
0 0 cpu 0.69 risk [0.0499, 0.05, 0.045, 0.0534] mean 0.0496
stage 0 shots 6000 queries 26 cpu 0.192
stage 1 shots 14000 queries 35 cpu 0.373
stage 2 shots 26000 queries 43 cpu 0.519
stage 3 shots 40000 queries 52 cpu 0.639
1 0 cpu 0.67 risk [0.043, 0.0805, 0.0312, 0.0629] mean 0.0544
stage 0 shots 6000 queries 25 cpu 0.269
stage 1 shots 14000 queries 34 cpu 0.47
stage 2 shots 26000 queries 43 cpu 0.645
stage 3 shots 40000 queries 52 cpu 0.818
2 0 cpu 0.88 risk [0.0457, 0.0675, 0.0402, 0.0454] mean 0.0497
stage 0 shots 6000 queries 27 cpu 0.449
stage 1 shots 14000 queries 36 cpu 0.787
stage 2 shots 26000 queries 45 cpu 1.075
stage 3 shots 40000 queries 54 cpu 1.313
3 0 cpu 1.37 risk [0.0293, 0.0381, 0.0462, 0.05] mean 0.0409
stage 0 shots 6000 queries 26 cpu 0.93
stage 1 shots 14000 queries 35 cpu 1.485
stage 2 shots 26000 queries 43 cpu 2.021
stage 3 shots 40000 queries 52 cpu 2.521
4 0 cpu 2.6 risk [0.0938, 0.0876, 0.0483, 0.0356] mean 0.0663
stage 0 shots 6000 queries 25 cpu 0.795
stage 1 shots 14000 queries 33 cpu 1.231
stage 2 shots 26000 queries 41 cpu 1.584
stage 3 shots 40000 queries 50 cpu 1.95
5 0 cpu 2.01 risk [0.048, 0.0494, 0.022, 0.0578] mean 0.0443
stage 0 shots 6000 queries 26 cpu 0.116
stage 1 shots 14000 queries 34 cpu 0.263
stage 2 shots 26000 queries 42 cpu 0.404
stage 3 shots 40000 queries 50 cpu 0.538
0 1 cpu 0.59 risk [0.0524, 0.0606, 0.0308, 0.0543] mean 0.0495
stage 0 shots 6000 queries 27 cpu 0.139
stage 1 shots 14000 queries 36 cpu 0.297
stage 2 shots 26000 queries 46 cpu 0.39
stage 3 shots 40000 queries 56 cpu 0.478
1 1 cpu 0.52 risk [0.0584, 0.0508, 0.0489, 0.0248] mean 0.0457
stage 0 shots 6000 queries 26 cpu 0.209
stage 1 shots 14000 queries 35 cpu 0.355
stage 2 shots 26000 queries 43 cpu 0.491
stage 3 shots 40000 queries 50 cpu 0.615
2 1 cpu 0.65 risk [0.0504, 0.0225, 0.0387, 0.0648] mean 0.0441
stage 0 shots 6000 queries 25 cpu 0.204
stage 1 shots 14000 queries 31 cpu 0.378
stage 2 shots 26000 queries 37 cpu 0.532
stage 3 shots 40000 queries 43 cpu 0.688
3 1 cpu 0.73 risk [0.039, 0.0693, 0.0355, 0.0582] mean 0.0505
stage 0 shots 6000 queries 26 cpu 0.721
stage 1 shots 14000 queries 34 cpu 1.188
stage 2 shots 26000 queries 43 cpu 1.578
stage 3 shots 40000 queries 52 cpu 2.156
4 1 cpu 2.23 risk [0.0373, 0.0495, 0.0167, 0.0423] mean 0.0365
stage 0 shots 6000 queries 25 cpu 0.849
stage 1 shots 14000 queries 32 cpu 1.371
stage 2 shots 26000 queries 39 cpu 1.788
stage 3 shots 40000 queries 46 cpu 2.188
5 1 cpu 2.27 risk [0.0387, 0.0571, 0.0307, 0.0363] mean 0.0407
stage 0 shots 6000 queries 27 cpu 0.128
stage 1 shots 14000 queries 35 cpu 0.269
stage 2 shots 26000 queries 43 cpu 0.378
stage 3 shots 40000 queries 51 cpu 0.486
0 2 cpu 0.52 risk [0.0393, 0.0598, 0.0435, 0.0196] mean 0.0405
stage 0 shots 6000 queries 28 cpu 0.165
stage 1 shots 14000 queries 38 cpu 0.365
stage 2 shots 26000 queries 48 cpu 0.54
stage 3 shots 40000 queries 58 cpu 0.668
1 2 cpu 0.72 risk [0.0336, 0.083, 0.0847, 0.0426] mean 0.061
stage 0 shots 6000 queries 28 cpu 0.243
stage 1 shots 14000 queries 38 cpu 0.462
stage 2 shots 26000 queries 48 cpu 0.628
stage 3 shots 40000 queries 58 cpu 0.759
2 2 cpu 0.8 risk [0.0635, 0.0419, 0.0264, 0.0793] mean 0.0528
stage 0 shots 6000 queries 26 cpu 0.247
stage 1 shots 14000 queries 34 cpu 0.426
stage 2 shots 26000 queries 42 cpu 0.549
stage 3 shots 40000 queries 50 cpu 0.675
3 2 cpu 0.7 risk [0.0414, 0.056, 0.04, 0.012] mean 0.0374
stage 0 shots 6000 queries 23 cpu 0.65
stage 1 shots 14000 queries 28 cpu 0.961
stage 2 shots 26000 queries 33 cpu 1.252
stage 3 shots 40000 queries 38 cpu 1.635
4 2 cpu 1.72 risk [0.0445, 0.0287, 0.0471, 0.0354] mean 0.0389
stage 0 shots 6000 queries 26 cpu 0.742
stage 1 shots 14000 queries 34 cpu 1.141
stage 2 shots 26000 queries 42 cpu 1.539
stage 3 shots 40000 queries 50 cpu 1.899
5 2 cpu 1.97 risk [0.0294, 0.0423, 0.0279, 0.0656] mean 0.0413
stage 0 shots 6000 queries 24 cpu 0.121
stage 1 shots 14000 queries 31 cpu 0.253
stage 2 shots 26000 queries 39 cpu 0.361
stage 3 shots 40000 queries 48 cpu 0.451
0 3 cpu 0.48 risk [0.0186, 0.0412, 0.0385, 0.0311] mean 0.0324
stage 0 shots 6000 queries 27 cpu 0.124
stage 1 shots 14000 queries 37 cpu 0.273
stage 2 shots 26000 queries 47 cpu 0.405
stage 3 shots 40000 queries 56 cpu 0.527
1 3 cpu 0.57 risk [0.1112, 0.0589, 0.1117, 0.0811] mean 0.0907
stage 0 shots 6000 queries 27 cpu 0.2
stage 1 shots 14000 queries 36 cpu 0.354
stage 2 shots 26000 queries 45 cpu 0.48
stage 3 shots 40000 queries 54 cpu 0.583
2 3 cpu 0.61 risk [0.048, 0.0359, 0.0257, 0.04] mean 0.0374
stage 0 shots 6000 queries 25 cpu 0.194
stage 1 shots 14000 queries 33 cpu 0.361
stage 2 shots 26000 queries 41 cpu 0.494
stage 3 shots 40000 queries 49 cpu 0.625
3 3 cpu 0.67 risk [0.0245, 0.0376, 0.0425, 0.0603] mean 0.0412
stage 0 shots 6000 queries 23 cpu 0.773
stage 1 shots 14000 queries 28 cpu 1.291
stage 2 shots 26000 queries 33 cpu 1.737
stage 3 shots 40000 queries 39 cpu 2.146
4 3 cpu 2.19 risk [0.0562, 0.032, 0.0546, 0.0265] mean 0.0423
stage 0 shots 6000 queries 25 cpu 0.657
stage 1 shots 14000 queries 32 cpu 1.037
stage 2 shots 26000 queries 39 cpu 1.372
stage 3 shots 40000 queries 46 cpu 1.68
5 3 cpu 1.74 risk [0.0386, 0.0336, 0.0443, 0.052] mean 0.0421
stage 0 shots 6000 queries 25 cpu 0.112
stage 1 shots 14000 queries 32 cpu 0.235
stage 2 shots 26000 queries 40 cpu 0.319
stage 3 shots 40000 queries 48 cpu 0.391
0 4 cpu 0.41 risk [0.1096, 0.0487, 0.0442, 0.034] mean 0.0591
stage 0 shots 6000 queries 25 cpu 0.128
stage 1 shots 14000 queries 33 cpu 0.244
stage 2 shots 26000 queries 41 cpu 0.322
stage 3 shots 40000 queries 49 cpu 0.385
1 4 cpu 0.4 risk [0.0317, 0.055, 0.0619, 0.0433] mean 0.048
stage 0 shots 6000 queries 26 cpu 0.209
stage 1 shots 14000 queries 34 cpu 0.379
stage 2 shots 26000 queries 42 cpu 0.491
stage 3 shots 40000 queries 50 cpu 0.582
2 4 cpu 0.59 risk [0.0505, 0.0378, 0.0393, 0.0155] mean 0.0358
stage 0 shots 6000 queries 24 cpu 0.243
stage 1 shots 14000 queries 31 cpu 0.417
stage 2 shots 26000 queries 40 cpu 0.62
stage 3 shots 40000 queries 48 cpu 0.755
3 4 cpu 0.77 risk [0.0325, 0.0621, 0.0436, 0.0407] mean 0.0447
stage 0 shots 6000 queries 26 cpu 0.738
stage 1 shots 14000 queries 34 cpu 1.227
stage 2 shots 26000 queries 43 cpu 1.725
stage 3 shots 40000 queries 53 cpu 2.206
4 4 cpu 2.28 risk [0.036, 0.0475, 0.0414, 0.0295] mean 0.0386
stage 0 shots 6000 queries 26 cpu 0.693
stage 1 shots 14000 queries 34 cpu 1.071
stage 2 shots 26000 queries 42 cpu 1.467
stage 3 shots 40000 queries 50 cpu 1.788
5 4 cpu 1.85 risk [0.0389, 0.063, 0.0333, 0.1094] mean 0.0611
stage 0 shots 6000 queries 27 cpu 0.107
stage 1 shots 14000 queries 36 cpu 0.208
stage 2 shots 26000 queries 45 cpu 0.305
stage 3 shots 40000 queries 54 cpu 0.384
0 5 cpu 0.41 risk [0.0885, 0.033, 0.0283, 0.0269] mean 0.0442
stage 0 shots 6000 queries 26 cpu 0.121
stage 1 shots 14000 queries 33 cpu 0.245
stage 2 shots 26000 queries 40 cpu 0.336
stage 3 shots 40000 queries 47 cpu 0.406
1 5 cpu 0.42 risk [0.0753, 0.0488, 0.0478, 0.0408] mean 0.0532
stage 0 shots 6000 queries 26 cpu 0.214
stage 1 shots 14000 queries 34 cpu 0.366
stage 2 shots 26000 queries 42 cpu 0.487
stage 3 shots 40000 queries 49 cpu 0.606
2 5 cpu 0.64 risk [0.0401, 0.0517, 0.0685, 0.0598] mean 0.055
stage 0 shots 6000 queries 25 cpu 0.222
stage 1 shots 14000 queries 32 cpu 0.394
stage 2 shots 26000 queries 39 cpu 0.551
stage 3 shots 40000 queries 47 cpu 0.697
3 5 cpu 0.75 risk [0.0526, 0.0494, 0.0768, 0.064] mean 0.0607
stage 0 shots 6000 queries 25 cpu 0.865
stage 1 shots 14000 queries 32 cpu 1.444
stage 2 shots 26000 queries 38 cpu 1.952
stage 3 shots 40000 queries 45 cpu 2.443
4 5 cpu 2.51 risk [0.0477, 0.0456, 0.0202, 0.0641] mean 0.0444
stage 0 shots 6000 queries 27 cpu 0.743
stage 1 shots 14000 queries 36 cpu 1.164
stage 2 shots 26000 queries 45 cpu 1.552
stage 3 shots 40000 queries 54 cpu 1.861
5 5 cpu 1.91 risk [0.0461, 0.0366, 0.0681, 0.0473] mean 0.0495
stage 0 shots 6000 queries 24 cpu 0.121
stage 1 shots 14000 queries 30 cpu 0.254
stage 2 shots 26000 queries 37 cpu 0.363
stage 3 shots 40000 queries 45 cpu 0.471
0 6 cpu 0.52 risk [0.0307, 0.0572, 0.0461, 0.0311] mean 0.0413
stage 0 shots 6000 queries 26 cpu 0.158
stage 1 shots 14000 queries 37 cpu 0.307
stage 2 shots 26000 queries 48 cpu 0.42
stage 3 shots 40000 queries 56 cpu 0.529
1 6 cpu 0.56 risk [0.0295, 0.1166, 0.0477, 0.0354] mean 0.0573
stage 0 shots 6000 queries 24 cpu 0.275
stage 1 shots 14000 queries 30 cpu 0.512
stage 2 shots 26000 queries 36 cpu 0.67
stage 3 shots 40000 queries 44 cpu 0.803
2 6 cpu 0.84 risk [0.0504, 0.0255, 0.0716, 0.0216] mean 0.0423
stage 0 shots 6000 queries 27 cpu 0.187
stage 1 shots 14000 queries 36 cpu 0.378
stage 2 shots 26000 queries 45 cpu 0.534
stage 3 shots 40000 queries 54 cpu 0.662
3 6 cpu 0.7 risk [0.0391, 0.034, 0.0909, 0.0201] mean 0.046
stage 0 shots 6000 queries 26 cpu 0.704
stage 1 shots 14000 queries 34 cpu 1.157
stage 2 shots 26000 queries 42 cpu 1.636
stage 3 shots 40000 queries 50 cpu 2.31
4 6 cpu 2.39 risk [0.0273, 0.0315, 0.0843, 0.0199] mean 0.0408
stage 0 shots 6000 queries 26 cpu 0.702
stage 1 shots 14000 queries 34 cpu 1.154
stage 2 shots 26000 queries 42 cpu 1.573
stage 3 shots 40000 queries 50 cpu 1.92
5 6 cpu 1.99 risk [0.054, 0.0389, 0.0444, 0.065] mean 0.0506
stage 0 shots 6000 queries 28 cpu 0.142
stage 1 shots 14000 queries 38 cpu 0.336
stage 2 shots 26000 queries 48 cpu 0.519
stage 3 shots 40000 queries 57 cpu 0.63
0 7 cpu 0.67 risk [0.0504, 0.065, 0.035, 0.0549] mean 0.0513
stage 0 shots 6000 queries 26 cpu 0.138
stage 1 shots 14000 queries 36 cpu 0.263
stage 2 shots 26000 queries 47 cpu 0.354
stage 3 shots 40000 queries 56 cpu 0.432
1 7 cpu 0.46 risk [0.0262, 0.0903, 0.028, 0.063] mean 0.0519
stage 0 shots 6000 queries 28 cpu 0.228
stage 1 shots 14000 queries 38 cpu 0.424
stage 2 shots 26000 queries 48 cpu 0.598
stage 3 shots 40000 queries 58 cpu 0.761
2 7 cpu 0.8 risk [0.0423, 0.0445, 0.016, 0.0863] mean 0.0473
stage 0 shots 6000 queries 26 cpu 0.167
stage 1 shots 14000 queries 35 cpu 0.326
stage 2 shots 26000 queries 43 cpu 0.485
stage 3 shots 40000 queries 51 cpu 0.637
3 7 cpu 0.67 risk [0.0332, 0.0481, 0.0293, 0.0416] mean 0.0381
stage 0 shots 6000 queries 25 cpu 0.853
stage 1 shots 14000 queries 32 cpu 1.377
stage 2 shots 26000 queries 39 cpu 1.877
stage 3 shots 40000 queries 46 cpu 2.426
4 7 cpu 2.51 risk [0.0586, 0.064, 0.0417, 0.0214] mean 0.0465
stage 0 shots 6000 queries 26 cpu 0.623
stage 1 shots 14000 queries 33 cpu 0.982
stage 2 shots 26000 queries 40 cpu 1.277
stage 3 shots 40000 queries 47 cpu 1.583
5 7 cpu 1.65 risk [0.0509, 0.0356, 0.0325, 0.0475] mean 0.0416
stage 0 shots 6000 queries 26 cpu 0.102
stage 1 shots 14000 queries 34 cpu 0.204
stage 2 shots 26000 queries 43 cpu 0.272
stage 3 shots 40000 queries 50 cpu 0.336
0 8 cpu 0.35 risk [0.0458, 0.0505, 0.0275, 0.0431] mean 0.0417
stage 0 shots 6000 queries 26 cpu 0.129
stage 1 shots 14000 queries 36 cpu 0.3
stage 2 shots 26000 queries 45 cpu 0.424
stage 3 shots 40000 queries 55 cpu 0.54
1 8 cpu 0.59 risk [0.0524, 0.0499, 0.0516, 0.0455] mean 0.0498
stage 0 shots 6000 queries 24 cpu 0.229
stage 1 shots 14000 queries 30 cpu 0.417
stage 2 shots 26000 queries 36 cpu 0.57
stage 3 shots 40000 queries 42 cpu 0.722
2 8 cpu 0.77 risk [0.0407, 0.0356, 0.126, 0.0653] mean 0.0669
stage 0 shots 6000 queries 26 cpu 0.264
stage 1 shots 14000 queries 34 cpu 0.512
stage 2 shots 26000 queries 42 cpu 0.699
stage 3 shots 40000 queries 51 cpu 0.83
3 8 cpu 0.87 risk [0.0583, 0.0631, 0.1444, 0.0327] mean 0.0746
stage 0 shots 6000 queries 25 cpu 0.684
stage 1 shots 14000 queries 32 cpu 1.21
stage 2 shots 26000 queries 39 cpu 1.759
stage 3 shots 40000 queries 46 cpu 2.269
4 8 cpu 2.33 risk [0.049, 0.0747, 0.0504, 0.0275] mean 0.0504
stage 0 shots 6000 queries 25 cpu 0.777
stage 1 shots 14000 queries 32 cpu 1.169
stage 2 shots 26000 queries 39 cpu 1.475
stage 3 shots 40000 queries 46 cpu 1.83
5 8 cpu 1.89 risk [0.0338, 0.0394, 0.0243, 0.0332] mean 0.0327
stage 0 shots 6000 queries 26 cpu 0.093
stage 1 shots 14000 queries 35 cpu 0.218
stage 2 shots 26000 queries 44 cpu 0.32
stage 3 shots 40000 queries 52 cpu 0.412
0 9 cpu 0.44 risk [0.0307, 0.0411, 0.0487, 0.0334] mean 0.0384
stage 0 shots 6000 queries 25 cpu 0.136
stage 1 shots 14000 queries 32 cpu 0.279
stage 2 shots 26000 queries 38 cpu 0.407
stage 3 shots 40000 queries 46 cpu 0.526
1 9 cpu 0.56 risk [0.1108, 0.1061, 0.0574, 0.0354] mean 0.0774
stage 0 shots 6000 queries 25 cpu 0.187
stage 1 shots 14000 queries 32 cpu 0.366
stage 2 shots 26000 queries 38 cpu 0.508
stage 3 shots 40000 queries 44 cpu 0.686
2 9 cpu 0.76 risk [0.0419, 0.0498, 0.0298, 0.0284] mean 0.0375
stage 0 shots 6000 queries 26 cpu 0.262
stage 1 shots 14000 queries 34 cpu 0.444
stage 2 shots 26000 queries 42 cpu 0.63
stage 3 shots 40000 queries 50 cpu 0.776
3 9 cpu 0.8 risk [0.0359, 0.038, 0.0367, 0.0361] mean 0.0367
stage 0 shots 6000 queries 26 cpu 0.948
stage 1 shots 14000 queries 36 cpu 1.433
stage 2 shots 26000 queries 46 cpu 1.849
stage 3 shots 40000 queries 56 cpu 2.245
4 9 cpu 2.31 risk [0.036, 0.0415, 0.0857, 0.038] mean 0.0503
stage 0 shots 6000 queries 26 cpu 0.697
stage 1 shots 14000 queries 34 cpu 1.075
stage 2 shots 26000 queries 41 cpu 1.393
stage 3 shots 40000 queries 48 cpu 1.718
5 9 cpu 1.77 risk [0.0475, 0.0542, 0.0364, 0.0486] mean 0.0467
stage 0 shots 6000 queries 28 cpu 0.121
stage 1 shots 14000 queries 38 cpu 0.27
stage 2 shots 26000 queries 48 cpu 0.401
stage 3 shots 40000 queries 58 cpu 0.508
0 10 cpu 0.56 risk [0.0505, 0.0614, 0.0227, 0.0225] mean 0.0393
stage 0 shots 6000 queries 26 cpu 0.146
stage 1 shots 14000 queries 33 cpu 0.331
stage 2 shots 26000 queries 42 cpu 0.465
stage 3 shots 40000 queries 51 cpu 0.57
1 10 cpu 0.61 risk [0.0357, 0.0913, 0.0296, 0.0271] mean 0.0459
stage 0 shots 6000 queries 26 cpu 0.272
stage 1 shots 14000 queries 34 cpu 0.452
stage 2 shots 26000 queries 43 cpu 0.602
stage 3 shots 40000 queries 52 cpu 0.723
2 10 cpu 0.74 risk [0.0421, 0.0434, 0.0593, 0.0447] mean 0.0474
stage 0 shots 6000 queries 23 cpu 0.221
stage 1 shots 14000 queries 28 cpu 0.418
stage 2 shots 26000 queries 34 cpu 0.587
stage 3 shots 40000 queries 40 cpu 0.754
3 10 cpu 0.8 risk [0.0301, 0.0455, 0.0777, 0.0311] mean 0.0461
stage 0 shots 6000 queries 25 cpu 0.901
stage 1 shots 14000 queries 32 cpu 1.419
stage 2 shots 26000 queries 39 cpu 1.88
stage 3 shots 40000 queries 46 cpu 2.343
4 10 cpu 2.42 risk [0.0566, 0.0356, 0.0485, 0.0626] mean 0.0508
stage 0 shots 6000 queries 27 cpu 0.614
stage 1 shots 14000 queries 36 cpu 1.076
stage 2 shots 26000 queries 45 cpu 1.48
stage 3 shots 40000 queries 54 cpu 1.882
5 10 cpu 1.97 risk [0.0621, 0.046, 0.0528, 0.0691] mean 0.0575
stage 0 shots 6000 queries 26 cpu 0.094
stage 1 shots 14000 queries 34 cpu 0.202
stage 2 shots 26000 queries 41 cpu 0.292
stage 3 shots 40000 queries 48 cpu 0.359
0 11 cpu 0.37 risk [0.0547, 0.079, 0.0436, 0.0177] mean 0.0488
stage 0 shots 6000 queries 26 cpu 0.128
stage 1 shots 14000 queries 34 cpu 0.271
stage 2 shots 26000 queries 42 cpu 0.375
stage 3 shots 40000 queries 50 cpu 0.464
1 11 cpu 0.5 risk [0.0623, 0.0746, 0.0168, 0.0398] mean 0.0484
stage 0 shots 6000 queries 28 cpu 0.208
stage 1 shots 14000 queries 38 cpu 0.353
stage 2 shots 26000 queries 48 cpu 0.464
stage 3 shots 40000 queries 57 cpu 0.579
2 11 cpu 0.6 risk [0.0509, 0.0551, 0.0739, 0.0256] mean 0.0514
stage 0 shots 6000 queries 26 cpu 0.253
stage 1 shots 14000 queries 35 cpu 0.493
stage 2 shots 26000 queries 43 cpu 0.681
stage 3 shots 40000 queries 51 cpu 0.853
3 11 cpu 0.92 risk [0.0321, 0.0353, 0.0594, 0.0231] mean 0.0375
stage 0 shots 6000 queries 27 cpu 0.855
stage 1 shots 14000 queries 35 cpu 1.434
stage 2 shots 26000 queries 44 cpu 2.042
stage 3 shots 40000 queries 53 cpu 2.567
4 11 cpu 2.64 risk [0.0577, 0.0447, 0.025, 0.0322] mean 0.0399
stage 0 shots 6000 queries 25 cpu 0.86
stage 1 shots 14000 queries 33 cpu 1.296
stage 2 shots 26000 queries 41 cpu 1.709
stage 3 shots 40000 queries 49 cpu 2.079
5 11 cpu 2.13 risk [0.0326, 0.0512, 0.0512, 0.0767] mean 0.0529
stage 0 shots 6000 queries 27 cpu 0.135
stage 1 shots 14000 queries 36 cpu 0.278
stage 2 shots 26000 queries 45 cpu 0.386
stage 3 shots 40000 queries 54 cpu 0.47
0 12 cpu 0.49 risk [0.0292, 0.1081, 0.037, 0.0235] mean 0.0495
stage 0 shots 6000 queries 27 cpu 0.117
stage 1 shots 14000 queries 36 cpu 0.255
stage 2 shots 26000 queries 45 cpu 0.344
stage 3 shots 40000 queries 53 cpu 0.425
1 12 cpu 0.44 risk [0.0287, 0.0602, 0.0562, 0.0389] mean 0.046
stage 0 shots 6000 queries 27 cpu 0.239
stage 1 shots 14000 queries 36 cpu 0.446
stage 2 shots 26000 queries 45 cpu 0.645
stage 3 shots 40000 queries 54 cpu 0.814
2 12 cpu 0.86 risk [0.0593, 0.0527, 0.0499, 0.0589] mean 0.0552
stage 0 shots 6000 queries 27 cpu 0.218
stage 1 shots 14000 queries 36 cpu 0.395
stage 2 shots 26000 queries 45 cpu 0.544
stage 3 shots 40000 queries 54 cpu 0.663
3 12 cpu 0.71 risk [0.0371, 0.0497, 0.0614, 0.0624] mean 0.0526
stage 0 shots 6000 queries 25 cpu 0.716
stage 1 shots 14000 queries 32 cpu 1.147
stage 2 shots 26000 queries 40 cpu 1.539
stage 3 shots 40000 queries 48 cpu 1.911
4 12 cpu 1.97 risk [0.0396, 0.0514, 0.0321, 0.0423] mean 0.0414
stage 0 shots 6000 queries 26 cpu 0.837
stage 1 shots 14000 queries 34 cpu 1.184
stage 2 shots 26000 queries 42 cpu 1.542
stage 3 shots 40000 queries 50 cpu 1.944
5 12 cpu 2.02 risk [0.0346, 0.0633, 0.033, 0.061] mean 0.048
stage 0 shots 6000 queries 26 cpu 0.151
stage 1 shots 14000 queries 34 cpu 0.355
stage 2 shots 26000 queries 42 cpu 0.505
stage 3 shots 40000 queries 51 cpu 0.612
0 13 cpu 0.66 risk [0.0981, 0.1331, 0.0723, 0.0428] mean 0.0866
stage 0 shots 6000 queries 28 cpu 0.109
stage 1 shots 14000 queries 39 cpu 0.29
stage 2 shots 26000 queries 49 cpu 0.434
stage 3 shots 40000 queries 59 cpu 0.565
1 13 cpu 0.62 risk [0.062, 0.0571, 0.0337, 0.0366] mean 0.0474
stage 0 shots 6000 queries 27 cpu 0.23
stage 1 shots 14000 queries 36 cpu 0.41
stage 2 shots 26000 queries 45 cpu 0.57
stage 3 shots 40000 queries 54 cpu 0.728
2 13 cpu 0.79 risk [0.0244, 0.0544, 0.0294, 0.0918] mean 0.05
stage 0 shots 6000 queries 24 cpu 0.229
stage 1 shots 14000 queries 31 cpu 0.387
stage 2 shots 26000 queries 37 cpu 0.534
stage 3 shots 40000 queries 43 cpu 0.68
3 13 cpu 0.72 risk [0.0297, 0.0273, 0.0361, 0.0563] mean 0.0373
stage 0 shots 6000 queries 24 cpu 1.167
stage 1 shots 14000 queries 31 cpu 1.922
stage 2 shots 26000 queries 39 cpu 2.644
stage 3 shots 40000 queries 47 cpu 3.291
4 13 cpu 3.35 risk [0.0374, 0.0487, 0.0608, 0.0503] mean 0.0493
stage 0 shots 6000 queries 24 cpu 0.598
stage 1 shots 14000 queries 32 cpu 0.974
stage 2 shots 26000 queries 40 cpu 1.306
stage 3 shots 40000 queries 48 cpu 1.665
5 13 cpu 1.74 risk [0.0296, 0.0323, 0.0462, 0.0278] mean 0.034
stage 0 shots 6000 queries 27 cpu 0.105
stage 1 shots 14000 queries 36 cpu 0.246
stage 2 shots 26000 queries 45 cpu 0.369
stage 3 shots 40000 queries 54 cpu 0.477
0 14 cpu 0.53 risk [0.0421, 0.0436, 0.0356, 0.0174] mean 0.0347
stage 0 shots 6000 queries 27 cpu 0.163
stage 1 shots 14000 queries 37 cpu 0.316
stage 2 shots 26000 queries 47 cpu 0.435
stage 3 shots 40000 queries 58 cpu 0.52
1 14 cpu 0.53 risk [0.1627, 0.0403, 0.0422, 0.0633] mean 0.0771
stage 0 shots 6000 queries 28 cpu 0.217
stage 1 shots 14000 queries 37 cpu 0.426
stage 2 shots 26000 queries 46 cpu 0.635
stage 3 shots 40000 queries 55 cpu 0.828
2 14 cpu 0.88 risk [0.054, 0.0505, 0.0178, 0.0369] mean 0.0398
stage 0 shots 6000 queries 25 cpu 0.21
stage 1 shots 14000 queries 31 cpu 0.396
stage 2 shots 26000 queries 37 cpu 0.557
stage 3 shots 40000 queries 44 cpu 0.698
3 14 cpu 0.74 risk [0.0452, 0.0515, 0.0777, 0.0217] mean 0.049
stage 0 shots 6000 queries 28 cpu 0.738
stage 1 shots 14000 queries 38 cpu 1.197
stage 2 shots 26000 queries 46 cpu 1.672
stage 3 shots 40000 queries 54 cpu 2.085
4 14 cpu 2.15 risk [0.0519, 0.0585, 0.0255, 0.044] mean 0.045
stage 0 shots 6000 queries 26 cpu 0.676
stage 1 shots 14000 queries 34 cpu 0.992
stage 2 shots 26000 queries 42 cpu 1.299
stage 3 shots 40000 queries 50 cpu 1.56
5 14 cpu 1.6 risk [0.0203, 0.0476, 0.0394, 0.0646] mean 0.043
stage 0 shots 6000 queries 26 cpu 0.121
stage 1 shots 14000 queries 34 cpu 0.234
stage 2 shots 26000 queries 44 cpu 0.35
stage 3 shots 40000 queries 53 cpu 0.45
0 15 cpu 0.5 risk [0.0175, 0.0478, 0.0439, 0.0463] mean 0.0389
stage 0 shots 6000 queries 27 cpu 0.124
stage 1 shots 14000 queries 35 cpu 0.265
stage 2 shots 26000 queries 45 cpu 0.36
stage 3 shots 40000 queries 54 cpu 0.447
1 15 cpu 0.49 risk [0.0649, 0.0492, 0.0365, 0.0372] mean 0.047
stage 0 shots 6000 queries 27 cpu 0.216
stage 1 shots 14000 queries 36 cpu 0.404
stage 2 shots 26000 queries 45 cpu 0.559
stage 3 shots 40000 queries 54 cpu 0.702
2 15 cpu 0.73 risk [0.0347, 0.0535, 0.0389, 0.0616] mean 0.0472
stage 0 shots 6000 queries 26 cpu 0.23
stage 1 shots 14000 queries 34 cpu 0.412
stage 2 shots 26000 queries 42 cpu 0.575
stage 3 shots 40000 queries 50 cpu 0.731
3 15 cpu 0.76 risk [0.0474, 0.0587, 0.0343, 0.0411] mean 0.0454
stage 0 shots 6000 queries 26 cpu 0.758
stage 1 shots 14000 queries 33 cpu 1.14
stage 2 shots 26000 queries 40 cpu 1.474
stage 3 shots 40000 queries 47 cpu 1.819
4 15 cpu 1.87 risk [0.054, 0.0376, 0.0386, 0.0218] mean 0.038
stage 0 shots 6000 queries 26 cpu 0.969
stage 1 shots 14000 queries 34 cpu 1.492
stage 2 shots 26000 queries 42 cpu 1.926
stage 3 shots 40000 queries 50 cpu 2.362
5 15 cpu 2.44 risk [0.031, 0.0504, 0.0256, 0.0355] mean 0.0356
stage 0 shots 6000 queries 28 cpu 0.094
stage 1 shots 14000 queries 37 cpu 0.187
stage 2 shots 26000 queries 47 cpu 0.251
stage 3 shots 40000 queries 56 cpu 0.311
0 16 cpu 0.32 risk [0.0397, 0.0408, 0.0434, 0.0465] mean 0.0426
stage 0 shots 6000 queries 26 cpu 0.135
stage 1 shots 14000 queries 34 cpu 0.332
stage 2 shots 26000 queries 42 cpu 0.499
stage 3 shots 40000 queries 50 cpu 0.661
1 16 cpu 0.72 risk [0.0639, 0.0656, 0.0511, 0.0697] mean 0.0626
stage 0 shots 6000 queries 27 cpu 0.3
stage 1 shots 14000 queries 34 cpu 0.551
stage 2 shots 26000 queries 42 cpu 0.745
stage 3 shots 40000 queries 50 cpu 0.91
2 16 cpu 0.96 risk [0.0341, 0.0683, 0.04, 0.024] mean 0.0416
stage 0 shots 6000 queries 27 cpu 0.253
stage 1 shots 14000 queries 35 cpu 0.413
stage 2 shots 26000 queries 43 cpu 0.53
stage 3 shots 40000 queries 51 cpu 0.671
3 16 cpu 0.72 risk [0.0401, 0.0373, 0.029, 0.0455] mean 0.038
stage 0 shots 6000 queries 25 cpu 0.871
stage 1 shots 14000 queries 31 cpu 1.391
stage 2 shots 26000 queries 38 cpu 1.859
stage 3 shots 40000 queries 45 cpu 2.291
4 16 cpu 2.36 risk [0.0454, 0.0306, 0.0275, 0.0409] mean 0.0361
stage 0 shots 6000 queries 26 cpu 0.787
stage 1 shots 14000 queries 34 cpu 1.278
stage 2 shots 26000 queries 42 cpu 1.709
stage 3 shots 40000 queries 51 cpu 2.126
5 16 cpu 2.2 risk [0.0414, 0.0564, 0.0232, 0.0515] mean 0.0431
stage 0 shots 6000 queries 24 cpu 0.159
stage 1 shots 14000 queries 30 cpu 0.34
stage 2 shots 26000 queries 36 cpu 0.469
stage 3 shots 40000 queries 42 cpu 0.576
0 17 cpu 0.62 risk [0.0219, 0.0249, 0.0754, 0.0282] mean 0.0376
stage 0 shots 6000 queries 24 cpu 0.125
stage 1 shots 14000 queries 32 cpu 0.22
stage 2 shots 26000 queries 40 cpu 0.307
stage 3 shots 40000 queries 48 cpu 0.385
1 17 cpu 0.4 risk [0.0387, 0.0452, 0.0421, 0.0298] mean 0.039
stage 0 shots 6000 queries 26 cpu 0.245
stage 1 shots 14000 queries 34 cpu 0.461
stage 2 shots 26000 queries 41 cpu 0.645
stage 3 shots 40000 queries 48 cpu 0.824
2 17 cpu 0.87 risk [0.061, 0.0644, 0.051, 0.0522] mean 0.0571
stage 0 shots 6000 queries 27 cpu 0.268
stage 1 shots 14000 queries 36 cpu 0.524
stage 2 shots 26000 queries 45 cpu 0.762
stage 3 shots 40000 queries 54 cpu 0.935
3 17 cpu 0.97 risk [0.0288, 0.0667, 0.0208, 0.0627] mean 0.0448
stage 0 shots 6000 queries 24 cpu 0.837
stage 1 shots 14000 queries 30 cpu 1.361
stage 2 shots 26000 queries 36 cpu 1.829
stage 3 shots 40000 queries 42 cpu 2.194
4 17 cpu 2.24 risk [0.0358, 0.056, 0.0449, 0.0655] mean 0.0505
stage 0 shots 6000 queries 26 cpu 0.643
stage 1 shots 14000 queries 35 cpu 0.965
stage 2 shots 26000 queries 44 cpu 1.276
stage 3 shots 40000 queries 53 cpu 1.617
5 17 cpu 1.67 risk [0.0316, 0.0556, 0.0346, 0.0461] mean 0.042
stage 0 shots 6000 queries 26 cpu 0.116
stage 1 shots 14000 queries 34 cpu 0.272
stage 2 shots 26000 queries 42 cpu 0.433
stage 3 shots 40000 queries 51 cpu 0.537
0 18 cpu 0.57 risk [0.0453, 0.0306, 0.1048, 0.0444] mean 0.0563
stage 0 shots 6000 queries 27 cpu 0.138
stage 1 shots 14000 queries 36 cpu 0.288
stage 2 shots 26000 queries 45 cpu 0.437
stage 3 shots 40000 queries 55 cpu 0.555
1 18 cpu 0.6 risk [0.0725, 0.0638, 0.033, 0.0435] mean 0.0532
stage 0 shots 6000 queries 27 cpu 0.214
stage 1 shots 14000 queries 36 cpu 0.357
stage 2 shots 26000 queries 45 cpu 0.482
stage 3 shots 40000 queries 54 cpu 0.62
2 18 cpu 0.65 risk [0.0349, 0.0325, 0.0373, 0.0356] mean 0.0351
stage 0 shots 6000 queries 25 cpu 0.227
stage 1 shots 14000 queries 32 cpu 0.435
stage 2 shots 26000 queries 38 cpu 0.58
stage 3 shots 40000 queries 44 cpu 0.714
3 18 cpu 0.75 risk [0.0668, 0.0489, 0.036, 0.0681] mean 0.055
stage 0 shots 6000 queries 25 cpu 0.742
stage 1 shots 14000 queries 32 cpu 1.225
stage 2 shots 26000 queries 39 cpu 1.707
stage 3 shots 40000 queries 46 cpu 2.154
4 18 cpu 2.24 risk [0.0288, 0.0449, 0.0464, 0.03] mean 0.0375
stage 0 shots 6000 queries 26 cpu 0.855
stage 1 shots 14000 queries 34 cpu 1.387
stage 2 shots 26000 queries 42 cpu 1.87
stage 3 shots 40000 queries 50 cpu 2.298
5 18 cpu 2.37 risk [0.0437, 0.0632, 0.042, 0.0676] mean 0.0541
stage 0 shots 6000 queries 27 cpu 0.19
stage 1 shots 14000 queries 35 cpu 0.327
stage 2 shots 26000 queries 43 cpu 0.429
stage 3 shots 40000 queries 52 cpu 0.532
0 19 cpu 0.57 risk [0.0555, 0.0838, 0.0622, 0.054] mean 0.0639
stage 0 shots 6000 queries 27 cpu 0.145
stage 1 shots 14000 queries 36 cpu 0.341
stage 2 shots 26000 queries 45 cpu 0.501
stage 3 shots 40000 queries 53 cpu 0.63
1 19 cpu 0.66 risk [0.1079, 0.0741, 0.03, 0.0323] mean 0.0611
stage 0 shots 6000 queries 26 cpu 0.289
stage 1 shots 14000 queries 32 cpu 0.561
stage 2 shots 26000 queries 39 cpu 0.812
stage 3 shots 40000 queries 46 cpu 1.034
2 19 cpu 1.09 risk [0.0468, 0.0704, 0.0568, 0.0535] mean 0.0569
stage 0 shots 6000 queries 27 cpu 0.2
stage 1 shots 14000 queries 36 cpu 0.333
stage 2 shots 26000 queries 45 cpu 0.444
stage 3 shots 40000 queries 54 cpu 0.551
3 19 cpu 0.57 risk [0.0191, 0.0499, 0.0474, 0.0188] mean 0.0338
stage 0 shots 6000 queries 24 cpu 0.82
stage 1 shots 14000 queries 31 cpu 1.297
stage 2 shots 26000 queries 38 cpu 1.789
stage 3 shots 40000 queries 45 cpu 2.28
4 19 cpu 2.34 risk [0.0267, 0.0333, 0.0337, 0.0265] mean 0.03
stage 0 shots 6000 queries 26 cpu 0.692
stage 1 shots 14000 queries 34 cpu 1.133
stage 2 shots 26000 queries 41 cpu 1.542
stage 3 shots 40000 queries 48 cpu 1.938
5 19 cpu 2.03 risk [0.0374, 0.0445, 0.0437, 0.0362] mean 0.0405
stage 0 shots 6000 queries 26 cpu 0.117
stage 1 shots 14000 queries 34 cpu 0.272
stage 2 shots 26000 queries 43 cpu 0.373
stage 3 shots 40000 queries 52 cpu 0.475
0 20 cpu 0.5 risk [0.136, 0.0535, 0.0284, 0.0482] mean 0.0665
stage 0 shots 6000 queries 26 cpu 0.167
stage 1 shots 14000 queries 34 cpu 0.362
stage 2 shots 26000 queries 42 cpu 0.526
stage 3 shots 40000 queries 50 cpu 0.641
1 20 cpu 0.67 risk [0.0624, 0.0792, 0.0462, 0.0224] mean 0.0526
stage 0 shots 6000 queries 26 cpu 0.294
stage 1 shots 14000 queries 35 cpu 0.468
stage 2 shots 26000 queries 44 cpu 0.596
stage 3 shots 40000 queries 53 cpu 0.714
2 20 cpu 0.74 risk [0.061, 0.0571, 0.0434, 0.0539] mean 0.0539
stage 0 shots 6000 queries 27 cpu 0.193
stage 1 shots 14000 queries 36 cpu 0.355
stage 2 shots 26000 queries 45 cpu 0.487
stage 3 shots 40000 queries 54 cpu 0.596
3 20 cpu 0.62 risk [0.0384, 0.0357, 0.0481, 0.0551] mean 0.0443
stage 0 shots 6000 queries 25 cpu 1.059
stage 1 shots 14000 queries 34 cpu 1.799
stage 2 shots 26000 queries 43 cpu 2.582
stage 3 shots 40000 queries 51 cpu 3.213
4 20 cpu 3.3 risk [0.0419, 0.0643, 0.0338, 0.0471] mean 0.0468
stage 0 shots 6000 queries 27 cpu 0.609
stage 1 shots 14000 queries 36 cpu 1.011
stage 2 shots 26000 queries 45 cpu 1.365
stage 3 shots 40000 queries 54 cpu 1.702
5 20 cpu 1.77 risk [0.0363, 0.0285, 0.0292, 0.0631] mean 0.0393
stage 0 shots 6000 queries 24 cpu 0.166
stage 1 shots 14000 queries 30 cpu 0.345
stage 2 shots 26000 queries 38 cpu 0.471
stage 3 shots 40000 queries 46 cpu 0.572
0 21 cpu 0.6 risk [0.0393, 0.0465, 0.0458, 0.0314] mean 0.0407
stage 0 shots 6000 queries 24 cpu 0.169
stage 1 shots 14000 queries 30 cpu 0.346
stage 2 shots 26000 queries 36 cpu 0.513
stage 3 shots 40000 queries 42 cpu 0.655
1 21 cpu 0.72 risk [0.0497, 0.0493, 0.0759, 0.044] mean 0.0547
stage 0 shots 6000 queries 26 cpu 0.22
stage 1 shots 14000 queries 34 cpu 0.39
stage 2 shots 26000 queries 42 cpu 0.534
stage 3 shots 40000 queries 50 cpu 0.672
2 21 cpu 0.7 risk [0.0377, 0.0594, 0.0509, 0.0171] mean 0.0413
stage 0 shots 6000 queries 26 cpu 0.218
stage 1 shots 14000 queries 34 cpu 0.404
stage 2 shots 26000 queries 42 cpu 0.543
stage 3 shots 40000 queries 51 cpu 0.655
3 21 cpu 0.67 risk [0.0498, 0.0372, 0.0324, 0.038] mean 0.0394
stage 0 shots 6000 queries 24 cpu 0.989
stage 1 shots 14000 queries 31 cpu 1.56
stage 2 shots 26000 queries 37 cpu 2.104
stage 3 shots 40000 queries 43 cpu 2.639
4 21 cpu 2.71 risk [0.049, 0.0373, 0.0467, 0.0344] mean 0.0419
stage 0 shots 6000 queries 28 cpu 0.907
stage 1 shots 14000 queries 38 cpu 1.484
stage 2 shots 26000 queries 48 cpu 1.993
stage 3 shots 40000 queries 58 cpu 2.496
5 21 cpu 2.58 risk [0.0297, 0.0698, 0.0452, 0.0707] mean 0.0539
stage 0 shots 6000 queries 24 cpu 0.117
stage 1 shots 14000 queries 32 cpu 0.242
stage 2 shots 26000 queries 40 cpu 0.338
stage 3 shots 40000 queries 49 cpu 0.419
0 22 cpu 0.46 risk [0.0226, 0.0474, 0.0407, 0.024] mean 0.0336
stage 0 shots 6000 queries 27 cpu 0.144
stage 1 shots 14000 queries 37 cpu 0.277
stage 2 shots 26000 queries 48 cpu 0.385
stage 3 shots 40000 queries 59 cpu 0.468
1 22 cpu 0.48 risk [0.035, 0.0623, 0.0318, 0.0502] mean 0.0448
stage 0 shots 6000 queries 28 cpu 0.171
stage 1 shots 14000 queries 38 cpu 0.343
stage 2 shots 26000 queries 48 cpu 0.501
stage 3 shots 40000 queries 58 cpu 0.65
2 22 cpu 0.7 risk [0.0527, 0.0399, 0.0122, 0.064] mean 0.0422
stage 0 shots 6000 queries 25 cpu 0.221
stage 1 shots 14000 queries 33 cpu 0.429
stage 2 shots 26000 queries 41 cpu 0.626
stage 3 shots 40000 queries 49 cpu 0.775
3 22 cpu 0.83 risk [0.0676, 0.0548, 0.0393, 0.0407] mean 0.0506
stage 0 shots 6000 queries 26 cpu 0.963
stage 1 shots 14000 queries 36 cpu 1.472
stage 2 shots 26000 queries 46 cpu 1.945
stage 3 shots 40000 queries 56 cpu 2.419
4 22 cpu 2.49 risk [0.0367, 0.0437, 0.0698, 0.0388] mean 0.0473
stage 0 shots 6000 queries 26 cpu 0.901
stage 1 shots 14000 queries 35 cpu 1.314
stage 2 shots 26000 queries 44 cpu 1.742
stage 3 shots 40000 queries 53 cpu 2.12
5 22 cpu 2.19 risk [0.0437, 0.0396, 0.078, 0.0115] mean 0.0432
stage 0 shots 6000 queries 26 cpu 0.107
stage 1 shots 14000 queries 34 cpu 0.232
stage 2 shots 26000 queries 42 cpu 0.336
stage 3 shots 40000 queries 50 cpu 0.431
0 23 cpu 0.47 risk [0.0327, 0.0445, 0.0531, 0.0308] mean 0.0403
stage 0 shots 6000 queries 25 cpu 0.128
stage 1 shots 14000 queries 31 cpu 0.281
stage 2 shots 26000 queries 37 cpu 0.381
stage 3 shots 40000 queries 44 cpu 0.474
1 23 cpu 0.51 risk [0.0541, 0.0342, 0.0647, 0.0303] mean 0.0458
stage 0 shots 6000 queries 26 cpu 0.276
stage 1 shots 14000 queries 34 cpu 0.49
stage 2 shots 26000 queries 43 cpu 0.682
stage 3 shots 40000 queries 52 cpu 0.832
2 23 cpu 0.85 risk [0.0409, 0.0275, 0.0421, 0.03] mean 0.0351
stage 0 shots 6000 queries 25 cpu 0.232
stage 1 shots 14000 queries 32 cpu 0.433
stage 2 shots 26000 queries 39 cpu 0.617
stage 3 shots 40000 queries 47 cpu 0.744
3 23 cpu 0.78 risk [0.0443, 0.0434, 0.1136, 0.0303] mean 0.0579
stage 0 shots 6000 queries 25 cpu 0.895
stage 1 shots 14000 queries 32 cpu 1.516
stage 2 shots 26000 queries 39 cpu 1.976
stage 3 shots 40000 queries 45 cpu 2.434
4 23 cpu 2.5 risk [0.0565, 0.0392, 0.0375, 0.0785] mean 0.0529
stage 0 shots 6000 queries 28 cpu 0.947
stage 1 shots 14000 queries 38 cpu 1.645
stage 2 shots 26000 queries 48 cpu 2.23
stage 3 shots 40000 queries 58 cpu 2.756
5 23 cpu 2.82 risk [0.0557, 0.0424, 0.0211, 0.061] mean 0.045
stage 0 shots 6000 queries 25 cpu 0.127
stage 1 shots 14000 queries 33 cpu 0.284
stage 2 shots 26000 queries 40 cpu 0.405
stage 3 shots 40000 queries 48 cpu 0.502
0 24 cpu 0.52 risk [0.0404, 0.0743, 0.0572, 0.0495] mean 0.0553
stage 0 shots 6000 queries 28 cpu 0.152
stage 1 shots 14000 queries 38 cpu 0.342
stage 2 shots 26000 queries 48 cpu 0.487
stage 3 shots 40000 queries 58 cpu 0.625
1 24 cpu 0.68 risk [0.0521, 0.11, 0.0321, 0.0335] mean 0.0569
stage 0 shots 6000 queries 26 cpu 0.195
stage 1 shots 14000 queries 33 cpu 0.382
stage 2 shots 26000 queries 41 cpu 0.518
stage 3 shots 40000 queries 49 cpu 0.644
2 24 cpu 0.67 risk [0.0521, 0.0402, 0.0428, 0.0385] mean 0.0434
stage 0 shots 6000 queries 26 cpu 0.187
stage 1 shots 14000 queries 34 cpu 0.33
stage 2 shots 26000 queries 42 cpu 0.44
stage 3 shots 40000 queries 50 cpu 0.542
3 24 cpu 0.56 risk [0.0531, 0.0535, 0.0272, 0.0489] mean 0.0457
stage 0 shots 6000 queries 25 cpu 0.785
stage 1 shots 14000 queries 32 cpu 1.386
stage 2 shots 26000 queries 39 cpu 1.92
stage 3 shots 40000 queries 46 cpu 2.487
4 24 cpu 2.56 risk [0.0259, 0.0407, 0.0195, 0.0273] mean 0.0284
stage 0 shots 6000 queries 27 cpu 0.802
stage 1 shots 14000 queries 36 cpu 1.266
stage 2 shots 26000 queries 45 cpu 1.755
stage 3 shots 40000 queries 54 cpu 2.154
5 24 cpu 2.22 risk [0.0369, 0.0361, 0.0208, 0.0367] mean 0.0326
burst_aliases [0.04423, 0.04859, 0.04371, 0.05008]
chain_hooks [0.06329, 0.06667, 0.0506, 0.04196]
patch_crosstalk [0.04494, 0.04898, 0.05572, 0.04876]
MEAN 0.05062622757742161 WORST 0.06666549215927287
