stage 0 shots 6000 queries 27 cpu 0.205
stage 1 shots 14000 queries 35 cpu 0.296
stage 2 shots 26000 queries 44 cpu 0.382
stage 3 shots 40000 queries 53 cpu 0.462
0 0 cpu 1.73 risk [0.0511, 0.0457, 0.0686, 0.0435] mean 0.0522
stage 0 shots 6000 queries 28 cpu 0.145
stage 1 shots 14000 queries 39 cpu 0.223
stage 2 shots 26000 queries 50 cpu 0.298
stage 3 shots 40000 queries 61 cpu 0.362
1 0 cpu 1.65 risk [0.0229, 0.1046, 0.0308, 0.0359] mean 0.0485
stage 0 shots 6000 queries 25 cpu 0.287
stage 1 shots 14000 queries 32 cpu 0.408
stage 2 shots 26000 queries 39 cpu 0.532
stage 3 shots 40000 queries 47 cpu 0.64
2 0 cpu 2.88 risk [0.0459, 0.0577, 0.055, 0.0263] mean 0.0462
stage 0 shots 6000 queries 26 cpu 0.289
stage 1 shots 14000 queries 33 cpu 0.404
stage 2 shots 26000 queries 41 cpu 0.524
stage 3 shots 40000 queries 49 cpu 0.646
3 0 cpu 3.37 risk [0.0708, 0.0458, 0.0238, 0.0355] mean 0.044
stage 0 shots 6000 queries 25 cpu 1.375
stage 1 shots 14000 queries 32 cpu 1.805
stage 2 shots 26000 queries 39 cpu 2.341
stage 3 shots 40000 queries 46 cpu 2.876
4 0 cpu 16.71 risk [0.0351, 0.0417, 0.0608, 0.035] mean 0.0431
stage 0 shots 6000 queries 26 cpu 1.023
stage 1 shots 14000 queries 34 cpu 1.429
stage 2 shots 26000 queries 43 cpu 1.777
stage 3 shots 40000 queries 52 cpu 2.109
5 0 cpu 6.81 risk [0.0434, 0.0373, 0.0173, 0.0386] mean 0.0342
stage 0 shots 6000 queries 26 cpu 0.113
stage 1 shots 14000 queries 35 cpu 0.164
stage 2 shots 26000 queries 44 cpu 0.218
stage 3 shots 40000 queries 52 cpu 0.272
0 1 cpu 1.38 risk [0.0244, 0.0264, 0.0541, 0.038] mean 0.0357
stage 0 shots 6000 queries 28 cpu 0.152
stage 1 shots 14000 queries 39 cpu 0.247
stage 2 shots 26000 queries 50 cpu 0.341
stage 3 shots 40000 queries 61 cpu 0.428
1 1 cpu 1.89 risk [0.0539, 0.0906, 0.0159, 0.0412] mean 0.0504
stage 0 shots 6000 queries 25 cpu 0.28
stage 1 shots 14000 queries 32 cpu 0.4
stage 2 shots 26000 queries 39 cpu 0.523
stage 3 shots 40000 queries 47 cpu 0.638
2 1 cpu 3.35 risk [0.0422, 0.0788, 0.061, 0.0395] mean 0.0553
stage 0 shots 6000 queries 27 cpu 0.306
stage 1 shots 14000 queries 36 cpu 0.464
stage 2 shots 26000 queries 45 cpu 0.61
stage 3 shots 40000 queries 53 cpu 0.737
3 1 cpu 3.54 risk [0.0295, 0.051, 0.141, 0.0358] mean 0.0643
stage 0 shots 6000 queries 25 cpu 0.985
stage 1 shots 14000 queries 32 cpu 1.43
stage 2 shots 26000 queries 39 cpu 1.79
stage 3 shots 40000 queries 46 cpu 2.202
4 1 cpu 6.67 risk [0.0467, 0.0619, 0.0413, 0.0322] mean 0.0455
stage 0 shots 6000 queries 27 cpu 0.832
stage 1 shots 14000 queries 36 cpu 1.168
stage 2 shots 26000 queries 45 cpu 1.518
stage 3 shots 40000 queries 54 cpu 1.804
5 1 cpu 6.42 risk [0.0306, 0.035, 0.0422, 0.0269] mean 0.0337
stage 0 shots 6000 queries 26 cpu 0.122
stage 1 shots 14000 queries 35 cpu 0.178
stage 2 shots 26000 queries 44 cpu 0.229
stage 3 shots 40000 queries 53 cpu 0.28
0 2 cpu 1.37 risk [0.0447, 0.0412, 0.0432, 0.0308] mean 0.04
stage 0 shots 6000 queries 28 cpu 0.11
stage 1 shots 14000 queries 38 cpu 0.176
stage 2 shots 26000 queries 48 cpu 0.232
stage 3 shots 40000 queries 59 cpu 0.292
1 2 cpu 1.37 risk [0.0641, 0.119, 0.0647, 0.0649] mean 0.0782
stage 0 shots 6000 queries 25 cpu 0.246
stage 1 shots 14000 queries 32 cpu 0.351
stage 2 shots 26000 queries 39 cpu 0.452
stage 3 shots 40000 queries 46 cpu 0.538
2 2 cpu 2.67 risk [0.0494, 0.066, 0.0743, 0.0553] mean 0.0612
stage 0 shots 6000 queries 26 cpu 0.215
stage 1 shots 14000 queries 34 cpu 0.315
stage 2 shots 26000 queries 42 cpu 0.418
stage 3 shots 40000 queries 51 cpu 0.522
3 2 cpu 2.61 risk [0.0521, 0.0414, 0.079, 0.0492] mean 0.0554
stage 0 shots 6000 queries 25 cpu 0.788
stage 1 shots 14000 queries 32 cpu 1.142
stage 2 shots 26000 queries 39 cpu 1.487
stage 3 shots 40000 queries 46 cpu 1.86
4 2 cpu 6.15 risk [0.0356, 0.0511, 0.0536, 0.0121] mean 0.0381
stage 0 shots 6000 queries 27 cpu 0.806
stage 1 shots 14000 queries 36 cpu 1.156
stage 2 shots 26000 queries 45 cpu 1.478
stage 3 shots 40000 queries 54 cpu 1.755
5 2 cpu 6.1 risk [0.044, 0.0377, 0.0237, 0.0351] mean 0.0351
stage 0 shots 6000 queries 27 cpu 0.129
stage 1 shots 14000 queries 36 cpu 0.188
stage 2 shots 26000 queries 45 cpu 0.244
stage 3 shots 40000 queries 54 cpu 0.295
0 3 cpu 1.39 risk [0.025, 0.0473, 0.0564, 0.045] mean 0.0434
stage 0 shots 6000 queries 29 cpu 0.131
stage 1 shots 14000 queries 40 cpu 0.194
stage 2 shots 26000 queries 51 cpu 0.259
stage 3 shots 40000 queries 62 cpu 0.325
1 3 cpu 1.38 risk [0.0839, 0.0703, 0.0206, 0.0599] mean 0.0587
stage 0 shots 6000 queries 25 cpu 0.238
stage 1 shots 14000 queries 32 cpu 0.331
stage 2 shots 26000 queries 39 cpu 0.455
stage 3 shots 40000 queries 47 cpu 0.554
2 3 cpu 2.69 risk [0.0225, 0.0377, 0.0286, 0.0516] mean 0.0351
stage 0 shots 6000 queries 27 cpu 0.277
stage 1 shots 14000 queries 35 cpu 0.388
stage 2 shots 26000 queries 43 cpu 0.506
stage 3 shots 40000 queries 52 cpu 0.619
3 3 cpu 3.08 risk [0.041, 0.0342, 0.0522, 0.0353] mean 0.0407
stage 0 shots 6000 queries 25 cpu 1.101
stage 1 shots 14000 queries 32 cpu 1.474
stage 2 shots 26000 queries 39 cpu 1.911
stage 3 shots 40000 queries 46 cpu 2.263
4 3 cpu 6.97 risk [0.0572, 0.0597, 0.1031, 0.0362] mean 0.064
stage 0 shots 6000 queries 27 cpu 0.719
stage 1 shots 14000 queries 36 cpu 1.029
stage 2 shots 26000 queries 45 cpu 1.447
stage 3 shots 40000 queries 54 cpu 1.748
5 3 cpu 5.81 risk [0.0172, 0.0574, 0.0536, 0.0466] mean 0.0437
stage 0 shots 6000 queries 27 cpu 0.098
stage 1 shots 14000 queries 36 cpu 0.144
stage 2 shots 26000 queries 45 cpu 0.194
stage 3 shots 40000 queries 54 cpu 0.244
0 4 cpu 1.3 risk [0.0584, 0.0434, 0.0328, 0.0408] mean 0.0438
stage 0 shots 6000 queries 28 cpu 0.11
stage 1 shots 14000 queries 38 cpu 0.17
stage 2 shots 26000 queries 49 cpu 0.231
stage 3 shots 40000 queries 60 cpu 0.287
1 4 cpu 1.29 risk [0.0398, 0.0953, 0.0369, 0.0617] mean 0.0584
stage 0 shots 6000 queries 25 cpu 0.216
stage 1 shots 14000 queries 32 cpu 0.303
stage 2 shots 26000 queries 39 cpu 0.392
stage 3 shots 40000 queries 46 cpu 0.479
2 4 cpu 2.62 risk [0.0445, 0.0433, 0.0581, 0.0431] mean 0.0473
stage 0 shots 6000 queries 27 cpu 0.278
stage 1 shots 14000 queries 35 cpu 0.375
stage 2 shots 26000 queries 44 cpu 0.474
stage 3 shots 40000 queries 52 cpu 0.581
3 4 cpu 2.5 risk [0.04, 0.0508, 0.0767, 0.0313] mean 0.0497
stage 0 shots 6000 queries 25 cpu 0.736
stage 1 shots 14000 queries 32 cpu 1.126
stage 2 shots 26000 queries 39 cpu 1.492
stage 3 shots 40000 queries 46 cpu 1.879
4 4 cpu 14.85 risk [0.0498, 0.0586, 0.0746, 0.0488] mean 0.0579
stage 0 shots 6000 queries 26 cpu 0.757
stage 1 shots 14000 queries 35 cpu 1.103
stage 2 shots 26000 queries 44 cpu 1.44
stage 3 shots 40000 queries 53 cpu 1.831
5 4 cpu 6.5 risk [0.0409, 0.0562, 0.0357, 0.0624] mean 0.0488
stage 0 shots 6000 queries 27 cpu 0.098
stage 1 shots 14000 queries 36 cpu 0.155
stage 2 shots 26000 queries 45 cpu 0.207
stage 3 shots 40000 queries 54 cpu 0.248
0 5 cpu 1.26 risk [0.0257, 0.0461, 0.0145, 0.0849] mean 0.0428
stage 0 shots 6000 queries 28 cpu 0.118
stage 1 shots 14000 queries 39 cpu 0.18
stage 2 shots 26000 queries 50 cpu 0.24
stage 3 shots 40000 queries 61 cpu 0.301
1 5 cpu 1.67 risk [0.0374, 0.0324, 0.0164, 0.0694] mean 0.0389
stage 0 shots 6000 queries 25 cpu 0.22
stage 1 shots 14000 queries 32 cpu 0.302
stage 2 shots 26000 queries 39 cpu 0.393
stage 3 shots 40000 queries 47 cpu 0.504
2 5 cpu 2.55 risk [0.0389, 0.036, 0.0536, 0.0423] mean 0.0427
stage 0 shots 6000 queries 26 cpu 0.259
stage 1 shots 14000 queries 33 cpu 0.374
stage 2 shots 26000 queries 42 cpu 0.472
stage 3 shots 40000 queries 50 cpu 0.567
3 5 cpu 2.66 risk [0.0403, 0.0287, 0.0451, 0.0514] mean 0.0414
stage 0 shots 6000 queries 24 cpu 0.976
stage 1 shots 14000 queries 31 cpu 1.489
stage 2 shots 26000 queries 38 cpu 2.046
stage 3 shots 40000 queries 45 cpu 2.64
4 5 cpu 7.27 risk [0.0347, 0.0729, 0.0623, 0.038] mean 0.052
stage 0 shots 6000 queries 25 cpu 0.763
stage 1 shots 14000 queries 34 cpu 1.08
stage 2 shots 26000 queries 43 cpu 1.4
stage 3 shots 40000 queries 52 cpu 1.683
5 5 cpu 5.98 risk [0.037, 0.0351, 0.0172, 0.0579] mean 0.0368
stage 0 shots 6000 queries 25 cpu 0.12
stage 1 shots 14000 queries 34 cpu 0.17
stage 2 shots 26000 queries 42 cpu 0.22
stage 3 shots 40000 queries 51 cpu 0.266
0 6 cpu 1.36 risk [0.0493, 0.071, 0.0177, 0.0176] mean 0.0389
stage 0 shots 6000 queries 28 cpu 0.155
stage 1 shots 14000 queries 39 cpu 0.226
stage 2 shots 26000 queries 49 cpu 0.298
stage 3 shots 40000 queries 60 cpu 0.37
1 6 cpu 1.57 risk [0.1032, 0.0998, 0.0241, 0.0296] mean 0.0642
stage 0 shots 6000 queries 25 cpu 0.284
stage 1 shots 14000 queries 32 cpu 0.409
stage 2 shots 26000 queries 39 cpu 0.544
stage 3 shots 40000 queries 47 cpu 0.669
2 6 cpu 2.85 risk [0.0371, 0.0425, 0.046, 0.0438] mean 0.0424
stage 0 shots 6000 queries 27 cpu 0.228
stage 1 shots 14000 queries 34 cpu 0.334
stage 2 shots 26000 queries 43 cpu 0.454
stage 3 shots 40000 queries 52 cpu 0.56
3 6 cpu 2.5 risk [0.0468, 0.0511, 0.0541, 0.026] mean 0.0445
stage 0 shots 6000 queries 25 cpu 0.858
stage 1 shots 14000 queries 32 cpu 1.181
stage 2 shots 26000 queries 39 cpu 1.62
stage 3 shots 40000 queries 46 cpu 2.015
4 6 cpu 6.61 risk [0.0502, 0.0382, 0.123, 0.0334] mean 0.0612
stage 0 shots 6000 queries 27 cpu 0.671
stage 1 shots 14000 queries 36 cpu 1.007
stage 2 shots 26000 queries 45 cpu 1.396
stage 3 shots 40000 queries 53 cpu 1.716
5 6 cpu 6.71 risk [0.0246, 0.0429, 0.0698, 0.0952] mean 0.0581
stage 0 shots 6000 queries 27 cpu 0.132
stage 1 shots 14000 queries 36 cpu 0.195
stage 2 shots 26000 queries 45 cpu 0.245
stage 3 shots 40000 queries 54 cpu 0.296
0 7 cpu 1.56 risk [0.0262, 0.0784, 0.0173, 0.0455] mean 0.0419
stage 0 shots 6000 queries 29 cpu 0.12
stage 1 shots 14000 queries 40 cpu 0.184
stage 2 shots 26000 queries 51 cpu 0.256
stage 3 shots 40000 queries 62 cpu 0.325
1 7 cpu 1.36 risk [0.0474, 0.0611, 0.0599, 0.0407] mean 0.0523
stage 0 shots 6000 queries 25 cpu 0.273
stage 1 shots 14000 queries 32 cpu 0.371
stage 2 shots 26000 queries 39 cpu 0.477
stage 3 shots 40000 queries 47 cpu 0.561
2 7 cpu 2.49 risk [0.0478, 0.0615, 0.0698, 0.0112] mean 0.0475
stage 0 shots 6000 queries 27 cpu 0.255
stage 1 shots 14000 queries 35 cpu 0.351
stage 2 shots 26000 queries 43 cpu 0.458
stage 3 shots 40000 queries 53 cpu 0.56
3 7 cpu 2.58 risk [0.0503, 0.0608, 0.0514, 0.0479] mean 0.0526
stage 0 shots 6000 queries 25 cpu 1.096
stage 1 shots 14000 queries 32 cpu 1.586
stage 2 shots 26000 queries 39 cpu 2.063
stage 3 shots 40000 queries 46 cpu 2.503
4 7 cpu 7.92 risk [0.0432, 0.0318, 0.0586, 0.0189] mean 0.0381
stage 0 shots 6000 queries 26 cpu 0.95
stage 1 shots 14000 queries 35 cpu 1.321
stage 2 shots 26000 queries 44 cpu 1.715
stage 3 shots 40000 queries 53 cpu 2.105
5 7 cpu 6.97 risk [0.0254, 0.0378, 0.037, 0.0214] mean 0.0304
stage 0 shots 6000 queries 26 cpu 0.153
stage 1 shots 14000 queries 35 cpu 0.217
stage 2 shots 26000 queries 44 cpu 0.287
stage 3 shots 40000 queries 53 cpu 0.345
0 8 cpu 1.64 risk [0.0595, 0.0478, 0.0665, 0.0411] mean 0.0537
stage 0 shots 6000 queries 29 cpu 0.13
stage 1 shots 14000 queries 40 cpu 0.199
stage 2 shots 26000 queries 51 cpu 0.266
stage 3 shots 40000 queries 62 cpu 0.339
1 8 cpu 1.56 risk [0.0833, 0.0656, 0.0305, 0.0712] mean 0.0627
stage 0 shots 6000 queries 25 cpu 0.255
stage 1 shots 14000 queries 32 cpu 0.372
stage 2 shots 26000 queries 39 cpu 0.501
stage 3 shots 40000 queries 47 cpu 0.617
2 8 cpu 3.35 risk [0.0426, 0.0472, 0.0322, 0.0393] mean 0.0403
stage 0 shots 6000 queries 27 cpu 0.355
stage 1 shots 14000 queries 35 cpu 0.5
stage 2 shots 26000 queries 42 cpu 0.65
stage 3 shots 40000 queries 51 cpu 0.785
3 8 cpu 3.41 risk [0.0364, 0.0819, 0.0645, 0.0448] mean 0.0569
stage 0 shots 6000 queries 25 cpu 0.891
stage 1 shots 14000 queries 32 cpu 1.467
stage 2 shots 26000 queries 39 cpu 2.026
stage 3 shots 40000 queries 46 cpu 2.567
4 8 cpu 8.52 risk [0.0583, 0.0498, 0.1046, 0.0291] mean 0.0605
stage 0 shots 6000 queries 25 cpu 0.97
stage 1 shots 14000 queries 33 cpu 1.421
stage 2 shots 26000 queries 42 cpu 1.825
stage 3 shots 40000 queries 51 cpu 2.202
5 8 cpu 8.03 risk [0.0504, 0.0667, 0.0639, 0.0767] mean 0.0644
stage 0 shots 6000 queries 27 cpu 0.136
stage 1 shots 14000 queries 36 cpu 0.208
stage 2 shots 26000 queries 45 cpu 0.265
stage 3 shots 40000 queries 54 cpu 0.319
0 9 cpu 1.65 risk [0.0939, 0.0715, 0.0453, 0.0486] mean 0.0648
stage 0 shots 6000 queries 28 cpu 0.123
stage 1 shots 14000 queries 39 cpu 0.202
stage 2 shots 26000 queries 50 cpu 0.286
stage 3 shots 40000 queries 61 cpu 0.363
1 9 cpu 1.68 risk [0.1214, 0.0694, 0.0453, 0.0586] mean 0.0737
stage 0 shots 6000 queries 25 cpu 0.272
stage 1 shots 14000 queries 32 cpu 0.398
stage 2 shots 26000 queries 39 cpu 0.524
stage 3 shots 40000 queries 47 cpu 0.635
2 9 cpu 3.05 risk [0.0232, 0.057, 0.0249, 0.0489] mean 0.0385
stage 0 shots 6000 queries 27 cpu 0.277
stage 1 shots 14000 queries 36 cpu 0.42
stage 2 shots 26000 queries 44 cpu 0.535
stage 3 shots 40000 queries 52 cpu 0.661
3 9 cpu 3.12 risk [0.0487, 0.0279, 0.0343, 0.0453] mean 0.0391
stage 0 shots 6000 queries 25 cpu 1.1
stage 1 shots 14000 queries 32 cpu 1.723
stage 2 shots 26000 queries 39 cpu 2.289
stage 3 shots 40000 queries 45 cpu 2.747
4 9 cpu 8.35 risk [0.0337, 0.0783, 0.0636, 0.0283] mean 0.051
stage 0 shots 6000 queries 27 cpu 0.919
stage 1 shots 14000 queries 36 cpu 1.313
stage 2 shots 26000 queries 45 cpu 1.669
stage 3 shots 40000 queries 54 cpu 2.093
5 9 cpu 7.91 risk [0.0618, 0.0401, 0.02, 0.0689] mean 0.0477
burst_aliases [0.04258, 0.0513, 0.06314, 0.04673]
chain_hooks [0.06226, 0.07089, 0.04221, 0.05103]
patch_crosstalk [0.04374, 0.05212, 0.06171, 0.04151]
MEAN 0.05243589879434324 WORST 0.07088892550945651
