0 {'width': 0.13932495452035254, 'direct': 3.0360757874079383, 'indirect': 3.035933846825104, 'eta': 0.016016423767514904, 'wc': 0.17525380134545623, 'gc': 3.0000050000000003}
2 {'width': 0.1393731072169162, 'direct': 3.0359044219271265, 'indirect': 3.0356885664237963, 'eta': 0.015914417520125186, 'wc': 0.17505667364071437, 'gc': 3.0000049999999985}
1 {'width': 0.13933290624864747, 'direct': 3.0361599082839863, 'indirect': 3.035984401005937, 'eta': 0.016039000559488783, 'wc': 0.1753123072545864, 'gc': 3.000004999999998}
4 {'width': 0.13936557603896071, 'direct': 3.0362208710800367, 'indirect': 3.0359924754839556, 'eta': 0.016058111219801965, 'wc': 0.1753530515229158, 'gc': 3.0000050000000007}
multiprocessing.pool.RemoteTraceback: 
"""
Traceback (most recent call last):
  File "/usr/lib/python3.10/multiprocessing/pool.py", line 125, in worker
    result = (True, func(*args, **kwds))
  File "/srv/home/xuandong/mnt/jingxu/ALE/tasks_v4/kdotpy_k_p_theory_on_a_lattice_for_simulating_semiconductor_band_struc__2407_12651/concept_3/attempts/v_2/fine_batch.py", line 12, in run_job
    subprocess.run(['python', 'fine.py', f'pair_{index}.json', '--output', output, '--rounds', '8'], stdout=log, stderr=subprocess.STDOUT, check=True)
  File "/usr/lib/python3.10/subprocess.py", line 526, in run
    raise CalledProcessError(retcode, process.args,
subprocess.CalledProcessError: Command '['python', 'fine.py', 'pair_6.json', '--output', 'pair_fine_6.json', '--rounds', '8']' returned non-zero exit status 1.
"""

The above exception was the direct cause of the following exception:

Traceback (most recent call last):
  File "/srv/home/xuandong/mnt/jingxu/ALE/tasks_v4/kdotpy_k_p_theory_on_a_lattice_for_simulating_semiconductor_band_struc__2407_12651/concept_3/attempts/v_2/fine_batch.py", line 18, in <module>
    for index, stats in pool.imap_unordered(run_job, range(20)):
  File "/usr/lib/python3.10/multiprocessing/pool.py", line 873, in next
    raise value
subprocess.CalledProcessError: Command '['python', 'fine.py', 'pair_6.json', '--output', 'pair_fine_6.json', '--rounds', '8']' returned non-zero exit status 1.
