STAGE legacy_seed ALLOWANCE 5
seed scan_01_02 1e-07 [(0, 1.1508219), (63, 0.7714535), (42, 0.7227638), (71, 0.6758426), (80, 0.4602768), (55, 0.4453171), (56, 0.4254642), (87, 0.4177595), (57, 0.4052919), (59, 0.2706543), (52, 0.2652075), (11, 0.2524993), (72, 0.2308015), (36, 0.2204626), (79, 0.1944725), (10, 0.1944239), (45, 0.1898427), (83, 0.0802454), (95, 0.0727035), (77, 0.0683903), (43, 0.0605147)]
scan_01_02 best 0.0005210086233857358 trace 8.449322562149282 support [0, 10, 11, 36, 42, 52, 55, 56, 57, 59, 63, 71, 72, 79, 80, 87]
seed scan_01_02 1e-09 [(0, 1.1508219), (63, 0.7714535), (42, 0.7227638), (71, 0.6758426), (80, 0.4602768), (55, 0.4453171), (56, 0.4254642), (87, 0.4177595), (57, 0.4052919), (59, 0.2706543), (52, 0.2652075), (11, 0.2524993), (72, 0.2308015), (36, 0.2204626), (79, 0.1944725), (10, 0.1944239), (45, 0.1898427), (83, 0.0802454), (95, 0.0727035), (77, 0.0683903), (43, 0.0605147)]
seed scan_01_02 1e-05 [(0, 1.1509135), (42, 0.9274572), (63, 0.7528353), (71, 0.6924353), (56, 0.4743224), (80, 0.4667132), (57, 0.4368448), (59, 0.3966246), (87, 0.3956796), (79, 0.3552273), (10, 0.3483777), (72, 0.2669909), (52, 0.2522258), (36, 0.1747027), (51, 0.1521462), (55, 0.1199217), (11, 0.1132027), (75, 0.0872585), (12, 0.0681939), (90, 0.0635353), (48, 0.0535478)]
seed scan_01_02 1e-11 [(0, 1.1508219), (63, 0.7714535), (42, 0.7227638), (71, 0.6758426), (80, 0.4602768), (55, 0.4453171), (56, 0.4254642), (87, 0.4177595), (57, 0.4052919), (59, 0.2706543), (52, 0.2652075), (11, 0.2524993), (72, 0.2308015), (36, 0.2204626), (79, 0.1944725), (10, 0.1944239), (45, 0.1898427), (83, 0.0802454), (95, 0.0727035), (77, 0.0683903), (43, 0.0605147)]
seed scan_01_02 0.001 [(0, 1.1508329), (42, 0.9552823), (63, 0.8828458), (71, 0.7420155), (80, 0.5631178), (10, 0.4351237), (57, 0.4037781), (79, 0.3963265), (87, 0.3873942), (36, 0.3060011), (56, 0.2355835), (52, 0.226111), (59, 0.2096566), (83, 0.1615769), (90, 0.1605977), (72, 0.1296633), (75, 0.0976938), (51, 0.095332), (43, 0.0784697), (55, 0.0645003), (81, 0.0533817)]
seed scan_01_02 1e-13 [(0, 1.1508219), (63, 0.7714535), (42, 0.7227638), (71, 0.6758426), (80, 0.4602768), (55, 0.4453171), (56, 0.4254642), (87, 0.4177595), (57, 0.4052919), (59, 0.2706543), (52, 0.2652075), (11, 0.2524993), (72, 0.2308015), (36, 0.2204626), (79, 0.1944725), (10, 0.1944239), (45, 0.1898427), (83, 0.0802454), (95, 0.0727035), (77, 0.0683903), (43, 0.0605147)]
seed scan_01_02 1.0 [(0, 1.1507997), (42, 0.8468481), (63, 0.8129777), (71, 0.7559362), (57, 0.7401181), (80, 0.4939184), (56, 0.3474429), (79, 0.3141813), (59, 0.2485093), (52, 0.2347787), (72, 0.2158876), (10, 0.211022), (55, 0.200404), (11, 0.193658), (83, 0.1604666), (36, 0.1543163), (90, 0.1162786), (86, 0.106482), (48, 0.0850022), (51, 0.078341), (61, 0.074324)]
BEST scan_01_02 0.0005210086233857358 trace 8.449322562149282 support [0, 10, 11, 36, 42, 52, 55, 56, 57, 59, 63, 71, 72, 79, 80, 87]
STAGE whitened_seed ALLOWANCE 45.0
BEST scan_01_02 0.0005210086233857358 trace 8.449322562149282 support [0, 10, 11, 36, 42, 52, 55, 56, 57, 59, 63, 71, 72, 79, 80, 87]
SEED scan_01_02 1e-07 [(0, 1.1507653932964557), (42, 0.9947467225277458), (63, 0.8966304907750576), (71, 0.8016607443490096), (57, 0.7472174713495845), (80, 0.4893509644101379), (56, 0.4717424357665824), (79, 0.4409903838817707), (43, 0.40819893776834726), (10, 0.3152921558752307), (72, 0.26194922663942966), (52, 0.2579146157509665), (83, 0.23300230654266185), (12, 0.23023191291250758), (59, 0.1491240966627326), (86, 0.1063594292841584)]
BEST scan_01_02 0.00045661636098888925 trace 8.4506557220069 support [ 0 10 12 42 43 52 56 57 59 63 71 72 79 80 83 86]
BEST scan_01_02 0.0003860722939922607 trace 8.45195221397612 support [ 0 10 12 42 43 52 56 57 59 63 71 72 79 80 83 86]
SEED scan_01_02 1e-09 [(0, 1.1507653932964557), (42, 0.9947467225277458), (63, 0.8966304907750576), (71, 0.8016607443490096), (57, 0.7472174713495845), (80, 0.4893509644101379), (56, 0.4717424357665824), (79, 0.4409903838817707), (43, 0.40819893776834726), (10, 0.3152921558752307), (72, 0.26194922663942966), (52, 0.2579146157509665), (83, 0.23300230654266185), (12, 0.23023191291250758), (59, 0.1491240966627326), (86, 0.1063594292841584)]
SEED scan_01_02 1e-11 [(0, 1.1507653932964557), (42, 0.9947467225277458), (63, 0.8966304907750576), (71, 0.8016607443490096), (57, 0.7472174713495845), (80, 0.4893509644101379), (56, 0.4717424357665824), (79, 0.4409903838817707), (43, 0.40819893776834726), (10, 0.3152921558752307), (72, 0.26194922663942966), (52, 0.2579146157509665), (83, 0.23300230654266185), (12, 0.23023191291250758), (59, 0.1491240966627326), (86, 0.1063594292841584)]
SEED scan_01_02 1e-05 [(0, 1.1507653932964557), (42, 0.9947467225277338), (63, 0.8966304907750622), (71, 0.8016607443490102), (57, 0.7472174713495827), (80, 0.4893509644101406), (56, 0.4717424357665773), (79, 0.4409903838817766), (43, 0.4081989377683494), (10, 0.3152921558752309), (72, 0.26194922663943687), (52, 0.25791461575096514), (83, 0.23300230654266116), (12, 0.23023191291250614), (59, 0.1491240966627316), (86, 0.10635942928415905)]
BEST scan_01_02 0.0003860407380181901 trace 8.451951615097535 support [ 0 10 12 42 43 52 56 57 59 63 71 72 79 80 83 86]
SEED scan_01_02 1e-13 [(0, 1.1507653932964557), (42, 0.9947467225277458), (63, 0.8966304907750576), (71, 0.8016607443490096), (57, 0.7472174713495845), (80, 0.4893509644101379), (56, 0.4717424357665824), (79, 0.4409903838817707), (43, 0.40819893776834726), (10, 0.3152921558752307), (72, 0.26194922663942966), (52, 0.2579146157509665), (83, 0.23300230654266185), (12, 0.23023191291250758), (59, 0.1491240966627326), (86, 0.1063594292841584)]
SEED scan_01_02 1e-06 [(0, 1.1507653932964557), (42, 0.9947467225277458), (63, 0.8966304907750576), (71, 0.8016607443490096), (57, 0.7472174713495845), (80, 0.4893509644101379), (56, 0.4717424357665824), (79, 0.4409903838817707), (43, 0.40819893776834726), (10, 0.3152921558752307), (72, 0.26194922663942966), (52, 0.2579146157509665), (83, 0.23300230654266185), (12, 0.23023191291250758), (59, 0.1491240966627326), (86, 0.1063594292841584)]
SEED scan_01_02 1e-08 [(0, 1.1507653932964557), (42, 0.9947467225277458), (63, 0.8966304907750576), (71, 0.8016607443490096), (57, 0.7472174713495845), (80, 0.4893509644101379), (56, 0.4717424357665824), (79, 0.4409903838817707), (43, 0.40819893776834726), (10, 0.3152921558752307), (72, 0.26194922663942966), (52, 0.2579146157509665), (83, 0.23300230654266185), (12, 0.23023191291250758), (59, 0.1491240966627326), (86, 0.1063594292841584)]
SEED scan_01_02 1e-10 [(0, 1.1507653932964557), (42, 0.9947467225277458), (63, 0.8966304907750576), (71, 0.8016607443490096), (57, 0.7472174713495845), (80, 0.4893509644101379), (56, 0.4717424357665824), (79, 0.4409903838817707), (43, 0.40819893776834726), (10, 0.3152921558752307), (72, 0.26194922663942966), (52, 0.2579146157509665), (83, 0.23300230654266185), (12, 0.23023191291250758), (59, 0.1491240966627326), (86, 0.1063594292841584)]
BEST scan_01_02 0.0003846874483600569 trace 8.450996323828987 support [ 0 10 12 42 43 52 56 57 59 63 71 72 79 80 83 86]
CONT 0.001 0.05796712957200446
CONT 0.0001 0.1832390151006074
CONT 1e-05 0.44336352286294856
CONT 1e-06 1.3470513523314693
CONT 1e-07 4.067506324225461
CONT 1e-08 4.07186217689929
CONT 1e-09 4.071862176890846
BEST scan_01_02 0.0003261697183843198 trace 8.449292862580325 support [ 0 10 12 42 43 52 56 57 63 71 72 77 79 80 83 86]
BEST scan_01_02 0.0003255380731320907 trace 8.448813403111012 support [ 0  9 10 34 43 52 56 57 63 71 72 77 79 80 83 86]
BEST scan_01_02 0.00031524201573718985 trace 8.449256228445492 support [ 0  9 10 34 43 57 63 68 71 72 77 79 80 82 83 86]
BEST scan_01_02 0.0003098134407320277 trace 8.448905192606423 support [ 0  9 10 34 43 44 57 63 71 72 77 79 80 82 83 86]
BEST scan_01_02 0.00030841193879346964 trace 8.44885557143858 support [ 0  9 10 14 34 44 57 63 71 72 77 79 80 82 83 86]
BEST scan_01_02 0.00021132172676643568 trace 8.449019152818813 support [ 0  9 10 16 34 44 57 63 71 72 74 77 79 82 83 86]
BEST scan_01_02 0.00020190067526876243 trace 8.448702317944315 support [ 0  9 10 16 34 38 57 63 71 72 74 77 79 82 83 86]
BEST scan_01_02 0.00019623148291597614 trace 8.448680505755771 support [ 0  9 10 16 34 57 63 71 72 74 77 79 80 82 83 86]
BEST scan_01_02 0.00014039309750502545 trace 8.447832720667313 support [ 0  8 10 16 34 57 63 71 72 74 77 79 80 82 83 86]
BEST scan_01_02 0.000139977321934074 trace 8.447848814110488 support [ 0  8 10 16 34 44 57 63 71 72 74 77 79 82 83 86]
BEST scan_01_02 7.15344012279937e-05 trace 8.447848269074434 support [ 0  8 10 16 34 44 46 57 63 71 72 74 77 79 83 86]
STAGE_ERROR whitened_seed StageTimeout stage allowance exhausted
BEST scan_01_02 7.15344012279937e-05 trace 8.447848269074434 support [0, 8, 10, 16, 34, 44, 46, 57, 63, 71, 72, 74, 77, 79, 83, 86]
STAGE discrete_improve ALLOWANCE 45.0
BEST scan_01_02 7.15344012279937e-05 trace 8.447848269074434 support [0, 8, 10, 16, 34, 44, 46, 57, 63, 71, 72, 74, 77, 79, 83, 86]
CONT 0.001 0.01523341634918048
CONT 0.0001 0.06207082209632106
CONT 1e-05 0.30037378413781385
BEST scan_01_02 7.153360542728019e-05 trace 8.447848277831746 support [ 0  8 10 16 34 44 46 57 63 71 72 74 77 79 83 86]
CONT 1e-06 0.9580791044484824
CONT 1e-07 4.434825289180781
CONT 1e-08 5.343411447794911
CONT 1e-09 5.343411447795187
BEST scan_01_02 6.922426630086022e-05 trace 8.44785741765552 support [ 0  8 10 16 34 44 46 47 57 63 71 72 74 79 83 86]
BEST scan_01_02 6.077396081893724e-05 trace 8.447834013332503 support [ 0  6 10 16 34 44 46 47 57 63 71 72 74 79 83 86]
BEST scan_01_02 5.1792078276874316e-05 trace 8.447802221569864 support [ 0  6 10 16 34 44 47 57 63 71 72 79 83 86 92 94]
BEST scan_01_02 5.093125236984784e-05 trace 8.44782622276393 support [ 0  4 10 16 34 44 57 63 71 72 79 83 86 89 92 94]
BEST scan_01_02 5.083959302118715e-05 trace 8.447829766097756 support [ 0  4 10 17 34 44 57 63 71 72 79 83 86 89 92 94]
BEST scan_01_02 4.96077086040337e-05 trace 8.448152891924616 support [ 0  4 10 17 34 44 63 71 72 79 83 86 87 89 92 94]
BEST scan_01_02 4.735822815391381e-05 trace 8.448138592439141 support [ 0  4 10 17 34 44 53 63 71 72 79 83 86 87 92 94]
BEST scan_01_02 4.427343705955654e-05 trace 8.448101135288764 support [ 0  3 10 17 34 44 53 63 71 72 79 83 86 87 92 94]
BEST scan_01_02 4.409596038719375e-05 trace 8.448088218670108 support [ 0  3 10 17 34 44 63 71 72 77 79 83 86 87 92 94]
BEST scan_01_02 4.295634507325979e-05 trace 8.448085661768324 support [ 0  3 10 17 34 41 44 63 71 72 79 83 86 87 92 94]
STAGE_ERROR discrete_improve StageTimeout stage allowance exhausted
BEST scan_01_02 4.295634507325979e-05 trace 8.448085661768324 support [0, 3, 10, 17, 34, 41, 44, 63, 71, 72, 79, 83, 86, 87, 92, 94]
STAGE continuous ALLOWANCE 208.383939424064
BEST scan_01_02 4.295634507325979e-05 trace 8.448085661768324 support [ 0  3 10 17 34 41 44 63 71 72 79 83 86 87 92 94]
CONTINUOUS scan_01_02 0 0.0001 0.01049998245511293 254 [(0, 1.511), (0, 3.08), (0, 3.769272), (0, 5.098585), (0, 6.626185), (8, 10.670092), (2, 7.373107), (4, 6.0442), (8, 10.287935), (0, 7.271281), (0, 7.271281), (8, 9.242169), (2, 5.727754), (4, 9.127056), (2, 4.788361), (6, 9.543702)]
CONTINUOUS scan_01_02 0 1e-06 0.13795368204870803 40 [(0, 1.511), (0, 3.08), (0, 3.750478), (0, 5.006852), (0, 6.589462), (8, 10.683201), (2, 7.373107), (4, 6.031818), (8, 10.352131), (0, 7.271281), (0, 7.271281), (8, 9.242169), (2, 6.015041), (4, 9.137638), (2, 4.756979), (6, 9.433012)]
CONTINUOUS scan_01_02 0 1e-08 0.13795365601007387 15 [(0, 1.511), (0, 3.08), (0, 3.750478), (0, 5.006853), (0, 6.589462), (8, 10.683201), (2, 7.373107), (4, 6.031818), (8, 10.352131), (0, 7.271281), (0, 7.271281), (8, 9.242169), (2, 6.015041), (4, 9.137638), (2, 4.756979), (6, 9.433012)]
CONTINUOUS scan_01_02 1 0.0001 0.010499998044137909 43 [(0, 1.511), (0, 3.08), (0, 3.769272), (0, 5.098585), (0, 6.626185), (8, 10.670092), (2, 7.373107), (4, 6.0442), (8, 10.287935), (0, 7.271281), (0, 7.271281), (8, 9.242169), (2, 5.727754), (4, 9.127056), (2, 4.788361), (6, 9.543702)]
CONTINUOUS scan_01_02 1 1e-06 0.13795367406516434 44 [(0, 1.511), (0, 3.08), (0, 3.750478), (0, 5.006853), (0, 6.589462), (8, 10.683201), (2, 7.373107), (4, 6.031818), (8, 10.352131), (0, 7.271281), (0, 7.271281), (8, 9.242169), (2, 6.015041), (4, 9.137638), (2, 4.756979), (6, 9.433012)]
CONTINUOUS scan_01_02 1 1e-08 0.13795366790636615 13 [(0, 1.511), (0, 3.08), (0, 3.750478), (0, 5.006853), (0, 6.589462), (8, 10.683201), (2, 7.373107), (4, 6.031818), (8, 10.352131), (0, 7.271281), (0, 7.271281), (8, 9.242169), (2, 6.015041), (4, 9.137638), (2, 4.756979), (6, 9.433012)]
CONTINUOUS scan_01_02 2 0.0001 0.010499997032581468 54 [(0, 1.511), (0, 3.08), (0, 3.769272), (0, 5.098585), (0, 6.626185), (8, 10.670092), (2, 7.373107), (4, 6.0442), (8, 10.287935), (0, 7.271281), (0, 7.271281), (8, 9.242169), (2, 5.727754), (4, 9.127056), (2, 4.788361), (6, 9.543702)]
CONTINUOUS scan_01_02 2 1e-06 0.1379539227928962 35 [(0, 1.511), (0, 3.08), (0, 3.750478), (0, 5.006851), (0, 6.589461), (8, 10.683201), (2, 7.373107), (4, 6.031818), (8, 10.352131), (0, 7.271281), (0, 7.271281), (8, 9.242169), (2, 6.01504), (4, 9.137638), (2, 4.756977), (6, 9.43301)]
CONTINUOUS scan_01_02 2 1e-08 0.13795383157761767 14 [(0, 1.511), (0, 3.08), (0, 3.750478), (0, 5.006852), (0, 6.589461), (8, 10.683201), (2, 7.373107), (4, 6.031818), (8, 10.352131), (0, 7.271281), (0, 7.271281), (8, 9.242169), (2, 6.015041), (4, 9.137638), (2, 4.756978), (6, 9.433011)]
CONTINUOUS scan_01_02 3 0.0001 0.010500002101589042 38 [(0, 1.511), (0, 3.08), (0, 3.769272), (0, 5.098585), (0, 6.626185), (8, 10.670092), (2, 7.373107), (4, 6.0442), (8, 10.287935), (0, 7.271281), (0, 7.271281), (8, 9.242169), (2, 5.727754), (4, 9.127056), (2, 4.788361), (6, 9.543702)]
CONTINUOUS scan_01_02 3 1e-06 0.13795361187514496 38 [(0, 1.511), (0, 3.08), (0, 3.750478), (0, 5.006853), (0, 6.589462), (8, 10.683201), (2, 7.373107), (4, 6.031819), (8, 10.352131), (0, 7.271281), (0, 7.271281), (8, 9.242169), (2, 6.015041), (4, 9.137638), (2, 4.756979), (6, 9.433012)]
CONTINUOUS scan_01_02 3 1e-08 0.1379536210533099 17 [(0, 1.511), (0, 3.08), (0, 3.750478), (0, 5.006853), (0, 6.589462), (8, 10.683201), (2, 7.373107), (4, 6.031819), (8, 10.352131), (0, 7.271281), (0, 7.271281), (8, 9.242169), (2, 6.015041), (4, 9.137638), (2, 4.756979), (6, 9.433012)]
CONTINUOUS scan_01_02 4 0.0001 0.010499996693575236 30 [(0, 1.511), (0, 3.08), (0, 3.769272), (0, 5.098585), (0, 6.626185), (8, 10.670092), (2, 7.373107), (4, 6.0442), (8, 10.287935), (0, 7.271281), (0, 7.271281), (8, 9.242169), (2, 5.727754), (4, 9.127056), (2, 4.788361), (6, 9.543702)]
CONTINUOUS scan_01_02 4 1e-06 0.13795376272683074 37 [(0, 1.511), (0, 3.08), (0, 3.750478), (0, 5.006852), (0, 6.589462), (8, 10.683201), (2, 7.373107), (4, 6.031818), (8, 10.352131), (0, 7.271281), (0, 7.271281), (8, 9.242169), (2, 6.015041), (4, 9.137638), (2, 4.756978), (6, 9.433011)]
CONTINUOUS scan_01_02 4 1e-08 0.13795362367730987 18 [(0, 1.511), (0, 3.08), (0, 3.750478), (0, 5.006853), (0, 6.589462), (8, 10.683201), (2, 7.373107), (4, 6.031819), (8, 10.352131), (0, 7.271281), (0, 7.271281), (8, 9.242169), (2, 6.015041), (4, 9.137638), (2, 4.756979), (6, 9.433012)]
CONTINUOUS scan_01_02 5 0.0001 0.010499996066907677 28 [(0, 1.511), (0, 3.08), (0, 3.769272), (0, 5.098585), (0, 6.626185), (8, 10.670092), (2, 7.373107), (4, 6.0442), (8, 10.287935), (0, 7.271281), (0, 7.271281), (8, 9.242169), (2, 5.727754), (4, 9.127056), (2, 4.788361), (6, 9.543702)]
CONTINUOUS scan_01_02 5 1e-06 0.13795366053896335 39 [(0, 1.511), (0, 3.08), (0, 3.750478), (0, 5.006853), (0, 6.589462), (8, 10.683201), (2, 7.373107), (4, 6.031818), (8, 10.352131), (0, 7.271281), (0, 7.271281), (8, 9.242169), (2, 6.015041), (4, 9.137638), (2, 4.756979), (6, 9.433012)]
CONTINUOUS scan_01_02 5 1e-08 0.13795366375447898 17 [(0, 1.511), (0, 3.08), (0, 3.750478), (0, 5.006853), (0, 6.589462), (8, 10.683201), (2, 7.373107), (4, 6.031818), (8, 10.352131), (0, 7.271281), (0, 7.271281), (8, 9.242169), (2, 6.015041), (4, 9.137638), (2, 4.756979), (6, 9.433012)]
CONTINUOUS scan_01_02 6 0.0001 0.010499999271945948 128 [(0, 1.511), (0, 3.08), (0, 3.769272), (0, 5.098585), (0, 7.271281), (8, 10.670092), (2, 7.373107), (4, 6.0442), (8, 10.287935), (0, 6.626185), (0, 7.271281), (8, 9.242169), (2, 5.727754), (4, 9.127056), (2, 4.788361), (6, 9.543702)]
CONTINUOUS scan_01_02 6 1e-06 0.1379536680516069 43 [(0, 1.511), (0, 3.08), (0, 3.750478), (0, 5.006853), (0, 7.271281), (8, 10.683201), (2, 7.373107), (4, 6.031818), (8, 10.352131), (0, 6.589462), (0, 7.271281), (8, 9.242169), (2, 6.015041), (4, 9.137638), (2, 4.756979), (6, 9.433012)]
CONTINUOUS scan_01_02 6 1e-08 0.13795365726191153 17 [(0, 1.511), (0, 3.08), (0, 3.750478), (0, 5.006853), (0, 7.271281), (8, 10.683201), (2, 7.373107), (4, 6.031818), (8, 10.352131), (0, 6.589462), (0, 7.271281), (8, 9.242169), (2, 6.015041), (4, 9.137638), (2, 4.756979), (6, 9.433012)]
CONTINUOUS scan_01_02 7 0.0001 0.010499996485559965 31 [(0, 1.511), (0, 3.08), (0, 3.769272), (0, 5.098585), (0, 6.626185), (8, 10.670092), (2, 7.373107), (4, 6.0442), (8, 10.287935), (0, 7.271281), (0, 7.271281), (8, 9.242169), (2, 5.727754), (4, 9.127056), (2, 4.788361), (6, 9.543702)]
CONTINUOUS scan_01_02 7 1e-06 0.13795373081274928 33 [(0, 1.511), (0, 3.08), (0, 3.750478), (0, 5.006852), (0, 6.589462), (8, 10.683201), (2, 7.373107), (4, 6.031818), (8, 10.352131), (0, 7.271281), (0, 7.271281), (8, 9.242169), (2, 6.015041), (4, 9.137638), (2, 4.756979), (6, 9.433011)]
CONTINUOUS scan_01_02 7 1e-08 0.13795360700282866 15 [(0, 1.511), (0, 3.08), (0, 3.750478), (0, 5.006853), (0, 6.589462), (8, 10.683201), (2, 7.373107), (4, 6.031819), (8, 10.352131), (0, 7.271281), (0, 7.271281), (8, 9.242169), (2, 6.015041), (4, 9.137638), (2, 4.756979), (6, 9.433012)]
CONTINUOUS scan_01_02 8 0.0001 0.010499993788346032 41 [(0, 1.511), (0, 3.08), (0, 3.769272), (0, 5.098585), (0, 6.626185), (8, 10.670092), (2, 7.373107), (4, 6.0442), (8, 10.287935), (0, 7.271281), (0, 7.271281), (8, 9.242169), (2, 5.727754), (4, 9.127056), (2, 4.788361), (6, 9.543702)]
CONTINUOUS scan_01_02 8 1e-06 0.13795380930578366 32 [(0, 1.511), (0, 3.08), (0, 3.750478), (0, 5.006852), (0, 6.589461), (8, 10.683201), (2, 7.373107), (4, 6.031818), (8, 10.352131), (0, 7.271281), (0, 7.271281), (8, 9.242169), (2, 6.015041), (4, 9.137638), (2, 4.756978), (6, 9.433011)]
CONTINUOUS scan_01_02 8 1e-08 0.13795364543886177 16 [(0, 1.511), (0, 3.08), (0, 3.750478), (0, 5.006853), (0, 6.589462), (8, 10.683201), (2, 7.373107), (4, 6.031819), (8, 10.352131), (0, 7.271281), (0, 7.271281), (8, 9.242169), (2, 6.015041), (4, 9.137638), (2, 4.756979), (6, 9.433012)]
CONTINUOUS scan_01_02 9 0.0001 0.010499996356777935 55 [(0, 1.511), (0, 3.08), (0, 3.769272), (0, 5.098585), (0, 6.626185), (8, 10.670092), (2, 7.373107), (4, 6.0442), (8, 10.287935), (0, 7.271281), (0, 7.271281), (8, 9.242169), (2, 5.727754), (4, 9.127056), (2, 4.788361), (6, 9.543702)]
CONTINUOUS scan_01_02 9 1e-06 0.1379535966050837 43 [(0, 1.511), (0, 3.08), (0, 3.750478), (0, 5.006853), (0, 6.589462), (8, 10.683201), (2, 7.373107), (4, 6.031819), (8, 10.352131), (0, 7.271281), (0, 7.271281), (8, 9.242169), (2, 6.015041), (4, 9.137638), (2, 4.756979), (6, 9.433012)]
CONTINUOUS scan_01_02 9 1e-08 0.13795367665068453 17 [(0, 1.511), (0, 3.08), (0, 3.750478), (0, 5.006853), (0, 6.589462), (8, 10.683201), (2, 7.373107), (4, 6.031818), (8, 10.352131), (0, 7.271281), (0, 7.271281), (8, 9.242169), (2, 6.015041), (4, 9.137638), (2, 4.756979), (6, 9.433012)]
CONTINUOUS scan_01_02 10 0.0001 0.010499989231128465 37 [(0, 1.511), (0, 3.08), (0, 3.769272), (0, 5.098585), (0, 6.626185), (8, 10.670092), (2, 7.373107), (4, 6.0442), (8, 10.287936), (0, 7.271281), (0, 7.271281), (8, 9.242169), (2, 5.727755), (4, 9.127056), (2, 4.788362), (6, 9.543702)]
CONTINUOUS scan_01_02 10 1e-06 0.13795378956619114 42 [(0, 1.511), (0, 3.08), (0, 3.750478), (0, 5.006852), (0, 6.589462), (8, 10.683201), (2, 7.373107), (4, 6.031818), (8, 10.352131), (0, 7.271281), (0, 7.271281), (8, 9.242169), (2, 6.015041), (4, 9.137638), (2, 4.756978), (6, 9.433011)]
CONTINUOUS scan_01_02 10 1e-08 0.13795365440036975 16 [(0, 1.511), (0, 3.08), (0, 3.750478), (0, 5.006853), (0, 6.589462), (8, 10.683201), (2, 7.373107), (4, 6.031819), (8, 10.352131), (0, 7.271281), (0, 7.271281), (8, 9.242169), (2, 6.015041), (4, 9.137638), (2, 4.756979), (6, 9.433012)]
CONTINUOUS scan_01_02 11 0.0001 0.0104999618225043 34 [(0, 1.511), (0, 3.08), (0, 3.769272), (0, 5.098585), (0, 6.626185), (8, 10.670092), (2, 7.373107), (4, 6.0442), (8, 10.287936), (0, 7.271281), (0, 7.271281), (8, 9.242169), (2, 5.727755), (4, 9.127056), (2, 4.788361), (6, 9.543702)]
CONTINUOUS scan_01_02 11 1e-06 0.13795340750882926 41 [(0, 1.511), (0, 3.08), (0, 3.750479), (0, 5.006854), (0, 6.589463), (8, 10.683201), (2, 7.373107), (4, 6.031819), (8, 10.352131), (0, 7.271281), (0, 7.271281), (8, 9.242169), (2, 6.01504), (4, 9.137638), (2, 4.75698), (6, 9.433013)]
CONTINUOUS scan_01_02 11 1e-08 0.1379538194631745 17 [(0, 1.511), (0, 3.08), (0, 3.750478), (0, 5.006852), (0, 6.589462), (8, 10.683201), (2, 7.373107), (4, 6.031818), (8, 10.352131), (0, 7.271281), (0, 7.271281), (8, 9.242169), (2, 6.015041), (4, 9.137638), (2, 4.756978), (6, 9.433011)]
CONTINUOUS scan_01_02 12 0.0001 0.010499989981203097 53 [(0, 1.511), (0, 3.08), (0, 3.769272), (0, 5.098585), (0, 6.626185), (8, 10.670092), (2, 7.373107), (4, 6.0442), (8, 10.287935), (0, 7.271281), (0, 7.271281), (8, 9.242169), (2, 5.727754), (4, 9.127056), (2, 4.788361), (6, 9.543702)]
CONTINUOUS scan_01_02 12 1e-06 0.1379536000737991 39 [(0, 1.511), (0, 3.08), (0, 3.750478), (0, 5.006853), (0, 6.589462), (8, 10.683201), (2, 7.373107), (4, 6.031819), (8, 10.352131), (0, 7.271281), (0, 7.271281), (8, 9.242169), (2, 6.015041), (4, 9.137638), (2, 4.756979), (6, 9.433012)]
CONTINUOUS scan_01_02 12 1e-08 0.13795363290106208 16 [(0, 1.511), (0, 3.08), (0, 3.750478), (0, 5.006853), (0, 6.589462), (8, 10.683201), (2, 7.373107), (4, 6.031819), (8, 10.352131), (0, 7.271281), (0, 7.271281), (8, 9.242169), (2, 6.015041), (4, 9.137638), (2, 4.756979), (6, 9.433012)]
CONTINUOUS scan_01_02 13 0.0001 0.010499999253338287 27 [(0, 1.511), (0, 3.08), (0, 3.769272), (0, 5.098585), (0, 6.626185), (8, 10.670092), (2, 7.373107), (4, 6.0442), (8, 10.287935), (0, 7.271281), (0, 7.271281), (8, 9.242169), (2, 5.727754), (4, 9.127056), (2, 4.788361), (6, 9.543702)]
CONTINUOUS scan_01_02 13 1e-06 0.13795362363765912 37 [(0, 1.511), (0, 3.08), (0, 3.750478), (0, 5.006853), (0, 6.589462), (8, 10.683201), (2, 7.373107), (4, 6.031819), (8, 10.352131), (0, 7.271281), (0, 7.271281), (8, 9.242169), (2, 6.015041), (4, 9.137638), (2, 4.756979), (6, 9.433012)]
CONTINUOUS scan_01_02 13 1e-08 0.13795369273844518 16 [(0, 1.511), (0, 3.08), (0, 3.750478), (0, 5.006852), (0, 6.589462), (8, 10.683201), (2, 7.373107), (4, 6.031818), (8, 10.352131), (0, 7.271281), (0, 7.271281), (8, 9.242169), (2, 6.015041), (4, 9.137638), (2, 4.756979), (6, 9.433012)]
CONTINUOUS scan_01_02 14 0.0001 0.010499996918895693 30 [(0, 1.511), (0, 3.08), (0, 3.769272), (0, 5.098585), (0, 6.626185), (8, 10.670092), (2, 7.373107), (4, 6.0442), (8, 10.287935), (0, 7.271281), (0, 7.271281), (8, 9.242169), (2, 5.727754), (4, 9.127056), (2, 4.788361), (6, 9.543702)]
CONTINUOUS scan_01_02 14 1e-06 0.13795360851848285 42 [(0, 1.511), (0, 3.08), (0, 3.750478), (0, 5.006853), (0, 6.589462), (8, 10.683201), (2, 7.373107), (4, 6.031819), (8, 10.352131), (0, 7.271281), (0, 7.271281), (8, 9.242169), (2, 6.015041), (4, 9.137638), (2, 4.756979), (6, 9.433012)]
CONTINUOUS scan_01_02 14 1e-08 0.13795365888229152 19 [(0, 1.511), (0, 3.08), (0, 3.750478), (0, 5.006853), (0, 6.589462), (8, 10.683201), (2, 7.373107), (4, 6.031818), (8, 10.352131), (0, 7.271281), (0, 7.271281), (8, 9.242169), (2, 6.015041), (4, 9.137638), (2, 4.756979), (6, 9.433012)]
CONTINUOUS scan_01_02 15 0.0001 0.010499978585944564 193 [(0, 1.511), (0, 3.08), (0, 3.769272), (0, 5.098585), (0, 6.626185), (8, 10.287935), (2, 7.373107), (4, 6.0442), (8, 10.670092), (0, 7.271281), (0, 7.271281), (8, 9.242169), (2, 5.727754), (4, 9.127056), (2, 4.788361), (6, 9.543702)]
CONTINUOUS scan_01_02 15 1e-06 0.13795356402803832 43 [(0, 1.511), (0, 3.08), (0, 3.750479), (0, 5.006853), (0, 6.589462), (8, 10.352131), (2, 7.373107), (4, 6.031819), (8, 10.683201), (0, 7.271281), (0, 7.271281), (8, 9.242169), (2, 6.015041), (4, 9.137638), (2, 4.756979), (6, 9.433012)]
CONTINUOUS scan_01_02 15 1e-08 0.13795360851288546 15 [(0, 1.511), (0, 3.08), (0, 3.750478), (0, 5.006853), (0, 6.589462), (8, 10.352131), (2, 7.373107), (4, 6.031819), (8, 10.683201), (0, 7.271281), (0, 7.271281), (8, 9.242169), (2, 6.015041), (4, 9.137638), (2, 4.756979), (6, 9.433012)]
CONTINUOUS scan_01_02 16 0.0001 0.010500002372256512 44 [(0, 1.511), (0, 3.08), (0, 3.769272), (0, 5.098585), (0, 6.626185), (8, 10.670092), (2, 7.373107), (4, 6.0442), (8, 10.287935), (0, 7.271281), (0, 7.271281), (8, 9.242169), (2, 5.727754), (4, 9.127056), (2, 4.788361), (6, 9.543703)]
CONTINUOUS scan_01_02 16 1e-06 0.13795366286104038 36 [(0, 1.511), (0, 3.08), (0, 3.750478), (0, 5.006853), (0, 6.589462), (8, 10.683201), (2, 7.373107), (4, 6.031818), (8, 10.352131), (0, 7.271281), (0, 7.271281), (8, 9.242169), (2, 6.015041), (4, 9.137638), (2, 4.756979), (6, 9.433012)]
CONTINUOUS scan_01_02 16 1e-08 0.1379536619622236 15 [(0, 1.511), (0, 3.08), (0, 3.750478), (0, 5.006853), (0, 6.589462), (8, 10.683201), (2, 7.373107), (4, 6.031818), (8, 10.352131), (0, 7.271281), (0, 7.271281), (8, 9.242169), (2, 6.015041), (4, 9.137638), (2, 4.756979), (6, 9.433012)]
CONTINUOUS scan_01_02 17 0.0001 0.010499997707692407 42 [(0, 1.511), (0, 3.08), (0, 3.769272), (0, 5.098585), (0, 6.626185), (8, 10.670092), (2, 7.373107), (4, 6.0442), (8, 10.287935), (0, 7.271281), (0, 7.271281), (8, 9.242169), (2, 5.727754), (4, 9.127056), (2, 4.788361), (6, 9.543702)]
CONTINUOUS scan_01_02 17 1e-06 0.1379536163082879 48 [(0, 1.511), (0, 3.08), (0, 3.750478), (0, 5.006853), (0, 6.589462), (8, 10.683201), (2, 7.373107), (4, 6.031819), (8, 10.352131), (0, 7.271281), (0, 7.271281), (8, 9.242169), (2, 6.015041), (4, 9.137638), (2, 4.756979), (6, 9.433012)]
CONTINUOUS scan_01_02 17 1e-08 0.13795363183787654 14 [(0, 1.511), (0, 3.08), (0, 3.750478), (0, 5.006853), (0, 6.589462), (8, 10.683201), (2, 7.373107), (4, 6.031819), (8, 10.352131), (0, 7.271281), (0, 7.271281), (8, 9.242169), (2, 6.015041), (4, 9.137638), (2, 4.756979), (6, 9.433012)]
CONTINUOUS scan_01_02 18 0.0001 0.010499998152658507 94 [(0, 1.511), (0, 3.08), (0, 3.769272), (0, 5.098585), (0, 7.271281), (8, 10.670092), (2, 7.373107), (4, 6.0442), (8, 10.287935), (0, 6.626185), (0, 7.271281), (8, 9.242169), (2, 5.727754), (4, 9.127056), (2, 4.788361), (6, 9.543702)]
CONTINUOUS scan_01_02 18 1e-06 0.1379535942855265 43 [(0, 1.511), (0, 3.08), (0, 3.750479), (0, 5.006853), (0, 7.271281), (8, 10.683201), (2, 7.373107), (4, 6.031819), (8, 10.352131), (0, 6.589462), (0, 7.271281), (8, 9.242169), (2, 6.015041), (4, 9.137638), (2, 4.756979), (6, 9.433012)]
CONTINUOUS scan_01_02 18 1e-08 0.1379536131845367 14 [(0, 1.511), (0, 3.08), (0, 3.750478), (0, 5.006853), (0, 7.271281), (8, 10.683201), (2, 7.373107), (4, 6.031819), (8, 10.352131), (0, 6.589462), (0, 7.271281), (8, 9.242169), (2, 6.015041), (4, 9.137638), (2, 4.756979), (6, 9.433012)]
CONTINUOUS scan_01_02 19 0.0001 0.010499985533853525 33 [(0, 1.511), (0, 3.08), (0, 3.769272), (0, 5.098585), (0, 6.626185), (8, 10.670092), (2, 7.373107), (4, 6.0442), (8, 10.287935), (0, 7.271281), (0, 7.271281), (8, 9.242169), (2, 5.727754), (4, 9.127056), (2, 4.788361), (6, 9.543702)]
CONTINUOUS scan_01_02 19 1e-06 0.1379537490384528 42 [(0, 1.511), (0, 3.08), (0, 3.750478), (0, 5.006852), (0, 6.589462), (8, 10.683201), (2, 7.373107), (4, 6.031818), (8, 10.352131), (0, 7.271281), (0, 7.271281), (8, 9.242169), (2, 6.015041), (4, 9.137638), (2, 4.756978), (6, 9.433011)]
CONTINUOUS scan_01_02 19 1e-08 0.13795362258229416 17 [(0, 1.511), (0, 3.08), (0, 3.750478), (0, 5.006853), (0, 6.589462), (8, 10.683201), (2, 7.373107), (4, 6.031819), (8, 10.352131), (0, 7.271281), (0, 7.271281), (8, 9.242169), (2, 6.015041), (4, 9.137638), (2, 4.756979), (6, 9.433012)]
BEST scan_01_02 4.295634507325979e-05 trace 8.448085661768324 support [0, 3, 10, 17, 34, 41, 44, 63, 71, 72, 79, 83, 86, 87, 92, 94]
STAGE final_improve ALLOWANCE 188.8062012520386
BEST scan_01_02 4.295634507325979e-05 trace 8.448085661768324 support [0, 3, 10, 17, 34, 41, 44, 63, 71, 72, 79, 83, 86, 87, 92, 94]
CONT 0.001 0.020437071114783302
BEST scan_01_02 4.295634309007795e-05 trace 8.44808566177332 support [ 0  3 10 17 34 41 44 63 71 72 79 83 86 87 92 94]
CONT 0.0001 0.18629467149908518
CONT 1e-05 1.465476711289966
CONT 1e-06 3.3732837646016365
CONT 1e-07 8.667209490248478
CONT 1e-08 8.670830107035277
CONT 1e-09 8.670830107037402
BEST scan_01_02 4.198205895211261e-05 trace 8.448090277636002 support [ 0  2 10 17 34 41 44 63 71 72 79 83 86 87 92 94]
BEST scan_01_02 4.0846112269331684e-05 trace 8.448028372722177 support [ 0  2 10 17 34 38 41 63 71 72 79 83 86 87 92 94]
BEST scan_01_02 4.0384473971311063e-05 trace 8.448045384240402 support [ 0  2 10 17 34 41 63 68 71 72 74 79 83 86 87 94]
BEST scan_01_02 3.775433275698344e-05 trace 8.448017608421248 support [ 0  4 10 17 34 41 63 68 71 72 74 79 83 86 87 94]
BEST scan_01_02 3.698758152017095e-05 trace 8.44802805269364 support [ 0  3 10 17 34 41 63 68 71 72 74 79 83 86 87 94]
BEST scan_01_02 3.629450607828249e-05 trace 8.448035192649131 support [ 0  3 10 17 34 41 44 63 71 72 74 79 83 86 87 94]
BEST scan_01_02 3.5952446089512894e-05 trace 8.448037993356028 support [ 0  3 10 17 34 44 47 63 71 72 74 79 83 86 87 94]
BEST scan_01_02 3.519772396731902e-05 trace 8.447731454882287 support [ 0  3 10 17 44 47 63 71 72 74 79 83 86 87 90 94]
BEST scan_01_02 3.506709557951021e-05 trace 8.447726976135193 support [ 0  3 10 17 47 63 68 71 72 74 79 83 86 87 90 94]
BEST scan_01_02 3.500131274605262e-05 trace 8.44772537846579 support [ 0  3 10 17 44 47 63 71 72 74 79 83 86 87 90 94]
STAGE_ERROR final_improve StageTimeout stage allowance exhausted
