Sequences 1962 lengths 455 seconds 0.0
Best 0.17085041521261213 [3, 6, 5, 9] (4, 4, 4, 4) 0.0
Progress 0 0.17085041521261213 0.0
Progress 20 0.17085041521261213 0.2
Progress 40 0.17085041521261213 0.3
Progress 60 0.17085041521261213 0.5
Progress 80 0.17085041521261213 0.6
Progress 100 0.17085041521261213 0.7
Progress 120 0.17085041521261213 0.9
Progress 140 0.17085041521261213 1.1
Progress 160 0.17085041521261213 1.3
Progress 180 0.17085041521261213 1.4
Progress 200 0.17085041521261213 1.5
Progress 220 0.17085041521261213 1.7
Progress 240 0.17085041521261213 1.8
Progress 260 0.17085041521261213 1.9
Progress 280 0.17085041521261213 2.0
Progress 300 0.17085041521261213 2.1
Progress 320 0.17085041521261213 2.2
Progress 340 0.17085041521261213 2.4
Progress 360 0.17085041521261213 2.5
Progress 380 0.17085041521261213 2.6
Progress 400 0.17085041521261213 2.8
Progress 420 0.17085041521261213 2.9
Progress 440 0.17085041521261213 3.1
DONE 0.17085041521261213 3.2
