Initial 0.17085041521265165
Progress 0 0 0.17085041521265165 0.0
Best 0.15627771097104326 0 8 0.1
Best 0.14572948865733004 0 45 0.3
Progress 0 1000 0.14572948865731128 8.1
Progress 0 2000 0.14572948865731128 18.2
Progress 0 3000 0.14572948865731128 28.3
Progress 0 4000 0.14572948865731128 40.0
Progress 0 5000 0.14572948865731128 49.4
Progress 0 6000 0.14572948865731128 59.6
Progress 0 7000 0.14572948865731128 69.8
Progress 1 0 0.14572948865733004 80.2
Progress 1 1000 0.14572948865731128 91.6
Progress 1 2000 0.14572948865731128 103.2
Progress 1 3000 0.14572948865731128 115.1
Progress 1 4000 0.14572948865731128 126.8
Progress 1 5000 0.14572948865731128 137.1
Progress 1 6000 0.14572948865731128 147.0
Progress 1 7000 0.14572948865731128 159.0
Progress 2 0 0.14572948865733004 171.5
Progress 2 1000 0.14572948865733004 182.4
Progress 2 2000 0.14572948865731128 191.3
Progress 2 3000 0.14572948865731128 201.0
Progress 2 4000 0.14572948865731128 210.0
Progress 2 5000 0.14572948865731128 219.2
Progress 2 6000 0.14572948865731128 230.1
Progress 2 7000 0.14572948865731128 241.6
Progress 3 0 0.14572948865733004 255.2
