Best 0.15803187376215502 0 0 0.2
Progress 0 0 [0.05877554523819551, -0.13096247525533086, -0.03389796005128249, -0.3234752584214612, -0.42706715217069097, -0.271508306746997, -0.7060622850938523, 0.8254438950208737] 0.2
Best 0.12821996218794343 0 2 0.2
Best 0.11924594466864018 0 3 0.3
Best 0.09281509574351152 0 7 0.4
Best 0.08283417359831588 0 13 0.7
Best 0.08258596265318283 0 23 1.0
Best 0.05877554523819551 0 48 1.8
Progress 0 1000 [0.05877554523819551, -0.13096247525533086, -0.2977083570807317, -0.4151340316645489, -0.5490017324432742, -0.6687031199992962, -0.7867849077075959, -0.901919252301625] 36.8
Progress 0 2000 [0.05877554523819551, -0.13096247525533086, -0.30944407290339887, -0.43943541262885877, -0.5635458764577985, -0.6764455477603615, -0.8036298938632851, -0.9023882939611034] 71.9
Progress 0 3000 [0.05877554523819551, -0.13096247525533086, -0.30944407290339887, -0.44486540443639294, -0.5647374787625602, -0.6944996467319957, -0.8166042175657666, -0.9022868492573499] 110.8
Progress 0 4000 [0.05877554523819551, -0.13096247525533086, -0.31813286027516824, -0.448154189216817, -0.5739342869393457, -0.6944996467319957, -0.8083227404937833, -0.9023338181842967] 151.0
Progress 0 5000 [0.05877554523819551, -0.13096247525533086, -0.3217694639945696, -0.448154189216817, -0.5866747292294332, -0.6944996467319957, -0.8086970196563689, -0.9050575573889614] 203.1
Progress 0 6000 [0.05877554523819551, -0.13096247525535984, -0.3217694639945696, -0.4486477797232417, -0.5866747292294332, -0.6950925532468955, -0.8103513583136079, -0.9054063294761671] 247.7
Progress 0 7000 [0.05877554523819551, -0.1309624752554092, -0.3217694639945696, -0.4623493942818451, -0.5866747292294332, -0.6964021190302265, -0.8093473391599763, -0.9086626868159032] 281.8
Progress 0 8000 [0.05877554523819551, -0.1309624752554092, -0.3217694639945696, -0.4623493942818451, -0.5866747292294332, -0.6939175413543943, -0.815746434111805, -0.9086626868159032] 317.1
Progress 0 9000 [0.05877554523819551, -0.1309624752554092, -0.3217694639945696, -0.4538544362988737, -0.5866747292294332, -0.6943293579893393, -0.8184994759481734, -0.9088568989312081] 355.0
Progress 0 10000 [0.05877554523819551, -0.1309624752554092, -0.3217694639945696, -0.4550892866539116, -0.5866747292294332, -0.6957897613177587, -0.8180979181011679, -0.9096192978796692] 389.4
Progress 0 11000 [0.05877554523819551, -0.1309624752554092, -0.3217694639945696, -0.45409166563687803, -0.5900494022982403, -0.6957897613177587, -0.8156802699849743, -0.9090857940469537] 426.0
Progress 1 0 [0.05877554523819551, -0.13096247525533086, -0.2580365828522155, -0.24151638818671348, -0.42372430741588296, -0.3140754465179488, 0.47104619721048185, 0.8545793620774094] 458.2
Progress 1 1000 [0.05877554523819551, -0.13096247525533086, -0.274092413201454, -0.42141630415429326, -0.5517413130360656, -0.6729866198571117, -0.7986909446166578, -0.8940595291414647] 492.2
Progress 1 2000 [0.05877554523819551, -0.13096247525533086, -0.30291823083239977, -0.4460883901883707, -0.565027589546662, -0.689928262046517, -0.8096956838860688, -0.8984195448604136] 525.7
