initial_nacl_64_512 zero_tensors 0.739552896689
initial_nacl_64_512 reference_fc2_zero_fc3 0.914484751813
initial_nacl_64_512 stored_weak 0.500000000000
initial_nacl_64_512 stored_reference 0.994171006722
initial_si_8 zero_tensors 0.882243618604
initial_si_8 reference_fc2_zero_fc3 0.943422778095
initial_si_8 stored_weak 0.500000000000
initial_si_8 stored_reference 0.943527649277
initial_gan_32 zero_tensors 0.719284942325
initial_gan_32 reference_fc2_zero_fc3 0.915281069268
initial_gan_32 stored_weak 0.500000000000
initial_gan_32 stored_reference 0.999824394021
heldout_mgo_64_512 zero_tensors 0.732398490725
heldout_mgo_64_512 reference_fc2_zero_fc3 0.914992512473
heldout_mgo_64_512 stored_weak 0.500000000000
heldout_mgo_64_512 stored_reference 0.995004517547
heldout_sno2_72 zero_tensors 0.728260478249
heldout_sno2_72 reference_fc2_zero_fc3 0.917131149060
heldout_sno2_72 stored_weak 0.500000000000
heldout_sno2_72 stored_reference 0.999717511204
heldout_gan_128 zero_tensors 0.725847273727
heldout_gan_128 reference_fc2_zero_fc3 0.915339624196
heldout_gan_128 stored_weak 0.500000000000
heldout_gan_128 stored_reference 0.999818996756
{
  "zero_tensors": {
    "mean_core": 0.7545979500529921,
    "worst_case": 0.7192849423248979,
    "family_scores": {
      "diamond_covalent": 0.882243618603578,
      "rocksalt_ionic": 0.7359756937069827,
      "rutile_oxide": 0.7282604782488256,
      "wurtzite_polar": 0.722566108025792
    },
    "family_component_scores": {
      "diamond_covalent": {
        "fc2": 0.7649070606196372,
        "fc3": 0.999580176587519
      },
      "rocksalt_ionic": {
        "fc2": 0.7419598103187621,
        "fc3": 0.7299915770952031
      },
      "rutile_oxide": {
        "fc2": 0.7314340910014137,
        "fc3": 0.7250868654962374
      },
      "wurtzite_polar": {
        "fc2": 0.7237918160105951,
        "fc3": 0.7213404000409891
      }
    },
    "worst_family": 0.722566108025792,
    "worst_family_component": 0.7213404000409891
  },
  "reference_fc2_zero_fc3": {
    "mean_core": 0.9201086474843972,
    "worst_case": 0.9144847518130929,
    "family_scores": {
      "diamond_covalent": 0.9434227780954687,
      "rocksalt_ionic": 0.9147386321432143,
      "rutile_oxide": 0.9171311490601795,
      "wurtzite_polar": 0.915310346732154
    },
    "family_component_scores": {
      "diamond_covalent": {
        "fc2": 0.8872291007184836,
        "fc3": 0.9996164554724538
      },
      "rocksalt_ionic": {
        "fc2": 0.9919503878855187,
        "fc3": 0.8375268764009097
      },
      "rutile_oxide": {
        "fc2": 0.9963147000235092,
        "fc3": 0.8379475980968497
      },
      "wurtzite_polar": {
        "fc2": 0.9956210241788243,
        "fc3": 0.8349996692854836
      }
    },
    "worst_family": 0.9147386321432143,
    "worst_family_component": 0.8349996692854836
  },
  "stored_weak": {
    "mean_core": 0.5,
    "worst_case": 0.5,
    "family_scores": {
      "diamond_covalent": 0.5,
      "rocksalt_ionic": 0.5,
      "rutile_oxide": 0.5,
      "wurtzite_polar": 0.5
    },
    "family_component_scores": {
      "diamond_covalent": {
        "fc2": 0.5,
        "fc3": 0.5
      },
      "rocksalt_ionic": {
        "fc2": 0.5,
        "fc3": 0.5
      },
      "rutile_oxide": {
        "fc2": 0.5,
        "fc3": 0.5
      },
      "wurtzite_polar": {
        "fc2": 0.5,
        "fc3": 0.5
      }
    },
    "worst_family": 0.5,
    "worst_family_component": 0.5
  },
  "stored_reference": {
    "mean_core": 0.9886773459212361,
    "worst_case": 0.9435276492772839,
    "family_scores": {
      "diamond_covalent": 0.9435276492772839,
      "rocksalt_ionic": 0.9945877621343522,
      "rutile_oxide": 0.9997175112039619,
      "wurtzite_polar": 0.9998216953887336
    },
    "family_component_scores": {
      "diamond_covalent": {
        "fc2": 0.8872289604556604,
        "fc3": 0.9998263380989074
      },
      "rocksalt_ionic": {
        "fc2": 0.9919503878855187,
        "fc3": 0.9972251363831854
      },
      "rutile_oxide": {
        "fc2": 0.9997220398756803,
        "fc3": 0.9997129825322435
      },
      "wurtzite_polar": {
        "fc2": 0.9998228530631894,
        "fc3": 0.9998205377142777
      }
    },
    "worst_family": 0.9435276492772839,
    "worst_family_component": 0.8872289604556604
  }
}
