STAGE legacy_seed ALLOWANCE 3.0
seed joint_04 1e-07 [(57, 0.9825817), (0, 0.9182994), (59, 0.7727528), (94, 0.7352307), (65, 0.6966777), (6, 0.5298359), (75, 0.4390749), (5, 0.2428503), (29, 0.2400102), (23, 0.1762275), (58, 0.1736282), (27, 0.1497089), (28, 0.1409851), (37, 0.1376829), (84, 0.130622), (90, 0.1286118), (30, 0.1120416)]
joint_04 best 8.935254559356658e-05 trace 7.079134255903776 support [0, 5, 6, 23, 27, 29, 57, 58, 59, 65, 75, 94]
seed joint_04 1e-09 [(57, 0.9825817), (0, 0.9182994), (59, 0.7727528), (94, 0.7352307), (65, 0.6966777), (6, 0.5298359), (75, 0.4390749), (5, 0.2428503), (29, 0.2400102), (23, 0.1762275), (58, 0.1736282), (27, 0.1497089), (28, 0.1409851), (37, 0.1376829), (84, 0.130622), (90, 0.1286118), (30, 0.1120416)]
seed joint_04 1e-05 [(57, 0.9825636), (0, 0.9182995), (59, 0.7727541), (94, 0.7352612), (65, 0.6966752), (6, 0.5361147), (75, 0.4384), (84, 0.2991382), (5, 0.2438952), (58, 0.1736212), (29, 0.1477202), (28, 0.1392637), (90, 0.1163513), (36, 0.1036011), (31, 0.0955092), (30, 0.0913011), (26, 0.0861086)]
seed joint_04 1e-11 [(57, 0.9825817), (0, 0.9182994), (59, 0.7727528), (94, 0.7352307), (65, 0.6966777), (6, 0.5298359), (75, 0.4390749), (5, 0.2428503), (29, 0.2400102), (23, 0.1762275), (58, 0.1736282), (27, 0.1497089), (28, 0.1409851), (37, 0.1376829), (84, 0.130622), (90, 0.1286118), (30, 0.1120416)]
seed joint_04 0.001 [(57, 0.9803012), (0, 0.9182916), (59, 0.7725244), (94, 0.7327377), (65, 0.6968006), (6, 0.5328991), (75, 0.4055605), (29, 0.2709669), (5, 0.2224476), (58, 0.1733033), (28, 0.1649165), (37, 0.1461242), (90, 0.1439335), (36, 0.1275541), (30, 0.1204389), (26, 0.1010034), (27, 0.0868529)]
seed joint_04 1e-13 [(57, 0.9825817), (0, 0.9182994), (59, 0.7727528), (94, 0.7352307), (65, 0.6966777), (6, 0.5298359), (75, 0.4390749), (5, 0.2428503), (29, 0.2400102), (23, 0.1762275), (58, 0.1736282), (27, 0.1497089), (28, 0.1409851), (37, 0.1376829), (84, 0.130622), (90, 0.1286118), (30, 0.1120416)]
seed joint_04 1.0 [(0, 0.9148248), (41, 0.4669929), (64, 0.4436629), (94, 0.3802295), (52, 0.2506206), (89, 0.2003097), (91, 0.1482164), (59, 0.1315602), (57, 0.1220295), (65, 0.1197252), (82, 0.1178598), (2, 0.1035499), (39, 0.0902097), (87, 0.0869536), (35, 0.0840728), (75, 0.0833553), (77, 0.0816268)]
BEST joint_04 8.935254559356658e-05 trace 7.079134255903776 support [0, 5, 6, 23, 27, 29, 57, 58, 59, 65, 75, 94]
STAGE whitened_seed ALLOWANCE 9.0
BEST joint_04 8.935254559356658e-05 trace 7.079134255903776 support [0, 5, 6, 23, 27, 29, 57, 58, 59, 65, 75, 94]
SEED joint_04 1e-07 [(57, 0.9826862968914639), (29, 0.9501490049017309), (0, 0.9182996820899696), (59, 0.7727455841252813), (94, 0.7353282081482547), (65, 0.696690319412282), (6, 0.5558213079090575), (75, 0.4419185878701285), (23, 0.24985266640009035), (5, 0.23303502579696328), (26, 0.19863490782922819), (58, 0.17365859337830114), (32, 0.10745484607378634), (35, 0.027692705091613395), (34, 0.01731293357176163), (33, 0.011081240607630036)]
SEED joint_04 1e-09 [(57, 0.9826862968914639), (29, 0.9501490049017309), (0, 0.9182996820899696), (59, 0.7727455841252813), (94, 0.7353282081482547), (65, 0.696690319412282), (6, 0.5558213079090575), (75, 0.4419185878701285), (23, 0.24985266640009035), (5, 0.23303502579696328), (26, 0.19863490782922819), (58, 0.17365859337830114), (32, 0.10745484607378634), (35, 0.027692705091613395), (34, 0.01731293357176163), (33, 0.011081240607630036)]
SEED joint_04 1e-11 [(57, 0.9826862968914639), (29, 0.9501490049017309), (0, 0.9182996820899696), (59, 0.7727455841252813), (94, 0.7353282081482547), (65, 0.696690319412282), (6, 0.5558213079090575), (75, 0.4419185878701285), (23, 0.24985266640009035), (5, 0.23303502579696328), (26, 0.19863490782922819), (58, 0.17365859337830114), (32, 0.10745484607378634), (35, 0.027692705091613395), (34, 0.01731293357176163), (33, 0.011081240607630036)]
SEED joint_04 1e-05 [(57, 0.9826933284665536), (0, 0.9182967911635249), (59, 0.7727456179379479), (94, 0.7353295018196429), (65, 0.6966903063821244), (6, 0.6411666258841908), (90, 0.4887712294612893), (75, 0.44202465687899534), (84, 0.36534214553073696), (32, 0.2829257767805484), (26, 0.21105199550149747), (23, 0.188035786881148), (58, 0.1736588069725511), (5, 0.09621417532597891), (4, 0.05549917127648602), (34, 0.01907054629069972)]
SEED joint_04 1e-13 [(57, 0.9826862968914639), (29, 0.9501490049017309), (0, 0.9182996820899696), (59, 0.7727455841252813), (94, 0.7353282081482547), (65, 0.696690319412282), (6, 0.5558213079090575), (75, 0.4419185878701285), (23, 0.24985266640009035), (5, 0.23303502579696328), (26, 0.19863490782922819), (58, 0.17365859337830114), (32, 0.10745484607378634), (35, 0.027692705091613395), (34, 0.01731293357176163), (33, 0.011081240607630036)]
SEED joint_04 1e-06 [(57, 0.9826936325139453), (0, 0.918296791163525), (59, 0.7727456345444973), (94, 0.7353295802002204), (65, 0.6966902980520333), (6, 0.6399771759449464), (90, 0.4887712294642508), (28, 0.4631917951816651), (75, 0.4420298301503206), (32, 0.35570602586450273), (58, 0.1736588059831619), (24, 0.11309233435532011), (23, 0.10055449426522452), (5, 0.09730661988779193), (4, 0.05549917127652857), (22, 0.03195033390676963)]
SEED joint_04 1e-08 [(57, 0.9826862968914639), (29, 0.9501490049017309), (0, 0.9182996820899696), (59, 0.7727455841252813), (94, 0.7353282081482547), (65, 0.696690319412282), (6, 0.5558213079090575), (75, 0.4419185878701285), (23, 0.24985266640009035), (5, 0.23303502579696328), (26, 0.19863490782922819), (58, 0.17365859337830114), (32, 0.10745484607378634), (35, 0.027692705091613395), (34, 0.01731293357176163), (33, 0.011081240607630036)]
SEED joint_04 1e-10 [(57, 0.9826862968914639), (29, 0.9501490049017309), (0, 0.9182996820899696), (59, 0.7727455841252813), (94, 0.7353282081482547), (65, 0.696690319412282), (6, 0.5558213079090575), (75, 0.4419185878701285), (23, 0.24985266640009035), (5, 0.23303502579696328), (26, 0.19863490782922819), (58, 0.17365859337830114), (32, 0.10745484607378634), (35, 0.027692705091613395), (34, 0.01731293357176163), (33, 0.011081240607630036)]
BEST joint_04 8.935254360217341e-05 trace 7.079134255874408 support [ 0  5  6 23 27 29 57 58 59 65 75 94]
CONT 0.001 0.010405560012427774
CONT 0.0001 0.052941025979226085
CONT 1e-05 0.2947558010574911
CONT 1e-06 0.7960512953639534
CONT 1e-07 0.9093358812837122
CONT 1e-08 0.9093358812836982
CONT 1e-09 0.9093358812837046
BEST joint_04 8.787070792437568e-05 trace 7.079142176740398 support [ 0  5  6 23 24 29 57 58 59 65 75 94]
BEST joint_04 7.721346670652718e-05 trace 7.079002351388996 support [ 0  5  6 20 24 29 57 58 59 65 75 94]
BEST joint_04 7.694335148087743e-05 trace 7.079039787970458 support [ 0  5  6 16 24 29 57 58 59 65 75 94]
BEST joint_04 6.326754031754644e-05 trace 7.079223357888157 support [ 0  5  6 16 28 29 57 58 59 65 75 94]
BEST joint_04 3.467474236111083e-05 trace 7.079329708419706 support [ 0  5  6 16 28 37 57 58 59 65 75 94]
STAGE_ERROR whitened_seed StageTimeout stage allowance exhausted
BEST joint_04 3.467474236111083e-05 trace 7.079329708419706 support [0, 5, 6, 16, 28, 37, 57, 58, 59, 65, 75, 94]
STAGE discrete_improve ALLOWANCE 9.0
BEST joint_04 3.467474236111083e-05 trace 7.079329708419706 support [0, 5, 6, 16, 28, 37, 57, 58, 59, 65, 75, 94]
BEST joint_04 3.467473006039483e-05 trace 7.079329708518495 support [ 0  5  6 16 28 37 57 58 59 65 75 94]
CONT 0.001 0.005132942796254619
BEST joint_04 3.4674729253540246e-05 trace 7.079329708524963 support [ 0  5  6 16 28 37 57 58 59 65 75 94]
CONT 0.0001 0.03132415821961377
BEST joint_04 3.4674728599433845e-05 trace 7.079329708530318 support [ 0  5  6 16 28 37 57 58 59 65 75 94]
CONT 1e-05 0.0840829513434571
CONT 1e-06 0.25827981281918017
CONT 1e-07 0.3065550492389297
CONT 1e-08 0.30655504923892973
CONT 1e-09 0.3065550492389298
BEST joint_04 2.805652348623437e-05 trace 7.079317261207708 support [ 0  5  6 16 37 57 58 59 65 75 90 94]
STAGE_ERROR discrete_improve StageTimeout stage allowance exhausted
BEST joint_04 2.805652348623437e-05 trace 7.079317261207708 support [0, 5, 6, 16, 37, 57, 58, 59, 65, 75, 90, 94]
STAGE continuous ALLOWANCE 39.82221956504509
BEST joint_04 2.805652348623437e-05 trace 7.079317261207708 support [ 0  5  6 16 37 57 58 59 65 75 90 94]
CONTINUOUS joint_04 0 0.0001 5.959122084675528e-13 740 [(0, 1.511), (0, 3.395411), (0, 3.553117), (0, 5.130173), (0, 5.463296), (4, 7.731645), (6, 10.975448), (8, 10.696026), (8, 11.665287), (4, 8.457656), (0, 5.05132), (6, 7.856126)]
BEST joint_04 1.5300097171747958e-12 trace 7.079332095639758 support [ 0  5  7 26 27 37 57 58 59 65 75 94]
BEST joint_04 1.4623290194414478e-15 trace 7.079332095639799 support [ 0  5  7 26 27 37 57 58 59 65 75 94]
BEST joint_04 1.4623290194414478e-15 trace 7.079332095639799 support [0, 5, 7, 26, 27, 37, 57, 58, 59, 65, 75, 94]
