STAGE recover allowance 54.0
seed crowded_singlets_7915000 1e-07 [(0, 1.1246337), (24, 0.7722876), (23, 0.7624499), (9, 0.6353488), (31, 0.4852826), (2, 0.3887516), (32, 0.3835199), (85, 0.3759279), (25, 0.3121914), (6, 0.2192484), (27, 0.1995791), (30, 0.1872263), (34, 0.1487576), (29, 0.1296799), (7, 0.124759)]
crowded_singlets_7915000 best 0.00015270693822437104 trace 6.771916670954917 support [0, 2, 6, 9, 23, 24, 25, 31, 32, 85]
seed crowded_singlets_7915000 1e-09 [(0, 1.1246337), (24, 0.894957), (8, 0.7710532), (32, 0.5962727), (28, 0.483445), (26, 0.4756224), (2, 0.4540598), (54, 0.3793558), (67, 0.3252371), (55, 0.2229952), (9, 0.2058388), (27, 0.1579801), (72, 0.1224556), (21, 0.10547), (29, 0.0948311)]
crowded_singlets_7915000 best 2.589597595266601e-05 trace 6.771949178154594 support [0, 2, 8, 24, 26, 28, 32, 54, 55, 67]
seed crowded_singlets_7915000 1e-05 [(24, 1.4158575), (0, 1.1246337), (9, 0.6031302), (30, 0.3407933), (28, 0.3370454), (22, 0.2954942), (32, 0.2604137), (33, 0.247405), (27, 0.224372), (2, 0.2215966), (55, 0.2092233), (7, 0.1957376), (25, 0.1946145), (67, 0.1819248), (3, 0.1236576)]
seed crowded_singlets_7915000 1e-11 [(0, 1.1246337), (23, 0.6655864), (8, 0.649544), (24, 0.6253366), (32, 0.4691966), (2, 0.4451251), (26, 0.3900961), (67, 0.3763472), (29, 0.2867048), (54, 0.281657), (9, 0.2618578), (27, 0.2460135), (55, 0.242141), (31, 0.1612621), (85, 0.123109)]
crowded_singlets_7915000 best 6.604728780410112e-06 trace 6.771935157605905 support [0, 2, 8, 23, 24, 26, 29, 32, 54, 67]
seed crowded_singlets_7915000 0.001 [(0, 1.1246342), (7, 0.5203119), (23, 0.4789645), (28, 0.3011854), (85, 0.2975082), (29, 0.2954668), (26, 0.2941939), (32, 0.291332), (27, 0.2776724), (4, 0.2426514), (25, 0.2415011), (24, 0.2211563), (1, 0.2168522), (67, 0.2154821), (22, 0.2089887)]
seed crowded_singlets_7915000 1e-13 [(0, 1.1246337), (23, 1.0646124), (8, 0.8374968), (67, 0.7830064), (27, 0.5787247), (24, 0.5310492), (2, 0.4468463), (32, 0.3684755), (55, 0.3130468), (26, 0.1757811), (9, 0.0914224), (31, 0.0494541), (21, 0.0486641), (28, 0.0402165), (33, 0.0401891)]
seed crowded_singlets_7915000 1.0 [(0, 1.1246062), (25, 0.3787454), (29, 0.3272054), (28, 0.3178667), (85, 0.3164847), (67, 0.3104132), (30, 0.2884641), (5, 0.2744217), (26, 0.2737658), (2, 0.2678557), (27, 0.2628131), (31, 0.2101251), (54, 0.1655935), (32, 0.1471416), (6, 0.139819)]
crowded_singlets_7915000 best 6.604728780410112e-06 trace 6.771935157605905 support [0, 2, 8, 23, 24, 26, 29, 32, 54, 67]
STAGE search allowance 72.0
crowded_singlets_7915000 best 6.604728780410112e-06 trace 6.771935157605905 support [0, 2, 8, 23, 24, 26, 29, 32, 54, 67]
SWEEP crowded_singlets_7915000 0 6.604728780410112e-06
crowded_singlets_7915000 best 5.851635903137038e-06 trace 6.771934559260916 support [0, 2, 8, 23, 24, 26, 29, 30, 32, 54]
crowded_singlets_7915000 best 5.7098770417610415e-06 trace 6.771934523926899 support [0, 2, 8, 23, 24, 26, 29, 31, 32, 54]
crowded_singlets_7915000 best 5.499935432295421e-06 trace 6.7719345487807425 support [0, 2, 8, 23, 24, 26, 29, 32, 54, 85]
crowded_singlets_7915000 best 4.406925421113923e-06 trace 6.771934640738156 support [0, 2, 8, 23, 24, 26, 29, 32, 33, 54]
crowded_singlets_7915000 best 3.4373646556124685e-06 trace 6.771934641285658 support [0, 2, 8, 23, 24, 26, 29, 32, 54, 55]
crowded_singlets_7915000 best 2.946470828268584e-06 trace 6.771935179641665 support [0, 2, 8, 23, 24, 26, 29, 32, 54, 55]
crowded_singlets_7915000 best 1.161842032608764e-06 trace 6.77193470830907 support [0, 2, 8, 23, 24, 26, 29, 32, 42, 54]
StageTimeout stage time allowance exhausted
crowded_singlets_7915000 best 1.161842032608764e-06 trace 6.77193470830907 support [0, 2, 8, 23, 24, 26, 29, 32, 42, 54]
STAGE refine allowance 24.0
crowded_singlets_7915000 best 1.161842032608764e-06 trace 6.77193470830907 support [0, 2, 8, 23, 24, 26, 29, 32, 42, 54]
REFINE crowded_singlets_7915000 0.001 2005 4.05786316437619e-05
REFINE crowded_singlets_7915000 0.0001 336 0.0012473541436074326
REFINE crowded_singlets_7915000 1e-05 113 0.003926553396711745
REFINE crowded_singlets_7915000 1e-06 60 0.005105331506528895
REFINE crowded_singlets_7915000 1e-07 45 0.039735133327080126
REFINE crowded_singlets_7915000 1e-08 74 0.32034971750405483
crowded_singlets_7915000 best 1.161842032608764e-06 trace 6.77193470830907 support [0, 2, 8, 23, 24, 26, 29, 32, 42, 54]
STAGE enumerate allowance 222.76392627693713
crowded_singlets_7915000 best 1.161842032608764e-06 trace 6.77193470830907 support [0, 2, 8, 23, 24, 26, 29, 32, 42, 54]
METADATA_POOL 55 [1, 2, 3, 4, 5, 6, 7, 8, 9, 10, 84, 11, 12, 13, 14, 60, 15, 16, 36, 17, 18, 19, 20, 21, 72, 22, 54, 23, 24, 25, 26, 27, 85, 28, 29, 67, 30, 31, 32, 33, 55, 34, 35, 42, 48, 91, 90, 78, 73, 66, 37, 43, 61, 79, 49] FIXED [0]
ENUMERATED 10240 loss 242539792.7164889 (0, 1, 2, 3, 4, 5, 6, 15, 34, 85)
ENUMERATED 20480 loss 1304258.8085014925 (0, 1, 2, 3, 4, 5, 6, 25, 29, 32)
ENUMERATED 30720 loss 1304258.8085014925 (0, 1, 2, 3, 4, 5, 6, 25, 29, 32)
ENUMERATED 40960 loss 521777.3182033255 (0, 1, 2, 3, 4, 5, 7, 25, 29, 32)
ENUMERATED 51200 loss 271463.92824277363 (0, 1, 2, 3, 4, 5, 8, 25, 29, 32)
ENUMERATED 61440 loss 271463.92824277363 (0, 1, 2, 3, 4, 5, 8, 25, 29, 32)
ENUMERATED 71680 loss 160495.19794053055 (0, 1, 2, 3, 4, 5, 9, 25, 29, 32)
ENUMERATED 81920 loss 103689.25861666162 (0, 1, 2, 3, 4, 5, 10, 25, 29, 32)
ENUMERATED 92160 loss 78146.40560923546 (0, 1, 2, 3, 4, 5, 25, 29, 32, 84)
ENUMERATED 102400 loss 78146.40560923546 (0, 1, 2, 3, 4, 5, 25, 29, 32, 84)
ENUMERATED 112640 loss 69687.25412949797 (0, 1, 2, 3, 4, 5, 11, 26, 32, 85)
ENUMERATED 122880 loss 41371.265325711734 (0, 1, 2, 3, 4, 5, 12, 26, 32, 85)
ENUMERATED 133120 loss 25711.10290490913 (0, 1, 2, 3, 4, 5, 13, 26, 32, 85)
ENUMERATED 143360 loss 17048.698278659074 (0, 1, 2, 3, 4, 5, 14, 26, 28, 32)
ENUMERATED 153600 loss 13101.685481494602 (0, 1, 2, 3, 4, 5, 26, 28, 32, 60)
ENUMERATED 163840 loss 11336.37481375624 (0, 1, 2, 3, 4, 5, 16, 26, 28, 32)
ENUMERATED 174080 loss 11150.59630917582 (0, 1, 2, 3, 4, 5, 26, 29, 32, 36)
ENUMERATED 184320 loss 3536.4878980024077 (0, 1, 2, 3, 4, 5, 18, 27, 28, 32)
ENUMERATED 194560 loss 2628.865863806372 (0, 1, 2, 3, 4, 5, 20, 29, 32, 85)
ENUMERATED 204800 loss 1415.1164725960919 (0, 1, 2, 3, 4, 5, 29, 32, 67, 72)
ENUMERATED 215040 loss 502.50369040959816 (0, 1, 2, 3, 4, 5, 29, 34, 35, 54)
ENUMERATED 225280 loss 502.50369040959816 (0, 1, 2, 3, 4, 5, 29, 34, 35, 54)
ENUMERATED 235520 loss 502.50369040959816 (0, 1, 2, 3, 4, 5, 29, 34, 35, 54)
ENUMERATED 245760 loss 502.50369040959816 (0, 1, 2, 3, 4, 5, 29, 34, 35, 54)
ENUMERATED 256000 loss 502.50369040959816 (0, 1, 2, 3, 4, 5, 29, 34, 35, 54)
ENUMERATED 266240 loss 502.50369040959816 (0, 1, 2, 3, 4, 5, 29, 34, 35, 54)
ENUMERATED 276480 loss 502.50369040959816 (0, 1, 2, 3, 4, 5, 29, 34, 35, 54)
ENUMERATED 286720 loss 502.50369040959816 (0, 1, 2, 3, 4, 5, 29, 34, 35, 54)
ENUMERATED 296960 loss 502.50369040959816 (0, 1, 2, 3, 4, 5, 29, 34, 35, 54)
ENUMERATED 307200 loss 502.50369040959816 (0, 1, 2, 3, 4, 5, 29, 34, 35, 54)
ENUMERATED 317440 loss 502.50369040959816 (0, 1, 2, 3, 4, 5, 29, 34, 35, 54)
ENUMERATED 327680 loss 502.50369040959816 (0, 1, 2, 3, 4, 5, 29, 34, 35, 54)
ENUMERATED 337920 loss 502.50369040959816 (0, 1, 2, 3, 4, 5, 29, 34, 35, 54)
ENUMERATED 348160 loss 502.50369040959816 (0, 1, 2, 3, 4, 5, 29, 34, 35, 54)
ENUMERATED 358400 loss 502.50369040959816 (0, 1, 2, 3, 4, 5, 29, 34, 35, 54)
ENUMERATED 368640 loss 502.50369040959816 (0, 1, 2, 3, 4, 5, 29, 34, 35, 54)
ENUMERATED 378880 loss 502.50369040959816 (0, 1, 2, 3, 4, 5, 29, 34, 35, 54)
ENUMERATED 389120 loss 502.50369040959816 (0, 1, 2, 3, 4, 5, 29, 34, 35, 54)
ENUMERATED 399360 loss 502.50369040959816 (0, 1, 2, 3, 4, 5, 29, 34, 35, 54)
ENUMERATED 409600 loss 388.64398510419 (0, 1, 2, 3, 4, 6, 21, 28, 32, 67)
ENUMERATED 419840 loss 194.36626963232075 (0, 1, 2, 3, 4, 6, 22, 29, 31, 32)
ENUMERATED 430080 loss 80.20358245284399 (0, 1, 2, 3, 4, 6, 31, 32, 54, 67)
ENUMERATED 440320 loss 80.20358245284399 (0, 1, 2, 3, 4, 6, 31, 32, 54, 67)
ENUMERATED 450560 loss 80.20358245284399 (0, 1, 2, 3, 4, 6, 31, 32, 54, 67)
ENUMERATED 460800 loss 80.20358245284399 (0, 1, 2, 3, 4, 6, 31, 32, 54, 67)
ENUMERATED 471040 loss 80.20358245284399 (0, 1, 2, 3, 4, 6, 31, 32, 54, 67)
ENUMERATED 481280 loss 80.20358245284399 (0, 1, 2, 3, 4, 6, 31, 32, 54, 67)
ENUMERATED 491520 loss 80.20358245284399 (0, 1, 2, 3, 4, 6, 31, 32, 54, 67)
ENUMERATED 501760 loss 80.20358245284399 (0, 1, 2, 3, 4, 6, 31, 32, 54, 67)
ENUMERATED 512000 loss 80.20358245284399 (0, 1, 2, 3, 4, 6, 31, 32, 54, 67)
ENUMERATED 522240 loss 80.20358245284399 (0, 1, 2, 3, 4, 6, 31, 32, 54, 67)
ENUMERATED 532480 loss 80.20358245284399 (0, 1, 2, 3, 4, 6, 31, 32, 54, 67)
ENUMERATED 542720 loss 80.20358245284399 (0, 1, 2, 3, 4, 6, 31, 32, 54, 67)
ENUMERATED 552960 loss 80.20358245284399 (0, 1, 2, 3, 4, 6, 31, 32, 54, 67)
ENUMERATED 563200 loss 80.20358245284399 (0, 1, 2, 3, 4, 6, 31, 32, 54, 67)
ENUMERATED 573440 loss 80.20358245284399 (0, 1, 2, 3, 4, 6, 31, 32, 54, 67)
ENUMERATED 583680 loss 80.20358245284399 (0, 1, 2, 3, 4, 6, 31, 32, 54, 67)
ENUMERATED 593920 loss 80.20358245284399 (0, 1, 2, 3, 4, 6, 31, 32, 54, 67)
ENUMERATED 604160 loss 80.20358245284399 (0, 1, 2, 3, 4, 6, 31, 32, 54, 67)
ENUMERATED 614400 loss 72.15704630886431 (0, 1, 2, 3, 4, 7, 22, 29, 30, 32)
ENUMERATED 624640 loss 18.300473778406076 (0, 1, 2, 3, 4, 7, 23, 29, 32, 34)
ENUMERATED 634880 loss 18.300473778406076 (0, 1, 2, 3, 4, 7, 23, 29, 32, 34)
ENUMERATED 645120 loss 18.300473778406076 (0, 1, 2, 3, 4, 7, 23, 29, 32, 34)
ENUMERATED 655360 loss 18.300473778406076 (0, 1, 2, 3, 4, 7, 23, 29, 32, 34)
ENUMERATED 665600 loss 18.300473778406076 (0, 1, 2, 3, 4, 7, 23, 29, 32, 34)
ENUMERATED 675840 loss 18.300473778406076 (0, 1, 2, 3, 4, 7, 23, 29, 32, 34)
ENUMERATED 686080 loss 18.300473778406076 (0, 1, 2, 3, 4, 7, 23, 29, 32, 34)
ENUMERATED 696320 loss 18.300473778406076 (0, 1, 2, 3, 4, 7, 23, 29, 32, 34)
ENUMERATED 706560 loss 18.300473778406076 (0, 1, 2, 3, 4, 7, 23, 29, 32, 34)
ENUMERATED 716800 loss 18.300473778406076 (0, 1, 2, 3, 4, 7, 23, 29, 32, 34)
ENUMERATED 727040 loss 18.300473778406076 (0, 1, 2, 3, 4, 7, 23, 29, 32, 34)
ENUMERATED 737280 loss 18.300473778406076 (0, 1, 2, 3, 4, 7, 23, 29, 32, 34)
ENUMERATED 747520 loss 18.300473778406076 (0, 1, 2, 3, 4, 7, 23, 29, 32, 34)
ENUMERATED 757760 loss 18.300473778406076 (0, 1, 2, 3, 4, 7, 23, 29, 32, 34)
ENUMERATED 768000 loss 18.300473778406076 (0, 1, 2, 3, 4, 7, 23, 29, 32, 34)
ENUMERATED 778240 loss 18.300473778406076 (0, 1, 2, 3, 4, 7, 23, 29, 32, 34)
ENUMERATED 788480 loss 18.300473778406076 (0, 1, 2, 3, 4, 7, 23, 29, 32, 34)
ENUMERATED 798720 loss 1.1545640632888594 (0, 1, 2, 3, 4, 8, 23, 28, 30, 55)
ENUMERATED 808960 loss 1.1545640632888594 (0, 1, 2, 3, 4, 8, 23, 28, 30, 55)
ENUMERATED 819200 loss 1.1545640632888594 (0, 1, 2, 3, 4, 8, 23, 28, 30, 55)
ENUMERATED 829440 loss 1.1545640632888594 (0, 1, 2, 3, 4, 8, 23, 28, 30, 55)
ENUMERATED 839680 loss 1.1545640632888594 (0, 1, 2, 3, 4, 8, 23, 28, 30, 55)
ENUMERATED 849920 loss 1.1545640632888594 (0, 1, 2, 3, 4, 8, 23, 28, 30, 55)
ENUMERATED 860160 loss 1.1545640632888594 (0, 1, 2, 3, 4, 8, 23, 28, 30, 55)
ENUMERATED 870400 loss 1.1545640632888594 (0, 1, 2, 3, 4, 8, 23, 28, 30, 55)
ENUMERATED 880640 loss 1.1545640632888594 (0, 1, 2, 3, 4, 8, 23, 28, 30, 55)
ENUMERATED 890880 loss 1.1545640632888594 (0, 1, 2, 3, 4, 8, 23, 28, 30, 55)
ENUMERATED 901120 loss 1.1545640632888594 (0, 1, 2, 3, 4, 8, 23, 28, 30, 55)
ENUMERATED 911360 loss 1.1545640632888594 (0, 1, 2, 3, 4, 8, 23, 28, 30, 55)
ENUMERATED 921600 loss 1.1545640632888594 (0, 1, 2, 3, 4, 8, 23, 28, 30, 55)
ENUMERATED 931840 loss 1.1545640632888594 (0, 1, 2, 3, 4, 8, 23, 28, 30, 55)
ENUMERATED 942080 loss 1.1545640632888594 (0, 1, 2, 3, 4, 8, 23, 28, 30, 55)
ENUMERATED 952320 loss 1.1545640632888594 (0, 1, 2, 3, 4, 8, 23, 28, 30, 55)
ENUMERATED 962560 loss 0.8722864004021895 (0, 1, 2, 3, 4, 9, 25, 29, 33, 54)
ENUMERATED 972800 loss 0.8722864004021895 (0, 1, 2, 3, 4, 9, 25, 29, 33, 54)
ENUMERATED 983040 loss 0.8722864004021895 (0, 1, 2, 3, 4, 9, 25, 29, 33, 54)
ENUMERATED 993280 loss 0.8722864004021895 (0, 1, 2, 3, 4, 9, 25, 29, 33, 54)
ENUMERATED 1003520 loss 0.8722864004021895 (0, 1, 2, 3, 4, 9, 25, 29, 33, 54)
ENUMERATED 1013760 loss 0.8722864004021895 (0, 1, 2, 3, 4, 9, 25, 29, 33, 54)
ENUMERATED 1024000 loss 0.8722864004021895 (0, 1, 2, 3, 4, 9, 25, 29, 33, 54)
ENUMERATED 1034240 loss 0.8722864004021895 (0, 1, 2, 3, 4, 9, 25, 29, 33, 54)
ENUMERATED 1044480 loss 0.8722864004021895 (0, 1, 2, 3, 4, 9, 25, 29, 33, 54)
ENUMERATED 1054720 loss 0.8722864004021895 (0, 1, 2, 3, 4, 9, 25, 29, 33, 54)
ENUMERATED 1064960 loss 0.8722864004021895 (0, 1, 2, 3, 4, 9, 25, 29, 33, 54)
ENUMERATED 1075200 loss 0.8722864004021895 (0, 1, 2, 3, 4, 9, 25, 29, 33, 54)
ENUMERATED 1085440 loss 0.8722864004021895 (0, 1, 2, 3, 4, 9, 25, 29, 33, 54)
ENUMERATED 1095680 loss 0.8722864004021895 (0, 1, 2, 3, 4, 9, 25, 29, 33, 54)
ENUMERATED 1105920 loss 0.8722864004021895 (0, 1, 2, 3, 4, 9, 25, 29, 33, 54)
ENUMERATED 1116160 loss 0.8722864004021895 (0, 1, 2, 3, 4, 9, 25, 29, 33, 54)
ENUMERATED 1126400 loss 0.8722864004021895 (0, 1, 2, 3, 4, 9, 25, 29, 33, 54)
ENUMERATED 1136640 loss 0.8722864004021895 (0, 1, 2, 3, 4, 9, 25, 29, 33, 54)
ENUMERATED 1146880 loss 0.8722864004021895 (0, 1, 2, 3, 4, 9, 25, 29, 33, 54)
ENUMERATED 1157120 loss 0.8722864004021895 (0, 1, 2, 3, 4, 9, 25, 29, 33, 54)
ENUMERATED 1167360 loss 0.8722864004021895 (0, 1, 2, 3, 4, 9, 25, 29, 33, 54)
ENUMERATED 1177600 loss 0.8722864004021895 (0, 1, 2, 3, 4, 9, 25, 29, 33, 54)
ENUMERATED 1187840 loss 0.8722864004021895 (0, 1, 2, 3, 4, 9, 25, 29, 33, 54)
ENUMERATED 1198080 loss 0.8722864004021895 (0, 1, 2, 3, 4, 9, 25, 29, 33, 54)
ENUMERATED 1208320 loss 0.8722864004021895 (0, 1, 2, 3, 4, 9, 25, 29, 33, 54)
ENUMERATED 1218560 loss 0.8722864004021895 (0, 1, 2, 3, 4, 9, 25, 29, 33, 54)
ENUMERATED 1228800 loss 0.8722864004021895 (0, 1, 2, 3, 4, 9, 25, 29, 33, 54)
ENUMERATED 1239040 loss 0.8722864004021895 (0, 1, 2, 3, 4, 9, 25, 29, 33, 54)
ENUMERATED 1249280 loss 0.8722864004021895 (0, 1, 2, 3, 4, 9, 25, 29, 33, 54)
ENUMERATED 1259520 loss 0.8722864004021895 (0, 1, 2, 3, 4, 9, 25, 29, 33, 54)
ENUMERATED 1269760 loss 0.8722864004021895 (0, 1, 2, 3, 4, 9, 25, 29, 33, 54)
ENUMERATED 1280000 loss 0.8722864004021895 (0, 1, 2, 3, 4, 9, 25, 29, 33, 54)
ENUMERATED 1290240 loss 0.8722864004021895 (0, 1, 2, 3, 4, 9, 25, 29, 33, 54)
ENUMERATED 1300480 loss 0.8722864004021895 (0, 1, 2, 3, 4, 9, 25, 29, 33, 54)
ENUMERATED 1310720 loss 0.8722864004021895 (0, 1, 2, 3, 4, 9, 25, 29, 33, 54)
ENUMERATED 1320960 loss 0.8722864004021895 (0, 1, 2, 3, 4, 9, 25, 29, 33, 54)
ENUMERATED 1331200 loss 0.8722864004021895 (0, 1, 2, 3, 4, 9, 25, 29, 33, 54)
ENUMERATED 1341440 loss 0.8722864004021895 (0, 1, 2, 3, 4, 9, 25, 29, 33, 54)
ENUMERATED 1351680 loss 0.8722864004021895 (0, 1, 2, 3, 4, 9, 25, 29, 33, 54)
ENUMERATED 1361920 loss 0.8722864004021895 (0, 1, 2, 3, 4, 9, 25, 29, 33, 54)
ENUMERATED 1372160 loss 0.8722864004021895 (0, 1, 2, 3, 4, 9, 25, 29, 33, 54)
ENUMERATED 1382400 loss 0.8722864004021895 (0, 1, 2, 3, 4, 9, 25, 29, 33, 54)
ENUMERATED 1392640 loss 0.8722864004021895 (0, 1, 2, 3, 4, 9, 25, 29, 33, 54)
ENUMERATED 1402880 loss 0.8722864004021895 (0, 1, 2, 3, 4, 9, 25, 29, 33, 54)
ENUMERATED 1413120 loss 0.8722864004021895 (0, 1, 2, 3, 4, 9, 25, 29, 33, 54)
ENUMERATED 1423360 loss 0.8722864004021895 (0, 1, 2, 3, 4, 9, 25, 29, 33, 54)
ENUMERATED 1433600 loss 0.8722864004021895 (0, 1, 2, 3, 4, 9, 25, 29, 33, 54)
ENUMERATED 1443840 loss 0.8722864004021895 (0, 1, 2, 3, 4, 9, 25, 29, 33, 54)
ENUMERATED 1454080 loss 0.8722864004021895 (0, 1, 2, 3, 4, 9, 25, 29, 33, 54)
ENUMERATED 1464320 loss 0.8722864004021895 (0, 1, 2, 3, 4, 9, 25, 29, 33, 54)
ENUMERATED 1474560 loss 0.8722864004021895 (0, 1, 2, 3, 4, 9, 25, 29, 33, 54)
ENUMERATED 1484800 loss 0.8722864004021895 (0, 1, 2, 3, 4, 9, 25, 29, 33, 54)
ENUMERATED 1495040 loss 0.8722864004021895 (0, 1, 2, 3, 4, 9, 25, 29, 33, 54)
ENUMERATED 1505280 loss 0.8722864004021895 (0, 1, 2, 3, 4, 9, 25, 29, 33, 54)
ENUMERATED 1515520 loss 0.8722864004021895 (0, 1, 2, 3, 4, 9, 25, 29, 33, 54)
ENUMERATED 1525760 loss 0.8722864004021895 (0, 1, 2, 3, 4, 9, 25, 29, 33, 54)
ENUMERATED 1536000 loss 0.8722864004021895 (0, 1, 2, 3, 4, 9, 25, 29, 33, 54)
ENUMERATED 1546240 loss 0.8722864004021895 (0, 1, 2, 3, 4, 9, 25, 29, 33, 54)
ENUMERATED 1556480 loss 0.8722864004021895 (0, 1, 2, 3, 4, 9, 25, 29, 33, 54)
ENUMERATED 1566720 loss 0.8722864004021895 (0, 1, 2, 3, 4, 9, 25, 29, 33, 54)
ENUMERATED 1576960 loss 0.8722864004021895 (0, 1, 2, 3, 4, 9, 25, 29, 33, 54)
ENUMERATED 1587200 loss 0.8722864004021895 (0, 1, 2, 3, 4, 9, 25, 29, 33, 54)
ENUMERATED 1597440 loss 0.8722864004021895 (0, 1, 2, 3, 4, 9, 25, 29, 33, 54)
ENUMERATED 1607680 loss 0.8722864004021895 (0, 1, 2, 3, 4, 9, 25, 29, 33, 54)
ENUMERATED 1617920 loss 0.8722864004021895 (0, 1, 2, 3, 4, 9, 25, 29, 33, 54)
ENUMERATED 1628160 loss 0.8722864004021895 (0, 1, 2, 3, 4, 9, 25, 29, 33, 54)
ENUMERATED 1638400 loss 0.8722864004021895 (0, 1, 2, 3, 4, 9, 25, 29, 33, 54)
ENUMERATED 1648640 loss 0.8722864004021895 (0, 1, 2, 3, 4, 9, 25, 29, 33, 54)
ENUMERATED 1658880 loss 0.8722864004021895 (0, 1, 2, 3, 4, 9, 25, 29, 33, 54)
ENUMERATED 1669120 loss 0.8722864004021895 (0, 1, 2, 3, 4, 9, 25, 29, 33, 54)
ENUMERATED 1679360 loss 0.8722864004021895 (0, 1, 2, 3, 4, 9, 25, 29, 33, 54)
ENUMERATED 1689600 loss 0.8722864004021895 (0, 1, 2, 3, 4, 9, 25, 29, 33, 54)
ENUMERATED 1699840 loss 0.8722864004021895 (0, 1, 2, 3, 4, 9, 25, 29, 33, 54)
ENUMERATED 1710080 loss 0.8722864004021895 (0, 1, 2, 3, 4, 9, 25, 29, 33, 54)
ENUMERATED 1720320 loss 0.8722864004021895 (0, 1, 2, 3, 4, 9, 25, 29, 33, 54)
ENUMERATED 1730560 loss 0.8722864004021895 (0, 1, 2, 3, 4, 9, 25, 29, 33, 54)
ENUMERATED 1740800 loss 0.8722864004021895 (0, 1, 2, 3, 4, 9, 25, 29, 33, 54)
ENUMERATED 1751040 loss 0.8722864004021895 (0, 1, 2, 3, 4, 9, 25, 29, 33, 54)
ENUMERATED 1761280 loss 0.8722864004021895 (0, 1, 2, 3, 4, 9, 25, 29, 33, 54)
ENUMERATED 1771520 loss 0.8722864004021895 (0, 1, 2, 3, 4, 9, 25, 29, 33, 54)
ENUMERATED 1781760 loss 0.8722864004021895 (0, 1, 2, 3, 4, 9, 25, 29, 33, 54)
ENUMERATED 1792000 loss 0.8722864004021895 (0, 1, 2, 3, 4, 9, 25, 29, 33, 54)
ENUMERATED 1802240 loss 0.8722864004021895 (0, 1, 2, 3, 4, 9, 25, 29, 33, 54)
ENUMERATED 1812480 loss 0.8722864004021895 (0, 1, 2, 3, 4, 9, 25, 29, 33, 54)
ENUMERATED 1822720 loss 0.8722864004021895 (0, 1, 2, 3, 4, 9, 25, 29, 33, 54)
ENUMERATED 1832960 loss 0.8722864004021895 (0, 1, 2, 3, 4, 9, 25, 29, 33, 54)
ENUMERATED 1843200 loss 0.8722864004021895 (0, 1, 2, 3, 4, 9, 25, 29, 33, 54)
ENUMERATED 1853440 loss 0.8722864004021895 (0, 1, 2, 3, 4, 9, 25, 29, 33, 54)
ENUMERATED 1863680 loss 0.8722864004021895 (0, 1, 2, 3, 4, 9, 25, 29, 33, 54)
ENUMERATED 1873920 loss 0.8722864004021895 (0, 1, 2, 3, 4, 9, 25, 29, 33, 54)
ENUMERATED 1884160 loss 0.8722864004021895 (0, 1, 2, 3, 4, 9, 25, 29, 33, 54)
ENUMERATED 1894400 loss 0.8722864004021895 (0, 1, 2, 3, 4, 9, 25, 29, 33, 54)
ENUMERATED 1904640 loss 0.8722864004021895 (0, 1, 2, 3, 4, 9, 25, 29, 33, 54)
ENUMERATED 1914880 loss 0.8722864004021895 (0, 1, 2, 3, 4, 9, 25, 29, 33, 54)
ENUMERATED 1925120 loss 0.8722864004021895 (0, 1, 2, 3, 4, 9, 25, 29, 33, 54)
ENUMERATED 1935360 loss 0.8722864004021895 (0, 1, 2, 3, 4, 9, 25, 29, 33, 54)
ENUMERATED 1945600 loss 0.8722864004021895 (0, 1, 2, 3, 4, 9, 25, 29, 33, 54)
ENUMERATED 1955840 loss 0.8722864004021895 (0, 1, 2, 3, 4, 9, 25, 29, 33, 54)
ENUMERATED 1966080 loss 0.8722864004021895 (0, 1, 2, 3, 4, 9, 25, 29, 33, 54)
CANDIDATE 0 0.8722864004021895 (0, 1, 2, 3, 4, 9, 25, 29, 33, 54)
CANDIDATE 1 1.1545640632888594 (0, 1, 2, 3, 4, 8, 23, 28, 30, 55)
CANDIDATE 2 1.75088201773618 (0, 1, 2, 3, 4, 8, 23, 30, 55, 85)
CANDIDATE 3 2.633871029849241 (0, 1, 2, 3, 4, 9, 22, 25, 29, 33)
CANDIDATE 4 3.4757078506539987 (0, 1, 2, 3, 4, 8, 23, 28, 55, 67)
CANDIDATE 5 3.9856298529614596 (0, 1, 2, 3, 4, 8, 23, 55, 67, 85)
CANDIDATE 6 4.220498262903235 (0, 1, 2, 3, 4, 10, 24, 29, 33, 72)
CANDIDATE 7 4.830343829799552 (0, 1, 2, 3, 4, 9, 24, 32, 78, 85)
CANDIDATE 8 5.176584948455906 (0, 1, 2, 3, 4, 13, 17, 23, 29, 33)
CANDIDATE 9 5.375728974651446 (0, 1, 2, 3, 4, 10, 22, 24, 29, 33)
CANDIDATE 10 5.481565818860712 (0, 1, 2, 3, 4, 9, 24, 28, 32, 78)
CANDIDATE 11 5.73930560124891 (0, 1, 2, 3, 4, 12, 19, 23, 29, 33)
CANDIDATE 12 5.848461893694592 (0, 1, 2, 3, 4, 9, 24, 32, 85, 90)
CANDIDATE 13 6.271650890572458 (0, 1, 2, 3, 4, 10, 21, 24, 29, 33)
CANDIDATE 14 6.293031877035954 (0, 1, 2, 3, 4, 8, 27, 29, 33, 54)
CANDIDATE 15 6.610786227083251 (0, 1, 2, 3, 4, 21, 23, 29, 33, 84)
CANDIDATE 16 6.666669756607402 (0, 1, 2, 3, 4, 14, 23, 29, 33, 36)
CANDIDATE 17 6.7096414126684945 (0, 1, 2, 3, 4, 14, 16, 23, 29, 33)
CANDIDATE 18 7.02026561970758 (0, 1, 2, 3, 4, 11, 25, 27, 32, 61)
CANDIDATE 19 7.232887200324118 (0, 1, 2, 3, 4, 9, 26, 29, 33, 54)
CANDIDATE 20 7.452434916035283 (0, 1, 2, 3, 4, 8, 23, 29, 55, 67)
CANDIDATE 21 7.473599607828851 (0, 1, 2, 3, 4, 11, 20, 23, 29, 33)
CANDIDATE 22 7.799004192158804 (0, 1, 2, 3, 4, 8, 23, 28, 31, 34)
CANDIDATE 23 7.86900215640378 (0, 1, 2, 3, 4, 8, 23, 29, 30, 55)
CANDIDATE 24 8.011004993097611 (0, 1, 2, 3, 4, 9, 23, 27, 30, 55)
CANDIDATE 25 8.03643397412987 (0, 1, 2, 3, 4, 11, 21, 23, 29, 33)
CANDIDATE 26 8.112154352410988 (0, 1, 2, 3, 4, 10, 24, 29, 33, 54)
CANDIDATE 27 8.170777051600828 (0, 1, 2, 3, 4, 23, 29, 33, 72, 84)
CANDIDATE 28 8.6058734820153 (0, 1, 2, 3, 4, 9, 24, 28, 32, 90)
CANDIDATE 29 8.912014431231173 (0, 1, 2, 3, 4, 8, 23, 31, 34, 85)
CANDIDATE 30 9.094395879475274 (0, 1, 2, 3, 4, 12, 18, 23, 29, 33)
CANDIDATE 31 9.10494994875546 (0, 1, 2, 3, 4, 9, 23, 26, 30, 55)
CANDIDATE 32 10.187405728155177 (0, 1, 2, 3, 4, 13, 18, 23, 29, 33)
CANDIDATE 33 10.765297972181282 (0, 1, 2, 3, 4, 9, 24, 26, 30, 34)
CANDIDATE 34 10.953726126901426 (0, 1, 2, 3, 4, 9, 23, 26, 55, 67)
CANDIDATE 35 11.500767700017374 (0, 1, 2, 3, 4, 11, 23, 29, 33, 72)
CANDIDATE 36 11.625719843846891 (0, 1, 2, 3, 4, 11, 25, 27, 32, 79)
CANDIDATE 37 11.866287603797943 (0, 1, 2, 3, 4, 25, 27, 32, 61, 84)
CANDIDATE 38 11.901233803279792 (0, 1, 2, 3, 4, 9, 24, 27, 30, 34)
CANDIDATE 39 12.165350980859996 (0, 1, 2, 3, 4, 10, 22, 23, 29, 33)
CANDIDATE 40 12.250118920069564 (0, 1, 2, 3, 4, 20, 23, 29, 33, 84)
CANDIDATE 41 12.409272609958537 (0, 1, 2, 3, 4, 8, 26, 29, 33, 54)
CANDIDATE 42 12.486408719766647 (0, 1, 2, 3, 4, 9, 22, 24, 29, 33)
CANDIDATE 43 12.55715717228135 (0, 1, 2, 3, 4, 11, 25, 27, 32, 43)
CANDIDATE 44 12.602039223223777 (0, 1, 2, 3, 4, 9, 24, 29, 33, 72)
CANDIDATE 45 12.805597391216207 (0, 1, 2, 3, 4, 9, 23, 25, 29, 33)
CANDIDATE 46 13.04943636605446 (0, 1, 2, 3, 4, 9, 23, 26, 29, 33)
CANDIDATE 47 13.175561208162968 (0, 1, 2, 3, 4, 8, 23, 28, 32, 35)
CANDIDATE 48 13.207034287994139 (0, 1, 2, 3, 4, 8, 27, 33, 54, 67)
CANDIDATE 49 13.229241394276338 (0, 1, 2, 3, 4, 9, 23, 27, 55, 67)
CANDIDATE 50 13.337519190551674 (0, 1, 2, 3, 4, 10, 23, 29, 33, 54)
CANDIDATE 51 14.059670702776945 (0, 1, 2, 3, 4, 22, 23, 29, 33, 84)
CANDIDATE 52 14.06627281926129 (0, 1, 2, 3, 4, 25, 27, 32, 79, 84)
CANDIDATE 53 14.434508188400795 (0, 1, 2, 3, 4, 9, 24, 27, 31, 35)
CANDIDATE 54 14.439662214749678 (0, 1, 2, 3, 4, 9, 26, 33, 54, 67)
CANDIDATE 55 14.625579939138577 (0, 1, 2, 3, 4, 11, 25, 27, 32, 37)
CANDIDATE 56 14.750905152114136 (0, 1, 2, 3, 4, 8, 23, 28, 31, 55)
CANDIDATE 57 14.933574355890512 (0, 1, 2, 3, 4, 10, 24, 25, 55, 67)
CANDIDATE 58 15.12804338418483 (0, 1, 2, 3, 4, 9, 24, 29, 33, 54)
CANDIDATE 59 15.349402544702738 (0, 1, 2, 3, 4, 10, 23, 24, 29, 33)
CANDIDATE 60 15.517339913945607 (0, 1, 2, 3, 4, 9, 24, 27, 34, 67)
CANDIDATE 61 15.70019993299854 (0, 1, 2, 3, 4, 14, 17, 23, 29, 33)
CANDIDATE 62 15.782970816736617 (0, 1, 2, 3, 4, 10, 24, 27, 31, 35)
CANDIDATE 63 16.227734801272298 (0, 1, 2, 3, 4, 12, 20, 23, 29, 33)
CANDIDATE 64 16.411965216189337 (0, 1, 2, 3, 4, 8, 23, 27, 55, 67)
CANDIDATE 65 16.59113769298865 (0, 1, 2, 3, 4, 25, 27, 32, 43, 84)
CANDIDATE 66 17.183864252725858 (0, 1, 2, 3, 4, 10, 23, 29, 33, 72)
CANDIDATE 67 17.32242152427166 (0, 1, 2, 3, 4, 10, 24, 26, 31, 35)
CANDIDATE 68 17.371103338074736 (0, 1, 2, 3, 4, 9, 21, 24, 29, 33)
CANDIDATE 69 17.699629250254723 (0, 1, 2, 3, 4, 13, 23, 29, 33, 36)
CANDIDATE 70 17.731645702304952 (0, 1, 2, 3, 4, 8, 23, 32, 35, 85)
CANDIDATE 71 17.841560964406145 (0, 1, 2, 3, 4, 8, 23, 29, 31, 55)
CANDIDATE 72 17.881160323443922 (0, 1, 2, 3, 4, 9, 24, 26, 29, 55)
CANDIDATE 73 18.08387383233172 (0, 1, 2, 3, 4, 11, 25, 27, 32, 66)
CANDIDATE 74 18.300473778406076 (0, 1, 2, 3, 4, 7, 23, 29, 32, 34)
CANDIDATE 75 18.335863966755614 (0, 1, 2, 3, 4, 8, 23, 27, 30, 55)
CANDIDATE 76 18.518680722898118 (0, 1, 2, 3, 4, 25, 27, 32, 37, 84)
CANDIDATE 77 19.120173013078105 (0, 1, 2, 3, 4, 8, 23, 31, 55, 85)
CANDIDATE 78 19.122404357212606 (0, 1, 2, 3, 4, 13, 16, 23, 29, 33)
CANDIDATE 79 19.317392892105314 (0, 1, 2, 3, 4, 9, 23, 27, 29, 33)
CANDIDATE 80 19.50127321680206 (0, 1, 2, 3, 4, 11, 25, 27, 32, 49)
CANDIDATE 81 19.514310113757137 (0, 1, 2, 3, 4, 9, 24, 28, 32, 73)
CANDIDATE 82 19.617629174149574 (0, 1, 2, 3, 4, 8, 29, 33, 54, 85)
CANDIDATE 83 19.974979009766013 (0, 1, 2, 3, 4, 11, 22, 23, 29, 33)
CANDIDATE 84 20.045681485089982 (0, 1, 2, 3, 4, 11, 19, 23, 29, 33)
CANDIDATE 85 20.24485869959408 (0, 1, 2, 3, 4, 10, 24, 25, 30, 55)
CANDIDATE 86 20.45886154060371 (0, 1, 2, 3, 4, 9, 24, 25, 55, 67)
CANDIDATE 87 20.712940957046058 (0, 1, 2, 3, 4, 8, 23, 28, 29, 55)
CANDIDATE 88 21.20709175380764 (0, 1, 2, 3, 4, 9, 23, 24, 29, 33)
CANDIDATE 89 21.625631241312853 (0, 1, 2, 3, 4, 25, 27, 32, 49, 84)
CANDIDATE 90 21.804244106619347 (0, 1, 2, 3, 4, 25, 27, 32, 66, 84)
CANDIDATE 91 21.84555232880681 (0, 1, 2, 3, 4, 23, 29, 33, 54, 84)
CANDIDATE 92 21.8482739387154 (0, 1, 2, 3, 4, 7, 23, 29, 32, 35)
CANDIDATE 93 22.0545485720936 (0, 1, 2, 3, 4, 9, 24, 32, 73, 85)
CANDIDATE 94 22.064794470574455 (0, 1, 2, 3, 4, 8, 28, 29, 33, 54)
CANDIDATE 95 22.52355435796278 (0, 1, 2, 3, 4, 8, 23, 29, 55, 85)
CANDIDATE 96 22.57146618623331 (0, 1, 2, 3, 4, 10, 24, 26, 30, 34)
CANDIDATE 97 23.09625326793012 (0, 1, 2, 3, 4, 10, 23, 25, 30, 55)
CANDIDATE 98 23.113284317060252 (0, 1, 2, 3, 4, 16, 23, 29, 33, 60)
CANDIDATE 99 23.114939538054674 (0, 1, 2, 3, 4, 10, 21, 23, 29, 33)
CANDIDATE 100 23.132836745480933 (0, 1, 2, 3, 4, 8, 27, 30, 33, 54)
CANDIDATE 101 23.44658776973209 (0, 1, 2, 3, 4, 23, 29, 33, 36, 60)
CANDIDATE 102 23.454111232774114 (0, 1, 2, 3, 4, 11, 29, 33, 54, 72)
CANDIDATE 103 23.844224579223155 (0, 1, 2, 3, 4, 9, 23, 25, 55, 67)
CANDIDATE 104 24.07352428186621 (0, 1, 2, 3, 4, 10, 20, 24, 29, 33)
CANDIDATE 105 24.172660980219984 (0, 1, 2, 3, 4, 9, 23, 30, 55, 85)
CANDIDATE 106 24.688502973204358 (0, 1, 2, 3, 4, 8, 23, 28, 32, 34)
CANDIDATE 107 24.690083323547068 (0, 1, 2, 3, 4, 10, 24, 27, 32, 91)
CANDIDATE 108 24.734945703102202 (0, 1, 2, 3, 4, 9, 23, 27, 33, 67)
CANDIDATE 109 25.241630960658327 (0, 1, 2, 3, 4, 8, 23, 29, 33, 67)
CANDIDATE 110 25.328398845325566 (0, 1, 2, 3, 4, 10, 25, 29, 33, 54)
CANDIDATE 111 25.497996940225722 (0, 1, 2, 3, 4, 8, 23, 29, 30, 33)
CANDIDATE 112 25.630191602069825 (0, 1, 2, 3, 4, 9, 24, 25, 29, 55)
CANDIDATE 113 25.971253468565273 (0, 1, 2, 3, 4, 12, 20, 29, 33, 54)
CANDIDATE 114 26.028410747314933 (0, 1, 2, 3, 4, 10, 24, 27, 32, 48)
CANDIDATE 115 26.241620527593657 (0, 1, 2, 3, 4, 8, 33, 54, 67, 85)
CANDIDATE 116 26.370438380013784 (0, 1, 2, 3, 4, 10, 24, 32, 85, 90)
CANDIDATE 117 26.439342658469023 (0, 1, 2, 3, 4, 8, 23, 28, 29, 33)
CANDIDATE 118 26.512495678447845 (0, 1, 2, 3, 4, 12, 17, 23, 29, 33)
CANDIDATE 119 26.62276082901356 (0, 1, 2, 3, 4, 10, 24, 27, 32, 42)
CANDIDATE 120 26.75218208857795 (0, 1, 2, 3, 4, 9, 23, 28, 30, 55)
CANDIDATE 121 26.888862826413153 (0, 1, 2, 3, 4, 11, 21, 29, 33, 54)
CANDIDATE 122 26.913939571332005 (0, 1, 2, 3, 4, 8, 22, 26, 29, 33)
CANDIDATE 123 27.019768970520598 (0, 1, 2, 3, 4, 29, 33, 54, 72, 84)
CANDIDATE 124 27.106902358010462 (0, 1, 2, 3, 4, 8, 23, 29, 33, 85)
CANDIDATE 125 27.166829200211293 (0, 1, 2, 3, 4, 9, 23, 27, 31, 34)
CANDIDATE 126 27.25045963613834 (0, 1, 2, 3, 4, 14, 15, 23, 29, 33)
CANDIDATE 127 27.38953193594853 (0, 1, 2, 3, 4, 13, 19, 23, 29, 33)
CANDIDATE 128 27.597240099234924 (0, 1, 2, 3, 4, 10, 23, 25, 29, 33)
CANDIDATE 129 27.71414818214561 (0, 1, 2, 3, 4, 10, 25, 33, 54, 67)
CANDIDATE 130 27.718066625764294 (0, 1, 2, 3, 4, 9, 23, 27, 31, 55)
CANDIDATE 131 27.727822751223272 (0, 1, 2, 3, 4, 12, 21, 29, 33, 54)
CANDIDATE 132 27.838347911653553 (0, 1, 2, 3, 4, 21, 24, 29, 33, 84)
CANDIDATE 133 28.1516163694642 (0, 1, 2, 3, 4, 9, 23, 55, 67, 85)
CANDIDATE 134 28.276570411532767 (0, 1, 2, 3, 4, 24, 29, 33, 72, 84)
CANDIDATE 135 28.64749505989995 (0, 1, 2, 3, 4, 10, 24, 27, 30, 34)
CANDIDATE 136 28.740679527336386 (0, 1, 2, 3, 4, 15, 16, 23, 29, 33)
CANDIDATE 137 28.74694506444974 (0, 1, 2, 3, 4, 15, 23, 29, 33, 36)
CANDIDATE 138 29.066387342074066 (0, 1, 2, 3, 4, 9, 25, 29, 33, 72)
CANDIDATE 139 29.10369898433392 (0, 1, 2, 3, 4, 9, 26, 30, 33, 54)
CANDIDATE 140 29.130900580933343 (0, 1, 2, 3, 4, 10, 24, 26, 55, 67)
CANDIDATE 141 29.24860268683283 (0, 1, 2, 3, 4, 9, 23, 29, 33, 85)
CANDIDATE 142 29.33958302720284 (0, 1, 2, 3, 4, 11, 23, 29, 33, 54)
CANDIDATE 143 29.41944022978692 (0, 1, 2, 3, 4, 19, 23, 29, 33, 84)
CANDIDATE 144 29.738975091853792 (0, 1, 2, 3, 4, 13, 19, 29, 33, 54)
CANDIDATE 145 29.740731274450155 (0, 1, 2, 3, 4, 8, 28, 33, 54, 67)
CANDIDATE 146 29.867192676381034 (0, 1, 2, 3, 4, 9, 23, 26, 33, 67)
CANDIDATE 147 30.07480612121067 (0, 1, 2, 3, 4, 9, 24, 26, 55, 67)
CANDIDATE 148 30.19952401984961 (0, 1, 2, 3, 4, 10, 23, 25, 55, 67)
CANDIDATE 149 30.218859841264862 (0, 1, 2, 3, 4, 9, 23, 28, 55, 67)
CANDIDATE 150 30.50615967684611 (0, 1, 2, 3, 4, 9, 23, 28, 29, 33)
CANDIDATE 151 30.715489151474806 (0, 1, 2, 3, 4, 9, 23, 31, 55, 85)
CANDIDATE 152 30.859815042955947 (0, 1, 2, 3, 4, 9, 22, 26, 29, 33)
CANDIDATE 153 31.154309992247494 (0, 1, 2, 3, 4, 10, 22, 25, 29, 33)
CANDIDATE 154 31.176165547305484 (0, 1, 2, 3, 4, 8, 23, 29, 31, 33)
CANDIDATE 155 31.228334404766773 (0, 1, 2, 3, 4, 10, 22, 25, 33, 67)
CANDIDATE 156 31.318097041267585 (0, 1, 2, 3, 4, 9, 23, 27, 30, 33)
CANDIDATE 157 31.328694406920246 (0, 1, 2, 3, 4, 19, 22, 55, 60, 67)
CANDIDATE 158 31.54927739894066 (0, 1, 2, 3, 4, 14, 19, 22, 55, 67)
CANDIDATE 159 31.58504975424676 (0, 1, 2, 3, 4, 9, 23, 25, 30, 55)
CANDIDATE 160 31.81834819035195 (0, 1, 2, 3, 4, 8, 23, 28, 33, 67)
CANDIDATE 161 31.887847541663884 (0, 1, 2, 3, 4, 8, 30, 33, 54, 85)
CANDIDATE 162 31.906750416370624 (0, 1, 2, 3, 4, 22, 24, 29, 33, 84)
CANDIDATE 163 31.98548262459536 (0, 1, 2, 3, 4, 7, 29, 31, 32, 54)
CANDIDATE 164 32.031564616408005 (0, 1, 2, 3, 4, 9, 23, 27, 28, 33)
CANDIDATE 165 32.05843848658305 (0, 1, 2, 3, 4, 10, 23, 24, 55, 67)
CANDIDATE 166 32.096454790385025 (0, 1, 2, 3, 4, 8, 23, 32, 34, 85)
CANDIDATE 167 32.62407264905698 (0, 1, 2, 3, 4, 11, 25, 27, 32, 73)
CANDIDATE 168 32.77189287914854 (0, 1, 2, 3, 4, 9, 22, 26, 33, 67)
CANDIDATE 169 32.835450722324 (0, 1, 2, 3, 4, 9, 24, 34, 67, 85)
CANDIDATE 170 32.86472311098082 (0, 1, 2, 3, 4, 9, 24, 26, 31, 35)
CANDIDATE 171 32.916373723586254 (0, 1, 2, 3, 4, 9, 27, 29, 33, 54)
CANDIDATE 172 33.0033620790265 (0, 1, 2, 3, 4, 10, 24, 28, 32, 90)
CANDIDATE 173 33.05700649374333 (0, 1, 2, 3, 4, 8, 23, 30, 55, 67)
CANDIDATE 174 33.17734585745893 (0, 1, 2, 3, 4, 9, 22, 25, 33, 67)
CANDIDATE 175 33.19828330937729 (0, 1, 2, 3, 4, 15, 18, 22, 55, 67)
CANDIDATE 176 33.30002176024641 (0, 1, 2, 3, 4, 8, 27, 28, 33, 54)
CANDIDATE 177 33.31177822466544 (0, 1, 2, 3, 4, 9, 23, 28, 31, 55)
CANDIDATE 178 33.33072151209421 (0, 1, 2, 3, 4, 10, 23, 24, 30, 55)
CANDIDATE 179 33.36283055992808 (0, 1, 2, 3, 4, 9, 23, 33, 67, 85)
CANDIDATE 180 33.52677699507965 (0, 1, 2, 3, 4, 10, 23, 26, 30, 55)
CANDIDATE 181 33.53769122694577 (0, 1, 2, 3, 4, 15, 19, 22, 55, 67)
CANDIDATE 182 33.581301332210565 (0, 1, 2, 3, 4, 10, 23, 25, 33, 67)
CANDIDATE 183 33.60086961585851 (0, 1, 2, 3, 4, 9, 27, 33, 54, 67)
CANDIDATE 184 33.858624302938566 (0, 1, 2, 3, 4, 8, 23, 33, 67, 85)
CANDIDATE 185 34.199927613584514 (0, 1, 2, 3, 4, 21, 29, 33, 54, 84)
CANDIDATE 186 34.442547448027824 (0, 1, 2, 3, 4, 8, 23, 27, 28, 33)
CANDIDATE 187 34.53831517616053 (0, 1, 2, 3, 4, 14, 18, 29, 33, 54)
CANDIDATE 188 34.61821581957577 (0, 1, 2, 3, 4, 7, 23, 29, 31, 34)
CANDIDATE 189 34.73298019481655 (0, 1, 2, 3, 4, 10, 24, 26, 31, 34)
CANDIDATE 190 34.81329011962961 (0, 1, 2, 3, 4, 14, 23, 29, 33, 60)
CANDIDATE 191 34.88011776823298 (0, 1, 2, 3, 4, 9, 23, 28, 33, 67)
crowded_singlets_7915000 best 1.08075999168585e-06 trace 6.771934398552611 support [0, 1, 2, 3, 4, 9, 23, 28, 33, 67]
CANDIDATE 192 35.08133667055226 (0, 1, 2, 3, 4, 18, 22, 55, 60, 67)
CANDIDATE 193 35.08687769764012 (0, 1, 2, 3, 4, 12, 21, 23, 29, 33)
CANDIDATE 194 35.180675925624776 (0, 1, 2, 3, 4, 14, 20, 22, 55, 67)
CANDIDATE 195 35.411867422127386 (0, 1, 2, 3, 4, 9, 23, 27, 33, 85)
CANDIDATE 196 35.68627691002754 (0, 1, 2, 3, 4, 24, 29, 33, 54, 84)
CANDIDATE 197 35.76946122935028 (0, 1, 2, 3, 4, 8, 23, 29, 32, 55)
CANDIDATE 198 35.77209884779009 (0, 1, 2, 3, 4, 13, 20, 29, 33, 54)
CANDIDATE 199 35.84482444128281 (0, 1, 2, 3, 4, 8, 28, 30, 33, 54)
CANDIDATE 200 35.92530440483096 (0, 1, 2, 3, 4, 13, 20, 22, 55, 67)
CANDIDATE 201 35.940919413059625 (0, 1, 2, 3, 4, 20, 24, 29, 33, 84)
CANDIDATE 202 35.9695774816568 (0, 1, 2, 3, 4, 12, 29, 33, 54, 72)
CANDIDATE 203 35.98761278452737 (0, 1, 2, 3, 4, 8, 23, 28, 30, 33)
CANDIDATE 204 36.07786658539521 (0, 1, 2, 3, 4, 7, 23, 31, 55, 67)
CANDIDATE 205 36.25710075526118 (0, 1, 2, 3, 4, 10, 24, 26, 30, 55)
CANDIDATE 206 36.3155970730811 (0, 1, 2, 3, 4, 8, 23, 29, 32, 34)
CANDIDATE 207 36.374598347733055 (0, 1, 2, 3, 4, 25, 27, 32, 73, 84)
CANDIDATE 208 36.49288640348085 (0, 1, 2, 3, 4, 9, 24, 28, 34, 67)
CANDIDATE 209 36.53739016847048 (0, 1, 2, 3, 4, 9, 23, 30, 33, 85)
crowded_singlets_7915000 best 1.0302401408831172e-06 trace 6.771934487722454 support [0, 1, 2, 3, 4, 9, 23, 30, 33, 85]
CANDIDATE 210 36.66106289918719 (0, 1, 2, 3, 4, 10, 24, 32, 78, 85)
CANDIDATE 211 36.719521729513374 (0, 1, 2, 3, 4, 7, 23, 29, 31, 55)
CANDIDATE 212 36.91740210514843 (0, 1, 2, 3, 4, 9, 24, 32, 85, 91)
CANDIDATE 213 37.080478330260206 (0, 1, 2, 3, 4, 10, 24, 26, 29, 55)
CANDIDATE 214 37.16742033473849 (0, 1, 2, 3, 4, 14, 19, 54, 55, 67)
CANDIDATE 215 37.23147402812977 (0, 1, 2, 3, 4, 22, 24, 33, 67, 84)
CANDIDATE 216 37.25094144995039 (0, 1, 2, 3, 4, 8, 22, 25, 29, 33)
crowded_singlets_7915000 best 9.67333403459957e-07 trace 6.771934387063457 support [0, 1, 2, 3, 4, 8, 22, 25, 29, 33]
CANDIDATE 217 37.42065840782132 (0, 1, 2, 3, 4, 8, 23, 27, 33, 85)
CANDIDATE 218 37.507808129434174 (0, 1, 2, 3, 4, 8, 23, 27, 29, 33)
CANDIDATE 219 37.517163346358934 (0, 1, 2, 3, 4, 14, 18, 23, 29, 33)
CANDIDATE 220 37.525809442033164 (0, 1, 2, 3, 4, 24, 33, 67, 72, 84)
CANDIDATE 221 38.02341978219562 (0, 1, 2, 3, 4, 9, 27, 30, 33, 54)
CANDIDATE 222 38.06098760284386 (0, 1, 2, 3, 4, 9, 23, 28, 30, 33)
crowded_singlets_7915000 best 7.009262351087564e-07 trace 6.771934303582078 support [0, 1, 2, 3, 4, 9, 23, 28, 30, 33]
CANDIDATE 223 38.07406677576385 (0, 1, 2, 3, 4, 11, 21, 24, 29, 33)
CANDIDATE 224 38.119538454214016 (0, 1, 2, 3, 4, 18, 54, 55, 60, 67)
CANDIDATE 225 38.645276832736585 (0, 1, 2, 3, 4, 15, 19, 55, 67, 72)
CANDIDATE 226 38.69608665537011 (0, 1, 2, 3, 4, 13, 20, 54, 55, 67)
CANDIDATE 227 39.003894437120366 (0, 1, 2, 3, 4, 15, 18, 54, 55, 67)
CANDIDATE 228 39.07227721638273 (0, 1, 2, 3, 4, 9, 25, 33, 54, 67)
CANDIDATE 229 39.093138807068414 (0, 1, 2, 3, 4, 8, 23, 30, 33, 85)
CANDIDATE 230 39.16110541721964 (0, 1, 2, 3, 4, 24, 33, 54, 67, 84)
CANDIDATE 231 39.18036582144038 (0, 1, 2, 3, 4, 11, 24, 29, 33, 72)
CANDIDATE 232 39.22576979879767 (0, 1, 2, 3, 4, 10, 24, 33, 54, 67)
CANDIDATE 233 39.253818056079325 (0, 1, 2, 3, 4, 8, 27, 33, 54, 85)
CANDIDATE 234 39.80114902425754 (0, 1, 2, 3, 4, 9, 24, 27, 29, 55)
CANDIDATE 235 39.81268360774172 (0, 1, 2, 3, 4, 10, 24, 32, 85, 91)
CANDIDATE 236 39.91692061944876 (0, 1, 2, 3, 4, 12, 21, 22, 29, 33)
CANDIDATE 237 39.92177342845906 (0, 1, 2, 3, 4, 7, 23, 29, 32, 55)
CANDIDATE 238 40.08045706582293 (0, 1, 2, 3, 4, 9, 23, 31, 34, 85)
CANDIDATE 239 40.194322857123765 (0, 1, 2, 3, 4, 21, 24, 33, 67, 84)
CANDIDATE 240 40.332692405866844 (0, 1, 2, 3, 4, 23, 24, 30, 55, 84)
CANDIDATE 241 40.55440937670272 (0, 1, 2, 3, 4, 10, 22, 24, 33, 67)
CANDIDATE 242 40.621191326125 (0, 1, 2, 3, 4, 10, 23, 24, 33, 67)
CANDIDATE 243 40.86056884394212 (0, 1, 2, 3, 4, 17, 29, 33, 54, 60)
CANDIDATE 244 40.90025406574931 (0, 1, 2, 3, 4, 11, 24, 33, 67, 72)
CANDIDATE 245 40.90484767126708 (0, 1, 2, 3, 4, 17, 23, 29, 33, 60)
CANDIDATE 246 41.08440382795864 (0, 1, 2, 3, 4, 8, 23, 29, 32, 33)
CANDIDATE 247 41.26623613319457 (0, 1, 2, 3, 4, 9, 24, 31, 35, 85)
CANDIDATE 248 41.30647445281637 (0, 1, 2, 3, 4, 19, 55, 60, 67, 72)
CANDIDATE 249 41.52508369596526 (0, 1, 2, 3, 4, 9, 24, 28, 32, 91)
CANDIDATE 250 41.75183375501335 (0, 1, 2, 3, 4, 9, 23, 26, 28, 33)
CANDIDATE 251 42.15542168568636 (0, 1, 2, 3, 4, 10, 24, 27, 34, 67)
CANDIDATE 252 42.156559317565424 (0, 1, 2, 3, 4, 8, 23, 29, 31, 34)
CANDIDATE 253 42.2162842736065 (0, 1, 2, 3, 4, 11, 22, 24, 33, 67)
CANDIDATE 254 42.26718951943588 (0, 1, 2, 3, 4, 15, 17, 29, 33, 54)
CANDIDATE 255 42.326677215718 (0, 1, 2, 3, 4, 11, 21, 24, 33, 67)
CANDIDATE 256 42.53262561226168 (0, 1, 2, 3, 4, 16, 18, 22, 55, 67)
CANDIDATE 257 42.57757560432208 (0, 1, 2, 3, 4, 13, 20, 22, 29, 33)
CANDIDATE 258 42.61828134864967 (0, 1, 2, 3, 4, 10, 24, 28, 32, 78)
CANDIDATE 259 42.83811973265105 (0, 1, 2, 3, 4, 9, 24, 26, 34, 67)
CANDIDATE 260 43.16357769812849 (0, 1, 2, 3, 4, 10, 23, 26, 33, 67)
CANDIDATE 261 43.34985196639411 (0, 1, 2, 3, 4, 7, 23, 30, 55, 67)
CANDIDATE 262 43.52759380566651 (0, 1, 2, 3, 4, 11, 22, 24, 29, 33)
CANDIDATE 263 43.599180519747485 (0, 1, 2, 3, 4, 11, 20, 24, 29, 33)
CANDIDATE 264 43.6739999906509 (0, 1, 2, 3, 4, 10, 23, 26, 55, 67)
CANDIDATE 265 43.89692455522166 (0, 1, 2, 3, 4, 23, 24, 29, 33, 84)
CANDIDATE 266 43.92256068940096 (0, 1, 2, 3, 4, 9, 23, 32, 34, 85)
CANDIDATE 267 43.989692713105775 (0, 1, 2, 3, 4, 9, 23, 28, 31, 34)
CANDIDATE 268 44.02060092365645 (0, 1, 2, 3, 4, 10, 24, 27, 32, 90)
CANDIDATE 269 44.16480391549307 (0, 1, 2, 3, 4, 14, 19, 29, 33, 54)
CANDIDATE 270 44.172385971735956 (0, 1, 2, 3, 4, 9, 24, 30, 34, 85)
CANDIDATE 271 44.34194939339401 (0, 1, 2, 3, 4, 11, 18, 23, 29, 33)
CANDIDATE 272 44.37783399880723 (0, 1, 2, 3, 4, 8, 25, 29, 33, 54)
CANDIDATE 273 44.43605003033871 (0, 1, 2, 3, 4, 24, 25, 30, 55, 84)
CANDIDATE 274 44.45410023002687 (0, 1, 2, 3, 4, 14, 20, 55, 67, 72)
CANDIDATE 275 44.52323355312596 (0, 1, 2, 3, 4, 12, 23, 29, 33, 72)
CANDIDATE 276 44.81963790729179 (0, 1, 2, 3, 4, 18, 22, 36, 55, 67)
CANDIDATE 277 44.84847567367015 (0, 1, 2, 3, 4, 10, 23, 26, 29, 33)
CANDIDATE 278 45.02033764150047 (0, 1, 2, 3, 4, 11, 24, 33, 54, 67)
CANDIDATE 279 45.063923136720966 (0, 1, 2, 3, 4, 10, 25, 30, 33, 54)
CANDIDATE 280 45.19132370426294 (0, 1, 2, 3, 4, 12, 21, 54, 55, 67)
CANDIDATE 281 45.48724936713531 (0, 1, 2, 3, 4, 10, 24, 32, 48, 85)
CANDIDATE 282 45.52995082672457 (0, 1, 2, 3, 4, 23, 24, 33, 67, 84)
CANDIDATE 283 45.670782926819896 (0, 1, 2, 3, 4, 9, 24, 28, 30, 35)
CANDIDATE 284 45.68433502102359 (0, 1, 2, 3, 4, 10, 24, 25, 31, 34)
CANDIDATE 285 45.737766269935236 (0, 1, 2, 3, 4, 10, 20, 23, 29, 33)
CANDIDATE 286 45.84569813031984 (0, 1, 2, 3, 4, 9, 24, 29, 34, 85)
CANDIDATE 287 45.88340860850586 (0, 1, 2, 3, 4, 12, 25, 27, 32, 61)
CANDIDATE 288 45.92803326650289 (0, 1, 2, 3, 4, 9, 22, 26, 30, 33)
CANDIDATE 289 46.011619488540816 (0, 1, 2, 3, 4, 13, 18, 29, 33, 54)
CANDIDATE 290 46.024686190211426 (0, 1, 2, 3, 4, 10, 24, 33, 67, 72)
CANDIDATE 291 46.03285362914624 (0, 1, 2, 3, 4, 7, 23, 29, 30, 55)
CANDIDATE 292 46.06256805014641 (0, 1, 2, 3, 4, 15, 17, 23, 29, 33)
CANDIDATE 293 46.13840189998646 (0, 1, 2, 3, 4, 9, 23, 28, 32, 34)
CANDIDATE 294 46.465111031057916 (0, 1, 2, 3, 4, 14, 18, 54, 55, 67)
CANDIDATE 295 46.73325204590955 (0, 1, 2, 3, 4, 24, 26, 31, 35, 84)
CANDIDATE 296 46.80611995171337 (0, 1, 2, 3, 4, 8, 23, 28, 32, 55)
CANDIDATE 297 46.81535594456188 (0, 1, 2, 3, 4, 14, 17, 29, 33, 54)
CANDIDATE 298 46.843824451456534 (0, 1, 2, 3, 4, 9, 24, 28, 31, 35)
CANDIDATE 299 46.97669124953382 (0, 1, 2, 3, 4, 9, 24, 28, 29, 34)
