0 4 0.1 43.268349446590555 39.2649776 1.0
1 8 0.03 42.560842477688404 39.1649995 1.0
2 12 0.01 42.43658877316437 39.029001351000005 1.0
pair 3 12 42.43023617257575 38.591237401
4 12 0.001 42.42769494352588 38.453147791000006 1.0
5 12 0.0001 42.427507026558885 38.305152661 1.0
6 12 1e-05 42.42744622099631 38.169203611 1.0
7 12 1e-05 42.42742649770366 38.025257771 1.0
8 12 0.0 42.42741616927181 37.865261921000005 1.5211952606734562
9 12 0.0 42.42741374817127 37.721262421000006 6.408088809189766
10 12 0.0 42.42741209390131 37.525328011 1.4672578476542883
11 12 0.0 42.42740350674945 37.333415381 1.6873465248024315
12 12 0.0 42.42739511689305 37.145473611 0.8081094824161648
13 12 0.0 42.427391156161775 36.965452911 0.7876163716203269
14 12 0.0 42.427390373697435 36.776059051000004 0.9573622938579841
15 12 0.0 42.42738942645053 36.583251061000006 2.767498104871988
16 12 0.0 42.427386996134814 36.379978882 6.540325247640783
17 12 0.0 42.427383370421566 36.175981112 0.11065527875384426
18 12 0.0 42.42737894486882 35.979982792 5.686664935576523
19 12 0.0 42.42737609775693 35.784009052 0.1
20 12 0.0 42.42737493404096 35.592013622 1.1141037586020308
21 12 0.0 42.42737448021414 35.400017052 1.5055356708854857
22 12 0.0 42.42737424562086 35.220019462 7.522550056135849
23 12 0.0 42.42737400203908 35.048033452000006 5.13976218462704
24 12 0.0 42.42737369133588 34.880032942 0.14688688366986447
25 12 0.0 42.42737366909093 34.712057082 2.2699908016139636
26 12 0.0 42.427373639080116 34.548058402 5.416651462197316
27 12 0.0 42.42737363124041 34.380064122 3.4901627366699493
28 12 0.0 42.427373626945446 34.216064712000005 0.30970616569683385
29 12 0.0 42.427373626457026 34.044071222 0.6455457900117564
30 12 0.0 42.42737362643129 33.876108852 0.6935261221564758
31 12 0.0 42.42737362643088 33.712148113000005 0.20629291893838803
32 12 0.0 42.42737362643074 33.532152083 0.23723685677914622
33 12 0.0 42.42737362643064 33.372175063 0.11861842838957311
pair 34 12 42.428688398714336 32.872178563000006
