INITIAL [ 8.01625795e-04 -1.14081001e-01  8.85019443e-01  2.99480575e-01
  9.25532009e-03  1.97987819e-01  4.91975895e-01  9.23802750e+00
  1.91681984e+00  1.25774484e+00 -1.42111341e+00  3.50938873e+01
  3.18576857e-02  1.14080895e-01] 3.9144413471221924
JACOBIAN (3134, 120) 11.290412425994873
ITERATION 5 seconds 16.042914628982544 metrics [ 7.99922776e-04 -2.08730540e-01  8.84509187e-01  2.18603894e-01
  6.22970676e-02  1.48777209e-01  4.58779228e-01  3.56719136e+01
  1.88045407e+00  1.11780903e+00 -1.12972065e+02  3.49656286e+01
  7.26822926e-02  4.62577080e-02]
ITERATION 10 seconds 21.901630640029907 metrics [ 7.88869958e-04 -2.85070810e-01  8.86922503e-01  2.18026650e-01
  9.39889546e-02  1.25657555e-01  5.52211222e-01  5.20149653e+01
  1.87592773e+00  1.13136193e+00 -1.21347389e+01  3.51125737e+01
  1.32170847e-01  1.56225147e-02]
ITERATION 15 seconds 28.11464762687683 metrics [ 7.85577590e-04 -6.28738039e-02  8.97813543e-01  2.13814707e-01
  9.68447352e-02  1.16592866e-01  5.54915856e-01  5.30424770e+01
  1.87129698e+00  1.12300932e+00 -4.09680487e+00  3.51549942e+01
  1.34500289e-01  5.63782742e-03]
ITERATION 20 seconds 33.70300793647766 metrics [ 7.82371102e-04 -2.91597176e-04  8.99209677e-01  2.08884181e-01
  9.40208278e-02  1.23794233e-01  5.60252152e-01  5.30976431e+01
  1.86582300e+00  1.11529280e+00 -2.03293936e-01  3.52110799e+01
  1.32918729e-01  1.49589782e-05]
ITERATION 25 seconds 38.917163610458374 metrics [ 7.79409560e-04  1.01300635e-04  8.99209356e-01  2.08503663e-01
  9.36895767e-02  1.22849838e-01  5.61700700e-01  5.30074080e+01
  1.86529877e+00  1.11479475e+00 -7.74112861e-03  3.52584823e+01
  1.32532133e-01  3.15856113e-06]
ITERATION 30 seconds 44.116371393203735 metrics [ 7.10894745e-04 -2.02906921e-01  8.86690813e-01  2.19783800e-01
  6.39780338e-02  1.33856699e-01  5.19722395e-01  4.31084948e+01
  1.88352263e+00  1.13170079e+00 -9.87859870e+00  3.63689859e+01
  8.81441925e-02  2.19921676e-03]
ITERATION 35 seconds 49.391658782958984 metrics [ 7.10916536e-04 -4.76881040e-04  8.98982683e-01  2.08281272e-01
  7.95462883e-02  1.07819066e-01  5.45630204e-01  4.82483491e+01
  1.86854528e+00  1.11076632e+00 -9.63745305e-02  3.63364333e+01
  1.02172839e-01 -1.58978857e-05]
ITERATION 40 seconds 54.15370512008667 metrics [ 6.99897869e-04  2.51488613e-03  8.99081546e-01  2.04360111e-01
  8.07585763e-02  1.03316630e-01  5.47619312e-01  4.85909752e+01
  1.86503811e+00  1.10365930e+00 -9.56993199e-02  3.65222170e+01
  1.01156207e-01  1.19823271e-04]
ITERATION 45 seconds 59.15477013587952 metrics [ 6.72368396e-04 -2.74479214e-04  8.99087441e-01  1.97379400e-01
  7.83688756e-02  1.07291299e-01  5.49617691e-01  5.05340088e+01
  1.86028560e+00  1.08985175e+00 -7.97798023e-03  3.70171641e+01
  1.07015899e-01  3.19328765e-06]
ITERATION 50 seconds 64.50059723854065 metrics [ 6.45604735e-04 -1.34134041e-02  8.98550549e-01  2.12130668e-01
  6.41688931e-02  1.37366573e-01  5.39458946e-01  4.76954847e+01
  1.87422278e+00  1.11449400e+00 -5.46451637e-01  3.75666506e+01
  9.52223560e-02  8.29035866e-04]
ITERATION 55 seconds 69.36028409004211 metrics [ 6.19702776e-04 -1.43064100e-03  8.98871962e-01  2.12099040e-01
  6.11292493e-02  1.41922471e-01  5.37243120e-01  4.85839825e+01
  1.87455155e+00  1.11327113e+00  9.62646302e-02  3.80765235e+01
  9.58738574e-02 -4.18925499e-05]
ITERATION 60 seconds 74.28798151016235 metrics [ 5.99401845e-04 -4.16850816e-06  8.98864630e-01  2.16203904e-01
  5.50396966e-02  1.61147010e-01  5.34541431e-01  4.86609890e+01
  1.87752707e+00  1.11975714e+00 -1.67749091e-02  3.84921476e+01
  9.54176768e-02  7.68326510e-06]
ITERATION 65 seconds 79.6477952003479 metrics [ 5.88747892e-04 -1.49986075e-04  8.98831759e-01  2.15643795e-01
  5.07580820e-02  1.70122273e-01  5.19235716e-01  4.85304468e+01
  1.87792589e+00  1.11788198e+00 -1.33425409e-01  3.87018077e+01
  9.44380954e-02 -1.36051968e-05]
ITERATION 70 seconds 84.36222410202026 metrics [ 5.80940194e-04 -1.13486931e-04  8.98806671e-01  2.15003567e-01
  4.81600872e-02  1.74577971e-01  5.10442251e-01  4.81705442e+01
  1.87808493e+00  1.11600249e+00 -2.14863217e-02  3.88534269e+01
  9.16738956e-02  9.00533936e-06]
ITERATION 75 seconds 89.28524041175842 metrics [ 5.69967432e-04 -2.50700439e-03  8.98719125e-01  2.10281226e-01
  4.25698952e-02  1.81890078e-01  5.01623391e-01  4.74345940e+01
  1.87419227e+00  1.10634293e+00 -2.03001783e-01  3.90614932e+01
  8.72987790e-02  2.10819391e-04]
ITERATION 80 seconds 94.41896796226501 metrics [ 5.64322191e-04 -2.97152036e-05  8.98775084e-01  2.10748974e-01
  4.11951224e-02  1.86543461e-01  5.00802821e-01  4.72137663e+01
  1.87387219e+00  1.10721271e+00 -4.09837947e-03  3.91674274e+01
  8.60522765e-02  3.08654343e-06]
ITERATION 85 seconds 99.76459741592407 metrics [ 5.58042673e-04 -2.93792856e-05  8.98728711e-01  2.08373661e-01
  3.72836661e-02  1.92779651e-01  4.90196238e-01  4.61723376e+01
  1.87284262e+00  1.10161740e+00 -2.55834265e-02  3.92856382e+01
  8.21472766e-02  8.88114882e-06]
ITERATION 90 seconds 105.4808280467987 metrics [ 5.49794822e-04  1.98368926e-06  8.98699062e-01  2.06560686e-01
  3.38183846e-02  2.09130222e-01  4.83010727e-01  4.54700724e+01
  1.87128963e+00  1.09774840e+00 -1.95345373e-02  3.94401363e+01
  7.96706055e-02  2.31597856e-05]
ITERATION 95 seconds 110.59809875488281 metrics [ 5.45741355e-04  1.94460795e-05  8.98645010e-01  2.02978721e-01
  2.95116679e-02  2.22122303e-01  4.71458803e-01  4.42937623e+01
  1.86962654e+00  1.08983015e+00 -2.42582108e-02  3.95183974e+01
  7.58203753e-02  3.84466676e-06]
ITERATION 100 seconds 115.93828010559082 metrics [ 5.40699954e-04 -1.13942351e-04  8.98588922e-01  2.00770093e-01
  2.60651558e-02  2.37365287e-01  4.64542785e-01  4.31369058e+01
  1.86836156e+00  1.08456096e+00 -2.32313532e-02  3.96102098e+01
  7.24359991e-02  3.11976400e-05]
ITERATION 105 seconds 121.62260508537292 metrics [ 5.38691179e-04 -1.39998825e-04  8.98550378e-01  2.01491379e-01
  2.46788791e-02  2.41286454e-01  4.60010096e-01  4.26570225e+01
  1.86932992e+00  1.08562750e+00 -1.70439125e-02  3.96478255e+01
  7.11227917e-02  8.70355961e-06]
ITERATION 110 seconds 126.907958984375 metrics [ 5.36746853e-04 -4.81676206e-06  8.98530062e-01  2.01516764e-01
  2.33979958e-02  2.44140341e-01  4.54866085e-01  4.22899799e+01
  1.86981401e+00  1.08536471e+00 -8.94859787e-03  3.96771248e+01
  7.01452208e-02  1.03283798e-06]
