FROZEN 351c3cb7a9d910b9c8e1039c8be7798a5b6ac30c50970ea035b6a882f760fb4a
{
  "passed": true,
  "standalone_copy_passed": true,
  "independent_tests": 23,
  "standalone_tests": 23,
  "timings": {
    "baseline_generation_seconds": 0.4101009010337293,
    "public_checker_seconds": 1.112008086987771,
    "official_evaluation_seconds": 25.99549313809257,
    "independent_test_seconds": 4.456991197075695
  },
  "frozen_file_count": 18,
  "frozen_manifest_sha256": "351c3cb7a9d910b9c8e1039c8be7798a5b6ac30c50970ea035b6a882f760fb4a",
  "frozen_files_unchanged": true,
  "participant_and_evaluator_read_only": true,
  "attempts_empty": true,
  "no_fresh_agents_launched": true,
  "no_original_root_edits": true,
  "measurements": {
    "baseline": {
      "valid": true,
      "passed": false,
      "core_score": 1.042674391271703e-05,
      "worst_family_score": 0.0,
      "successes": {
        "vv": 0,
        "full": 0
      },
      "resource_score": 1.0,
      "runtime_seconds": 17.718338588951156,
      "peak_memory_mib": 33.50390625,
      "report": "adversary/baseline_report.json"
    },
    "b2_champion": {
      "valid": true,
      "passed": false,
      "core_score": 0.6666666666666666,
      "worst_family_score": 0.0,
      "successes": {
        "vv": 128,
        "full": 0
      },
      "resource_score": 1.0,
      "runtime_seconds": 14.658990027033724,
      "peak_memory_mib": 33.80078125,
      "report": "adversary/b2_champion_report.json"
    },
    "author": {
      "valid": true,
      "passed": false,
      "core_score": 0.49506578947368424,
      "worst_family_score": 0.0,
      "successes": {
        "vv": 59,
        "full": 0
      },
      "resource_score": 1.0,
      "runtime_seconds": 36.26217503589578,
      "peak_memory_mib": 33.796875,
      "report": "adversary/author_report.json"
    },
    "portfolio_best": {
      "valid": true,
      "passed": false,
      "core_score": 0.5553728070175439,
      "worst_family_score": 0.008223684210526315,
      "successes": {
        "vv": 80,
        "full": 1
      },
      "resource_score": 1.0,
      "runtime_seconds": 19.473490387084894,
      "peak_memory_mib": 34.28125,
      "report": "adversary/portfolio_best_report.json"
    }
  },
  "known_passing_references": [],
  "feasibility": "open; no tested reference passes B3",
  "participant_contains_prior_privileged_artifacts": false
}
