projected tempering_best_41.json base 350 outside 7842
checked 512 pairs 130816
checked 1024 pairs 523776
checked 2048 pairs 2096128
checked 4096 pairs 8386560
checked 7842 pairs 30744561
projected tempering_best_42.json base 350 outside 7842
checked 512 pairs 130816
checked 1024 pairs 523776
checked 2048 pairs 2096128
checked 4096 pairs 8386560
checked 7842 pairs 30744561
projected tempering_best_51.json base 350 outside 7842
checked 512 pairs 130816
checked 1024 pairs 523776
checked 2048 pairs 2096128
checked 4096 pairs 8386560
checked 7842 pairs 30744561
projected tempering_best_61.json base 350 outside 7842
checked 512 pairs 130816
checked 1024 pairs 523776
checked 2048 pairs 2096128
checked 4096 pairs 8386560
checked 7842 pairs 30744561
projected anneal_best_1.json base 350 outside 7842
checked 512 pairs 130816
checked 1024 pairs 523776
checked 2048 pairs 2096128
checked 4096 pairs 8386560
checked 7842 pairs 30744561
projected anneal_best_2.json base 350 outside 7842
checked 512 pairs 130816
checked 1024 pairs 523776
checked 2048 pairs 2096128
checked 4096 pairs 8386560
checked 7842 pairs 30744561
projected anneal_best_21.json base 350 outside 7842
checked 512 pairs 130816
checked 1024 pairs 523776
checked 2048 pairs 2096128
checked 4096 pairs 8386560
checked 7842 pairs 30744561
projected anneal_best_22.json base 350 outside 7842
checked 512 pairs 130816
checked 1024 pairs 523776
checked 2048 pairs 2096128
checked 4096 pairs 8386560
checked 7842 pairs 30744561
projected anneal_best_23.json base 350 outside 7842
checked 512 pairs 130816
checked 1024 pairs 523776
checked 2048 pairs 2096128
checked 4096 pairs 8386560
checked 7842 pairs 30744561
projected anneal_best_24.json base 350 outside 7842
checked 512 pairs 130816
checked 1024 pairs 523776
checked 2048 pairs 2096128
checked 4096 pairs 8386560
checked 7842 pairs 30744561
projected anneal_best_25.json base 350 outside 7842
checked 512 pairs 130816
checked 1024 pairs 523776
checked 2048 pairs 2096128
checked 4096 pairs 8386560
checked 7842 pairs 30744561
projected anneal_best_26.json base 350 outside 7842
checked 512 pairs 130816
checked 1024 pairs 523776
checked 2048 pairs 2096128
checked 4096 pairs 8386560
checked 7842 pairs 30744561
projected anneal_best_27.json base 350 outside 7842
checked 512 pairs 130816
checked 1024 pairs 523776
checked 2048 pairs 2096128
checked 4096 pairs 8386560
checked 7842 pairs 30744561
projected pair_best_11.json base 350 outside 7842
checked 512 pairs 130816
checked 1024 pairs 523776
checked 2048 pairs 2096128
checked 4096 pairs 8386560
checked 7842 pairs 30744561
projected pair_best_12.json base 350 outside 7842
checked 512 pairs 130816
checked 1024 pairs 523776
checked 2048 pairs 2096128
checked 4096 pairs 8386560
checked 7842 pairs 30744561
projected pair_best_13.json base 350 outside 7842
checked 512 pairs 130816
checked 1024 pairs 523776
checked 2048 pairs 2096128
checked 4096 pairs 8386560
checked 7842 pairs 30744561
projected pair_best_31.json base 350 outside 7842
checked 512 pairs 130816
checked 1024 pairs 523776
checked 2048 pairs 2096128
checked 4096 pairs 8386560
checked 7842 pairs 30744561
projected pair_best_32.json base 350 outside 7842
checked 512 pairs 130816
checked 1024 pairs 523776
checked 2048 pairs 2096128
checked 4096 pairs 8386560
checked 7842 pairs 30744561
projected tempering_best_41.json base 350 outside 7842
checked 512 pairs 130816
checked 1024 pairs 523776
checked 2048 pairs 2096128
checked 4096 pairs 8386560
checked 7842 pairs 30744561
projected tempering_best_42.json base 350 outside 7842
checked 512 pairs 130816
checked 1024 pairs 523776
checked 2048 pairs 2096128
checked 4096 pairs 8386560
checked 7842 pairs 30744561
projected tempering_best_43.json base 350 outside 7842
checked 512 pairs 130816
checked 1024 pairs 523776
checked 2048 pairs 2096128
checked 4096 pairs 8386560
checked 7842 pairs 30744561
projected tempering_best_51.json base 350 outside 7842
checked 512 pairs 130816
checked 1024 pairs 523776
checked 2048 pairs 2096128
checked 4096 pairs 8386560
checked 7842 pairs 30744561
projected tempering_best_61.json base 350 outside 7842
checked 512 pairs 130816
checked 1024 pairs 523776
checked 2048 pairs 2096128
checked 4096 pairs 8386560
checked 7842 pairs 30744561
projected anneal_best_1.json base 350 outside 7842
checked 512 pairs 130816
checked 1024 pairs 523776
checked 2048 pairs 2096128
checked 4096 pairs 8386560
checked 7842 pairs 30744561
projected anneal_best_2.json base 350 outside 7842
checked 512 pairs 130816
checked 1024 pairs 523776
checked 2048 pairs 2096128
checked 4096 pairs 8386560
checked 7842 pairs 30744561
projected anneal_best_21.json base 350 outside 7842
checked 512 pairs 130816
checked 1024 pairs 523776
checked 2048 pairs 2096128
checked 4096 pairs 8386560
checked 7842 pairs 30744561
projected anneal_best_22.json base 350 outside 7842
checked 512 pairs 130816
checked 1024 pairs 523776
checked 2048 pairs 2096128
checked 4096 pairs 8386560
checked 7842 pairs 30744561
projected anneal_best_23.json base 350 outside 7842
checked 512 pairs 130816
checked 1024 pairs 523776
checked 2048 pairs 2096128
checked 4096 pairs 8386560
checked 7842 pairs 30744561
projected anneal_best_24.json base 350 outside 7842
checked 512 pairs 130816
checked 1024 pairs 523776
checked 2048 pairs 2096128
checked 4096 pairs 8386560
checked 7842 pairs 30744561
projected anneal_best_25.json base 350 outside 7842
checked 512 pairs 130816
checked 1024 pairs 523776
checked 2048 pairs 2096128
checked 4096 pairs 8386560
checked 7842 pairs 30744561
projected anneal_best_26.json base 350 outside 7842
checked 512 pairs 130816
checked 1024 pairs 523776
checked 2048 pairs 2096128
checked 4096 pairs 8386560
checked 7842 pairs 30744561
projected anneal_best_27.json base 350 outside 7842
checked 512 pairs 130816
checked 1024 pairs 523776
checked 2048 pairs 2096128
checked 4096 pairs 8386560
checked 7842 pairs 30744561
projected pair_best_11.json base 350 outside 7842
checked 512 pairs 130816
checked 1024 pairs 523776
checked 2048 pairs 2096128
checked 4096 pairs 8386560
checked 7842 pairs 30744561
projected pair_best_12.json base 350 outside 7842
checked 512 pairs 130816
checked 1024 pairs 523776
checked 2048 pairs 2096128
checked 4096 pairs 8386560
checked 7842 pairs 30744561
projected pair_best_13.json base 350 outside 7842
checked 512 pairs 130816
checked 1024 pairs 523776
checked 2048 pairs 2096128
checked 4096 pairs 8386560
checked 7842 pairs 30744561
projected pair_best_31.json base 350 outside 7842
checked 512 pairs 130816
checked 1024 pairs 523776
checked 2048 pairs 2096128
checked 4096 pairs 8386560
checked 7842 pairs 30744561
projected pair_best_32.json base 350 outside 7842
checked 512 pairs 130816
checked 1024 pairs 523776
checked 2048 pairs 2096128
checked 4096 pairs 8386560
checked 7842 pairs 30744561
projected tempering_low_43_0.json base 350 outside 7842
checked 512 pairs 130816
checked 1024 pairs 523776
checked 2048 pairs 2096128
checked 4096 pairs 8386560
checked 7842 pairs 30744561
projected tempering_low_43_1.json base 350 outside 7842
checked 512 pairs 130816
checked 1024 pairs 523776
checked 2048 pairs 2096128
checked 4096 pairs 8386560
checked 7842 pairs 30744561
projected tempering_low_43_2.json base 350 outside 7842
checked 512 pairs 130816
checked 1024 pairs 523776
checked 2048 pairs 2096128
checked 4096 pairs 8386560
checked 7842 pairs 30744561
projected tempering_low_43_3.json base 350 outside 7842
checked 512 pairs 130816
checked 1024 pairs 523776
checked 2048 pairs 2096128
checked 4096 pairs 8386560
checked 7842 pairs 30744561
projected tempering_best_41.json base 350 outside 7842
checked 512 pairs 130816
checked 1024 pairs 523776
checked 2048 pairs 2096128
checked 4096 pairs 8386560
checked 7842 pairs 30744561
projected tempering_best_42.json base 350 outside 7842
checked 512 pairs 130816
checked 1024 pairs 523776
checked 2048 pairs 2096128
checked 4096 pairs 8386560
checked 7842 pairs 30744561
projected tempering_best_43.json base 350 outside 7842
checked 512 pairs 130816
checked 1024 pairs 523776
checked 2048 pairs 2096128
checked 4096 pairs 8386560
checked 7842 pairs 30744561
projected tempering_best_51.json base 350 outside 7842
checked 512 pairs 130816
checked 1024 pairs 523776
checked 2048 pairs 2096128
checked 4096 pairs 8386560
checked 7842 pairs 30744561
projected tempering_best_61.json base 350 outside 7842
checked 512 pairs 130816
checked 1024 pairs 523776
checked 2048 pairs 2096128
checked 4096 pairs 8386560
checked 7842 pairs 30744561
projected anneal_best_1.json base 350 outside 7842
checked 512 pairs 130816
checked 1024 pairs 523776
checked 2048 pairs 2096128
checked 4096 pairs 8386560
checked 7842 pairs 30744561
projected anneal_best_2.json base 350 outside 7842
checked 512 pairs 130816
checked 1024 pairs 523776
checked 2048 pairs 2096128
checked 4096 pairs 8386560
checked 7842 pairs 30744561
projected anneal_best_21.json base 350 outside 7842
checked 512 pairs 130816
checked 1024 pairs 523776
checked 2048 pairs 2096128
checked 4096 pairs 8386560
checked 7842 pairs 30744561
projected anneal_best_22.json base 350 outside 7842
checked 512 pairs 130816
checked 1024 pairs 523776
checked 2048 pairs 2096128
checked 4096 pairs 8386560
checked 7842 pairs 30744561
projected anneal_best_23.json base 350 outside 7842
checked 512 pairs 130816
checked 1024 pairs 523776
checked 2048 pairs 2096128
checked 4096 pairs 8386560
checked 7842 pairs 30744561
projected anneal_best_24.json base 350 outside 7842
checked 512 pairs 130816
checked 1024 pairs 523776
checked 2048 pairs 2096128
checked 4096 pairs 8386560
checked 7842 pairs 30744561
projected anneal_best_25.json base 350 outside 7842
checked 512 pairs 130816
checked 1024 pairs 523776
checked 2048 pairs 2096128
checked 4096 pairs 8386560
checked 7842 pairs 30744561
projected anneal_best_26.json base 350 outside 7842
checked 512 pairs 130816
checked 1024 pairs 523776
checked 2048 pairs 2096128
checked 4096 pairs 8386560
checked 7842 pairs 30744561
projected anneal_best_27.json base 350 outside 7842
checked 512 pairs 130816
checked 1024 pairs 523776
checked 2048 pairs 2096128
checked 4096 pairs 8386560
checked 7842 pairs 30744561
projected pair_best_11.json base 350 outside 7842
checked 512 pairs 130816
checked 1024 pairs 523776
checked 2048 pairs 2096128
checked 4096 pairs 8386560
checked 7842 pairs 30744561
projected pair_best_12.json base 350 outside 7842
checked 512 pairs 130816
checked 1024 pairs 523776
checked 2048 pairs 2096128
checked 4096 pairs 8386560
checked 7842 pairs 30744561
projected pair_best_13.json base 350 outside 7842
checked 512 pairs 130816
checked 1024 pairs 523776
checked 2048 pairs 2096128
checked 4096 pairs 8386560
checked 7842 pairs 30744561
projected pair_best_31.json base 350 outside 7842
checked 512 pairs 130816
checked 1024 pairs 523776
checked 2048 pairs 2096128
checked 4096 pairs 8386560
checked 7842 pairs 30744561
projected pair_best_32.json base 350 outside 7842
checked 512 pairs 130816
checked 1024 pairs 523776
checked 2048 pairs 2096128
checked 4096 pairs 8386560
checked 7842 pairs 30744561
projected tempering_low_43_0.json base 350 outside 7842
checked 512 pairs 130816
checked 1024 pairs 523776
checked 2048 pairs 2096128
checked 4096 pairs 8386560
checked 7842 pairs 30744561
projected tempering_low_43_1.json base 350 outside 7842
checked 512 pairs 130816
checked 1024 pairs 523776
checked 2048 pairs 2096128
checked 4096 pairs 8386560
checked 7842 pairs 30744561
projected tempering_low_43_2.json base 350 outside 7842
checked 512 pairs 130816
checked 1024 pairs 523776
checked 2048 pairs 2096128
checked 4096 pairs 8386560
checked 7842 pairs 30744561
projected tempering_low_43_3.json base 350 outside 7842
checked 512 pairs 130816
checked 1024 pairs 523776
checked 2048 pairs 2096128
checked 4096 pairs 8386560
checked 7842 pairs 30744561
projected tempering_best_41.json base 350 outside 7842
checked 512 pairs 130816
checked 1024 pairs 523776
checked 2048 pairs 2096128
checked 4096 pairs 8386560
checked 7842 pairs 30744561
projected tempering_best_42.json base 350 outside 7842
checked 512 pairs 130816
checked 1024 pairs 523776
checked 2048 pairs 2096128
checked 4096 pairs 8386560
checked 7842 pairs 30744561
projected tempering_best_43.json base 350 outside 7842
checked 512 pairs 130816
checked 1024 pairs 523776
checked 2048 pairs 2096128
checked 4096 pairs 8386560
checked 7842 pairs 30744561
projected tempering_best_51.json base 350 outside 7842
checked 512 pairs 130816
checked 1024 pairs 523776
checked 2048 pairs 2096128
checked 4096 pairs 8386560
checked 7842 pairs 30744561
projected tempering_best_61.json base 350 outside 7842
checked 512 pairs 130816
checked 1024 pairs 523776
checked 2048 pairs 2096128
checked 4096 pairs 8386560
checked 7842 pairs 30744561
projected anneal_best_1.json base 350 outside 7842
checked 512 pairs 130816
checked 1024 pairs 523776
checked 2048 pairs 2096128
checked 4096 pairs 8386560
checked 7842 pairs 30744561
projected anneal_best_2.json base 350 outside 7842
checked 512 pairs 130816
checked 1024 pairs 523776
checked 2048 pairs 2096128
checked 4096 pairs 8386560
checked 7842 pairs 30744561
projected anneal_best_21.json base 350 outside 7842
checked 512 pairs 130816
checked 1024 pairs 523776
checked 2048 pairs 2096128
checked 4096 pairs 8386560
checked 7842 pairs 30744561
projected anneal_best_22.json base 350 outside 7842
checked 512 pairs 130816
checked 1024 pairs 523776
checked 2048 pairs 2096128
checked 4096 pairs 8386560
checked 7842 pairs 30744561
projected anneal_best_23.json base 350 outside 7842
checked 512 pairs 130816
checked 1024 pairs 523776
checked 2048 pairs 2096128
checked 4096 pairs 8386560
checked 7842 pairs 30744561
projected anneal_best_24.json base 350 outside 7842
checked 512 pairs 130816
checked 1024 pairs 523776
checked 2048 pairs 2096128
checked 4096 pairs 8386560
checked 7842 pairs 30744561
projected anneal_best_25.json base 350 outside 7842
checked 512 pairs 130816
checked 1024 pairs 523776
checked 2048 pairs 2096128
checked 4096 pairs 8386560
checked 7842 pairs 30744561
projected anneal_best_26.json base 350 outside 7842
checked 512 pairs 130816
checked 1024 pairs 523776
checked 2048 pairs 2096128
checked 4096 pairs 8386560
checked 7842 pairs 30744561
projected anneal_best_27.json base 350 outside 7842
checked 512 pairs 130816
checked 1024 pairs 523776
checked 2048 pairs 2096128
checked 4096 pairs 8386560
checked 7842 pairs 30744561
projected pair_best_11.json base 350 outside 7842
checked 512 pairs 130816
checked 1024 pairs 523776
checked 2048 pairs 2096128
checked 4096 pairs 8386560
checked 7842 pairs 30744561
projected pair_best_12.json base 350 outside 7842
checked 512 pairs 130816
checked 1024 pairs 523776
checked 2048 pairs 2096128
checked 4096 pairs 8386560
checked 7842 pairs 30744561
projected pair_best_13.json base 350 outside 7842
checked 512 pairs 130816
checked 1024 pairs 523776
checked 2048 pairs 2096128
checked 4096 pairs 8386560
checked 7842 pairs 30744561
projected pair_best_31.json base 350 outside 7842
checked 512 pairs 130816
checked 1024 pairs 523776
checked 2048 pairs 2096128
checked 4096 pairs 8386560
checked 7842 pairs 30744561
projected pair_best_32.json base 350 outside 7842
checked 512 pairs 130816
checked 1024 pairs 523776
checked 2048 pairs 2096128
checked 4096 pairs 8386560
checked 7842 pairs 30744561
projected tempering_low_43_0.json base 350 outside 7842
checked 512 pairs 130816
checked 1024 pairs 523776
checked 2048 pairs 2096128
checked 4096 pairs 8386560
checked 7842 pairs 30744561
projected tempering_low_43_1.json base 350 outside 7842
checked 512 pairs 130816
checked 1024 pairs 523776
checked 2048 pairs 2096128
checked 4096 pairs 8386560
checked 7842 pairs 30744561
projected tempering_low_43_2.json base 350 outside 7842
checked 512 pairs 130816
checked 1024 pairs 523776
checked 2048 pairs 2096128
checked 4096 pairs 8386560
checked 7842 pairs 30744561
projected tempering_low_43_3.json base 350 outside 7842
checked 512 pairs 130816
checked 1024 pairs 523776
checked 2048 pairs 2096128
checked 4096 pairs 8386560
checked 7842 pairs 30744561
projected tempering_best_41.json base 350 outside 7842
checked 512 pairs 130816
checked 1024 pairs 523776
checked 2048 pairs 2096128
checked 4096 pairs 8386560
checked 7842 pairs 30744561
projected tempering_best_42.json base 350 outside 7842
checked 512 pairs 130816
checked 1024 pairs 523776
checked 2048 pairs 2096128
checked 4096 pairs 8386560
checked 7842 pairs 30744561
projected tempering_best_43.json base 350 outside 7842
checked 512 pairs 130816
checked 1024 pairs 523776
checked 2048 pairs 2096128
checked 4096 pairs 8386560
checked 7842 pairs 30744561
projected tempering_best_51.json base 350 outside 7842
checked 512 pairs 130816
checked 1024 pairs 523776
checked 2048 pairs 2096128
checked 4096 pairs 8386560
checked 7842 pairs 30744561
projected tempering_best_61.json base 350 outside 7842
checked 512 pairs 130816
checked 1024 pairs 523776
checked 2048 pairs 2096128
checked 4096 pairs 8386560
checked 7842 pairs 30744561
projected anneal_best_1.json base 350 outside 7842
checked 512 pairs 130816
checked 1024 pairs 523776
checked 2048 pairs 2096128
checked 4096 pairs 8386560
checked 7842 pairs 30744561
projected anneal_best_2.json base 350 outside 7842
checked 512 pairs 130816
checked 1024 pairs 523776
checked 2048 pairs 2096128
checked 4096 pairs 8386560
checked 7842 pairs 30744561
projected anneal_best_21.json base 350 outside 7842
checked 512 pairs 130816
checked 1024 pairs 523776
checked 2048 pairs 2096128
checked 4096 pairs 8386560
checked 7842 pairs 30744561
projected anneal_best_22.json base 350 outside 7842
checked 512 pairs 130816
checked 1024 pairs 523776
checked 2048 pairs 2096128
checked 4096 pairs 8386560
checked 7842 pairs 30744561
projected anneal_best_23.json base 350 outside 7842
checked 512 pairs 130816
checked 1024 pairs 523776
checked 2048 pairs 2096128
checked 4096 pairs 8386560
checked 7842 pairs 30744561
projected anneal_best_24.json base 350 outside 7842
checked 512 pairs 130816
checked 1024 pairs 523776
checked 2048 pairs 2096128
checked 4096 pairs 8386560
checked 7842 pairs 30744561
projected anneal_best_25.json base 350 outside 7842
checked 512 pairs 130816
checked 1024 pairs 523776
checked 2048 pairs 2096128
checked 4096 pairs 8386560
checked 7842 pairs 30744561
projected anneal_best_26.json base 350 outside 7842
checked 512 pairs 130816
checked 1024 pairs 523776
checked 2048 pairs 2096128
checked 4096 pairs 8386560
checked 7842 pairs 30744561
projected anneal_best_27.json base 350 outside 7842
checked 512 pairs 130816
checked 1024 pairs 523776
checked 2048 pairs 2096128
checked 4096 pairs 8386560
checked 7842 pairs 30744561
projected pair_best_11.json base 350 outside 7842
checked 512 pairs 130816
checked 1024 pairs 523776
checked 2048 pairs 2096128
checked 4096 pairs 8386560
checked 7842 pairs 30744561
projected pair_best_12.json base 350 outside 7842
checked 512 pairs 130816
checked 1024 pairs 523776
checked 2048 pairs 2096128
checked 4096 pairs 8386560
checked 7842 pairs 30744561
projected pair_best_13.json base 350 outside 7842
checked 512 pairs 130816
checked 1024 pairs 523776
checked 2048 pairs 2096128
checked 4096 pairs 8386560
checked 7842 pairs 30744561
projected pair_best_31.json base 350 outside 7842
checked 512 pairs 130816
checked 1024 pairs 523776
checked 2048 pairs 2096128
checked 4096 pairs 8386560
checked 7842 pairs 30744561
projected pair_best_32.json base 350 outside 7842
checked 512 pairs 130816
checked 1024 pairs 523776
checked 2048 pairs 2096128
checked 4096 pairs 8386560
checked 7842 pairs 30744561
projected tempering_low_43_0.json base 350 outside 7842
checked 512 pairs 130816
checked 1024 pairs 523776
checked 2048 pairs 2096128
checked 4096 pairs 8386560
checked 7842 pairs 30744561
projected tempering_low_43_1.json base 350 outside 7842
checked 512 pairs 130816
checked 1024 pairs 523776
checked 2048 pairs 2096128
checked 4096 pairs 8386560
checked 7842 pairs 30744561
projected tempering_low_43_2.json base 350 outside 7842
checked 512 pairs 130816
checked 1024 pairs 523776
checked 2048 pairs 2096128
checked 4096 pairs 8386560
checked 7842 pairs 30744561
projected tempering_low_43_3.json base 350 outside 7842
checked 512 pairs 130816
checked 1024 pairs 523776
checked 2048 pairs 2096128
checked 4096 pairs 8386560
checked 7842 pairs 30744561
projected tempering_best_41.json base 350 outside 7842
checked 512 pairs 130816
checked 1024 pairs 523776
checked 2048 pairs 2096128
checked 4096 pairs 8386560
checked 7842 pairs 30744561
projected tempering_best_42.json base 350 outside 7842
checked 512 pairs 130816
checked 1024 pairs 523776
checked 2048 pairs 2096128
checked 4096 pairs 8386560
checked 7842 pairs 30744561
projected tempering_best_43.json base 350 outside 7842
checked 512 pairs 130816
checked 1024 pairs 523776
checked 2048 pairs 2096128
checked 4096 pairs 8386560
checked 7842 pairs 30744561
projected tempering_best_51.json base 350 outside 7842
checked 512 pairs 130816
checked 1024 pairs 523776
checked 2048 pairs 2096128
checked 4096 pairs 8386560
checked 7842 pairs 30744561
projected tempering_best_61.json base 350 outside 7842
checked 512 pairs 130816
checked 1024 pairs 523776
checked 2048 pairs 2096128
checked 4096 pairs 8386560
checked 7842 pairs 30744561
projected anneal_best_1.json base 350 outside 7842
checked 512 pairs 130816
checked 1024 pairs 523776
checked 2048 pairs 2096128
checked 4096 pairs 8386560
checked 7842 pairs 30744561
projected anneal_best_2.json base 350 outside 7842
checked 512 pairs 130816
checked 1024 pairs 523776
checked 2048 pairs 2096128
checked 4096 pairs 8386560
checked 7842 pairs 30744561
projected anneal_best_21.json base 350 outside 7842
checked 512 pairs 130816
checked 1024 pairs 523776
checked 2048 pairs 2096128
checked 4096 pairs 8386560
checked 7842 pairs 30744561
projected anneal_best_22.json base 350 outside 7842
checked 512 pairs 130816
checked 1024 pairs 523776
checked 2048 pairs 2096128
checked 4096 pairs 8386560
checked 7842 pairs 30744561
projected anneal_best_23.json base 350 outside 7842
checked 512 pairs 130816
checked 1024 pairs 523776
checked 2048 pairs 2096128
checked 4096 pairs 8386560
checked 7842 pairs 30744561
projected anneal_best_24.json base 350 outside 7842
checked 512 pairs 130816
checked 1024 pairs 523776
checked 2048 pairs 2096128
checked 4096 pairs 8386560
checked 7842 pairs 30744561
projected anneal_best_25.json base 350 outside 7842
checked 512 pairs 130816
checked 1024 pairs 523776
checked 2048 pairs 2096128
checked 4096 pairs 8386560
checked 7842 pairs 30744561
projected anneal_best_26.json base 350 outside 7842
checked 512 pairs 130816
checked 1024 pairs 523776
checked 2048 pairs 2096128
checked 4096 pairs 8386560
checked 7842 pairs 30744561
projected anneal_best_27.json base 350 outside 7842
checked 512 pairs 130816
checked 1024 pairs 523776
checked 2048 pairs 2096128
checked 4096 pairs 8386560
checked 7842 pairs 30744561
projected pair_best_11.json base 350 outside 7842
checked 512 pairs 130816
checked 1024 pairs 523776
checked 2048 pairs 2096128
checked 4096 pairs 8386560
checked 7842 pairs 30744561
projected pair_best_12.json base 350 outside 7842
checked 512 pairs 130816
checked 1024 pairs 523776
checked 2048 pairs 2096128
checked 4096 pairs 8386560
checked 7842 pairs 30744561
projected pair_best_13.json base 350 outside 7842
checked 512 pairs 130816
checked 1024 pairs 523776
checked 2048 pairs 2096128
checked 4096 pairs 8386560
checked 7842 pairs 30744561
projected pair_best_31.json base 350 outside 7842
checked 512 pairs 130816
checked 1024 pairs 523776
checked 2048 pairs 2096128
checked 4096 pairs 8386560
checked 7842 pairs 30744561
projected pair_best_32.json base 350 outside 7842
checked 512 pairs 130816
checked 1024 pairs 523776
checked 2048 pairs 2096128
checked 4096 pairs 8386560
checked 7842 pairs 30744561
projected tempering_low_43_0.json base 350 outside 7842
checked 512 pairs 130816
checked 1024 pairs 523776
checked 2048 pairs 2096128
checked 4096 pairs 8386560
checked 7842 pairs 30744561
projected tempering_low_43_1.json base 350 outside 7842
checked 512 pairs 130816
checked 1024 pairs 523776
checked 2048 pairs 2096128
checked 4096 pairs 8386560
checked 7842 pairs 30744561
projected tempering_low_43_2.json base 350 outside 7842
checked 512 pairs 130816
checked 1024 pairs 523776
checked 2048 pairs 2096128
checked 4096 pairs 8386560
checked 7842 pairs 30744561
projected tempering_low_43_3.json base 350 outside 7842
checked 512 pairs 130816
checked 1024 pairs 523776
checked 2048 pairs 2096128
checked 4096 pairs 8386560
checked 7842 pairs 30744561
projected tempering_best_41.json base 350 outside 7842
checked 512 pairs 130816
checked 1024 pairs 523776
checked 2048 pairs 2096128
checked 4096 pairs 8386560
checked 7842 pairs 30744561
projected tempering_best_42.json base 350 outside 7842
checked 512 pairs 130816
checked 1024 pairs 523776
checked 2048 pairs 2096128
checked 4096 pairs 8386560
checked 7842 pairs 30744561
projected tempering_best_43.json base 350 outside 7842
checked 512 pairs 130816
checked 1024 pairs 523776
checked 2048 pairs 2096128
checked 4096 pairs 8386560
checked 7842 pairs 30744561
projected tempering_best_51.json base 350 outside 7842
checked 512 pairs 130816
checked 1024 pairs 523776
checked 2048 pairs 2096128
checked 4096 pairs 8386560
checked 7842 pairs 30744561
projected tempering_best_61.json base 350 outside 7842
checked 512 pairs 130816
checked 1024 pairs 523776
checked 2048 pairs 2096128
checked 4096 pairs 8386560
checked 7842 pairs 30744561
projected anneal_best_1.json base 350 outside 7842
checked 512 pairs 130816
checked 1024 pairs 523776
checked 2048 pairs 2096128
checked 4096 pairs 8386560
checked 7842 pairs 30744561
projected anneal_best_2.json base 350 outside 7842
checked 512 pairs 130816
checked 1024 pairs 523776
checked 2048 pairs 2096128
checked 4096 pairs 8386560
checked 7842 pairs 30744561
projected anneal_best_21.json base 350 outside 7842
checked 512 pairs 130816
checked 1024 pairs 523776
checked 2048 pairs 2096128
checked 4096 pairs 8386560
checked 7842 pairs 30744561
projected anneal_best_22.json base 350 outside 7842
checked 512 pairs 130816
checked 1024 pairs 523776
checked 2048 pairs 2096128
checked 4096 pairs 8386560
checked 7842 pairs 30744561
projected anneal_best_23.json base 350 outside 7842
checked 512 pairs 130816
checked 1024 pairs 523776
checked 2048 pairs 2096128
checked 4096 pairs 8386560
checked 7842 pairs 30744561
projected anneal_best_24.json base 350 outside 7842
checked 512 pairs 130816
checked 1024 pairs 523776
checked 2048 pairs 2096128
checked 4096 pairs 8386560
checked 7842 pairs 30744561
projected anneal_best_25.json base 350 outside 7842
checked 512 pairs 130816
checked 1024 pairs 523776
checked 2048 pairs 2096128
checked 4096 pairs 8386560
checked 7842 pairs 30744561
projected anneal_best_26.json base 350 outside 7842
checked 512 pairs 130816
checked 1024 pairs 523776
checked 2048 pairs 2096128
checked 4096 pairs 8386560
checked 7842 pairs 30744561
projected anneal_best_27.json base 350 outside 7842
checked 512 pairs 130816
checked 1024 pairs 523776
checked 2048 pairs 2096128
checked 4096 pairs 8386560
checked 7842 pairs 30744561
projected pair_best_11.json base 350 outside 7842
checked 512 pairs 130816
checked 1024 pairs 523776
checked 2048 pairs 2096128
checked 4096 pairs 8386560
checked 7842 pairs 30744561
projected pair_best_12.json base 350 outside 7842
checked 512 pairs 130816
checked 1024 pairs 523776
checked 2048 pairs 2096128
checked 4096 pairs 8386560
checked 7842 pairs 30744561
projected pair_best_13.json base 350 outside 7842
checked 512 pairs 130816
checked 1024 pairs 523776
checked 2048 pairs 2096128
checked 4096 pairs 8386560
checked 7842 pairs 30744561
projected pair_best_31.json base 350 outside 7842
checked 512 pairs 130816
checked 1024 pairs 523776
checked 2048 pairs 2096128
checked 4096 pairs 8386560
checked 7842 pairs 30744561
projected pair_best_32.json base 350 outside 7842
checked 512 pairs 130816
checked 1024 pairs 523776
checked 2048 pairs 2096128
checked 4096 pairs 8386560
checked 7842 pairs 30744561
projected tempering_low_43_0.json base 350 outside 7842
checked 512 pairs 130816
checked 1024 pairs 523776
checked 2048 pairs 2096128
checked 4096 pairs 8386560
