1 2.18 169.73023128541678 ratios [4.81761733e-02 1.05273331e-01 1.09797568e-02 4.33248254e-02
 2.09789089e+01] best 20.978908908674732
25 3.49 1.3061859546546377 ratios [0.12074824 0.72449952 0.71664411 0.32457537 3.49381447] best 3.313905529067207
50 4.78 0.5230278712520293 ratios [0.17303126 0.76714125 0.89441326 0.51833012 2.38708222] best 2.3421332827708197
75 6.07 0.24282002753963094 ratios [0.29221823 0.64188368 0.68185089 0.6927796  1.95532389] best 1.7244138141143805
100 7.42 0.2043142407865387 ratios [0.48986199 0.6728909  0.62919602 0.63799661 1.64484405] best 1.6288049587241615
125 8.65 0.20757202874403005 ratios [0.43065768 0.74692471 0.71268302 0.57450505 1.39585697] best 1.3958569695010525
150 9.79 0.16600942741960503 ratios [0.38588574 0.64994985 0.75266475 0.63399601 1.42303159] best 1.3958569695010525
175 10.96 0.15423532971107165 ratios [0.4609555  0.49390528 0.61002574 0.65917274 1.47045516] best 1.3958569695010525
200 12.13 0.13978971713022964 ratios [0.62672643 0.63631962 0.64946241 0.66308125 1.36982816] best 1.369828164364273
225 13.31 0.13113204495555153 ratios [0.63233307 0.65313645 0.59818116 0.63853281 1.3722159 ] best 1.3040327615494451
250 15.07 0.1226003267998737 ratios [0.61387952 0.65889861 0.65645732 0.50416956 1.26543057] best 1.2104132039969517
275 16.8 0.11290186645138774 ratios [0.53817735 0.66268488 0.58747232 0.3439342  1.23333261] best 1.1741166767219813
300 18.5 0.08078477274186896 ratios [0.42620515 0.67675618 0.60546652 0.6723827  1.02028539] best 0.9859526335956992
325 20.2 0.0751541772552154 ratios [0.39089844 0.6794577  0.64635275 0.3941457  0.97679376] best 0.9162410429920498
350 21.92 0.07392986736243021 ratios [0.3697856  0.67278163 0.63121498 0.5550363  0.98808909] best 0.9162410429920498
375 23.31 0.0719200031440683 ratios [0.36571235 0.70412807 0.62572111 0.25553722 1.008444  ] best 0.9162410429920498
400 25.09 0.06740484140776119 ratios [0.41451574 0.6693212  0.64298199 0.43584621 0.93051475] best 0.9162410429920498
425 26.75 0.06674971228735334 ratios [0.41962728 0.67381574 0.64505891 0.46656924 0.91688391] best 0.9079369545131333
450 28.28 0.06483191894348932 ratios [0.41548491 0.66249941 0.29716311 0.48501412 0.89415428] best 0.8488275062816464
475 29.52 0.06290914128744239 ratios [0.35949009 0.65043793 0.29107457 0.41803979 0.86986056] best 0.8488275062816464
500 31.36 0.055000750078859115 ratios [0.31697595 0.40524645 0.2843073  0.52938515 0.7636528 ] best 0.6798532771143173
525 33.12 0.0529726206230411 ratios [0.33124848 0.63041153 0.40074901 0.43736595 0.67825482] best 0.6723827397655202
550 34.75 0.05261030402854584 ratios [0.32947669 0.65497864 0.30426125 0.44988614 0.66749086] best 0.6580396765734742
575 36.56 92.78362946625569 ratios [1.53726878 0.50458254 2.86537759 8.66211289 3.28688783] best 0.64091148978906
600 38.2 0.04663329160397241 ratios [0.38773544 0.66453335 0.5786705  0.37028491 0.62248895] best 0.6116415123589647
625 39.96 0.046044768604870806 ratios [0.3974116  0.65488179 0.35498616 0.30633968 0.61284611] best 0.5964835182794781
650 41.58 0.04576346494856089 ratios [0.38223007 0.66167984 0.28545518 0.29413688 0.61624695] best 0.5964835182794781
675 43.38 0.04219655080049548 ratios [0.41974347 0.52158549 0.2154921  0.3603344  0.49481626] best 0.518878388493571
700 45.02 0.040566555641000084 ratios [0.41354081 0.65822824 0.51068332 0.42688751 0.47332271] best 0.518878388493571
725 46.62 0.03934225709022867 ratios [0.41827036 0.654431   0.24136562 0.41985136 0.49941244] best 0.518878388493571
750 48.1 0.03904113970477754 ratios [0.43535422 0.65348795 0.2450312  0.49219366 0.49202971] best 0.518878388493571
775 49.53 0.03824425842671888 ratios [0.45331819 0.60496886 0.23760735 0.5886868  0.47264068] best 0.518878388493571
800 51.11 0.0374446971652246 ratios [0.43553052 0.65308229 0.24315008 0.49397109 0.48350842] best 0.518878388493571
825 52.68 0.03714268521103176 ratios [0.4481773  0.64576017 0.22290334 0.49031925 0.47495218] best 0.518878388493571
850 54.34 0.03665782671629162 ratios [0.46726315 0.66381433 0.23404634 0.4580142  0.42495068] best 0.518878388493571
875 56.1 0.035454186176143744 ratios [0.47921781 0.65311251 0.20634383 0.44257087 0.43701276] best 0.518878388493571
900 57.77 0.03509870982131546 ratios [0.46773527 0.65933045 0.2246095  0.40284236 0.44748174] best 0.518878388493571
925 59.5 0.03419790884999665 ratios [0.49767798 0.43693615 0.26569837 0.32734675 0.42469217] best 0.4899109447054073
950 61.19 0.03390274179005363 ratios [0.49508523 0.50128172 0.261921   0.30119426 0.4066949 ] best 0.4899109447054073
975 62.88 0.03379712739848399 ratios [0.48521555 0.42119169 0.30779571 0.25993216 0.41232986] best 0.4852155480472575
1000 64.59 0.0334937512512197 ratios [0.4841266  0.35749318 0.34895874 0.24459227 0.39735676] best 0.47720473401291486
1025 66.11 0.03259078001491231 ratios [0.4684307  0.54946843 0.28308304 0.28227591 0.38759047] best 0.47720473401291486
1050 67.8 0.031922302279299514 ratios [0.47935571 0.52917168 0.36459208 0.26051921 0.38705412] best 0.47720473401291486
1075 69.68 0.031150675042694285 ratios [0.47764648 0.44274878 0.38920381 0.29957292 0.38944218] best 0.4597481261130021
1100 71.43 0.029876168496471484 ratios [0.46461912 0.35203555 0.34054934 0.26951302 0.34878478] best 0.4597481261130021
1125 73.04 0.029332493615096038 ratios [0.45047121 0.37956208 0.39550935 0.28106653 0.38240379] best 0.4496348207139178
1150 74.87 0.02909473908996102 ratios [0.47841685 0.35660169 0.52043039 0.31238065 0.36386113] best 0.44461466241152436
1175 76.59 0.028315261381257267 ratios [0.45285901 0.3393639  0.6384773  0.25201297 0.35694636] best 0.44461466241152436
1200 78.11 0.028074064896971285 ratios [0.43773635 0.27986212 0.5876818  0.24333432 0.35480578] best 0.44461466241152436
1225 79.55 0.027906304092001274 ratios [0.44544433 0.20760423 0.62043    0.27567032 0.35884565] best 0.44461466241152436
1250 81.39 0.027743198371103745 ratios [0.44762059 0.24334951 0.63762617 0.27247282 0.3541494 ] best 0.44461466241152436
1275 83.23 0.026942850922257018 ratios [0.43544199 0.31368572 0.49703765 0.20815156 0.37197778] best 0.42853806150322526
1300 84.93 0.02619992488598765 ratios [0.4247577  0.26612896 0.42831642 0.25408623 0.36244369] best 0.42831641514545993
1325 86.64 0.025929227562896444 ratios [0.43839864 0.25956215 0.5214002  0.1953774  0.35866431] best 0.42745602030856755
1350 87.91 0.0255704273115909 ratios [0.46213383 0.24299903 0.43620361 0.1574517  0.34866995] best 0.42745602030856755
1375 89.73 0.0252608331505448 ratios [0.47679441 0.24084965 0.55118065 0.16949374 0.34575385] best 0.42745602030856755
1400 91.42 0.025170094915181945 ratios [0.46877592 0.31861116 0.50353076 0.17869272 0.34626673] best 0.42745602030856755
1425 92.84 0.02602679906514809 ratios [0.43837886 0.51677139 0.39598742 0.23760678 0.33910164] best 0.42745602030856755
1450 94.5 0.024821348944944612 ratios [0.46583285 0.31049943 0.45456333 0.20430999 0.35798829] best 0.42745602030856755
1475 96.27 0.024778847739183353 ratios [0.46735563 0.30905504 0.48214149 0.19879589 0.36693602] best 0.42745602030856755
1500 98.05 0.024610178747740567 ratios [0.46132415 0.27953373 0.33878026 0.1991822  0.37730175] best 0.42745602030856755
1525 99.96 0.024382647714077815 ratios [0.43740023 0.33378694 0.22574725 0.18939405 0.36219888] best 0.41355767737893956
1550 101.79 0.024314700338167034 ratios [0.44358883 0.32930055 0.29883979 0.18674753 0.3527174 ] best 0.41355767737893956
1575 103.51 0.02409929168813243 ratios [0.4449487  0.37113816 0.29445005 0.17861306 0.33507346] best 0.41355767737893956
1600 105.34 0.023947327624148293 ratios [0.44487174 0.40619545 0.24106898 0.15915459 0.35150942] best 0.41355767737893956
1625 107.13 0.02362122483239672 ratios [0.45634665 0.41171832 0.21337358 0.19175216 0.35552458] best 0.41355767737893956
1650 108.78 0.023102595746066913 ratios [0.48245862 0.31791099 0.22939012 0.21827987 0.36171792] best 0.41355767737893956
1675 110.38 0.02280680576571927 ratios [0.49952819 0.27446481 0.23090097 0.23381689 0.33882269] best 0.41355767737893956
1700 111.98 0.022397555293826202 ratios [0.4698215  0.27043459 0.1814931  0.25131357 0.33347297] best 0.41355767737893956
1725 113.47 0.022186197554341643 ratios [0.48713587 0.2745687  0.16435807 0.24828337 0.32952416] best 0.41355767737893956
1750 115.31 0.022017283379217763 ratios [0.47121081 0.25691021 0.14357245 0.22311262 0.32169737] best 0.41355767737893956
1775 117.15 0.021766070660383913 ratios [0.47618697 0.23684722 0.205759   0.22546489 0.3180673 ] best 0.41355767737893956
1800 118.96 0.021704286469296643 ratios [0.47327694 0.27139985 0.16144806 0.23462969 0.31719555] best 0.41355767737893956
1825 120.84 0.02150880419813896 ratios [0.45704169 0.22620241 0.16815603 0.24187394 0.3150723 ] best 0.41355767737893956
1850 122.17 0.02108750669956625 ratios [0.44380387 0.25286943 0.08171011 0.20729923 0.30786547] best 0.41355767737893956
1875 123.51 0.020767436696489356 ratios [0.44823305 0.28195442 0.12367209 0.15991587 0.31902233] best 0.41355767737893956
1900 124.9 0.020684205026389197 ratios [0.45003926 0.27432911 0.11518525 0.1809801  0.30902924] best 0.41355767737893956
1925 126.98 0.020501734390183258 ratios [0.45546425 0.29409189 0.1180873  0.12749373 0.29999193] best 0.41355767737893956
1950 129.34 0.020430098873122995 ratios [0.45731627 0.29310747 0.14195361 0.12315846 0.30750096] best 0.41355767737893956
1975 131.87 0.02046954764848667 ratios [0.47805833 0.28434603 0.16060296 0.0992471  0.30771161] best 0.41355767737893956
2000 133.24 0.02029860109415712 ratios [0.47647821 0.27373912 0.12719995 0.12164369 0.31254286] best 0.41355767737893956
2025 134.66 0.02026014459759325 ratios [0.48022333 0.26919465 0.13115834 0.12578496 0.30992433] best 0.41355767737893956
2050 136.18 0.022907176445747208 ratios [0.48330978 0.38378359 0.22610708 0.11217742 0.340498  ] best 0.41355767737893956
2075 137.78 0.02011489583294201 ratios [0.47950071 0.25486942 0.20386985 0.12605595 0.30725643] best 0.41355767737893956
2100 139.24 0.02007808130345372 ratios [0.47846141 0.26180816 0.2245798  0.1432724  0.30648283] best 0.41355767737893956
2125 140.65 0.019928957460121015 ratios [0.4756018  0.23297353 0.1916138  0.1437976  0.3182174 ] best 0.41355767737893956
2150 142.17 0.019461696003112178 ratios [0.46635516 0.21179454 0.13230982 0.15151499 0.30279416] best 0.41355767737893956
2175 143.76 0.019307169460560783 ratios [0.45077269 0.24317633 0.11707786 0.14600969 0.30772055] best 0.41355767737893956
2200 145.43 0.019187104922297794 ratios [0.45926104 0.2394777  0.11728831 0.14999105 0.30218801] best 0.41355767737893956
2225 146.77 0.019116043317037236 ratios [0.4575616  0.22286727 0.09642309 0.13390365 0.30821416] best 0.41355767737893956
2250 148.34 0.01905871985512013 ratios [0.45159859 0.21279656 0.10100535 0.12673048 0.29859975] best 0.41355767737893956
2275 150.03 0.019013612795762445 ratios [0.45045134 0.22186604 0.11342292 0.13760665 0.29323886] best 0.41355767737893956
2300 151.59 0.01901939535820278 ratios [0.44485791 0.2247384  0.12592568 0.16617864 0.31021634] best 0.41355767737893956
2325 153.27 0.018687463523837166 ratios [0.43364497 0.25004442 0.0998553  0.18377697 0.29265586] best 0.41355767737893956
2350 154.97 0.018582942671058957 ratios [0.44042408 0.2493141  0.13671842 0.20666678 0.28396782] best 0.41355767737893956
STOP: TOTAL NO. of ITERATIONS REACHED LIMIT 0.018471600752175417 2000
