irregular_16 1 2.3912440768982552 time 0.01
irregular_16 2 2.19781632115734 time 0.03
irregular_16 3 2.0164685731255716 time 0.06
irregular_16 4 1.8565433422735027 time 0.09
irregular_16 5 1.766240105191056 time 0.18
irregular_16 6 1.7147445502928846 time 0.27
irregular_16 7 1.6731297671400283 time 0.33
irregular_16 8 1.6380117977640702 time 0.46
irregular_16 9 1.521655613773379 time 0.58
irregular_16 10 1.4853413565500921 time 0.78
irregular_16 11 1.4545691426119238 time 0.99
irregular_16 12 1.428943833470294 time 1.16
irregular_16 13 1.405077363820244 time 1.34
irregular_16 14 1.380920211160386 time 1.57
irregular_16 15 1.311053507871233 time 1.89
irregular_16 16 1.282764611394411 time 2.74
irregular_16 17 1.2038668976154983 time 3.52
irregular_16 18 1.0736739562142656 time 4.27
irregular_16 19 1.0017561753268167 time 4.86
irregular_16 20 0.9632625852632605 time 5.73
irregular_16 21 0.924975158151786 time 6.05
irregular_16 22 0.8408617550832134 time 6.48
irregular_16 23 0.7526522839048699 time 6.92
irregular_16 24 0.6570257156802435 time 7.27
irregular_16 25 0.6180779509166193 time 7.66
irregular_16 26 0.5879401064755659 time 8.11
irregular_16 27 0.566469948811049 time 8.84
irregular_16 28 0.5057038376500402 time 9.56
irregular_16 29 0.4907560984353983 time 9.96
irregular_16 30 0.4817478699834399 time 10.37
irregular_16 31 0.47179056367850347 time 10.83
irregular_16 32 0.4628921125879504 time 11.51
irregular_16 33 0.45682085595070937 time 12.45
irregular_16 34 0.44535020158791333 time 13.24
irregular_16 35 0.36910020317184716 time 14.65
irregular_16 36 0.28188277686305135 time 17.43
irregular_16 37 0.2590473166354333 time 19.93
irregular_16 38 0.23600502111289492 time 22.55
irregular_16 39 0.2165503414091335 time 24.87
irregular_16 40 0.18920385047269325 time 27.31
FAILED irregular_16
