irregular_16 1 130 best (-33, -1, 18.68230375, 3.06903587, 1) time 0.14
irregular_16 2 2373 best (-35, -1, 16.93631629, 3.0823928, 1) time 2.83
irregular_16 3 1915 best (-39, -1, 16.53083159, 2.84254273, 1) time 4.21
irregular_16 4 2086 best (-43, -1, 16.70043202, 2.83559881, 2) time 5.95
irregular_16 5 1721 best (-45, -1, 15.91029327, 2.81238292, 2) time 7.32
irregular_16 6 1126 best (-47, -1, 15.41332804, 2.78687983, 2) time 8.0
irregular_16 7 790 best (-49, -1, 14.45359113, 2.77384235, 2) time 8.68
irregular_16 8 431 best (-51, -1, 14.12029119, 2.79054013, 3) time 9.14
irregular_16 9 112 best (-53, -1, 13.98659377, 2.80397458, 3) time 9.34
irregular_16 10 236 best (-55, -1, 13.24759778, 2.66625872, 4) time 9.65
irregular_16 11 120 best (-57, -1, 13.06794072, 2.68722544, 4) time 9.86
irregular_16 12 210 best (-59, -1, 12.91597479, 2.58070744, 5) time 10.16
irregular_16 13 164 best (-61, -1, 12.38493338, 2.60622712, 4) time 10.42
irregular_16 14 135 best (-63, -1, 12.25147092, 2.54725933, 5) time 10.66
irregular_16 15 87 best (-65, -1, 12.13136927, 2.58983691, 5) time 10.86
irregular_16 16 54 best (-67, -1, 11.86522198, 2.58760268, 6) time 11.04
irregular_16 17 32 best (-69, -1, 11.794267, 2.55671932, 6) time 11.26
irregular_16 18 24 best (-71, -1, 12.05386245, 2.76235547, 8) time 11.41
irregular_16 19 16 best (-73, -1, 14.68743465, 2.55699236, 8) time 11.55
irregular_16 20 0 best None time 11.64
FAILED irregular_16
