ladder_14 1 122 best (-10, 0, 12.81956768, 2.50163284, 1, -0.0) time 0.09
ladder_14 2 10530 best (-31, -1, 12.64326542, 2.55144805, 2, 0.18232155679395445) time 7.02
ladder_14 3 44162 best (-35, -1, 11.68940521, 2.32254679, 2, 3.784189633918261) time 32.08
ladder_14 4 39453 best (-43, -1, 12.19030925, 2.56842135, 3, 0.3684238364278147) time 58.61
ladder_14 5 39836 best (-55, -2, 10.65743105, 2.22614131, 2, 1.97213107415293) time 83.69
ladder_14 6 37625 best (-59, -2, 10.74102746, 2.21692249, 2, 1.97213107415293) time 111.87
ladder_14 7 29969 best (-65, -2, 10.20653368, 2.2431146, 3, 1.97213107415293) time 136.26
ladder_14 8 27862 best (-67, -2, 8.67706232, 2.34776263, 3, 3.3354359170481214) time 156.14
ladder_14 9 22260 best (-69, -2, 8.02394253, 2.34556715, 3, 4.588198885543489) time 172.34
ladder_14 10 16915 best (-71, -2, 7.39213478, 2.08751506, 4, 5.332639360490985) time 184.36
ladder_14 11 12325 best (-75, -2, 7.30627657, 2.07821796, 4, 4.7182520137916875) time 192.65
ladder_14 12 6759 best (-79, -2, 6.86428665, 2.11864628, 4, 5.056577819062223) time 198.32
ladder_14 13 4314 best (-92, -3, 6.12874529, 1.98538934, 5, 5.056577819062223) time 202.94
ladder_14 14 4283 best (-94, -3, 5.67989031, 1.99451644, 5, 5.7076650104948055) time 209.53
ladder_14 15 3035 best (-99, -1, 7.3035487, 2.22032066, 7, -0.0) time 214.13
ladder_14 16 2054 best (-113, -2, 6.81435289, 2.1705647, 6, 7.498336704685502) time 218.61
ladder_14 17 2279 best (-118, -3, 6.23938765, 2.03730776, 6, 5.056577819062223) time 223.21
ladder_14 18 1716 best (-121, -5, 5.7474877, 1.54540782, 7, 5.056577819062223) time 228.56
ladder_14 19 2049 best (-130, -3, 5.42615105, 1.6537845, 6, 5.695657778351893) time 234.26
ladder_14 20 1225 best (-135, -4, 4.66891825, 1.29455097, 7, 5.695657778351893) time 239.58
ladder_14 21 1252 best (-138, -6, 5.48223769, 1.08687707, 7, 5.491895890320069) time 244.71
ladder_14 22 1349 best (-140, -6, 5.47762831, 1.08643948, 7, 5.794676387484435) time 250.39
ladder_14 23 1119 best (-140, -6, 5.47762831, 1.08643948, 7, 10.523262366690819) time 256.12
ladder_14 24 230 best (-140, -6, 5.47762831, 1.08643948, 9, 12.353724892177015) time 261.42
ladder_14 25 158 best (-134, -3, 2.32008815, 1.38300163, 10, 30.352485674483273) time 264.4
ladder_14 26 0 best None time 266.4
FAILED ladder_14
