ladder_14 100 0 error 0.16921567202012575 count 52 time 2.6
POLISH ladder_14 100 0 26 9 0.2959902018955247
ladder_14 100 1 error 0.07458767694001256 count 40 time 7.8
POLISH ladder_14 100 1 31 8 0.09566059840044412
ladder_14 100 2 error 0.010524370942789827 count 41 time 22.3
POLISH ladder_14 100 2 35 10 0.0360593197135378
ladder_14 100 3 error 0.0004755881807673694 count 37 time 36.9
POLISH ladder_14 100 3 37 10 0.0004511360999329651
ladder_14 100 4 error 1.411746383358974e-05 count 37 time 50.0
POLISH ladder_14 100 4 38 10 7.593873601101675e-16
ladder_14 101 0 error 0.20565446965732948 count 48 time 3.0
POLISH ladder_14 101 0 23 6 0.3684268606666334
ladder_14 101 1 error 0.17318767371371546 count 38 time 5.6
POLISH ladder_14 101 1 28 9 0.19300466143372008
ladder_14 101 2 error 0.007784169989853209 count 38 time 18.1
POLISH ladder_14 101 2 34 10 0.04387758605390668
ladder_14 101 3 error 0.00012277827398639456 count 36 time 32.0
POLISH ladder_14 101 3 36 10 6.977587451796313e-16
ladder_14 101 4 error 1.2316587624223434e-05 count 36 time 45.7
POLISH ladder_14 101 4 37 10 8.2579312630652e-16
ladder_14 102 0 error 0.12719191527766638 count 52 time 2.5
POLISH ladder_14 102 0 25 9 0.30997134268489845
ladder_14 102 1 error 0.061418200402324964 count 48 time 4.1
POLISH ladder_14 102 1 30 10 0.10619773799437997
ladder_14 102 2 error 0.023634963824128084 count 36 time 8.5
POLISH ladder_14 102 2 33 10 0.050046108907255096
ladder_14 102 3 error 0.0005354063535021396 count 42 time 21.1
POLISH ladder_14 102 3 43 10 8.575802198663581e-16
ladder_14 102 4 error 9.269558313918065e-05 count 42 time 34.1
POLISH ladder_14 102 4 43 10 7.46991443951139e-16
ladder_14 103 0 error 0.22604282821160307 count 52 time 12.0
POLISH ladder_14 103 0 24 9 0.3174270934350679
ladder_14 103 1 error 0.21048633611414744 count 42 time 25.8
POLISH ladder_14 103 1 27 9 0.23395656991250163
ladder_14 103 2 error 0.009125527281373991 count 38 time 40.1
POLISH ladder_14 103 2 36 10 0.03164590355765105
ladder_14 103 3 error 0.00014054509095242802 count 38 time 51.4
POLISH ladder_14 103 3 38 10 0.001568138604513905
ladder_14 103 4 error 6.002297994690843e-06 count 38 time 60.0
POLISH ladder_14 103 4 39 10 7.94542753082821e-16
ladder_14 104 0 error 0.18798739738995307 count 49 time 3.1
POLISH ladder_14 104 0 23 6 0.30032257830204834
ladder_14 104 1 error 0.1885581599746376 count 42 time 5.2
POLISH ladder_14 104 1 26 6 0.22717811457553153
