ladder_14 200 0 error 0.07190766464665528 count 37 time 4.6
POLISH ladder_14 200 0 36 10 0.015513501897233767
ladder_14 200 1 error 0.015826982814013683 count 36 time 16.6
POLISH ladder_14 200 1 36 10 0.0026324577142509955
ladder_14 200 2 error 0.0032534574155347706 count 35 time 30.0
POLISH ladder_14 200 2 35 10 0.002718167709083585
ladder_14 200 3 error 0.0006619906962771821 count 35 time 38.3
POLISH ladder_14 200 3 36 10 0.00023919747618633808
ladder_14 201 0 error 0.05253234891150431 count 47 time 8.6
POLISH ladder_14 201 0 38 10 7.616234211048167e-16
ladder_14 201 1 error 0.03474803639910562 count 39 time 16.4
POLISH ladder_14 201 1 37 10 0.03758005330742197
ladder_14 201 2 error 0.008726767328015625 count 37 time 23.5
POLISH ladder_14 201 2 37 10 0.010171435857089479
ladder_14 201 3 error 0.0002433713306852151 count 38 time 29.4
POLISH ladder_14 201 3 38 10 9.063639442845352e-16
ladder_14 202 0 error 0.031785875264441085 count 47 time 14.1
POLISH ladder_14 202 0 36 9 0.044853559981600795
ladder_14 202 1 error 0.02011259493332926 count 38 time 21.5
POLISH ladder_14 202 1 37 9 0.012031438615611383
ladder_14 202 2 error 0.008292149547481992 count 37 time 27.1
POLISH ladder_14 202 2 38 9 0.008491226187044433
ladder_14 202 3 error 0.005479284354504167 count 39 time 31.7
POLISH ladder_14 202 3 39 9 0.0055421546273064755
ladder_14 203 0 error 0.03148097898247908 count 42 time 6.0
POLISH ladder_14 203 0 34 10 0.033226945698610184
ladder_14 203 1 error 0.027757360858335335 count 37 time 12.6
POLISH ladder_14 203 1 36 10 0.025902620491007274
ladder_14 203 2 error 0.015436772089686523 count 36 time 22.2
POLISH ladder_14 203 2 37 10 0.013664540896025697
ladder_14 203 3 error 0.0011261557703295243 count 38 time 32.7
POLISH ladder_14 203 3 38 10 0.001100129693443442
ladder_14 204 0 error 0.028214903373612633 count 38 time 12.1
POLISH ladder_14 204 0 31 10 0.040547142723610236
ladder_14 204 1 error 0.028196942621461864 count 33 time 19.3
POLISH ladder_14 204 1 33 10 0.023556849160368473
ladder_14 204 2 error 0.012257949624950899 count 34 time 24.2
POLISH ladder_14 204 2 35 10 0.008821494356323631
ladder_14 204 3 error 0.0007127654273756737 count 36 time 32.6
POLISH ladder_14 204 3 36 10 8.469259933852229e-16
