ladder_14 190 0 error 1.171257353433528 count 26 time 2.3
POLISH ladder_14 190 0 21 7 1.1712441667313958
ladder_14 190 1 error 1.1712472895817854 count 18 time 3.4
POLISH ladder_14 190 1 18 5 1.171244166731564
ladder_14 190 2 error 1.1712442919583448 count 18 time 4.1
POLISH ladder_14 190 2 18 5 1.171244166731591
ladder_14 190 3 error 1.1712441670435683 count 18 time 4.7
POLISH ladder_14 190 3 18 5 1.1712441667313507
ladder_14 191 0 error 0.03217653900091011 count 39 time 4.3
POLISH ladder_14 191 0 32 9 0.05686215357275064
ladder_14 191 1 error 0.029342488001608883 count 35 time 6.1
POLISH ladder_14 191 1 35 9 0.027425621321371926
ladder_14 191 2 error 0.01213367321666046 count 35 time 9.2
POLISH ladder_14 191 2 37 10 0.00600919517069091
ladder_14 191 3 error 0.0002600504366374977 count 35 time 17.2
POLISH ladder_14 191 3 35 10 8.330257945445868e-16
ladder_14 192 0 error 0.01992455251071684 count 39 time 6.5
POLISH ladder_14 192 0 33 9 0.035575772287989006
ladder_14 192 1 error 0.020087827134166108 count 35 time 10.0
POLISH ladder_14 192 1 35 10 0.019998671077393355
ladder_14 192 2 error 0.007210000009803511 count 36 time 14.7
POLISH ladder_14 192 2 36 10 0.004031677408759747
ladder_14 192 3 error 0.00032381641832623676 count 34 time 22.9
POLISH ladder_14 192 3 35 10 7.776217649542201e-16
ladder_14 193 0 error 0.03881371923529523 count 45 time 11.6
POLISH ladder_14 193 0 33 10 0.05610107935613371
ladder_14 193 1 error 0.039410519796702285 count 38 time 18.7
POLISH ladder_14 193 1 38 10 0.022964480271429968
ladder_14 193 2 error 0.03370917946183757 count 37 time 28.0
POLISH ladder_14 193 2 38 10 0.014748765240613559
ladder_14 193 3 error 0.0004465847647535321 count 36 time 41.6
POLISH ladder_14 193 3 36 10 7.931403048770924e-16
ladder_14 194 0 error 0.023907871845158284 count 43 time 11.7
POLISH ladder_14 194 0 34 10 0.04222413905458688
ladder_14 194 1 error 0.012765737132344045 count 34 time 17.5
POLISH ladder_14 194 1 34 9 0.015583389744999615
ladder_14 194 2 error 0.004010670620044738 count 35 time 21.9
POLISH ladder_14 194 2 36 9 7.762144502542948e-16
ladder_14 194 3 error 0.00017678973874675862 count 35 time 25.9
POLISH ladder_14 194 3 35 9 8.502936112556807e-16
