{
  "core_score": 0.875,
  "worst_family_score": 0.5,
  "family_scores": {
    "spin_aliases": 0.5,
    "mixed_cancellation": 1.0,
    "weak_residues": 1.0,
    "joint_alias_cancellation": 1.0
  },
  "valid": false,
  "passed": false,
  "runtime_score": 1.0,
  "reason": "incomplete valid certificate set",
  "cases": [
    {
      "id": "case_912cad0c3db64a05b07d",
      "valid": false,
      "residual": 3.6871217101488074e-07,
      "reason": "moment residual"
    },
    {
      "id": "case_637ddd70a9624643ae61",
      "valid": true,
      "residual": 6.013708050052932e-16,
      "reason": "valid"
    },
    {
      "id": "case_02f27a723cc2472f8f71",
      "valid": true,
      "residual": 1.2816362668783596e-15,
      "reason": "valid"
    },
    {
      "id": "case_a202a9bd58f54f688e28",
      "valid": true,
      "residual": 6.877855646125752e-09,
      "reason": "valid"
    },
    {
      "id": "case_d290a23008b64924bc48",
      "valid": true,
      "residual": 8.177919352418058e-09,
      "reason": "valid"
    },
    {
      "id": "case_12089e0b2f9040bea3d0",
      "valid": true,
      "residual": 4.792069787153614e-09,
      "reason": "valid"
    },
    {
      "id": "case_90383b341c5e44f9ab11",
      "valid": true,
      "residual": 3.3012086626764064e-09,
      "reason": "valid"
    },
    {
      "id": "case_4c7692c326fd4a1e9034",
      "valid": true,
      "residual": 8.362438927650628e-09,
      "reason": "valid"
    }
  ]
}
BEST case_912cad0c3db64a05b07d 3.6871217101488074e-07 trace 7.857785088044463 support [0, 1, 4, 12, 25, 29, 40, 46, 47, 51, 52, 57, 59, 69, 74, 75, 77, 91]
MINIMAX 0 5.587358536720174e-07
MINIMAX 1 4.3976607512948484e-07
MINIMAX 2 4.309924611645144e-07
MINIMAX 3 4.727755172536282e-07
MINIMAX 4 3.9348246020272837e-07
MINIMAX 5 3.687123746020279e-07
MINIMAX 6 3.8291991980021756e-07
MINIMAX 7 3.749362083305119e-07
MINIMAX 8 3.7972983681078265e-07
MINIMAX 9 3.768679185620997e-07
MINIMAX 10 3.7866616141302156e-07
MINIMAX 11 3.7753312639304815e-07
MINIMAX 12 3.782726419136277e-07
MINIMAX 13 3.7778730783745906e-07
MINIMAX 14 3.781125473487079e-07
IHT 0 199 0.0007655310105045985 3.6871217101488074e-07
IHT 0 599 0.0007655310105045872 3.6871217101488074e-07
IHT 0 1199 0.0007655310105045547 3.6871217101488074e-07
IHT 1 199 0.05228925738409927 3.6871217101488074e-07
IHT 1 599 0.046202573513726176 3.6871217101488074e-07
IHT 1 1199 0.040651004567847 3.6871217101488074e-07
IHT 2 199 0.022899161543974794 3.6871217101488074e-07
IHT 2 599 0.022899161543953044 3.6871217101488074e-07
IHT 2 1199 0.02289916154395334 3.6871217101488074e-07
IHT 3 199 0.0007655310105046102 3.6871217101488074e-07
IHT 3 599 0.0007655310105045797 3.6871217101488074e-07
IHT 3 1199 0.0007655310105045455 3.6871217101488074e-07
IHT 4 199 0.02788976833817631 3.6871217101488074e-07
IHT 4 599 0.027889768338091536 3.6871217101488074e-07
IHT 4 1199 0.02788976833807254 3.6871217101488074e-07
IHT 5 199 0.029866084392051528 3.6871217101488074e-07
IHT 5 599 0.0298660843920517 3.6871217101488074e-07
IHT 5 1199 0.02986608439205156 3.6871217101488074e-07
IHT 6 199 0.0007655310105045985 3.6871217101488074e-07
IHT 6 599 0.0007655310105045872 3.6871217101488074e-07
IHT 6 1199 0.0007655310105045547 3.6871217101488074e-07
IHT 7 199 0.012165819128312745 3.6871217101488074e-07
IHT 7 599 0.012165819128312928 3.6871217101488074e-07
IHT 7 1199 0.002598946631708696 3.6871217101488074e-07
IHT 8 199 0.025706348993103412 3.6871217101488074e-07
IHT 8 599 0.025706348993101938 3.6871217101488074e-07
IHT 8 1199 0.018544015410554365 3.6871217101488074e-07
IHT 9 199 0.0007655310105046102 3.6871217101488074e-07
IHT 9 599 0.0007655310105045797 3.6871217101488074e-07
IHT 9 1199 0.0007655310105045455 3.6871217101488074e-07
IHT 10 199 0.045658390718266176 3.6871217101488074e-07
IHT 10 599 0.02497289599908491 3.6871217101488074e-07
IHT 10 1199 0.02497289599904589 3.6871217101488074e-07
IHT 11 199 0.03672571949222942 3.6871217101488074e-07
IHT 11 599 0.025128617579854177 3.6871217101488074e-07
IHT 11 1199 0.02304481433968359 3.6871217101488074e-07
IHT 12 199 0.0007655310105045985 3.6871217101488074e-07
IHT 12 599 0.0007655310105045872 3.6871217101488074e-07
IHT 12 1199 0.0007655310105045547 3.6871217101488074e-07
IHT 13 199 0.04374736332266835 3.6871217101488074e-07
IHT 13 599 0.043747363322673004 3.6871217101488074e-07
IHT 13 1199 0.043747363322670874 3.6871217101488074e-07
IHT 14 199 0.06688292847235244 3.6871217101488074e-07
IHT 14 599 0.04906286046947588 3.6871217101488074e-07
IHT 14 1199 0.049062860469462184 3.6871217101488074e-07
IHT 15 199 0.0007655310105046102 3.6871217101488074e-07
IHT 15 599 0.0007655310105045797 3.6871217101488074e-07
IHT 15 1199 0.0007655310105045455 3.6871217101488074e-07
IHT 16 199 0.11942804060006783 3.6871217101488074e-07
IHT 16 599 0.05416741663224011 3.6871217101488074e-07
IHT 16 1199 0.05416741663224499 3.6871217101488074e-07
IHT 17 199 0.03491597108028719 3.6871217101488074e-07
IHT 17 599 0.034915971080264736 3.6871217101488074e-07
IHT 17 1199 0.03283259229168588 3.6871217101488074e-07
IHT 18 199 0.0007655310105045985 3.6871217101488074e-07
IHT 18 599 0.0007655310105045872 3.6871217101488074e-07
IHT 18 1199 0.0007655310105045547 3.6871217101488074e-07
IHT 19 199 0.025695211516996535 3.6871217101488074e-07
IHT 19 599 0.025695211517004896 3.6871217101488074e-07
IHT 19 1199 0.025695211517002946 3.6871217101488074e-07
IHT 20 199 0.01980505791385282 3.6871217101488074e-07
IHT 20 599 0.014470532595621347 3.6871217101488074e-07
IHT 20 1199 0.01447053259561819 3.6871217101488074e-07
IHT 21 199 0.0007655310105046102 3.6871217101488074e-07
IHT 21 599 0.0007655310105045797 3.6871217101488074e-07
IHT 21 1199 0.0007655310105045455 3.6871217101488074e-07
IHT 22 199 0.038250448700041746 3.6871217101488074e-07
IHT 22 599 0.024796363863110703 3.6871217101488074e-07
IHT 22 1199 0.024366526793845437 3.6871217101488074e-07
IHT 23 199 0.08845441249946168 3.6871217101488074e-07
IHT 23 599 0.022457034069269948 3.6871217101488074e-07
IHT 23 1199 0.022457034069267013 3.6871217101488074e-07
IHT 24 199 0.0007655310105045985 3.6871217101488074e-07
IHT 24 599 0.0007655310105045872 3.6871217101488074e-07
IHT 24 1199 0.0007655310105045547 3.6871217101488074e-07
IHT 25 199 0.020043990832603505 3.6871217101488074e-07
IHT 25 599 0.019267495123453396 3.6871217101488074e-07
IHT 25 1199 0.019267495123454232 3.6871217101488074e-07
IHT 26 199 0.06507072956361343 3.6871217101488074e-07
IHT 26 599 0.0443767082776918 3.6871217101488074e-07
IHT 26 1199 0.04437670828282188 3.6871217101488074e-07
IHT 27 199 0.0007655310105046102 3.6871217101488074e-07
IHT 27 599 0.0007655310105045797 3.6871217101488074e-07
IHT 27 1199 0.0007655310105045455 3.6871217101488074e-07
IHT 28 199 0.03651194509609775 3.6871217101488074e-07
IHT 28 599 0.035147819991451654 3.6871217101488074e-07
IHT 28 1199 0.03514782000009447 3.6871217101488074e-07
IHT 29 199 0.05960290178212835 3.6871217101488074e-07
IHT 29 599 0.05960253194440311 3.6871217101488074e-07
IHT 29 1199 0.059601766728630226 3.6871217101488074e-07
IHT 30 199 0.0007655310105045985 3.6871217101488074e-07
IHT 30 599 0.0007655310105045872 3.6871217101488074e-07
IHT 30 1199 0.0007655310105045547 3.6871217101488074e-07
IHT 31 199 0.031248699833637032 3.6871217101488074e-07
IHT 31 599 0.028368506348530394 3.6871217101488074e-07
IHT 31 1199 0.02836850634852944 3.6871217101488074e-07
IHT 32 199 0.12298398392876375 3.6871217101488074e-07
IHT 32 599 0.12298289059928512 3.6871217101488074e-07
IHT 32 1199 0.04570858227870709 3.6871217101488074e-07
IHT 33 199 0.0007655310105046102 3.6871217101488074e-07
IHT 33 599 0.0007655310105045797 3.6871217101488074e-07
IHT 33 1199 0.0007655310105045455 3.6871217101488074e-07
IHT 34 199 0.023649082980141123 3.6871217101488074e-07
IHT 34 599 0.023648923873566485 3.6871217101488074e-07
IHT 34 1199 0.023648902017446058 3.6871217101488074e-07
IHT 35 199 0.07933451922241384 3.6871217101488074e-07
IHT 35 599 0.02125692598313427 3.6871217101488074e-07
IHT 35 1199 0.015260517996447478 3.6871217101488074e-07
IHT 36 199 0.0007655310105045985 3.6871217101488074e-07
IHT 36 599 0.0007655310105045872 3.6871217101488074e-07
IHT 36 1199 0.0007655310105045547 3.6871217101488074e-07
IHT 37 199 0.04043002394169563 3.6871217101488074e-07
IHT 37 599 0.021369839023412576 3.6871217101488074e-07
IHT 37 1199 0.02136983902333703 3.6871217101488074e-07
IHT 38 199 0.04005507106182601 3.6871217101488074e-07
IHT 38 599 0.04005507106180592 3.6871217101488074e-07
IHT 38 1199 0.03577530674803352 3.6871217101488074e-07
IHT 39 199 0.0007655310105046102 3.6871217101488074e-07
IHT 39 599 0.0007655310105045797 3.6871217101488074e-07
IHT 39 1199 0.0007655310105045455 3.6871217101488074e-07
IHT 40 199 0.06195041585688077 3.6871217101488074e-07
IHT 40 599 0.026636577614401795 3.6871217101488074e-07
IHT 40 1199 0.026636577614409355 3.6871217101488074e-07
IHT 41 199 0.03898765705988575 3.6871217101488074e-07
IHT 41 599 0.029361002857245987 3.6871217101488074e-07
IHT 41 1199 0.029361002857245543 3.6871217101488074e-07
IHT 42 199 0.0007655310105045985 3.6871217101488074e-07
IHT 42 599 0.0007655310105045872 3.6871217101488074e-07
IHT 42 1199 0.0007655310105045547 3.6871217101488074e-07
IHT 43 199 0.02327616588305344 3.6871217101488074e-07
IHT 43 599 0.02260731150055588 3.6871217101488074e-07
IHT 43 1199 0.022607311500549915 3.6871217101488074e-07
IHT 44 199 0.031394175794860375 3.6871217101488074e-07
IHT 44 599 0.0313942390039406 3.6871217101488074e-07
IHT 44 1199 0.03139406923500018 3.6871217101488074e-07
IHT 45 199 0.0007655310105046102 3.6871217101488074e-07
IHT 45 599 0.0007655310105045797 3.6871217101488074e-07
IHT 45 1199 0.0007655310105045455 3.6871217101488074e-07
IHT 46 199 0.07897006315126807 3.6871217101488074e-07
IHT 46 599 0.06886092775767699 3.6871217101488074e-07
IHT 46 1199 0.014515862058639658 3.6871217101488074e-07
IHT 47 199 0.024241799149309576 3.6871217101488074e-07
IHT 47 599 0.02143628325370316 3.6871217101488074e-07
IHT 47 1199 0.009307538550604157 3.6871217101488074e-07
IHT 48 199 0.0007655310105045985 3.6871217101488074e-07
IHT 48 599 0.0007655310105045872 3.6871217101488074e-07
IHT 48 1199 0.0007655310105045547 3.6871217101488074e-07
IHT 49 199 0.06232499969934425 3.6871217101488074e-07
IHT 49 599 0.06232499969931682 3.6871217101488074e-07
IHT 49 1199 0.0623249996993025 3.6871217101488074e-07
IHT 50 199 0.02808213280929602 3.6871217101488074e-07
IHT 50 599 0.023562447744484183 3.6871217101488074e-07
IHT 50 1199 0.023562447744487625 3.6871217101488074e-07
IHT 51 199 0.0007655310105046102 3.6871217101488074e-07
IHT 51 599 0.0007655310105045797 3.6871217101488074e-07
IHT 51 1199 0.0007655310105045455 3.6871217101488074e-07
IHT 52 199 0.05858591481548158 3.6871217101488074e-07
IHT 52 599 0.058585914815483524 3.6871217101488074e-07
IHT 52 1199 0.058585914815480755 3.6871217101488074e-07
IHT 53 199 0.012231756394389332 3.6871217101488074e-07
IHT 53 599 0.012231756394387814 3.6871217101488074e-07
IHT 53 1199 0.012231756394387835 3.6871217101488074e-07
IHT 54 199 0.0007655310105045985 3.6871217101488074e-07
IHT 54 599 0.0007655310105045872 3.6871217101488074e-07
IHT 54 1199 0.0007655310105045547 3.6871217101488074e-07
IHT 55 199 0.03552738887240422 3.6871217101488074e-07
IHT 55 599 0.023372085435013353 3.6871217101488074e-07
IHT 55 1199 0.02337208543501353 3.6871217101488074e-07
IHT 56 199 0.01915098854558337 3.6871217101488074e-07
IHT 56 599 0.015883931424874303 3.6871217101488074e-07
IHT 56 1199 0.015883931424872766 3.6871217101488074e-07
IHT 57 199 0.0007655310105046102 3.6871217101488074e-07
IHT 57 599 0.0007655310105045797 3.6871217101488074e-07
IHT 57 1199 0.0007655310105045455 3.6871217101488074e-07
IHT 58 199 0.036702474024235536 3.6871217101488074e-07
IHT 58 599 0.03670247402423692 3.6871217101488074e-07
IHT 58 1199 0.036702474024237715 3.6871217101488074e-07
IHT 59 199 0.022486325463413715 3.6871217101488074e-07
IHT 59 599 0.022486325463410898 3.6871217101488074e-07
IHT 59 1199 0.022486325463410107 3.6871217101488074e-07
IHT 60 199 0.0007655310105045985 3.6871217101488074e-07
IHT 60 599 0.0007655310105045872 3.6871217101488074e-07
IHT 60 1199 0.0007655310105045547 3.6871217101488074e-07
IHT 61 199 0.02373471817367847 3.6871217101488074e-07
IHT 61 599 0.02373471817368044 3.6871217101488074e-07
IHT 61 1199 0.023734718173681293 3.6871217101488074e-07
IHT 62 199 0.03463259586582095 3.6871217101488074e-07
IHT 62 599 0.034632595865820626 3.6871217101488074e-07
IHT 62 1199 0.03463259586582017 3.6871217101488074e-07
IHT 63 199 0.0007655310105046102 3.6871217101488074e-07
IHT 63 599 0.0007655310105045797 3.6871217101488074e-07
IHT 63 1199 0.0007655310105045455 3.6871217101488074e-07
IHT 64 199 0.09193347171118409 3.6871217101488074e-07
IHT 64 599 0.06763586251385643 3.6871217101488074e-07
IHT 64 1199 0.05069953418347235 3.6871217101488074e-07
IHT 65 199 0.03795708368691847 3.6871217101488074e-07
CONT 0.001 6.865887927696721e-05
CONT 0.0001 0.0004437064797919015
CONT 1e-05 0.0011112523405664375
CONT 1e-06 0.0012407510720531814
CONT 1e-07 0.0012407510720531282
CONT 1e-08 0.0012407510720530497
CONT 1e-09 0.0012407510720531352
DONE case_912cad0c3db64a05b07d 366 3.6871217101488074e-07
MINIMAX 0 5.587358536720174e-07
MINIMAX 1 4.3976607512948484e-07
MINIMAX 2 4.309924611645144e-07
MINIMAX 3 4.727755172536282e-07
MINIMAX 4 3.9348246020272837e-07
MINIMAX 5 3.687123746020279e-07
MINIMAX 6 3.8291991980021756e-07
MINIMAX 7 3.749362083305119e-07
MINIMAX 8 3.7972983681078265e-07
MINIMAX 9 3.768679185620997e-07
MINIMAX 10 3.7866616141302156e-07
MINIMAX 11 3.7753312639304815e-07
MINIMAX 12 3.782726419136277e-07
MINIMAX 13 3.7778730783745906e-07
MINIMAX 14 3.781125473487079e-07
{
  "core_score": 0.875,
  "worst_family_score": 0.5,
  "family_scores": {
    "spin_aliases": 0.5,
    "mixed_cancellation": 1.0,
    "weak_residues": 1.0,
    "joint_alias_cancellation": 1.0
  },
  "valid": false,
  "passed": false,
  "runtime_score": 1.0,
  "reason": "incomplete valid certificate set",
  "cases": [
    {
      "id": "case_912cad0c3db64a05b07d",
      "valid": false,
      "residual": 3.6871217101488074e-07,
      "reason": "moment residual"
    },
    {
      "id": "case_637ddd70a9624643ae61",
      "valid": true,
      "residual": 6.013708050052932e-16,
      "reason": "valid"
    },
    {
      "id": "case_02f27a723cc2472f8f71",
      "valid": true,
      "residual": 1.2816362668783596e-15,
      "reason": "valid"
    },
    {
      "id": "case_a202a9bd58f54f688e28",
      "valid": true,
      "residual": 6.877855646125752e-09,
      "reason": "valid"
    },
    {
      "id": "case_d290a23008b64924bc48",
      "valid": true,
      "residual": 8.177919352418058e-09,
      "reason": "valid"
    },
    {
      "id": "case_12089e0b2f9040bea3d0",
      "valid": true,
      "residual": 4.792069787153614e-09,
      "reason": "valid"
    },
    {
      "id": "case_90383b341c5e44f9ab11",
      "valid": true,
      "residual": 3.3012086626764064e-09,
      "reason": "valid"
    },
    {
      "id": "case_4c7692c326fd4a1e9034",
      "valid": true,
      "residual": 8.362438927650628e-09,
      "reason": "valid"
    }
  ]
}
