BEST case_12089e0b2f9040bea3d0 0.0005162636855530673 trace 8.837136993326911 support [0, 16, 26, 37, 38, 39, 40, 44, 52, 63, 64, 65, 68, 71, 75, 77, 83, 90]
SDP case_12089e0b2f9040bea3d0 seconds 0.17825889098457992 gradient 0.47346987270669505 trace 0.914525936430191
SUPPORT 0 [(0, 0.17252), (32, 0.095), (63, 0.08669), (78, 0.07969), (64, 0.07505), (34, 0.07415), (67, 0.04951), (54, 0.04231), (68, 0.04173), (91, 0.04126), (33, 0.03426), (84, 0.0322), (49, 0.02157), (53, 0.02157), (90, 0.01867), (15, 0.01373), (16, 0.00538), (57, 0.0), (56, 0.0), (14, 0.0), (85, 0.0), (73, 0.0), (31, 0.0), (13, 0.0), (35, 0.0), (43, 0.0)]
BEST case_12089e0b2f9040bea3d0 1.668602486075809e-05 trace 8.834431760948327 support [ 0 15 16 32 33 34 49 53 54 57 63 64 67 68 78 84 90 91]
FULL_FIT 0 1.1269448201400542e-05
BEST case_12089e0b2f9040bea3d0 8.346586941275029e-07 trace 8.83443384265638 support [ 0 15 16 32 33 34 49 53 54 57 63 64 67 68 78 84 90 91]
BEST case_12089e0b2f9040bea3d0 6.423558103716791e-07 trace 8.834433860848147 support [ 0 15 16 32 33 34 49 53 54 57 63 64 67 68 78 84 90 91]
PRUNED 0 1.087277840556318e-05 [ 0 15 16 32 33 34 49 53 54 57 63 64 67 68 78 84 90 91]
BEST case_12089e0b2f9040bea3d0 5.218102971475218e-07 trace 8.834433804921431 support [ 0 15 16 32 33 34 49 53 54 57 63 64 67 68 78 84 90 91]
SDP case_12089e0b2f9040bea3d0 seconds 0.22040473599918187 gradient 0.5293668678930387 trace 0.5961597203022677
SUPPORT 1 [(78, 0.14378), (54, 0.06956), (64, 0.06112), (32, 0.04835), (34, 0.0396), (84, 0.03477), (33, 0.03417), (53, 0.0261), (68, 0.02207), (0, 0.01988), (90, 0.01676), (63, 0.01658), (49, 0.01577), (67, 0.01516), (91, 0.01471), (15, 0.00878), (16, 0.00383), (57, 0.0), (56, 0.0), (73, 0.0), (14, 0.0), (85, 0.0), (31, 0.0), (13, 0.0), (35, 0.0), (43, 0.0)]
FULL_FIT 1 1.1625952300158948e-05
SDP case_12089e0b2f9040bea3d0 seconds 0.2710942249977961 gradient 0.5297993162120294 trace 0.34588504540156195
SUPPORT 2 [(64, 0.09554), (0, 0.04197), (32, 0.0273), (54, 0.0253), (68, 0.02527), (78, 0.02138), (34, 0.01872), (33, 0.01795), (84, 0.01528), (63, 0.0112), (67, 0.01077), (53, 0.00901), (91, 0.00735), (90, 0.00721), (15, 0.00458), (49, 0.00369), (16, 0.0021), (57, 0.0), (56, 0.0), (73, 0.0), (14, 0.0), (85, 0.0), (31, 0.0), (13, 0.0), (35, 0.0), (43, 0.0)]
FULL_FIT 2 1.1303233558383496e-05
SDP case_12089e0b2f9040bea3d0 seconds 0.22628455399535596 gradient 0.7233877215696217 trace 8.166223503524042
SUPPORT 3 [(32, 7.52822), (78, 0.24495), (90, 0.05808), (64, 0.05534), (34, 0.05412), (33, 0.0352), (54, 0.03373), (91, 0.03296), (84, 0.02409), (67, 0.01725), (49, 0.0157), (63, 0.01306), (68, 0.0123), (53, 0.01168), (15, 0.01002), (0, 0.00753), (16, 0.00418), (57, 0.0), (56, 0.0), (73, 0.0), (14, 0.0), (85, 0.0), (31, 0.0), (13, 0.0), (35, 0.0), (43, 0.0)]
FULL_FIT 3 1.1513886640988966e-05
PRUNED 3 1.010439358198468e-05 [ 0 15 16 32 33 34 49 53 54 63 64 67 68 73 78 84 90 91]
BEST case_12089e0b2f9040bea3d0 5.093445236646159e-07 trace 8.834433765576723 support [ 0 15 16 32 33 34 49 53 54 63 64 67 68 73 78 84 90 91]
BEST case_12089e0b2f9040bea3d0 4.556430564794933e-07 trace 8.834433677621037 support [ 0 15 16 32 33 34 49 53 54 63 64 67 68 73 78 84 90 91]
SDP case_12089e0b2f9040bea3d0 seconds 0.3412034680368379 gradient 0.5417493046315696 trace 0.27920059386824364
SUPPORT 4 [(32, 0.03736), (34, 0.02898), (68, 0.02895), (64, 0.02353), (54, 0.02307), (78, 0.02128), (63, 0.02098), (84, 0.01571), (33, 0.01497), (0, 0.01402), (90, 0.00952), (53, 0.00856), (91, 0.00852), (67, 0.00788), (49, 0.0059), (15, 0.00498), (16, 0.00215), (57, 0.0), (56, 0.0), (73, 0.0), (14, 0.0), (85, 0.0), (31, 0.0), (35, 0.0), (13, 0.0), (43, 0.0)]
FULL_FIT 4 1.1480244320026155e-05
SDP case_12089e0b2f9040bea3d0 seconds 0.26000405894592404 gradient 0.5050479151443571 trace 0.3983220164344138
SUPPORT 5 [(0, 0.14507), (64, 0.04985), (54, 0.03095), (68, 0.02726), (32, 0.02638), (78, 0.01892), (33, 0.01474), (34, 0.01419), (84, 0.01226), (63, 0.01176), (67, 0.00962), (53, 0.00912), (90, 0.00719), (91, 0.00632), (49, 0.00586), (15, 0.00406), (16, 0.00171), (57, 0.0), (56, 0.0), (73, 0.0), (14, 0.0), (85, 0.0), (31, 0.0), (13, 0.0), (35, 0.0), (43, 0.0)]
FULL_FIT 5 1.1345320836780951e-05
SDP case_12089e0b2f9040bea3d0 seconds 0.20466758497059345 gradient 0.5450524863749658 trace 0.19521641345954882
SUPPORT 6 [(32, 0.0317), (68, 0.02904), (64, 0.02593), (54, 0.0173), (78, 0.01697), (34, 0.012), (0, 0.01167), (33, 0.00987), (84, 0.0089), (63, 0.00704), (67, 0.00585), (53, 0.00504), (91, 0.00498), (90, 0.00455), (15, 0.00274), (16, 0.00127), (49, 0.00036), (41, 0.0), (57, 0.0), (56, 0.0), (58, 0.0), (73, 0.0), (14, 0.0), (85, 0.0), (31, 0.0), (13, 0.0)]
FULL_FIT 6 1.1807296274228592e-05
BEST case_12089e0b2f9040bea3d0 4.5208555003728446e-07 trace 8.834433689572252 support [ 0 15 16 32 33 34 41 49 53 54 63 64 67 68 78 84 90 91]
PRUNED 6 1.1323198898653562e-05 [ 0 15 16 32 33 34 53 54 57 63 64 67 68 73 78 84 90 91]
SDP case_12089e0b2f9040bea3d0 seconds 0.21126550808548927 gradient 0.5395401969745786 trace 0.2629541684091559
SUPPORT 7 [(64, 0.08532), (32, 0.03366), (78, 0.0187), (34, 0.01768), (54, 0.01729), (84, 0.01357), (33, 0.01151), (68, 0.00924), (0, 0.00858), (91, 0.00838), (90, 0.00782), (67, 0.00712), (63, 0.0066), (53, 0.00636), (15, 0.00398), (49, 0.00383), (16, 0.0017), (57, 0.0), (56, 0.0), (73, 0.0), (14, 0.0), (85, 0.0), (31, 0.0), (13, 0.0), (35, 0.0), (43, 0.0)]
FULL_FIT 7 1.148758242747985e-05
SDP case_12089e0b2f9040bea3d0 seconds 0.1618712249910459 gradient 0.5341757416969446 trace 0.4095811113818907
SUPPORT 8 [(63, 0.09009), (0, 0.043), (68, 0.0413), (64, 0.03756), (54, 0.0298), (78, 0.02796), (33, 0.02358), (32, 0.02315), (34, 0.02189), (84, 0.01643), (53, 0.01172), (67, 0.01036), (90, 0.0091), (49, 0.00686), (91, 0.0065), (15, 0.00503), (16, 0.00198), (57, 0.0), (56, 0.0), (73, 0.0), (14, 0.0), (85, 0.0), (31, 0.0), (13, 0.0), (35, 0.0), (43, 0.0)]
FULL_FIT 8 1.1499661695834e-05
SDP_LIMIT 0.5 0.011232282926965056
SDP_LIMIT 0.20116956502165442 0.0036414987718159236
SDP case_12089e0b2f9040bea3d0 seconds 0.21921330993063748 gradient 0.4492513196513794 trace 1.4309425082193106
SUPPORT 9 [(32, 0.1974), (0, 0.17859), (64, 0.16546), (78, 0.12975), (54, 0.12595), (34, 0.11208), (68, 0.09192), (33, 0.07816), (84, 0.06519), (91, 0.05318), (63, 0.05076), (90, 0.04256), (53, 0.03718), (67, 0.03515), (15, 0.02014), (49, 0.01855), (16, 0.00943), (57, 0.0), (56, 0.0), (73, 0.0), (14, 0.0), (85, 0.0), (31, 0.0), (13, 0.0), (43, 0.0), (35, 0.0)]
FULL_FIT 9 1.1643797323195017e-05
PRUNED 9 1.1504910667444854e-05 [ 0 14 16 32 33 34 49 53 54 63 64 67 68 78 84 85 90 91]
SDP case_12089e0b2f9040bea3d0 seconds 0.17510156403295696 gradient 0.5450836124681891 trace 0.18840608753720017
SUPPORT 10 [(68, 0.02523), (32, 0.02118), (63, 0.01928), (64, 0.01531), (54, 0.01475), (0, 0.01447), (78, 0.01328), (34, 0.01206), (33, 0.00967), (84, 0.00907), (67, 0.00753), (90, 0.0071), (53, 0.00543), (91, 0.00484), (49, 0.00381), (15, 0.00281), (16, 0.00111), (57, 0.0), (56, 0.0), (14, 0.0), (73, 0.0), (85, 0.0), (31, 0.0), (13, 0.0), (43, 0.0), (35, 0.0)]
FULL_FIT 10 1.1273534187063036e-05
SDP_LIMIT 0.5 7.667783723880328e-06
SDP case_12089e0b2f9040bea3d0 seconds 0.1846843989333138 gradient 0.38341067911328197 trace 0.8651162307859764
SUPPORT 11 [(0, 0.55985), (32, 0.05576), (64, 0.03132), (54, 0.02898), (33, 0.02657), (78, 0.02317), (90, 0.02308), (34, 0.01849), (63, 0.01847), (84, 0.01393), (68, 0.01335), (53, 0.0121), (49, 0.01035), (67, 0.00984), (91, 0.00793), (15, 0.0042), (16, 0.0017), (57, 0.0), (56, 0.0), (14, 0.0), (73, 0.0), (85, 0.0), (31, 0.0), (13, 0.0), (35, 0.0), (43, 0.0)]
FULL_FIT 11 1.1116375934303305e-05
SDP case_12089e0b2f9040bea3d0 seconds 0.22233330202288926 gradient 0.4890021338634721 trace 0.5674689210918225
SUPPORT 12 [(0, 0.17536), (64, 0.08665), (32, 0.0782), (54, 0.05815), (68, 0.0312), (84, 0.02322), (67, 0.01736), (34, 0.01672), (78, 0.01408), (63, 0.01285), (90, 0.01145), (33, 0.01084), (53, 0.00892), (91, 0.00697), (15, 0.00575), (49, 0.00497), (16, 0.00231), (57, 0.0), (56, 0.0), (14, 0.0), (73, 0.0), (85, 0.0), (31, 0.0), (13, 0.0), (35, 0.0), (43, 0.0)]
FULL_FIT 12 1.1402986425228902e-05
PRUNED 12 1.120730182626092e-05 [ 0 15 16 32 33 34 49 53 54 63 64 67 68 78 84 85 90 91]
SDP case_12089e0b2f9040bea3d0 seconds 0.324625586043112 gradient 0.5276372961596043 trace 0.4203447073761495
SUPPORT 13 [(32, 0.16233), (64, 0.06026), (54, 0.02734), (78, 0.02094), (33, 0.01862), (34, 0.01783), (68, 0.01634), (84, 0.01422), (67, 0.01329), (90, 0.01251), (53, 0.0111), (63, 0.00915), (91, 0.00867), (49, 0.00809), (0, 0.00802), (15, 0.00532), (16, 0.00215), (57, 0.0), (56, 0.0), (73, 0.0), (14, 0.0), (85, 0.0), (31, 0.0), (13, 0.0), (35, 0.0), (43, 0.0)]
FULL_FIT 13 1.1202708815805042e-05
SDP case_12089e0b2f9040bea3d0 seconds 0.2706819720333442 gradient 0.5425062082439367 trace 0.25788271467110213
SUPPORT 14 [(32, 0.04018), (64, 0.03599), (68, 0.02777), (63, 0.02042), (33, 0.01983), (54, 0.01845), (78, 0.01829), (34, 0.01435), (53, 0.01085), (84, 0.00993), (90, 0.00796), (67, 0.00788), (91, 0.00784), (0, 0.00699), (49, 0.00427), (15, 0.00394), (16, 0.00156), (57, 0.0), (56, 0.0), (14, 0.0), (73, 0.0), (85, 0.0), (31, 0.0), (13, 0.0), (35, 0.0), (43, 0.0)]
FULL_FIT 14 1.1477680058300379e-05
SDP case_12089e0b2f9040bea3d0 seconds 0.17511409299913794 gradient 0.5406362569637839 trace 0.24494154608429292
SUPPORT 15 [(64, 0.04975), (78, 0.03226), (54, 0.02296), (34, 0.02145), (0, 0.01925), (32, 0.01657), (68, 0.01475), (33, 0.01361), (84, 0.01035), (67, 0.00765), (91, 0.00755), (63, 0.00669), (90, 0.006), (53, 0.00583), (15, 0.00429), (49, 0.00354), (16, 0.00177), (57, 0.0), (56, 0.0), (73, 0.0), (14, 0.0), (85, 0.0), (31, 0.0), (13, 0.0), (35, 0.0), (43, 0.0)]
FULL_FIT 15 1.1689542855440725e-05
PRUNED 15 1.1502957436152566e-05 [ 0 14 15 16 32 33 34 49 53 54 63 64 67 68 78 84 90 91]
SDP case_12089e0b2f9040bea3d0 seconds 0.227372552966699 gradient 0.5287955540778078 trace 0.5305960607484159
SUPPORT 16 [(64, 0.13792), (32, 0.06594), (63, 0.05105), (78, 0.03734), (34, 0.03549), (54, 0.03549), (33, 0.03453), (68, 0.02251), (67, 0.01784), (84, 0.01542), (49, 0.01524), (90, 0.01465), (53, 0.01385), (91, 0.00823), (15, 0.00791), (0, 0.00627), (16, 0.00286), (57, 0.0), (56, 0.0), (73, 0.0), (14, 0.0), (85, 0.0), (31, 0.0), (13, 0.0), (43, 0.0), (35, 0.0)]
FULL_FIT 16 1.119232006248391e-05
SDP_LIMIT 0.5 9.943035506054798e-08
SDP case_12089e0b2f9040bea3d0 seconds 0.17673294502310455 gradient 0.5349026411420811 trace 0.30584579049851257
SUPPORT 17 [(32, 0.11997), (78, 0.02906), (64, 0.01786), (54, 0.01664), (34, 0.01644), (33, 0.01536), (68, 0.01468), (0, 0.01468), (84, 0.01117), (53, 0.00966), (91, 0.0087), (63, 0.00746), (90, 0.00689), (67, 0.00612), (49, 0.00478), (15, 0.00355), (16, 0.00164), (57, 0.0), (56, 0.0), (14, 0.0), (73, 0.0), (85, 0.0), (31, 0.0), (13, 0.0), (35, 0.0), (43, 0.0)]
FULL_FIT 17 1.1718168135637747e-05
SDP case_12089e0b2f9040bea3d0 seconds 0.2043376750079915 gradient 0.549087723957564 trace 0.1165717832700055
SUPPORT 18 [(32, 0.0159), (64, 0.01275), (78, 0.01254), (34, 0.01007), (54, 0.00957), (33, 0.00787), (68, 0.00665), (84, 0.0064), (63, 0.00593), (90, 0.00493), (67, 0.00474), (91, 0.00452), (53, 0.00401), (0, 0.00387), (49, 0.00259), (15, 0.00224), (16, 0.00094), (57, 0.0), (56, 0.0), (73, 0.0), (14, 0.0), (85, 0.0), (31, 0.0), (13, 0.0), (35, 0.0), (43, 0.0)]
FULL_FIT 18 1.204590937024772e-05
PRUNED 18 1.1247590704095575e-05 [ 0 15 16 32 33 34 49 53 54 57 63 64 67 68 78 84 90 91]
SDP case_12089e0b2f9040bea3d0 seconds 0.21643944003153592 gradient 0.5257176576451014 trace 0.4819766390861028
SUPPORT 19 [(32, 0.06683), (64, 0.0525), (78, 0.04512), (90, 0.0441), (54, 0.04294), (34, 0.03925), (33, 0.03253), (68, 0.02832), (91, 0.02572), (84, 0.0237), (67, 0.02007), (53, 0.01533), (49, 0.01115), (63, 0.01049), (15, 0.00818), (0, 0.00745), (16, 0.00371), (57, 0.0), (56, 0.0), (73, 0.0), (14, 0.0), (85, 0.0), (31, 0.0), (13, 0.0), (35, 0.0), (43, 0.0)]
FULL_FIT 19 1.1199748712259948e-05
