STAGE legacy_seed ALLOWANCE 3.0
seed scan_03_03 1e-07 [(0, 1.111781), (74, 0.883368), (87, 0.5974266), (51, 0.5334003), (38, 0.369052), (47, 0.2865057), (1, 0.1892097), (40, 0.1739712), (62, 0.1524948), (53, 0.1409531), (56, 0.0656715), (83, 0.0513966), (78, 0.0367855), (28, 0.031536), (44, 0.0220751), (85, 0.0197979), (31, 0.0163365), (30, 0.0145457), (61, 0.013422)]
scan_03_03 best 0.0011399316418008397 trace 4.969162800178283 support [0, 1, 28, 38, 40, 47, 51, 53, 56, 62, 74, 78, 83, 87]
seed scan_03_03 1e-09 [(0, 1.111781), (74, 0.883368), (87, 0.5974266), (51, 0.5334003), (38, 0.369052), (47, 0.2865057), (1, 0.1892097), (40, 0.1739712), (62, 0.1524948), (53, 0.1409531), (56, 0.0656715), (83, 0.0513966), (78, 0.0367855), (28, 0.031536), (44, 0.0220751), (85, 0.0197979), (31, 0.0163365), (30, 0.0145457), (61, 0.013422)]
seed scan_03_03 1e-05 [(0, 1.1117625), (74, 0.9110437), (87, 0.6036562), (38, 0.5467308), (51, 0.5315107), (47, 0.2690088), (1, 0.1943644), (40, 0.1737137), (53, 0.1002634), (83, 0.0962624), (78, 0.0543377), (27, 0.0478866), (89, 0.0279001), (56, 0.0275816), (85, 0.0219366), (28, 0.0200986), (75, 0.0181639), (26, 0.0168271), (25, 0.0150934)]
scan_03_03 best 0.001085878337280249 trace 4.968177383368199 support [0, 1, 27, 38, 40, 47, 51, 53, 56, 74, 78, 83, 87, 89]
seed scan_03_03 1e-11 [(0, 1.111781), (74, 0.883368), (87, 0.5974266), (51, 0.5334003), (38, 0.369052), (47, 0.2865057), (1, 0.1892097), (40, 0.1739712), (62, 0.1524948), (53, 0.1409531), (56, 0.0656715), (83, 0.0513966), (78, 0.0367855), (28, 0.031536), (44, 0.0220751), (85, 0.0197979), (31, 0.0163365), (30, 0.0145457), (61, 0.013422)]
seed scan_03_03 0.001 [(0, 1.1117883), (74, 0.8961934), (87, 0.5761472), (51, 0.5495135), (38, 0.3457014), (47, 0.2811913), (1, 0.1939874), (40, 0.1742474), (62, 0.158889), (53, 0.1209917), (78, 0.0811603), (56, 0.0797704), (83, 0.0697133), (28, 0.0694906), (48, 0.0429611), (50, 0.0260153), (26, 0.0232624), (59, 0.0191055), (30, 0.015425)]
seed scan_03_03 1e-13 [(0, 1.111781), (74, 0.883368), (87, 0.5974266), (51, 0.5334003), (38, 0.369052), (47, 0.2865057), (1, 0.1892097), (40, 0.1739712), (62, 0.1524948), (53, 0.1409531), (56, 0.0656715), (83, 0.0513966), (78, 0.0367855), (28, 0.031536), (44, 0.0220751), (85, 0.0197979), (31, 0.0163365), (30, 0.0145457), (61, 0.013422)]
seed scan_03_03 1.0 [(0, 1.114266), (56, 0.9667731), (44, 0.9423364), (45, 0.7526839), (69, 0.5936), (38, 0.5579579), (82, 0.5279872), (41, 0.4607099), (81, 0.4338318), (63, 0.4235603), (51, 0.4195389), (39, 0.419086), (75, 0.413223), (87, 0.390169), (58, 0.3821601), (70, 0.3649307), (57, 0.3584928), (74, 0.3415632), (64, 0.2967548)]
BEST scan_03_03 0.001085878337280249 trace 4.968177383368199 support [0, 1, 27, 38, 40, 47, 51, 53, 56, 74, 78, 83, 87, 89]
STAGE whitened_seed ALLOWANCE 9.0
BEST scan_03_03 0.001085878337280249 trace 4.968177383368199 support [0, 1, 27, 38, 40, 47, 51, 53, 56, 74, 78, 83, 87, 89]
SEED scan_03_03 1e-07 [(0, 1.1117888822289368), (74, 0.8888767970872824), (87, 0.5714557193610577), (51, 0.5534445187870427), (47, 0.3038828284537127), (62, 0.3029685712519614), (1, 0.1954142482740358), (38, 0.18848924621196028), (27, 0.1807277914687277), (53, 0.17814074806211502), (40, 0.17450332346659778), (56, 0.10639829175346054), (78, 0.10208476326680907), (28, 0.029807514493851984), (93, 0.02280720590620621), (44, 0.018271895093170596)]
SEED scan_03_03 1e-09 [(0, 1.1117888822289368), (74, 0.8888767970872824), (87, 0.5714557193610577), (51, 0.5534445187870427), (47, 0.3038828284537127), (62, 0.3029685712519614), (1, 0.1954142482740358), (38, 0.18848924621196028), (27, 0.1807277914687277), (53, 0.17814074806211502), (40, 0.17450332346659778), (56, 0.10639829175346054), (78, 0.10208476326680907), (28, 0.029807514493851984), (93, 0.02280720590620621), (44, 0.018271895093170596)]
SEED scan_03_03 1e-11 [(0, 1.1117888822289368), (74, 0.8888767970872824), (87, 0.5714557193610577), (51, 0.5534445187870427), (47, 0.3038828284537127), (62, 0.3029685712519614), (1, 0.1954142482740358), (38, 0.18848924621196028), (27, 0.1807277914687277), (53, 0.17814074806211502), (40, 0.17450332346659778), (56, 0.10639829175346054), (78, 0.10208476326680907), (28, 0.029807514493851984), (93, 0.02280720590620621), (44, 0.018271895093170596)]
SEED scan_03_03 1e-05 [(0, 1.1117838780600788), (74, 0.9098287761465798), (87, 0.6246670402674765), (39, 0.5365365408773369), (47, 0.30887567777413705), (62, 0.26750591004746194), (38, 0.2269831341200539), (1, 0.19483390118325356), (53, 0.18388120178433645), (40, 0.17410574191659006), (29, 0.1315268376115603), (56, 0.10113027845173617), (78, 0.08760786980600005), (23, 0.052232996290352614), (27, 0.03602735864564991), (85, 0.009602750741117853)]
BEST scan_03_03 5.642591009028901e-05 trace 4.981389448547184 support [ 0  1 23 29 38 39 40 47 53 56 62 74 78 87]
BEST scan_03_03 5.634296855720293e-05 trace 4.981399994578536 support [ 0  1 23 29 38 39 40 47 53 56 62 74 78 87]
SEED scan_03_03 1e-13 [(0, 1.1117888822289368), (74, 0.8888767970872824), (87, 0.5714557193610577), (51, 0.5534445187870427), (47, 0.3038828284537127), (62, 0.3029685712519614), (1, 0.1954142482740358), (38, 0.18848924621196028), (27, 0.1807277914687277), (53, 0.17814074806211502), (40, 0.17450332346659778), (56, 0.10639829175346054), (78, 0.10208476326680907), (28, 0.029807514493851984), (93, 0.02280720590620621), (44, 0.018271895093170596)]
SEED scan_03_03 1e-06 [(0, 1.1117888822289368), (74, 0.908833348698515), (87, 0.602282740588081), (51, 0.5430881721978597), (47, 0.3038828284537127), (62, 0.3029685712519614), (1, 0.19502801820063384), (38, 0.18848924621196028), (53, 0.17768814089720447), (40, 0.17342917568283808), (26, 0.15908547237309822), (56, 0.10973647788350395), (78, 0.07764933682164184), (61, 0.03650178021059234), (28, 0.029807514493851984), (81, 0.012407405200034407)]
SEED scan_03_03 1e-08 [(0, 1.1117888822289368), (74, 0.8888767970872824), (87, 0.5714557193610577), (51, 0.5534445187870427), (47, 0.3038828284537127), (62, 0.3029685712519614), (1, 0.1954142482740358), (38, 0.18848924621196028), (27, 0.1807277914687277), (53, 0.17814074806211502), (40, 0.17450332346659778), (56, 0.10639829175346054), (78, 0.10208476326680907), (28, 0.029807514493851984), (93, 0.02280720590620621), (44, 0.018271895093170596)]
SEED scan_03_03 1e-10 [(0, 1.1117888822289368), (74, 0.8888767970872824), (87, 0.5714557193610577), (51, 0.5534445187870427), (47, 0.3038828284537127), (62, 0.3029685712519614), (1, 0.1954142482740358), (38, 0.18848924621196028), (27, 0.1807277914687277), (53, 0.17814074806211502), (40, 0.17450332346659778), (56, 0.10639829175346054), (78, 0.10208476326680907), (28, 0.029807514493851984), (93, 0.02280720590620621), (44, 0.018271895093170596)]
CONT 0.001 0.0009240444292981749
CONT 0.0001 0.003310234099723317
BEST scan_03_03 5.6342651172195765e-05 trace 4.981400039941263 support [ 0  1 23 29 38 39 40 47 53 56 62 74 78 87]
CONT 1e-05 0.004517859606417948
CONT 1e-06 0.00969655002720397
CONT 1e-07 0.009696550027205326
CONT 1e-08 0.009696550027203328
CONT 1e-09 0.009696550027205387
BEST scan_03_03 4.641259646220863e-05 trace 4.981448578304251 support [ 0  1 23 29 39 40 47 53 56 62 74 78 87 92]
BEST scan_03_03 4.3987360067628455e-05 trace 4.981396098485261 support [ 0  1 24 29 39 40 47 53 56 62 74 78 87 92]
BEST scan_03_03 4.2480298171332365e-05 trace 4.981428089116306 support [ 0  1 24 29 39 40 47 53 56 62 74 78 86 87]
BEST scan_03_03 4.219439346198062e-05 trace 4.981404841160525 support [ 0  1 24 29 39 40 47 53 56 62 68 74 78 87]
BEST scan_03_03 3.9596297771171685e-05 trace 4.9813488684364104 support [ 0  1 25 29 39 40 47 53 56 62 68 74 78 87]
BEST scan_03_03 3.559001339476633e-05 trace 4.981367478272857 support [ 0  1 27 29 39 40 47 53 56 62 68 74 78 87]
STAGE_ERROR whitened_seed StageTimeout stage allowance exhausted
BEST scan_03_03 3.559001339476633e-05 trace 4.981367478272857 support [0, 1, 27, 29, 39, 40, 47, 53, 56, 62, 68, 74, 78, 87]
STAGE discrete_improve ALLOWANCE 9.0
BEST scan_03_03 3.559001339476633e-05 trace 4.981367478272857 support [0, 1, 27, 29, 39, 40, 47, 53, 56, 62, 68, 74, 78, 87]
CONT 0.001 0.0013361318558338653
CONT 0.0001 0.005538361129131128
CONT 1e-05 0.014716454586050276
CONT 1e-06 0.09921661372732032
CONT 1e-07 0.09921661372730939
CONT 1e-08 0.0992166137273115
CONT 1e-09 0.09921661372731583
BEST scan_03_03 3.330313116426768e-05 trace 4.98126856897473 support [ 0  1 20 27 39 40 47 53 56 62 68 74 78 87]
BEST scan_03_03 2.7270467361413996e-05 trace 4.9812981874059945 support [ 0  1 20 27 39 40 47 53 56 62 74 78 86 87]
BEST scan_03_03 1.1600415314635034e-05 trace 4.9813444147430825 support [ 0  1 20 27 38 39 40 47 53 62 74 78 86 87]
STAGE_ERROR discrete_improve StageTimeout stage allowance exhausted
BEST scan_03_03 1.1600415314635034e-05 trace 4.9813444147430825 support [0, 1, 20, 27, 38, 39, 40, 47, 53, 62, 74, 78, 86, 87]
STAGE continuous ALLOWANCE 41.1506748769898
BEST scan_03_03 1.1600415314635034e-05 trace 4.9813444147430825 support [ 0  1 20 27 38 39 40 47 53 62 74 78 86 87]
CONTINUOUS scan_03_03 0 0.0001 6.946944186782568e-05 685 [(0, 1.511), (0, 3.080641), (0, 3.86469), (0, 4.303902), (2, 5.979912), (4, 6.697664), (6, 11.024913), (8, 13.293056), (8, 12.610657), (2, 5.453861), (2, 4.331823), (0, 5.473237), (2, 3.349458), (4, 7.609536)]
BEST scan_03_03 7.265868223194083e-06 trace 4.981346650978256 support [ 0  1 18 27 38 39 40 47 53 62 74 78 87 92]
CONTINUOUS scan_03_03 0 1e-06 0.000733888436994963 403 [(0, 1.511), (0, 3.081924), (0, 3.906987), (0, 4.305275), (2, 5.979834), (4, 6.697668), (6, 11.024965), (8, 13.293142), (8, 12.610709), (2, 5.271155), (2, 4.331777), (0, 5.474808), (2, 3.349459), (4, 7.609547)]
CONTINUOUS scan_03_03 0 1e-08 0.0007344634448716696 22 [(0, 1.511), (0, 3.081913), (0, 3.906837), (0, 4.305259), (2, 5.979834), (4, 6.697667), (6, 11.024965), (8, 13.293142), (8, 12.610711), (2, 5.243616), (2, 4.331777), (0, 5.4748), (2, 3.349458), (4, 7.609547)]
CONTINUOUS scan_03_03 1 0.0001 6.987082468500298e-05 1200 [(0, 1.511), (0, 3.080623), (0, 3.863754), (0, 4.303887), (2, 5.979927), (4, 6.697664), (6, 11.024914), (8, 13.293056), (8, 12.610656), (2, 5.482183), (2, 4.331843), (0, 5.4732), (2, 3.428461), (4, 7.609536)]
CONTINUOUS scan_03_03 1 1e-06 0.0007339037497227965 383 [(0, 1.511), (0, 3.081924), (0, 3.90699), (0, 4.305275), (2, 5.979834), (4, 6.697668), (6, 11.024965), (8, 13.293142), (8, 12.610709), (2, 5.27213), (2, 4.331777), (0, 5.474808), (2, 3.349467), (4, 7.609547)]
CONTINUOUS scan_03_03 1 1e-08 0.0007344810934962684 26 [(0, 1.511), (0, 3.081913), (0, 3.906848), (0, 4.30526), (2, 5.979834), (4, 6.697667), (6, 11.024965), (8, 13.293142), (8, 12.610711), (2, 5.245116), (2, 4.331777), (0, 5.474801), (2, 3.349458), (4, 7.609547)]
CONTINUOUS scan_03_03 2 0.0001 7.038277358730163e-05 1200 [(0, 1.511), (0, 3.08061), (0, 3.862306), (0, 4.303881), (2, 5.977941), (4, 6.697666), (6, 11.024914), (8, 13.293057), (8, 12.610656), (2, 6.023308), (2, 4.331906), (0, 5.473165), (2, 3.55701), (4, 7.609536)]
CONTINUOUS scan_03_03 2 1e-06 0.0007402454968225697 66 [(0, 1.511), (0, 3.081972), (0, 3.908796), (0, 4.305325), (2, 5.979375), (4, 6.697671), (6, 11.024965), (8, 13.293142), (8, 12.610713), (2, 5.990943), (2, 4.331788), (0, 5.474888), (2, 3.349458), (4, 7.609549)]
CONTINUOUS scan_03_03 2 1e-08 0.00074095519668869 24 [(0, 1.511), (0, 3.081963), (0, 3.908719), (0, 4.305313), (2, 5.979376), (4, 6.69767), (6, 11.024966), (8, 13.293142), (8, 12.610715), (2, 5.990829), (2, 4.331788), (0, 5.474883), (2, 3.349458), (4, 7.609549)]
CONTINUOUS scan_03_03 3 0.0001 8.223440514891259e-05 1200 [(0, 1.511), (0, 3.080469), (0, 4.303807), (0, 3.853928), (2, 5.980197), (4, 6.697664), (6, 11.024919), (8, 13.293051), (8, 12.610642), (2, 5.74131), (2, 4.339032), (0, 5.472913), (2, 4.307046), (4, 7.609536)]
BEST scan_03_03 4.569579227786669e-06 trace 4.981352144128378 support [ 0  1 17 27 38 39 40 44 47 53 62 74 78 87]
BEST scan_03_03 4.569579227416595e-06 trace 4.981352144128378 support [ 0  1 17 27 38 39 40 44 47 53 62 74 78 87]
CONTINUOUS scan_03_03 3 1e-06 0.0008518561235189293 224 [(0, 1.511), (0, 3.082157), (0, 4.305717), (0, 3.908787), (2, 5.979818), (4, 6.697669), (6, 11.024934), (8, 13.293142), (8, 12.610724), (2, 5.447627), (2, 4.335386), (0, 5.475103), (2, 4.319003), (4, 7.609531)]
CONTINUOUS scan_03_03 3 1e-08 0.0008521354449865168 36 [(0, 1.511), (0, 3.082148), (0, 4.305704), (0, 3.908675), (2, 5.979818), (4, 6.697668), (6, 11.024934), (8, 13.293142), (8, 12.610725), (2, 5.439345), (2, 4.335393), (0, 5.475097), (2, 4.318956), (4, 7.609531)]
CONTINUOUS scan_03_03 4 0.0001 6.996759750063164e-05 1200 [(0, 1.511), (0, 3.080621), (0, 3.863817), (0, 4.303883), (2, 5.979903), (4, 6.697664), (6, 11.024914), (8, 13.293056), (8, 12.610656), (2, 5.416644), (2, 4.331839), (0, 5.473198), (2, 3.423152), (4, 7.609536)]
CONTINUOUS scan_03_03 4 1e-06 0.000733857450670369 369 [(0, 1.511), (0, 3.081923), (0, 3.906965), (0, 4.305273), (2, 5.979834), (4, 6.697668), (6, 11.024965), (8, 13.293142), (8, 12.610709), (2, 5.267991), (2, 4.331777), (0, 5.474806), (2, 3.349459), (4, 7.609547)]
CONTINUOUS scan_03_03 4 1e-08 0.0007343774637214376 45 [(0, 1.511), (0, 3.081912), (0, 3.90682), (0, 4.305259), (2, 5.979833), (4, 6.697667), (6, 11.024965), (8, 13.293142), (8, 12.610711), (2, 5.227738), (2, 4.331777), (0, 5.4748), (2, 3.349458), (4, 7.609547)]
CONTINUOUS scan_03_03 5 0.0001 6.971924101191351e-05 1200 [(0, 1.511), (0, 3.080653), (0, 3.864487), (0, 4.303923), (2, 5.977839), (4, 6.697666), (6, 11.024914), (8, 13.293057), (8, 12.610659), (2, 6.024951), (2, 4.331851), (0, 5.47326), (2, 3.369487), (4, 7.609536)]
CONTINUOUS scan_03_03 5 1e-06 0.0007402380572993824 63 [(0, 1.511), (0, 3.081972), (0, 3.908796), (0, 4.305325), (2, 5.979379), (4, 6.697671), (6, 11.024965), (8, 13.293142), (8, 12.610713), (2, 5.990995), (2, 4.331788), (0, 5.474888), (2, 3.349458), (4, 7.609549)]
CONTINUOUS scan_03_03 5 1e-08 0.0007409581346538505 46 [(0, 1.511), (0, 3.081962), (0, 3.908715), (0, 4.305312), (2, 5.979381), (4, 6.69767), (6, 11.024966), (8, 13.293142), (8, 12.610715), (2, 5.990936), (2, 4.331788), (0, 5.474883), (2, 3.349458), (4, 7.609549)]
CONTINUOUS scan_03_03 6 0.0001 7.083970941345715e-05 1200 [(0, 1.511), (0, 3.080573), (0, 3.8602), (0, 4.303857), (2, 5.976589), (4, 6.697666), (6, 11.024915), (8, 13.293055), (8, 12.610653), (2, 6.005098), (2, 4.331986), (0, 5.473095), (2, 3.744975), (4, 7.609536)]
CONTINUOUS scan_03_03 6 1e-06 0.000740199684436775 78 [(0, 1.511), (0, 3.081972), (0, 3.908799), (0, 4.305326), (2, 5.979033), (4, 6.697671), (6, 11.024965), (8, 13.293142), (8, 12.610713), (2, 5.986239), (2, 4.331788), (0, 5.474889), (2, 3.349458), (4, 7.609549)]
CONTINUOUS scan_03_03 6 1e-08 0.0007409232049488078 33 [(0, 1.511), (0, 3.081963), (0, 3.908723), (0, 4.305314), (2, 5.979035), (4, 6.69767), (6, 11.024966), (8, 13.293142), (8, 12.610715), (2, 5.986218), (2, 4.331788), (0, 5.474884), (2, 3.349458), (4, 7.609549)]
CONTINUOUS scan_03_03 7 0.0001 6.944296419589608e-05 1200 [(0, 1.511), (0, 3.864666), (0, 3.080642), (0, 4.303905), (2, 5.97993), (4, 6.697664), (6, 11.024913), (8, 13.293056), (8, 12.610658), (2, 5.501937), (2, 4.331826), (0, 5.473239), (2, 3.35041), (4, 7.609536)]
CONTINUOUS scan_03_03 7 1e-06 0.0007338400363518516 384 [(0, 1.511), (0, 3.906967), (0, 3.081923), (0, 4.305273), (2, 5.979834), (4, 6.697668), (6, 11.024965), (8, 13.293142), (8, 12.610709), (2, 5.267874), (2, 4.331777), (0, 5.474807), (2, 3.349458), (4, 7.609547)]
CONTINUOUS scan_03_03 7 1e-08 0.0007343978235164565 44 [(0, 1.511), (0, 3.906819), (0, 3.081912), (0, 4.305258), (2, 5.979833), (4, 6.697667), (6, 11.024965), (8, 13.293142), (8, 12.610711), (2, 5.23057), (2, 4.331777), (0, 5.474799), (2, 3.349458), (4, 7.609547)]
CONTINUOUS scan_03_03 8 0.0001 6.947154498138727e-05 1169 [(0, 1.511), (0, 3.864691), (0, 3.080641), (0, 4.303901), (2, 5.979911), (4, 6.697664), (6, 11.024913), (8, 13.293056), (8, 12.610657), (2, 5.451108), (2, 4.331823), (0, 5.473237), (2, 3.34948), (4, 7.609536)]
CONTINUOUS scan_03_03 8 1e-06 0.0007338893245190219 435 [(0, 1.511), (0, 3.906975), (0, 3.081923), (0, 4.305274), (2, 5.979834), (4, 6.697668), (6, 11.024965), (8, 13.293142), (8, 12.610709), (2, 5.267567), (2, 4.331777), (0, 5.474807), (2, 3.349458), (4, 7.609547)]
CONTINUOUS scan_03_03 8 1e-08 0.0007343793364830825 53 [(0, 1.511), (0, 3.906823), (0, 3.081912), (0, 4.305259), (2, 5.979833), (4, 6.697667), (6, 11.024965), (8, 13.293142), (8, 12.610711), (2, 5.229366), (2, 4.331777), (0, 5.4748), (2, 3.349458), (4, 7.609547)]
CONTINUOUS scan_03_03 9 0.0001 6.940107560915272e-05 1200 [(0, 1.511), (0, 3.864738), (0, 3.080659), (0, 4.303929), (2, 5.983328), (4, 6.697666), (6, 11.024914), (8, 12.610659), (8, 13.293057), (2, 5.955504), (2, 4.331844), (0, 5.47327), (2, 3.349848), (4, 7.609536)]
CONTINUOUS scan_03_03 9 1e-06 0.0007401294784347562 50 [(0, 1.511), (0, 3.908793), (0, 3.081973), (0, 4.305328), (2, 5.980714), (4, 6.697671), (6, 11.024965), (8, 12.610713), (8, 13.293142), (2, 5.973848), (2, 4.331788), (0, 5.47489), (2, 3.349458), (4, 7.609548)]
CONTINUOUS scan_03_03 9 1e-08 0.0007408522832994096 31 [(0, 1.511), (0, 3.90872), (0, 3.081964), (0, 4.305316), (2, 5.980711), (4, 6.69767), (6, 11.024966), (8, 12.610715), (8, 13.293142), (2, 5.973869), (2, 4.331788), (0, 5.474885), (2, 3.349458), (4, 7.609549)]
CONTINUOUS scan_03_03 10 0.0001 6.939266677653544e-05 1143 [(0, 1.511), (0, 3.864745), (0, 3.080659), (0, 4.303929), (2, 5.982867), (4, 6.697666), (6, 11.024914), (8, 12.610659), (8, 13.293057), (2, 5.951881), (2, 4.331844), (0, 5.47327), (2, 3.34947), (4, 7.609536)]
CONTINUOUS scan_03_03 10 1e-06 0.0007401222222622763 52 [(0, 1.511), (0, 3.908794), (0, 3.081973), (0, 4.305328), (2, 5.980597), (4, 6.697671), (6, 11.024965), (8, 12.610713), (8, 13.293142), (2, 5.972909), (2, 4.331788), (0, 5.47489), (2, 3.349458), (4, 7.609548)]
CONTINUOUS scan_03_03 10 1e-08 0.0007408399077111818 27 [(0, 1.511), (0, 3.908726), (0, 3.081964), (0, 4.305316), (2, 5.980593), (4, 6.69767), (6, 11.024966), (8, 12.610715), (8, 13.293142), (2, 5.972943), (2, 4.331788), (0, 5.474886), (2, 3.349458), (4, 7.609549)]
CONTINUOUS scan_03_03 11 0.0001 6.939718057840337e-05 277 [(0, 1.511), (0, 3.864746), (0, 3.080659), (0, 4.303929), (2, 5.983296), (4, 6.697666), (6, 11.024914), (8, 12.610659), (8, 13.293057), (2, 5.955279), (2, 4.331844), (0, 5.47327), (2, 3.349467), (4, 7.609536)]
CONTINUOUS scan_03_03 11 1e-06 0.0007401265437423482 52 [(0, 1.511), (0, 3.908794), (0, 3.081973), (0, 4.305328), (2, 5.980706), (4, 6.697671), (6, 11.024965), (8, 12.610713), (8, 13.293142), (2, 5.97379), (2, 4.331788), (0, 5.47489), (2, 3.349458), (4, 7.609548)]
CONTINUOUS scan_03_03 11 1e-08 0.0007408457134433615 30 [(0, 1.511), (0, 3.908729), (0, 3.081964), (0, 4.305317), (2, 5.980703), (4, 6.69767), (6, 11.024966), (8, 12.610715), (8, 13.293142), (2, 5.973811), (2, 4.331788), (0, 5.474886), (2, 3.349458), (4, 7.609549)]
CONTINUOUS scan_03_03 12 0.0001 8.332736444238709e-05 1200 [(0, 1.511), (0, 3.853924), (0, 3.080477), (0, 4.303824), (2, 5.977435), (4, 6.697664), (6, 11.024919), (8, 12.610642), (8, 13.293051), (2, 6.014082), (2, 4.351647), (0, 5.472939), (2, 4.322363), (4, 7.609536)]
CONTINUOUS scan_03_03 12 1e-06 0.0008555990212888558 71 [(0, 1.511), (0, 3.909251), (0, 3.082157), (0, 4.3057), (2, 5.979236), (4, 6.697672), (6, 11.024935), (8, 12.610726), (8, 13.293142), (2, 5.988207), (2, 4.342363), (0, 5.475113), (2, 4.326635), (4, 7.609532)]
CONTINUOUS scan_03_03 12 1e-08 0.0008557982833219333 28 [(0, 1.511), (0, 3.909126), (0, 3.082148), (0, 4.305687), (2, 5.979244), (4, 6.697671), (6, 11.024935), (8, 12.610727), (8, 13.293142), (2, 5.988082), (2, 4.342383), (0, 5.475107), (2, 4.326624), (4, 7.609532)]
CONTINUOUS scan_03_03 13 0.0001 6.944838703042122e-05 234 [(0, 1.511), (0, 3.864736), (0, 3.080659), (0, 4.303928), (2, 5.976927), (4, 6.697666), (6, 11.024914), (8, 12.610659), (8, 13.293058), (2, 6.010013), (2, 4.331846), (0, 5.47327), (2, 3.349458), (4, 7.609536)]
CONTINUOUS scan_03_03 13 1e-06 0.0007401921000008601 53 [(0, 1.511), (0, 3.908799), (0, 3.081972), (0, 4.305326), (2, 5.979154), (4, 6.697671), (6, 11.024965), (8, 12.610713), (8, 13.293142), (2, 5.987336), (2, 4.331788), (0, 5.474888), (2, 3.349458), (4, 7.609549)]
CONTINUOUS scan_03_03 13 1e-08 0.000740939293336652 30 [(0, 1.511), (0, 3.908709), (0, 3.081962), (0, 4.305313), (2, 5.979155), (4, 6.69767), (6, 11.024966), (8, 12.610715), (8, 13.293142), (2, 5.987311), (2, 4.331788), (0, 5.474883), (2, 3.349458), (4, 7.609549)]
CONTINUOUS scan_03_03 14 0.0001 6.944336069866536e-05 1200 [(0, 1.511), (0, 3.864745), (0, 3.080659), (0, 4.303929), (2, 5.981443), (4, 6.697666), (6, 11.024914), (8, 12.610659), (8, 13.293057), (2, 5.92815), (2, 4.331843), (0, 5.47327), (2, 3.349458), (4, 7.609536)]
CONTINUOUS scan_03_03 14 1e-06 0.0007400749008494578 52 [(0, 1.511), (0, 3.908791), (0, 3.081973), (0, 4.305329), (2, 5.980242), (4, 6.697671), (6, 11.024965), (8, 12.610713), (8, 13.293142), (2, 5.966714), (2, 4.331788), (0, 5.47489), (2, 3.349458), (4, 7.609548)]
CONTINUOUS scan_03_03 14 1e-08 0.000740796482420469 30 [(0, 1.511), (0, 3.90872), (0, 3.081964), (0, 4.305317), (2, 5.980239), (4, 6.69767), (6, 11.024965), (8, 12.610715), (8, 13.293142), (2, 5.966722), (2, 4.331788), (0, 5.474886), (2, 3.349458), (4, 7.609549)]
CONTINUOUS scan_03_03 15 0.0001 6.992862129162465e-05 1200 [(0, 1.511), (0, 3.863368), (0, 3.080632), (0, 4.303904), (2, 5.989615), (4, 6.697666), (6, 11.024914), (8, 12.610658), (8, 13.293057), (2, 5.971294), (2, 4.331876), (0, 5.473213), (2, 3.470411), (4, 7.609536)]
CONTINUOUS scan_03_03 15 1e-06 0.0007401671277213265 55 [(0, 1.511), (0, 3.908795), (0, 3.081972), (0, 4.305327), (2, 5.982297), (4, 6.697671), (6, 11.024965), (8, 12.610713), (8, 13.293142), (2, 5.977723), (2, 4.331788), (0, 5.474889), (2, 3.349458), (4, 7.609549)]
CONTINUOUS scan_03_03 15 1e-08 0.0007408905270093099 26 [(0, 1.511), (0, 3.908728), (0, 3.081964), (0, 4.305315), (2, 5.982285), (4, 6.69767), (6, 11.024966), (8, 12.610715), (8, 13.293142), (2, 5.977731), (2, 4.331788), (0, 5.474885), (2, 3.349458), (4, 7.609549)]
CONTINUOUS scan_03_03 16 0.0001 6.939270533877227e-05 1022 [(0, 1.511), (0, 3.864745), (0, 3.080659), (0, 4.303929), (2, 5.982914), (4, 6.697666), (6, 11.024914), (8, 12.610659), (8, 13.293057), (2, 5.952288), (2, 4.331844), (0, 5.47327), (2, 3.349502), (4, 7.609536)]
CONTINUOUS scan_03_03 16 1e-06 0.000740128448827535 57 [(0, 1.511), (0, 3.908794), (0, 3.081973), (0, 4.305328), (2, 5.98061), (4, 6.697671), (6, 11.024965), (8, 12.610713), (8, 13.293142), (2, 5.97302), (2, 4.331788), (0, 5.47489), (2, 3.349458), (4, 7.609548)]
CONTINUOUS scan_03_03 16 1e-08 0.0007408403097631036 28 [(0, 1.511), (0, 3.908734), (0, 3.081965), (0, 4.305317), (2, 5.980606), (4, 6.69767), (6, 11.024966), (8, 12.610715), (8, 13.293142), (2, 5.973046), (2, 4.331788), (0, 5.474886), (2, 3.349458), (4, 7.609549)]
CONTINUOUS scan_03_03 17 0.0001 6.952575736472291e-05 1200 [(0, 1.511), (0, 3.864535), (0, 3.080655), (0, 4.303926), (2, 5.974383), (4, 6.697666), (6, 11.024914), (8, 12.610659), (8, 13.293057), (2, 5.995932), (2, 4.331849), (0, 5.473263), (2, 3.369381), (4, 7.609536)]
CONTINUOUS scan_03_03 17 1e-06 0.0007401817944222243 62 [(0, 1.511), (0, 3.908795), (0, 3.081972), (0, 4.305327), (2, 5.978531), (4, 6.697671), (6, 11.024965), (8, 12.610713), (8, 13.293142), (2, 5.9838), (2, 4.331788), (0, 5.474889), (2, 3.349458), (4, 7.609549)]
CONTINUOUS scan_03_03 17 1e-08 0.000740905895487536 30 [(0, 1.511), (0, 3.908719), (0, 3.081963), (0, 4.305314), (2, 5.978533), (4, 6.69767), (6, 11.024966), (8, 12.610715), (8, 13.293142), (2, 5.983779), (2, 4.331788), (0, 5.474884), (2, 3.349458), (4, 7.609549)]
CONTINUOUS scan_03_03 18 0.0001 6.952372422510181e-05 1200 [(0, 1.511), (0, 3.864521), (0, 3.080639), (0, 4.303901), (2, 5.979926), (4, 6.697664), (6, 11.024913), (8, 12.610657), (8, 13.293056), (2, 5.490223), (2, 4.331828), (0, 5.473233), (2, 3.363016), (4, 7.609536)]
CONTINUOUS scan_03_03 18 1e-06 0.0007339057151250356 432 [(0, 1.511), (0, 3.907003), (0, 3.081924), (0, 4.305276), (2, 5.979834), (4, 6.697668), (6, 11.024965), (8, 12.610709), (8, 13.293142), (2, 5.274227), (2, 4.331777), (0, 5.474809), (2, 3.34946), (4, 7.609547)]
CONTINUOUS scan_03_03 18 1e-08 0.0007344670022318516 47 [(0, 1.511), (0, 3.906856), (0, 3.081913), (0, 4.305261), (2, 5.979834), (4, 6.697667), (6, 11.024965), (8, 12.610711), (8, 13.293142), (2, 5.243484), (2, 4.331777), (0, 5.474802), (2, 3.349458), (4, 7.609547)]
CONTINUOUS scan_03_03 19 0.0001 6.944262285191154e-05 995 [(0, 1.511), (0, 3.864737), (0, 3.080659), (0, 4.303928), (2, 5.976406), (4, 6.697666), (6, 11.024914), (8, 12.610659), (8, 13.293058), (2, 6.005359), (2, 4.331846), (0, 5.47327), (2, 3.349608), (4, 7.609536)]
CONTINUOUS scan_03_03 19 1e-06 0.0007402027679028155 61 [(0, 1.511), (0, 3.908796), (0, 3.081972), (0, 4.305326), (2, 5.979023), (4, 6.697671), (6, 11.024965), (8, 12.610713), (8, 13.293142), (2, 5.98617), (2, 4.331788), (0, 5.474888), (2, 3.349458), (4, 7.609549)]
CONTINUOUS scan_03_03 19 1e-08 0.0007409212731153761 30 [(0, 1.511), (0, 3.908731), (0, 3.081964), (0, 4.305315), (2, 5.979025), (4, 6.69767), (6, 11.024966), (8, 12.610715), (8, 13.293142), (2, 5.98615), (2, 4.331788), (0, 5.474885), (2, 3.349458), (4, 7.609549)]
BEST scan_03_03 4.569579227416595e-06 trace 4.981352144128378 support [0, 1, 17, 27, 38, 39, 40, 44, 47, 53, 62, 74, 78, 87]
STAGE final_improve ALLOWANCE 6.0690208110027015
BEST scan_03_03 4.569579227416595e-06 trace 4.981352144128378 support [0, 1, 17, 27, 38, 39, 40, 44, 47, 53, 62, 74, 78, 87]
CONT 0.001 7.964440003239486e-05
CONT 0.0001 0.0003501006419585226
CONT 1e-05 0.0008816598212934216
CONT 1e-06 0.0010773970049123332
CONT 1e-07 0.0010773970049123198
CONT 1e-08 0.0010773970049123283
CONT 1e-09 0.0010773970049123528
BEST scan_03_03 3.5628426801418795e-06 trace 4.98135810987612 support [ 0  1 27 38 39 40 44 47 53 55 62 74 78 87]
BEST scan_03_03 3.0486809495429887e-06 trace 4.981349590742244 support [ 0  1 27 38 39 40 47 53 55 56 62 74 78 87]
BEST scan_03_03 2.9916377404977843e-06 trace 4.981356794412303 support [ 0  1 15 27 38 39 40 47 53 56 62 74 78 87]
BEST scan_03_03 2.991635964511019e-06 trace 4.981356794399529 support [ 0  1 15 27 38 39 40 47 53 56 74 78 86 87]
STAGE_ERROR final_improve StageTimeout stage allowance exhausted
