{
  "diagnostic_only": true,
  "official_hidden_assay": false,
  "valid": true,
  "passed": false,
  "reason": "public diagnostic does not meet all conditions",
  "core_score": 0.6776315789473685,
  "worst_family_score": 0.03289473684210526,
  "family_scores": {
    "nominal": 1.0,
    "vv": 1.0,
    "full": 0.03289473684210526
  },
  "nominal": {
    "valid": true,
    "passed": true,
    "reason": "witness passes",
    "core_score": 1.0,
    "admissibility": {
      "hf_weight": true,
      "spectral_gap": true,
      "diagonal_margin": true,
      "eigen_residual": true
    },
    "witness_checks": {
      "all_triples_small": true,
      "material_tail": true,
      "large_ratio": true
    },
    "numerical_valid": true,
    "metrics": {
      "full_energy_eh": -3.039248751713566,
      "third_order_energy_eh": -3.039148853067813,
      "tail_eh": 9.989864575299379e-05,
      "max_abs_triple_eh": 7.687362284514165e-07,
      "tail_to_parent_ratio": 129.95178587359538,
      "hf_weight": 0.9809763147958396,
      "spectral_gap_eh": 0.7805982622546677,
      "diagonal_margin_eh": 0.9657140146540568
    },
    "max_numerical_error_eh": 1.3322676295501878e-15
  },
  "robustness_families": {
    "vv": {
      "case_count": 64,
      "required_successes": 61,
      "successes": 61,
      "success_fraction": 0.953125,
      "physically_valid_cases": 64,
      "numerically_valid_cases": 64,
      "failure_counts_nonexclusive": {
        "parents": 2,
        "ratio": 3
      },
      "failure_clusters": {
        "pass": 61,
        "parents+ratio": 2,
        "ratio": 1
      },
      "physical_failure_counts": {},
      "metric_ranges": {
        "full_energy_eh": {
          "min": -3.0392638322902603,
          "max": -3.0392346449824488
        },
        "third_order_energy_eh": {
          "min": -3.0391633094008474,
          "max": -3.0391359520834866
        },
        "tail_eh": {
          "min": 9.857322090622844e-05,
          "max": 0.00010076099069022959
        },
        "max_abs_triple_eh": {
          "min": 7.318833246117151e-07,
          "max": 1.050490386678149e-06
        },
        "tail_to_parent_ratio": {
          "min": 95.77856692920028,
          "max": 136.6663735424585
        },
        "hf_weight": {
          "min": 0.9809523272561588,
          "max": 0.9810040989713695
        },
        "spectral_gap_eh": {
          "min": 0.7793371124195749,
          "max": 0.7817560283761074
        },
        "diagonal_margin_eh": {
          "min": 0.9657140146540568,
          "max": 0.9657140146540568
        }
      },
      "minimum_individual_nominal_score": 0.9519363648459371,
      "max_numerical_error_eh": 1.7763568394002505e-15
    },
    "full": {
      "case_count": 64,
      "required_successes": 61,
      "successes": 2,
      "success_fraction": 0.03125,
      "physically_valid_cases": 64,
      "numerically_valid_cases": 64,
      "failure_counts_nonexclusive": {
        "parents": 62,
        "ratio": 62
      },
      "failure_clusters": {
        "parents+ratio": 62,
        "pass": 2
      },
      "physical_failure_counts": {},
      "metric_ranges": {
        "full_energy_eh": {
          "min": -3.0424221053170046,
          "max": -3.0364678044878803
        },
        "third_order_energy_eh": {
          "min": -3.0423218223858637,
          "max": -3.0363686647457677
        },
        "tail_eh": {
          "min": 9.681094428071191e-05,
          "max": 0.00010225604475788685
        },
        "max_abs_triple_eh": {
          "min": 8.50680178743346e-07,
          "max": 1.476818035772709e-05
        },
        "tail_to_parent_ratio": {
          "min": 6.555373914434756,
          "max": 118.26512160924298
        },
        "hf_weight": {
          "min": 0.9807361992250708,
          "max": 0.9812322157535681
        },
        "spectral_gap_eh": {
          "min": 0.7773329216106672,
          "max": 0.7835870819014561
        },
        "diagonal_margin_eh": {
          "min": 0.9622988838309472,
          "max": 0.9684527995711645
        }
      },
      "minimum_individual_nominal_score": 0.06555373914434756,
      "max_numerical_error_eh": 2.220446049250313e-15
    }
  },
  "runtime_seconds": 1.8433200470171869
}
