{
  "diagnostic_only": true,
  "official_hidden_assay": false,
  "valid": true,
  "passed": false,
  "reason": "public diagnostic does not meet all conditions",
  "core_score": 0.5690789473684211,
  "worst_family_score": 0.0,
  "family_scores": {
    "nominal": 1.0,
    "vv": 0.7072368421052632,
    "full": 0.0
  },
  "nominal": {
    "valid": true,
    "passed": true,
    "reason": "witness passes",
    "core_score": 1.0,
    "admissibility": {
      "hf_weight": true,
      "spectral_gap": true,
      "diagonal_margin": true,
      "eigen_residual": true
    },
    "witness_checks": {
      "all_triples_small": true,
      "material_tail": true,
      "large_ratio": true
    },
    "numerical_valid": true,
    "metrics": {
      "full_energy_eh": -3.036823735518101,
      "third_order_energy_eh": -3.0368937354348535,
      "tail_eh": 6.999991675238348e-05,
      "max_abs_triple_eh": 1.0268887962183726e-09,
      "tail_to_parent_ratio": 68166.98849005427,
      "hf_weight": 0.9842780359052317,
      "spectral_gap_eh": 0.6982341239089394,
      "diagonal_margin_eh": 0.9657140146540568
    },
    "max_numerical_error_eh": 1.3322676295501878e-15
  },
  "robustness_families": {
    "vv": {
      "case_count": 64,
      "required_successes": 61,
      "successes": 43,
      "success_fraction": 0.671875,
      "physically_valid_cases": 64,
      "numerically_valid_cases": 64,
      "failure_counts_nonexclusive": {
        "ratio": 21
      },
      "failure_clusters": {
        "ratio": 21,
        "pass": 43
      },
      "physical_failure_counts": {},
      "metric_ranges": {
        "full_energy_eh": {
          "min": -3.036836311562499,
          "max": -3.0368146495119013
        },
        "third_order_energy_eh": {
          "min": -3.0369065968109,
          "max": -3.0368842599971937
        },
        "tail_eh": {
          "min": 6.947688225755755e-05,
          "max": 7.079215859073784e-05
        },
        "max_abs_triple_eh": {
          "min": 2.722602210347702e-07,
          "max": 9.64765356936681e-07
        },
        "tail_to_parent_ratio": {
          "min": 72.33009190839526,
          "max": 257.20020900851017
        },
        "hf_weight": {
          "min": 0.9842606602872727,
          "max": 0.9842923355493084
        },
        "spectral_gap_eh": {
          "min": 0.6971235725308524,
          "max": 0.6994545162224353
        },
        "diagonal_margin_eh": {
          "min": 0.9657140146540568,
          "max": 0.9657140146540568
        }
      },
      "minimum_individual_nominal_score": 0.7233009190839526,
      "max_numerical_error_eh": 2.6645352591003757e-15
    },
    "full": {
      "case_count": 64,
      "required_successes": 61,
      "successes": 0,
      "success_fraction": 0.0,
      "physically_valid_cases": 64,
      "numerically_valid_cases": 64,
      "failure_counts_nonexclusive": {
        "parents": 64,
        "ratio": 64
      },
      "failure_clusters": {
        "parents+ratio": 64
      },
      "physical_failure_counts": {},
      "metric_ranges": {
        "full_energy_eh": {
          "min": -3.0400059192966977,
          "max": -3.034063237485392
        },
        "third_order_energy_eh": {
          "min": -3.0400751952655276,
          "max": -3.0341340672466006
        },
        "tail_eh": {
          "min": 6.848463264752525e-05,
          "max": 7.180397997608168e-05
        },
        "max_abs_triple_eh": {
          "min": 1.3309991451215808e-06,
          "max": 1.536834063919912e-05
        },
        "tail_to_parent_ratio": {
          "min": 4.506431065034526,
          "max": 53.46327936422247
        },
        "hf_weight": {
          "min": 0.9840678879119755,
          "max": 0.9845295357954454
        },
        "spectral_gap_eh": {
          "min": 0.6948605726985186,
          "max": 0.701364269778316
        },
        "diagonal_margin_eh": {
          "min": 0.9622988838309472,
          "max": 0.9684527995711645
        }
      },
      "minimum_individual_nominal_score": 0.04506431065034526,
      "max_numerical_error_eh": 2.6645352591003757e-15
    }
  },
  "runtime_seconds": 3.1882075839675963
}
