{"trial": 0, "elapsed": 0.6459133099997416, "quality": 2.842407058408483, "evaluations": 61, "parent": 0.2743382161440877, "tail": 14.587965476042797, "sigma": 5.352944701755543, "physical": [0.9803064503039807, 0.7494537816264559, 0.9657140146540568]}
{"trial": 1, "elapsed": 2.5177655880106613, "quality": 3.1676046194157967, "evaluations": 134, "parent": 0.28687178765807175, "tail": 7.746401667674263, "sigma": 1.213411976073858, "physical": [0.9808447413062602, 0.7159193903310617, 0.9657140146540568]}
{"trial": 2, "elapsed": 4.714658361976035, "quality": 3.1336252199417913, "evaluations": 200, "parent": 0.7606121075198757, "tail": 9.865480572468499, "sigma": 5.147758260692135, "physical": [0.981838846958639, 0.8649247144460555, 0.9657140146540568]}
{"trial": 3, "elapsed": 7.507449704920873, "quality": 0.5733077644856376, "evaluations": 190, "parent": 0.08459713729536134, "tail": 59.06334639105282, "sigma": 3.0340622317197843, "physical": [0.9817632223611258, 0.661324584800635, 0.9657140146540568]}
{"trial": 4, "elapsed": 8.956989052938297, "quality": 2.6949875545894746, "evaluations": 96, "parent": 0.5622520626857863, "tail": 19.4178560151137, "sigma": 1.0640848990035, "physical": [0.9836242469912245, 0.7594410128475975, 0.9657140146540568]}
{"trial": 5, "elapsed": 12.0558586550178, "quality": 1.7805820191238926, "evaluations": 200, "parent": 0.7646742465894363, "tail": 39.1959674934661, "sigma": 4.215378149368037, "physical": [0.9842524144851656, 0.7130383250223753, 0.9657140146540568]}
{"trial": 6, "elapsed": 12.752336503006518, "quality": 1.7302663794657331, "evaluations": 61, "parent": 1.0594373511807476, "tail": 44.11462572795344, "sigma": 2.8890248776209724, "physical": [0.9846679889766117, 0.776504560316976, 0.9657140146540568]}
{"trial": 7, "elapsed": 14.857404097914696, "quality": 0.49175706469754144, "evaluations": 200, "parent": 0.3076083032738097, "tail": 69.67406231739304, "sigma": 5.247818302632274, "physical": [0.9817996108567538, 0.7865600745205272, 0.9657140146540568]}
{"trial": 8, "elapsed": 16.488044022931717, "quality": 0.6422368507171292, "evaluations": 128, "parent": 0.5805897131949678, "tail": 67.34785837458901, "sigma": 5.388651023363853, "physical": [0.9791063147826186, 0.5590029105700691, 0.9657140146540568]}
{"trial": 9, "elapsed": 17.683637516922317, "quality": 2.5413865114153364, "evaluations": 74, "parent": 0.3345304047108755, "tail": 20.542147150859336, "sigma": 4.2776778975105705, "physical": [0.9835643878468363, 0.7180940627954522, 0.9657140146540568]}
{"trial": 10, "elapsed": 19.40174094995018, "quality": 1.2065359058164062, "evaluations": 77, "parent": 0.9549266373198861, "tail": 66.10547575469639, "sigma": 2.948715740063318, "physical": [0.9858177698851128, 0.876746586019991, 0.9657140146540568]}
{"trial": 11, "elapsed": 22.354643311933614, "quality": 3.3599854029990794, "evaluations": 200, "parent": 0.31192244343003495, "tail": 4.386316602822404, "sigma": 2.026934221711247, "physical": [0.9866330469932596, 0.8189358608114281, 0.9657140146540568]}
{"trial": 12, "elapsed": 24.512979144928977, "quality": 2.9403133323330524, "evaluations": 115, "parent": 0.36339710618449317, "tail": 13.362000921279815, "sigma": 0.8234172719357201, "physical": [0.9853005141368062, 0.8292346224284444, 0.9657140146540568]}
{"trial": 13, "elapsed": 25.969747920986265, "quality": 3.1641373585967343, "evaluations": 74, "parent": 0.5079949056963073, "tail": 8.402126123741027, "sigma": 2.5361431475236276, "physical": [0.9833819919058453, 0.789257866391003, 0.9657140146540568]}
{"trial": 14, "elapsed": 28.752296230988577, "quality": 0.010851331389320224, "evaluations": 200, "parent": 0.007820619707388232, "tail": 69.99916220307156, "sigma": 6.202458579430868, "physical": [0.9836822558262558, 0.6932117756321103, 0.9657140146540568]}
{"trial": 15, "elapsed": 31.25160724192392, "quality": 2.222648764131381, "evaluations": 155, "parent": 0.7622448938704451, "tail": 29.4272765479775, "sigma": 2.3092701877944535, "physical": [0.9810066275386062, 0.554031088434709, 0.9657140146540568]}
{"trial": 16, "elapsed": 34.29754773597233, "quality": 1.013764377395957, "evaluations": 200, "parent": 0.30660351502120875, "tail": 53.771031704119565, "sigma": 3.0334174092103483, "physical": [0.9863433368619354, 0.8038835790644585, 0.9657140146540568]}
{"trial": 17, "elapsed": 36.881149639957584, "quality": 3.026636236093343, "evaluations": 188, "parent": 1.172355593048735, "tail": 15.478604343588387, "sigma": 6.332297375590802, "physical": [0.9824026034502643, 0.7979256417871703, 0.9657140146540568]}
{"trial": 18, "elapsed": 38.08619888697285, "quality": 1.2066112561988778, "evaluations": 74, "parent": 0.3226038920445262, "tail": 49.72553593152185, "sigma": 4.925778981129408, "physical": [0.9820194328306521, 0.7543572000076595, 0.9657140146540568]}
{"trial": 19, "elapsed": 38.89677687792573, "quality": 0.3982314303964777, "evaluations": 61, "parent": 0.117545780220496, "tail": 63.38365852265326, "sigma": 3.0283773487225356, "physical": [0.9811844563627423, 0.6608773627648432, 0.9657140146540568]}
{"trial": 20, "elapsed": 41.549306181957945, "quality": 0.0026115363855176914, "evaluations": 200, "parent": 0.001996312448682147, "tail": 69.9999800510831, "sigma": 5.911270227699008, "physical": [0.9844928642428613, 0.7107364870187549, 0.9657140146540568]}
{"trial": 21, "elapsed": 42.89290216600057, "quality": 2.3162501768055335, "evaluations": 81, "parent": 0.411179892800817, "tail": 26.574068969775766, "sigma": 4.110764313121136, "physical": [0.9800911589078457, 0.7212954558390456, 0.9657140146540568]}
{"trial": 22, "elapsed": 48.29366083198693, "quality": 0.0015306045044124609, "evaluations": 200, "parent": 0.0010268887962183726, "tail": 69.99991674883077, "sigma": 5.956464478007856, "physical": [0.9842780359052319, 0.6982341239089402, 0.9657140146540568]}
{"trial": 23, "elapsed": 50.305144993937574, "quality": 0.48428073076753636, "evaluations": 107, "parent": 0.24340094118002753, "tail": 69.57980721766788, "sigma": 7.791231586901899, "physical": [0.9808377366122754, 0.8430686479128289, 0.9657140146540568]}
{"trial": 24, "elapsed": 52.61727905692533, "quality": 0.2601248650622428, "evaluations": 195, "parent": 0.21250394421912233, "tail": 69.91678189249839, "sigma": 6.991257023024342, "physical": [0.9849793442014506, 0.6868582169920314, 0.9657140146540568]}
{"trial": 25, "elapsed": 53.31727720994968, "quality": 3.1347706085143514, "evaluations": 56, "parent": 0.6143834347938082, "tail": 10.605273659258785, "sigma": 1.585666267835229, "physical": [0.985710842192661, 0.9485739251015071, 0.9657140146540568]}
{"trial": 26, "elapsed": 55.16567563696299, "quality": 2.1748798479315963, "evaluations": 154, "parent": 1.0135692516399786, "tail": 37.69761895755508, "sigma": 6.625469775119245, "physical": [0.9808095361562605, 0.7970507647799545, 0.9657140146540568]}
{"trial": 27, "elapsed": 56.95789463398978, "quality": 3.295095167618561, "evaluations": 120, "parent": 0.39846495747397626, "tail": 6.270879190140022, "sigma": 0.9474797088444924, "physical": [0.9845457068453299, 0.8558308688670988, 0.9657140146540568]}
{"trial": 28, "elapsed": 59.40209850401152, "quality": 3.416079286029293, "evaluations": 167, "parent": 0.32116620296562814, "tail": 3.3755302495386275, "sigma": 1.133693018526247, "physical": [0.9834762805907017, 0.6733092722678289, 0.9657140146540568]}
{"trial": 29, "elapsed": 61.74274760694243, "quality": 1.0200555552763975, "evaluations": 182, "parent": 0.4537772722024158, "tail": 54.80205222241352, "sigma": 4.462118689652545, "physical": [0.9811914716542903, 0.5596880320846789, 0.9657140146540568]}
{"trial": 30, "elapsed": 63.08891169796698, "quality": 3.3582863523659867, "evaluations": 88, "parent": 0.49319878581144394, "tail": 5.04174245641309, "sigma": 0.6397327501574549, "physical": [0.9847419443758858, 0.9410133640215044, 0.9657140146540568]}
{"trial": 31, "elapsed": 64.78825589700136, "quality": 1.0616421777095306, "evaluations": 112, "parent": 0.3097820902020487, "tail": 51.82516771196077, "sigma": 4.623835072784075, "physical": [0.9811597709069438, 0.5592093014408195, 0.9657140146540568]}
{"trial": 32, "elapsed": 66.26275429292582, "quality": 1.3865833896469475, "evaluations": 80, "parent": 0.4351586500028759, "tail": 48.16127851769991, "sigma": 5.362916717026397, "physical": [0.9827993462423313, 0.7005866995568493, 0.9657140146540568]}
{"trial": 33, "elapsed": 68.74275646591559, "quality": 2.279021539275239, "evaluations": 145, "parent": 0.7102384351753699, "tail": 27.718165816370544, "sigma": 2.4284154538592233, "physical": [0.9830923730513247, 0.6685292029635002, 0.9657140146540568]}
{"trial": 34, "elapsed": 70.6995397110004, "quality": 0.3083113306617635, "evaluations": 200, "parent": 0.2547752506742995, "tail": 69.72396363247313, "sigma": 6.592543607391836, "physical": [0.978560354069303, 0.68122332313773, 0.9657140146540568]}
{"trial": 35, "elapsed": 71.56137687992305, "quality": 3.0147305841455205, "evaluations": 99, "parent": 0.5048521005690532, "tail": 12.091402084912772, "sigma": 0.9983363051895455, "physical": [0.9814502956995471, 0.8260863525580633, 0.9657140146540568]}
{"trial": 36, "elapsed": 72.66801517596468, "quality": 2.584626701514517, "evaluations": 126, "parent": 0.35624625471797344, "tail": 20.17595165737518, "sigma": 6.280227524075829, "physical": [0.9789660323660166, 0.7540240923431218, 0.9657140146540568]}
{"trial": 37, "elapsed": 73.77749780693557, "quality": 2.654802456960933, "evaluations": 76, "parent": 0.23159111117720954, "tail": 17.69813243290841, "sigma": 3.903800206749849, "physical": [0.9815756847030885, 0.7193587270916755, 0.9657140146540568]}
{"trial": 38, "elapsed": 75.09471240302082, "quality": 2.9698219111484114, "evaluations": 124, "parent": 1.007166057220843, "tail": 15.388942657512672, "sigma": 1.4096521258656036, "physical": [0.9823509684614368, 0.7638199561759054, 0.9657140146540568]}
{"trial": 39, "elapsed": 77.55763606599066, "quality": 3.0336766347253112, "evaluations": 161, "parent": 0.839244020500729, "tail": 13.520036197700591, "sigma": 5.0738318723611595, "physical": [0.9771917434239867, 0.8270532890983677, 0.9657140146540568]}
{"trial": 40, "elapsed": 79.47645034699235, "quality": 1.8853154727521246, "evaluations": 140, "parent": 0.5318654108243948, "tail": 36.612014617798394, "sigma": 6.564654316256703, "physical": [0.9827509302667862, 0.7535528831496938, 0.9657140146540568]}
{"trial": 41, "elapsed": 82.20776386093348, "quality": 2.27097485721933, "evaluations": 200, "parent": 0.5154890767578024, "tail": 28.477833773354888, "sigma": 8.196704299862223, "physical": [0.9806585574681833, 0.7609492658851194, 0.9657140146540568]}
{"trial": 42, "elapsed": 83.79943772801198, "quality": 2.8961071734507566, "evaluations": 145, "parent": 0.4939213904542328, "tail": 16.48649204977204, "sigma": 6.424471334113728, "physical": [0.9811409822283259, 0.5608915628171558, 0.9657140146540568]}
{"trial": 43, "elapsed": 84.99103664094582, "quality": 0.5755256284582164, "evaluations": 120, "parent": 0.5121508950267639, "tail": 68.23938936451057, "sigma": 9.29126074021389, "physical": [0.9835804508343672, 0.8003073173569311, 0.9657140146540568]}
{"trial": 44, "elapsed": 86.44896030391101, "quality": 2.722136632540605, "evaluations": 127, "parent": 0.4110963462977679, "tail": 16.763396188057555, "sigma": 5.657593911494508, "physical": [0.9829034260902059, 0.6811804847704157, 0.9657140146540568]}
{"trial": 45, "elapsed": 87.64122433995362, "quality": 2.1493087246859375, "evaluations": 81, "parent": 0.5124914395082669, "tail": 29.93778278925774, "sigma": 3.0285117809126247, "physical": [0.9787826723287872, 0.6706925257914955, 0.9657140146540568]}
{"trial": 46, "elapsed": 88.497586907004, "quality": 0.4217830181369828, "evaluations": 71, "parent": 0.14098384948368903, "tail": 62.95297943736955, "sigma": 3.028965554768478, "physical": [0.981183577449079, 0.6607954910710103, 0.9657140146540568]}
{"trial": 47, "elapsed": 89.60762592696119, "quality": 3.188736640846684, "evaluations": 82, "parent": 0.2624671857631711, "tail": 6.942219413108575, "sigma": 3.4559770869353623, "physical": [0.9830364910929887, 0.7733996550156919, 0.9657140146540568]}
{"trial": 48, "elapsed": 90.90277730498929, "quality": 0.19470054125025332, "evaluations": 118, "parent": 0.1801532274470219, "tail": 69.66432919464083, "sigma": 5.929649997015349, "physical": [0.9857849611659718, 0.5993885024714762, 0.9657140146540568]}
{"trial": 49, "elapsed": 91.70745931193233, "quality": 0.2530745091532553, "evaluations": 83, "parent": 0.1526735546875102, "tail": 67.53596999775624, "sigma": 9.139245554714275, "physical": [0.9826991594612771, 0.6242607771433728, 0.9657140146540568]}
{"trial": 50, "elapsed": 92.90806679998059, "quality": 0.3834799328943315, "evaluations": 127, "parent": 0.23937561799414198, "tail": 66.31564317283178, "sigma": 6.677518029138695, "physical": [0.9843914474553653, 0.7698091117697645, 0.9657140146540568]}
{"trial": 51, "elapsed": 95.08539377490524, "quality": 2.511087016851692, "evaluations": 200, "parent": 0.6418620506210004, "tail": 28.595249789820087, "sigma": 2.1905533692200794, "physical": [0.9823000016165637, 0.759587384344842, 0.9657140146540568]}
{"trial": 52, "elapsed": 97.342944372911, "quality": 1.4152171821814272, "evaluations": 200, "parent": 0.8529742943075291, "tail": 49.30691510018903, "sigma": 6.655468200719837, "physical": [0.9763128641966784, 0.5581493199433027, 0.9657140146540568]}
{"trial": 53, "elapsed": 99.54707086493727, "quality": 3.41535879965185, "evaluations": 200, "parent": 0.14746763898898507, "tail": 1.9641427324579297, "sigma": 1.2969393783714398, "physical": [0.9853089329985466, 0.9013136034823619, 0.9657140146540568]}
{"trial": 54, "elapsed": 100.51197367592249, "quality": 1.5966492726892874, "evaluations": 75, "parent": 0.670156330873084, "tail": 50.669642015055416, "sigma": 4.217221351993956, "physical": [0.9817482341950862, 0.6906554872250243, 0.9657140146540568]}
{"trial": 55, "elapsed": 102.49123082496226, "quality": 2.217078697615559, "evaluations": 136, "parent": 0.6007217092651729, "tail": 31.436580605781472, "sigma": 2.539884076709576, "physical": [0.9839440566141014, 0.9109365266933844, 0.9657140146540568]}
{"trial": 56, "elapsed": 105.17848431901075, "quality": 2.0327905055077418, "evaluations": 200, "parent": 0.49092487408586294, "tail": 33.639171244548294, "sigma": 1.7720287277430007, "physical": [0.9853225119624499, 0.8300860882750909, 0.9657140146540568]}
{"trial": 57, "elapsed": 107.03597846999764, "quality": 1.951611128033472, "evaluations": 89, "parent": 0.6796866225400322, "tail": 35.35631901785408, "sigma": 2.263461837366281, "physical": [0.9809471211687197, 0.5611822122563153, 0.9657140146540568]}
{"trial": 58, "elapsed": 109.10312625300139, "quality": 0.25620646621764603, "evaluations": 150, "parent": 0.15427384170152436, "tail": 67.50084618678542, "sigma": 9.139451687496779, "physical": [0.9827009225886801, 0.6240710353973871, 0.9657140146540568]}
{"trial": 59, "elapsed": 110.5857650199905, "quality": 0.36532772998056307, "evaluations": 117, "parent": 0.30235380199528095, "tail": 68.5383196916689, "sigma": 5.555851750375536, "physical": [0.9860580937455339, 0.6992737348350366, 0.9657140146540568]}
