{"call": 1, "seconds": 0.24821811891160905, "loss": 0.005969069602044508, "maxima": [0.20512967073837984, 0.267481515117165, 0.06791702221360829, 0.11596926075874703, 0.4721369799568609, 1.4275776236040194], "best": 1.4275776236040194}
{"call": 10, "seconds": 1.7972829840146005, "loss": 0.003930076318613532, "maxima": [0.20224715363781343, 0.6838675482626133, 0.2190077579544103, 0.13885840259904247, 0.5634146531454665, 1.1621787953865836], "best": 1.1621787953865836}
{"call": 20, "seconds": 3.195056647993624, "loss": 0.004346747165990336, "maxima": [0.19656046126748095, 0.6640420787887269, 0.2811860614979267, 0.1356679053805443, 0.8531252473540807, 1.0145712673870144], "best": 1.0145712673870144}
{"call": 30, "seconds": 4.522167627001181, "loss": 0.001788285191235041, "maxima": [0.19520734470201972, 0.3930421525503469, 0.14190742281352753, 0.1915650188302198, 0.655717295300895, 0.9486452698209358], "best": 0.9486452698209358}
{"call": 40, "seconds": 5.954399932990782, "loss": 0.001667843439691179, "maxima": [0.19575506022828648, 0.290301437837579, 0.07081376650171611, 0.17952277371652725, 0.6559859997664952, 0.9562089323462808], "best": 0.9414374048324681}
{"call": 50, "seconds": 7.75503428792581, "loss": 0.0013242984013033946, "maxima": [0.20311656008686896, 0.3214900032745671, 0.30293790963679457, 0.16810104597486997, 0.6629851917744123, 0.8754191750959373], "best": 0.8754191750959373}
{"call": 60, "seconds": 9.274857540964149, "loss": 0.0010750970877385748, "maxima": [0.2091214115251816, 0.2458203796827707, 0.2140237458956451, 0.15262506228887585, 0.6632542709176792, 0.8525870368251831], "best": 0.8416648079428168}
{"call": 70, "seconds": 10.622610847931355, "loss": 0.0008582628339954036, "maxima": [0.21584401896923566, 0.516636186223618, 0.2954667586605897, 0.21169520461884916, 0.6587613877027332, 0.7777193329188448], "best": 0.7767948189768537}
{"call": 80, "seconds": 11.906935599981807, "loss": 0.0007743963919689041, "maxima": [0.21680187745065638, 0.48824487165885166, 0.281744362655707, 0.2775286571121527, 0.6572133867146057, 0.7503891844884958], "best": 0.7503891844884958}
{"call": 90, "seconds": 13.236814948963001, "loss": 0.0006935352995601585, "maxima": [0.21756983105358785, 0.5076420060014009, 0.23655199382349057, 0.27758183486963905, 0.6638534331763535, 0.7464449561259334], "best": 0.7460084768262165}
{"call": 100, "seconds": 14.857060669921339, "loss": 0.0005915315320809411, "maxima": [0.2213163708963961, 0.5151284419237268, 0.18945345840052807, 0.15240160744044773, 0.6518722008706068, 0.695567302335568], "best": 0.6928318961345403}
{"call": 110, "seconds": 16.760387532995082, "loss": 0.0005744620104756652, "maxima": [0.22330636081147048, 0.4568592553638684, 0.1913941948626363, 0.12379278115235093, 0.6509611088501344, 0.6905847783343377], "best": 0.6905847783343377}
{"call": 120, "seconds": 18.520118862972595, "loss": 0.0005622769434308698, "maxima": [0.222915477006147, 0.4392274736736024, 0.20440276670970148, 0.11510699939207392, 0.652413255311568, 0.6912453284353148], "best": 0.6858835532980212}
{"call": 130, "seconds": 20.617572239949368, "loss": 0.0005585460620944076, "maxima": [0.2212323992756282, 0.40357522712361593, 0.15120211089330704, 0.12172781326621251, 0.6532788049545712, 0.690735081029854], "best": 0.6840069844988839}
{"call": 140, "seconds": 22.8240712499246, "loss": 0.0005330339467903762, "maxima": [0.2243578168892313, 0.3960749630810767, 0.11011363427822829, 0.13420201546763932, 0.6334006942888326, 0.6869895084486166], "best": 0.6823017189083735}
{"call": 150, "seconds": 24.521325508947484, "loss": 0.0005228401096161611, "maxima": [0.22433496971618894, 0.3884357942512118, 0.09200210921977203, 0.1667594386092841, 0.6476375865725692, 0.6842156736290961], "best": 0.6781609839444602}
{"call": 160, "seconds": 26.120364847010933, "loss": 0.0005197413063068416, "maxima": [0.224821903884731, 0.39073966709979757, 0.09448119906331653, 0.17597560769441745, 0.6532251606001904, 0.681114867584427], "best": 0.6781609839444602}
{"call": 170, "seconds": 27.706724210991524, "loss": 0.000514892501688703, "maxima": [0.22652874517081756, 0.38609719463145176, 0.07510839133082592, 0.1908025221768339, 0.6390891323523107, 0.6866710988458635], "best": 0.6781609839444602}
{"call": 180, "seconds": 29.27619917690754, "loss": 0.0005090697641302183, "maxima": [0.22867846592777852, 0.4029598324973538, 0.05874653358120763, 0.21800307708460975, 0.6501284564127352, 0.682317799975638], "best": 0.6781609839444602}
{"call": 190, "seconds": 30.890031357994303, "loss": 0.0005024123181931906, "maxima": [0.22955225559062598, 0.3939646886830417, 0.07513707490470756, 0.18442069759982083, 0.6492810399951976, 0.682206872840061], "best": 0.6781609839444602}
{"call": 200, "seconds": 32.43043693900108, "loss": 0.0005019301051252061, "maxima": [0.2300809671629267, 0.39343474258228817, 0.08339319579280025, 0.18315885134389753, 0.649944732064911, 0.6819416344553297], "best": 0.6781609839444602}
{"call": 210, "seconds": 34.125234049977735, "loss": 0.0004970073598708237, "maxima": [0.2304447125300868, 0.3638216443323028, 0.11344900586807594, 0.17571740091114285, 0.6289969801141493, 0.6791680850554194], "best": 0.6781609839444602}
{"call": 220, "seconds": 35.939900215948, "loss": 0.0004956414465708645, "maxima": [0.22971491719481207, 0.3570310830702006, 0.11734610030437853, 0.17362005847284756, 0.6510931779576179, 0.6801614517050814], "best": 0.6781609839444602}
{"call": 230, "seconds": 37.217072115978226, "loss": 0.000493357529379661, "maxima": [0.23037149012417046, 0.36184982418237865, 0.12330385576724057, 0.1796494669118598, 0.6503152200417528, 0.6847729056532925], "best": 0.6781609839444602}
{"call": 240, "seconds": 38.85843025997747, "loss": 0.0004862373462891302, "maxima": [0.22783654682445587, 0.3659066459213278, 0.09978197617810602, 0.20134391693289344, 0.6509668479203201, 0.6784015071970351], "best": 0.6756929585992866}
{"call": 250, "seconds": 40.26809122401755, "loss": 0.0004741345376050086, "maxima": [0.22754563277604944, 0.37862490363504975, 0.11865905465356041, 0.17206294780411358, 0.6547014467336743, 0.6827545270660185], "best": 0.6756929585992866}
{"call": 260, "seconds": 41.95294867793564, "loss": 0.00046305383374618174, "maxima": [0.23212816073314713, 0.34381874894341635, 0.14058627415495462, 0.16357620163079956, 0.6503865763870187, 0.6722145579398031], "best": 0.6716332086070231}
{"call": 270, "seconds": 43.305784945958294, "loss": 0.00045329094719607317, "maxima": [0.2343877755128787, 0.3226646052360227, 0.11672366599267736, 0.13116800004934093, 0.6521737782940629, 0.67451649578397], "best": 0.6716332086070231}
{"call": 280, "seconds": 44.98816779500339, "loss": 0.00044842671191763566, "maxima": [0.24260350121263485, 0.29867979006623635, 0.09886242028044556, 0.13585803495060111, 0.6495817543090143, 0.6721102502469845], "best": 0.6680549016124293}
{"call": 290, "seconds": 46.29601821897086, "loss": 0.0004408652165228417, "maxima": [0.24643142111813177, 0.2974874779902681, 0.11852130183772402, 0.13325406471679235, 0.6374958139217068, 0.6654628354961389], "best": 0.665263606666564}
{"call": 300, "seconds": 47.65212848398369, "loss": 0.00044105359703498965, "maxima": [0.24586968744078064, 0.29554611817505183, 0.11326399669963072, 0.12746945085447603, 0.6558534641290525, 0.6673506490482917], "best": 0.665263606666564}
{"call": 310, "seconds": 49.104031535913236, "loss": 0.00044037485983373806, "maxima": [0.24650722040941986, 0.2987028034203476, 0.1198656348913607, 0.13366181161809543, 0.6506155811951131, 0.6658079760130897], "best": 0.665263606666564}
{"call": 320, "seconds": 50.712864035973325, "loss": 0.00043587107857246863, "maxima": [0.2458705128027816, 0.3055882893759687, 0.11466024304241484, 0.1301178402906289, 0.6507655163491943, 0.6673498467270789], "best": 0.664865570477946}
{"call": 330, "seconds": 52.599565680953674, "loss": 0.0004329857434640003, "maxima": [0.24919171266457596, 0.2792168819459917, 0.11933892728214657, 0.12809151370863026, 0.6468628419965095, 0.6650502624132248], "best": 0.664865570477946}
{"call": 340, "seconds": 53.897787312977016, "loss": 0.000432269733623202, "maxima": [0.25006206918920526, 0.28329466820006033, 0.12082394638985638, 0.1272643094289172, 0.5618980210503999, 0.6655747552275315], "best": 0.6634360216112101}
{"call": 350, "seconds": 55.23541442397982, "loss": 0.0008624823958754307, "maxima": [0.3256187867650695, 0.25171768401377026, 0.14552006769214643, 0.4165430552490157, 0.5588320973182292, 0.8055291362631611], "best": 0.660537538626409}
{"call": 360, "seconds": 56.776088770944625, "loss": 0.00042434757972477496, "maxima": [0.2514579011103635, 0.2618678898453908, 0.11321714442385389, 0.13079765311359015, 0.6427180244189756, 0.6634695743333618], "best": 0.660537538626409}
{"call": 370, "seconds": 58.0866640759632, "loss": 0.00042400886929266386, "maxima": [0.2521942311473069, 0.26357010454726826, 0.1156046057468374, 0.13119012542636588, 0.5982181800481712, 0.6643211148083816], "best": 0.660537538626409}
{"call": 380, "seconds": 59.37002921290696, "loss": 0.0004161547389801521, "maxima": [0.25285320402357314, 0.2559093176176397, 0.07405869449052194, 0.14498408417793263, 0.5711712145089476, 0.6615005807300123], "best": 0.660537538626409}
{"call": 390, "seconds": 61.356299555976875, "loss": 0.00041576583711476326, "maxima": [0.2533368600454722, 0.25179556701983685, 0.07620793677971305, 0.15028385327046756, 0.5766253336542682, 0.6634233889889996], "best": 0.660537538626409}
