{"call": 1, "seconds": 0.2326266870368272, "loss": 2.4303888369953737, "maxima": [0.11661106016358502, 0.16691742958065525, 0.036928807751539505, 0.05862059583562562, 0.3756017216620111, 10.299978975400833], "best": 10.299978975400833}
{"call": 10, "seconds": 1.8110812359955162, "loss": 1.3965290995024966, "maxima": [0.11600369661746157, 0.3682454637214194, 0.2156865244306405, 0.18890248693166134, 0.8382412315669163, 7.127635231120082], "best": 6.294265559922816}
{"call": 20, "seconds": 3.0817992199445143, "loss": 0.8097137891699752, "maxima": [0.11682222390785313, 0.20514271095630754, 0.3553406566310302, 0.3211710375758636, 1.116054314644177, 4.393078505752165], "best": 4.393078505752165}
{"call": 30, "seconds": 4.339007935021073, "loss": 0.5800315500174018, "maxima": [0.11744008082903434, 0.4108703931698354, 0.15636949064026795, 0.11235474861652883, 0.965158068884675, 3.8453160451807022], "best": 3.8392095686635983}
{"call": 40, "seconds": 5.872545846970752, "loss": 0.4966448733971934, "maxima": [0.12587559775845136, 0.379604484670617, 0.20811513458317554, 0.16090750930107922, 0.7645059028426493, 3.772586533876657], "best": 3.6792087370683966}
{"call": 50, "seconds": 7.219615397043526, "loss": 0.4609092934893454, "maxima": [0.12656846922087794, 0.3649203993325312, 0.23472012195029368, 0.16777980762472833, 0.7286513598766753, 3.649287943773408], "best": 3.623725797307139}
{"call": 60, "seconds": 8.712462991010398, "loss": 0.40686860881498244, "maxima": [0.14038268588034697, 0.3791899742424576, 0.20933527892996628, 0.2661319817164065, 0.6908780835886308, 3.3167549357747204], "best": 3.3167549357747204}
{"call": 70, "seconds": 10.61210085498169, "loss": 0.36547305507293887, "maxima": [0.16316557694295852, 0.3334756175222253, 0.3124237435443611, 0.24988087172118534, 0.6454684364658125, 3.1937171016340535], "best": 3.1937171016340535}
{"call": 80, "seconds": 12.305543367983773, "loss": 0.35506641703786335, "maxima": [0.17120164346628997, 0.36786069253283316, 0.31087162078306085, 0.2717896307963219, 0.659390712505592, 3.0582763905636665], "best": 3.0507338144791216}
{"call": 90, "seconds": 14.07624726195354, "loss": 0.3412392857597633, "maxima": [0.16578172463699303, 0.32822548183153444, 0.26184927514811274, 0.33019270876336937, 0.6589689694058265, 3.0514567318524963], "best": 3.018017915433895}
{"call": 100, "seconds": 15.700273860013112, "loss": 0.3116861003793815, "maxima": [0.18180158553260384, 0.31776474073214267, 0.21620448274858095, 0.3077976476220623, 0.7207122923212794, 2.710221552837353], "best": 2.5907008905982054}
{"call": 110, "seconds": 17.184087684960105, "loss": 0.2913526845492798, "maxima": [0.18989284251258454, 0.3458596795684432, 0.23605000411654808, 0.3065773522763926, 0.6147679090999225, 2.684646835537364], "best": 2.5907008905982054}
{"call": 120, "seconds": 18.825348470010795, "loss": 0.2789260742885884, "maxima": [0.1818071574843927, 0.3338064722264633, 0.2287925669480506, 0.2766404967108782, 0.6579594243788289, 2.444429549562981], "best": 2.444429549562981}
{"call": 130, "seconds": 21.18553354497999, "loss": 0.2754033452491259, "maxima": [0.18385316998159595, 0.3087760118312488, 0.2991807306375671, 0.24694143827641346, 0.6708675527029806, 2.3101296500739874], "best": 2.3101296500739874}
{"call": 140, "seconds": 22.902298902976327, "loss": 0.2673929826846548, "maxima": [0.17984055943554011, 0.30762190035221515, 0.20951992704559497, 0.2384830052924214, 0.6490365102458484, 2.335069934207653], "best": 2.216065066178501}
{"call": 150, "seconds": 24.91607616294641, "loss": 0.2613091509664327, "maxima": [0.1908854453036568, 0.30112598555171566, 0.12167361562395729, 0.19944350510924136, 0.6119563601646338, 2.40571041725799], "best": 2.216065066178501}
{"call": 160, "seconds": 26.414191085030325, "loss": 0.2576432125391618, "maxima": [0.1915143808961517, 0.2923357391172132, 0.1340957673476506, 0.17549232916307944, 0.6188922427748156, 2.338753326846895], "best": 2.216065066178501}
{"call": 170, "seconds": 28.431431106990203, "loss": 0.24184124762112685, "maxima": [0.20146155955913514, 0.27143535820806974, 0.1032819078153202, 0.15948174756524547, 0.5242496954128928, 2.132606309978365], "best": 2.1120283548624252}
{"call": 180, "seconds": 30.033099864958785, "loss": 0.23355026346464286, "maxima": [0.20081625562884398, 0.23751973875117294, 0.13380263655780045, 0.2368490147755531, 0.5341572872004985, 2.1053080102048516], "best": 2.1053080102048516}
{"call": 190, "seconds": 31.768308589002118, "loss": 0.23232175926633647, "maxima": [0.19985599009064714, 0.2365478443160285, 0.16102731323039077, 0.22588761153615744, 0.5469255742363233, 2.054380693494403], "best": 2.054380693494403}
{"call": 200, "seconds": 33.32966203603428, "loss": 0.22332662695244548, "maxima": [0.2097944161150167, 0.24356826814842414, 0.177462088705983, 0.1702621996851228, 0.501377183270102, 1.930909207114614], "best": 1.9283317734096428}
{"call": 210, "seconds": 34.896456541027874, "loss": 0.22164461751693632, "maxima": [0.20789638811358202, 0.25057972488978564, 0.16079275189044617, 0.14048087409468835, 0.4853348669334401, 1.9446564692834667], "best": 1.9243226488307863}
{"call": 220, "seconds": 36.63777424697764, "loss": 0.22966074491695238, "maxima": [0.19095330384466536, 0.22764134203877795, 0.2233544958114564, 0.11992034224199366, 0.49682480433773657, 1.9728893926415059], "best": 1.9243226488307863}
{"call": 230, "seconds": 38.24973759194836, "loss": 0.21015510477277516, "maxima": [0.2027346077415615, 0.2615527374619564, 0.09962847616244108, 0.11934967880104952, 0.46627672134451625, 1.8448368588932929], "best": 1.8448368588932929}
{"call": 240, "seconds": 39.67749070795253, "loss": 0.20941185166732706, "maxima": [0.2014984980869272, 0.26615315551343777, 0.1018527222924015, 0.10600119141123798, 0.47368377252303695, 1.8393148358557676], "best": 1.8291383625589885}
{"call": 250, "seconds": 41.04208317701705, "loss": 0.2041725410505259, "maxima": [0.20259100633523985, 0.270065727626454, 0.13369909389183032, 0.11547292406797749, 0.4599528870807723, 1.7639085192768666], "best": 1.7172047561105064}
{"call": 260, "seconds": 42.498157048015855, "loss": 0.20364312074356816, "maxima": [0.20385722839133535, 0.26214650120087946, 0.12824087711663212, 0.12518767103215422, 0.45927271406787096, 1.769699726871946], "best": 1.7172047561105064}
{"call": 270, "seconds": 44.003763451008126, "loss": 0.198000655351445, "maxima": [0.20254608044556477, 0.2549569643954097, 0.11942003020559033, 0.09490131399725321, 0.48769177126806174, 1.71387588132068], "best": 1.5210015879284455}
{"call": 280, "seconds": 45.732826760970056, "loss": 0.19621945643191657, "maxima": [0.20310416747992832, 0.23548425650351312, 0.11226065594489798, 0.09335356653976001, 0.4520046172598824, 1.649095845176728], "best": 1.5210015879284455}
{"call": 290, "seconds": 47.42876869800966, "loss": 0.19295479290247286, "maxima": [0.20398127787313314, 0.2362514533700466, 0.1440543367862368, 0.116330005754115, 0.4346358813512863, 1.6262724976579512], "best": 1.5210015879284455}
{"call": 300, "seconds": 49.21353734401055, "loss": 0.18865041343924988, "maxima": [0.20311174855347502, 0.23505875452032754, 0.16301405246381906, 0.1442667741561543, 0.4158588502424676, 1.6257925088794534], "best": 1.5210015879284455}
{"call": 310, "seconds": 50.926989255007356, "loss": 0.1874761604267523, "maxima": [0.2021498236048913, 0.24153703961985684, 0.12048203270958568, 0.13581041844425434, 0.4316290446058524, 1.5923189457693232], "best": 1.5210015879284455}
{"call": 320, "seconds": 52.41123585100286, "loss": 0.18365255003314557, "maxima": [0.20654364380146006, 0.24474149793289435, 0.0706672294207733, 0.1357306967743288, 0.42739958706933256, 1.550580304233392], "best": 1.5210015879284455}
{"call": 330, "seconds": 54.10615919495467, "loss": 0.18327497000975096, "maxima": [0.2077419979995554, 0.24929773643986408, 0.09755909912643079, 0.13574078276257118, 0.41437692047118224, 1.5418382572277867], "best": 1.5210015879284455}
{"call": 340, "seconds": 55.57203312497586, "loss": 0.17919333983291513, "maxima": [0.2057315365444623, 0.2605670277505201, 0.06791580349070903, 0.15030404188512536, 0.4203067076360756, 1.5059907237560144], "best": 1.5059907237560144}
{"call": 350, "seconds": 57.15728697902523, "loss": 0.17894254986012748, "maxima": [0.20637310375715145, 0.26192654545263316, 0.06579707794397538, 0.14902701203933222, 0.42887601428373, 1.502216760116185], "best": 1.502216760116185}
{"call": 360, "seconds": 58.79248844599351, "loss": 0.17359785287880908, "maxima": [0.20745157488732957, 0.2576775447783497, 0.051798734405554825, 0.1242272999348848, 0.44348571369611234, 1.447090276017744], "best": 1.4275776235974647}
{"call": 370, "seconds": 60.39911449805368, "loss": 0.17351178953772772, "maxima": [0.20675714326401362, 0.25714454005655973, 0.05797977150513001, 0.12538973139533338, 0.4491779242184246, 1.4559517374733122], "best": 1.4275776235974647}
{"call": 380, "seconds": 61.95460576796904, "loss": 0.1705000603329639, "maxima": [0.20677926026113624, 0.26090237876336353, 0.05861094993871996, 0.12484847673562283, 0.43937558066142746, 1.4474355275408868], "best": 1.4275776235974647}
{"call": 390, "seconds": 63.57611847296357, "loss": 0.17000965012255287, "maxima": [0.205160739752408, 0.26646592355216825, 0.05421436254710921, 0.13351755529201093, 0.4259813882821817, 1.4260285755478674], "best": 1.4260285755478674}
{"call": 400, "seconds": 65.14955930400174, "loss": 0.16699477789013842, "maxima": [0.20690368816023152, 0.25072417929282054, 0.07395271525925562, 0.1168403946365626, 0.46679243983525076, 1.4018937533507936], "best": 1.4018937533507936}
{"call": 410, "seconds": 66.81609268800821, "loss": 0.1668457488635531, "maxima": [0.2063904513471826, 0.24746757417967835, 0.07616598208757708, 0.11651204487232003, 0.45966342574006447, 1.4072928093127346], "best": 1.3938443817475343}
{"call": 420, "seconds": 68.43641596497037, "loss": 0.1641317224863865, "maxima": [0.20748358434907743, 0.2504122440103984, 0.06291374026730523, 0.10667783165161704, 0.4499479740888379, 1.3966762703386926], "best": 1.3860926527262185}
{"call": 430, "seconds": 70.03329173696693, "loss": 0.163699200697135, "maxima": [0.20967415523376332, 0.25529741379425985, 0.06757139606408447, 0.10175001175057541, 0.4483355174485726, 1.387070661633194], "best": 1.3860926527262185}
{"call": 440, "seconds": 71.46347448602319, "loss": 0.16121142439343905, "maxima": [0.21625059446694905, 0.2519199904164804, 0.08157819228806318, 0.0985115502534828, 0.4946546738410551, 1.3567347355283654], "best": 1.3567347355283654}
{"call": 450, "seconds": 72.99413098196965, "loss": 0.15991719723223752, "maxima": [0.21102600310740627, 0.25367565836884154, 0.06425499823624392, 0.10021893506982904, 0.45532359148688917, 1.3762596959531437], "best": 1.3487096256762}
{"call": 460, "seconds": 74.47121092595626, "loss": 0.15838128597782858, "maxima": [0.21449095471304247, 0.2600604547577401, 0.06487512638153059, 0.10035716209680468, 0.44501838652258874, 1.3509726095982666], "best": 1.3487096256762}
{"call": 470, "seconds": 76.09089553600643, "loss": 0.157834188100252, "maxima": [0.21429890245894256, 0.2511316413439335, 0.06943352505293099, 0.10082102222404132, 0.44001185810134125, 1.3430889145807323], "best": 1.2281981774714812}
{"call": 480, "seconds": 77.91237624699716, "loss": 0.15386035346019267, "maxima": [0.21302991618288303, 0.22425177205464664, 0.09098121539409143, 0.09830357581670057, 0.39853365333600843, 1.3063928587205464], "best": 1.2281981774714812}
{"call": 490, "seconds": 79.63366017700173, "loss": 0.15305082566368894, "maxima": [0.21393433207173018, 0.24186237166387237, 0.0778470181943991, 0.08828670446614173, 0.38006800332621715, 1.3063756120144554], "best": 1.2281981774714812}
{"call": 500, "seconds": 81.10991273203399, "loss": 0.15111242595401775, "maxima": [0.21326364162632672, 0.23160342756509245, 0.09572002402005175, 0.09125141445779916, 0.37046842216159614, 1.2735289147315776], "best": 1.2281981774714812}
{"call": 510, "seconds": 82.76492924802005, "loss": 0.15124495734970905, "maxima": [0.21496538699761203, 0.22837318080614288, 0.10324723775171796, 0.10252056989294767, 0.41658388880845276, 1.2812762314183934], "best": 1.2281981774714812}
{"call": 520, "seconds": 84.60703323502094, "loss": 0.1506716645510669, "maxima": [0.21288474031155857, 0.22654150207608303, 0.09794383385747674, 0.09412036000361557, 0.3697384406942228, 1.2809008733276883], "best": 1.2281981774714812}
{"call": 530, "seconds": 86.07705415098462, "loss": 0.1489060342566817, "maxima": [0.21361140313036486, 0.22749736740970583, 0.08730393275889314, 0.09387448046268343, 0.37647054921512435, 1.2575642900378847], "best": 1.2281981774714812}
{"call": 540, "seconds": 87.54100243002176, "loss": 0.14875717335106886, "maxima": [0.2146352302823118, 0.23071351498365367, 0.09906940905429873, 0.0958050296759827, 0.3805087477322777, 1.2354341893225673], "best": 1.2281981774714812}
{"call": 550, "seconds": 89.26615587598644, "loss": 0.14569490915154076, "maxima": [0.21090310069471485, 0.2009943166693251, 0.10443723168230834, 0.10243929094955084, 0.3967385436814963, 1.1946231218733183], "best": 1.1946231218733183}
{"call": 560, "seconds": 90.8137029450154, "loss": 0.14362574923766083, "maxima": [0.2128822479674497, 0.21994826873887874, 0.10621852271302856, 0.11181309036287557, 0.3862524188736671, 1.2170085313082857], "best": 1.1946231218733183}
{"call": 570, "seconds": 92.88986286800355, "loss": 0.14354350006109864, "maxima": [0.21303227003333092, 0.22010599503317962, 0.10098665915097671, 0.11261321144578451, 0.38862128348049474, 1.2059219489921347], "best": 1.1946231218733183}
{"call": 580, "seconds": 94.58373066899367, "loss": 0.143219008236521, "maxima": [0.21218999684879947, 0.21479901374337196, 0.0900724173240619, 0.11530161388017768, 0.38399358179899146, 1.2134002307636715], "best": 1.1946231218733183}
{"call": 590, "seconds": 96.18744981603231, "loss": 0.1415554957591942, "maxima": [0.21287625072918814, 0.2175942865286018, 0.09228192344290953, 0.10977357164799084, 0.35716508212274567, 1.194159855876431], "best": 1.189080671923014}
{"call": 600, "seconds": 97.96466414397582, "loss": 0.14112401277213737, "maxima": [0.2132131910359547, 0.21525391187656062, 0.08099851754064469, 0.10961277361575261, 0.3674086833579726, 1.1963166320672536], "best": 1.189080671923014}
{"call": 610, "seconds": 99.95427202899009, "loss": 0.1410121951132372, "maxima": [0.21325744633760024, 0.21510822841999122, 0.08216166755113385, 0.10612253931411186, 0.3599969695425642, 1.1910176268877315], "best": 1.189080671923014}
{"call": 620, "seconds": 101.35576350404881, "loss": 0.14010845154868037, "maxima": [0.2139481797902576, 0.20844727140866048, 0.08727276546686036, 0.10934782096236995, 0.34303307554395257, 1.2268606128347592], "best": 1.189080671923014}
{"call": 630, "seconds": 102.91177316801623, "loss": 0.13833963331465343, "maxima": [0.21137968670092988, 0.19772577796956625, 0.08095671927118797, 0.11889489784054574, 0.34357102334341416, 1.2142902207650452], "best": 1.189080671923014}
{"call": 640, "seconds": 104.39720312901773, "loss": 0.1382708207444125, "maxima": [0.21145774339981216, 0.2011918956249481, 0.07786228107597881, 0.11932709920042361, 0.3357675241803193, 1.2225472493500622], "best": 1.189080671923014}
{"call": 650, "seconds": 105.82438624696806, "loss": 0.13814100799528667, "maxima": [0.2126811069924628, 0.19989604721753373, 0.08165803312904951, 0.12124385812492755, 0.325320517189176, 1.2197283812993065], "best": 1.189080671923014}
{"call": 660, "seconds": 107.82549315399956, "loss": 0.1371155315874288, "maxima": [0.21451688519302792, 0.1978216534775168, 0.08212493637177909, 0.10937949154698035, 0.3428345642038977, 1.1994107697630862], "best": 1.189080671923014}
{"call": 670, "seconds": 109.91290037403814, "loss": 0.13643229257788445, "maxima": [0.2139993587269018, 0.2085555142393858, 0.0637265353969485, 0.10725489224896245, 0.32690364038475694, 1.1917677103559199], "best": 1.1868313929783003}
{"call": 680, "seconds": 111.86466038401704, "loss": 0.1363319990989514, "maxima": [0.2145008776510693, 0.20281216394017143, 0.06500270716987111, 0.10387249163673173, 0.3265862421961141, 1.1792475076955389], "best": 1.1789773523612113}
{"call": 690, "seconds": 113.30055133695714, "loss": 0.1359620795868914, "maxima": [0.21656739645159462, 0.20706290923738102, 0.06817175629844185, 0.09979278376698208, 0.3338863078225063, 1.1675399187795732], "best": 1.160776054729441}
{"call": 700, "seconds": 114.64353424101137, "loss": 0.1341930489023827, "maxima": [0.21774624831660816, 0.20420650474821223, 0.06082622714003394, 0.10243867360844039, 0.330711539619144, 1.1207364585845836], "best": 1.0679193518420083}
{"call": 710, "seconds": 116.01157853298355, "loss": 0.13394129486729217, "maxima": [0.21404005989378305, 0.20292884782358023, 0.06248966962012714, 0.1009726786515397, 0.3299960804550861, 1.1361027340288499], "best": 1.0679193518420083}
{"call": 720, "seconds": 117.40816600294784, "loss": 0.1338805708103714, "maxima": [0.21359741159354684, 0.19946470844179665, 0.05613246746753786, 0.09750777562550605, 0.33239022306555954, 1.1418646050601045], "best": 1.0679193518420083}
{"call": 730, "seconds": 118.85036516294349, "loss": 0.13285952900992476, "maxima": [0.21240248577747423, 0.20825669114624468, 0.053235376667881695, 0.10160849657449678, 0.33946874402369653, 1.10743797016696], "best": 1.0679193518420083}
{"call": 740, "seconds": 120.33848776796367, "loss": 0.13154758547653164, "maxima": [0.21294399239923933, 0.20035791913822543, 0.05563342924971626, 0.0959711444271627, 0.336618305396863, 1.1178337785978765], "best": 1.0679193518420083}
{"call": 750, "seconds": 121.82494859199505, "loss": 0.13149739779525982, "maxima": [0.2126210621788971, 0.2023401113689438, 0.05776419023942991, 0.09410046989886789, 0.3367526181979441, 1.115799086953273], "best": 1.0679193518420083}
{"call": 760, "seconds": 123.17856883897912, "loss": 0.1314369715902051, "maxima": [0.21347563433860017, 0.19962069426825657, 0.056213254184188655, 0.09164619649406514, 0.33763761202341147, 1.0992816417356188], "best": 1.0679193518420083}
