{"phase": "sensitivity", "case": "n8192_b128_w18_pairs", "label": "group_s130363_p5_g3", "wall_seconds": 120.41519636800513, "solved": false, "best_weight": null, "error": null}
{"phase": "sensitivity", "case": "n8192_b128_w18_pairs", "label": "group_s104729_p0_g3", "wall_seconds": 120.49866181402467, "solved": false, "best_weight": null, "error": null}
{"phase": "sensitivity", "case": "n8192_b128_w18_pairs", "label": "bp_shuffled_s1000000007", "wall_seconds": 120.38537669403013, "solved": false, "best_weight": 70, "error": null}
{"phase": "sensitivity", "case": "n8192_b128_w18_pairs", "label": "bp_shuffled_s998244353", "wall_seconds": 120.38400341791566, "solved": false, "best_weight": 72, "error": null}
[
  {
    "case": "archive_control",
    "geometry_id": "n2048_32_32_32_32_32_32_r379",
    "n": 2048,
    "block_sizes": [
      32,
      32,
      32,
      32,
      32,
      32
    ],
    "core_weight": 14,
    "spread": "pairs",
    "rank": 379,
    "seed": null,
    "runs": 12,
    "successes": 6,
    "failures_within_cap": 6,
    "run_errors": 0,
    "best_weight": 14,
    "fastest_success_seconds": 0.9700282019330189,
    "total_search_wall_seconds": 136.24170711101033
  },
  {
    "case": "n2048_b32_w14_pairs",
    "geometry_id": "n2048_32_32_32_32_32_32_r379",
    "n": 2048,
    "block_sizes": [
      32,
      32,
      32,
      32,
      32,
      32
    ],
    "core_weight": 14,
    "spread": "pairs",
    "rank": 379,
    "seed": 2814082026,
    "runs": 5,
    "successes": 3,
    "failures_within_cap": 2,
    "run_errors": 0,
    "best_weight": 14,
    "fastest_success_seconds": 3.282745767966844,
    "total_search_wall_seconds": 92.4966955789132
  },
  {
    "case": "n2048_b32_w16_pairs",
    "geometry_id": "n2048_32_32_32_32_32_32_r379",
    "n": 2048,
    "block_sizes": [
      32,
      32,
      32,
      32,
      32,
      32
    ],
    "core_weight": 16,
    "spread": "pairs",
    "rank": 379,
    "seed": 2814186755,
    "runs": 5,
    "successes": 0,
    "failures_within_cap": 5,
    "run_errors": 0,
    "best_weight": 106,
    "fastest_success_seconds": null,
    "total_search_wall_seconds": 151.93878164503258
  },
  {
    "case": "n2048_b32_w18_pairs",
    "geometry_id": "n2048_32_32_32_32_32_32_r379",
    "n": 2048,
    "block_sizes": [
      32,
      32,
      32,
      32,
      32,
      32
    ],
    "core_weight": 18,
    "spread": "pairs",
    "rank": 379,
    "seed": 2814291484,
    "runs": 5,
    "successes": 0,
    "failures_within_cap": 5,
    "run_errors": 0,
    "best_weight": 100,
    "fastest_success_seconds": null,
    "total_search_wall_seconds": 151.89879555092193
  },
  {
    "case": "n4096_b64_w14_pairs",
    "geometry_id": "n4096_64_64_64_64_64_64_r379",
    "n": 4096,
    "block_sizes": [
      64,
      64,
      64,
      64,
      64,
      64
    ],
    "core_weight": 14,
    "spread": "pairs",
    "rank": 379,
    "seed": 2814396213,
    "runs": 5,
    "successes": 0,
    "failures_within_cap": 5,
    "run_errors": 0,
    "best_weight": 84,
    "fastest_success_seconds": null,
    "total_search_wall_seconds": 151.3955446270993
  },
  {
    "case": "n4096_b64_w16_pairs",
    "geometry_id": "n4096_64_64_64_64_64_64_r379",
    "n": 4096,
    "block_sizes": [
      64,
      64,
      64,
      64,
      64,
      64
    ],
    "core_weight": 16,
    "spread": "pairs",
    "rank": 379,
    "seed": 2814500942,
    "runs": 5,
    "successes": 0,
    "failures_within_cap": 5,
    "run_errors": 0,
    "best_weight": 84,
    "fastest_success_seconds": null,
    "total_search_wall_seconds": 151.9863701032009
  },
  {
    "case": "n4096_b64_w18_pairs",
    "geometry_id": "n4096_64_64_64_64_64_64_r379",
    "n": 4096,
    "block_sizes": [
      64,
      64,
      64,
      64,
      64,
      64
    ],
    "core_weight": 18,
    "spread": "pairs",
    "rank": 379,
    "seed": 2814605671,
    "runs": 5,
    "successes": 0,
    "failures_within_cap": 5,
    "run_errors": 0,
    "best_weight": 84,
    "fastest_success_seconds": null,
    "total_search_wall_seconds": 151.50109114311635
  },
  {
    "case": "n8192_b128_w14_pairs",
    "geometry_id": "n8192_128_128_128_128_128_128_r379",
    "n": 8192,
    "block_sizes": [
      128,
      128,
      128,
      128,
      128,
      128
    ],
    "core_weight": 14,
    "spread": "pairs",
    "rank": 379,
    "seed": 2814710400,
    "runs": 5,
    "successes": 0,
    "failures_within_cap": 5,
    "run_errors": 0,
    "best_weight": 66,
    "fastest_success_seconds": null,
    "total_search_wall_seconds": 151.86764752608724
  },
  {
    "case": "n8192_b128_w16_pairs",
    "geometry_id": "n8192_128_128_128_128_128_128_r379",
    "n": 8192,
    "block_sizes": [
      128,
      128,
      128,
      128,
      128,
      128
    ],
    "core_weight": 16,
    "spread": "pairs",
    "rank": 379,
    "seed": 2814815129,
    "runs": 5,
    "successes": 0,
    "failures_within_cap": 5,
    "run_errors": 0,
    "best_weight": 70,
    "fastest_success_seconds": null,
    "total_search_wall_seconds": 151.3964179418981
  },
  {
    "case": "n8192_b128_w18_pairs",
    "geometry_id": "n8192_128_128_128_128_128_128_r379",
    "n": 8192,
    "block_sizes": [
      128,
      128,
      128,
      128,
      128,
      128
    ],
    "core_weight": 18,
    "spread": "pairs",
    "rank": 379,
    "seed": 2814919858,
    "runs": 20,
    "successes": 0,
    "failures_within_cap": 20,
    "run_errors": 0,
    "best_weight": 68,
    "fastest_success_seconds": null,
    "total_search_wall_seconds": 3276.470907231793
  },
  {
    "case": "n2048_b16_w18_pairs",
    "geometry_id": "n2048_16_16_16_16_16_16_r763",
    "n": 2048,
    "block_sizes": [
      16,
      16,
      16,
      16,
      16,
      16
    ],
    "core_weight": 18,
    "spread": "pairs",
    "rank": 763,
    "seed": 2815024587,
    "runs": 5,
    "successes": 4,
    "failures_within_cap": 1,
    "run_errors": 0,
    "best_weight": 18,
    "fastest_success_seconds": 0.4303228330099955,
    "total_search_wall_seconds": 35.96170943917241
  },
  {
    "case": "n2048_b64_w18_pairs",
    "geometry_id": "n2048_64_64_64_64_64_64_r187",
    "n": 2048,
    "block_sizes": [
      64,
      64,
      64,
      64,
      64,
      64
    ],
    "core_weight": 18,
    "spread": "pairs",
    "rank": 187,
    "seed": 2815129316,
    "runs": 5,
    "successes": 0,
    "failures_within_cap": 5,
    "run_errors": 0,
    "best_weight": 30,
    "fastest_success_seconds": null,
    "total_search_wall_seconds": 150.96167897398118
  },
  {
    "case": "n4096_b32_w18_pairs",
    "geometry_id": "n4096_32_32_32_32_32_32_r763",
    "n": 4096,
    "block_sizes": [
      32,
      32,
      32,
      32,
      32,
      32
    ],
    "core_weight": 18,
    "spread": "pairs",
    "rank": 763,
    "seed": 2815234045,
    "runs": 5,
    "successes": 0,
    "failures_within_cap": 5,
    "run_errors": 0,
    "best_weight": 238,
    "fastest_success_seconds": null,
    "total_search_wall_seconds": 151.32841997419018
  },
  {
    "case": "n8192_b64_w18_pairs",
    "geometry_id": "n8192_64_64_64_64_64_64_r763",
    "n": 8192,
    "block_sizes": [
      64,
      64,
      64,
      64,
      64,
      64
    ],
    "core_weight": 18,
    "spread": "pairs",
    "rank": 763,
    "seed": 2815338774,
    "runs": 5,
    "successes": 0,
    "failures_within_cap": 5,
    "run_errors": 0,
    "best_weight": 204,
    "fastest_success_seconds": null,
    "total_search_wall_seconds": 151.59555894101504
  },
  {
    "case": "n4096_b64_w18_quartets",
    "geometry_id": "n4096_64_64_64_64_64_64_r379",
    "n": 4096,
    "block_sizes": [
      64,
      64,
      64,
      64,
      64,
      64
    ],
    "core_weight": 18,
    "spread": "quartets",
    "rank": 379,
    "seed": 2815443503,
    "runs": 5,
    "successes": 1,
    "failures_within_cap": 4,
    "run_errors": 0,
    "best_weight": 18,
    "fastest_success_seconds": 2.281670383992605,
    "total_search_wall_seconds": 122.94416751503013
  },
  {
    "case": "n8192_b128_w18_quartets",
    "geometry_id": "n8192_128_128_128_128_128_128_r379",
    "n": 8192,
    "block_sizes": [
      128,
      128,
      128,
      128,
      128,
      128
    ],
    "core_weight": 18,
    "spread": "quartets",
    "rank": 379,
    "seed": 2815548232,
    "runs": 5,
    "successes": 1,
    "failures_within_cap": 4,
    "run_errors": 0,
    "best_weight": 18,
    "fastest_success_seconds": 1.0534863909706473,
    "total_search_wall_seconds": 121.79716346098576
  },
  {
    "case": "n4096_mixed_w18_pairs",
    "geometry_id": "n4096_32_48_64_96_48_64_r466",
    "n": 4096,
    "block_sizes": [
      32,
      48,
      64,
      96,
      48,
      64
    ],
    "core_weight": 18,
    "spread": "pairs",
    "rank": 466,
    "seed": 2815652961,
    "runs": 5,
    "successes": 0,
    "failures_within_cap": 5,
    "run_errors": 0,
    "best_weight": 98,
    "fastest_success_seconds": null,
    "total_search_wall_seconds": 151.1535962431226
  }
]
