stage 0 shots 7800 queries 27 cpu 0.193
stage 1 shots 19800 queries 36 cpu 0.261
stage 2 shots 40000 queries 46 cpu 0.348
0 0 cpu 0.35 risk [0.1126, 0.0463, 0.0372, 0.0462] mean 0.0606
stage 0 shots 7800 queries 26 cpu 0.226
stage 1 shots 19800 queries 35 cpu 0.339
stage 2 shots 40000 queries 45 cpu 0.428
1 0 cpu 0.43 risk [0.0665, 0.0374, 0.0826, 0.0549] mean 0.0604
stage 0 shots 7800 queries 26 cpu 0.33
stage 1 shots 19800 queries 35 cpu 0.49
stage 2 shots 40000 queries 44 cpu 0.647
2 0 cpu 0.65 risk [0.0282, 0.0545, 0.057, 0.0248] mean 0.0411
stage 0 shots 7800 queries 27 cpu 0.4
stage 1 shots 19800 queries 36 cpu 0.616
stage 2 shots 40000 queries 46 cpu 0.821
3 0 cpu 0.82 risk [0.0219, 0.0463, 0.0754, 0.0697] mean 0.0533
stage 0 shots 7800 queries 26 cpu 0.943
stage 1 shots 19800 queries 34 cpu 1.497
stage 2 shots 40000 queries 44 cpu 1.952
4 0 cpu 1.95 risk [0.0587, 0.0654, 0.0544, 0.0612] mean 0.0599
stage 0 shots 7800 queries 25 cpu 0.934
stage 1 shots 19800 queries 35 cpu 1.315
stage 2 shots 40000 queries 45 cpu 1.688
5 0 cpu 1.69 risk [0.0546, 0.0403, 0.0255, 0.0791] mean 0.0499
stage 0 shots 7800 queries 26 cpu 0.107
stage 1 shots 19800 queries 34 cpu 0.165
stage 2 shots 40000 queries 44 cpu 0.218
0 1 cpu 0.22 risk [0.0547, 0.0362, 0.0151, 0.0252] mean 0.0328
stage 0 shots 7800 queries 27 cpu 0.128
stage 1 shots 19800 queries 36 cpu 0.19
stage 2 shots 40000 queries 45 cpu 0.248
1 1 cpu 0.25 risk [0.0415, 0.0798, 0.0208, 0.0711] mean 0.0533
stage 0 shots 7800 queries 27 cpu 0.181
stage 1 shots 19800 queries 34 cpu 0.279
stage 2 shots 40000 queries 43 cpu 0.398
2 1 cpu 0.4 risk [0.0507, 0.0345, 0.0424, 0.0379] mean 0.0414
stage 0 shots 7800 queries 25 cpu 0.226
stage 1 shots 19800 queries 32 cpu 0.33
stage 2 shots 40000 queries 40 cpu 0.426
3 1 cpu 0.43 risk [0.0352, 0.0515, 0.0406, 0.0328] mean 0.04
stage 0 shots 7800 queries 26 cpu 0.887
stage 1 shots 19800 queries 34 cpu 1.335
stage 2 shots 40000 queries 44 cpu 1.745
4 1 cpu 1.75 risk [0.0319, 0.0463, 0.0205, 0.0304] mean 0.0323
stage 0 shots 7800 queries 25 cpu 0.86
stage 1 shots 19800 queries 32 cpu 1.329
stage 2 shots 40000 queries 39 cpu 1.716
5 1 cpu 1.72 risk [0.0437, 0.0462, 0.0598, 0.072] mean 0.0554
stage 0 shots 7800 queries 27 cpu 0.161
stage 1 shots 19800 queries 35 cpu 0.233
stage 2 shots 40000 queries 44 cpu 0.307
0 2 cpu 0.31 risk [0.049, 0.0421, 0.0309, 0.0289] mean 0.0377
stage 0 shots 7800 queries 28 cpu 0.195
stage 1 shots 19800 queries 38 cpu 0.298
stage 2 shots 40000 queries 48 cpu 0.384
1 2 cpu 0.38 risk [0.0779, 0.1129, 0.0641, 0.0431] mean 0.0745
stage 0 shots 7800 queries 28 cpu 0.331
stage 1 shots 19800 queries 38 cpu 0.474
stage 2 shots 40000 queries 48 cpu 0.613
2 2 cpu 0.61 risk [0.0645, 0.0341, 0.0229, 0.046] mean 0.0419
stage 0 shots 7800 queries 26 cpu 0.282
stage 1 shots 19800 queries 34 cpu 0.428
stage 2 shots 40000 queries 44 cpu 0.556
3 2 cpu 0.56 risk [0.0242, 0.0409, 0.0269, 0.0414] mean 0.0333
stage 0 shots 7800 queries 23 cpu 0.901
stage 1 shots 19800 queries 28 cpu 1.279
stage 2 shots 40000 queries 36 cpu 1.604
4 2 cpu 1.6 risk [0.0446, 0.0465, 0.0341, 0.0389] mean 0.041
stage 0 shots 7800 queries 26 cpu 0.94
stage 1 shots 19800 queries 34 cpu 1.375
stage 2 shots 40000 queries 43 cpu 1.654
5 2 cpu 1.65 risk [0.0383, 0.0631, 0.0224, 0.0346] mean 0.0396
stage 0 shots 7800 queries 24 cpu 0.162
stage 1 shots 19800 queries 32 cpu 0.222
stage 2 shots 40000 queries 41 cpu 0.278
0 3 cpu 0.28 risk [0.0652, 0.0376, 0.0277, 0.0745] mean 0.0513
stage 0 shots 7800 queries 27 cpu 0.145
stage 1 shots 19800 queries 36 cpu 0.22
stage 2 shots 40000 queries 47 cpu 0.289
1 3 cpu 0.29 risk [0.0512, 0.0356, 0.0359, 0.0565] mean 0.0448
stage 0 shots 7800 queries 27 cpu 0.216
stage 1 shots 19800 queries 36 cpu 0.317
stage 2 shots 40000 queries 45 cpu 0.417
2 3 cpu 0.42 risk [0.0342, 0.0344, 0.032, 0.0888] mean 0.0473
stage 0 shots 7800 queries 26 cpu 0.233
stage 1 shots 19800 queries 34 cpu 0.337
stage 2 shots 40000 queries 44 cpu 0.446
3 3 cpu 0.45 risk [0.029, 0.0501, 0.0446, 0.0331] mean 0.0392
stage 0 shots 7800 queries 23 cpu 0.849
stage 1 shots 19800 queries 28 cpu 1.206
stage 2 shots 40000 queries 36 cpu 1.623
4 3 cpu 1.62 risk [0.0433, 0.0421, 0.0088, 0.0418] mean 0.034
stage 0 shots 7800 queries 25 cpu 0.933
stage 1 shots 19800 queries 32 cpu 1.246
stage 2 shots 40000 queries 41 cpu 1.544
5 3 cpu 1.54 risk [0.0526, 0.0422, 0.0631, 0.0672] mean 0.0563
stage 0 shots 7800 queries 25 cpu 0.147
stage 1 shots 19800 queries 32 cpu 0.215
stage 2 shots 40000 queries 42 cpu 0.28
0 4 cpu 0.28 risk [0.0298, 0.0825, 0.0246, 0.0279] mean 0.0412
stage 0 shots 7800 queries 26 cpu 0.163
stage 1 shots 19800 queries 34 cpu 0.234
stage 2 shots 40000 queries 43 cpu 0.296
1 4 cpu 0.3 risk [0.0639, 0.0502, 0.0796, 0.0788] mean 0.0681
stage 0 shots 7800 queries 26 cpu 0.281
stage 1 shots 19800 queries 34 cpu 0.407
stage 2 shots 40000 queries 43 cpu 0.569
2 4 cpu 0.57 risk [0.044, 0.0347, 0.0388, 0.0167] mean 0.0335
stage 0 shots 7800 queries 24 cpu 0.348
stage 1 shots 19800 queries 33 cpu 0.517
stage 2 shots 40000 queries 44 cpu 0.654
3 4 cpu 0.65 risk [0.0267, 0.0587, 0.0855, 0.0206] mean 0.0479
stage 0 shots 7800 queries 27 cpu 0.936
stage 1 shots 19800 queries 36 cpu 1.379
stage 2 shots 40000 queries 46 cpu 1.811
4 4 cpu 1.81 risk [0.0288, 0.0508, 0.068, 0.0547] mean 0.0506
stage 0 shots 7800 queries 26 cpu 0.958
stage 1 shots 19800 queries 34 cpu 1.319
stage 2 shots 40000 queries 43 cpu 1.655
5 4 cpu 1.65 risk [0.0243, 0.0384, 0.0337, 0.0328] mean 0.0323
stage 0 shots 7800 queries 27 cpu 0.147
stage 1 shots 19800 queries 36 cpu 0.217
stage 2 shots 40000 queries 46 cpu 0.274
0 5 cpu 0.27 risk [0.0578, 0.057, 0.0302, 0.067] mean 0.053
stage 0 shots 7800 queries 27 cpu 0.165
stage 1 shots 19800 queries 35 cpu 0.229
stage 2 shots 40000 queries 43 cpu 0.301
1 5 cpu 0.3 risk [0.0687, 0.0633, 0.024, 0.0393] mean 0.0488
stage 0 shots 7800 queries 26 cpu 0.286
stage 1 shots 19800 queries 34 cpu 0.389
stage 2 shots 40000 queries 43 cpu 0.496
2 5 cpu 0.5 risk [0.022, 0.0688, 0.0345, 0.0699] mean 0.0488
stage 0 shots 7800 queries 25 cpu 0.261
stage 1 shots 19800 queries 32 cpu 0.416
stage 2 shots 40000 queries 40 cpu 0.564
3 5 cpu 0.56 risk [0.0472, 0.0572, 0.0632, 0.0346] mean 0.0506
stage 0 shots 7800 queries 25 cpu 0.897
stage 1 shots 19800 queries 32 cpu 1.308
stage 2 shots 40000 queries 42 cpu 1.722
4 5 cpu 1.72 risk [0.0335, 0.0615, 0.0168, 0.0295] mean 0.0353
stage 0 shots 7800 queries 27 cpu 0.792
stage 1 shots 19800 queries 36 cpu 1.092
stage 2 shots 40000 queries 46 cpu 1.384
5 5 cpu 1.38 risk [0.0477, 0.0378, 0.0553, 0.0813] mean 0.0555
stage 0 shots 7800 queries 24 cpu 0.132
stage 1 shots 19800 queries 31 cpu 0.202
stage 2 shots 40000 queries 38 cpu 0.269
0 6 cpu 0.27 risk [0.0293, 0.076, 0.0444, 0.0659] mean 0.0539
stage 0 shots 7800 queries 26 cpu 0.168
stage 1 shots 19800 queries 36 cpu 0.256
stage 2 shots 40000 queries 46 cpu 0.337
1 6 cpu 0.34 risk [0.0859, 0.064, 0.0519, 0.0402] mean 0.0605
stage 0 shots 7800 queries 24 cpu 0.344
stage 1 shots 19800 queries 31 cpu 0.5
stage 2 shots 40000 queries 39 cpu 0.644
2 6 cpu 0.64 risk [0.0348, 0.0329, 0.0517, 0.0344] mean 0.0385
stage 0 shots 7800 queries 27 cpu 0.252
stage 1 shots 19800 queries 36 cpu 0.367
stage 2 shots 40000 queries 46 cpu 0.478
3 6 cpu 0.48 risk [0.0429, 0.0579, 0.047, 0.0746] mean 0.0556
stage 0 shots 7800 queries 26 cpu 0.937
stage 1 shots 19800 queries 34 cpu 1.466
stage 2 shots 40000 queries 42 cpu 1.989
4 6 cpu 1.99 risk [0.0344, 0.0356, 0.1108, 0.033] mean 0.0535
stage 0 shots 7800 queries 26 cpu 0.827
stage 1 shots 19800 queries 34 cpu 1.214
stage 2 shots 40000 queries 44 cpu 1.61
5 6 cpu 1.61 risk [0.0355, 0.0374, 0.0545, 0.0183] mean 0.0364
stage 0 shots 7800 queries 28 cpu 0.153
stage 1 shots 19800 queries 37 cpu 0.231
stage 2 shots 40000 queries 47 cpu 0.306
0 7 cpu 0.31 risk [0.0268, 0.0656, 0.0324, 0.0319] mean 0.0392
stage 0 shots 7800 queries 26 cpu 0.157
stage 1 shots 19800 queries 36 cpu 0.22
stage 2 shots 40000 queries 47 cpu 0.282
1 7 cpu 0.28 risk [0.0694, 0.047, 0.0455, 0.0587] mean 0.0551
stage 0 shots 7800 queries 28 cpu 0.278
stage 1 shots 19800 queries 38 cpu 0.432
stage 2 shots 40000 queries 48 cpu 0.579
2 7 cpu 0.58 risk [0.0318, 0.0294, 0.0413, 0.0633] mean 0.0414
stage 0 shots 7800 queries 27 cpu 0.204
stage 1 shots 19800 queries 36 cpu 0.292
stage 2 shots 40000 queries 45 cpu 0.379
3 7 cpu 0.38 risk [0.0315, 0.0477, 0.0755, 0.0752] mean 0.0575
stage 0 shots 7800 queries 25 cpu 1.038
stage 1 shots 19800 queries 32 cpu 1.547
stage 2 shots 40000 queries 39 cpu 1.957
4 7 cpu 1.96 risk [0.0617, 0.0442, 0.0591, 0.0325] mean 0.0494
stage 0 shots 7800 queries 26 cpu 0.739
stage 1 shots 19800 queries 33 cpu 1.094
stage 2 shots 40000 queries 42 cpu 1.453
5 7 cpu 1.45 risk [0.0427, 0.034, 0.0341, 0.0479] mean 0.0397
stage 0 shots 7800 queries 26 cpu 0.143
stage 1 shots 19800 queries 33 cpu 0.201
stage 2 shots 40000 queries 43 cpu 0.25
0 8 cpu 0.25 risk [0.039, 0.08, 0.0168, 0.0175] mean 0.0383
stage 0 shots 7800 queries 27 cpu 0.169
stage 1 shots 19800 queries 38 cpu 0.251
stage 2 shots 40000 queries 50 cpu 0.323
1 8 cpu 0.32 risk [0.0743, 0.0613, 0.046, 0.0526] mean 0.0585
stage 0 shots 7800 queries 24 cpu 0.273
stage 1 shots 19800 queries 30 cpu 0.403
stage 2 shots 40000 queries 39 cpu 0.539
2 8 cpu 0.54 risk [0.0306, 0.036, 0.0495, 0.018] mean 0.0335
stage 0 shots 7800 queries 26 cpu 0.328
stage 1 shots 19800 queries 35 cpu 0.477
stage 2 shots 40000 queries 45 cpu 0.606
3 8 cpu 0.61 risk [0.0312, 0.0358, 0.0355, 0.0424] mean 0.0362
stage 0 shots 7800 queries 26 cpu 0.954
stage 1 shots 19800 queries 33 cpu 1.244
stage 2 shots 40000 queries 44 cpu 1.535
4 8 cpu 1.53 risk [0.0325, 0.0503, 0.0617, 0.0324] mean 0.0442
stage 0 shots 7800 queries 25 cpu 0.85
stage 1 shots 19800 queries 32 cpu 1.261
stage 2 shots 40000 queries 41 cpu 1.653
5 8 cpu 1.65 risk [0.0352, 0.028, 0.0196, 0.0832] mean 0.0415
stage 0 shots 7800 queries 26 cpu 0.116
stage 1 shots 19800 queries 35 cpu 0.17
stage 2 shots 40000 queries 45 cpu 0.219
0 9 cpu 0.22 risk [0.0366, 0.039, 0.0352, 0.0714] mean 0.0455
stage 0 shots 7800 queries 26 cpu 0.152
stage 1 shots 19800 queries 34 cpu 0.222
stage 2 shots 40000 queries 43 cpu 0.298
1 9 cpu 0.3 risk [0.0427, 0.0321, 0.0174, 0.0312] mean 0.0309
stage 0 shots 7800 queries 25 cpu 0.222
stage 1 shots 19800 queries 31 cpu 0.318
stage 2 shots 40000 queries 39 cpu 0.401
2 9 cpu 0.4 risk [0.0705, 0.041, 0.0245, 0.0172] mean 0.0383
stage 0 shots 7800 queries 26 cpu 0.249
stage 1 shots 19800 queries 34 cpu 0.356
stage 2 shots 40000 queries 43 cpu 0.469
3 9 cpu 0.47 risk [0.0236, 0.0483, 0.0714, 0.0262] mean 0.0424
stage 0 shots 7800 queries 26 cpu 0.873
stage 1 shots 19800 queries 36 cpu 1.213
stage 2 shots 40000 queries 46 cpu 1.514
4 9 cpu 1.51 risk [0.0594, 0.0456, 0.03, 0.0439] mean 0.0447
stage 0 shots 7800 queries 26 cpu 0.799
stage 1 shots 19800 queries 35 cpu 1.146
stage 2 shots 40000 queries 44 cpu 1.47
5 9 cpu 1.47 risk [0.0226, 0.0388, 0.0164, 0.0604] mean 0.0346
stage 0 shots 7800 queries 28 cpu 0.124
stage 1 shots 19800 queries 38 cpu 0.179
stage 2 shots 40000 queries 48 cpu 0.227
0 10 cpu 0.23 risk [0.032, 0.0467, 0.0746, 0.0471] mean 0.0501
stage 0 shots 7800 queries 26 cpu 0.138
stage 1 shots 19800 queries 34 cpu 0.193
stage 2 shots 40000 queries 45 cpu 0.257
1 10 cpu 0.26 risk [0.036, 0.0598, 0.0332, 0.0593] mean 0.0471
stage 0 shots 7800 queries 26 cpu 0.266
stage 1 shots 19800 queries 35 cpu 0.396
stage 2 shots 40000 queries 45 cpu 0.515
2 10 cpu 0.52 risk [0.0645, 0.0545, 0.0229, 0.0449] mean 0.0467
stage 0 shots 7800 queries 23 cpu 0.224
stage 1 shots 19800 queries 29 cpu 0.338
stage 2 shots 40000 queries 37 cpu 0.445
3 10 cpu 0.45 risk [0.0273, 0.0289, 0.0347, 0.0259] mean 0.0292
stage 0 shots 7800 queries 25 cpu 1.092
stage 1 shots 19800 queries 32 cpu 1.635
stage 2 shots 40000 queries 42 cpu 2.103
4 10 cpu 2.1 risk [0.0555, 0.0522, 0.0541, 0.0259] mean 0.0469
stage 0 shots 7800 queries 27 cpu 0.71
stage 1 shots 19800 queries 36 cpu 1.0
stage 2 shots 40000 queries 46 cpu 1.279
5 10 cpu 1.28 risk [0.0365, 0.0431, 0.0808, 0.0413] mean 0.0504
stage 0 shots 7800 queries 27 cpu 0.12
stage 1 shots 19800 queries 34 cpu 0.185
stage 2 shots 40000 queries 43 cpu 0.24
0 11 cpu 0.24 risk [0.0386, 0.0595, 0.0172, 0.0259] mean 0.0353
stage 0 shots 7800 queries 26 cpu 0.144
stage 1 shots 19800 queries 34 cpu 0.208
stage 2 shots 40000 queries 43 cpu 0.281
1 11 cpu 0.28 risk [0.0668, 0.0407, 0.0326, 0.0283] mean 0.0421
stage 0 shots 7800 queries 28 cpu 0.268
stage 1 shots 19800 queries 37 cpu 0.399
stage 2 shots 40000 queries 48 cpu 0.519
2 11 cpu 0.52 risk [0.05, 0.0474, 0.0621, 0.052] mean 0.0529
stage 0 shots 7800 queries 26 cpu 0.276
stage 1 shots 19800 queries 34 cpu 0.409
stage 2 shots 40000 queries 44 cpu 0.523
3 11 cpu 0.52 risk [0.0442, 0.065, 0.0236, 0.0537] mean 0.0467
stage 0 shots 7800 queries 27 cpu 1.06
stage 1 shots 19800 queries 36 cpu 1.427
stage 2 shots 40000 queries 45 cpu 1.835
4 11 cpu 1.84 risk [0.0657, 0.0301, 0.0342, 0.0662] mean 0.049
stage 0 shots 7800 queries 25 cpu 0.854
stage 1 shots 19800 queries 33 cpu 1.159
stage 2 shots 40000 queries 43 cpu 1.497
5 11 cpu 1.5 risk [0.0471, 0.0581, 0.0849, 0.0462] mean 0.0591
stage 0 shots 7800 queries 27 cpu 0.143
stage 1 shots 19800 queries 36 cpu 0.209
stage 2 shots 40000 queries 46 cpu 0.28
0 12 cpu 0.28 risk [0.0472, 0.0736, 0.0734, 0.0265] mean 0.0551
stage 0 shots 7800 queries 27 cpu 0.125
stage 1 shots 19800 queries 36 cpu 0.194
stage 2 shots 40000 queries 47 cpu 0.244
1 12 cpu 0.24 risk [0.0645, 0.0568, 0.0337, 0.0432] mean 0.0495
stage 0 shots 7800 queries 27 cpu 0.282
stage 1 shots 19800 queries 36 cpu 0.422
stage 2 shots 40000 queries 46 cpu 0.545
2 12 cpu 0.54 risk [0.0401, 0.0434, 0.0557, 0.0607] mean 0.05
stage 0 shots 7800 queries 27 cpu 0.223
stage 1 shots 19800 queries 36 cpu 0.321
stage 2 shots 40000 queries 46 cpu 0.413
3 12 cpu 0.41 risk [0.042, 0.0536, 0.0547, 0.0628] mean 0.0533
stage 0 shots 7800 queries 25 cpu 0.794
stage 1 shots 19800 queries 33 cpu 1.156
stage 2 shots 40000 queries 43 cpu 1.485
4 12 cpu 1.48 risk [0.0542, 0.0427, 0.0232, 0.0416] mean 0.0404
stage 0 shots 7800 queries 26 cpu 0.793
stage 1 shots 19800 queries 34 cpu 1.148
stage 2 shots 40000 queries 44 cpu 1.522
5 12 cpu 1.52 risk [0.0525, 0.0249, 0.0896, 0.0478] mean 0.0537
stage 0 shots 7800 queries 26 cpu 0.186
stage 1 shots 19800 queries 35 cpu 0.277
stage 2 shots 40000 queries 45 cpu 0.379
0 13 cpu 0.38 risk [0.0936, 0.1445, 0.0646, 0.0897] mean 0.0981
stage 0 shots 7800 queries 29 cpu 0.159
stage 1 shots 19800 queries 40 cpu 0.238
stage 2 shots 40000 queries 52 cpu 0.309
1 13 cpu 0.31 risk [0.0389, 0.0328, 0.0572, 0.0362] mean 0.0413
stage 0 shots 7800 queries 27 cpu 0.229
stage 1 shots 19800 queries 36 cpu 0.346
stage 2 shots 40000 queries 46 cpu 0.462
2 13 cpu 0.46 risk [0.0399, 0.0563, 0.0317, 0.0337] mean 0.0404
stage 0 shots 7800 queries 24 cpu 0.27
stage 1 shots 19800 queries 31 cpu 0.395
stage 2 shots 40000 queries 40 cpu 0.526
3 13 cpu 0.53 risk [0.0373, 0.0524, 0.0618, 0.0116] mean 0.0408
stage 0 shots 7800 queries 24 cpu 1.394
stage 1 shots 19800 queries 32 cpu 2.021
stage 2 shots 40000 queries 41 cpu 2.524
4 13 cpu 2.52 risk [0.0576, 0.0296, 0.0508, 0.0701] mean 0.052
stage 0 shots 7800 queries 24 cpu 0.662
stage 1 shots 19800 queries 32 cpu 0.969
stage 2 shots 40000 queries 41 cpu 1.268
5 13 cpu 1.27 risk [0.0539, 0.048, 0.0412, 0.0208] mean 0.0409
stage 0 shots 7800 queries 27 cpu 0.111
stage 1 shots 19800 queries 36 cpu 0.162
stage 2 shots 40000 queries 46 cpu 0.208
0 14 cpu 0.21 risk [0.0365, 0.0584, 0.0366, 0.0431] mean 0.0437
stage 0 shots 7800 queries 27 cpu 0.156
stage 1 shots 19800 queries 36 cpu 0.212
stage 2 shots 40000 queries 46 cpu 0.269
1 14 cpu 0.27 risk [0.0974, 0.0819, 0.0535, 0.0494] mean 0.0706
stage 0 shots 7800 queries 28 cpu 0.256
stage 1 shots 19800 queries 37 cpu 0.382
stage 2 shots 40000 queries 46 cpu 0.5
2 14 cpu 0.5 risk [0.0522, 0.0356, 0.0526, 0.0413] mean 0.0454
stage 0 shots 7800 queries 25 cpu 0.247
stage 1 shots 19800 queries 31 cpu 0.355
stage 2 shots 40000 queries 39 cpu 0.463
3 14 cpu 0.46 risk [0.0472, 0.0381, 0.0415, 0.0483] mean 0.0438
stage 0 shots 7800 queries 28 cpu 0.892
stage 1 shots 19800 queries 38 cpu 1.309
stage 2 shots 40000 queries 49 cpu 1.773
4 14 cpu 1.77 risk [0.0455, 0.0566, 0.0186, 0.0192] mean 0.035
stage 0 shots 7800 queries 26 cpu 0.844
stage 1 shots 19800 queries 34 cpu 1.11
stage 2 shots 40000 queries 43 cpu 1.47
5 14 cpu 1.47 risk [0.0344, 0.0239, 0.0318, 0.0121] mean 0.0256
stage 0 shots 7800 queries 26 cpu 0.159
stage 1 shots 19800 queries 34 cpu 0.238
stage 2 shots 40000 queries 45 cpu 0.298
0 15 cpu 0.3 risk [0.0323, 0.0351, 0.0579, 0.047] mean 0.0431
stage 0 shots 7800 queries 27 cpu 0.159
stage 1 shots 19800 queries 36 cpu 0.222
stage 2 shots 40000 queries 44 cpu 0.287
1 15 cpu 0.29 risk [0.0354, 0.0453, 0.0392, 0.0665] mean 0.0466
stage 0 shots 7800 queries 27 cpu 0.304
stage 1 shots 19800 queries 35 cpu 0.43
stage 2 shots 40000 queries 44 cpu 0.546
2 15 cpu 0.55 risk [0.0499, 0.0505, 0.0257, 0.0611] mean 0.0468
stage 0 shots 7800 queries 26 cpu 0.284
stage 1 shots 19800 queries 34 cpu 0.419
stage 2 shots 40000 queries 43 cpu 0.548
3 15 cpu 0.55 risk [0.028, 0.0798, 0.0387, 0.0316] mean 0.0445
stage 0 shots 7800 queries 26 cpu 0.844
stage 1 shots 19800 queries 33 cpu 1.172
stage 2 shots 40000 queries 43 cpu 1.562
4 15 cpu 1.56 risk [0.0623, 0.0522, 0.046, 0.0532] mean 0.0534
stage 0 shots 7800 queries 26 cpu 0.868
stage 1 shots 19800 queries 34 cpu 1.263
stage 2 shots 40000 queries 44 cpu 1.604
5 15 cpu 1.6 risk [0.043, 0.047, 0.0623, 0.0726] mean 0.0562
stage 0 shots 7800 queries 28 cpu 0.109
stage 1 shots 19800 queries 38 cpu 0.164
stage 2 shots 40000 queries 48 cpu 0.219
0 16 cpu 0.22 risk [0.0419, 0.0529, 0.023, 0.0914] mean 0.0523
stage 0 shots 7800 queries 26 cpu 0.153
stage 1 shots 19800 queries 34 cpu 0.234
stage 2 shots 40000 queries 45 cpu 0.31
1 16 cpu 0.31 risk [0.0382, 0.0645, 0.0581, 0.0388] mean 0.0499
stage 0 shots 7800 queries 27 cpu 0.282
stage 1 shots 19800 queries 35 cpu 0.398
stage 2 shots 40000 queries 45 cpu 0.516
2 16 cpu 0.52 risk [0.031, 0.0548, 0.0388, 0.021] mean 0.0364
stage 0 shots 7800 queries 27 cpu 0.263
stage 1 shots 19800 queries 35 cpu 0.36
stage 2 shots 40000 queries 45 cpu 0.456
3 16 cpu 0.46 risk [0.0267, 0.0432, 0.0319, 0.0368] mean 0.0346
stage 0 shots 7800 queries 25 cpu 0.94
stage 1 shots 19800 queries 32 cpu 1.313
stage 2 shots 40000 queries 40 cpu 1.64
4 16 cpu 1.64 risk [0.0394, 0.0586, 0.04, 0.0271] mean 0.0413
stage 0 shots 7800 queries 26 cpu 0.893
stage 1 shots 19800 queries 34 cpu 1.291
stage 2 shots 40000 queries 42 cpu 1.636
5 16 cpu 1.64 risk [0.0421, 0.0409, 0.0341, 0.0283] mean 0.0363
stage 0 shots 7800 queries 24 cpu 0.136
stage 1 shots 19800 queries 31 cpu 0.195
stage 2 shots 40000 queries 40 cpu 0.255
0 17 cpu 0.25 risk [0.034, 0.0334, 0.0644, 0.0506] mean 0.0456
stage 0 shots 7800 queries 25 cpu 0.138
stage 1 shots 19800 queries 33 cpu 0.194
stage 2 shots 40000 queries 44 cpu 0.251
1 17 cpu 0.25 risk [0.0162, 0.0594, 0.0729, 0.0683] mean 0.0542
stage 0 shots 7800 queries 26 cpu 0.247
stage 1 shots 19800 queries 34 cpu 0.374
stage 2 shots 40000 queries 42 cpu 0.481
2 17 cpu 0.48 risk [0.0412, 0.0365, 0.0634, 0.0538] mean 0.0487
stage 0 shots 7800 queries 27 cpu 0.285
stage 1 shots 19800 queries 36 cpu 0.429
stage 2 shots 40000 queries 46 cpu 0.568
3 17 cpu 0.57 risk [0.0382, 0.0497, 0.0728, 0.0438] mean 0.0511
stage 0 shots 7800 queries 24 cpu 0.905
stage 1 shots 19800 queries 30 cpu 1.353
stage 2 shots 40000 queries 39 cpu 1.754
4 17 cpu 1.75 risk [0.033, 0.0413, 0.0332, 0.0316] mean 0.0348
stage 0 shots 7800 queries 26 cpu 0.741
stage 1 shots 19800 queries 35 cpu 1.002
stage 2 shots 40000 queries 46 cpu 1.301
5 17 cpu 1.3 risk [0.0535, 0.0596, 0.0283, 0.0203] mean 0.0404
stage 0 shots 7800 queries 26 cpu 0.14
stage 1 shots 19800 queries 35 cpu 0.212
stage 2 shots 40000 queries 44 cpu 0.273
0 18 cpu 0.27 risk [0.04, 0.0464, 0.0329, 0.0389] mean 0.0395
stage 0 shots 7800 queries 28 cpu 0.167
stage 1 shots 19800 queries 38 cpu 0.251
stage 2 shots 40000 queries 50 cpu 0.343
1 18 cpu 0.34 risk [0.0857, 0.0555, 0.0461, 0.0635] mean 0.0627
stage 0 shots 7800 queries 27 cpu 0.278
stage 1 shots 19800 queries 36 cpu 0.381
stage 2 shots 40000 queries 46 cpu 0.473
2 18 cpu 0.47 risk [0.0347, 0.0545, 0.0227, 0.0594] mean 0.0428
stage 0 shots 7800 queries 25 cpu 0.232
stage 1 shots 19800 queries 33 cpu 0.332
stage 2 shots 40000 queries 44 cpu 0.43
3 18 cpu 0.43 risk [0.0272, 0.0385, 0.0354, 0.0175] mean 0.0297
stage 0 shots 7800 queries 25 cpu 0.793
stage 1 shots 19800 queries 32 cpu 1.143
stage 2 shots 40000 queries 41 cpu 1.524
4 18 cpu 1.52 risk [0.0329, 0.0492, 0.0315, 0.0201] mean 0.0334
stage 0 shots 7800 queries 26 cpu 1.069
stage 1 shots 19800 queries 34 cpu 1.572
stage 2 shots 40000 queries 43 cpu 2.107
5 18 cpu 2.11 risk [0.0368, 0.0476, 0.0474, 0.0473] mean 0.0448
stage 0 shots 7800 queries 27 cpu 0.191
stage 1 shots 19800 queries 35 cpu 0.255
stage 2 shots 40000 queries 44 cpu 0.319
0 19 cpu 0.32 risk [0.0592, 0.0413, 0.0776, 0.0707] mean 0.0622
stage 0 shots 7800 queries 27 cpu 0.152
stage 1 shots 19800 queries 36 cpu 0.233
stage 2 shots 40000 queries 45 cpu 0.306
1 19 cpu 0.31 risk [0.14, 0.0367, 0.0377, 0.0175] mean 0.058
stage 0 shots 7800 queries 27 cpu 0.291
stage 1 shots 19800 queries 36 cpu 0.425
stage 2 shots 40000 queries 47 cpu 0.561
2 19 cpu 0.56 risk [0.0218, 0.0373, 0.0589, 0.0541] mean 0.043
stage 0 shots 7800 queries 27 cpu 0.186
stage 1 shots 19800 queries 36 cpu 0.276
stage 2 shots 40000 queries 45 cpu 0.36
3 19 cpu 0.36 risk [0.0631, 0.0487, 0.0223, 0.0685] mean 0.0506
stage 0 shots 7800 queries 24 cpu 0.922
stage 1 shots 19800 queries 31 cpu 1.373
stage 2 shots 40000 queries 40 cpu 1.862
4 19 cpu 1.86 risk [0.0578, 0.0455, 0.0529, 0.044] mean 0.05
stage 0 shots 7800 queries 26 cpu 0.883
stage 1 shots 19800 queries 34 cpu 1.271
stage 2 shots 40000 queries 43 cpu 1.638
5 19 cpu 1.64 risk [0.0418, 0.0334, 0.0423, 0.0374] mean 0.0388
stage 0 shots 7800 queries 26 cpu 0.122
stage 1 shots 19800 queries 35 cpu 0.198
stage 2 shots 40000 queries 44 cpu 0.263
0 20 cpu 0.26 risk [0.0463, 0.0505, 0.0625, 0.0247] mean 0.046
stage 0 shots 7800 queries 26 cpu 0.128
stage 1 shots 19800 queries 34 cpu 0.192
stage 2 shots 40000 queries 45 cpu 0.249
1 20 cpu 0.25 risk [0.0595, 0.0591, 0.0534, 0.0432] mean 0.0538
stage 0 shots 7800 queries 26 cpu 0.275
stage 1 shots 19800 queries 35 cpu 0.369
stage 2 shots 40000 queries 44 cpu 0.454
2 20 cpu 0.45 risk [0.0555, 0.0419, 0.0429, 0.0619] mean 0.0506
stage 0 shots 7800 queries 27 cpu 0.201
stage 1 shots 19800 queries 36 cpu 0.3
stage 2 shots 40000 queries 45 cpu 0.406
3 20 cpu 0.41 risk [0.0334, 0.0372, 0.0328, 0.049] mean 0.0381
stage 0 shots 7800 queries 25 cpu 1.044
stage 1 shots 19800 queries 34 cpu 1.53
stage 2 shots 40000 queries 44 cpu 1.991
4 20 cpu 1.99 risk [0.0408, 0.0542, 0.0425, 0.0508] mean 0.0471
stage 0 shots 7800 queries 27 cpu 0.723
stage 1 shots 19800 queries 36 cpu 1.015
stage 2 shots 40000 queries 46 cpu 1.291
5 20 cpu 1.29 risk [0.0434, 0.047, 0.0577, 0.0516] mean 0.0499
stage 0 shots 7800 queries 24 cpu 0.256
stage 1 shots 19800 queries 32 cpu 0.359
stage 2 shots 40000 queries 40 cpu 0.443
0 21 cpu 0.44 risk [0.0338, 0.0524, 0.0667, 0.0165] mean 0.0424
stage 0 shots 7800 queries 24 cpu 0.223
stage 1 shots 19800 queries 30 cpu 0.326
stage 2 shots 40000 queries 37 cpu 0.427
1 21 cpu 0.43 risk [0.0956, 0.1082, 0.0505, 0.0325] mean 0.0717
stage 0 shots 7800 queries 26 cpu 0.298
stage 1 shots 19800 queries 34 cpu 0.427
stage 2 shots 40000 queries 44 cpu 0.545
2 21 cpu 0.55 risk [0.0454, 0.0503, 0.0538, 0.024] mean 0.0434
stage 0 shots 7800 queries 26 cpu 0.283
stage 1 shots 19800 queries 35 cpu 0.393
stage 2 shots 40000 queries 44 cpu 0.508
3 21 cpu 0.51 risk [0.0247, 0.0436, 0.0505, 0.0315] mean 0.0376
stage 0 shots 7800 queries 24 cpu 0.929
stage 1 shots 19800 queries 30 cpu 1.336
stage 2 shots 40000 queries 39 cpu 1.747
4 21 cpu 1.75 risk [0.0297, 0.0566, 0.0285, 0.0362] mean 0.0377
stage 0 shots 7800 queries 29 cpu 0.925
stage 1 shots 19800 queries 40 cpu 1.319
stage 2 shots 40000 queries 51 cpu 1.669
5 21 cpu 1.67 risk [0.0325, 0.0865, 0.029, 0.0998] mean 0.062
stage 0 shots 7800 queries 25 cpu 0.108
stage 1 shots 19800 queries 32 cpu 0.156
stage 2 shots 40000 queries 41 cpu 0.196
0 22 cpu 0.2 risk [0.0342, 0.0397, 0.0436, 0.0592] mean 0.0442
stage 0 shots 7800 queries 27 cpu 0.149
stage 1 shots 19800 queries 38 cpu 0.212
stage 2 shots 40000 queries 51 cpu 0.273
1 22 cpu 0.27 risk [0.0304, 0.0543, 0.0475, 0.0309] mean 0.0408
stage 0 shots 7800 queries 28 cpu 0.17
stage 1 shots 19800 queries 38 cpu 0.292
stage 2 shots 40000 queries 48 cpu 0.364
2 22 cpu 0.36 risk [0.0376, 0.0468, 0.0517, 0.0475] mean 0.0459
stage 0 shots 7800 queries 25 cpu 0.229
stage 1 shots 19800 queries 32 cpu 0.31
stage 2 shots 40000 queries 40 cpu 0.401
3 22 cpu 0.4 risk [0.0335, 0.0298, 0.0768, 0.0421] mean 0.0455
stage 0 shots 7800 queries 27 cpu 0.842
stage 1 shots 19800 queries 37 cpu 1.194
stage 2 shots 40000 queries 47 cpu 1.59
4 22 cpu 1.59 risk [0.0467, 0.0457, 0.0452, 0.0471] mean 0.0462
stage 0 shots 7800 queries 26 cpu 0.746
stage 1 shots 19800 queries 35 cpu 1.041
stage 2 shots 40000 queries 45 cpu 1.319
5 22 cpu 1.32 risk [0.0175, 0.0577, 0.0318, 0.0916] mean 0.0497
stage 0 shots 7800 queries 26 cpu 0.103
stage 1 shots 19800 queries 34 cpu 0.146
stage 2 shots 40000 queries 43 cpu 0.189
0 23 cpu 0.19 risk [0.0467, 0.0417, 0.0654, 0.0487] mean 0.0507
stage 0 shots 7800 queries 25 cpu 0.119
stage 1 shots 19800 queries 31 cpu 0.169
stage 2 shots 40000 queries 40 cpu 0.214
1 23 cpu 0.21 risk [0.059, 0.0357, 0.0271, 0.0414] mean 0.0408
stage 0 shots 7800 queries 26 cpu 0.255
stage 1 shots 19800 queries 35 cpu 0.367
stage 2 shots 40000 queries 45 cpu 0.476
2 23 cpu 0.48 risk [0.0696, 0.0457, 0.0785, 0.0516] mean 0.0613
stage 0 shots 7800 queries 25 cpu 0.201
stage 1 shots 19800 queries 32 cpu 0.305
stage 2 shots 40000 queries 40 cpu 0.395
3 23 cpu 0.4 risk [0.0572, 0.0468, 0.0519, 0.0426] mean 0.0496
stage 0 shots 7800 queries 25 cpu 0.853
stage 1 shots 19800 queries 32 cpu 1.15
stage 2 shots 40000 queries 42 cpu 1.466
4 23 cpu 1.47 risk [0.06, 0.0403, 0.0281, 0.0253] mean 0.0384
stage 0 shots 7800 queries 28 cpu 0.751
stage 1 shots 19800 queries 38 cpu 1.09
stage 2 shots 40000 queries 49 cpu 1.464
5 23 cpu 1.46 risk [0.045, 0.058, 0.0096, 0.0502] mean 0.0407
stage 0 shots 7800 queries 25 cpu 0.15
stage 1 shots 19800 queries 32 cpu 0.217
stage 2 shots 40000 queries 41 cpu 0.273
0 24 cpu 0.27 risk [0.0376, 0.0561, 0.0766, 0.0513] mean 0.0554
stage 0 shots 7800 queries 29 cpu 0.163
stage 1 shots 19800 queries 40 cpu 0.239
stage 2 shots 40000 queries 52 cpu 0.323
1 24 cpu 0.32 risk [0.0716, 0.1025, 0.0281, 0.0387] mean 0.0602
stage 0 shots 7800 queries 26 cpu 0.212
stage 1 shots 19800 queries 33 cpu 0.304
stage 2 shots 40000 queries 41 cpu 0.393
2 24 cpu 0.39 risk [0.0281, 0.0314, 0.0672, 0.0818] mean 0.0521
stage 0 shots 7800 queries 26 cpu 0.183
stage 1 shots 19800 queries 34 cpu 0.264
stage 2 shots 40000 queries 42 cpu 0.352
3 24 cpu 0.35 risk [0.0646, 0.0398, 0.0271, 0.0381] mean 0.0424
stage 0 shots 7800 queries 25 cpu 0.682
stage 1 shots 19800 queries 32 cpu 1.006
stage 2 shots 40000 queries 40 cpu 1.3
4 24 cpu 1.3 risk [0.05, 0.0299, 0.0425, 0.0318] mean 0.0386
stage 0 shots 7800 queries 27 cpu 0.654
stage 1 shots 19800 queries 36 cpu 0.968
stage 2 shots 40000 queries 46 cpu 1.274
5 24 cpu 1.27 risk [0.0319, 0.028, 0.0398, 0.0438] mean 0.0359
burst_aliases [0.04482, 0.04716, 0.0474, 0.04979]
chain_hooks [0.05986, 0.06174, 0.04916, 0.05086]
patch_crosstalk [0.04179, 0.04674, 0.04994, 0.04807]
MEAN 0.04977732098589313 WORST 0.061736163735111274
