0 4 0.1 49.78048380702513 39.15863821 1.0
1 8 0.03 49.07930603055412 39.04664135 1.0
2 20 0.01 48.925198023189985 38.846873020000004 1.0
pair 3 20 48.916886216232676 38.122648871
4 20 0.001 48.91479922139401 37.835994021000005 1.0
5 20 0.0001 48.914733943528766 37.521119121000005 1.0
6 20 1e-05 48.914726098764945 37.155285261 1.0
7 20 1e-05 48.91472377388497 36.800949501000005 1.0
8 20 0.0 48.91472252603036 36.494005801 1.0
9 20 0.0 48.91472134796549 36.130252621000004 2.020678839725589
10 20 0.0 48.9147209913017 35.766382581 1.8108474538423387
11 20 0.0 48.914720819418335 35.375306061 0.35574276927108844
12 20 0.0 48.91472073649176 35.019647801000005 11.816698324042077
13 20 0.0 48.91472068392395 34.663858452 1.484547156686135
14 20 0.0 48.914720572191314 34.305216022 12.0
15 20 0.0 48.914720532978286 33.942124122 3.2720859841370684
16 20 0.0 48.91472040034052 33.590330252 11.694006829015628
17 20 0.0 48.914720364936095 33.238519192000005 2.446159542187652
18 20 0.0 48.914720288465766 32.878344522000006 11.69255157516117
19 20 0.0 48.914720270474504 32.520418752000005 4.783244612635307
20 20 0.0 48.914720217218175 32.160824723000005 6.835266434758478
21 20 0.0 48.9147202092234 31.801817403 0.23810526146566827
22 20 0.0 48.91472020704233 31.424950623 5.8959000992185775
23 20 0.0 48.91472020220517 31.048955783000004 6.151304785993682
24 20 0.0 48.91472020204361 30.651299363000003 0.20843210512234128
25 20 0.0 48.914720202002634 30.250374873000005 7.536380453209274
26 20 0.0 48.914720201855005 29.894301333 10.168933328212796
27 20 0.0 48.914720201850244 29.516151263000005 0.9088626692897295
28 20 0.0 48.91472020184631 29.116944133000004 3.4458415259803976
29 20 0.0 48.91472020184149 28.732063243000002 9.838223506802857
30 20 0.0 48.914720201840794 28.338354193 3.145696076851873
31 20 0.0 48.91472020183932 27.975731014000004 9.732783947880808
32 20 0.0 48.91472020183896 27.645370594000003 4.927000673435452
pair 33 20 48.914810596864804 26.608705264
34 20 0.0 48.91472154102191 26.257186984 0.1
35 20 0.0 48.91472073001678 25.903202924000002 0.7786888009471358
36 20 0.0 48.91472042213516 25.549256435000004 2.3141159150626036
37 20 0.0 48.91472022016061 25.160428245000002 5.121201931273527
38 20 0.0 48.91472011679651 24.750064525000003 4.326555664883962
39 20 0.0 48.914720054019426 24.389137665000003 0.23352541221003661
40 20 0.0 48.914720042022964 23.985743065 2.879229452606951
41 20 0.0 48.91472002219424 23.571412245 6.607578745586592
42 20 0.0 48.91472002004311 23.235996305000004 2.444857117438071
43 20 0.0 48.914720016090484 22.820644515 6.123137960129937
44 20 0.0 48.91472001511178 22.444522865000003 3.8994859054831235
45 20 0.0 48.914720014364676 22.067442075000002 0.12828754261516917
46 20 0.0 48.91472001431757 21.640070745000003 1.0431958266063044
47 20 0.0 48.914720014287596 21.357917636000003 4.9030888636420045
48 20 0.0 48.914720014245304 21.078054876000003 8.261901404563186
49 20 0.0 48.91472001424054 20.739654066000003 0.9153559330641924
50 20 0.0 48.91472001423661 20.296054506000004 4.470544126956688
51 20 0.0 48.914720014230646 19.881308076000003 10.385010866212466
52 20 0.0 48.91472001422987 19.359276937000004 1.514944274985072
53 20 0.0 48.91472001422892 18.841331527 1.7421859162328326
54 20 0.0 48.91472001422837 18.309583867000004 1.8167076041533579
pair 55 20 48.91481055740838 17.277293247000003
