0 4 0.1 44.39309511353033 39.17324397 1.0
1 8 0.03 43.68535758807981 39.0732997 1.0
2 12 0.01 43.53075555547598 38.945304490000005 1.0
pair 3 12 43.512944707631334 38.525491810000005
4 12 0.001 43.50955224136174 38.39348575 1.0
5 12 0.0001 43.50935027076967 38.241516010000005 1.0
6 12 1e-05 43.5092657092231 38.08953504 1.0
7 12 1e-05 43.50923208794636 37.94953661 1.0
8 12 0.0 43.50921729305128 37.79754363 1.0267579434338092
9 12 0.0 43.50921633392895 37.60958411 0.3322933927765797
10 12 0.0 43.50921610636219 37.39557382 1.904683457143279
11 12 0.0 43.50921598097922 37.16563884 2.487012846622461
12 12 0.0 43.50921597337708 36.977641881000004 1.218619137041045
13 12 0.0 43.50921596598048 36.809647561000006 3.7538663426153973
14 12 0.0 43.50921596310145 36.637665831 2.9399040311848297
15 12 0.0 43.509215962274645 36.425681181 0.1
16 12 0.0 43.50921596226147 36.169679351 1.628475336322869
17 12 0.0 43.509215962248824 35.921691781 3.330630728292657
18 12 0.0 43.5092159622466 35.673718211 1.8425563260942028
19 12 0.0 43.50921596224423 35.425720331 0.1
20 12 0.0 43.50921596224422 35.177724741000006 0.11499999999999999
21 12 0.0 43.50921596224419 34.953732261 0.1
22 12 0.0 43.50921596224414 34.797736741 0.1
pair 23 12 43.510138898493274 34.325762132
