Initial {'max_triple': 0.08211222812803953, 'tail': -110.00573485331344, 'ratio': 1339.6997908981218, 'weight': 0.9846498277837816, 'gap': 0.613162727662715, 'margin': 0.9657140146540568, 'max_noise_sigma': 0.8331524964715329}
Iteration 0 time 0.04664650000631809 bound 5.973679534891128 slack 1.4924123114735321 tail -99.46091513945987 properties [0.9850485121745716, 0.5838373513270612, 0.9657140146540568]
Iteration 10 time 0.37351414805743843 bound 5.042696389559474 slack 1.4507872750599426 tail -106.01551624622729 properties [0.9854495273210901, 0.6280382069536525, 0.9657140146540568]
Iteration 20 time 1.1206637850264087 bound 1.4035673024175104 slack 1.402363909195829 tail -104.99869089608538 properties [0.9857016377345665, 0.6317944079421567, 0.9657140146540568]
Iteration 30 time 1.4031106360489503 bound 1.3797416967638783 slack 1.3760581568689858 tail -105.00005638425236 properties [0.9857488835293629, 0.6394952683039943, 0.9657140146540568]
Iteration 40 time 2.126413044054061 bound 11.460260891402516 slack 1.3224599395274301 tail -111.99765108038662 properties [0.9861647342027093, 0.6177810396575159, 0.9657140146540568]
/usr/lib/python3/dist-packages/scipy/optimize/_optimize.py:284: RuntimeWarning: Values in x were outside bounds during a minimize step, clipping to bounds
  warnings.warn("Values in x were outside bounds during a "
Iteration 50 time 2.5649783740518615 bound 1.3717481354672245 slack 1.36820854884817 tail -104.9996548725396 properties [0.9858136766316213, 0.6378233517926875, 0.9657140146540568]
Iteration 60 time 2.835973549983464 bound 1.3671879967168765 slack 1.3671879732351861 tail -104.99999993873743 properties [0.9858161042437696, 0.6371957149184686, 0.9657140146540568]
Iteration 70 time 3.094653471955098 bound 1.3671735545430583 slack 1.367170562321148 tail -105.00000160318379 properties [0.9858160979199311, 0.6372010741591043, 0.9657140146540568]
Iteration 80 time 3.8984743669861928 bound 1.3671635239066229 slack 1.3671623573543819 tail -105.00000066659965 properties [0.9858160885834747, 0.6372265975194522, 0.9657140146540568]
Iteration 90 time 4.647133414982818 bound 1.3671505887647326 slack 1.3671505807724837 tail -105.00000006263832 properties [0.985816029999722, 0.6372540151401105, 0.9657140146540568]
Iteration 100 time 5.309513029991649 bound 1.3671475345075152 slack 1.3671475293760742 tail -104.9999999893636 properties [0.98581603102731, 0.6372320307020982, 0.9657140146540568]
Iteration 110 time 6.929338451009244 bound 1.3671475317674067 slack 1.3671475293238318 tail -105.00000003776933 properties [0.9858160310272076, 0.6372320306985584, 0.9657140146540568]
Iteration 120 time 9.135279312962666 bound 1.3671475383370002 slack 1.367147529455086 tail -104.99999993873743 properties [0.9858160310276137, 0.6372320306289323, 0.9657140146540568]
Positive directional derivative for linesearch    (Exit mode 8)
            Current function value: 1.3671475293244357
            Iterations: 133
            Function evaluations: 462
            Gradient evaluations: 129
Final Positive directional derivative for linesearch objective 1.3671475293244357 minconstraint -4.039664824873057e-09 time 12.341327131958678 {'max_triple': 1.29370492807368, 'tail': -105.00000003998977, 'ratio': 81.16224786770677, 'weight': 0.9858160310275165, 'gap': 0.6372320307236707, 'margin': 0.9657140146540568, 'max_noise_sigma': 0.752457521552106}
