BEST case_912cad0c3db64a05b07d 3.6871217101488074e-07 trace 7.857785088044463 support [0, 1, 4, 12, 25, 29, 40, 46, 47, 51, 52, 57, 59, 69, 74, 75, 77, 91]
IHT 0 199 0.0007655310105045985 3.6871217101488074e-07
IHT 0 599 0.0007655310105045872 3.6871217101488074e-07
IHT 0 1199 0.0007655310105045547 3.6871217101488074e-07
IHT 1 199 0.052289257384132565 3.6871217101488074e-07
IHT 1 599 0.04620257351378722 3.6871217101488074e-07
IHT 1 1199 0.04065100456784656 3.6871217101488074e-07
IHT 2 199 0.039099324651863 3.6871217101488074e-07
IHT 2 599 0.02434996033613006 3.6871217101488074e-07
IHT 2 1199 0.02434996033612832 3.6871217101488074e-07
IHT 3 199 0.0007655310105046102 3.6871217101488074e-07
IHT 3 599 0.0007655310105045797 3.6871217101488074e-07
IHT 3 1199 0.0007655310105045455 3.6871217101488074e-07
IHT 4 199 0.11388917989374911 3.6871217101488074e-07
IHT 4 599 0.07857316695571258 3.6871217101488074e-07
IHT 4 1199 0.02185611370824521 3.6871217101488074e-07
IHT 5 199 0.010589425149980588 3.6871217101488074e-07
IHT 5 599 0.006430744864871743 3.6871217101488074e-07
IHT 5 1199 0.006430744864871395 3.6871217101488074e-07
IHT 6 199 0.0007655310105045985 3.6871217101488074e-07
IHT 6 599 0.0007655310105045872 3.6871217101488074e-07
IHT 6 1199 0.0007655310105045547 3.6871217101488074e-07
IHT 7 199 0.03489738905651141 3.6871217101488074e-07
IHT 7 599 0.026029438749198518 3.6871217101488074e-07
IHT 7 1199 0.026044574002559717 3.6871217101488074e-07
IHT 8 199 0.05449992750185446 3.6871217101488074e-07
IHT 8 599 0.04201364944693535 3.6871217101488074e-07
IHT 8 1199 0.04201364944694038 3.6871217101488074e-07
IHT 9 199 0.0007655310105046102 3.6871217101488074e-07
IHT 9 599 0.0007655310105045797 3.6871217101488074e-07
IHT 9 1199 0.0007655310105045455 3.6871217101488074e-07
IHT 10 199 0.050013862830892285 3.6871217101488074e-07
IHT 10 599 0.04457137595177876 3.6871217101488074e-07
IHT 10 1199 0.04457137595091185 3.6871217101488074e-07
IHT 11 199 0.02846835676939153 3.6871217101488074e-07
IHT 11 599 0.015282619274058263 3.6871217101488074e-07
IHT 11 1199 0.015282619274058667 3.6871217101488074e-07
IHT 12 199 0.0007655310105045985 3.6871217101488074e-07
IHT 12 599 0.0007655310105045872 3.6871217101488074e-07
IHT 12 1199 0.0007655310105045547 3.6871217101488074e-07
IHT 13 199 0.055259720138588854 3.6871217101488074e-07
IHT 13 599 0.05329323164870769 3.6871217101488074e-07
IHT 13 1199 0.05329299971400667 3.6871217101488074e-07
IHT 14 199 0.04671137798634703 3.6871217101488074e-07
IHT 14 599 0.044419316495368746 3.6871217101488074e-07
IHT 14 1199 0.044419316495362175 3.6871217101488074e-07
IHT 15 199 0.0007655310105046102 3.6871217101488074e-07
IHT 15 599 0.0007655310105045797 3.6871217101488074e-07
IHT 15 1199 0.0007655310105045455 3.6871217101488074e-07
IHT 16 199 0.05237708866214437 3.6871217101488074e-07
IHT 16 599 0.032635171810728426 3.6871217101488074e-07
IHT 16 1199 0.01961313872571125 3.6871217101488074e-07
IHT 17 199 0.024938586286803493 3.6871217101488074e-07
IHT 17 599 0.024058915774763757 3.6871217101488074e-07
IHT 17 1199 0.02405851270967532 3.6871217101488074e-07
IHT 18 199 0.0007655310105045985 3.6871217101488074e-07
IHT 18 599 0.0007655310105045872 3.6871217101488074e-07
IHT 18 1199 0.0007655310105045547 3.6871217101488074e-07
IHT 19 199 0.09278353190406541 3.6871217101488074e-07
IHT 19 599 0.02926316163367914 3.6871217101488074e-07
IHT 19 1199 0.02926316163367738 3.6871217101488074e-07
IHT 20 199 0.0343504704874877 3.6871217101488074e-07
IHT 20 599 0.0343504704874911 3.6871217101488074e-07
IHT 20 1199 0.03435047048748522 3.6871217101488074e-07
IHT 21 199 0.0007655310105046102 3.6871217101488074e-07
IHT 21 599 0.0007655310105045797 3.6871217101488074e-07
IHT 21 1199 0.0007655310105045455 3.6871217101488074e-07
IHT 22 199 0.02723008858458459 3.6871217101488074e-07
IHT 22 599 0.027230088584549204 3.6871217101488074e-07
IHT 22 1199 0.027230088584551528 3.6871217101488074e-07
IHT 23 199 0.03338268411046945 3.6871217101488074e-07
IHT 23 599 0.033382684110465265 3.6871217101488074e-07
IHT 23 1199 0.033382684110479975 3.6871217101488074e-07
IHT 24 199 0.0007655310105045985 3.6871217101488074e-07
IHT 24 599 0.0007655310105045872 3.6871217101488074e-07
IHT 24 1199 0.0007655310105045547 3.6871217101488074e-07
IHT 25 199 0.018795190579650376 3.6871217101488074e-07
IHT 25 599 0.018795190579648253 3.6871217101488074e-07
IHT 25 1199 0.01879519057965021 3.6871217101488074e-07
IHT 26 199 0.02375509003688631 3.6871217101488074e-07
IHT 26 599 0.023755090036883857 3.6871217101488074e-07
IHT 26 1199 0.023755090036884415 3.6871217101488074e-07
IHT 27 199 0.0007655310105046102 3.6871217101488074e-07
IHT 27 599 0.0007655310105045797 3.6871217101488074e-07
IHT 27 1199 0.0007655310105045455 3.6871217101488074e-07
IHT 28 199 0.11641316916908276 3.6871217101488074e-07
IHT 28 599 0.050460066824774885 3.6871217101488074e-07
IHT 28 1199 0.022899205696665988 3.6871217101488074e-07
IHT 29 199 0.021780107675400725 3.6871217101488074e-07
IHT 29 599 0.020863760048461327 3.6871217101488074e-07
IHT 29 1199 0.020863759320531357 3.6871217101488074e-07
IHT 30 199 0.0007655310105045985 3.6871217101488074e-07
IHT 30 599 0.0007655310105045872 3.6871217101488074e-07
IHT 30 1199 0.0007655310105045547 3.6871217101488074e-07
IHT 31 199 0.0486234910069918 3.6871217101488074e-07
IHT 31 599 0.01882473353919746 3.6871217101488074e-07
IHT 31 1199 0.01882473353919728 3.6871217101488074e-07
IHT 32 199 0.028294049459751516 3.6871217101488074e-07
IHT 32 599 0.017191579614727885 3.6871217101488074e-07
IHT 32 1199 0.017191579614725783 3.6871217101488074e-07
IHT 33 199 0.0007655310105046102 3.6871217101488074e-07
IHT 33 599 0.0007655310105045797 3.6871217101488074e-07
IHT 33 1199 0.0007655310105045455 3.6871217101488074e-07
IHT 34 199 0.05465699858352481 3.6871217101488074e-07
IHT 34 599 0.05465699858355067 3.6871217101488074e-07
IHT 34 1199 0.054656998583498706 3.6871217101488074e-07
IHT 35 199 0.043105565170112055 3.6871217101488074e-07
IHT 35 599 0.04310556516995072 3.6871217101488074e-07
IHT 35 1199 0.04310556517015371 3.6871217101488074e-07
IHT 36 199 0.0007655310105045985 3.6871217101488074e-07
IHT 36 599 0.0007655310105045872 3.6871217101488074e-07
IHT 36 1199 0.0007655310105045547 3.6871217101488074e-07
IHT 37 199 0.05528819366938442 3.6871217101488074e-07
IHT 37 599 0.05528819781459994 3.6871217101488074e-07
IHT 37 1199 0.055288159401347965 3.6871217101488074e-07
IHT 38 199 0.043369640169142305 3.6871217101488074e-07
IHT 38 599 0.01885362059437447 3.6871217101488074e-07
IHT 38 1199 0.018853620594317753 3.6871217101488074e-07
IHT 39 199 0.0007655310105046102 3.6871217101488074e-07
IHT 39 599 0.0007655310105045797 3.6871217101488074e-07
IHT 39 1199 0.0007655310105045455 3.6871217101488074e-07
IHT 40 199 0.026042675649736967 3.6871217101488074e-07
IHT 40 599 0.026042675649705152 3.6871217101488074e-07
IHT 40 1199 0.024997766573474287 3.6871217101488074e-07
IHT 41 199 0.021693303446502905 3.6871217101488074e-07
IHT 41 599 0.021693303446504733 3.6871217101488074e-07
IHT 41 1199 0.021693303446511505 3.6871217101488074e-07
IHT 42 199 0.0007655310105045985 3.6871217101488074e-07
IHT 42 599 0.0007655310105045872 3.6871217101488074e-07
IHT 42 1199 0.0007655310105045547 3.6871217101488074e-07
IHT 43 199 0.04257321644214452 3.6871217101488074e-07
MINIMAX 0 5.587358536720174e-07
MINIMAX 1 4.3976607512948484e-07
MINIMAX 2 4.309924611645144e-07
MINIMAX 3 4.727755172536282e-07
MINIMAX 4 3.9348246020272837e-07
MINIMAX 5 3.687123746020279e-07
MINIMAX 6 3.8291991980021756e-07
MINIMAX 7 3.749362083305119e-07
MINIMAX 8 3.7972983681078265e-07
MINIMAX 9 3.768679185620997e-07
MINIMAX 10 3.7866616141302156e-07
MINIMAX 11 3.7753312639304815e-07
MINIMAX 12 3.782726419136277e-07
MINIMAX 13 3.7778730783745906e-07
MINIMAX 14 3.781125473487079e-07
