JOINT_COMPLETED 2 True
JOINT_COMPLETED 1 True
JOINT_COMPLETED 0 True
JOINT_COMPLETED 4 True
JOINT_COMPLETED 7 True
JOINT_COMPLETED 3 True
JOINT_COMPLETED 6 True
JOINT_COMPLETED 5 True
{
  "core_score": 0.375,
  "worst_family_score": 0.0,
  "family_scores": {
    "spin_aliases": 0.0,
    "mixed_cancellation": 1.0,
    "weak_residues": 0.0,
    "joint_alias_cancellation": 0.5
  },
  "valid": false,
  "passed": false,
  "runtime_score": 1.0,
  "reason": "incomplete valid certificate set",
  "cases": [
    {
      "id": "case_912cad0c3db64a05b07d",
      "valid": false,
      "residual": 1.2460136716346138e-05,
      "reason": "moment residual"
    },
    {
      "id": "case_637ddd70a9624643ae61",
      "valid": false,
      "residual": 7.634485927551296e-06,
      "reason": "moment residual"
    },
    {
      "id": "case_02f27a723cc2472f8f71",
      "valid": true,
      "residual": 1.2816362668783596e-15,
      "reason": "valid"
    },
    {
      "id": "case_a202a9bd58f54f688e28",
      "valid": true,
      "residual": 6.877855646125752e-09,
      "reason": "valid"
    },
    {
      "id": "case_d290a23008b64924bc48",
      "valid": false,
      "residual": 1.1051972638236068e-05,
      "reason": "moment residual"
    },
    {
      "id": "case_12089e0b2f9040bea3d0",
      "valid": false,
      "residual": 4.5208555003728446e-07,
      "reason": "moment residual"
    },
    {
      "id": "case_90383b341c5e44f9ab11",
      "valid": false,
      "residual": 1.059258488330291e-07,
      "reason": "moment residual"
    },
    {
      "id": "case_4c7692c326fd4a1e9034",
      "valid": true,
      "residual": 8.362438927650628e-09,
      "reason": "valid"
    }
  ]
}
