seed mixed_cancellation_7915202 1e-07 [(0, 0.9736344), (57, 0.4650315), (35, 0.3463431), (39, 0.2791209), (66, 0.2450663), (78, 0.2325351), (44, 0.2203217), (38, 0.1314575), (71, 0.0939426), (90, 0.0497664), (54, 0.0422873), (72, 0.0395777), (42, 0.0227242), (73, 0.0161124), (55, 0.0110061)]
mixed_cancellation_7915202 best 6.616788639078821e-06 trace 3.188403360829121 support [0, 35, 38, 39, 44, 57, 66, 71, 78, 90]
seed mixed_cancellation_7915202 1e-09 [(0, 0.9736344), (57, 0.4650315), (35, 0.3247952), (39, 0.2791209), (66, 0.2644059), (44, 0.2203217), (78, 0.1388983), (38, 0.1314575), (42, 0.1047591), (71, 0.0939429), (90, 0.0814661), (54, 0.0262738), (79, 0.0250148), (55, 0.0161966), (73, 0.0157462)]
seed mixed_cancellation_7915202 1e-05 [(0, 0.9736344), (57, 0.4650315), (35, 0.3130542), (39, 0.2791209), (66, 0.2367256), (78, 0.2243988), (44, 0.2203217), (38, 0.1314575), (90, 0.1118746), (71, 0.0939386), (73, 0.0411665), (55, 0.0220377), (67, 0.0201939), (79, 0.0172345), (37, 0.0172164)]
seed mixed_cancellation_7915202 1e-11 [(0, 0.9736344), (57, 0.4650316), (35, 0.3603313), (66, 0.2813947), (39, 0.2791209), (44, 0.2203217), (42, 0.1928926), (38, 0.1314575), (71, 0.0939431), (78, 0.0697895), (54, 0.0501574), (90, 0.0375152), (43, 0.0177748), (73, 0.0066945), (37, 0.0020793)]
seed mixed_cancellation_7915202 0.001 [(0, 0.9736344), (57, 0.4650315), (39, 0.2791207), (44, 0.2203211), (79, 0.157808), (78, 0.138467), (38, 0.1314534), (72, 0.1212596), (73, 0.1156723), (35, 0.1125439), (71, 0.0939275), (55, 0.0736186), (42, 0.0723198), (90, 0.0507492), (37, 0.0434557)]
seed mixed_cancellation_7915202 1e-13 [(0, 0.9736344), (57, 0.4650316), (35, 0.3607179), (66, 0.2825175), (39, 0.2791209), (44, 0.2203217), (42, 0.1927635), (38, 0.1314575), (71, 0.0939431), (78, 0.0697895), (90, 0.0436123), (54, 0.0386352), (43, 0.0240947), (73, 0.0082943), (79, 0.0027304)]
seed mixed_cancellation_7915202 1.0 [(0, 0.9736302), (57, 0.4649573), (39, 0.2791047), (44, 0.2185852), (43, 0.2044958), (73, 0.1790906), (38, 0.1265898), (55, 0.1103828), (72, 0.093888), (67, 0.0823865), (32, 0.0598803), (71, 0.0586073), (37, 0.0557392), (78, 0.0404682), (90, 0.0362152)]
mixed_cancellation_7915202 best 6.616788639078821e-06 trace 3.188403360829121 support [0, 35, 38, 39, 44, 57, 66, 71, 78, 90]
mixed_cancellation_7915202 best 6.616788639078821e-06 trace 3.188403360829121 support [0, 35, 38, 39, 44, 57, 66, 71, 78, 90]
SWEEP mixed_cancellation_7915202 0 6.616788639078821e-06
TimeoutError stage allowance exhausted
mixed_cancellation_7915202 best 6.616788639078821e-06 trace 3.188403360829121 support [0, 35, 38, 39, 44, 57, 66, 71, 78, 90]
mixed_cancellation_7915202 best 6.616788639078821e-06 trace 3.188403360829121 support [0, 35, 38, 39, 44, 57, 66, 71, 78, 90]
REFINE mixed_cancellation_7915202 0.001 19 0.0015737206778860628
REFINE mixed_cancellation_7915202 0.0001 13 0.017297129459411163
mixed_cancellation_7915202 best 6.616788264497991e-06 trace 3.188403360829174 support [0, 35, 38, 39, 44, 57, 66, 71, 78, 90]
REFINE mixed_cancellation_7915202 1e-05 10 0.01931943064482152
REFINE mixed_cancellation_7915202 1e-06 5 0.019319430644817635
REFINE mixed_cancellation_7915202 1e-07 5 0.019319430644817635
REFINE mixed_cancellation_7915202 1e-08 5 0.019319430644817635
mixed_cancellation_7915202 best 6.616788264497991e-06 trace 3.188403360829174 support [0, 35, 38, 39, 44, 57, 66, 71, 78, 90]
mixed_cancellation_7915202 best 6.616788264497991e-06 trace 3.188403360829174 support [0, 35, 38, 39, 44, 57, 66, 71, 78, 90]
ENUMERATED 10240 loss 5.2398499850867815e+20 (0, 1, 2, 3, 4, 9, 19, 21, 22, 23)
ENUMERATED 20480 loss 7.2556861769789645e+19 (0, 1, 2, 3, 5, 14, 17, 20, 22, 23)
ENUMERATED 30720 loss 3.2425437227871764e+19 (0, 1, 2, 3, 7, 13, 16, 20, 22, 23)
ENUMERATED 40960 loss 2.7807568828645286e+19 (0, 1, 2, 3, 9, 12, 16, 20, 22, 23)
ENUMERATED 51200 loss 2.7807568828645286e+19 (0, 1, 2, 3, 9, 12, 16, 20, 22, 23)
ENUMERATED 61440 loss 1.9350569231135957e+19 (0, 1, 2, 4, 8, 12, 16, 20, 22, 23)
ENUMERATED 71680 loss 1.9350569231135957e+19 (0, 1, 2, 4, 8, 12, 16, 20, 22, 23)
ENUMERATED 81920 loss 1.9350569231135957e+19 (0, 1, 2, 4, 8, 12, 16, 20, 22, 23)
ENUMERATED 92160 loss 1.9350569231135957e+19 (0, 1, 2, 4, 8, 12, 16, 20, 22, 23)
ENUMERATED 102400 loss 1.9350569231135957e+19 (0, 1, 2, 4, 8, 12, 16, 20, 22, 23)
ENUMERATED 112640 loss 1.9350569231135957e+19 (0, 1, 2, 4, 8, 12, 16, 20, 22, 23)
ENUMERATED 122880 loss 1.9350569231135957e+19 (0, 1, 2, 4, 8, 12, 16, 20, 22, 23)
ENUMERATED 133120 loss 1.9350569231135957e+19 (0, 1, 2, 4, 8, 12, 16, 20, 22, 23)
ENUMERATED 143360 loss 1.9350569231135957e+19 (0, 1, 2, 4, 8, 12, 16, 20, 22, 23)
ENUMERATED 153600 loss 1.9350569231135957e+19 (0, 1, 2, 4, 8, 12, 16, 20, 22, 23)
ENUMERATED 163840 loss 1.9350569231135957e+19 (0, 1, 2, 4, 8, 12, 16, 20, 22, 23)
ENUMERATED 174080 loss 1.9350569231135957e+19 (0, 1, 2, 4, 8, 12, 16, 20, 22, 23)
ENUMERATED 184320 loss 1.9350569231135957e+19 (0, 1, 2, 4, 8, 12, 16, 20, 22, 23)
ENUMERATED 194560 loss 1.9350569231135957e+19 (0, 1, 2, 4, 8, 12, 16, 20, 22, 23)
ENUMERATED 204800 loss 1.9350569231135957e+19 (0, 1, 2, 4, 8, 12, 16, 20, 22, 23)
ENUMERATED 215040 loss 1.9350569231135957e+19 (0, 1, 2, 4, 8, 12, 16, 20, 22, 23)
ENUMERATED 225280 loss 1.9350569231135957e+19 (0, 1, 2, 4, 8, 12, 16, 20, 22, 23)
ENUMERATED 235520 loss 1.9350569231135957e+19 (0, 1, 2, 4, 8, 12, 16, 20, 22, 23)
ENUMERATED 245760 loss 1.9350569231135957e+19 (0, 1, 2, 4, 8, 12, 16, 20, 22, 23)
ENUMERATED 256000 loss 1.9350569231135957e+19 (0, 1, 2, 4, 8, 12, 16, 20, 22, 23)
ENUMERATED 266240 loss 1.9350569231135957e+19 (0, 1, 2, 4, 8, 12, 16, 20, 22, 23)
ENUMERATED 276480 loss 1.9350569231135957e+19 (0, 1, 2, 4, 8, 12, 16, 20, 22, 23)
ENUMERATED 286720 loss 1.9350569231135957e+19 (0, 1, 2, 4, 8, 12, 16, 20, 22, 23)
ENUMERATED 296960 loss 1.9350569231135957e+19 (0, 1, 2, 4, 8, 12, 16, 20, 22, 23)
ENUMERATED 307200 loss 1.9350569231135957e+19 (0, 1, 2, 4, 8, 12, 16, 20, 22, 23)
ENUMERATED 317440 loss 1.9350569231135957e+19 (0, 1, 2, 4, 8, 12, 16, 20, 22, 23)
ENUMERATED 327680 loss 1.9350569231135957e+19 (0, 1, 2, 4, 8, 12, 16, 20, 22, 23)
ENUMERATED 337920 loss 1.9350569231135957e+19 (0, 1, 2, 4, 8, 12, 16, 20, 22, 23)
ENUMERATED 348160 loss 1.9350569231135957e+19 (0, 1, 2, 4, 8, 12, 16, 20, 22, 23)
ENUMERATED 358400 loss 1.9350569231135957e+19 (0, 1, 2, 4, 8, 12, 16, 20, 22, 23)
ENUMERATED 368640 loss 1.9350569231135957e+19 (0, 1, 2, 4, 8, 12, 16, 20, 22, 23)
ENUMERATED 378880 loss 1.9350569231135957e+19 (0, 1, 2, 4, 8, 12, 16, 20, 22, 23)
ENUMERATED 389120 loss 1.9350569231135957e+19 (0, 1, 2, 4, 8, 12, 16, 20, 22, 23)
ENUMERATED 399360 loss 1.9350569231135957e+19 (0, 1, 2, 4, 8, 12, 16, 20, 22, 23)
ENUMERATED 409600 loss 1.9350569231135957e+19 (0, 1, 2, 4, 8, 12, 16, 20, 22, 23)
ENUMERATED 419840 loss 1.9350569231135957e+19 (0, 1, 2, 4, 8, 12, 16, 20, 22, 23)
ENUMERATED 430080 loss 1.9350569231135957e+19 (0, 1, 2, 4, 8, 12, 16, 20, 22, 23)
ENUMERATED 440320 loss 1.9350569231135957e+19 (0, 1, 2, 4, 8, 12, 16, 20, 22, 23)
TimeoutError stage allowance exhausted
