{
  "created_at_utc": "2026-08-28T18:04:02.037585+00:00",
  "state": "private_unfrozen_extension_probe",
  "artifact_sha256": "cca6f19694423022518dfe7ad8a703cd8d86fcb7a8a6bb3b42d9b5ecb934ce91",
  "tested_private_known_only": false,
  "live_attempts_read": false,
  "generation_3_created": false,
  "thresholds_changed": false,
  "targets": {
    "gap": 0.85,
    "posterior": 0.845,
    "mass": 1.75e-05
  },
  "inherited_generation_two_known_score": null,
  "domain": {
    "patch_paths": 24,
    "mixture_paths": 48,
    "background_scales": [
      0.95,
      1.05
    ],
    "maximum_local_rate_change": 0.05,
    "expected_error_count_preserved": true,
    "one_dimensional_paths_only": true,
    "full_mixing_diamond_or_box_claimed": false
  },
  "anchors_per_path": 51,
  "families": {
    "patch_2x2": {
      "paths": 24,
      "inference_points": 1224,
      "score": 1.0440747137902975,
      "anchor_minima": {
        "gap": 1.062245033864734,
        "posterior": 0.8574610852015626,
        "mass": 1.8667222666435e-05
      },
      "certificate_minima": {
        "gap": 1.052770707894696,
        "posterior": 0.8563272636748198,
        "mass": 1.8271307491330204e-05
      },
      "actual_failure_clusters": {
        "none": 24
      },
      "certificate_failure_clusters": {
        "none": 24
      },
      "certificate_only_failures": 0
    },
    "row_column_mix": {
      "paths": 48,
      "inference_points": 2448,
      "score": 1.014954598908515,
      "anchor_minima": {
        "gap": 0.8858235900079734,
        "posterior": 0.8507894852857597,
        "mass": 1.8632789517852195e-05
      },
      "certificate_minima": {
        "gap": 0.8683621925649806,
        "posterior": 0.8482927581713213,
        "mass": 1.8273444157775113e-05
      },
      "actual_failure_clusters": {
        "none": 48
      },
      "certificate_failure_clusters": {
        "none": 48
      },
      "certificate_only_failures": 0
    }
  },
  "independent_checks": [
    {
      "family": "patch_2x2",
      "metric": "gap",
      "path": "patch_2x2/1,1@1.05",
      "parameter": -0.05,
      "joint_probabilities": [
        3.1081341480845904e-06,
        2.4347752510644095e-05
      ],
      "class_costs": [
        9.942501044830701,
        11.004746078695435
      ],
      "gap": 1.062245033864734,
      "posterior": 0.8867953460502627,
      "mass": 2.7455886658728684e-05,
      "passed": true
    },
    {
      "family": "patch_2x2",
      "metric": "posterior",
      "path": "patch_2x2/1,1@0.95",
      "parameter": 0.05,
      "joint_probabilities": [
        2.744642176539225e-06,
        1.6510746293482388e-05
      ],
      "class_costs": [
        10.33659068361107,
        11.653552826712893
      ],
      "gap": 1.316962143101824,
      "posterior": 0.8574610852015625,
      "mass": 1.9255388470021614e-05,
      "passed": true
    },
    {
      "family": "patch_2x2",
      "metric": "mass",
      "path": "patch_2x2/3,0@0.95",
      "parameter": -0.05,
      "joint_probabilities": [
        2.433099433534096e-06,
        1.6234123232900905e-05
      ],
      "class_costs": [
        10.4570617032978,
        11.618357166382875
      ],
      "gap": 1.1612954630850751,
      "posterior": 0.8696592697793772,
      "mass": 1.8667222666435003e-05,
      "passed": true
    },
    {
      "family": "row_column_mix",
      "metric": "gap",
      "path": "row_column_mix/staggered/split_after_2/1,-1@1.05",
      "parameter": 0.0,
      "joint_probabilities": [
        2.890756889047131e-06,
        2.4002597179587442e-05
      ],
      "class_costs": [
        10.016212911084292,
        10.902036501092265
      ],
      "gap": 0.8858235900079734,
      "posterior": 0.8925103621634688,
      "mass": 2.6893354068634575e-05,
      "passed": true
    },
    {
      "family": "row_column_mix",
      "metric": "posterior",
      "path": "row_column_mix/staggered/split_after_2/-1,-1@0.95",
      "parameter": 0.0,
      "joint_probabilities": [
        2.937564043582232e-06,
        1.6749815557031652e-05
      ],
      "class_costs": [
        10.267124017566147,
        11.57468036421374
      ],
      "gap": 1.3075563466475941,
      "posterior": 0.8507894852857597,
      "mass": 1.9687379600613885e-05,
      "passed": true
    },
    {
      "family": "row_column_mix",
      "metric": "mass",
      "path": "row_column_mix/split/split_after_3/-1,1@0.95",
      "parameter": 1.0,
      "joint_probabilities": [
        2.5611950310546358e-06,
        1.6071594486797557e-05
      ],
      "class_costs": [
        10.401572193418607,
        11.655483362192713
      ],
      "gap": 1.2539111687741062,
      "posterior": 0.8625436610765802,
      "mass": 1.8632789517852192e-05,
      "passed": true
    }
  ],
  "extra_inference_points": 3672,
  "total_with_generation_two": 5937,
  "projected_total_native_cpu_seconds": 860.61782063529,
  "projection_is_not_a_runtime_guarantee": true,
  "frozen_manifests_unchanged": {
    "generation_1": "56524c00e86729d182b1b689a638894669524542a507ac6caef6deb393a03695",
    "generation_2": "6d54cf433a0a8af5251a1521c0d6ed602f992d2b0b438d8bd0a20e0f41a703b3"
  },
  "elapsed_seconds": 2.486891314969398
}
