start 0 count 32
iteration 5 ratios [1.04412408 1.04353871 1.04466167 1.04355281] best 1.0435387058045784 seconds 0.69
iteration 10 ratios [1.0631655  1.06230981 1.06395184 1.06232915] best 1.0623098092192211 seconds 1.36
iteration 15 ratios [1.07575939 1.07471555 1.0767191  1.07473342] best 1.0747155458351443 seconds 1.87
iteration 20 ratios [1.08195782 1.08081867 1.0830054  1.08082255] best 1.080818670919551 seconds 2.37
iteration 25 ratios [1.08695257 1.08573419 1.08807327 1.08573485] best 1.0857341945157768 seconds 2.83
iteration 30 ratios [1.08881939 1.08757067 1.08996803 1.08757021] best 1.0875702144392472 seconds 3.31
iteration 35 ratios [1.09400392 1.09266402 1.0952367  1.09266739] best 1.092664016342961 seconds 3.78
iteration 40 ratios [1.09567783 1.09429975 1.09694603 1.09433527] best 1.0942997452509946 seconds 4.24
iteration 45 ratios [1.0969941  1.09559435 1.09828211 1.0956023 ] best 1.0955943465619917 seconds 4.71
iteration 50 ratios [1.09764061 1.09623036 1.09893816 1.09623036] best 1.0962303582664026 seconds 5.18
iteration 55 ratios [1.09770552 1.09629287 1.09900527 1.09629286] best 1.096292855004089 seconds 5.63
iteration 60 ratios [1.0977927  1.09637659 1.09909565 1.09637656] best 1.0963765622992765 seconds 6.09
iteration 65 ratios [1.0978289  1.096412   1.09913257 1.09641192] best 1.096411922121871 seconds 6.56
iteration 70 ratios [1.09796105 1.09654157 1.09926713 1.09654156] best 1.0965415588936351 seconds 7.02
iteration 75 ratios [1.09830743 1.09688039 1.0996206  1.09688039] best 1.0968803900097526 seconds 7.48
iteration 80 ratios [1.0983414  1.09691354 1.09965531 1.09691348] best 1.0969134807745928 seconds 7.94
iteration 85 ratios [1.09846435 1.09703266 1.09978193 1.09703248] best 1.0970324756736576 seconds 8.41
iteration 90 ratios [1.09863952 1.09720519 1.09995976 1.09720511] best 1.0972051113596377 seconds 8.88
iteration 95 ratios [1.09885856 1.09741656 1.10018583 1.09741645] best 1.097416445441796 seconds 9.34
iteration 100 ratios [1.09913395 1.09768804 1.10046478 1.09768107] best 1.0976810723385204 seconds 9.8
iteration 105 ratios [1.09948397 1.09803402 1.10081845 1.09803386] best 1.0980338603608468 seconds 10.27
iteration 110 ratios [1.09951737 1.098066   1.10085317 1.098066  ] best 1.0980659975914286 seconds 10.73
iteration 115 ratios [1.09952703 1.09807513 1.10086333 1.09807512] best 1.0980751217264713 seconds 11.2
iteration 120 ratios [1.09953044 1.09807829 1.100867   1.09807814] best 1.098078135199334 seconds 11.71
iteration 125 ratios [1.09953216 1.09807984 1.10086887 1.09807982] best 1.0980798150619193 seconds 12.21
iteration 130 ratios [1.09953294 1.09808056 1.1008697  1.09808056] best 1.098080561704805 seconds 12.68
iteration 135 ratios [1.09953559 1.09808303 1.10087252 1.09808303] best 1.0980830286924683 seconds 13.14
iteration 140 ratios [1.09953748 1.09808465 1.10087468 1.09808465] best 1.0980846532567232 seconds 13.6
iteration 145 ratios [1.09953846 1.09808551 1.10087578 1.09808555] best 1.098085513992876 seconds 14.07
iteration 150 ratios [1.09953849 1.09808554 1.10087581 1.09808554] best 1.098085540999484 seconds 14.54
iteration 155 ratios [1.09953917 1.09808613 1.10087657 1.09808613] best 1.0980861335550878 seconds 15.01
iteration 160 ratios [1.09953917 1.09808614 1.10087657 1.09808614] best 1.0980861373651862 seconds 15.48
iteration 165 ratios [1.09953922 1.09808621 1.1008766  1.09808621] best 1.0980862116723331 seconds 15.95
Optimization terminated successfully    (Exit mode 0)
            Current function value: -0.09356885896698365
            Iterations: 169
            Function evaluations: 169
            Gradient evaluations: 169
result True Optimization terminated successfully ratios [1.09953923 1.09808621 1.10087661 1.09808621]
