CONFIG n 2048 checks 384 rank 379 pass 0 groups 9 initial_best 20
PROGRESS 0 0.00722589 rank 379
PROGRESS 10 0.0434616 rank 379
PROGRESS 20 0.0631806 rank 379
PROGRESS 30 0.0832003 rank 379
PROGRESS 40 0.110206 rank 379
PROGRESS 50 0.207009 rank 379
PROGRESS 60 0.27524 rank 379
PROGRESS 70 0.335128 rank 379
PROGRESS 80 0.571849 rank 379
PROGRESS 90 0.682728 rank 379
PROGRESS 100 0.752882 rank 379
PROGRESS 110 0.819679 rank 379
PROGRESS 120 0.911795 rank 379
PROGRESS 130 1.03007 rank 379
PROGRESS 140 1.0939 rank 379
PROGRESS 150 1.11753 rank 379
PROGRESS 160 1.17246 rank 379
PROGRESS 170 1.22352 rank 379
PROGRESS 180 1.28601 rank 379
PROGRESS 190 1.44849 rank 379
PROGRESS 200 1.48806 rank 379
PROGRESS 210 1.5204 rank 379
PROGRESS 220 1.56881 rank 379
PROGRESS 230 1.62661 rank 379
PROGRESS 240 1.67907 rank 379
PROGRESS 250 1.74049 rank 379
PROGRESS 260 1.82833 rank 379
PROGRESS 270 1.88029 rank 379
PROGRESS 280 1.94812 rank 379
PROGRESS 290 1.99645 rank 379
PROGRESS 300 2.01725 rank 379
PROGRESS 310 2.05191 rank 379
PROGRESS 320 2.0909 rank 379
PROGRESS 330 2.22619 rank 379
PROGRESS 340 2.25165 rank 379
PROGRESS 350 2.32518 rank 379
PROGRESS 360 2.41922 rank 379
PROGRESS 370 2.45781 rank 379
PROGRESS 380 2.52284 rank 379
PROGRESS 390 2.63232 rank 379
PROGRESS 400 2.76581 rank 379
PROGRESS 410 2.83814 rank 379
PROGRESS 420 2.8829 rank 379
PROGRESS 430 2.90878 rank 379
PROGRESS 440 2.95658 rank 379
PROGRESS 450 3.0441 rank 379
PROGRESS 460 3.11056 rank 379
PROGRESS 470 3.13402 rank 379
PROGRESS 480 3.1556 rank 379
PROGRESS 490 3.17605 rank 379
PROGRESS 500 3.19363 rank 379
PROGRESS 510 3.2688 rank 379
PROGRESS 520 3.2887 rank 379
PROGRESS 530 3.34732 rank 379
PROGRESS 540 3.43778 rank 379
PROGRESS 550 3.46331 rank 379
PROGRESS 560 3.48329 rank 379
PROGRESS 570 3.55042 rank 379
PROGRESS 580 3.57366 rank 379
PROGRESS 590 3.61142 rank 379
PROGRESS 600 3.65342 rank 379
PROGRESS 610 3.67857 rank 379
PROGRESS 620 3.71746 rank 379
PROGRESS 630 3.76823 rank 379
PROGRESS 640 3.81182 rank 379
PROGRESS 650 3.854 rank 379
PROGRESS 660 3.89728 rank 379
PROGRESS 670 3.92974 rank 379
PROGRESS 680 3.9536 rank 379
PROGRESS 690 4.00163 rank 379
PROGRESS 700 4.073 rank 379
PROGRESS 710 4.1239 rank 379
PROGRESS 720 4.19284 rank 379
PROGRESS 730 4.21448 rank 379
PROGRESS 740 4.24135 rank 379
PROGRESS 750 4.3447 rank 379
PROGRESS 760 4.54788 rank 379
PROGRESS 770 4.58161 rank 379
PROGRESS 780 4.60493 rank 379
PROGRESS 790 4.62456 rank 379
PROGRESS 800 4.6442 rank 379
PROGRESS 810 4.66456 rank 379
PROGRESS 820 4.68797 rank 379
PROGRESS 830 4.71169 rank 379
PROGRESS 840 4.73199 rank 379
PROGRESS 850 4.75622 rank 379
PROGRESS 860 4.77988 rank 379
PROGRESS 870 4.7992 rank 379
PROGRESS 880 4.81783 rank 379
PROGRESS 890 4.84033 rank 379
PROGRESS 900 4.86322 rank 379
PROGRESS 910 4.88359 rank 379
PROGRESS 920 4.91586 rank 379
PROGRESS 930 4.94139 rank 379
PROGRESS 940 4.96567 rank 379
PROGRESS 950 4.98865 rank 379
PROGRESS 960 5.01251 rank 379
PROGRESS 970 5.03691 rank 379
PROGRESS 980 5.06193 rank 379
PROGRESS 990 5.08749 rank 379
PROGRESS 1000 5.11327 rank 379
PROGRESS 1010 5.13823 rank 379
PROGRESS 1020 5.16477 rank 379
PROGRESS 1030 5.19144 rank 379
PROGRESS 1040 5.21691 rank 379
PROGRESS 1050 5.24181 rank 379
PROGRESS 1060 5.26642 rank 379
PROGRESS 1070 5.28842 rank 379
PROGRESS 1080 5.31022 rank 379
PROGRESS 1090 5.33125 rank 379
PROGRESS 1100 5.35167 rank 379
PROGRESS 1110 5.37538 rank 379
PROGRESS 1120 5.40168 rank 379
PROGRESS 1130 5.42693 rank 379
PROGRESS 1140 5.45151 rank 379
PROGRESS 1150 5.47642 rank 379
PROGRESS 1160 5.50322 rank 379
PROGRESS 1170 5.52963 rank 379
PROGRESS 1180 5.5557 rank 379
PROGRESS 1190 5.58225 rank 379
PROGRESS 1200 5.60766 rank 379
PROGRESS 1210 5.63265 rank 379
PROGRESS 1220 5.65784 rank 379
PROGRESS 1230 5.6836 rank 379
PROGRESS 1240 5.70947 rank 379
PROGRESS 1250 5.73531 rank 379
PROGRESS 1260 5.76127 rank 379
PROGRESS 1270 5.787 rank 379
PROGRESS 1280 5.81238 rank 379
PROGRESS 1290 5.83816 rank 379
PROGRESS 1300 5.86435 rank 379
PROGRESS 1310 5.88949 rank 379
PROGRESS 1320 5.9139 rank 379
PROGRESS 1330 5.93979 rank 379
PROGRESS 1340 5.96638 rank 379
PROGRESS 1350 5.99156 rank 379
PROGRESS 1360 6.01753 rank 379
PROGRESS 1370 6.04289 rank 379
PROGRESS 1380 6.0676 rank 379
PROGRESS 1390 6.09206 rank 379
PROGRESS 1400 6.117 rank 379
PROGRESS 1410 6.14332 rank 379
PROGRESS 1420 6.16779 rank 379
PROGRESS 1430 6.19173 rank 379
PROGRESS 1440 6.21627 rank 379
PROGRESS 1450 6.24213 rank 379
PROGRESS 1460 6.26735 rank 379
PROGRESS 1470 6.29198 rank 379
PROGRESS 1480 6.31771 rank 379
PROGRESS 1490 6.34363 rank 379
PROGRESS 1500 6.36853 rank 379
PROGRESS 1510 6.39316 rank 379
PROGRESS 1520 6.41805 rank 379
PROGRESS 1530 6.44335 rank 379
PROGRESS 1540 6.46741 rank 379
PROGRESS 1550 6.49125 rank 379
PROGRESS 1560 6.51531 rank 379
PROGRESS 1570 6.53869 rank 379
PROGRESS 1580 6.62127 rank 379
PROGRESS 1590 6.64757 rank 379
PROGRESS 1600 6.66923 rank 379
PROGRESS 1610 6.6885 rank 379
PROGRESS 1620 6.70781 rank 379
PROGRESS 1630 6.73108 rank 379
PROGRESS 1640 6.75785 rank 379
PROGRESS 1650 6.77981 rank 379
PROGRESS 1660 6.87203 rank 379
PROGRESS 1670 6.89781 rank 379
PROGRESS 1680 6.92042 rank 379
PROGRESS 1690 6.93719 rank 379
PROGRESS 1700 6.95678 rank 379
PROGRESS 1710 6.98465 rank 379
PROGRESS 1720 7.00791 rank 379
PROGRESS 1730 7.03094 rank 379
PROGRESS 1740 7.05648 rank 379
PROGRESS 1750 7.08026 rank 379
PROGRESS 1760 7.10427 rank 379
PROGRESS 1770 7.1255 rank 379
PROGRESS 1780 7.14815 rank 379
PROGRESS 1790 7.17157 rank 379
PROGRESS 1800 7.19393 rank 379
PROGRESS 1810 7.21732 rank 379
PROGRESS 1820 7.23941 rank 379
PROGRESS 1830 7.26312 rank 379
PROGRESS 1840 7.28544 rank 379
PROGRESS 1850 7.30668 rank 379
PROGRESS 1860 7.32774 rank 379
PROGRESS 1870 7.35007 rank 379
PROGRESS 1880 7.37132 rank 379
PROGRESS 1890 7.3941 rank 379
PROGRESS 1900 7.41793 rank 379
PROGRESS 1910 7.44195 rank 379
PROGRESS 1920 7.46587 rank 379
PROGRESS 1930 7.49321 rank 379
PROGRESS 1940 7.52823 rank 379
PROGRESS 1950 7.55182 rank 379
PROGRESS 1960 7.57377 rank 379
PROGRESS 1970 7.59352 rank 379
PROGRESS 1980 7.62761 rank 379
PROGRESS 1990 7.65302 rank 379
PROGRESS 2000 7.67317 rank 379
PROGRESS 2010 7.69868 rank 379
PROGRESS 2020 7.72927 rank 379
PROGRESS 2030 7.77352 rank 379
PROGRESS 2040 7.80607 rank 379
PROGRESS 2050 7.84552 rank 379
PROGRESS 2060 7.89189 rank 379
PROGRESS 2070 7.9302 rank 379
PROGRESS 2080 7.96289 rank 379
PROGRESS 2090 8.03753 rank 379
PROGRESS 2100 8.0768 rank 379
PROGRESS 2110 8.15387 rank 379
PROGRESS 2120 8.18315 rank 379
PROGRESS 2130 8.22025 rank 379
PROGRESS 2140 8.24726 rank 379
PROGRESS 2150 8.2697 rank 379
PROGRESS 2160 8.29192 rank 379
PROGRESS 2170 8.31694 rank 379
PROGRESS 2180 8.35162 rank 379
PROGRESS 2190 8.38937 rank 379
PROGRESS 2200 8.42775 rank 379
PROGRESS 2210 8.47292 rank 379
PROGRESS 2220 8.51629 rank 379
PROGRESS 2230 8.56897 rank 379
PROGRESS 2240 8.61988 rank 379
PROGRESS 2250 8.67226 rank 379
PROGRESS 2260 8.72651 rank 379
PROGRESS 2270 8.78153 rank 379
PROGRESS 2280 8.83185 rank 379
PROGRESS 2290 8.87743 rank 379
PROGRESS 2300 8.9258 rank 379
PROGRESS 2310 8.97528 rank 379
PROGRESS 2320 9.02115 rank 379
PROGRESS 2330 9.0703 rank 379
PROGRESS 2340 9.11709 rank 379
PROGRESS 2350 9.16139 rank 379
PROGRESS 2360 9.20738 rank 379
PROGRESS 2370 9.25054 rank 379
PROGRESS 2380 9.30747 rank 379
PROGRESS 2390 9.37055 rank 379
PROGRESS 2400 9.45882 rank 379
PROGRESS 2410 9.50997 rank 379
PROGRESS 2420 9.59865 rank 379
PROGRESS 2430 9.6459 rank 379
PROGRESS 2440 9.69287 rank 379
PROGRESS 2450 9.73518 rank 379
PROGRESS 2460 9.77676 rank 379
PROGRESS 2470 9.82264 rank 379
PROGRESS 2480 9.86739 rank 379
PROGRESS 2490 9.89539 rank 379
PROGRESS 2500 9.9156 rank 379
PROGRESS 2510 9.9799 rank 379
PROGRESS 2520 10.007 rank 379
PROGRESS 2530 10.0358 rank 379
PROGRESS 2540 10.1211 rank 379
PROGRESS 2550 10.1506 rank 379
PROGRESS 2560 10.1785 rank 379
PROGRESS 2570 10.2043 rank 379
PROGRESS 2580 10.2301 rank 379
PROGRESS 2590 10.2605 rank 379
PROGRESS 2600 10.289 rank 379
PROGRESS 2610 10.3164 rank 379
PROGRESS 2620 10.3436 rank 379
PROGRESS 2630 10.3722 rank 379
PROGRESS 2640 10.3998 rank 379
PROGRESS 2650 10.4253 rank 379
PROGRESS 2660 10.4551 rank 379
PROGRESS 2670 10.486 rank 379
PROGRESS 2680 10.5154 rank 379
PROGRESS 2690 10.5457 rank 379
PROGRESS 2700 10.5765 rank 379
PROGRESS 2710 10.6031 rank 379
PROGRESS 2720 10.6288 rank 379
PROGRESS 2730 10.6544 rank 379
PROGRESS 2740 10.6804 rank 379
PROGRESS 2750 10.7069 rank 379
PROGRESS 2760 10.7323 rank 379
PROGRESS 2770 10.7586 rank 379
PROGRESS 2780 10.785 rank 379
PROGRESS 2790 10.8112 rank 379
PROGRESS 2800 10.8373 rank 379
PROGRESS 2810 10.8637 rank 379
PROGRESS 2820 10.8895 rank 379
PROGRESS 2830 10.9146 rank 379
PROGRESS 2840 10.9399 rank 379
PROGRESS 2850 10.9669 rank 379
PROGRESS 2860 10.9935 rank 379
PROGRESS 2870 11.0193 rank 379
PROGRESS 2880 11.0452 rank 379
PROGRESS 2890 11.0712 rank 379
PROGRESS 2900 11.0976 rank 379
PROGRESS 2910 11.1244 rank 379
PROGRESS 2920 11.1504 rank 379
PROGRESS 2930 11.1761 rank 379
PROGRESS 2940 11.2033 rank 379
PROGRESS 2950 11.2291 rank 379
PROGRESS 2960 11.2544 rank 379
PROGRESS 2970 11.2806 rank 379
PROGRESS 2980 11.3067 rank 379
PROGRESS 2990 11.3305 rank 379
PROGRESS 3000 11.3518 rank 379
PROGRESS 3010 11.372 rank 379
PROGRESS 3020 11.3915 rank 379
PROGRESS 3030 11.4217 rank 379
PROGRESS 3040 11.4454 rank 379
PROGRESS 3050 11.5139 rank 379
PROGRESS 3060 11.541 rank 379
PROGRESS 3070 11.7034 rank 379
PROGRESS 3080 11.7295 rank 379
PROGRESS 3090 11.8035 rank 379
PROGRESS 3100 11.83 rank 379
PROGRESS 3110 11.857 rank 379
PROGRESS 3120 11.8837 rank 379
PROGRESS 3130 11.9106 rank 379
PROGRESS 3140 11.9316 rank 379
PROGRESS 3150 11.9518 rank 379
PROGRESS 3160 11.9775 rank 379
PROGRESS 3170 12.0054 rank 379
PROGRESS 3180 12.0319 rank 379
PROGRESS 3190 12.0601 rank 379
PROGRESS 3200 12.0889 rank 379
PROGRESS 3210 12.1187 rank 379
PROGRESS 3220 12.1433 rank 379
PROGRESS 3230 12.1668 rank 379
PROGRESS 3240 12.1914 rank 379
PROGRESS 3250 12.2195 rank 379
PROGRESS 3260 12.2462 rank 379
PROGRESS 3270 12.2723 rank 379
PROGRESS 3280 12.2993 rank 379
PROGRESS 3290 12.3259 rank 379
PROGRESS 3300 12.3522 rank 379
PROGRESS 3310 12.3787 rank 379
PROGRESS 3320 12.407 rank 379
PROGRESS 3330 12.4318 rank 379
PROGRESS 3340 12.4565 rank 379
PROGRESS 3350 12.4817 rank 379
PROGRESS 3360 12.5092 rank 379
PROGRESS 3370 12.5341 rank 379
PROGRESS 3380 12.5586 rank 379
PROGRESS 3390 12.5834 rank 379
PROGRESS 3400 12.6087 rank 379
PROGRESS 3410 12.6334 rank 379
PROGRESS 3420 12.6578 rank 379
PROGRESS 3430 12.6837 rank 379
PROGRESS 3440 12.7097 rank 379
PROGRESS 3450 12.7345 rank 379
PROGRESS 3460 12.7598 rank 379
PROGRESS 3470 12.7857 rank 379
PROGRESS 3480 12.8112 rank 379
PROGRESS 3490 12.8356 rank 379
PROGRESS 3500 12.8602 rank 379
PROGRESS 3510 12.8862 rank 379
PROGRESS 3520 12.912 rank 379
PROGRESS 3530 12.9369 rank 379
PROGRESS 3540 12.9618 rank 379
PROGRESS 3550 12.9884 rank 379
PROGRESS 3560 13.0139 rank 379
PROGRESS 3570 13.0383 rank 379
PROGRESS 3580 13.0628 rank 379
PROGRESS 3590 13.089 rank 379
PROGRESS 3600 13.1154 rank 379
PROGRESS 3610 13.1401 rank 379
PROGRESS 3620 13.1652 rank 379
PROGRESS 3630 13.1911 rank 379
PROGRESS 3640 13.2153 rank 379
PROGRESS 3650 13.2387 rank 379
PROGRESS 3660 13.266 rank 379
PROGRESS 3670 13.2922 rank 379
PROGRESS 3680 13.3175 rank 379
PROGRESS 3690 13.3421 rank 379
PROGRESS 3700 13.3684 rank 379
PROGRESS 3710 13.3902 rank 379
PROGRESS 3720 13.4116 rank 379
PROGRESS 3730 13.4367 rank 379
PROGRESS 3740 13.4637 rank 379
PROGRESS 3750 13.4917 rank 379
PROGRESS 3760 13.518 rank 379
PROGRESS 3770 13.5445 rank 379
PROGRESS 3780 13.5699 rank 379
PROGRESS 3790 13.5959 rank 379
PROGRESS 3800 13.6227 rank 379
PROGRESS 3810 13.6497 rank 379
PROGRESS 3820 13.6768 rank 379
PROGRESS 3830 13.7013 rank 379
PROGRESS 3840 13.7254 rank 379
PROGRESS 3850 13.7491 rank 379
PROGRESS 3860 13.7734 rank 379
PROGRESS 3870 13.7981 rank 379
PROGRESS 3880 13.8232 rank 379
PROGRESS 3890 13.8478 rank 379
PROGRESS 3900 13.8733 rank 379
PROGRESS 3910 13.8982 rank 379
PROGRESS 3920 13.9225 rank 379
PROGRESS 3930 13.9463 rank 379
PROGRESS 3940 13.9719 rank 379
PROGRESS 3950 13.9972 rank 379
PROGRESS 3960 14.0215 rank 379
PROGRESS 3970 14.0459 rank 379
PROGRESS 3980 14.0811 rank 379
PROGRESS 3990 14.105 rank 379
PROGRESS 4000 14.1284 rank 379
PROGRESS 4010 14.1797 rank 379
PROGRESS 4020 14.2344 rank 379
PROGRESS 4030 14.2958 rank 379
PROGRESS 4040 14.3568 rank 379
PROGRESS 4050 14.4069 rank 379
PROGRESS 4060 14.4304 rank 379
PROGRESS 4070 14.4559 rank 379
PROGRESS 4080 14.481 rank 379
PROGRESS 4090 14.5078 rank 379
PROGRESS 4100 14.5361 rank 379
PROGRESS 4110 14.5643 rank 379
PROGRESS 4120 14.5916 rank 379
PROGRESS 4130 14.6213 rank 379
PROGRESS 4140 14.6457 rank 379
PROGRESS 4150 14.6731 rank 379
PROGRESS 4160 14.6991 rank 379
PROGRESS 4170 14.7229 rank 379
PROGRESS 4180 14.747 rank 379
PROGRESS 4190 14.7723 rank 379
PROGRESS 4200 14.7966 rank 379
PROGRESS 4210 14.8211 rank 379
PROGRESS 4220 14.846 rank 379
PROGRESS 4230 14.8707 rank 379
PROGRESS 4240 14.8946 rank 379
PROGRESS 4250 14.9185 rank 379
PROGRESS 4260 14.9435 rank 379
PROGRESS 4270 14.9688 rank 379
PROGRESS 4280 14.9935 rank 379
PROGRESS 4290 15.0179 rank 379
PROGRESS 4300 15.0416 rank 379
PROGRESS 4310 15.0659 rank 379
PROGRESS 4320 15.0906 rank 379
PROGRESS 4330 15.1154 rank 379
PROGRESS 4340 15.1403 rank 379
PROGRESS 4350 15.1653 rank 379
PROGRESS 4360 15.1899 rank 379
PROGRESS 4370 15.2146 rank 379
PROGRESS 4380 15.2395 rank 379
PROGRESS 4390 15.2642 rank 379
PROGRESS 4400 15.2885 rank 379
PROGRESS 4410 15.3126 rank 379
PROGRESS 4420 15.3368 rank 379
PROGRESS 4430 15.3618 rank 379
PROGRESS 4440 15.3864 rank 379
PROGRESS 4450 15.4105 rank 379
PROGRESS 4460 15.4347 rank 379
PROGRESS 4470 15.4587 rank 379
PROGRESS 4480 15.4828 rank 379
PROGRESS 4490 15.5061 rank 379
PROGRESS 4500 15.5306 rank 379
PROGRESS 4510 15.5553 rank 379
PROGRESS 4520 15.5795 rank 379
PROGRESS 4530 15.6034 rank 379
PROGRESS 4540 15.6282 rank 379
PROGRESS 4550 15.6555 rank 379
PROGRESS 4560 15.6794 rank 379
PROGRESS 4570 15.7046 rank 379
PROGRESS 4580 15.7313 rank 379
PROGRESS 4590 15.7553 rank 379
PROGRESS 4600 15.7793 rank 379
PROGRESS 4610 15.8044 rank 379
PROGRESS 4620 15.8295 rank 379
PROGRESS 4630 15.855 rank 379
PROGRESS 4640 15.8798 rank 379
PROGRESS 4650 15.9043 rank 379
PROGRESS 4660 15.9282 rank 379
PROGRESS 4670 15.9521 rank 379
PROGRESS 4680 15.9774 rank 379
PROGRESS 4690 16.0603 rank 379
PROGRESS 4700 16.086 rank 379
PROGRESS 4710 16.1111 rank 379
PROGRESS 4720 16.1341 rank 379
PROGRESS 4730 16.1592 rank 379
PROGRESS 4740 16.1859 rank 379
PROGRESS 4750 16.2122 rank 379
PROGRESS 4760 16.2371 rank 379
PROGRESS 4770 16.2608 rank 379
PROGRESS 4780 16.2862 rank 379
PROGRESS 4790 16.3129 rank 379
PROGRESS 4800 16.3396 rank 379
PROGRESS 4810 16.3649 rank 379
PROGRESS 4820 16.3916 rank 379
PROGRESS 4830 16.4179 rank 379
PROGRESS 4840 16.4436 rank 379
PROGRESS 4850 16.4697 rank 379
PROGRESS 4860 16.4963 rank 379
PROGRESS 4870 16.5232 rank 379
PROGRESS 4880 16.5498 rank 379
PROGRESS 4890 16.5768 rank 379
PROGRESS 4900 16.6045 rank 379
PROGRESS 4910 16.6298 rank 379
PROGRESS 4920 16.6555 rank 379
PROGRESS 4930 16.7038 rank 379
PROGRESS 4940 16.7312 rank 379
PROGRESS 4950 16.7585 rank 379
PROGRESS 4960 16.781 rank 379
PROGRESS 4970 16.8058 rank 379
PROGRESS 4980 16.8317 rank 379
PROGRESS 4990 16.8572 rank 379
PROGRESS 5000 16.8813 rank 379
PROGRESS 5010 16.9066 rank 379
PROGRESS 5020 16.9314 rank 379
PROGRESS 5030 16.9583 rank 379
PROGRESS 5040 16.9831 rank 379
PROGRESS 5050 17.0083 rank 379
PROGRESS 5060 17.0334 rank 379
PROGRESS 5070 17.0586 rank 379
PROGRESS 5080 17.0831 rank 379
PROGRESS 5090 17.1076 rank 379
PROGRESS 5100 17.1312 rank 379
PROGRESS 5110 17.1543 rank 379
PROGRESS 5120 17.177 rank 379
PROGRESS 5130 17.1997 rank 379
PROGRESS 5140 17.2239 rank 379
PROGRESS 5150 17.2472 rank 379
PROGRESS 5160 17.2711 rank 379
PROGRESS 5170 17.2949 rank 379
PROGRESS 5180 17.3193 rank 379
PROGRESS 5190 17.3431 rank 379
PROGRESS 5200 17.371 rank 379
PROGRESS 5210 17.3948 rank 379
PROGRESS 5220 17.4186 rank 379
PROGRESS 5230 17.443 rank 379
PROGRESS 5240 17.468 rank 379
PROGRESS 5250 17.4922 rank 379
PROGRESS 5260 17.5164 rank 379
PROGRESS 5270 17.5395 rank 379
PROGRESS 5280 17.5637 rank 379
PROGRESS 5290 17.5866 rank 379
PROGRESS 5300 17.6101 rank 379
PROGRESS 5310 17.6348 rank 379
PROGRESS 5320 17.6587 rank 379
PROGRESS 5330 17.6815 rank 379
PROGRESS 5340 17.7044 rank 379
PROGRESS 5350 17.7274 rank 379
PROGRESS 5360 17.7503 rank 379
PROGRESS 5370 17.7753 rank 379
PROGRESS 5380 17.7977 rank 379
PROGRESS 5390 17.8288 rank 379
PROGRESS 5400 17.8592 rank 379
PROGRESS 5410 17.882 rank 379
PROGRESS 5420 17.9049 rank 379
PROGRESS 5430 17.9278 rank 379
PROGRESS 5440 17.9506 rank 379
PROGRESS 5450 17.9738 rank 379
PROGRESS 5460 17.9959 rank 379
PROGRESS 5470 18.0192 rank 379
PROGRESS 5480 18.0443 rank 379
PROGRESS 5490 18.0681 rank 379
PROGRESS 5500 18.0911 rank 379
PROGRESS 5510 18.1146 rank 379
PROGRESS 5520 18.138 rank 379
PROGRESS 5530 18.1606 rank 379
PROGRESS 5540 18.1829 rank 379
PROGRESS 5550 18.2056 rank 379
PROGRESS 5560 18.2285 rank 379
PROGRESS 5570 18.252 rank 379
PROGRESS 5580 18.2749 rank 379
PROGRESS 5590 18.2974 rank 379
PROGRESS 5600 18.321 rank 379
PROGRESS 5610 18.3451 rank 379
PROGRESS 5620 18.3684 rank 379
PROGRESS 5630 18.3911 rank 379
PROGRESS 5640 18.4155 rank 379
PROGRESS 5650 18.4394 rank 379
PROGRESS 5660 18.4625 rank 379
PROGRESS 5670 18.4857 rank 379
PROGRESS 5680 18.5098 rank 379
PROGRESS 5690 18.5336 rank 379
PROGRESS 5700 18.5567 rank 379
PROGRESS 5710 18.5801 rank 379
PROGRESS 5720 18.6044 rank 379
PROGRESS 5730 18.6298 rank 379
PROGRESS 5740 18.6534 rank 379
PROGRESS 5750 18.6773 rank 379
PROGRESS 5760 18.7033 rank 379
PROGRESS 5770 18.7283 rank 379
PROGRESS 5780 18.7519 rank 379
PROGRESS 5790 18.7753 rank 379
PROGRESS 5800 18.7972 rank 379
PROGRESS 5810 18.8187 rank 379
PROGRESS 5820 18.8395 rank 379
PROGRESS 5830 18.8625 rank 379
PROGRESS 5840 18.8857 rank 379
PROGRESS 5850 18.9083 rank 379
PROGRESS 5860 18.9306 rank 379
PROGRESS 5870 18.9537 rank 379
PROGRESS 5880 18.9769 rank 379
PROGRESS 5890 19.0005 rank 379
PROGRESS 5900 19.0232 rank 379
PROGRESS 5910 19.0462 rank 379
PROGRESS 5920 19.0699 rank 379
PROGRESS 5930 19.0943 rank 379
PROGRESS 5940 19.1179 rank 379
PROGRESS 5950 19.1411 rank 379
PROGRESS 5960 19.1652 rank 379
PROGRESS 5970 19.189 rank 379
PROGRESS 5980 19.2103 rank 379
PROGRESS 5990 19.2341 rank 379
PROGRESS 6000 19.2584 rank 379
PROGRESS 6010 19.283 rank 379
PROGRESS 6020 19.3068 rank 379
PROGRESS 6030 19.3312 rank 379
PROGRESS 6040 19.3562 rank 379
PROGRESS 6050 19.3815 rank 379
PROGRESS 6060 19.4336 rank 379
PROGRESS 6070 19.4579 rank 379
PROGRESS 6080 19.4826 rank 379
PROGRESS 6090 19.5073 rank 379
PROGRESS 6100 19.5326 rank 379
PROGRESS 6110 19.5573 rank 379
PROGRESS 6120 19.5822 rank 379
PROGRESS 6130 19.6117 rank 379
PROGRESS 6140 19.6371 rank 379
PROGRESS 6150 19.6708 rank 379
PROGRESS 6160 19.6995 rank 379
PROGRESS 6170 19.7261 rank 379
PROGRESS 6180 19.7511 rank 379
PROGRESS 6190 19.7766 rank 379
PROGRESS 6200 19.8095 rank 379
PROGRESS 6210 19.8344 rank 379
PROGRESS 6220 19.8668 rank 379
PROGRESS 6230 19.8914 rank 379
PROGRESS 6240 19.9379 rank 379
PROGRESS 6250 19.9684 rank 379
PROGRESS 6260 20.0017 rank 379
PROGRESS 6270 20.0315 rank 379
PROGRESS 6280 20.0672 rank 379
PROGRESS 6290 20.0955 rank 379
PROGRESS 6300 20.1288 rank 379
PROGRESS 6310 20.1627 rank 379
PROGRESS 6320 20.1935 rank 379
PROGRESS 6330 20.2222 rank 379
PROGRESS 6340 20.2466 rank 379
PROGRESS 6350 20.2711 rank 379
PROGRESS 6360 20.2945 rank 379
PROGRESS 6370 20.3181 rank 379
PROGRESS 6380 20.3422 rank 379
PROGRESS 6390 20.3667 rank 379
PROGRESS 6400 20.39 rank 379
PROGRESS 6410 20.4148 rank 379
PROGRESS 6420 20.4392 rank 379
PROGRESS 6430 20.4637 rank 379
PROGRESS 6440 20.4882 rank 379
PROGRESS 6450 20.5126 rank 379
PROGRESS 6460 20.5365 rank 379
PROGRESS 6470 20.5601 rank 379
PROGRESS 6480 20.5836 rank 379
PROGRESS 6490 20.6084 rank 379
PROGRESS 6500 20.6323 rank 379
PROGRESS 6510 20.6565 rank 379
PROGRESS 6520 20.6796 rank 379
PROGRESS 6530 20.7042 rank 379
PROGRESS 6540 20.7286 rank 379
PROGRESS 6550 20.7526 rank 379
PROGRESS 6560 20.7759 rank 379
PROGRESS 6570 20.7988 rank 379
PROGRESS 6580 20.8241 rank 379
PROGRESS 6590 20.849 rank 379
PROGRESS 6600 20.8723 rank 379
PROGRESS 6610 20.8954 rank 379
PROGRESS 6620 20.9203 rank 379
PROGRESS 6630 20.9657 rank 379
PROGRESS 6640 20.9855 rank 379
PROGRESS 6650 21.0437 rank 379
PROGRESS 6660 21.0686 rank 379
PROGRESS 6670 21.0923 rank 379
PROGRESS 6680 21.115 rank 379
PROGRESS 6690 21.1381 rank 379
PROGRESS 6700 21.1627 rank 379
PROGRESS 6710 21.1871 rank 379
PROGRESS 6720 21.2106 rank 379
PROGRESS 6730 21.2349 rank 379
PROGRESS 6740 21.2605 rank 379
PROGRESS 6750 21.2841 rank 379
PROGRESS 6760 21.3075 rank 379
PROGRESS 6770 21.3312 rank 379
PROGRESS 6780 21.3551 rank 379
PROGRESS 6790 21.3783 rank 379
PROGRESS 6800 21.4023 rank 379
PROGRESS 6810 21.4272 rank 379
PROGRESS 6820 21.4539 rank 379
PROGRESS 6830 21.4777 rank 379
PROGRESS 6840 21.5031 rank 379
PROGRESS 6850 21.5274 rank 379
PROGRESS 6860 21.5551 rank 379
PROGRESS 6870 21.5782 rank 379
PROGRESS 6880 21.6036 rank 379
PROGRESS 6890 21.6289 rank 379
PROGRESS 6900 21.659 rank 379
PROGRESS 6910 21.6827 rank 379
PROGRESS 6920 21.7213 rank 379
PROGRESS 6930 21.7572 rank 379
PROGRESS 6940 21.792 rank 379
PROGRESS 6950 21.8282 rank 379
PROGRESS 6960 21.8545 rank 379
PROGRESS 6970 21.8875 rank 379
PROGRESS 6980 21.9188 rank 379
PROGRESS 6990 21.9506 rank 379
PROGRESS 7000 21.9767 rank 379
PROGRESS 7010 22.0006 rank 379
PROGRESS 7020 22.0252 rank 379
PROGRESS 7030 22.1072 rank 379
PROGRESS 7040 22.1336 rank 379
PROGRESS 7050 22.1578 rank 379
PROGRESS 7060 22.1817 rank 379
PROGRESS 7070 22.2074 rank 379
PROGRESS 7080 22.2315 rank 379
PROGRESS 7090 22.2561 rank 379
PROGRESS 7100 22.2814 rank 379
PROGRESS 7110 22.3073 rank 379
PROGRESS 7120 22.3335 rank 379
PROGRESS 7130 22.3594 rank 379
PROGRESS 7140 22.3847 rank 379
PROGRESS 7150 22.4092 rank 379
PROGRESS 7160 22.434 rank 379
PROGRESS 7170 22.4587 rank 379
PROGRESS 7180 22.4818 rank 379
PROGRESS 7190 22.5064 rank 379
PROGRESS 7200 22.5309 rank 379
PROGRESS 7210 22.5554 rank 379
PROGRESS 7220 22.5794 rank 379
PROGRESS 7230 22.6042 rank 379
PROGRESS 7240 22.6285 rank 379
PROGRESS 7250 22.653 rank 379
PROGRESS 7260 22.6793 rank 379
PROGRESS 7270 22.7047 rank 379
PROGRESS 7280 22.7294 rank 379
PROGRESS 7290 22.7536 rank 379
PROGRESS 7300 22.7778 rank 379
PROGRESS 7310 22.8047 rank 379
PROGRESS 7320 22.83 rank 379
PROGRESS 7330 22.8547 rank 379
PROGRESS 7340 22.8787 rank 379
PROGRESS 7350 22.9029 rank 379
PROGRESS 7360 22.9274 rank 379
PROGRESS 7370 22.9529 rank 379
PROGRESS 7380 22.9794 rank 379
PROGRESS 7390 23.0051 rank 379
PROGRESS 7400 23.0302 rank 379
PROGRESS 7410 23.0547 rank 379
PROGRESS 7420 23.0791 rank 379
PROGRESS 7430 23.142 rank 379
PROGRESS 7440 23.1732 rank 379
PROGRESS 7450 23.2034 rank 379
PROGRESS 7460 23.2406 rank 379
PROGRESS 7470 23.2719 rank 379
PROGRESS 7480 23.2993 rank 379
PROGRESS 7490 23.3294 rank 379
PROGRESS 7500 23.354 rank 379
PROGRESS 7510 23.3853 rank 379
PROGRESS 7520 23.4196 rank 379
PROGRESS 7530 23.4477 rank 379
PROGRESS 7540 23.4808 rank 379
PROGRESS 7550 23.5365 rank 379
PROGRESS 7560 23.5615 rank 379
PROGRESS 7570 23.5847 rank 379
PROGRESS 7580 23.6088 rank 379
PROGRESS 7590 23.6352 rank 379
PROGRESS 7600 23.6612 rank 379
PROGRESS 7610 23.687 rank 379
PROGRESS 7620 23.7122 rank 379
PROGRESS 7630 23.7362 rank 379
PROGRESS 7640 23.7614 rank 379
PROGRESS 7650 23.7866 rank 379
PROGRESS 7660 23.8115 rank 379
PROGRESS 7670 23.8369 rank 379
PROGRESS 7680 23.8626 rank 379
PROGRESS 7690 23.8873 rank 379
PROGRESS 7700 23.913 rank 379
PROGRESS 7710 23.9383 rank 379
PROGRESS 7720 23.9634 rank 379
PROGRESS 7730 23.989 rank 379
PROGRESS 7740 24.0143 rank 379
PROGRESS 7750 24.0387 rank 379
PROGRESS 7760 24.0624 rank 379
PROGRESS 7770 24.088 rank 379
PROGRESS 7780 24.1133 rank 379
PROGRESS 7790 24.1362 rank 379
PROGRESS 7800 24.1572 rank 379
PROGRESS 7810 24.183 rank 379
PROGRESS 7820 24.2082 rank 379
PROGRESS 7830 24.2325 rank 379
PROGRESS 7840 24.2575 rank 379
PROGRESS 7850 24.2828 rank 379
PROGRESS 7860 24.308 rank 379
PROGRESS 7870 24.3329 rank 379
PROGRESS 7880 24.3758 rank 379
PROGRESS 7890 24.4323 rank 379
PROGRESS 7900 24.4569 rank 379
PROGRESS 7910 24.4821 rank 379
PROGRESS 7920 24.5064 rank 379
PROGRESS 7930 24.5303 rank 379
PROGRESS 7940 24.5542 rank 379
PROGRESS 7950 24.5794 rank 379
PROGRESS 7960 24.6042 rank 379
PROGRESS 7970 24.6622 rank 379
PROGRESS 7980 24.6867 rank 379
PROGRESS 7990 24.7109 rank 379
PROGRESS 8000 24.7346 rank 379
PROGRESS 8010 24.7595 rank 379
PROGRESS 8020 24.7848 rank 379
PROGRESS 8030 24.8087 rank 379
PROGRESS 8040 24.8329 rank 379
PROGRESS 8050 24.8575 rank 379
PROGRESS 8060 24.8818 rank 379
PROGRESS 8070 24.9063 rank 379
PROGRESS 8080 24.9316 rank 379
PROGRESS 8090 24.9577 rank 379
PROGRESS 8100 24.9835 rank 379
PROGRESS 8110 25.0081 rank 379
PROGRESS 8120 25.0327 rank 379
PROGRESS 8130 25.0571 rank 379
PROGRESS 8140 25.0822 rank 379
PROGRESS 8150 25.107 rank 379
PROGRESS 8160 25.1318 rank 379
PROGRESS 8170 25.1559 rank 379
PROGRESS 8180 25.1807 rank 379
PROGRESS 8190 25.2074 rank 379
PROGRESS 8200 25.232 rank 379
PROGRESS 8210 25.2581 rank 379
PROGRESS 8220 25.2849 rank 379
PROGRESS 8230 25.3134 rank 379
PROGRESS 8240 25.3407 rank 379
PROGRESS 8250 25.363 rank 379
PROGRESS 8260 25.3854 rank 379
PROGRESS 8270 25.41 rank 379
PROGRESS 8280 25.4342 rank 379
PROGRESS 8290 25.4738 rank 379
PROGRESS 8300 25.5458 rank 379
PROGRESS 8310 25.5722 rank 379
PROGRESS 8320 25.5971 rank 379
PROGRESS 8330 25.6654 rank 379
PROGRESS 8340 25.6902 rank 379
PROGRESS 8350 25.7153 rank 379
PROGRESS 8360 25.7394 rank 379
PROGRESS 8370 25.764 rank 379
PROGRESS 8380 25.7885 rank 379
PROGRESS 8390 25.8134 rank 379
PROGRESS 8400 25.8377 rank 379
PROGRESS 8410 25.863 rank 379
PROGRESS 8420 25.9731 rank 379
PROGRESS 8430 26.0288 rank 379
PROGRESS 8440 26.057 rank 379
PROGRESS 8450 26.083 rank 379
PROGRESS 8460 26.108 rank 379
PROGRESS 8470 26.1326 rank 379
PROGRESS 8480 26.157 rank 379
PROGRESS 8490 26.1814 rank 379
PROGRESS 8500 26.2064 rank 379
PROGRESS 8510 26.2317 rank 379
PROGRESS 8520 26.2562 rank 379
PROGRESS 8530 26.2839 rank 379
PROGRESS 8540 26.312 rank 379
PROGRESS 8550 26.3363 rank 379
PROGRESS 8560 26.3614 rank 379
PROGRESS 8570 26.3876 rank 379
PROGRESS 8580 26.4128 rank 379
PROGRESS 8590 26.4377 rank 379
PROGRESS 8600 26.501 rank 379
PROGRESS 8610 26.5335 rank 379
PROGRESS 8620 26.6121 rank 379
PROGRESS 8630 26.6315 rank 379
PROGRESS 8640 26.6533 rank 379
PROGRESS 8650 26.674 rank 379
PROGRESS 8660 26.6948 rank 379
PROGRESS 8670 26.7174 rank 379
PROGRESS 8680 26.738 rank 379
PROGRESS 8690 26.7574 rank 379
PROGRESS 8700 26.7829 rank 379
PROGRESS 8710 26.8062 rank 379
PROGRESS 8720 26.8455 rank 379
PROGRESS 8730 26.9121 rank 379
PROGRESS 8740 26.9818 rank 379
PROGRESS 8750 27.0274 rank 379
PROGRESS 8760 27.0651 rank 379
PROGRESS 8770 27.1234 rank 379
PROGRESS 8780 27.1533 rank 379
PROGRESS 8790 27.2368 rank 379
PROGRESS 8800 27.3094 rank 379
PROGRESS 8810 27.3561 rank 379
PROGRESS 8820 27.444 rank 379
PROGRESS 8830 27.4844 rank 379
PROGRESS 8840 27.5356 rank 379
PROGRESS 8850 27.5606 rank 379
PROGRESS 8860 27.5875 rank 379
PROGRESS 8870 27.6236 rank 379
PROGRESS 8880 27.6464 rank 379
PROGRESS 8890 27.717 rank 379
PROGRESS 8900 27.7401 rank 379
PROGRESS 8910 27.7632 rank 379
PROGRESS 8920 27.7853 rank 379
PROGRESS 8930 27.8066 rank 379
PROGRESS 8940 27.8276 rank 379
PROGRESS 8950 27.8492 rank 379
PROGRESS 8960 27.8719 rank 379
PROGRESS 8970 27.8942 rank 379
PROGRESS 8980 27.9248 rank 379
PROGRESS 8990 27.9613 rank 379
PROGRESS 9000 27.9978 rank 379
PROGRESS 9010 28.0318 rank 379
PROGRESS 9020 28.0685 rank 379
PROGRESS 9030 28.1074 rank 379
PROGRESS 9040 28.1344 rank 379
PROGRESS 9050 28.171 rank 379
PROGRESS 9060 28.205 rank 379
PROGRESS 9070 28.2414 rank 379
PROGRESS 9080 28.2757 rank 379
PROGRESS 9090 28.3132 rank 379
PROGRESS 9100 28.3435 rank 379
PROGRESS 9110 28.3699 rank 379
PROGRESS 9120 28.4004 rank 379
PROGRESS 9130 28.4259 rank 379
PROGRESS 9140 28.447 rank 379
PROGRESS 9150 28.4695 rank 379
PROGRESS 9160 28.4943 rank 379
PROGRESS 9170 28.5177 rank 379
PROGRESS 9180 28.5406 rank 379
PROGRESS 9190 28.5674 rank 379
PROGRESS 9200 28.5917 rank 379
PROGRESS 9210 28.6474 rank 379
PROGRESS 9220 28.6823 rank 379
PROGRESS 9230 28.7052 rank 379
PROGRESS 9240 28.7236 rank 379
PROGRESS 9250 28.7441 rank 379
PROGRESS 9260 28.765 rank 379
PROGRESS 9270 28.7861 rank 379
PROGRESS 9280 28.8079 rank 379
PROGRESS 9290 28.8279 rank 379
PROGRESS 9300 28.8486 rank 379
PROGRESS 9310 28.8711 rank 379
PROGRESS 9320 28.8935 rank 379
PROGRESS 9330 28.9149 rank 379
PROGRESS 9340 28.934 rank 379
PROGRESS 9350 28.9534 rank 379
PROGRESS 9360 28.9742 rank 379
PROGRESS 9370 28.9956 rank 379
PROGRESS 9380 29.0132 rank 379
PROGRESS 9390 29.034 rank 379
PROGRESS 9400 29.0548 rank 379
PROGRESS 9410 29.0749 rank 379
PROGRESS 9420 29.0943 rank 379
PROGRESS 9430 29.1132 rank 379
PROGRESS 9440 29.1471 rank 379
PROGRESS 9450 29.1676 rank 379
PROGRESS 9460 29.1885 rank 379
PROGRESS 9470 29.2053 rank 379
PROGRESS 9480 29.2363 rank 379
PROGRESS 9490 29.2571 rank 379
PROGRESS 9500 29.2782 rank 379
PROGRESS 9510 29.2975 rank 379
PROGRESS 9520 29.3152 rank 379
PROGRESS 9530 29.335 rank 379
PROGRESS 9540 29.3557 rank 379
PROGRESS 9550 29.3764 rank 379
PROGRESS 9560 29.3959 rank 379
PROGRESS 9570 29.4174 rank 379
PROGRESS 9580 29.4508 rank 379
PROGRESS 9590 29.472 rank 379
PROGRESS 9600 29.4903 rank 379
PROGRESS 9610 29.5075 rank 379
PROGRESS 9620 29.5235 rank 379
PROGRESS 9630 29.5391 rank 379
PROGRESS 9640 29.5547 rank 379
PROGRESS 9650 29.5715 rank 379
PROGRESS 9660 29.5889 rank 379
PROGRESS 9670 29.6062 rank 379
PROGRESS 9680 29.623 rank 379
PROGRESS 9690 29.6385 rank 379
PROGRESS 9700 29.6546 rank 379
PROGRESS 9710 29.6741 rank 379
PROGRESS 9720 29.6954 rank 379
PROGRESS 9730 29.7154 rank 379
PROGRESS 9740 29.7333 rank 379
PROGRESS 9750 29.7515 rank 379
PROGRESS 9760 29.7691 rank 379
PROGRESS 9770 29.7913 rank 379
PROGRESS 9780 29.8135 rank 379
PROGRESS 9790 29.8348 rank 379
PROGRESS 9800 29.8669 rank 379
PROGRESS 9810 29.8872 rank 379
PROGRESS 9820 29.9063 rank 379
PROGRESS 9830 29.9285 rank 379
PROGRESS 9840 29.9517 rank 379
PROGRESS 9850 29.9733 rank 379
PROGRESS 9860 29.9927 rank 379
END trials 9865 elapsed 30.0002
