STAGE legacy_seed ALLOWANCE 5
seed case_12089e0b2f9040bea3d0 1e-07 [(64, 0.8572275), (0, 0.7800741), (67, 0.7261192), (68, 0.6470905), (73, 0.2203134), (49, 0.2081414), (78, 0.2009212), (23, 0.1824024), (85, 0.178406), (72, 0.1715141), (35, 0.1668473), (34, 0.1616897), (33, 0.1557863), (32, 0.1540887), (90, 0.1539862), (31, 0.1512372), (91, 0.1494334), (37, 0.1494158), (30, 0.1472117), (79, 0.1447659), (29, 0.1428349), (21, 0.1412103), (28, 0.1410167)]
case_12089e0b2f9040bea3d0 best 0.23818053681026294 trace 8.811603066148956 support [0, 23, 31, 32, 33, 34, 35, 37, 49, 64, 67, 68, 72, 73, 78, 85, 90, 91]
seed case_12089e0b2f9040bea3d0 1e-09 [(64, 0.8572275), (0, 0.7800741), (67, 0.7261192), (68, 0.6470905), (73, 0.2203134), (49, 0.2081414), (78, 0.2009212), (23, 0.1824024), (85, 0.178406), (72, 0.1715141), (35, 0.1668473), (34, 0.1616897), (33, 0.1557863), (32, 0.1540887), (90, 0.1539862), (31, 0.1512372), (91, 0.1494334), (37, 0.1494158), (30, 0.1472117), (79, 0.1447659), (29, 0.1428349), (21, 0.1412103), (28, 0.1410167)]
seed case_12089e0b2f9040bea3d0 1e-05 [(64, 0.8572275), (0, 0.7800741), (67, 0.7261192), (68, 0.6470905), (73, 0.2203134), (49, 0.2081414), (78, 0.2009212), (23, 0.1824024), (85, 0.178406), (72, 0.1715141), (35, 0.1668473), (34, 0.1616897), (33, 0.1557863), (32, 0.1540887), (90, 0.1539862), (31, 0.1512372), (91, 0.1494334), (37, 0.1494158), (30, 0.1472117), (79, 0.1447659), (29, 0.1428349), (21, 0.1412103), (28, 0.1410167)]
seed case_12089e0b2f9040bea3d0 1e-11 [(64, 0.8572275), (0, 0.7800741), (67, 0.7261192), (68, 0.6470905), (73, 0.2203134), (49, 0.2081414), (78, 0.2009212), (23, 0.1824024), (85, 0.178406), (72, 0.1715141), (35, 0.1668473), (34, 0.1616897), (33, 0.1557863), (32, 0.1540887), (90, 0.1539862), (31, 0.1512372), (91, 0.1494334), (37, 0.1494158), (30, 0.1472117), (79, 0.1447659), (29, 0.1428349), (21, 0.1412103), (28, 0.1410167)]
seed case_12089e0b2f9040bea3d0 0.001 [(64, 0.8690564), (0, 0.7803719), (67, 0.5664829), (68, 0.5136763), (49, 0.3131771), (73, 0.2476537), (78, 0.2361053), (85, 0.2220644), (19, 0.1888218), (90, 0.1808589), (91, 0.1605173), (26, 0.1535232), (36, 0.1533376), (27, 0.1527266), (25, 0.1508712), (28, 0.1491963), (79, 0.1468368), (30, 0.1466352), (29, 0.1463439), (31, 0.1445101), (24, 0.1443567), (32, 0.1408708), (62, 0.1405253)]
seed case_12089e0b2f9040bea3d0 1e-13 [(64, 0.8572275), (0, 0.7800741), (67, 0.7261192), (68, 0.6470905), (73, 0.2203134), (49, 0.2081414), (78, 0.2009212), (23, 0.1824024), (85, 0.178406), (72, 0.1715141), (35, 0.1668473), (34, 0.1616897), (33, 0.1557863), (32, 0.1540887), (90, 0.1539862), (31, 0.1512372), (91, 0.1494334), (37, 0.1494158), (30, 0.1472117), (79, 0.1447659), (29, 0.1428349), (21, 0.1412103), (28, 0.1410167)]
seed case_12089e0b2f9040bea3d0 1.0 [(0, 0.7440297), (64, 0.5908567), (67, 0.2808694), (73, 0.2696217), (49, 0.2663715), (78, 0.264625), (85, 0.2588614), (90, 0.2512731), (91, 0.2448567), (37, 0.230516), (50, 0.2164152), (72, 0.1963544), (35, 0.1843635), (92, 0.1829749), (34, 0.176385), (33, 0.1673281), (32, 0.1571551), (31, 0.1475927), (65, 0.139624), (30, 0.1384868), (79, 0.1333178), (29, 0.1288456), (28, 0.1213285)]
case_12089e0b2f9040bea3d0 best 0.17893886656664518 trace 8.764029173451636 support [0, 31, 32, 33, 34, 35, 37, 49, 50, 64, 67, 72, 73, 78, 85, 90, 91, 92]
BEST case_12089e0b2f9040bea3d0 0.17893886656664518 trace 8.764029173451636 support [0, 31, 32, 33, 34, 35, 37, 49, 50, 64, 67, 72, 73, 78, 85, 90, 91, 92]
STAGE whitened_seed ALLOWANCE 45.0
BEST case_12089e0b2f9040bea3d0 0.17893886656664518 trace 8.764029173451636 support [0, 31, 32, 33, 34, 35, 37, 49, 50, 64, 67, 72, 73, 78, 85, 90, 91, 92]
SEED case_12089e0b2f9040bea3d0 1e-07 [(67, 1.8984068660084834), (79, 1.8958738490961462), (22, 1.4821217169846075), (64, 0.8502798712033695), (0, 0.7829237445661781), (62, 0.5334443347692395), (92, 0.2719519591613178), (57, 0.2566775154927455), (65, 0.14676820225681356), (84, 0.13659467365780625), (81, 0.12042804844227335), (66, 0.11405563000527094), (59, 0.08714112376253713), (70, 0.083032702729338), (44, 0.07801599337960913), (1, 0.05708325358209375)]
BEST case_12089e0b2f9040bea3d0 0.013818887546769838 trace 8.992719475029824 support [ 0 22 39 41 44 52 57 59 62 64 65 67 70 77 79 81 84 92]
BEST case_12089e0b2f9040bea3d0 0.013818848753957273 trace 8.99271557530794 support [ 0 22 39 41 44 52 57 59 62 64 65 67 70 77 79 81 84 92]
BEST case_12089e0b2f9040bea3d0 0.013818821382097958 trace 8.992716794704721 support [ 0 22 39 41 44 52 57 59 62 64 65 67 70 77 79 81 84 92]
SEED case_12089e0b2f9040bea3d0 1e-09 [(67, 1.8984068660084834), (79, 1.8958738490961462), (22, 1.4821217169846075), (64, 0.8502798712033695), (0, 0.7829237445661781), (62, 0.5334443347692395), (92, 0.2719519591613178), (57, 0.2566775154927455), (65, 0.14676820225681356), (84, 0.13659467365780625), (81, 0.12042804844227335), (66, 0.11405563000527094), (59, 0.08714112376253713), (70, 0.083032702729338), (44, 0.07801599337960913), (1, 0.05708325358209375)]
SEED case_12089e0b2f9040bea3d0 1e-11 [(67, 1.8984068660084834), (79, 1.8958738490961462), (22, 1.4821217169846075), (64, 0.8502798712033695), (0, 0.7829237445661781), (62, 0.5334443347692395), (92, 0.2719519591613178), (57, 0.2566775154927455), (65, 0.14676820225681356), (84, 0.13659467365780625), (81, 0.12042804844227335), (66, 0.11405563000527094), (59, 0.08714112376253713), (70, 0.083032702729338), (44, 0.07801599337960913), (1, 0.05708325358209375)]
SEED case_12089e0b2f9040bea3d0 1e-05 [(67, 1.8984068660084834), (79, 1.8958738490961462), (22, 1.4821217169846075), (64, 0.8502798712033695), (0, 0.7829237445661781), (62, 0.5334443347692395), (92, 0.2719519591613178), (57, 0.2566775154927455), (65, 0.14676820225681356), (84, 0.13659467365780625), (81, 0.12042804844227335), (66, 0.11405563000527094), (59, 0.08714112376253713), (70, 0.083032702729338), (44, 0.07801599337960913), (1, 0.05708325358209375)]
SEED case_12089e0b2f9040bea3d0 1e-13 [(67, 1.8984068660084834), (79, 1.8958738490961462), (22, 1.4821217169846075), (64, 0.8502798712033695), (0, 0.7829237445661781), (62, 0.5334443347692395), (92, 0.2719519591613178), (57, 0.2566775154927455), (65, 0.14676820225681356), (84, 0.13659467365780625), (81, 0.12042804844227335), (66, 0.11405563000527094), (59, 0.08714112376253713), (70, 0.083032702729338), (44, 0.07801599337960913), (1, 0.05708325358209375)]
SEED case_12089e0b2f9040bea3d0 1e-06 [(67, 1.8984068660084834), (79, 1.8958738490961462), (22, 1.4821217169846075), (64, 0.8502798712033695), (0, 0.7829237445661781), (62, 0.5334443347692395), (92, 0.2719519591613178), (57, 0.2566775154927455), (65, 0.14676820225681356), (84, 0.13659467365780625), (81, 0.12042804844227335), (66, 0.11405563000527094), (59, 0.08714112376253713), (70, 0.083032702729338), (44, 0.07801599337960913), (1, 0.05708325358209375)]
SEED case_12089e0b2f9040bea3d0 1e-08 [(67, 1.8984068660084834), (79, 1.8958738490961462), (22, 1.4821217169846075), (64, 0.8502798712033695), (0, 0.7829237445661781), (62, 0.5334443347692395), (92, 0.2719519591613178), (57, 0.2566775154927455), (65, 0.14676820225681356), (84, 0.13659467365780625), (81, 0.12042804844227335), (66, 0.11405563000527094), (59, 0.08714112376253713), (70, 0.083032702729338), (44, 0.07801599337960913), (1, 0.05708325358209375)]
SEED case_12089e0b2f9040bea3d0 1e-10 [(67, 1.8984068660084834), (79, 1.8958738490961462), (22, 1.4821217169846075), (64, 0.8502798712033695), (0, 0.7829237445661781), (62, 0.5334443347692395), (92, 0.2719519591613178), (57, 0.2566775154927455), (65, 0.14676820225681356), (84, 0.13659467365780625), (81, 0.12042804844227335), (66, 0.11405563000527094), (59, 0.08714112376253713), (70, 0.083032702729338), (44, 0.07801599337960913), (1, 0.05708325358209375)]
CONT 0.001 0.5577930541862173
CONT 0.0001 0.5911076709834708
CONT 1e-05 0.591107670983451
CONT 1e-06 0.591107670983441
BEST case_12089e0b2f9040bea3d0 0.0138187634929362 trace 8.992713522130865 support [ 0 22 39 41 44 52 57 59 62 64 65 67 70 77 79 81 84 92]
CONT 1e-07 0.591107670983465
BEST case_12089e0b2f9040bea3d0 0.01381865148824575 trace 8.992711078156747 support [ 0 22 39 41 44 52 57 59 62 64 65 67 70 77 79 81 84 92]
CONT 1e-08 0.5911076709834935
CONT 1e-09 0.59110767098345
BEST case_12089e0b2f9040bea3d0 0.013779465585434646 trace 8.97795713650843 support [ 0 22 39 41 44 52 57 59 62 64 65 70 73 77 79 81 84 92]
BEST case_12089e0b2f9040bea3d0 0.013749581510081156 trace 8.970189782116902 support [ 0 22 39 41 52 57 59 62 64 65 70 73 77 79 81 84 86 92]
BEST case_12089e0b2f9040bea3d0 0.013482147017736269 trace 8.9431552027552 support [ 0 27 39 41 52 57 59 62 64 65 70 73 77 79 81 84 86 92]
BEST case_12089e0b2f9040bea3d0 0.012990840160344469 trace 8.93444803089426 support [ 0 27 30 39 41 52 57 59 62 64 65 70 73 77 81 84 86 92]
BEST case_12089e0b2f9040bea3d0 0.01299028151245492 trace 8.934448117836563 support [ 0 27 30 41 52 57 59 62 64 65 70 73 75 77 81 84 86 92]
BEST case_12089e0b2f9040bea3d0 0.012689844806811568 trace 8.93918370735597 support [ 0 27 30 41 46 52 57 59 62 64 65 69 73 75 77 84 86 92]
BEST case_12089e0b2f9040bea3d0 0.01238481372332314 trace 8.85555302389193 support [ 0 27 34 41 46 52 57 59 62 64 65 69 73 75 77 84 86 92]
BEST case_12089e0b2f9040bea3d0 0.012345703339188488 trace 8.856966896705563 support [ 0 27 34 41 52 57 59 62 64 65 69 70 73 75 77 84 86 92]
BEST case_12089e0b2f9040bea3d0 0.012345702116768293 trace 8.856966918894488 support [ 0 27 34 41 52 57 62 64 65 69 70 73 75 77 84 86 89 92]
BEST case_12089e0b2f9040bea3d0 0.011993581940272368 trace 8.85809330329356 support [ 0 27 34 41 51 52 57 62 64 65 70 73 75 77 84 86 89 92]
BEST case_12089e0b2f9040bea3d0 0.009444034990982172 trace 8.895397313589367 support [ 0 27 34 41 51 53 57 62 64 65 70 73 75 77 82 84 86 92]
BEST case_12089e0b2f9040bea3d0 0.009444026033481812 trace 8.895397389121213 support [ 0 27 34 51 53 57 62 64 65 70 71 73 75 77 82 84 86 92]
BEST case_12089e0b2f9040bea3d0 0.008212309701734588 trace 8.901952235980282 support [ 0 27 34 51 53 62 64 65 70 71 73 75 77 82 84 86 92 93]
BEST case_12089e0b2f9040bea3d0 0.008212018489172303 trace 8.901947818670244 support [ 0 27 34 51 62 64 65 70 71 73 75 77 82 83 84 86 92 93]
BEST case_12089e0b2f9040bea3d0 0.008211911072674006 trace 8.901946466243082 support [ 0 27 34 51 62 64 65 70 71 73 75 76 77 83 84 86 92 93]
BEST case_12089e0b2f9040bea3d0 0.008211851528237531 trace 8.901945416856314 support [ 0 27 34 51 62 64 65 70 71 73 75 76 77 84 86 89 92 93]
BEST case_12089e0b2f9040bea3d0 0.007837131889341483 trace 8.881843800767454 support [ 0  7 27 34 51 62 64 65 70 71 73 75 76 77 86 89 92 93]
BEST case_12089e0b2f9040bea3d0 0.007629317200329685 trace 8.869478113762785 support [ 0  7 27 34 51 64 65 70 71 73 75 76 77 80 86 89 92 93]
BEST case_12089e0b2f9040bea3d0 0.007527538465113029 trace 8.870112950557345 support [ 0  7 27 34 51 64 65 70 71 73 75 76 80 86 89 92 93 95]
BEST case_12089e0b2f9040bea3d0 0.007183441332124156 trace 8.86169321939087 support [ 0  7 27 51 64 65 70 71 72 73 75 80 86 88 89 92 93 95]
BEST case_12089e0b2f9040bea3d0 0.005501359451983934 trace 8.858998618082214 support [ 0  7 23 51 64 65 70 71 72 73 75 80 86 88 89 92 93 95]
BEST case_12089e0b2f9040bea3d0 0.004800353429257663 trace 8.857757617503498 support [ 0  7 23 38 51 64 65 70 71 72 73 75 80 86 88 89 93 95]
BEST case_12089e0b2f9040bea3d0 0.004610077436224828 trace 8.857569273633487 support [ 0  7 23 38 51 64 65 70 72 73 75 80 83 86 88 89 93 95]
BEST case_12089e0b2f9040bea3d0 0.004462353425027219 trace 8.853820442629022 support [ 0  7 23 38 51 59 64 65 70 72 73 75 80 83 86 88 93 95]
BEST case_12089e0b2f9040bea3d0 0.004456470217022949 trace 8.853745589260857 support [ 0  7 23 38 41 51 59 64 65 72 73 75 76 80 83 86 88 93]
BEST case_12089e0b2f9040bea3d0 0.004456459665850627 trace 8.853748824499457 support [ 0  7 23 38 41 51 58 59 64 65 72 73 75 80 83 86 88 93]
BEST case_12089e0b2f9040bea3d0 0.004456459665089193 trace 8.853748824514206 support [ 0  7 23 38 41 51 58 59 64 65 72 73 75 80 83 86 93 94]
BEST case_12089e0b2f9040bea3d0 0.004456458771936294 trace 8.853748833096105 support [ 0  7 23 38 41 51 58 59 64 65 72 73 75 76 80 83 86 93]
BEST case_12089e0b2f9040bea3d0 0.004455984283176242 trace 8.853786323436111 support [ 0  7 23 38 51 58 59 64 65 69 72 73 76 80 83 86 89 93]
BEST case_12089e0b2f9040bea3d0 0.004008156694619173 trace 8.841305767654248 support [ 0  7 23 38 58 59 62 63 64 65 69 72 73 76 80 83 89 93]
STAGE_ERROR whitened_seed StageTimeout stage allowance exhausted
BEST case_12089e0b2f9040bea3d0 0.004008156694619173 trace 8.841305767654248 support [0, 7, 23, 38, 58, 59, 62, 63, 64, 65, 69, 72, 73, 76, 80, 83, 89, 93]
STAGE discrete_improve ALLOWANCE 45.0
BEST case_12089e0b2f9040bea3d0 0.004008156694619173 trace 8.841305767654248 support [0, 7, 23, 38, 58, 59, 62, 63, 64, 65, 69, 72, 73, 76, 80, 83, 89, 93]
BEST case_12089e0b2f9040bea3d0 0.004003471478772501 trace 8.841376308508988 support [ 0  7 23 38 58 59 62 63 64 65 69 72 73 76 80 83 89 93]
CONT 0.001 0.33560779338188895
CONT 0.0001 0.49120444631179866
CONT 1e-05 0.4912044463118171
CONT 1e-06 0.4912044463118265
CONT 1e-07 0.491204446311795
CONT 1e-08 0.49120444631177995
CONT 1e-09 0.4912044463118776
BEST case_12089e0b2f9040bea3d0 0.004002065137388681 trace 8.84036493758868 support [ 0  7 23 38 57 58 59 62 63 64 65 69 72 73 76 80 83 89]
BEST case_12089e0b2f9040bea3d0 0.003937066860219735 trace 8.838600890071595 support [ 0  7 23 38 57 58 59 62 63 64 65 69 72 73 74 76 83 89]
BEST case_12089e0b2f9040bea3d0 0.003904965186855643 trace 8.838615504479545 support [ 0  7 23 38 57 58 62 63 64 65 69 72 73 74 76 77 83 89]
BEST case_12089e0b2f9040bea3d0 0.00386922250218735 trace 8.839772977812546 support [ 0  7 23 38 57 58 62 63 64 65 69 70 72 73 74 77 83 89]
BEST case_12089e0b2f9040bea3d0 0.0038633010315524945 trace 8.8398230739156 support [ 0  7 23 38 57 58 62 63 64 65 70 72 73 74 77 83 89 93]
BEST case_12089e0b2f9040bea3d0 0.0038605300908988536 trace 8.840225032458942 support [ 0  7 23 38 52 57 62 63 64 65 70 72 73 74 77 83 89 93]
BEST case_12089e0b2f9040bea3d0 0.0037726825368734162 trace 8.83845443690134 support [ 0  7 23 38 52 57 62 63 64 65 68 70 72 73 77 83 89 93]
BEST case_12089e0b2f9040bea3d0 0.003740871396736438 trace 8.837935811175312 support [ 0  7 23 52 57 59 62 63 64 65 68 70 72 73 77 86 89 93]
BEST case_12089e0b2f9040bea3d0 0.0037199879024552547 trace 8.837318454941128 support [ 0  7 23 52 57 59 62 63 64 65 68 72 73 77 82 86 89 93]
BEST case_12089e0b2f9040bea3d0 0.003669588796607023 trace 8.837925814286365 support [ 0  7 23 45 52 57 59 62 64 65 68 72 73 77 82 86 89 93]
BEST case_12089e0b2f9040bea3d0 0.003664015416878067 trace 8.837930024305502 support [ 0  7 23 45 57 59 62 64 65 68 72 73 77 82 86 89 93 94]
BEST case_12089e0b2f9040bea3d0 0.0036638376335990878 trace 8.837932860176952 support [ 0  7 23 45 57 59 62 64 65 68 72 73 77 82 86 93 94 95]
BEST case_12089e0b2f9040bea3d0 0.003660773805252173 trace 8.837940533889414 support [ 0  7 23 45 57 59 62 64 65 68 72 73 77 82 86 88 93 95]
BEST case_12089e0b2f9040bea3d0 0.0036607663587461627 trace 8.837940009699809 support [ 0  7 23 45 59 62 64 65 68 69 72 73 77 82 86 88 93 95]
BEST case_12089e0b2f9040bea3d0 0.003660762348949913 trace 8.837940925188116 support [ 0  7 23 45 59 62 64 65 68 69 72 73 77 82 83 86 88 93]
BEST case_12089e0b2f9040bea3d0 0.0036606570831534437 trace 8.83803972411306 support [ 0  7 23 39 45 59 62 64 65 68 69 72 73 77 82 83 86 88]
BEST case_12089e0b2f9040bea3d0 0.0036605072879164597 trace 8.838043005261286 support [ 0  7 23 39 45 62 64 65 68 69 71 72 73 77 82 83 86 88]
BEST case_12089e0b2f9040bea3d0 0.003657954170130717 trace 8.838571774862832 support [ 0  7 23 39 45 62 64 65 68 69 71 72 73 74 77 82 83 88]
BEST case_12089e0b2f9040bea3d0 0.0036314082421124434 trace 8.837580733207059 support [ 0  7 23 39 45 62 64 65 68 69 71 72 73 74 76 77 83 88]
BEST case_12089e0b2f9040bea3d0 0.003631211030373512 trace 8.837588392643523 support [ 0  7 23 39 41 45 62 64 65 68 69 71 72 73 74 76 77 88]
BEST case_12089e0b2f9040bea3d0 0.0036311983912429642 trace 8.837586223521512 support [ 0  7 23 39 45 53 62 64 65 68 69 71 72 73 74 76 77 88]
BEST case_12089e0b2f9040bea3d0 0.003631124261218586 trace 8.837586766565705 support [ 0  7 23 39 45 53 62 64 65 68 69 72 73 74 76 77 83 88]
BEST case_12089e0b2f9040bea3d0 0.003627686834027764 trace 8.83763051941193 support [ 0  7 23 38 39 45 53 62 64 65 68 69 72 73 76 77 83 88]
BEST case_12089e0b2f9040bea3d0 0.0036276651864212447 trace 8.837631839392495 support [ 0  7 23 38 39 45 62 64 65 68 69 72 73 76 77 83 88 89]
BEST case_12089e0b2f9040bea3d0 0.0036248392678026402 trace 8.837677981092144 support [ 0  7 23 38 45 53 57 62 64 65 68 69 72 73 76 77 88 89]
BEST case_12089e0b2f9040bea3d0 0.0035392666126454623 trace 8.838876404095434 support [ 0  7 23 38 45 53 57 62 64 65 68 72 73 76 77 87 88 89]
BEST case_12089e0b2f9040bea3d0 0.0029457088081284066 trace 8.836849524877433 support [ 0  7 31 38 45 53 57 62 64 65 68 72 73 76 77 87 88 89]
BEST case_12089e0b2f9040bea3d0 0.0028441491250181436 trace 8.838225697533613 support [ 0  7 31 38 45 50 53 57 64 65 68 72 73 76 77 87 88 89]
BEST case_12089e0b2f9040bea3d0 0.002620390234313874 trace 8.842915389195875 support [ 0  7 31 38 50 53 57 64 65 68 72 73 76 77 81 87 88 89]
STAGE_ERROR discrete_improve StageTimeout stage allowance exhausted
BEST case_12089e0b2f9040bea3d0 0.002620390234313874 trace 8.842915389195875 support [0, 7, 31, 38, 50, 53, 57, 64, 65, 68, 72, 73, 76, 77, 81, 87, 88, 89]
STAGE continuous ALLOWANCE 209.32015493803192
BEST case_12089e0b2f9040bea3d0 0.002620390234313874 trace 8.842915389195875 support [ 0  7 31 38 50 53 57 64 65 68 72 73 76 77 81 87 88 89]
CONTINUOUS case_12089e0b2f9040bea3d0 0 0.0001 0.0020910696454607487 1200 [(0, 1.511), (0, 4.252736), (0, 5.007074), (2, 4.581181), (2, 6.866634), (8, 12.479603), (4, 6.029878), (6, 8.540271), (8, 12.865076), (2, 5.661973), (0, 6.527856), (0, 6.803327), (6, 10.150864), (8, 10.131863), (4, 8.847217), (4, 6.910285), (6, 7.293075), (8, 12.312845)]
BEST case_12089e0b2f9040bea3d0 0.0006902120696802226 trace 8.837115516846987 support [ 0 16 26 37 39 41 44 50 53 63 64 65 68 70 71 81 90 94]
CONTINUOUS case_12089e0b2f9040bea3d0 0 1e-06 0.0020908588045351843 1200 [(0, 1.511), (0, 4.252739), (0, 5.007065), (2, 4.581179), (2, 6.866656), (8, 12.4796), (4, 6.029876), (6, 8.540269), (8, 12.868542), (2, 5.661977), (0, 6.527859), (0, 6.80333), (6, 10.153169), (8, 10.131959), (4, 8.832899), (4, 6.910251), (6, 7.292857), (8, 12.314015)]
BEST case_12089e0b2f9040bea3d0 0.0006902080811091626 trace 8.837115297359318 support [ 0 16 26 37 39 41 44 50 53 63 64 65 68 70 71 81 90 94]
BEST case_12089e0b2f9040bea3d0 0.00069020769257501 trace 8.837115280146474 support [ 0 16 26 37 39 41 44 50 53 63 64 65 68 70 71 81 90 94]
BEST case_12089e0b2f9040bea3d0 0.0006901518820177816 trace 8.837112349914776 support [ 0 16 26 37 39 41 44 50 53 63 64 65 68 70 71 81 90 94]
CONTINUOUS case_12089e0b2f9040bea3d0 0 1e-08 0.002090681376894513 1200 [(0, 1.511), (0, 4.252742), (0, 5.007058), (2, 4.581153), (2, 6.86667), (8, 12.479599), (4, 6.029873), (6, 8.540267), (8, 12.87106), (2, 5.661983), (0, 6.52786), (0, 6.803333), (6, 10.154843), (8, 10.132325), (4, 8.811421), (4, 6.91014), (6, 7.292698), (8, 12.314877)]
CONTINUOUS case_12089e0b2f9040bea3d0 1 0.0001 0.002094579831132827 1200 [(0, 1.511), (0, 4.252982), (0, 5.010489), (2, 4.63938), (2, 6.856967), (8, 12.479619), (4, 6.029616), (6, 8.540022), (8, 13.294655), (2, 5.662104), (0, 6.528413), (0, 6.806016), (6, 10.315434), (8, 10.025674), (4, 8.766483), (4, 6.782125), (6, 7.256779), (8, 12.309904)]
CONTINUOUS case_12089e0b2f9040bea3d0 1 1e-06 0.002094571594518032 1200 [(0, 1.511), (0, 4.252982), (0, 5.01049), (2, 4.638531), (2, 6.856981), (8, 12.479619), (4, 6.029616), (6, 8.540022), (8, 13.294832), (2, 5.662105), (0, 6.528413), (0, 6.806017), (6, 10.315619), (8, 10.025786), (4, 8.766472), (4, 6.782079), (6, 7.256727), (8, 12.310009)]
CONTINUOUS case_12089e0b2f9040bea3d0 1 1e-08 0.0020945712590497187 1200 [(0, 1.511), (0, 4.252982), (0, 5.01049), (2, 4.638531), (2, 6.856983), (8, 12.479619), (4, 6.029616), (6, 8.540022), (8, 13.294845), (2, 5.662105), (0, 6.528413), (0, 6.806017), (6, 10.315632), (8, 10.025805), (4, 8.765737), (4, 6.782125), (6, 7.256723), (8, 12.31001)]
CONTINUOUS case_12089e0b2f9040bea3d0 2 0.0001 0.0020903467815750693 1200 [(0, 1.511), (0, 4.252632), (0, 5.006832), (2, 4.648489), (2, 6.745214), (8, 12.479706), (4, 6.029458), (6, 8.539882), (8, 13.176155), (2, 5.658563), (0, 6.527995), (0, 6.801407), (6, 10.338488), (8, 10.108474), (4, 8.746664), (4, 6.776474), (6, 7.304089), (8, 12.330629)]
CONTINUOUS case_12089e0b2f9040bea3d0 2 1e-06 0.0020902988504388656 1200 [(0, 1.511), (0, 4.252632), (0, 5.006833), (2, 4.648492), (2, 6.745249), (8, 12.479705), (4, 6.029457), (6, 8.539882), (8, 13.176899), (2, 5.658565), (0, 6.527995), (0, 6.801409), (6, 10.338539), (8, 10.108518), (4, 8.746243), (4, 6.776333), (6, 7.303882), (8, 12.330753)]
CONTINUOUS case_12089e0b2f9040bea3d0 2 1e-08 0.0020902935077197846 1200 [(0, 1.511), (0, 4.252632), (0, 5.006833), (2, 4.648493), (2, 6.745253), (8, 12.479705), (4, 6.029457), (6, 8.539882), (8, 13.176993), (2, 5.658565), (0, 6.527995), (0, 6.80141), (6, 10.338546), (8, 10.108595), (4, 8.744244), (4, 6.77632), (6, 7.303856), (8, 12.330757)]
CONTINUOUS case_12089e0b2f9040bea3d0 3 0.0001 0.005139277069571599 1200 [(0, 1.511), (0, 4.254156), (0, 5.011961), (2, 4.861219), (2, 6.876034), (8, 12.483034), (4, 6.029809), (6, 8.541106), (8, 12.482963), (2, 5.663747), (0, 6.5307), (0, 6.805882), (6, 10.340737), (8, 9.651709), (4, 8.274983), (4, 5.925227), (6, 7.265526), (8, 13.366695)]
BEST case_12089e0b2f9040bea3d0 0.0006591806619237247 trace 8.837398757996798 support [ 0 16 26 37 41 44 45 50 51 53 63 64 65 68 70 77 90 94]
CONTINUOUS case_12089e0b2f9040bea3d0 3 1e-06 0.00538462209989758 1200 [(0, 1.511), (0, 4.254201), (0, 5.012149), (2, 4.861322), (2, 6.876229), (8, 12.483143), (4, 6.029979), (6, 8.5413), (8, 12.483073), (2, 5.663772), (0, 6.530821), (0, 6.805832), (6, 10.340925), (8, 9.690897), (4, 8.274918), (4, 5.913671), (6, 7.264998), (8, 13.366848)]
CONTINUOUS case_12089e0b2f9040bea3d0 3 1e-08 0.005425674381048965 1200 [(0, 1.511), (0, 4.254211), (0, 5.012181), (2, 4.861324), (2, 6.876258), (8, 12.483166), (4, 6.030006), (6, 8.541329), (8, 12.483096), (2, 5.663777), (0, 6.530845), (0, 6.805825), (6, 10.340952), (8, 9.690933), (4, 8.262419), (4, 5.912141), (6, 7.264923), (8, 13.36687)]
CONTINUOUS case_12089e0b2f9040bea3d0 4 0.0001 0.005151225868976259 1200 [(0, 1.511), (0, 4.253585), (0, 5.006374), (2, 4.91323), (2, 6.691799), (8, 12.48235), (4, 6.026265), (6, 8.540434), (8, 13.320368), (2, 5.658889), (0, 6.530238), (0, 6.798948), (6, 10.25883), (8, 10.172624), (4, 8.594233), (4, 6.053259), (6, 7.235629), (8, 12.405638)]
CONTINUOUS case_12089e0b2f9040bea3d0 4 1e-06 0.00515588082892908 1200 [(0, 1.511), (0, 4.253589), (0, 5.006381), (2, 4.914826), (2, 6.691973), (8, 12.482354), (4, 6.026252), (6, 8.540434), (8, 13.320998), (2, 5.658891), (0, 6.530242), (0, 6.798955), (6, 10.261709), (8, 10.172734), (4, 8.591607), (4, 6.053254), (6, 7.23558), (8, 12.406968)]
CONTINUOUS case_12089e0b2f9040bea3d0 4 1e-08 0.005156447842682559 1200 [(0, 1.511), (0, 4.253589), (0, 5.006382), (2, 4.915151), (2, 6.691995), (8, 12.482355), (4, 6.02625), (6, 8.540434), (8, 13.321075), (2, 5.658891), (0, 6.530243), (0, 6.798956), (6, 10.262055), (8, 10.187335), (4, 8.591603), (4, 6.053253), (6, 7.235574), (8, 12.407131)]
CONTINUOUS case_12089e0b2f9040bea3d0 5 0.0001 0.006494722764230323 1200 [(0, 1.511), (0, 4.254537), (0, 5.010895), (2, 4.693334), (2, 6.842463), (8, 12.484115), (4, 6.030733), (6, 8.541761), (8, 13.351628), (2, 5.664195), (0, 6.531563), (0, 6.803302), (6, 10.344065), (8, 10.4151), (4, 8.420063), (4, 5.875526), (6, 7.230846), (8, 12.381563)]
CONTINUOUS case_12089e0b2f9040bea3d0 5 1e-06 0.0065285768439208285 1200 [(0, 1.511), (0, 4.254543), (0, 5.010901), (2, 4.693296), (2, 6.842572), (8, 12.484132), (4, 6.030772), (6, 8.541789), (8, 13.351828), (2, 5.664227), (0, 6.531576), (0, 6.803278), (6, 10.344068), (8, 10.415275), (4, 8.416824), (4, 5.873094), (6, 7.230845), (8, 12.381946)]
CONTINUOUS case_12089e0b2f9040bea3d0 5 1e-08 0.006544399136735286 1200 [(0, 1.511), (0, 4.254547), (0, 5.010906), (2, 4.69329), (2, 6.842624), (8, 12.484142), (4, 6.030788), (6, 8.541803), (8, 13.351921), (2, 5.664241), (0, 6.531583), (0, 6.803267), (6, 10.344069), (8, 10.415369), (4, 8.411878), (4, 5.87198), (6, 7.230845), (8, 12.382014)]
CONTINUOUS case_12089e0b2f9040bea3d0 6 0.0001 0.0020883360329736686 1200 [(0, 1.511), (0, 4.252), (0, 5.00282), (2, 5.200187), (2, 6.486642), (8, 12.478951), (4, 6.029424), (6, 8.539293), (8, 13.27795), (2, 5.645146), (0, 6.52762), (0, 6.795089), (6, 10.192941), (8, 10.858036), (4, 8.54122), (4, 6.737675), (6, 7.267616), (8, 12.713041)]
CONTINUOUS case_12089e0b2f9040bea3d0 6 1e-06 0.002088208972172667 1200 [(0, 1.511), (0, 4.25201), (0, 5.002824), (2, 5.202573), (2, 6.486937), (8, 12.478982), (4, 6.029413), (6, 8.539289), (8, 13.279997), (2, 5.645159), (0, 6.527631), (0, 6.795099), (6, 10.201546), (8, 10.858143), (4, 8.538053), (4, 6.736634), (6, 7.266892), (8, 12.713044)]
CONTINUOUS case_12089e0b2f9040bea3d0 6 1e-08 0.0020881992713361105 1200 [(0, 1.511), (0, 4.252014), (0, 5.002826), (2, 5.203419), (2, 6.48702), (8, 12.478992), (4, 6.02941), (6, 8.539287), (8, 13.280561), (2, 5.645163), (0, 6.527635), (0, 6.795102), (6, 10.203858), (8, 10.85803), (4, 8.533327), (4, 6.736615), (6, 7.266692), (8, 12.713108)]
CONTINUOUS case_12089e0b2f9040bea3d0 7 0.0001 0.005236807701831252 1200 [(0, 1.511), (0, 4.25323), (0, 5.004651), (2, 5.494241), (2, 6.596512), (8, 12.482127), (4, 6.024735), (6, 8.540627), (8, 13.320027), (2, 5.655668), (0, 6.529886), (0, 6.79614), (6, 10.338931), (8, 10.763756), (4, 8.827859), (4, 6.05406), (6, 7.325361), (8, 12.482127)]
CONTINUOUS case_12089e0b2f9040bea3d0 7 1e-06 0.005238674983894803 1200 [(0, 1.511), (0, 4.253232), (0, 5.004651), (2, 5.494561), (2, 6.596675), (8, 12.48213), (4, 6.024726), (6, 8.540627), (8, 13.320477), (2, 5.655672), (0, 6.529889), (0, 6.796144), (6, 10.339047), (8, 10.763898), (4, 8.827285), (4, 6.054059), (6, 7.324775), (8, 12.48213)]
CONTINUOUS case_12089e0b2f9040bea3d0 7 1e-08 0.00523881204858759 1200 [(0, 1.511), (0, 4.253232), (0, 5.004651), (2, 5.494593), (2, 6.596691), (8, 12.48213), (4, 6.024726), (6, 8.540627), (8, 13.320522), (2, 5.655673), (0, 6.529889), (0, 6.796144), (6, 10.339059), (8, 10.763891), (4, 8.827031), (4, 6.054059), (6, 7.324716), (8, 12.48213)]
CONTINUOUS case_12089e0b2f9040bea3d0 8 0.0001 0.005366875900641745 1200 [(0, 1.511), (0, 4.253276), (0, 5.002968), (2, 5.317196), (2, 6.508483), (8, 12.482475), (4, 6.024825), (6, 8.54006), (8, 13.349869), (2, 5.65162), (0, 6.5302), (0, 6.793842), (6, 10.342649), (8, 10.899424), (4, 8.638028), (4, 6.050774), (6, 7.235465), (8, 12.623574)]
CONTINUOUS case_12089e0b2f9040bea3d0 8 1e-06 0.005367514970728584 1200 [(0, 1.511), (0, 4.253276), (0, 5.002968), (2, 5.317333), (2, 6.508506), (8, 12.482475), (4, 6.024824), (6, 8.54006), (8, 13.349898), (2, 5.65162), (0, 6.5302), (0, 6.793843), (6, 10.342654), (8, 10.899492), (4, 8.637685), (4, 6.050774), (6, 7.235461), (8, 12.623516)]
CONTINUOUS case_12089e0b2f9040bea3d0 8 1e-08 0.005367565820779947 1200 [(0, 1.511), (0, 4.253276), (0, 5.002968), (2, 5.317359), (2, 6.50851), (8, 12.482475), (4, 6.024824), (6, 8.54006), (8, 13.349903), (2, 5.65162), (0, 6.5302), (0, 6.793843), (6, 10.342655), (8, 10.899393), (4, 8.637622), (4, 6.050774), (6, 7.23546), (8, 12.623516)]
CONTINUOUS case_12089e0b2f9040bea3d0 9 0.0001 0.005227060614721554 1200 [(0, 1.511), (0, 4.252587), (0, 5.004743), (2, 5.133767), (2, 6.628916), (8, 12.480338), (4, 6.020378), (6, 8.543521), (8, 13.300546), (2, 5.659995), (0, 6.528516), (0, 6.795464), (6, 10.260373), (8, 10.423265), (4, 8.413007), (4, 6.064958), (6, 7.676681), (8, 12.481229)]
CONTINUOUS case_12089e0b2f9040bea3d0 9 1e-06 0.0052311144239981944 1200 [(0, 1.511), (0, 4.252592), (0, 5.004748), (2, 5.136065), (2, 6.629168), (8, 12.480355), (4, 6.020366), (6, 8.543518), (8, 13.301375), (2, 5.659964), (0, 6.528525), (0, 6.795474), (6, 10.262604), (8, 10.442894), (4, 8.412967), (4, 6.064912), (6, 7.674739), (8, 12.481234)]
CONTINUOUS case_12089e0b2f9040bea3d0 9 1e-08 0.005231893354006851 1200 [(0, 1.511), (0, 4.252593), (0, 5.00475), (2, 5.13639), (2, 6.629204), (8, 12.480358), (4, 6.020365), (6, 8.543517), (8, 13.30149), (2, 5.65996), (0, 6.528526), (0, 6.795476), (6, 10.262912), (8, 10.442928), (4, 8.41176), (4, 6.064906), (6, 7.674469), (8, 12.481235)]
CONTINUOUS case_12089e0b2f9040bea3d0 10 0.0001 0.005441258146665002 1200 [(0, 1.511), (0, 4.253749), (0, 5.007452), (2, 5.358016), (2, 6.673585), (8, 12.483189), (4, 6.029757), (6, 8.540742), (8, 13.346155), (2, 5.657802), (0, 6.530621), (0, 6.799293), (6, 10.332846), (8, 11.012026), (4, 8.558328), (4, 5.913489), (6, 7.254422), (8, 12.752899)]
CONTINUOUS case_12089e0b2f9040bea3d0 10 1e-06 0.005969751531561927 1200 [(0, 1.511), (0, 4.25388), (0, 5.007829), (2, 5.364648), (2, 6.674398), (8, 12.483503), (4, 6.03023), (6, 8.541129), (8, 13.347504), (2, 5.657923), (0, 6.530949), (0, 6.799171), (6, 10.334227), (8, 11.012206), (4, 8.551559), (4, 5.892577), (6, 7.253547), (8, 12.752833)]
CONTINUOUS case_12089e0b2f9040bea3d0 10 1e-08 0.006045886468143078 1200 [(0, 1.511), (0, 4.253905), (0, 5.007879), (2, 5.36586), (2, 6.674537), (8, 12.483562), (4, 6.030302), (6, 8.541185), (8, 13.34773), (2, 5.657954), (0, 6.531007), (0, 6.799145), (6, 10.334445), (8, 11.011953), (4, 8.544977), (4, 5.889687), (6, 7.253407), (8, 12.752815)]
CONTINUOUS case_12089e0b2f9040bea3d0 11 0.0001 0.0066460855558598325 1200 [(0, 1.511), (0, 4.254385), (0, 5.007024), (2, 5.496714), (2, 6.662732), (8, 12.48522), (4, 6.030073), (6, 8.541931), (8, 13.374015), (2, 5.662701), (0, 6.531779), (0, 6.796836), (6, 10.344186), (8, 10.857864), (4, 8.576126), (4, 5.683894), (6, 7.23071), (8, 12.718568)]
BEST case_12089e0b2f9040bea3d0 0.0006590675330947313 trace 8.83772120610439 support [ 0 16 26 37 41 50 52 53 57 62 63 64 65 68 70 81 90 95]
CONTINUOUS case_12089e0b2f9040bea3d0 11 1e-06 0.006646240706216279 1200 [(0, 1.511), (0, 4.254385), (0, 5.007025), (2, 5.496862), (2, 6.662795), (8, 12.48522), (4, 6.030073), (6, 8.541931), (8, 13.374017), (2, 5.6627), (0, 6.531779), (0, 6.796837), (6, 10.344186), (8, 10.859796), (4, 8.576056), (4, 5.683865), (6, 7.23071), (8, 12.718517)]
CONTINUOUS case_12089e0b2f9040bea3d0 11 1e-08 0.006646239469348959 1200 [(0, 1.511), (0, 4.254385), (0, 5.007025), (2, 5.496867), (2, 6.662797), (8, 12.48522), (4, 6.030073), (6, 8.541931), (8, 13.374017), (2, 5.6627), (0, 6.531779), (0, 6.796837), (6, 10.344186), (8, 10.859796), (4, 8.575972), (4, 5.683864), (6, 7.23071), (8, 12.718457)]
CONTINUOUS case_12089e0b2f9040bea3d0 12 0.0001 0.0029091558436999294 1200 [(0, 1.511), (0, 4.24964), (0, 4.994871), (2, 4.923237), (2, 6.08656), (8, 12.474454), (4, 6.029185), (6, 8.683309), (8, 13.326367), (2, 5.592755), (0, 6.522989), (0, 6.78463), (6, 10.038804), (8, 10.957851), (4, 8.846365), (4, 7.272418), (6, 8.517988), (8, 12.474467)]
BEST case_12089e0b2f9040bea3d0 0.0006125210739131169 trace 8.83638993596469 support [ 0 16 26 37 40 41 44 53 62 63 64 65 68 81 82 87 90 95]
CONTINUOUS case_12089e0b2f9040bea3d0 12 1e-06 0.0029034758132088765 1200 [(0, 1.511), (0, 4.249644), (0, 4.994873), (2, 4.923348), (2, 6.086587), (8, 12.474469), (4, 6.02918), (6, 8.68329), (8, 13.326824), (2, 5.592761), (0, 6.522992), (0, 6.784631), (6, 10.045278), (8, 10.961851), (4, 8.836423), (4, 7.272382), (6, 8.517987), (8, 12.474482)]
CONTINUOUS case_12089e0b2f9040bea3d0 12 1e-08 0.0029000880825234407 1200 [(0, 1.511), (0, 4.249647), (0, 4.994875), (2, 4.923416), (2, 6.086604), (8, 12.474483), (4, 6.029175), (6, 8.68328), (8, 13.327096), (2, 5.592765), (0, 6.522997), (0, 6.784631), (6, 10.049098), (8, 10.966666), (4, 8.831852), (4, 7.258201), (6, 8.517987), (8, 12.474495)]
CONTINUOUS case_12089e0b2f9040bea3d0 13 0.0001 0.006625185524245 1200 [(0, 1.511), (0, 4.254011), (0, 5.004265), (2, 5.313884), (2, 6.514813), (8, 12.485114), (4, 6.029954), (6, 8.541544), (8, 13.34671), (2, 5.652233), (0, 6.531603), (0, 6.793084), (6, 10.34414), (8, 11.138699), (4, 8.480445), (4, 5.689159), (6, 7.231094), (8, 12.646665)]
CONTINUOUS case_12089e0b2f9040bea3d0 13 1e-06 0.006625345403296549 1200 [(0, 1.511), (0, 4.254012), (0, 5.004272), (2, 5.315801), (2, 6.515115), (8, 12.485115), (4, 6.029954), (6, 8.541545), (8, 13.346977), (2, 5.652241), (0, 6.531604), (0, 6.793092), (6, 10.344141), (8, 11.138763), (4, 8.480167), (4, 5.688983), (6, 7.231091), (8, 12.647278)]
CONTINUOUS case_12089e0b2f9040bea3d0 13 1e-08 0.00662532145448425 1200 [(0, 1.511), (0, 4.254012), (0, 5.004272), (2, 5.315912), (2, 6.515133), (8, 12.485115), (4, 6.029954), (6, 8.541545), (8, 13.346993), (2, 5.652241), (0, 6.531604), (0, 6.793093), (6, 10.344141), (8, 11.138725), (4, 8.479816), (4, 5.688973), (6, 7.231091), (8, 12.64728)]
CONTINUOUS case_12089e0b2f9040bea3d0 14 0.0001 0.00209350698712718 1200 [(0, 1.511), (0, 4.252434), (0, 5.004793), (2, 5.299651), (2, 6.559704), (8, 12.479685), (4, 6.029265), (6, 8.539304), (8, 13.363943), (2, 5.649815), (0, 6.528171), (0, 6.797482), (6, 10.334651), (8, 11.029067), (4, 8.37501), (4, 6.768235), (6, 7.230687), (8, 12.649341)]
CONTINUOUS case_12089e0b2f9040bea3d0 14 1e-06 0.002093492450071853 1200 [(0, 1.511), (0, 4.252434), (0, 5.004793), (2, 5.300588), (2, 6.559826), (8, 12.479685), (4, 6.029265), (6, 8.539304), (8, 13.364032), (2, 5.649818), (0, 6.528172), (0, 6.797485), (6, 10.334878), (8, 11.031519), (4, 8.374915), (4, 6.768148), (6, 7.230687), (8, 12.649337)]
CONTINUOUS case_12089e0b2f9040bea3d0 14 1e-08 0.0020934917658863503 1200 [(0, 1.511), (0, 4.252434), (0, 5.004793), (2, 5.30062), (2, 6.55983), (8, 12.479685), (4, 6.029265), (6, 8.539304), (8, 13.364035), (2, 5.649819), (0, 6.528172), (0, 6.797485), (6, 10.334886), (8, 11.031526), (4, 8.374729), (4, 6.767918), (6, 7.230687), (8, 12.649337)]
CONTINUOUS case_12089e0b2f9040bea3d0 15 0.0001 0.0020877584043815876 1200 [(0, 1.511), (0, 4.251836), (0, 5.001283), (2, 5.504059), (2, 6.364234), (8, 12.479288), (4, 6.029104), (6, 8.539045), (8, 13.374946), (2, 5.63558), (0, 6.527563), (0, 6.792346), (6, 10.341887), (8, 9.965053), (4, 7.970869), (4, 7.491344), (6, 7.301731), (8, 12.479296)]
CONTINUOUS case_12089e0b2f9040bea3d0 15 1e-06 0.0020877189031778503 1200 [(0, 1.511), (0, 4.251837), (0, 5.001283), (2, 5.504168), (2, 6.364289), (8, 12.479288), (4, 6.029104), (6, 8.539045), (8, 13.374946), (2, 5.635583), (0, 6.527563), (0, 6.792348), (6, 10.34191), (8, 9.965089), (4, 7.969199), (4, 7.491282), (6, 7.301475), (8, 12.479296)]
CONTINUOUS case_12089e0b2f9040bea3d0 15 1e-08 0.0020877174145210067 1200 [(0, 1.511), (0, 4.251837), (0, 5.001283), (2, 5.504177), (2, 6.364293), (8, 12.479288), (4, 6.029104), (6, 8.539045), (8, 13.374946), (2, 5.635583), (0, 6.527563), (0, 6.792348), (6, 10.341911), (8, 9.967333), (4, 7.969197), (4, 7.491278), (6, 7.301455), (8, 12.479296)]
CONTINUOUS case_12089e0b2f9040bea3d0 16 0.0001 0.002090399798531162 1200 [(0, 1.511), (0, 4.252179), (0, 5.003436), (2, 5.670951), (2, 6.494797), (8, 12.47959), (4, 6.029214), (6, 8.539255), (8, 13.3516), (2, 5.645615), (0, 6.527861), (0, 6.795589), (6, 10.339645), (8, 9.939255), (4, 7.628715), (4, 7.458376), (6, 7.273901), (8, 12.479224)]
CONTINUOUS case_12089e0b2f9040bea3d0 16 1e-06 0.0020903642943999553 1200 [(0, 1.511), (0, 4.25218), (0, 5.003437), (2, 5.670928), (2, 6.494904), (8, 12.47959), (4, 6.029214), (6, 8.539255), (8, 13.351757), (2, 5.645619), (0, 6.527862), (0, 6.795592), (6, 10.339732), (8, 9.939387), (4, 7.624149), (4, 7.458285), (6, 7.27361), (8, 12.479227)]
CONTINUOUS case_12089e0b2f9040bea3d0 16 1e-08 0.002090363502142667 1200 [(0, 1.511), (0, 4.25218), (0, 5.003437), (2, 5.670927), (2, 6.494908), (8, 12.47959), (4, 6.029214), (6, 8.539255), (8, 13.351764), (2, 5.64562), (0, 6.527862), (0, 6.795592), (6, 10.339736), (8, 9.942083), (4, 7.624143), (4, 7.458313), (6, 7.273597), (8, 12.479228)]
CONTINUOUS case_12089e0b2f9040bea3d0 17 0.0001 0.00209182054354425 1200 [(0, 1.511), (0, 4.252217), (0, 5.00285), (2, 5.567959), (2, 6.460304), (8, 12.479667), (4, 6.029162), (6, 8.539108), (8, 13.370828), (2, 5.646114), (0, 6.528004), (0, 6.794698), (6, 10.340316), (8, 10.111168), (4, 8.035692), (4, 7.620204), (6, 7.236417), (8, 12.479611)]
CONTINUOUS case_12089e0b2f9040bea3d0 17 1e-06 0.002091820594794245 1200 [(0, 1.511), (0, 4.252217), (0, 5.002851), (2, 5.567988), (2, 6.460336), (8, 12.479667), (4, 6.029162), (6, 8.539108), (8, 13.370836), (2, 5.646114), (0, 6.528004), (0, 6.794699), (6, 10.340338), (8, 10.111405), (4, 8.03567), (4, 7.620683), (6, 7.236405), (8, 12.479612)]
CONTINUOUS case_12089e0b2f9040bea3d0 17 1e-08 0.0020918206040081004 1200 [(0, 1.511), (0, 4.252217), (0, 5.002851), (2, 5.567989), (2, 6.460337), (8, 12.479667), (4, 6.029162), (6, 8.539108), (8, 13.370836), (2, 5.646114), (0, 6.528004), (0, 6.794699), (6, 10.340339), (8, 10.111406), (4, 8.035849), (4, 7.620047), (6, 7.236404), (8, 12.479612)]
CONTINUOUS case_12089e0b2f9040bea3d0 18 0.0001 0.004388805608950892 1200 [(0, 1.511), (0, 4.251228), (0, 4.996325), (2, 5.730924), (2, 6.3643), (8, 12.479253), (4, 6.022948), (6, 8.565375), (8, 13.017664), (2, 5.644063), (0, 6.525846), (0, 6.785849), (6, 10.294224), (8, 9.761489), (4, 8.496876), (4, 6.062647), (6, 8.326574), (8, 12.479234)]
CONTINUOUS case_12089e0b2f9040bea3d0 18 1e-06 0.004382334404835151 1200 [(0, 1.511), (0, 4.251231), (0, 4.996314), (2, 5.73082), (2, 6.364448), (8, 12.479251), (4, 6.022938), (6, 8.565383), (8, 13.021542), (2, 5.644078), (0, 6.525848), (0, 6.785857), (6, 10.295013), (8, 9.761613), (4, 8.49382), (4, 6.062643), (6, 8.326447), (8, 12.479233)]
CONTINUOUS case_12089e0b2f9040bea3d0 18 1e-08 0.004381311495570126 1200 [(0, 1.511), (0, 4.251231), (0, 4.996312), (2, 5.730806), (2, 6.364468), (8, 12.479251), (4, 6.022936), (6, 8.565384), (8, 13.022062), (2, 5.644081), (0, 6.525848), (0, 6.785858), (6, 10.295119), (8, 9.772437), (4, 8.493816), (4, 6.062643), (6, 8.32643), (8, 12.479233)]
CONTINUOUS case_12089e0b2f9040bea3d0 19 0.0001 0.002088849045522645 1200 [(0, 1.511), (0, 4.25188), (0, 5.000972), (2, 5.516781), (2, 6.348955), (8, 12.479341), (4, 6.029118), (6, 8.538954), (8, 13.374938), (2, 5.634943), (0, 6.527682), (0, 6.791958), (6, 10.313226), (8, 10.25481), (4, 7.980557), (4, 6.975313), (6, 7.26403), (8, 12.479326)]
CONTINUOUS case_12089e0b2f9040bea3d0 19 1e-06 0.0020888359336652044 1200 [(0, 1.511), (0, 4.251881), (0, 5.000975), (2, 5.517089), (2, 6.349118), (8, 12.479345), (4, 6.029117), (6, 8.538953), (8, 13.374938), (2, 5.634955), (0, 6.527684), (0, 6.791962), (6, 10.314223), (8, 10.260515), (4, 7.980484), (4, 6.975192), (6, 7.263629), (8, 12.47933)]
CONTINUOUS case_12089e0b2f9040bea3d0 19 1e-08 0.0020888372185482807 1200 [(0, 1.511), (0, 4.251882), (0, 5.000975), (2, 5.517129), (2, 6.349139), (8, 12.479346), (4, 6.029117), (6, 8.538953), (8, 13.374938), (2, 5.634956), (0, 6.527684), (0, 6.791963), (6, 10.314348), (8, 10.260526), (4, 7.97774), (4, 6.975167), (6, 7.263578), (8, 12.479331)]
BEST case_12089e0b2f9040bea3d0 0.0006125210739131169 trace 8.83638993596469 support [0, 16, 26, 37, 40, 41, 44, 53, 62, 63, 64, 65, 68, 81, 82, 87, 90, 95]
STAGE final_improve ALLOWANCE 113.59520990797319
BEST case_12089e0b2f9040bea3d0 0.0006125210739131169 trace 8.83638993596469 support [0, 16, 26, 37, 40, 41, 44, 53, 62, 63, 64, 65, 68, 81, 82, 87, 90, 95]
CONT 0.001 0.033444623168411514
CONT 0.0001 0.04993786847362637
CONT 1e-05 nan
CONT 1e-06 nan
CONT 1e-07 nan
CONT 1e-08 nan
CONT 1e-09 nan
BEST case_12089e0b2f9040bea3d0 0.0006084940122260625 trace 8.836517559724582 support [ 0 16 26 37 40 41 44 62 63 64 65 68 75 82 87 89 90 95]
BEST case_12089e0b2f9040bea3d0 0.0006084939146825526 trace 8.836517560390039 support [ 0 16 26 37 40 41 44 47 62 63 64 65 68 75 82 87 90 95]
BEST case_12089e0b2f9040bea3d0 0.0006056550969120076 trace 8.83655985487708 support [ 0 16 26 37 41 44 47 62 63 64 65 68 70 75 82 87 90 95]
BEST case_12089e0b2f9040bea3d0 0.000569971832430166 trace 8.836666856127536 support [ 0 16 26 37 41 44 47 58 62 63 64 65 68 70 75 87 90 95]
BEST case_12089e0b2f9040bea3d0 0.0005692536394954356 trace 8.836682686641096 support [ 0 16 26 37 38 41 58 59 62 63 64 65 68 70 75 87 90 95]
BEST case_12089e0b2f9040bea3d0 0.0005683681527703264 trace 8.836700704121546 support [ 0 16 26 37 41 58 59 62 63 64 65 68 70 75 86 87 90 95]
BEST case_12089e0b2f9040bea3d0 0.0005673928335607883 trace 8.836719102993369 support [ 0 16 26 37 39 41 58 59 62 63 64 65 68 70 86 87 90 95]
BEST case_12089e0b2f9040bea3d0 0.0005263396904049576 trace 8.83709249351435 support [ 0 16 26 37 39 58 59 62 63 64 65 68 70 71 86 87 90 95]
BEST case_12089e0b2f9040bea3d0 0.0005256297475432506 trace 8.837095430149983 support [ 0 16 26 37 39 52 59 62 63 64 65 68 70 71 86 87 90 95]
BEST case_12089e0b2f9040bea3d0 0.0005256296919272252 trace 8.837095431127436 support [ 0 16 26 37 52 59 62 63 64 65 68 70 71 75 86 87 90 95]
BEST case_12089e0b2f9040bea3d0 0.0005208379121020351 trace 8.837104521739455 support [ 0 16 26 37 40 52 59 62 63 64 65 68 71 75 86 87 90 95]
BEST case_12089e0b2f9040bea3d0 0.0005208376479943329 trace 8.837104527390684 support [ 0 16 26 37 40 52 53 59 62 63 64 65 68 71 75 86 87 90]
BEST case_12089e0b2f9040bea3d0 0.0005208376117285051 trace 8.83710452822926 support [ 0 16 26 37 40 47 52 59 62 63 64 65 68 71 75 86 87 90]
BEST case_12089e0b2f9040bea3d0 0.0005208374299569499 trace 8.837104532079735 support [ 0 16 26 37 40 47 52 59 63 64 65 68 71 74 75 86 87 90]
BEST case_12089e0b2f9040bea3d0 0.0005208373820005461 trace 8.837104533088404 support [ 0 16 26 37 38 40 47 52 59 63 64 65 68 71 74 75 87 90]
BEST case_12089e0b2f9040bea3d0 0.0005162855377758322 trace 8.837136992879836 support [ 0 16 26 37 38 40 47 52 63 64 65 68 71 74 75 87 90 95]
BEST case_12089e0b2f9040bea3d0 0.0005162854532186687 trace 8.837136992366032 support [ 0 16 26 37 38 39 40 47 52 63 64 65 68 71 74 75 90 95]
BEST case_12089e0b2f9040bea3d0 0.0005162852326498683 trace 8.837136993326911 support [ 0 16 26 37 38 39 40 44 47 52 63 64 65 68 71 75 90 95]
BEST case_12089e0b2f9040bea3d0 0.0005162636855553361 trace 8.837136993326911 support [ 0 16 26 37 38 39 40 44 47 52 63 64 65 68 71 75 83 90]
BEST case_12089e0b2f9040bea3d0 0.0005162636855530673 trace 8.837136993326911 support [ 0 16 26 37 38 39 40 44 52 63 64 65 68 71 75 77 83 90]
STAGE_ERROR final_improve StageTimeout stage allowance exhausted
