CONFIG n 4096 checks 384 rank 379 pass 0 groups 4 initial_best 1000
BEST 182: 0 52 193 194 197 198 202 203 204 208 209 210 211 212 214 215 217 218 222 226 231 233 236 237 239 243 244 246 249 252 253 254 406 410 469 476 571 572 705 709 710 712 714 716 718 722 723 724 727 730 731 732 733 734 736 737 738 740 742 743 747 748 750 751 752 753 756 757 760 761 763 765 766 767 777 808 835 868 945 953 1102 1107 1177 1180 1472 1475 1476 1478 1481 1483 1486 1487 1488 1491 1493 1494 1500 1501 1503 1504 1506 1509 1510 1511 1517 1518 1520 1524 1527 1528 1529 1530 1531 1532 1576 1597 1858 1873 1903 1911 2200 2211 2376 2399 2573 2586 2624 2638 2659 2669 2818 2871 3044 3051 3358 3373 3496 3507 3648 3649 3720 3775 3927 3959 3981 4022 4036 4037 4039 4041 4042 4044 4047 4049 4050 4053 4054 4055 4056 4058 4059 4061 4062 4064 4069 4071 4073 4074 4075 4076 4077 4078 4080 4082 4084 4085 4086 4087 4088 4090 4094 4095
BEST 168: 1 52 193 195 197 198 205 207 208 210 212 216 218 220 221 222 224 225 228 230 232 234 236 238 240 241 243 247 253 255 521 572 704 706 709 712 718 722 727 728 729 730 731 732 733 734 735 736 737 738 740 741 743 745 746 749 750 751 752 753 757 759 761 762 766 767 868 892 915 945 1107 1115 1180 1191 1382 1402 1472 1474 1480 1482 1483 1484 1486 1487 1489 1490 1491 1492 1493 1496 1498 1500 1501 1503 1504 1505 1506 1507 1508 1510 1512 1514 1519 1520 1521 1527 1529 1530 1532 1533 1534 1535 1627 1659 1858 1903 2200 2211 2624 2669 2703 2723 2818 2871 3044 3058 3358 3373 3490 3507 3613 3646 3720 3724 3925 3927 3959 3967 3981 4022 4033 4034 4035 4036 4038 4041 4043 4046 4051 4052 4053 4057 4059 4060 4061 4062 4065 4067 4069 4071 4072 4075 4077 4078 4082 4087 4088 4095
BEST 166: 2 52 73 90 193 196 197 201 205 209 212 213 215 216 220 222 223 225 226 228 229 230 231 232 238 243 245 246 247 250 704 707 711 712 713 714 715 718 721 723 724 725 727 731 733 734 740 741 743 745 747 748 749 750 751 752 753 756 759 760 762 765 766 767 777 805 860 892 915 923 1180 1191 1382 1402 1475 1476 1477 1478 1479 1481 1482 1484 1487 1492 1494 1496 1498 1499 1500 1501 1503 1504 1505 1506 1509 1510 1514 1516 1518 1524 1525 1527 1529 1531 1532 1535 1568 1576 1858 1903 2376 2399 2539 2546 2573 2586 2659 2669 2703 2723 2818 2871 3051 3058 3613 3646 3720 3775 3782 3803 3925 3967 3968 4001 4035 4036 4037 4038 4042 4044 4051 4054 4056 4058 4059 4060 4061 4062 4064 4065 4068 4070 4071 4073 4074 4075 4076 4078 4083 4085 4086 4088 4091 4092 4093 4094
BEST 152: 11 52 194 196 197 203 204 205 206 207 208 209 210 212 213 215 222 224 227 231 233 235 239 242 245 249 250 254 406 410 521 572 705 706 707 708 709 711 712 713 721 723 724 728 730 731 732 735 740 744 746 748 751 753 755 756 757 761 762 766 805 808 835 860 868 892 915 923 1177 1180 1382 1402 1472 1473 1475 1476 1482 1484 1489 1491 1492 1493 1495 1496 1497 1498 1499 1500 1503 1504 1505 1507 1509 1514 1517 1520 1521 1522 1525 1531 1533 1535 1546 1568 1576 1597 1750 1763 1858 1873 2200 2211 2573 2586 3044 3050 3269 3317 3490 3496 3613 3646 3925 3967 3968 4001 4032 4033 4035 4039 4040 4043 4050 4052 4053 4055 4056 4060 4062 4068 4070 4071 4074 4075 4076 4077 4078 4083 4086 4090 4091 4094
BEST 146: 48 52 73 90 192 196 197 198 201 202 205 206 209 210 212 215 216 218 222 224 227 232 233 238 239 240 242 244 245 246 248 249 253 254 406 410 571 572 704 705 708 709 711 713 715 716 718 721 723 728 730 732 734 736 737 738 740 741 748 749 750 751 752 753 759 761 763 764 766 767 777 805 1102 1115 1180 1191 1472 1474 1477 1480 1482 1484 1486 1490 1493 1497 1498 1502 1506 1508 1513 1520 1523 1525 1526 1528 1533 1534 1576 1597 1763 1774 1873 1911 2200 2211 2376 2399 2659 2669 3051 3058 3269 3317 3490 3507 3648 3649 3968 3998 4033 4035 4036 4039 4040 4042 4044 4048 4052 4055 4056 4065 4069 4072 4074 4075 4076 4081 4082 4084 4086 4088 4089 4090 4091 4093
BEST 138: 73 90 181 183 195 196 197 199 200 201 202 203 204 208 216 217 219 220 221 222 223 224 229 235 240 245 250 251 252 253 254 255 521 571 707 708 709 711 716 720 721 723 725 729 731 732 733 734 736 738 739 741 742 747 748 749 750 751 752 753 755 756 761 767 1102 1107 1382 1402 1472 1478 1482 1486 1489 1493 1494 1498 1499 1500 1502 1506 1507 1508 1513 1516 1517 1521 1522 1535 1546 1568 1576 1597 1763 1774 1858 1903 2200 2211 2376 2399 2539 2546 2565 2573 2659 2669 3050 3051 3490 3507 3803 3811 3968 4022 4032 4033 4035 4040 4043 4044 4047 4048 4051 4052 4055 4060 4065 4067 4070 4071 4072 4077 4078 4082 4087 4088 4092 4094
BEST 126: 73 90 193 195 196 197 198 199 200 202 203 207 212 213 215 220 221 225 230 231 235 240 243 249 473 476 705 706 711 712 721 722 725 727 730 731 732 733 734 737 743 745 747 748 749 753 755 756 759 760 765 766 915 953 1102 1115 1477 1478 1480 1482 1483 1486 1491 1494 1495 1497 1503 1504 1505 1510 1511 1517 1521 1529 1531 1535 1568 1576 1858 1903 2565 2586 2624 2669 2818 2871 3613 3646 3782 3811 3925 3927 3959 3967 3968 4022 4034 4039 4041 4043 4047 4050 4051 4052 4056 4057 4058 4059 4060 4063 4064 4066 4070 4071 4072 4074 4075 4079 4080 4082 4084 4085 4086 4088 4091 4094
PROGRESS 0 0.0227112 rank 379
BEST 124: 25 43 59 62 274 295 391 410 640 701 763 765 768 769 771 778 780 785 787 789 790 797 799 804 810 815 816 818 822 824 963 965 966 969 975 976 978 980 982 988 991 995 996 997 998 1000 1001 1006 1007 1010 1011 1013 1015 1017 1021 1023 1552 1567 1581 1591 1762 1766 1872 1898 2204 2224 2368 2387 2388 2391 2395 2396 2397 2401 2407 2411 2412 2421 2423 2427 2429 2430 2441 2484 2756 2757 2770 2812 2847 2850 3015 3045 3138 3140 3142 3144 3146 3152 3153 3154 3155 3159 3160 3162 3164 3171 3178 3180 3181 3183 3186 3188 3190 3194 3197 3198 3632 3642 3809 3812 3870 3872 3875 3891
BEST 122: 161 188 193 208 582 606 657 664 961 962 963 964 965 966 967 968 973 975 976 981 982 985 987 989 990 993 1000 1001 1002 1004 1006 1007 1009 1010 1011 1014 1017 1019 1020 1021 1054 1055 1181 1210 1357 1402 1563 1568 1735 1748 1804 1810 1815 1817 1821 1822 1825 1828 1829 1832 1834 1835 1844 1846 1847 1849 1997 2027 2134 2169 2244 2248 2249 2252 2254 2259 2262 2264 2266 2268 2269 2270 2271 2273 2277 2280 2287 2292 2295 2297 2437 2451 2736 2738 2848 2875 3415 3432 3649 3650 3657 3660 3665 3666 3669 3670 3672 3683 3688 3689 3690 3691 3692 3693 3695 3700 3701 3710 3713 3753 3813 3832
BEST 118: 74 95 103 117 273 300 323 364 408 423 481 489 768 772 850 857 897 942 1092 1093 1106 1108 1111 1113 1114 1115 1117 1125 1126 1127 1128 1130 1134 1139 1140 1143 1144 1146 1148 1151 1474 1477 1480 1482 1484 1490 1491 1492 1495 1496 1504 1507 1510 1511 1512 1516 1517 1526 1527 1528 1861 1899 2063 2079 2284 2300 2433 2435 2436 2437 2441 2443 2444 2445 2446 2447 2449 2451 2454 2455 2458 2459 2466 2467 2470 2473 2474 2478 2481 2488 2490 2491 2579 2605 2662 2684 3072 3119 3457 3458 3470 3472 3474 3478 3480 3495 3498 3500 3504 3510 3512 3519 3804 3828 3855 3877 4063 4075
PROGRESS 10 0.12043 rank 379
BEST 114: 57 58 65 124 219 228 261 263 265 267 270 272 275 279 283 285 286 289 290 291 304 305 313 314 315 319 336 373 794 827 960 961 964 968 975 977 982 983 984 985 986 987 988 989 991 993 997 998 1001 1002 1003 1006 1007 1010 1014 1020 1483 1531 1540 1542 1543 1545 1553 1556 1557 1558 1564 1565 1566 1572 1577 1579 1580 1581 1585 1586 1587 1589 1591 1596 1598 1599 1868 1914 1946 1965 2194 2204 2263 2287 2371 2392 2571 2573 2575 2578 2582 2583 2585 2589 2595 2603 2605 2606 2611 2614 2615 2617 3208 3249 3874 3902 3973 3985
PROGRESS 20 0.227162 rank 379
PROGRESS 30 0.300442 rank 379
PROGRESS 40 0.371409 rank 379
PROGRESS 50 0.441921 rank 379
PROGRESS 60 0.514114 rank 379
PROGRESS 70 0.650616 rank 379
PROGRESS 80 0.72843 rank 379
PROGRESS 90 0.805751 rank 379
PROGRESS 100 0.893149 rank 379
PROGRESS 110 0.966766 rank 379
PROGRESS 120 1.05813 rank 379
PROGRESS 130 1.16828 rank 379
BEST 112: 0 1 2 3 10 12 13 14 15 19 23 24 26 27 39 40 41 42 45 46 50 57 106 107 340 353 678 694 845 853 854 867 997 1001 1229 1235 1242 1270 1528 1532 1743 1782 2052 2053 2055 2056 2061 2073 2074 2075 2077 2082 2091 2093 2109 2111 2186 2208 2250 2271 2281 2299 2690 2692 2693 2695 2696 2698 2703 2704 2705 2707 2710 2711 2712 2713 2714 2715 2721 2724 2725 2730 2732 2738 2739 2745 2748 2750 2967 2984 3394 3395 3397 3401 3402 3406 3408 3410 3420 3421 3439 3440 3442 3443 3444 3448 3449 3452 3453 3454 3791 3830
PROGRESS 140 1.30595 rank 379
PROGRESS 150 1.41239 rank 379
PROGRESS 160 1.47998 rank 379
PROGRESS 170 1.53883 rank 379
PROGRESS 180 1.7412 rank 379
PROGRESS 190 1.88732 rank 379
PROGRESS 200 2.14684 rank 379
PROGRESS 210 2.2308 rank 379
BEST 110: 474 496 820 821 832 833 834 836 840 841 843 844 845 847 849 853 857 858 859 861 863 865 866 867 869 874 875 879 882 884 885 886 888 892 894 895 900 901 917 919 924 925 929 933 940 941 942 944 945 947 953 958 1157 1160 1163 1166 1168 1171 1174 1175 1176 1178 1179 1183 1189 1192 1194 1196 1197 1200 1203 1205 1207 1209 1324 1334 1430 1439 1512 1526 1601 1634 2257 2286 2335 2355 2527 2552 2787 2810 2887 2907 3201 3229 3400 3424 3521 3526 3531 3534 3536 3538 3544 3545 3557 3564 3567 3574 3849 3861
PROGRESS 220 2.35406 rank 379
PROGRESS 230 2.42357 rank 379
PROGRESS 240 2.51294 rank 379
PROGRESS 250 2.62266 rank 379
PROGRESS 260 2.69194 rank 379
PROGRESS 270 2.79056 rank 379
PROGRESS 280 2.85587 rank 379
PROGRESS 290 2.93311 rank 379
PROGRESS 300 3.14266 rank 379
PROGRESS 310 3.21826 rank 379
PROGRESS 320 3.31946 rank 379
PROGRESS 330 3.42079 rank 379
PROGRESS 340 3.50407 rank 379
PROGRESS 350 3.57968 rank 379
PROGRESS 360 3.66225 rank 379
PROGRESS 370 3.77237 rank 379
PROGRESS 380 3.92056 rank 379
PROGRESS 390 4.08722 rank 379
PROGRESS 400 4.18929 rank 379
PROGRESS 410 4.28083 rank 379
PROGRESS 420 4.37149 rank 379
BEST 108: 2 8 9 16 19 26 32 33 36 45 46 48 50 51 53 58 97 115 201 233 365 369 724 754 1422 1434 1601 1603 1606 1609 1616 1619 1620 1625 1627 1629 1631 1634 1635 1639 1640 1641 1644 1645 1647 1650 1651 1654 1656 1659 1858 1859 1860 1863 1869 1870 1874 1875 1876 1878 1880 1882 1883 1886 1888 1891 1892 1894 1895 1896 1904 1905 1908 1909 1911 1915 1916 1918 2131 2143 2668 2676 2790 2815 3012 3013 3014 3018 3019 3021 3025 3028 3033 3035 3038 3040 3041 3045 3050 3051 3060 3061 3062 3071 3283 3323 3844 3890
PROGRESS 430 4.43477 rank 379
PROGRESS 440 4.57388 rank 379
PROGRESS 450 4.65729 rank 379
PROGRESS 460 4.7266 rank 379
PROGRESS 470 4.79808 rank 379
PROGRESS 480 4.93983 rank 379
PROGRESS 490 5.067 rank 379
PROGRESS 500 5.13925 rank 379
PROGRESS 510 5.21577 rank 379
PROGRESS 520 5.2739 rank 379
PROGRESS 530 5.3449 rank 379
PROGRESS 540 5.45955 rank 379
PROGRESS 550 5.55962 rank 379
PROGRESS 560 5.61711 rank 379
PROGRESS 570 5.68435 rank 379
PROGRESS 580 5.74839 rank 379
PROGRESS 590 5.81284 rank 379
PROGRESS 600 5.88066 rank 379
PROGRESS 610 5.94743 rank 379
PROGRESS 620 6.01454 rank 379
PROGRESS 630 6.11003 rank 379
PROGRESS 640 6.21972 rank 379
PROGRESS 650 6.32588 rank 379
PROGRESS 660 6.39865 rank 379
PROGRESS 670 6.46666 rank 379
PROGRESS 680 6.52501 rank 379
PROGRESS 690 6.58736 rank 379
PROGRESS 700 6.65132 rank 379
PROGRESS 710 6.7132 rank 379
PROGRESS 720 6.78598 rank 379
PROGRESS 730 6.85127 rank 379
PROGRESS 740 6.91369 rank 379
PROGRESS 750 6.97512 rank 379
PROGRESS 760 7.03836 rank 379
PROGRESS 770 7.1126 rank 379
PROGRESS 780 7.25352 rank 379
PROGRESS 790 7.34987 rank 379
PROGRESS 800 7.41551 rank 379
PROGRESS 810 7.48863 rank 379
PROGRESS 820 7.56141 rank 379
PROGRESS 830 7.63386 rank 379
PROGRESS 840 7.76418 rank 379
PROGRESS 850 7.8175 rank 379
PROGRESS 860 7.92727 rank 379
PROGRESS 870 8.0445 rank 379
PROGRESS 880 8.14829 rank 379
PROGRESS 890 8.20626 rank 379
PROGRESS 900 8.2647 rank 379
PROGRESS 910 8.33335 rank 379
PROGRESS 920 8.48622 rank 379
PROGRESS 930 8.55313 rank 379
PROGRESS 940 8.61979 rank 379
PROGRESS 950 8.7116 rank 379
PROGRESS 960 9.03177 rank 379
PROGRESS 970 9.08915 rank 379
PROGRESS 980 9.1382 rank 379
PROGRESS 990 9.18031 rank 379
PROGRESS 1000 9.22663 rank 379
PROGRESS 1010 9.2723 rank 379
PROGRESS 1020 9.33292 rank 379
PROGRESS 1030 9.39748 rank 379
PROGRESS 1040 9.46311 rank 379
PROGRESS 1050 9.52882 rank 379
PROGRESS 1060 9.59466 rank 379
PROGRESS 1070 9.65427 rank 379
PROGRESS 1080 9.71206 rank 379
PROGRESS 1090 9.78163 rank 379
PROGRESS 1100 9.85302 rank 379
PROGRESS 1110 9.92147 rank 379
PROGRESS 1120 9.98564 rank 379
PROGRESS 1130 10.0504 rank 379
PROGRESS 1140 10.1145 rank 379
PROGRESS 1150 10.1801 rank 379
PROGRESS 1160 10.242 rank 379
PROGRESS 1170 10.3049 rank 379
PROGRESS 1180 10.3678 rank 379
PROGRESS 1190 10.4345 rank 379
PROGRESS 1200 10.5022 rank 379
PROGRESS 1210 10.5655 rank 379
PROGRESS 1220 10.6265 rank 379
PROGRESS 1230 10.6939 rank 379
PROGRESS 1240 10.7618 rank 379
PROGRESS 1250 10.8254 rank 379
PROGRESS 1260 10.8964 rank 379
PROGRESS 1270 10.96 rank 379
PROGRESS 1280 11.0249 rank 379
PROGRESS 1290 11.0906 rank 379
PROGRESS 1300 11.1575 rank 379
PROGRESS 1310 11.2263 rank 379
PROGRESS 1320 11.2937 rank 379
PROGRESS 1330 11.3572 rank 379
PROGRESS 1340 11.4268 rank 379
PROGRESS 1350 11.4945 rank 379
PROGRESS 1360 11.5592 rank 379
PROGRESS 1370 11.6279 rank 379
PROGRESS 1380 11.6952 rank 379
PROGRESS 1390 11.7743 rank 379
PROGRESS 1400 11.8486 rank 379
PROGRESS 1410 11.9259 rank 379
PROGRESS 1420 11.9986 rank 379
PROGRESS 1430 12.0647 rank 379
PROGRESS 1440 12.1385 rank 379
PROGRESS 1450 12.2129 rank 379
PROGRESS 1460 12.2934 rank 379
PROGRESS 1470 12.3646 rank 379
PROGRESS 1480 12.4384 rank 379
PROGRESS 1490 12.5089 rank 379
PROGRESS 1500 12.5817 rank 379
PROGRESS 1510 12.6556 rank 379
PROGRESS 1520 12.7266 rank 379
PROGRESS 1530 12.8082 rank 379
PROGRESS 1540 12.888 rank 379
PROGRESS 1550 12.9656 rank 379
PROGRESS 1560 13.0445 rank 379
PROGRESS 1570 13.1272 rank 379
PROGRESS 1580 13.2056 rank 379
PROGRESS 1590 13.2807 rank 379
PROGRESS 1600 13.3572 rank 379
PROGRESS 1610 13.4307 rank 379
PROGRESS 1620 13.5046 rank 379
PROGRESS 1630 13.5765 rank 379
PROGRESS 1640 13.651 rank 379
PROGRESS 1650 13.73 rank 379
PROGRESS 1660 13.801 rank 379
PROGRESS 1670 13.8686 rank 379
PROGRESS 1680 13.9737 rank 379
PROGRESS 1690 14.1023 rank 379
PROGRESS 1700 14.2129 rank 379
PROGRESS 1710 14.2977 rank 379
PROGRESS 1720 14.3902 rank 379
PROGRESS 1730 14.6046 rank 379
PROGRESS 1740 14.6679 rank 379
PROGRESS 1750 14.7408 rank 379
PROGRESS 1760 14.7987 rank 379
PROGRESS 1770 14.8925 rank 379
PROGRESS 1780 14.9837 rank 379
PROGRESS 1790 15.0505 rank 379
PROGRESS 1800 15.1217 rank 379
PROGRESS 1810 15.1979 rank 379
PROGRESS 1820 15.2488 rank 379
PROGRESS 1830 15.3008 rank 379
PROGRESS 1840 15.3656 rank 379
PROGRESS 1850 15.5074 rank 379
PROGRESS 1860 15.5724 rank 379
PROGRESS 1870 15.6996 rank 379
PROGRESS 1880 15.7654 rank 379
PROGRESS 1890 15.8366 rank 379
PROGRESS 1900 15.9358 rank 379
PROGRESS 1910 16.0428 rank 379
PROGRESS 1920 16.1451 rank 379
PROGRESS 1930 16.2385 rank 379
PROGRESS 1940 16.3009 rank 379
PROGRESS 1950 16.3985 rank 379
PROGRESS 1960 16.467 rank 379
PROGRESS 1970 16.5589 rank 379
PROGRESS 1980 16.73 rank 379
PROGRESS 1990 16.7992 rank 379
PROGRESS 2000 16.8979 rank 379
PROGRESS 2010 16.9815 rank 379
PROGRESS 2020 17.0529 rank 379
PROGRESS 2030 17.1408 rank 379
PROGRESS 2040 17.2341 rank 379
PROGRESS 2050 17.3184 rank 379
PROGRESS 2060 17.4142 rank 379
PROGRESS 2070 17.4871 rank 379
PROGRESS 2080 17.59 rank 379
PROGRESS 2090 17.717 rank 379
PROGRESS 2100 17.8141 rank 379
PROGRESS 2110 17.9389 rank 379
PROGRESS 2120 18.0545 rank 379
PROGRESS 2130 18.1309 rank 379
PROGRESS 2140 18.1844 rank 379
PROGRESS 2150 18.2899 rank 379
PROGRESS 2160 18.3567 rank 379
PROGRESS 2170 18.4463 rank 379
PROGRESS 2180 18.5603 rank 379
PROGRESS 2190 18.6632 rank 379
PROGRESS 2200 18.7671 rank 379
PROGRESS 2210 18.8407 rank 379
PROGRESS 2220 18.9158 rank 379
BEST 104: 2 3 7 8 9 10 11 12 13 15 16 24 27 29 31 33 41 45 47 52 53 58 60 61 256 262 263 265 266 269 271 287 288 292 296 304 307 308 309 310 311 313 318 319 640 685 715 765 962 969 974 981 982 983 985 990 998 1001 1003 1004 1011 1023 1091 1121 1288 1292 1390 1393 1669 1709 2051 2056 2061 2066 2070 2072 2073 2078 2080 2081 2085 2087 2088 2089 2090 2092 2095 2097 2102 2103 2104 2106 2110 2111 2310 2344 2413 2428 2973 2976 3393 3413 3587 3592
PROGRESS 2230 19.0804 rank 379
PROGRESS 2240 19.1857 rank 379
PROGRESS 2250 19.2828 rank 379
PROGRESS 2260 19.3695 rank 379
PROGRESS 2270 19.4765 rank 379
PROGRESS 2280 19.5478 rank 379
PROGRESS 2290 19.6356 rank 379
PROGRESS 2300 19.7002 rank 379
PROGRESS 2310 19.7868 rank 379
PROGRESS 2320 19.857 rank 379
PROGRESS 2330 19.9482 rank 379
PROGRESS 2340 20.0484 rank 379
PROGRESS 2350 20.1787 rank 379
PROGRESS 2360 20.4254 rank 379
PROGRESS 2370 20.4807 rank 379
PROGRESS 2380 20.5491 rank 379
PROGRESS 2390 20.6496 rank 379
PROGRESS 2400 20.8587 rank 379
PROGRESS 2410 20.9425 rank 379
PROGRESS 2420 21.0043 rank 379
PROGRESS 2430 21.0521 rank 379
PROGRESS 2440 21.1052 rank 379
PROGRESS 2450 21.1534 rank 379
PROGRESS 2460 21.2059 rank 379
PROGRESS 2470 21.2663 rank 379
PROGRESS 2480 21.322 rank 379
PROGRESS 2490 21.403 rank 379
PROGRESS 2500 21.4726 rank 379
PROGRESS 2510 21.5862 rank 379
PROGRESS 2520 21.656 rank 379
PROGRESS 2530 21.7164 rank 379
PROGRESS 2540 21.7947 rank 379
PROGRESS 2550 21.885 rank 379
PROGRESS 2560 21.9564 rank 379
PROGRESS 2570 22.0118 rank 379
PROGRESS 2580 22.1274 rank 379
PROGRESS 2590 22.2443 rank 379
PROGRESS 2600 22.2971 rank 379
PROGRESS 2610 22.3456 rank 379
PROGRESS 2620 22.3916 rank 379
PROGRESS 2630 22.443 rank 379
PROGRESS 2640 22.4969 rank 379
PROGRESS 2650 22.5484 rank 379
PROGRESS 2660 22.5956 rank 379
PROGRESS 2670 22.6577 rank 379
PROGRESS 2680 22.7324 rank 379
PROGRESS 2690 22.7965 rank 379
PROGRESS 2700 22.8723 rank 379
PROGRESS 2710 22.9381 rank 379
PROGRESS 2720 22.9892 rank 379
PROGRESS 2730 23.0449 rank 379
PROGRESS 2740 23.1097 rank 379
PROGRESS 2750 23.1714 rank 379
PROGRESS 2760 23.2274 rank 379
PROGRESS 2770 23.2715 rank 379
PROGRESS 2780 23.3195 rank 379
PROGRESS 2790 23.383 rank 379
PROGRESS 2800 23.4546 rank 379
PROGRESS 2810 23.5295 rank 379
PROGRESS 2820 23.5977 rank 379
PROGRESS 2830 23.6869 rank 379
PROGRESS 2840 23.8193 rank 379
PROGRESS 2850 23.9343 rank 379
PROGRESS 2860 24.0388 rank 379
PROGRESS 2870 24.1675 rank 379
PROGRESS 2880 24.3279 rank 379
PROGRESS 2890 24.4742 rank 379
PROGRESS 2900 24.6294 rank 379
PROGRESS 2910 24.7046 rank 379
PROGRESS 2920 24.7743 rank 379
PROGRESS 2930 24.8456 rank 379
PROGRESS 2940 24.9329 rank 379
PROGRESS 2950 25.0306 rank 379
PROGRESS 2960 25.0829 rank 379
PROGRESS 2970 25.1393 rank 379
PROGRESS 2980 25.2063 rank 379
PROGRESS 2990 25.3126 rank 379
PROGRESS 3000 25.3983 rank 379
PROGRESS 3010 25.4683 rank 379
PROGRESS 3020 25.5463 rank 379
PROGRESS 3030 25.5975 rank 379
PROGRESS 3040 25.6518 rank 379
PROGRESS 3050 25.7007 rank 379
PROGRESS 3060 25.7909 rank 379
PROGRESS 3070 25.8696 rank 379
PROGRESS 3080 25.9377 rank 379
PROGRESS 3090 26.0168 rank 379
PROGRESS 3100 26.0781 rank 379
PROGRESS 3110 26.1427 rank 379
PROGRESS 3120 26.2145 rank 379
PROGRESS 3130 26.2769 rank 379
PROGRESS 3140 26.3526 rank 379
PROGRESS 3150 26.4331 rank 379
PROGRESS 3160 26.5173 rank 379
PROGRESS 3170 26.7236 rank 379
PROGRESS 3180 26.9189 rank 379
PROGRESS 3190 27.0095 rank 379
PROGRESS 3200 27.1116 rank 379
PROGRESS 3210 27.1595 rank 379
PROGRESS 3220 27.2131 rank 379
PROGRESS 3230 27.2581 rank 379
PROGRESS 3240 27.3702 rank 379
PROGRESS 3250 27.427 rank 379
PROGRESS 3260 27.4766 rank 379
PROGRESS 3270 27.5334 rank 379
PROGRESS 3280 27.5953 rank 379
PROGRESS 3290 27.6821 rank 379
PROGRESS 3300 27.7733 rank 379
PROGRESS 3310 27.8616 rank 379
PROGRESS 3320 27.916 rank 379
PROGRESS 3330 27.9727 rank 379
PROGRESS 3340 28.0434 rank 379
PROGRESS 3350 28.101 rank 379
PROGRESS 3360 28.238 rank 379
PROGRESS 3370 28.2899 rank 379
PROGRESS 3380 28.3547 rank 379
PROGRESS 3390 28.4253 rank 379
PROGRESS 3400 28.4781 rank 379
PROGRESS 3410 28.5282 rank 379
PROGRESS 3420 28.58 rank 379
PROGRESS 3430 28.6408 rank 379
PROGRESS 3440 28.6937 rank 379
PROGRESS 3450 28.7504 rank 379
PROGRESS 3460 28.7978 rank 379
PROGRESS 3470 28.8601 rank 379
PROGRESS 3480 28.9131 rank 379
PROGRESS 3490 28.9744 rank 379
PROGRESS 3500 29.0356 rank 379
PROGRESS 3510 29.0899 rank 379
PROGRESS 3520 29.1593 rank 379
PROGRESS 3530 29.235 rank 379
PROGRESS 3540 29.3068 rank 379
PROGRESS 3550 29.3818 rank 379
PROGRESS 3560 29.4625 rank 379
PROGRESS 3570 29.5321 rank 379
PROGRESS 3580 29.6074 rank 379
PROGRESS 3590 29.6832 rank 379
PROGRESS 3600 29.7578 rank 379
PROGRESS 3610 29.8316 rank 379
PROGRESS 3620 29.9011 rank 379
PROGRESS 3630 29.9752 rank 379
END trials 3635 elapsed 30.0043
