STAGE legacy_seed ALLOWANCE 3.0
seed scan_01_00 1e-07 [(0, 0.8055866), (36, 0.7512559), (1, 0.5918573), (51, 0.5511548), (64, 0.3675347), (78, 0.2478922), (55, 0.2242376), (31, 0.1466844), (30, 0.1375729), (29, 0.1217805), (54, 0.1156977), (41, 0.1094632), (28, 0.1074947), (57, 0.1047156), (27, 0.096307), (15, 0.0880082), (16, 0.0877295), (48, 0.087151), (72, 0.0866341), (26, 0.0863401), (14, 0.085366), (17, 0.0840578), (13, 0.0812098)]
scan_01_00 best 0.00030374188042173574 trace 7.078914895116686 support [0, 1, 15, 16, 27, 28, 29, 30, 31, 36, 41, 48, 51, 54, 55, 57, 64, 78]
seed scan_01_00 1e-09 [(0, 0.8055866), (36, 0.7512559), (1, 0.5918573), (51, 0.5511548), (64, 0.3675347), (78, 0.2478922), (55, 0.2242376), (31, 0.1466844), (30, 0.1375729), (29, 0.1217805), (54, 0.1156977), (41, 0.1094632), (28, 0.1074947), (57, 0.1047156), (27, 0.096307), (15, 0.0880082), (16, 0.0877295), (48, 0.087151), (72, 0.0866341), (26, 0.0863401), (14, 0.085366), (17, 0.0840578), (13, 0.0812098)]
seed scan_01_00 1e-05 [(0, 0.8055866), (36, 0.7512559), (1, 0.5918573), (51, 0.5511548), (64, 0.3675347), (78, 0.2478922), (55, 0.2242376), (31, 0.1466844), (30, 0.1375729), (29, 0.1217805), (54, 0.1156977), (41, 0.1094632), (28, 0.1074947), (57, 0.1047156), (27, 0.096307), (15, 0.0880082), (16, 0.0877295), (48, 0.087151), (72, 0.0866341), (26, 0.0863401), (14, 0.085366), (17, 0.0840578), (13, 0.0812098)]
seed scan_01_00 1e-11 [(0, 0.8055866), (36, 0.7512559), (1, 0.5918573), (51, 0.5511548), (64, 0.3675347), (78, 0.2478922), (55, 0.2242376), (31, 0.1466844), (30, 0.1375729), (29, 0.1217805), (54, 0.1156977), (41, 0.1094632), (28, 0.1074947), (57, 0.1047156), (27, 0.096307), (15, 0.0880082), (16, 0.0877295), (48, 0.087151), (72, 0.0866341), (26, 0.0863401), (14, 0.085366), (17, 0.0840578), (13, 0.0812098)]
seed scan_01_00 0.001 [(0, 0.8055644), (51, 0.5456518), (1, 0.5158105), (64, 0.3091089), (36, 0.2292727), (61, 0.2174833), (79, 0.2151343), (78, 0.2121717), (28, 0.1909615), (55, 0.1707235), (25, 0.1656038), (29, 0.1593228), (91, 0.136298), (27, 0.1305689), (41, 0.1113563), (57, 0.1101086), (30, 0.1017936), (3, 0.0891476), (31, 0.0883041), (5, 0.0862204), (72, 0.0858774), (7, 0.0854737), (48, 0.0853291)]
seed scan_01_00 1e-13 [(0, 0.8055866), (36, 0.7512559), (1, 0.5918573), (51, 0.5511548), (64, 0.3675347), (78, 0.2478922), (55, 0.2242376), (31, 0.1466844), (30, 0.1375729), (29, 0.1217805), (54, 0.1156977), (41, 0.1094632), (28, 0.1074947), (57, 0.1047156), (27, 0.096307), (15, 0.0880082), (16, 0.0877295), (48, 0.087151), (72, 0.0866341), (26, 0.0863401), (14, 0.085366), (17, 0.0840578), (13, 0.0812098)]
seed scan_01_00 1.0 [(61, 0.785691), (0, 0.6611636), (1, 0.5974137), (51, 0.5468194), (91, 0.3069555), (79, 0.2997426), (41, 0.2772952), (77, 0.1672886), (71, 0.1666058), (95, 0.1665571), (83, 0.1664545), (89, 0.1663825), (47, 0.1663682), (53, 0.166166), (65, 0.1661149), (59, 0.1660681), (70, 0.165946), (82, 0.13741), (36, 0.1259791), (34, 0.119606), (9, 0.1173048), (8, 0.1131574), (64, 0.1102522)]
BEST scan_01_00 0.00030374188042173574 trace 7.078914895116686 support [0, 1, 15, 16, 27, 28, 29, 30, 31, 36, 41, 48, 51, 54, 55, 57, 64, 78]
STAGE whitened_seed ALLOWANCE 9.0
BEST scan_01_00 0.00030374188042173574 trace 7.078914895116686 support [0, 1, 15, 16, 27, 28, 29, 30, 31, 36, 41, 48, 51, 54, 55, 57, 64, 78]
SEED scan_01_00 1e-07 [(27, 1.1725916283491697), (7, 1.0644813860592421), (36, 1.0290835836561523), (0, 0.8061196460721689), (1, 0.5645866734342033), (17, 0.508325254635338), (51, 0.4477380971483678), (64, 0.43408798879607685), (66, 0.3785189356070468), (91, 0.28536495778863524), (41, 0.11279245649286677), (69, 0.10938984099646777), (57, 0.10563915781847129), (35, 0.054326599960417034), (70, 0.0013445315259763171), (95, 0.0008423219966024274)]
BEST scan_01_00 4.529921996769086e-06 trace 7.075789612617185 support [ 0  1  7 17 27 35 36 41 51 53 57 59 64 66 69 70 91 95]
BEST scan_01_00 4.510450468397931e-06 trace 7.075795789310265 support [ 0  1  7 17 27 35 36 41 51 53 57 59 64 66 69 70 91 95]
BEST scan_01_00 4.510433379382543e-06 trace 7.075795792555433 support [ 0  1  7 17 27 35 36 41 51 53 57 59 64 66 69 70 91 95]
SEED scan_01_00 1e-09 [(27, 1.1725916283491697), (7, 1.0644813860592421), (36, 1.0290835836561523), (0, 0.8061196460721689), (1, 0.5645866734342033), (17, 0.508325254635338), (51, 0.4477380971483678), (64, 0.43408798879607685), (66, 0.3785189356070468), (91, 0.28536495778863524), (41, 0.11279245649286677), (69, 0.10938984099646777), (57, 0.10563915781847129), (35, 0.054326599960417034), (70, 0.0013445315259763171), (95, 0.0008423219966024274)]
SEED scan_01_00 1e-11 [(27, 1.1725916283491697), (7, 1.0644813860592421), (36, 1.0290835836561523), (0, 0.8061196460721689), (1, 0.5645866734342033), (17, 0.508325254635338), (51, 0.4477380971483678), (64, 0.43408798879607685), (66, 0.3785189356070468), (91, 0.28536495778863524), (41, 0.11279245649286677), (69, 0.10938984099646777), (57, 0.10563915781847129), (35, 0.054326599960417034), (70, 0.0013445315259763171), (95, 0.0008423219966024274)]
SEED scan_01_00 1e-05 [(27, 1.1725916283491697), (7, 1.0644813860592421), (36, 1.0290835836561523), (0, 0.8061196460721689), (1, 0.5645866734342033), (17, 0.508325254635338), (51, 0.4477380971483678), (64, 0.43408798879607685), (66, 0.3785189356070468), (91, 0.28536495778863524), (41, 0.11279245649286677), (69, 0.10938984099646777), (57, 0.10563915781847129), (35, 0.054326599960417034), (70, 0.0013445315259763171), (95, 0.0008423219966024274)]
SEED scan_01_00 1e-13 [(27, 1.1725916283491697), (7, 1.0644813860592421), (36, 1.0290835836561523), (0, 0.8061196460721689), (1, 0.5645866734342033), (17, 0.508325254635338), (51, 0.4477380971483678), (64, 0.43408798879607685), (66, 0.3785189356070468), (91, 0.28536495778863524), (41, 0.11279245649286677), (69, 0.10938984099646777), (57, 0.10563915781847129), (35, 0.054326599960417034), (70, 0.0013445315259763171), (95, 0.0008423219966024274)]
SEED scan_01_00 1e-06 [(27, 1.1725916283491697), (7, 1.0644813860592421), (36, 1.0290835836561523), (0, 0.8061196460721689), (1, 0.5645866734342033), (17, 0.508325254635338), (51, 0.4477380971483678), (64, 0.43408798879607685), (66, 0.3785189356070468), (91, 0.28536495778863524), (41, 0.11279245649286677), (69, 0.10938984099646777), (57, 0.10563915781847129), (35, 0.054326599960417034), (70, 0.0013445315259763171), (95, 0.0008423219966024274)]
SEED scan_01_00 1e-08 [(27, 1.1725916283491697), (7, 1.0644813860592421), (36, 1.0290835836561523), (0, 0.8061196460721689), (1, 0.5645866734342033), (17, 0.508325254635338), (51, 0.4477380971483678), (64, 0.43408798879607685), (66, 0.3785189356070468), (91, 0.28536495778863524), (41, 0.11279245649286677), (69, 0.10938984099646777), (57, 0.10563915781847129), (35, 0.054326599960417034), (70, 0.0013445315259763171), (95, 0.0008423219966024274)]
SEED scan_01_00 1e-10 [(27, 1.1725916283491697), (7, 1.0644813860592421), (36, 1.0290835836561523), (0, 0.8061196460721689), (1, 0.5645866734342033), (17, 0.508325254635338), (51, 0.4477380971483678), (64, 0.43408798879607685), (66, 0.3785189356070468), (91, 0.28536495778863524), (41, 0.11279245649286677), (69, 0.10938984099646777), (57, 0.10563915781847129), (35, 0.054326599960417034), (70, 0.0013445315259763171), (95, 0.0008423219966024274)]
BEST scan_01_00 4.4965007654311035e-06 trace 7.075789621059258 support [ 0  1  7 17 27 35 36 41 51 53 57 59 64 66 69 70 91 95]
CONT 0.001 0.00012803461788649383
CONT 0.0001 0.00021525556916820576
STAGE_ERROR whitened_seed StageTimeout stage allowance exhausted
BEST scan_01_00 4.4965007654311035e-06 trace 7.075789621059258 support [0, 1, 7, 17, 27, 35, 36, 41, 51, 53, 57, 59, 64, 66, 69, 70, 91, 95]
STAGE discrete_improve ALLOWANCE 9.0
BEST scan_01_00 4.4965007654311035e-06 trace 7.075789621059258 support [0, 1, 7, 17, 27, 35, 36, 41, 51, 53, 57, 59, 64, 66, 69, 70, 91, 95]
CONT 0.001 0.00012803077152805415
CONT 0.0001 0.00021525556917672748
BEST scan_01_00 4.4851430845242275e-06 trace 7.07579923828336 support [ 0  1  7 17 27 35 36 41 51 53 57 59 64 66 69 70 91 95]
CONT 1e-05 0.00022089060271737545
CONT 1e-06 0.00022090559284348687
CONT 1e-07 0.00022090559284617626
CONT 1e-08 0.00022090559284653863
CONT 1e-09 0.00022090559284098708
BEST scan_01_00 3.747912230567252e-06 trace 7.075789234512247 support [ 0  1  7 27 35 36 41 48 51 53 57 59 64 66 69 70 91 95]
BEST scan_01_00 3.7272583865618123e-06 trace 7.075785323153364 support [ 0  1  7 27 35 36 41 48 51 53 57 59 64 66 69 70 83 91]
BEST scan_01_00 1.4463651336800907e-06 trace 7.075785765413409 support [ 0  1  7 22 27 35 36 41 51 53 57 59 64 69 70 72 83 91]
BEST scan_01_00 8.112665090635278e-07 trace 7.075783540858017 support [ 0  1  7 22 25 35 36 41 51 53 57 59 64 69 70 72 83 91]
BEST scan_01_00 6.432292574502323e-07 trace 7.07578371106845 support [ 0  1  7 22 25 35 36 41 47 51 57 59 64 69 70 72 83 91]
BEST scan_01_00 6.320216073644562e-07 trace 7.075783403059209 support [ 0  1  7 22 25 35 36 41 47 51 57 59 64 70 72 83 91 93]
BEST scan_01_00 4.609947723049347e-07 trace 7.075780587726483 support [ 0  1  7 22 25 35 36 41 47 51 57 59 64 72 76 83 91 93]
STAGE_ERROR discrete_improve StageTimeout stage allowance exhausted
BEST scan_01_00 4.609947723049347e-07 trace 7.075780587726483 support [0, 1, 7, 22, 25, 35, 36, 41, 47, 51, 57, 59, 64, 72, 76, 83, 91, 93]
STAGE continuous ALLOWANCE 39.86766363703646
BEST scan_01_00 4.609947723049347e-07 trace 7.075780587726483 support [ 0  1  7 22 25 35 36 41 47 51 57 59 64 72 76 83 91 93]
CONTINUOUS scan_01_00 0 0.0001 8.33168161958516e-05 1200 [(0, 1.511), (0, 3.090611), (0, 3.431428), (0, 4.304556), (0, 4.485439), (0, 5.060379), (0, 5.642909), (8, 12.986506), (8, 11.994853), (4, 7.01191), (4, 7.745895), (8, 10.338549), (6, 8.476403), (0, 3.888298), (6, 10.460388), (8, 12.427991), (0, 5.305867), (4, 8.08817)]
CONTINUOUS scan_01_00 0 1e-06 0.00010898936581867544 1200 [(0, 1.511), (0, 3.090757), (0, 3.431385), (0, 4.304439), (0, 4.485342), (0, 5.060564), (0, 5.643034), (8, 12.986514), (8, 11.995915), (4, 7.011914), (4, 7.745335), (8, 10.33849), (6, 8.476412), (0, 3.888967), (6, 10.623948), (8, 12.432464), (0, 5.305658), (4, 8.095583)]
CONTINUOUS scan_01_00 0 1e-08 0.00010887711118734433 1200 [(0, 1.511), (0, 3.090761), (0, 3.431385), (0, 4.304436), (0, 4.485341), (0, 5.060569), (0, 5.643036), (8, 12.986514), (8, 11.996211), (4, 7.011913), (4, 7.74533), (8, 10.338489), (6, 8.476413), (0, 3.88898), (6, 10.627452), (8, 12.432621), (0, 5.305649), (4, 8.095639)]
CONTINUOUS scan_01_00 1 0.0001 0.00018423114968820395 1200 [(0, 1.511), (0, 3.098683), (0, 3.437271), (0, 4.31757), (0, 4.49288), (0, 5.184763), (0, 5.639389), (8, 12.986545), (8, 11.681661), (4, 7.012047), (4, 7.744724), (8, 10.660721), (6, 8.476442), (0, 3.933469), (6, 10.173551), (8, 12.220254), (0, 4.555295), (4, 8.933149)]
CONTINUOUS scan_01_00 1 1e-06 0.0002033583308834001 1200 [(0, 1.511), (0, 3.098683), (0, 3.437279), (0, 4.317564), (0, 4.492882), (0, 5.184778), (0, 5.639418), (8, 12.986545), (8, 11.681669), (4, 7.012059), (4, 7.744717), (8, 10.661386), (6, 8.476446), (0, 3.933568), (6, 10.183253), (8, 12.220263), (0, 4.555316), (4, 8.933141)]
CONTINUOUS scan_01_00 1 1e-08 0.0002035722673130828 1200 [(0, 1.511), (0, 3.098683), (0, 3.437279), (0, 4.317564), (0, 4.492883), (0, 5.184779), (0, 5.639418), (8, 12.986545), (8, 11.681661), (4, 7.012059), (4, 7.744717), (8, 10.661391), (6, 8.476446), (0, 3.93357), (6, 10.18365), (8, 12.220263), (0, 4.555318), (4, 8.933141)]
CONTINUOUS scan_01_00 2 0.0001 4.9599249537142974e-05 1200 [(0, 1.511), (0, 3.091685), (0, 3.434095), (0, 4.33408), (0, 4.471914), (0, 5.007732), (0, 5.636102), (8, 12.986546), (8, 12.515033), (4, 7.012275), (4, 7.747483), (8, 10.547078), (6, 8.476399), (0, 3.861512), (6, 10.510606), (8, 12.408702), (0, 5.358053), (4, 6.948658)]
STAGE_ERROR continuous StageTimeout stage allowance exhausted
BEST scan_01_00 4.609947723049347e-07 trace 7.075780587726483 support [0, 1, 7, 22, 25, 35, 36, 41, 47, 51, 57, 59, 64, 72, 76, 83, 91, 93]
