SETUP 48 compressed_spectrum rank 44 freedom 40 reference_tc 82.83779564640551
/usr/lib/python3/dist-packages/scipy/optimize/_optimize.py:284: RuntimeWarning: Values in x were outside bounds during a minimize step, clipping to bounds
  warnings.warn("Values in x were outside bounds during a "
MIN 25 78.97223653945623
MIN 50 78.69031081039809
MIN 75 78.61565242856769
MIN_RESULT True Optimization terminated successfully calls 83 tc 78.60658670912554
WITNESS {"start": 0, "low_tc": 78.60658670912554, "high_tc": 88.39641122584833, "ratio": 1.1245420380985234, "iterations": 2, "elapsed_seconds": 2.2403643899597228}
WITNESS {"start": 1, "low_tc": 78.60658670912554, "high_tc": 88.39641122584833, "ratio": 1.1245420380985234, "iterations": 2, "elapsed_seconds": 2.3246665579499677}
WITNESS {"start": 2, "low_tc": 78.60658670912554, "high_tc": 88.39641122584833, "ratio": 1.1245420380985234, "iterations": 2, "elapsed_seconds": 2.406941125052981}
WITNESS {"start": 3, "low_tc": 78.60658670912554, "high_tc": 88.39641122584833, "ratio": 1.1245420380985234, "iterations": 2, "elapsed_seconds": 2.4793136400403455}
WITNESS {"start": 4, "low_tc": 78.60658670912554, "high_tc": 88.39641122584833, "ratio": 1.1245420380985234, "iterations": 2, "elapsed_seconds": 2.551459309994243}
WITNESS {"start": 5, "low_tc": 78.60658670912554, "high_tc": 88.39641122584838, "ratio": 1.124542038098524, "iterations": 1, "elapsed_seconds": 2.6711150590563193}
WITNESS {"start": 6, "low_tc": 78.60658670912554, "high_tc": 88.39641122584838, "ratio": 1.124542038098524, "iterations": 2, "elapsed_seconds": 2.7945420739706606}
WITNESS {"start": 7, "low_tc": 78.60658670912554, "high_tc": 88.39641122584838, "ratio": 1.124542038098524, "iterations": 2, "elapsed_seconds": 2.8545817480189726}
WITNESS {"start": 8, "low_tc": 78.60658670912554, "high_tc": 88.39641122584838, "ratio": 1.124542038098524, "iterations": 2, "elapsed_seconds": 2.9061334680300206}
WITNESS {"start": 9, "low_tc": 78.60658670912554, "high_tc": 88.39641122584838, "ratio": 1.124542038098524, "iterations": 2, "elapsed_seconds": 2.9608170529827476}
WITNESS {"start": 10, "low_tc": 78.60658670912554, "high_tc": 88.39641122584838, "ratio": 1.124542038098524, "iterations": 2, "elapsed_seconds": 3.008774710004218}
WITNESS {"start": 11, "low_tc": 78.60658670912554, "high_tc": 88.39641122584838, "ratio": 1.124542038098524, "iterations": 2, "elapsed_seconds": 3.0588961710454896}
WITNESS {"start": 12, "low_tc": 78.60658670912554, "high_tc": 88.39641122584838, "ratio": 1.124542038098524, "iterations": 2, "elapsed_seconds": 3.1299970999825746}
WITNESS {"start": 13, "low_tc": 78.60658670912554, "high_tc": 88.39641122584838, "ratio": 1.124542038098524, "iterations": 2, "elapsed_seconds": 3.197437405004166}
WITNESS {"start": 14, "low_tc": 78.60658670912554, "high_tc": 88.39641122584838, "ratio": 1.124542038098524, "iterations": 2, "elapsed_seconds": 3.2504800360184163}
WITNESS {"start": 15, "low_tc": 78.60658670912554, "high_tc": 88.39641122584838, "ratio": 1.124542038098524, "iterations": 2, "elapsed_seconds": 3.3554501050384715}
WITNESS {"start": 16, "low_tc": 78.60658670912554, "high_tc": 88.39641122584838, "ratio": 1.124542038098524, "iterations": 2, "elapsed_seconds": 3.4108483740128577}
WITNESS {"start": 17, "low_tc": 78.60658670912554, "high_tc": 88.39641122584838, "ratio": 1.124542038098524, "iterations": 2, "elapsed_seconds": 3.46421010105405}
WITNESS {"start": 18, "low_tc": 78.60658670912554, "high_tc": 88.39641122584838, "ratio": 1.124542038098524, "iterations": 2, "elapsed_seconds": 3.518534347997047}
WITNESS {"start": 19, "low_tc": 78.60658670912554, "high_tc": 88.39641122584838, "ratio": 1.124542038098524, "iterations": 2, "elapsed_seconds": 3.5736143010435626}
WITNESS {"start": 20, "low_tc": 78.60658670912554, "high_tc": 88.39641122584838, "ratio": 1.124542038098524, "iterations": 2, "elapsed_seconds": 3.630309425992891}
WITNESS {"start": 21, "low_tc": 78.60658670912554, "high_tc": 88.39641122584838, "ratio": 1.124542038098524, "iterations": 2, "elapsed_seconds": 3.684567632037215}
WITNESS {"start": 22, "low_tc": 78.60658670912554, "high_tc": 88.39641122584838, "ratio": 1.124542038098524, "iterations": 2, "elapsed_seconds": 3.7395434220088646}
WITNESS {"start": 23, "low_tc": 78.60658670912554, "high_tc": 88.39641122584838, "ratio": 1.124542038098524, "iterations": 2, "elapsed_seconds": 3.7911609440343454}
WITNESS {"start": 24, "low_tc": 78.60658670912554, "high_tc": 88.39641122584838, "ratio": 1.124542038098524, "iterations": 2, "elapsed_seconds": 3.8474574210122228}
