STAGE legacy_seed ALLOWANCE 3.0
seed joint_07 1e-07 [(53, 0.9035099), (45, 0.895684), (39, 0.8720768), (0, 0.8586009), (19, 0.5681206), (75, 0.4641849), (40, 0.4002059), (12, 0.3679964), (30, 0.3649276), (29, 0.3614956), (13, 0.3508963), (43, 0.3098554), (57, 0.2793694), (11, 0.2395387), (10, 0.2202879), (14, 0.2081758), (21, 0.2001874), (18, 0.1981288), (60, 0.1809557), (15, 0.1800367), (28, 0.172235), (74, 0.1170008), (84, 0.1010056)]
joint_07 best 0.013226216765257514 trace 9.318544419829694 support [0, 10, 11, 12, 13, 14, 18, 19, 21, 29, 30, 39, 40, 43, 45, 53, 57, 75]
seed joint_07 1e-09 [(53, 0.9035079), (45, 0.8956857), (39, 0.8720052), (0, 0.8586009), (29, 0.7696404), (12, 0.4896358), (75, 0.4641645), (40, 0.4002023), (16, 0.3408064), (91, 0.3192994), (57, 0.2793684), (20, 0.2765284), (30, 0.259687), (18, 0.2484271), (19, 0.2437469), (28, 0.2288346), (11, 0.2238441), (14, 0.1732101), (60, 0.1591115), (13, 0.1370414), (74, 0.1170004), (90, 0.110403), (84, 0.1045898)]
seed joint_07 1e-05 [(53, 0.9026831), (0, 0.8585652), (45, 0.8566729), (12, 0.5193378), (39, 0.4474466), (75, 0.4392261), (40, 0.3999867), (81, 0.385149), (17, 0.3460623), (30, 0.3163277), (57, 0.2359384), (19, 0.2214214), (15, 0.2173255), (11, 0.2154235), (28, 0.1751357), (20, 0.1673642), (14, 0.1666501), (21, 0.1567896), (90, 0.1426999), (18, 0.1337118), (29, 0.1172056), (74, 0.1157603), (60, 0.1124995)]
seed joint_07 1e-11 [(53, 0.9035079), (45, 0.8956857), (39, 0.8720052), (0, 0.8586009), (29, 0.7696404), (12, 0.4896358), (75, 0.4641645), (40, 0.4002023), (16, 0.3408064), (91, 0.3192994), (57, 0.2793684), (20, 0.2765284), (30, 0.259687), (18, 0.2484271), (19, 0.2437469), (28, 0.2288346), (11, 0.2238441), (14, 0.1732101), (60, 0.1591115), (13, 0.1370414), (74, 0.1170004), (90, 0.110403), (84, 0.1045898)]
seed joint_07 0.001 [(53, 0.9035094), (45, 0.8964753), (0, 0.8585999), (39, 0.5638573), (13, 0.4811663), (75, 0.431888), (40, 0.4001276), (12, 0.3720187), (29, 0.3560261), (84, 0.3409403), (81, 0.2973488), (11, 0.2687805), (14, 0.2628007), (57, 0.258423), (28, 0.2523707), (15, 0.2479726), (17, 0.2431872), (30, 0.1562729), (25, 0.1522117), (74, 0.1168195), (60, 0.1002896), (16, 0.0938486), (42, 0.0922305)]
seed joint_07 1e-13 [(53, 0.9035079), (45, 0.8956857), (39, 0.8720052), (0, 0.8586009), (29, 0.7696404), (12, 0.4896358), (75, 0.4641645), (40, 0.4002023), (16, 0.3408064), (91, 0.3192994), (57, 0.2793684), (20, 0.2765284), (30, 0.259687), (18, 0.2484271), (19, 0.2437469), (28, 0.2288346), (11, 0.2238441), (14, 0.1732101), (60, 0.1591115), (13, 0.1370414), (74, 0.1170004), (90, 0.110403), (84, 0.1045898)]
seed joint_07 1.0 [(0, 0.8573329), (63, 0.7725222), (53, 0.5051612), (75, 0.3610157), (82, 0.324149), (39, 0.3030584), (22, 0.2577827), (90, 0.2563047), (21, 0.2396124), (88, 0.2383186), (18, 0.2198081), (23, 0.2180428), (20, 0.2061619), (89, 0.1921077), (81, 0.1915547), (27, 0.1772803), (19, 0.166108), (24, 0.162081), (42, 0.1567406), (16, 0.1353418), (17, 0.1353051), (25, 0.1251516), (15, 0.1205334)]
BEST joint_07 0.013226216765257514 trace 9.318544419829694 support [0, 10, 11, 12, 13, 14, 18, 19, 21, 29, 30, 39, 40, 43, 45, 53, 57, 75]
STAGE whitened_seed ALLOWANCE 9.0
BEST joint_07 0.013226216765257514 trace 9.318544419829694 support [0, 10, 11, 12, 13, 14, 18, 19, 21, 29, 30, 39, 40, 43, 45, 53, 57, 75]
SEED joint_07 1e-07 [(43, 1.1339570037138196), (53, 0.903512185757559), (45, 0.8956831396874403), (39, 0.8721086608354727), (0, 0.8586009676314557), (11, 0.8522498221005701), (18, 0.6070868669338524), (75, 0.4641949620932234), (17, 0.41260161623434427), (40, 0.4002074001381216), (57, 0.27936962110115116), (19, 0.27601116002704623), (12, 0.2701643463624588), (13, 0.2269950204765803), (60, 0.2021336295971094), (23, 0.19974143093848956)]
BEST joint_07 0.003616369812849407 trace 9.353659522394937 support [ 0 11 12 13 17 18 19 23 26 39 40 43 45 53 57 60 74 75]
BEST joint_07 2.6342517873608383e-05 trace 9.355136134742969 support [ 0 11 12 13 17 18 19 23 26 39 40 43 45 53 57 60 74 75]
BEST joint_07 2.1778678085254688e-05 trace 9.355123916187434 support [ 0 11 12 13 17 18 19 23 26 39 40 43 45 53 57 60 74 75]
SEED joint_07 1e-09 [(43, 1.1368411578248923), (53, 0.9035121857856774), (45, 0.8956831429079879), (39, 0.8721083707019142), (0, 0.8586009675991753), (11, 0.8529208671056348), (18, 0.6067727682783745), (75, 0.46419490512034145), (17, 0.41518490437696376), (40, 0.4002073977343893), (57, 0.2793695853214416), (19, 0.2717668951209958), (12, 0.2684578396853653), (13, 0.22790208280600882), (23, 0.2047048546825514), (60, 0.2021310410497319)]
BEST joint_07 2.1754485587203536e-05 trace 9.355123967823381 support [ 0 11 12 13 17 18 19 23 26 39 40 43 45 53 57 60 74 75]
SEED joint_07 1e-11 [(43, 1.1368411578248923), (53, 0.9035121857856774), (45, 0.8956831429079879), (39, 0.8721083707019142), (0, 0.8586009675991753), (11, 0.8529208671056348), (18, 0.6067727682783745), (75, 0.46419490512034145), (17, 0.41518490437696376), (40, 0.4002073977343893), (57, 0.2793695853214416), (19, 0.2717668951209958), (12, 0.2684578396853653), (13, 0.22790208280600882), (23, 0.2047048546825514), (60, 0.2021310410497319)]
SEED joint_07 1e-05 [(53, 0.9035121856505796), (45, 0.8956831363289439), (39, 0.8721089296522433), (43, 0.862243897280266), (0, 0.8586009696361546), (11, 0.8343883566077106), (18, 0.6197997606284903), (75, 0.46419501707804245), (17, 0.4189045421714961), (28, 0.4164431220367164), (40, 0.4002074023151375), (12, 0.32507453636847117), (57, 0.27936965165451316), (19, 0.26296876638516), (23, 0.22067983691821846), (60, 0.2021431476759611)]
BEST joint_07 1.116829894654511e-06 trace 9.355299159367654 support [ 0 11 12 13 17 18 19 23 28 39 40 43 45 53 57 60 74 75]
BEST joint_07 1.0497907300862272e-06 trace 9.355300527400036 support [ 0 11 12 13 17 18 19 23 28 39 40 43 45 53 57 60 74 75]
SEED joint_07 1e-13 [(43, 1.1368411578248923), (53, 0.9035121857856774), (45, 0.8956831429079879), (39, 0.8721083707019142), (0, 0.8586009675991753), (11, 0.8529208671056348), (18, 0.6067727682783745), (75, 0.46419490512034145), (17, 0.41518490437696376), (40, 0.4002073977343893), (57, 0.2793695853214416), (19, 0.2717668951209958), (12, 0.2684578396853653), (13, 0.22790208280600882), (23, 0.2047048546825514), (60, 0.2021310410497319)]
SEED joint_07 1e-06 [(43, 0.9824149875394935), (53, 0.9035121857311195), (45, 0.8956831364372879), (39, 0.872108946353295), (0, 0.8586009686218612), (11, 0.844371466054052), (18, 0.610819351396182), (75, 0.46419501853226014), (17, 0.4101604840693481), (40, 0.4002074023826548), (12, 0.29336220522524686), (19, 0.280024736773623), (57, 0.2793696566145897), (28, 0.2527719426424535), (13, 0.2093986606414657), (60, 0.20213968160538925)]
SEED joint_07 1e-08 [(43, 1.136794097016531), (53, 0.9035121857851618), (45, 0.8956831428485532), (39, 0.872108375998329), (0, 0.8586009675995243), (11, 0.852911574604241), (18, 0.6067761777444736), (75, 0.46419490616449466), (17, 0.4151400930101397), (40, 0.40020739777901726), (57, 0.2793695859689332), (19, 0.2718406118010854), (12, 0.26848017930788826), (13, 0.22789223974934936), (23, 0.20462104288724436), (60, 0.20213108722380574)]
SEED joint_07 1e-10 [(43, 1.1368411578248923), (53, 0.9035121857856774), (45, 0.8956831429079879), (39, 0.8721083707019142), (0, 0.8586009675991753), (11, 0.8529208671056348), (18, 0.6067727682783745), (75, 0.46419490512034145), (17, 0.41518490437696376), (40, 0.4002073977343893), (57, 0.2793695853214416), (19, 0.2717668951209958), (12, 0.2684578396853653), (13, 0.22790208280600882), (23, 0.2047048546825514), (60, 0.2021310410497319)]
BEST joint_07 1.0124164627283584e-06 trace 9.355300526631057 support [ 0 11 12 13 17 18 19 23 28 39 40 43 45 53 57 60 74 75]
CONT 0.001 7.798277509054413e-05
CONT 0.0001 0.0004405267253219069
CONT 1e-05 0.002955370973948069
CONT 1e-06 0.028937638491592765
CONT 1e-07 0.17166866266203298
CONT 1e-08 0.46297979741992196
CONT 1e-09 0.7086064024159613
BEST joint_07 2.5688816648284926e-07 trace 9.355318416268785 support [ 0 11 12 13 17 18 23 28 39 40 43 45 53 57 60 73 74 75]
BEST joint_07 2.3065892581697497e-07 trace 9.355318368508568 support [ 0 11 12 13 18 23 27 28 39 40 43 45 53 57 60 73 74 75]
STAGE_ERROR whitened_seed StageTimeout stage allowance exhausted
BEST joint_07 2.3065892581697497e-07 trace 9.355318368508568 support [0, 11, 12, 13, 18, 23, 27, 28, 39, 40, 43, 45, 53, 57, 60, 73, 74, 75]
STAGE discrete_improve ALLOWANCE 9.0
BEST joint_07 2.3065892581697497e-07 trace 9.355318368508568 support [0, 11, 12, 13, 18, 23, 27, 28, 39, 40, 43, 45, 53, 57, 60, 73, 74, 75]
CONT 0.001 2.2311721003210623e-05
CONT 0.0001 0.00019601384242124518
CONT 1e-05 0.0007126541354074872
CONT 1e-06 0.004929181127309362
CONT 1e-07 0.03438954598908656
CONT 1e-08 0.28538887023906107
CONT 1e-09 0.4294407607520688
BEST joint_07 2.2376957891762542e-07 trace 9.355318738402836 support [ 0 11 12 13 18 23 28 39 40 43 45 53 57 60 73 74 75 78]
BEST joint_07 6.393078742320905e-08 trace 9.355317413388436 support [ 0 11 12 13 18 22 31 39 40 43 45 53 57 60 73 74 75 78]
STAGE_ERROR discrete_improve StageTimeout stage allowance exhausted
BEST joint_07 6.393078742320905e-08 trace 9.355317413388436 support [0, 11, 12, 13, 18, 22, 31, 39, 40, 43, 45, 53, 57, 60, 73, 74, 75, 78]
STAGE continuous ALLOWANCE 39.8193688999163
BEST joint_07 6.393078742320905e-08 trace 9.355317413388436 support [ 0 11 12 13 18 22 31 39 40 43 45 53 57 60 73 74 75 78]
CONTINUOUS joint_07 0 0.0001 1.4283788307885755e-05 1200 [(0, 1.511), (0, 3.527243), (0, 3.567898), (0, 3.62038), (0, 3.839793), (0, 4.000827), (0, 4.402313), (4, 7.04412), (6, 7.89959), (0, 4.320544), (4, 8.805552), (8, 9.250315), (4, 5.575248), (0, 7.113252), (0, 6.562956), (2, 4.876705), (4, 7.629114), (0, 6.033845)]
BEST joint_07 6.242646442602048e-08 trace 9.355317417454792 support [ 0 11 12 13 18 22 31 39 40 43 45 53 57 60 73 74 75 79]
CONTINUOUS joint_07 0 1e-06 5.04238775414653e-05 1200 [(0, 1.511), (0, 3.52894), (0, 3.567107), (0, 3.618676), (0, 3.837992), (0, 3.995412), (0, 4.404048), (4, 7.043867), (6, 7.899586), (0, 4.316666), (4, 8.805561), (8, 9.250316), (4, 5.575247), (0, 7.113375), (0, 6.560762), (2, 4.876594), (4, 7.628733), (0, 5.735175)]
BEST joint_07 6.210167718031143e-08 trace 9.355317408931047 support [ 0 11 12 13 18 22 31 39 40 43 45 53 57 60 72 73 74 75]
CONTINUOUS joint_07 0 1e-08 0.00015950344688901998 438 [(0, 1.511), (0, 3.527893), (0, 3.566317), (0, 3.62128), (0, 3.838793), (0, 3.992037), (0, 4.400527), (4, 7.04401), (6, 7.899588), (0, 4.31802), (4, 8.805564), (8, 9.250328), (4, 5.575241), (0, 7.113272), (0, 6.554621), (2, 4.876643), (4, 7.629149), (0, 5.639125)]
CONTINUOUS joint_07 1 0.0001 7.60799240079324e-06 1200 [(0, 1.511), (0, 3.507564), (0, 3.677873), (0, 3.546588), (0, 3.782814), (0, 4.012682), (0, 4.385005), (4, 7.044133), (6, 7.899591), (0, 4.310724), (4, 8.805554), (8, 9.250314), (4, 5.575248), (0, 7.112945), (0, 6.641574), (2, 4.876705), (4, 7.629121), (0, 5.642287)]
CONTINUOUS joint_07 1 1e-06 2.483475496602624e-05 1200 [(0, 1.511), (0, 3.50811), (0, 3.678362), (0, 3.545162), (0, 3.783075), (0, 4.012529), (0, 4.38636), (4, 7.044046), (6, 7.899593), (0, 4.309845), (4, 8.805558), (8, 9.250314), (4, 5.575249), (0, 7.11297), (0, 6.620282), (2, 4.876685), (4, 7.628988), (0, 5.486806)]
CONTINUOUS joint_07 1 1e-08 3.650871486226384e-05 1178 [(0, 1.511), (0, 3.507239), (0, 3.687209), (0, 3.545421), (0, 3.78035), (0, 4.008273), (0, 4.378638), (4, 7.04409), (6, 7.899591), (0, 4.307933), (4, 8.805561), (8, 9.250318), (4, 5.575243), (0, 7.112899), (0, 6.621473), (2, 4.876723), (4, 7.629101), (0, 5.27884)]
CONTINUOUS joint_07 2 0.0001 9.317065987242875e-07 1200 [(0, 1.511), (0, 3.515003), (0, 3.742435), (0, 3.549113), (0, 3.787115), (0, 3.950456), (0, 4.334227), (4, 7.044133), (6, 7.899594), (0, 4.286191), (4, 8.805558), (8, 9.250313), (4, 5.57525), (0, 7.113001), (0, 6.379832), (2, 4.876707), (4, 7.62911), (0, 4.600963)]
BEST joint_07 4.857489641999872e-08 trace 9.355317775718023 support [ 0 12 16 17 21 28 29 35 39 40 45 53 57 60 74 75 78 91]
CONTINUOUS joint_07 2 1e-06 4.552114381828343e-06 1200 [(0, 1.511), (0, 3.52316), (0, 3.751439), (0, 3.565725), (0, 3.857942), (0, 3.960847), (0, 4.323609), (4, 7.044129), (6, 7.899595), (0, 4.298401), (4, 8.805559), (8, 9.250313), (4, 5.57525), (0, 7.112685), (0, 5.15265), (2, 4.876707), (4, 7.6291), (0, 4.498721)]
BEST joint_07 5.737254796953153e-09 trace 9.355317472193423 support [ 0 11 12 16 18 21 28 33 37 39 40 43 45 53 57 60 74 75]
BEST joint_07 5.737254796953153e-09 trace 9.355317472193423 support [0, 11, 12, 16, 18, 21, 28, 33, 37, 39, 40, 43, 45, 53, 57, 60, 74, 75]
