seed weak_residues_7915306 1e-07 [(49, 0.8287641), (92, 0.6832066), (0, 0.6521257), (45, 0.6124906), (79, 0.4132741), (8, 0.2798533), (42, 0.2377255), (73, 0.0222543), (61, 0.0114945), (41, 0.0108767), (78, 0.006677), (72, 0.0007904), (67, 0.0005963), (9, 0.000224), (7, 0.0001479)]
weak_residues_7915306 best 2.601348334380867e-06 trace 3.760651307857441 support [0, 8, 41, 42, 45, 49, 61, 73, 79, 92]
seed weak_residues_7915306 1e-09 [(49, 0.8617082), (92, 0.6832066), (0, 0.6521257), (45, 0.6124907), (79, 0.4137552), (8, 0.2802237), (42, 0.2386843), (41, 0.0108777), (73, 0.0038312), (61, 0.0032379), (30, 0.0001601), (29, 0.0001273), (28, 9.24e-05), (32, 2.48e-05), (35, 2.16e-05)]
seed weak_residues_7915306 1e-05 [(49, 0.8254558), (92, 0.6832067), (0, 0.6521257), (45, 0.6124906), (79, 0.4119117), (8, 0.280087), (42, 0.2351963), (61, 0.0212363), (73, 0.0198549), (41, 0.010876), (72, 0.0029902), (78, 0.001372), (67, 0.0012768), (90, 0.0010977), (36, 0.0010631)]
seed weak_residues_7915306 1e-11 [(49, 0.866885), (92, 0.6832066), (0, 0.6521257), (45, 0.6124907), (79, 0.4137481), (8, 0.2802234), (42, 0.2386536), (41, 0.0108777), (73, 0.0016844), (29, 0.0002069), (78, 0.0001618), (30, 0.000131), (31, 0.0001286), (28, 5.04e-05), (67, 3.95e-05)]
weak_residues_7915306 best 5.620072276186546e-07 trace 3.760652316130241 support [0, 8, 29, 41, 42, 45, 49, 73, 79, 92]
seed weak_residues_7915306 0.001 [(92, 0.6832065), (0, 0.6521247), (45, 0.6124905), (49, 0.4371905), (79, 0.3956261), (8, 0.2781659), (78, 0.2151364), (73, 0.2043662), (42, 0.1900735), (60, 0.0461625), (67, 0.0112592), (35, 0.0112492), (41, 0.010875), (36, 0.0060985), (90, 0.0021507)]
seed weak_residues_7915306 1e-13 [(49, 0.8668835), (92, 0.6832066), (0, 0.6521257), (45, 0.6124907), (79, 0.4137481), (8, 0.2802232), (42, 0.2386537), (41, 0.0108776), (73, 0.0016885), (29, 0.0002157), (78, 0.0001618), (30, 0.000131), (31, 0.0001286), (28, 4.3e-05), (67, 3.93e-05)]
seed weak_residues_7915306 1.0 [(92, 0.6831924), (0, 0.6519523), (45, 0.6124665), (79, 0.4421658), (78, 0.3750751), (61, 0.183869), (49, 0.1303195), (9, 0.1020983), (90, 0.0978786), (43, 0.0770301), (6, 0.0621137), (73, 0.0603544), (8, 0.0315119), (42, 0.0261151), (11, 0.0181575)]
weak_residues_7915306 best 5.620072276186546e-07 trace 3.760652316130241 support [0, 8, 29, 41, 42, 45, 49, 73, 79, 92]
weak_residues_7915306 best 5.620072276186546e-07 trace 3.760652316130241 support [0, 8, 29, 41, 42, 45, 49, 73, 79, 92]
SWEEP weak_residues_7915306 0 5.620072276186546e-07
weak_residues_7915306 best 3.7421912176068785e-07 trace 3.7606523300159207 support [0, 8, 28, 41, 42, 45, 49, 73, 79, 92]
weak_residues_7915306 best 3.742191098356626e-07 trace 3.760652330015929 support [0, 8, 28, 41, 42, 45, 49, 73, 79, 92]
weak_residues_7915306 best 3.174650733699098e-07 trace 3.760652333533654 support [0, 8, 41, 42, 45, 48, 49, 73, 79, 92]
weak_residues_7915306 best 3.1746507159005523e-07 trace 3.7606523335336615 support [0, 8, 41, 42, 45, 48, 49, 73, 79, 92]
weak_residues_7915306 best 1.9404449585548976e-07 trace 3.760652339636833 support [0, 8, 27, 41, 42, 45, 49, 73, 79, 92]
weak_residues_7915306 best 1.0866666924996352e-07 trace 3.7606523453497416 support [0, 8, 26, 41, 42, 45, 49, 73, 79, 92]
weak_residues_7915306 best 1.0866666167639892e-07 trace 3.7606523453497385 support [0, 8, 26, 41, 42, 45, 49, 73, 79, 92]
TimeoutError stage allowance exhausted
weak_residues_7915306 best 1.0866666167639892e-07 trace 3.7606523453497385 support [0, 8, 26, 41, 42, 45, 49, 73, 79, 92]
weak_residues_7915306 best 1.0866666167639892e-07 trace 3.7606523453497385 support [0, 8, 26, 41, 42, 45, 49, 73, 79, 92]
REFINE weak_residues_7915306 0.001 4 5.846916132138702e-06
REFINE weak_residues_7915306 0.0001 5 0.00017417042442025485
REFINE weak_residues_7915306 1e-05 33 0.0001774820689884558
REFINE weak_residues_7915306 1e-06 17 0.0016937522415039208
REFINE weak_residues_7915306 1e-07 21 0.01121355767904254
weak_residues_7915306 best 1.08666660161686e-07 trace 3.760652345349738 support [0, 8, 26, 41, 42, 45, 49, 73, 79, 92]
REFINE weak_residues_7915306 1e-08 11 0.01121355767904254
weak_residues_7915306 best 1.08666660161686e-07 trace 3.760652345349738 support [0, 8, 26, 41, 42, 45, 49, 73, 79, 92]
weak_residues_7915306 best 1.08666660161686e-07 trace 3.760652345349738 support [0, 8, 26, 41, 42, 45, 49, 73, 79, 92]
ENUMERATED 10240 loss 10371.056074380269 (0, 1, 2, 3, 12, 41, 45, 72, 78, 92)
ENUMERATED 20480 loss 110.41956783341209 (0, 1, 2, 3, 33, 41, 43, 45, 79, 92)
ENUMERATED 30720 loss 1.4576918927597577 (0, 1, 2, 3, 41, 42, 45, 49, 60, 92)
ENUMERATED 40960 loss 1.4576918927597577 (0, 1, 2, 3, 41, 42, 45, 49, 60, 92)
ENUMERATED 51200 loss 0.3332076085585925 (0, 1, 2, 4, 41, 42, 45, 49, 60, 92)
ENUMERATED 61440 loss 0.3332076085585925 (0, 1, 2, 4, 41, 42, 45, 49, 60, 92)
ENUMERATED 71680 loss 0.21649529827889147 (0, 1, 2, 5, 41, 42, 45, 49, 72, 92)
ENUMERATED 81920 loss 0.03305662729550868 (0, 1, 2, 6, 41, 42, 45, 49, 72, 92)
ENUMERATED 92160 loss 0.03305662729550868 (0, 1, 2, 6, 41, 42, 45, 49, 72, 92)
ENUMERATED 102400 loss 0.03305662729550868 (0, 1, 2, 6, 41, 42, 45, 49, 72, 92)
ENUMERATED 112640 loss 0.03305662729550868 (0, 1, 2, 6, 41, 42, 45, 49, 72, 92)
ENUMERATED 122880 loss 2.1737716406621237e-05 (0, 1, 2, 8, 41, 42, 45, 49, 79, 92)
ENUMERATED 133120 loss 2.1737716406621237e-05 (0, 1, 2, 8, 41, 42, 45, 49, 79, 92)
ENUMERATED 143360 loss 2.1737716406621237e-05 (0, 1, 2, 8, 41, 42, 45, 49, 79, 92)
ENUMERATED 153600 loss 2.1737716406621237e-05 (0, 1, 2, 8, 41, 42, 45, 49, 79, 92)
ENUMERATED 163840 loss 2.1737716406621237e-05 (0, 1, 2, 8, 41, 42, 45, 49, 79, 92)
ENUMERATED 174080 loss 2.1737716406621237e-05 (0, 1, 2, 8, 41, 42, 45, 49, 79, 92)
ENUMERATED 184320 loss 2.1737716406621237e-05 (0, 1, 2, 8, 41, 42, 45, 49, 79, 92)
ENUMERATED 194560 loss 2.1737716406621237e-05 (0, 1, 2, 8, 41, 42, 45, 49, 79, 92)
ENUMERATED 204800 loss 2.1737716406621237e-05 (0, 1, 2, 8, 41, 42, 45, 49, 79, 92)
ENUMERATED 215040 loss 2.1737716406621237e-05 (0, 1, 2, 8, 41, 42, 45, 49, 79, 92)
ENUMERATED 225280 loss 2.1737716406621237e-05 (0, 1, 2, 8, 41, 42, 45, 49, 79, 92)
ENUMERATED 235520 loss 2.1737716406621237e-05 (0, 1, 2, 8, 41, 42, 45, 49, 79, 92)
ENUMERATED 245760 loss 2.1737716406621237e-05 (0, 1, 2, 8, 41, 42, 45, 49, 79, 92)
ENUMERATED 256000 loss 2.1737716406621237e-05 (0, 1, 2, 8, 41, 42, 45, 49, 79, 92)
ENUMERATED 266240 loss 2.1737716406621237e-05 (0, 1, 2, 8, 41, 42, 45, 49, 79, 92)
ENUMERATED 276480 loss 2.1737716406621237e-05 (0, 1, 2, 8, 41, 42, 45, 49, 79, 92)
ENUMERATED 286720 loss 2.1737716406621237e-05 (0, 1, 2, 8, 41, 42, 45, 49, 79, 92)
ENUMERATED 296960 loss 2.1737716406621237e-05 (0, 1, 2, 8, 41, 42, 45, 49, 79, 92)
ENUMERATED 307200 loss 2.1737716406621237e-05 (0, 1, 2, 8, 41, 42, 45, 49, 79, 92)
ENUMERATED 317440 loss 2.1737716406621237e-05 (0, 1, 2, 8, 41, 42, 45, 49, 79, 92)
ENUMERATED 327680 loss 2.1737716406621237e-05 (0, 1, 2, 8, 41, 42, 45, 49, 79, 92)
ENUMERATED 337920 loss 2.1737716406621237e-05 (0, 1, 2, 8, 41, 42, 45, 49, 79, 92)
ENUMERATED 348160 loss 2.1737716406621237e-05 (0, 1, 2, 8, 41, 42, 45, 49, 79, 92)
ENUMERATED 358400 loss 2.1737716406621237e-05 (0, 1, 2, 8, 41, 42, 45, 49, 79, 92)
ENUMERATED 368640 loss 2.1737716406621237e-05 (0, 1, 2, 8, 41, 42, 45, 49, 79, 92)
ENUMERATED 378880 loss 2.1737716406621237e-05 (0, 1, 2, 8, 41, 42, 45, 49, 79, 92)
ENUMERATED 389120 loss 8.323072156229444e-06 (0, 1, 3, 8, 41, 42, 45, 49, 79, 92)
ENUMERATED 399360 loss 8.323072156229444e-06 (0, 1, 3, 8, 41, 42, 45, 49, 79, 92)
ENUMERATED 409600 loss 8.323072156229444e-06 (0, 1, 3, 8, 41, 42, 45, 49, 79, 92)
ENUMERATED 419840 loss 8.323072156229444e-06 (0, 1, 3, 8, 41, 42, 45, 49, 79, 92)
ENUMERATED 430080 loss 8.323072156229444e-06 (0, 1, 3, 8, 41, 42, 45, 49, 79, 92)
ENUMERATED 440320 loss 8.323072156229444e-06 (0, 1, 3, 8, 41, 42, 45, 49, 79, 92)
ENUMERATED 450560 loss 8.323072156229444e-06 (0, 1, 3, 8, 41, 42, 45, 49, 79, 92)
ENUMERATED 460800 loss 8.323072156229444e-06 (0, 1, 3, 8, 41, 42, 45, 49, 79, 92)
ENUMERATED 471040 loss 8.323072156229444e-06 (0, 1, 3, 8, 41, 42, 45, 49, 79, 92)
ENUMERATED 481280 loss 8.323072156229444e-06 (0, 1, 3, 8, 41, 42, 45, 49, 79, 92)
ENUMERATED 491520 loss 8.323072156229444e-06 (0, 1, 3, 8, 41, 42, 45, 49, 79, 92)
ENUMERATED 501760 loss 8.323072156229444e-06 (0, 1, 3, 8, 41, 42, 45, 49, 79, 92)
ENUMERATED 512000 loss 8.323072156229444e-06 (0, 1, 3, 8, 41, 42, 45, 49, 79, 92)
ENUMERATED 522240 loss 8.323072156229444e-06 (0, 1, 3, 8, 41, 42, 45, 49, 79, 92)
ENUMERATED 532480 loss 8.323072156229444e-06 (0, 1, 3, 8, 41, 42, 45, 49, 79, 92)
ENUMERATED 542720 loss 8.323072156229444e-06 (0, 1, 3, 8, 41, 42, 45, 49, 79, 92)
ENUMERATED 552960 loss 8.323072156229444e-06 (0, 1, 3, 8, 41, 42, 45, 49, 79, 92)
ENUMERATED 563200 loss 8.323072156229444e-06 (0, 1, 3, 8, 41, 42, 45, 49, 79, 92)
ENUMERATED 573440 loss 8.323072156229444e-06 (0, 1, 3, 8, 41, 42, 45, 49, 79, 92)
ENUMERATED 583680 loss 8.323072156229444e-06 (0, 1, 3, 8, 41, 42, 45, 49, 79, 92)
ENUMERATED 593920 loss 8.323072156229444e-06 (0, 1, 3, 8, 41, 42, 45, 49, 79, 92)
ENUMERATED 604160 loss 8.323072156229444e-06 (0, 1, 3, 8, 41, 42, 45, 49, 79, 92)
ENUMERATED 614400 loss 8.323072156229444e-06 (0, 1, 3, 8, 41, 42, 45, 49, 79, 92)
ENUMERATED 624640 loss 8.323072156229444e-06 (0, 1, 3, 8, 41, 42, 45, 49, 79, 92)
ENUMERATED 634880 loss 6.4063267939532315e-06 (0, 1, 4, 8, 41, 42, 45, 49, 79, 92)
ENUMERATED 645120 loss 6.4063267939532315e-06 (0, 1, 4, 8, 41, 42, 45, 49, 79, 92)
ENUMERATED 655360 loss 6.4063267939532315e-06 (0, 1, 4, 8, 41, 42, 45, 49, 79, 92)
ENUMERATED 665600 loss 6.4063267939532315e-06 (0, 1, 4, 8, 41, 42, 45, 49, 79, 92)
ENUMERATED 675840 loss 6.4063267939532315e-06 (0, 1, 4, 8, 41, 42, 45, 49, 79, 92)
TimeoutError stage allowance exhausted
