{"cpu": 0.07610556000000002, "loss": 0.2907078314028153, "calls": 36, "status": ["Optimization terminated successfully", "Optimization terminated successfully"]}
{"name": "damping_2", "degree": 2, "baseline_log": 0.3257749695251748, "solution_log": 0.2907078314028153, "ratio": 1.0356892406964449, "cpu": 0.07632190999999999, "baseline_cpu": 0.009252990000000016}
{"cpu": 0.16183701000000006, "loss": 1.782422954708204, "calls": 57, "status": ["Optimization terminated successfully", "Optimization terminated successfully"]}
{"name": "damping_24", "degree": 24, "baseline_log": 2.6141142876939085, "solution_log": 1.782422954708213, "ratio": 2.297200787888487, "cpu": 0.16194977, "baseline_cpu": 0.024391170000000018}
{"cpu": 2.757160919, "loss": 5.280737197672016, "calls": 649, "status": ["Iteration limit reached", "Iteration limit reached"]}
{"name": "damping_48", "degree": 48, "baseline_log": 6.197350512110191, "solution_log": 5.280737197672018, "ratio": 2.5008065864984212, "cpu": 2.757642909, "baseline_cpu": 0.05337207999999993}
{"cpu": 0.08527832000000046, "loss": 0.2711961732365864, "calls": 37, "status": ["Optimization terminated successfully", "Optimization terminated successfully"]}
{"name": "model_2", "degree": 2, "baseline_log": 0.31639808508520484, "solution_log": 0.27119617323658707, "ratio": 1.0462390866514903, "cpu": 0.08542165999999973, "baseline_cpu": 0.00852759999999897}
{"cpu": 0.18813298999999972, "loss": 1.0389196323865975, "calls": 46, "status": ["Optimization terminated successfully", "Optimization terminated successfully"]}
{"name": "model_24", "degree": 24, "baseline_log": 1.1642463645028869, "solution_log": 1.0389196323865946, "ratio": 1.1335187495495527, "cpu": 0.18828369000000045, "baseline_cpu": 0.03193336999999907}
{"cpu": 0.3901920400000005, "loss": 1.7026052223864703, "calls": 60, "status": ["Optimization terminated successfully", "Optimization terminated successfully"]}
{"name": "model_48", "degree": 48, "baseline_log": 2.3625226913764727, "solution_log": 1.702605222386451, "ratio": 1.934632660625685, "cpu": 0.39094317999999895, "baseline_cpu": 0.07306097000000022}
{"cpu": 0.03523297999999997, "loss": 0.319123346642991, "calls": 11, "status": ["Optimization terminated successfully", "Optimization terminated successfully"]}
{"name": "near_origin_2", "degree": 2, "baseline_log": 0.340565176730282, "solution_log": 0.31912334664299224, "ratio": 1.0216733579587598, "cpu": 0.03533691000000161, "baseline_cpu": 0.010081889999998594}
{"cpu": 0.17361980000000088, "loss": 1.1521289382393864, "calls": 56, "status": ["Optimization terminated successfully", "Optimization terminated successfully"]}
{"name": "near_origin_24", "degree": 24, "baseline_log": 1.3700661916085828, "solution_log": 1.152128938239383, "ratio": 1.243509039168499, "cpu": 0.1737847100000014, "baseline_cpu": 0.02422139000000101}
{"cpu": 0.23807836000000293, "loss": 2.272061131552251, "calls": 30, "status": ["Optimization terminated successfully", "Optimization terminated successfully"]}
{"name": "near_origin_48", "degree": 48, "baseline_log": 3.415699080116866, "solution_log": 2.272061131552249, "ratio": 3.1381641036591517, "cpu": 0.23887842000000248, "baseline_cpu": 0.0643006899999996}
{"cpu": 0.03411591000000058, "loss": 0.31559957304614805, "calls": 11, "status": ["Optimization terminated successfully", "Optimization terminated successfully"]}
{"name": "separated_2", "degree": 2, "baseline_log": 0.34078238044227516, "solution_log": 0.31559957304614805, "ratio": 1.025502572845135, "cpu": 0.03424486999999843, "baseline_cpu": 0.008425479999999652}
{"cpu": 0.10354796000000022, "loss": 1.2640466027666395, "calls": 24, "status": ["Optimization terminated successfully", "Optimization terminated successfully"]}
{"name": "separated_24", "degree": 24, "baseline_log": 1.4517105850842391, "solution_log": 1.2640466027666477, "ratio": 1.2064280660716027, "cpu": 0.10369769000000062, "baseline_cpu": 0.02646302999999861}
{"cpu": 0.2378164990000009, "loss": 2.8809044274022986, "calls": 26, "status": ["Optimization terminated successfully", "Optimization terminated successfully"]}
{"name": "separated_48", "degree": 48, "baseline_log": 3.785447854488657, "solution_log": 2.880904427402257, "ratio": 2.470803563505947, "cpu": 0.23861706900000001, "baseline_cpu": 0.07238643999999894}
{"cpu": 0.023980919999999628, "loss": 7.62623242517285, "calls": 6, "status": ["Optimization terminated successfully"]}
{"name": "empty_wide_2", "degree": 2, "baseline_log": 7.6949451468951064, "solution_log": 7.626232425172851, "ratio": 1.071128453007413, "cpu": 0.024082319999997992, "baseline_cpu": 0.0037770199999975773}
{"cpu": 0.06881717999999992, "loss": 26.980962761951663, "calls": 17, "status": ["Optimization terminated successfully", "Optimization terminated successfully"]}
{"name": "pole_count_2", "degree": 2, "baseline_log": 29.62327841768315, "solution_log": 26.98096276195166, "ratio": 14.045690963232746, "cpu": 0.06893313000000134, "baseline_cpu": 0.011246010000000695}
{"cpu": 0.032953270000000146, "loss": 0.6310864166122947, "calls": 9, "status": ["Optimization terminated successfully", "Optimization terminated successfully"]}
{"name": "clusters_2", "degree": 2, "baseline_log": 1.3351334780392485, "solution_log": 0.6310864166122913, "ratio": 2.021919001977954, "cpu": 0.033064619999997547, "baseline_cpu": 0.010875620000000197}
{"cpu": 0.06389052000000106, "loss": 51.07709235365756, "calls": 22, "status": ["Optimization terminated successfully"]}
{"name": "empty_wide_12", "degree": 12, "baseline_log": 62.797096484808236, "solution_log": 51.07709235365756, "ratio": 123007.93336175811, "cpu": 0.06404633999999731, "baseline_cpu": 0.005648100000001932}
{"cpu": 0.1776002400000003, "loss": 127.97054869165865, "calls": 73, "status": ["Optimization terminated successfully", "Optimization terminated successfully"]}
{"name": "pole_count_12", "degree": 12, "baseline_log": 175.32595481856822, "solution_log": 127.97054869165865, "ratio": 3.6829139276963584e+20, "cpu": 0.1777065499999999, "baseline_cpu": 0.020892080000002977}
{"cpu": 0.6432283500000011, "loss": 9.165502804398537, "calls": 312, "status": ["Optimization terminated successfully", "Optimization terminated successfully"]}
{"name": "clusters_12", "degree": 12, "baseline_log": 10.185397778702992, "solution_log": 9.165502804398532, "ratio": 2.772903522549529, "cpu": 0.643370939999997, "baseline_cpu": 0.018979729999998085}
{"cpu": 0.23925076999999817, "loss": 208.75167219282312, "calls": 51, "status": ["Optimization terminated successfully"]}
{"name": "empty_wide_48", "degree": 48, "baseline_log": 258.0969756172532, "solution_log": 208.75167219282312, "ratio": 2.6939714264208287e+21, "cpu": 0.23942101000000093, "baseline_cpu": 0.03393928999999929}
{"cpu": 2.3664475289999984, "loss": 201.6991069641324, "calls": 612, "status": ["Iteration limit reached", "Iteration limit reached"]}
{"name": "pole_count_48", "degree": 48, "baseline_log": 204.99853775108457, "solution_log": 201.69910696413243, "ratio": 27.09721044428403, "cpu": 2.3666006690000003, "baseline_cpu": 0.07962137999999896}
{"cpu": 2.952694647999998, "loss": 9.780136373825663, "calls": 686, "status": ["Iteration limit reached", "Iteration limit reached"]}
{"name": "clusters_48", "degree": 48, "baseline_log": 10.642432829312272, "solution_log": 9.78013637382566, "ratio": 2.368593823128807, "cpu": 2.9528399080000014, "baseline_cpu": 0.08375464000000221}
