grid20 EXACT t=0.743458 it=0 eval=1 accepted=0 cost=865.988 best=865.988 faults=282 ideal=1 hard=0 min=9,7,9,7, mean=14.1667,14.8339,14.1667,14.8573,
grid20 EXACT t=1.57064 it=3 score=0.333333 faults=279 penalty=852 ideal=1 hard=0 min=9,7,9,7, mean=14.1,14.8222,14.1,14.8363,
grid20 EXACT t=2.66896 it=10 score=0.333333 faults=271 penalty=833 ideal=0.888889 hard=5.22222 min=8,7,9,7, mean=13.9667,14.7661,13.9667,14.7942,
grid20 EXACT t=3.03401 it=12 score=0.333333 faults=269 penalty=826 ideal=0.888889 hard=10.6498 min=8,7,9,7, mean=13.8333,14.7193,13.8333,14.7848,
grid20 EXACT t=14.5019 it=61 score=0.333333 faults=264 penalty=813 ideal=0.857143 hard=6 min=8,6,9,7, mean=14.1333,14.7649,14.1333,14.8678,
grid20 EXACT t=15.3008 it=63 score=0.333333 faults=259 penalty=797 ideal=0.857143 hard=6 min=8,6,9,7, mean=14.0667,14.7673,14.0667,14.8468,
grid20 EXACT t=23.462 it=96 score=0.333333 faults=250 penalty=755 ideal=0.777778 hard=27.1016 min=8,6,7,6, mean=14,14.7181,14,14.8351,
grid20 EXACT t=36.5196 it=147 score=0.333333 faults=246 penalty=747 ideal=0.777778 hard=27.5148 min=8,6,7,6, mean=13.9667,14.6959,13.9667,14.8316,
grid20 EXACT t=42.5951 it=180 score=0.333333 faults=245 penalty=739 ideal=0.777778 hard=28.0787 min=8,6,7,6, mean=13.9333,14.7064,13.9333,14.8608,
grid20 EXACT t=46.6604 it=195 score=0.333333 faults=241 penalty=728 ideal=0.777778 hard=21.0561 min=9,7,7,6, mean=14.0333,14.7263,14.0333,14.8854,
grid20 EXACT t=55.2799 it=230 score=0.333333 faults=238 penalty=725 ideal=0.777778 hard=21.1605 min=9,7,7,6, mean=14.1,14.7099,14.1,14.883,
grid20 EXACT t=58.6045 it=245 score=0.333333 faults=236 penalty=712 ideal=0.777778 hard=26.0144 min=8,7,7,6, mean=14.1,14.738,14.1,14.8737,
grid20 EXACT t=66.8346 it=285 score=0.333333 faults=232 penalty=704 ideal=0.777778 hard=27.2559 min=8,7,7,6, mean=14.1333,14.6994,14.1333,14.8538,
grid20 EXACT t=70.9621 it=307 score=0.333333 faults=231 penalty=693 ideal=0.714286 hard=36.7746 min=8,7,7,5, mean=14,14.662,14,14.8304,
grid20 EXACT t=88.7047 it=383 score=0.333333 faults=227 penalty=682 ideal=0.714286 hard=35.0561 min=9,6,7,5, mean=13.9,14.7263,13.9,14.8573,
grid20 EXACT t=93.9124 it=402 score=0.333333 faults=226 penalty=680 ideal=0.714286 hard=38.2216 min=8,7,7,5, mean=13.9,14.7029,13.9,14.8199,
grid20 EXACT t=106.424 it=457 score=0.333333 faults=221 penalty=667 ideal=0.571429 hard=49.5699 min=8,7,7,4, mean=13.8333,14.738,13.8333,14.8035,
grid20 EXACT t=217.139 it=922 score=0.333333 faults=220 penalty=668 ideal=0.777778 hard=29.656 min=8,6,7,6, mean=14.0667,14.669,14.0667,14.7673,
grid20 EXACT t=232.141 it=985 score=0.333333 faults=217 penalty=659 ideal=0.777778 hard=30.9781 min=8,6,7,6, mean=14.0333,14.6094,14.0333,14.8058,
grid20 EXACT t=235.788 it=1000 eval=969 accepted=136 cost=697.76 best=697.76 faults=217 ideal=0.777778 hard=30.9781 min=8,6,7,6, mean=14.0333,14.6094,14.0333,14.8058,
grid20 EXACT t=236.179 it=1001 score=0.333333 faults=216 penalty=657 ideal=0.777778 hard=30.0111 min=8,6,7,6, mean=14.0667,14.6082,14.0667,14.7673,
grid20 EXACT t=324.934 it=1397 score=0.333333 faults=213 penalty=651 ideal=0.777778 hard=24.2442 min=9,6,7,6, mean=14.1,14.7006,14.1,14.8082,
grid20 EXACT t=339.79 it=1462 score=0.333333 faults=211 penalty=641 ideal=0.777778 hard=24.024 min=9,6,7,6, mean=14.0667,14.7345,14.0667,14.7579,
grid20 EXACT t=424.075 it=1845 score=0.333333 faults=210 penalty=636 ideal=0.857143 hard=12.5556 min=9,6,8,6, mean=13.8333,14.7754,13.8333,14.8363,
grid20 EXACT t=459.686 it=2000 eval=1935 accepted=269 cost=651.542 best=651.542 faults=213 ideal=0.857143 hard=7.22222 min=9,6,8,6, mean=13.9667,14.7661,13.9667,14.8784,
grid20 EXACT t=466.012 it=2036 score=0.333333 faults=205 penalty=626 ideal=0.857143 hard=8 min=9,6,8,6, mean=14,14.7649,14,14.8678,
grid20 EXACT t=500.452 it=2192 score=0.333333 faults=202 penalty=611 ideal=0.714286 hard=10.0361 min=9,5,8,6, mean=14.0333,14.731,14.0333,14.8433,
grid20 EXACT t=503.161 it=2203 score=0.333333 faults=194 penalty=586 ideal=0.857143 hard=8.03181 min=9,6,8,6, mean=14,14.7322,14,14.8257,
grid20 EXACT t=701.5 it=3000 eval=2893 accepted=378 cost=599.99 best=599.99 faults=194 ideal=0.857143 hard=8.03181 min=9,6,8,6, mean=14,14.7322,14,14.8257,
grid20 EXACT t=739.317 it=3157 score=0.333333 faults=190 penalty=578 ideal=0.857143 hard=10.0205 min=9,6,8,6, mean=13.9,14.7357,13.9,14.8339,
grid20 EXACT t=770.924 it=3291 score=0.333333 faults=186 penalty=570 ideal=0.857143 hard=8.22757 min=9,6,8,6, mean=13.9667,14.7427,13.9667,14.8363,
grid20 EXACT t=778.049 it=3320 score=0.333333 faults=184 penalty=566 ideal=0.857143 hard=9.00001 min=9,6,8,6, mean=13.9,14.7497,13.9,14.8386,
grid20 EXACT t=802.677 it=3417 score=0.333333 faults=183 penalty=561 ideal=0.857143 hard=10.5556 min=9,6,8,6, mean=13.8667,14.7556,13.8667,14.8538,
grid20 EXACT t=811.37 it=3449 score=0.333333 faults=181 penalty=557 ideal=0.857143 hard=15.1092 min=9,6,8,6, mean=13.9,14.717,13.9,14.8246,
grid20 EXACT t=975.945 it=4000 eval=3858 accepted=502 cost=576.405 best=576.405 faults=184 ideal=0.857143 hard=7.88889 min=9,6,8,6, mean=13.9333,14.786,13.9333,14.814,
grid20 EXACT t=1261.14 it=5000 eval=4825 accepted=596 cost=563.312 best=563.312 faults=187 ideal=0.857143 hard=12 min=8,6,8,6, mean=14.0333,14.7544,14.0333,14.7778,
