ladder16 INITIAL t=0.324788 score=0.333333 faults=325 scenarios=85401 failed_scenarios=321 pool=325 ideal=1 hard=0 min=8,6,9,6, mean=12.125,12.0537,12.125,11.8389,
ladder16 CYCLE t=45.0063 it=14211 cost=357.816 best=357.816 pool=325 sparse=356 checks=1 accepted=1630 ideal=1 hard=0 min=8,6,9,6, mean=11.75,12.0333,11.75,12.0111,
ladder16 CYCLE t=90.0015 it=29686 cost=341.793 best=341.793 pool=325 sparse=339 checks=1 accepted=3403 ideal=0.833333 hard=1 min=8,5,8,6, mean=11.9583,12.0611,11.9583,11.95,
ladder16 FULL t=90.3667 it=29686 score=0.333333 faults=355 failed_scenarios=353 penalty=1055 ideal=0.833333 hard=1 min=8,5,8,6, mean=11.9583,12.0611,11.9583,11.95,
ladder16 CYCLE t=135.002 it=42548 cost=579.981 best=579.981 pool=585 sparse=578 checks=2 accepted=4751 ideal=1 hard=0 min=8,6,9,6, mean=11.75,12.0185,11.75,11.9815,
ladder16 CYCLE t=180.006 it=56012 cost=446.716 best=446.716 pool=585 sparse=439 checks=2 accepted=6287 ideal=0.833333 hard=6 min=7,5,9,6, mean=12.3333,11.963,12.3333,11.9259,
ladder16 FULL t=180.801 it=56177 score=0.333333 faults=332 failed_scenarios=330 penalty=958 ideal=0.833333 hard=7 min=7,5,9,5, mean=12.2083,11.9907,12.2083,11.9167,
ladder16 CYCLE t=225.003 it=69903 cost=445.857 best=445.857 pool=801 sparse=437 checks=3 accepted=7796 ideal=0.833333 hard=6 min=7,5,8,6, mean=11.5,12,11.5,11.8667,
ladder16 CYCLE t=270.009 it=84507 cost=416.458 best=416.458 pool=801 sparse=414 checks=3 accepted=9463 ideal=0.833333 hard=1 min=9,5,8,6, mean=12.5417,11.9463,12.5417,11.9241,
ladder16 CYCLE t=315.014 it=100760 cost=416.456 best=416.456 pool=801 sparse=414 checks=3 accepted=11241 ideal=0.833333 hard=1 min=9,5,8,6, mean=12.5,11.963,12.5,11.9407,
ladder16 FULL t=315.358 it=100760 score=0.333333 faults=354 failed_scenarios=352 penalty=975 ideal=0.833333 hard=1 min=9,5,8,6, mean=12.5,11.963,12.5,11.9407,
ladder16 CYCLE t=360.048 it=112759 cost=465.786 best=465.786 pool=1042 sparse=464 checks=4 accepted=12507 ideal=1 hard=0 min=8,6,8,6, mean=11.75,12.0259,11.75,12.0185,
ladder16 CYCLE t=405.007 it=125579 cost=428.916 best=428.916 pool=1042 sparse=426 checks=4 accepted=13856 ideal=0.833333 hard=1 min=8,5,8,6, mean=12,12,12,11.9704,
ladder16 FULL t=414.853 it=128367 score=0.333333 faults=363 failed_scenarios=361 penalty=1086 ideal=0.75 hard=25 min=6,6,8,6, mean=11.5417,12.0056,11.5417,11.8056,
ladder16 CYCLE t=450.005 it=138797 cost=559.117 best=559.117 pool=1297 sparse=552 checks=5 accepted=15348 ideal=0.875 hard=5 min=8,6,7,6, mean=12,11.9704,12,11.8815,
ladder16 CYCLE t=495.012 it=152047 cost=449.906 best=449.906 pool=1297 sparse=443 checks=5 accepted=16849 ideal=0.875 hard=5 min=8,6,7,6, mean=12.125,11.9944,12.125,11.9426,
ladder16 FULL t=506.384 it=154892 score=0.333333 faults=325 failed_scenarios=323 penalty=956 ideal=1 hard=0 min=8,6,8,6, mean=11.875,12.05,11.875,11.8722,
ladder16 CYCLE t=540.005 it=165304 cost=615.578 best=615.578 pool=1503 sparse=603 checks=6 accepted=18328 ideal=0.875 hard=10 min=7,6,7,6, mean=11.7917,12.0389,11.7917,11.8463,
ladder16 CYCLE t=585.004 it=179143 cost=546.092 best=546.092 pool=1503 sparse=511 checks=6 accepted=19836 ideal=0.75 hard=32 min=6,5,7,6, mean=11.7083,11.9611,11.7083,11.8722,
ladder16 FULL t=606.192 it=185751 score=0.333333 faults=310 failed_scenarios=309 penalty=902 ideal=0.75 hard=32 min=6,5,7,6, mean=11.7083,11.9611,11.7083,11.8722,
ladder16 CYCLE t=630.015 it=191514 cost=686.152 best=686.152 pool=1674 sparse=657 checks=7 accepted=21201 ideal=0.75 hard=26 min=6,6,8,5, mean=11.7083,11.9611,11.7083,11.7981,
ladder16 CYCLE t=675 it=203178 cost=619.338 best=619.338 pool=1674 sparse=611 checks=7 accepted=22462 ideal=0.833333 hard=6 min=8,6,7,5, mean=11.7083,12.0278,11.7083,11.9389,
ladder16 FULL t=700.889 it=210467 score=0.333333 faults=260 failed_scenarios=260 penalty=736 ideal=0.833333 hard=11 min=7,6,7,5, mean=12,12,12,11.9111,
ladder16 CYCLE t=720.009 it=215105 cost=424.881 best=424.881 pool=1831 sparse=423 checks=8 accepted=23815 ideal=1 hard=0 min=8,6,8,6, mean=11.875,11.9981,11.875,11.9759,
ladder16 CYCLE t=765 it=226751 cost=407.805 best=407.805 pool=1831 sparse=406 checks=8 accepted=25102 ideal=1 hard=0 min=8,6,8,6, mean=12.0833,12.0111,12.0833,11.9889,
ladder16 FULL t=805.807 it=237621 score=0.333333 faults=259 failed_scenarios=258 penalty=761 ideal=1 hard=0 min=8,6,8,6, mean=12.0833,12.0333,12.0833,11.9222,
ladder16 CYCLE t=810.007 it=238640 cost=516.567 best=516.567 pool=1977 sparse=501 checks=9 accepted=26483 ideal=0.833333 hard=12.3889 min=8,5,7,6, mean=11.4167,11.8852,11.4167,11.9519,
ladder16 CYCLE t=855.009 it=253930 cost=425.823 best=425.823 pool=1977 sparse=407 checks=9 accepted=28037 ideal=0.666667 hard=16 min=7,6,7,4, mean=11.7083,11.887,11.7083,11.9389,
ladder16 FULL t=899.558 it=266309 score=0.333333 faults=308 failed_scenarios=307 penalty=847 ideal=0.666667 hard=16 min=7,6,7,4, mean=11.75,11.9519,11.75,11.9667,
ladder16 CYCLE t=900.002 it=266397 cost=787.311 best=787.311 pool=2166 sparse=761 checks=10 accepted=29397 ideal=0.666667 hard=23 min=7,5,7,4, mean=11.5417,11.8574,11.5417,11.9463,
ladder16 CYCLE t=945.011 it=278500 cost=453.3 best=453.3 pool=2166 sparse=445 checks=10 accepted=30651 ideal=0.833333 hard=6 min=8,6,7,5, mean=11.5833,12.0185,11.5833,11.9074,
ladder16 CYCLE t=990.064 it=292087 cost=453.02 best=453.02 pool=2166 sparse=445 checks=10 accepted=32017 ideal=0.833333 hard=6 min=8,6,7,5, mean=11.625,12.0685,11.625,11.987,
ladder16 FULL t=990.845 it=292087 score=0.333333 faults=275 failed_scenarios=275 penalty=796 ideal=0.833333 hard=6 min=8,6,7,5, mean=11.625,12.0685,11.625,11.987,
ladder16 CYCLE t=1035.01 it=304201 cost=456.506 best=456.506 pool=2307 sparse=440 checks=11 accepted=33316 ideal=0.833333 hard=13.3472 min=8,5,7,5, mean=11.4583,11.8241,11.4583,11.9426,
ladder16 CYCLE t=1080.01 it=315731 cost=429.302 best=429.302 pool=2307 sparse=427 checks=11 accepted=34512 ideal=1 hard=0 min=8,6,8,6, mean=11.625,11.8685,11.625,12.0241,
ladder16 FULL t=1080.89 it=315886 score=0.333333 faults=288 failed_scenarios=288 penalty=822 ideal=1 hard=0 min=8,6,8,6, mean=11.5833,11.9074,11.5833,12.0333,
ladder16 CYCLE t=1125.06 it=326464 cost=604.975 best=604.975 pool=2472 sparse=590 checks=12 accepted=35572 ideal=0.833333 hard=12 min=8,6,7,5, mean=11.5,11.8444,11.5,11.963,
ladder16 CYCLE t=1170.02 it=339293 cost=504.839 best=504.839 pool=2472 sparse=495 checks=12 accepted=36929 ideal=0.833333 hard=7 min=8,5,7,5, mean=11.7083,11.9537,11.7083,11.9019,
ladder16 FULL t=1173.44 it=340144 score=0.333333 faults=325 failed_scenarios=325 penalty=956 ideal=0.833333 hard=2.34722 min=8,5,8,5, mean=11.4583,11.9352,11.4583,11.8759,
ladder16 FINAL t=1200.42 score=0.333333 faults=281 failed_scenarios=281 ideal=0.666667 hard=7 min=8,5,8,4, mean=11.7917,11.913,11.7917,11.8981,
