Progress 0 0 minimum 0.9998268489662938 seconds 0.0
Progress 0 500 minimum 0.9998482852036429 seconds 6.5
Best 0.9944374163608567 restart 0 iteration 934 seconds 12.0
Progress 0 1000 minimum 0.9927729336273001 seconds 12.8
Best 0.9891328280705246 restart 0 iteration 1048 seconds 13.5
Best 0.9822365742125452 restart 0 iteration 1077 seconds 13.8
Best 0.9758549216994932 restart 0 iteration 1097 seconds 14.1
Best 0.9707825881700984 restart 0 iteration 1121 seconds 14.4
Best 0.9655228076463562 restart 0 iteration 1131 seconds 14.5
Best 0.9577980574198793 restart 0 iteration 1175 seconds 15.1
Best 0.9462059953488237 restart 0 iteration 1204 seconds 15.4
Progress 0 1500 minimum 0.9458602836817265 seconds 19.4
Best 0.9411129255677366 restart 0 iteration 1529 seconds 19.7
Best 0.9337951772300236 restart 0 iteration 1550 seconds 20.0
Best 0.9224717114203261 restart 0 iteration 1603 seconds 20.8
Best 0.9160397583120622 restart 0 iteration 1635 seconds 21.2
Best 0.9101067063703865 restart 0 iteration 1739 seconds 22.6
Best 0.9025428586614537 restart 0 iteration 1841 seconds 23.9
Best 0.8970495036987153 restart 0 iteration 1918 seconds 24.9
Progress 0 2000 minimum 0.8944759645728311 seconds 25.9
Best 0.8916866188171035 restart 0 iteration 2179 seconds 28.3
Best 0.8853684748198767 restart 0 iteration 2306 seconds 30.0
Best 0.8799722071110112 restart 0 iteration 2353 seconds 30.5
Best 0.8745074328510712 restart 0 iteration 2418 seconds 31.2
Best 0.8676680803301914 restart 0 iteration 2468 seconds 31.8
Progress 0 2500 minimum 0.8711934892573373 seconds 32.2
Best 0.8617637627916248 restart 0 iteration 2562 seconds 33.1
Best 0.8552448031813963 restart 0 iteration 2640 seconds 34.2
Best 0.8492749927674654 restart 0 iteration 2692 seconds 35.0
Best 0.8369855655209475 restart 0 iteration 2774 seconds 36.2
Best 0.8257103755981211 restart 0 iteration 2791 seconds 36.4
Best 0.8193440819558103 restart 0 iteration 2874 seconds 37.9
Best 0.8069364488019936 restart 0 iteration 2973 seconds 39.3
Progress 1 0 minimum 0.9214680460430157 seconds 39.6
Best 0.7954924489378811 restart 1 iteration 497 seconds 47.3
Progress 1 500 minimum 0.7940508346730062 seconds 47.4
Best 0.7886893242309587 restart 1 iteration 513 seconds 47.6
Best 0.7783170705812704 restart 1 iteration 526 seconds 47.8
Best 0.7726642548560722 restart 1 iteration 601 seconds 49.0
Best 0.7647777611104676 restart 1 iteration 624 seconds 49.4
Best 0.7593310690549492 restart 1 iteration 646 seconds 49.7
Best 0.7516449896167622 restart 1 iteration 714 seconds 50.8
Best 0.7458576778624092 restart 1 iteration 752 seconds 51.4
Best 0.7401886215564161 restart 1 iteration 791 seconds 52.0
Best 0.7350379719066577 restart 1 iteration 872 seconds 53.3
Progress 1 1000 minimum 0.7311782034781771 seconds 55.2
Best 0.7279534357781368 restart 1 iteration 1001 seconds 55.3
Best 0.719232021164994 restart 1 iteration 1076 seconds 56.5
Best 0.7136140422726021 restart 1 iteration 1277 seconds 59.5
Best 0.7069117474263847 restart 1 iteration 1413 seconds 61.6
Best 0.7013207717158749 restart 1 iteration 1485 seconds 62.7
Progress 1 1500 minimum 0.6992974636053852 seconds 62.9
Best 0.6956691637022994 restart 1 iteration 1648 seconds 65.1
Progress 1 2000 minimum 0.693993894596476 seconds 70.5
Best 0.6895698556662453 restart 1 iteration 2109 seconds 72.3
Progress 1 2500 minimum 0.6851205916898536 seconds 78.1
Best 0.6844368326168103 restart 1 iteration 2557 seconds 79.1
Progress 2 0 minimum 0.890591013604323 seconds 85.7
Progress 2 500 minimum 0.7318768349810965 seconds 93.6
Progress 2 1000 minimum 0.6820418177890124 seconds 101.1
Best 0.6790962244397246 restart 2 iteration 1006 seconds 101.2
Best 0.6728569778553491 restart 2 iteration 1425 seconds 106.7
Progress 2 1500 minimum 0.6710721232110731 seconds 108.0
Best 0.6677224486283831 restart 2 iteration 1741 seconds 112.0
Progress 2 2000 minimum 0.6647824816612287 seconds 116.4
