fit 10 4220.0 44 1.074269689
design 1.521698809
allocate [0, 0, 1959, 1613, 0, 2309, 0, 2062, 0, 1555, 1793, 0, 0, 0, 0, 0, 1289, 0, 0, 0, 1544, 0, 1276, 0, 0, 0, 0, 1343, 0, 0, 0, 861, 0, 0, 1231, 0, 0, 0, 0, 0, 0]
fit 10 23055.0 95 2.171767369
design 2.461451358
allocate [1377, 0, 0, 4081, 0, 3025, 0, 2731, 0, 2108, 2545, 0, 0, 0, 0, 0, 0, 0, 0, 365, 0, 0, 0, 0, 0, 0, 0, 0, 247, 0, 0, 0, 0, 0, 0, 466, 0, 0, 0, 0, 0]
fit 10 40000.0 130 3.004276168
fit 12 40000.0 160 5.030218557
fit 14 40000.0 184 10.783914125
complete 11.259343615
measured_cpu 11.260813075 rss_kib 94300
{
  "episode": "training_patch_D28",
  "valid": true,
  "development_only": true,
  "family_log_rmse": {
    "boundary": 0.0607491878573051,
    "bulk": 0.06552236127231541,
    "hook": 0.05503296270653232,
    "rare": 0.03440301436004909
  },
  "mean_family_log_rmse": 0.05392688154905048,
  "worst_family_log_rmse": 0.06552236127231541,
  "shots_used": 40000,
  "queries": 45,
  "resource_qualification": false
}
