fit 10 5500.0 55 2.041024489
design 3.017848348
allocate [3467, 0, 0, 1223, 0, 1451, 0, 964, 1991, 248, 1151, 831, 0, 0, 0, 0, 1186, 0, 0, 1126, 0, 0, 0, 0, 0, 0, 463, 0, 0, 0, 0, 0, 0, 0, 0, 672, 0, 0, 0, 0, 0, 0, 0, 0, 818, 0, 0, 0, 0, 0, 0, 889, 0, 0, 0, 0, 1148]
fit 10 23128.0 110 4.778441307
design 5.863895987
allocate [4270, 0, 602, 2004, 0, 2289, 0, 1493, 3249, 0, 1827, 1138, 0, 0, 0, 0, 0, 0, 0, 0, 0, 0, 0, 0, 0, 0, 0, 0, 0, 0, 0, 0, 0, 0, 0, 0, 0, 0, 0, 0, 0, 0, 0, 0, 0, 0, 0, 0, 0, 0, 0, 0, 0, 0, 0, 0, 0]
fit 10 40000.0 164 8.092758857
fit 12 40000.0 199 13.964875974
fit 14 40000.0 227 29.823159898
complete 31.081100608
{
  "episode": 5,
  "seed": 218,
  "random": true,
  "scores": {
    "boundary": 0.05274075670749493,
    "bulk": 0.08930097070902433,
    "hook": 0.06986102256775535,
    "rare": 0.05958575858403104
  },
  "cpu": 29.986815778999997,
  "shots": 40000,
  "queries": 55,
  "rss": 140436
}
