fit 8 12 43 0.17 0.667
score {'boundary': 0.1920634232544013, 'bulk': 0.29558791757441244, 'hook': 0.16553002846475695, 'rare': 0.33392207157489306}
design 0.101
allocate 18000 [2196, 0, 0, 2097, 0, 2296, 0, 1710, 2044, 0, 1667, 0, 0, 0, 0, 572, 0, 0, 0, 0, 0, 0, 0, 521, 0, 0, 0, 0, 571, 0, 0, 0, 0, 0, 0, 0, 0, 0, 0, 486, 0]
fit 10 14 92 0.699 1.566
score {'boundary': 0.07286802532664793, 'bulk': 0.14029806925261012, 'hook': 0.06812828635526441, 'rare': 0.1398405382787268}
design 0.242
allocate 40000 [3309, 0, 490, 3042, 0, 2785, 0, 2368, 2560, 0, 2846, 0, 0, 0, 0, 0, 1019, 0, 0, 0, 0, 0, 0, 1060, 0, 0, 0, 0, 970, 0, 0, 0, 0, 0, 0, 745, 0, 0, 0, 806, 0]
fit 10 14 132 0.485 2.467
score {'boundary': 0.04453627229432242, 'bulk': 0.09227843938734759, 'hook': 0.04182300129699127, 'rare': 0.10178611500627383}
fit 12 15 164 1.097 3.607
score {'boundary': 0.047390798225611576, 'bulk': 0.08035768728057059, 'hook': 0.03954687610239343, 'rare': 0.10115723553492223}
{
  "episode": 2,
  "seed": 5898176888440093154,
  "scores": {
    "boundary": 0.047390798225611576,
    "bulk": 0.08035768728057059,
    "hook": 0.03954687610239343,
    "rare": 0.10115723553492223
  },
  "cpu": 3.170785388,
  "rss": 82692
}
