fit 8 12 43 0.252 0.879
score {'boundary': 0.16989861281751945, 'bulk': 0.21897505342352516, 'hook': 0.1307361784419219, 'rare': 0.36773779498553516}
design 0.1
allocate 9000 [350, 0, 0, 1202, 0, 852, 0, 900, 0, 921, 935, 0, 0, 0, 0, 0, 0, 0, 0, 0, 0, 0, 0, 0, 0, 0, 0, 0, 0, 0, 0, 0, 0, 0, 0, 0, 0, 0, 0, 0, 0]
fit 10 14 80 0.565 1.604
score {'boundary': 0.11334223697189802, 'bulk': 0.09739508139399063, 'hook': 0.09091109177340587, 'rare': 0.2159853642677217}
design 0.197
allocate 23000 [1684, 0, 0, 2283, 0, 1615, 0, 1548, 0, 1477, 1570, 0, 0, 0, 0, 0, 699, 0, 0, 0, 693, 0, 544, 0, 0, 0, 0, 0, 673, 0, 570, 0, 0, 0, 0, 644, 0, 0, 0, 0, 0]
fit 10 14 113 0.66 2.578
score {'boundary': 0.06626285321582892, 'bulk': 0.09385818971096117, 'hook': 0.0674788292844281, 'rare': 0.036294675237993866}
design 0.152
allocate 40000 [0, 0, 865, 2453, 0, 2141, 0, 2069, 0, 1964, 2398, 0, 0, 0, 0, 0, 886, 0, 0, 0, 968, 0, 717, 0, 0, 0, 0, 0, 853, 0, 0, 870, 0, 0, 0, 816, 0, 0, 0, 0, 0]
fit 10 14 150 0.686 3.547
score {'boundary': 0.050964673249998496, 'bulk': 0.08219151623619826, 'hook': 0.058415608730681065, 'rare': 0.05186075269484571}
fit 12 15 181 1.278 4.86
score {'boundary': 0.05208518895519581, 'bulk': 0.07768480005768084, 'hook': 0.055133214815170035, 'rare': 0.04592174757143116}
{
  "episode": 1,
  "seed": 4112711763878585964,
  "scores": {
    "boundary": 0.05208518895519581,
    "bulk": 0.07768480005768084,
    "hook": 0.055133214815170035,
    "rare": 0.04592174757143116
  },
  "cpu": 4.335093389,
  "rss": 88512
}
