fit 8 12 62 0.561 1.241
score {'boundary': 0.3125401509211538, 'bulk': 0.2737895044607044, 'hook': 0.25075846335399127, 'rare': 0.20137647140611672}
design 0.286
allocate 9000 [1884, 0, 0, 294, 0, 345, 0, 490, 0, 331, 600, 736, 0, 0, 0, 0, 0, 0, 0, 0, 0, 0, 0, 0, 0, 0, 0, 0, 0, 0, 0, 0, 0, 0, 0, 0, 0, 0, 0, 0, 0, 0, 0, 0, 0, 0, 0, 0, 0, 0, 0, 0, 0, 0, 0, 0, 0]
fit 10 14 115 1.283 2.914
score {'boundary': 0.19830926472920798, 'bulk': 0.1712238737901792, 'hook': 0.13085520818147908, 'rare': 0.20319378258590873}
design 0.44
allocate 23000 [4107, 0, 362, 1192, 0, 968, 0, 1581, 633, 417, 1616, 2163, 0, 0, 0, 0, 0, 0, 0, 0, 0, 0, 0, 0, 0, 0, 0, 0, 0, 0, 0, 0, 0, 0, 0, 0, 0, 0, 0, 0, 481, 0, 0, 0, 0, 0, 0, 0, 480, 0, 0, 0, 0, 0, 0, 0, 0]
fit 10 14 170 1.473 5.067
score {'boundary': 0.08949719251797204, 'bulk': 0.11157992069094924, 'hook': 0.0714073011510188, 'rare': 0.10912932561838684}
design 0.347
allocate 40000 [6911, 0, 385, 1457, 0, 1335, 0, 1245, 839, 0, 1371, 1981, 0, 0, 0, 0, 0, 0, 0, 0, 0, 0, 338, 0, 0, 0, 0, 0, 0, 0, 0, 0, 0, 0, 0, 0, 0, 0, 0, 0, 545, 0, 0, 0, 0, 0, 0, 0, 593, 0, 0, 0, 0, 0, 0, 0, 0]
fit 10 14 218 1.176 6.844
score {'boundary': 0.07362575167450373, 'bulk': 0.07469684406197666, 'hook': 0.06916474815553679, 'rare': 0.08783457781193266}
fit 12 15 253 2.409 9.325
score {'boundary': 0.06528151458677524, 'bulk': 0.07189127213605785, 'hook': 0.07149602075535008, 'rare': 0.08729185578840803}
{
  "episode": 5,
  "seed": 4,
  "scores": {
    "boundary": 0.06528151458677524,
    "bulk": 0.07189127213605785,
    "hook": 0.07149602075535008,
    "rare": 0.08729185578840803
  },
  "cpu": 8.826731586,
  "rss": 102096
}
