CONFIG n 8192 checks 384 rank 379 impulses 124119
BEST 156: 84 86 94 120 171 191 291 380 385 397 462 506 564 630 756 760 790 885 938 956 969 1004 1006 1021 1025 1034 1158 1236 1350 1407 1540 1636 1694 1746 1798 1818 1963 2015 2061 2070 2090 2109 2137 2143 2184 2223 2329 2341 2499 2511 2547 2559 2635 2674 2842 2844 2866 2920 3005 3028 3123 3147 3166 3184 3252 3310 3333 3336 3485 3519 3586 3641 3658 3675 3720 3725 3761 3781 3799 3823 3846 3864 3886 3890 4211 4212 4262 4313 4440 4476 4522 4539 4564 4566 4866 4870 5123 5175 5471 5493 5527 5561 5645 5652 5893 5898 6020 6023 6036 6066 6150 6181 6196 6199 6203 6269 6278 6305 6309 6315 6422 6437 6446 6453 6466 6490 6553 6560 6623 6641 6806 6843 6934 6936 7051 7079 7105 7107 7144 7167 7187 7241 7323 7360 7450 7461 7735 7756 7813 7925 7956 7957 7993 8024 8076 8118
BEST 152: 31 93 171 191 271 359 462 506 615 623 731 756 790 885 938 956 1092 1148 1236 1261 1467 1508 1536 1540 1614 1636 1694 1711 1798 1818 1820 1837 1898 1906 1923 1963 1999 2015 2090 2143 2180 2295 2372 2404 2429 2430 2499 2511 2547 2559 2613 2667 2840 2918 2992 3005 3123 3147 3152 3184 3333 3336 3469 3519 3586 3610 3641 3658 3720 3731 3761 3778 3781 3815 3871 3872 4211 4212 4262 4313 4440 4457 4483 4494 4566 4579 4865 4866 4870 4875 5122 5123 5175 5197 5460 5471 5527 5625 5652 5674 5682 5743 5893 6010 6020 6023 6036 6066 6069 6141 6150 6158 6196 6203 6278 6305 6313 6315 6408 6437 6453 6466 6544 6641 6674 6687 6716 6741 6802 6834 6869 6895 6936 6999 7144 7160 7187 7222 7241 7270 7316 7323 7360 7372 7461 7479 7710 7735 7813 7822 7956 7957
BEST 142: 86 93 114 120 192 233 268 291 297 380 564 578 623 630 755 760 956 957 969 1005 1092 1118 1158 1261 1692 1694 1711 1778 1820 1855 1889 1906 1923 1999 2061 2070 2137 2143 2180 2184 2329 2429 2499 2559 2635 2667 2842 2920 2992 3028 3152 3166 3252 3310 3469 3485 3492 3519 3522 3555 3627 3658 3720 3781 3799 3815 3823 3830 3871 3872 4036 4056 4262 4313 4483 4494 4498 4539 4779 4863 5123 5175 5197 5205 5393 5437 5471 5489 5493 5503 5652 5682 5694 5743 5893 5965 5984 6010 6020 6023 6036 6066 6150 6174 6196 6269 6278 6305 6313 6315 6422 6437 6446 6466 6544 6560 6716 6741 6806 6872 6884 6895 6936 6974 7079 7105 7107 7142 7256 7270 7346 7360 7479 7504 7710 7761 7956 7993 8013 8024 8076 8118
BEST 140: 84 93 94 120 171 191 268 271 291 378 564 630 943 957 969 1004 1005 1006 1080 1092 1236 1260 1313 1407 1467 1508 1536 1636 1798 1898 2070 2090 2181 2188 2223 2295 2329 2372 2402 2404 2511 2559 2667 2674 2913 2920 3252 3287 3469 3485 3492 3519 3522 3555 3586 3627 3641 3642 3658 3675 3720 3725 3778 3799 3802 3823 3864 3931 4036 4056 4148 4212 4262 4313 4440 4457 4494 4500 4553 4579 4865 4866 4870 4875 5122 5123 5133 5175 5393 5402 5471 5503 5674 5743 5898 5965 5984 6010 6020 6036 6066 6141 6150 6174 6196 6199 6203 6268 6278 6296 6305 6315 6408 6453 6544 6623 6687 6741 6802 6872 6974 6999 7079 7097 7107 7142 7144 7160 7241 7256 7360 7372 7761 7767 7813 7907 7993 8024 8085 8118
BEST 136: 93 94 171 233 271 291 462 506 543 564 578 623 732 756 885 887 1025 1034 1118 1148 1467 1508 1694 1778 1837 1855 1898 1906 1924 1963 2061 2070 2090 2137 2329 2372 2404 2429 2518 2547 2667 2674 2840 2842 2913 2918 3166 3184 3252 3310 3469 3492 3586 3610 3627 3675 3720 3778 3781 3815 3823 3830 3846 3871 3890 3931 4211 4214 4262 4313 4457 4476 4483 4500 4539 4553 4564 4579 4865 4870 5122 5194 5437 5460 5471 5503 5527 5625 5674 5694 5898 5984 6020 6036 6066 6141 6150 6158 6181 6268 6278 6384 6408 6422 6466 6475 6544 6553 6802 6834 6843 6869 6872 6884 6974 6999 7051 7097 7105 7141 7144 7160 7187 7222 7323 7416 7710 7735 7756 7767 7813 7907 7957 8024 8085 8118
BEST 134: 86 94 114 120 171 191 291 380 543 630 776 887 1005 1021 1090 1148 1158 1236 1260 1261 1536 1636 1746 1778 1818 1820 1898 1906 1963 2015 2061 2090 2143 2158 2181 2184 2404 2430 2499 2518 2635 2667 2842 2844 2918 2920 3019 3028 3120 3184 3333 3336 3519 3522 3610 3627 3731 3753 3761 3778 3799 3802 3871 3872 3890 3931 4262 4313 4372 4476 4539 4566 4870 4875 5123 5133 5194 5197 5393 5402 5460 5503 5527 5561 5652 5674 5682 5694 5893 5898 5965 5984 6020 6023 6036 6066 6150 6268 6278 6305 6416 6437 6453 6475 6674 6687 6834 6843 6934 6936 6948 6974 7144 7167 7187 7190 7222 7256 7316 7323 7346 7360 7372 7416 7461 7504 7597 7649 7682 7767 7813 7822 7993 8024
BEST 132: 31 86 94 120 171 191 226 233 359 380 578 630 687 731 756 760 898 938 1006 1021 1034 1080 1090 1118 1236 1260 1614 1636 1818 1837 1855 1906 1975 2015 2061 2070 2090 2137 2181 2188 2223 2301 2341 2372 2404 2429 2518 2547 2600 2674 2842 2866 3201 3287 3310 3312 3500 3555 3627 3642 3670 3675 3747 3753 3778 3815 3846 3864 3890 3891 4025 4064 4154 4212 4372 4470 4483 4553 4866 4947 5393 5460 5471 5503 5893 5984 6020 6036 6066 6069 6132 6141 6150 6158 6181 6196 6199 6203 6225 6268 6278 6315 6416 6437 6544 6553 6799 6834 6936 6948 6974 6999 7105 7141 7144 7167 7187 7241 7256 7270 7323 7346 7450 7479 7682 7693 7756 7767 7957 7993 8013 8024
BEST 126: 190 214 310 374 960 994 1121 1124 1280 1293 1298 1307 1311 1312 1319 1321 1328 1334 1343 1345 1346 1349 1350 1359 1366 1373 1380 1382 1390 1395 1396 1397 1402 1403 1411 1431 1466 1523 1558 1603 1680 1744 2283 2300 2331 2378 2583 2619 2700 2795 3260 3310 3410 3415 3757 3780 4063 4093 4398 4464 4763 4843 5173 5175 5416 5463 5702 5736 5890 5934 6060 6075 6208 6250 6401 6408 6409 6410 6411 6413 6419 6420 6423 6433 6434 6444 6449 6453 6454 6460 6463 6467 6470 6473 6474 6475 6477 6479 6486 6489 6491 6493 6494 6495 6500 6508 6514 6515 6516 6517 6521 6525 6547 6581 6838 6868 7047 7133 7358 7404 7718 7806 8009 8044 8135 8155
BEST 124: 17 61 137 150 160 220 295 358 450 498 739 755 1027 1028 1040 1057 1064 1067 1076 1149 1525 1527 1579 1583 1587 1628 1928 1965 2240 2259 2538 2553 3027 3033 3160 3187 3275 3309 3396 3403 3414 3449 3630 3660 3697 3706 3751 3839 3995 4043 4289 4298 4437 4440 4447 4477 4526 4544 4630 4661 4792 4858 4870 4985 4987 4989 5002 5049 5142 5191 5214 5222 5223 5243 5315 5318 5805 5885 5919 5980 6043 6112 6144 6201 6233 6257 6276 6285 6567 6622 6631 6655 6665 6691 6918 6930 7026 7029 7063 7073 7233 7266 7359 7384 7432 7441 7693 7704 7774 7778 7853 7883 7915 7934 7950 7990 8035 8056 8071 8125 8129 8163 8185 8188
BEST 120: 3 17 19 48 68 96 150 203 284 356 420 466 813 881 1027 1028 1055 1057 1067 1074 1088 1149 1236 1273 1437 1527 1583 1587 2193 2266 2519 2538 2618 2684 2712 2718 3027 3033 3080 3098 3109 3113 3144 3178 3232 3309 3330 3343 3403 3449 3501 3551 3648 3660 3697 3706 3766 3767 4404 4437 4490 4530 4661 4676 4999 5002 5142 5176 5191 5243 5422 5489 5681 5727 5919 5980 6081 6112 6201 6222 6276 6285 6590 6622 6665 6691 6726 6773 6870 6871 6918 6922 6933 6942 7051 7063 7073 7146 7201 7233 7432 7441 7475 7480 7731 7748 7765 7774 7778 7783 7853 7883 7905 7915 7978 7990 7998 8018 8102 8163
BEST 114: 3 17 19 61 137 203 220 245 327 356 450 466 752 755 796 813 1027 1053 1067 1070 1496 1512 1525 1527 1579 1587 2193 2240 2266 2273 2454 2478 2510 2519 2618 2684 2711 2712 3080 3098 3101 3113 3144 3154 3170 3178 3232 3309 3343 3349 3403 3407 3501 3546 3612 3614 3660 3706 3751 3766 4289 4300 4404 4477 4987 4989 4999 5049 5142 5147 5176 5222 5223 5243 5303 5315 5401 5456 5805 5833 6022 6058 6144 6172 6567 6576 6580 6631 6665 6691 6722 6761 6840 6870 6918 6922 6930 6942 7063 7137 7480 7511 7556 7561 7693 7704 7915 7934 7950 7990 7998 8056 8102 8129
BEST 112: 3 48 220 245 356 358 752 755 796 813 833 856 1028 1053 1067 1076 1236 1273 1496 1525 1928 1958 2510 2553 2618 2684 2948 2988 3109 3154 3170 3178 3232 3296 3330 3347 3368 3384 3407 3418 3501 3567 3612 3614 3630 3648 3660 3706 3751 3767 4285 4289 4409 4437 4490 4530 5002 5049 5142 5147 5191 5203 5212 5222 5223 5243 5297 5298 5389 5489 5805 5885 5937 6007 6042 6058 6144 6152 6172 6222 6431 6464 6567 6576 6691 6761 6840 6871 6930 6943 7432 7441 7446 7475 7556 7561 7693 7704 7720 7721 7774 7783 7883 7915 7949 7950 7990 8056 8071 8077 8102 8185
BEST 106: 3 17 61 68 160 163 220 245 356 358 420 466 796 856 1040 1055 1057 1067 1070 1074 1088 1120 1472 1496 1525 1527 1579 1587 2478 2553 2948 2953 2958 3033 3101 3109 3275 3309 3343 3347 3349 3396 3414 3429 3501 3551 3612 3660 3766 3767 4404 4477 4526 4530 4630 4676 4985 4987 5142 5147 5191 5195 5203 5232 5233 5243 5297 5315 5805 5885 6144 6257 6276 6279 6587 6622 6691 6714 6840 6871 6933 6942 7073 7115 7137 7146 7432 7441 7446 7475 7480 7511 7693 7721 7748 7764 7765 7783 7950 7968 7998 8018 8019 8056 8125 8129
BEST 98: 160 245 295 358 420 466 752 755 813 856 1053 1055 1070 1120 1236 1273 1417 1435 1472 1531 1958 1965 2193 2240 2510 2519 2528 2548 2958 2988 3027 3033 3101 3154 3178 3187 3203 3275 3330 3368 3396 3418 3501 3546 4409 4477 4526 4530 5049 5083 5142 5219 5222 5232 5243 5247 5298 5301 5315 5318 5389 5401 5805 5885 6279 6285 6580 6631 6691 6715 6942 7026 7063 7073 7101 7146 7233 7266 7441 7446 7475 7480 7721 7735 7741 7748 7753 7774 7778 7783 7883 7915 7950 8018 8056 8057 8102 8185
BEST 94: 303 348 603 631 676 728 747 755 816 826 959 971 1099 1137 1140 1146 1198 1247 1328 1359 1371 1403 1422 1453 1469 1523 1825 1859 2305 2315 2340 2415 3092 3119 3123 3155 3269 3311 3626 3634 3717 3724 3859 3881 4260 4335 4407 4435 4446 4458 4483 4504 4534 4595 4737 4768 4907 4966 5026 5039 5249 5263 5307 5367 5493 5499 5914 5960 5967 5968 6296 6377 6388 6395 6534 6564 6583 6633 6652 6653 6790 6847 6895 6900 7081 7123 7141 7161 7434 7526 8024 8040 8136 8153
BEST 92: 18 28 38 69 101 126 210 212 239 250 515 552 599 626 789 790 818 854 1204 1212 1666 1680 1684 1690 1695 1705 1723 1748 1752 1769 1773 1785 1834 1869 2074 2077 2228 2247 2733 2761 3368 3410 3439 3455 3756 3817 3822 3836 3841 3907 3933 3961 4952 4977 5398 5491 6166 6246 6272 6275 6283 6286 6288 6292 6293 6299 6300 6324 6332 6333 6351 6353 6361 6363 6375 6378 6383 6384 6385 6395 6420 6526 6659 6715 6931 6966 7310 7415 7880 7921 8047 8060
BEST 90: 0 101 111 122 157 195 212 250 546 572 587 619 768 790 809 846 1311 1348 1675 1686 1690 1695 1705 1720 1723 1724 1726 1729 1731 1742 1748 1752 1769 1773 1779 1785 1834 1891 2138 2160 2228 2264 2733 2773 3124 3131 3816 3817 3841 3912 3933 3958 4755 4805 4885 4940 4959 4969 6286 6292 6293 6299 6306 6307 6332 6333 6336 6339 6344 6351 6353 6361 6363 6367 6388 6396 6410 6489 6506 6521 6669 6725 6730 6760 7205 7284 7880 7919 7974 8032
BEST 88: 0 38 101 110 162 212 344 370 553 572 599 619 810 832 836 870 1172 1212 1311 1348 1664 1666 1675 1707 1719 1731 1742 1769 1772 1779 1784 1785 1869 1878 2138 2160 3368 3413 3439 3450 3756 3773 3816 3817 3841 3912 4885 4921 4959 4977 5254 5286 6272 6283 6288 6290 6292 6307 6317 6323 6332 6333 6339 6344 6352 6355 6361 6367 6369 6373 6376 6386 6395 6399 6412 6526 6541 6596 6659 6683 6715 6742 6931 6974 7402 7415 7995 8032
BEST 84: 452 497 666 713 968 982 990 998 1218 1220 1236 1247 1413 1524 1537 1604 1671 1721 1723 1730 1731 1738 1996 2045 2055 2102 2103 2121 2131 2133 2145 2146 2315 2343 2361 2384 2664 2665 3091 3111 3394 3447 3525 3554 3611 3653 3713 3767 4163 4203 4239 4286 5381 5395 5407 5421 5435 5484 5797 5841 6291 6294 6297 6334 6378 6379 6591 6621 7208 7236 7259 7291 7311 7363 7766 7773 7842 7894 7899 7935 8124 8156 8164 8166
PROGRESS 10 0.705829 4
PROGRESS 20 1.08245 4
PROGRESS 30 1.44873 4
PROGRESS 40 1.90887 3
BEST 74: 530 627 735 756 908 1004 2060 2063 2064 2090 2200 2214 2309 2313 2635 2637 2761 2765 2969 2984 3201 3228 3241 3290 3352 3385 3389 3433 3491 3531 3633 3696 3722 3725 4303 4342 4764 4766 4810 4812 4816 4822 4831 4838 4946 4953 5333 5371 5415 5460 5560 5596 6155 6176 6237 6249 6280 6285 6402 6417 6451 6460 6487 6494 6560 6588 6623 6654 7477 7530 7559 7604 7937 7966
PROGRESS 50 2.39851 3
PROGRESS 60 2.98904 3
PROGRESS 70 3.52153 3
PROGRESS 80 4.01413 3
PROGRESS 90 4.50379 3
PROGRESS 100 5.03903 3
PROGRESS 110 5.47955 3
PROGRESS 120 5.91814 3
PROGRESS 130 6.35957 3
PROGRESS 140 6.79161 3
BEST 66: 306 310 426 505 578 596 666 679 1347 1359 1679 1680 1703 1735 1742 1766 1770 1771 1772 1783 2366 2397 2478 2555 2979 3040 3257 3310 3461 3564 3590 3611 3634 3645 3654 3661 3662 3667 3672 3695 3698 3706 4368 4446 5293 5372 6208 6235 6253 6258 6306 6337 6338 6379 6657 6741 6989 7028 7195 7256 7319 7404 7747 7767 7861 7926
PROGRESS 150 7.26316 3
PROGRESS 160 7.85098 3
PROGRESS 170 8.3242 3
PROGRESS 180 8.74775 3
PROGRESS 190 9.23819 3
PROGRESS 200 9.69657 3
PROGRESS 210 10.1392 3
PROGRESS 220 10.5944 3
PROGRESS 230 10.9936 3
PROGRESS 240 11.3944 3
PROGRESS 250 11.9224 3
PROGRESS 260 12.4584 3
PROGRESS 270 12.9629 3
PROGRESS 280 13.4549 3
PROGRESS 290 13.9424 3
PROGRESS 300 14.4444 3
PROGRESS 310 14.9338 3
PROGRESS 320 15.3898 3
PROGRESS 330 15.8807 3
PROGRESS 340 16.3771 3
PROGRESS 350 16.7928 3
PROGRESS 360 17.3211 3
PROGRESS 370 17.8086 3
PROGRESS 380 18.241 3
PROGRESS 390 18.6905 3
PROGRESS 400 19.1554 3
PROGRESS 410 19.673 3
PROGRESS 420 20.2411 3
PROGRESS 430 20.8438 3
PROGRESS 440 21.3231 3
PROGRESS 450 21.9124 3
PROGRESS 460 22.3725 3
PROGRESS 470 22.8616 3
PROGRESS 480 23.4839 3
PROGRESS 490 24.008 3
PROGRESS 500 24.4605 3
PROGRESS 510 25.02 3
PROGRESS 520 25.8933 3
PROGRESS 530 26.4072 3
PROGRESS 540 26.9086 3
PROGRESS 550 27.3514 3
PROGRESS 560 27.8737 3
PROGRESS 570 28.4565 3
PROGRESS 580 28.9751 3
PROGRESS 590 29.453 3
PROGRESS 600 29.9912 3
END trials 601 elapsed 30.0378
