anneal 1 60 current 0.05293952087996494 best 0.04422504693054696 temperature 0.00406799854585271 elapsed 6.085597038269043
anneal 1 120 current 0.0535919446646702 best 0.04422504693054696 temperature 0.0013539967202081307 elapsed 12.097835063934326
anneal 1 180 current 0.05376090782620878 best 0.04422504693054696 temperature 0.0004506656277454712 elapsed 17.50287675857544
anneal 1 240 current 0.05355678654753006 best 0.04422504693054696 temperature 0.00015 elapsed 23.83553981781006
anneal 2 60 current 0.05742959369559827 best 0.04422504693054696 temperature 0.00406799854585271 elapsed 37.6649649143219
anneal 2 120 current 0.04941359618377354 best 0.04422504693054696 temperature 0.0013539967202081307 elapsed 44.18559265136719
anneal 2 180 current 0.048733311959708175 best 0.04422504693054696 temperature 0.0004506656277454712 elapsed 51.41177248954773
anneal 2 240 current 0.046838037473455336 best 0.04422504693054696 temperature 0.00015 elapsed 56.3495774269104
anneal 3 60 current 0.057755586146140576 best 0.04422504693054696 temperature 0.00406799854585271 elapsed 62.8570876121521
anneal 3 120 current 0.05315222325291892 best 0.04422504693054696 temperature 0.0013539967202081307 elapsed 69.59175992012024
anneal 3 180 current 0.052150908275616074 best 0.04422504693054696 temperature 0.0004506656277454712 elapsed 75.01686692237854
anneal 3 240 current 0.05172244964423542 best 0.04422504693054696 temperature 0.00015 elapsed 80.20702934265137
anneal 4 60 current 0.04891497991368404 best 0.04422504693054696 temperature 0.00406799854585271 elapsed 86.42374467849731
anneal 4 120 current 0.05234076780083446 best 0.04422504693054696 temperature 0.0013539967202081307 elapsed 93.2609589099884
anneal 4 180 current 0.05234076780060917 best 0.04422504693054696 temperature 0.0004506656277454712 elapsed 98.27016043663025
anneal 4 240 current 0.04929417655645751 best 0.04422504693054696 temperature 0.00015 elapsed 103.56065320968628
anneal 5 60 current 0.0622152939504451 best 0.04422504693054696 temperature 0.00406799854585271 elapsed 108.59377336502075
anneal 5 120 current 0.051566030870444396 best 0.04422504693054696 temperature 0.0013539967202081307 elapsed 112.97364783287048
anneal 5 180 current 0.050630127315689104 best 0.04422504693054696 temperature 0.0004506656277454712 elapsed 117.77581024169922
anneal 5 240 current 0.050608699764135914 best 0.04422504693054696 temperature 0.00015 elapsed 123.83560633659363
anneal 6 60 current 0.054643480774482056 best 0.04422504693054696 temperature 0.00406799854585271 elapsed 129.68895292282104
anneal 6 120 current 0.04677564417158105 best 0.04422504693054696 temperature 0.0013539967202081307 elapsed 133.7912209033966
anneal 6 180 current 0.04638586029977677 best 0.04422504693054696 temperature 0.0004506656277454712 elapsed 137.41197085380554
anneal 6 240 current 0.04522741425200526 best 0.04422504693054696 temperature 0.00015 elapsed 142.45216751098633
anneal 7 60 current 0.06350657847211531 best 0.04422504693054696 temperature 0.00406799854585271 elapsed 147.1034939289093
anneal 7 120 current 0.06059541153469418 best 0.04422504693054696 temperature 0.0013539967202081307 elapsed 153.4910237789154
anneal 7 180 current 0.06029299667379583 best 0.04422504693054696 temperature 0.0004506656277454712 elapsed 158.2351632118225
anneal 7 240 current 0.051479031124014876 best 0.04422504693054696 temperature 0.00015 elapsed 163.35393977165222
anneal 8 60 current 0.06690299447290174 best 0.04422504693054696 temperature 0.00406799854585271 elapsed 168.98177671432495
anneal 8 120 current 0.05488254756561013 best 0.04422504693054696 temperature 0.0013539967202081307 elapsed 173.86594891548157
anneal 8 180 current 0.052041160433548964 best 0.04422504693054696 temperature 0.0004506656277454712 elapsed 179.65619468688965
anneal 8 240 current 0.050479081620888086 best 0.04422504693054696 temperature 0.00015 elapsed 184.82758569717407
anneal 9 60 current 0.05378075083509397 best 0.04422504693054696 temperature 0.00406799854585271 elapsed 189.70955300331116
anneal 9 120 current 0.049889377807346015 best 0.04422504693054696 temperature 0.0013539967202081307 elapsed 194.65561199188232
anneal 9 180 current 0.04877970550249735 best 0.04422504693054696 temperature 0.0004506656277454712 elapsed 200.23851990699768
anneal 9 240 current 0.04694356663570779 best 0.04422504693054696 temperature 0.00015 elapsed 204.74981665611267
anneal 10 60 current 0.047211653733499136 best 0.04422504693054696 temperature 0.00406799854585271 elapsed 209.25177693367004
anneal 10 120 current 0.04585254680253804 best 0.04422504693054696 temperature 0.0013539967202081307 elapsed 213.0104067325592
anneal 10 180 current 0.04781965494699319 best 0.04422504693054696 temperature 0.0004506656277454712 elapsed 217.55452752113342
anneal 10 240 current 0.046020389665545086 best 0.04422504693054696 temperature 0.00015 elapsed 221.89415287971497
anneal 11 60 current 0.046168185295268546 best 0.04365917237174859 temperature 0.00406799854585271 elapsed 226.182710647583
anneal 11 120 current 0.04625198708297115 best 0.04365917237174859 temperature 0.0013539967202081307 elapsed 231.1594696044922
anneal 11 180 current 0.04534934445670911 best 0.04365917237174859 temperature 0.0004506656277454712 elapsed 235.59795928001404
anneal 11 240 current 0.04373670371485636 best 0.04365917237174859 temperature 0.00015 elapsed 239.75516653060913
anneal 12 60 current 0.04454331828719103 best 0.04365917237174859 temperature 0.00406799854585271 elapsed 243.466050863266
anneal 12 120 current 0.04373670371480906 best 0.04365917237174859 temperature 0.0013539967202081307 elapsed 246.51490783691406
anneal 12 180 current 0.0437367037148316 best 0.04365917237174859 temperature 0.0004506656277454712 elapsed 250.78515696525574
anneal 12 240 current 0.04382470555247246 best 0.04365917237174859 temperature 0.00015 elapsed 256.3774182796478
anneal 13 60 current 0.07252290232267355 best 0.04365917237174859 temperature 0.00406799854585271 elapsed 260.414932012558
anneal 13 120 current 0.056822443343048715 best 0.04365917237174859 temperature 0.0013539967202081307 elapsed 264.7486479282379
anneal 13 180 current 0.04975555946100294 best 0.04365917237174859 temperature 0.0004506656277454712 elapsed 268.4841854572296
anneal 13 240 current 0.049755559461226416 best 0.04365917237174859 temperature 0.00015 elapsed 272.4805784225464
anneal 14 60 current 0.05716299727709286 best 0.04365917237174859 temperature 0.00406799854585271 elapsed 277.0561828613281
anneal 14 120 current 0.05334496873091682 best 0.04365917237174859 temperature 0.0013539967202081307 elapsed 281.9006631374359
anneal 14 180 current 0.046719514639768485 best 0.04365917237174859 temperature 0.0004506656277454712 elapsed 286.9916546344757
anneal 14 240 current 0.04373670371480974 best 0.04365917237174859 temperature 0.00015 elapsed 291.552894115448
anneal 15 60 current 0.056140037357187915 best 0.04365917237174859 temperature 0.00406799854585271 elapsed 295.90410232543945
anneal 15 120 current 0.046436076163904105 best 0.04365917237174859 temperature 0.0013539967202081307 elapsed 300.4165253639221
anneal 15 180 current 0.046436076163918344 best 0.04365917237174859 temperature 0.0004506656277454712 elapsed 304.97763180732727
anneal 15 240 current 0.04643607616387158 best 0.04365917237174859 temperature 0.00015 elapsed 309.0603086948395
anneal 16 60 current 0.04837957299128493 best 0.04365917237174859 temperature 0.00406799854585271 elapsed 312.9771773815155
anneal 16 120 current 0.04449824917910762 best 0.04365917237174859 temperature 0.0013539967202081307 elapsed 316.6002564430237
anneal 16 180 current 0.04389961694670428 best 0.04365917237174859 temperature 0.0004506656277454712 elapsed 320.8576920032501
anneal 16 240 current 0.04389961694650894 best 0.04365917237174859 temperature 0.00015 elapsed 324.4131033420563
anneal 17 60 current 0.07144496582051751 best 0.04365917237174859 temperature 0.00406799854585271 elapsed 328.7993836402893
anneal 17 120 current 0.04719738734820295 best 0.04365917237174859 temperature 0.0013539967202081307 elapsed 332.9128248691559
anneal 17 180 current 0.045547124582386286 best 0.04365917237174859 temperature 0.0004506656277454712 elapsed 338.7643735408783
anneal 17 240 current 0.04544175423310037 best 0.04365917237174859 temperature 0.00015 elapsed 343.32647585868835
anneal 18 60 current 0.05815272260504007 best 0.04365917237174859 temperature 0.00406799854585271 elapsed 347.93430376052856
anneal 18 120 current 0.05004045493865697 best 0.04365917237174859 temperature 0.0013539967202081307 elapsed 352.53021264076233
anneal 18 180 current 0.04423914582514755 best 0.04365917237174859 temperature 0.0004506656277454712 elapsed 356.54767394065857
anneal 18 240 current 0.0436591723718911 best 0.04365917237174859 temperature 0.00015 elapsed 361.21856904029846
anneal 19 60 current 0.05035504321849485 best 0.04365917237174859 temperature 0.00406799854585271 elapsed 364.7370445728302
anneal 19 120 current 0.051171808534819924 best 0.04365917237174859 temperature 0.0013539967202081307 elapsed 369.09570384025574
anneal 19 180 current 0.05049499724766903 best 0.04365917237174859 temperature 0.0004506656277454712 elapsed 373.8858027458191
anneal 19 240 current 0.04728422264966235 best 0.04365917237174859 temperature 0.00015 elapsed 378.863076210022
anneal 20 60 current 0.059441177244618136 best 0.04365917237174859 temperature 0.00406799854585271 elapsed 383.14054012298584
anneal 20 120 current 0.051196047847735 best 0.04365917237174859 temperature 0.0013539967202081307 elapsed 386.9143793582916
anneal 20 180 current 0.047947393122182054 best 0.04365917237174859 temperature 0.0004506656277454712 elapsed 390.72562646865845
anneal 20 240 current 0.04794739312230162 best 0.04365917237174859 temperature 0.00015 elapsed 395.56373023986816
anneal 21 60 current 0.06505602838929203 best 0.04365917237174859 temperature 0.00406799854585271 elapsed 399.2285056114197
anneal 21 120 current 0.05954248934531927 best 0.04365917237174859 temperature 0.0013539967202081307 elapsed 403.2190840244293
anneal 21 180 current 0.056138063216779305 best 0.04365917237174859 temperature 0.0004506656277454712 elapsed 406.66241812705994
anneal 21 240 current 0.05419479818537851 best 0.04365917237174859 temperature 0.00015 elapsed 411.40572023391724
anneal 22 60 current 0.06647586494638169 best 0.04365917237174859 temperature 0.00406799854585271 elapsed 415.6051745414734
anneal 22 120 current 0.052406618724174146 best 0.04365917237174859 temperature 0.0013539967202081307 elapsed 419.7922043800354
