beam 1 states 55 best 1.5479996030635959 worst 1.7550408607109176 elapsed 0.11545920372009277
beam 2 states 100 best 1.3705597024490679 worst 1.5353400696096173 elapsed 2.138397216796875
beam 3 states 100 best 1.2770872493995258 worst 1.3514263053334874 elapsed 6.907289981842041
beam 4 states 100 best 1.1364522446602274 worst 1.2442764917501943 elapsed 11.108092069625854
beam 5 states 100 best 1.0225929963116447 worst 1.0843120425573063 elapsed 15.294250249862671
beam 6 states 100 best 0.8302061166133466 worst 0.9534816165290978 elapsed 18.733150243759155
beam 7 states 100 best 0.7402793242654758 worst 0.8734575921042826 elapsed 22.769538640975952
beam 8 states 100 best 0.6630586435457474 worst 0.714529871779691 elapsed 26.381736040115356
beam 9 states 100 best 0.5969845771508222 worst 0.628312415577096 elapsed 30.318908214569092
beam 10 states 100 best 0.5192676201511042 worst 0.5574732568465054 elapsed 33.33223247528076
beam 11 states 100 best 0.45072812058495526 worst 0.484587169302749 elapsed 36.49782156944275
beam 12 states 100 best 0.38039294826139675 worst 0.4287413038130402 elapsed 41.827924966812134
beam 13 states 100 best 0.3378599691063751 worst 0.36892505122417313 elapsed 48.467228174209595
beam 14 states 100 best 0.29216450268391425 worst 0.31792290778205823 elapsed 54.12628412246704
beam 15 states 100 best 0.2487212196331576 worst 0.2702560310213824 elapsed 57.79258632659912
beam 16 states 100 best 0.22500553213098082 worst 0.23817648046108458 elapsed 63.20855641365051
beam 17 states 100 best 0.19493545469745108 worst 0.20899397229869568 elapsed 66.91425275802612
beam 18 states 100 best 0.17190529692145634 worst 0.1821640552902607 elapsed 71.2327127456665
beam 19 states 100 best 0.14873312997778826 worst 0.1569962134273934 elapsed 85.79876208305359
beam 20 states 100 best 0.1293498096288403 worst 0.13542371860286057 elapsed 95.1190013885498
beam 21 states 100 best 0.10297679070507096 worst 0.11505186651320874 elapsed 100.37728714942932
beam 22 states 100 best 0.085738195303438 worst 0.0978897344170134 elapsed 105.88822770118713
beam 23 states 100 best 0.07571979868432645 worst 0.0827370745152755 elapsed 110.87583041191101
beam 24 states 100 best 0.06240270367045211 worst 0.0689687219739349 elapsed 128.81665015220642
