generation 100 best 0.048919770536801854 population 101 worst 0.20042183567060579 elapsed 10.806588172912598
generation 200 best 0.048919770536801854 population 101 worst 0.1246471937129068 elapsed 18.587006092071533
generation 300 best 0.048919770536801854 population 101 worst 0.0845113344575025 elapsed 26.67054319381714
generation 400 best 0.048919770536801854 population 100 worst 0.08080375944696502 elapsed 35.76940441131592
generation 500 best 0.048919770536801854 population 101 worst 0.07364378104304968 elapsed 43.84652638435364
generation 600 best 0.048919770536801854 population 100 worst 0.07156679481618362 elapsed 55.32019567489624
generation 700 best 0.048919770536801854 population 101 worst 0.07067107495051722 elapsed 64.63583755493164
generation 800 best 0.048919770536801854 population 101 worst 0.06855373960455176 elapsed 71.11357569694519
generation 900 best 0.048919770536801854 population 100 worst 0.06827940301959146 elapsed 78.12607979774475
generation 1000 best 0.048919770536801854 population 100 worst 0.06728270281630455 elapsed 86.06705856323242
generation 1100 best 0.048919770536801854 population 100 worst 0.06580600375339753 elapsed 92.52688097953796
generation 1200 best 0.048919770536801854 population 101 worst 0.06455526647314622 elapsed 101.92578458786011
generation 1300 best 0.048919770536801854 population 101 worst 0.06455526647314622 elapsed 108.80897235870361
generation 1400 best 0.048919770536801854 population 101 worst 0.0635946543322653 elapsed 118.33057284355164
generation 1500 best 0.048919770536801854 population 101 worst 0.06353154672914074 elapsed 126.97863459587097
generation 1600 best 0.048919770536801854 population 100 worst 0.06340152802304681 elapsed 134.75021290779114
generation 1700 best 0.048919770536801854 population 101 worst 0.06326017521175478 elapsed 144.2256145477295
generation 1800 best 0.048919770536801854 population 101 worst 0.061606566144427 elapsed 152.71625423431396
generation 1900 best 0.048919770536801854 population 100 worst 0.06100108966481608 elapsed 161.18144726753235
generation 2000 best 0.048919770536801854 population 100 worst 0.060514543343216674 elapsed 169.55287408828735
generation 2100 best 0.048919770536801854 population 100 worst 0.05991960250606569 elapsed 177.96021246910095
generation 2200 best 0.048919770536801854 population 100 worst 0.05981086189722659 elapsed 186.2757444381714
generation 2300 best 0.048919770536801854 population 100 worst 0.059700016283912215 elapsed 194.77050948143005
generation 2400 best 0.048919770536801854 population 101 worst 0.05966473854920076 elapsed 202.56250190734863
generation 2500 best 0.048919770536801854 population 100 worst 0.05961759332145928 elapsed 210.7191972732544
generation 2600 best 0.048919770536801854 population 101 worst 0.05961759332144195 elapsed 217.9567425251007
generation 2700 best 0.048919770536801854 population 101 worst 0.05947887970653263 elapsed 226.67945504188538
generation 2800 best 0.048919770536801854 population 101 worst 0.0594338143480407 elapsed 234.84275364875793
generation 2900 best 0.048919770536801854 population 101 worst 0.0593269107430345 elapsed 243.66186094284058
generation 3000 best 0.048919770536801854 population 101 worst 0.05924309990152527 elapsed 252.39191436767578
generation 3100 best 0.048919770536801854 population 100 worst 0.05921337482387262 elapsed 259.9941072463989
generation 3200 best 0.048919770536801854 population 101 worst 0.05891427515122098 elapsed 267.13700246810913
generation 3300 best 0.048919770536801854 population 100 worst 0.05877580989476572 elapsed 276.78226470947266
generation 3400 best 0.048919770536801854 population 101 worst 0.0586458237429696 elapsed 284.33753967285156
generation 3500 best 0.048919770536801854 population 101 worst 0.05844273878293629 elapsed 292.85992074012756
generation 3600 best 0.048919770536801854 population 101 worst 0.058341473249087256 elapsed 302.89839267730713
generation 3700 best 0.048919770536801854 population 100 worst 0.05815408265982748 elapsed 311.6116349697113
generation 3800 best 0.048919770536801854 population 100 worst 0.058001432296267384 elapsed 321.7324788570404
generation 3900 best 0.048919770536801854 population 100 worst 0.05779084734554428 elapsed 329.20443320274353
generation 4000 best 0.048919770536801854 population 101 worst 0.05772677526298698 elapsed 338.3407781124115
generation 4100 best 0.048919770536801854 population 101 worst 0.057596379946952755 elapsed 346.9050235748291
generation 4200 best 0.048919770536801854 population 101 worst 0.057459744178170985 elapsed 354.64237904548645
generation 4300 best 0.048919770536801854 population 101 worst 0.05730611308395355 elapsed 361.8726005554199
generation 4400 best 0.048919770536801854 population 101 worst 0.057013210521001056 elapsed 369.0407700538635
generation 4500 best 0.048919770536801854 population 101 worst 0.05672403013947941 elapsed 377.55878925323486
generation 4600 best 0.048919770536801854 population 100 worst 0.056568240674349186 elapsed 385.0179400444031
generation 4700 best 0.048919770536801854 population 101 worst 0.05656317814909784 elapsed 392.62251019477844
generation 4800 best 0.048919770536801854 population 100 worst 0.056551077749402254 elapsed 399.3680970668793
generation 4900 best 0.048919770536801854 population 100 worst 0.05646420945701552 elapsed 406.62997460365295
generation 5000 best 0.048919770536801854 population 101 worst 0.056414708513611446 elapsed 413.861275434494
generation 5100 best 0.048919770536801854 population 101 worst 0.05629612281036377 elapsed 421.4754762649536
generation 5200 best 0.048919770536801854 population 101 worst 0.056060978900850475 elapsed 428.8714940547943
generation 5300 best 0.048919770536801854 population 101 worst 0.05604207338936018 elapsed 435.6778492927551
generation 5400 best 0.048919770536801854 population 100 worst 0.05593197901268696 elapsed 443.477157831192
generation 5500 best 0.048919770536801854 population 101 worst 0.05589972821648464 elapsed 450.0090217590332
generation 5600 best 0.048919770536801854 population 100 worst 0.05588071988615055 elapsed 457.47687816619873
generation 5700 best 0.048919770536801854 population 101 worst 0.05567941733883688 elapsed 463.9818878173828
generation 5800 best 0.048919770536801854 population 100 worst 0.05567941733880499 elapsed 470.19781160354614
generation 5900 best 0.048919770536801854 population 101 worst 0.055599254334142756 elapsed 476.9233412742615
generation 6000 best 0.048919770536801854 population 101 worst 0.05552935255121061 elapsed 485.0699791908264
generation 6100 best 0.048919770536801854 population 100 worst 0.05549232180747058 elapsed 491.1020464897156
generation 6200 best 0.048919770536801854 population 100 worst 0.055484776781195434 elapsed 498.90628266334534
generation 6300 best 0.048919770536801854 population 101 worst 0.05502623811629655 elapsed 505.26466274261475
generation 6400 best 0.048919770536801854 population 100 worst 0.05484556872695314 elapsed 510.96777510643005
generation 6500 best 0.048919770536801854 population 100 worst 0.054668438962832064 elapsed 517.2981159687042
generation 6600 best 0.048919770536801854 population 100 worst 0.054589099938050695 elapsed 523.598650932312
generation 6700 best 0.048919770536801854 population 100 worst 0.054545311367816075 elapsed 531.9979441165924
generation 6800 best 0.048919770536801854 population 101 worst 0.054399535921984044 elapsed 538.8124890327454
generation 6900 best 0.048919770536801854 population 101 worst 0.054383023269988146 elapsed 546.454208612442
generation 7000 best 0.048919770536801854 population 101 worst 0.05438302326994493 elapsed 554.5967128276825
generation 7100 best 0.048919770536801854 population 100 worst 0.05438302326993614 elapsed 560.4924983978271
generation 7200 best 0.048919770536801854 population 100 worst 0.054296803366511645 elapsed 568.6383650302887
generation 7300 best 0.048919770536801854 population 100 worst 0.05428015521708719 elapsed 574.3867144584656
generation 7400 best 0.048919770536801854 population 101 worst 0.054274231799099404 elapsed 582.3687844276428
generation 7500 best 0.048919770536801854 population 100 worst 0.05416700245402711 elapsed 587.3640158176422
generation 7600 best 0.048919770536801854 population 101 worst 0.05416700245402711 elapsed 594.5063025951385
