round 1 penalty 1e-05 relaxed [0.99999984 0.00409053] pure 0.6934267376036027 hardloss 0.04891977053680705 elapsed 4.422708511352539
round 1 penalty 0.0001 relaxed [0.99999489 0.1434553 ] pure 0.7889863775162622 hardloss 0.05323326161326809 elapsed 7.56758451461792
round 1 penalty 0.001 relaxed [0.99994433 0.39653173] pure 0.8411029737973839 hardloss 0.053233261613270216 elapsed 10.529935359954834
round 1 penalty 0.01 relaxed [0.9985299  0.63473381] pure 0.8769286635959849 hardloss 0.05101060248199971 elapsed 13.77830982208252
round 1 penalty 0.1 relaxed [0.98356658 0.93713404] pure 0.9544390376624706 hardloss 0.04891977053686104 elapsed 16.528336763381958
round 1 penalty 1.0 relaxed [0.97553798 0.99952808] pure 0.9997977445578524 hardloss 0.04891977053682463 elapsed 19.256434440612793
round 2 penalty 1e-05 relaxed [0.99999971 0.03563365] pure 0.7349343489879151 hardloss 0.048919770536804665 elapsed 21.799734830856323
round 2 penalty 0.0001 relaxed [0.99999488 0.17394544] pure 0.794857241698485 hardloss 0.052734624362659 elapsed 24.46937084197998
round 2 penalty 0.001 relaxed [0.99995795 0.43371515] pure 0.851979639070834 hardloss 0.0527346243626161 elapsed 27.653856992721558
round 2 penalty 0.01 relaxed [0.99891042 0.62124225] pure 0.870482637646926 hardloss 0.04891977053699332 elapsed 31.320267915725708
round 2 penalty 0.1 relaxed [0.98330406 0.93646463] pure 0.946918701514624 hardloss 0.04891977053685744 elapsed 35.05747580528259
round 2 penalty 1.0 relaxed [0.97553678 0.99954224] pure 0.9998472222365571 hardloss 0.048919770536832434 elapsed 37.7555034160614
round 3 penalty 1e-05 relaxed [0.99999938 0.05430375] pure 0.7596789961987763 hardloss 0.05606912951229739 elapsed 40.553749561309814
round 3 penalty 0.0001 relaxed [0.99999529 0.20310275] pure 0.8071171977274302 hardloss 0.056069129512352635 elapsed 43.64890241622925
round 3 penalty 0.001 relaxed [0.99993032 0.39210842] pure 0.8506106949636413 hardloss 0.056353617218255776 elapsed 46.628705739974976
round 3 penalty 0.01 relaxed [0.99865958 0.6127185 ] pure 0.8721359132256001 hardloss 0.05635361721821038 elapsed 49.686060667037964
round 3 penalty 0.1 relaxed [0.98286953 0.94601657] pure 0.9534951678069138 hardloss 0.04891977053693229 elapsed 52.0540714263916
round 3 penalty 1.0 relaxed [0.97553898 0.99968349] pure 0.9998470995294674 hardloss 0.048919770536915326 elapsed 54.562769174575806
round 4 penalty 1e-05 relaxed [0.99999965 0.01204018] pure 0.6490293445960574 hardloss 0.04891977053686373 elapsed 57.83400511741638
round 4 penalty 0.0001 relaxed [0.99999769 0.13884978] pure 0.7659039828294011 hardloss 0.048919770536946176 elapsed 60.94587278366089
round 4 penalty 0.001 relaxed [0.99995532 0.38922966] pure 0.8335511902983511 hardloss 0.05323326161348764 elapsed 63.88462281227112
round 4 penalty 0.01 relaxed [0.99871525 0.61835703] pure 0.8695707936899687 hardloss 0.04891977053695913 elapsed 66.53240633010864
round 4 penalty 0.1 relaxed [0.98313168 0.93896244] pure 0.9456006084228088 hardloss 0.048919770536853674 elapsed 69.52062392234802
round 4 penalty 1.0 relaxed [0.97553761 0.99956574] pure 0.9998196906211261 hardloss 0.04891977053684493 elapsed 73.62971019744873
round 5 penalty 1e-05 relaxed [0.99999968 0.00791759] pure 0.6957689770287105 hardloss 0.04891977053680867 elapsed 76.20533275604248
round 5 penalty 0.0001 relaxed [0.99999395 0.12939992] pure 0.7664566625064272 hardloss 0.048919770536808085 elapsed 78.58028841018677
round 5 penalty 0.001 relaxed [0.99994248 0.41258214] pure 0.8546170568568366 hardloss 0.04891977053683035 elapsed 80.85700798034668
round 5 penalty 0.01 relaxed [0.99884462 0.64822674] pure 0.8754141922107289 hardloss 0.04891977053684834 elapsed 83.8189685344696
round 5 penalty 0.1 relaxed [0.98575568 0.92803042] pure 0.939859957922344 hardloss 0.04891977053680262 elapsed 86.68707752227783
round 5 penalty 1.0 relaxed [0.97553886 0.9995919 ] pure 0.9998318717664043 hardloss 0.0489197705368043 elapsed 89.78823947906494
round 6 penalty 1e-05 relaxed [0.99999968 0.02087058] pure 0.7328203854458405 hardloss 0.04891977053682815 elapsed 93.30116701126099
round 6 penalty 0.0001 relaxed [0.99998852 0.17508749] pure 0.8130366985519658 hardloss 0.0489197705368288 elapsed 96.26770091056824
round 6 penalty 0.001 relaxed [0.99994316 0.35612971] pure 0.8507492141887033 hardloss 0.04891977053681403 elapsed 100.00533366203308
round 6 penalty 0.01 relaxed [0.99821148 0.59591157] pure 0.8856931026576541 hardloss 0.05635361721822283 elapsed 102.75270342826843
round 6 penalty 0.1 relaxed [0.98337964 0.93679978] pure 0.9460925060760678 hardloss 0.04891977053684099 elapsed 106.977374792099
round 6 penalty 1.0 relaxed [0.97553534 0.99920386] pure 0.9997267097889448 hardloss 0.04891977053680459 elapsed 109.3893723487854
round 7 penalty 1e-05 relaxed [0.99999936 0.03006983] pure 0.7169632800454894 hardloss 0.04891977053682144 elapsed 112.92965149879456
round 7 penalty 0.0001 relaxed [0.99999021 0.19300102] pure 0.7968559805083753 hardloss 0.048919770536903544 elapsed 115.35261416435242
round 7 penalty 0.001 relaxed [0.99995018 0.39992199] pure 0.8485396416332414 hardloss 0.05537913227585884 elapsed 118.82637310028076
round 7 penalty 0.01 relaxed [0.99892911 0.5867112 ] pure 0.8681684804146667 hardloss 0.053665085691887 elapsed 123.24481320381165
round 7 penalty 0.1 relaxed [0.9816252  0.94726107] pure 0.9639407989316523 hardloss 0.04891977053682206 elapsed 126.84712243080139
round 7 penalty 1.0 relaxed [0.97553515 0.9996722 ] pure 0.9998368473633775 hardloss 0.048919770536834974 elapsed 129.77696895599365
round 8 penalty 1e-05 relaxed [0.99999973 0.02049314] pure 0.6668620933691254 hardloss 0.048919770536839144 elapsed 134.1863193511963
sector_10_6_d24 BEST 24 loss 0.0489197705368 elapsed 137.45
round 8 penalty 0.0001 relaxed [0.99999424 0.1746842 ] pure 0.774479515732499 hardloss 0.048919770536801854 elapsed 137.56996250152588
round 8 penalty 0.001 relaxed [0.99995904 0.38997379] pure 0.826511920910416 hardloss 0.04891977053680937 elapsed 140.69528985023499
round 8 penalty 0.01 relaxed [0.99841326 0.63307023] pure 0.847118346659593 hardloss 0.048919770536868745 elapsed 144.3619658946991
round 8 penalty 0.1 relaxed [0.98435067 0.92998751] pure 0.9404165074520493 hardloss 0.048919770536957764 elapsed 146.59821271896362
round 8 penalty 1.0 relaxed [0.97554143 0.9996157 ] pure 0.9997905564685627 hardloss 0.04891977053682294 elapsed 149.1692454814911
round 9 penalty 1e-05 relaxed [0.99999969 0.02213627] pure 0.7348486598094556 hardloss 0.04891977053693422 elapsed 151.7842206954956
round 9 penalty 0.0001 relaxed [0.99999514 0.14498056] pure 0.7941098383148143 hardloss 0.048919770536834446 elapsed 153.98183846473694
