{"seed": 1, "eval": 25, "loss": 0.2644568413850731, "total": 0.2798766406632708, "sum": 60.70553015765529, "fractional": 0.08756344908251631, "elapsed": 18.517468324978836}
{"seed": 1, "eval": 50, "loss": 0.15210969395237675, "total": 0.16398593829185953, "sum": 59.88482187444376, "fractional": 0.11235295054122446, "elapsed": 38.43548493296839}
{"seed": 1, "eval": 75, "loss": 0.11320754583619808, "total": 0.1155737168343252, "sum": 56.626738401618766, "fractional": 0.12588303442087, "elapsed": 57.0298064959934}
{"seed": 1, "eval": 100, "loss": 0.09116954708850536, "total": 0.09299416624449595, "sum": 56.30664029681019, "fractional": 0.12974857356514988, "elapsed": 75.29926660901401}
{"seed": 1, "eval": 125, "loss": 0.08197618387013418, "total": 0.0843990730565776, "sum": 56.65803402304579, "fractional": 0.1312064259875355, "elapsed": 94.93635508901207}
{"seed": 1, "eval": 150, "loss": 0.07641825890681633, "total": 0.0775659222307853, "sum": 55.82936771937561, "fractional": 0.13267687497183236, "elapsed": 117.8388403300196}
{"seed": 1, "eval": 175, "loss": 0.07284984627146127, "total": 0.07340618952409216, "sum": 55.27369420375209, "fractional": 0.13117273561481138, "elapsed": 142.05142900999635}
{"seed": 1, "eval": 200, "loss": 0.06981436987094267, "total": 0.07052666550390216, "sum": 55.44119882934656, "fractional": 0.1296005293568944, "elapsed": 165.93599735497264}
{"seed": 1, "eval": 225, "loss": 0.06692131419916969, "total": 0.06772928670794533, "sum": 55.53494229063824, "fractional": 0.1272508250693607, "elapsed": 188.8208276659716}
{"seed": 1, "eval": 250, "loss": 0.06349128485174527, "total": 0.0643851369428836, "sum": 55.614457400416434, "fractional": 0.12382569017937135, "elapsed": 211.19039941200754}
{"seed": 1, "eval": 275, "loss": 0.059274459531318435, "total": 0.05969435461718149, "sum": 55.10653245337707, "fractional": 0.12324439736126383, "elapsed": 234.13514368998585}
{"seed": 1, "eval": 300, "loss": 0.055117733256257295, "total": 0.05550091746493129, "sum": 55.05705494298706, "fractional": 0.12237690083157658, "elapsed": 258.69935414596694}
{"seed": 1, "eval": 325, "loss": 0.0519884311095304, "total": 0.052589996687003586, "sum": 55.32444902654342, "fractional": 0.11955562676878984, "elapsed": 280.1699501950061}
{"seed": 1, "eval": 350, "loss": 0.050413268158823354, "total": 0.05072787944952681, "sum": 54.95781340755455, "fractional": 0.1196526141865446, "elapsed": 300.58468640298815}
{"seed": 1, "eval": 375, "loss": 0.04853842679295479, "total": 0.04864569981861607, "sum": 54.559292537790654, "fractional": 0.1204833221400663, "elapsed": 320.85913705301937}
{"seed": 1, "eval": 400, "loss": 0.04686620573391547, "total": 0.04697544767949853, "sum": 54.56440190761567, "fractional": 0.11964404453749669, "elapsed": 342.02619312901516}
{"seed": 1, "eval": 425, "loss": 0.045166296001981035, "total": 0.04539492720171954, "sum": 54.81650999898193, "fractional": 0.11886774639914743, "elapsed": 361.2308271859656}
{"seed": 1, "eval": 450, "loss": 0.04369893800410424, "total": 0.0440021314263189, "sum": 54.94027231118328, "fractional": 0.11637145219740407, "elapsed": 380.24480499501806}
FINAL 1 STOP: TOTAL NO. of ITERATIONS REACHED LIMIT continuous 0.042832303408088426 binary 0.7887243353186955 sum 54.86100895162144 time 393.4126654010033
PATTERN 1 [0.0, 0.244, 1.0, 0.576, 0.23, 0.378, 0.001, 0.539, 0.313, 1.0, 0.046, 0.166, 0.942, 0.807, 0.954, 0.975, 0.994, 0.055, 0.103, 0.802, 0.346, 0.23, 0.074, 0.118, 0.189, 0.11, 0.784, 0.004, 0.999, 0.03, 0.07, 0.728, 0.905, 0.001, 0.904, 0.0, 1.0, 0.682, 0.636, 0.0, 0.0, 0.642, 0.042, 0.238, 0.4, 0.003, 0.6, 0.322, 0.118, 0.143, 0.305, 0.25, 0.702, 0.888, 0.331, 0.996, 0.331, 0.173, 0.436, 0.403, 0.028, 0.77, 0.977, 0.163, 0.614, 0.277, 0.329, 0.994, 0.239, 0.033, 0.0, 0.153, 0.0, 0.0, 0.0, 0.024, 0.215, 0.717, 0.0, 0.234, 0.167, 0.275, 0.009, 0.0, 1.0, 1.0, 0.459, 0.909, 0.847, 0.186, 0.158, 0.0, 0.591, 0.891, 0.699, 0.0, 0.336, 0.006, 0.052, 0.61, 0.087, 0.661, 0.541, 0.989, 0.999, 0.234, 0.0, 0.0, 0.804, 0.79, 0.006, 0.324, 0.0, 0.114, 0.904, 0.195, 0.657, 0.818, 0.159, 0.041, 0.552, 0.59, 0.0, 0.394, 0.388, 0.03, 0.479, 0.647, 0.093, 0.455, 0.0, 0.48, 0.543, 0.045, 0.881, 0.158, 0.962, 0.002, 0.0, 0.009, 0.0, 0.095, 0.284, 0.233]
{"seed": 101, "eval": 20, "total": 0.0658471896543829, "sum": 54.640543108693805, "fractional": 0.11484819606081453, "elapsed": 28.640936796029564}
{"seed": 101, "eval": 40, "total": 0.06563079556947432, "sum": 54.59798809803559, "fractional": 0.11477523307716272, "elapsed": 58.68219185504131}
{"seed": 101, "eval": 60, "total": 0.06523321044933254, "sum": 54.52366351931417, "fractional": 0.11470485448557406, "elapsed": 88.59568445105106}
{"seed": 101, "eval": 80, "total": 0.06484271981456127, "sum": 54.470744681342055, "fractional": 0.11429172563695143, "elapsed": 117.95692230999703}
{"seed": 101, "eval": 100, "total": 0.06460520960827756, "sum": 54.446076211039575, "fractional": 0.11399025231728047, "elapsed": 145.29474191903137}
{"seed": 101, "eval": 120, "total": 0.06446346984634083, "sum": 54.43014380607759, "fractional": 0.11380209313042561, "elapsed": 172.146176484006}
{"seed": 101, "eval": 140, "total": 0.06438218277180563, "sum": 54.41552538735459, "fractional": 0.11373950104205442, "elapsed": 200.4908211370348}
{"seed": 101, "eval": 160, "total": 0.06364472666134939, "sum": 54.349640284993924, "fractional": 0.11234149801698222, "elapsed": 228.04713601700496}
{"seed": 101, "eval": 180, "total": 0.06280493461697327, "sum": 54.29581010970398, "fractional": 0.1103802690928282, "elapsed": 254.6189466030337}
{"seed": 101, "eval": 200, "total": 0.061098573042281876, "sum": 54.20867642045475, "fractional": 0.10635841030549928, "elapsed": 280.223614462011}
{"seed": 101, "eval": 220, "total": 0.05857004396170699, "sum": 54.19891406066966, "fractional": 0.1015451369727201, "elapsed": 308.35880563099636}
{"seed": 101, "eval": 240, "total": 0.056835078310531674, "sum": 54.180314559913406, "fractional": 0.0993439286558243, "elapsed": 336.23892203200376}
{"seed": 101, "eval": 260, "total": 0.05515498203006489, "sum": 54.15872375755695, "fractional": 0.09724736207775758, "elapsed": 364.21429789601825}
{"seed": 101, "eval": 280, "total": 0.054346500475216594, "sum": 54.1603380533702, "fractional": 0.09572794048324113, "elapsed": 390.5984829540248}
{"seed": 101, "eval": 300, "total": 0.05335982066384358, "sum": 54.15618123910465, "fractional": 0.0941060918489604, "elapsed": 417.52929905004567}
FINAL 101 The maximum number of function evaluations is exceeded. continuous 0.0356650505461374 binary 1.4073866475801868 sum 54.15618123910465 time 418.50757549802074
PATTERN 101 [0.0, 0.213, 1.0, 0.466, 0.281, 0.178, 0.0, 0.294, 0.388, 0.968, 0.017, 0.028, 0.813, 0.923, 0.996, 0.902, 0.91, 0.105, 0.037, 0.67, 0.354, 0.139, 0.002, 0.0, 0.18, 0.089, 0.775, 0.0, 0.666, 0.05, 0.0, 0.913, 0.967, 0.0, 1.0, 0.0, 1.0, 0.984, 0.228, 0.176, 0.064, 0.41, 0.0, 0.399, 0.249, 0.062, 0.947, 0.264, 0.097, 0.19, 0.369, 0.325, 0.402, 0.987, 0.248, 0.995, 0.189, 0.523, 0.449, 0.49, 0.0, 0.535, 1.0, 0.168, 0.99, 0.226, 0.414, 0.914, 0.064, 0.004, 0.043, 0.746, 0.014, 0.01, 0.0, 0.0, 0.154, 0.482, 0.001, 0.0, 0.184, 0.058, 0.0, 0.0, 0.984, 1.0, 0.281, 0.958, 0.999, 0.246, 0.07, 0.0, 1.0, 0.91, 0.122, 0.001, 0.936, 0.0, 0.0, 0.423, 0.052, 0.542, 0.429, 0.857, 1.0, 0.098, 0.0, 0.0, 0.941, 1.0, 0.074, 0.443, 0.025, 0.005, 1.0, 0.278, 0.436, 0.94, 0.035, 0.097, 0.399, 0.621, 0.0, 0.676, 0.364, 0.0, 0.335, 0.666, 0.223, 0.24, 0.0, 0.637, 0.938, 0.0, 1.0, 0.144, 1.0, 0.019, 0.0, 0.0, 0.0, 0.003, 0.022, 0.301]
