STAGE legacy_seed ALLOWANCE 5
seed case_d290a23008b64924bc48 1e-07 [(64, 0.7412903), (59, 0.6803841), (75, 0.6574644), (0, 0.6470885), (46, 0.3392362), (50, 0.3201815), (37, 0.2698884), (91, 0.2676396), (48, 0.1627851), (78, 0.1500431), (84, 0.1370062), (1, 0.1119915), (72, 0.1119769), (85, 0.1116977), (90, 0.1088246), (67, 0.1059877), (34, 0.1006719), (66, 0.0948613), (36, 0.093303), (41, 0.0858425), (49, 0.0840919), (43, 0.0766357), (73, 0.0727603)]
seed case_d290a23008b64924bc48 1e-09 [(64, 0.7412903), (59, 0.6803841), (75, 0.6574644), (0, 0.6470885), (46, 0.3392362), (50, 0.3201815), (37, 0.2698884), (91, 0.2676396), (48, 0.1627851), (78, 0.1500431), (84, 0.1370062), (1, 0.1119915), (72, 0.1119769), (85, 0.1116977), (90, 0.1088246), (67, 0.1059877), (34, 0.1006719), (66, 0.0948613), (36, 0.093303), (41, 0.0858425), (49, 0.0840919), (43, 0.0766357), (73, 0.0727603)]
seed case_d290a23008b64924bc48 1e-05 [(64, 0.7412903), (59, 0.6803841), (75, 0.6574644), (0, 0.6470885), (46, 0.3392362), (50, 0.3201815), (37, 0.2698884), (91, 0.2676396), (48, 0.1627851), (78, 0.1500431), (84, 0.1370062), (1, 0.1119915), (72, 0.1119769), (85, 0.1116977), (90, 0.1088246), (67, 0.1059877), (34, 0.1006719), (66, 0.0948613), (36, 0.093303), (41, 0.0858425), (49, 0.0840919), (43, 0.0766357), (73, 0.0727603)]
seed case_d290a23008b64924bc48 1e-11 [(64, 0.7412903), (59, 0.6803841), (75, 0.6574644), (0, 0.6470885), (46, 0.3392362), (50, 0.3201815), (37, 0.2698884), (91, 0.2676396), (48, 0.1627851), (78, 0.1500431), (84, 0.1370062), (1, 0.1119915), (72, 0.1119769), (85, 0.1116977), (90, 0.1088246), (67, 0.1059877), (34, 0.1006719), (66, 0.0948613), (36, 0.093303), (41, 0.0858425), (49, 0.0840919), (43, 0.0766357), (73, 0.0727603)]
seed case_d290a23008b64924bc48 0.001 [(64, 1.0468086), (59, 0.6636579), (0, 0.6468515), (75, 0.6258923), (50, 0.3215828), (37, 0.287231), (78, 0.2756232), (1, 0.1743255), (91, 0.1417382), (48, 0.1350198), (49, 0.1286942), (41, 0.1270654), (66, 0.1243247), (72, 0.1236409), (85, 0.1233011), (90, 0.1213677), (67, 0.1160235), (11, 0.0969331), (35, 0.0939984), (12, 0.092625), (43, 0.091957), (34, 0.0837697), (32, 0.0793845)]
case_d290a23008b64924bc48 best 0.05764217675033165 trace 7.516327639724198 support [0, 1, 11, 37, 41, 48, 49, 50, 59, 64, 66, 67, 72, 75, 78, 85, 90, 91]
seed case_d290a23008b64924bc48 1e-13 [(64, 0.7412903), (59, 0.6803841), (75, 0.6574644), (0, 0.6470885), (46, 0.3392362), (50, 0.3201815), (37, 0.2698884), (91, 0.2676396), (48, 0.1627851), (78, 0.1500431), (84, 0.1370062), (1, 0.1119915), (72, 0.1119769), (85, 0.1116977), (90, 0.1088246), (67, 0.1059877), (34, 0.1006719), (66, 0.0948613), (36, 0.093303), (41, 0.0858425), (49, 0.0840919), (43, 0.0766357), (73, 0.0727603)]
seed case_d290a23008b64924bc48 1.0 [(75, 0.6401674), (0, 0.6148435), (64, 0.594051), (59, 0.3722293), (37, 0.2385389), (66, 0.1912375), (90, 0.1498841), (91, 0.1228717), (52, 0.1031772), (15, 0.1029474), (50, 0.100537), (10, 0.0978628), (78, 0.0936463), (43, 0.0910136), (84, 0.0891985), (48, 0.0848975), (49, 0.0811377), (72, 0.0789591), (85, 0.0788253), (41, 0.0782802), (58, 0.0773007), (67, 0.0762493), (82, 0.0757875)]
case_d290a23008b64924bc48 best 0.002590568323063453 trace 7.780961485270632 support [0, 10, 15, 37, 43, 48, 49, 50, 52, 59, 64, 66, 72, 75, 78, 84, 90, 91]
BEST case_d290a23008b64924bc48 0.002590568323063453 trace 7.780961485270632 support [0, 10, 15, 37, 43, 48, 49, 50, 52, 59, 64, 66, 72, 75, 78, 84, 90, 91]
STAGE whitened_seed ALLOWANCE 45.0
BEST case_d290a23008b64924bc48 0.002590568323063453 trace 7.780961485270632 support [0, 10, 15, 37, 43, 48, 49, 50, 52, 59, 64, 66, 72, 75, 78, 84, 90, 91]
SEED case_d290a23008b64924bc48 1e-07 [(64, 1.0928156658932688), (59, 0.8641020267393109), (84, 0.8507994337437667), (15, 0.8300672940308846), (78, 0.7280304961112886), (25, 0.7154946742840496), (0, 0.6480265345936214), (75, 0.6084273761897571), (90, 0.44382444991227993), (50, 0.31959205980225147), (1, 0.26874134527073834), (6, 0.17584115015122118), (40, 0.10370792509524648), (87, 0.06661233012129282), (76, 0.0221368301897943), (69, 0.01896184956530641)]
SEED case_d290a23008b64924bc48 1e-09 [(64, 1.0928156658932688), (59, 0.8641020267393109), (84, 0.8507994337437667), (15, 0.8300672940308846), (78, 0.7280304961112886), (25, 0.7154946742840496), (0, 0.6480265345936214), (75, 0.6084273761897571), (90, 0.44382444991227993), (50, 0.31959205980225147), (1, 0.26874134527073834), (6, 0.17584115015122118), (40, 0.10370792509524648), (87, 0.06661233012129282), (76, 0.0221368301897943), (69, 0.01896184956530641)]
SEED case_d290a23008b64924bc48 1e-11 [(64, 1.0928156658932688), (59, 0.8641020267393109), (84, 0.8507994337437667), (15, 0.8300672940308846), (78, 0.7280304961112886), (25, 0.7154946742840496), (0, 0.6480265345936214), (75, 0.6084273761897571), (90, 0.44382444991227993), (50, 0.31959205980225147), (1, 0.26874134527073834), (6, 0.17584115015122118), (40, 0.10370792509524648), (87, 0.06661233012129282), (76, 0.0221368301897943), (69, 0.01896184956530641)]
SEED case_d290a23008b64924bc48 1e-05 [(64, 1.0928156658932688), (59, 0.8641020267393109), (84, 0.8507994337437667), (15, 0.8300672940308846), (78, 0.7280304961112886), (25, 0.7154946742840496), (0, 0.6480265345936214), (75, 0.6084273761897571), (90, 0.44382444991227993), (50, 0.31959205980225147), (1, 0.26874134527073834), (6, 0.17584115015122118), (40, 0.10370792509524648), (87, 0.06661233012129282), (76, 0.0221368301897943), (69, 0.01896184956530641)]
SEED case_d290a23008b64924bc48 1e-13 [(64, 1.0928156658932688), (59, 0.8641020267393109), (84, 0.8507994337437667), (15, 0.8300672940308846), (78, 0.7280304961112886), (25, 0.7154946742840496), (0, 0.6480265345936214), (75, 0.6084273761897571), (90, 0.44382444991227993), (50, 0.31959205980225147), (1, 0.26874134527073834), (6, 0.17584115015122118), (40, 0.10370792509524648), (87, 0.06661233012129282), (76, 0.0221368301897943), (69, 0.01896184956530641)]
SEED case_d290a23008b64924bc48 1e-06 [(64, 1.0928156658932688), (59, 0.8641020267393109), (84, 0.8507994337437667), (15, 0.8300672940308846), (78, 0.7280304961112886), (25, 0.7154946742840496), (0, 0.6480265345936214), (75, 0.6084273761897571), (90, 0.44382444991227993), (50, 0.31959205980225147), (1, 0.26874134527073834), (6, 0.17584115015122118), (40, 0.10370792509524648), (87, 0.06661233012129282), (76, 0.0221368301897943), (69, 0.01896184956530641)]
SEED case_d290a23008b64924bc48 1e-08 [(64, 1.0928156658932688), (59, 0.8641020267393109), (84, 0.8507994337437667), (15, 0.8300672940308846), (78, 0.7280304961112886), (25, 0.7154946742840496), (0, 0.6480265345936214), (75, 0.6084273761897571), (90, 0.44382444991227993), (50, 0.31959205980225147), (1, 0.26874134527073834), (6, 0.17584115015122118), (40, 0.10370792509524648), (87, 0.06661233012129282), (76, 0.0221368301897943), (69, 0.01896184956530641)]
SEED case_d290a23008b64924bc48 1e-10 [(64, 1.0928156658932688), (59, 0.8641020267393109), (84, 0.8507994337437667), (15, 0.8300672940308846), (78, 0.7280304961112886), (25, 0.7154946742840496), (0, 0.6480265345936214), (75, 0.6084273761897571), (90, 0.44382444991227993), (50, 0.31959205980225147), (1, 0.26874134527073834), (6, 0.17584115015122118), (40, 0.10370792509524648), (87, 0.06661233012129282), (76, 0.0221368301897943), (69, 0.01896184956530641)]
BEST case_d290a23008b64924bc48 0.0025843664251690383 trace 7.780657592511859 support [ 0 10 15 37 43 48 49 50 52 59 64 66 72 75 78 84 90 91]
CONT 0.001 0.13373214899076571
BEST case_d290a23008b64924bc48 0.0025729574373917472 trace 7.780144710862394 support [ 0 10 15 37 43 48 49 50 52 59 64 66 72 75 78 84 90 91]
CONT 0.0001 1.0461880986086423
CONT 1e-05 nan
CONT 1e-06 69.2542365840517
CONT 1e-07 494.4480184297124
CONT 1e-08 nan
CONT 1e-09 760.971096656516
BEST case_d290a23008b64924bc48 0.002571447580929084 trace 7.780233159890318 support [ 0 10 15 24 37 43 48 49 50 52 59 64 66 72 75 78 84 90]
BEST case_d290a23008b64924bc48 0.0024939498957450117 trace 7.780354838589432 support [ 0 10 15 24 43 48 49 50 52 59 64 66 67 72 75 78 84 90]
BEST case_d290a23008b64924bc48 0.0018430898437249144 trace 7.773769380558162 support [ 0 10 15 24 43 46 48 49 50 52 59 66 67 72 75 78 84 90]
BEST case_d290a23008b64924bc48 0.0017706563846307134 trace 7.774786886796065 support [ 0 10 15 24 27 46 48 49 50 52 59 66 67 72 75 78 84 90]
BEST case_d290a23008b64924bc48 0.0017369971063510823 trace 7.7748229796543455 support [ 0 10 15 24 27 34 46 49 50 52 59 66 67 72 75 78 84 90]
BEST case_d290a23008b64924bc48 0.0017319834295615592 trace 7.7743856104192455 support [ 0 10 15 24 27 32 46 48 49 50 52 59 66 67 72 75 78 90]
BEST case_d290a23008b64924bc48 0.0017302038250464724 trace 7.774969248522718 support [ 0 10 24 27 32 46 48 49 50 52 59 61 66 67 72 75 78 90]
BEST case_d290a23008b64924bc48 0.0017208108528286882 trace 7.774192355450593 support [ 0 10 24 27 28 46 48 49 50 52 59 61 66 67 72 75 78 90]
BEST case_d290a23008b64924bc48 0.0017154126636706923 trace 7.772957118752458 support [ 0 10 16 24 27 33 46 48 49 50 52 59 66 67 72 75 78 90]
STAGE_ERROR whitened_seed StageTimeout stage allowance exhausted
BEST case_d290a23008b64924bc48 0.0017154126636706923 trace 7.772957118752458 support [0, 10, 16, 24, 27, 33, 46, 48, 49, 50, 52, 59, 66, 67, 72, 75, 78, 90]
STAGE discrete_improve ALLOWANCE 45.0
BEST case_d290a23008b64924bc48 0.0017154126636706923 trace 7.772957118752458 support [0, 10, 16, 24, 27, 33, 46, 48, 49, 50, 52, 59, 66, 67, 72, 75, 78, 90]
CONT 0.001 0.1299407702636238
CONT 0.0001 1.03368563483564
CONT 1e-05 8.4422957189333
CONT 1e-06 nan
CONT 1e-07 nan
CONT 1e-08 nan
CONT 1e-09 nan
BEST case_d290a23008b64924bc48 0.0017114686411166828 trace 7.7729628745810615 support [ 0 10 16 24 27 33 46 48 49 50 52 59 66 67 72 75 84 90]
BEST case_d290a23008b64924bc48 0.0017050418349240722 trace 7.773284572480553 support [ 0 10 16 24 27 33 46 48 49 50 52 59 66 67 72 75 85 90]
STAGE_ERROR discrete_improve StageTimeout stage allowance exhausted
BEST case_d290a23008b64924bc48 0.0017050418349240722 trace 7.773284572480553 support [0, 10, 16, 24, 27, 33, 46, 48, 49, 50, 52, 59, 66, 67, 72, 75, 85, 90]
STAGE continuous ALLOWANCE 208.67171800101642
BEST case_d290a23008b64924bc48 0.0017050418349240722 trace 7.773284572480553 support [ 0 10 16 24 27 33 46 48 49 50 52 59 66 67 72 75 85 90]
CONTINUOUS case_d290a23008b64924bc48 0 0.0001 0.3750372912389433 1200 [(0, 1.511), (0, 3.333475), (0, 4.154058), (0, 4.868985), (0, 5.119549), (0, 5.119542), (6, 11.223137), (0, 6.123129), (0, 5.119543), (2, 7.321269), (6, 10.89795), (8, 10.957803), (0, 6.125695), (0, 5.119542), (0, 5.119543), (4, 6.468533), (0, 5.119543), (0, 6.398965)]
CONTINUOUS case_d290a23008b64924bc48 0 1e-06 0.44511100674399157 1200 [(0, 1.511), (0, 3.318702), (0, 4.175096), (0, 4.881874), (0, 5.09305), (0, 5.093423), (6, 11.241674), (0, 6.128802), (0, 5.093111), (2, 7.321269), (6, 10.915101), (8, 10.966675), (0, 6.130753), (0, 5.093428), (0, 5.093155), (4, 6.465728), (0, 5.093181), (0, 6.320531)]
CONTINUOUS case_d290a23008b64924bc48 0 1e-08 0.4451109784025629 53 [(0, 1.511), (0, 3.318702), (0, 4.175096), (0, 4.88215), (0, 5.093051), (0, 5.093423), (6, 11.241675), (0, 6.128802), (0, 5.093111), (2, 7.321269), (6, 10.915101), (8, 10.966675), (0, 6.130752), (0, 5.093427), (0, 5.093155), (4, 6.465728), (0, 5.093181), (0, 6.320474)]
CONTINUOUS case_d290a23008b64924bc48 1 0.0001 0.37503732066498974 1200 [(0, 1.511), (0, 3.333475), (0, 4.154063), (0, 4.814712), (0, 5.119543), (0, 5.119542), (6, 11.223138), (0, 6.124189), (0, 5.119543), (2, 7.321269), (6, 10.89795), (8, 10.957803), (0, 6.122084), (0, 5.119542), (0, 5.119543), (4, 6.468533), (0, 5.119543), (0, 6.066363)]
CONTINUOUS case_d290a23008b64924bc48 1 1e-06 0.4451093282752413 1200 [(0, 1.511), (0, 3.3187), (0, 4.175097), (0, 4.971693), (0, 5.093315), (0, 5.093319), (6, 11.241684), (0, 6.129523), (0, 5.093315), (2, 7.321269), (6, 10.915113), (8, 10.966676), (0, 6.128316), (0, 5.093322), (0, 5.093314), (4, 6.465726), (0, 5.093315), (0, 6.085017)]
CONTINUOUS case_d290a23008b64924bc48 1 1e-08 0.44510928979649667 26 [(0, 1.511), (0, 3.3187), (0, 4.175097), (0, 4.971729), (0, 5.093315), (0, 5.093319), (6, 11.241684), (0, 6.129523), (0, 5.093315), (2, 7.321269), (6, 10.915113), (8, 10.966676), (0, 6.128316), (0, 5.093322), (0, 5.093314), (4, 6.465726), (0, 5.093315), (0, 6.085017)]
CONTINUOUS case_d290a23008b64924bc48 2 0.0001 0.37503738357963773 1200 [(0, 1.511), (0, 3.333475), (0, 4.15406), (0, 4.861941), (0, 5.119542), (0, 5.119541), (6, 11.223138), (0, 6.123899), (0, 5.119541), (2, 7.321269), (6, 10.89795), (8, 10.957803), (0, 6.123359), (0, 5.119541), (0, 5.119542), (4, 6.468533), (0, 5.119542), (0, 6.047849)]
CONTINUOUS case_d290a23008b64924bc48 2 1e-06 0.44510924434185417 1200 [(0, 1.511), (0, 3.3187), (0, 4.175094), (0, 4.921014), (0, 5.093314), (0, 5.093318), (6, 11.241684), (0, 6.129422), (0, 5.093309), (2, 7.321269), (6, 10.915112), (8, 10.966676), (0, 6.128682), (0, 5.093328), (0, 5.093309), (4, 6.465726), (0, 5.093309), (0, 6.063799)]
CONTINUOUS case_d290a23008b64924bc48 2 1e-08 0.4451092445043864 15 [(0, 1.511), (0, 3.3187), (0, 4.175094), (0, 4.921014), (0, 5.093314), (0, 5.093318), (6, 11.241684), (0, 6.129422), (0, 5.093309), (2, 7.321269), (6, 10.915112), (8, 10.966676), (0, 6.128682), (0, 5.093328), (0, 5.093309), (4, 6.465726), (0, 5.093309), (0, 6.063799)]
CONTINUOUS case_d290a23008b64924bc48 3 0.0001 0.37502640788986125 1200 [(0, 1.511), (0, 3.333438), (0, 4.150987), (0, 4.643329), (0, 5.118569), (0, 5.118484), (6, 11.223057), (0, 6.131803), (0, 5.118474), (2, 7.321269), (6, 10.897942), (8, 10.957794), (0, 5.839177), (0, 5.117795), (0, 5.118588), (4, 6.46853), (0, 5.118562), (0, 6.121423)]
CONTINUOUS case_d290a23008b64924bc48 3 1e-06 0.44510505742601736 1200 [(0, 1.511), (0, 3.318691), (0, 4.174679), (0, 4.786966), (0, 5.093226), (0, 5.093201), (6, 11.241672), (0, 6.132065), (0, 5.093225), (2, 7.321269), (6, 10.915112), (8, 10.966674), (0, 6.009842), (0, 5.093219), (0, 5.093221), (4, 6.465726), (0, 5.093215), (0, 6.123266)]
CONTINUOUS case_d290a23008b64924bc48 3 1e-08 0.44510502083096354 1200 [(0, 1.511), (0, 3.318692), (0, 4.174682), (0, 4.808204), (0, 5.093227), (0, 5.093202), (6, 11.241673), (0, 6.132059), (0, 5.093226), (2, 7.321269), (6, 10.915112), (8, 10.966674), (0, 6.010126), (0, 5.09322), (0, 5.093222), (4, 6.465726), (0, 5.093216), (0, 6.123277)]
CONTINUOUS case_d290a23008b64924bc48 4 0.0001 0.3750374659185803 1200 [(0, 1.511), (0, 3.333475), (0, 4.154081), (0, 5.119528), (0, 5.119548), (0, 5.119548), (6, 11.223138), (0, 6.12358), (0, 5.119548), (2, 7.321269), (6, 10.89795), (8, 10.957803), (0, 5.788952), (0, 5.619869), (0, 5.119548), (4, 6.468533), (0, 3.895159), (0, 6.123518)]
CONTINUOUS case_d290a23008b64924bc48 4 1e-06 0.44510940955794576 672 [(0, 1.511), (0, 3.3187), (0, 4.175107), (0, 5.093298), (0, 5.09325), (0, 5.093386), (6, 11.241684), (0, 6.129157), (0, 5.093252), (2, 7.321269), (6, 10.915113), (8, 10.966676), (0, 5.383255), (0, 5.511908), (0, 5.093247), (4, 6.465726), (0, 3.908409), (0, 6.128937)]
CONTINUOUS case_d290a23008b64924bc48 4 1e-08 0.4451094097204759 26 [(0, 1.511), (0, 3.3187), (0, 4.175107), (0, 5.093298), (0, 5.09325), (0, 5.093386), (6, 11.241684), (0, 6.129157), (0, 5.093252), (2, 7.321269), (6, 10.915113), (8, 10.966676), (0, 5.383255), (0, 5.511908), (0, 5.093247), (4, 6.465726), (0, 3.908409), (0, 6.128937)]
CONTINUOUS case_d290a23008b64924bc48 5 0.0001 0.3750374183124535 1200 [(0, 1.511), (0, 3.333475), (0, 4.154071), (0, 4.90246), (0, 5.119545), (0, 5.119544), (6, 11.223138), (0, 6.124173), (0, 5.119545), (2, 7.321269), (6, 10.89795), (8, 10.957803), (0, 6.104517), (0, 5.119545), (0, 5.119545), (4, 6.468533), (0, 5.119545), (0, 6.117346)]
CONTINUOUS case_d290a23008b64924bc48 5 1e-06 0.4451093642051448 1200 [(0, 1.511), (0, 3.3187), (0, 4.175104), (0, 5.01506), (0, 5.09332), (0, 5.09332), (6, 11.241684), (0, 6.129462), (0, 5.09332), (2, 7.321269), (6, 10.915113), (8, 10.966676), (0, 6.117576), (0, 5.09332), (0, 5.09332), (4, 6.465726), (0, 5.09332), (0, 6.126342)]
CONTINUOUS case_d290a23008b64924bc48 5 1e-08 0.44510937286702656 16 [(0, 1.511), (0, 3.3187), (0, 4.175104), (0, 5.015083), (0, 5.09332), (0, 5.09332), (6, 11.241684), (0, 6.129462), (0, 5.09332), (2, 7.321269), (6, 10.915113), (8, 10.966676), (0, 6.117576), (0, 5.09332), (0, 5.09332), (4, 6.465726), (0, 5.09332), (0, 6.126342)]
CONTINUOUS case_d290a23008b64924bc48 6 0.0001 0.37503747350488026 1200 [(0, 1.511), (0, 3.333475), (0, 4.154082), (0, 5.119548), (0, 5.119548), (0, 5.119548), (6, 11.223138), (0, 6.123541), (0, 5.119548), (2, 7.321269), (6, 10.89795), (8, 10.957803), (0, 5.365476), (0, 5.119548), (0, 5.119548), (4, 6.468533), (0, 5.119548), (0, 6.124407)]
CONTINUOUS case_d290a23008b64924bc48 6 1e-06 0.44510939909301384 548 [(0, 1.511), (0, 3.3187), (0, 4.175107), (0, 5.09332), (0, 5.093321), (0, 5.093323), (6, 11.241684), (0, 6.129234), (0, 5.093322), (2, 7.321269), (6, 10.915113), (8, 10.966676), (0, 5.093088), (0, 5.093322), (0, 5.093321), (4, 6.465726), (0, 5.09332), (0, 6.12695)]
CONTINUOUS case_d290a23008b64924bc48 6 1e-08 0.4451094074395571 57 [(0, 1.511), (0, 3.3187), (0, 4.175107), (0, 5.09332), (0, 5.09332), (0, 5.09332), (6, 11.241684), (0, 6.129222), (0, 5.09332), (2, 7.321269), (6, 10.915113), (8, 10.966676), (0, 5.093363), (0, 5.09332), (0, 5.09332), (4, 6.465726), (0, 5.09332), (0, 6.127229)]
CONTINUOUS case_d290a23008b64924bc48 7 0.0001 0.3750373713671589 1200 [(0, 1.511), (0, 3.333475), (0, 4.154067), (0, 4.884113), (0, 5.119545), (0, 5.119543), (6, 11.223138), (0, 6.124389), (0, 5.119544), (2, 7.321269), (6, 10.89795), (8, 10.957803), (0, 6.10633), (0, 5.119544), (0, 5.119544), (4, 6.468533), (0, 5.119544), (0, 6.115352)]
CONTINUOUS case_d290a23008b64924bc48 7 1e-06 0.4451093767832269 1200 [(0, 1.511), (0, 3.3187), (0, 4.175104), (0, 5.010344), (0, 5.09332), (0, 5.09332), (6, 11.241684), (0, 6.129517), (0, 5.09332), (2, 7.321269), (6, 10.915113), (8, 10.966676), (0, 6.122622), (0, 5.09332), (0, 5.09332), (4, 6.465726), (0, 5.09332), (0, 6.123395)]
CONTINUOUS case_d290a23008b64924bc48 7 1e-08 0.4451093769449479 23 [(0, 1.511), (0, 3.3187), (0, 4.175104), (0, 5.010344), (0, 5.09332), (0, 5.09332), (6, 11.241684), (0, 6.129517), (0, 5.09332), (2, 7.321269), (6, 10.915113), (8, 10.966676), (0, 6.122622), (0, 5.09332), (0, 5.09332), (4, 6.465726), (0, 5.09332), (0, 6.123395)]
CONTINUOUS case_d290a23008b64924bc48 8 0.0001 0.3750369621174747 1200 [(0, 1.511), (0, 3.333474), (0, 4.154006), (0, 5.119525), (0, 5.119528), (0, 5.119524), (6, 11.223136), (0, 6.124875), (0, 5.119528), (2, 7.321269), (6, 10.89795), (8, 10.957803), (0, 6.070988), (0, 5.119526), (0, 5.119528), (4, 6.468533), (0, 5.119527), (0, 6.094299)]
CONTINUOUS case_d290a23008b64924bc48 8 1e-06 0.44510915149542013 1200 [(0, 1.511), (0, 3.318699), (0, 4.175079), (0, 5.093315), (0, 5.093314), (0, 5.093315), (6, 11.241684), (0, 6.129942), (0, 5.093314), (2, 7.321269), (6, 10.915112), (8, 10.966676), (0, 6.099487), (0, 5.093313), (0, 5.093313), (4, 6.465726), (0, 5.093313), (0, 6.105466)]
CONTINUOUS case_d290a23008b64924bc48 8 1e-08 0.4451092670683884 1200 [(0, 1.511), (0, 3.3187), (0, 4.175099), (0, 5.093319), (0, 5.093319), (0, 5.093318), (6, 11.241684), (0, 6.12958), (0, 5.093319), (2, 7.321269), (6, 10.915112), (8, 10.966676), (0, 6.113091), (0, 5.093319), (0, 5.093319), (4, 6.465726), (0, 5.093319), (0, 6.116235)]
CONTINUOUS case_d290a23008b64924bc48 9 0.0001 0.37503316143960913 1200 [(0, 1.511), (0, 3.333463), (0, 4.15316), (0, 6.126472), (0, 5.119268), (0, 5.119255), (6, 11.223113), (0, 6.129348), (0, 6.046229), (2, 7.321269), (6, 10.897948), (8, 10.9578), (0, 5.95591), (0, 4.528135), (0, 5.119237), (4, 6.468532), (0, 5.119258), (0, 6.128735)]
CONTINUOUS case_d290a23008b64924bc48 9 1e-06 0.4451084359974905 1200 [(0, 1.511), (0, 3.318698), (0, 4.175024), (0, 6.128747), (0, 5.093303), (0, 5.093301), (6, 11.241682), (0, 6.130895), (0, 6.105407), (2, 7.321269), (6, 10.915112), (8, 10.966676), (0, 6.076924), (0, 4.7697), (0, 5.093303), (4, 6.465726), (0, 5.0933), (0, 6.130784)]
CONTINUOUS case_d290a23008b64924bc48 9 1e-08 0.4451084465100241 17 [(0, 1.511), (0, 3.318698), (0, 4.175024), (0, 6.128747), (0, 5.093303), (0, 5.093301), (6, 11.241682), (0, 6.130895), (0, 6.105407), (2, 7.321269), (6, 10.915112), (8, 10.966676), (0, 6.076924), (0, 4.769703), (0, 5.093303), (4, 6.465726), (0, 5.0933), (0, 6.130784)]
CONTINUOUS case_d290a23008b64924bc48 10 0.0001 0.37503741723400646 1200 [(0, 1.511), (0, 3.333475), (0, 4.154077), (0, 4.770033), (0, 5.119547), (0, 5.119547), (6, 11.223138), (0, 6.123906), (0, 5.119547), (2, 7.321269), (6, 10.89795), (8, 10.957803), (0, 3.333475), (0, 5.119547), (0, 5.119547), (4, 6.468533), (0, 5.119547), (0, 6.112837)]
CONTINUOUS case_d290a23008b64924bc48 10 1e-06 0.445109395456925 1200 [(0, 1.511), (0, 3.3187), (0, 4.175106), (0, 5.09332), (0, 5.09332), (0, 5.09332), (6, 11.241684), (0, 6.129305), (0, 5.09332), (2, 7.321269), (6, 10.915113), (8, 10.966676), (0, 3.3187), (0, 5.09332), (0, 5.09332), (4, 6.465726), (0, 5.09332), (0, 6.123731)]
CONTINUOUS case_d290a23008b64924bc48 10 1e-08 0.4451094073736108 698 [(0, 1.511), (0, 3.3187), (0, 4.175107), (0, 5.09332), (0, 5.09332), (0, 5.09332), (6, 11.241684), (0, 6.129223), (0, 5.09332), (2, 7.321269), (6, 10.915113), (8, 10.966676), (0, 3.3187), (0, 5.09332), (0, 5.09332), (4, 6.465726), (0, 5.09332), (0, 6.126528)]
CONTINUOUS case_d290a23008b64924bc48 11 0.0001 0.37503743748363255 1200 [(0, 1.511), (0, 3.333475), (0, 4.154076), (0, 4.736811), (0, 5.119546), (0, 5.119548), (6, 11.223138), (0, 6.123973), (0, 5.119546), (2, 7.321269), (6, 10.89795), (8, 10.957803), (0, 6.110878), (0, 5.119544), (0, 5.119546), (4, 6.468533), (0, 5.119545), (0, 6.118418)]
CONTINUOUS case_d290a23008b64924bc48 11 1e-06 0.44510937369195963 1200 [(0, 1.511), (0, 3.3187), (0, 4.175105), (0, 4.786829), (0, 5.09332), (0, 5.093321), (6, 11.241684), (0, 6.129413), (0, 5.09332), (2, 7.321269), (6, 10.915113), (8, 10.966676), (0, 6.12248), (0, 5.093319), (0, 5.093319), (4, 6.465726), (0, 5.093319), (0, 6.121412)]
CONTINUOUS case_d290a23008b64924bc48 11 1e-08 0.4451093979436834 20 [(0, 1.511), (0, 3.3187), (0, 4.175105), (0, 4.786828), (0, 5.09332), (0, 5.093321), (6, 11.241684), (0, 6.129413), (0, 5.09332), (2, 7.321269), (6, 10.915113), (8, 10.966676), (0, 6.12248), (0, 5.093319), (0, 5.093319), (4, 6.465726), (0, 5.093319), (0, 6.121412)]
CONTINUOUS case_d290a23008b64924bc48 12 0.0001 0.37503707796296976 1200 [(0, 1.511), (0, 3.333474), (0, 4.154029), (0, 4.723521), (0, 4.744896), (0, 5.119533), (6, 11.223137), (0, 6.125246), (0, 6.08709), (2, 7.321269), (6, 10.89795), (8, 10.957803), (0, 6.124514), (0, 5.119533), (0, 6.123845), (4, 6.468533), (0, 5.119534), (0, 6.12451)]
CONTINUOUS case_d290a23008b64924bc48 12 1e-06 0.4451093365519937 1200 [(0, 1.511), (0, 3.3187), (0, 4.175102), (0, 4.935965), (0, 4.98218), (0, 5.093319), (6, 11.241684), (0, 6.129551), (0, 6.117403), (2, 7.321269), (6, 10.915113), (8, 10.966676), (0, 6.129508), (0, 5.093319), (0, 6.129448), (4, 6.465726), (0, 5.093319), (0, 6.129504)]
CONTINUOUS case_d290a23008b64924bc48 12 1e-08 0.44510934768109117 17 [(0, 1.511), (0, 3.3187), (0, 4.175102), (0, 4.935984), (0, 4.982201), (0, 5.093319), (6, 11.241684), (0, 6.129551), (0, 6.117403), (2, 7.321269), (6, 10.915113), (8, 10.966676), (0, 6.129508), (0, 5.093319), (0, 6.129448), (4, 6.465726), (0, 5.093319), (0, 6.129504)]
CONTINUOUS case_d290a23008b64924bc48 13 0.0001 0.3750372820383587 1200 [(0, 1.511), (0, 3.333475), (0, 4.154062), (0, 4.535314), (0, 5.119542), (0, 5.119547), (6, 11.223138), (0, 6.124282), (0, 5.119543), (2, 7.321269), (6, 10.89795), (8, 10.957803), (0, 6.099642), (0, 5.119539), (0, 5.119541), (4, 6.468533), (0, 5.119539), (0, 6.105585)]
CONTINUOUS case_d290a23008b64924bc48 13 1e-06 0.44510938345311135 1200 [(0, 1.511), (0, 3.3187), (0, 4.1751), (0, 4.645245), (0, 5.093317), (0, 5.093323), (6, 11.241684), (0, 6.129571), (0, 5.093317), (2, 7.321269), (6, 10.915113), (8, 10.966676), (0, 6.115713), (0, 5.093317), (0, 5.093317), (4, 6.465726), (0, 5.093317), (0, 6.114273)]
CONTINUOUS case_d290a23008b64924bc48 13 1e-08 0.44510937125372907 25 [(0, 1.511), (0, 3.3187), (0, 4.1751), (0, 4.645243), (0, 5.093317), (0, 5.093323), (6, 11.241684), (0, 6.129571), (0, 5.093317), (2, 7.321269), (6, 10.915113), (8, 10.966676), (0, 6.115713), (0, 5.093317), (0, 5.093317), (4, 6.465726), (0, 5.093317), (0, 6.114273)]
CONTINUOUS case_d290a23008b64924bc48 14 0.0001 0.37503712203351824 1200 [(0, 1.511), (0, 3.333474), (0, 4.153998), (0, 4.711118), (0, 5.119524), (0, 5.119523), (6, 11.223136), (0, 6.124562), (0, 5.119525), (2, 7.321269), (6, 10.89795), (8, 10.957803), (0, 6.052776), (0, 5.119524), (0, 5.119524), (4, 6.468533), (0, 5.11952), (0, 6.056452)]
CONTINUOUS case_d290a23008b64924bc48 14 1e-06 0.4451090368004742 1200 [(0, 1.511), (0, 3.318699), (0, 4.175066), (0, 4.897834), (0, 5.093306), (0, 5.093322), (6, 11.241683), (0, 6.129792), (0, 5.093305), (2, 7.321269), (6, 10.915112), (8, 10.966676), (0, 6.084799), (0, 5.093303), (0, 5.093303), (4, 6.465726), (0, 5.093307), (0, 6.058205)]
CONTINUOUS case_d290a23008b64924bc48 14 1e-08 0.4451090199218592 20 [(0, 1.511), (0, 3.318699), (0, 4.175066), (0, 4.897841), (0, 5.093306), (0, 5.093322), (6, 11.241683), (0, 6.129792), (0, 5.093305), (2, 7.321269), (6, 10.915112), (8, 10.966676), (0, 6.084799), (0, 5.093303), (0, 5.093303), (4, 6.465726), (0, 5.093307), (0, 6.058205)]
CONTINUOUS case_d290a23008b64924bc48 15 0.0001 0.37503758401060994 1200 [(0, 1.511), (0, 3.333475), (0, 4.154055), (0, 4.902861), (0, 5.119499), (0, 5.119495), (6, 11.223137), (0, 6.124628), (0, 5.177817), (2, 7.321269), (6, 10.89795), (8, 10.957803), (0, 6.116567), (0, 4.673055), (0, 5.119498), (4, 6.468533), (0, 5.119496), (0, 6.105913)]
CONTINUOUS case_d290a23008b64924bc48 15 1e-06 0.4451093712729981 1200 [(0, 1.511), (0, 3.3187), (0, 4.175104), (0, 4.97891), (0, 5.09332), (0, 5.09332), (6, 11.241684), (0, 6.129539), (0, 5.09332), (2, 7.321269), (6, 10.915113), (8, 10.966676), (0, 6.126931), (0, 4.754962), (0, 5.09332), (4, 6.465726), (0, 5.09332), (0, 6.121293)]
CONTINUOUS case_d290a23008b64924bc48 15 1e-08 0.44510937192912237 19 [(0, 1.511), (0, 3.3187), (0, 4.175104), (0, 4.978909), (0, 5.09332), (0, 5.09332), (6, 11.241684), (0, 6.129539), (0, 5.09332), (2, 7.321269), (6, 10.915113), (8, 10.966676), (0, 6.126931), (0, 4.75496), (0, 5.09332), (4, 6.465726), (0, 5.09332), (0, 6.121293)]
CONTINUOUS case_d290a23008b64924bc48 16 0.0001 0.3750374028723465 1200 [(0, 1.511), (0, 3.333475), (0, 4.154068), (0, 4.880561), (0, 5.119545), (0, 5.119544), (6, 11.223138), (0, 6.124304), (0, 5.119545), (2, 7.321269), (6, 10.89795), (8, 10.957803), (0, 6.108467), (0, 5.119545), (0, 5.119544), (4, 6.468533), (0, 5.119544), (0, 6.108831)]
CONTINUOUS case_d290a23008b64924bc48 16 1e-06 0.4451093543370682 1200 [(0, 1.511), (0, 3.3187), (0, 4.175103), (0, 4.995604), (0, 5.093319), (0, 5.09332), (6, 11.241684), (0, 6.129538), (0, 5.093319), (2, 7.321269), (6, 10.915113), (8, 10.966676), (0, 6.122612), (0, 5.093319), (0, 5.093319), (4, 6.465726), (0, 5.093319), (0, 6.117523)]
CONTINUOUS case_d290a23008b64924bc48 16 1e-08 0.445109354499599 26 [(0, 1.511), (0, 3.3187), (0, 4.175103), (0, 4.995604), (0, 5.093319), (0, 5.09332), (6, 11.241684), (0, 6.129538), (0, 5.093319), (2, 7.321269), (6, 10.915113), (8, 10.966676), (0, 6.122612), (0, 5.093319), (0, 5.093319), (4, 6.465726), (0, 5.093319), (0, 6.117523)]
CONTINUOUS case_d290a23008b64924bc48 17 0.0001 0.3750374623400484 1200 [(0, 1.511), (0, 3.333475), (0, 4.15407), (0, 5.119544), (0, 5.119544), (0, 5.119543), (6, 11.223138), (0, 6.123607), (0, 5.119544), (2, 7.321269), (6, 10.89795), (8, 10.957803), (0, 5.707927), (0, 5.119544), (0, 5.119544), (4, 6.468533), (0, 5.119544), (0, 5.892672)]
CONTINUOUS case_d290a23008b64924bc48 17 1e-06 0.445109550937951 821 [(0, 1.511), (0, 3.3187), (0, 4.175107), (0, 5.093244), (0, 5.093208), (0, 5.093452), (6, 11.241684), (0, 6.129146), (0, 5.093207), (2, 7.321269), (6, 10.915112), (8, 10.966676), (0, 5.553541), (0, 5.093231), (0, 5.093239), (4, 6.465726), (0, 5.093311), (0, 5.629119)]
CONTINUOUS case_d290a23008b64924bc48 17 1e-08 0.44510957135817875 23 [(0, 1.511), (0, 3.3187), (0, 4.175107), (0, 5.093244), (0, 5.093208), (0, 5.093452), (6, 11.241684), (0, 6.129146), (0, 5.093207), (2, 7.321269), (6, 10.915112), (8, 10.966676), (0, 5.553608), (0, 5.093231), (0, 5.093239), (4, 6.465726), (0, 5.093311), (0, 5.629191)]
CONTINUOUS case_d290a23008b64924bc48 18 0.0001 0.37503758433531703 1200 [(0, 1.511), (0, 3.333475), (0, 4.15408), (0, 5.119523), (0, 5.13495), (0, 5.119523), (6, 11.223138), (0, 6.123988), (0, 4.708355), (2, 7.321269), (6, 10.89795), (8, 10.957803), (0, 6.12166), (0, 4.44332), (0, 5.119524), (4, 6.468534), (0, 5.119523), (0, 6.123157)]
CONTINUOUS case_d290a23008b64924bc48 18 1e-06 0.44510940491606976 366 [(0, 1.511), (0, 3.3187), (0, 4.175107), (0, 5.093317), (0, 5.093319), (0, 5.093328), (6, 11.241684), (0, 6.129358), (0, 4.862343), (2, 7.321269), (6, 10.915113), (8, 10.966676), (0, 6.128456), (0, 4.777657), (0, 5.093313), (4, 6.465726), (0, 5.093314), (0, 6.128362)]
CONTINUOUS case_d290a23008b64924bc48 18 1e-08 0.44510940507860197 26 [(0, 1.511), (0, 3.3187), (0, 4.175107), (0, 5.093317), (0, 5.093319), (0, 5.093328), (6, 11.241684), (0, 6.129358), (0, 4.862343), (2, 7.321269), (6, 10.915113), (8, 10.966676), (0, 6.128456), (0, 4.777657), (0, 5.093313), (4, 6.465726), (0, 5.093314), (0, 6.128362)]
CONTINUOUS case_d290a23008b64924bc48 19 0.0001 0.37503745849463915 1200 [(0, 1.511), (0, 3.333475), (0, 4.154081), (0, 4.480296), (0, 5.119548), (0, 5.119548), (6, 11.223138), (0, 6.123759), (0, 5.119548), (2, 7.321269), (6, 10.89795), (8, 10.957803), (0, 6.117907), (0, 5.119548), (0, 5.119548), (4, 6.468533), (0, 5.119547), (0, 6.123923)]
CONTINUOUS case_d290a23008b64924bc48 19 1e-06 0.4451094020638141 1065 [(0, 1.511), (0, 3.3187), (0, 4.175107), (0, 4.881648), (0, 5.09332), (0, 5.093321), (6, 11.241684), (0, 6.129276), (0, 5.09332), (2, 7.321269), (6, 10.915113), (8, 10.966676), (0, 6.126354), (0, 5.09332), (0, 5.09332), (4, 6.465726), (0, 5.09332), (0, 6.127662)]
CONTINUOUS case_d290a23008b64924bc48 19 1e-08 0.445109403110151 16 [(0, 1.511), (0, 3.3187), (0, 4.175107), (0, 4.881744), (0, 5.09332), (0, 5.093321), (6, 11.241684), (0, 6.129276), (0, 5.09332), (2, 7.321269), (6, 10.915113), (8, 10.966676), (0, 6.126354), (0, 5.09332), (0, 5.09332), (4, 6.465726), (0, 5.09332), (0, 6.127663)]
BEST case_d290a23008b64924bc48 0.0017050418349240722 trace 7.773284572480553 support [0, 10, 16, 24, 27, 33, 46, 48, 49, 50, 52, 59, 66, 67, 72, 75, 85, 90]
STAGE final_improve ALLOWANCE 137.253815349075
BEST case_d290a23008b64924bc48 0.0017050418349240722 trace 7.773284572480553 support [0, 10, 16, 24, 27, 33, 46, 48, 49, 50, 52, 59, 66, 67, 72, 75, 85, 90]
CONT 0.001 0.12986759762634784
CONT 0.0001 1.0347928027123774
CONT 1e-05 8.614644612506467
CONT 1e-06 66.34129675312707
CONT 1e-07 286.88355724638075
CONT 1e-08 413.1980766887956
CONT 1e-09 413.18307180460715
STAGE_ERROR final_improve StageTimeout stage allowance exhausted
