SAVE 1 gauge_1205 gates 28 loss 0.014652543796517481 seconds 0.47991156578063965
GAUGE 1 1205 0 0.014652543796517481 best 0.014652543796517477 time 0.4800686836242676
SAVE 1 best gates 28 loss 0.01465254379651747 seconds 0.9819910526275635
GAUGE 1 1205 1 0.01465254379651747 best 0.01465254379651747 time 0.9842963218688965
GAUGE 1 1205 2 0.014652543796518685 best 0.01465254379651747 time 2.74221134185791
GAUGE 1 1205 3 0.01745203954651431 best 0.014652543796517469 time 4.312749624252319
GAUGE 1 1205 4 0.01465254379651747 best 0.014652543796517469 time 4.848441123962402
GAUGE 1 1205 5 0.014652543796518697 best 0.014652543796517469 time 6.258132219314575
GAUGE 1 1205 6 0.014652543796517469 best 0.014652543796517469 time 6.897814512252808
GAUGE 1 1205 7 0.029673172085437335 best 0.014652543796517469 time 9.744723796844482
GAUGE 1 1205 8 0.01465254379651869 best 0.014652543796517469 time 11.217458009719849
SAVE 1 best gates 28 loss 0.014652543796517464 seconds 11.785048246383667
GAUGE 1 1205 9 0.014652543796517464 best 0.014652543796517464 time 11.785407304763794
GAUGE 1 1205 10 0.014652543796517467 best 0.014652543796517464 time 12.299223184585571
GAUGE 1 1205 11 0.017952828799966788 best 0.014652543796517464 time 16.323837280273438
GAUGE 1 1205 12 0.01465254379651747 best 0.014652543796517464 time 18.021865129470825
GAUGE 1 1205 13 0.014652543796517464 best 0.014652543796517464 time 18.75865340232849
GAUGE 1 1205 14 0.014652543796518687 best 0.014652543796517464 time 20.733009099960327
GAUGE 1 1205 15 0.027813499571878373 best 0.014652543796517464 time 24.20531392097473
SAVE 1 best gates 28 loss 0.014652543796517462 seconds 25.11259412765503
GAUGE 1 1205 16 0.014652543796517462 best 0.014652543796517462 time 25.11728811264038
GAUGE 1 1205 17 0.014652543796518683 best 0.014652543796517462 time 26.536778688430786
GAUGE 1 1205 18 0.014652543796517464 best 0.014652543796517462 time 27.202956676483154
GAUGE 1 1205 19 0.02950185323316361 best 0.014652543796517462 time 29.269535541534424
GAUGE 1 1205 20 0.01465254379651869 best 0.014652543796517462 time 30.54832100868225
GAUGE 1 1205 21 0.014652543796517465 best 0.014652543796517462 time 31.229432582855225
GAUGE 1 1205 22 0.014652543796517465 best 0.014652543796517462 time 31.978321313858032
GAUGE 1 1205 23 0.06995099482494377 best 0.014652543796517462 time 42.73788833618164
GAUGE 1 1205 24 0.014652543796517467 best 0.014652543796517462 time 43.43815565109253
GAUGE 1 1205 25 0.014652543796517462 best 0.014652543796517462 time 44.3756628036499
GAUGE 1 1205 26 0.014652543796518688 best 0.014652543796517462 time 46.25630855560303
GAUGE 1 1205 27 0.021775469424769878 best 0.014652543796517462 time 50.39586353302002
SAVE 1 best gates 28 loss 0.014652543796517458 seconds 51.32730460166931
GAUGE 1 1205 28 0.014652543796517458 best 0.014652543796517458 time 51.32748818397522
GAUGE 1 1205 29 0.014652543796518685 best 0.014652543796517458 time 53.58131527900696
GAUGE 1 1205 30 0.01465254379651746 best 0.014652543796517458 time 54.63870859146118
SAVE 1 best gates 28 loss 0.014652543796517457 seconds 56.197104692459106
GAUGE 1 1205 31 0.014652543796517457 best 0.014652543796517457 time 56.19741153717041
GAUGE 1 1205 32 0.014652543796518687 best 0.014652543796517457 time 59.253636598587036
GAUGE 1 1205 33 0.014652543796517467 best 0.014652543796517457 time 60.65989565849304
GAUGE 1 1205 34 0.014652543796517474 best 0.014652543796517457 time 61.62635326385498
GAUGE 1 1205 35 0.018016285546942488 best 0.014652543796517457 time 72.05947995185852
GAUGE 1 1205 36 0.014652543796517458 best 0.014652543796517457 time 72.74388575553894
GAUGE 1 1205 37 0.014652543796517469 best 0.014652543796517457 time 74.84765791893005
GAUGE 1 1205 38 0.014652543796518688 best 0.014652543796517457 time 76.31570076942444
GAUGE 1 1205 39 0.017576720632768186 best 0.014652543796517457 time 77.61514711380005
GAUGE 1 1205 40 0.014652543796517458 best 0.014652543796517457 time 78.20545792579651
GAUGE 1 1205 41 0.014652543796518687 best 0.014652543796517457 time 81.03887677192688
GAUGE 1 1205 42 0.014652543796517467 best 0.014652543796517457 time 81.71063280105591
GAUGE 1 1205 43 0.029962150640390903 best 0.014652543796517457 time 87.39507746696472
GAUGE 1 1205 44 0.014652543796518687 best 0.014652543796517457 time 88.94129276275635
GAUGE 1 1205 45 0.014652543796517462 best 0.014652543796517457 time 89.58397388458252
GAUGE 1 1205 46 0.01465254379651746 best 0.014652543796517457 time 90.56807160377502
GAUGE 1 1205 47 0.026291389702538543 best 0.014652543796517457 time 97.41517734527588
GAUGE 1 1205 48 0.014652543796517472 best 0.014652543796517457 time 98.76904702186584
GAUGE 1 1205 49 0.014652543796517467 best 0.014652543796517457 time 99.66384720802307
GAUGE 1 1205 50 0.014652543796518688 best 0.014652543796517457 time 101.81095838546753
GAUGE 1 1205 51 0.016122208054321862 best 0.014652543796517457 time 105.79011416435242
GAUGE 1 1205 52 0.014652543796517467 best 0.014652543796517457 time 106.46439480781555
GAUGE 1 1205 53 0.014652543796518688 best 0.014652543796517457 time 108.24867653846741
GAUGE 1 1205 54 0.014652543796517462 best 0.014652543796517457 time 108.92709302902222
GAUGE 1 1205 55 0.05509732627379126 best 0.014652543796517457 time 114.0847418308258
GAUGE 1 1205 56 0.01465254379651869 best 0.014652543796517457 time 115.4284462928772
GAUGE 1 1205 57 0.014652543796517465 best 0.014652543796517457 time 116.083975315094
GAUGE 1 1205 58 0.014652543796517462 best 0.014652543796517457 time 116.71970891952515
GAUGE 1 1205 59 0.02477321633558684 best 0.014652543796517457 time 123.61094760894775
GAUGE 1 1205 60 0.014652543796517458 best 0.014652543796517457 time 124.20058727264404
GAUGE 1 1205 61 0.014652543796517462 best 0.014652543796517457 time 125.04653882980347
GAUGE 1 1205 62 0.014652543796518694 best 0.014652543796517457 time 126.63292455673218
GAUGE 1 1205 63 0.017109693520383107 best 0.014652543796517457 time 129.84751629829407
GAUGE 1 1205 64 0.014652543796517464 best 0.014652543796517457 time 130.3525035381317
GAUGE 1 1205 65 0.014652543796518688 best 0.014652543796517457 time 132.0541923046112
GAUGE 1 1205 66 0.014652543796517465 best 0.014652543796517457 time 132.6303448677063
GAUGE 1 1205 67 0.025893022256031854 best 0.014652543796517457 time 135.59356832504272
GAUGE 1 1205 68 0.014652543796518688 best 0.014652543796517457 time 136.93587231636047
GAUGE 1 1205 69 0.014652543796517474 best 0.014652543796517457 time 137.61452221870422
GAUGE 1 1205 70 0.014652543796517464 best 0.014652543796517457 time 138.48339438438416
GAUGE 1 1205 71 0.10836303795119023 best 0.014652543796517457 time 145.7483766078949
GAUGE 1 1205 72 0.014652543796517458 best 0.014652543796517457 time 146.23344349861145
GAUGE 1 1205 73 0.014652543796517457 best 0.014652543796517457 time 146.76159572601318
GAUGE 1 1205 74 0.014652543796518692 best 0.014652543796517457 time 148.25323581695557
GAUGE 1 1205 75 0.023182387247510632 best 0.014652543796517457 time 149.64121985435486
GAUGE 1 1205 76 0.014652543796517462 best 0.014652543796517457 time 150.2074635028839
GAUGE 1 1205 77 0.014652543796518688 best 0.014652543796517457 time 152.16719841957092
GAUGE 1 1205 78 0.014652543796517462 best 0.014652543796517457 time 152.99010157585144
GAUGE 1 1205 79 0.02909112484987223 best 0.014652543796517457 time 155.2564013004303
GAUGE 1 1205 80 0.014652543796518694 best 0.014652543796517457 time 156.5420436859131
GAUGE 1 1205 81 0.014652543796517462 best 0.014652543796517457 time 158.78935289382935
GAUGE 1 1205 82 0.014652543796517467 best 0.014652543796517457 time 161.18944597244263
GAUGE 1 1205 83 0.046659793556198245 best 0.014652543796517457 time 173.94245052337646
GAUGE 1 1205 84 0.014652543796517465 best 0.014652543796517457 time 174.66026377677917
GAUGE 1 1205 85 0.01465254379651746 best 0.014652543796517457 time 175.37614345550537
GAUGE 1 1205 86 0.014652543796518692 best 0.014652543796517457 time 176.67192602157593
GAUGE 1 1205 87 0.02189817860412069 best 0.014652543796517457 time 178.27112674713135
GAUGE 1 1205 88 0.014652543796517467 best 0.014652543796517457 time 178.8587453365326
GAUGE 1 1205 89 0.014652543796518687 best 0.014652543796517457 time 180.4628882408142
GAUGE 1 1205 90 0.02970016498679524 best 0.014652543796517457 time 182.58038306236267
GAUGE 1 1205 91 0.025191854412779484 best 0.014652543796517457 time 186.2536005973816
GAUGE 1 1205 92 0.014652543796518694 best 0.014652543796517457 time 187.6357936859131
GAUGE 1 1205 93 0.014652543796517462 best 0.014652543796517457 time 188.2392406463623
GAUGE 1 1205 94 0.014652543796517465 best 0.014652543796517457 time 188.8259153366089
GAUGE 1 1205 95 0.014652543796518343 best 0.014652543796517457 time 191.9416925907135
GAUGE 1 1205 96 0.014652543796517465 best 0.014652543796517457 time 192.48413133621216
GAUGE 1 1205 97 0.01465254379651746 best 0.014652543796517457 time 193.1507866382599
GAUGE 1 1205 98 0.014652543796518694 best 0.014652543796517457 time 195.232323884964
GAUGE 1 1205 99 0.0313898417212616 best 0.014652543796517457 time 198.46551656723022
GAUGE 1 1205 100 0.014652543796517458 best 0.014652543796517457 time 199.38694643974304
GAUGE 1 1205 101 0.014652543796518681 best 0.014652543796517457 time 201.09014463424683
GAUGE 1 1205 102 0.014652543796517467 best 0.014652543796517457 time 201.68666577339172
GAUGE 1 1205 103 0.019110248010337474 best 0.014652543796517457 time 204.0956425666809
GAUGE 1 1205 104 0.014652543796518692 best 0.014652543796517457 time 205.40164828300476
GAUGE 1 1205 105 0.01465254379651746 best 0.014652543796517457 time 206.184725522995
GAUGE 1 1205 106 0.014652543796517465 best 0.014652543796517457 time 206.71533346176147
GAUGE 1 1205 107 0.03277412179009645 best 0.014652543796517457 time 214.0068964958191
GAUGE 1 1205 108 0.014652543796517462 best 0.014652543796517457 time 214.56298875808716
GAUGE 1 1205 109 0.01465254379651746 best 0.014652543796517457 time 215.12039136886597
GAUGE 1 1205 110 0.014652543796518694 best 0.014652543796517457 time 216.4386396408081
GAUGE 1 1205 111 0.06547149158993978 best 0.014652543796517457 time 224.01773285865784
GAUGE 1 1205 112 0.014652543796517457 best 0.014652543796517457 time 224.84244680404663
GAUGE 1 1205 113 0.014652543796518695 best 0.014652543796517457 time 226.43997979164124
GAUGE 1 1205 114 0.014652543796517469 best 0.014652543796517457 time 227.24448943138123
GAUGE 1 1205 115 0.03152269891749294 best 0.014652543796517457 time 233.23315739631653
GAUGE 1 1205 116 0.014652543796518685 best 0.014652543796517457 time 234.63635873794556
GAUGE 1 1205 117 0.014652543796517464 best 0.014652543796517457 time 235.16904187202454
GAUGE 1 1205 118 0.014652543796520787 best 0.014652543796517457 time 235.85976433753967
GAUGE 1 1205 119 0.022575626086787794 best 0.014652543796517457 time 238.86957669258118
GAUGE 1 1205 120 0.014652543796517467 best 0.014652543796517457 time 239.68098950386047
GAUGE 1 1205 121 0.014652543796517462 best 0.014652543796517457 time 240.41424942016602
GAUGE 1 1205 122 0.014652543796518694 best 0.014652543796517457 time 241.94585275650024
GAUGE 1 1205 123 0.01952537523619514 best 0.014652543796517457 time 243.85315799713135
GAUGE 1 1205 124 0.014652543796517464 best 0.014652543796517457 time 244.45810723304749
GAUGE 1 1205 125 0.014652543796518687 best 0.014652543796517457 time 245.81110787391663
GAUGE 1 1205 126 0.014652543796517457 best 0.014652543796517457 time 246.39745688438416
GAUGE 1 1205 127 0.04093544174727908 best 0.014652543796517457 time 252.02274680137634
GAUGE 1 1205 128 0.014652543796518692 best 0.014652543796517457 time 253.2770402431488
GAUGE 1 1205 129 0.014652543796517462 best 0.014652543796517457 time 253.76991319656372
GAUGE 1 1205 130 0.014652543796517462 best 0.014652543796517457 time 254.29597115516663
GAUGE 1 1205 131 0.017595819502290205 best 0.014652543796517457 time 259.0819344520569
GAUGE 1 1205 132 0.014652543796517467 best 0.014652543796517457 time 259.6354703903198
GAUGE 1 1205 133 0.014652543796517465 best 0.014652543796517457 time 260.3207151889801
GAUGE 1 1205 134 0.014652543796518687 best 0.014652543796517457 time 261.9760100841522
GAUGE 1 1205 135 0.021075732473977763 best 0.014652543796517457 time 264.5239975452423
GAUGE 1 1205 136 0.014652543796517464 best 0.014652543796517457 time 265.13372230529785
GAUGE 1 1205 137 0.014652543796518694 best 0.014652543796517457 time 267.2764494419098
GAUGE 1 1205 138 0.014652543796517467 best 0.014652543796517457 time 268.2157244682312
GAUGE 1 1205 139 0.027717670711028174 best 0.014652543796517457 time 274.3549771308899
GAUGE 1 1205 140 0.014652543796518694 best 0.014652543796517457 time 275.5705337524414
GAUGE 1 1205 141 0.014652543796517462 best 0.014652543796517457 time 276.2908036708832
GAUGE 1 1205 142 0.014652543796517467 best 0.014652543796517457 time 276.82274055480957
GAUGE 1 1205 143 0.014834439519660425 best 0.014652543796517457 time 283.00676941871643
GAUGE 1 1205 144 0.014652543796517462 best 0.014652543796517457 time 285.33405900001526
GAUGE 1 1205 145 0.01465254379651746 best 0.014652543796517457 time 285.9155533313751
GAUGE 1 1205 146 0.014652543796518694 best 0.014652543796517457 time 287.0672311782837
GAUGE 1 1205 147 0.014652543796517464 best 0.014652543796517457 time 288.60491394996643
GAUGE 1 1205 148 0.01465254379651746 best 0.014652543796517457 time 290.0214741230011
GAUGE 1 1205 149 0.014652543796518695 best 0.014652543796517457 time 291.8017568588257
GAUGE 1 1205 150 0.014652543796517458 best 0.014652543796517457 time 292.28529500961304
GAUGE 1 1205 151 0.06545022311153989 best 0.014652543796517457 time 299.0848009586334
GAUGE 1 1205 152 0.014652543796518683 best 0.014652543796517457 time 300.3380093574524
GAUGE 1 1205 153 0.01465254379651853 best 0.014652543796517457 time 301.3768644332886
GAUGE 1 1205 154 0.014652543796517467 best 0.014652543796517457 time 301.92279529571533
GAUGE 1 1205 155 0.021199904224989463 best 0.014652543796517457 time 313.02000284194946
GAUGE 1 1205 156 0.014652543796517462 best 0.014652543796517457 time 315.3901891708374
GAUGE 1 1205 157 0.014652543796517462 best 0.014652543796517457 time 317.8458456993103
GAUGE 1 1205 158 0.014652543796518688 best 0.014652543796517457 time 322.83431696891785
GAUGE 1 1205 159 0.02229147984876771 best 0.014652543796517457 time 327.1378140449524
GAUGE 1 1205 160 0.014652543796517458 best 0.014652543796517457 time 327.68468976020813
GAUGE 1 1205 161 0.014652543796518688 best 0.014652543796517457 time 329.67838406562805
GAUGE 1 1205 162 0.014652543796517467 best 0.014652543796517457 time 330.31851840019226
GAUGE 1 1205 163 0.027700880279364876 best 0.014652543796517457 time 332.8275697231293
GAUGE 1 1205 164 0.014652543796518688 best 0.014652543796517457 time 334.73751616477966
GAUGE 1 1205 165 0.014652543796517464 best 0.014652543796517457 time 335.52103066444397
GAUGE 1 1205 166 0.014652543796517462 best 0.014652543796517457 time 336.1650221347809
GAUGE 1 1205 167 0.01916017954522325 best 0.014652543796517457 time 338.7100214958191
GAUGE 1 1205 168 0.014652543796517467 best 0.014652543796517457 time 339.7165277004242
GAUGE 1 1205 169 0.014652543796517462 best 0.014652543796517457 time 340.741943359375
GAUGE 1 1205 170 0.014652543796518694 best 0.014652543796517457 time 342.2179534435272
GAUGE 1 1205 171 0.023402394091004905 best 0.014652543796517457 time 342.85983967781067
GAUGE 1 1205 172 0.014652543796517462 best 0.014652543796517457 time 343.8331489562988
GAUGE 1 1205 173 0.014652543796518695 best 0.014652543796517457 time 345.18128514289856
GAUGE 1 1205 174 0.014652543796517464 best 0.014652543796517457 time 345.814523935318
GAUGE 1 1205 175 0.0288126669884292 best 0.014652543796517457 time 350.0856840610504
GAUGE 1 1205 176 0.014652543796518688 best 0.014652543796517457 time 351.75615072250366
GAUGE 1 1205 177 0.01465254379651746 best 0.014652543796517457 time 352.30673718452454
GAUGE 1 1205 178 0.014652543796517467 best 0.014652543796517457 time 352.96971821784973
GAUGE 1 1205 179 0.02343237626549888 best 0.014652543796517457 time 358.33386874198914
GAUGE 1 1205 180 0.014652543796517467 best 0.014652543796517457 time 358.926552772522
GAUGE 1 1205 181 0.014652543796517467 best 0.014652543796517457 time 359.56444692611694
GAUGE 1 1205 182 0.014652543796518694 best 0.014652543796517457 time 360.9125945568085
GAUGE 1 1205 183 0.027528581589565213 best 0.014652543796517457 time 362.6465060710907
GAUGE 1 1205 184 0.014652543796517469 best 0.014652543796517457 time 363.2775321006775
GAUGE 1 1205 185 0.014652543796518694 best 0.014652543796517457 time 364.5117928981781
GAUGE 1 1205 186 0.014652543796517462 best 0.014652543796517457 time 365.05978560447693
GAUGE 1 1205 187 0.035033907951721864 best 0.014652543796517457 time 367.6973719596863
GAUGE 1 1205 188 0.014652543796518688 best 0.014652543796517457 time 369.3911032676697
GAUGE 1 1205 189 0.014652543796517465 best 0.014652543796517457 time 370.82567381858826
GAUGE 1 1205 190 0.014652543796517462 best 0.014652543796517457 time 372.39546179771423
GAUGE 1 1205 191 0.03082782239155475 best 0.014652543796517457 time 383.41680574417114
GAUGE 1 1205 192 0.014652543796517467 best 0.014652543796517457 time 384.6780080795288
GAUGE 1 1205 193 0.014652543796517462 best 0.014652543796517457 time 386.1830930709839
GAUGE 1 1205 194 0.014652543796518688 best 0.014652543796517457 time 387.7412977218628
GAUGE 1 1205 195 0.024167527314186914 best 0.014652543796517457 time 390.5181694030762
GAUGE 1 1205 196 0.014652543796517464 best 0.014652543796517457 time 392.8172240257263
GAUGE 1 1205 197 0.014652543796518695 best 0.014652543796517457 time 399.4500312805176
GAUGE 1 1205 198 0.014652543796517464 best 0.014652543796517457 time 402.8155598640442
GAUGE 1 1205 199 0.02471827251983012 best 0.014652543796517457 time 426.37283849716187
GAUGE 1 1205 200 0.014652543796518688 best 0.014652543796517457 time 428.49504709243774
GAUGE 1 1205 201 0.014652543796517464 best 0.014652543796517457 time 429.0993437767029
GAUGE 1 1205 202 0.13620013712696677 best 0.014652543796517457 time 434.7085270881653
GAUGE 1 1205 203 0.014652543796518617 best 0.014652543796517457 time 437.93649077415466
GAUGE 1 1205 204 0.014652543796517458 best 0.014652543796517457 time 438.5000491142273
GAUGE 1 1205 205 0.014652543796517462 best 0.014652543796517457 time 439.10171818733215
GAUGE 1 1205 206 0.014652543796518681 best 0.014652543796517457 time 440.36031007766724
GAUGE 1 1205 207 0.021528553495236833 best 0.014652543796517457 time 441.6285011768341
GAUGE 1 1205 208 0.014652543796517462 best 0.014652543796517457 time 442.3222267627716
GAUGE 1 1205 209 0.02090069685315675 best 0.014652543796517457 time 448.61235880851746
GAUGE 1 1205 210 0.014652543796517462 best 0.014652543796517457 time 450.22094559669495
GAUGE 1 1205 211 0.017577705604040983 best 0.014652543796517457 time 454.0942199230194
GAUGE 1 1205 212 0.014652543796518688 best 0.014652543796517457 time 455.78646326065063
GAUGE 1 1205 213 0.014652543796517462 best 0.014652543796517457 time 456.7706985473633
GAUGE 1 1205 214 0.014652543796517462 best 0.014652543796517457 time 457.7709286212921
GAUGE 1 1205 215 0.033743069497758404 best 0.014652543796517457 time 463.82076478004456
GAUGE 1 1205 216 0.019766173014236905 best 0.014652543796517457 time 467.9252350330353
GAUGE 1 1205 217 0.01465254379651746 best 0.014652543796517457 time 471.2560040950775
GAUGE 1 1205 218 0.01465254379651869 best 0.014652543796517457 time 474.79483675956726
GAUGE 1 1205 219 0.01809310642819042 best 0.014652543796517457 time 478.8623061180115
GAUGE 1 1205 220 0.01465254379651746 best 0.014652543796517457 time 480.8563892841339
GAUGE 1 1205 221 0.014652543796518687 best 0.014652543796517457 time 483.0937383174896
GAUGE 1 1205 222 0.014652543796517467 best 0.014652543796517457 time 484.8133759498596
GAUGE 1 1205 223 0.029605518431842344 best 0.014652543796517457 time 492.0463399887085
GAUGE 1 1205 224 0.014652543796518688 best 0.014652543796517457 time 498.60558915138245
GAUGE 1 1205 225 0.014652543796517458 best 0.014652543796517457 time 501.40757060050964
GAUGE 1 1205 226 0.014652543796517457 best 0.014652543796517457 time 504.0124912261963
GAUGE 1 1205 227 0.020056977527011625 best 0.014652543796517457 time 516.3110222816467
GAUGE 1 1205 228 0.014652543796517462 best 0.014652543796517457 time 517.4638833999634
GAUGE 1 1205 229 0.014652543796517464 best 0.014652543796517457 time 518.233128786087
GAUGE 1 1205 230 0.01465254379651869 best 0.014652543796517457 time 524.4260630607605
GAUGE 1 1205 231 0.02229147984878149 best 0.014652543796517457 time 527.273800611496
GAUGE 1 1205 232 0.014652543796517462 best 0.014652543796517457 time 529.9880301952362
GAUGE 1 1205 233 0.014652543796518694 best 0.014652543796517457 time 531.4195976257324
GAUGE 1 1205 234 0.014652543796517458 best 0.014652543796517457 time 532.3837854862213
GAUGE 1 1205 235 0.02772190912456449 best 0.014652543796517457 time 535.9500858783722
GAUGE 1 1205 236 0.014652543796518688 best 0.014652543796517457 time 539.4998064041138
GAUGE 1 1205 237 0.014652543796517462 best 0.014652543796517457 time 539.983345746994
GAUGE 1 1205 238 0.014652543796517457 best 0.014652543796517457 time 540.4616038799286
GAUGE 1 1205 239 0.02938058513310332 best 0.014652543796517457 time 549.65762758255
GAUGE 1 1205 240 0.01465254379651746 best 0.014652543796517457 time 550.3982195854187
GAUGE 1 1205 241 0.014652543796517464 best 0.014652543796517457 time 551.4739465713501
GAUGE 1 1205 242 0.014652543796518694 best 0.014652543796517457 time 554.7092082500458
GAUGE 1 1205 243 0.01714558993592849 best 0.014652543796517457 time 567.0381960868835
GAUGE 1 1205 244 0.03097637845277794 best 0.014652543796517457 time 581.7838823795319
GAUGE 1 1205 245 0.014652543796518695 best 0.014652543796517457 time 583.6338839530945
GAUGE 1 1205 246 0.014652543796517465 best 0.014652543796517457 time 584.2246260643005
GAUGE 1 1205 247 0.029363104870339007 best 0.014652543796517457 time 588.8211448192596
GAUGE 1 1205 248 0.014652543796518683 best 0.014652543796517457 time 591.4697368144989
GAUGE 1 1205 249 0.014652543796517464 best 0.014652543796517457 time 592.2579853534698
GAUGE 1 1205 250 0.014652543796517462 best 0.014652543796517457 time 593.4950516223907
GAUGE 1 1205 251 0.024121971083767086 best 0.014652543796517457 time 606.7210686206818
GAUGE 1 1205 252 0.014652543796517462 best 0.014652543796517457 time 607.8504514694214
GAUGE 1 1205 253 0.014652543796517467 best 0.014652543796517457 time 609.0347623825073
GAUGE 1 1205 254 0.014652543796518688 best 0.014652543796517457 time 611.8532512187958
GAUGE 1 1205 255 0.022317432106307555 best 0.014652543796517457 time 612.8962173461914
GAUGE 1 1205 256 0.014652543796517458 best 0.014652543796517457 time 614.5899848937988
GAUGE 1 1205 257 0.014652543796518688 best 0.014652543796517457 time 616.9465124607086
GAUGE 1 1205 258 0.014652543796517465 best 0.014652543796517457 time 617.5644791126251
GAUGE 1 1205 259 0.02434565071290751 best 0.014652543796517457 time 619.1940279006958
GAUGE 1 1205 260 0.014652543796518694 best 0.014652543796517457 time 620.7212677001953
GAUGE 1 1205 261 0.014652543796517465 best 0.014652543796517457 time 621.3815298080444
GAUGE 1 1205 262 0.014652543796517457 best 0.014652543796517457 time 623.2861597537994
GAUGE 1 1205 263 0.050222110530906264 best 0.014652543796517457 time 636.0547444820404
GAUGE 1 1205 264 0.014652543796517467 best 0.014652543796517457 time 636.6315879821777
GAUGE 1 1205 265 0.014652543796528594 best 0.014652543796517457 time 637.1781990528107
GAUGE 1 1205 266 0.014652543796518687 best 0.014652543796517457 time 638.5043251514435
GAUGE 1 1205 267 0.026318633682611694 best 0.014652543796517457 time 641.7501153945923
GAUGE 1 1205 268 0.014652543796517464 best 0.014652543796517457 time 642.7567412853241
GAUGE 1 1205 269 0.014652543796518688 best 0.014652543796517457 time 644.0644936561584
GAUGE 1 1205 270 0.01465254379651746 best 0.014652543796517457 time 644.6158998012543
GAUGE 1 1205 271 0.029951273259954427 best 0.014652543796517457 time 654.8282685279846
GAUGE 1 1205 272 0.014652543796518697 best 0.014652543796517457 time 657.0859887599945
GAUGE 1 1205 273 0.014652543796517462 best 0.014652543796517457 time 658.9472920894623
GAUGE 1 1205 274 0.014652543796517464 best 0.014652543796517457 time 661.7276363372803
GAUGE 1 1205 275 0.015952066953529954 best 0.014652543796517457 time 678.8097455501556
GAUGE 1 1205 276 0.014652543796517464 best 0.014652543796517457 time 683.3839724063873
GAUGE 1 1205 277 0.014652543796517458 best 0.014652543796517457 time 685.03564286232
GAUGE 1 1205 278 0.014652543796518688 best 0.014652543796517457 time 688.1013867855072
GAUGE 1 1205 279 0.02181727566683227 best 0.014652543796517457 time 704.2074196338654
GAUGE 1 1205 280 0.014652543796517467 best 0.014652543796517457 time 706.9495980739594
GAUGE 1 1205 281 0.014652543796518687 best 0.014652543796517457 time 713.4813907146454
GAUGE 1 1205 282 0.014652543796517467 best 0.014652543796517457 time 714.0182385444641
GAUGE 1 1205 283 0.019160179545223054 best 0.014652543796517457 time 715.0716738700867
GAUGE 1 1205 284 0.014652543796518694 best 0.014652543796517457 time 716.602846622467
GAUGE 1 1205 285 0.014652543796517464 best 0.014652543796517457 time 717.2055461406708
GAUGE 1 1205 286 0.01465254379651747 best 0.014652543796517457 time 718.3428871631622
GAUGE 1 1205 287 0.02344707378740417 best 0.014652543796517457 time 727.5489821434021
GAUGE 1 1205 288 0.014652543796517464 best 0.014652543796517457 time 728.1455976963043
GAUGE 1 1205 289 0.014652543796517458 best 0.014652543796517457 time 729.3500599861145
GAUGE 1 1205 290 0.014652543796518688 best 0.014652543796517457 time 731.9330751895905
GAUGE 1 1205 291 0.019921053766565798 best 0.014652543796517457 time 734.6315841674805
GAUGE 1 1205 292 0.014652543796517464 best 0.014652543796517457 time 735.7592959403992
GAUGE 1 1205 293 0.014652543796518687 best 0.014652543796517457 time 737.2244596481323
GAUGE 1 1205 294 0.014652543796517462 best 0.014652543796517457 time 737.7494695186615
GAUGE 1 1205 295 0.021435507440775065 best 0.014652543796517457 time 739.4493007659912
GAUGE 1 1205 296 0.014652543796518685 best 0.014652543796517457 time 741.6156146526337
GAUGE 1 1205 297 0.01465254379651746 best 0.014652543796517457 time 743.6434855461121
GAUGE 1 1205 298 0.014652543796517465 best 0.014652543796517457 time 744.7935259342194
GAUGE 1 1205 299 0.040219668371728585 best 0.014652543796517457 time 771.0038566589355
GAUGE 1 1205 300 0.014652543796517472 best 0.014652543796517457 time 775.4707908630371
GAUGE 1 1205 301 0.014652543796517457 best 0.014652543796517457 time 777.2560341358185
GAUGE 1 1205 302 0.014652543796518683 best 0.014652543796517457 time 780.1928992271423
GAUGE 1 1205 303 0.021075732473977066 best 0.014652543796517457 time 784.7728164196014
GAUGE 1 1205 304 0.014652543796517465 best 0.014652543796517457 time 787.099858045578
GAUGE 1 1205 305 0.014652543796518681 best 0.014652543796517457 time 790.8868772983551
GAUGE 1 1205 306 0.014652543796517464 best 0.014652543796517457 time 794.4460554122925
GAUGE 1 1205 307 0.026635982510086698 best 0.014652543796517457 time 800.1339247226715
GAUGE 1 1205 308 0.01465254379651868 best 0.014652543796517457 time 801.3913838863373
GAUGE 1 1205 309 0.014652543796517458 best 0.014652543796517457 time 801.8944427967072
GAUGE 1 1205 310 0.014652543796517464 best 0.014652543796517457 time 802.5307106971741
GAUGE 1 1205 311 0.01857382295961798 best 0.014652543796517457 time 810.7624888420105
GAUGE 1 1205 312 0.014652543796517467 best 0.014652543796517457 time 811.376601934433
GAUGE 1 1205 313 0.014652543796517462 best 0.014652543796517457 time 811.8534345626831
GAUGE 1 1205 314 0.01465254379651869 best 0.014652543796517457 time 812.9142787456512
GAUGE 1 1205 315 0.01771938414867006 best 0.014652543796517457 time 813.7951092720032
GAUGE 1 1205 316 0.014652543796517464 best 0.014652543796517457 time 814.3056874275208
GAUGE 1 1205 317 0.014652543796518694 best 0.014652543796517457 time 815.7277307510376
GAUGE 1 1205 318 0.014652543796517467 best 0.014652543796517457 time 816.6688487529755
GAUGE 1 1205 319 0.029199481921386494 best 0.014652543796517457 time 818.684210062027
GAUGE 1 1205 320 0.014652543796518681 best 0.014652543796517457 time 820.2454907894135
GAUGE 1 1205 321 0.019766173014236905 best 0.014652543796517457 time 825.8755869865417
GAUGE 1 1205 322 0.014652543796517458 best 0.014652543796517457 time 826.4368717670441
GAUGE 1 1205 323 0.027318447985811442 best 0.014652543796517457 time 831.802820444107
GAUGE 1 1205 324 0.014652543796517467 best 0.014652543796517457 time 833.7171537876129
GAUGE 1 1205 325 0.014652543796517464 best 0.014652543796517457 time 834.9871203899384
GAUGE 1 1205 326 0.014652543796518692 best 0.014652543796517457 time 836.6533954143524
GAUGE 1 1205 327 0.020442417805719135 best 0.014652543796517457 time 838.298660993576
GAUGE 1 1205 328 0.02241737415127491 best 0.014652543796517457 time 839.4540827274323
GAUGE 1 1205 329 0.014652543796518687 best 0.014652543796517457 time 840.604749917984
GAUGE 1 1205 330 0.014652543796517467 best 0.014652543796517457 time 841.1978409290314
GAUGE 1 1205 331 0.027603297557199754 best 0.014652543796517457 time 845.2489869594574
GAUGE 1 1205 332 0.014652543796518687 best 0.014652543796517457 time 846.6570973396301
GAUGE 1 1205 333 0.014652543796517458 best 0.014652543796517457 time 847.262927532196
GAUGE 1 1205 334 0.014652543796517462 best 0.014652543796517457 time 847.9145681858063
GAUGE 1 1205 335 0.019386679729814754 best 0.014652543796517457 time 852.5296902656555
GAUGE 1 1205 336 0.014652543796517462 best 0.014652543796517457 time 853.2766251564026
GAUGE 1 1205 337 0.014652543796517464 best 0.014652543796517457 time 853.7533440589905
GAUGE 1 1205 338 0.014652543796518688 best 0.014652543796517457 time 854.9525992870331
GAUGE 1 1205 339 0.026040668675852766 best 0.014652543796517457 time 855.9116094112396
GAUGE 1 1205 340 0.014652543796517464 best 0.014652543796517457 time 856.4204044342041
GAUGE 1 1205 341 0.014652543796518692 best 0.014652543796517457 time 857.7790746688843
GAUGE 1 1205 342 0.014652543796517476 best 0.014652543796517457 time 858.249228477478
GAUGE 1 1205 343 0.019700715957606817 best 0.014652543796517457 time 860.2757847309113
GAUGE 1 1205 344 0.014652543796518687 best 0.014652543796517457 time 864.7384836673737
GAUGE 1 1205 345 0.014652543796517462 best 0.014652543796517457 time 866.468807220459
GAUGE 1 1205 346 0.014652543796517464 best 0.014652543796517457 time 867.3995914459229
GAUGE 1 1205 347 0.020759966191903702 best 0.014652543796517457 time 875.9226965904236
GAUGE 1 1205 348 0.014652543796517467 best 0.014652543796517457 time 877.775951385498
GAUGE 1 1205 349 0.01465254379651824 best 0.014652543796517457 time 883.6233444213867
GAUGE 1 1205 350 0.014652543796518695 best 0.014652543796517457 time 884.840423822403
GAUGE 1 1205 351 0.020919699014116083 best 0.014652543796517457 time 886.1118545532227
GAUGE 1 1205 352 0.014652543796517462 best 0.014652543796517457 time 887.294193983078
GAUGE 1 1205 353 0.014652543796518687 best 0.014652543796517457 time 889.4208297729492
GAUGE 1 1205 354 0.014652543796517467 best 0.014652543796517457 time 891.2800731658936
GAUGE 1 1205 355 0.022969395580905987 best 0.014652543796517457 time 894.9733419418335
GAUGE 1 1205 356 0.01465254379651869 best 0.014652543796517457 time 898.29465508461
GAUGE 1 1205 357 0.014652543796517458 best 0.014652543796517457 time 900.9419093132019
GAUGE 1 1205 358 0.014652543796517464 best 0.014652543796517457 time 902.4353713989258
GAUGE 1 1205 359 0.014652543796518447 best 0.014652543796517457 time 904.2735960483551
GAUGE 1 1205 360 0.014652543796517467 best 0.014652543796517457 time 905.0765039920807
GAUGE 1 1205 361 0.014652543796517462 best 0.014652543796517457 time 906.3442423343658
GAUGE 1 1205 362 0.014652543796518694 best 0.014652543796517457 time 907.8714535236359
GAUGE 1 1205 363 0.022302406086903502 best 0.014652543796517457 time 910.6017053127289
GAUGE 1 1205 364 0.014652543796517465 best 0.014652543796517457 time 911.1286840438843
GAUGE 1 1205 365 0.014652543796518688 best 0.014652543796517457 time 913.6534667015076
GAUGE 1 1205 366 0.014652543796517465 best 0.014652543796517457 time 915.0333127975464
GAUGE 1 1205 367 0.014652543796518711 best 0.014652543796517457 time 916.8938338756561
GAUGE 1 1205 368 0.014652543796518688 best 0.014652543796517457 time 918.5183660984039
GAUGE 1 1205 369 0.014652543796517464 best 0.014652543796517457 time 919.2368474006653
GAUGE 1 1205 370 0.014652543796517467 best 0.014652543796517457 time 920.7817296981812
GAUGE 1 1205 371 0.024363100169706668 best 0.014652543796517457 time 923.5369925498962
GAUGE 1 1205 372 0.014652543796517467 best 0.014652543796517457 time 924.0769562721252
GAUGE 1 1205 373 0.014652543796517464 best 0.014652543796517457 time 924.6791865825653
GAUGE 1 1205 374 0.014652543796518685 best 0.014652543796517457 time 925.9699358940125
GAUGE 1 1205 375 0.022533392050753883 best 0.014652543796517457 time 927.4818072319031
GAUGE 1 1205 376 0.014652543796517462 best 0.014652543796517457 time 927.9621450901031
GAUGE 1 1205 377 0.014652543796518694 best 0.014652543796517457 time 929.1217978000641
GAUGE 1 1205 378 0.014652543796517465 best 0.014652543796517457 time 929.6383962631226
GAUGE 1 1205 379 0.024766705976774505 best 0.014652543796517457 time 934.3318004608154
GAUGE 1 1205 380 0.014652543796518695 best 0.014652543796517457 time 935.491277217865
GAUGE 1 1205 381 0.014652543796517458 best 0.014652543796517457 time 935.9664976596832
GAUGE 1 1205 382 0.014652543796517458 best 0.014652543796517457 time 936.4209787845612
GAUGE 1 1205 383 0.024333740397653555 best 0.014652543796517457 time 938.3487737178802
GAUGE 1 1205 384 0.022417374151274913 best 0.014652543796517457 time 939.4186704158783
GAUGE 1 1205 385 0.014652543796517458 best 0.014652543796517457 time 939.8755712509155
GAUGE 1 1205 386 0.014652543796518688 best 0.014652543796517457 time 940.9325249195099
GAUGE 1 1205 387 0.024207054119186822 best 0.014652543796517457 time 941.7974226474762
GAUGE 1 1205 388 0.014652543796517465 best 0.014652543796517457 time 942.2419352531433
GAUGE 1 1205 389 0.014652543796518687 best 0.014652543796517457 time 943.2690591812134
GAUGE 1 1205 390 0.014652543796517462 best 0.014652543796517457 time 943.721373796463
GAUGE 1 1205 391 0.014980294404478709 best 0.014652543796517457 time 945.6654500961304
GAUGE 1 1205 392 0.01465254379651869 best 0.014652543796517457 time 948.0988085269928
GAUGE 1 1205 393 0.014652543796517465 best 0.014652543796517457 time 949.3258283138275
GAUGE 1 1205 394 0.014652543796517464 best 0.014652543796517457 time 950.7795853614807
GAUGE 1 1205 395 0.03396111430996692 best 0.014652543796517457 time 956.3252444267273
GAUGE 1 1205 396 0.014652543796517457 best 0.014652543796517457 time 957.7050795555115
GAUGE 1 1205 397 0.014652543796517465 best 0.014652543796517457 time 958.4759545326233
