SAVE 1 best gates 28 loss 0.014652543796517474 seconds 0.5453715324401855
SAVE 1 gauge_1204 gates 28 loss 0.014652543796517474 seconds 0.5508196353912354
GAUGE 1 1204 0 0.014652543796517474 best 0.014652543796517474 time 0.5509469509124756
GAUGE 1 1204 1 0.014652543796517476 best 0.014652543796517474 time 1.2117946147918701
GAUGE 1 1204 2 0.014652543796518688 best 0.014652543796517474 time 2.6152713298797607
GAUGE 1 1204 3 0.026293621579438087 best 0.014652543796517474 time 3.5049076080322266
GAUGE 1 1204 4 0.014652543796517476 best 0.014652543796517474 time 3.9430792331695557
GAUGE 1 1204 5 0.014652543796518683 best 0.014652543796517469 time 5.196191310882568
SAVE 1 best gates 28 loss 0.014652543796517465 seconds 5.673096179962158
GAUGE 1 1204 6 0.014652543796517465 best 0.014652543796517465 time 5.673273801803589
GAUGE 1 1204 7 0.020472556271625184 best 0.014652543796517465 time 7.196825981140137
GAUGE 1 1204 8 0.01465254379651869 best 0.014652543796517465 time 8.743713617324829
GAUGE 1 1204 9 0.014652543796517472 best 0.014652543796517465 time 9.25372052192688
GAUGE 1 1204 10 0.014652543796517467 best 0.014652543796517465 time 9.720551490783691
GAUGE 1 1204 11 0.029179455461687893 best 0.014652543796517464 time 17.785503149032593
GAUGE 1 1204 12 0.014652543796517464 best 0.014652543796517464 time 18.31279492378235
GAUGE 1 1204 13 0.06420800857025684 best 0.014652543796517464 time 23.300466775894165
GAUGE 1 1204 14 0.014652543796518688 best 0.014652543796517464 time 24.476836919784546
GAUGE 1 1204 15 0.02397151315898326 best 0.014652543796517464 time 26.175894021987915
SAVE 1 best gates 28 loss 0.014652543796517462 seconds 26.629071712493896
GAUGE 1 1204 16 0.014652543796517462 best 0.014652543796517462 time 26.629201412200928
GAUGE 1 1204 17 0.014652543796518683 best 0.014652543796517462 time 27.756693840026855
GAUGE 1 1204 18 0.014652543796517467 best 0.014652543796517462 time 28.20961833000183
GAUGE 1 1204 19 0.020792226882285443 best 0.014652543796517462 time 29.336272954940796
GAUGE 1 1204 20 0.014652543796518695 best 0.014652543796517462 time 30.559482097625732
GAUGE 1 1204 21 0.014652543796517465 best 0.014652543796517462 time 31.141681671142578
SAVE 1 best gates 28 loss 0.01465254379651746 seconds 31.659199953079224
GAUGE 1 1204 22 0.01465254379651746 best 0.01465254379651746 time 31.659400701522827
GAUGE 1 1204 23 0.02483502508750277 best 0.01465254379651746 time 36.55479311943054
GAUGE 1 1204 24 0.014652543796517462 best 0.01465254379651746 time 37.01643490791321
GAUGE 1 1204 25 0.014652543796517462 best 0.01465254379651746 time 37.579657316207886
GAUGE 1 1204 26 0.014652543796518694 best 0.01465254379651746 time 39.81495475769043
GAUGE 1 1204 27 0.06652063643893645 best 0.01465254379651746 time 46.08316254615784
SAVE 1 best gates 28 loss 0.014652543796517458 seconds 46.94642663002014
GAUGE 1 1204 28 0.014652543796517458 best 0.014652543796517458 time 46.946672439575195
GAUGE 1 1204 29 0.014652543796518683 best 0.014652543796517458 time 48.18115472793579
GAUGE 1 1204 30 0.014652543796517467 best 0.014652543796517458 time 48.70216107368469
GAUGE 1 1204 31 0.022425251514009748 best 0.014652543796517458 time 49.86145067214966
GAUGE 1 1204 32 0.014652543796518688 best 0.014652543796517458 time 52.70063662528992
GAUGE 1 1204 33 0.014652543796517467 best 0.014652543796517458 time 53.25817561149597
GAUGE 1 1204 34 0.014652543796517469 best 0.014652543796517458 time 54.08327507972717
GAUGE 1 1204 35 0.026167181031697028 best 0.014652543796517458 time 58.74927735328674
SAVE 1 best gates 28 loss 0.014652543796517457 seconds 60.871497631073
GAUGE 1 1204 36 0.014652543796517457 best 0.014652543796517457 time 60.87169170379639
GAUGE 1 1204 37 0.014652543796517464 best 0.014652543796517457 time 61.72588753700256
GAUGE 1 1204 38 0.014652543796518695 best 0.014652543796517457 time 63.262534856796265
GAUGE 1 1204 39 0.021737688411009422 best 0.014652543796517457 time 67.2963969707489
GAUGE 1 1204 40 0.014652543796517467 best 0.014652543796517457 time 67.8470356464386
GAUGE 1 1204 41 0.014652543796518692 best 0.014652543796517457 time 70.8495569229126
GAUGE 1 1204 42 0.014652543796517467 best 0.014652543796517457 time 71.57237696647644
GAUGE 1 1204 43 0.03326167136318596 best 0.014652543796517457 time 73.36134076118469
GAUGE 1 1204 44 0.014652543796518681 best 0.014652543796517457 time 74.9266300201416
GAUGE 1 1204 45 0.014652543796517467 best 0.014652543796517457 time 75.64234685897827
GAUGE 1 1204 46 0.014652543796517465 best 0.014652543796517457 time 76.24851751327515
GAUGE 1 1204 47 0.023130505504781556 best 0.014652543796517457 time 81.5672128200531
GAUGE 1 1204 48 0.014652543796517467 best 0.014652543796517457 time 82.2294430732727
GAUGE 1 1204 49 0.01465254379651746 best 0.014652543796517457 time 82.76177144050598
GAUGE 1 1204 50 0.014652543796518688 best 0.014652543796517457 time 83.95885467529297
GAUGE 1 1204 51 0.022533392050752638 best 0.014652543796517457 time 85.42159795761108
GAUGE 1 1204 52 0.014652543796517458 best 0.014652543796517457 time 86.2817108631134
GAUGE 1 1204 53 0.014652543796518685 best 0.014652543796517457 time 87.40624403953552
GAUGE 1 1204 54 0.014652543796517465 best 0.014652543796517457 time 87.90861129760742
GAUGE 1 1204 55 0.044680454512953945 best 0.014652543796517457 time 95.07418990135193
GAUGE 1 1204 56 0.014652543796518688 best 0.014652543796517457 time 96.95332026481628
GAUGE 1 1204 57 0.014652543796517467 best 0.014652543796517457 time 97.50662589073181
GAUGE 1 1204 58 0.014652543796517457 best 0.014652543796517457 time 98.37287592887878
GAUGE 1 1204 59 0.025037688486303857 best 0.014652543796517457 time 101.56545686721802
GAUGE 1 1204 60 0.014652543796517465 best 0.014652543796517457 time 102.1761326789856
GAUGE 1 1204 61 0.014652543796517464 best 0.014652543796517457 time 102.83556938171387
GAUGE 1 1204 62 0.014652543796518697 best 0.014652543796517457 time 104.98164510726929
GAUGE 1 1204 63 0.019244098136901283 best 0.014652543796517457 time 107.78718709945679
GAUGE 1 1204 64 0.014652543796517465 best 0.014652543796517457 time 109.84785890579224
GAUGE 1 1204 65 0.014652543796518695 best 0.014652543796517457 time 112.45846152305603
GAUGE 1 1204 66 0.014652543796517462 best 0.014652543796517457 time 112.97612953186035
GAUGE 1 1204 67 0.034139782000720806 best 0.014652543796517457 time 116.76474022865295
GAUGE 1 1204 68 0.014652543796518687 best 0.014652543796517457 time 118.94175934791565
GAUGE 1 1204 69 0.014652543796517465 best 0.014652543796517457 time 119.49998068809509
GAUGE 1 1204 70 0.014652543796517467 best 0.014652543796517457 time 120.1928460597992
GAUGE 1 1204 71 0.018498821121575165 best 0.014652543796517457 time 129.05264282226562
GAUGE 1 1204 72 0.014652543796517462 best 0.014652543796517457 time 130.5879578590393
GAUGE 1 1204 73 0.014652543796517465 best 0.014652543796517457 time 131.18686532974243
GAUGE 1 1204 74 0.014652543796518692 best 0.014652543796517457 time 132.37526774406433
GAUGE 1 1204 75 0.017110021025681352 best 0.014652543796517457 time 134.13601851463318
GAUGE 1 1204 76 0.014652543796517464 best 0.014652543796517457 time 135.0252628326416
GAUGE 1 1204 77 0.01465254379651869 best 0.014652543796517457 time 136.8233892917633
GAUGE 1 1204 78 0.014652543796517458 best 0.014652543796517457 time 137.50653862953186
GAUGE 1 1204 79 0.03145691339800753 best 0.014652543796517457 time 139.96590995788574
GAUGE 1 1204 80 0.014652543796518694 best 0.014652543796517457 time 141.82179760932922
GAUGE 1 1204 81 0.014652543796517464 best 0.014652543796517457 time 142.55571103096008
GAUGE 1 1204 82 0.014652543796517465 best 0.014652543796517457 time 143.53446173667908
GAUGE 1 1204 83 0.021168545056518256 best 0.014652543796517457 time 152.04885411262512
GAUGE 1 1204 84 0.014652543796517462 best 0.014652543796517457 time 152.7448558807373
GAUGE 1 1204 85 0.014652543796517464 best 0.014652543796517457 time 153.48520350456238
GAUGE 1 1204 86 0.014652543796518687 best 0.014652543796517457 time 155.2719464302063
GAUGE 1 1204 87 0.021473584496803325 best 0.014652543796517457 time 156.94164156913757
GAUGE 1 1204 88 0.014652543796517458 best 0.014652543796517457 time 157.5928156375885
GAUGE 1 1204 89 0.014652543796518683 best 0.014652543796517457 time 159.50265741348267
GAUGE 1 1204 90 0.014652543796517472 best 0.014652543796517457 time 161.43483591079712
GAUGE 1 1204 91 0.025340715861089824 best 0.014652543796517457 time 166.42395663261414
GAUGE 1 1204 92 0.014652543796518695 best 0.014652543796517457 time 168.97999906539917
GAUGE 1 1204 93 0.014652543796517457 best 0.014652543796517457 time 170.68489336967468
GAUGE 1 1204 94 0.014652543796517469 best 0.014652543796517457 time 171.32624530792236
GAUGE 1 1204 95 0.024448828520196246 best 0.014652543796517457 time 174.44208359718323
GAUGE 1 1204 96 0.014652543796517465 best 0.014652543796517457 time 174.9600932598114
GAUGE 1 1204 97 0.014652543796518536 best 0.014652543796517457 time 176.01113414764404
GAUGE 1 1204 98 0.01465254379651869 best 0.014652543796517457 time 177.75839734077454
GAUGE 1 1204 99 0.022084285005517415 best 0.014652543796517457 time 179.2599184513092
GAUGE 1 1204 100 0.01465254379651746 best 0.014652543796517457 time 179.8632423877716
GAUGE 1 1204 101 0.014652543796518687 best 0.014652543796517457 time 181.23641800880432
GAUGE 1 1204 102 0.014652543796517464 best 0.014652543796517457 time 183.04881238937378
GAUGE 1 1204 103 0.0401391234927086 best 0.014652543796517457 time 185.95926141738892
GAUGE 1 1204 104 0.02090069685315675 best 0.014652543796517457 time 190.3162498474121
GAUGE 1 1204 105 0.014652543796517464 best 0.014652543796517457 time 190.80262923240662
GAUGE 1 1204 106 0.014652543796517464 best 0.014652543796517457 time 191.26584196090698
GAUGE 1 1204 107 0.01787747308211923 best 0.014652543796517457 time 196.0502736568451
GAUGE 1 1204 108 0.014652543796517467 best 0.014652543796517457 time 196.56269717216492
GAUGE 1 1204 109 0.014652543796517462 best 0.014652543796517457 time 197.0967767238617
GAUGE 1 1204 110 0.014652543796518694 best 0.014652543796517457 time 198.90708827972412
GAUGE 1 1204 111 0.03518644287725915 best 0.014652543796517457 time 200.53458452224731
GAUGE 1 1204 112 0.014652543796517467 best 0.014652543796517457 time 201.29437279701233
GAUGE 1 1204 113 0.014652543796518692 best 0.014652543796517457 time 204.6444811820984
GAUGE 1 1204 114 0.014652543796517458 best 0.014652543796517457 time 205.56793594360352
GAUGE 1 1204 115 0.027079325536570074 best 0.014652543796517457 time 212.00704908370972
GAUGE 1 1204 116 0.014652543796518687 best 0.014652543796517457 time 215.32025504112244
GAUGE 1 1204 117 0.014652543796517458 best 0.014652543796517457 time 216.79666137695312
GAUGE 1 1204 118 0.014652543796517472 best 0.014652543796517457 time 218.0218541622162
GAUGE 1 1204 119 0.029629595649609403 best 0.014652543796517457 time 222.18064045906067
GAUGE 1 1204 120 0.014652543796517467 best 0.014652543796517457 time 222.73145484924316
GAUGE 1 1204 121 0.014652543796517465 best 0.014652543796517457 time 223.27483749389648
GAUGE 1 1204 122 0.014652543796518694 best 0.014652543796517457 time 224.62530779838562
GAUGE 1 1204 123 0.02524075137820253 best 0.014652543796517457 time 226.3727011680603
GAUGE 1 1204 124 0.014652543796517458 best 0.014652543796517457 time 227.29821586608887
GAUGE 1 1204 125 0.01465254379651869 best 0.014652543796517457 time 228.48413586616516
GAUGE 1 1204 126 0.014652543796517462 best 0.014652543796517457 time 229.32552480697632
GAUGE 1 1204 127 0.02633343476849159 best 0.014652543796517457 time 231.79420685768127
GAUGE 1 1204 128 0.014652543796518694 best 0.014652543796517457 time 233.6573941707611
GAUGE 1 1204 129 0.014652543796517464 best 0.014652543796517457 time 234.28683185577393
GAUGE 1 1204 130 0.014652543796517467 best 0.014652543796517457 time 234.99207377433777
GAUGE 1 1204 131 0.022377480213644642 best 0.014652543796517457 time 238.77850198745728
GAUGE 1 1204 132 0.014652543796517462 best 0.014652543796517457 time 239.33350896835327
GAUGE 1 1204 133 0.014652543796517465 best 0.014652543796517457 time 239.86495637893677
GAUGE 1 1204 134 0.014652543796518685 best 0.014652543796517457 time 241.15607285499573
GAUGE 1 1204 135 0.02523399254142159 best 0.014652543796517457 time 243.66604614257812
GAUGE 1 1204 136 0.014652543796517462 best 0.014652543796517457 time 244.42416095733643
GAUGE 1 1204 137 0.014652543796518687 best 0.014652543796517457 time 246.04455971717834
GAUGE 1 1204 138 0.014652543796517464 best 0.014652543796517457 time 246.77983689308167
GAUGE 1 1204 139 0.03349461849546145 best 0.014652543796517457 time 249.9042661190033
GAUGE 1 1204 140 0.014652543796518681 best 0.014652543796517457 time 251.26799392700195
GAUGE 1 1204 141 0.014652543796517462 best 0.014652543796517457 time 251.82172226905823
GAUGE 1 1204 142 0.014652543796517458 best 0.014652543796517457 time 252.44822525978088
GAUGE 1 1204 143 0.0180054406849053 best 0.014652543796517457 time 259.52825355529785
GAUGE 1 1204 144 0.014652543796517462 best 0.014652543796517457 time 260.42932057380676
GAUGE 1 1204 145 0.014652543796517467 best 0.014652543796517457 time 261.1791355609894
GAUGE 1 1204 146 0.014652543796518683 best 0.014652543796517457 time 262.527859210968
GAUGE 1 1204 147 0.022302406086903488 best 0.014652543796517457 time 266.4848334789276
GAUGE 1 1204 148 0.014652543796517465 best 0.014652543796517457 time 267.1442873477936
GAUGE 1 1204 149 0.014652543796518695 best 0.014652543796517457 time 268.7644398212433
GAUGE 1 1204 150 0.014652543796517467 best 0.014652543796517457 time 270.86702132225037
GAUGE 1 1204 151 0.023853802098797984 best 0.014652543796517457 time 273.9920823574066
GAUGE 1 1204 152 0.014652543796518692 best 0.014652543796517457 time 275.42319226264954
GAUGE 1 1204 153 0.014652543796517465 best 0.014652543796517457 time 276.39349389076233
GAUGE 1 1204 154 0.014652543796517462 best 0.014652543796517457 time 277.01476860046387
GAUGE 1 1204 155 0.022758526797733776 best 0.014652543796517457 time 280.46745896339417
GAUGE 1 1204 156 0.014652543796517457 best 0.014652543796517457 time 281.3415102958679
GAUGE 1 1204 157 0.014652543796517467 best 0.014652543796517457 time 282.7711834907532
GAUGE 1 1204 158 0.014652543796518694 best 0.014652543796517457 time 284.012081861496
GAUGE 1 1204 159 0.023872263624495967 best 0.014652543796517457 time 285.2859914302826
GAUGE 1 1204 160 0.02970016498679524 best 0.014652543796517457 time 287.88267278671265
GAUGE 1 1204 161 0.014652543796518688 best 0.014652543796517457 time 289.69431257247925
GAUGE 1 1204 162 0.014652543796517467 best 0.014652543796517457 time 290.31837153434753
GAUGE 1 1204 163 0.021160342146167438 best 0.014652543796517457 time 300.6336841583252
GAUGE 1 1204 164 0.014652543796518681 best 0.014652543796517457 time 305.5883002281189
GAUGE 1 1204 165 0.014652543796517458 best 0.014652543796517457 time 306.3065402507782
GAUGE 1 1204 166 0.014652543796517464 best 0.014652543796517457 time 306.88923501968384
GAUGE 1 1204 167 0.06819828806057454 best 0.014652543796517457 time 321.7526021003723
GAUGE 1 1204 168 0.014652543796517467 best 0.014652543796517457 time 322.8857116699219
GAUGE 1 1204 169 0.014652543796517464 best 0.014652543796517457 time 324.20352244377136
GAUGE 1 1204 170 0.014652543796518681 best 0.014652543796517457 time 325.6671438217163
GAUGE 1 1204 171 0.018012137141203016 best 0.014652543796517457 time 328.8185844421387
GAUGE 1 1204 172 0.014652543796517462 best 0.014652543796517457 time 329.47326588630676
GAUGE 1 1204 173 0.014652543796518688 best 0.014652543796517457 time 330.79892897605896
GAUGE 1 1204 174 0.014652543796517472 best 0.014652543796517457 time 331.30720043182373
GAUGE 1 1204 175 0.025185919570596592 best 0.014652543796517457 time 335.6243302822113
GAUGE 1 1204 176 0.014652543796518685 best 0.014652543796517457 time 337.3342125415802
GAUGE 1 1204 177 0.014652543796517462 best 0.014652543796517457 time 338.5349404811859
GAUGE 1 1204 178 0.014652543796517462 best 0.014652543796517457 time 339.14444851875305
GAUGE 1 1204 179 0.02430401743020673 best 0.014652543796517457 time 347.553498506546
GAUGE 1 1204 180 0.014652543796517462 best 0.014652543796517457 time 348.51234912872314
GAUGE 1 1204 181 0.014652543796520347 best 0.014652543796517457 time 349.248743057251
GAUGE 1 1204 182 0.014652543796518695 best 0.014652543796517457 time 350.5233232975006
GAUGE 1 1204 183 0.019766173014239375 best 0.014652543796517457 time 351.0943224430084
GAUGE 1 1204 184 0.014652543796517457 best 0.014652543796517457 time 351.7147698402405
GAUGE 1 1204 185 0.014652543796518681 best 0.014652543796517457 time 355.96744990348816
GAUGE 1 1204 186 0.014652543796517462 best 0.014652543796517457 time 357.8978862762451
GAUGE 1 1204 187 0.020271329018474962 best 0.014652543796517457 time 359.2475914955139
GAUGE 1 1204 188 0.014652543796518687 best 0.014652543796517457 time 363.14748191833496
GAUGE 1 1204 189 0.014652543796517464 best 0.014652543796517457 time 365.7647399902344
GAUGE 1 1204 190 0.01465254379651746 best 0.014652543796517457 time 366.8134410381317
GAUGE 1 1204 191 0.020866066839710002 best 0.014652543796517457 time 372.25322818756104
GAUGE 1 1204 192 0.014652543796517464 best 0.014652543796517457 time 372.8477928638458
GAUGE 1 1204 193 0.014652543796517465 best 0.014652543796517457 time 373.6738986968994
GAUGE 1 1204 194 0.014652543796518692 best 0.014652543796517457 time 375.1605553627014
GAUGE 1 1204 195 0.032018085359939 best 0.014652543796517457 time 377.4023103713989
GAUGE 1 1204 196 0.014652543796517465 best 0.014652543796517457 time 378.189692735672
GAUGE 1 1204 197 0.014652543796518688 best 0.014652543796517457 time 379.8556315898895
GAUGE 1 1204 198 0.014652543796517467 best 0.014652543796517457 time 380.86019682884216
GAUGE 1 1204 199 0.019771651735983848 best 0.014652543796517457 time 383.32632994651794
GAUGE 1 1204 200 0.014652543796518681 best 0.014652543796517457 time 384.7381570339203
GAUGE 1 1204 201 0.014652543796517465 best 0.014652543796517457 time 385.75383138656616
GAUGE 1 1204 202 0.014652543796520789 best 0.014652543796517457 time 386.8197042942047
GAUGE 1 1204 203 0.01809310642819041 best 0.014652543796517457 time 394.0097556114197
GAUGE 1 1204 204 0.014652543796517458 best 0.014652543796517457 time 394.6766438484192
GAUGE 1 1204 205 0.014652543796517458 best 0.014652543796517457 time 395.3342399597168
GAUGE 1 1204 206 0.014652543796518685 best 0.014652543796517457 time 396.71040987968445
GAUGE 1 1204 207 0.02219894835819041 best 0.014652543796517457 time 397.782292842865
GAUGE 1 1204 208 0.014652543796517465 best 0.014652543796517457 time 398.3221287727356
GAUGE 1 1204 209 0.014652543796518695 best 0.014652543796517457 time 399.511962890625
GAUGE 1 1204 210 0.01465254379651746 best 0.014652543796517457 time 400.05216908454895
GAUGE 1 1204 211 0.026627221258242198 best 0.014652543796517457 time 405.10891222953796
GAUGE 1 1204 212 0.014652543796518695 best 0.014652543796517457 time 406.63302731513977
GAUGE 1 1204 213 0.014652543796517462 best 0.014652543796517457 time 407.29446840286255
GAUGE 1 1204 214 0.014652543796517464 best 0.014652543796517457 time 407.94719338417053
GAUGE 1 1204 215 0.03036695403693281 best 0.014652543796517457 time 416.9494445323944
GAUGE 1 1204 216 0.01976617301423689 best 0.014652543796517457 time 420.184935092926
GAUGE 1 1204 217 0.014652543796517467 best 0.014652543796517457 time 421.33547735214233
GAUGE 1 1204 218 0.014652543796518695 best 0.014652543796517457 time 423.52459621429443
GAUGE 1 1204 219 0.01800721437575381 best 0.014652543796517457 time 426.1196036338806
GAUGE 1 1204 220 0.014652543796517464 best 0.014652543796517457 time 426.563330411911
GAUGE 1 1204 221 0.014652543796518688 best 0.014652543796517457 time 428.7289848327637
GAUGE 1 1204 222 0.014652543796517467 best 0.014652543796517457 time 429.41094422340393
GAUGE 1 1204 223 0.027079631768409697 best 0.014652543796517457 time 435.24869775772095
GAUGE 1 1204 224 0.014652543796518694 best 0.014652543796517457 time 437.47317838668823
GAUGE 1 1204 225 0.01465254379651746 best 0.014652543796517457 time 438.1012542247772
GAUGE 1 1204 226 0.014652543796517465 best 0.014652543796517457 time 439.390611410141
GAUGE 1 1204 227 0.03239026756620502 best 0.014652543796517457 time 449.3978359699249
GAUGE 1 1204 228 0.014652543796517462 best 0.014652543796517457 time 450.49481534957886
GAUGE 1 1204 229 0.014652543796517457 best 0.014652543796517457 time 452.2678601741791
GAUGE 1 1204 230 0.014652543796518687 best 0.014652543796517457 time 455.0458405017853
GAUGE 1 1204 231 0.014652543796517464 best 0.014652543796517457 time 456.0168628692627
GAUGE 1 1204 232 0.014652543796517467 best 0.014652543796517457 time 456.6961772441864
GAUGE 1 1204 233 0.014652543796518685 best 0.014652543796517457 time 458.3228850364685
GAUGE 1 1204 234 0.014652543796517467 best 0.014652543796517457 time 461.1401159763336
GAUGE 1 1204 235 0.020009974251036677 best 0.014652543796517457 time 462.66580057144165
GAUGE 1 1204 236 0.01465254379651869 best 0.014652543796517457 time 464.29473900794983
GAUGE 1 1204 237 0.019766173014236905 best 0.014652543796517457 time 468.1845123767853
GAUGE 1 1204 238 0.014652543796517462 best 0.014652543796517457 time 468.82315015792847
GAUGE 1 1204 239 0.030149697538589565 best 0.014652543796517457 time 479.406964302063
GAUGE 1 1204 240 0.014652543796517467 best 0.014652543796517457 time 480.0499851703644
GAUGE 1 1204 241 0.014652543796517462 best 0.014652543796517457 time 481.323011636734
GAUGE 1 1204 242 0.014652543796518681 best 0.014652543796517457 time 482.8121647834778
GAUGE 1 1204 243 0.024446827695982415 best 0.014652543796517457 time 484.9599840641022
GAUGE 1 1204 244 0.014652543796517474 best 0.014652543796517457 time 485.9716534614563
GAUGE 1 1204 245 0.014652543796518694 best 0.014652543796517457 time 489.1055688858032
GAUGE 1 1204 246 0.014652543796517462 best 0.014652543796517457 time 489.7017090320587
GAUGE 1 1204 247 0.02430732489246856 best 0.014652543796517457 time 492.8803017139435
GAUGE 1 1204 248 0.014652543796518694 best 0.014652543796517457 time 494.4800775051117
GAUGE 1 1204 249 0.014652543796517457 best 0.014652543796517457 time 495.0722026824951
GAUGE 1 1204 250 0.014652543796517464 best 0.014652543796517457 time 495.66220259666443
GAUGE 1 1204 251 0.01939213523091732 best 0.014652543796517457 time 500.1325204372406
GAUGE 1 1204 252 0.014652543796517464 best 0.014652543796517457 time 502.1487317085266
GAUGE 1 1204 253 0.014652543796517465 best 0.014652543796517457 time 503.1608884334564
GAUGE 1 1204 254 0.014652543796518688 best 0.014652543796517457 time 505.2873041629791
GAUGE 1 1204 255 0.015039474393583325 best 0.014652543796517457 time 505.9131112098694
GAUGE 1 1204 256 0.014652543796517462 best 0.014652543796517457 time 507.4224774837494
GAUGE 1 1204 257 0.014652543796518688 best 0.014652543796517457 time 509.8360741138458
GAUGE 1 1204 258 0.014652543796517472 best 0.014652543796517457 time 510.90594816207886
GAUGE 1 1204 259 0.027535469351187628 best 0.014652543796517457 time 517.7245252132416
GAUGE 1 1204 260 0.014652543796518695 best 0.014652543796517457 time 522.0241775512695
GAUGE 1 1204 261 0.014652543796517457 best 0.014652543796517457 time 522.6859929561615
GAUGE 1 1204 262 0.014652543796517464 best 0.014652543796517457 time 523.2589511871338
GAUGE 1 1204 263 0.018012137141203127 best 0.014652543796517457 time 542.1840052604675
GAUGE 1 1204 264 0.014652543796517464 best 0.014652543796517457 time 545.4386732578278
GAUGE 1 1204 265 0.014652543796517472 best 0.014652543796517457 time 546.7708859443665
GAUGE 1 1204 266 0.014652543796518681 best 0.014652543796517457 time 551.2949349880219
GAUGE 1 1204 267 0.020448464284791124 best 0.014652543796517457 time 553.9512946605682
GAUGE 1 1204 268 0.014652543796517458 best 0.014652543796517457 time 554.4241240024567
GAUGE 1 1204 269 0.014652543796518683 best 0.014652543796517457 time 555.5936152935028
GAUGE 1 1204 270 0.014652543796517464 best 0.014652543796517457 time 556.2112371921539
GAUGE 1 1204 271 0.033819631154618085 best 0.014652543796517457 time 558.2927038669586
GAUGE 1 1204 272 0.014652543796518688 best 0.014652543796517457 time 559.9877429008484
GAUGE 1 1204 273 0.014652543796517464 best 0.014652543796517457 time 560.6605014801025
GAUGE 1 1204 274 0.014652543796517458 best 0.014652543796517457 time 561.2391369342804
GAUGE 1 1204 275 0.04405026749202803 best 0.014652543796517457 time 567.4325971603394
GAUGE 1 1204 276 0.014652543796517457 best 0.014652543796517457 time 568.2067477703094
GAUGE 1 1204 277 0.014652543796517465 best 0.014652543796517457 time 568.7927534580231
GAUGE 1 1204 278 0.01465254379651869 best 0.014652543796517457 time 570.6011273860931
GAUGE 1 1204 279 0.014652543796518374 best 0.014652543796517457 time 571.5401649475098
GAUGE 1 1204 280 0.014652543796517467 best 0.014652543796517457 time 573.6892516613007
GAUGE 1 1204 281 0.01465254379651869 best 0.014652543796517457 time 576.4622275829315
GAUGE 1 1204 282 0.014652543796517469 best 0.014652543796517457 time 577.2102172374725
GAUGE 1 1204 283 0.028722338375883564 best 0.014652543796517457 time 580.4402055740356
GAUGE 1 1204 284 0.014652543796518694 best 0.014652543796517457 time 584.3164496421814
GAUGE 1 1204 285 0.014652543796517462 best 0.014652543796517457 time 584.9284961223602
GAUGE 1 1204 286 0.014652543796517472 best 0.014652543796517457 time 586.2271525859833
GAUGE 1 1204 287 0.032160381696131835 best 0.014652543796517457 time 592.4113810062408
GAUGE 1 1204 288 0.014652543796517467 best 0.014652543796517457 time 594.2742435932159
GAUGE 1 1204 289 0.014652543796517462 best 0.014652543796517457 time 594.7743213176727
GAUGE 1 1204 290 0.014652543796518694 best 0.014652543796517457 time 596.2947144508362
GAUGE 1 1204 291 0.022533392050753893 best 0.014652543796517457 time 599.6343779563904
GAUGE 1 1204 292 0.014652543796517462 best 0.014652543796517457 time 600.5099287033081
GAUGE 1 1204 293 0.014652543796518687 best 0.014652543796517457 time 601.7833664417267
GAUGE 1 1204 294 0.014652543796517465 best 0.014652543796517457 time 602.345032453537
GAUGE 1 1204 295 0.02173553335643916 best 0.014652543796517457 time 606.559513092041
GAUGE 1 1204 296 0.014652543796518688 best 0.014652543796517457 time 608.3083403110504
GAUGE 1 1204 297 0.014652543796517464 best 0.014652543796517457 time 609.390353679657
GAUGE 1 1204 298 0.014652543796517462 best 0.014652543796517457 time 611.1262521743774
GAUGE 1 1204 299 0.019630185918359657 best 0.014652543796517457 time 616.562422990799
GAUGE 1 1204 300 0.019766173014236898 best 0.014652543796517457 time 632.8297545909882
GAUGE 1 1204 301 0.014652543796517458 best 0.014652543796517457 time 634.3519282341003
GAUGE 1 1204 302 0.014652543796518695 best 0.014652543796517457 time 636.8006427288055
GAUGE 1 1204 303 0.025084791646458885 best 0.014652543796517457 time 640.8853211402893
GAUGE 1 1204 304 0.014652543796517467 best 0.014652543796517457 time 642.3455457687378
GAUGE 1 1204 305 0.014652543796518695 best 0.014652543796517457 time 644.3167793750763
GAUGE 1 1204 306 0.014652543796517462 best 0.014652543796517457 time 645.0887272357941
GAUGE 1 1204 307 0.023028238404163907 best 0.014652543796517457 time 653.6925630569458
GAUGE 1 1204 308 0.01465254379651869 best 0.014652543796517457 time 658.0251636505127
GAUGE 1 1204 309 0.01465254379651746 best 0.014652543796517457 time 659.3289420604706
GAUGE 1 1204 310 0.014652543796517464 best 0.014652543796517457 time 663.1533672809601
GAUGE 1 1204 311 0.01973436619700961 best 0.014652543796517457 time 675.6335842609406
GAUGE 1 1204 312 0.014652543796517469 best 0.014652543796517457 time 676.1272168159485
GAUGE 1 1204 313 0.014652543796517465 best 0.014652543796517457 time 676.6049420833588
GAUGE 1 1204 314 0.02927881032899123 best 0.014652543796517457 time 681.6797504425049
GAUGE 1 1204 315 0.023285615601833252 best 0.014652543796517457 time 686.3197748661041
GAUGE 1 1204 316 0.014652543796517458 best 0.014652543796517457 time 687.1015644073486
GAUGE 1 1204 317 0.014652543796518692 best 0.014652543796517457 time 689.9643363952637
GAUGE 1 1204 318 0.014652543796517467 best 0.014652543796517457 time 690.5711967945099
GAUGE 1 1204 319 0.02114998564409744 best 0.014652543796517457 time 694.2094371318817
GAUGE 1 1204 320 0.014652543796518688 best 0.014652543796517457 time 695.8364307880402
GAUGE 1 1204 321 0.014652543796517462 best 0.014652543796517457 time 696.7191576957703
GAUGE 1 1204 322 0.014652543796517467 best 0.014652543796517457 time 697.5748295783997
GAUGE 1 1204 323 0.0749969794301404 best 0.014652543796517457 time 708.0916466712952
GAUGE 1 1204 324 0.014652543796517462 best 0.014652543796517457 time 708.6578221321106
GAUGE 1 1204 325 0.01465254379651746 best 0.014652543796517457 time 709.3096039295197
GAUGE 1 1204 326 0.014652543796518695 best 0.014652543796517457 time 711.1401915550232
GAUGE 1 1204 327 0.014980294404480314 best 0.014652543796517457 time 712.8283748626709
GAUGE 1 1204 328 0.014652543796517464 best 0.014652543796517457 time 713.4623091220856
GAUGE 1 1204 329 0.014652543796518681 best 0.014652543796517457 time 714.5139858722687
GAUGE 1 1204 330 0.014652543796517458 best 0.014652543796517457 time 714.9543352127075
GAUGE 1 1204 331 0.03768915856918311 best 0.014652543796517457 time 716.4672563076019
GAUGE 1 1204 332 0.014652543796518694 best 0.014652543796517457 time 717.5514194965363
GAUGE 1 1204 333 0.014652543796517464 best 0.014652543796517457 time 718.376790523529
GAUGE 1 1204 334 0.014652543796517462 best 0.014652543796517457 time 719.2546000480652
GAUGE 1 1204 335 0.061019173029088616 best 0.014652543796517457 time 729.3492958545685
GAUGE 1 1204 336 0.014652543796517457 best 0.014652543796517457 time 729.8848166465759
GAUGE 1 1204 337 0.014652543796517458 best 0.014652543796517457 time 730.3678591251373
GAUGE 1 1204 338 0.014652543796518692 best 0.014652543796517457 time 731.7526385784149
GAUGE 1 1204 339 0.025453148869540025 best 0.014652543796517457 time 734.0615723133087
GAUGE 1 1204 340 0.014652543796517462 best 0.014652543796517457 time 734.987053155899
GAUGE 1 1204 341 0.014652543796518685 best 0.014652543796517457 time 736.5861110687256
GAUGE 1 1204 342 0.014652543796517469 best 0.014652543796517457 time 737.1499865055084
GAUGE 1 1204 343 0.02721786472372406 best 0.014652543796517457 time 739.4988987445831
GAUGE 1 1204 344 0.014652543796518694 best 0.014652543796517457 time 741.7674643993378
GAUGE 1 1204 345 0.014652543796517462 best 0.014652543796517457 time 742.5148372650146
GAUGE 1 1204 346 0.014652543796517462 best 0.014652543796517457 time 743.389928817749
GAUGE 1 1204 347 0.019974691166822645 best 0.014652543796517457 time 752.4991009235382
GAUGE 1 1204 348 0.014652543796517465 best 0.014652543796517457 time 753.1712746620178
GAUGE 1 1204 349 0.014652543796517472 best 0.014652543796517457 time 753.8053958415985
GAUGE 1 1204 350 0.014652543796518694 best 0.014652543796517457 time 756.776350736618
GAUGE 1 1204 351 0.021735533356433755 best 0.014652543796517457 time 761.7027208805084
GAUGE 1 1204 352 0.014652543796517469 best 0.014652543796517457 time 763.2931468486786
GAUGE 1 1204 353 0.014652543796518687 best 0.014652543796517457 time 766.4321384429932
GAUGE 1 1204 354 0.014652543796517457 best 0.014652543796517457 time 767.033127784729
GAUGE 1 1204 355 0.019766173014236343 best 0.014652543796517457 time 771.8797459602356
GAUGE 1 1204 356 0.014652543796518688 best 0.014652543796517457 time 776.3250267505646
GAUGE 1 1204 357 0.014652543796517464 best 0.014652543796517457 time 777.9990644454956
GAUGE 1 1204 358 0.014652543796517467 best 0.014652543796517457 time 779.6334064006805
GAUGE 1 1204 359 0.024135765216595037 best 0.014652543796517457 time 785.0374083518982
GAUGE 1 1204 360 0.014652543796517462 best 0.014652543796517457 time 785.5696153640747
GAUGE 1 1204 361 0.014652543796517458 best 0.014652543796517457 time 786.1124925613403
GAUGE 1 1204 362 0.014652543796518687 best 0.014652543796517457 time 787.8247919082642
GAUGE 1 1204 363 0.020574010237137924 best 0.014652543796517457 time 789.8004813194275
GAUGE 1 1204 364 0.014652543796517462 best 0.014652543796517457 time 790.3994917869568
GAUGE 1 1204 365 0.014652543796518681 best 0.014652543796517457 time 791.9288303852081
GAUGE 1 1204 366 0.014652543796517464 best 0.014652543796517457 time 792.4373300075531
GAUGE 1 1204 367 0.019634744960053366 best 0.014652543796517457 time 793.6582653522491
GAUGE 1 1204 368 0.014652543796518695 best 0.014652543796517457 time 795.0913426876068
GAUGE 1 1204 369 0.014652543796517464 best 0.014652543796517457 time 795.7205862998962
GAUGE 1 1204 370 0.01465254379651748 best 0.014652543796517457 time 796.4714241027832
GAUGE 1 1204 371 0.024076478388777994 best 0.014652543796517457 time 805.1800875663757
GAUGE 1 1204 372 0.014652543796517457 best 0.014652543796517457 time 805.6890830993652
GAUGE 1 1204 373 0.014652543796517457 best 0.014652543796517457 time 806.7649254798889
GAUGE 1 1204 374 0.014652543796518688 best 0.014652543796517457 time 808.3351588249207
GAUGE 1 1204 375 0.020760809544225305 best 0.014652543796517457 time 809.3555111885071
GAUGE 1 1204 376 0.014652543796517465 best 0.014652543796517457 time 809.8691694736481
GAUGE 1 1204 377 0.02927881032899123 best 0.014652543796517457 time 814.1501839160919
GAUGE 1 1204 378 0.014652543796517464 best 0.014652543796517457 time 814.604719877243
GAUGE 1 1204 379 0.030248486911012708 best 0.014652543796517457 time 817.979428768158
GAUGE 1 1204 380 0.014652543796518694 best 0.014652543796517457 time 824.077553987503
GAUGE 1 1204 381 0.014652543796517462 best 0.014652543796517457 time 826.2762668132782
GAUGE 1 1204 382 0.01465254379651746 best 0.014652543796517457 time 827.2453336715698
GAUGE 1 1204 383 0.016143028417544083 best 0.014652543796517457 time 832.5392003059387
GAUGE 1 1204 384 0.014652543796517474 best 0.014652543796517457 time 833.8000199794769
GAUGE 1 1204 385 0.014652543796517458 best 0.014652543796517457 time 835.9975435733795
GAUGE 1 1204 386 0.014652543796518685 best 0.014652543796517457 time 840.8312737941742
GAUGE 1 1204 387 0.01745203954651406 best 0.014652543796517457 time 849.6445055007935
GAUGE 1 1204 388 0.014652543796517465 best 0.014652543796517457 time 850.9990046024323
GAUGE 1 1204 389 0.014652543796518687 best 0.014652543796517457 time 852.9069488048553
GAUGE 1 1204 390 0.014652543796517462 best 0.014652543796517457 time 853.8832952976227
GAUGE 1 1204 391 0.03141346056164213 best 0.014652543796517457 time 855.2125272750854
GAUGE 1 1204 392 0.014652543796518692 best 0.014652543796517457 time 858.7436258792877
GAUGE 1 1204 393 0.014652543796517465 best 0.014652543796517457 time 861.029177904129
GAUGE 1 1204 394 0.014652543796517464 best 0.014652543796517457 time 864.0928471088409
GAUGE 1 1204 395 0.017595030380706513 best 0.014652543796517457 time 875.4661703109741
GAUGE 1 1204 396 0.014652543796517465 best 0.014652543796517457 time 878.0782527923584
GAUGE 1 1204 397 0.014652543796517457 best 0.014652543796517457 time 879.6579070091248
GAUGE 1 1204 398 0.014652543796518687 best 0.014652543796517457 time 880.9630682468414
GAUGE 1 1204 399 0.0252339925414216 best 0.014652543796517457 time 883.0928115844727
GAUGE 1 1204 400 0.014652543796517464 best 0.014652543796517457 time 884.1093072891235
GAUGE 1 1204 401 0.014652543796518688 best 0.014652543796517457 time 885.5912020206451
GAUGE 1 1204 402 0.014652543796517462 best 0.014652543796517457 time 886.0642170906067
GAUGE 1 1204 403 0.018129302036667353 best 0.014652543796517457 time 888.5598213672638
GAUGE 1 1204 404 0.01465254379651869 best 0.014652543796517457 time 890.8196065425873
GAUGE 1 1204 405 0.01465254379651746 best 0.014652543796517457 time 892.2240767478943
GAUGE 1 1204 406 0.014652543796517457 best 0.014652543796517457 time 893.1157650947571
GAUGE 1 1204 407 0.02328005627793223 best 0.014652543796517457 time 897.5779092311859
GAUGE 1 1204 408 0.014652543796517462 best 0.014652543796517457 time 898.8931784629822
GAUGE 1 1204 409 0.014652543796517458 best 0.014652543796517457 time 899.5859229564667
GAUGE 1 1204 410 0.014652543796518688 best 0.014652543796517457 time 901.3490707874298
GAUGE 1 1204 411 0.01976617301423937 best 0.014652543796517457 time 903.5081496238708
GAUGE 1 1204 412 0.019766173014236898 best 0.014652543796517457 time 911.2635278701782
GAUGE 1 1204 413 0.014652543796518688 best 0.014652543796517457 time 913.6843819618225
GAUGE 1 1204 414 0.014652543796517464 best 0.014652543796517457 time 914.9635629653931
GAUGE 1 1204 415 0.0255663109213102 best 0.014652543796517457 time 923.4675514698029
GAUGE 1 1204 416 0.014652543796518688 best 0.014652543796517457 time 924.8991732597351
GAUGE 1 1204 417 0.01465254379651746 best 0.014652543796517457 time 925.6062006950378
GAUGE 1 1204 418 0.014652543796517457 best 0.014652543796517457 time 926.300389289856
GAUGE 1 1204 419 0.029666784051677993 best 0.014652543796517457 time 939.570084810257
GAUGE 1 1204 420 0.01465254379651746 best 0.014652543796517457 time 942.2972941398621
GAUGE 1 1204 421 0.014652543796517457 best 0.014652543796517457 time 943.7489259243011
GAUGE 1 1204 422 0.014652543796518683 best 0.014652543796517457 time 946.7280864715576
GAUGE 1 1204 423 0.023998283913275912 best 0.014652543796517457 time 947.8965976238251
GAUGE 1 1204 424 0.014652543796517458 best 0.014652543796517457 time 948.412549495697
GAUGE 1 1204 425 0.014652543796518694 best 0.014652543796517457 time 950.0568888187408
GAUGE 1 1204 426 0.014652543796517467 best 0.014652543796517457 time 951.9202015399933
GAUGE 1 1204 427 0.015097164083473984 best 0.014652543796517457 time 955.789895772934
GAUGE 1 1204 428 0.014652543796518695 best 0.014652543796517457 time 956.9119389057159
GAUGE 1 1204 429 0.014652543796517464 best 0.014652543796517457 time 957.9083170890808
GAUGE 1 1204 430 0.014652543796517467 best 0.014652543796517457 time 958.8743879795074
