NEIGHBOR 0 1611 0 6 0.02537057193525461 best 0.025370571935254514 time 1.6616690158843994
NEIGHBOR 0 1611 1 4 0.025370571935256585 best 0.025370571935254514 time 2.148422956466675
NEIGHBOR 0 1611 2 7 0.10693645124036719 best 0.025370571935254514 time 2.6255764961242676
NEIGHBOR 0 1611 3 3 0.02537057193525518 best 0.025370571935254514 time 3.164433717727661
NEIGHBOR 0 1611 4 8 0.1331894545776961 best 0.025370571935254514 time 3.7571260929107666
NEIGHBOR 0 1611 5 4 0.02942839663478479 best 0.025370571935254514 time 4.1768269538879395
NEIGHBOR 0 1611 6 7 0.07931210587461061 best 0.025370571935254514 time 6.785051584243774
NEIGHBOR 0 1611 7 2 0.03796061863769291 best 0.025370571935254514 time 6.897253751754761
NEIGHBOR 0 1611 8 8 0.12009704480403759 best 0.025370571935254514 time 7.451368570327759
NEIGHBOR 0 1611 9 4 0.029108966608562034 best 0.025370571935254514 time 8.900521993637085
NEIGHBOR 0 1611 10 6 0.12072957615588968 best 0.025370571935254514 time 10.145352602005005
NEIGHBOR 0 1611 11 3 0.025799838250438287 best 0.025370571935254514 time 10.563393592834473
NEIGHBOR 0 1611 12 6 0.09719259423750914 best 0.025370571935254514 time 17.198781967163086
NEIGHBOR 0 1611 13 6 0.042003587800889794 best 0.025370571935254514 time 18.072319269180298
NEIGHBOR 0 1611 14 4 0.02537057193525571 best 0.025370571935254514 time 18.89362406730652
NEIGHBOR 0 1611 15 4 0.12519337133241434 best 0.025370571935254514 time 24.186323881149292
NEIGHBOR 0 1611 16 2 0.02537057193525676 best 0.025370571935254514 time 24.370901823043823
NEIGHBOR 0 1611 17 4 0.03735552639216099 best 0.025370571935254514 time 24.982978582382202
NEIGHBOR 0 1611 18 5 0.12683376095488552 best 0.025370571935254514 time 28.758500814437866
NEIGHBOR 0 1611 19 3 0.037705122741368745 best 0.025370571935254514 time 29.121413707733154
NEIGHBOR 0 1611 20 7 0.13066480362208902 best 0.025370571935254514 time 30.47651767730713
NEIGHBOR 0 1611 21 2 0.036975260728495433 best 0.025370571935254514 time 32.70153284072876
NEIGHBOR 0 1611 22 6 0.11140493362825277 best 0.025370571935254514 time 33.30700635910034
NEIGHBOR 0 1611 23 6 0.1024087764123657 best 0.025370571935254514 time 33.917465925216675
NEIGHBOR 0 1611 24 4 0.11817999826297927 best 0.025370571935254514 time 36.11435604095459
NEIGHBOR 0 1611 25 7 0.04739130502797338 best 0.025370571935254514 time 36.48474144935608
NEIGHBOR 0 1611 26 5 0.166923275418795 best 0.025370571935254514 time 36.76646852493286
NEIGHBOR 0 1611 27 6 0.09819759001909455 best 0.025370571935254514 time 40.01159977912903
NEIGHBOR 0 1611 28 3 0.025370571935254656 best 0.025370571935254514 time 40.21840834617615
NEIGHBOR 0 1611 29 2 0.025370571935257748 best 0.025370571935254514 time 40.37879681587219
NEIGHBOR 0 1611 30 3 0.02537057193525459 best 0.025370571935254514 time 41.04553723335266
NEIGHBOR 0 1611 31 6 0.04641224789950438 best 0.025370571935254514 time 41.37181878089905
NEIGHBOR 0 1611 32 7 0.10352634089675815 best 0.025370571935254514 time 42.085174798965454
NEIGHBOR 0 1611 33 6 0.03138675502149285 best 0.025370571935254514 time 43.793896436691284
NEIGHBOR 0 1611 34 3 0.025370571935255725 best 0.025370571935254514 time 44.19058322906494
NEIGHBOR 0 1611 35 8 0.08108285467913348 best 0.025370571935254514 time 45.052695751190186
NEIGHBOR 0 1611 36 7 0.1162286831886422 best 0.025370571935254514 time 51.29237103462219
NEIGHBOR 0 1611 37 8 0.1465285725970598 best 0.025370571935254514 time 52.004313468933105
NEIGHBOR 0 1611 38 7 0.14142211389794807 best 0.025370571935254514 time 52.96259307861328
NEIGHBOR 0 1611 39 2 0.02537057193525517 best 0.025370571935254514 time 55.233280658721924
NEIGHBOR 0 1611 40 4 0.04724464569718607 best 0.025370571935254514 time 55.67796993255615
NEIGHBOR 0 1611 41 8 0.07236996748953933 best 0.025370571935254514 time 56.112340688705444
NEIGHBOR 0 1611 42 3 0.025370571935255198 best 0.025370571935254514 time 56.69430661201477
NEIGHBOR 0 1611 43 7 0.07794370834305346 best 0.025370571935254514 time 57.12921071052551
NEIGHBOR 0 1611 44 3 0.02818364652441444 best 0.025370571935254514 time 57.29488706588745
NEIGHBOR 0 1611 45 7 0.11729290440610256 best 0.025370571935254514 time 59.27401542663574
NEIGHBOR 0 1611 46 2 0.0253705719352547 best 0.025370571935254514 time 59.38283681869507
NEIGHBOR 0 1611 47 3 0.040066512824981505 best 0.025370571935254514 time 59.531653881073
NEIGHBOR 0 1611 48 4 0.02537057193525475 best 0.025370571935254514 time 60.15785622596741
NEIGHBOR 0 1611 49 4 0.040066512824981505 best 0.025370571935254514 time 60.67933940887451
NEIGHBOR 0 1611 50 8 0.13247778059445375 best 0.025370571935254514 time 61.13790416717529
NEIGHBOR 0 1611 51 8 0.06454676576522467 best 0.025370571935254514 time 62.96894097328186
NEIGHBOR 0 1611 52 4 0.02537057193525775 best 0.025370571935254514 time 63.16714668273926
NEIGHBOR 0 1611 53 3 0.23381510447169546 best 0.025370571935254514 time 63.350576639175415
NEIGHBOR 0 1611 54 7 0.06767451874007686 best 0.025370571935254514 time 70.35084128379822
NEIGHBOR 0 1611 55 8 0.07712163645660057 best 0.025370571935254514 time 74.8542788028717
NEIGHBOR 0 1611 56 6 0.12731543590871455 best 0.025370571935254514 time 78.55802536010742
NEIGHBOR 0 1611 57 2 0.036975260728495433 best 0.025370571935254514 time 87.57247400283813
NEIGHBOR 0 1611 58 8 0.09737298036619989 best 0.025370571935254514 time 89.19682431221008
NEIGHBOR 0 1611 59 6 0.0371339799234183 best 0.025370571935254514 time 90.44108462333679
NEIGHBOR 0 1611 60 7 0.11285973693349194 best 0.025370571935254514 time 97.2334041595459
NEIGHBOR 0 1611 61 6 0.15328788549679692 best 0.025370571935254514 time 98.39756727218628
NEIGHBOR 0 1611 62 8 0.11111595914757534 best 0.025370571935254514 time 99.21259450912476
NEIGHBOR 0 1611 63 3 0.025370571935255205 best 0.025370571935254514 time 100.41118693351746
NEIGHBOR 0 1611 64 6 0.033973784935131604 best 0.025370571935254514 time 100.72666311264038
NEIGHBOR 0 1611 65 6 0.07484132121690767 best 0.025370571935254514 time 101.02815175056458
NEIGHBOR 0 1611 66 5 0.11297020724439467 best 0.025370571935254514 time 104.74404525756836
NEIGHBOR 0 1611 67 6 0.04977295821590885 best 0.025370571935254514 time 105.06470847129822
NEIGHBOR 0 1611 68 8 0.08831185932996084 best 0.025370571935254514 time 105.41729640960693
NEIGHBOR 0 1611 69 8 0.07162746950426191 best 0.025370571935254514 time 107.19167470932007
NEIGHBOR 0 1611 70 3 0.025370571935255576 best 0.025370571935254514 time 107.34710264205933
NEIGHBOR 0 1611 71 3 0.025799838250438294 best 0.025370571935254514 time 107.5179455280304
NEIGHBOR 0 1611 72 5 0.025370571935254882 best 0.025370571935254514 time 108.31891560554504
NEIGHBOR 0 1611 73 2 0.025370571935255132 best 0.025370571935254514 time 108.5369484424591
NEIGHBOR 0 1611 74 5 0.02634162354217919 best 0.025370571935254514 time 109.49067187309265
