NEIGHBOR 2 1601 0 3 0.050671146940524735 best 0.007759526441646498 time 4.950318098068237
NEIGHBOR 2 1601 1 7 0.05295072537600406 best 0.007759526441646498 time 6.24445104598999
NEIGHBOR 2 1601 2 4 0.007878822530992712 best 0.007759526441646498 time 7.29321026802063
NEIGHBOR 2 1601 3 6 0.03251644262498578 best 0.007759526441646498 time 11.278447151184082
NEIGHBOR 2 1601 4 4 0.007759526441657401 best 0.007759526441646498 time 12.33880615234375
NEIGHBOR 2 1601 5 6 0.009778562910259426 best 0.007759526441646498 time 16.754600286483765
NEIGHBOR 2 1601 6 2 0.007759526441647359 best 0.007759526441646498 time 22.903040409088135
NEIGHBOR 2 1601 7 2 0.05789084091808977 best 0.007759526441646498 time 23.14214849472046
NEIGHBOR 2 1601 8 7 0.041763285862567015 best 0.007759526441646498 time 23.858095407485962
NEIGHBOR 2 1601 9 6 0.010896615931554032 best 0.007759526441646498 time 26.62321949005127
NEIGHBOR 2 1601 10 7 0.05018112291881737 best 0.007759526441646498 time 27.907886743545532
NEIGHBOR 2 1601 11 7 0.06284500259600359 best 0.007759526441646498 time 29.56632089614868
NEIGHBOR 2 1601 12 7 0.05733294732416273 best 0.007759526441646498 time 44.2400689125061
NEIGHBOR 2 1601 13 4 0.007844064803753478 best 0.007759526441646498 time 45.51818656921387
NEIGHBOR 2 1601 14 8 0.02811457245180604 best 0.007759526441646498 time 47.6955087184906
NEIGHBOR 2 1601 15 6 0.06839418339867787 best 0.007759526441646498 time 52.85030508041382
NEIGHBOR 2 1601 16 8 0.009852090746606638 best 0.007759526441646498 time 54.26740860939026
NEIGHBOR 2 1601 17 6 0.13970798319011826 best 0.007759526441646498 time 55.19091510772705
NEIGHBOR 2 1601 18 2 0.007759526441648386 best 0.007759526441646498 time 59.11797857284546
NEIGHBOR 2 1601 19 5 0.07836758506114179 best 0.007759526441646498 time 60.002384185791016
NEIGHBOR 2 1601 20 3 0.1280441490304656 best 0.007759526441646498 time 60.602975845336914
NEIGHBOR 2 1601 21 5 0.01504119932658754 best 0.007759526441646498 time 66.30656886100769
NEIGHBOR 2 1601 22 2 0.011386518706249306 best 0.007759526441646498 time 67.05727434158325
NEIGHBOR 2 1601 23 4 0.007759526441647608 best 0.007759526441646498 time 68.36995887756348
NEIGHBOR 2 1601 24 5 0.055113205377558226 best 0.007759526441646498 time 77.89011120796204
NEIGHBOR 2 1601 25 7 0.010968448410454126 best 0.007759526441646498 time 78.35758066177368
NEIGHBOR 2 1601 26 8 0.060247013009250346 best 0.007759526441646498 time 80.0431056022644
NEIGHBOR 2 1601 27 4 0.009960781077108878 best 0.007759526441646498 time 88.70902824401855
NEIGHBOR 2 1601 28 2 0.007759526441655609 best 0.007759526441646498 time 88.88022637367249
NEIGHBOR 2 1601 29 4 0.02794245272165107 best 0.007759526441646498 time 89.40374040603638
NEIGHBOR 2 1601 30 6 0.026496064657547353 best 0.007759526441646498 time 96.24809503555298
NEIGHBOR 2 1601 31 6 0.010152649960884148 best 0.007759526441646498 time 98.20588183403015
NEIGHBOR 2 1601 32 8 0.058748238756027714 best 0.007759526441646498 time 99.98295783996582
NEIGHBOR 2 1601 33 6 0.01096844841045402 best 0.007759526441646498 time 104.62411212921143
NEIGHBOR 2 1601 34 2 0.12463954008081803 best 0.007759526441646498 time 105.05687165260315
NEIGHBOR 2 1601 35 6 0.014446488799030181 best 0.007759526441646498 time 107.73348069190979
