NEIGHBOR 0 1602 0 4 0.025370571935254896 best 0.025370571935254514 time 2.7925782203674316
NEIGHBOR 0 1602 1 2 0.03796061863769291 best 0.025370571935254514 time 2.9726505279541016
NEIGHBOR 0 1602 2 5 0.025370571935254632 best 0.025370571935254514 time 3.4583802223205566
NEIGHBOR 0 1602 3 2 0.14359554442861713 best 0.025370571935254514 time 6.872961044311523
NEIGHBOR 0 1602 4 6 0.14669647755825171 best 0.025370571935254514 time 10.119104385375977
NEIGHBOR 0 1602 5 5 0.025799838250438297 best 0.025370571935254514 time 11.131842851638794
NEIGHBOR 0 1602 6 4 0.025370571935254556 best 0.025370571935254514 time 15.605552911758423
NEIGHBOR 0 1602 7 4 0.025370571935255583 best 0.025370571935254514 time 15.91582465171814
NEIGHBOR 0 1602 8 7 0.09105877182158864 best 0.025370571935254514 time 18.44118618965149
NEIGHBOR 0 1602 9 3 0.025799838250438217 best 0.025370571935254514 time 20.50117015838623
NEIGHBOR 0 1602 10 5 0.03096812321833109 best 0.025370571935254514 time 20.924856901168823
NEIGHBOR 0 1602 11 7 0.16289120995720463 best 0.025370571935254514 time 21.47637104988098
NEIGHBOR 0 1602 12 3 0.025370571935255177 best 0.025370571935254514 time 23.728484630584717
NEIGHBOR 0 1602 13 3 0.03796061863769291 best 0.025370571935254514 time 25.719099760055542
NEIGHBOR 0 1602 14 8 0.12065942762342503 best 0.025370571935254514 time 28.035005807876587
NEIGHBOR 0 1602 15 5 0.055609644042767296 best 0.025370571935254514 time 37.29395008087158
NEIGHBOR 0 1602 16 5 0.18792377501871385 best 0.025370571935254514 time 40.495341539382935
NEIGHBOR 0 1602 17 5 0.02634162354217918 best 0.025370571935254514 time 42.963383436203
NEIGHBOR 0 1602 18 3 0.025370571935254573 best 0.025370571935254514 time 47.9119918346405
NEIGHBOR 0 1602 19 3 0.029428396634783062 best 0.025370571935254514 time 48.82799530029297
NEIGHBOR 0 1602 20 5 0.12864328056500676 best 0.025370571935254514 time 49.616775035858154
NEIGHBOR 0 1602 21 8 0.09585342314192742 best 0.025370571935254514 time 66.33043265342712
NEIGHBOR 0 1602 22 7 0.09757640385037583 best 0.025370571935254514 time 71.53401279449463
NEIGHBOR 0 1602 23 8 0.1465285725970598 best 0.025370571935254514 time 73.2928855419159
NEIGHBOR 0 1602 24 6 0.09203311709059885 best 0.025370571935254514 time 81.38029050827026
NEIGHBOR 0 1602 25 3 0.23381510447169546 best 0.025370571935254514 time 81.56876945495605
NEIGHBOR 0 1602 26 5 0.04482614055833692 best 0.025370571935254514 time 82.08014225959778
NEIGHBOR 0 1602 27 4 0.025370571935255173 best 0.025370571935254514 time 83.99879312515259
NEIGHBOR 0 1602 28 5 0.03946484554404038 best 0.025370571935254514 time 84.53632545471191
NEIGHBOR 0 1602 29 7 0.025370571935255718 best 0.025370571935254514 time 85.34895253181458
NEIGHBOR 0 1602 30 7 0.05905229297345138 best 0.025370571935254514 time 88.8227014541626
NEIGHBOR 0 1602 31 7 0.0808072009316383 best 0.025370571935254514 time 89.20718169212341
NEIGHBOR 0 1602 32 4 0.025370571935255708 best 0.025370571935254514 time 89.40102410316467
NEIGHBOR 0 1602 33 7 0.03724706512440717 best 0.025370571935254514 time 90.62802982330322
NEIGHBOR 0 1602 34 3 0.02623381712030206 best 0.025370571935254514 time 90.78000903129578
NEIGHBOR 0 1602 35 2 0.02537057193525658 best 0.025370571935254514 time 90.87710881233215
NEIGHBOR 0 1602 36 8 0.10157658785578791 best 0.025370571935254514 time 92.5651626586914
NEIGHBOR 0 1602 37 5 0.025370571935255697 best 0.025370571935254514 time 92.80493760108948
NEIGHBOR 0 1602 38 4 0.025799838250438287 best 0.025370571935254514 time 92.99863290786743
NEIGHBOR 0 1602 39 2 0.02537057193525517 best 0.025370571935254514 time 93.4562201499939
NEIGHBOR 0 1602 40 8 0.13582948352039628 best 0.025370571935254514 time 93.79586791992188
NEIGHBOR 0 1602 41 5 0.025799838250438297 best 0.025370571935254514 time 94.05127549171448
NEIGHBOR 0 1602 42 2 0.025370571935254594 best 0.025370571935254514 time 94.51148128509521
NEIGHBOR 0 1602 43 2 0.03339987345741085 best 0.025370571935254514 time 94.61952638626099
NEIGHBOR 0 1602 44 5 0.03352207043408978 best 0.025370571935254514 time 94.87129187583923
NEIGHBOR 0 1602 45 7 0.04163519033918146 best 0.025370571935254514 time 96.00085473060608
NEIGHBOR 0 1602 46 7 0.10777106815634285 best 0.025370571935254514 time 96.36713790893555
NEIGHBOR 0 1602 47 4 0.02537057193525571 best 0.025370571935254514 time 96.55841279029846
NEIGHBOR 0 1602 48 5 0.030955168899102756 best 0.025370571935254514 time 97.49026989936829
NEIGHBOR 0 1602 49 5 0.025370571935255697 best 0.025370571935254514 time 97.73660826683044
NEIGHBOR 0 1602 50 4 0.02634162354217918 best 0.025370571935254514 time 97.93812370300293
NEIGHBOR 0 1602 51 7 0.04163519033918146 best 0.025370571935254514 time 99.00097441673279
NEIGHBOR 0 1602 52 7 0.12533665751470555 best 0.025370571935254514 time 99.34400296211243
NEIGHBOR 0 1602 53 3 0.02537057193525572 best 0.025370571935254514 time 99.48166489601135
NEIGHBOR 0 1602 54 2 0.025370571935254597 best 0.025370571935254514 time 99.94271612167358
NEIGHBOR 0 1602 55 5 0.025370571935255697 best 0.025370571935254514 time 100.22753310203552
NEIGHBOR 0 1602 56 6 0.13649880880943008 best 0.025370571935254514 time 100.49085569381714
NEIGHBOR 0 1602 57 5 0.02537057193525517 best 0.025370571935254514 time 101.25293469429016
NEIGHBOR 0 1602 58 5 0.06096571735914799 best 0.025370571935254514 time 101.56118893623352
NEIGHBOR 0 1602 59 4 0.1372510318245572 best 0.025370571935254514 time 101.76741671562195
NEIGHBOR 0 1602 60 6 0.09866822978724117 best 0.025370571935254514 time 104.53798246383667
NEIGHBOR 0 1602 61 4 0.0345083856194555 best 0.025370571935254514 time 105.06762766838074
NEIGHBOR 0 1602 62 3 0.025370571935254747 best 0.025370571935254514 time 105.51958084106445
NEIGHBOR 0 1602 63 2 0.1368207517376417 best 0.025370571935254514 time 109.06921339035034
NEIGHBOR 0 1602 64 6 0.1284494928562795 best 0.025370571935254514 time 110.12795615196228
NEIGHBOR 0 1602 65 3 0.03796061863769291 best 0.025370571935254514 time 110.49865078926086
NEIGHBOR 0 1602 66 2 0.025370571935254955 best 0.025370571935254514 time 111.76092720031738
