POP 2 505 0 0.029415343014578668 seconds 2.617668867111206
POP 2 505 1 0.011992654965060176 seconds 4.517834901809692
SAVE 2 best gates 32 loss 0.008994113745935516 seconds 5.490274906158447
POP 2 505 2 0.008994113745939687 seconds 6.36421799659729
POP 2 505 3 0.029192513923671757 seconds 9.028437614440918
POP 2 505 4 0.009504331850117896 seconds 9.990676879882812
POP 2 505 5 0.0194710235879649 seconds 13.384551286697388
POP 2 505 6 0.023903265133996276 seconds 16.542383432388306
POP 2 505 7 0.03703347500752264 seconds 19.833224296569824
POP 2 505 8 0.0582544371827431 seconds 23.42305612564087
POP 2 505 9 0.019732514752429438 seconds 30.538299083709717
POP 2 505 10 0.012988530735857377 seconds 35.48413133621216
POP 2 505 11 0.013062994477359943 seconds 40.873292684555054
POP 2 505 12 0.03669686697336876 seconds 41.89528012275696
POP 2 505 13 0.017809239371791935 seconds 44.01908755302429
POP 2 505 14 0.024296066966442847 seconds 48.19912385940552
POP 2 505 15 0.03420274400196516 seconds 51.03928875923157
POP 2 505 16 0.00998071581246424 seconds 53.08713221549988
POP 2 505 17 0.0092598563679652 seconds 54.23526358604431
POP 2 505 18 0.025096403307754218 seconds 56.167908906936646
POP 2 505 19 0.04888137375718213 seconds 59.25432229042053
POP 2 505 20 0.04101954105394242 seconds 63.92881941795349
POP 2 505 21 0.02555549646748093 seconds 68.04552149772644
POP 2 505 22 0.031338740854324164 seconds 71.99587035179138
POP 2 505 23 0.0528004642904054 seconds 74.79512906074524
POP 2 505 24 0.023686847687716967 seconds 77.10837316513062
POP 2 505 25 0.013308549845577108 seconds 79.13585090637207
POP 2 505 26 0.02528326129041037 seconds 81.58832263946533
POP 2 505 27 0.023220096699643835 seconds 85.08429217338562
POP 2 505 28 0.008499355399004122 seconds 87.36638736724854
POP 2 505 29 0.05060304044863341 seconds 93.01115822792053
POP 2 505 30 0.04074460473403524 seconds 99.17137789726257
POP 2 505 31 0.00833565560933628 seconds 101.45164489746094
POP 2 505 32 0.0078788225309968 seconds 103.8186936378479
POP 2 505 33 0.0349677711257065 seconds 107.84008979797363
POP 2 505 34 0.014651445626466997 seconds 111.54158091545105
POP 2 505 35 0.008289605345996024 seconds 113.46721935272217
POP 2 505 36 0.03729694503144688 seconds 115.18588256835938
POP 2 505 37 0.011333266120979922 seconds 117.04032826423645
POP 2 505 38 0.009810166742715587 seconds 120.63201260566711
POP 2 505 39 0.023173453705497372 seconds 122.78250741958618
POP 2 505 40 0.011024997670119427 seconds 124.6966483592987
POP 2 505 41 0.007878822530992766 seconds 127.18200540542603
POP 2 505 42 0.032775106082520086 seconds 129.3742094039917
POP 2 505 43 0.03375370475356456 seconds 132.92603182792664
POP 2 505 44 0.025130432745005777 seconds 138.1513707637787
POP 2 505 45 0.020174744545865084 seconds 141.153178691864
POP 2 505 46 0.0082879352736087 seconds 143.80986285209656
POP 2 505 47 0.010918650555853142 seconds 145.9644901752472
POP 2 505 48 0.023691719627023218 seconds 151.17664861679077
POP 2 505 49 0.0122210281433402 seconds 154.0721344947815
POP 2 505 50 0.009782209743315567 seconds 157.11188292503357
POP 2 505 51 0.030521865777475225 seconds 158.3290355205536
POP 2 505 52 0.01915782311349388 seconds 162.1566514968872
POP 2 505 53 0.00787882253099276 seconds 165.88411378860474
POP 2 505 54 0.02253597776838305 seconds 169.23583602905273
POP 2 505 55 0.013379390974744585 seconds 170.89372754096985
POP 2 505 56 0.009004129166301035 seconds 173.1475465297699
POP 2 505 57 0.03484647995021218 seconds 175.22891807556152
POP 2 505 58 0.04462368809109719 seconds 180.40921449661255
POP 2 505 59 0.00787882253099276 seconds 183.292733669281
POP 2 505 60 0.02455169151350826 seconds 185.43726801872253
POP 2 505 61 0.008275303521135815 seconds 187.97942066192627
POP 2 505 62 0.007878822530993727 seconds 189.2259166240692
POP 2 505 63 0.03122983792613997 seconds 191.62680506706238
POP 2 505 64 0.062156418821661785 seconds 195.34226822853088
POP 2 505 65 0.012511284835122342 seconds 198.7706651687622
POP 2 505 66 0.029348766267666568 seconds 202.02151322364807
POP 2 505 67 0.014386965205526046 seconds 207.01960253715515
POP 2 505 68 0.008480533350110273 seconds 208.88792848587036
POP 2 505 69 0.02747074203506789 seconds 211.33526873588562
POP 2 505 70 0.009295172431834524 seconds 213.49547171592712
POP 2 505 71 0.010032779258531773 seconds 216.26697969436646
POP 2 505 72 0.03444715966521393 seconds 219.02556705474854
POP 2 505 73 0.00827530352113582 seconds 221.41780042648315
POP 2 505 74 0.014418266140756355 seconds 223.4295530319214
POP 2 505 75 0.031093639674350127 seconds 226.67037320137024
POP 2 505 76 0.011803324322738513 seconds 229.57062077522278
POP 2 505 77 0.00787882253099276 seconds 230.94939613342285
POP 2 505 78 0.026629768018305296 seconds 233.17429399490356
POP 2 505 79 0.009628872371486064 seconds 235.75044107437134
POP 2 505 80 0.008157638345663082 seconds 237.3343768119812
POP 2 505 81 0.024404563203281375 seconds 239.13696312904358
POP 2 505 82 0.03130818300588065 seconds 243.91500616073608
POP 2 505 83 0.00904500993296595 seconds 246.56239438056946
POP 2 505 84 0.022423157545909633 seconds 248.69204950332642
POP 2 505 85 0.009897173101521736 seconds 251.42803168296814
POP 2 505 86 0.007878822530992764 seconds 253.90386748313904
POP 2 505 87 0.026622629080433 seconds 256.20612502098083
POP 2 505 88 0.013992675804843539 seconds 258.46245861053467
POP 2 505 89 0.016846566619687777 seconds 264.20889544487
POP 2 505 90 0.032523716831475265 seconds 266.3899734020233
POP 2 505 91 0.007878822530992763 seconds 268.77453660964966
POP 2 505 92 0.011394898605082856 seconds 270.7103419303894
POP 2 505 93 0.020479896229218926 seconds 272.8696312904358
POP 2 505 94 0.04250481070094924 seconds 276.02820324897766
POP 2 505 95 0.01376027605859691 seconds 279.64971828460693
POP 2 505 96 0.02861326923047988 seconds 282.7100999355316
POP 2 505 97 0.025468298363964588 seconds 285.3836658000946
POP 2 505 98 0.014794927787753258 seconds 287.19513154029846
POP 2 505 99 0.038524529854053496 seconds 288.0215148925781
POP 2 505 100 0.02453779666066551 seconds 290.69127559661865
POP 2 505 101 0.00787882253099276 seconds 292.27318382263184
POP 2 505 102 0.041363996150141004 seconds 293.69346928596497
POP 2 505 103 0.008455540906856424 seconds 295.1584107875824
POP 2 505 104 0.020869361650396427 seconds 298.5929310321808
POP 2 505 105 0.03795470859507223 seconds 300.4385573863983
POP 2 505 106 0.008379685480218479 seconds 301.4571976661682
POP 2 505 107 0.04018460530521483 seconds 304.27969193458557
POP 2 505 108 0.02765184749604196 seconds 307.54436111450195
POP 2 505 109 0.021464229775409127 seconds 313.74417066574097
POP 2 505 110 0.01974033817377379 seconds 317.8602795600891
POP 2 505 111 0.022417097147282773 seconds 319.53876996040344
POP 2 505 112 0.04996659752846771 seconds 322.635879278183
POP 2 505 113 0.00869328384673205 seconds 327.84141874313354
POP 2 505 114 0.029822868162635432 seconds 330.166544675827
POP 2 505 115 0.04904120388981418 seconds 334.7486951351166
POP 2 505 116 0.013733946448787362 seconds 340.6718075275421
POP 2 505 117 0.03211008187867445 seconds 343.25689148902893
POP 2 505 118 0.012587235820603565 seconds 347.6701989173889
POP 2 505 119 0.02310828995946967 seconds 353.2207016944885
POP 2 505 120 0.030938261937501085 seconds 355.22224020957947
POP 2 505 121 0.011042029292207234 seconds 358.18262696266174
SAVE 2 best gates 32 loss 0.007759526441646853 seconds 358.53602290153503
POP 2 505 122 0.007759526441650679 seconds 359.3230059146881
POP 2 505 123 0.018088635699765036 seconds 362.06852626800537
POP 2 505 124 0.05206785993795112 seconds 368.84261083602905
POP 2 505 125 0.010752477313733567 seconds 376.1500904560089
POP 2 505 126 0.022793162266020798 seconds 382.26747274398804
POP 2 505 127 0.039910630093195586 seconds 386.92739844322205
POP 2 505 128 0.009082979906791591 seconds 398.9559531211853
POP 2 505 129 0.027132610703408954 seconds 400.79019117355347
POP 2 505 130 0.011973261966619865 seconds 404.7188358306885
POP 2 505 131 0.009852320000163553 seconds 407.1662278175354
POP 2 505 132 0.040157602015843806 seconds 409.25004410743713
POP 2 505 133 0.013508461910814805 seconds 411.67529702186584
POP 2 505 134 0.04775487372235299 seconds 414.3339912891388
POP 2 505 135 0.023029770092956082 seconds 417.1091239452362
POP 2 505 136 0.015085596605949828 seconds 419.1953053474426
POP 2 505 137 0.013468011946240019 seconds 422.5062017440796
POP 2 505 138 0.029188377891753194 seconds 424.14814805984497
POP 2 505 139 0.07596165387878372 seconds 427.40297198295593
POP 2 505 140 0.03292238503104898 seconds 433.1195857524872
POP 2 505 141 0.03724908499305216 seconds 433.9456446170807
POP 2 505 142 0.009523830433330334 seconds 436.3878450393677
POP 2 505 143 0.010852620415818859 seconds 439.6483783721924
POP 2 505 144 0.03929752276160858 seconds 441.0300943851471
POP 2 505 145 0.015584004459292571 seconds 444.2505524158478
POP 2 505 146 0.028056978537750212 seconds 449.7263915538788
POP 2 505 147 0.029557081719539635 seconds 450.91207098960876
POP 2 505 148 0.007759526441650675 seconds 452.1869583129883
POP 2 505 149 0.007759526441650678 seconds 453.6937184333801
POP 2 505 150 0.023731158579450098 seconds 454.8373727798462
POP 2 505 151 0.007878822530993729 seconds 458.9620671272278
POP 2 505 152 0.009626877515132035 seconds 461.5328845977783
POP 2 505 153 0.034948719199338826 seconds 463.65591621398926
POP 2 505 154 0.007759526441650675 seconds 466.23164677619934
POP 2 505 155 0.009865818608712306 seconds 470.49559926986694
POP 2 505 156 0.0344573991470538 seconds 472.6859724521637
POP 2 505 157 0.012140823992082626 seconds 474.05283284187317
POP 2 505 158 0.010429378029297455 seconds 475.0723340511322
POP 2 505 159 0.037943593527427974 seconds 476.57622361183167
POP 2 505 160 0.009557589291797224 seconds 481.4317123889923
POP 2 505 161 0.009045009932965946 seconds 482.6988935470581
POP 2 505 162 0.023876657863860614 seconds 486.9049093723297
POP 2 505 163 0.012128439138807443 seconds 489.34741616249084
POP 2 505 164 0.0129348943540442 seconds 494.9684057235718
POP 2 505 165 0.031640808798771035 seconds 497.3837914466858
POP 2 505 166 0.05031268574570034 seconds 501.0395812988281
POP 2 505 167 0.051875088122839745 seconds 504.26196575164795
POP 2 505 168 0.026713979745623638 seconds 506.0465440750122
POP 2 505 169 0.04025678996654698 seconds 510.22039103507996
POP 2 505 170 0.009402653351055671 seconds 514.7252244949341
POP 2 505 171 0.03131337252703443 seconds 516.9959914684296
POP 2 505 172 0.007759526441650676 seconds 520.4010813236237
POP 2 505 173 0.007759526441648368 seconds 522.9687013626099
POP 2 505 174 0.03905847482662416 seconds 523.6207089424133
POP 2 505 175 0.015880264790038304 seconds 527.5262241363525
POP 2 505 176 0.01039722955624617 seconds 531.4110052585602
POP 2 505 177 0.024603389139560186 seconds 536.1728136539459
POP 2 505 178 0.010512290862033915 seconds 542.4127740859985
POP 2 505 179 0.009045009932965949 seconds 547.5961744785309
POP 2 505 180 0.030317227217835818 seconds 552.8272042274475
POP 2 505 181 0.012326359290566389 seconds 557.1859138011932
POP 2 505 182 0.011917187349570875 seconds 561.263025522232
POP 2 505 183 0.028072175994099013 seconds 564.487389087677
POP 2 505 184 0.009048492993311102 seconds 567.4824631214142
POP 2 505 185 0.00812684736038304 seconds 569.4227118492126
POP 2 505 186 0.025865356742191682 seconds 573.4327731132507
POP 2 505 187 0.024647475717890176 seconds 576.7976226806641
POP 2 505 188 0.007759526441650679 seconds 580.656400680542
POP 2 505 189 0.03897810835031746 seconds 582.4051644802094
POP 2 505 190 0.041422773136723635 seconds 587.2256281375885
POP 2 505 191 0.018686076799943212 seconds 590.6288630962372
POP 2 505 192 0.03103355346906654 seconds 592.7744650840759
POP 2 505 193 0.05821106300868424 seconds 604.9762258529663
POP 2 505 194 0.012104879891346081 seconds 610.3202168941498
POP 2 505 195 0.04697150186542239 seconds 613.8323328495026
POP 2 505 196 0.05755869081603624 seconds 617.7418942451477
POP 2 505 197 0.015864617570624965 seconds 622.5600485801697
POP 2 505 198 0.027293762359718223 seconds 624.5521657466888
POP 2 505 199 0.010699846123525154 seconds 626.6417734622955
POP 2 505 200 0.007759526441650675 seconds 628.0857303142548
POP 2 505 201 0.030208301962856322 seconds 630.2423632144928
POP 2 505 202 0.02503831781870709 seconds 635.0120031833649
POP 2 505 203 0.008257145499768378 seconds 639.519525051117
POP 2 505 204 0.030989731138028824 seconds 643.4087932109833
POP 2 505 205 0.007759526441650677 seconds 645.6513934135437
POP 2 505 206 0.019257677974988844 seconds 648.0638692378998
POP 2 505 207 0.031030459075390326 seconds 649.3673415184021
POP 2 505 208 0.01415144139888616 seconds 651.0779206752777
POP 2 505 209 0.03140599582810217 seconds 655.2819175720215
POP 2 505 210 0.031009259038045568 seconds 658.6425569057465
POP 2 505 211 0.009835197148322527 seconds 662.7431399822235
POP 2 505 212 0.008922121327755104 seconds 665.8705449104309
POP 2 505 213 0.024157316546505096 seconds 669.3800609111786
POP 2 505 214 0.009828344839117228 seconds 671.6048181056976
POP 2 505 215 0.007759526441650674 seconds 680.1119585037231
POP 2 505 216 0.021973231671885494 seconds 683.0934653282166
POP 2 505 217 0.024671626503840586 seconds 686.3483619689941
POP 2 505 218 0.014546099304153522 seconds 689.3030080795288
POP 2 505 219 0.0324187477544203 seconds 692.0944941043854
POP 2 505 220 0.007759526441650675 seconds 693.7382614612579
POP 2 505 221 0.02720610801724283 seconds 701.1330523490906
POP 2 505 222 0.03108263086956667 seconds 704.2167432308197
POP 2 505 223 0.04593488767759105 seconds 707.930704832077
POP 2 505 224 0.041655999013532556 seconds 711.3518662452698
POP 2 505 225 0.030191145366506685 seconds 713.3372673988342
POP 2 505 226 0.007759526441650678 seconds 715.4882907867432
POP 2 505 227 0.007759526441650677 seconds 717.0225403308868
POP 2 505 228 0.04015294716100812 seconds 718.2568888664246
POP 2 505 229 0.0255288998344673 seconds 721.247230052948
POP 2 505 230 0.007759526441650675 seconds 722.5954124927521
POP 2 505 231 0.030037563469545624 seconds 726.5271165370941
POP 2 505 232 0.019107957757419972 seconds 730.3828320503235
POP 2 505 233 0.018033044512526564 seconds 734.0015594959259
POP 2 505 234 0.0394255605949153 seconds 738.9738347530365
POP 2 505 235 0.010796163593686604 seconds 742.0867826938629
POP 2 505 236 0.03121280913982585 seconds 748.8535256385803
POP 2 505 237 0.03216798182241718 seconds 752.0408759117126
POP 2 505 238 0.009336354949951914 seconds 756.0124444961548
POP 2 505 239 0.0528892145912156 seconds 760.8367054462433
POP 2 505 240 0.034994944240676694 seconds 761.8651359081268
POP 2 505 241 0.009940903667612515 seconds 763.9044787883759
POP 2 505 242 0.03713109894267967 seconds 771.2632019519806
POP 2 505 243 0.03684104568406395 seconds 774.1669225692749
POP 2 505 244 0.012075147479726649 seconds 776.8054392337799
POP 2 505 245 0.007759526441650679 seconds 778.27103972435
POP 2 505 246 0.027442852606691336 seconds 781.2699153423309
POP 2 505 247 0.007759526441650679 seconds 782.9428758621216
POP 2 505 248 0.011220214254281604 seconds 785.0802354812622
POP 2 505 249 0.024317927432790442 seconds 787.8629846572876
POP 2 505 250 0.015390973638961919 seconds 789.5616991519928
POP 2 505 251 0.010160965512098576 seconds 792.7636921405792
POP 2 505 252 0.034736745876899865 seconds 795.0557901859283
POP 2 505 253 0.008089519276500172 seconds 798.0156648159027
POP 2 505 254 0.008392852865435006 seconds 799.9473836421967
POP 2 505 255 0.03185758016048874 seconds 804.9857065677643
POP 2 505 256 0.008430012915034807 seconds 809.1034207344055
POP 2 505 257 0.06393561948630765 seconds 811.4049158096313
POP 2 505 258 0.038626557846870066 seconds 812.8871638774872
POP 2 505 259 0.011328870760043453 seconds 815.9588432312012
POP 2 505 260 0.01850183386530244 seconds 819.4182283878326
POP 2 505 261 0.04290997078782312 seconds 823.9652316570282
POP 2 505 262 0.03848750382239657 seconds 829.2272818088531
POP 2 505 263 0.009717228111392969 seconds 832.5341589450836
POP 2 505 264 0.026156807179671546 seconds 835.0278768539429
POP 2 505 265 0.04697420246811219 seconds 839.9516031742096
POP 2 505 266 0.009555078587856902 seconds 846.4832532405853
POP 2 505 267 0.026705144224251996 seconds 850.5952847003937
POP 2 505 268 0.00835015531851852 seconds 853.1355443000793
POP 2 505 269 0.02682417387906469 seconds 857.5894334316254
POP 2 505 270 0.03112674239507089 seconds 861.3622179031372
POP 2 505 271 0.056938518646299306 seconds 864.6992530822754
POP 2 505 272 0.010508547329371707 seconds 866.7862286567688
POP 2 505 273 0.021443909746319455 seconds 869.5568807125092
POP 2 505 274 0.02039111911380029 seconds 871.4750094413757
POP 2 505 275 0.021562597459028707 seconds 874.7035007476807
POP 2 505 276 0.030385868029214842 seconds 876.7287764549255
POP 2 505 277 0.01412511768225302 seconds 882.4070236682892
POP 2 505 278 0.007759526441650674 seconds 884.203373670578
POP 2 505 279 0.020643446222577865 seconds 886.7471160888672
POP 2 505 280 0.023461781640823347 seconds 892.4215536117554
POP 2 505 281 0.007759526441650677 seconds 893.8831489086151
POP 2 505 282 0.025536255427404377 seconds 895.9730923175812
POP 2 505 283 0.00833930498289081 seconds 899.2832467556
POP 2 505 284 0.01614426313828851 seconds 901.0570871829987
POP 2 505 285 0.02401316259105987 seconds 903.769419670105
POP 2 505 286 0.03377794542749187 seconds 907.1273353099823
POP 2 505 287 0.00815311873069558 seconds 909.508793592453
POP 2 505 288 0.031600310739610206 seconds 911.9378910064697
POP 2 505 289 0.01388616099039238 seconds 914.511316537857
POP 2 505 290 0.007878822530992764 seconds 917.869128704071
POP 2 505 291 0.02969535524887259 seconds 920.3368782997131
POP 2 505 292 0.07538151189307409 seconds 923.9305124282837
POP 2 505 293 0.015088463392025452 seconds 927.915361404419
POP 2 505 294 0.02260283972485702 seconds 930.17169713974
POP 2 505 295 0.019216933750365196 seconds 932.8343665599823
POP 2 505 296 0.04808419063309486 seconds 935.6902141571045
POP 2 505 297 0.030655381625247967 seconds 937.2029716968536
POP 2 505 298 0.0570029746823649 seconds 941.9666001796722
POP 2 505 299 0.011408893484055774 seconds 944.0315878391266
POP 2 505 300 0.029105781558373324 seconds 946.8369388580322
POP 2 505 301 0.021931486601978467 seconds 951.5573663711548
POP 2 505 302 0.00937948249483891 seconds 954.2699415683746
POP 2 505 303 0.03416011607704511 seconds 956.3914756774902
POP 2 505 304 0.010216246058670624 seconds 958.5659759044647
POP 2 505 305 0.009963290943455024 seconds 962.3456635475159
POP 2 505 306 0.03124949661811758 seconds 965.1881453990936
POP 2 505 307 0.0120729097185059 seconds 967.1066460609436
POP 2 505 308 0.00852785825668357 seconds 970.1404225826263
POP 2 505 309 0.03778763556933403 seconds 971.7662596702576
POP 2 505 310 0.03630297660345006 seconds 975.7089033126831
POP 2 505 311 0.019106843249346677 seconds 979.92546916008
POP 2 505 312 0.02953213764092933 seconds 981.708268404007
POP 2 505 313 0.007759526441650678 seconds 983.9196996688843
POP 2 505 314 0.011923826536174877 seconds 986.4068632125854
POP 2 505 315 0.03178081241736342 seconds 989.1151578426361
POP 2 505 316 0.007759526441650675 seconds 990.6226387023926
POP 2 505 317 0.007864415323766015 seconds 993.4102716445923
POP 2 505 318 0.02807909012715788 seconds 996.4260005950928
POP 2 505 319 0.009010437897604952 seconds 998.4345724582672
POP 2 505 320 0.010310231092122878 seconds 1000.2891530990601
POP 2 505 321 0.03717579752376326 seconds 1001.5450417995453
POP 2 505 322 0.03462294962740184 seconds 1005.4354085922241
POP 2 505 323 0.01207765079591821 seconds 1008.3921141624451
POP 2 505 324 0.037427158407835545 seconds 1010.1220729351044
POP 2 505 325 0.009725338574061316 seconds 1013.1085455417633
POP 2 505 326 0.020442623977330026 seconds 1017.2511012554169
POP 2 505 327 0.041959823469689336 seconds 1018.8976440429688
POP 2 505 328 0.02957577808501758 seconds 1025.107481956482
POP 2 505 329 0.008980301624553067 seconds 1029.5597331523895
POP 2 505 330 0.026395969887045526 seconds 1031.0696096420288
POP 2 505 331 0.012253983635169274 seconds 1033.8241691589355
POP 2 505 332 0.009786323427717115 seconds 1037.2844994068146
POP 2 505 333 0.02511219590449556 seconds 1039.3209655284882
POP 2 505 334 0.012242564209898422 seconds 1042.370198249817
POP 2 505 335 0.007878822530992764 seconds 1046.0475192070007
POP 2 505 336 0.032921394878782234 seconds 1049.3519368171692
POP 2 505 337 0.05563133964469953 seconds 1052.9783008098602
POP 2 505 338 0.010601890186483427 seconds 1056.421199798584
POP 2 505 339 0.03836424080484222 seconds 1058.8924236297607
POP 2 505 340 0.021826237559561056 seconds 1061.8022010326385
POP 2 505 341 0.012041288542439724 seconds 1063.5327277183533
POP 2 505 342 0.026341370740173713 seconds 1065.7592108249664
POP 2 505 343 0.01566917055963137 seconds 1067.8420395851135
POP 2 505 344 0.05434217782373009 seconds 1071.7359056472778
POP 2 505 345 0.03248523973989276 seconds 1073.1798510551453
POP 2 505 346 0.01461466550741719 seconds 1075.4793515205383
POP 2 505 347 0.08358421594812478 seconds 1078.3211381435394
POP 2 505 348 0.03121270675114019 seconds 1080.9706642627716
POP 2 505 349 0.008122592983138496 seconds 1083.1981925964355
POP 2 505 350 0.02688917737864599 seconds 1087.9819226264954
POP 2 505 351 0.023084436759106628 seconds 1089.6798603534698
POP 2 505 352 0.02580838364728869 seconds 1095.6957354545593
POP 2 505 353 0.08090984889679213 seconds 1099.4689075946808
POP 2 505 354 0.02657591326857174 seconds 1102.5933873653412
POP 2 505 355 0.008455540906855805 seconds 1105.0442020893097
POP 2 505 356 0.05528150248792028 seconds 1109.4409310817719
POP 2 505 357 0.032484652464670194 seconds 1111.3003301620483
POP 2 505 358 0.009698628693401525 seconds 1112.7030277252197
POP 2 505 359 0.05625947442848207 seconds 1116.3725695610046
POP 2 505 360 0.03297071026718651 seconds 1117.935135126114
POP 2 505 361 0.010444166275056259 seconds 1121.1102709770203
POP 2 505 362 0.06771250098798957 seconds 1125.3809530735016
POP 2 505 363 0.046082540809448264 seconds 1127.1303925514221
POP 2 505 364 0.06950912956049721 seconds 1129.3726127147675
POP 2 505 365 0.010912614536834635 seconds 1133.744436264038
POP 2 505 366 0.023738889219381484 seconds 1137.4869856834412
POP 2 505 367 0.007759526441648568 seconds 1139.8636300563812
POP 2 505 368 0.012603945385233406 seconds 1142.1270370483398
POP 2 505 369 0.021102923464582958 seconds 1143.867969751358
POP 2 505 370 0.027912105803119862 seconds 1149.6963906288147
POP 2 505 371 0.062025422078078395 seconds 1153.1961257457733
POP 2 505 372 0.039237555407799794 seconds 1156.6851658821106
POP 2 505 373 0.07065699637808948 seconds 1160.2802877426147
POP 2 505 374 0.013214631063892701 seconds 1166.9498643875122
POP 2 505 375 0.0360386006056565 seconds 1169.6552081108093
POP 2 505 376 0.01018886686163515 seconds 1172.6351692676544
POP 2 505 377 0.06283859161914651 seconds 1177.4867930412292
