POP 2 501 0 0.02484609475549348 seconds 2.2444896697998047
POP 2 501 1 0.04906062152436506 seconds 8.068504810333252
POP 2 501 2 0.06737555340072514 seconds 10.592538118362427
POP 2 501 3 0.03739895720869525 seconds 13.844638109207153
POP 2 501 4 0.051225605689541716 seconds 16.004338026046753
POP 2 501 5 0.015350694251827363 seconds 18.702468395233154
POP 2 501 6 0.038670793431388156 seconds 21.296064853668213
POP 2 501 7 0.013722042981100618 seconds 23.74439549446106
POP 2 501 8 0.011171162117444707 seconds 25.62653398513794
POP 2 501 9 0.0544806958740844 seconds 30.295339107513428
SAVE 2 best gates 32 loss 0.008994113745935511 seconds 31.330853700637817
POP 2 501 10 0.008994113745939685 seconds 32.09477353096008
POP 2 501 11 0.009229176526525811 seconds 34.26286339759827
POP 2 501 12 0.03796522377155797 seconds 40.245641231536865
POP 2 501 13 0.01388898533526997 seconds 42.440497636795044
POP 2 501 14 0.010605177428591949 seconds 46.60019659996033
POP 2 501 15 0.046067800792598784 seconds 50.70041108131409
POP 2 501 16 0.02162467931703093 seconds 55.019195318222046
POP 2 501 17 0.01262160834013051 seconds 56.61911869049072
POP 2 501 18 0.02315229339587326 seconds 60.214134216308594
POP 2 501 19 0.008994113745939687 seconds 64.40973615646362
POP 2 501 20 0.008994113745939688 seconds 65.8659119606018
POP 2 501 21 0.04343760728663608 seconds 69.60882067680359
POP 2 501 22 0.01540422891452302 seconds 74.46932601928711
POP 2 501 23 0.011976975112865605 seconds 76.2521812915802
POP 2 501 24 0.04018086826389906 seconds 78.7612931728363
POP 2 501 25 0.009491077234262745 seconds 81.00373673439026
SAVE 2 best gates 32 loss 0.008476467338488041 seconds 82.05921149253845
SAVE 2 best gates 32 loss 0.0078788225309968 seconds 82.34284210205078
POP 2 501 26 0.0078788225309968 seconds 82.71898365020752
POP 2 501 27 0.03717858525658502 seconds 85.17788195610046
POP 2 501 28 0.01710131444306268 seconds 88.0138943195343
POP 2 501 29 0.008007792662401057 seconds 92.78964328765869
POP 2 501 30 0.034409785820563456 seconds 97.1853415966034
SAVE 2 best gates 32 loss 0.007878822530992731 seconds 98.82607460021973
POP 2 501 31 0.007878822530996801 seconds 99.43143105506897
POP 2 501 32 0.02431242274824961 seconds 103.39448738098145
POP 2 501 33 0.0444207028515275 seconds 108.08723425865173
POP 2 501 34 0.013430393433481444 seconds 110.76075267791748
POP 2 501 35 0.015232336379900716 seconds 113.74853610992432
POP 2 501 36 0.060796814804468045 seconds 115.21015739440918
POP 2 501 37 0.0078788225309968 seconds 116.2988429069519
POP 2 501 38 0.01481400333736343 seconds 119.57830953598022
POP 2 501 39 0.04726801181936498 seconds 122.5148515701294
POP 2 501 40 0.0635929480537509 seconds 127.08439445495605
POP 2 501 41 0.008564404428956672 seconds 130.2390615940094
POP 2 501 42 0.04164399970217807 seconds 135.9819097518921
POP 2 501 43 0.0483108544323533 seconds 138.63786149024963
POP 2 501 44 0.009575056296365079 seconds 144.6040918827057
POP 2 501 45 0.03511998175924706 seconds 148.91974115371704
POP 2 501 46 0.009630152476665379 seconds 152.34915733337402
POP 2 501 47 0.023138543876735036 seconds 155.93766021728516
POP 2 501 48 0.03217397217327554 seconds 159.28780221939087
POP 2 501 49 0.026287791899293134 seconds 161.55053687095642
POP 2 501 50 0.017536887415910002 seconds 166.16195249557495
POP 2 501 51 0.03857808999636979 seconds 171.13768005371094
POP 2 501 52 0.012902705385324401 seconds 174.92218112945557
POP 2 501 53 0.009017218989240386 seconds 176.95416378974915
POP 2 501 54 0.029225876463929316 seconds 181.28189849853516
POP 2 501 55 0.00944235091181126 seconds 185.52974152565002
POP 2 501 56 0.009457401154546373 seconds 186.87898755073547
POP 2 501 57 0.038214619525611775 seconds 189.74148964881897
POP 2 501 58 0.008323035864780193 seconds 191.82769894599915
POP 2 501 59 0.013232964730263337 seconds 194.3693904876709
POP 2 501 60 0.047120372195367216 seconds 196.30523133277893
POP 2 501 61 0.018621423220795925 seconds 199.26065921783447
POP 2 501 62 0.007878822530992764 seconds 201.70058584213257
POP 2 501 63 0.045373538019324124 seconds 206.53317832946777
POP 2 501 64 0.01828410069003652 seconds 210.02828001976013
POP 2 501 65 0.009952325789535851 seconds 211.91961455345154
POP 2 501 66 0.04163855612335684 seconds 214.80150270462036
POP 2 501 67 0.027048768200061843 seconds 219.52845215797424
POP 2 501 68 0.009594689822051075 seconds 220.98672223091125
POP 2 501 69 0.04184035333749624 seconds 225.5110673904419
POP 2 501 70 0.007878822530992764 seconds 228.0689399242401
POP 2 501 71 0.009586914200822671 seconds 230.8941478729248
POP 2 501 72 0.03763501734156975 seconds 234.29682159423828
POP 2 501 73 0.010354171611072794 seconds 238.40720558166504
POP 2 501 74 0.04420738493269112 seconds 242.90981698036194
POP 2 501 75 0.024229739999425046 seconds 246.67492151260376
POP 2 501 76 0.008141985022370126 seconds 254.02798795700073
POP 2 501 77 0.008527172224520697 seconds 257.23197984695435
POP 2 501 78 0.04665366721291087 seconds 259.1936206817627
POP 2 501 79 0.015345730474663066 seconds 261.8164200782776
POP 2 501 80 0.007878822530992763 seconds 263.134117603302
POP 2 501 81 0.060669647549828176 seconds 265.0593981742859
POP 2 501 82 0.06284847213457494 seconds 269.5207483768463
POP 2 501 83 0.024931093867069876 seconds 271.965580701828
POP 2 501 84 0.03399354195180527 seconds 274.39486718177795
POP 2 501 85 0.021936636783569934 seconds 276.487104177475
POP 2 501 86 0.01213622807836987 seconds 279.64696741104126
POP 2 501 87 0.028017193809079497 seconds 283.6935431957245
POP 2 501 88 0.008334803927283356 seconds 285.95565152168274
POP 2 501 89 0.00827530352113583 seconds 288.6410450935364
POP 2 501 90 0.03707635745584221 seconds 292.7555320262909
POP 2 501 91 0.011317450097912022 seconds 294.4697723388672
POP 2 501 92 0.010989571099738863 seconds 297.3108756542206
POP 2 501 93 0.018155294679582247 seconds 301.445387840271
POP 2 501 94 0.024005351768676696 seconds 304.4612147808075
POP 2 501 95 0.057291813016460975 seconds 309.08595967292786
POP 2 501 96 0.047570676518537705 seconds 311.82469940185547
POP 2 501 97 0.007878822530992763 seconds 312.8456711769104
POP 2 501 98 0.007878822530992764 seconds 314.3729236125946
POP 2 501 99 0.03337556652977536 seconds 318.2536714076996
POP 2 501 100 0.012025654168250948 seconds 319.7913644313812
POP 2 501 101 0.03735262517097571 seconds 324.051810503006
POP 2 501 102 0.03994859979998127 seconds 331.1393532752991
POP 2 501 103 0.007759526441650675 seconds 333.0581085681915
POP 2 501 104 0.009501089431203575 seconds 334.4404528141022
POP 2 501 105 0.03849069747648275 seconds 338.9631726741791
POP 2 501 106 0.010862658381713488 seconds 342.9574067592621
POP 2 501 107 0.010595240397522982 seconds 346.42897963523865
POP 2 501 108 0.04154486516513907 seconds 349.54243659973145
POP 2 501 109 0.011611628044099325 seconds 352.29605889320374
POP 2 501 110 0.009423535034926492 seconds 354.05203771591187
POP 2 501 111 0.029681560937030484 seconds 356.5287096500397
POP 2 501 112 0.0567601915490701 seconds 358.8680782318115
POP 2 501 113 0.008350155318518522 seconds 362.30232214927673
POP 2 501 114 0.04211986103051351 seconds 365.7167203426361
POP 2 501 115 0.0353775863174798 seconds 369.9194211959839
POP 2 501 116 0.01681946954752004 seconds 372.0292570590973
POP 2 501 117 0.0478724789630542 seconds 374.9751262664795
POP 2 501 118 0.009693001174012878 seconds 377.0763621330261
POP 2 501 119 0.016260019869057302 seconds 380.07885122299194
POP 2 501 120 0.04815871564229519 seconds 381.9957745075226
POP 2 501 121 0.009576656911362327 seconds 383.5457441806793
POP 2 501 122 0.008955346870894582 seconds 385.8720774650574
POP 2 501 123 0.03153492048736356 seconds 389.32478761672974
POP 2 501 124 0.009176557241236184 seconds 393.0721900463104
POP 2 501 125 0.015934831845870894 seconds 395.4781560897827
POP 2 501 126 0.034841387899218645 seconds 399.37112975120544
POP 2 501 127 0.040710272171648965 seconds 403.81163120269775
POP 2 501 128 0.013679939852442905 seconds 405.8804805278778
POP 2 501 129 0.03709734595615273 seconds 409.3267593383789
POP 2 501 130 0.010335272007493672 seconds 412.10968804359436
POP 2 501 131 0.016967197412049197 seconds 419.7151665687561
POP 2 501 132 0.035333355335651115 seconds 428.95798206329346
POP 2 501 133 0.009029867438214238 seconds 430.94669556617737
POP 2 501 134 0.008455540906854749 seconds 432.2344136238098
POP 2 501 135 0.04781326112288598 seconds 434.93557691574097
POP 2 501 136 0.009045009932965944 seconds 438.969318151474
POP 2 501 137 0.008089519276500172 seconds 440.4452474117279
POP 2 501 138 0.03345267247988406 seconds 444.13205766677856
POP 2 501 139 0.02018027560765926 seconds 445.8004562854767
POP 2 501 140 0.008938106504537281 seconds 449.91142988204956
POP 2 501 141 0.03299377176244258 seconds 453.9365963935852
POP 2 501 142 0.008990247808681271 seconds 456.0214829444885
POP 2 501 143 0.00937948249483891 seconds 457.75403594970703
POP 2 501 144 0.04784508557142221 seconds 459.75385999679565
POP 2 501 145 0.012337185240845941 seconds 462.5703444480896
POP 2 501 146 0.030813757018288916 seconds 465.64808225631714
POP 2 501 147 0.04698089414130449 seconds 468.7597441673279
POP 2 501 148 0.019913047933222076 seconds 472.0234613418579
POP 2 501 149 0.007759526441650678 seconds 473.9547619819641
POP 2 501 150 0.02705707907554399 seconds 477.7809224128723
POP 2 501 151 0.011167765466547493 seconds 480.62213826179504
POP 2 501 152 0.0196222651349777 seconds 484.51586961746216
POP 2 501 153 0.040769045575842475 seconds 489.3055582046509
POP 2 501 154 0.009056787347070716 seconds 491.3555555343628
POP 2 501 155 0.02911672553260672 seconds 499.802574634552
POP 2 501 156 0.04360726761934642 seconds 504.59309935569763
POP 2 501 157 0.010591468445425281 seconds 507.1623475551605
POP 2 501 158 0.009681872610846033 seconds 508.69013023376465
POP 2 501 159 0.03511940736792922 seconds 513.9451816082001
POP 2 501 160 0.010234450062324752 seconds 515.422749042511
POP 2 501 161 0.06925351265302028 seconds 519.5328974723816
POP 2 501 162 0.042506789134175674 seconds 526.6387612819672
POP 2 501 163 0.0077595264416506805 seconds 531.5594263076782
POP 2 501 164 0.05069960651007957 seconds 535.1851558685303
POP 2 501 165 0.04438965451011558 seconds 536.9244179725647
POP 2 501 166 0.009241144810474918 seconds 539.5255575180054
POP 2 501 167 0.036787797145853646 seconds 545.2459785938263
POP 2 501 168 0.04413496574195104 seconds 549.8251307010651
POP 2 501 169 0.008404906162549155 seconds 552.1957576274872
POP 2 501 170 0.007759526441650677 seconds 553.8327991962433
POP 2 501 171 0.03024436315174123 seconds 557.244665145874
POP 2 501 172 0.03244726744627062 seconds 559.8836302757263
POP 2 501 173 0.007759526441650677 seconds 561.2242586612701
POP 2 501 174 0.03577157873191033 seconds 563.9920179843903
POP 2 501 175 0.009467438755201504 seconds 566.7974951267242
POP 2 501 176 0.01299419205450255 seconds 568.5724203586578
POP 2 501 177 0.030569396473054157 seconds 573.7224025726318
POP 2 501 178 0.014835197435617873 seconds 576.8782665729523
POP 2 501 179 0.007759526441650677 seconds 582.380156993866
POP 2 501 180 0.04876257331080986 seconds 586.3318362236023
POP 2 501 181 0.009105059646156703 seconds 592.0002639293671
POP 2 501 182 0.034095511776645916 seconds 596.9435584545135
POP 2 501 183 0.03189702498430101 seconds 602.19198346138
POP 2 501 184 0.009584003590514372 seconds 604.738550901413
POP 2 501 185 0.007759526441650677 seconds 607.1056289672852
POP 2 501 186 0.0534485072055221 seconds 613.5864858627319
POP 2 501 187 0.009523830433330334 seconds 616.9987716674805
POP 2 501 188 0.007759526441650677 seconds 618.3601884841919
POP 2 501 189 0.05501208697030223 seconds 621.9226713180542
POP 2 501 190 0.014367048659118385 seconds 624.2623360157013
POP 2 501 191 0.010209078449493883 seconds 625.8777847290039
POP 2 501 192 0.0461379972803817 seconds 628.6355576515198
POP 2 501 193 0.009580245938351004 seconds 631.2706296443939
POP 2 501 194 0.026351178490176205 seconds 633.6274528503418
POP 2 501 195 0.04610071915824769 seconds 635.5283622741699
POP 2 501 196 0.012798940466155031 seconds 637.8496661186218
POP 2 501 197 0.031844867336762415 seconds 640.5657885074615
POP 2 501 198 0.043187453309876146 seconds 644.1377682685852
POP 2 501 199 0.023477668955287148 seconds 652.6590626239777
POP 2 501 200 0.026927722429469315 seconds 656.1184470653534
POP 2 501 201 0.03364404008138133 seconds 660.5894229412079
POP 2 501 202 0.011428150340627479 seconds 663.0191552639008
POP 2 501 203 0.008922121327755104 seconds 666.7482693195343
POP 2 501 204 0.034673703532648474 seconds 672.7312941551208
POP 2 501 205 0.0881094412971263 seconds 674.175863981247
POP 2 501 206 0.01528392247961812 seconds 676.2533056735992
POP 2 501 207 0.04469849759546534 seconds 679.8696248531342
POP 2 501 208 0.04425044940519863 seconds 686.1590993404388
POP 2 501 209 0.008608482980016569 seconds 691.3207788467407
POP 2 501 210 0.03735506056371541 seconds 695.9352724552155
POP 2 501 211 0.04368933669409366 seconds 699.6809461116791
POP 2 501 212 0.012275392844940705 seconds 702.2945137023926
POP 2 501 213 0.05273966291581201 seconds 708.5519769191742
POP 2 501 214 0.009095337010575348 seconds 713.421178817749
POP 2 501 215 0.03272063964805054 seconds 716.7276558876038
POP 2 501 216 0.03810423414334129 seconds 719.4686350822449
POP 2 501 217 0.009734679057286304 seconds 721.0431852340698
POP 2 501 218 0.013949562206266555 seconds 724.5563156604767
POP 2 501 219 0.03508082908165754 seconds 728.3927297592163
POP 2 501 220 0.04318603899627195 seconds 733.4334418773651
POP 2 501 221 0.010622569853019322 seconds 736.8107714653015
POP 2 501 222 0.028606975465264823 seconds 743.1958243846893
POP 2 501 223 0.007759526441650681 seconds 746.0308766365051
POP 2 501 224 0.007759526441650673 seconds 749.1831138134003
POP 2 501 225 0.0358965295499952 seconds 757.104415178299
POP 2 501 226 0.03924135431038314 seconds 763.3043763637543
POP 2 501 227 0.00815311873069558 seconds 765.6032373905182
POP 2 501 228 0.03369365030985284 seconds 768.9213027954102
POP 2 501 229 0.011469795102500568 seconds 772.3297214508057
POP 2 501 230 0.007759526441650679 seconds 773.6417346000671
POP 2 501 231 0.03637309527469885 seconds 777.373996257782
POP 2 501 232 0.017789114316261484 seconds 780.0870580673218
POP 2 501 233 0.009406595256424236 seconds 783.3749849796295
POP 2 501 234 0.03638106588372243 seconds 786.4797143936157
POP 2 501 235 0.02318094230186628 seconds 788.5099334716797
POP 2 501 236 0.018280830113146983 seconds 790.9979784488678
POP 2 501 237 0.040442061423200545 seconds 794.2125444412231
POP 2 501 238 0.022378429370275708 seconds 796.8535251617432
POP 2 501 239 0.009514743543376804 seconds 799.7436361312866
POP 2 501 240 0.05593373092154717 seconds 802.9714140892029
POP 2 501 241 0.01509368116345902 seconds 805.9299538135529
POP 2 501 242 0.0077595264416506745 seconds 807.8497786521912
POP 2 501 243 0.04444932507749493 seconds 814.6904518604279
POP 2 501 244 0.007759526441650677 seconds 816.5634195804596
POP 2 501 245 0.011378296871730094 seconds 817.9496765136719
POP 2 501 246 0.044839369785296936 seconds 822.6870243549347
POP 2 501 247 0.007759526441650675 seconds 825.0654954910278
POP 2 501 248 0.009598568057386406 seconds 828.1267719268799
POP 2 501 249 0.03785362604715204 seconds 831.3770742416382
POP 2 501 250 0.01138635432793307 seconds 834.5037972927094
POP 2 501 251 0.026464465101445196 seconds 837.7118117809296
POP 2 501 252 0.042397891860404 seconds 840.6088407039642
POP 2 501 253 0.0120507774166539 seconds 842.6660182476044
POP 2 501 254 0.04798791173346499 seconds 845.3680868148804
POP 2 501 255 0.055324177073773274 seconds 848.9373188018799
POP 2 501 256 0.06304957918648463 seconds 851.9012131690979
POP 2 501 257 0.008938106504535703 seconds 853.7100918292999
POP 2 501 258 0.04082367004188952 seconds 857.2847003936768
POP 2 501 259 0.013700364032093322 seconds 859.8007068634033
POP 2 501 260 0.00945427445999688 seconds 862.5725245475769
POP 2 501 261 0.04927255811454797 seconds 865.8615491390228
POP 2 501 262 0.010416615794106349 seconds 867.4876399040222
POP 2 501 263 0.010835545703264062 seconds 872.2662298679352
POP 2 501 264 0.04158173070411136 seconds 875.2015001773834
POP 2 501 265 0.0641998104297828 seconds 878.0457863807678
POP 2 501 266 0.021577538833092467 seconds 883.7751264572144
POP 2 501 267 0.0470310269096433 seconds 885.9953367710114
POP 2 501 268 0.010125120944594944 seconds 888.3372032642365
POP 2 501 269 0.007878822530992759 seconds 890.7679085731506
POP 2 501 270 0.03824763578917015 seconds 894.6508886814117
POP 2 501 271 0.016522872835218375 seconds 898.0047950744629
POP 2 501 272 0.011387773519621704 seconds 902.3096158504486
POP 2 501 273 0.045004458205525115 seconds 904.1599388122559
POP 2 501 274 0.062269345919665535 seconds 907.6301920413971
POP 2 501 275 0.009852320000163556 seconds 909.325442314148
POP 2 501 276 0.0504439764614261 seconds 911.8384442329407
POP 2 501 277 0.08122297106549305 seconds 913.8606798648834
POP 2 501 278 0.026935432401279415 seconds 916.4872674942017
POP 2 501 279 0.04548394370489657 seconds 918.3462026119232
POP 2 501 280 0.03751833433232594 seconds 920.5673086643219
POP 2 501 281 0.007759526441650679 seconds 921.8994452953339
POP 2 501 282 0.04914230342858213 seconds 924.8476452827454
POP 2 501 283 0.029683961533460132 seconds 930.6488392353058
POP 2 501 284 0.009817421380978564 seconds 932.5445828437805
POP 2 501 285 0.05259700293019154 seconds 934.8004047870636
POP 2 501 286 0.017724341140928197 seconds 937.6485812664032
POP 2 501 287 0.01085591875006567 seconds 941.9506113529205
POP 2 501 288 0.030183179266514454 seconds 944.9628915786743
POP 2 501 289 0.015051669712036324 seconds 947.4629821777344
POP 2 501 290 0.009191386352444798 seconds 949.4751884937286
POP 2 501 291 0.03436395087525658 seconds 954.9146888256073
POP 2 501 292 0.027462935807920644 seconds 958.1684517860413
POP 2 501 293 0.01404332838034598 seconds 961.6755261421204
POP 2 501 294 0.045923371354564195 seconds 968.07080245018
POP 2 501 295 0.010354171611072804 seconds 971.7062075138092
POP 2 501 296 0.011233133601557671 seconds 973.8980894088745
POP 2 501 297 0.04309674670196967 seconds 977.3907325267792
POP 2 501 298 0.009841126938721143 seconds 980.3073651790619
POP 2 501 299 0.009667062104579275 seconds 983.8339242935181
POP 2 501 300 0.06255788328070717 seconds 986.2920269966125
POP 2 501 301 0.01994376896775334 seconds 990.9336247444153
POP 2 501 302 0.007759526441650679 seconds 992.6375317573547
POP 2 501 303 0.047736662508101935 seconds 997.2341439723969
POP 2 501 304 0.012464273441752004 seconds 999.3908550739288
POP 2 501 305 0.00904500993296595 seconds 1001.2265346050262
POP 2 501 306 0.034971416396896354 seconds 1003.539199590683
POP 2 501 307 0.007759526441647909 seconds 1005.1505765914917
POP 2 501 308 0.007759526441650673 seconds 1006.1407549381256
POP 2 501 309 0.050579894489375124 seconds 1009.0569798946381
POP 2 501 310 0.01412838957385851 seconds 1011.4831025600433
POP 2 501 311 0.03197670381954825 seconds 1013.8020496368408
POP 2 501 312 0.036511665708905953 seconds 1016.9776911735535
POP 2 501 313 0.0163727466469495 seconds 1020.9093067646027
POP 2 501 314 0.011093333786055117 seconds 1024.3342094421387
POP 2 501 315 0.036526480965485816 seconds 1030.1661353111267
POP 2 501 316 0.015444113817240895 seconds 1042.4174387454987
POP 2 501 317 0.017540831517215454 seconds 1051.6119492053986
POP 2 501 318 0.05386782298062061 seconds 1053.7182993888855
POP 2 501 319 0.02545283210136039 seconds 1056.4366188049316
POP 2 501 320 0.050055884456829 seconds 1059.3329906463623
POP 2 501 321 0.0388724735445163 seconds 1062.0601499080658
POP 2 501 322 0.02791185795216923 seconds 1067.9664981365204
POP 2 501 323 0.009724425771747999 seconds 1069.89639377594
POP 2 501 324 0.06478670315513976 seconds 1071.8311693668365
POP 2 501 325 0.04840329050599266 seconds 1076.0337624549866
POP 2 501 326 0.010451385493526725 seconds 1079.0899455547333
POP 2 501 327 0.04880622599536508 seconds 1082.8910562992096
POP 2 501 328 0.014614545267691228 seconds 1085.3500654697418
POP 2 501 329 0.015427862753156446 seconds 1087.6315803527832
POP 2 501 330 0.044598866850066574 seconds 1089.7620120048523
POP 2 501 331 0.010060639629794038 seconds 1091.43874168396
POP 2 501 332 0.04977378997870768 seconds 1093.9502358436584
POP 2 501 333 0.0457075851368957 seconds 1097.916410446167
POP 2 501 334 0.009548598893099865 seconds 1101.8228123188019
POP 2 501 335 0.007878822530992768 seconds 1104.571575641632
POP 2 501 336 0.03828066769824571 seconds 1108.374258518219
POP 2 501 337 0.014774060530858755 seconds 1113.2264115810394
POP 2 501 338 0.011374992222030051 seconds 1116.5233042240143
POP 2 501 339 0.04541506945353785 seconds 1120.8028333187103
POP 2 501 340 0.00986801603579906 seconds 1126.3471360206604
POP 2 501 341 0.017660806303944808 seconds 1129.9605693817139
POP 2 501 342 0.054161898500835456 seconds 1132.216557264328
POP 2 501 343 0.04051371165881748 seconds 1135.8938620090485
POP 2 501 344 0.010288590394980915 seconds 1139.8504722118378
POP 2 501 345 0.055452368025761506 seconds 1142.9607784748077
POP 2 501 346 0.0077595264416506805 seconds 1145.6802484989166
POP 2 501 347 0.02903885955797594 seconds 1150.065360069275
POP 2 501 348 0.02284071812699789 seconds 1154.5494365692139
POP 2 501 349 0.008369410890822758 seconds 1156.447630405426
POP 2 501 350 0.007759526441650675 seconds 1159.527545928955
POP 2 501 351 0.047433587906690035 seconds 1163.0745906829834
POP 2 501 352 0.04853695557502308 seconds 1166.2708778381348
POP 2 501 353 0.04374618817368398 seconds 1171.137654542923
POP 2 501 354 0.042498913983613086 seconds 1175.1096069812775
POP 2 501 355 0.021393757763625457 seconds 1178.7297639846802
POP 2 501 356 0.01652364030582331 seconds 1180.9421389102936
