POP 1 102 0 0.06014094049066586 seconds 4.701237916946411
POP 1 102 1 0.02480547879261257 seconds 8.5728440284729
POP 1 102 2 0.024559213708298583 seconds 12.426018714904785
POP 1 102 3 0.04229966782167317 seconds 15.527684211730957
POP 1 102 4 0.029173647301236675 seconds 17.09170889854431
POP 1 102 5 0.0242535374383319 seconds 18.610552072525024
POP 1 102 6 0.044931100141444226 seconds 23.611043214797974
POP 1 102 7 0.03431627733899028 seconds 28.218645572662354
POP 1 102 8 0.03526693449334527 seconds 30.628860473632812
POP 1 102 9 0.051452497517974136 seconds 34.82646894454956
POP 1 102 10 0.028380300278072437 seconds 35.97962665557861
POP 1 102 11 0.04694304806417449 seconds 38.551719188690186
POP 1 102 12 0.05505677520411429 seconds 46.11349606513977
POP 1 102 13 0.03490392579110976 seconds 50.608935832977295
POP 1 102 14 0.02833755216875669 seconds 54.280128479003906
POP 1 102 15 0.05193218759274202 seconds 64.9460597038269
POP 1 102 16 0.03344243493733552 seconds 67.02876687049866
POP 1 102 17 0.03218156338315141 seconds 76.0987765789032
POP 1 102 18 0.0564234503376111 seconds 86.76967334747314
POP 1 102 19 0.0373509906414089 seconds 91.63287615776062
POP 1 102 20 0.03450094009798717 seconds 95.10177087783813
POP 1 102 21 0.05292345981688406 seconds 103.76889395713806
POP 1 102 22 0.02544409832092923 seconds 105.32767796516418
POP 1 102 23 0.04123312253699992 seconds 108.87078261375427
POP 1 102 24 0.0692264149544591 seconds 111.14560461044312
POP 1 102 25 0.0310808450676331 seconds 112.15172529220581
POP 1 102 26 0.029933831267007643 seconds 113.76476621627808
POP 1 102 27 0.051373458156638394 seconds 116.47147846221924
POP 1 102 28 0.025418794515558757 seconds 117.51600098609924
POP 1 102 29 0.04758918230135699 seconds 120.4452896118164
POP 1 102 30 0.06162544758088716 seconds 125.4703631401062
POP 1 102 31 0.04025111744250903 seconds 127.68665838241577
POP 1 102 32 0.030356051979330417 seconds 128.6391990184784
POP 1 102 33 0.04993002122953984 seconds 132.4569365978241
POP 1 102 34 0.025425865424553808 seconds 133.63343405723572
POP 1 102 35 0.030424672723650063 seconds 134.56736660003662
POP 1 102 36 0.053384344297313965 seconds 139.3428988456726
POP 1 102 37 0.045854830063344114 seconds 143.18484449386597
POP 1 102 38 0.025088377605961738 seconds 144.79106259346008
POP 1 102 39 0.06558442904205997 seconds 148.09921073913574
POP 1 102 40 0.03140352407301208 seconds 150.9999794960022
POP 1 102 41 0.025924701838603664 seconds 153.43549871444702
POP 1 102 42 0.06417854790522068 seconds 156.00780749320984
POP 1 102 43 0.02211468360228007 seconds 157.0772020816803
POP 1 102 44 0.023215509883943292 seconds 160.4405415058136
POP 1 102 45 0.04529333462282005 seconds 164.73696088790894
POP 1 102 46 0.03129646979938547 seconds 167.00290274620056
POP 1 102 47 0.034298485549152484 seconds 173.0572326183319
POP 1 102 48 0.07375877409352381 seconds 178.02943968772888
POP 1 102 49 0.05555539166420176 seconds 180.806072473526
POP 1 102 50 0.08538998893569803 seconds 183.519268989563
POP 1 102 51 0.0626916901682801 seconds 186.80864667892456
POP 1 102 52 0.023233078457070303 seconds 189.31195712089539
SAVE 1 best gates 28 loss 0.021852318322588406 seconds 190.74463200569153
SAVE 1 best gates 28 loss 0.02163214153964882 seconds 190.90620493888855
POP 1 102 53 0.02163214153965388 seconds 192.14805936813354
POP 1 102 54 0.08381522677890522 seconds 196.95160603523254
POP 1 102 55 0.02890034549005412 seconds 198.55364203453064
POP 1 102 56 0.02505826937563193 seconds 199.68867421150208
POP 1 102 57 0.06437042123019454 seconds 203.48842906951904
POP 1 102 58 0.021632141539653867 seconds 204.47204899787903
POP 1 102 59 0.02724033745976396 seconds 207.6483235359192
POP 1 102 60 0.048276135476316644 seconds 211.0978226661682
POP 1 102 61 0.03701209452074934 seconds 212.56506252288818
POP 1 102 62 0.02368959906799613 seconds 213.5468714237213
POP 1 102 63 0.056821318859378835 seconds 216.32826733589172
SAVE 1 best gates 28 loss 0.02148824351046786 seconds 217.4897425174713
SAVE 1 best gates 28 loss 0.020293345172360738 seconds 217.633775472641
SAVE 1 best gates 28 loss 0.020293345172359572 seconds 217.8829882144928
POP 1 102 64 0.020293345172359586 seconds 218.25087547302246
