POP 1 503 0 0.05198013971787669 seconds 2.517404556274414
POP 1 503 1 0.020813593267094605 seconds 3.8068151473999023
POP 1 503 2 0.022539436525771245 seconds 4.511582851409912
POP 1 503 3 0.032578472383373705 seconds 6.3848981857299805
POP 1 503 4 0.02771619742652386 seconds 8.214149713516235
POP 1 503 5 0.022940106368407882 seconds 9.42034649848938
POP 1 503 6 0.037492135944726716 seconds 11.818353652954102
POP 1 503 7 0.02080653362831426 seconds 13.480354070663452
POP 1 503 8 0.026480027686845212 seconds 15.166860342025757
POP 1 503 9 0.05900713759351602 seconds 19.6971652507782
POP 1 503 10 0.0328207085994705 seconds 22.161658763885498
POP 1 503 11 0.020261775054032954 seconds 23.375892162322998
POP 1 503 12 0.036594003576090474 seconds 25.559767484664917
POP 1 503 13 0.020708254790887594 seconds 26.885464191436768
POP 1 503 14 0.07114173873915135 seconds 29.750810623168945
POP 1 503 15 0.028161613678468988 seconds 31.42641854286194
POP 1 503 16 0.03424386697156083 seconds 34.09822487831116
POP 1 503 17 0.03025268797477132 seconds 37.688897132873535
POP 1 503 18 0.06534351999155061 seconds 39.06082272529602
POP 1 503 19 0.019933914101711074 seconds 39.984912395477295
POP 1 503 20 0.021509729323215085 seconds 41.3619327545166
POP 1 503 21 0.05452240669029645 seconds 43.81666278839111
POP 1 503 22 0.05802310508569087 seconds 46.55827236175537
POP 1 503 23 0.022155090645625035 seconds 48.445489168167114
POP 1 503 24 0.04203262683067384 seconds 51.035646200180054
POP 1 503 25 0.021067954962951795 seconds 52.94586515426636
POP 1 503 26 0.047021677100937055 seconds 55.38031077384949
POP 1 503 27 0.051863276144245817 seconds 57.826144218444824
POP 1 503 28 0.0356911542846359 seconds 61.78345251083374
POP 1 503 29 0.018606370709222986 seconds 62.56377553939819
POP 1 503 30 0.03232505590276638 seconds 64.66510772705078
POP 1 503 31 0.021622504485688632 seconds 80.32910966873169
POP 1 503 32 0.018500523927405234 seconds 85.42154312133789
POP 1 503 33 0.04511006884049222 seconds 88.45466828346252
POP 1 503 34 0.018500523927404627 seconds 90.21673440933228
POP 1 503 35 0.019019698621679026 seconds 93.48726415634155
POP 1 503 36 0.06537742325021884 seconds 96.68629765510559
POP 1 503 37 0.028262998642160437 seconds 100.5885272026062
POP 1 503 38 0.020443916208347894 seconds 102.4235532283783
POP 1 503 39 0.04748524670317107 seconds 108.74704384803772
POP 1 503 40 0.022183381584003757 seconds 114.1532335281372
POP 1 503 41 0.03993502599964569 seconds 120.22379422187805
POP 1 503 42 0.05062630148145063 seconds 121.127126455307
POP 1 503 43 0.02209786761278007 seconds 121.77119898796082
POP 1 503 44 0.018500523927404644 seconds 122.83192157745361
POP 1 503 45 0.05059675018466571 seconds 124.37521123886108
POP 1 503 46 0.037669491425770904 seconds 126.72676706314087
POP 1 503 47 0.021080298472890602 seconds 128.21407985687256
POP 1 503 48 0.041098533596586384 seconds 129.47731351852417
POP 1 503 49 0.024931726133656604 seconds 131.08005619049072
POP 1 503 50 0.057057379047161474 seconds 133.61579704284668
POP 1 503 51 0.05224934170635038 seconds 135.33851432800293
POP 1 503 52 0.020778718133801312 seconds 139.22112226486206
POP 1 503 53 0.021437150880372475 seconds 140.2258038520813
POP 1 503 54 0.04064571732506515 seconds 142.03005838394165
POP 1 503 55 0.099710959027423 seconds 145.16840028762817
POP 1 503 56 0.019428436853869958 seconds 148.04222893714905
POP 1 503 57 0.05687208956891137 seconds 150.43630361557007
POP 1 503 58 0.020738581434437194 seconds 152.20327973365784
POP 1 503 59 0.03207356500308812 seconds 157.7095537185669
POP 1 503 60 0.05586534874011333 seconds 161.27102899551392
POP 1 503 61 0.0210802984728906 seconds 163.7479908466339
POP 1 503 62 0.022403993792954623 seconds 165.11091542243958
POP 1 503 63 0.03816377879887352 seconds 168.74444913864136
POP 1 503 64 0.02002299358753695 seconds 171.02031922340393
POP 1 503 65 0.03486700248273821 seconds 174.30295324325562
POP 1 503 66 0.037433457695003336 seconds 175.94600319862366
POP 1 503 67 0.02116006384125822 seconds 176.92571663856506
POP 1 503 68 0.01981513345541464 seconds 178.34688687324524
POP 1 503 69 0.038387560821626115 seconds 180.19574213027954
POP 1 503 70 0.02851046888197705 seconds 183.2611587047577
POP 1 503 71 0.038057932098900175 seconds 185.83095812797546
POP 1 503 72 0.04885559984433144 seconds 188.05583930015564
POP 1 503 73 0.02543880729501722 seconds 189.63521194458008
POP 1 503 74 0.03516453657948647 seconds 192.11285018920898
POP 1 503 75 0.059951181120906014 seconds 193.66445302963257
POP 1 503 76 0.021433227727340208 seconds 195.25935864448547
POP 1 503 77 0.026768100496876276 seconds 197.95829939842224
POP 1 503 78 0.032580912134537315 seconds 201.39511919021606
POP 1 503 79 0.02425971173457891 seconds 204.6345772743225
POP 1 503 80 0.020599132799146803 seconds 205.8343632221222
POP 1 503 81 0.04967960323308906 seconds 207.05502438545227
POP 1 503 82 0.028125649419107036 seconds 209.1821994781494
POP 1 503 83 0.02355856275882914 seconds 210.54734587669373
POP 1 503 84 0.05536651510689481 seconds 211.56259512901306
POP 1 503 85 0.033279676204395724 seconds 213.36160922050476
POP 1 503 86 0.018500523927404647 seconds 216.00658464431763
POP 1 503 87 0.06601356349233913 seconds 220.91491556167603
POP 1 503 88 0.018500523927404634 seconds 224.6881411075592
POP 1 503 89 0.018500523927404637 seconds 227.16889429092407
POP 1 503 90 0.06104199828596686 seconds 228.77776980400085
POP 1 503 91 0.01885187502832436 seconds 231.1950535774231
POP 1 503 92 0.0341741982789313 seconds 236.77665185928345
POP 1 503 93 0.05433153671559413 seconds 239.1633551120758
POP 1 503 94 0.029204153654992418 seconds 243.35115146636963
POP 1 503 95 0.01860637070922454 seconds 244.51226687431335
POP 1 503 96 0.05571779308071169 seconds 245.477552652359
POP 1 503 97 0.0439512626714956 seconds 250.53705644607544
SAVE 1 best gates 28 loss 0.016755881655224444 seconds 250.8252296447754
POP 1 503 98 0.016755881655226172 seconds 251.43982362747192
POP 1 503 99 0.06565897632520658 seconds 252.88562726974487
SAVE 1 best gates 28 loss 0.016374714294199705 seconds 253.23710012435913
POP 1 503 100 0.01637471429420012 seconds 253.9022364616394
POP 1 503 101 0.03217632465122402 seconds 255.98685359954834
POP 1 503 102 0.05311296057425201 seconds 258.25031089782715
POP 1 503 103 0.022204700072889688 seconds 260.2799701690674
POP 1 503 104 0.039412800534981106 seconds 263.98333382606506
POP 1 503 105 0.044022324087487734 seconds 268.25639820098877
POP 1 503 106 0.07846472034357951 seconds 273.3757293224335
SAVE 1 best gates 28 loss 0.014723395744395218 seconds 277.2880792617798
POP 1 503 107 0.014723395744397 seconds 277.91217613220215
POP 1 503 108 0.034764895500906466 seconds 281.0462508201599
POP 1 503 109 0.025543226812398952 seconds 282.2015845775604
POP 1 503 110 0.014723395744397008 seconds 283.7668945789337
POP 1 503 111 0.04991010455791391 seconds 286.2707839012146
POP 1 503 112 0.017247185454873408 seconds 287.82010412216187
POP 1 503 113 0.019031623102426717 seconds 289.690554857254
POP 1 503 114 0.04078141460385363 seconds 292.8388993740082
SAVE 1 best gates 28 loss 0.01465254379651758 seconds 292.98883509635925
POP 1 503 115 0.014652543796520487 seconds 293.65511083602905
POP 1 503 116 0.01760854966956929 seconds 295.33069348335266
POP 1 503 117 0.0452072368843399 seconds 296.3876612186432
POP 1 503 118 0.03377551026087587 seconds 297.83364057540894
POP 1 503 119 0.016296347070543473 seconds 299.2366268634796
POP 1 503 120 0.0320389420014154 seconds 301.3684024810791
POP 1 503 121 0.03125328505873703 seconds 302.22496581077576
POP 1 503 122 0.02533856427733078 seconds 303.67748832702637
POP 1 503 123 0.042997863195339485 seconds 306.27918314933777
POP 1 503 124 0.01465254379652049 seconds 307.94016456604004
POP 1 503 125 0.026709197038551465 seconds 314.77178716659546
POP 1 503 126 0.047861138382122866 seconds 317.97132873535156
POP 1 503 127 0.020358619295571746 seconds 319.6660611629486
POP 1 503 128 0.014652543796520487 seconds 321.57968616485596
POP 1 503 129 0.04104462705517934 seconds 325.10411500930786
POP 1 503 130 0.014980294404478112 seconds 327.42787885665894
POP 1 503 131 0.01939430576284849 seconds 329.00023436546326
POP 1 503 132 0.04131932737125387 seconds 333.54338479042053
POP 1 503 133 0.014652543796520479 seconds 336.19578099250793
POP 1 503 134 0.014652543796518824 seconds 337.8454339504242
POP 1 503 135 0.04690830005650603 seconds 340.37375497817993
POP 1 503 136 0.031862035668756214 seconds 342.4950933456421
POP 1 503 137 0.03543861490426384 seconds 345.6731541156769
POP 1 503 138 0.05617947620517912 seconds 347.5724756717682
POP 1 503 139 0.016213792187655278 seconds 349.2658278942108
POP 1 503 140 0.014652543796520494 seconds 350.0870749950409
POP 1 503 141 0.06181272256458041 seconds 351.19736194610596
POP 1 503 142 0.014652543796520484 seconds 353.639014005661
POP 1 503 143 0.015686511005358846 seconds 355.2943136692047
POP 1 503 144 0.043093152550522665 seconds 358.099312543869
POP 1 503 145 0.014652543796518829 seconds 359.25652170181274
POP 1 503 146 0.014652543796520485 seconds 360.6247093677521
POP 1 503 147 0.04943807956270716 seconds 363.02077651023865
POP 1 503 148 0.024452599314361927 seconds 365.3435049057007
POP 1 503 149 0.016308986583152076 seconds 366.40673446655273
POP 1 503 150 0.049235203278746136 seconds 368.78534507751465
POP 1 503 151 0.014652543796518825 seconds 369.9569330215454
POP 1 503 152 0.019394305762848493 seconds 372.575825214386
POP 1 503 153 0.038327625542674826 seconds 375.2699022293091
POP 1 503 154 0.01465254379652049 seconds 377.5950434207916
POP 1 503 155 0.053260824018725894 seconds 380.44411993026733
POP 1 503 156 0.04617228346266785 seconds 382.15923261642456
POP 1 503 157 0.03685447519667414 seconds 384.09874176979065
POP 1 503 158 0.014652543796520482 seconds 385.84498167037964
POP 1 503 159 0.043512721807006965 seconds 390.1217248439789
POP 1 503 160 0.014652543796520485 seconds 391.09151673316956
POP 1 503 161 0.017072375228121574 seconds 392.25429797172546
POP 1 503 162 0.04069921135551424 seconds 394.8058285713196
POP 1 503 163 0.01465254379652049 seconds 396.911164522171
POP 1 503 164 0.015039474393583038 seconds 397.8347816467285
POP 1 503 165 0.04549239862174431 seconds 399.42497396469116
POP 1 503 166 0.030851501043563156 seconds 401.7778687477112
POP 1 503 167 0.014652543796518825 seconds 402.6353757381439
POP 1 503 168 0.035251454297702725 seconds 405.7860097885132
POP 1 503 169 0.019416948034656344 seconds 406.87328338623047
POP 1 503 170 0.02004975610488986 seconds 408.84756660461426
POP 1 503 171 0.03829453574854451 seconds 411.4284682273865
POP 1 503 172 0.04664484723351201 seconds 414.59917163848877
POP 1 503 173 0.020306283630704053 seconds 416.37871980667114
POP 1 503 174 0.047027117036743435 seconds 419.4789810180664
POP 1 503 175 0.015690883867868707 seconds 421.25275111198425
POP 1 503 176 0.03212532971169395 seconds 425.3890571594238
POP 1 503 177 0.058481286658208655 seconds 427.9906554222107
POP 1 503 178 0.014652543796520487 seconds 430.0905079841614
POP 1 503 179 0.048925859135772014 seconds 432.4273362159729
POP 1 503 180 0.038869424708856994 seconds 436.4571657180786
POP 1 503 181 0.03297442420467151 seconds 438.69720673561096
POP 1 503 182 0.01465254379652049 seconds 440.03101778030396
POP 1 503 183 0.041154639249862346 seconds 442.23632168769836
POP 1 503 184 0.014652543796518282 seconds 442.9161162376404
POP 1 503 185 0.014834439519661029 seconds 444.337509393692
POP 1 503 186 0.045988365513667445 seconds 446.7459123134613
POP 1 503 187 0.01465254379652049 seconds 448.2660415172577
POP 1 503 188 0.01465254379652049 seconds 449.8926422595978
POP 1 503 189 0.0505640236269804 seconds 450.5965700149536
POP 1 503 190 0.015367402523885776 seconds 451.964919090271
POP 1 503 191 0.017608549669569356 seconds 454.41579151153564
POP 1 503 192 0.0547792078775601 seconds 455.97235345840454
POP 1 503 193 0.014652543796517562 seconds 457.7236239910126
POP 1 503 194 0.015069010860707851 seconds 458.63754177093506
POP 1 503 195 0.04668905033611206 seconds 461.4406666755676
POP 1 503 196 0.020694953887633226 seconds 462.81938314437866
POP 1 503 197 0.014652543796520485 seconds 464.05213379859924
POP 1 503 198 0.05323002755763073 seconds 468.4550039768219
POP 1 503 199 0.015997102038938074 seconds 469.83244013786316
POP 1 503 200 0.028369198248474708 seconds 472.53915572166443
POP 1 503 201 0.0543946949544553 seconds 474.0604133605957
POP 1 503 202 0.02553951752526942 seconds 476.1278085708618
POP 1 503 203 0.029544389207353132 seconds 477.283180475235
POP 1 503 204 0.04940851130788486 seconds 478.34269881248474
POP 1 503 205 0.0180201253530674 seconds 479.893842458725
POP 1 503 206 0.014652543796525528 seconds 481.2963902950287
POP 1 503 207 0.05085125923300968 seconds 484.5225818157196
POP 1 503 208 0.016666537890579883 seconds 486.0577952861786
POP 1 503 209 0.016629717010131124 seconds 487.8007872104645
POP 1 503 210 0.04014795064500386 seconds 490.23790216445923
POP 1 503 211 0.020636677946243086 seconds 491.6283106803894
POP 1 503 212 0.014652543796528509 seconds 493.23447465896606
POP 1 503 213 0.05037191624181335 seconds 495.2197775840759
POP 1 503 214 0.014652543796518824 seconds 497.12263083457947
POP 1 503 215 0.019782281711383187 seconds 498.81799697875977
POP 1 503 216 0.04709152732572786 seconds 502.43985199928284
POP 1 503 217 0.0151795280757377 seconds 504.0852093696594
POP 1 503 218 0.01465254379652049 seconds 504.75736951828003
POP 1 503 219 0.03231812786431188 seconds 506.2113094329834
POP 1 503 220 0.015528120679757621 seconds 508.5153434276581
POP 1 503 221 0.01465254379652049 seconds 509.77401304244995
POP 1 503 222 0.031091959686783206 seconds 511.6072199344635
POP 1 503 223 0.015358098906392476 seconds 513.6083648204803
POP 1 503 224 0.030180703514756005 seconds 517.4990096092224
POP 1 503 225 0.04123277772756367 seconds 519.0909526348114
POP 1 503 226 0.03250953681074608 seconds 524.8456993103027
POP 1 503 227 0.016951548891017954 seconds 526.2108302116394
POP 1 503 228 0.04157275074384041 seconds 528.8806350231171
POP 1 503 229 0.020792337941977414 seconds 530.7472875118256
POP 1 503 230 0.02074934250871695 seconds 532.2110702991486
POP 1 503 231 0.041578802996286475 seconds 534.1969504356384
POP 1 503 232 0.016666537890579886 seconds 537.133323431015
POP 1 503 233 0.015367402523885963 seconds 539.2668461799622
POP 1 503 234 0.05066779069724797 seconds 540.5215694904327
POP 1 503 235 0.014652543796520494 seconds 542.0551371574402
POP 1 503 236 0.025914344898960936 seconds 543.5817837715149
POP 1 503 237 0.03250770102481652 seconds 547.8508589267731
POP 1 503 238 0.024621608436822585 seconds 554.9809029102325
POP 1 503 239 0.01771135901236512 seconds 556.3940031528473
POP 1 503 240 0.04753199417587555 seconds 558.9050569534302
POP 1 503 241 0.0168179970757143 seconds 560.1730637550354
POP 1 503 242 0.03664325091659816 seconds 561.7420263290405
POP 1 503 243 0.0423896032588278 seconds 563.4680836200714
POP 1 503 244 0.014652543796518822 seconds 565.5054025650024
POP 1 503 245 0.020519995751398172 seconds 566.6863374710083
POP 1 503 246 0.05718484555569673 seconds 568.564416885376
POP 1 503 247 0.01611184024572529 seconds 570.8820662498474
POP 1 503 248 0.015495401110367662 seconds 573.7653000354767
POP 1 503 249 0.04022920121686109 seconds 577.065850019455
POP 1 503 250 0.02695813733296773 seconds 578.8191161155701
POP 1 503 251 0.014652543796520492 seconds 581.6318624019623
POP 1 503 252 0.038790647464350576 seconds 583.7587294578552
POP 1 503 253 0.016675791488030528 seconds 585.1225199699402
POP 1 503 254 0.014652543796517599 seconds 588.3379063606262
POP 1 503 255 0.04036819475375531 seconds 590.5271379947662
POP 1 503 256 0.014652543796520489 seconds 592.3219456672668
POP 1 503 257 0.01465254379652049 seconds 593.8647704124451
POP 1 503 258 0.0583339245338338 seconds 599.0657098293304
POP 1 503 259 0.014652543796520487 seconds 601.5215435028076
POP 1 503 260 0.015367402523885448 seconds 603.0024194717407
POP 1 503 261 0.04489850014963408 seconds 605.1036369800568
POP 1 503 262 0.024292611869568284 seconds 606.4143376350403
POP 1 503 263 0.014834439519661893 seconds 611.4684731960297
POP 1 503 264 0.04343690666410083 seconds 615.165857553482
POP 1 503 265 0.017631523082666748 seconds 616.6141457557678
POP 1 503 266 0.016620938436490283 seconds 620.8992590904236
POP 1 503 267 0.05084856379839019 seconds 622.1941940784454
POP 1 503 268 0.030963579425948337 seconds 624.3493974208832
POP 1 503 269 0.014652543796520492 seconds 627.5674004554749
POP 1 503 270 0.05660479505586254 seconds 629.7708253860474
POP 1 503 271 0.06840846605131948 seconds 633.4944984912872
POP 1 503 272 0.016569749872840718 seconds 635.1970031261444
POP 1 503 273 0.05048699776899803 seconds 637.1840076446533
POP 1 503 274 0.04771015847274154 seconds 640.6807203292847
POP 1 503 275 0.018893673026526607 seconds 643.0787525177002
POP 1 503 276 0.041827386457378705 seconds 644.9528081417084
POP 1 503 277 0.018824681988608642 seconds 646.8043060302734
POP 1 503 278 0.020020240692304177 seconds 649.4551980495453
POP 1 503 279 0.06023781548870887 seconds 651.4042527675629
POP 1 503 280 0.027151181830451857 seconds 655.4731187820435
POP 1 503 281 0.014652543796520489 seconds 656.7897362709045
POP 1 503 282 0.035638667542560246 seconds 659.3151137828827
POP 1 503 283 0.018670367542132665 seconds 661.5116732120514
POP 1 503 284 0.01666653789057822 seconds 667.1840364933014
POP 1 503 285 0.049777527679887135 seconds 669.9376895427704
POP 1 503 286 0.025051210914459245 seconds 671.9855468273163
POP 1 503 287 0.015069010860707851 seconds 674.4827411174774
POP 1 503 288 0.0644662613886374 seconds 677.5401556491852
POP 1 503 289 0.01465254379652049 seconds 678.8259284496307
POP 1 503 290 0.03277796881142453 seconds 685.5028984546661
POP 1 503 291 0.0479745110963033 seconds 689.8332891464233
POP 1 503 292 0.014872317126057877 seconds 690.9236164093018
POP 1 503 293 0.04843458758516727 seconds 695.0268239974976
POP 1 503 294 0.06225827905471177 seconds 696.7468249797821
POP 1 503 295 0.023865766947421548 seconds 697.9185590744019
POP 1 503 296 0.021215428486315066 seconds 703.9501209259033
POP 1 503 297 0.04751223746360635 seconds 706.4753901958466
POP 1 503 298 0.024174884032219356 seconds 707.9126489162445
POP 1 503 299 0.016773106971616956 seconds 710.0644247531891
POP 1 503 300 0.05669570787136574 seconds 712.9348564147949
POP 1 503 301 0.014834439519661891 seconds 714.8558232784271
POP 1 503 302 0.014652543796520494 seconds 717.06378865242
POP 1 503 303 0.05627570922449998 seconds 720.2098631858826
POP 1 503 304 0.014652543796518827 seconds 722.9410252571106
POP 1 503 305 0.018628842708649763 seconds 724.665182352066
POP 1 503 306 0.07432872974624605 seconds 726.1768097877502
POP 1 503 307 0.014859319679302206 seconds 726.9486253261566
POP 1 503 308 0.02257497200788063 seconds 728.7158763408661
POP 1 503 309 0.05979946029991606 seconds 729.6905364990234
POP 1 503 310 0.015243247176261156 seconds 731.3538014888763
POP 1 503 311 0.014652543796520492 seconds 733.1934251785278
POP 1 503 312 0.06665407873379271 seconds 735.2016000747681
POP 1 503 313 0.02018916703712601 seconds 736.7979073524475
POP 1 503 314 0.043210502645715874 seconds 740.9289436340332
POP 1 503 315 0.05853743688109218 seconds 742.8548274040222
POP 1 503 316 0.01465254379652049 seconds 743.7235088348389
POP 1 503 317 0.022751515229598757 seconds 745.9090845584869
POP 1 503 318 0.04883455866801946 seconds 749.1697165966034
POP 1 503 319 0.018577664171948876 seconds 751.1779854297638
POP 1 503 320 0.026165474569088954 seconds 753.7188773155212
POP 1 503 321 0.05368363789827601 seconds 756.4705934524536
POP 1 503 322 0.01465254379652049 seconds 758.8555443286896
POP 1 503 323 0.014652543796520477 seconds 761.2762191295624
POP 1 503 324 0.03953307201369817 seconds 762.6529607772827
POP 1 503 325 0.014652543796520489 seconds 764.1730148792267
POP 1 503 326 0.01857382295961863 seconds 765.6285107135773
POP 1 503 327 0.04446763740672403 seconds 768.7637224197388
POP 1 503 328 0.015579743172634906 seconds 770.1240651607513
POP 1 503 329 0.03129595914930495 seconds 772.9991612434387
POP 1 503 330 0.03308694587721565 seconds 775.3176174163818
POP 1 503 331 0.019115023199782782 seconds 776.7549719810486
POP 1 503 332 0.029498329368752862 seconds 778.0053043365479
POP 1 503 333 0.0540525642542177 seconds 779.5762023925781
POP 1 503 334 0.014652543796520484 seconds 780.7571904659271
POP 1 503 335 0.02022588202593431 seconds 782.5763614177704
POP 1 503 336 0.036237587751831744 seconds 787.1682386398315
POP 1 503 337 0.02279377845938331 seconds 791.1657671928406
POP 1 503 338 0.033359998708853755 seconds 795.5023336410522
POP 1 503 339 0.04279552885318437 seconds 799.3414776325226
POP 1 503 340 0.014652543796518825 seconds 802.02978348732
POP 1 503 341 0.053992426314689854 seconds 806.6711041927338
POP 1 503 342 0.0472837275563852 seconds 810.1948370933533
POP 1 503 343 0.014652543796520487 seconds 811.1799399852753
POP 1 503 344 0.03398294406669967 seconds 813.4544413089752
POP 1 503 345 0.04415648224094876 seconds 815.840870141983
POP 1 503 346 0.032929161072401 seconds 817.8731400966644
POP 1 503 347 0.02652723540038538 seconds 823.4270114898682
POP 1 503 348 0.040603235194759675 seconds 826.7288317680359
POP 1 503 349 0.01618339564050832 seconds 829.0197579860687
POP 1 503 350 0.035147470468082524 seconds 830.9453594684601
POP 1 503 351 0.06713568456688207 seconds 833.1440892219543
POP 1 503 352 0.049643331618895184 seconds 837.1911566257477
POP 1 503 353 0.01764721945802868 seconds 840.3248438835144
POP 1 503 354 0.05899876254690305 seconds 841.640545129776
POP 1 503 355 0.014652543796520492 seconds 843.4198393821716
POP 1 503 356 0.020487528831897497 seconds 845.2297835350037
POP 1 503 357 0.046213027656770114 seconds 847.8571648597717
POP 1 503 358 0.014652543796520489 seconds 849.1005399227142
POP 1 503 359 0.01952537523619847 seconds 850.5150887966156
POP 1 503 360 0.04071930040130768 seconds 852.1917707920074
POP 1 503 361 0.024152885619064913 seconds 853.6971921920776
POP 1 503 362 0.03404397499754918 seconds 855.3409271240234
POP 1 503 363 0.05477980477437733 seconds 857.1571750640869
POP 1 503 364 0.014859319679302199 seconds 858.1104784011841
POP 1 503 365 0.016577380318129876 seconds 860.7735681533813
POP 1 503 366 0.048049864520040446 seconds 863.549286365509
POP 1 503 367 0.023311545438802282 seconds 867.3485188484192
POP 1 503 368 0.02928273704134325 seconds 870.9550964832306
POP 1 503 369 0.05080511133917375 seconds 873.3744642734528
POP 1 503 370 0.01465254379652049 seconds 874.5509860515594
POP 1 503 371 0.014652543796520489 seconds 875.4436001777649
POP 1 503 372 0.04295292029745112 seconds 877.9288074970245
POP 1 503 373 0.020318266922295176 seconds 879.6858284473419
POP 1 503 374 0.014652543796518277 seconds 881.2015738487244
POP 1 503 375 0.0470496127109715 seconds 883.6767146587372
POP 1 503 376 0.01804251678928096 seconds 885.0164043903351
POP 1 503 377 0.02044241780572745 seconds 886.221771478653
POP 1 503 378 0.05685446419822863 seconds 888.5311987400055
POP 1 503 379 0.014652543796521159 seconds 890.2459387779236
POP 1 503 380 0.020761030185063298 seconds 891.4471757411957
POP 1 503 381 0.06373685872885748 seconds 892.4923396110535
POP 1 503 382 0.03979872301286672 seconds 894.5633912086487
POP 1 503 383 0.014834439519661893 seconds 895.6594076156616
POP 1 503 384 0.04893827302395363 seconds 896.7284536361694
POP 1 503 385 0.01557974317263482 seconds 897.9217658042908
POP 1 503 386 0.016590144303415398 seconds 899.2890491485596
POP 1 503 387 0.04248812695918387 seconds 902.4145271778107
POP 1 503 388 0.02695175437106206 seconds 904.862744808197
POP 1 503 389 0.014834439519662863 seconds 906.4692902565002
POP 1 503 390 0.04368557243589781 seconds 910.0336558818817
POP 1 503 391 0.014652543796520489 seconds 911.3707706928253
POP 1 503 392 0.020439327763144895 seconds 913.2092976570129
POP 1 503 393 0.0539064364970328 seconds 915.5852012634277
POP 1 503 394 0.01857382295962217 seconds 916.7782258987427
POP 1 503 395 0.016817997075714308 seconds 918.3250370025635
POP 1 503 396 0.041025009616438526 seconds 920.4889452457428
POP 1 503 397 0.02181256987914907 seconds 922.0864419937134
POP 1 503 398 0.01557974317263491 seconds 923.190212726593
POP 1 503 399 0.04706326417091482 seconds 925.2293648719788
POP 1 503 400 0.05254165481208497 seconds 929.5098679065704
POP 1 503 401 0.014652543796520484 seconds 930.7086777687073
POP 1 503 402 0.044768152548585106 seconds 934.1974744796753
POP 1 503 403 0.02855688081523916 seconds 935.8196156024933
POP 1 503 404 0.039984907601789854 seconds 937.3114995956421
POP 1 503 405 0.04735660923969532 seconds 939.4368433952332
POP 1 503 406 0.015609574262371828 seconds 940.8770680427551
POP 1 503 407 0.014834439519661034 seconds 941.807963848114
POP 1 503 408 0.034984437818907754 seconds 948.411453962326
POP 1 503 409 0.02948188601015333 seconds 951.3979060649872
POP 1 503 410 0.025938494786907556 seconds 953.7215218544006
POP 1 503 411 0.03281558290047382 seconds 957.4362757205963
POP 1 503 412 0.021307678066608535 seconds 959.3400571346283
POP 1 503 413 0.033461314305910934 seconds 961.0541059970856
POP 1 503 414 0.047458546806527196 seconds 964.0916087627411
POP 1 503 415 0.035145561429799986 seconds 967.8245294094086
POP 1 503 416 0.06529290571663171 seconds 970.5360746383667
POP 1 503 417 0.04214475815093425 seconds 973.5925450325012
POP 1 503 418 0.058080032404320844 seconds 976.4671490192413
POP 1 503 419 0.030853038388759864 seconds 978.5681574344635
POP 1 503 420 0.045897377242629656 seconds 980.0012946128845
POP 1 503 421 0.014652543796520485 seconds 981.1370415687561
POP 1 503 422 0.014652543796518827 seconds 983.7288308143616
POP 1 503 423 0.041058514991947924 seconds 986.223069190979
POP 1 503 424 0.015040893133900644 seconds 987.4266791343689
POP 1 503 425 0.014652543796520484 seconds 988.5144634246826
POP 1 503 426 0.06115772254584765 seconds 989.8003373146057
POP 1 503 427 0.0394086090802412 seconds 992.3264837265015
POP 1 503 428 0.018243858933482977 seconds 993.999621629715
POP 1 503 429 0.04910202239602916 seconds 996.200199842453
POP 1 503 430 0.01549540111037298 seconds 997.6759645938873
POP 1 503 431 0.015367402523885954 seconds 999.1337151527405
POP 1 503 432 0.05348824860242834 seconds 1000.7472252845764
POP 1 503 433 0.07229898654250158 seconds 1003.4332768917084
POP 1 503 434 0.015666463768416496 seconds 1007.138787984848
POP 1 503 435 0.04652275210004771 seconds 1009.8800837993622
POP 1 503 436 0.014652543796520489 seconds 1011.5565025806427
POP 1 503 437 0.034603775537344124 seconds 1013.863273859024
POP 1 503 438 0.045337591345868566 seconds 1017.0745053291321
POP 1 503 439 0.026541643486511238 seconds 1018.456912279129
POP 1 503 440 0.015358098906392477 seconds 1020.7179601192474
POP 1 503 441 0.048944815607466 seconds 1026.1221673488617
POP 1 503 442 0.018901394438047652 seconds 1028.5101125240326
POP 1 503 443 0.06155367530717523 seconds 1030.4675464630127
POP 1 503 444 0.04487787698749933 seconds 1031.7513408660889
POP 1 503 445 0.02097941295814535 seconds 1033.8918075561523
POP 1 503 446 0.021723533990031872 seconds 1035.3493344783783
POP 1 503 447 0.06268496514377433 seconds 1037.6483969688416
POP 1 503 448 0.01465254379652049 seconds 1039.3198099136353
POP 1 503 449 0.01963078819715173 seconds 1042.1590421199799
POP 1 503 450 0.05676491031415828 seconds 1044.4756424427032
POP 1 503 451 0.016111840245725293 seconds 1049.0193581581116
POP 1 503 452 0.015640259062066498 seconds 1051.1268417835236
POP 1 503 453 0.05075553025815733 seconds 1052.1567747592926
POP 1 503 454 0.034643685376875066 seconds 1055.3497898578644
POP 1 503 455 0.02830364471825361 seconds 1057.2078487873077
POP 1 503 456 0.04270558031675938 seconds 1059.0022068023682
POP 1 503 457 0.014652543796518714 seconds 1060.673469543457
POP 1 503 458 0.06948164811425245 seconds 1064.0772511959076
POP 1 503 459 0.049547528837205104 seconds 1065.9624214172363
POP 1 503 460 0.014652543796520494 seconds 1067.5083498954773
POP 1 503 461 0.014652543796518829 seconds 1069.1232869625092
POP 1 503 462 0.04340884333264901 seconds 1072.6510229110718
POP 1 503 463 0.018884908231561838 seconds 1075.3505256175995
POP 1 503 464 0.016039203863622994 seconds 1076.551812171936
POP 1 503 465 0.03768490802147601 seconds 1079.08660030365
POP 1 503 466 0.015579743172636877 seconds 1081.1762976646423
POP 1 503 467 0.014652543796520498 seconds 1083.5067338943481
POP 1 503 468 0.05166439600380454 seconds 1085.4840462207794
POP 1 503 469 0.01666653789058017 seconds 1087.0280930995941
POP 1 503 470 0.014652543796520487 seconds 1089.1165082454681
POP 1 503 471 0.045143359917215145 seconds 1091.4559738636017
POP 1 503 472 0.018213457720530436 seconds 1093.560399055481
POP 1 503 473 0.017791347711167353 seconds 1094.703450679779
POP 1 503 474 0.05437106785533903 seconds 1096.8650479316711
POP 1 503 475 0.04576165074311658 seconds 1099.9113516807556
POP 1 503 476 0.032829788412591064 seconds 1103.5239231586456
POP 1 503 477 0.05590408238217425 seconds 1104.6939766407013
POP 1 503 478 0.04317805650614662 seconds 1108.2513616085052
POP 1 503 479 0.017653336995973986 seconds 1110.627878665924
POP 1 503 480 0.044928497451144224 seconds 1113.1812827587128
POP 1 503 481 0.014652543796520489 seconds 1114.9619326591492
POP 1 503 482 0.014652543796520489 seconds 1115.8134093284607
POP 1 503 483 0.04490253636956466 seconds 1116.609876871109
POP 1 503 484 0.019380446714494348 seconds 1118.6295094490051
POP 1 503 485 0.016308986583155664 seconds 1120.965711593628
POP 1 503 486 0.05648431682831394 seconds 1122.8590183258057
POP 1 503 487 0.016666537890579054 seconds 1124.9979739189148
POP 1 503 488 0.09023216044375858 seconds 1127.4330718517303
POP 1 503 489 0.03804350429688534 seconds 1129.446255683899
POP 1 503 490 0.02004975610489265 seconds 1132.2033686637878
POP 1 503 491 0.014652543796520494 seconds 1134.38583278656
POP 1 503 492 0.04572488764469377 seconds 1136.7259631156921
POP 1 503 493 0.01671236699433582 seconds 1139.4784672260284
POP 1 503 494 0.016773106971607346 seconds 1141.4909830093384
POP 1 503 495 0.041050310753129496 seconds 1144.6205406188965
POP 1 503 496 0.026472704522357535 seconds 1147.3240225315094
POP 1 503 497 0.030313242209322574 seconds 1149.9010796546936
POP 1 503 498 0.04821870452169193 seconds 1153.7457127571106
POP 1 503 499 0.03716343375949719 seconds 1158.820823431015
POP 1 503 500 0.017255562155749714 seconds 1161.7196161746979
POP 1 503 501 0.044658854490846146 seconds 1164.725626707077
POP 1 503 502 0.014980294404479467 seconds 1167.2811696529388
POP 1 503 503 0.01503947439358303 seconds 1170.1559913158417
POP 1 503 504 0.04397009737381791 seconds 1172.6116080284119
POP 1 503 505 0.014652543796520485 seconds 1173.4950649738312
POP 1 503 506 0.014652543796518824 seconds 1174.4042932987213
POP 1 503 507 0.04747501638094578 seconds 1175.5030164718628
