REVERSE 2 703 0 0.022440160634637694 basis 24 time 3.960606098175049
REVERSE 2 703 1 0.03456852146374646 basis 60 time 5.54615330696106
REVERSE 2 703 2 0.032911501409703024 basis 73 time 9.455970287322998
REVERSE 2 703 3 0.03747122873873329 basis 43 time 12.913504838943481
REVERSE 2 703 4 0.03295673350440185 basis 9 time 15.502300262451172
REVERSE 2 703 5 0.05296153314225878 basis 73 time 17.786657333374023
REVERSE 2 703 6 0.037099970663520124 basis 24 time 20.61632466316223
REVERSE 2 703 7 0.042170985936316525 basis 3 time 23.77784276008606
REVERSE 2 703 8 0.03747122873873329 basis 43 time 28.04122304916382
REVERSE 2 703 9 0.03962378483820663 basis 43 time 31.3156099319458
REVERSE 2 703 10 0.038327411157771635 basis 3 time 34.37465715408325
REVERSE 2 703 11 0.04695756810652813 basis 43 time 37.338889837265015
REVERSE 2 703 12 0.030662768107745566 basis 73 time 42.15858006477356
REVERSE 2 703 13 0.030809995185400126 basis 0 time 44.67788290977478
REVERSE 2 703 14 0.05004724791716038 basis 73 time 48.89446020126343
REVERSE 2 703 15 0.039022078686112835 basis 31 time 51.397420167922974
REVERSE 2 703 16 0.032804944486534336 basis 0 time 52.72299361228943
REVERSE 2 703 17 0.04628643631865248 basis 73 time 55.354156255722046
REVERSE 2 703 18 0.04927858499842211 basis 43 time 59.249547243118286
REVERSE 2 703 19 0.0266257520159964 basis 0 time 62.87514138221741
REVERSE 2 703 20 0.05159440213186764 basis 73 time 65.15731000900269
REVERSE 2 703 21 0.04139101111998514 basis 73 time 68.15263438224792
REVERSE 2 703 22 0.026997565408866303 basis 36 time 70.53809523582458
REVERSE 2 703 23 0.03362126808449076 basis 63 time 73.40070796012878
REVERSE 2 703 24 0.05533258855646093 basis 73 time 77.72826433181763
REVERSE 2 703 25 0.038327411157771635 basis 3 time 81.12917423248291
REVERSE 2 703 26 0.04601251933758451 basis 43 time 85.10620379447937
REVERSE 2 703 27 0.038504292555200534 basis 73 time 88.9923574924469
REVERSE 2 703 28 0.033991078699428884 basis 0 time 91.58020091056824
REVERSE 2 703 29 0.031119663521185618 basis 61 time 93.89768719673157
REVERSE 2 703 30 0.042214480304858255 basis 43 time 95.65349745750427
REVERSE 2 703 31 0.02469104672162896 basis 5 time 99.72052669525146
REVERSE 2 703 32 0.04139101111998514 basis 73 time 106.39893078804016
REVERSE 2 703 33 0.02198797626122853 basis 14 time 112.07319712638855
REVERSE 2 703 34 0.0368440136953826 basis 0 time 116.50962018966675
REVERSE 2 703 35 0.043355357185561536 basis 73 time 128.7318434715271
REVERSE 2 703 36 0.062110514739521845 basis 33 time 131.31230688095093
REVERSE 2 703 37 0.026598162148818244 basis 0 time 133.95365166664124
REVERSE 2 703 38 0.03302424575775716 basis 24 time 136.73267889022827
REVERSE 2 703 39 0.046154391681866844 basis 73 time 139.39420366287231
REVERSE 2 703 40 0.0370997051396931 basis 12 time 142.92274284362793
REVERSE 2 703 41 0.055332588556460956 basis 73 time 145.62744092941284
REVERSE 2 703 42 0.04591088310878034 basis 31 time 148.42513990402222
REVERSE 2 703 43 0.030044848129033762 basis 60 time 151.2241039276123
REVERSE 2 703 44 0.037471228738733306 basis 43 time 154.75903868675232
REVERSE 2 703 45 0.03361203451396318 basis 11 time 158.1889774799347
REVERSE 2 703 46 0.03198832064508839 basis 1 time 161.22535514831543
REVERSE 2 703 47 0.065354422280684 basis 73 time 163.1795928478241
REVERSE 2 703 48 0.022338019393838834 basis 31 time 166.64394760131836
REVERSE 2 703 49 0.03568830238721325 basis 18 time 168.14413261413574
REVERSE 2 703 50 0.060721936661652445 basis 73 time 172.37247967720032
REVERSE 2 703 51 0.028668378537553187 basis 38 time 178.4449429512024
REVERSE 2 703 52 0.06228880885888796 basis 62 time 181.09983491897583
REVERSE 2 703 53 0.06306019105919866 basis 73 time 182.71558833122253
REVERSE 2 703 54 0.06286895754670407 basis 73 time 187.03412413597107
REVERSE 2 703 55 0.019478311394637862 basis 0 time 193.07790803909302
REVERSE 2 703 56 0.046154391681866844 basis 73 time 195.45888233184814
REVERSE 2 703 57 0.05286141142519756 basis 43 time 198.83719897270203
REVERSE 2 703 58 0.04842291298382573 basis 22 time 202.57859086990356
REVERSE 2 703 59 0.03931547418444239 basis 73 time 205.80030703544617
REVERSE 2 703 60 0.046177126609318365 basis 73 time 209.5245819091797
REVERSE 2 703 61 0.02962974565370968 basis 0 time 213.36985635757446
REVERSE 2 703 62 0.03984551820066103 basis 73 time 217.5318899154663
REVERSE 2 703 63 0.052572812915691096 basis 43 time 224.97036218643188
REVERSE 2 703 64 0.03461537991584684 basis 36 time 228.937157869339
REVERSE 2 703 65 0.04097551703509219 basis 73 time 230.98854637145996
REVERSE 2 703 66 0.06306019105919866 basis 73 time 233.168381690979
REVERSE 2 703 67 0.03471212975017378 basis 61 time 235.69366002082825
REVERSE 2 703 68 0.03977697835677034 basis 73 time 240.22153067588806
REVERSE 2 703 69 0.04723587622479265 basis 63 time 242.27048587799072
REVERSE 2 703 70 0.02542611023021872 basis 3 time 244.81488847732544
REVERSE 2 703 71 0.04075976476269055 basis 73 time 247.77980828285217
REVERSE 2 703 72 0.04071291797626812 basis 73 time 252.48906421661377
REVERSE 2 703 73 0.02852642751784072 basis 5 time 255.57481217384338
REVERSE 2 703 74 0.04374008175431576 basis 31 time 258.5920386314392
REVERSE 2 703 75 0.05113891272817793 basis 43 time 262.0029282569885
REVERSE 2 703 76 0.0324781664809446 basis 61 time 263.8039789199829
REVERSE 2 703 77 0.065354422280684 basis 73 time 267.97175002098083
REVERSE 2 703 78 0.04455539030991277 basis 73 time 271.9036111831665
REVERSE 2 703 79 0.03785522895267932 basis 3 time 273.2019054889679
REVERSE 2 703 80 0.04695756810652813 basis 43 time 276.2254967689514
REVERSE 2 703 81 0.061050377392508084 basis 73 time 279.1396975517273
REVERSE 2 703 82 0.0259779033876587 basis 3 time 281.2616045475006
REVERSE 2 703 83 0.043366234162835096 basis 73 time 284.35733795166016
REVERSE 2 703 84 0.04939448496553806 basis 24 time 286.9818186759949
REVERSE 2 703 85 0.0178812134327116 basis 0 time 291.8703532218933
REVERSE 2 703 86 0.03873733816676064 basis 73 time 295.05161213874817
REVERSE 2 703 87 0.032911501409703024 basis 73 time 301.8716244697571
REVERSE 2 703 88 0.042961587880620704 basis 5 time 305.8149502277374
REVERSE 2 703 89 0.03931547418444239 basis 73 time 308.36363887786865
REVERSE 2 703 90 0.039022078686112835 basis 31 time 310.5270981788635
REVERSE 2 703 91 0.02138072326153841 basis 0 time 313.0655176639557
REVERSE 2 703 92 0.04071291797626813 basis 73 time 318.9441397190094
REVERSE 2 703 93 0.05872863347077556 basis 73 time 320.1792812347412
REVERSE 2 703 94 0.037809051476813904 basis 36 time 321.52678203582764
REVERSE 2 703 95 0.022440160634637694 basis 24 time 324.96094274520874
REVERSE 2 703 96 0.04256098330475873 basis 24 time 327.3366847038269
REVERSE 2 703 97 0.02853567113270427 basis 0 time 331.20612597465515
REVERSE 2 703 98 0.04625830127859836 basis 73 time 333.6657121181488
REVERSE 2 703 99 0.05729531793277819 basis 73 time 336.0926938056946
REVERSE 2 703 100 0.02466761279336318 basis 60 time 340.52638602256775
REVERSE 2 703 101 0.04869608602661263 basis 43 time 343.02757239341736
REVERSE 2 703 102 0.05113891272817793 basis 43 time 346.3285150527954
REVERSE 2 703 103 0.0337760054307414 basis 5 time 347.3311769962311
REVERSE 2 703 104 0.049530902907162964 basis 73 time 351.38518953323364
REVERSE 2 703 105 0.04591088310876889 basis 31 time 353.95187878608704
REVERSE 2 703 106 0.029748029626762634 basis 36 time 356.0481560230255
REVERSE 2 703 107 0.06535442228068401 basis 73 time 358.0724377632141
REVERSE 2 703 108 0.06535442228068401 basis 73 time 360.0938687324524
REVERSE 2 703 109 0.023465379718921247 basis 0 time 361.50858759880066
REVERSE 2 703 110 0.03889881188941373 basis 73 time 363.9452226161957
REVERSE 2 703 111 0.05286664364120127 basis 73 time 366.5801477432251
REVERSE 2 703 112 0.02882361605223183 basis 5 time 370.52144622802734
REVERSE 2 703 113 0.038483842859389585 basis 73 time 373.7013449668884
REVERSE 2 703 114 0.05111058164263848 basis 73 time 377.28918838500977
REVERSE 2 703 115 0.048156172038053356 basis 20 time 379.00983715057373
REVERSE 2 703 116 0.05433165667261482 basis 61 time 383.43494415283203
REVERSE 2 703 117 0.04628643631865246 basis 73 time 387.2477777004242
REVERSE 2 703 118 0.02236035013082724 basis 9 time 390.6747019290924
REVERSE 2 703 119 0.04628643631865248 basis 73 time 393.42496609687805
REVERSE 2 703 120 0.03446061948357662 basis 73 time 398.44253182411194
REVERSE 2 703 121 0.0337760054307414 basis 5 time 399.3322813510895
REVERSE 2 703 122 0.05499767691400459 basis 73 time 405.82668018341064
REVERSE 2 703 123 0.04591088310876889 basis 31 time 412.4580194950104
REVERSE 2 703 124 0.03768293317779557 basis 18 time 415.9625880718231
REVERSE 2 703 125 0.049427072898727616 basis 73 time 419.6563653945923
REVERSE 2 703 126 0.05111058164263848 basis 73 time 424.860812664032
REVERSE 2 703 127 0.030249362914146857 basis 0 time 431.2427771091461
REVERSE 2 703 128 0.03743937709782947 basis 73 time 434.3172001838684
REVERSE 2 703 129 0.029532211743525084 basis 73 time 443.3415641784668
REVERSE 2 703 130 0.0324781664809446 basis 61 time 445.3941926956177
REVERSE 2 703 131 0.04173611143575608 basis 73 time 449.2407908439636
REVERSE 2 703 132 0.043366234162835096 basis 73 time 454.76245498657227
REVERSE 2 703 133 0.039612261577098885 basis 10 time 456.04431104660034
REVERSE 2 703 134 0.05286141142519756 basis 43 time 458.32538080215454
REVERSE 2 703 135 0.055207888050019804 basis 73 time 463.4512209892273
REVERSE 2 703 136 0.04894279509342298 basis 27 time 466.48489713668823
REVERSE 2 703 137 0.031141507924804617 basis 24 time 470.5363323688507
REVERSE 2 703 138 0.061059577951358926 basis 24 time 472.973482131958
REVERSE 2 703 139 0.043498819866475795 basis 0 time 476.06378293037415
REVERSE 2 703 140 0.04487305736305558 basis 43 time 479.81900548934937
REVERSE 2 703 141 0.0420190693891892 basis 73 time 482.0442593097687
REVERSE 2 703 142 0.03108175870599603 basis 1 time 485.28758549690247
REVERSE 2 703 143 0.04256098330475873 basis 24 time 490.035519361496
REVERSE 2 703 144 0.03691359033860438 basis 31 time 494.16047072410583
REVERSE 2 703 145 0.0314951799756387 basis 18 time 496.1612527370453
REVERSE 2 703 146 0.03725365864873635 basis 24 time 499.6471481323242
REVERSE 2 703 147 0.03889881188941373 basis 73 time 503.32108879089355
REVERSE 2 703 148 0.021898327400340794 basis 3 time 505.85804986953735
REVERSE 2 703 149 0.05091585108575134 basis 73 time 509.28324818611145
REVERSE 2 703 150 0.05433165667261481 basis 61 time 511.5276050567627
REVERSE 2 703 151 0.02815082262930506 basis 0 time 515.7197391986847
REVERSE 2 703 152 0.043366234162835096 basis 73 time 523.3515350818634
REVERSE 2 703 153 0.05286664364120127 basis 73 time 528.7622857093811
REVERSE 2 703 154 0.026997565408866303 basis 36 time 531.852840423584
REVERSE 2 703 155 0.044797486010318736 basis 43 time 534.1518485546112
REVERSE 2 703 156 0.046154391681866844 basis 73 time 536.8414709568024
REVERSE 2 703 157 0.037691192446798194 basis 18 time 539.8784453868866
REVERSE 2 703 158 0.04015745635996868 basis 38 time 546.9395134449005
REVERSE 2 703 159 0.04410904180278262 basis 31 time 554.518890619278
REVERSE 2 703 160 0.022172674417064508 basis 3 time 559.3557803630829
REVERSE 2 703 161 0.03730452673466269 basis 33 time 563.39754986763
REVERSE 2 703 162 0.053405115200245296 basis 73 time 566.1523051261902
REVERSE 2 703 163 0.03199102370609841 basis 0 time 569.6250517368317
REVERSE 2 703 164 0.037471228738733306 basis 43 time 574.6042680740356
REVERSE 2 703 165 0.045301169831682996 basis 73 time 577.7433195114136
REVERSE 2 703 166 0.024564070078138742 basis 3 time 581.2599976062775
REVERSE 2 703 167 0.03263707493425691 basis 63 time 586.0356011390686
REVERSE 2 703 168 0.04686644873599717 basis 73 time 587.9879205226898
REVERSE 2 703 169 0.03081512257297636 basis 0 time 589.2855975627899
REVERSE 2 703 170 0.050260873798288704 basis 63 time 592.1592195034027
REVERSE 2 703 171 0.05286664364120127 basis 73 time 594.2908897399902
REVERSE 2 703 172 0.028937271497184273 basis 36 time 598.1128213405609
REVERSE 2 703 173 0.05663336434787021 basis 73 time 600.2996020317078
REVERSE 2 703 174 0.04514860190930048 basis 73 time 603.3136596679688
REVERSE 2 703 175 0.030206646839927753 basis 3 time 606.0842740535736
REVERSE 2 703 176 0.042371212199640094 basis 73 time 609.8955383300781
REVERSE 2 703 177 0.05665701127473158 basis 73 time 612.5990490913391
REVERSE 2 703 178 0.033991078699428884 basis 0 time 615.8643455505371
REVERSE 2 703 179 0.03203547139172769 basis 73 time 618.8182830810547
REVERSE 2 703 180 0.04139101111998514 basis 73 time 622.7929439544678
REVERSE 2 703 181 0.026997565408866303 basis 36 time 625.0532524585724
REVERSE 2 703 182 0.04246345621880031 basis 24 time 626.8713417053223
REVERSE 2 703 183 0.03142773977242976 basis 33 time 629.0625238418579
REVERSE 2 703 184 0.026598162148818244 basis 0 time 632.286463022232
REVERSE 2 703 185 0.03950577679367848 basis 73 time 636.7468082904816
REVERSE 2 703 186 0.046177126609318365 basis 73 time 641.6282005310059
REVERSE 2 703 187 0.018078267224292573 basis 0 time 643.7165887355804
REVERSE 2 703 188 0.0394779175792447 basis 33 time 649.1630926132202
REVERSE 2 703 189 0.06194857486690778 basis 73 time 652.714035987854
REVERSE 2 703 190 0.02941702661092593 basis 0 time 656.1095900535583
REVERSE 2 703 191 0.05649521589832164 basis 24 time 658.3797750473022
REVERSE 2 703 192 0.053718448467870085 basis 73 time 660.775931596756
REVERSE 2 703 193 0.04474862038842384 basis 60 time 663.2422099113464
REVERSE 2 703 194 0.055207888050019804 basis 73 time 667.3707027435303
REVERSE 2 703 195 0.04154512376244002 basis 33 time 672.3812098503113
REVERSE 2 703 196 0.03768293317779557 basis 18 time 675.3797914981842
REVERSE 2 703 197 0.061050377392508084 basis 73 time 679.9315354824066
REVERSE 2 703 198 0.04586031781571253 basis 73 time 685.7826044559479
REVERSE 2 703 199 0.02890312007082962 basis 3 time 687.0000991821289
REVERSE 2 703 200 0.05433165667261482 basis 61 time 688.4608266353607
REVERSE 2 703 201 0.06761191636310657 basis 73 time 690.874588727951
REVERSE 2 703 202 0.030135112682002082 basis 0 time 692.6120719909668
REVERSE 2 703 203 0.05533258855646093 basis 73 time 694.9658770561218
REVERSE 2 703 204 0.04528902677528387 basis 43 time 697.0828359127045
REVERSE 2 703 205 0.03497848640199664 basis 18 time 703.2453405857086
REVERSE 2 703 206 0.03725365864873635 basis 24 time 707.1959009170532
REVERSE 2 703 207 0.05533258855646093 basis 73 time 709.6206843852997
REVERSE 2 703 208 0.030954519405477988 basis 9 time 713.5649001598358
REVERSE 2 703 209 0.05296153314225878 basis 73 time 715.4417591094971
REVERSE 2 703 210 0.055207888050019804 basis 73 time 720.382649898529
REVERSE 2 703 211 0.030809995185400126 basis 0 time 721.9898226261139
REVERSE 2 703 212 0.049530902907162964 basis 73 time 726.9022569656372
REVERSE 2 703 213 0.0508709675436986 basis 73 time 729.499293088913
REVERSE 2 703 214 0.02851354146902188 basis 18 time 732.0416843891144
REVERSE 2 703 215 0.05004724791716038 basis 73 time 737.4159619808197
REVERSE 2 703 216 0.04686003282681049 basis 73 time 740.7713363170624
REVERSE 2 703 217 0.032129581755639396 basis 60 time 744.1678698062897
REVERSE 2 703 218 0.03660120629522377 basis 73 time 747.1938171386719
REVERSE 2 703 219 0.049427072898727616 basis 73 time 750.0137133598328
REVERSE 2 703 220 0.02962974565370968 basis 0 time 753.5564160346985
REVERSE 2 703 221 0.032911501409703024 basis 73 time 757.7773139476776
REVERSE 2 703 222 0.046686611833055724 basis 61 time 759.8921270370483
REVERSE 2 703 223 0.028415761776865743 basis 9 time 762.6603574752808
REVERSE 2 703 224 0.04071291797626813 basis 73 time 766.4500548839569
REVERSE 2 703 225 0.052572812915691096 basis 43 time 769.3462700843811
REVERSE 2 703 226 0.04576851044293118 basis 48 time 774.7095386981964
REVERSE 2 703 227 0.02756596641492227 basis 24 time 777.2983958721161
REVERSE 2 703 228 0.04420505231400329 basis 73 time 782.2499759197235
REVERSE 2 703 229 0.02882361605223183 basis 5 time 786.4669861793518
REVERSE 2 703 230 0.049112268664151325 basis 33 time 789.258415222168
REVERSE 2 703 231 0.04658868839916462 basis 73 time 792.8085532188416
REVERSE 2 703 232 0.032998578803570225 basis 36 time 795.0640752315521
REVERSE 2 703 233 0.02756596641492227 basis 24 time 797.5930445194244
REVERSE 2 703 234 0.031119663521185618 basis 61 time 799.702469587326
REVERSE 2 703 235 0.0337760054307414 basis 5 time 800.5124650001526
REVERSE 2 703 236 0.047411523155683324 basis 31 time 803.4193933010101
REVERSE 2 703 237 0.04625830127859836 basis 73 time 806.0417289733887
REVERSE 2 703 238 0.023972059145937866 basis 3 time 808.0252735614777
REVERSE 2 703 239 0.03931547418444239 basis 73 time 811.1294665336609
REVERSE 2 703 240 0.05499767691400459 basis 73 time 815.8197612762451
REVERSE 2 703 241 0.03089549588393839 basis 0 time 818.6638894081116
REVERSE 2 703 242 0.04335535718556151 basis 73 time 823.1023471355438
REVERSE 2 703 243 0.05159440213186764 basis 73 time 825.9434731006622
REVERSE 2 703 244 0.03324836544951488 basis 3 time 828.9756536483765
REVERSE 2 703 245 0.061050377392508084 basis 73 time 832.5098712444305
REVERSE 2 703 246 0.04695756810652813 basis 43 time 836.0584602355957
REVERSE 2 703 247 0.044174096870491536 basis 3 time 838.1907484531403
REVERSE 2 703 248 0.05286141142519756 basis 43 time 840.8118906021118
REVERSE 2 703 249 0.041685178239369174 basis 73 time 845.4757571220398
REVERSE 2 703 250 0.039180313664901094 basis 61 time 848.0587756633759
REVERSE 2 703 251 0.04067768445737337 basis 73 time 850.5270137786865
REVERSE 2 703 252 0.03141335001684558 basis 73 time 853.8100452423096
REVERSE 2 703 253 0.028270955850764414 basis 60 time 856.0614290237427
REVERSE 2 703 254 0.031119663521185618 basis 61 time 860.2890672683716
REVERSE 2 703 255 0.060520534417542085 basis 73 time 863.9306859970093
REVERSE 2 703 256 0.03456852146374646 basis 60 time 865.614960193634
REVERSE 2 703 257 0.02198797626122853 basis 14 time 869.510612487793
REVERSE 2 703 258 0.03302424575775716 basis 24 time 872.5711846351624
REVERSE 2 703 259 0.044942015460606305 basis 60 time 874.3669557571411
REVERSE 2 703 260 0.050260873798288704 basis 63 time 876.452047586441
REVERSE 2 703 261 0.06306019105919866 basis 73 time 878.1747674942017
REVERSE 2 703 262 0.03697501610494146 basis 39 time 881.3979823589325
REVERSE 2 703 263 0.043366234162835096 basis 73 time 885.5757167339325
REVERSE 2 703 264 0.043443145797072744 basis 73 time 889.6364119052887
REVERSE 2 703 265 0.03220803539906643 basis 60 time 892.1116282939911
REVERSE 2 703 266 0.04487305736305558 basis 43 time 896.2283973693848
REVERSE 2 703 267 0.03747122873873329 basis 43 time 899.7064433097839
REVERSE 2 703 268 0.03766388883229342 basis 60 time 901.9223821163177
REVERSE 2 703 269 0.036735388185866774 basis 33 time 906.229914188385
REVERSE 2 703 270 0.05111058164263848 basis 73 time 910.9260609149933
REVERSE 2 703 271 0.02962974565370968 basis 0 time 915.1078541278839
REVERSE 2 703 272 0.03948501281189611 basis 73 time 918.7880668640137
REVERSE 2 703 273 0.05113891272817793 basis 43 time 921.6705386638641
REVERSE 2 703 274 0.028270955850764407 basis 60 time 924.3839204311371
REVERSE 2 703 275 0.06535442228068401 basis 73 time 926.9749042987823
REVERSE 2 703 276 0.022338019393838834 basis 31 time 930.6984140872955
REVERSE 2 703 277 0.03461537991584684 basis 36 time 933.0280590057373
REVERSE 2 703 278 0.061050377392508084 basis 73 time 936.7065227031708
REVERSE 2 703 279 0.04374008175431575 basis 31 time 939.0004289150238
REVERSE 2 703 280 0.03198832064508839 basis 1 time 942.9103226661682
REVERSE 2 703 281 0.05765683761509571 basis 43 time 946.2523627281189
REVERSE 2 703 282 0.05111058164263845 basis 73 time 949.7927167415619
REVERSE 2 703 283 0.043371282293659594 basis 24 time 953.1532196998596
REVERSE 2 703 284 0.05187031282537912 basis 73 time 955.7385129928589
REVERSE 2 703 285 0.05111058164263848 basis 73 time 960.0142550468445
REVERSE 2 703 286 0.032071740967216995 basis 20 time 964.5947253704071
REVERSE 2 703 287 0.05665701127473158 basis 73 time 966.6684052944183
REVERSE 2 703 288 0.0449032163261467 basis 33 time 969.0424122810364
REVERSE 2 703 289 0.028270955850764414 basis 60 time 971.0176827907562
REVERSE 2 703 290 0.050260873798288704 basis 63 time 973.714248418808
REVERSE 2 703 291 0.04335535718556151 basis 73 time 977.4400727748871
REVERSE 2 703 292 0.03768293317779557 basis 18 time 981.1810624599457
REVERSE 2 703 293 0.03141335001684558 basis 73 time 986.0710237026215
REVERSE 2 703 294 0.03199104125980641 basis 73 time 990.3886616230011
REVERSE 2 703 295 0.02218027671162672 basis 3 time 995.7458674907684
REVERSE 2 703 296 0.04410904180278262 basis 31 time 998.8546018600464
REVERSE 2 703 297 0.06004317407041548 basis 63 time 1000.106605052948
