REVERSE 0 701 0 0.10035080219882261 basis 92 time 2.381059408187866
REVERSE 0 701 1 0.08848488228126127 basis 52 time 4.385479688644409
REVERSE 0 701 2 0.0820097186260565 basis 74 time 6.635766983032227
REVERSE 0 701 3 0.10035080219882261 basis 92 time 8.64665937423706
REVERSE 0 701 4 0.09700402899573614 basis 4 time 11.036608457565308
REVERSE 0 701 5 0.08776511075278132 basis 92 time 15.156708002090454
REVERSE 0 701 6 0.08161046420387481 basis 95 time 17.6104154586792
REVERSE 0 701 7 0.08130786542253421 basis 64 time 18.163376569747925
REVERSE 0 701 8 0.10624748281549976 basis 95 time 19.80489444732666
REVERSE 0 701 9 0.0860466461761832 basis 95 time 20.75092339515686
REVERSE 0 701 10 0.1078275196399607 basis 43 time 22.094854593276978
REVERSE 0 701 11 0.08060978243685085 basis 55 time 23.57642674446106
REVERSE 0 701 12 0.09523092785063003 basis 92 time 26.330082178115845
REVERSE 0 701 13 0.08289285480693122 basis 16 time 28.177655458450317
REVERSE 0 701 14 0.0683107287368476 basis 82 time 30.158385276794434
REVERSE 0 701 15 0.08026018163529727 basis 95 time 32.54164481163025
REVERSE 0 701 16 0.08289285480693122 basis 16 time 33.87918448448181
REVERSE 0 701 17 0.0857282815484207 basis 21 time 36.008251428604126
REVERSE 0 701 18 0.09135328652335259 basis 92 time 38.33121728897095
REVERSE 0 701 19 0.063485434130889 basis 43 time 40.089844703674316
REVERSE 0 701 20 0.09432985338050363 basis 92 time 43.96335554122925
REVERSE 0 701 21 0.0991366795920082 basis 92 time 46.4013249874115
REVERSE 0 701 22 0.06554750026234994 basis 16 time 49.16665530204773
REVERSE 0 701 23 0.09588124313145448 basis 55 time 52.36597561836243
REVERSE 0 701 24 0.09353887573174206 basis 92 time 55.582547187805176
REVERSE 0 701 25 0.07300304482867552 basis 4 time 57.58884859085083
REVERSE 0 701 26 0.08926927080544104 basis 92 time 61.70195770263672
REVERSE 0 701 27 0.08572813857329052 basis 82 time 63.448516607284546
REVERSE 0 701 28 0.07160786969491487 basis 64 time 66.38800811767578
REVERSE 0 701 29 0.09031383255937649 basis 92 time 70.93844437599182
REVERSE 0 701 30 0.10001099778239397 basis 92 time 73.6765251159668
REVERSE 0 701 31 0.0898933299581963 basis 4 time 74.95883059501648
REVERSE 0 701 32 0.09591913692444567 basis 74 time 76.71860933303833
REVERSE 0 701 33 0.0860466461761832 basis 95 time 77.68395805358887
REVERSE 0 701 34 0.06927579934633273 basis 64 time 79.77494192123413
REVERSE 0 701 35 0.08708014900546072 basis 95 time 81.86772751808167
REVERSE 0 701 36 0.07475860477352038 basis 92 time 85.55668473243713
REVERSE 0 701 37 0.11117680849266018 basis 40 time 86.66260600090027
REVERSE 0 701 38 0.08889872722585282 basis 82 time 90.10455322265625
REVERSE 0 701 39 0.1182269945912526 basis 74 time 91.78851914405823
REVERSE 0 701 40 0.07166192763026641 basis 7 time 92.73775815963745
REVERSE 0 701 41 0.1182269945912526 basis 74 time 94.46078538894653
REVERSE 0 701 42 0.08926927080544104 basis 92 time 96.81732773780823
REVERSE 0 701 43 0.06648614471838239 basis 40 time 99.05239605903625
REVERSE 0 701 44 0.09710449304093792 basis 92 time 100.9201111793518
REVERSE 0 701 45 0.08009362116236243 basis 88 time 103.87708520889282
REVERSE 0 701 46 0.07604696155337129 basis 43 time 106.33059048652649
REVERSE 0 701 47 0.09091155961783551 basis 92 time 109.53980159759521
REVERSE 0 701 48 0.11886764552345347 basis 92 time 111.07060527801514
REVERSE 0 701 49 0.08572060573008272 basis 16 time 113.19203901290894
REVERSE 0 701 50 0.08161046420387479 basis 95 time 123.02781438827515
REVERSE 0 701 51 0.09218431622073543 basis 74 time 128.2144112586975
REVERSE 0 701 52 0.07604696155337129 basis 43 time 129.98691940307617
REVERSE 0 701 53 0.1091444631017121 basis 95 time 131.62174606323242
REVERSE 0 701 54 0.10861339109112136 basis 92 time 132.99433207511902
REVERSE 0 701 55 0.10501066622132425 basis 40 time 136.0658094882965
REVERSE 0 701 56 0.11054073004698219 basis 95 time 137.9325852394104
REVERSE 0 701 57 0.10235461800120232 basis 82 time 141.9393711090088
REVERSE 0 701 58 0.06657458534081943 basis 4 time 142.7725157737732
REVERSE 0 701 59 0.13550057733651236 basis 92 time 144.43904423713684
REVERSE 0 701 60 0.06568947223883702 basis 92 time 145.8960599899292
REVERSE 0 701 61 0.06540178753236722 basis 0 time 147.58296823501587
REVERSE 0 701 62 0.09254757382192853 basis 95 time 149.63787412643433
REVERSE 0 701 63 0.1091444631017121 basis 95 time 151.37114334106445
REVERSE 0 701 64 0.09113185867702801 basis 43 time 152.35949754714966
REVERSE 0 701 65 0.10907914791279719 basis 55 time 154.31311440467834
REVERSE 0 701 66 0.10736133292739249 basis 92 time 158.59755849838257
REVERSE 0 701 67 0.05736695104038272 basis 0 time 161.39915871620178
REVERSE 0 701 68 0.0846372575432337 basis 82 time 162.74217891693115
REVERSE 0 701 69 0.0684490826741099 basis 82 time 166.71271920204163
REVERSE 0 701 70 0.06568967050806701 basis 52 time 170.6911747455597
REVERSE 0 701 71 0.09517544826757424 basis 82 time 173.99684357643127
REVERSE 0 701 72 0.123393100281238 basis 92 time 175.91485691070557
REVERSE 0 701 73 0.06377822784654594 basis 52 time 177.58070635795593
REVERSE 0 701 74 0.10385748478515673 basis 55 time 179.9392340183258
REVERSE 0 701 75 0.1036997558267808 basis 55 time 182.70829796791077
REVERSE 0 701 76 0.09718609813913584 basis 4 time 183.72440481185913
REVERSE 0 701 77 0.0846372575432337 basis 82 time 184.94874453544617
REVERSE 0 701 78 0.1221503296356347 basis 92 time 186.33731198310852
REVERSE 0 701 79 0.094366164322698 basis 25 time 187.86646819114685
REVERSE 0 701 80 0.07475860477352038 basis 92 time 190.41078233718872
REVERSE 0 701 81 0.11131101141630631 basis 82 time 191.59652709960938
REVERSE 0 701 82 0.07887350340532794 basis 43 time 192.47660851478577
REVERSE 0 701 83 0.086233323847362 basis 92 time 195.110426902771
REVERSE 0 701 84 0.09132940155096317 basis 92 time 196.8167245388031
REVERSE 0 701 85 0.10311010250163025 basis 22 time 198.32862734794617
REVERSE 0 701 86 0.09534263658160799 basis 92 time 200.39684438705444
REVERSE 0 701 87 0.07817819463597131 basis 92 time 203.41280722618103
REVERSE 0 701 88 0.07029971838563592 basis 40 time 204.72453594207764
REVERSE 0 701 89 0.09353887573174206 basis 92 time 206.29034304618835
REVERSE 0 701 90 0.10952101336863368 basis 92 time 207.6209282875061
REVERSE 0 701 91 0.0943020583982525 basis 16 time 209.1512610912323
REVERSE 0 701 92 0.12637042095935724 basis 95 time 210.21041107177734
REVERSE 0 701 93 0.08594946607341448 basis 55 time 211.93680667877197
REVERSE 0 701 94 0.07145023924728704 basis 4 time 213.04109978675842
REVERSE 0 701 95 0.10733268614400747 basis 95 time 215.75619101524353
REVERSE 0 701 96 0.10682304676821934 basis 92 time 217.05533933639526
REVERSE 0 701 97 0.09623773826721063 basis 41 time 218.36206007003784
REVERSE 0 701 98 0.09261378702841899 basis 92 time 220.10251569747925
REVERSE 0 701 99 0.08572813857329052 basis 82 time 221.63612055778503
REVERSE 0 701 100 0.0847645707276827 basis 52 time 223.42655968666077
REVERSE 0 701 101 0.10385748478515673 basis 55 time 224.72825813293457
REVERSE 0 701 102 0.086233323847362 basis 92 time 226.86450862884521
REVERSE 0 701 103 0.07832401158596916 basis 4 time 228.40744733810425
REVERSE 0 701 104 0.09432985338050363 basis 92 time 231.35605430603027
REVERSE 0 701 105 0.0991366795920082 basis 92 time 235.1145737171173
REVERSE 0 701 106 0.09559609464420117 basis 22 time 236.24511313438416
REVERSE 0 701 107 0.1221503296356347 basis 92 time 237.62510991096497
REVERSE 0 701 108 0.1036997558267808 basis 55 time 240.514732837677
REVERSE 0 701 109 0.0906600488019065 basis 43 time 241.84561109542847
REVERSE 0 701 110 0.0908623130059013 basis 92 time 244.15861415863037
REVERSE 0 701 111 0.08161046420387479 basis 95 time 246.5474705696106
REVERSE 0 701 112 0.09233094747748107 basis 67 time 248.1382417678833
REVERSE 0 701 113 0.09710449304093793 basis 74 time 249.62924671173096
REVERSE 0 701 114 0.09960745642783975 basis 92 time 252.2440254688263
REVERSE 0 701 115 0.06736644469936977 basis 82 time 254.18432927131653
REVERSE 0 701 116 0.10907914791279719 basis 55 time 256.0327591896057
REVERSE 0 701 117 0.09719077037801549 basis 82 time 258.4402208328247
REVERSE 0 701 118 0.06841314626318629 basis 4 time 259.91819310188293
REVERSE 0 701 119 0.09710449304093796 basis 74 time 261.1247124671936
REVERSE 0 701 120 0.0820097186260565 basis 74 time 262.9712996482849
REVERSE 0 701 121 0.08224323872133908 basis 1 time 263.96090960502625
REVERSE 0 701 122 0.07398438018025591 basis 88 time 265.89499020576477
REVERSE 0 701 123 0.08015588320489136 basis 82 time 267.9142310619354
REVERSE 0 701 124 0.06445354865129341 basis 0 time 269.4298326969147
REVERSE 0 701 125 0.09123197273767439 basis 55 time 271.5050129890442
REVERSE 0 701 126 0.09960745642783975 basis 92 time 273.8276093006134
REVERSE 0 701 127 0.0847443426857335 basis 5 time 275.2216296195984
REVERSE 0 701 128 0.10001099778239397 basis 74 time 276.9977812767029
REVERSE 0 701 129 0.086233323847362 basis 92 time 278.84538888931274
REVERSE 0 701 130 0.10263362602833152 basis 4 time 280.11679124832153
REVERSE 0 701 131 0.11347627671768767 basis 55 time 282.2436754703522
REVERSE 0 701 132 0.08926927080544109 basis 74 time 284.2685945034027
REVERSE 0 701 133 0.1345970447629329 basis 5 time 286.3259906768799
REVERSE 0 701 134 0.10624748281549976 basis 95 time 296.11743927001953
REVERSE 0 701 135 0.0965044009296076 basis 14 time 302.2088487148285
REVERSE 0 701 136 0.08291129153522613 basis 5 time 303.52421021461487
REVERSE 0 701 137 0.09256244565741517 basis 74 time 311.61523175239563
REVERSE 0 701 138 0.09031383255937649 basis 92 time 314.1593325138092
REVERSE 0 701 139 0.08722731638180033 basis 1 time 315.2640860080719
REVERSE 0 701 140 0.08821413790422784 basis 92 time 317.0747060775757
REVERSE 0 701 141 0.10861339109112136 basis 92 time 318.4484820365906
REVERSE 0 701 142 0.08432413819510096 basis 7 time 320.01274132728577
REVERSE 0 701 143 0.10061153931002567 basis 74 time 321.9035029411316
REVERSE 0 701 144 0.09338303178820313 basis 92 time 323.2515881061554
REVERSE 0 701 145 0.08685533105107554 basis 10 time 324.2545609474182
REVERSE 0 701 146 0.10056168955422537 basis 95 time 326.1639049053192
REVERSE 0 701 147 0.10682304676821934 basis 92 time 327.79167795181274
REVERSE 0 701 148 0.1078275196399607 basis 43 time 329.44932532310486
REVERSE 0 701 149 0.12873477286293425 basis 55 time 331.08727192878723
REVERSE 0 701 150 0.0946368888153178 basis 74 time 333.45293951034546
REVERSE 0 701 151 0.09581471404345396 basis 43 time 335.06692814826965
REVERSE 0 701 152 0.1061464400715349 basis 92 time 336.43786811828613
REVERSE 0 701 153 0.10001099778239397 basis 74 time 338.31033992767334
REVERSE 0 701 154 0.0788563824983084 basis 7 time 340.2238566875458
REVERSE 0 701 155 0.08161046420387481 basis 95 time 342.3581395149231
REVERSE 0 701 156 0.09040432492391696 basis 92 time 347.7356581687927
REVERSE 0 701 157 0.09279918632679215 basis 5 time 348.84582471847534
REVERSE 0 701 158 0.0860466461761832 basis 95 time 349.69617462158203
REVERSE 0 701 159 0.09710449304093793 basis 74 time 350.78949308395386
REVERSE 0 701 160 0.07207121109929497 basis 4 time 351.8145179748535
REVERSE 0 701 161 0.09523092785063003 basis 92 time 353.2309229373932
REVERSE 0 701 162 0.09646180432461801 basis 95 time 356.7420496940613
REVERSE 0 701 163 0.09559609464420117 basis 22 time 357.69971537590027
REVERSE 0 701 164 0.09710449304093796 basis 74 time 358.7118420600891
REVERSE 0 701 165 0.13550057733651236 basis 92 time 360.21658873558044
REVERSE 0 701 166 0.08006311220391187 basis 64 time 361.4659860134125
REVERSE 0 701 167 0.09135328652335259 basis 92 time 364.8895797729492
REVERSE 0 701 168 0.0684490826741099 basis 82 time 366.83574533462524
REVERSE 0 701 169 0.0851638657692471 basis 7 time 369.01107597351074
REVERSE 0 701 170 0.09770025005070347 basis 95 time 371.8796052932739
REVERSE 0 701 171 0.0846372575432337 basis 82 time 373.09885025024414
REVERSE 0 701 172 0.06554750026234994 basis 16 time 374.63032364845276
REVERSE 0 701 173 0.0988164763855244 basis 82 time 376.36398673057556
REVERSE 0 701 174 0.11713933399586757 basis 92 time 377.9816942214966
REVERSE 0 701 175 0.07638336553556382 basis 7 time 378.94908618927
REVERSE 0 701 176 0.09364240742555373 basis 82 time 380.70714044570923
REVERSE 0 701 177 0.09463688881531783 basis 74 time 382.5890941619873
REVERSE 0 701 178 0.10848133892236086 basis 25 time 384.05998396873474
REVERSE 0 701 179 0.08026018163529727 basis 95 time 386.4470269680023
REVERSE 0 701 180 0.10366946300495601 basis 92 time 388.6994843482971
REVERSE 0 701 181 0.08786742377964979 basis 16 time 391.3867726325989
REVERSE 0 701 182 0.08889872722585282 basis 82 time 393.1183316707611
REVERSE 0 701 183 0.09591913692444563 basis 92 time 395.0162241458893
REVERSE 0 701 184 0.08792436093413826 basis 17 time 398.6167552471161
REVERSE 0 701 185 0.09200791395370093 basis 82 time 400.48089957237244
REVERSE 0 701 186 0.09009802991996389 basis 55 time 403.03661036491394
REVERSE 0 701 187 0.09579814222714815 basis 84 time 403.9312233924866
REVERSE 0 701 188 0.12873477286293425 basis 55 time 405.73668217658997
REVERSE 0 701 189 0.10385748478515673 basis 55 time 407.2929825782776
REVERSE 0 701 190 0.07383952246989157 basis 4 time 408.05080103874207
REVERSE 0 701 191 0.07731022093517141 basis 92 time 409.88734102249146
REVERSE 0 701 192 0.09200791395370093 basis 82 time 413.414746761322
REVERSE 0 701 193 0.09579814222714815 basis 84 time 414.2091112136841
REVERSE 0 701 194 0.13550057733651236 basis 74 time 416.17763566970825
REVERSE 0 701 195 0.11713933399586754 basis 74 time 418.41332960128784
REVERSE 0 701 196 0.07497741263171881 basis 41 time 419.65872526168823
REVERSE 0 701 197 0.09261378702841894 basis 92 time 421.6756868362427
REVERSE 0 701 198 0.09218431622073542 basis 92 time 424.7028090953827
REVERSE 0 701 199 0.07762947807627185 basis 16 time 427.3247392177582
REVERSE 0 701 200 0.10674177149607607 basis 55 time 429.8571927547455
REVERSE 0 701 201 0.06967325481758918 basis 88 time 431.92662954330444
REVERSE 0 701 202 0.09597742011558616 basis 17 time 434.17495560646057
REVERSE 0 701 203 0.11100505224862786 basis 92 time 436.66466665267944
REVERSE 0 701 204 0.10493107069177372 basis 82 time 439.65939593315125
REVERSE 0 701 205 0.09700402899573614 basis 4 time 442.38697052001953
REVERSE 0 701 206 0.0946368888153178 basis 74 time 444.81198048591614
REVERSE 0 701 207 0.09630911986388123 basis 55 time 447.17339062690735
REVERSE 0 701 208 0.10996988332927468 basis 43 time 449.14056158065796
REVERSE 0 701 209 0.08919951084318677 basis 95 time 451.6685674190521
REVERSE 0 701 210 0.1091444631017121 basis 95 time 453.1399953365326
REVERSE 0 701 211 0.0831266042098793 basis 1 time 454.4529664516449
REVERSE 0 701 212 0.09591913692444563 basis 92 time 456.49041056632996
REVERSE 0 701 213 0.08060978243685085 basis 55 time 458.7626760005951
REVERSE 0 701 214 0.08948316562066098 basis 5 time 460.7104480266571
REVERSE 0 701 215 0.08552824501107618 basis 82 time 464.3717749118805
REVERSE 0 701 216 0.1221503296356347 basis 92 time 466.18378257751465
REVERSE 0 701 217 0.10501066622132425 basis 40 time 469.3896687030792
REVERSE 0 701 218 0.111910170807181 basis 92 time 471.04449486732483
REVERSE 0 701 219 0.09952878926211761 basis 82 time 473.8793270587921
REVERSE 0 701 220 0.06446312373947595 basis 0 time 476.5287456512451
REVERSE 0 701 221 0.11025143470205452 basis 55 time 479.1827368736267
REVERSE 0 701 222 0.07817819463597131 basis 92 time 482.1866521835327
REVERSE 0 701 223 0.08845521213059479 basis 18 time 484.05368733406067
REVERSE 0 701 224 0.09392677621283367 basis 92 time 486.1938383579254
REVERSE 0 701 225 0.09710449304093796 basis 74 time 487.84829902648926
REVERSE 0 701 226 0.09233094747748107 basis 67 time 489.9177463054657
REVERSE 0 701 227 0.09338303178820313 basis 92 time 491.2451922893524
REVERSE 0 701 228 0.08884583592706237 basis 74 time 493.72606134414673
REVERSE 0 701 229 0.07955835753604922 basis 7 time 495.84097361564636
REVERSE 0 701 230 0.09256244565741517 basis 74 time 498.9361958503723
REVERSE 0 701 231 0.09653717376707302 basis 95 time 500.57081294059753
REVERSE 0 701 232 0.063485434130889 basis 43 time 501.9169759750366
REVERSE 0 701 233 0.08026018163529727 basis 95 time 504.00435090065
REVERSE 0 701 234 0.10736133292739249 basis 92 time 506.0750298500061
REVERSE 0 701 235 0.06657458534081942 basis 4 time 507.28146290779114
REVERSE 0 701 236 0.123393100281238 basis 92 time 509.13093280792236
REVERSE 0 701 237 0.10082591324039307 basis 95 time 511.22450518608093
REVERSE 0 701 238 0.09581471404345396 basis 43 time 514.4948585033417
REVERSE 0 701 239 0.08332043090149509 basis 74 time 517.3214426040649
REVERSE 0 701 240 0.09960745642783975 basis 92 time 519.773087978363
REVERSE 0 701 241 0.08006311220391187 basis 64 time 521.3445806503296
REVERSE 0 701 242 0.09653717376707302 basis 95 time 522.8255960941315
REVERSE 0 701 243 0.07850787501476685 basis 92 time 526.3068671226501
REVERSE 0 701 244 0.08386698290869034 basis 48 time 527.5733604431152
REVERSE 0 701 245 0.08161046420387481 basis 95 time 529.961254119873
REVERSE 0 701 246 0.13441316395596803 basis 55 time 531.5327868461609
REVERSE 0 701 247 0.07203539424894348 basis 0 time 532.757297039032
REVERSE 0 701 248 0.09091155961783551 basis 92 time 536.6260244846344
REVERSE 0 701 249 0.08572813857329052 basis 82 time 538.626528263092
REVERSE 0 701 250 0.07638336553556382 basis 7 time 541.4082467556
REVERSE 0 701 251 0.08161046420387479 basis 95 time 544.1678335666656
REVERSE 0 701 252 0.10366946300495601 basis 92 time 546.545471906662
REVERSE 0 701 253 0.06648614471838239 basis 40 time 548.0203075408936
REVERSE 0 701 254 0.05894470494056619 basis 82 time 550.9292728900909
REVERSE 0 701 255 0.07398438018025591 basis 88 time 553.1685900688171
REVERSE 0 701 256 0.09381211491594584 basis 16 time 555.1998682022095
REVERSE 0 701 257 0.09951992646815726 basis 92 time 558.9029743671417
REVERSE 0 701 258 0.11131101141630631 basis 82 time 560.2164385318756
REVERSE 0 701 259 0.094366164322698 basis 25 time 562.2450375556946
REVERSE 0 701 260 0.09330018316659046 basis 74 time 565.6894323825836
REVERSE 0 701 261 0.08163091212822544 basis 82 time 567.2866084575653
REVERSE 0 701 262 0.09279918632679215 basis 5 time 569.069890499115
REVERSE 0 701 263 0.09364240742555373 basis 82 time 570.6197633743286
REVERSE 0 701 264 0.10385748478515673 basis 55 time 572.1805968284607
REVERSE 0 701 265 0.06841314626318629 basis 4 time 574.5232541561127
REVERSE 0 701 266 0.08332043090149509 basis 74 time 578.3693861961365
REVERSE 0 701 267 0.09254757382192853 basis 95 time 580.2203457355499
REVERSE 0 701 268 0.10501066622132425 basis 40 time 581.899160861969
REVERSE 0 701 269 0.08919951084318677 basis 95 time 583.9312896728516
REVERSE 0 701 270 0.0820097186260565 basis 74 time 586.2780301570892
REVERSE 0 701 271 0.10848133892236086 basis 25 time 588.9589977264404
REVERSE 0 701 272 0.1108458348783272 basis 92 time 590.2336404323578
REVERSE 0 701 273 0.0960033587606265 basis 92 time 591.9735496044159
REVERSE 0 701 274 0.09700262185926949 basis 69 time 594.6624736785889
REVERSE 0 701 275 0.1036997558267808 basis 55 time 598.692982673645
REVERSE 0 701 276 0.09135328652335259 basis 92 time 600.7353000640869
REVERSE 0 701 277 0.07300304482867552 basis 4 time 602.2373144626617
REVERSE 0 701 278 0.09710449304093796 basis 74 time 603.5690038204193
REVERSE 0 701 279 0.086233323847362 basis 92 time 606.4101998806
REVERSE 0 701 280 0.1078275196399607 basis 43 time 609.0127866268158
REVERSE 0 701 281 0.07598588897519085 basis 92 time 612.1061205863953
REVERSE 0 701 282 0.10908344028893119 basis 55 time 614.1459419727325
REVERSE 0 701 283 0.05756118700535959 basis 52 time 617.2253017425537
REVERSE 0 701 284 0.08594946607341448 basis 55 time 619.2225229740143
REVERSE 0 701 285 0.08070140624424789 basis 92 time 620.8451125621796
REVERSE 0 701 286 0.06698252085145072 basis 5 time 621.394467830658
REVERSE 0 701 287 0.09710449304093793 basis 74 time 622.8048188686371
REVERSE 0 701 288 0.08926927080544104 basis 92 time 625.0424909591675
REVERSE 0 701 289 0.07832401158596916 basis 4 time 626.8862426280975
REVERSE 0 701 290 0.11824156750935114 basis 14 time 628.3893487453461
REVERSE 0 701 291 0.09031383255937649 basis 92 time 630.79416847229
REVERSE 0 701 292 0.0847645707276827 basis 52 time 632.4551682472229
REVERSE 0 701 293 0.11181496792770862 basis 55 time 634.3878965377808
REVERSE 0 701 294 0.09653717376707302 basis 95 time 636.0198285579681
REVERSE 0 701 295 0.08926593848397696 basis 5 time 638.5154633522034
REVERSE 0 701 296 0.07475860477352038 basis 92 time 641.3538806438446
REVERSE 0 701 297 0.12412749565023977 basis 95 time 643.1288442611694
REVERSE 0 701 298 0.09096261362611553 basis 41 time 643.7532126903534
REVERSE 0 701 299 0.07729531110645889 basis 55 time 646.926971912384
REVERSE 0 701 300 0.0833204309014951 basis 92 time 649.8912215232849
REVERSE 0 701 301 0.094366164322698 basis 25 time 650.953560590744
REVERSE 0 701 302 0.07729531110645889 basis 55 time 653.9762260913849
REVERSE 0 701 303 0.10158743674045767 basis 95 time 657.0746519565582
REVERSE 0 701 304 0.09409613139836737 basis 0 time 658.8146555423737
REVERSE 0 701 305 0.1036997558267808 basis 55 time 661.5692393779755
REVERSE 0 701 306 0.07461953931067006 basis 95 time 663.7586665153503
REVERSE 0 701 307 0.06648614471838239 basis 40 time 667.4122114181519
REVERSE 0 701 308 0.07475860477352038 basis 92 time 671.064240694046
REVERSE 0 701 309 0.10366946300495601 basis 92 time 672.8036375045776
REVERSE 0 701 310 0.09036387511122239 basis 40 time 673.6111707687378
REVERSE 0 701 311 0.07850787501476686 basis 74 time 676.1299653053284
REVERSE 0 701 312 0.10035080219882261 basis 92 time 679.6835052967072
REVERSE 0 701 313 0.08641727020040396 basis 7 time 681.232590675354
REVERSE 0 701 314 0.08309256769478297 basis 0 time 684.0065128803253
REVERSE 0 701 315 0.0749667375693056 basis 88 time 686.494372844696
REVERSE 0 701 316 0.08196363737948285 basis 5 time 688.422506570816
REVERSE 0 701 317 0.05894470494056619 basis 82 time 691.4835758209229
REVERSE 0 701 318 0.11886764552345346 basis 92 time 692.7751979827881
REVERSE 0 701 319 0.09623773826721063 basis 41 time 694.0931370258331
REVERSE 0 701 320 0.0778569754201312 basis 82 time 696.5258595943451
REVERSE 0 701 321 0.10078828234683693 basis 88 time 697.7327136993408
REVERSE 0 701 322 0.08641727020040396 basis 7 time 699.0649042129517
REVERSE 0 701 323 0.10001099778239397 basis 74 time 701.1701571941376
REVERSE 0 701 324 0.10497578247514562 basis 92 time 703.6088480949402
REVERSE 0 701 325 0.07048017882297158 basis 52 time 704.4084022045135
REVERSE 0 701 326 0.10001099778239397 basis 92 time 706.5464432239532
REVERSE 0 701 327 0.11131101141630631 basis 82 time 708.2746562957764
REVERSE 0 701 328 0.09113185867702801 basis 43 time 709.8347976207733
REVERSE 0 701 329 0.0860466461761832 basis 95 time 711.1496987342834
REVERSE 0 701 330 0.09330018316659046 basis 74 time 713.7275519371033
REVERSE 0 701 331 0.06732203797236036 basis 0 time 715.5233466625214
REVERSE 0 701 332 0.1061464400715349 basis 92 time 716.7571787834167
REVERSE 0 701 333 0.09523092785063003 basis 92 time 718.2622916698456
REVERSE 0 701 334 0.09559609464420117 basis 22 time 719.1333992481232
REVERSE 0 701 335 0.10009883718409628 basis 92 time 721.0140223503113
REVERSE 0 701 336 0.10964515328945412 basis 55 time 722.4019873142242
REVERSE 0 701 337 0.0875184992191645 basis 5 time 724.188597202301
REVERSE 0 701 338 0.10594596458384818 basis 74 time 725.8613424301147
REVERSE 0 701 339 0.10031974966139486 basis 95 time 727.4568922519684
REVERSE 0 701 340 0.07922015300313498 basis 16 time 729.2193238735199
REVERSE 0 701 341 0.1221503296356347 basis 92 time 731.6874628067017
REVERSE 0 701 342 0.0860466461761832 basis 95 time 733.084267616272
REVERSE 0 701 343 0.07696358669957942 basis 0 time 734.71697473526
REVERSE 0 701 344 0.08661109254199313 basis 74 time 737.3779010772705
REVERSE 0 701 345 0.09091155961783551 basis 92 time 739.643426656723
REVERSE 0 701 346 0.08386698290869034 basis 48 time 740.5227987766266
REVERSE 0 701 347 0.10366946300495601 basis 92 time 741.9748804569244
REVERSE 0 701 348 0.08060978243685085 basis 55 time 743.5928766727448
REVERSE 0 701 349 0.08177365644679134 basis 0 time 744.9166693687439
REVERSE 0 701 350 0.09196782670163386 basis 88 time 747.3651683330536
REVERSE 0 701 351 0.07915919579575446 basis 88 time 750.4152421951294
REVERSE 0 701 352 0.09700402899573614 basis 4 time 752.7744278907776
REVERSE 0 701 353 0.09040432492391696 basis 92 time 756.4260771274567
REVERSE 0 701 354 0.08821413790422784 basis 92 time 758.9831359386444
REVERSE 0 701 355 0.0662022566812024 basis 40 time 761.2664048671722
REVERSE 0 701 356 0.09630911986388123 basis 55 time 763.3906421661377
REVERSE 0 701 357 0.12873477286293425 basis 55 time 765.0350859165192
REVERSE 0 701 358 0.06540178753236721 basis 0 time 766.0836088657379
REVERSE 0 701 359 0.0846372575432337 basis 82 time 767.3541142940521
REVERSE 0 701 360 0.10001099778239396 basis 74 time 769.0117509365082
REVERSE 0 701 361 0.07160786969491487 basis 64 time 770.7102937698364
REVERSE 0 701 362 0.11131101141630631 basis 82 time 772.0374135971069
REVERSE 0 701 363 0.07850787501476686 basis 74 time 775.7194428443909
REVERSE 0 701 364 0.09581471404345396 basis 43 time 777.5603640079498
REVERSE 0 701 365 0.09693387879132892 basis 55 time 779.4108285903931
REVERSE 0 701 366 0.09254757382192853 basis 95 time 780.814647436142
REVERSE 0 701 367 0.09275442135259254 basis 22 time 782.1813447475433
REVERSE 0 701 368 0.11409870096101538 basis 92 time 783.7992789745331
REVERSE 0 701 369 0.09523092785063003 basis 92 time 785.2682082653046
REVERSE 0 701 370 0.09061061779777961 basis 67 time 786.3423180580139
REVERSE 0 701 371 0.10163316079057302 basis 74 time 787.980546951294
REVERSE 0 701 372 0.10385748478515673 basis 55 time 789.5241210460663
REVERSE 0 701 373 0.06274723442355326 basis 43 time 790.1579833030701
REVERSE 0 701 374 0.09693387879132892 basis 55 time 792.9999969005585
REVERSE 0 701 375 0.09009802991996389 basis 55 time 795.7439064979553
REVERSE 0 701 376 0.08918424219182484 basis 55 time 797.7611520290375
REVERSE 0 701 377 0.08573093994303403 basis 92 time 800.2380862236023
REVERSE 0 701 378 0.10235090210321608 basis 95 time 802.4688322544098
REVERSE 0 701 379 0.1397320134783567 basis 7 time 803.8692121505737
REVERSE 0 701 380 0.08884583592706237 basis 74 time 806.3061048984528
REVERSE 0 701 381 0.10044454114047656 basis 95 time 807.9838378429413
REVERSE 0 701 382 0.08063965204468951 basis 16 time 810.677309513092
REVERSE 0 701 383 0.08829582473763206 basis 92 time 812.1719377040863
REVERSE 0 701 384 0.09148140362876817 basis 82 time 820.9191262722015
REVERSE 0 701 385 0.08856716427112483 basis 7 time 822.3958520889282
REVERSE 0 701 386 0.09653717376707302 basis 95 time 824.8504202365875
REVERSE 0 701 387 0.08009362116236243 basis 88 time 827.2751054763794
REVERSE 0 701 388 0.07671736276572491 basis 0 time 828.9161510467529
REVERSE 0 701 389 0.11713933399586754 basis 74 time 830.0743186473846
REVERSE 0 701 390 0.11054073004698219 basis 95 time 831.8540773391724
REVERSE 0 701 391 0.09579814222714815 basis 84 time 832.8756065368652
REVERSE 0 701 392 0.10952101336863368 basis 92 time 834.6016070842743
REVERSE 0 701 393 0.07475860477352038 basis 92 time 838.4269616603851
REVERSE 0 701 394 0.07145023924728704 basis 4 time 839.9655220508575
REVERSE 0 701 395 0.09673944953086024 basis 82 time 842.1905143260956
REVERSE 0 701 396 0.09719077037801549 basis 82 time 845.0476541519165
REVERSE 0 701 397 0.06732203797236036 basis 0 time 846.0712921619415
REVERSE 0 701 398 0.0924672744714511 basis 82 time 847.6342189311981
REVERSE 0 701 399 0.07479264741413971 basis 0 time 851.0250754356384
REVERSE 0 701 400 0.1397320134783567 basis 7 time 852.0470836162567
REVERSE 0 701 401 0.1091444631017121 basis 95 time 853.9892244338989
REVERSE 0 701 402 0.10682304676821931 basis 92 time 855.917234659195
REVERSE 0 701 403 0.07176418342634702 basis 0 time 859.1200919151306
REVERSE 0 701 404 0.10056168955422537 basis 95 time 861.5972075462341
REVERSE 0 701 405 0.09218431622073542 basis 92 time 864.3248059749603
REVERSE 0 701 406 0.10311010250163025 basis 22 time 867.7773036956787
REVERSE 0 701 407 0.0958370588489704 basis 92 time 872.3867118358612
REVERSE 0 701 408 0.09392677621283367 basis 92 time 874.9054660797119
REVERSE 0 701 409 0.07184629453110611 basis 5 time 876.9442005157471
REVERSE 0 701 410 0.09523092785063003 basis 92 time 879.154706954956
REVERSE 0 701 411 0.10009883718409628 basis 92 time 880.9091081619263
REVERSE 0 701 412 0.08572060573008272 basis 16 time 882.6574323177338
REVERSE 0 701 413 0.09952878926211761 basis 82 time 885.2836203575134
REVERSE 0 701 414 0.09261378702841899 basis 92 time 887.3672404289246
REVERSE 0 701 415 0.09700402899573614 basis 4 time 889.6011521816254
REVERSE 0 701 416 0.08790107101243423 basis 82 time 891.3784222602844
REVERSE 0 701 417 0.09261378702841894 basis 92 time 892.8082695007324
REVERSE 0 701 418 0.09279918632679217 basis 5 time 894.3274672031403
REVERSE 0 701 419 0.1005616895542254 basis 95 time 896.7913315296173
REVERSE 0 701 420 0.09432985338050363 basis 92 time 899.0849595069885
REVERSE 0 701 421 0.07119538468216115 basis 4 time 900.4463980197906
REVERSE 0 701 422 0.07479264741413971 basis 0 time 904.1194336414337
REVERSE 0 701 423 0.06863929298224415 basis 92 time 906.4133837223053
REVERSE 0 701 424 0.08926593848397696 basis 5 time 908.3782765865326
REVERSE 0 701 425 0.0778569754201312 basis 82 time 910.9855275154114
REVERSE 0 701 426 0.0778569754201312 basis 82 time 913.222375869751
REVERSE 0 701 427 0.14477708476793527 basis 73 time 914.0318248271942
REVERSE 0 701 428 0.0965044009296076 basis 14 time 916.1008276939392
REVERSE 0 701 429 0.0963549795085188 basis 74 time 918.1232471466064
REVERSE 0 701 430 0.08661495864677993 basis 73 time 919.7621521949768
REVERSE 0 701 431 0.08333494092255955 basis 74 time 922.0513164997101
REVERSE 0 701 432 0.11822699459125262 basis 74 time 923.9455351829529
REVERSE 0 701 433 0.06445354865129341 basis 0 time 925.8586275577545
REVERSE 0 701 434 0.0946368888153178 basis 74 time 927.6321079730988
REVERSE 0 701 435 0.0705416028642055 basis 92 time 930.7915642261505
REVERSE 0 701 436 0.06927579934633273 basis 64 time 932.3763120174408
REVERSE 0 701 437 0.08926927080544109 basis 74 time 934.345388174057
REVERSE 0 701 438 0.09630911986388123 basis 55 time 936.6770782470703
REVERSE 0 701 439 0.12248504284310983 basis 16 time 937.9877588748932
REVERSE 0 701 440 0.09330018316659046 basis 74 time 940.6448101997375
REVERSE 0 701 441 0.07479264741413971 basis 0 time 944.4148182868958
REVERSE 0 701 442 0.10063460979322489 basis 22 time 946.8320052623749
REVERSE 0 701 443 0.11824156750935114 basis 14 time 948.5409667491913
REVERSE 0 701 444 0.11713933399586754 basis 74 time 949.8146178722382
REVERSE 0 701 445 0.08189173059244743 basis 41 time 951.3299431800842
REVERSE 0 701 446 0.09719077037801549 basis 82 time 953.9415187835693
REVERSE 0 701 447 0.10187376210874065 basis 95 time 955.4997985363007
REVERSE 0 701 448 0.07671736276572491 basis 0 time 956.5008971691132
REVERSE 0 701 449 0.09710449304093796 basis 74 time 957.5906941890717
REVERSE 0 701 450 0.09040432492391696 basis 92 time 961.0525195598602
REVERSE 0 701 451 0.1345970447629329 basis 5 time 963.7519397735596
REVERSE 0 701 452 0.11427071049335746 basis 92 time 966.1383481025696
REVERSE 0 701 453 0.1040160135259312 basis 55 time 967.5899262428284
REVERSE 0 701 454 0.07211199767129034 basis 64 time 969.0202870368958
REVERSE 0 701 455 0.12637042095935727 basis 95 time 970.2310140132904
REVERSE 0 701 456 0.08026018163529727 basis 95 time 973.5845441818237
REVERSE 0 701 457 0.08974720251702169 basis 65 time 975.5119051933289
REVERSE 0 701 458 0.09432985338050363 basis 92 time 978.2703886032104
REVERSE 0 701 459 0.10078828234683693 basis 88 time 980.4255867004395
REVERSE 0 701 460 0.07166192763026641 basis 7 time 982.6549649238586
REVERSE 0 701 461 0.10176741127275749 basis 74 time 984.5133957862854
REVERSE 0 701 462 0.10082591324039307 basis 95 time 986.0537495613098
REVERSE 0 701 463 0.07232689534285253 basis 10 time 987.9970889091492
REVERSE 0 701 464 0.07850787501476685 basis 92 time 990.6189370155334
REVERSE 0 701 465 0.09710449304093789 basis 92 time 992.7467262744904
REVERSE 0 701 466 0.06020618429006683 basis 43 time 993.8905305862427
REVERSE 0 701 467 0.111910170807181 basis 92 time 995.4961252212524
REVERSE 0 701 468 0.086233323847362 basis 74 time 997.6875233650208
REVERSE 0 701 469 0.07979840578022306 basis 7 time 999.2635343074799
REVERSE 0 701 470 0.1591715505915479 basis 82 time 1000.0774028301239
