REVERSE 0 703 0 0.10035080219882261 basis 92 time 2.039717197418213
REVERSE 0 703 1 0.09381211491594584 basis 16 time 3.9501962661743164
REVERSE 0 703 2 0.10235090210321608 basis 95 time 5.718864679336548
REVERSE 0 703 3 0.07479264741413971 basis 0 time 9.580669164657593
REVERSE 0 703 4 0.10263362602833152 basis 4 time 11.105210304260254
REVERSE 0 703 5 0.08015588320489136 basis 82 time 13.128520488739014
REVERSE 0 703 6 0.10405882403787513 basis 55 time 14.95841383934021
REVERSE 0 703 7 0.08270861590364628 basis 5 time 16.455842971801758
REVERSE 0 703 8 0.07479264741413971 basis 0 time 19.523594856262207
REVERSE 0 703 9 0.0958370588489704 basis 92 time 21.289183616638184
REVERSE 0 703 10 0.0788563824983084 basis 7 time 22.733277559280396
REVERSE 0 703 11 0.10861339109112136 basis 92 time 24.258804321289062
REVERSE 0 703 12 0.1116672728856228 basis 92 time 26.11618995666504
REVERSE 0 703 13 0.09036387511122239 basis 40 time 27.492008924484253
REVERSE 0 703 14 0.0820097186260565 basis 74 time 29.93886160850525
REVERSE 0 703 15 0.12412749565023977 basis 95 time 32.48624348640442
REVERSE 0 703 16 0.09700262185926949 basis 69 time 33.962900161743164
REVERSE 0 703 17 0.09574415394300309 basis 74 time 37.19957399368286
REVERSE 0 703 18 0.10952101336863368 basis 92 time 39.6089973449707
REVERSE 0 703 19 0.08130786542253421 basis 64 time 40.37123155593872
REVERSE 0 703 20 0.09673944953086024 basis 82 time 42.92767953872681
REVERSE 0 703 21 0.10022313265697344 basis 82 time 46.12121367454529
REVERSE 0 703 22 0.06274723442355326 basis 43 time 46.93877911567688
REVERSE 0 703 23 0.10158743674045767 basis 95 time 49.548908948898315
REVERSE 0 703 24 0.11769575153029518 basis 74 time 53.10889530181885
REVERSE 0 703 25 0.0788563824983084 basis 7 time 55.11469531059265
REVERSE 0 703 26 0.11181496792770862 basis 55 time 56.636183738708496
REVERSE 0 703 27 0.10001099778239397 basis 74 time 58.514822483062744
REVERSE 0 703 28 0.08661495864677993 basis 73 time 59.75560426712036
REVERSE 0 703 29 0.08009362116236243 basis 88 time 61.534260988235474
REVERSE 0 703 30 0.11191017080718103 basis 92 time 62.97844362258911
REVERSE 0 703 31 0.07638336553556382 basis 7 time 63.834378719329834
REVERSE 0 703 32 0.10022313265697344 basis 82 time 65.46944403648376
REVERSE 0 703 33 0.07731022093517141 basis 92 time 67.25310325622559
REVERSE 0 703 34 0.10128050775978265 basis 22 time 68.41638398170471
REVERSE 0 703 35 0.10624748281549976 basis 95 time 70.13686800003052
REVERSE 0 703 36 0.08821413790422784 basis 92 time 73.19985747337341
REVERSE 0 703 37 0.07922015300313498 basis 16 time 75.66432237625122
REVERSE 0 703 38 0.07729531110645889 basis 55 time 78.34837198257446
REVERSE 0 703 39 0.09960745642783975 basis 92 time 80.7539472579956
REVERSE 0 703 40 0.10848133892236086 basis 25 time 82.79199075698853
REVERSE 0 703 41 0.086233323847362 basis 74 time 87.36938071250916
REVERSE 0 703 42 0.08161046420387481 basis 95 time 92.12388253211975
REVERSE 0 703 43 0.08740149670146824 basis 7 time 93.76113843917847
REVERSE 0 703 44 0.10908344028893119 basis 55 time 95.07715272903442
REVERSE 0 703 45 0.08529640016889348 basis 92 time 99.5392496585846
REVERSE 0 703 46 0.09597742011558616 basis 17 time 102.59894514083862
REVERSE 0 703 47 0.11409870096101538 basis 92 time 104.70696353912354
REVERSE 0 703 48 0.08026018163529727 basis 95 time 108.5214433670044
REVERSE 0 703 49 0.06877860649568608 basis 4 time 110.50301456451416
REVERSE 0 703 50 0.08708014900546072 basis 95 time 113.3636543750763
REVERSE 0 703 51 0.08982780453172397 basis 82 time 115.97693467140198
REVERSE 0 703 52 0.08646589772920567 basis 0 time 117.69199848175049
REVERSE 0 703 53 0.0846372575432337 basis 82 time 118.84041452407837
REVERSE 0 703 54 0.11886764552345346 basis 92 time 120.58074808120728
REVERSE 0 703 55 0.07912862210037146 basis 4 time 123.11930108070374
REVERSE 0 703 56 0.09960745642783975 basis 92 time 127.05621981620789
REVERSE 0 703 57 0.09588124313145448 basis 55 time 129.14504861831665
REVERSE 0 703 58 0.0845600327588476 basis 67 time 131.01965880393982
REVERSE 0 703 59 0.10176741127275749 basis 74 time 132.4650948047638
REVERSE 0 703 60 0.08884583592706237 basis 74 time 134.30984377861023
REVERSE 0 703 61 0.08224323872133908 basis 1 time 135.02276754379272
REVERSE 0 703 62 0.0683107287368476 basis 82 time 136.55554127693176
REVERSE 0 703 63 0.09009802991996389 basis 55 time 139.54772067070007
REVERSE 0 703 64 0.07601069231772128 basis 1 time 142.5378794670105
REVERSE 0 703 65 0.09987292154272928 basis 74 time 148.1461272239685
REVERSE 0 703 66 0.0846372575432337 basis 82 time 151.19040369987488
REVERSE 0 703 67 0.08845521213059479 basis 18 time 153.28875494003296
REVERSE 0 703 68 0.08332043090149509 basis 74 time 155.4641182422638
REVERSE 0 703 69 0.10082591324039307 basis 95 time 157.61885404586792
REVERSE 0 703 70 0.06732203797236036 basis 0 time 159.0363311767578
REVERSE 0 703 71 0.12637042095935727 basis 95 time 160.29776287078857
REVERSE 0 703 72 0.06967325481758918 basis 88 time 165.39530062675476
REVERSE 0 703 73 0.10774816541033119 basis 7 time 170.93961644172668
REVERSE 0 703 74 0.0965044009296076 basis 14 time 174.9625244140625
REVERSE 0 703 75 0.111910170807181 basis 92 time 176.56381058692932
REVERSE 0 703 76 0.0875184992191645 basis 5 time 178.2498152256012
REVERSE 0 703 77 0.11409870096101538 basis 92 time 179.46087193489075
REVERSE 0 703 78 0.09330018316659046 basis 74 time 181.16221976280212
REVERSE 0 703 79 0.08759439190758397 basis 7 time 181.91564321517944
REVERSE 0 703 80 0.10861339109112136 basis 92 time 183.56949996948242
REVERSE 0 703 81 0.09256244565741517 basis 74 time 185.83236074447632
REVERSE 0 703 82 0.08974720251702169 basis 65 time 187.3807692527771
REVERSE 0 703 83 0.08829582473763209 basis 74 time 188.52553629875183
REVERSE 0 703 84 0.10134707288190133 basis 55 time 189.5679714679718
REVERSE 0 703 85 0.0997260312859391 basis 7 time 191.4214313030243
REVERSE 0 703 86 0.0684490826741099 basis 82 time 193.54913353919983
REVERSE 0 703 87 0.10235090210321608 basis 95 time 195.40989446640015
REVERSE 0 703 88 0.10557067110722475 basis 25 time 196.7918164730072
REVERSE 0 703 89 0.10176741127275749 basis 74 time 201.71755862236023
REVERSE 0 703 90 0.12412749565023977 basis 95 time 203.5708372592926
REVERSE 0 703 91 0.06901348655841172 basis 0 time 204.8954939842224
REVERSE 0 703 92 0.14486241758572468 basis 82 time 206.42134833335876
REVERSE 0 703 93 0.08523710806996046 basis 82 time 210.04265880584717
REVERSE 0 703 94 0.08786742377964979 basis 16 time 211.62092876434326
REVERSE 0 703 95 0.10035080219882261 basis 92 time 213.8566393852234
REVERSE 0 703 96 0.0833204309014951 basis 92 time 216.80542087554932
REVERSE 0 703 97 0.08740628965340695 basis 67 time 219.03659200668335
REVERSE 0 703 98 0.0778569754201312 basis 82 time 222.65033626556396
REVERSE 0 703 99 0.09710449304093793 basis 74 time 223.78717923164368
REVERSE 0 703 100 0.10131553706348759 basis 4 time 224.29057431221008
REVERSE 0 703 101 0.10053735964168778 basis 55 time 225.59392523765564
REVERSE 0 703 102 0.111910170807181 basis 92 time 227.14320755004883
REVERSE 0 703 103 0.07918188248539805 basis 22 time 229.20108842849731
REVERSE 0 703 104 0.13550057733651236 basis 74 time 230.21599054336548
REVERSE 0 703 105 0.09653717376707302 basis 95 time 231.83677625656128
REVERSE 0 703 106 0.1397320134783567 basis 7 time 233.23449611663818
REVERSE 0 703 107 0.07475860477352038 basis 92 time 236.6415457725525
REVERSE 0 703 108 0.07475860477352038 basis 92 time 239.85334253311157
REVERSE 0 703 109 0.07671736276572491 basis 0 time 240.83784532546997
REVERSE 0 703 110 0.08776511075278132 basis 92 time 243.992285490036
REVERSE 0 703 111 0.08552824501107618 basis 82 time 246.1682994365692
REVERSE 0 703 112 0.08291129153522613 basis 5 time 247.48329281806946
REVERSE 0 703 113 0.0705416028642055 basis 92 time 250.06832838058472
REVERSE 0 703 114 0.09091155961783552 basis 74 time 251.9606716632843
REVERSE 0 703 115 0.07182904755861767 basis 64 time 253.44677686691284
REVERSE 0 703 116 0.1005616895542254 basis 95 time 255.7626178264618
REVERSE 0 703 117 0.10594596458384818 basis 74 time 257.35742592811584
REVERSE 0 703 118 0.06359774680301115 basis 43 time 259.00512433052063
REVERSE 0 703 119 0.09574415394300309 basis 74 time 260.94476890563965
REVERSE 0 703 120 0.09218431622073542 basis 92 time 263.67656779289246
REVERSE 0 703 121 0.07918188248539805 basis 22 time 265.39040637016296
REVERSE 0 703 122 0.10009883718409628 basis 74 time 267.51808309555054
REVERSE 0 703 123 0.09653717376707302 basis 95 time 269.7935473918915
REVERSE 0 703 124 0.07119538468216115 basis 4 time 272.629447221756
REVERSE 0 703 125 0.10682304676821934 basis 92 time 274.14225149154663
REVERSE 0 703 126 0.09091155961783552 basis 74 time 278.2237377166748
REVERSE 0 703 127 0.07166192763026641 basis 7 time 279.0447015762329
REVERSE 0 703 128 0.10710305231293553 basis 95 time 282.61404752731323
REVERSE 0 703 129 0.09287702617772833 basis 88 time 284.19569182395935
REVERSE 0 703 130 0.0875184992191645 basis 5 time 287.83867502212524
REVERSE 0 703 131 0.09523092785063003 basis 92 time 291.10320568084717
REVERSE 0 703 132 0.08829582473763209 basis 74 time 294.11154890060425
REVERSE 0 703 133 0.07166192763026641 basis 7 time 295.07543778419495
REVERSE 0 703 134 0.09588124313145448 basis 55 time 297.6058006286621
REVERSE 0 703 135 0.08361668463516762 basis 74 time 299.23435521125793
REVERSE 0 703 136 0.07630836343968112 basis 16 time 301.0354747772217
REVERSE 0 703 137 0.09104508812298645 basis 92 time 302.74069809913635
REVERSE 0 703 138 0.12873477286293425 basis 55 time 304.00508165359497
REVERSE 0 703 139 0.07300304482867552 basis 4 time 304.9426336288452
REVERSE 0 703 140 0.09630911986388123 basis 55 time 307.1407480239868
REVERSE 0 703 141 0.08545826923439108 basis 82 time 309.639009475708
REVERSE 0 703 142 0.08196363737948285 basis 5 time 310.9740877151489
REVERSE 0 703 143 0.0833204309014951 basis 92 time 312.7650547027588
REVERSE 0 703 144 0.1091444631017121 basis 95 time 314.3571813106537
REVERSE 0 703 145 0.1078275196399607 basis 43 time 316.013475894928
REVERSE 0 703 146 0.13550057733651236 basis 92 time 317.1306405067444
REVERSE 0 703 147 0.08776511075278132 basis 92 time 319.77308893203735
REVERSE 0 703 148 0.07937784727043373 basis 41 time 321.599648475647
REVERSE 0 703 149 0.08163091212822544 basis 82 time 323.2214603424072
REVERSE 0 703 150 0.09646180432461801 basis 95 time 325.7459168434143
REVERSE 0 703 151 0.10022828403274783 basis 16 time 326.5729134082794
REVERSE 0 703 152 0.08829582473763209 basis 74 time 327.84678387641907
REVERSE 0 703 153 0.08552824501107618 basis 82 time 329.91434693336487
REVERSE 0 703 154 0.06274723442355326 basis 43 time 330.4555366039276
REVERSE 0 703 155 0.09338303178820313 basis 92 time 331.73528361320496
REVERSE 0 703 156 0.09960745642783975 basis 92 time 333.79806900024414
REVERSE 0 703 157 0.07830274043769013 basis 52 time 337.09927320480347
REVERSE 0 703 158 0.12509736923319734 basis 82 time 340.67921590805054
REVERSE 0 703 159 0.11054073004698219 basis 95 time 343.2560155391693
REVERSE 0 703 160 0.1156838704989242 basis 20 time 344.35416412353516
REVERSE 0 703 161 0.10954132919081896 basis 92 time 347.0672302246094
REVERSE 0 703 162 0.0963549795085188 basis 74 time 349.0709955692291
REVERSE 0 703 163 0.08010619126210083 basis 4 time 350.3874337673187
REVERSE 0 703 164 0.10908344028893119 basis 55 time 351.4971661567688
REVERSE 0 703 165 0.0778623256506696 basis 82 time 353.4311029911041
REVERSE 0 703 166 0.09680291798300873 basis 16 time 354.03081345558167
REVERSE 0 703 167 0.08260975123967634 basis 95 time 355.82278299331665
REVERSE 0 703 168 0.11886764552345347 basis 92 time 356.7265839576721
REVERSE 0 703 169 0.07795384487799484 basis 4 time 358.29247403144836
REVERSE 0 703 170 0.10187376210874065 basis 95 time 360.0053400993347
REVERSE 0 703 171 0.08552824501107618 basis 82 time 362.8148753643036
REVERSE 0 703 172 0.08271917246051642 basis 52 time 364.59335589408875
REVERSE 0 703 173 0.09591913692444567 basis 74 time 366.8983428478241
REVERSE 0 703 174 0.09196782670163386 basis 88 time 369.3983314037323
REVERSE 0 703 175 0.08678285202265441 basis 64 time 369.970267534256
REVERSE 0 703 176 0.0908623130059013 basis 92 time 371.9301600456238
REVERSE 0 703 177 0.10001099778239396 basis 74 time 374.218209028244
REVERSE 0 703 178 0.08661495864677993 basis 73 time 380.135870218277
REVERSE 0 703 179 0.08661109254199313 basis 74 time 382.8478670120239
REVERSE 0 703 180 0.10022313265697344 basis 82 time 384.95235300064087
REVERSE 0 703 181 0.06274723442355326 basis 43 time 385.7738561630249
REVERSE 0 703 182 0.1036997558267808 basis 55 time 388.5108788013458
REVERSE 0 703 183 0.09397526881184835 basis 0 time 389.90312695503235
REVERSE 0 703 184 0.07922015300313498 basis 16 time 391.3584659099579
REVERSE 0 703 185 0.0991366795920082 basis 92 time 393.00268387794495
REVERSE 0 703 186 0.08884583592706237 basis 74 time 394.7483596801758
REVERSE 0 703 187 0.0831266042098793 basis 1 time 395.80023407936096
REVERSE 0 703 188 0.11427071049335746 basis 92 time 398.29915833473206
REVERSE 0 703 189 0.1221503296356347 basis 92 time 399.44671082496643
REVERSE 0 703 190 0.07723942646430387 basis 43 time 401.3043751716614
REVERSE 0 703 191 0.11713933399586757 basis 92 time 402.7131185531616
REVERSE 0 703 192 0.09132940155096315 basis 92 time 403.9990963935852
REVERSE 0 703 193 0.08184382290204816 basis 1 time 405.4809353351593
REVERSE 0 703 194 0.08361668463516762 basis 74 time 407.24231243133545
REVERSE 0 703 195 0.10634707909229316 basis 92 time 409.9795997142792
REVERSE 0 703 196 0.07119538468216115 basis 4 time 410.9798791408539
REVERSE 0 703 197 0.09256244565741517 basis 74 time 413.1012840270996
REVERSE 0 703 198 0.10163316079057302 basis 74 time 415.36361289024353
REVERSE 0 703 199 0.09623773826721063 basis 41 time 417.01355051994324
REVERSE 0 703 200 0.1005616895542254 basis 95 time 419.6900157928467
REVERSE 0 703 201 0.08517480794878818 basis 88 time 421.47267866134644
REVERSE 0 703 202 0.08855988889709421 basis 4 time 423.15839862823486
REVERSE 0 703 203 0.11769575153029518 basis 74 time 425.69524788856506
REVERSE 0 703 204 0.09117820078740126 basis 92 time 427.6936776638031
REVERSE 0 703 205 0.08979223097524003 basis 25 time 429.41783618927
REVERSE 0 703 206 0.13550057733651236 basis 92 time 430.3557679653168
REVERSE 0 703 207 0.11769575153029518 basis 74 time 432.13758659362793
REVERSE 0 703 208 0.0918124186363936 basis 43 time 435.56078696250916
REVERSE 0 703 209 0.08015588320489136 basis 82 time 442.0263056755066
REVERSE 0 703 210 0.08361668463516762 basis 74 time 444.5532555580139
REVERSE 0 703 211 0.09036387511122239 basis 40 time 446.23082661628723
REVERSE 0 703 212 0.13550057733651236 basis 74 time 449.17827916145325
REVERSE 0 703 213 0.10061153931002567 basis 74 time 450.75659680366516
REVERSE 0 703 214 0.1345970447629329 basis 5 time 452.84375166893005
REVERSE 0 703 215 0.0820097186260565 basis 74 time 455.6554663181305
REVERSE 0 703 216 0.1017674112727575 basis 92 time 457.4105579853058
REVERSE 0 703 217 0.08338999230943156 basis 0 time 460.0131001472473
REVERSE 0 703 218 0.08926927080544109 basis 74 time 461.7607820034027
REVERSE 0 703 219 0.10682304676821934 basis 92 time 463.4869623184204
REVERSE 0 703 220 0.08224323872133908 basis 1 time 464.288694858551
REVERSE 0 703 221 0.10235090210321608 basis 95 time 465.9854578971863
REVERSE 0 703 222 0.10056168955422537 basis 95 time 468.60056710243225
REVERSE 0 703 223 0.09572155101913848 basis 82 time 470.65973448753357
REVERSE 0 703 224 0.14486241758572468 basis 82 time 472.217568397522
REVERSE 0 703 225 0.09009802991996389 basis 55 time 475.4408221244812
REVERSE 0 703 226 0.0791988769079093 basis 0 time 476.76672983169556
REVERSE 0 703 227 0.09710449304093789 basis 92 time 478.07187390327454
REVERSE 0 703 228 0.10009883718409628 basis 92 time 480.2973608970642
REVERSE 0 703 229 0.08291129153522613 basis 5 time 483.2968363761902
REVERSE 0 703 230 0.08573093994303403 basis 92 time 486.46158266067505
REVERSE 0 703 231 0.10897946030232088 basis 92 time 488.2735741138458
REVERSE 0 703 232 0.07000355914234553 basis 7 time 489.6657464504242
REVERSE 0 703 233 0.09710449304093789 basis 92 time 491.0446135997772
REVERSE 0 703 234 0.08009362116236243 basis 88 time 495.4318380355835
REVERSE 0 703 235 0.07918188248539805 basis 22 time 497.81244349479675
REVERSE 0 703 236 0.10044454114047656 basis 95 time 499.69106364250183
REVERSE 0 703 237 0.0778569754201312 basis 82 time 501.77915954589844
REVERSE 0 703 238 0.05736695104038272 basis 0 time 503.8040645122528
REVERSE 0 703 239 0.10176741127275749 basis 74 time 505.4061586856842
REVERSE 0 703 240 0.10009883718409628 basis 74 time 507.16014337539673
REVERSE 0 703 241 0.08063965204468951 basis 16 time 512.0858571529388
REVERSE 0 703 242 0.09770025005070347 basis 95 time 514.5293097496033
REVERSE 0 703 243 0.09673944953086024 basis 82 time 516.4749982357025
REVERSE 0 703 244 0.0906600488019065 basis 43 time 517.9551594257355
REVERSE 0 703 245 0.09256244565741517 basis 74 time 520.1228528022766
REVERSE 0 703 246 0.10861339109112136 basis 92 time 522.5937821865082
REVERSE 0 703 247 0.08641727020040396 basis 7 time 524.4341568946838
REVERSE 0 703 248 0.09588124313145448 basis 55 time 529.8777539730072
REVERSE 0 703 249 0.09710449304093796 basis 74 time 532.3282809257507
REVERSE 0 703 250 0.0893059873403067 basis 5 time 534.4059567451477
REVERSE 0 703 251 0.09913667959200818 basis 92 time 536.8888001441956
REVERSE 0 703 252 0.09591913692444563 basis 74 time 538.8004262447357
REVERSE 0 703 253 0.07497741263171881 basis 41 time 539.7012875080109
REVERSE 0 703 254 0.08009362116236243 basis 88 time 542.6416962146759
REVERSE 0 703 255 0.07850787501476686 basis 74 time 545.3911514282227
REVERSE 0 703 256 0.09381211491594584 basis 16 time 547.4555270671844
REVERSE 0 703 257 0.07731022093517141 basis 92 time 550.0071468353271
REVERSE 0 703 258 0.07729531110645889 basis 55 time 553.0904309749603
REVERSE 0 703 259 0.07517869756599212 basis 0 time 554.9370348453522
REVERSE 0 703 260 0.10187376210874065 basis 95 time 556.2810153961182
REVERSE 0 703 261 0.0846372575432337 basis 82 time 557.8116745948792
REVERSE 0 703 262 0.10570823200480747 basis 40 time 560.776784658432
REVERSE 0 703 263 0.08829582473763209 basis 74 time 562.2211711406708
REVERSE 0 703 264 0.0987179260189828 basis 92 time 565.0157618522644
REVERSE 0 703 265 0.11172344287362719 basis 5 time 566.567081451416
REVERSE 0 703 266 0.09693387879132892 basis 55 time 568.9553229808807
REVERSE 0 703 267 0.07479264741413971 basis 0 time 572.18510389328
REVERSE 0 703 268 0.07232689534285253 basis 10 time 574.2274923324585
REVERSE 0 703 269 0.09392677621283367 basis 92 time 577.5846455097198
REVERSE 0 703 270 0.09091155961783552 basis 74 time 580.2443408966064
REVERSE 0 703 271 0.08224323872133908 basis 1 time 581.8142943382263
REVERSE 0 703 272 0.1221503296356347 basis 92 time 583.0268659591675
REVERSE 0 703 273 0.111910170807181 basis 92 time 585.1280508041382
REVERSE 0 703 274 0.07383952246989157 basis 4 time 586.2703158855438
REVERSE 0 703 275 0.07475860477352038 basis 92 time 589.3703377246857
REVERSE 0 703 276 0.08026018163529727 basis 95 time 592.101069688797
REVERSE 0 703 277 0.07601069231772128 basis 1 time 593.6731667518616
REVERSE 0 703 278 0.09256244565741517 basis 74 time 597.241676568985
REVERSE 0 703 279 0.11824156750935114 basis 14 time 600.3928141593933
REVERSE 0 703 280 0.09597742011558616 basis 17 time 602.6405746936798
REVERSE 0 703 281 0.10134707288190133 basis 55 time 603.9880888462067
REVERSE 0 703 282 0.11755591818330174 basis 74 time 605.5117259025574
REVERSE 0 703 283 0.09290803808586046 basis 43 time 606.8618092536926
REVERSE 0 703 284 0.09091155961783551 basis 92 time 608.9059121608734
REVERSE 0 703 285 0.09091155961783552 basis 74 time 613.0493388175964
REVERSE 0 703 286 0.0847443426857335 basis 5 time 615.8547587394714
REVERSE 0 703 287 0.10001099778239396 basis 74 time 618.4163620471954
REVERSE 0 703 288 0.09353887573174206 basis 92 time 620.5591073036194
REVERSE 0 703 289 0.07497741263171881 basis 41 time 621.8726613521576
REVERSE 0 703 290 0.10187376210874065 basis 95 time 623.7304487228394
REVERSE 0 703 291 0.09770025005070347 basis 95 time 625.5565955638885
REVERSE 0 703 292 0.07119538468216115 basis 4 time 626.9600729942322
REVERSE 0 703 293 0.09591913692444563 basis 74 time 629.7236604690552
REVERSE 0 703 294 0.09200791395370093 basis 82 time 632.2039470672607
REVERSE 0 703 295 0.09559609464420117 basis 22 time 633.5498311519623
REVERSE 0 703 296 0.11054073004698219 basis 95 time 635.0932710170746
REVERSE 0 703 297 0.10082591324039307 basis 95 time 636.7680795192719
REVERSE 0 703 298 0.07912862210037146 basis 4 time 637.6148269176483
REVERSE 0 703 299 0.08015588320489136 basis 82 time 640.7089402675629
REVERSE 0 703 300 0.10907914791279719 basis 55 time 643.1895139217377
REVERSE 0 703 301 0.08832762850037093 basis 52 time 644.584508895874
REVERSE 0 703 302 0.09951992646815726 basis 92 time 649.9604995250702
REVERSE 0 703 303 0.09646180432461801 basis 95 time 651.8038277626038
REVERSE 0 703 304 0.06901348655841172 basis 0 time 653.7071588039398
REVERSE 0 703 305 0.11111118676760948 basis 74 time 656.2251102924347
REVERSE 0 703 306 0.07850787501476686 basis 74 time 659.042679309845
REVERSE 0 703 307 0.08386698290869034 basis 48 time 660.3835186958313
REVERSE 0 703 308 0.10009883718409628 basis 92 time 664.2613317966461
REVERSE 0 703 309 0.08711965217165728 basis 74 time 667.1236019134521
REVERSE 0 703 310 0.0851638657692471 basis 7 time 668.4765191078186
REVERSE 0 703 311 0.10176741127275749 basis 74 time 669.9568076133728
REVERSE 0 703 312 0.09117820078740126 basis 92 time 672.8825471401215
REVERSE 0 703 313 0.08855988889709421 basis 4 time 674.7434039115906
REVERSE 0 703 314 0.07731022093517141 basis 92 time 677.2259473800659
REVERSE 0 703 315 0.14486241758572468 basis 82 time 679.1627414226532
REVERSE 0 703 316 0.09504895448346691 basis 7 time 680.2076799869537
REVERSE 0 703 317 0.08573093994303403 basis 92 time 683.141518831253
REVERSE 0 703 318 0.09534263658160799 basis 92 time 685.008453130722
REVERSE 0 703 319 0.08206157960024742 basis 12 time 686.558343410492
REVERSE 0 703 320 0.09261378702841899 basis 92 time 689.0599415302277
REVERSE 0 703 321 0.09031383255937649 basis 92 time 691.8160440921783
REVERSE 0 703 322 0.08855988889709421 basis 4 time 693.2885129451752
REVERSE 0 703 323 0.08060978243685085 basis 55 time 695.4719440937042
REVERSE 0 703 324 0.09710449304093789 basis 92 time 696.9385116100311
REVERSE 0 703 325 0.08926593848397696 basis 5 time 698.5598220825195
REVERSE 0 703 326 0.10497578247514562 basis 92 time 700.9156985282898
REVERSE 0 703 327 0.12509736923319734 basis 82 time 702.1484160423279
REVERSE 0 703 328 0.08289285480693122 basis 16 time 703.6463057994843
REVERSE 0 703 329 0.08070140624424789 basis 92 time 705.0591380596161
REVERSE 0 703 330 0.111910170807181 basis 92 time 706.6183948516846
REVERSE 0 703 331 0.1018657200569756 basis 4 time 708.1870789527893
REVERSE 0 703 332 0.06863929298224415 basis 92 time 710.1824736595154
REVERSE 0 703 333 0.10879246527976168 basis 88 time 711.424150466919
REVERSE 0 703 334 0.063485434130889 basis 43 time 712.6841254234314
REVERSE 0 703 335 0.08884583592706237 basis 74 time 715.5187096595764
REVERSE 0 703 336 0.08163091212822544 basis 82 time 718.7169585227966
REVERSE 0 703 337 0.10504280236887945 basis 46 time 720.8983719348907
REVERSE 0 703 338 0.09693387879132892 basis 55 time 723.4362187385559
REVERSE 0 703 339 0.10009883718409628 basis 92 time 725.1445183753967
REVERSE 0 703 340 0.1018657200569756 basis 4 time 726.5067729949951
REVERSE 0 703 341 0.0960033587606265 basis 92 time 728.2461569309235
REVERSE 0 703 342 0.10001099778239397 basis 74 time 730.5674593448639
REVERSE 0 703 343 0.08740628965340695 basis 67 time 731.7625534534454
REVERSE 0 703 344 0.1182269945912526 basis 74 time 733.3717098236084
REVERSE 0 703 345 0.12509736923319734 basis 82 time 735.2512381076813
REVERSE 0 703 346 0.07048017882297158 basis 52 time 736.3099620342255
REVERSE 0 703 347 0.10022750614841806 basis 82 time 738.2346312999725
REVERSE 0 703 348 0.08573093994303403 basis 92 time 740.7992105484009
REVERSE 0 703 349 0.08661495864677993 basis 73 time 742.4007039070129
REVERSE 0 703 350 0.10366946300495601 basis 92 time 743.9757747650146
REVERSE 0 703 351 0.10624748281549976 basis 95 time 745.9168720245361
REVERSE 0 703 352 0.08726314675876404 basis 53 time 748.8015568256378
REVERSE 0 703 353 0.09710449304093793 basis 74 time 749.8136489391327
REVERSE 0 703 354 0.09091155961783552 basis 74 time 751.9691941738129
REVERSE 0 703 355 0.1018657200569756 basis 4 time 753.1514241695404
REVERSE 0 703 356 0.08009362116236243 basis 88 time 756.3397533893585
REVERSE 0 703 357 0.08517480794878818 basis 88 time 758.3052139282227
REVERSE 0 703 358 0.08224323872133908 basis 1 time 759.2676532268524
REVERSE 0 703 359 0.08529640016889348 basis 92 time 760.930278301239
REVERSE 0 703 360 0.08333494092255955 basis 74 time 762.7483415603638
REVERSE 0 703 361 0.07706327832186238 basis 0 time 765.0074458122253
REVERSE 0 703 362 0.10861339109112136 basis 92 time 766.7072720527649
REVERSE 0 703 363 0.111910170807181 basis 92 time 768.7535715103149
REVERSE 0 703 364 0.1004254254219775 basis 64 time 769.787743806839
REVERSE 0 703 365 0.09710449304093796 basis 74 time 771.2113883495331
REVERSE 0 703 366 0.07479415443177985 basis 95 time 775.09033370018
REVERSE 0 703 367 0.09572155101913848 basis 82 time 778.7850828170776
REVERSE 0 703 368 0.0991366795920082 basis 92 time 781.3500022888184
REVERSE 0 703 369 0.08529640016889348 basis 92 time 783.4798107147217
REVERSE 0 703 370 0.05736695104038272 basis 0 time 785.5468153953552
REVERSE 0 703 371 0.09960745642783975 basis 92 time 787.869063615799
REVERSE 0 703 372 0.09023949158417117 basis 0 time 790.4264445304871
REVERSE 0 703 373 0.09700402899573614 basis 4 time 792.8348457813263
REVERSE 0 703 374 0.08361668463516762 basis 74 time 794.6688899993896
REVERSE 0 703 375 0.10056168955422537 basis 95 time 796.9341669082642
REVERSE 0 703 376 0.07937784727043373 basis 41 time 799.6298670768738
REVERSE 0 703 377 0.08821413790422784 basis 92 time 801.4771687984467
REVERSE 0 703 378 0.07479415443177985 basis 95 time 803.4963233470917
REVERSE 0 703 379 0.06657458534081943 basis 4 time 804.3943419456482
REVERSE 0 703 380 0.09523092785063003 basis 92 time 805.7120158672333
REVERSE 0 703 381 0.11719486308440301 basis 95 time 807.4709355831146
REVERSE 0 703 382 0.11731197161677345 basis 7 time 808.7433512210846
REVERSE 0 703 383 0.10134707288190133 basis 55 time 810.3968722820282
REVERSE 0 703 384 0.0683107287368476 basis 82 time 813.3331072330475
REVERSE 0 703 385 0.07723942646430387 basis 43 time 815.2199528217316
REVERSE 0 703 386 0.09330018316659046 basis 74 time 818.3030543327332
REVERSE 0 703 387 0.09653717376707302 basis 95 time 820.0327386856079
REVERSE 0 703 388 0.12280132980336618 basis 67 time 821.5050251483917
REVERSE 0 703 389 0.06863929298224415 basis 92 time 823.4774966239929
REVERSE 0 703 390 0.08594946607341448 basis 55 time 826.3324432373047
REVERSE 0 703 391 0.08172306662456838 basis 0 time 827.8302752971649
REVERSE 0 703 392 0.09200791395370093 basis 82 time 829.6545147895813
REVERSE 0 703 393 0.0908623130059013 basis 92 time 832.18856549263
REVERSE 0 703 394 0.07203539424894348 basis 0 time 833.3909521102905
REVERSE 0 703 395 0.10907914791279719 basis 55 time 835.7708830833435
REVERSE 0 703 396 0.0924672744714511 basis 82 time 837.3861219882965
REVERSE 0 703 397 0.06927579934633273 basis 64 time 839.1452538967133
REVERSE 0 703 398 0.10710305231293553 basis 95 time 840.6517584323883
REVERSE 0 703 399 0.1108458348783272 basis 92 time 842.0935332775116
REVERSE 0 703 400 0.07497741263171881 basis 41 time 843.0453789234161
REVERSE 0 703 401 0.08015588320489136 basis 82 time 844.489666223526
REVERSE 0 703 402 0.11824156750935114 basis 14 time 846.2992553710938
REVERSE 0 703 403 0.07211199767129034 basis 64 time 848.1969828605652
REVERSE 0 703 404 0.09229978359579395 basis 82 time 852.0353155136108
REVERSE 0 703 405 0.10158743674045767 basis 95 time 853.6999969482422
REVERSE 0 703 406 0.07832401158596916 basis 4 time 855.2974514961243
REVERSE 0 703 407 0.09218431622073543 basis 74 time 858.7031602859497
REVERSE 0 703 408 0.11719486308440301 basis 95 time 860.3687832355499
REVERSE 0 703 409 0.08338999230943156 basis 0 time 861.9578168392181
REVERSE 0 703 410 0.10634707909229316 basis 92 time 864.1767225265503
REVERSE 0 703 411 0.08361668463516762 basis 74 time 866.7520215511322
REVERSE 0 703 412 0.0776311172726642 basis 0 time 868.481684923172
REVERSE 0 703 413 0.1221503296356347 basis 92 time 869.5186908245087
REVERSE 0 703 414 0.0683107287368476 basis 82 time 871.3023798465729
REVERSE 0 703 415 0.06821430984842461 basis 1 time 872.9442310333252
REVERSE 0 703 416 0.06967325481758918 basis 88 time 874.7857410907745
REVERSE 0 703 417 0.11054073004698219 basis 95 time 876.0759756565094
REVERSE 0 703 418 0.06927579934633273 basis 64 time 878.7118878364563
REVERSE 0 703 419 0.0924672744714511 basis 82 time 880.2784066200256
REVERSE 0 703 420 0.095342636581608 basis 74 time 882.0292813777924
REVERSE 0 703 421 0.08974720251702169 basis 65 time 884.3207817077637
REVERSE 0 703 422 0.08161046420387479 basis 95 time 886.2541728019714
REVERSE 0 703 423 0.08926927080544109 basis 74 time 888.3493266105652
REVERSE 0 703 424 0.10092824950131313 basis 4 time 889.4539928436279
REVERSE 0 703 425 0.11713933399586757 basis 92 time 890.5267417430878
REVERSE 0 703 426 0.12412749565023977 basis 95 time 892.6665372848511
REVERSE 0 703 427 0.07762947807627185 basis 16 time 894.4219360351562
REVERSE 0 703 428 0.09710449304093796 basis 74 time 895.6896488666534
REVERSE 0 703 429 0.10952101336863368 basis 92 time 897.5723931789398
REVERSE 0 703 430 0.08661495864677993 basis 73 time 899.1720225811005
REVERSE 0 703 431 0.08517480794878818 basis 88 time 901.4270679950714
REVERSE 0 703 432 0.10405882403787513 basis 55 time 904.7511534690857
REVERSE 0 703 433 0.10616959675477992 basis 41 time 905.6488032341003
REVERSE 0 703 434 0.09338303178820313 basis 92 time 907.688971042633
REVERSE 0 703 435 0.0820097186260565 basis 74 time 909.940482378006
REVERSE 0 703 436 0.08918424219182484 basis 55 time 912.350296497345
REVERSE 0 703 437 0.0705416028642055 basis 92 time 914.8969919681549
REVERSE 0 703 438 0.09091155961783551 basis 92 time 918.1205348968506
REVERSE 0 703 439 0.06657458534081942 basis 4 time 919.3513224124908
REVERSE 0 703 440 0.10479323269073251 basis 95 time 921.4823031425476
REVERSE 0 703 441 0.10897946030232088 basis 92 time 923.4580175876617
REVERSE 0 703 442 0.07797806433306183 basis 40 time 924.617949962616
REVERSE 0 703 443 0.0833204309014951 basis 92 time 926.4895057678223
REVERSE 0 703 444 0.08832348104271126 basis 82 time 928.6627662181854
REVERSE 0 703 445 0.09233094747748107 basis 67 time 930.209659576416
REVERSE 0 703 446 0.11755591818330174 basis 74 time 931.9948332309723
REVERSE 0 703 447 0.10962426482342001 basis 92 time 933.6985256671906
REVERSE 0 703 448 0.06821430984842461 basis 1 time 935.3694262504578
REVERSE 0 703 449 0.123393100281238 basis 92 time 936.9993901252747
REVERSE 0 703 450 0.10962426482342001 basis 92 time 938.8103220462799
REVERSE 0 703 451 0.12280132980336618 basis 67 time 940.9103589057922
REVERSE 0 703 452 0.0833204309014951 basis 92 time 943.7691705226898
REVERSE 0 703 453 0.12509736923319734 basis 82 time 945.0907356739044
REVERSE 0 703 454 0.08338999230943156 basis 0 time 946.6794672012329
REVERSE 0 703 455 0.1221503296356347 basis 92 time 948.0008733272552
REVERSE 0 703 456 0.1221503296356347 basis 92 time 949.4136462211609
REVERSE 0 703 457 0.08786742377964979 basis 16 time 951.1964538097382
REVERSE 0 703 458 0.09710449304093793 basis 74 time 953.4855556488037
REVERSE 0 703 459 0.10733268614400747 basis 95 time 956.2588036060333
REVERSE 0 703 460 0.06698252085145072 basis 5 time 957.0853641033173
REVERSE 0 703 461 0.07915919579575446 basis 88 time 959.2738301753998
REVERSE 0 703 462 0.09091155961783552 basis 74 time 961.2595348358154
REVERSE 0 703 463 0.07979840578022306 basis 7 time 963.3460471630096
REVERSE 0 703 464 0.09987292154272928 basis 74 time 965.5020973682404
REVERSE 0 703 465 0.08523710806996046 basis 82 time 967.8554072380066
REVERSE 0 703 466 0.10092824950131313 basis 4 time 969.6038951873779
REVERSE 0 703 467 0.10035080219882261 basis 92 time 972.3634872436523
REVERSE 0 703 468 0.09523092785063003 basis 92 time 973.9505803585052
REVERSE 0 703 469 0.07631400911653165 basis 0 time 975.5598454475403
REVERSE 0 703 470 0.10479323269073251 basis 95 time 977.2037532329559
REVERSE 0 703 471 0.10682304676821931 basis 92 time 979.0204265117645
REVERSE 0 703 472 0.08172306662456838 basis 0 time 979.9272792339325
REVERSE 0 703 473 0.09463688881531783 basis 74 time 981.5181617736816
REVERSE 0 703 474 0.08309256769478297 basis 0 time 983.9789423942566
REVERSE 0 703 475 0.08832762850037096 basis 52 time 985.4789943695068
REVERSE 0 703 476 0.09463688881531783 basis 74 time 987.7806754112244
REVERSE 0 703 477 0.1221503296356347 basis 92 time 989.3032605648041
REVERSE 0 703 478 0.1397320134783567 basis 7 time 990.6114540100098
REVERSE 0 703 479 0.08832348104271126 basis 82 time 993.6534061431885
REVERSE 0 703 480 0.09009802991996389 basis 55 time 997.3752763271332
REVERSE 0 703 481 0.0851638657692471 basis 7 time 999.5882408618927
REVERSE 0 703 482 0.19481304667035332 basis 74 time 1000.1614046096802
