REVERSE 2 701 0 0.022440160634637694 basis 24 time 4.592249631881714
REVERSE 2 701 1 0.03703141080265557 basis 36 time 7.369448661804199
REVERSE 2 701 2 0.05004724791716038 basis 73 time 10.755033016204834
REVERSE 2 701 3 0.022440160634637694 basis 24 time 15.09431004524231
REVERSE 2 701 4 0.03126566540589109 basis 5 time 17.042757511138916
REVERSE 2 701 5 0.03889881188941373 basis 73 time 20.127278089523315
REVERSE 2 701 6 0.04591088310878034 basis 31 time 24.992252826690674
REVERSE 2 701 7 0.0266257520159964 basis 0 time 29.935807943344116
REVERSE 2 701 8 0.043355357185561536 basis 73 time 33.91680455207825
REVERSE 2 701 9 0.05487195478540992 basis 81 time 37.89740204811096
REVERSE 2 701 10 0.0314951799756387 basis 18 time 39.54953050613403
REVERSE 2 701 11 0.046468726641479476 basis 43 time 41.846208333969116
REVERSE 2 701 12 0.04173611143575608 basis 73 time 45.13930630683899
REVERSE 2 701 13 0.02548126477477359 basis 39 time 46.85377883911133
REVERSE 2 701 14 0.03984551820066103 basis 73 time 51.531097173690796
REVERSE 2 701 15 0.022338019393838834 basis 31 time 55.5885283946991
REVERSE 2 701 16 0.02548126477477359 basis 39 time 57.56558609008789
REVERSE 2 701 17 0.04422781122968012 basis 73 time 62.277260065078735
REVERSE 2 701 18 0.040469061133271526 basis 43 time 65.51810598373413
REVERSE 2 701 19 0.033432707738391784 basis 60 time 67.6789755821228
REVERSE 2 701 20 0.055519638992617956 basis 73 time 69.32155680656433
REVERSE 2 701 21 0.03950577679367848 basis 73 time 73.19580364227295
REVERSE 2 701 22 0.028958348591591566 basis 18 time 78.77271890640259
REVERSE 2 701 23 0.05286141142519756 basis 43 time 83.1844699382782
REVERSE 2 701 24 0.0449032163261467 basis 33 time 85.73016953468323
REVERSE 2 701 25 0.043498819866475795 basis 0 time 89.40049886703491
REVERSE 2 701 26 0.04675594059738232 basis 73 time 92.45777010917664
REVERSE 2 701 27 0.03720239001976943 basis 73 time 98.69169235229492
REVERSE 2 701 28 0.023499111529146688 basis 18 time 101.80694389343262
REVERSE 2 701 29 0.04369549586871753 basis 11 time 107.38262796401978
REVERSE 2 701 30 0.04246473270861381 basis 24 time 113.59283113479614
REVERSE 2 701 31 0.023502804956911785 basis 0 time 123.79446268081665
REVERSE 2 701 32 0.05663336434787021 basis 73 time 126.62023162841797
REVERSE 2 701 33 0.05487195478540992 basis 81 time 131.07540369033813
REVERSE 2 701 34 0.04028230523539475 basis 1 time 133.6101930141449
REVERSE 2 701 35 0.060721936661652445 basis 73 time 136.71445512771606
REVERSE 2 701 36 0.0507187982784825 basis 73 time 138.90903282165527
REVERSE 2 701 37 0.032303834511438284 basis 1 time 140.70174598693848
REVERSE 2 701 38 0.04517169822868766 basis 73 time 145.45814442634583
REVERSE 2 701 39 0.029042856380426155 basis 73 time 147.34490156173706
REVERSE 2 701 40 0.030249362914146857 basis 0 time 152.68430304527283
REVERSE 2 701 41 0.029042856380426155 basis 73 time 156.95139360427856
REVERSE 2 701 42 0.04675594059738232 basis 73 time 159.18694877624512
REVERSE 2 701 43 0.034859471045519654 basis 0 time 160.66684556007385
REVERSE 2 701 44 0.038734759431394115 basis 24 time 164.80938601493835
REVERSE 2 701 45 0.031119663521185618 basis 61 time 167.0894811153412
REVERSE 2 701 46 0.035349333921466254 basis 3 time 170.07477807998657
REVERSE 2 701 47 0.05187031282537912 basis 73 time 173.75947642326355
REVERSE 2 701 48 0.04686644873599717 basis 73 time 176.07265734672546
REVERSE 2 701 49 0.02610829231271232 basis 0 time 180.4935336112976
REVERSE 2 701 50 0.04591088310878035 basis 31 time 184.52615213394165
REVERSE 2 701 51 0.039985330128307385 basis 73 time 189.53565001487732
REVERSE 2 701 52 0.035349333921466254 basis 3 time 191.68660068511963
REVERSE 2 701 53 0.03691359033860438 basis 31 time 195.20061254501343
REVERSE 2 701 54 0.04695756810652813 basis 43 time 199.35181093215942
REVERSE 2 701 55 0.041808569125674884 basis 5 time 201.30291843414307
REVERSE 2 701 56 0.04410904180278262 basis 31 time 204.1968801021576
REVERSE 2 701 57 0.03515236047121695 basis 38 time 208.357262134552
REVERSE 2 701 58 0.029522331590634603 basis 18 time 210.17978692054749
REVERSE 2 701 59 0.03725365864873635 basis 24 time 213.78618574142456
REVERSE 2 701 60 0.03746272269016909 basis 73 time 216.84058141708374
REVERSE 2 701 61 0.026872093060138585 basis 0 time 222.13280868530273
REVERSE 2 701 62 0.03585317961736951 basis 63 time 226.33443999290466
REVERSE 2 701 63 0.03691359033860438 basis 31 time 230.51379013061523
REVERSE 2 701 64 0.0423226899330033 basis 4 time 232.91386246681213
REVERSE 2 701 65 0.04984957185233167 basis 43 time 235.02695655822754
REVERSE 2 701 66 0.031604372158210985 basis 33 time 237.69891715049744
REVERSE 2 701 67 0.023972059145937866 basis 3 time 240.58008122444153
REVERSE 2 701 68 0.06306019105919866 basis 73 time 243.16463494300842
REVERSE 2 701 69 0.03873733816676064 basis 73 time 246.02552890777588
REVERSE 2 701 70 0.03461537991584684 basis 36 time 250.1509473323822
REVERSE 2 701 71 0.0362711800586071 basis 73 time 253.7771773338318
REVERSE 2 701 72 0.04724244306373179 basis 33 time 256.7127411365509
REVERSE 2 701 73 0.04018052374393516 basis 60 time 259.1594088077545
REVERSE 2 701 74 0.042463456218800176 basis 24 time 260.9552562236786
REVERSE 2 701 75 0.04246345621880031 basis 24 time 263.54330253601074
REVERSE 2 701 76 0.03312368074910869 basis 60 time 265.2428205013275
REVERSE 2 701 77 0.06306019105919866 basis 73 time 268.0582809448242
REVERSE 2 701 78 0.06194857486690778 basis 73 time 272.02391481399536
REVERSE 2 701 79 0.0480293413383792 basis 61 time 274.0715334415436
REVERSE 2 701 80 0.06535442228068401 basis 73 time 275.85532546043396
REVERSE 2 701 81 0.06196213763181279 basis 73 time 278.12524580955505
REVERSE 2 701 82 0.04434784574267343 basis 5 time 280.4618294239044
REVERSE 2 701 83 0.05649521589832161 basis 24 time 283.264155626297
REVERSE 2 701 84 0.05142014101623416 basis 73 time 286.41239953041077
REVERSE 2 701 85 0.030905984011432217 basis 60 time 288.6917870044708
REVERSE 2 701 86 0.03754093653111708 basis 24 time 292.51946353912354
REVERSE 2 701 87 0.040827094945919934 basis 33 time 295.35300636291504
REVERSE 2 701 88 0.03265450731288445 basis 0 time 297.23070430755615
REVERSE 2 701 89 0.0449032163261467 basis 33 time 299.2922625541687
REVERSE 2 701 90 0.04927858499842211 basis 43 time 304.14779782295227
REVERSE 2 701 91 0.035688302387213246 basis 18 time 305.4286916255951
REVERSE 2 701 92 0.06420194357655153 basis 73 time 308.3029158115387
REVERSE 2 701 93 0.04583100208309852 basis 14 time 312.6373996734619
REVERSE 2 701 94 0.0292130895914485 basis 3 time 318.45406436920166
REVERSE 2 701 95 0.058220631488047354 basis 73 time 320.92938899993896
REVERSE 2 701 96 0.049427072898727616 basis 73 time 324.18918108940125
REVERSE 2 701 97 0.02890312007082962 basis 3 time 325.49347972869873
REVERSE 2 701 98 0.047224777210919944 basis 73 time 327.3699722290039
REVERSE 2 701 99 0.03720239001976943 basis 73 time 329.94594168663025
REVERSE 2 701 100 0.04188884219440143 basis 20 time 332.35796904563904
REVERSE 2 701 101 0.042463456218800176 basis 24 time 334.33215594291687
REVERSE 2 701 102 0.05649521589832161 basis 24 time 337.73165464401245
REVERSE 2 701 103 0.026926224829409727 basis 18 time 341.68714570999146
REVERSE 2 701 104 0.055519638992617956 basis 73 time 343.5394477844238
REVERSE 2 701 105 0.03950577679367848 basis 73 time 347.298709154129
REVERSE 2 701 106 0.02218027671162672 basis 3 time 350.9795677661896
REVERSE 2 701 107 0.06194857486690778 basis 73 time 354.19602274894714
REVERSE 2 701 108 0.04246345621880031 basis 24 time 355.72130584716797
REVERSE 2 701 109 0.03324836544951488 basis 3 time 359.3767349720001
REVERSE 2 701 110 0.042371212199640094 basis 73 time 361.80804681777954
REVERSE 2 701 111 0.04591088310878035 basis 31 time 364.73545384407043
REVERSE 2 701 112 0.03826730237376337 basis 36 time 367.0420482158661
REVERSE 2 701 113 0.05729531793277819 basis 73 time 371.3881576061249
REVERSE 2 701 114 0.046154391681866844 basis 73 time 374.80202984809875
REVERSE 2 701 115 0.042128024666908494 basis 18 time 376.82524490356445
REVERSE 2 701 116 0.04984957185233167 basis 43 time 379.48069524765015
REVERSE 2 701 117 0.041919058319980475 basis 73 time 382.3579354286194
REVERSE 2 701 118 0.05903608898453506 basis 24 time 384.7375237941742
REVERSE 2 701 119 0.041685178239369174 basis 73 time 388.2581241130829
REVERSE 2 701 120 0.05004724791716038 basis 73 time 392.194402217865
REVERSE 2 701 121 0.02962974565370968 basis 0 time 396.3896279335022
REVERSE 2 701 122 0.040759764762690553 basis 73 time 399.4306130409241
REVERSE 2 701 123 0.05296153314225878 basis 73 time 401.3440787792206
REVERSE 2 701 124 0.04075812361161329 basis 19 time 403.3108766078949
REVERSE 2 701 125 0.04456629890613931 basis 43 time 405.7570586204529
REVERSE 2 701 126 0.046154391681866844 basis 73 time 411.4739308357239
REVERSE 2 701 127 0.032071740967216995 basis 20 time 417.49915862083435
REVERSE 2 701 128 0.038504292555200534 basis 73 time 421.7853214740753
REVERSE 2 701 129 0.05649521589832161 basis 24 time 426.10885071754456
REVERSE 2 701 130 0.03295673350440185 basis 9 time 429.0534439086914
REVERSE 2 701 131 0.04134837817612502 basis 14 time 430.8640501499176
REVERSE 2 701 132 0.03660120629522377 basis 73 time 433.8646020889282
REVERSE 2 701 133 0.02851354146902188 basis 18 time 436.22808265686035
REVERSE 2 701 134 0.043355357185561536 basis 73 time 439.73046684265137
REVERSE 2 701 135 0.04374008175431576 basis 31 time 442.13253116607666
REVERSE 2 701 136 0.02882361605223183 basis 5 time 452.0274600982666
REVERSE 2 701 137 0.061050377392508084 basis 73 time 455.78611969947815
REVERSE 2 701 138 0.04369549586871753 basis 11 time 459.20594906806946
REVERSE 2 701 139 0.028903120070829628 basis 3 time 460.61308574676514
REVERSE 2 701 140 0.062110514739521845 basis 33 time 462.9836151599884
REVERSE 2 701 141 0.04695756810652813 basis 43 time 465.80681014060974
REVERSE 2 701 142 0.03386757016000078 basis 3 time 468.27735900878906
REVERSE 2 701 143 0.0508709675436986 basis 73 time 470.21042680740356
REVERSE 2 701 144 0.044797486010318736 basis 43 time 473.6050374507904
REVERSE 2 701 145 0.023845934709050443 basis 18 time 475.4226760864258
REVERSE 2 701 146 0.046686611833055724 basis 61 time 477.3771607875824
REVERSE 2 701 147 0.049427072898727616 basis 73 time 480.44494700431824
REVERSE 2 701 148 0.0314951799756387 basis 18 time 481.96464014053345
REVERSE 2 701 149 0.061059577951358926 basis 24 time 483.8503293991089
REVERSE 2 701 150 0.052136655193219354 basis 73 time 487.55387258529663
REVERSE 2 701 151 0.03106127271493469 basis 3 time 491.26800417900085
REVERSE 2 701 152 0.04190519593501398 basis 73 time 495.811420917511
REVERSE 2 701 153 0.038504292555200534 basis 73 time 500.5288419723511
REVERSE 2 701 154 0.038327411157771635 basis 3 time 502.5288128852844
REVERSE 2 701 155 0.04591088310878034 basis 31 time 505.69012904167175
REVERSE 2 701 156 0.05162012939010697 basis 33 time 509.19129371643066
REVERSE 2 701 157 0.02803911336108039 basis 18 time 511.62612748146057
REVERSE 2 701 158 0.05487195478540992 basis 81 time 516.0042221546173
REVERSE 2 701 159 0.05729531793277819 basis 73 time 522.207905292511
REVERSE 2 701 160 0.041468046274185134 basis 3 time 526.2174079418182
REVERSE 2 701 161 0.04173611143575608 basis 73 time 530.4628267288208
REVERSE 2 701 162 0.05433165667261481 basis 61 time 532.8368327617645
REVERSE 2 701 163 0.02218027671162672 basis 3 time 536.1675252914429
REVERSE 2 701 164 0.041685178239369174 basis 73 time 543.9943623542786
REVERSE 2 701 165 0.03725365864873635 basis 24 time 549.4983818531036
REVERSE 2 701 166 0.018612893824292476 basis 3 time 554.3076028823853
REVERSE 2 701 167 0.040469061133271526 basis 43 time 557.7693572044373
REVERSE 2 701 168 0.03873733816676064 basis 73 time 560.0025060176849
REVERSE 2 701 169 0.036007397316132936 basis 1 time 561.8871161937714
REVERSE 2 701 170 0.04335535718556151 basis 73 time 566.1418077945709
REVERSE 2 701 171 0.06306019105919866 basis 73 time 568.6499845981598
REVERSE 2 701 172 0.028958348591591566 basis 18 time 574.7706553936005
REVERSE 2 701 173 0.04762264156486134 basis 73 time 578.0255599021912
REVERSE 2 701 174 0.05649521589832164 basis 24 time 580.7632124423981
REVERSE 2 701 175 0.02469104672162896 basis 5 time 583.8736338615417
REVERSE 2 701 176 0.04071291797626812 basis 73 time 588.0184736251831
REVERSE 2 701 177 0.05243381986974467 basis 73 time 591.0284423828125
REVERSE 2 701 178 0.0370997051396931 basis 12 time 596.0712730884552
REVERSE 2 701 179 0.022338019393838834 basis 31 time 600.0725781917572
REVERSE 2 701 180 0.047158879199668206 basis 11 time 604.1171615123749
REVERSE 2 701 181 0.037809051476813904 basis 36 time 605.383308172226
REVERSE 2 701 182 0.04517169822868766 basis 73 time 609.755880355835
REVERSE 2 701 183 0.046524495909340546 basis 24 time 611.5930383205414
REVERSE 2 701 184 0.028375904119510405 basis 27 time 614.1905524730682
REVERSE 2 701 185 0.03199104125980641 basis 73 time 618.8661758899689
REVERSE 2 701 186 0.052572812915691096 basis 43 time 621.095155954361
REVERSE 2 701 187 0.03897129523906578 basis 62 time 623.1492290496826
REVERSE 2 701 188 0.061059577951358926 basis 24 time 624.9745750427246
REVERSE 2 701 189 0.042463456218800176 basis 24 time 627.5268042087555
REVERSE 2 701 190 0.028270955850764407 basis 60 time 629.8282520771027
REVERSE 2 701 191 0.02198797626122853 basis 14 time 634.9510548114777
REVERSE 2 701 192 0.03199104125980641 basis 73 time 639.9671864509583
REVERSE 2 701 193 0.03897129523906578 basis 62 time 642.8398969173431
REVERSE 2 701 194 0.049530902907162964 basis 73 time 647.4929611682892
REVERSE 2 701 195 0.05111058164263846 basis 73 time 651.3887164592743
REVERSE 2 701 196 0.028270955850764414 basis 60 time 653.5635361671448
REVERSE 2 701 197 0.0438519161039966 basis 73 time 657.771324634552
REVERSE 2 701 198 0.03446061948357662 basis 73 time 663.0067088603973
REVERSE 2 701 199 0.025026528832265305 basis 9 time 665.7622811794281
REVERSE 2 701 200 0.04733237495793804 basis 24 time 668.9399411678314
REVERSE 2 701 201 0.04071291797626812 basis 73 time 674.9246213436127
REVERSE 2 701 202 0.03198832064508839 basis 1 time 678.8436017036438
REVERSE 2 701 203 0.05492541608532905 basis 73 time 682.6153953075409
REVERSE 2 701 204 0.03984551820066102 basis 73 time 687.3647367954254
REVERSE 2 701 205 0.03126566540589109 basis 5 time 688.9159107208252
REVERSE 2 701 206 0.052136655193219354 basis 73 time 690.9491426944733
REVERSE 2 701 207 0.04487305736305558 basis 43 time 694.0237383842468
REVERSE 2 701 208 0.03236374085767622 basis 18 time 696.188704252243
REVERSE 2 701 209 0.04671853980498051 basis 31 time 699.2738609313965
REVERSE 2 701 210 0.03691359033860438 basis 31 time 702.9071140289307
REVERSE 2 701 211 0.018078267224292573 basis 0 time 706.3793272972107
REVERSE 2 701 212 0.046524495909340546 basis 24 time 708.7800521850586
REVERSE 2 701 213 0.046468726641479476 basis 43 time 711.1296300888062
REVERSE 2 701 214 0.04664868326278035 basis 27 time 714.9587931632996
REVERSE 2 701 215 0.05286664364120127 basis 73 time 717.3846261501312
REVERSE 2 701 216 0.03948501281189611 basis 73 time 720.9830169677734
REVERSE 2 701 217 0.041808569125674884 basis 5 time 723.436883687973
REVERSE 2 701 218 0.05113891272817793 basis 43 time 727.2084937095642
REVERSE 2 701 219 0.045747028351897374 basis 73 time 730.0599913597107
REVERSE 2 701 220 0.03136344858460355 basis 36 time 732.9797365665436
REVERSE 2 701 221 0.04646872664147947 basis 43 time 735.8142113685608
REVERSE 2 701 222 0.040827094945919934 basis 33 time 738.4043517112732
REVERSE 2 701 223 0.03471212975017378 basis 61 time 741.0699241161346
REVERSE 2 701 224 0.036735388185866774 basis 33 time 745.042721748352
REVERSE 2 701 225 0.041685178239369174 basis 73 time 749.1686234474182
REVERSE 2 701 226 0.03826730237376337 basis 36 time 751.0831959247589
REVERSE 2 701 227 0.044797486010318736 basis 43 time 753.9076590538025
REVERSE 2 701 228 0.046177126609318365 basis 73 time 758.2956013679504
REVERSE 2 701 229 0.028039113361080392 basis 18 time 760.5056624412537
REVERSE 2 701 230 0.061050377392508084 basis 73 time 763.6587255001068
REVERSE 2 701 231 0.04591088310876889 basis 31 time 766.2032577991486
REVERSE 2 701 232 0.033432707738391784 basis 60 time 768.0358653068542
REVERSE 2 701 233 0.022338019393838834 basis 31 time 771.8801624774933
REVERSE 2 701 234 0.031604372158210985 basis 33 time 774.3495843410492
REVERSE 2 701 235 0.03631858516005263 basis 3 time 775.8260791301727
REVERSE 2 701 236 0.04724244306373179 basis 33 time 779.4223911762238
REVERSE 2 701 237 0.04723587622479265 basis 63 time 781.5880491733551
REVERSE 2 701 238 0.03106127271493469 basis 3 time 784.0242478847504
REVERSE 2 701 239 0.03977697835677034 basis 73 time 789.2553343772888
REVERSE 2 701 240 0.046154391681866844 basis 73 time 791.9716308116913
REVERSE 2 701 241 0.018612893824292476 basis 3 time 795.4645328521729
REVERSE 2 701 242 0.04591088310876889 basis 31 time 798.4016075134277
REVERSE 2 701 243 0.04973109057479482 basis 73 time 802.2565124034882
REVERSE 2 701 244 0.029891448384327255 basis 0 time 806.5220220088959
REVERSE 2 701 245 0.04591088310878034 basis 31 time 810.515026807785
REVERSE 2 701 246 0.04828608696084591 basis 24 time 814.2154006958008
REVERSE 2 701 247 0.03275265794482522 basis 18 time 816.0996422767639
REVERSE 2 701 248 0.05187031282537912 basis 73 time 819.0176565647125
REVERSE 2 701 249 0.03720239001976943 basis 73 time 821.8803873062134
REVERSE 2 701 250 0.02469104672162896 basis 5 time 823.9988481998444
REVERSE 2 701 251 0.04591088310878035 basis 31 time 826.845864534378
REVERSE 2 701 252 0.047158879199668206 basis 11 time 830.7846314907074
REVERSE 2 701 253 0.034859471045519654 basis 0 time 832.2256329059601
REVERSE 2 701 254 0.043196783370567204 basis 73 time 835.8688549995422
REVERSE 2 701 255 0.040759764762690553 basis 73 time 838.9403657913208
REVERSE 2 701 256 0.03456852146374646 basis 60 time 839.953665971756
REVERSE 2 701 257 0.04082709494591995 basis 33 time 842.4532096385956
REVERSE 2 701 258 0.06196213763181279 basis 73 time 845.3224611282349
REVERSE 2 701 259 0.0480293413383792 basis 61 time 848.1616208553314
REVERSE 2 701 260 0.04455539030991277 basis 73 time 852.5194144248962
REVERSE 2 701 261 0.05091585108575134 basis 73 time 855.2888233661652
REVERSE 2 701 262 0.02803911336108039 basis 18 time 857.7543578147888
REVERSE 2 701 263 0.04071291797626812 basis 73 time 864.15309882164
REVERSE 2 701 264 0.042463456218800176 basis 24 time 867.2503950595856
REVERSE 2 701 265 0.05903608898453506 basis 24 time 872.618988275528
REVERSE 2 701 266 0.03977697835677034 basis 73 time 878.2918930053711
REVERSE 2 701 267 0.03585317961736951 basis 63 time 881.9205799102783
REVERSE 2 701 268 0.041808569125674884 basis 5 time 883.5733342170715
REVERSE 2 701 269 0.04671853980498051 basis 31 time 887.4042012691498
REVERSE 2 701 270 0.05004724791716038 basis 73 time 893.0222260951996
REVERSE 2 701 271 0.0370997051396931 basis 12 time 897.8053567409515
REVERSE 2 701 272 0.04048892621991561 basis 43 time 900.3696694374084
REVERSE 2 701 273 0.04787510169384236 basis 73 time 902.8989908695221
REVERSE 2 701 274 0.032804944486534336 basis 0 time 904.7016141414642
REVERSE 2 701 275 0.04246345621880031 basis 24 time 907.6516256332397
REVERSE 2 701 276 0.040469061133271526 basis 43 time 911.2637958526611
REVERSE 2 701 277 0.043498819866475795 basis 0 time 914.9953265190125
REVERSE 2 701 278 0.041685178239369174 basis 73 time 919.6666760444641
REVERSE 2 701 279 0.05649521589832161 basis 24 time 922.185195684433
REVERSE 2 701 280 0.0314951799756387 basis 18 time 924.3584535121918
REVERSE 2 701 281 0.04477051675879406 basis 73 time 927.5505888462067
REVERSE 2 701 282 0.037471228738733306 basis 43 time 931.5587074756622
REVERSE 2 701 283 0.03075486906050135 basis 62 time 934.0363464355469
REVERSE 2 701 284 0.04583100208309852 basis 14 time 937.3789925575256
REVERSE 2 701 285 0.04078367898792566 basis 14 time 940.2834868431091
REVERSE 2 701 286 0.03424947654576707 basis 18 time 942.905458688736
REVERSE 2 701 287 0.0449501035933254 basis 73 time 945.8150327205658
REVERSE 2 701 288 0.04675594059738232 basis 73 time 948.2980525493622
REVERSE 2 701 289 0.026926224829409727 basis 18 time 950.3129134178162
REVERSE 2 701 290 0.04374008175431575 basis 31 time 952.7671933174133
REVERSE 2 701 291 0.04369549586871753 basis 11 time 956.2012343406677
REVERSE 2 701 292 0.04188884219440143 basis 20 time 958.9690272808075
REVERSE 2 701 293 0.04601251933758451 basis 43 time 962.1457984447479
REVERSE 2 701 294 0.04591088310876889 basis 31 time 964.4271793365479
REVERSE 2 701 295 0.03809562302639376 basis 12 time 966.0674877166748
REVERSE 2 701 296 0.04615439168186682 basis 73 time 968.6568803787231
REVERSE 2 701 297 0.039022078686112835 basis 31 time 971.4917478561401
REVERSE 2 701 298 0.03170353785801988 basis 9 time 972.9724729061127
REVERSE 2 701 299 0.03302424575775716 basis 24 time 976.8817698955536
REVERSE 2 701 300 0.04256098330475873 basis 24 time 979.5659835338593
REVERSE 2 701 301 0.0480293413383792 basis 61 time 982.0432653427124
REVERSE 2 701 302 0.03302424575775716 basis 24 time 986.2002010345459
REVERSE 2 701 303 0.03362126808449076 basis 63 time 989.5042600631714
REVERSE 2 701 304 0.023574590982226452 basis 12 time 991.6336095333099
REVERSE 2 701 305 0.04246345621880031 basis 24 time 994.1160609722137
REVERSE 2 701 306 0.0482636291238276 basis 73 time 999.0118112564087
REVERSE 2 701 307 0.04146654033767273 basis 0 time 1000.2516729831696
