progress 0 1986 0.0010898477769902368 3.985364207997918
progress 80 11916 0.0010898477769902368 17.731880753068253
progress 160 21844 0.0010898477769902368 34.118467298103496
progress 240 31786 0.0010898477769902368 47.6033225300489
progress 320 41720 0.0010898477769902368 63.45300775009673
progress 400 51660 0.0010898477769902368 79.90334090206306
progress 480 61603 0.0010898477769902368 97.93290391901974
progress 560 71527 0.0010898477769902368 112.32281919603702
progress 640 81470 0.0010898477769902368 127.83989401406143
progress 720 91387 0.0010898477769902368 142.02768724807538
progress 800 101328 0.0010898477769902368 158.346594096045
progress 880 111253 0.0010898477769902368 172.65896579110995
progress 960 121184 0.0010898477769902368 187.95374954410363
progress 1040 131134 0.0010898477769902368 201.87935574899893
progress 1120 141076 0.0010898477769902368 219.0549017440062
progress 1200 151018 0.0010898477769902368 236.3856488520978
progress 1280 160957 0.0010898477769902368 251.9656584050972
progress 1360 170906 0.0010898477769902368 270.57728411699645
progress 1440 180838 0.0010898477769902368 286.05130144406576
progress 1520 190797 0.0010898477769902368 304.5877296910621
progress 1600 200738 0.0010898477769902368 323.94329202908557
progress 1680 210665 0.0010898477769902368 338.2190994360717
progress 1760 220600 0.0010898477769902368 354.8702599880053
done 223566 0.0010898477769902368 360.55807092401665
