STAGE legacy_seed ALLOWANCE 5
seed case_e69f87bc6e6046eb98a7 1e-07 [(0, 0.8736931), (51, 0.7981766), (33, 0.7110052), (57, 0.4192822), (37, 0.3333049), (30, 0.3244542), (27, 0.227623), (93, 0.1942523), (34, 0.1530275), (29, 0.1273738), (32, 0.1200109), (35, 0.0882664), (31, 0.0877312), (28, 0.0580901), (25, 0.0578889)]
case_e69f87bc6e6046eb98a7 best 0.00024140576984217534 trace 4.724236935454255 support [0, 27, 29, 30, 33, 34, 37, 51, 57, 93]
seed case_e69f87bc6e6046eb98a7 1e-09 [(33, 0.8802819), (0, 0.8736931), (51, 0.7981776), (57, 0.4192828), (37, 0.3336784), (29, 0.301289), (93, 0.1942517), (28, 0.1780482), (27, 0.1160921), (31, 0.1040093), (30, 0.0878173), (34, 0.0870908), (35, 0.0809922), (84, 0.0603604), (22, 0.0534998)]
seed case_e69f87bc6e6046eb98a7 1e-05 [(0, 0.873693), (51, 0.7981774), (33, 0.639172), (57, 0.419282), (31, 0.3563412), (37, 0.3071546), (34, 0.223622), (93, 0.1942523), (32, 0.1447868), (29, 0.134197), (28, 0.1219734), (85, 0.104841), (26, 0.0798595), (30, 0.0477539), (48, 0.0466464)]
seed case_e69f87bc6e6046eb98a7 1e-11 [(0, 0.8736931), (72, 0.8391153), (51, 0.7981777), (57, 0.4192805), (37, 0.3335887), (30, 0.2682926), (85, 0.2269993), (93, 0.1942514), (28, 0.138113), (29, 0.1276836), (32, 0.113186), (34, 0.1048835), (35, 0.0901348), (21, 0.0859706), (84, 0.0682292)]
seed case_e69f87bc6e6046eb98a7 0.001 [(0, 0.8736911), (51, 0.7981752), (72, 0.5978465), (57, 0.4191978), (37, 0.275551), (31, 0.2689281), (30, 0.2396189), (32, 0.2170739), (93, 0.1942458), (34, 0.1727797), (24, 0.1058296), (26, 0.0917707), (25, 0.0638805), (29, 0.053483), (85, 0.0504388)]
seed case_e69f87bc6e6046eb98a7 1e-13 [(72, 0.9219157), (0, 0.8736931), (51, 0.7981777), (57, 0.4192779), (37, 0.3322495), (30, 0.2774404), (84, 0.2270198), (28, 0.2097851), (93, 0.1942514), (29, 0.1469241), (34, 0.0954148), (35, 0.0847258), (21, 0.0802945), (22, 0.0215315), (32, 0.0180447)]
seed case_e69f87bc6e6046eb98a7 1.0 [(0, 0.8735858), (51, 0.5996204), (31, 0.364967), (93, 0.2767071), (33, 0.2642433), (57, 0.2526639), (32, 0.2489423), (6, 0.2176108), (72, 0.187319), (29, 0.1766629), (30, 0.1595643), (34, 0.15262), (87, 0.1457412), (81, 0.1236617), (28, 0.093554)]
BEST case_e69f87bc6e6046eb98a7 0.00024140576984217534 trace 4.724236935454255 support [0, 27, 29, 30, 33, 34, 37, 51, 57, 93]
STAGE whitened_seed ALLOWANCE 45.0
BEST case_e69f87bc6e6046eb98a7 0.00024140576984217534 trace 4.724236935454255 support [0, 27, 29, 30, 33, 34, 37, 51, 57, 93]
SEED case_e69f87bc6e6046eb98a7 1e-07 [(0, 0.8736931312783509), (51, 0.7981776074141513), (72, 0.6571018251356036), (57, 0.4192828869507097), (85, 0.36693423248585866), (30, 0.3380068240142345), (37, 0.3337606060779504), (32, 0.2502532554862026), (93, 0.19425163585940833), (34, 0.163001816939724), (35, 0.09478429989801718), (21, 0.09287067931370048), (28, 0.05285403821576472), (29, 0.043055107495747515), (84, 0.04214247084146177), (22, 0.0020921598774975673)]
BEST case_e69f87bc6e6046eb98a7 0.00022484101736580802 trace 4.724241140058629 support [ 0 30 32 34 37 51 57 72 85 93]
SEED case_e69f87bc6e6046eb98a7 1e-09 [(0, 0.873693131276871), (51, 0.7981776093311832), (72, 0.6890822720384674), (57, 0.4192828790008295), (30, 0.35461044086462473), (37, 0.3337611637311571), (85, 0.32387614604543385), (32, 0.21633859928426952), (93, 0.19425163346377436), (34, 0.15522204855740016), (21, 0.0941078514187703), (35, 0.0939125571949273), (28, 0.08061943027884409), (84, 0.04451414855862785), (29, 0.030341884208095547), (26, 0.02035656734450922)]
SEED case_e69f87bc6e6046eb98a7 1e-11 [(72, 0.9913404249894789), (0, 0.8736931303754589), (51, 0.7981777347006902), (57, 0.41928031013727207), (37, 0.3323629495025709), (30, 0.24343024002923652), (84, 0.24318890146557848), (28, 0.20662447922579252), (93, 0.19425138384994908), (29, 0.1635710793477298), (35, 0.12357338542443984), (21, 0.08120840299518446), (32, 0.028107976408660938), (22, 0.02223829803577848), (54, 0.00184017393958956), (5, 0.0014185241354864428)]
SEED case_e69f87bc6e6046eb98a7 1e-05 [(0, 0.8736931312800483), (51, 0.7981776074537319), (72, 0.7134898678657785), (57, 0.41928288724694), (85, 0.3634740330659101), (37, 0.3337604185686571), (30, 0.312089275427491), (32, 0.2082293889852821), (93, 0.19425163583224367), (34, 0.12091965268830754), (35, 0.1092948428559033), (21, 0.09415188870760302), (28, 0.058407699467792736), (29, 0.05152110360007884), (84, 0.04239587996913529), (31, 0.02916313885429665)]
BEST case_e69f87bc6e6046eb98a7 0.00022484101219207947 trace 4.72424114005493 support [ 0 30 32 34 37 51 57 72 85 93]
SEED case_e69f87bc6e6046eb98a7 1e-13 [(72, 0.9923451027440904), (0, 0.873693130389964), (51, 0.7981776531292514), (57, 0.4192779876329633), (37, 0.33224171339394065), (30, 0.26856772225836545), (84, 0.23165536714421164), (28, 0.22267381806246891), (93, 0.1942513735117347), (29, 0.14606794804167153), (35, 0.11348412597394907), (21, 0.07978616207408734), (34, 0.02311054954513005), (22, 0.02260456240535947), (48, 0.0031029559085258393), (54, 0.001674204471250742)]
SEED case_e69f87bc6e6046eb98a7 1e-06 [(0, 0.8736931312792924), (51, 0.7981776074559359), (72, 0.6775563293312761), (57, 0.4192828870155456), (85, 0.3523192408635402), (30, 0.34066622445879985), (37, 0.33376048546030496), (32, 0.23923675849353818), (93, 0.19425163581538837), (34, 0.14710738876348176), (35, 0.10022230048306019), (21, 0.09366796914074374), (28, 0.05353492391399966), (84, 0.04298803484923255), (29, 0.04029966036269799), (27, 0.014582184121250154)]
SEED case_e69f87bc6e6046eb98a7 1e-08 [(0, 0.8736931312813558), (51, 0.7981776072737955), (72, 0.6700964375713655), (57, 0.4192828863123413), (85, 0.4028981454896061), (30, 0.3736573027728276), (37, 0.3337616045330319), (32, 0.2301889983567328), (93, 0.19425163594231687), (34, 0.16044861018070392), (21, 0.09487417810708997), (35, 0.09480240090159828), (28, 0.06300607537059191), (26, 0.007918492351571787), (84, 0.003590398094675018), (29, 0.001896583549731479)]
BEST case_e69f87bc6e6046eb98a7 0.00022484100578079372 trace 4.724241140049018 support [ 0 30 32 34 37 51 57 72 85 93]
SEED case_e69f87bc6e6046eb98a7 1e-10 [(0, 0.8736931311374303), (51, 0.7981776404258717), (72, 0.7932435056121749), (57, 0.41928250383511306), (37, 0.3337221898990942), (84, 0.26162644632612314), (30, 0.21403788743266186), (93, 0.19425158611858578), (29, 0.18456533737222502), (28, 0.17633642638746125), (32, 0.1560782260964038), (34, 0.13224522458073787), (35, 0.08152053158029102), (21, 0.08058753836944911), (22, 0.01946975433365256), (54, 0.004096745879782477)]
CONT 0.001 0.00997418986659856
CONT 0.0001 0.0664236736906508
BEST case_e69f87bc6e6046eb98a7 0.00022483050528317622 trace 4.724241228453824 support [ 0 30 32 34 37 51 57 72 85 93]
CONT 1e-05 0.3278190887843086
CONT 1e-06 1.5399949420130343
CONT 1e-07 2.318502406797736
CONT 1e-08 13.05036473093645
CONT 1e-09 23.803203441409647
BEST case_e69f87bc6e6046eb98a7 9.631852675188595e-05 trace 4.72437403255176 support [ 0 15 32 34 37 51 57 72 85 93]
BEST case_e69f87bc6e6046eb98a7 5.581320298458925e-05 trace 4.724305582586958 support [ 0 15 32 37 51 57 72 84 85 93]
BEST case_e69f87bc6e6046eb98a7 3.882848778706076e-05 trace 4.724314766776441 support [ 0 15 26 32 37 51 57 72 85 93]
BEST case_e69f87bc6e6046eb98a7 1.8794013394974793e-05 trace 4.724322850648374 support [ 0 15 25 26 32 37 51 57 72 93]
BEST case_e69f87bc6e6046eb98a7 1.7282867823041325e-05 trace 4.724325763503896 support [ 0 15 26 32 37 48 51 57 72 93]
BEST case_e69f87bc6e6046eb98a7 1.526138378324382e-05 trace 4.724327536235072 support [ 0 22 26 32 37 48 51 57 72 93]
BEST case_e69f87bc6e6046eb98a7 1.4700842415153275e-05 trace 4.724324226330284 support [ 0 26 32 37 48 51 57 72 84 93]
BEST case_e69f87bc6e6046eb98a7 1.4165696362404095e-05 trace 4.724325028348291 support [ 0 26 32 33 37 48 51 57 84 93]
BEST case_e69f87bc6e6046eb98a7 1.32011683145102e-05 trace 4.724325738342223 support [ 0 23 26 32 33 37 51 57 84 93]
BEST case_e69f87bc6e6046eb98a7 1.1428646884229881e-05 trace 4.724326824979414 support [ 0 24 26 32 33 37 51 57 84 93]
STAGE_ERROR whitened_seed StageTimeout stage allowance exhausted
BEST case_e69f87bc6e6046eb98a7 1.1428646884229881e-05 trace 4.724326824979414 support [0, 24, 26, 32, 33, 37, 51, 57, 84, 93]
STAGE discrete_improve ALLOWANCE 45.0
BEST case_e69f87bc6e6046eb98a7 1.1428646884229881e-05 trace 4.724326824979414 support [0, 24, 26, 32, 33, 37, 51, 57, 84, 93]
BEST case_e69f87bc6e6046eb98a7 1.0573554499182514e-05 trace 4.724326643161872 support [ 0 24 26 32 33 37 51 57 84 93]
CONT 0.001 0.0012671430374720236
CONT 0.0001 0.012587657978949894
CONT 1e-05 0.08397420627460786
CONT 1e-06 0.19039137149715113
CONT 1e-07 0.6991954459364514
CONT 1e-08 5.04764134595955
CONT 1e-09 5.792372842651118
STAGE_ERROR discrete_improve StageTimeout stage allowance exhausted
BEST case_e69f87bc6e6046eb98a7 1.0573554499182514e-05 trace 4.724326643161872 support [0, 24, 26, 32, 33, 37, 51, 57, 84, 93]
STAGE continuous ALLOWANCE 207.961777571938
BEST case_e69f87bc6e6046eb98a7 1.0573554499182514e-05 trace 4.724326643161872 support [ 0 24 26 32 33 37 51 57 84 93]
CONTINUOUS case_e69f87bc6e6046eb98a7 0 0.0001 4.343747583845925e-13 232 [(0, 1.511), (0, 4.381383), (0, 4.967006), (0, 5.292352), (0, 5.158046), (0, 3.330112), (4, 9.028663), (4, 7.439607), (0, 4.766366), (4, 8.16101)]
BEST case_e69f87bc6e6046eb98a7 1.7416623698807143e-13 trace 4.724326486050613 support [ 0 21 30 35 37 51 57 72 85 93]
BEST case_e69f87bc6e6046eb98a7 9.409831096974444e-16 trace 4.724326486050626 support [ 0 21 30 35 37 51 57 72 85 93]
BEST case_e69f87bc6e6046eb98a7 9.409831096974444e-16 trace 4.724326486050626 support [0, 21, 30, 35, 37, 51, 57, 72, 85, 93]
