active_count=512 filter_row=77
exact weight=51 seconds=4.0331e-05
best score=0.755882 weight=51 syndrome=0 seconds=4.0331e-05
exact weight=49 seconds=3.13675
best score=0.760204 weight=49 syndrome=0 seconds=3.13675
progress seconds=10.118 iterations=15872 score=0.760204 exact=49
progress seconds=20.0418 iterations=33280 score=0.760204 exact=49
progress seconds=30.0614 iterations=50688 score=0.760204 exact=49
progress seconds=40.02 iterations=68608 score=0.760204 exact=49
progress seconds=50.1161 iterations=84224 score=0.760204 exact=49
progress seconds=60.0335 iterations=100096 score=0.760204 exact=49
progress seconds=70.137 iterations=116736 score=0.760204 exact=49
progress seconds=80.0666 iterations=131072 score=0.760204 exact=49
progress seconds=90.0581 iterations=146432 score=0.760204 exact=49
progress seconds=100.104 iterations=161024 score=0.760204 exact=49
progress seconds=110.153 iterations=173056 score=0.760204 exact=49
progress seconds=120.075 iterations=187136 score=0.760204 exact=49
progress seconds=130.127 iterations=202240 score=0.760204 exact=49
progress seconds=140.091 iterations=216832 score=0.760204 exact=49
progress seconds=150.15 iterations=231168 score=0.760204 exact=49
progress seconds=160.061 iterations=246016 score=0.760204 exact=49
progress seconds=170.064 iterations=259328 score=0.760204 exact=49
progress seconds=180.114 iterations=274432 score=0.760204 exact=49
progress seconds=190.125 iterations=289792 score=0.760204 exact=49
progress seconds=200.122 iterations=303616 score=0.760204 exact=49
progress seconds=210.078 iterations=318720 score=0.760204 exact=49
progress seconds=220.131 iterations=331776 score=0.760204 exact=49
progress seconds=230.208 iterations=344064 score=0.760204 exact=49
progress seconds=240.069 iterations=355840 score=0.760204 exact=49
progress seconds=250.125 iterations=368640 score=0.760204 exact=49
progress seconds=260.08 iterations=381696 score=0.760204 exact=49
progress seconds=270.025 iterations=395776 score=0.760204 exact=49
progress seconds=280.058 iterations=408576 score=0.760204 exact=49
progress seconds=290.13 iterations=422144 score=0.760204 exact=49
progress seconds=300.084 iterations=436224 score=0.760204 exact=49
progress seconds=310.008 iterations=446464 score=0.760204 exact=49
progress seconds=320.009 iterations=458240 score=0.760204 exact=49
progress seconds=330.147 iterations=472064 score=0.760204 exact=49
progress seconds=340.105 iterations=485376 score=0.760204 exact=49
progress seconds=350.014 iterations=498176 score=0.760204 exact=49
progress seconds=360.1 iterations=512000 score=0.760204 exact=49
progress seconds=370.13 iterations=525824 score=0.760204 exact=49
progress seconds=380.027 iterations=537856 score=0.760204 exact=49
progress seconds=390.054 iterations=551424 score=0.760204 exact=49
progress seconds=400.132 iterations=565248 score=0.760204 exact=49
progress seconds=410.047 iterations=578048 score=0.760204 exact=49
progress seconds=420.107 iterations=590592 score=0.760204 exact=49
progress seconds=430.086 iterations=602368 score=0.760204 exact=49
progress seconds=440.08 iterations=613632 score=0.760204 exact=49
progress seconds=450.179 iterations=622848 score=0.760204 exact=49
progress seconds=460.204 iterations=633088 score=0.760204 exact=49
progress seconds=470.169 iterations=643072 score=0.760204 exact=49
progress seconds=480.212 iterations=652800 score=0.760204 exact=49
progress seconds=490.042 iterations=663296 score=0.760204 exact=49
progress seconds=500.261 iterations=671488 score=0.760204 exact=49
progress seconds=510.424 iterations=681216 score=0.760204 exact=49
progress seconds=520.101 iterations=691712 score=0.760204 exact=49
progress seconds=530.13 iterations=703488 score=0.760204 exact=49
progress seconds=540.175 iterations=712960 score=0.760204 exact=49
progress seconds=550.041 iterations=722432 score=0.760204 exact=49
progress seconds=560.333 iterations=732416 score=0.760204 exact=49
progress seconds=570.58 iterations=740864 score=0.760204 exact=49
progress seconds=580.256 iterations=748800 score=0.760204 exact=49
progress seconds=590.36 iterations=758016 score=0.760204 exact=49
final iterations=767744 exact=49 score=0.760204
