active_count=512 filter_row=-1
exact weight=49 seconds=7.1061e-05
best score=0.760204 weight=49 syndrome=0 seconds=7.1061e-05
progress seconds=10.5675 iterations=4096 score=0.760204 exact=49
progress seconds=20.312 iterations=7424 score=0.760204 exact=49
progress seconds=30.049 iterations=11520 score=0.760204 exact=49
progress seconds=40.0214 iterations=16640 score=0.760204 exact=49
progress seconds=50.1889 iterations=21504 score=0.760204 exact=49
progress seconds=60.3382 iterations=26112 score=0.760204 exact=49
progress seconds=70.0316 iterations=30720 score=0.760204 exact=49
progress seconds=80.4371 iterations=35584 score=0.760204 exact=49
progress seconds=90.1772 iterations=40704 score=0.760204 exact=49
progress seconds=100.082 iterations=44544 score=0.760204 exact=49
progress seconds=110.106 iterations=50432 score=0.760204 exact=49
progress seconds=120.307 iterations=54784 score=0.760204 exact=49
progress seconds=130.172 iterations=59392 score=0.760204 exact=49
progress seconds=140.408 iterations=64512 score=0.760204 exact=49
progress seconds=150.019 iterations=69120 score=0.760204 exact=49
progress seconds=160.275 iterations=74496 score=0.760204 exact=49
progress seconds=170.101 iterations=79360 score=0.760204 exact=49
progress seconds=180.245 iterations=84736 score=0.760204 exact=49
progress seconds=190.064 iterations=89600 score=0.760204 exact=49
progress seconds=200.062 iterations=94208 score=0.760204 exact=49
progress seconds=210.401 iterations=99328 score=0.760204 exact=49
progress seconds=220.318 iterations=104448 score=0.760204 exact=49
progress seconds=230.484 iterations=108544 score=0.760204 exact=49
progress seconds=240.181 iterations=113408 score=0.760204 exact=49
progress seconds=250.578 iterations=118016 score=0.760204 exact=49
progress seconds=260.262 iterations=122112 score=0.760204 exact=49
progress seconds=270.106 iterations=126720 score=0.760204 exact=49
progress seconds=280.204 iterations=131328 score=0.760204 exact=49
progress seconds=290.413 iterations=135936 score=0.760204 exact=49
progress seconds=300 iterations=140544 score=0.760204 exact=49
progress seconds=310.066 iterations=144640 score=0.760204 exact=49
progress seconds=320.005 iterations=149248 score=0.760204 exact=49
progress seconds=330.106 iterations=153856 score=0.760204 exact=49
progress seconds=340.138 iterations=158464 score=0.760204 exact=49
progress seconds=350.39 iterations=163072 score=0.760204 exact=49
progress seconds=360.368 iterations=167680 score=0.760204 exact=49
progress seconds=370.416 iterations=172288 score=0.760204 exact=49
progress seconds=380.165 iterations=177664 score=0.760204 exact=49
progress seconds=390.425 iterations=182272 score=0.760204 exact=49
progress seconds=400.3 iterations=187392 score=0.760204 exact=49
progress seconds=410.303 iterations=192512 score=0.760204 exact=49
progress seconds=420.314 iterations=197632 score=0.760204 exact=49
progress seconds=430.031 iterations=202240 score=0.760204 exact=49
progress seconds=440.407 iterations=206848 score=0.760204 exact=49
progress seconds=450.361 iterations=211200 score=0.760204 exact=49
progress seconds=460.059 iterations=215552 score=0.760204 exact=49
progress seconds=470.293 iterations=220416 score=0.760204 exact=49
best score=0.76625 weight=40 syndrome=8 seconds=478.464
progress seconds=480.249 iterations=224768 score=0.76625 exact=49
progress seconds=490.054 iterations=228864 score=0.76625 exact=49
progress seconds=500.103 iterations=232960 score=0.76625 exact=49
progress seconds=510.108 iterations=237568 score=0.76625 exact=49
progress seconds=520.275 iterations=242432 score=0.76625 exact=49
progress seconds=530.376 iterations=247552 score=0.76625 exact=49
progress seconds=540.238 iterations=252416 score=0.76625 exact=49
progress seconds=550.644 iterations=256000 score=0.76625 exact=49
progress seconds=560.068 iterations=259840 score=0.76625 exact=49
progress seconds=570.435 iterations=264960 score=0.76625 exact=49
progress seconds=580.347 iterations=270336 score=0.76625 exact=49
progress seconds=590.367 iterations=275200 score=0.76625 exact=49
progress seconds=600.393 iterations=279296 score=0.76625 exact=49
progress seconds=610.095 iterations=283904 score=0.76625 exact=49
progress seconds=620.449 iterations=288256 score=0.76625 exact=49
progress seconds=630.394 iterations=292352 score=0.76625 exact=49
progress seconds=640.024 iterations=296192 score=0.76625 exact=49
progress seconds=650.788 iterations=299776 score=0.76625 exact=49
progress seconds=660.148 iterations=303616 score=0.76625 exact=49
progress seconds=670.023 iterations=306944 score=0.76625 exact=49
progress seconds=680.46 iterations=309760 score=0.76625 exact=49
progress seconds=690.556 iterations=312576 score=0.76625 exact=49
progress seconds=700.113 iterations=315648 score=0.76625 exact=49
progress seconds=710.066 iterations=320768 score=0.76625 exact=49
progress seconds=720.321 iterations=326400 score=0.76625 exact=49
progress seconds=730.231 iterations=331264 score=0.76625 exact=49
progress seconds=740.36 iterations=334592 score=0.76625 exact=49
progress seconds=750.472 iterations=338432 score=0.76625 exact=49
progress seconds=760.189 iterations=342784 score=0.76625 exact=49
progress seconds=770.136 iterations=347648 score=0.76625 exact=49
progress seconds=780.238 iterations=353024 score=0.76625 exact=49
progress seconds=790.632 iterations=358400 score=0.76625 exact=49
progress seconds=800.028 iterations=363008 score=0.76625 exact=49
progress seconds=810.224 iterations=368384 score=0.76625 exact=49
progress seconds=820.233 iterations=373504 score=0.76625 exact=49
progress seconds=830.34 iterations=378624 score=0.76625 exact=49
progress seconds=840.052 iterations=383488 score=0.76625 exact=49
progress seconds=850.289 iterations=387840 score=0.76625 exact=49
progress seconds=860.093 iterations=392704 score=0.76625 exact=49
progress seconds=870.313 iterations=398080 score=0.76625 exact=49
progress seconds=880.134 iterations=403456 score=0.76625 exact=49
progress seconds=890.39 iterations=408320 score=0.76625 exact=49
progress seconds=900.217 iterations=413184 score=0.76625 exact=49
progress seconds=910.33 iterations=418048 score=0.76625 exact=49
progress seconds=920.377 iterations=424192 score=0.76625 exact=49
progress seconds=930.083 iterations=430336 score=0.76625 exact=49
progress seconds=940.284 iterations=435968 score=0.76625 exact=49
progress seconds=950.392 iterations=442112 score=0.76625 exact=49
progress seconds=960.076 iterations=448000 score=0.76625 exact=49
progress seconds=970.171 iterations=454400 score=0.76625 exact=49
progress seconds=980.239 iterations=460288 score=0.76625 exact=49
progress seconds=990.218 iterations=466432 score=0.76625 exact=49
progress seconds=1000.17 iterations=472576 score=0.76625 exact=49
progress seconds=1010.07 iterations=478464 score=0.76625 exact=49
progress seconds=1020.26 iterations=484864 score=0.76625 exact=49
progress seconds=1030.09 iterations=490752 score=0.76625 exact=49
progress seconds=1040.26 iterations=496384 score=0.76625 exact=49
progress seconds=1050.19 iterations=502272 score=0.76625 exact=49
progress seconds=1060.03 iterations=508160 score=0.76625 exact=49
progress seconds=1070.29 iterations=515072 score=0.76625 exact=49
progress seconds=1080.37 iterations=521216 score=0.76625 exact=49
progress seconds=1090.28 iterations=527616 score=0.76625 exact=49
progress seconds=1100.02 iterations=534016 score=0.76625 exact=49
progress seconds=1110.14 iterations=540416 score=0.76625 exact=49
progress seconds=1120.14 iterations=546048 score=0.76625 exact=49
progress seconds=1130.13 iterations=551936 score=0.76625 exact=49
progress seconds=1140.08 iterations=557312 score=0.76625 exact=49
progress seconds=1150.03 iterations=562688 score=0.76625 exact=49
progress seconds=1160.32 iterations=569088 score=0.76625 exact=49
progress seconds=1170.23 iterations=574976 score=0.76625 exact=49
progress seconds=1180.13 iterations=580608 score=0.76625 exact=49
progress seconds=1190.28 iterations=587008 score=0.76625 exact=49
final iterations=593152 exact=49 score=0.76625
cpu_user=988.308 cpu_system=3.199 real=1200.633
