PRODUCT
symodd22 init 0.00806374999999998
0 0.14376588 0.19759002314879115 {'energy': 21.575291817867107, 'parity': -1.0, 'norm_after_canonicalization': 0.9999999999999998, 'max_bond': 4} True
1 1.3753940390000001 0.16515785452474005 {'energy': 21.542828453697243, 'parity': -1.0, 'norm_after_canonicalization': 0.999999999999998, 'max_bond': 12} True
2 2.8113485490000003 0.165131547679637 {'energy': 21.542802146852132, 'parity': -1.0, 'norm_after_canonicalization': 0.9999999999999994, 'max_bond': 12} True
3 4.061845508 0.16513154767878813 {'energy': 21.542802146851272, 'parity': -1.0, 'norm_after_canonicalization': 1.0, 'max_bond': 12} True
reflection False
refine 0 4.314726108 {'energy': 21.542802041719234, 'parity': -1.0, 'norm_after_canonicalization': 0.9999999999999997, 'max_bond': 12} True
refine 1 4.557161508 {'energy': 21.542801963831575, 'parity': -1.0, 'norm_after_canonicalization': 0.9999999999999984, 'max_bond': 12} True
refine 2 4.787108388 {'energy': 21.54280188476958, 'parity': -1.0, 'norm_after_canonicalization': 0.9999999999999998, 'max_bond': 12} True
refine 3 5.013523738 {'energy': 21.542801813797457, 'parity': -1.0, 'norm_after_canonicalization': 0.9999999999999963, 'max_bond': 12} True
refine 4 5.216916758 {'energy': 21.542801756290338, 'parity': -1.0, 'norm_after_canonicalization': 0.9999999999999999, 'max_bond': 12} True
refine 5 5.396163278 {'energy': 21.54280171258901, 'parity': -1.0, 'norm_after_canonicalization': 0.9999999999999979, 'max_bond': 12} True
refine 6 5.572528278 {'energy': 21.542801680717435, 'parity': -1.0, 'norm_after_canonicalization': 1.0000000000000016, 'max_bond': 12} True
refine 7 5.885189488 {'energy': 21.54280165819287, 'parity': -1.0, 'norm_after_canonicalization': 0.999999999999998, 'max_bond': 12} True
refine 8 6.210837827 {'energy': 21.542801642733767, 'parity': -1.0, 'norm_after_canonicalization': 0.9999999999999989, 'max_bond': 12} True
refine 9 6.538693297 {'energy': 21.542801632453052, 'parity': -1.0, 'norm_after_canonicalization': 0.9999999999999998, 'max_bond': 12} True
refine 10 6.8468538070000005 {'energy': 21.542801625854885, 'parity': -1.0, 'norm_after_canonicalization': 0.9999999999999986, 'max_bond': 12} True
refine 11 7.1500684770000005 {'energy': 21.54280162178093, 'parity': -1.0, 'norm_after_canonicalization': 1.0000000000000022, 'max_bond': 12} True
refine 12 7.452328487 {'energy': 21.542801619361114, 'parity': -1.0, 'norm_after_canonicalization': 1.000000000000001, 'max_bond': 12} True
refine 13 7.716760907 {'energy': 21.542801617973378, 'parity': -1.0, 'norm_after_canonicalization': 0.9999999999999998, 'max_bond': 12} True
refine 14 7.988421167 {'energy': 21.542801617200215, 'parity': -1.0, 'norm_after_canonicalization': 1.0000000000000016, 'max_bond': 12} True
refine 15 8.236800247 {'energy': 21.54280161677883, 'parity': -1.0, 'norm_after_canonicalization': 1.0, 'max_bond': 12} True
CAT
symodd22 init 0.06298078999999923
0 0.29560674999999925 0.19759002314879115 {'energy': 21.575291817867107, 'parity': -1.0, 'norm_after_canonicalization': 0.9999999999999998, 'max_bond': 4} True
1 2.2690083990000005 0.16515785452474005 {'energy': 21.542828453697243, 'parity': -1.0, 'norm_after_canonicalization': 0.999999999999998, 'max_bond': 12} True
2 3.913819148 0.165131547679637 {'energy': 21.542802146852132, 'parity': -1.0, 'norm_after_canonicalization': 0.9999999999999994, 'max_bond': 12} True
3 5.337504557999999 0.16513154767878813 {'energy': 21.542802146851272, 'parity': -1.0, 'norm_after_canonicalization': 1.0, 'max_bond': 12} True
reflection False
refine 0 5.589821568 {'energy': 21.542802041719234, 'parity': -1.0, 'norm_after_canonicalization': 0.9999999999999997, 'max_bond': 12} True
refine 1 5.845708967 {'energy': 21.542801963831575, 'parity': -1.0, 'norm_after_canonicalization': 0.9999999999999984, 'max_bond': 12} True
refine 2 6.183867917000001 {'energy': 21.54280188476958, 'parity': -1.0, 'norm_after_canonicalization': 0.9999999999999998, 'max_bond': 12} True
refine 3 6.516117967 {'energy': 21.542801813797457, 'parity': -1.0, 'norm_after_canonicalization': 0.9999999999999963, 'max_bond': 12} True
refine 4 6.864699056999999 {'energy': 21.542801756290338, 'parity': -1.0, 'norm_after_canonicalization': 0.9999999999999999, 'max_bond': 12} True
refine 5 7.207761887 {'energy': 21.54280171258901, 'parity': -1.0, 'norm_after_canonicalization': 0.9999999999999979, 'max_bond': 12} True
refine 6 7.536404377 {'energy': 21.542801680717435, 'parity': -1.0, 'norm_after_canonicalization': 1.0000000000000016, 'max_bond': 12} True
refine 7 7.800804156999998 {'energy': 21.54280165819287, 'parity': -1.0, 'norm_after_canonicalization': 0.999999999999998, 'max_bond': 12} True
refine 8 8.096681737 {'energy': 21.542801642733767, 'parity': -1.0, 'norm_after_canonicalization': 0.9999999999999989, 'max_bond': 12} True
refine 9 8.313569746999999 {'energy': 21.542801632453052, 'parity': -1.0, 'norm_after_canonicalization': 0.9999999999999998, 'max_bond': 12} True
refine 10 8.503665546 {'energy': 21.542801625854885, 'parity': -1.0, 'norm_after_canonicalization': 0.9999999999999986, 'max_bond': 12} True
refine 11 8.769917226 {'energy': 21.54280162178093, 'parity': -1.0, 'norm_after_canonicalization': 1.0000000000000022, 'max_bond': 12} True
refine 12 9.053647446 {'energy': 21.542801619361114, 'parity': -1.0, 'norm_after_canonicalization': 1.000000000000001, 'max_bond': 12} True
refine 13 9.328745225999999 {'energy': 21.542801617973378, 'parity': -1.0, 'norm_after_canonicalization': 0.9999999999999998, 'max_bond': 12} True
refine 14 9.591381676000001 {'energy': 21.542801617200215, 'parity': -1.0, 'norm_after_canonicalization': 1.0000000000000016, 'max_bond': 12} True
refine 15 9.853797405999998 {'energy': 21.54280161677883, 'parity': -1.0, 'norm_after_canonicalization': 1.0, 'max_bond': 12} True
PRODUCT
crit22cap6 init 0.013218219999998837
0 0.42875219999999814 -11.672042264835255 {'energy': 3.531191670890504, 'parity': 1.0, 'norm_after_canonicalization': 1.0000000000000004, 'max_bond': 4} True
1 1.3289839790000002 -11.688549492717243 {'energy': 3.5132782787395764, 'parity': 1.0, 'norm_after_canonicalization': 0.9999999999999997, 'max_bond': 6} True
2 2.0770695890000006 -11.68854943951317 {'energy': 3.5132783319998238, 'parity': 1.0, 'norm_after_canonicalization': 1.0000000000000004, 'max_bond': 6} True
3 2.8513862789999997 -11.688549439507845 {'energy': 3.5132783320051613, 'parity': 1.0, 'norm_after_canonicalization': 1.0000000000000013, 'max_bond': 6} True
reflection False
refine 0 3.1484473289999997 {'energy': 3.513264980520119, 'parity': 1.0, 'norm_after_canonicalization': 1.0000000000000002, 'max_bond': 6} True
refine 1 3.443326288999998 {'energy': 3.5132649545903267, 'parity': 1.0, 'norm_after_canonicalization': 0.9999999999999994, 'max_bond': 6} True
refine 2 3.7047574879999985 {'energy': 3.5132649544317265, 'parity': 1.0, 'norm_after_canonicalization': 0.9999999999999983, 'max_bond': 6} True
CAT
crit22cap6 init 0.06085144000000042
0 0.41328299999999984 -11.672644536304961 {'energy': 3.530582000655432, 'parity': 1.0, 'norm_after_canonicalization': 0.9999999999999998, 'max_bond': 4} True
1 1.1181867099999998 -11.688549499984717 {'energy': 3.513278271459474, 'parity': 1.0, 'norm_after_canonicalization': 0.9999999999999994, 'max_bond': 6} True
2 1.7764718100000003 -11.68854943951391 {'energy': 3.513278331999054, 'parity': 1.0, 'norm_after_canonicalization': 0.9999999999999981, 'max_bond': 6} True
3 2.4151438300000017 -11.688549439507774 {'energy': 3.5132783320051972, 'parity': 1.0, 'norm_after_canonicalization': 1.0, 'max_bond': 6} True
reflection False
refine 0 2.589247279000002 {'energy': 3.513264980520126, 'parity': 1.0, 'norm_after_canonicalization': 0.9999999999999991, 'max_bond': 6} True
refine 1 2.7697822090000024 {'energy': 3.5132649545903307, 'parity': 1.0, 'norm_after_canonicalization': 1.0000000000000007, 'max_bond': 6} True
refine 2 2.920821559 {'energy': 3.5132649544317287, 'parity': 1.0, 'norm_after_canonicalization': 0.9999999999999989, 'max_bond': 6} True
PRODUCT
critodd22cap6 init 0.009508030000002776
0 0.28798175000000015 -11.672130018003458 {'energy': 3.53109919829058, 'parity': -1.0, 'norm_after_canonicalization': 0.9999999999999999, 'max_bond': 4} True
1 0.8617248900000014 -11.68854949367968 {'energy': 3.513278277769396, 'parity': -1.0, 'norm_after_canonicalization': 0.9999999999999998, 'max_bond': 6} True
2 1.5617622900000008 -11.688549439513263 {'energy': 3.5132783319997203, 'parity': -1.0, 'norm_after_canonicalization': 0.9999999999999993, 'max_bond': 6} True
3 2.495278369000001 -11.688549439507835 {'energy': 3.5132783320051533, 'parity': -1.0, 'norm_after_canonicalization': 0.9999999999999979, 'max_bond': 6} True
reflection False
refine 0 2.784403009000002 {'energy': 3.5132649805201344, 'parity': -1.0, 'norm_after_canonicalization': 0.9999999999999993, 'max_bond': 6} True
refine 1 2.982612449000001 {'energy': 3.51326495459034, 'parity': -1.0, 'norm_after_canonicalization': 1.0000000000000002, 'max_bond': 6} True
refine 2 3.1281539289999998 {'energy': 3.5132649544317363, 'parity': -1.0, 'norm_after_canonicalization': 0.9999999999999993, 'max_bond': 6} True
CAT
critodd22cap6 init 0.03921954999999855
0 0.2820856099999993 -11.672644536304869 {'energy': 3.53058200065552, 'parity': -1.0, 'norm_after_canonicalization': 1.0000000000000004, 'max_bond': 4} True
1 0.8665385800000003 -11.68854949998471 {'energy': 3.513278271459495, 'parity': -1.0, 'norm_after_canonicalization': 1.0000000000000002, 'max_bond': 6} True
2 1.628535449000001 -11.6885494395139 {'energy': 3.5132783319990493, 'parity': -1.0, 'norm_after_canonicalization': 1.0000000000000004, 'max_bond': 6} True
3 2.4413909589999996 -11.688549439507849 {'energy': 3.5132783320051355, 'parity': -1.0, 'norm_after_canonicalization': 0.9999999999999999, 'max_bond': 6} True
reflection False
refine 0 2.676412699 {'energy': 3.5132649805201233, 'parity': -1.0, 'norm_after_canonicalization': 0.9999999999999989, 'max_bond': 6} True
refine 1 2.9081022589999996 {'energy': 3.513264954590351, 'parity': -1.0, 'norm_after_canonicalization': 1.0000000000000022, 'max_bond': 6} True
refine 2 3.1092319890000013 {'energy': 3.5132649544317354, 'parity': -1.0, 'norm_after_canonicalization': 0.9999999999999991, 'max_bond': 6} True
PRODUCT
deep6 init 0.010458260000000053
0 0.16805266000000074 -7.524517745354243 {'energy': -174.3320320197471, 'parity': -1.0, 'norm_after_canonicalization': 1.0000000000000009, 'max_bond': 4} True
1 0.3608233100000007 -7.524557704637438 {'energy': -174.33207201612763, 'parity': -1.0, 'norm_after_canonicalization': 0.9999999999999994, 'max_bond': 6} True
2 0.5493421400000003 -7.524557704399525 {'energy': -174.3320720158897, 'parity': -1.0, 'norm_after_canonicalization': 1.000000000000001, 'max_bond': 6} True
reflection False
refine 0 0.6455492700000036 {'energy': -174.33207204520014, 'parity': -1.0, 'norm_after_canonicalization': 0.9999999999999987, 'max_bond': 6} True
refine 1 0.7722704000000036 {'energy': -174.3320720452052, 'parity': -1.0, 'norm_after_canonicalization': 1.0000000000000013, 'max_bond': 6} True
CAT
deep6 init 0.026742810000001782
0 0.1681484200000014 -7.524517409005829 {'energy': -174.3320316833129, 'parity': -1.0, 'norm_after_canonicalization': 1.0000000000000004, 'max_bond': 4} True
1 0.3621763590000029 -7.524557704632725 {'energy': -174.33207201612308, 'parity': -1.0, 'norm_after_canonicalization': 0.999999999999999, 'max_bond': 6} True
2 0.5556966689999996 -7.524557704399523 {'energy': -174.33207201588962, 'parity': -1.0, 'norm_after_canonicalization': 0.9999999999999989, 'max_bond': 6} True
reflection False
refine 0 0.6426952189999966 {'energy': -174.33207204520005, 'parity': -1.0, 'norm_after_canonicalization': 0.9999999999999996, 'max_bond': 6} True
refine 1 0.7610831289999993 {'energy': -174.33207204520528, 'parity': -1.0, 'norm_after_canonicalization': 1.0000000000000018, 'max_bond': 6} True
PRODUCT
fieldcrit22 init 0.00952314000000598
0 0.51523684 -3.88749558988465 {'energy': 12.79965030522397, 'parity': 8.506821507074667e-05, 'norm_after_canonicalization': 1.0000000000000009, 'max_bond': 4} True
1 4.020935679000004 -3.889648239273768 {'energy': 12.797443556228144, 'parity': 0.00013261850188142537, 'norm_after_canonicalization': 1.0000000000000018, 'max_bond': 12} True
2 9.911729636000004 -3.889648223983274 {'energy': 12.797443571518748, 'parity': 0.00014132817455266158, 'norm_after_canonicalization': 1.0000000000000016, 'max_bond': 12} True
reflection True
refine 0 10.683244386000005 {'energy': 12.791245314789863, 'parity': 0.00011937638664211243, 'norm_after_canonicalization': 1.0000000000000036, 'max_bond': 12} True
refine 1 11.284478446000001 {'energy': 12.791245307744601, 'parity': 0.00011475350049765897, 'norm_after_canonicalization': 0.9999999999999988, 'max_bond': 12} True
refine 2 11.835613466000005 {'energy': 12.791245306399995, 'parity': 0.00011312239839625878, 'norm_after_canonicalization': 0.9999999999999982, 'max_bond': 12} True
refine 3 12.305932686000006 {'energy': 12.791245306120825, 'parity': 0.00011249236679937232, 'norm_after_canonicalization': 1.0000000000000016, 'max_bond': 12} True
CAT
fieldcrit22 init 0.07845980999999824
0 0.3832045589999993 -3.894802003134962 {'energy': 12.792341975416035, 'parity': 9.178636608685496e-06, 'norm_after_canonicalization': 1.0000000000000002, 'max_bond': 4} True
1 4.094171488000001 -3.8958464387025122 {'energy': 12.791245356799434, 'parity': 0.00012072596873700826, 'norm_after_canonicalization': 1.0, 'max_bond': 12} True
2 9.214478476000004 -3.8958464196248386 {'energy': 12.791245375877114, 'parity': 0.0001333666732800464, 'norm_after_canonicalization': 0.9999999999999996, 'max_bond': 12} True
reflection False
refine 0 9.800757535999999 {'energy': 12.79124531457954, 'parity': 0.00011899199720967193, 'norm_after_canonicalization': 0.999999999999999, 'max_bond': 12} True
refine 1 10.327545936 {'energy': 12.79124530773317, 'parity': 0.00011464533466373403, 'norm_after_canonicalization': 1.0000000000000024, 'max_bond': 12} True
refine 2 10.851832975 {'energy': 12.791245306399098, 'parity': 0.00011308751175870887, 'norm_after_canonicalization': 0.9999999999999986, 'max_bond': 12} True
refine 3 11.425493475000003 {'energy': 12.791245306120548, 'parity': 0.00011248016232674748, 'norm_after_canonicalization': 1.0000000000000022, 'max_bond': 12} True
PRODUCT
reversed22 init 0.009379159999994613
0 0.6068339799999976 -134.89619860264585 {'energy': -127.08968177263013, 'parity': 1.5019023899743104e-69, 'norm_after_canonicalization': 0.9999999999999992, 'max_bond': 4} True
1 3.372332888999999 -134.89620541678906 {'energy': -127.08968888811218, 'parity': 1.3125410050625704e-65, 'norm_after_canonicalization': 0.9999999999999968, 'max_bond': 12} True
2 6.962968076999999 -134.89620541678883 {'energy': -127.08968888811228, 'parity': 1.3123360389226054e-65, 'norm_after_canonicalization': 1.0, 'max_bond': 12} True
reflection True
refine 0 7.759505947000001 {'energy': -127.52099336922993, 'parity': 1.3100963362101717e-65, 'norm_after_canonicalization': 1.0000000000000053, 'max_bond': 12} True
refine 1 8.144759087000004 {'energy': -127.5209933692308, 'parity': 1.3172338964910493e-65, 'norm_after_canonicalization': 0.9999999999999994, 'max_bond': 12} True
CAT
reversed22 init 0.054902139999995825
0 0.51557403999999 -135.327503083843 {'energy': -127.52098625299078, 'parity': 1.6091478579284205e-69, 'norm_after_canonicalization': 0.9999999999999993, 'max_bond': 4} True
1 3.4321777889999936 -135.32750989789562 {'energy': -127.52099336921856, 'parity': 1.3128910724343498e-65, 'norm_after_canonicalization': 1.0000000000000022, 'max_bond': 12} True
2 7.006225596999997 -135.32750989789528 {'energy': -127.52099336921862, 'parity': 1.3127248616956762e-65, 'norm_after_canonicalization': 1.0000000000000016, 'max_bond': 12} True
reflection False
refine 0 7.483886366999997 {'energy': -127.52099336923004, 'parity': 1.3075713962396788e-65, 'norm_after_canonicalization': 1.000000000000003, 'max_bond': 12} True
refine 1 7.809940947000001 {'energy': -127.52099336923102, 'parity': 1.3164333539483314e-65, 'norm_after_canonicalization': 0.9999999999999987, 'max_bond': 12} True
PRODUCT
islands22 init 0.009058009999989736
0 0.21923847999998713 -22.418648761779302 {'energy': -19.000809799335354, 'parity': 1.2854708030597605e-35, 'norm_after_canonicalization': 1.0000000000000018, 'max_bond': 4} True
1 1.1507118189999943 -22.418652461232906 {'energy': -19.000813499458545, 'parity': 2.3562218627713312e-34, 'norm_after_canonicalization': 0.9999999999999961, 'max_bond': 12} True
2 2.4203882989999954 -22.41865246123286 {'energy': -19.00081349945851, 'parity': 2.354622438629619e-34, 'norm_after_canonicalization': 0.9999999999999959, 'max_bond': 12} True
reflection False
refine 0 2.670916188999996 {'energy': -19.000813499458683, 'parity': 2.277839631473155e-34, 'norm_after_canonicalization': 0.9999999999999947, 'max_bond': 12} True
refine 1 2.8903596189999945 {'energy': -19.000813499458673, 'parity': 2.2964614750515905e-34, 'norm_after_canonicalization': 0.9999999999999992, 'max_bond': 12} True
CAT
islands22 init 0.07034983999999156
0 0.3140189199999952 -22.28707569231233 {'energy': -18.869236729846623, 'parity': 1.6434756583485284e-35, 'norm_after_canonicalization': 1.0000000000000007, 'max_bond': 4} True
1 1.5029895489999916 -22.287079400195577 {'energy': -18.869240438421365, 'parity': 3.078155374415033e-34, 'norm_after_canonicalization': 0.9999999999999907, 'max_bond': 12} True
2 2.719897498999998 -22.287079400195616 {'energy': -18.869240438421322, 'parity': 3.074967902622129e-34, 'norm_after_canonicalization': 0.9999999999999912, 'max_bond': 12} True
reflection False
refine 0 2.951226298999998 {'energy': -18.86924043842144, 'parity': 2.971496416033119e-34, 'norm_after_canonicalization': 0.999999999999996, 'max_bond': 12} True
refine 1 3.1712797589999866 {'energy': -18.869240438421464, 'parity': 2.9958753398882734e-34, 'norm_after_canonicalization': 0.999999999999997, 'max_bond': 12} True
PRODUCT
hotbasis22 init 0.009080220000001304
0 0.18600804900000867 -0.84984126008318 {'energy': 20.70756053090009, 'parity': 1.0, 'norm_after_canonicalization': 0.9999999999999999, 'max_bond': 4} True
1 0.9864008190000106 -0.8501377587791672 {'energy': 20.707263661037473, 'parity': 1.0, 'norm_after_canonicalization': 1.0000000000000002, 'max_bond': 12} True
2 2.0722242289999997 -0.8501377587764993 {'energy': 20.70726366104021, 'parity': 1.0, 'norm_after_canonicalization': 1.000000000000001, 'max_bond': 12} True
reflection False
refine 0 2.3874846990000123 {'energy': 20.707263659326628, 'parity': 1.0, 'norm_after_canonicalization': 0.9999999999999982, 'max_bond': 12} True
refine 1 2.718309019000003 {'energy': 20.707263659243345, 'parity': 1.0, 'norm_after_canonicalization': 1.0000000000000038, 'max_bond': 12} True
CAT
hotbasis22 init 0.06025666999998691
0 0.26075268900000026 -0.84984126008318 {'energy': 20.70756053090009, 'parity': 1.0, 'norm_after_canonicalization': 0.9999999999999999, 'max_bond': 4} True
1 1.1295183389999863 -0.8501377587791672 {'energy': 20.707263661037473, 'parity': 1.0, 'norm_after_canonicalization': 1.0000000000000002, 'max_bond': 12} True
2 2.1934154989999968 -0.8501377587764993 {'energy': 20.70726366104021, 'parity': 1.0, 'norm_after_canonicalization': 1.000000000000001, 'max_bond': 12} True
reflection False
refine 0 2.493148728999998 {'energy': 20.707263659326628, 'parity': 1.0, 'norm_after_canonicalization': 0.9999999999999982, 'max_bond': 12} True
refine 1 2.742269348999997 {'energy': 20.707263659243345, 'parity': 1.0, 'norm_after_canonicalization': 1.0000000000000038, 'max_bond': 12} True
