CONFIG n 4096 checks 384 rank 379 pass 2 groups 0 initial_best 20
PROGRESS 0 0.0120318 rank 379
PROGRESS 10 0.0747413 rank 379
PROGRESS 20 0.12516 rank 379
PROGRESS 30 0.187173 rank 379
PROGRESS 40 0.241546 rank 379
PROGRESS 50 0.2926 rank 379
PROGRESS 60 0.350314 rank 379
PROGRESS 70 0.3995 rank 379
PROGRESS 80 0.448228 rank 379
PROGRESS 90 0.495373 rank 379
PROGRESS 100 0.55642 rank 379
PROGRESS 110 0.616007 rank 379
PROGRESS 120 0.679352 rank 379
PROGRESS 130 0.739375 rank 379
PROGRESS 140 0.807689 rank 379
PROGRESS 150 0.863768 rank 379
PROGRESS 160 0.918187 rank 379
PROGRESS 170 0.977187 rank 379
PROGRESS 180 1.03109 rank 379
PROGRESS 190 1.08753 rank 379
PROGRESS 200 1.14272 rank 379
PROGRESS 210 1.29147 rank 379
PROGRESS 220 1.39528 rank 379
PROGRESS 230 1.57771 rank 379
PROGRESS 240 1.6937 rank 379
PROGRESS 250 1.80335 rank 379
PROGRESS 260 2.01576 rank 379
PROGRESS 270 2.11729 rank 379
PROGRESS 280 2.1712 rank 379
PROGRESS 290 2.2411 rank 379
PROGRESS 300 2.2907 rank 379
PROGRESS 310 2.34371 rank 379
PROGRESS 320 2.39454 rank 379
PROGRESS 330 2.4365 rank 379
PROGRESS 340 2.52505 rank 379
PROGRESS 350 2.58562 rank 379
PROGRESS 360 2.64086 rank 379
PROGRESS 370 2.75117 rank 379
PROGRESS 380 2.84716 rank 379
PROGRESS 390 2.93072 rank 379
PROGRESS 400 3.0148 rank 379
PROGRESS 410 3.10026 rank 379
PROGRESS 420 3.18975 rank 379
PROGRESS 430 3.2488 rank 379
PROGRESS 440 3.31058 rank 379
PROGRESS 450 3.37123 rank 379
PROGRESS 460 3.42065 rank 379
PROGRESS 470 3.47096 rank 379
PROGRESS 480 3.52808 rank 379
PROGRESS 490 3.68033 rank 379
PROGRESS 500 3.74716 rank 379
PROGRESS 510 3.82656 rank 379
PROGRESS 520 3.94777 rank 379
PROGRESS 530 4.04579 rank 379
PROGRESS 540 4.15392 rank 379
PROGRESS 550 4.23488 rank 379
PROGRESS 560 4.31198 rank 379
PROGRESS 570 4.37702 rank 379
PROGRESS 580 4.45416 rank 379
PROGRESS 590 4.51081 rank 379
PROGRESS 600 4.55865 rank 379
PROGRESS 610 4.65445 rank 379
PROGRESS 620 4.80826 rank 379
PROGRESS 630 4.86588 rank 379
PROGRESS 640 4.92859 rank 379
PROGRESS 650 4.99638 rank 379
PROGRESS 660 5.08468 rank 379
PROGRESS 670 5.16534 rank 379
PROGRESS 680 5.22945 rank 379
PROGRESS 690 5.28741 rank 379
PROGRESS 700 5.38823 rank 379
PROGRESS 710 5.46108 rank 379
PROGRESS 720 5.5335 rank 379
PROGRESS 730 5.61272 rank 379
PROGRESS 740 5.6785 rank 379
PROGRESS 750 5.73849 rank 379
PROGRESS 760 5.80506 rank 379
PROGRESS 770 5.86842 rank 379
PROGRESS 780 5.94665 rank 379
PROGRESS 790 6.03254 rank 379
PROGRESS 800 6.09584 rank 379
PROGRESS 810 6.16076 rank 379
PROGRESS 820 6.22148 rank 379
PROGRESS 830 6.26921 rank 379
PROGRESS 840 6.33063 rank 379
PROGRESS 850 6.44149 rank 379
PROGRESS 860 6.51625 rank 379
PROGRESS 870 6.57227 rank 379
PROGRESS 880 6.63399 rank 379
PROGRESS 890 6.7021 rank 379
PROGRESS 900 6.77932 rank 379
PROGRESS 910 6.84053 rank 379
PROGRESS 920 6.91599 rank 379
PROGRESS 930 6.96332 rank 379
PROGRESS 940 7.00965 rank 379
PROGRESS 950 7.06019 rank 379
PROGRESS 960 7.1241 rank 379
PROGRESS 970 7.32388 rank 379
PROGRESS 980 7.37222 rank 379
PROGRESS 990 7.42232 rank 379
PROGRESS 1000 7.47992 rank 379
PROGRESS 1010 7.5373 rank 379
PROGRESS 1020 7.60677 rank 379
PROGRESS 1030 7.70328 rank 379
PROGRESS 1040 7.80082 rank 379
PROGRESS 1050 7.88398 rank 379
PROGRESS 1060 7.94997 rank 379
PROGRESS 1070 8.01903 rank 379
PROGRESS 1080 8.10282 rank 379
PROGRESS 1090 8.19147 rank 379
PROGRESS 1100 8.26673 rank 379
PROGRESS 1110 8.33149 rank 379
PROGRESS 1120 8.39195 rank 379
PROGRESS 1130 8.45281 rank 379
PROGRESS 1140 8.5152 rank 379
PROGRESS 1150 8.57463 rank 379
PROGRESS 1160 8.63537 rank 379
PROGRESS 1170 8.69195 rank 379
PROGRESS 1180 8.75149 rank 379
PROGRESS 1190 8.82472 rank 379
PROGRESS 1200 8.90022 rank 379
PROGRESS 1210 8.96586 rank 379
PROGRESS 1220 9.03448 rank 379
PROGRESS 1230 9.11414 rank 379
PROGRESS 1240 9.1884 rank 379
PROGRESS 1250 9.25987 rank 379
PROGRESS 1260 9.3315 rank 379
PROGRESS 1270 9.40629 rank 379
PROGRESS 1280 9.46998 rank 379
PROGRESS 1290 9.55245 rank 379
PROGRESS 1300 9.61605 rank 379
PROGRESS 1310 9.68306 rank 379
PROGRESS 1320 9.75051 rank 379
PROGRESS 1330 9.82407 rank 379
PROGRESS 1340 9.89772 rank 379
PROGRESS 1350 9.97344 rank 379
PROGRESS 1360 10.0366 rank 379
PROGRESS 1370 10.1132 rank 379
PROGRESS 1380 10.1731 rank 379
PROGRESS 1390 10.2314 rank 379
PROGRESS 1400 10.2921 rank 379
PROGRESS 1410 10.3472 rank 379
PROGRESS 1420 10.4084 rank 379
PROGRESS 1430 10.4717 rank 379
PROGRESS 1440 10.5257 rank 379
PROGRESS 1450 10.5874 rank 379
PROGRESS 1460 10.6562 rank 379
PROGRESS 1470 10.7277 rank 379
PROGRESS 1480 10.7928 rank 379
PROGRESS 1490 10.8533 rank 379
PROGRESS 1500 10.9125 rank 379
PROGRESS 1510 10.9885 rank 379
PROGRESS 1520 11.0475 rank 379
PROGRESS 1530 11.0996 rank 379
PROGRESS 1540 11.1504 rank 379
PROGRESS 1550 11.2151 rank 379
PROGRESS 1560 11.2632 rank 379
PROGRESS 1570 11.3137 rank 379
PROGRESS 1580 11.3677 rank 379
PROGRESS 1590 11.4257 rank 379
PROGRESS 1600 11.4831 rank 379
PROGRESS 1610 11.5571 rank 379
PROGRESS 1620 11.7212 rank 379
PROGRESS 1630 11.7873 rank 379
PROGRESS 1640 11.8521 rank 379
PROGRESS 1650 11.9042 rank 379
PROGRESS 1660 12.0045 rank 379
PROGRESS 1670 12.0593 rank 379
PROGRESS 1680 12.1094 rank 379
PROGRESS 1690 12.1599 rank 379
PROGRESS 1700 12.211 rank 379
PROGRESS 1710 12.2679 rank 379
PROGRESS 1720 12.3242 rank 379
PROGRESS 1730 12.3806 rank 379
PROGRESS 1740 12.4313 rank 379
PROGRESS 1750 12.4862 rank 379
PROGRESS 1760 12.5422 rank 379
PROGRESS 1770 12.5925 rank 379
PROGRESS 1780 12.6503 rank 379
PROGRESS 1790 12.7048 rank 379
PROGRESS 1800 12.7555 rank 379
PROGRESS 1810 12.8044 rank 379
PROGRESS 1820 12.8485 rank 379
PROGRESS 1830 12.9019 rank 379
PROGRESS 1840 12.9727 rank 379
PROGRESS 1850 13.019 rank 379
PROGRESS 1860 13.0634 rank 379
PROGRESS 1870 13.162 rank 379
PROGRESS 1880 13.262 rank 379
PROGRESS 1890 13.3493 rank 379
PROGRESS 1900 13.4169 rank 379
PROGRESS 1910 13.4825 rank 379
PROGRESS 1920 13.546 rank 379
PROGRESS 1930 13.7349 rank 379
PROGRESS 1940 13.8216 rank 379
PROGRESS 1950 13.9092 rank 379
PROGRESS 1960 14.0736 rank 379
PROGRESS 1970 14.2014 rank 379
PROGRESS 1980 14.3861 rank 379
PROGRESS 1990 14.4431 rank 379
PROGRESS 2000 14.5135 rank 379
PROGRESS 2010 14.5731 rank 379
PROGRESS 2020 14.6441 rank 379
PROGRESS 2030 14.6932 rank 379
PROGRESS 2040 14.7659 rank 379
PROGRESS 2050 14.8288 rank 379
PROGRESS 2060 14.89 rank 379
PROGRESS 2070 14.9528 rank 379
PROGRESS 2080 15.0317 rank 379
PROGRESS 2090 15.0775 rank 379
PROGRESS 2100 15.1244 rank 379
PROGRESS 2110 15.1696 rank 379
PROGRESS 2120 15.2227 rank 379
PROGRESS 2130 15.2778 rank 379
PROGRESS 2140 15.3336 rank 379
PROGRESS 2150 15.3838 rank 379
PROGRESS 2160 15.4369 rank 379
PROGRESS 2170 15.4873 rank 379
PROGRESS 2180 15.5333 rank 379
PROGRESS 2190 15.5821 rank 379
PROGRESS 2200 15.6365 rank 379
PROGRESS 2210 15.6856 rank 379
PROGRESS 2220 15.7409 rank 379
PROGRESS 2230 15.7907 rank 379
PROGRESS 2240 15.8474 rank 379
PROGRESS 2250 15.9003 rank 379
PROGRESS 2260 15.9594 rank 379
PROGRESS 2270 16.0504 rank 379
PROGRESS 2280 16.1125 rank 379
PROGRESS 2290 16.1739 rank 379
PROGRESS 2300 16.2569 rank 379
PROGRESS 2310 16.303 rank 379
PROGRESS 2320 16.3607 rank 379
PROGRESS 2330 16.4263 rank 379
PROGRESS 2340 16.4841 rank 379
PROGRESS 2350 16.5505 rank 379
PROGRESS 2360 16.6135 rank 379
PROGRESS 2370 16.6896 rank 379
PROGRESS 2380 16.7599 rank 379
PROGRESS 2390 16.8192 rank 379
PROGRESS 2400 16.8761 rank 379
PROGRESS 2410 16.9278 rank 379
PROGRESS 2420 16.9839 rank 379
PROGRESS 2430 17.0404 rank 379
PROGRESS 2440 17.1002 rank 379
PROGRESS 2450 17.1862 rank 379
PROGRESS 2460 17.2595 rank 379
PROGRESS 2470 17.342 rank 379
PROGRESS 2480 17.4055 rank 379
PROGRESS 2490 17.4647 rank 379
PROGRESS 2500 17.5285 rank 379
PROGRESS 2510 17.7031 rank 379
PROGRESS 2520 17.798 rank 379
PROGRESS 2530 17.9394 rank 379
PROGRESS 2540 18.0266 rank 379
PROGRESS 2550 18.0939 rank 379
PROGRESS 2560 18.1744 rank 379
PROGRESS 2570 18.2995 rank 379
PROGRESS 2580 18.4546 rank 379
PROGRESS 2590 18.4989 rank 379
PROGRESS 2600 18.5494 rank 379
PROGRESS 2610 18.5996 rank 379
PROGRESS 2620 18.6614 rank 379
PROGRESS 2630 18.7361 rank 379
PROGRESS 2640 18.8026 rank 379
PROGRESS 2650 18.901 rank 379
PROGRESS 2660 18.9773 rank 379
PROGRESS 2670 19.0438 rank 379
PROGRESS 2680 19.1939 rank 379
PROGRESS 2690 19.2748 rank 379
PROGRESS 2700 19.3447 rank 379
PROGRESS 2710 19.4125 rank 379
PROGRESS 2720 19.479 rank 379
PROGRESS 2730 19.5358 rank 379
PROGRESS 2740 19.5985 rank 379
PROGRESS 2750 19.6676 rank 379
PROGRESS 2760 19.7289 rank 379
PROGRESS 2770 19.7862 rank 379
PROGRESS 2780 19.8421 rank 379
PROGRESS 2790 19.9012 rank 379
PROGRESS 2800 19.9567 rank 379
PROGRESS 2810 20.0127 rank 379
PROGRESS 2820 20.0696 rank 379
PROGRESS 2830 20.1247 rank 379
PROGRESS 2840 20.1816 rank 379
PROGRESS 2850 20.242 rank 379
PROGRESS 2860 20.3 rank 379
PROGRESS 2870 20.3579 rank 379
PROGRESS 2880 20.4472 rank 379
PROGRESS 2890 20.5252 rank 379
PROGRESS 2900 20.6039 rank 379
PROGRESS 2910 20.6626 rank 379
PROGRESS 2920 20.7581 rank 379
PROGRESS 2930 20.8437 rank 379
PROGRESS 2940 20.8893 rank 379
PROGRESS 2950 20.9426 rank 379
PROGRESS 2960 20.9917 rank 379
PROGRESS 2970 21.0435 rank 379
PROGRESS 2980 21.0949 rank 379
PROGRESS 2990 21.1469 rank 379
PROGRESS 3000 21.1938 rank 379
PROGRESS 3010 21.2412 rank 379
PROGRESS 3020 21.2974 rank 379
PROGRESS 3030 21.3909 rank 379
PROGRESS 3040 21.5207 rank 379
PROGRESS 3050 21.5793 rank 379
PROGRESS 3060 21.638 rank 379
PROGRESS 3070 21.6976 rank 379
PROGRESS 3080 21.8128 rank 379
PROGRESS 3090 21.8776 rank 379
PROGRESS 3100 21.9505 rank 379
PROGRESS 3110 22.0094 rank 379
PROGRESS 3120 22.0709 rank 379
PROGRESS 3130 22.125 rank 379
PROGRESS 3140 22.2064 rank 379
PROGRESS 3150 22.3063 rank 379
PROGRESS 3160 22.4041 rank 379
PROGRESS 3170 22.5049 rank 379
PROGRESS 3180 22.5932 rank 379
PROGRESS 3190 22.6678 rank 379
PROGRESS 3200 22.7217 rank 379
PROGRESS 3210 22.7793 rank 379
PROGRESS 3220 22.8279 rank 379
PROGRESS 3230 22.8774 rank 379
PROGRESS 3240 22.9322 rank 379
PROGRESS 3250 22.9832 rank 379
PROGRESS 3260 23.0388 rank 379
PROGRESS 3270 23.0901 rank 379
PROGRESS 3280 23.1665 rank 379
PROGRESS 3290 23.2215 rank 379
PROGRESS 3300 23.2984 rank 379
PROGRESS 3310 23.3734 rank 379
PROGRESS 3320 23.4341 rank 379
PROGRESS 3330 23.4838 rank 379
PROGRESS 3340 23.5371 rank 379
PROGRESS 3350 23.5881 rank 379
PROGRESS 3360 23.639 rank 379
PROGRESS 3370 23.6908 rank 379
PROGRESS 3380 23.7446 rank 379
PROGRESS 3390 23.8108 rank 379
PROGRESS 3400 23.8901 rank 379
PROGRESS 3410 24.0313 rank 379
PROGRESS 3420 24.1318 rank 379
PROGRESS 3430 24.1938 rank 379
PROGRESS 3440 24.2706 rank 379
PROGRESS 3450 24.336 rank 379
PROGRESS 3460 24.4304 rank 379
PROGRESS 3470 24.5013 rank 379
PROGRESS 3480 24.5857 rank 379
PROGRESS 3490 24.674 rank 379
PROGRESS 3500 24.7577 rank 379
PROGRESS 3510 24.8057 rank 379
PROGRESS 3520 24.8645 rank 379
PROGRESS 3530 24.92 rank 379
PROGRESS 3540 24.9885 rank 379
PROGRESS 3550 25.0583 rank 379
PROGRESS 3560 25.1231 rank 379
PROGRESS 3570 25.1874 rank 379
PROGRESS 3580 25.252 rank 379
PROGRESS 3590 25.3342 rank 379
PROGRESS 3600 25.4259 rank 379
PROGRESS 3610 25.5112 rank 379
PROGRESS 3620 25.582 rank 379
PROGRESS 3630 25.6527 rank 379
PROGRESS 3640 25.7479 rank 379
PROGRESS 3650 25.826 rank 379
PROGRESS 3660 25.8858 rank 379
PROGRESS 3670 25.9443 rank 379
PROGRESS 3680 26.0596 rank 379
PROGRESS 3690 26.1421 rank 379
PROGRESS 3700 26.217 rank 379
PROGRESS 3710 26.278 rank 379
PROGRESS 3720 26.3422 rank 379
PROGRESS 3730 26.4047 rank 379
PROGRESS 3740 26.4592 rank 379
PROGRESS 3750 26.5139 rank 379
PROGRESS 3760 26.5653 rank 379
PROGRESS 3770 26.6594 rank 379
PROGRESS 3780 26.7109 rank 379
PROGRESS 3790 26.7847 rank 379
PROGRESS 3800 26.8583 rank 379
PROGRESS 3810 26.9394 rank 379
PROGRESS 3820 27.0208 rank 379
PROGRESS 3830 27.0794 rank 379
PROGRESS 3840 27.1608 rank 379
PROGRESS 3850 27.2334 rank 379
PROGRESS 3860 27.3217 rank 379
PROGRESS 3870 27.3902 rank 379
PROGRESS 3880 27.4788 rank 379
PROGRESS 3890 27.5333 rank 379
PROGRESS 3900 27.588 rank 379
PROGRESS 3910 27.6552 rank 379
PROGRESS 3920 27.7452 rank 379
PROGRESS 3930 27.8325 rank 379
PROGRESS 3940 27.9082 rank 379
PROGRESS 3950 27.9711 rank 379
PROGRESS 3960 28.0496 rank 379
PROGRESS 3970 28.1453 rank 379
PROGRESS 3980 28.2081 rank 379
PROGRESS 3990 28.2871 rank 379
PROGRESS 4000 28.3572 rank 379
PROGRESS 4010 28.4255 rank 379
PROGRESS 4020 28.4914 rank 379
PROGRESS 4030 28.556 rank 379
PROGRESS 4040 28.6167 rank 379
PROGRESS 4050 28.6774 rank 379
PROGRESS 4060 28.7372 rank 379
PROGRESS 4070 28.8003 rank 379
PROGRESS 4080 28.8578 rank 379
PROGRESS 4090 28.9146 rank 379
PROGRESS 4100 28.9764 rank 379
PROGRESS 4110 29.0375 rank 379
PROGRESS 4120 29.0954 rank 379
PROGRESS 4130 29.1525 rank 379
PROGRESS 4140 29.2547 rank 379
PROGRESS 4150 29.3274 rank 379
PROGRESS 4160 29.4478 rank 379
PROGRESS 4170 29.507 rank 379
PROGRESS 4180 29.5711 rank 379
PROGRESS 4190 29.634 rank 379
PROGRESS 4200 29.699 rank 379
PROGRESS 4210 29.7609 rank 379
PROGRESS 4220 29.8219 rank 379
PROGRESS 4230 29.8869 rank 379
PROGRESS 4240 29.9386 rank 379
PROGRESS 4250 29.9868 rank 379
END trials 4254 elapsed 30.0017
