fit 10 5500.0 58 2.207839949
design 3.252511389
allocate [3585, 0, 0, 1594, 588, 1055, 0, 1627, 0, 1583, 1249, 1195, 0, 0, 0, 0, 0, 0, 0, 0, 0, 0, 0, 918, 0, 0, 0, 0, 0, 0, 0, 0, 0, 0, 0, 0, 0, 0, 0, 0, 0, 0, 0, 0, 814, 0, 0, 652, 0, 0, 0, 0, 928, 0, 0, 0, 0]
fit 10 21288.0 111 5.071307448
design 5.934069677
allocate [3439, 0, 1036, 2793, 1153, 2012, 0, 2353, 678, 2098, 1441, 1709, 0, 0, 0, 0, 0, 0, 0, 0, 0, 0, 0, 0, 0, 0, 0, 0, 0, 0, 0, 0, 0, 0, 0, 0, 0, 0, 0, 0, 0, 0, 0, 0, 0, 0, 0, 0, 0, 0, 0, 0, 0, 0, 0, 0, 0]
fit 10 40000.0 154 7.443004477
fit 12 40000.0 184 11.997742105
fit 14 40000.0 210 24.76075668
complete 25.842400249
{
  "episode": 5,
  "seed": 103,
  "random": true,
  "scores": {
    "boundary": 0.06771162642307638,
    "bulk": 0.06876080417736849,
    "hook": 0.07206800659152288,
    "rare": 0.04253685349099487
  },
  "cpu": 24.761753539000004,
  "shots": 40000,
  "queries": 53,
  "rss": 140784
}
