fit 10 4220.0 43 1.34184866
design 2.037347569
allocate [375, 0, 0, 2593, 0, 1997, 1939, 1429, 0, 2284, 932, 1296, 0, 0, 0, 0, 0, 0, 0, 1623, 0, 0, 0, 0, 0, 0, 0, 0, 0, 0, 0, 0, 1536, 0, 0, 0, 0, 0, 553, 0, 0]
fit 10 20777.0 75 2.636315439
design 3.392399649
allocate [0, 0, 0, 3851, 610, 2834, 1770, 2918, 0, 3236, 2114, 1637, 0, 0, 0, 0, 0, 0, 0, 0, 0, 0, 0, 0, 0, 0, 0, 253, 0, 0, 0, 0, 0, 0, 0, 0, 0, 0, 0, 0, 0]
fit 10 40000.0 112 4.120871848
fit 12 40000.0 132 5.571582358
fit 14 40000.0 144 8.477692497
complete 8.854281777
{
  "episode": 0,
  "seed": 8845222114536433291,
  "random": false,
  "scores": {
    "boundary": 0.04498210661896802,
    "bulk": 0.042821908113400205,
    "hook": 0.06557075829219924,
    "rare": 0.040307242561441206
  },
  "cpu": 7.879387007,
  "shots": 40000,
  "queries": 43,
  "rss": 94608
}
