fit 10 4220.0 40 1.052546289
design 1.428482339
allocate [4035, 0, 2193, 2822, 0, 4036, 0, 3971, 5629, 0, 5400, 483, 0, 0, 0, 0, 1556, 0, 0, 0, 0, 0, 0, 0, 1692, 0, 0, 1583, 0, 0, 0, 0, 0, 0, 0, 960, 0, 0, 0, 1420, 0]
fit 10 40000.0 89 2.419878739
fit 12 40000.0 122 4.033156258
complete 4.034997418
{
  "episode": 2,
  "seed": 5898176888440093154,
  "random": false,
  "scores": {
    "boundary": 0.06477418653171983,
    "bulk": 0.09269917179230637,
    "hook": 0.0549288366996316,
    "rare": 0.06590024846689693
  },
  "cpu": 3.3016944480000006,
  "shots": 40000,
  "queries": 40,
  "rss": 77504
}
