fit 10 5500.0 41 1.952622579
design 3.266611509
allocate [998, 0, 1648, 1707, 0, 3758, 0, 4153, 4610, 1296, 4412, 0, 0, 0, 0, 0, 1288, 0, 0, 1241, 0, 0, 0, 0, 1230, 0, 0, 1129, 0, 0, 0, 0, 0, 0, 0, 0, 1262, 0, 0, 0, 1184, 0, 0, 0, 1185, 0, 0, 0, 1202, 0, 0, 0, 1234, 0, 963, 0, 0]
fit 10 40000.0 82 5.205158838
fit 12 40000.0 114 9.311804416
complete 9.329245676
{
  "episode": 5,
  "seed": 104,
  "random": true,
  "scores": {
    "boundary": 0.05928373300378243,
    "bulk": 0.08333363983089073,
    "hook": 0.04803378807860096,
    "rare": 0.06915742641084607
  },
  "cpu": 8.325404936,
  "shots": 40000,
  "queries": 52,
  "rss": 106012
}
