fit 10 5500.0 41 1.68339472
design 2.330522419
allocate [0, 0, 0, 5370, 1260, 6453, 0, 5211, 0, 4908, 4836, 2514, 0, 0, 0, 0, 0, 0, 0, 0, 0, 0, 0, 0, 0, 0, 0, 0, 1519, 0, 0, 0, 0, 0, 0, 0, 0, 0, 0, 0, 0, 0, 0, 0, 1151, 0, 0, 0, 0, 0, 0, 0, 0, 0, 0, 0, 1278]
fit 10 40000.0 89 3.735734159
fit 12 40000.0 117 6.518325818
complete 6.523516408
{
  "episode": 3,
  "seed": 3110284544296674851,
  "random": false,
  "scores": {
    "boundary": 0.051893017102031216,
    "bulk": 0.06561788507231202,
    "hook": 0.06093500569730833,
    "rare": 0.03729903336307103
  },
  "cpu": 5.663030998,
  "shots": 40000,
  "queries": 46,
  "rss": 95096
}
