STAGE legacy_seed ALLOWANCE 5
seed joint_02 1e-07 [(7, 1.0063898), (0, 0.8660858), (40, 0.5632168), (52, 0.4506001), (8, 0.3284211), (83, 0.315594), (6, 0.3084068), (72, 0.2138577), (60, 0.2049987), (65, 0.2035734), (64, 0.2020326), (9, 0.1774457), (32, 0.1727602), (47, 0.1627425), (91, 0.1600053), (5, 0.1364855), (54, 0.1322298), (78, 0.1209027), (76, 0.1114031), (30, 0.1047126), (36, 0.1021538)]
joint_02 best 0.0002160266469968438 trace 8.084919638599679 support [0, 5, 6, 7, 8, 9, 32, 40, 47, 52, 60, 64, 65, 72, 83, 91]
seed joint_02 1e-09 [(7, 1.0063898), (0, 0.8660858), (40, 0.5632168), (52, 0.4506001), (8, 0.3284211), (83, 0.315594), (6, 0.3084068), (72, 0.2138577), (60, 0.2049987), (65, 0.2035734), (64, 0.2020326), (9, 0.1774457), (32, 0.1727602), (47, 0.1627425), (91, 0.1600053), (5, 0.1364855), (54, 0.1322298), (78, 0.1209027), (76, 0.1114031), (30, 0.1047126), (36, 0.1021538)]
seed joint_02 1e-05 [(40, 0.8881996), (0, 0.8660482), (7, 0.8404263), (52, 0.6994767), (6, 0.5106971), (8, 0.4260139), (83, 0.4070049), (54, 0.382847), (65, 0.3394115), (60, 0.3337591), (72, 0.233256), (21, 0.1679793), (31, 0.1490718), (33, 0.1081303), (36, 0.1026662), (23, 0.093503), (34, 0.0923052), (78, 0.0902077), (25, 0.0782256), (91, 0.0748015), (20, 0.0746146)]
joint_02 best 1.8100013628175038e-05 trace 8.083916416952729 support [0, 6, 7, 8, 21, 23, 31, 33, 36, 40, 52, 54, 60, 65, 72, 83]
seed joint_02 1e-11 [(7, 1.0063898), (0, 0.8660858), (40, 0.5632168), (52, 0.4506001), (8, 0.3284211), (83, 0.315594), (6, 0.3084068), (72, 0.2138577), (60, 0.2049987), (65, 0.2035734), (64, 0.2020326), (9, 0.1774457), (32, 0.1727602), (47, 0.1627425), (91, 0.1600053), (5, 0.1364855), (54, 0.1322298), (78, 0.1209027), (76, 0.1114031), (30, 0.1047126), (36, 0.1021538)]
seed joint_02 0.001 [(7, 1.2379918), (0, 0.8656416), (40, 0.7932601), (52, 0.6033825), (36, 0.3102638), (6, 0.309857), (83, 0.3013619), (47, 0.2154038), (54, 0.1822546), (65, 0.1821912), (72, 0.1808453), (9, 0.1567265), (22, 0.1500099), (10, 0.1138207), (34, 0.1068761), (91, 0.1059182), (5, 0.1022196), (21, 0.0967837), (35, 0.0948958), (33, 0.0879184), (11, 0.08704)]
seed joint_02 1e-13 [(7, 1.0063898), (0, 0.8660858), (40, 0.5632168), (52, 0.4506001), (8, 0.3284211), (83, 0.315594), (6, 0.3084068), (72, 0.2138577), (60, 0.2049987), (65, 0.2035734), (64, 0.2020326), (9, 0.1774457), (32, 0.1727602), (47, 0.1627425), (91, 0.1600053), (5, 0.1364855), (54, 0.1322298), (78, 0.1209027), (76, 0.1114031), (30, 0.1047126), (36, 0.1021538)]
seed joint_02 1.0 [(0, 0.8630604), (40, 0.5658265), (76, 0.371095), (47, 0.3147464), (88, 0.2655283), (6, 0.2550675), (83, 0.2522638), (60, 0.2339873), (7, 0.2206378), (52, 0.1971553), (5, 0.1920813), (8, 0.166492), (13, 0.1506243), (65, 0.1497375), (14, 0.1482385), (72, 0.1405552), (67, 0.1339577), (4, 0.1309181), (9, 0.1244659), (15, 0.1169284), (1, 0.112883)]
BEST joint_02 1.8100013628175038e-05 trace 8.083916416952729 support [0, 6, 7, 8, 21, 23, 31, 33, 36, 40, 52, 54, 60, 65, 72, 83]
STAGE whitened_seed ALLOWANCE 45.0
BEST joint_02 1.8100013628175038e-05 trace 8.083916416952729 support [0, 6, 7, 8, 21, 23, 31, 33, 36, 40, 52, 54, 60, 65, 72, 83]
SEED joint_02 1e-07 [(7, 2.41308576834839), (40, 0.8882453655293685), (0, 0.8661031912214077), (52, 0.6995063021331375), (54, 0.64167902014623), (23, 0.4748184614885757), (83, 0.40742318486518925), (26, 0.34028537784903795), (65, 0.3397351661365984), (42, 0.2652833751797885), (78, 0.2645653946691028), (33, 0.22413529508617985), (5, 0.1440349604406399), (17, 0.04544189155478133), (3, 0.044312202638116215), (61, 0.025176816187158602)]
SEED joint_02 1e-09 [(7, 2.41308576834839), (40, 0.8882453655293685), (0, 0.8661031912214077), (52, 0.6995063021331375), (54, 0.64167902014623), (23, 0.4748184614885757), (83, 0.40742318486518925), (26, 0.34028537784903795), (65, 0.3397351661365984), (42, 0.2652833751797885), (78, 0.2645653946691028), (33, 0.22413529508617985), (5, 0.1440349604406399), (17, 0.04544189155478133), (3, 0.044312202638116215), (61, 0.025176816187158602)]
SEED joint_02 1e-11 [(7, 2.41308576834839), (40, 0.8882453655293685), (0, 0.8661031912214077), (52, 0.6995063021331375), (54, 0.64167902014623), (23, 0.4748184614885757), (83, 0.40742318486518925), (26, 0.34028537784903795), (65, 0.3397351661365984), (42, 0.2652833751797885), (78, 0.2645653946691028), (33, 0.22413529508617985), (5, 0.1440349604406399), (17, 0.04544189155478133), (3, 0.044312202638116215), (61, 0.025176816187158602)]
SEED joint_02 1e-05 [(7, 1.7893453559551165), (40, 0.888244157897226), (0, 0.8661082027812967), (52, 0.6995050753530427), (6, 0.4943794569433345), (35, 0.47039488158865095), (83, 0.40742455869003935), (21, 0.3670852830205168), (26, 0.34028537779602114), (65, 0.33973588236579066), (54, 0.3086585799995774), (28, 0.2724798205945537), (42, 0.2652833751952687), (33, 0.22413529525796522), (9, 0.17506464031086502), (5, 0.14403496044292838)]
BEST joint_02 1.2464158120293705e-05 trace 8.084026259058735 support [ 0  6  7 21 26 28 35 40 42 47 52 54 64 65 83 89]
BEST joint_02 1.0520455153683236e-05 trace 8.084024225003471 support [ 0  6  7 21 26 28 35 40 42 47 52 54 64 65 83 89]
SEED joint_02 1e-13 [(7, 2.41308576834839), (40, 0.8882453655293685), (0, 0.8661031912214077), (52, 0.6995063021331375), (54, 0.64167902014623), (23, 0.4748184614885757), (83, 0.40742318486518925), (26, 0.34028537784903795), (65, 0.3397351661365984), (42, 0.2652833751797885), (78, 0.2645653946691028), (33, 0.22413529508617985), (5, 0.1440349604406399), (17, 0.04544189155478133), (3, 0.044312202638116215), (61, 0.025176816187158602)]
SEED joint_02 1e-06 [(7, 2.41308576834839), (40, 0.8882453655293685), (0, 0.8661031912214077), (52, 0.6995063021331375), (54, 0.64167902014623), (23, 0.4748184614885757), (83, 0.40742318486518925), (26, 0.34028537784903795), (65, 0.3397351661365984), (42, 0.2652833751797885), (78, 0.2645653946691028), (33, 0.22413529508617985), (5, 0.1440349604406399), (17, 0.04544189155478133), (3, 0.044312202638116215), (61, 0.025176816187158602)]
SEED joint_02 1e-08 [(7, 2.41308576834839), (40, 0.8882453655293685), (0, 0.8661031912214077), (52, 0.6995063021331375), (54, 0.64167902014623), (23, 0.4748184614885757), (83, 0.40742318486518925), (26, 0.34028537784903795), (65, 0.3397351661365984), (42, 0.2652833751797885), (78, 0.2645653946691028), (33, 0.22413529508617985), (5, 0.1440349604406399), (17, 0.04544189155478133), (3, 0.044312202638116215), (61, 0.025176816187158602)]
SEED joint_02 1e-10 [(7, 2.41308576834839), (40, 0.8882453655293685), (0, 0.8661031912214077), (52, 0.6995063021331375), (54, 0.64167902014623), (23, 0.4748184614885757), (83, 0.40742318486518925), (26, 0.34028537784903795), (65, 0.3397351661365984), (42, 0.2652833751797885), (78, 0.2645653946691028), (33, 0.22413529508617985), (5, 0.1440349604406399), (17, 0.04544189155478133), (3, 0.044312202638116215), (61, 0.025176816187158602)]
BEST joint_02 1.0347185797991248e-05 trace 8.084036181519329 support [ 0  6  7 21 26 28 35 40 42 47 52 54 64 65 83 89]
CONT 0.001 0.0019381760850889788
CONT 0.0001 0.018664221018710302
CONT 1e-05 0.12395191726182112
CONT 1e-06 0.4548383603250836
CONT 1e-07 0.49567926694710474
CONT 1e-08 0.584212589089297
CONT 1e-09 0.587376970024649
BEST joint_02 1.0099661423406311e-05 trace 8.084029971025378 support [ 0  6  7 21 26 28 35 40 42 47 52 54 65 70 83 89]
BEST joint_02 5.781159545687846e-06 trace 8.083988964699687 support [ 0  6  7 16 21 26 28 35 40 47 52 54 65 70 83 89]
BEST joint_02 5.646200336046718e-06 trace 8.0839936193228 support [ 0  6  7 16 21 28 35 40 47 52 54 65 70 79 83 89]
BEST joint_02 5.5254040124547155e-06 trace 8.083992707760661 support [ 0  6  7 16 20 21 28 35 40 47 52 54 65 70 83 89]
BEST joint_02 4.95489689033198e-06 trace 8.083993355981404 support [ 0  6  7 16 18 21 28 35 40 47 52 54 65 70 83 89]
BEST joint_02 4.471474805187198e-06 trace 8.083980145275712 support [ 0  6  7 14 16 20 28 35 40 47 52 54 65 70 83 89]
BEST joint_02 1.8814435256050053e-06 trace 8.083958316358295 support [ 0  6  7 14 20 28 33 35 40 47 52 54 65 70 83 89]
BEST joint_02 1.5634976457494047e-06 trace 8.083954618302235 support [ 0  6  7 14 20 28 33 34 40 47 52 54 65 70 83 89]
BEST joint_02 1.4801906958230213e-06 trace 8.08395565091979 support [ 0  6  7 14 20 28 33 34 40 47 52 54 70 83 89 95]
BEST joint_02 1.2240659816309396e-06 trace 8.083956156837903 support [ 0  6  7 14 20 28 33 34 40 47 52 61 70 83 89 95]
BEST joint_02 1.0988384825198298e-06 trace 8.083955167098809 support [ 0  6  7 14 20 28 33 34 40 47 52 61 64 83 89 95]
BEST joint_02 1.009602061003793e-06 trace 8.083955508562564 support [ 0  6  7 14 20 28 33 34 40 52 61 64 65 83 89 95]
BEST joint_02 1.0023662098956887e-06 trace 8.083955510530549 support [ 0  6  7 14 20 28 33 34 40 52 58 61 65 83 89 95]
BEST joint_02 9.199961751906368e-07 trace 8.08395551525582 support [ 0  6  7 14 20 28 33 34 40 52 61 65 70 83 89 95]
BEST joint_02 8.849866280543258e-07 trace 8.083955554194965 support [ 0  6  7 14 20 28 33 34 40 52 61 65 82 83 89 95]
BEST joint_02 6.918445022780034e-07 trace 8.083958272149399 support [ 0  6  7 12 20 28 33 34 40 52 61 65 82 83 89 95]
BEST joint_02 6.797387493614101e-07 trace 8.083958215313038 support [ 0  6  7 12 20 28 33 34 40 52 53 61 65 82 83 95]
BEST joint_02 6.707504243444697e-07 trace 8.08395868705095 support [ 0  6  7 12 20 28 33 34 40 47 52 61 65 82 83 95]
BEST joint_02 4.6849696949896187e-07 trace 8.083957794714621 support [ 0  6  7 12 20 28 33 40 47 52 54 61 65 82 83 95]
BEST joint_02 3.6148400971621386e-07 trace 8.08395766702293 support [ 0  6  7 12 20 28 33 40 47 52 54 61 65 82 83 89]
BEST joint_02 2.7691202747481825e-07 trace 8.083957391996904 support [ 0  6  7 12 20 28 33 40 47 52 54 61 65 70 83 89]
STAGE_ERROR whitened_seed StageTimeout stage allowance exhausted
BEST joint_02 2.7691202747481825e-07 trace 8.083957391996904 support [0, 6, 7, 12, 20, 28, 33, 40, 47, 52, 54, 61, 65, 70, 83, 89]
STAGE discrete_improve ALLOWANCE 45.0
BEST joint_02 2.7691202747481825e-07 trace 8.083957391996904 support [0, 6, 7, 12, 20, 28, 33, 40, 47, 52, 54, 61, 65, 70, 83, 89]
CONT 0.001 2.3546440736579893e-05
CONT 0.0001 0.00014149466154314452
CONT 1e-05 0.0008675651272728077
CONT 1e-06 0.008099159898695259
BEST joint_02 2.768940800719951e-07 trace 8.083957391926347 support [ 0  6  7 12 20 28 33 40 47 52 54 61 65 70 83 89]
CONT 1e-07 0.05276835610811631
CONT 1e-08 0.06990232221775154
CONT 1e-09 0.1407049314599703
BEST joint_02 2.4022718606020455e-07 trace 8.083957178181281 support [ 0  6  7 12 20 33 40 47 52 54 61 65 70 83 89 90]
STAGE_ERROR discrete_improve StageTimeout stage allowance exhausted
BEST joint_02 2.4022718606020455e-07 trace 8.083957178181281 support [0, 6, 7, 12, 20, 33, 40, 47, 52, 54, 61, 65, 70, 83, 89, 90]
STAGE continuous ALLOWANCE 207.0910040870076
BEST joint_02 2.4022718606020455e-07 trace 8.083957178181281 support [ 0  6  7 12 20 33 40 47 52 54 61 65 70 83 89 90]
CONTINUOUS joint_02 0 0.0001 2.1646675146165993e-05 1200 [(0, 1.511), (0, 3.417489), (0, 3.474975), (0, 3.74367), (0, 4.346079), (0, 5.146655), (6, 10.36465), (8, 10.69214), (6, 11.292762), (0, 5.374789), (0, 5.580497), (8, 10.354643), (6, 7.744071), (8, 11.40386), (8, 11.409162), (0, 4.711975)]
CONTINUOUS joint_02 0 1e-06 2.3056244831073815e-05 1200 [(0, 1.511), (0, 3.419048), (0, 3.474551), (0, 3.746969), (0, 4.349474), (0, 5.145162), (6, 10.364646), (8, 10.673715), (6, 11.292762), (0, 5.371301), (0, 5.58441), (8, 10.355816), (6, 7.756434), (8, 11.403354), (8, 11.39273), (0, 4.701756)]
CONTINUOUS joint_02 0 1e-08 7.119163803741656e-05 1200 [(0, 1.511), (0, 3.419552), (0, 3.474285), (0, 3.745874), (0, 4.347805), (0, 5.144985), (6, 10.364632), (8, 10.744935), (6, 11.292762), (0, 5.369909), (0, 5.585384), (8, 10.355603), (6, 7.860282), (8, 11.403588), (8, 11.373323), (0, 4.698628)]
CONTINUOUS joint_02 1 0.0001 9.301931239689006e-07 1200 [(0, 1.511), (0, 3.40598), (0, 3.48036), (0, 3.636532), (0, 4.338289), (0, 5.085081), (6, 10.364654), (8, 10.571892), (6, 11.292762), (0, 5.35042), (0, 5.50323), (8, 10.355761), (6, 7.57313), (8, 11.403251), (8, 12.563556), (0, 4.604552)]
CONTINUOUS joint_02 1 1e-06 4.219506280662506e-06 1200 [(0, 1.511), (0, 3.406736), (0, 3.480293), (0, 3.633848), (0, 4.337914), (0, 5.085145), (6, 10.36465), (8, 10.542894), (6, 11.292762), (0, 5.348885), (0, 5.503759), (8, 10.355824), (6, 7.531481), (8, 11.403268), (8, 12.571061), (0, 4.599922)]
CONTINUOUS joint_02 1 1e-08 8.446600581406157e-05 1200 [(0, 1.511), (0, 3.407018), (0, 3.480232), (0, 3.633251), (0, 4.337903), (0, 5.085292), (6, 10.364644), (8, 10.541336), (6, 11.292762), (0, 5.348778), (0, 5.503573), (8, 10.355721), (6, 7.721368), (8, 11.403102), (8, 12.481428), (0, 4.598799)]
CONTINUOUS joint_02 2 0.0001 7.329978434170146e-07 1200 [(0, 1.511), (0, 3.419709), (0, 3.476007), (0, 3.616955), (0, 4.296184), (0, 5.056735), (6, 10.364654), (8, 10.454742), (6, 11.292762), (0, 5.326276), (0, 5.487596), (8, 10.354815), (6, 7.535313), (8, 11.403244), (8, 12.485853), (0, 4.54947)]
CONTINUOUS joint_02 2 1e-06 3.504440554783865e-06 385 [(0, 1.511), (0, 3.415701), (0, 3.478835), (0, 3.615755), (0, 4.314271), (0, 5.064148), (6, 10.364654), (8, 10.383092), (6, 11.292762), (0, 5.329431), (0, 5.48156), (8, 10.355446), (6, 10.060724), (8, 11.403202), (8, 13.111287), (0, 4.546592)]
CONTINUOUS joint_02 2 1e-08 2.59348975369574e-06 1200 [(0, 1.511), (0, 3.412582), (0, 3.481078), (0, 3.594918), (0, 4.332899), (0, 5.08375), (6, 10.364666), (8, 10.385633), (6, 11.292762), (0, 5.32587), (0, 5.488408), (8, 10.35508), (6, 10.302412), (8, 11.403179), (8, 12.428733), (0, 4.521793)]
CONTINUOUS joint_02 3 0.0001 8.171811160057689e-06 1200 [(0, 1.511), (0, 3.84933), (0, 3.490397), (0, 3.423831), (0, 4.623305), (0, 4.942925), (6, 10.364669), (8, 10.447635), (6, 11.292762), (0, 5.355604), (0, 5.375303), (8, 10.354412), (6, 8.532854), (8, 11.404379), (8, 11.357123), (0, 4.395721)]
CONTINUOUS joint_02 3 1e-06 1.6069494225837947e-05 1200 [(0, 1.511), (0, 3.932247), (0, 3.487036), (0, 3.426786), (0, 4.660977), (0, 4.918997), (6, 10.364655), (8, 10.347169), (6, 11.292762), (0, 5.36107), (0, 5.410333), (8, 10.355896), (6, 9.667205), (8, 11.403299), (8, 11.399094), (0, 4.272498)]
CONTINUOUS joint_02 3 1e-08 3.3499159082794883e-06 1200 [(0, 1.511), (0, 4.021693), (0, 3.484134), (0, 3.431511), (0, 4.663061), (0, 4.878594), (6, 10.364703), (8, 10.341338), (6, 11.292762), (0, 5.351738), (0, 5.394149), (8, 10.355918), (6, 10.330955), (8, 11.403862), (8, 11.369683), (0, 4.203895)]
CONTINUOUS joint_02 4 0.0001 2.2540649017669763e-06 1200 [(0, 1.511), (0, 3.404072), (0, 3.481128), (0, 3.639527), (0, 4.331794), (0, 5.045585), (6, 10.364654), (8, 10.055881), (6, 11.292762), (0, 5.354832), (0, 5.462653), (8, 10.355848), (6, 7.631318), (8, 11.403234), (8, 13.032701), (0, 4.605324)]
CONTINUOUS joint_02 4 1e-06 9.423053879805868e-06 1200 [(0, 1.511), (0, 3.404507), (0, 3.481097), (0, 3.637963), (0, 4.332215), (0, 5.04578), (6, 10.364648), (8, 10.273393), (6, 11.292762), (0, 5.354147), (0, 5.462828), (8, 10.355856), (6, 7.611381), (8, 11.403269), (8, 13.055862), (0, 4.602645)]
CONTINUOUS joint_02 4 1e-08 0.00013128599572338588 1200 [(0, 1.511), (0, 3.405188), (0, 3.480983), (0, 3.636463), (0, 4.331433), (0, 5.045915), (6, 10.364642), (8, 10.24684), (6, 11.292762), (0, 5.353153), (0, 5.462913), (8, 10.355857), (6, 7.832406), (8, 11.403183), (8, 13.060296), (0, 4.59934)]
CONTINUOUS joint_02 5 0.0001 1.1527682479713493e-06 1200 [(0, 1.511), (0, 3.423019), (0, 3.466033), (0, 3.56925), (0, 4.272411), (0, 5.018644), (6, 10.364655), (8, 10.567608), (6, 11.292762), (0, 5.315568), (0, 5.459286), (8, 10.355364), (6, 7.634433), (8, 11.403111), (8, 12.030063), (0, 4.517743)]
CONTINUOUS joint_02 5 1e-06 2.702839578353859e-06 1200 [(0, 1.511), (0, 3.408147), (0, 3.476447), (0, 3.577902), (0, 4.29082), (0, 5.004164), (6, 10.3647), (8, 10.376765), (6, 11.292762), (0, 5.327206), (0, 5.435759), (8, 10.355377), (6, 10.350806), (8, 11.403201), (8, 13.111286), (0, 4.526023)]
CONTINUOUS joint_02 5 1e-08 2.0264625896770916e-06 1200 [(0, 1.511), (0, 3.403446), (0, 3.4796), (0, 3.558743), (0, 4.310002), (0, 5.022867), (6, 10.364713), (8, 10.381804), (6, 11.292762), (0, 5.323723), (0, 5.43881), (8, 10.354977), (6, 10.348755), (8, 11.403189), (8, 12.305519), (0, 4.500463)]
BEST joint_02 2.1748028281032283e-07 trace 8.083955726397887 support [ 0  6  7  8 20 23 36 40 41 52 54 59 64 65 83 85]
CONTINUOUS joint_02 6 0.0001 4.420371225166697e-06 1200 [(0, 1.511), (0, 3.416507), (0, 3.526192), (0, 3.469797), (0, 4.406172), (0, 4.380075), (6, 10.364655), (8, 10.341411), (6, 11.292762), (0, 5.082813), (0, 5.469376), (8, 10.376962), (6, 9.495462), (8, 11.403394), (8, 11.783994), (0, 5.298384)]
CONTINUOUS joint_02 6 1e-06 1.54775031245095e-06 1200 [(0, 1.511), (0, 3.380858), (0, 3.507983), (0, 3.481973), (0, 4.457338), (0, 4.333561), (6, 10.364671), (8, 10.347344), (6, 11.292762), (0, 5.042505), (0, 5.443411), (8, 10.367875), (6, 10.363183), (8, 11.403305), (8, 11.991006), (0, 5.316757)]
CONTINUOUS joint_02 6 1e-08 1.9266812025546506e-06 1200 [(0, 1.511), (0, 3.378022), (0, 3.508336), (0, 3.482239), (0, 4.461963), (0, 4.334154), (6, 10.364653), (8, 10.350027), (6, 11.292762), (0, 5.040509), (0, 5.44166), (8, 10.363956), (6, 10.364653), (8, 11.403309), (8, 11.312025), (0, 5.318513)]
CONTINUOUS joint_02 7 0.0001 1.501020665084945e-06 1200 [(0, 1.511), (0, 3.43168), (0, 3.474569), (0, 3.579097), (0, 4.301734), (0, 5.085648), (6, 10.364654), (8, 10.398069), (6, 11.292762), (0, 5.306405), (0, 5.513384), (8, 10.354515), (6, 7.755746), (8, 11.402994), (8, 12.369359), (0, 4.484749)]
CONTINUOUS joint_02 7 1e-06 3.3550012021321685e-06 875 [(0, 1.511), (0, 3.421556), (0, 3.481669), (0, 3.66022), (0, 4.320216), (0, 5.080186), (6, 10.364649), (8, 10.381711), (6, 11.292762), (0, 5.328709), (0, 5.496456), (8, 10.354834), (6, 10.773001), (8, 11.403111), (8, 12.211083), (0, 4.546694)]
CONTINUOUS joint_02 7 1e-08 3.3009328106089106e-06 78 [(0, 1.511), (0, 3.421444), (0, 3.481793), (0, 3.661775), (0, 4.322757), (0, 5.081245), (6, 10.364643), (8, 10.3779), (6, 11.292762), (0, 5.329143), (0, 5.49536), (8, 10.35498), (6, 10.542098), (8, 11.403147), (8, 12.368403), (0, 4.547713)]
CONTINUOUS joint_02 8 0.0001 1.4760655563568945e-06 1200 [(0, 1.511), (0, 3.430044), (0, 3.46929), (0, 3.582551), (0, 4.304924), (0, 5.097315), (6, 10.364654), (8, 10.326121), (6, 11.292762), (0, 5.310758), (0, 5.53095), (8, 10.357983), (6, 8.169526), (8, 11.403025), (8, 12.34444), (0, 4.513143)]
BEST joint_02 1.9387372818258086e-07 trace 8.083957547451673 support [ 0  6  7 20 23 32 35 40 41 52 59 61 65 72 82 83]
BEST joint_02 1.8932977565352024e-07 trace 8.083957405663686 support [ 0  6  7 20 23 32 35 40 41 52 59 61 65 72 82 83]
CONTINUOUS joint_02 8 1e-06 6.799095817559368e-06 312 [(0, 1.511), (0, 3.424619), (0, 3.474892), (0, 3.636823), (0, 4.312913), (0, 5.094637), (6, 10.364654), (8, 10.327604), (6, 11.292762), (0, 5.324054), (0, 5.520335), (8, 10.357752), (6, 8.006411), (8, 11.40295), (8, 11.758521), (0, 4.557602)]
CONTINUOUS joint_02 8 1e-08 5.4187621618499255e-06 177 [(0, 1.511), (0, 3.421814), (0, 3.477188), (0, 3.650313), (0, 4.317656), (0, 5.093036), (6, 10.364653), (8, 10.337659), (6, 11.292762), (0, 5.330581), (0, 5.518117), (8, 10.357026), (6, 7.926518), (8, 11.403056), (8, 11.677611), (0, 4.57357)]
CONTINUOUS joint_02 9 0.0001 5.22497445358373e-07 1200 [(0, 1.511), (0, 3.429068), (0, 3.485397), (0, 3.878119), (0, 4.286644), (0, 5.010508), (6, 10.364692), (8, 10.355571), (6, 11.292762), (0, 5.337691), (0, 5.443996), (8, 11.037634), (6, 10.363686), (8, 11.40369), (8, 11.403607), (0, 4.575869)]
CONTINUOUS joint_02 9 1e-06 2.5039973458595988e-06 1200 [(0, 1.511), (0, 3.42857), (0, 3.485859), (0, 3.85667), (0, 4.294219), (0, 5.00757), (6, 10.364838), (8, 10.355081), (6, 11.292762), (0, 5.335539), (0, 5.435894), (8, 10.390959), (6, 10.359899), (8, 11.406125), (8, 11.383518), (0, 4.558032)]
CONTINUOUS joint_02 9 1e-08 1.4082884707546575e-06 1200 [(0, 1.511), (0, 3.420402), (0, 3.486735), (0, 3.672235), (0, 4.322383), (0, 5.0273), (6, 10.3648), (8, 10.354653), (6, 11.292762), (0, 5.326076), (0, 5.436276), (8, 10.381632), (6, 10.360885), (8, 11.405382), (8, 11.388988), (0, 4.493571)]
CONTINUOUS joint_02 10 0.0001 1.0252133154457315e-06 1200 [(0, 1.511), (0, 3.432796), (0, 3.483561), (0, 3.814903), (0, 4.247952), (0, 4.972143), (6, 10.364655), (8, 10.355608), (6, 11.292762), (0, 5.314874), (0, 5.426666), (8, 11.147987), (6, 10.238689), (8, 11.400186), (8, 11.447578), (0, 4.503907)]
CONTINUOUS joint_02 10 1e-06 2.0973147548305113e-06 1200 [(0, 1.511), (0, 3.427721), (0, 3.485267), (0, 3.824826), (0, 4.265143), (0, 4.958789), (6, 10.364714), (8, 10.355137), (6, 11.292762), (0, 5.333931), (0, 5.411503), (8, 10.384527), (6, 10.349375), (8, 11.401523), (8, 11.428692), (0, 4.543232)]
CONTINUOUS joint_02 10 1e-08 8.676644447741129e-07 1200 [(0, 1.511), (0, 3.419365), (0, 3.486096), (0, 3.65957), (0, 4.277959), (0, 4.960941), (6, 10.364709), (8, 10.354986), (6, 11.292762), (0, 5.325438), (0, 5.405566), (8, 10.377094), (6, 10.353528), (8, 11.402171), (8, 11.41983), (0, 4.486848)]
CONTINUOUS joint_02 11 0.0001 7.442251735275703e-07 1200 [(0, 1.511), (0, 3.429431), (0, 3.484679), (0, 3.867783), (0, 4.244606), (0, 4.946694), (6, 10.364637), (8, 10.355529), (6, 11.292762), (0, 5.33328), (0, 5.411545), (8, 10.481303), (6, 10.365081), (8, 11.398084), (8, 11.422239), (0, 4.553964)]
CONTINUOUS joint_02 11 1e-06 1.3009094616360055e-06 1200 [(0, 1.511), (0, 3.425546), (0, 3.485566), (0, 3.770771), (0, 4.236961), (0, 4.919232), (6, 10.364493), (8, 10.355087), (6, 11.292762), (0, 5.330132), (0, 5.393179), (8, 10.376568), (6, 10.368578), (8, 11.400623), (8, 11.413103), (0, 4.509843)]
CONTINUOUS joint_02 11 1e-08 4.513344741459887e-07 1200 [(0, 1.511), (0, 3.413512), (0, 3.485586), (0, 3.607472), (0, 4.185073), (0, 4.87071), (6, 10.364552), (8, 10.355624), (6, 11.292762), (0, 5.322883), (0, 5.377083), (8, 10.360478), (6, 10.367135), (8, 11.403033), (8, 11.403912), (0, 4.469542)]
CONTINUOUS joint_02 12 0.0001 4.445085646787028e-07 1200 [(0, 1.511), (0, 3.416066), (0, 3.486749), (0, 3.598413), (0, 4.266228), (0, 4.955179), (6, 10.364654), (8, 10.348142), (6, 11.292762), (0, 5.31739), (0, 5.404097), (8, 10.365792), (6, 10.227898), (8, 11.403382), (8, 10.71282), (0, 4.457178)]
CONTINUOUS joint_02 12 1e-06 1.4155269815467979e-06 278 [(0, 1.511), (0, 3.414931), (0, 3.486944), (0, 3.61679), (0, 4.275034), (0, 4.955804), (6, 10.364662), (8, 10.351065), (6, 11.292762), (0, 5.322931), (0, 5.402404), (8, 10.36214), (6, 10.355728), (8, 11.403265), (8, 10.907293), (0, 4.470809)]
CONTINUOUS joint_02 12 1e-08 1.5648296777944593e-06 209 [(0, 1.511), (0, 3.414656), (0, 3.486997), (0, 3.616114), (0, 4.27576), (0, 4.954806), (6, 10.364663), (8, 10.352771), (6, 11.292762), (0, 5.323205), (0, 5.401727), (8, 10.359849), (6, 10.354566), (8, 11.403274), (8, 11.274358), (0, 4.471275)]
CONTINUOUS joint_02 13 0.0001 5.399946121735037e-07 1200 [(0, 1.511), (0, 3.421629), (0, 3.486907), (0, 3.646974), (0, 4.273628), (0, 4.964042), (6, 10.364654), (8, 10.363111), (6, 11.292762), (0, 5.317124), (0, 5.407521), (8, 10.343105), (6, 10.364655), (8, 11.403397), (8, 10.736913), (0, 4.458146)]
CONTINUOUS joint_02 13 1e-06 1.3966707782146578e-06 322 [(0, 1.511), (0, 3.420201), (0, 3.487179), (0, 3.672468), (0, 4.282185), (0, 4.964724), (6, 10.364701), (8, 10.360105), (6, 11.292762), (0, 5.324733), (0, 5.405663), (8, 10.348357), (6, 10.362042), (8, 11.403284), (8, 11.012632), (0, 4.477918)]
CONTINUOUS joint_02 13 1e-08 1.8020949722454137e-06 1200 [(0, 1.511), (0, 3.415697), (0, 3.487096), (0, 3.625137), (0, 4.270182), (0, 4.948267), (6, 10.36468), (8, 10.358196), (6, 11.292762), (0, 5.323422), (0, 5.399318), (8, 10.351652), (6, 10.363216), (8, 11.403298), (8, 11.362938), (0, 4.471286)]
CONTINUOUS joint_02 14 0.0001 3.18810142834112e-06 1200 [(0, 1.511), (0, 3.410362), (0, 3.487364), (0, 3.606797), (0, 4.264093), (0, 4.902968), (6, 10.364435), (8, 10.340707), (6, 11.292762), (0, 5.328998), (0, 5.380002), (8, 10.385848), (6, 10.423011), (8, 11.403622), (8, 10.904682), (0, 4.484963)]
CONTINUOUS joint_02 14 1e-06 1.0920714287763582e-06 372 [(0, 1.511), (0, 3.412079), (0, 3.48582), (0, 3.596444), (0, 4.234729), (0, 4.913481), (6, 10.364632), (8, 10.352695), (6, 11.292762), (0, 5.32255), (0, 5.389109), (8, 10.361572), (6, 10.371243), (8, 11.403289), (8, 11.265057), (0, 4.470346)]
CONTINUOUS joint_02 14 1e-08 7.636965015639595e-07 103 [(0, 1.511), (0, 3.411938), (0, 3.485881), (0, 3.596414), (0, 4.235783), (0, 4.912847), (6, 10.364623), (8, 10.353833), (6, 11.292762), (0, 5.322704), (0, 5.388639), (8, 10.359451), (6, 10.373865), (8, 11.403275), (8, 11.341354), (0, 4.470521)]
CONTINUOUS joint_02 15 0.0001 1.5733178064313901e-06 1200 [(0, 1.511), (0, 3.54138), (0, 3.448039), (0, 3.376349), (0, 4.687459), (0, 5.333048), (6, 10.364045), (8, 10.342341), (6, 11.292762), (0, 4.505882), (0, 5.349329), (8, 10.362122), (6, 10.376247), (8, 11.403317), (8, 10.41517), (0, 3.625667)]
CONTINUOUS joint_02 15 1e-06 2.1081495592701676e-06 1200 [(0, 1.511), (0, 3.597408), (0, 3.430929), (0, 3.407518), (0, 4.685822), (0, 5.328167), (6, 10.36417), (8, 10.351784), (6, 11.292762), (0, 4.480647), (0, 5.338455), (8, 10.357341), (6, 10.37356), (8, 11.403188), (8, 10.406795), (0, 3.595917)]
CONTINUOUS joint_02 15 1e-08 5.456494587059896e-07 942 [(0, 1.511), (0, 3.604823), (0, 3.422235), (0, 3.412831), (0, 4.686573), (0, 5.322676), (6, 10.364199), (8, 10.350122), (6, 11.292762), (0, 4.468227), (0, 5.33835), (8, 10.357762), (6, 10.373045), (8, 11.403229), (8, 10.43891), (0, 3.586734)]
CONTINUOUS joint_02 16 0.0001 4.2273359369938593e-07 1200 [(0, 1.511), (0, 3.427421), (0, 3.485039), (0, 3.693684), (0, 4.167491), (0, 4.875918), (6, 10.364657), (8, 10.364847), (6, 11.292762), (0, 5.312087), (0, 5.382489), (8, 10.339356), (6, 10.071714), (8, 11.403346), (8, 10.288752), (0, 4.449609)]
CONTINUOUS joint_02 16 1e-06 5.015577930946071e-07 1200 [(0, 1.511), (0, 3.421725), (0, 3.485206), (0, 3.696529), (0, 4.173124), (0, 4.864446), (6, 10.364686), (8, 10.357195), (6, 11.292762), (0, 5.326148), (0, 5.376103), (8, 10.353189), (6, 10.353697), (8, 11.403219), (8, 10.116643), (0, 4.484011)]
CONTINUOUS joint_02 16 1e-08 5.189888953256511e-07 166 [(0, 1.511), (0, 3.421308), (0, 3.485246), (0, 3.690777), (0, 4.171824), (0, 4.861982), (6, 10.364696), (8, 10.356348), (6, 11.292762), (0, 5.326061), (0, 5.375255), (8, 10.354752), (6, 10.350362), (8, 11.403212), (8, 9.973968), (0, 4.483197)]
CONTINUOUS joint_02 17 0.0001 1.8938608719228553e-06 1200 [(0, 1.511), (0, 3.436481), (0, 3.4841), (0, 3.656184), (0, 4.131031), (0, 4.876773), (6, 10.364659), (8, 10.345112), (6, 11.292762), (0, 5.295296), (0, 5.388101), (8, 10.376973), (6, 9.793961), (8, 11.403509), (8, 9.880211), (0, 4.404054)]
CONTINUOUS joint_02 17 1e-06 8.496244598606614e-07 1200 [(0, 1.511), (0, 3.4269), (0, 3.484999), (0, 3.81804), (0, 4.176099), (0, 4.867006), (6, 10.364741), (8, 10.35431), (6, 11.292762), (0, 5.331732), (0, 5.377871), (8, 10.358629), (6, 10.35398), (8, 11.40323), (8, 9.647727), (0, 4.513237)]
CONTINUOUS joint_02 17 1e-08 8.680767535153743e-07 46 [(0, 1.511), (0, 3.426808), (0, 3.485088), (0, 3.817652), (0, 4.177685), (0, 4.865949), (6, 10.364758), (8, 10.354478), (6, 11.292762), (0, 5.332141), (0, 5.377267), (8, 10.358285), (6, 10.351923), (8, 11.403224), (8, 9.647627), (0, 4.51416)]
CONTINUOUS joint_02 18 0.0001 1.980684026652e-06 1200 [(0, 1.511), (0, 3.435173), (0, 3.484778), (0, 4.066751), (0, 4.622827), (0, 5.005883), (6, 10.364654), (8, 10.355878), (6, 11.292762), (0, 5.310454), (0, 5.407378), (8, 11.101157), (6, 11.273158), (8, 11.403583), (8, 9.64747), (0, 4.386575)]
CONTINUOUS joint_02 18 1e-06 1.7367703056270223e-06 1200 [(0, 1.511), (0, 3.432155), (0, 3.485963), (0, 4.090357), (0, 4.657375), (0, 4.934989), (6, 10.364642), (8, 10.355974), (6, 11.292762), (0, 5.354163), (0, 5.395246), (8, 10.913021), (6, 10.786404), (8, 11.403344), (8, 9.647676), (0, 4.26591)]
CONTINUOUS joint_02 18 1e-08 2.271879750432922e-06 801 [(0, 1.511), (0, 3.429508), (0, 3.485196), (0, 3.929378), (0, 4.563518), (0, 4.890138), (6, 10.364649), (8, 10.355811), (6, 11.292762), (0, 5.340747), (0, 5.383672), (8, 10.397049), (6, 11.042972), (8, 11.403249), (8, 9.64747), (0, 4.216379)]
CONTINUOUS joint_02 19 0.0001 2.225976870720706e-06 1200 [(0, 1.511), (0, 3.430532), (0, 3.478358), (0, 3.515846), (0, 3.944013), (0, 4.776485), (6, 10.364666), (8, 10.367014), (6, 11.292762), (0, 5.297827), (0, 5.360754), (8, 10.345501), (6, 10.168614), (8, 11.403569), (8, 11.013266), (0, 4.407067)]
CONTINUOUS joint_02 19 1e-06 2.3099902700170683e-07 1200 [(0, 1.511), (0, 3.41625), (0, 3.470027), (0, 3.629472), (0, 3.771554), (0, 4.718604), (6, 10.364766), (8, 10.356197), (6, 11.292762), (0, 5.323718), (0, 5.344938), (8, 10.355387), (6, 10.353093), (8, 11.403189), (8, 11.400473), (0, 4.472366)]
CONTINUOUS joint_02 19 1e-08 3.4523206715059866e-07 368 [(0, 1.511), (0, 3.415921), (0, 3.468491), (0, 3.626294), (0, 3.754751), (0, 4.715428), (6, 10.364772), (8, 10.355829), (6, 11.292762), (0, 5.323526), (0, 5.344289), (8, 10.355725), (6, 10.352689), (8, 11.403189), (8, 11.400364), (0, 4.471681)]
BEST joint_02 1.8932977565352024e-07 trace 8.083957405663686 support [0, 6, 7, 20, 23, 32, 35, 40, 41, 52, 59, 61, 65, 72, 82, 83]
STAGE final_improve ALLOWANCE 63.76672331301961
BEST joint_02 1.8932977565352024e-07 trace 8.083957405663686 support [0, 6, 7, 20, 23, 32, 35, 40, 41, 52, 59, 61, 65, 72, 82, 83]
CONT 0.001 1.7548302827824525e-05
CONT 0.0001 7.943586736930661e-05
CONT 1e-05 0.000620942716120053
CONT 1e-06 0.005516914440697407
BEST joint_02 1.8489150178472674e-07 trace 8.083957369838618 support [ 0  6  7 20 23 32 35 40 41 52 59 61 65 72 82 83]
CONT 1e-07 0.041546784252970724
CONT 1e-08 0.05842941817109952
CONT 1e-09 0.07168927604784535
BEST joint_02 8.577247911922825e-08 trace 8.083956476355485 support [ 0  6  7 20 23 35 40 41 52 59 61 65 72 78 82 83]
BEST joint_02 8.357448321357394e-08 trace 8.083956468464073 support [ 0  6  7 20 23 35 40 52 59 61 65 72 77 78 82 83]
BEST joint_02 8.352985766032125e-08 trace 8.083956468376519 support [ 0  6  7 20 23 35 40 52 61 65 72 77 78 82 83 95]
BEST joint_02 8.322305090439445e-08 trace 8.08395646576687 support [ 0  6  7 20 23 35 40 52 53 61 65 72 78 82 83 95]
BEST joint_02 8.113070396054134e-08 trace 8.083956392020196 support [ 0  6  7 20 23 35 40 52 53 61 65 70 72 78 83 95]
BEST joint_02 7.678370971449708e-08 trace 8.0839560686563 support [ 0  6  7 20 24 35 40 46 52 53 61 65 72 78 83 95]
BEST joint_02 5.051509858559437e-08 trace 8.08395610478751 support [ 0  6  7 20 24 35 40 41 46 52 61 65 72 78 83 95]
BEST joint_02 5.019383233125415e-08 trace 8.083956113663435 support [ 0  6  7 20 24 35 40 41 46 47 52 61 65 72 78 83]
BEST joint_02 4.278232074161892e-08 trace 8.083955940371336 support [ 0  6  7 20 24 35 40 46 47 52 61 65 72 78 83 95]
BEST joint_02 3.453110089535194e-08 trace 8.083955785892186 support [ 0  6  7 20 24 35 40 47 52 61 65 72 76 78 83 95]
BEST joint_02 3.241935335925502e-08 trace 8.083955780913936 support [ 0  6  7 20 24 35 40 47 52 58 61 65 72 78 83 95]
BEST joint_02 3.097420972486553e-08 trace 8.083955774740668 support [ 0  6  7 20 24 35 40 47 52 61 65 72 78 83 88 95]
STAGE_ERROR final_improve StageTimeout stage allowance exhausted
