fit 10 4220.0 43 1.709128709
design 1.929044099
allocate [536, 0, 0, 2566, 0, 1891, 1961, 1360, 0, 2249, 938, 1321, 0, 0, 0, 0, 0, 0, 0, 1630, 0, 0, 0, 0, 0, 0, 0, 0, 0, 0, 0, 0, 1542, 0, 0, 0, 0, 0, 563, 0, 0]
fit 10 20777.0 83 2.504509219
design 2.778245119
allocate [0, 0, 0, 3848, 758, 2520, 652, 3391, 0, 3727, 2127, 2200, 0, 0, 0, 0, 0, 0, 0, 0, 0, 0, 0, 0, 0, 0, 0, 0, 0, 0, 0, 0, 0, 0, 0, 0, 0, 0, 0, 0, 0]
fit 10 40000.0 125 3.705470469
fit 12 40000.0 145 5.209021088
fit 14 40000.0 155 7.383335258
complete 7.659771628
{
  "episode": 0,
  "seed": 8845222114536433291,
  "random": false,
  "scores": {
    "boundary": 0.06809325967223293,
    "bulk": 0.0581769235091356,
    "hook": 0.06580421737926395,
    "rare": 0.048029286062851326
  },
  "cpu": 6.430917898000001,
  "shots": 40000,
  "queries": 42,
  "rss": 95764
}
