fit 10 4220.0 43 0.88530496
design 1.12181035
allocate [1324, 0, 0, 6340, 405, 4674, 4845, 3362, 0, 5557, 2317, 3265, 0, 0, 0, 0, 0, 0, 0, 1611, 0, 0, 0, 0, 0, 0, 0, 0, 0, 0, 0, 0, 1524, 0, 0, 0, 0, 0, 556, 0, 0]
fit 10 40000.0 80 1.77156411
complete 1.77245243
{
  "episode": 0,
  "seed": 8845222114536433291,
  "random": false,
  "scores": {
    "boundary": 0.05425304589080819,
    "bulk": 0.04969220680857888,
    "hook": 0.0611676344177344,
    "rare": 0.04282771822056807
  },
  "cpu": 1.2376086,
  "shots": 40000,
  "queries": 39,
  "rss": 67932
}
